[2026-06-17T09:51:41.258+0800][0.004s][info][gc] Using Parallel
[2026-06-17T09:51:41.259+0800][0.004s][info][gc,heap,coops] Heap address: 0x00000000fc000000, size: 64 MB, Compressed Oops mode: 32-bit
[2026-06-17T09:51:41.330+0800][0.076s][info][gc,start     ] GC(0) Pause Young (Allocation Failure)
[2026-06-17T09:51:41.333+0800][0.079s][info][gc,heap      ] GC(0) PSYoungGen: 16384K->2554K(18944K)
[2026-06-17T09:51:41.333+0800][0.079s][info][gc,heap      ] GC(0) ParOldGen: 0K->3154K(44032K)
[2026-06-17T09:51:41.333+0800][0.079s][info][gc,metaspace ] GC(0) Metaspace: 3135K(4864K)->3135K(4864K) NonClass: 2831K(4352K)->2831K(4352K) Class: 303K(512K)->303K(512K)
[2026-06-17T09:51:41.333+0800][0.079s][info][gc           ] GC(0) Pause Young (Allocation Failure) 16M->5M(61M) 2.986ms
[2026-06-17T09:51:41.334+0800][0.080s][info][gc,cpu       ] GC(0) User=0.01s Sys=0.00s Real=0.01s
[2026-06-17T09:51:41.367+0800][0.113s][info][gc,start     ] GC(1) Pause Young (Allocation Failure)
[2026-06-17T09:51:41.368+0800][0.114s][info][gc,heap      ] GC(1) PSYoungGen: 18904K->2469K(18944K)
[2026-06-17T09:51:41.368+0800][0.114s][info][gc,heap      ] GC(1) ParOldGen: 3154K->6471K(44032K)
[2026-06-17T09:51:41.369+0800][0.114s][info][gc,metaspace ] GC(1) Metaspace: 3135K(4864K)->3135K(4864K) NonClass: 2831K(4352K)->2831K(4352K) Class: 303K(512K)->303K(512K)
[2026-06-17T09:51:41.369+0800][0.115s][info][gc           ] GC(1) Pause Young (Allocation Failure) 21M->8M(61M) 1.928ms
[2026-06-17T09:51:41.369+0800][0.115s][info][gc,cpu       ] GC(1) User=0.00s Sys=0.00s Real=0.00s
[2026-06-17T09:51:41.421+0800][0.167s][info][gc,start     ] GC(2) Pause Young (Allocation Failure)
[2026-06-17T09:51:41.422+0800][0.168s][info][gc,heap      ] GC(2) PSYoungGen: 18853K->2536K(18944K)
[2026-06-17T09:51:41.423+0800][0.168s][info][gc,heap      ] GC(2) ParOldGen: 6471K->8487K(44032K)
[2026-06-17T09:51:41.423+0800][0.169s][info][gc,metaspace ] GC(2) Metaspace: 3135K(4864K)->3135K(4864K) NonClass: 2831K(4352K)->2831K(4352K) Class: 303K(512K)->303K(512K)
[2026-06-17T09:51:41.423+0800][0.169s][info][gc           ] GC(2) Pause Young (Allocation Failure) 24M->10M(61M) 1.873ms
[2026-06-17T09:51:41.423+0800][0.169s][info][gc,cpu       ] GC(2) User=0.00s Sys=0.00s Real=0.01s
[2026-06-17T09:51:41.465+0800][0.211s][info][gc,start     ] GC(3) Pause Young (Allocation Failure)
[2026-06-17T09:51:41.467+0800][0.212s][info][gc,heap      ] GC(3) PSYoungGen: 18883K->2555K(18944K)
[2026-06-17T09:51:41.467+0800][0.213s][info][gc,heap      ] GC(3) ParOldGen: 8487K->11164K(44032K)
[2026-06-17T09:51:41.467+0800][0.213s][info][gc,metaspace ] GC(3) Metaspace: 3135K(4864K)->3135K(4864K) NonClass: 2831K(4352K)->2831K(4352K) Class: 303K(512K)->303K(512K)
[2026-06-17T09:51:41.467+0800][0.213s][info][gc           ] GC(3) Pause Young (Allocation Failure) 26M->13M(61M) 2.461ms
[2026-06-17T09:51:41.468+0800][0.213s][info][gc,cpu       ] GC(3) User=0.00s Sys=0.00s Real=0.00s
[2026-06-17T09:51:41.499+0800][0.245s][info][gc,start     ] GC(4) Pause Young (Allocation Failure)
[2026-06-17T09:51:41.501+0800][0.247s][info][gc,heap      ] GC(4) PSYoungGen: 18714K->2488K(18944K)
[2026-06-17T09:51:41.501+0800][0.247s][info][gc,heap      ] GC(4) ParOldGen: 11164K->14355K(44032K)
[2026-06-17T09:51:41.502+0800][0.248s][info][gc,metaspace ] GC(4) Metaspace: 3135K(4864K)->3135K(4864K) NonClass: 2831K(4352K)->2831K(4352K) Class: 303K(512K)->303K(512K)
[2026-06-17T09:51:41.502+0800][0.248s][info][gc           ] GC(4) Pause Young (Allocation Failure) 29M->16M(61M) 2.394ms
[2026-06-17T09:51:41.502+0800][0.248s][info][gc,cpu       ] GC(4) User=0.00s Sys=0.00s Real=0.00s
[2026-06-17T09:51:41.544+0800][0.290s][info][gc,start     ] GC(5) Pause Young (Allocation Failure)
[2026-06-17T09:51:41.546+0800][0.292s][info][gc,heap      ] GC(5) PSYoungGen: 18859K->2548K(9728K)
[2026-06-17T09:51:41.548+0800][0.294s][info][gc,heap      ] GC(5) ParOldGen: 14355K->20162K(44032K)
[2026-06-17T09:51:41.548+0800][0.294s][info][gc,metaspace ] GC(5) Metaspace: 3135K(4864K)->3135K(4864K) NonClass: 2831K(4352K)->2831K(4352K) Class: 303K(512K)->303K(512K)
[2026-06-17T09:51:41.550+0800][0.296s][info][gc           ] GC(5) Pause Young (Allocation Failure) 32M->22M(52M) 5.814ms
[2026-06-17T09:51:41.552+0800][0.298s][info][gc,cpu       ] GC(5) User=0.00s Sys=0.00s Real=0.01s
[2026-06-17T09:51:41.574+0800][0.320s][info][gc,start     ] GC(6) Pause Young (Allocation Failure)
[2026-06-17T09:51:41.575+0800][0.321s][info][gc,heap      ] GC(6) PSYoungGen: 9652K->4227K(14336K)
[2026-06-17T09:51:41.575+0800][0.321s][info][gc,heap      ] GC(6) ParOldGen: 20162K->20610K(44032K)
[2026-06-17T09:51:41.576+0800][0.321s][info][gc,metaspace ] GC(6) Metaspace: 3135K(4864K)->3135K(4864K) NonClass: 2831K(4352K)->2831K(4352K) Class: 303K(512K)->303K(512K)
[2026-06-17T09:51:41.576+0800][0.322s][info][gc           ] GC(6) Pause Young (Allocation Failure) 29M->24M(57M) 2.052ms
[2026-06-17T09:51:41.576+0800][0.322s][info][gc,cpu       ] GC(6) User=0.00s Sys=0.00s Real=0.00s
[2026-06-17T09:51:41.597+0800][0.343s][info][gc,start     ] GC(7) Pause Young (Allocation Failure)
[2026-06-17T09:51:41.598+0800][0.344s][info][gc,heap      ] GC(7) PSYoungGen: 11365K->4410K(14336K)
[2026-06-17T09:51:41.598+0800][0.344s][info][gc,heap      ] GC(7) ParOldGen: 20610K->20610K(44032K)
[2026-06-17T09:51:41.598+0800][0.344s][info][gc,metaspace ] GC(7) Metaspace: 3135K(4864K)->3135K(4864K) NonClass: 2831K(4352K)->2831K(4352K) Class: 303K(512K)->303K(512K)
[2026-06-17T09:51:41.599+0800][0.344s][info][gc           ] GC(7) Pause Young (Allocation Failure) 31M->24M(57M) 1.519ms
[2026-06-17T09:51:41.599+0800][0.345s][info][gc,cpu       ] GC(7) User=0.00s Sys=0.00s Real=0.00s
[2026-06-17T09:51:41.610+0800][0.356s][info][gc,start     ] GC(8) Pause Young (Allocation Failure)
[2026-06-17T09:51:41.611+0800][0.357s][info][gc,heap      ] GC(8) PSYoungGen: 11376K->2338K(14336K)
[2026-06-17T09:51:41.611+0800][0.357s][info][gc,heap      ] GC(8) ParOldGen: 20610K->22686K(44032K)
[2026-06-17T09:51:41.611+0800][0.357s][info][gc,metaspace ] GC(8) Metaspace: 3135K(4864K)->3135K(4864K) NonClass: 2831K(4352K)->2831K(4352K) Class: 303K(512K)->303K(512K)
[2026-06-17T09:51:41.612+0800][0.357s][info][gc           ] GC(8) Pause Young (Allocation Failure) 31M->24M(57M) 1.833ms
[2026-06-17T09:51:41.612+0800][0.357s][info][gc,cpu       ] GC(8) User=0.00s Sys=0.01s Real=0.01s
[2026-06-17T09:51:41.633+0800][0.379s][info][gc,start     ] GC(9) Pause Young (Allocation Failure)
[2026-06-17T09:51:41.634+0800][0.380s][info][gc,heap      ] GC(9) PSYoungGen: 9494K->4168K(14336K)
[2026-06-17T09:51:41.634+0800][0.380s][info][gc,heap      ] GC(9) ParOldGen: 22686K->24517K(44032K)
[2026-06-17T09:51:41.635+0800][0.380s][info][gc,metaspace ] GC(9) Metaspace: 3135K(4864K)->3135K(4864K) NonClass: 2831K(4352K)->2831K(4352K) Class: 303K(512K)->303K(512K)
[2026-06-17T09:51:41.635+0800][0.381s][info][gc           ] GC(9) Pause Young (Allocation Failure) 31M->28M(57M) 1.996ms
[2026-06-17T09:51:41.635+0800][0.381s][info][gc,cpu       ] GC(9) User=0.00s Sys=0.00s Real=0.00s
[2026-06-17T09:51:41.656+0800][0.402s][info][gc,start     ] GC(10) Pause Young (Allocation Failure)
[2026-06-17T09:51:41.658+0800][0.403s][info][gc,heap      ] GC(10) PSYoungGen: 11292K->2747K(14336K)
[2026-06-17T09:51:41.658+0800][0.404s][info][gc,heap      ] GC(10) ParOldGen: 24517K->26012K(44032K)
[2026-06-17T09:51:41.658+0800][0.404s][info][gc,metaspace ] GC(10) Metaspace: 3146K(4864K)->3146K(4864K) NonClass: 2841K(4352K)->2841K(4352K) Class: 305K(512K)->305K(512K)
[2026-06-17T09:51:41.658+0800][0.404s][info][gc           ] GC(10) Pause Young (Allocation Failure) 34M->28M(57M) 1.697ms
[2026-06-17T09:51:41.658+0800][0.404s][info][gc,cpu       ] GC(10) User=0.00s Sys=0.00s Real=0.00s
[2026-06-17T09:51:41.680+0800][0.425s][info][gc,start     ] GC(11) Pause Young (Allocation Failure)
[2026-06-17T09:51:41.682+0800][0.427s][info][gc,heap      ] GC(11) PSYoungGen: 9870K->895K(14336K)
[2026-06-17T09:51:41.682+0800][0.428s][info][gc,heap      ] GC(11) ParOldGen: 26012K->28006K(44032K)
[2026-06-17T09:51:41.682+0800][0.428s][info][gc,metaspace ] GC(11) Metaspace: 3146K(4864K)->3146K(4864K) NonClass: 2841K(4352K)->2841K(4352K) Class: 305K(512K)->305K(512K)
[2026-06-17T09:51:41.683+0800][0.428s][info][gc           ] GC(11) Pause Young (Allocation Failure) 35M->28M(57M) 2.960ms
[2026-06-17T09:51:41.683+0800][0.429s][info][gc,cpu       ] GC(11) User=0.00s Sys=0.00s Real=0.01s
[2026-06-17T09:51:41.694+0800][0.440s][info][gc,start     ] GC(12) Pause Young (Allocation Failure)
[2026-06-17T09:51:41.695+0800][0.441s][info][gc,heap      ] GC(12) PSYoungGen: 8061K->4812K(14336K)
[2026-06-17T09:51:41.695+0800][0.441s][info][gc,heap      ] GC(12) ParOldGen: 28006K->28006K(44032K)
[2026-06-17T09:51:41.695+0800][0.441s][info][gc,metaspace ] GC(12) Metaspace: 3146K(4864K)->3146K(4864K) NonClass: 2841K(4352K)->2841K(4352K) Class: 305K(512K)->305K(512K)
[2026-06-17T09:51:41.695+0800][0.441s][info][gc           ] GC(12) Pause Young (Allocation Failure) 35M->32M(57M) 1.550ms
[2026-06-17T09:51:41.696+0800][0.441s][info][gc,cpu       ] GC(12) User=0.00s Sys=0.00s Real=0.00s
[2026-06-17T09:51:41.717+0800][0.463s][info][gc,start     ] GC(13) Pause Young (Allocation Failure)
[2026-06-17T09:51:41.722+0800][0.468s][info][gc,heap      ] GC(13) PSYoungGen: 11970K->2881K(14336K)
[2026-06-17T09:51:41.724+0800][0.469s][info][gc,heap      ] GC(13) ParOldGen: 28006K->30320K(44032K)
[2026-06-17T09:51:41.724+0800][0.470s][info][gc,metaspace ] GC(13) Metaspace: 3146K(4864K)->3146K(4864K) NonClass: 2841K(4352K)->2841K(4352K) Class: 305K(512K)->305K(512K)
[2026-06-17T09:51:41.724+0800][0.470s][info][gc           ] GC(13) Pause Young (Allocation Failure) 39M->32M(57M) 7.373ms
[2026-06-17T09:51:41.724+0800][0.470s][info][gc,cpu       ] GC(13) User=0.01s Sys=0.00s Real=0.01s
[2026-06-17T09:51:41.736+0800][0.481s][info][gc,start     ] GC(14) Pause Young (Allocation Failure)
[2026-06-17T09:51:41.737+0800][0.483s][info][gc,heap      ] GC(14) PSYoungGen: 10046K->4949K(14336K)
[2026-06-17T09:51:41.737+0800][0.483s][info][gc,heap      ] GC(14) ParOldGen: 30320K->31787K(44032K)
[2026-06-17T09:51:41.738+0800][0.483s][info][gc,metaspace ] GC(14) Metaspace: 3146K(4864K)->3146K(4864K) NonClass: 2841K(4352K)->2841K(4352K) Class: 305K(512K)->305K(512K)
[2026-06-17T09:51:41.738+0800][0.484s][info][gc           ] GC(14) Pause Young (Allocation Failure) 39M->35M(57M) 2.161ms
[2026-06-17T09:51:41.738+0800][0.484s][info][gc,cpu       ] GC(14) User=0.00s Sys=0.01s Real=0.00s
[2026-06-17T09:51:41.760+0800][0.505s][info][gc,start     ] GC(15) Pause Young (Allocation Failure)
[2026-06-17T09:51:41.762+0800][0.508s][info][gc,heap      ] GC(15) PSYoungGen: 12043K->146K(14336K)
[2026-06-17T09:51:41.763+0800][0.509s][info][gc,heap      ] GC(15) ParOldGen: 31787K->33606K(44032K)
[2026-06-17T09:51:41.766+0800][0.512s][info][gc,metaspace ] GC(15) Metaspace: 3146K(4864K)->3146K(4864K) NonClass: 2841K(4352K)->2841K(4352K) Class: 305K(512K)->305K(512K)
[2026-06-17T09:51:41.766+0800][0.512s][info][gc           ] GC(15) Pause Young (Allocation Failure) 42M->32M(57M) 6.730ms
[2026-06-17T09:51:41.767+0800][0.513s][info][gc,cpu       ] GC(15) User=0.00s Sys=0.00s Real=0.01s
[2026-06-17T09:51:41.789+0800][0.535s][info][gc,start     ] GC(16) Pause Young (Allocation Failure)
[2026-06-17T09:51:41.791+0800][0.536s][info][gc,heap      ] GC(16) PSYoungGen: 7273K->3770K(14336K)
[2026-06-17T09:51:41.791+0800][0.537s][info][gc,heap      ] GC(16) ParOldGen: 33606K->33728K(44032K)
[2026-06-17T09:51:41.792+0800][0.537s][info][gc,metaspace ] GC(16) Metaspace: 3146K(4864K)->3146K(4864K) NonClass: 2841K(4352K)->2841K(4352K) Class: 305K(512K)->305K(512K)
[2026-06-17T09:51:41.792+0800][0.538s][info][gc           ] GC(16) Pause Young (Allocation Failure) 39M->36M(57M) 3.163ms
[2026-06-17T09:51:41.792+0800][0.538s][info][gc,cpu       ] GC(16) User=0.00s Sys=0.00s Real=0.01s
[2026-06-17T09:51:41.804+0800][0.550s][info][gc,start     ] GC(17) Pause Young (Allocation Failure)
[2026-06-17T09:51:41.805+0800][0.551s][info][gc,heap      ] GC(17) PSYoungGen: 10695K->1961K(14336K)
[2026-06-17T09:51:41.806+0800][0.552s][info][gc,heap      ] GC(17) ParOldGen: 33728K->35273K(44032K)
[2026-06-17T09:51:41.806+0800][0.552s][info][gc,metaspace ] GC(17) Metaspace: 3146K(4864K)->3146K(4864K) NonClass: 2841K(4352K)->2841K(4352K) Class: 305K(512K)->305K(512K)
[2026-06-17T09:51:41.807+0800][0.552s][info][gc           ] GC(17) Pause Young (Allocation Failure) 43M->36M(57M) 2.837ms
[2026-06-17T09:51:41.807+0800][0.553s][info][gc,cpu       ] GC(17) User=0.01s Sys=0.00s Real=0.00s
[2026-06-17T09:51:41.828+0800][0.574s][info][gc,start     ] GC(18) Pause Young (Allocation Failure)
[2026-06-17T09:51:41.830+0800][0.576s][info][gc,heap      ] GC(18) PSYoungGen: 9125K->3639K(14336K)
[2026-06-17T09:51:41.830+0800][0.576s][info][gc,heap      ] GC(18) ParOldGen: 35273K->37210K(44032K)
[2026-06-17T09:51:41.831+0800][0.576s][info][gc,metaspace ] GC(18) Metaspace: 3146K(4864K)->3146K(4864K) NonClass: 2841K(4352K)->2841K(4352K) Class: 305K(512K)->305K(512K)
[2026-06-17T09:51:41.831+0800][0.577s][info][gc           ] GC(18) Pause Young (Allocation Failure) 43M->39M(57M) 2.631ms
[2026-06-17T09:51:41.831+0800][0.577s][info][gc,cpu       ] GC(18) User=0.00s Sys=0.00s Real=0.01s
[2026-06-17T09:51:41.853+0800][0.599s][info][gc,start     ] GC(19) Pause Young (Allocation Failure)
[2026-06-17T09:51:41.854+0800][0.600s][info][gc,heap      ] GC(19) PSYoungGen: 10777K->3507K(14848K)
[2026-06-17T09:51:41.854+0800][0.600s][info][gc,heap      ] GC(19) ParOldGen: 37210K->37507K(44032K)
[2026-06-17T09:51:41.854+0800][0.600s][info][gc,metaspace ] GC(19) Metaspace: 3146K(4864K)->3146K(4864K) NonClass: 2841K(4352K)->2841K(4352K) Class: 305K(512K)->305K(512K)
[2026-06-17T09:51:41.854+0800][0.600s][info][gc           ] GC(19) Pause Young (Allocation Failure) 46M->40M(57M) 1.476ms
[2026-06-17T09:51:41.854+0800][0.600s][info][gc,cpu       ] GC(19) User=0.00s Sys=0.00s Real=0.00s
[2026-06-17T09:51:41.876+0800][0.621s][info][gc,start     ] GC(20) Pause Young (Allocation Failure)
[2026-06-17T09:51:41.877+0800][0.622s][info][gc,heap      ] GC(20) PSYoungGen: 11142K->2284K(14336K)
[2026-06-17T09:51:41.877+0800][0.623s][info][gc,heap      ] GC(20) ParOldGen: 37507K->39471K(44032K)
[2026-06-17T09:51:41.877+0800][0.623s][info][gc,metaspace ] GC(20) Metaspace: 3146K(4864K)->3146K(4864K) NonClass: 2841K(4352K)->2841K(4352K) Class: 305K(512K)->305K(512K)
[2026-06-17T09:51:41.877+0800][0.623s][info][gc           ] GC(20) Pause Young (Allocation Failure) 47M->40M(57M) 1.399ms
[2026-06-17T09:51:41.877+0800][0.623s][info][gc,cpu       ] GC(20) User=0.00s Sys=0.00s Real=0.00s
[2026-06-17T09:51:41.898+0800][0.644s][info][gc,start     ] GC(21) Pause Young (Allocation Failure)
[2026-06-17T09:51:41.899+0800][0.644s][info][gc,heap      ] GC(21) PSYoungGen: 9951K->3348K(14848K)
[2026-06-17T09:51:41.899+0800][0.645s][info][gc,heap      ] GC(21) ParOldGen: 39471K->39471K(44032K)
[2026-06-17T09:51:41.899+0800][0.645s][info][gc,metaspace ] GC(21) Metaspace: 3146K(4864K)->3146K(4864K) NonClass: 2841K(4352K)->2841K(4352K) Class: 305K(512K)->305K(512K)
[2026-06-17T09:51:41.899+0800][0.645s][info][gc           ] GC(21) Pause Young (Allocation Failure) 48M->41M(57M) 1.324ms
[2026-06-17T09:51:41.899+0800][0.645s][info][gc,cpu       ] GC(21) User=0.00s Sys=0.00s Real=0.00s
[2026-06-17T09:51:41.910+0800][0.656s][info][gc,start     ] GC(22) Pause Young (Allocation Failure)
[2026-06-17T09:51:41.911+0800][0.657s][info][gc,heap      ] GC(22) PSYoungGen: 11178K->2065K(14848K)
[2026-06-17T09:51:41.911+0800][0.657s][info][gc,heap      ] GC(22) ParOldGen: 39471K->41307K(44032K)
[2026-06-17T09:51:41.912+0800][0.657s][info][gc,metaspace ] GC(22) Metaspace: 3146K(4864K)->3146K(4864K) NonClass: 2841K(4352K)->2841K(4352K) Class: 305K(512K)->305K(512K)
[2026-06-17T09:51:41.912+0800][0.658s][info][gc           ] GC(22) Pause Young (Allocation Failure) 49M->42M(57M) 1.420ms
[2026-06-17T09:51:41.912+0800][0.658s][info][gc,cpu       ] GC(22) User=0.01s Sys=0.00s Real=0.01s
[2026-06-17T09:51:41.912+0800][0.658s][info][gc,start     ] GC(23) Pause Full (Ergonomics)
[2026-06-17T09:51:41.912+0800][0.658s][info][gc,phases,start] GC(23) Marking Phase
[2026-06-17T09:51:41.913+0800][0.659s][info][gc,phases      ] GC(23) Marking Phase 1.068ms
[2026-06-17T09:51:41.913+0800][0.659s][info][gc,phases,start] GC(23) Summary Phase
[2026-06-17T09:51:41.914+0800][0.659s][info][gc,phases      ] GC(23) Summary Phase 0.138ms
[2026-06-17T09:51:41.914+0800][0.659s][info][gc,phases,start] GC(23) Adjust Roots
[2026-06-17T09:51:41.914+0800][0.660s][info][gc,phases      ] GC(23) Adjust Roots 0.333ms
[2026-06-17T09:51:41.914+0800][0.660s][info][gc,phases,start] GC(23) Compaction Phase
[2026-06-17T09:51:41.916+0800][0.662s][info][gc,phases      ] GC(23) Compaction Phase 1.748ms
[2026-06-17T09:51:41.916+0800][0.662s][info][gc,phases,start] GC(23) Post Compact
[2026-06-17T09:51:41.917+0800][0.663s][info][gc,phases      ] GC(23) Post Compact 0.627ms
[2026-06-17T09:51:41.917+0800][0.663s][info][gc,heap        ] GC(23) PSYoungGen: 2065K->0K(15360K)
[2026-06-17T09:51:41.917+0800][0.663s][info][gc,heap        ] GC(23) ParOldGen: 41307K->20296K(43008K)
[2026-06-17T09:51:41.917+0800][0.663s][info][gc,metaspace   ] GC(23) Metaspace: 3146K(4864K)->3146K(4864K) NonClass: 2841K(4352K)->2841K(4352K) Class: 305K(512K)->305K(512K)
[2026-06-17T09:51:41.918+0800][0.663s][info][gc             ] GC(23) Pause Full (Ergonomics) 42M->19M(57M) 5.584ms
[2026-06-17T09:51:41.918+0800][0.664s][info][gc,cpu         ] GC(23) User=0.00s Sys=0.00s Real=0.00s
[2026-06-17T09:51:41.949+0800][0.695s][info][gc,start       ] GC(24) Pause Young (Allocation Failure)
[2026-06-17T09:51:41.950+0800][0.696s][info][gc,heap        ] GC(24) PSYoungGen: 9186K->2485K(15360K)
[2026-06-17T09:51:41.950+0800][0.696s][info][gc,heap        ] GC(24) ParOldGen: 20296K->20296K(43008K)
[2026-06-17T09:51:41.950+0800][0.696s][info][gc,metaspace   ] GC(24) Metaspace: 3146K(4864K)->3146K(4864K) NonClass: 2841K(4352K)->2841K(4352K) Class: 305K(512K)->305K(512K)
[2026-06-17T09:51:41.950+0800][0.696s][info][gc             ] GC(24) Pause Young (Allocation Failure) 28M->22M(57M) 0.968ms
[2026-06-17T09:51:41.950+0800][0.696s][info][gc,cpu         ] GC(24) User=0.00s Sys=0.00s Real=0.00s
[2026-06-17T09:51:41.971+0800][0.717s][info][gc,start       ] GC(25) Pause Young (Allocation Failure)
[2026-06-17T09:51:41.972+0800][0.718s][info][gc,heap        ] GC(25) PSYoungGen: 11648K->3430K(15360K)
[2026-06-17T09:51:41.972+0800][0.718s][info][gc,heap        ] GC(25) ParOldGen: 20296K->21310K(43008K)
[2026-06-17T09:51:41.972+0800][0.718s][info][gc,metaspace   ] GC(25) Metaspace: 3146K(4864K)->3146K(4864K) NonClass: 2841K(4352K)->2841K(4352K) Class: 305K(512K)->305K(512K)
[2026-06-17T09:51:41.973+0800][0.718s][info][gc             ] GC(25) Pause Young (Allocation Failure) 31M->24M(57M) 1.373ms
[2026-06-17T09:51:41.973+0800][0.719s][info][gc,cpu         ] GC(25) User=0.00s Sys=0.00s Real=0.00s
[2026-06-17T09:51:41.994+0800][0.740s][info][gc,start       ] GC(26) Pause Young (Allocation Failure)
[2026-06-17T09:51:41.995+0800][0.741s][info][gc,heap        ] GC(26) PSYoungGen: 12640K->3279K(15360K)
[2026-06-17T09:51:41.995+0800][0.741s][info][gc,heap        ] GC(26) ParOldGen: 21310K->23680K(43008K)
[2026-06-17T09:51:41.995+0800][0.741s][info][gc,metaspace   ] GC(26) Metaspace: 3146K(4864K)->3146K(4864K) NonClass: 2841K(4352K)->2841K(4352K) Class: 305K(512K)->305K(512K)
[2026-06-17T09:51:41.995+0800][0.741s][info][gc             ] GC(26) Pause Young (Allocation Failure) 33M->26M(57M) 1.599ms
[2026-06-17T09:51:41.996+0800][0.742s][info][gc,cpu         ] GC(26) User=0.00s Sys=0.00s Real=0.00s
[2026-06-17T09:51:42.017+0800][0.763s][info][gc,start       ] GC(27) Pause Young (Allocation Failure)
[2026-06-17T09:51:42.018+0800][0.764s][info][gc,heap        ] GC(27) PSYoungGen: 12475K->3207K(15872K)
[2026-06-17T09:51:42.018+0800][0.764s][info][gc,heap        ] GC(27) ParOldGen: 23680K->25597K(43008K)
[2026-06-17T09:51:42.018+0800][0.764s][info][gc,metaspace   ] GC(27) Metaspace: 3146K(4864K)->3146K(4864K) NonClass: 2841K(4352K)->2841K(4352K) Class: 305K(512K)->305K(512K)
[2026-06-17T09:51:42.018+0800][0.764s][info][gc             ] GC(27) Pause Young (Allocation Failure) 35M->28M(57M) 1.241ms
[2026-06-17T09:51:42.018+0800][0.764s][info][gc,cpu         ] GC(27) User=0.00s Sys=0.00s Real=0.00s
[2026-06-17T09:51:42.050+0800][0.796s][info][gc,start       ] GC(28) Pause Young (Allocation Failure)
[2026-06-17T09:51:42.051+0800][0.797s][info][gc,heap        ] GC(28) PSYoungGen: 13409K->3115K(15872K)
[2026-06-17T09:51:42.051+0800][0.797s][info][gc,heap        ] GC(28) ParOldGen: 25597K->25597K(43008K)
[2026-06-17T09:51:42.051+0800][0.797s][info][gc,metaspace   ] GC(28) Metaspace: 3146K(4864K)->3146K(4864K) NonClass: 2841K(4352K)->2841K(4352K) Class: 305K(512K)->305K(512K)
[2026-06-17T09:51:42.052+0800][0.798s][info][gc             ] GC(28) Pause Young (Allocation Failure) 38M->28M(57M) 2.352ms
[2026-06-17T09:51:42.053+0800][0.798s][info][gc,cpu         ] GC(28) User=0.00s Sys=0.00s Real=0.01s
[2026-06-17T09:51:42.074+0800][0.820s][info][gc,start       ] GC(29) Pause Young (Allocation Failure)
[2026-06-17T09:51:42.076+0800][0.822s][info][gc,heap        ] GC(29) PSYoungGen: 13350K->4846K(15360K)
[2026-06-17T09:51:42.076+0800][0.822s][info][gc,heap        ] GC(29) ParOldGen: 25597K->27382K(43008K)
[2026-06-17T09:51:42.077+0800][0.823s][info][gc,metaspace   ] GC(29) Metaspace: 3146K(4864K)->3146K(4864K) NonClass: 2841K(4352K)->2841K(4352K) Class: 305K(512K)->305K(512K)
[2026-06-17T09:51:42.077+0800][0.823s][info][gc             ] GC(29) Pause Young (Allocation Failure) 38M->31M(57M) 3.047ms
[2026-06-17T09:51:42.077+0800][0.823s][info][gc,cpu         ] GC(29) User=0.01s Sys=0.00s Real=0.00s
[2026-06-17T09:51:42.109+0800][0.855s][info][gc,start       ] GC(30) Pause Young (Allocation Failure)
[2026-06-17T09:51:42.110+0800][0.856s][info][gc,heap        ] GC(30) PSYoungGen: 15086K->2203K(15872K)
[2026-06-17T09:51:42.111+0800][0.857s][info][gc,heap        ] GC(30) ParOldGen: 27382K->29405K(43008K)
[2026-06-17T09:51:42.111+0800][0.857s][info][gc,metaspace   ] GC(30) Metaspace: 3146K(4864K)->3146K(4864K) NonClass: 2841K(4352K)->2841K(4352K) Class: 305K(512K)->305K(512K)
[2026-06-17T09:51:42.112+0800][0.858s][info][gc             ] GC(30) Pause Young (Allocation Failure) 41M->30M(57M) 2.537ms
[2026-06-17T09:51:42.112+0800][0.858s][info][gc,cpu         ] GC(30) User=0.00s Sys=0.00s Real=0.01s
[2026-06-17T09:51:42.134+0800][0.879s][info][gc,start       ] GC(31) Pause Young (Allocation Failure)
[2026-06-17T09:51:42.135+0800][0.880s][info][gc,heap        ] GC(31) PSYoungGen: 12423K->3396K(15872K)
[2026-06-17T09:51:42.135+0800][0.881s][info][gc,heap        ] GC(31) ParOldGen: 29405K->31480K(43008K)
[2026-06-17T09:51:42.135+0800][0.881s][info][gc,metaspace   ] GC(31) Metaspace: 3146K(4864K)->3146K(4864K) NonClass: 2841K(4352K)->2841K(4352K) Class: 305K(512K)->305K(512K)
[2026-06-17T09:51:42.135+0800][0.881s][info][gc             ] GC(31) Pause Young (Allocation Failure) 40M->34M(57M) 1.669ms
[2026-06-17T09:51:42.135+0800][0.881s][info][gc,cpu         ] GC(31) User=0.00s Sys=0.00s Real=0.00s
[2026-06-17T09:51:42.157+0800][0.903s][info][gc,start       ] GC(32) Pause Young (Allocation Failure)
[2026-06-17T09:51:42.158+0800][0.904s][info][gc,heap        ] GC(32) PSYoungGen: 13562K->32K(10752K)
[2026-06-17T09:51:42.159+0800][0.905s][info][gc,heap        ] GC(32) ParOldGen: 31480K->34532K(43008K)
[2026-06-17T09:51:42.159+0800][0.905s][info][gc,metaspace   ] GC(32) Metaspace: 3146K(4864K)->3146K(4864K) NonClass: 2841K(4352K)->2841K(4352K) Class: 305K(512K)->305K(512K)
[2026-06-17T09:51:42.160+0800][0.906s][info][gc             ] GC(32) Pause Young (Allocation Failure) 43M->33M(52M) 2.802ms
[2026-06-17T09:51:42.160+0800][0.906s][info][gc,cpu         ] GC(32) User=0.00s Sys=0.00s Real=0.00s
[2026-06-17T09:51:42.192+0800][0.938s][info][gc,start       ] GC(33) Pause Young (Allocation Failure)
[2026-06-17T09:51:42.193+0800][0.939s][info][gc,heap        ] GC(33) PSYoungGen: 10231K->3458K(15872K)
[2026-06-17T09:51:42.194+0800][0.940s][info][gc,heap        ] GC(33) ParOldGen: 34532K->34540K(43008K)
[2026-06-17T09:51:42.194+0800][0.940s][info][gc,metaspace   ] GC(33) Metaspace: 3146K(4864K)->3146K(4864K) NonClass: 2841K(4352K)->2841K(4352K) Class: 305K(512K)->305K(512K)
[2026-06-17T09:51:42.195+0800][0.941s][info][gc             ] GC(33) Pause Young (Allocation Failure) 43M->37M(57M) 2.394ms
[2026-06-17T09:51:42.195+0800][0.941s][info][gc,cpu         ] GC(33) User=0.00s Sys=0.00s Real=0.00s
[2026-06-17T09:51:42.217+0800][0.963s][info][gc,start       ] GC(34) Pause Young (Allocation Failure)
[2026-06-17T09:51:42.218+0800][0.964s][info][gc,heap        ] GC(34) PSYoungGen: 13160K->4065K(15360K)
[2026-06-17T09:51:42.218+0800][0.964s][info][gc,heap        ] GC(34) ParOldGen: 34540K->36597K(43008K)
[2026-06-17T09:51:42.219+0800][0.964s][info][gc,metaspace   ] GC(34) Metaspace: 3146K(4864K)->3146K(4864K) NonClass: 2841K(4352K)->2841K(4352K) Class: 305K(512K)->305K(512K)
[2026-06-17T09:51:42.219+0800][0.965s][info][gc             ] GC(34) Pause Young (Allocation Failure) 46M->39M(57M) 2.403ms
[2026-06-17T09:51:42.219+0800][0.965s][info][gc,cpu         ] GC(34) User=0.00s Sys=0.00s Real=0.00s
[2026-06-17T09:51:42.241+0800][0.987s][info][gc,start       ] GC(35) Pause Young (Allocation Failure)
[2026-06-17T09:51:42.242+0800][0.988s][info][gc,heap        ] GC(35) PSYoungGen: 13771K->4767K(15360K)
[2026-06-17T09:51:42.243+0800][0.989s][info][gc,heap        ] GC(35) ParOldGen: 36597K->38613K(43008K)
[2026-06-17T09:51:42.243+0800][0.989s][info][gc,metaspace   ] GC(35) Metaspace: 3146K(4864K)->3146K(4864K) NonClass: 2841K(4352K)->2841K(4352K) Class: 305K(512K)->305K(512K)
[2026-06-17T09:51:42.244+0800][0.990s][info][gc             ] GC(35) Pause Young (Allocation Failure) 49M->42M(57M) 2.593ms
[2026-06-17T09:51:42.244+0800][0.990s][info][gc,cpu         ] GC(35) User=0.00s Sys=0.00s Real=0.01s
[2026-06-17T09:51:42.266+0800][1.011s][info][gc,start       ] GC(36) Pause Young (Allocation Failure)
[2026-06-17T09:51:42.267+0800][1.012s][info][gc,heap        ] GC(36) PSYoungGen: 13944K->1286K(10752K)
[2026-06-17T09:51:42.267+0800][1.013s][info][gc,heap        ] GC(36) ParOldGen: 38613K->40651K(43008K)
[2026-06-17T09:51:42.268+0800][1.013s][info][gc,metaspace   ] GC(36) Metaspace: 3146K(4864K)->3146K(4864K) NonClass: 2841K(4352K)->2841K(4352K) Class: 305K(512K)->305K(512K)
[2026-06-17T09:51:42.268+0800][1.014s][info][gc             ] GC(36) Pause Young (Allocation Failure) 51M->40M(52M) 2.577ms
[2026-06-17T09:51:42.269+0800][1.014s][info][gc,cpu         ] GC(36) User=0.00s Sys=0.00s Real=0.00s
[2026-06-17T09:51:42.269+0800][1.015s][info][gc,start       ] GC(37) Pause Full (Ergonomics)
[2026-06-17T09:51:42.269+0800][1.015s][info][gc,phases,start] GC(37) Marking Phase
[2026-06-17T09:51:42.271+0800][1.016s][info][gc,phases      ] GC(37) Marking Phase 1.173ms
[2026-06-17T09:51:42.271+0800][1.017s][info][gc,phases,start] GC(37) Summary Phase
[2026-06-17T09:51:42.272+0800][1.018s][info][gc,phases      ] GC(37) Summary Phase 0.515ms
[2026-06-17T09:51:42.272+0800][1.018s][info][gc,phases,start] GC(37) Adjust Roots
[2026-06-17T09:51:42.273+0800][1.019s][info][gc,phases      ] GC(37) Adjust Roots 0.504ms
[2026-06-17T09:51:42.273+0800][1.019s][info][gc,phases,start] GC(37) Compaction Phase
[2026-06-17T09:51:42.275+0800][1.021s][info][gc,phases      ] GC(37) Compaction Phase 2.106ms
[2026-06-17T09:51:42.276+0800][1.021s][info][gc,phases,start] GC(37) Post Compact
[2026-06-17T09:51:42.276+0800][1.022s][info][gc,phases      ] GC(37) Post Compact 0.452ms
[2026-06-17T09:51:42.277+0800][1.022s][info][gc,heap        ] GC(37) PSYoungGen: 1286K->0K(14848K)
[2026-06-17T09:51:42.277+0800][1.023s][info][gc,heap        ] GC(37) ParOldGen: 40651K->21797K(44032K)
[2026-06-17T09:51:42.277+0800][1.023s][info][gc,metaspace   ] GC(37) Metaspace: 3146K(4864K)->3146K(4864K) NonClass: 2841K(4352K)->2841K(4352K) Class: 305K(512K)->305K(512K)
[2026-06-17T09:51:42.278+0800][1.024s][info][gc             ] GC(37) Pause Full (Ergonomics) 40M->21M(57M) 8.781ms
[2026-06-17T09:51:42.278+0800][1.024s][info][gc,cpu         ] GC(37) User=0.01s Sys=0.00s Real=0.01s
[2026-06-17T09:51:42.310+0800][1.056s][info][gc,start       ] GC(38) Pause Young (Allocation Failure)
[2026-06-17T09:51:42.311+0800][1.056s][info][gc,heap        ] GC(38) PSYoungGen: 8170K->1547K(14848K)
[2026-06-17T09:51:42.311+0800][1.057s][info][gc,heap        ] GC(38) ParOldGen: 21797K->21797K(44032K)
[2026-06-17T09:51:42.311+0800][1.057s][info][gc,metaspace   ] GC(38) Metaspace: 3146K(4864K)->3146K(4864K) NonClass: 2841K(4352K)->2841K(4352K) Class: 305K(512K)->305K(512K)
[2026-06-17T09:51:42.312+0800][1.058s][info][gc             ] GC(38) Pause Young (Allocation Failure) 29M->22M(57M) 2.326ms
[2026-06-17T09:51:42.312+0800][1.058s][info][gc,cpu         ] GC(38) User=0.00s Sys=0.00s Real=0.01s
[2026-06-17T09:51:42.324+0800][1.070s][info][gc,start       ] GC(39) Pause Young (Allocation Failure)
[2026-06-17T09:51:42.325+0800][1.071s][info][gc,heap        ] GC(39) PSYoungGen: 9714K->5185K(14336K)
[2026-06-17T09:51:42.325+0800][1.071s][info][gc,heap        ] GC(39) ParOldGen: 21797K->22885K(44032K)
[2026-06-17T09:51:42.326+0800][1.072s][info][gc,metaspace   ] GC(39) Metaspace: 3146K(4864K)->3146K(4864K) NonClass: 2841K(4352K)->2841K(4352K) Class: 305K(512K)->305K(512K)
[2026-06-17T09:51:42.326+0800][1.072s][info][gc             ] GC(39) Pause Young (Allocation Failure) 30M->27M(57M) 2.362ms
[2026-06-17T09:51:42.327+0800][1.072s][info][gc,cpu         ] GC(39) User=0.00s Sys=0.00s Real=0.00s
[2026-06-17T09:51:42.348+0800][1.094s][info][gc,start       ] GC(40) Pause Young (Allocation Failure)
[2026-06-17T09:51:42.349+0800][1.095s][info][gc,heap        ] GC(40) PSYoungGen: 13247K->1118K(14848K)
[2026-06-17T09:51:42.349+0800][1.095s][info][gc,heap        ] GC(40) ParOldGen: 22885K->24668K(44032K)
[2026-06-17T09:51:42.350+0800][1.095s][info][gc,metaspace   ] GC(40) Metaspace: 3146K(4864K)->3146K(4864K) NonClass: 2841K(4352K)->2841K(4352K) Class: 305K(512K)->305K(512K)
[2026-06-17T09:51:42.350+0800][1.096s][info][gc             ] GC(40) Pause Young (Allocation Failure) 35M->25M(57M) 2.150ms
[2026-06-17T09:51:42.351+0800][1.096s][info][gc,cpu         ] GC(40) User=0.00s Sys=0.00s Real=0.01s
[2026-06-17T09:51:42.372+0800][1.118s][info][gc,start       ] GC(41) Pause Young (Allocation Failure)
[2026-06-17T09:51:42.373+0800][1.119s][info][gc,heap        ] GC(41) PSYoungGen: 9281K->4867K(13824K)
[2026-06-17T09:51:42.373+0800][1.119s][info][gc,heap        ] GC(41) ParOldGen: 24668K->25762K(44032K)
[2026-06-17T09:51:42.374+0800][1.120s][info][gc,metaspace   ] GC(41) Metaspace: 3146K(4864K)->3146K(4864K) NonClass: 2841K(4352K)->2841K(4352K) Class: 305K(512K)->305K(512K)
[2026-06-17T09:51:42.374+0800][1.120s][info][gc             ] GC(41) Pause Young (Allocation Failure) 33M->29M(56M) 2.634ms
[2026-06-17T09:51:42.375+0800][1.121s][info][gc,cpu         ] GC(41) User=0.00s Sys=0.00s Real=0.00s
[2026-06-17T09:51:42.396+0800][1.142s][info][gc,start       ] GC(42) Pause Young (Allocation Failure)
[2026-06-17T09:51:42.397+0800][1.143s][info][gc,heap        ] GC(42) PSYoungGen: 12032K->3192K(14336K)
[2026-06-17T09:51:42.398+0800][1.144s][info][gc,heap        ] GC(42) ParOldGen: 25762K->27652K(44032K)
[2026-06-17T09:51:42.398+0800][1.144s][info][gc,metaspace   ] GC(42) Metaspace: 3146K(4864K)->3146K(4864K) NonClass: 2841K(4352K)->2841K(4352K) Class: 305K(512K)->305K(512K)
[2026-06-17T09:51:42.399+0800][1.144s][info][gc             ] GC(42) Pause Young (Allocation Failure) 36M->30M(57M) 2.470ms
[2026-06-17T09:51:42.399+0800][1.145s][info][gc,cpu         ] GC(42) User=0.00s Sys=0.00s Real=0.00s
[2026-06-17T09:51:42.420+0800][1.166s][info][gc,start       ] GC(43) Pause Young (Allocation Failure)
[2026-06-17T09:51:42.421+0800][1.167s][info][gc,heap        ] GC(43) PSYoungGen: 10336K->1095K(14848K)
[2026-06-17T09:51:42.422+0800][1.168s][info][gc,heap        ] GC(43) ParOldGen: 27652K->29791K(44032K)
[2026-06-17T09:51:42.422+0800][1.168s][info][gc,metaspace   ] GC(43) Metaspace: 3146K(4864K)->3146K(4864K) NonClass: 2841K(4352K)->2841K(4352K) Class: 305K(512K)->305K(512K)
[2026-06-17T09:51:42.423+0800][1.169s][info][gc             ] GC(43) Pause Young (Allocation Failure) 37M->30M(57M) 2.229ms
[2026-06-17T09:51:42.423+0800][1.169s][info][gc,cpu         ] GC(43) User=0.00s Sys=0.00s Real=0.01s
[2026-06-17T09:51:42.444+0800][1.190s][info][gc,start       ] GC(44) Pause Young (Allocation Failure)
[2026-06-17T09:51:42.444+0800][1.190s][info][gc,heap        ] GC(44) PSYoungGen: 9254K->2224K(14848K)
[2026-06-17T09:51:42.445+0800][1.190s][info][gc,heap        ] GC(44) ParOldGen: 29791K->29791K(44032K)
[2026-06-17T09:51:42.445+0800][1.191s][info][gc,metaspace   ] GC(44) Metaspace: 3146K(4864K)->3146K(4864K) NonClass: 2841K(4352K)->2841K(4352K) Class: 305K(512K)->305K(512K)
[2026-06-17T09:51:42.445+0800][1.191s][info][gc             ] GC(44) Pause Young (Allocation Failure) 38M->31M(57M) 1.130ms
[2026-06-17T09:51:42.445+0800][1.191s][info][gc,cpu         ] GC(44) User=0.00s Sys=0.00s Real=0.00s
[2026-06-17T09:51:42.456+0800][1.202s][info][gc,start       ] GC(45) Pause Young (Allocation Failure)
[2026-06-17T09:51:42.457+0800][1.203s][info][gc,heap        ] GC(45) PSYoungGen: 10340K->1214K(14848K)
[2026-06-17T09:51:42.457+0800][1.203s][info][gc,heap        ] GC(45) ParOldGen: 29791K->31919K(44032K)
[2026-06-17T09:51:42.458+0800][1.203s][info][gc,metaspace   ] GC(45) Metaspace: 3146K(4864K)->3146K(4864K) NonClass: 2841K(4352K)->2841K(4352K) Class: 305K(512K)->305K(512K)
[2026-06-17T09:51:42.458+0800][1.204s][info][gc             ] GC(45) Pause Young (Allocation Failure) 39M->32M(57M) 1.944ms
[2026-06-17T09:51:42.458+0800][1.204s][info][gc,cpu         ] GC(45) User=0.00s Sys=0.00s Real=0.00s
[2026-06-17T09:51:42.489+0800][1.235s][info][gc,start       ] GC(46) Pause Young (Allocation Failure)
[2026-06-17T09:51:42.490+0800][1.236s][info][gc,heap        ] GC(46) PSYoungGen: 9354K->1589K(14848K)
[2026-06-17T09:51:42.490+0800][1.236s][info][gc,heap        ] GC(46) ParOldGen: 31919K->33109K(44032K)
[2026-06-17T09:51:42.491+0800][1.236s][info][gc,metaspace   ] GC(46) Metaspace: 3146K(4864K)->3146K(4864K) NonClass: 2841K(4352K)->2841K(4352K) Class: 305K(512K)->305K(512K)
[2026-06-17T09:51:42.491+0800][1.237s][info][gc             ] GC(46) Pause Young (Allocation Failure) 40M->33M(57M) 1.440ms
[2026-06-17T09:51:42.491+0800][1.237s][info][gc,cpu         ] GC(46) User=0.00s Sys=0.00s Real=0.01s
[2026-06-17T09:51:42.512+0800][1.258s][info][gc,start       ] GC(47) Pause Young (Allocation Failure)
[2026-06-17T09:51:42.513+0800][1.259s][info][gc,heap        ] GC(47) PSYoungGen: 9781K->2180K(15360K)
[2026-06-17T09:51:42.513+0800][1.259s][info][gc,heap        ] GC(47) ParOldGen: 33109K->33873K(44032K)
[2026-06-17T09:51:42.514+0800][1.259s][info][gc,metaspace   ] GC(47) Metaspace: 3146K(4864K)->3146K(4864K) NonClass: 2841K(4352K)->2841K(4352K) Class: 305K(512K)->305K(512K)
[2026-06-17T09:51:42.514+0800][1.260s][info][gc             ] GC(47) Pause Young (Allocation Failure) 41M->35M(58M) 1.497ms
[2026-06-17T09:51:42.514+0800][1.260s][info][gc,cpu         ] GC(47) User=0.00s Sys=0.00s Real=0.00s
[2026-06-17T09:51:42.535+0800][1.281s][info][gc,start       ] GC(48) Pause Young (Allocation Failure)
[2026-06-17T09:51:42.536+0800][1.282s][info][gc,heap        ] GC(48) PSYoungGen: 11337K->2654K(15360K)
[2026-06-17T09:51:42.537+0800][1.282s][info][gc,heap        ] GC(48) ParOldGen: 33873K->35893K(44032K)
[2026-06-17T09:51:42.537+0800][1.283s][info][gc,metaspace   ] GC(48) Metaspace: 3146K(4864K)->3146K(4864K) NonClass: 2841K(4352K)->2841K(4352K) Class: 305K(512K)->305K(512K)
[2026-06-17T09:51:42.537+0800][1.283s][info][gc             ] GC(48) Pause Young (Allocation Failure) 44M->37M(58M) 1.769ms
[2026-06-17T09:51:42.537+0800][1.283s][info][gc,cpu         ] GC(48) User=0.00s Sys=0.00s Real=0.00s
[2026-06-17T09:51:42.558+0800][1.304s][info][gc,start       ] GC(49) Pause Young (Allocation Failure)
[2026-06-17T09:51:42.559+0800][1.305s][info][gc,heap        ] GC(49) PSYoungGen: 11851K->2249K(15872K)
[2026-06-17T09:51:42.560+0800][1.306s][info][gc,heap        ] GC(49) ParOldGen: 35893K->38491K(44032K)
[2026-06-17T09:51:42.560+0800][1.306s][info][gc,metaspace   ] GC(49) Metaspace: 3146K(4864K)->3146K(4864K) NonClass: 2841K(4352K)->2841K(4352K) Class: 305K(512K)->305K(512K)
[2026-06-17T09:51:42.560+0800][1.306s][info][gc             ] GC(49) Pause Young (Allocation Failure) 46M->39M(58M) 1.950ms
[2026-06-17T09:51:42.560+0800][1.306s][info][gc,cpu         ] GC(49) User=0.01s Sys=0.00s Real=0.00s
[2026-06-17T09:51:42.592+0800][1.338s][info][gc,start       ] GC(50) Pause Young (Allocation Failure)
[2026-06-17T09:51:42.593+0800][1.339s][info][gc,heap        ] GC(50) PSYoungGen: 12481K->2262K(15872K)
[2026-06-17T09:51:42.593+0800][1.339s][info][gc,heap        ] GC(50) ParOldGen: 38491K->38499K(44032K)
[2026-06-17T09:51:42.594+0800][1.339s][info][gc,metaspace   ] GC(50) Metaspace: 3151K(4864K)->3151K(4864K) NonClass: 2846K(4352K)->2846K(4352K) Class: 305K(512K)->305K(512K)
[2026-06-17T09:51:42.594+0800][1.340s][info][gc             ] GC(50) Pause Young (Allocation Failure) 49M->39M(58M) 1.614ms
[2026-06-17T09:51:42.594+0800][1.340s][info][gc,cpu         ] GC(50) User=0.00s Sys=0.00s Real=0.00s
[2026-06-17T09:51:42.615+0800][1.361s][info][gc,start       ] GC(51) Pause Young (Allocation Failure)
[2026-06-17T09:51:42.617+0800][1.362s][info][gc,heap        ] GC(51) PSYoungGen: 12500K->3742K(15360K)
[2026-06-17T09:51:42.617+0800][1.363s][info][gc,heap        ] GC(51) ParOldGen: 38499K->40350K(44032K)
[2026-06-17T09:51:42.617+0800][1.363s][info][gc,metaspace   ] GC(51) Metaspace: 3151K(4864K)->3151K(4864K) NonClass: 2846K(4352K)->2846K(4352K) Class: 305K(512K)->305K(512K)
[2026-06-17T09:51:42.617+0800][1.363s][info][gc             ] GC(51) Pause Young (Allocation Failure) 49M->43M(58M) 2.010ms
[2026-06-17T09:51:42.618+0800][1.363s][info][gc,cpu         ] GC(51) User=0.00s Sys=0.00s Real=0.00s
[2026-06-17T09:51:42.639+0800][1.385s][info][gc,start       ] GC(52) Pause Young (Allocation Failure)
[2026-06-17T09:51:42.642+0800][1.387s][info][gc,heap        ] GC(52) PSYoungGen: 13982K->5039K(15360K)
[2026-06-17T09:51:42.642+0800][1.388s][info][gc,heap        ] GC(52) ParOldGen: 40350K->42588K(44032K)
[2026-06-17T09:51:42.642+0800][1.388s][info][gc,metaspace   ] GC(52) Metaspace: 3151K(4864K)->3151K(4864K) NonClass: 2846K(4352K)->2846K(4352K) Class: 305K(512K)->305K(512K)
[2026-06-17T09:51:42.642+0800][1.388s][info][gc             ] GC(52) Pause Young (Allocation Failure) 53M->46M(58M) 3.189ms
[2026-06-17T09:51:42.643+0800][1.389s][info][gc,cpu         ] GC(52) User=0.00s Sys=0.00s Real=0.01s
[2026-06-17T09:51:42.643+0800][1.389s][info][gc,start       ] GC(53) Pause Full (Ergonomics)
[2026-06-17T09:51:42.643+0800][1.389s][info][gc,phases,start] GC(53) Marking Phase
[2026-06-17T09:51:42.645+0800][1.391s][info][gc,phases      ] GC(53) Marking Phase 1.347ms
[2026-06-17T09:51:42.645+0800][1.391s][info][gc,phases,start] GC(53) Summary Phase
[2026-06-17T09:51:42.645+0800][1.391s][info][gc,phases      ] GC(53) Summary Phase 0.122ms
[2026-06-17T09:51:42.645+0800][1.391s][info][gc,phases,start] GC(53) Adjust Roots
[2026-06-17T09:51:42.646+0800][1.392s][info][gc,phases      ] GC(53) Adjust Roots 0.782ms
[2026-06-17T09:51:42.646+0800][1.392s][info][gc,phases,start] GC(53) Compaction Phase
[2026-06-17T09:51:42.648+0800][1.394s][info][gc,phases      ] GC(53) Compaction Phase 2.001ms
[2026-06-17T09:51:42.648+0800][1.394s][info][gc,phases,start] GC(53) Post Compact
[2026-06-17T09:51:42.649+0800][1.394s][info][gc,phases      ] GC(53) Post Compact 0.211ms
[2026-06-17T09:51:42.649+0800][1.395s][info][gc,heap        ] GC(53) PSYoungGen: 5039K->0K(15360K)
[2026-06-17T09:51:42.649+0800][1.395s][info][gc,heap        ] GC(53) ParOldGen: 42588K->27204K(44032K)
[2026-06-17T09:51:42.649+0800][1.395s][info][gc,metaspace   ] GC(53) Metaspace: 3151K(4864K)->3151K(4864K) NonClass: 2846K(4352K)->2846K(4352K) Class: 305K(512K)->305K(512K)
[2026-06-17T09:51:42.650+0800][1.396s][info][gc             ] GC(53) Pause Full (Ergonomics) 46M->26M(58M) 6.705ms
[2026-06-17T09:51:42.650+0800][1.396s][info][gc,cpu         ] GC(53) User=0.01s Sys=0.00s Real=0.00s
[2026-06-17T09:51:42.672+0800][1.418s][info][gc,start       ] GC(54) Pause Young (Allocation Failure)
[2026-06-17T09:51:42.673+0800][1.419s][info][gc,heap        ] GC(54) PSYoungGen: 9169K->2153K(15360K)
[2026-06-17T09:51:42.674+0800][1.419s][info][gc,heap        ] GC(54) ParOldGen: 27204K->27204K(44032K)
[2026-06-17T09:51:42.674+0800][1.420s][info][gc,metaspace   ] GC(54) Metaspace: 3151K(4864K)->3151K(4864K) NonClass: 2846K(4352K)->2846K(4352K) Class: 305K(512K)->305K(512K)
[2026-06-17T09:51:42.674+0800][1.420s][info][gc             ] GC(54) Pause Young (Allocation Failure) 35M->28M(58M) 2.268ms
[2026-06-17T09:51:42.675+0800][1.421s][info][gc,cpu         ] GC(54) User=0.00s Sys=0.00s Real=0.00s
[2026-06-17T09:51:42.708+0800][1.454s][info][gc,start       ] GC(55) Pause Young (Allocation Failure)
[2026-06-17T09:51:42.709+0800][1.455s][info][gc,heap        ] GC(55) PSYoungGen: 11363K->2223K(15872K)
[2026-06-17T09:51:42.709+0800][1.455s][info][gc,heap        ] GC(55) ParOldGen: 27204K->29333K(44032K)
[2026-06-17T09:51:42.709+0800][1.455s][info][gc,metaspace   ] GC(55) Metaspace: 3151K(4864K)->3151K(4864K) NonClass: 2846K(4352K)->2846K(4352K) Class: 305K(512K)->305K(512K)
[2026-06-17T09:51:42.709+0800][1.455s][info][gc             ] GC(55) Pause Young (Allocation Failure) 37M->30M(58M) 1.232ms
[2026-06-17T09:51:42.709+0800][1.455s][info][gc,cpu         ] GC(55) User=0.00s Sys=0.00s Real=0.00s
[2026-06-17T09:51:42.730+0800][1.476s][info][gc,start       ] GC(56) Pause Young (Allocation Failure)
[2026-06-17T09:51:42.731+0800][1.477s][info][gc,heap        ] GC(56) PSYoungGen: 11917K->4833K(15360K)
[2026-06-17T09:51:42.731+0800][1.477s][info][gc,heap        ] GC(56) ParOldGen: 29333K->29792K(44032K)
[2026-06-17T09:51:42.732+0800][1.477s][info][gc,metaspace   ] GC(56) Metaspace: 3151K(4864K)->3151K(4864K) NonClass: 2846K(4352K)->2846K(4352K) Class: 305K(512K)->305K(512K)
[2026-06-17T09:51:42.732+0800][1.478s][info][gc             ] GC(56) Pause Young (Allocation Failure) 40M->33M(58M) 1.417ms
[2026-06-17T09:51:42.732+0800][1.478s][info][gc,cpu         ] GC(56) User=0.01s Sys=0.01s Real=0.01s
[2026-06-17T09:51:42.753+0800][1.499s][info][gc,start       ] GC(57) Pause Young (Allocation Failure)
[2026-06-17T09:51:42.754+0800][1.500s][info][gc,heap        ] GC(57) PSYoungGen: 14554K->6048K(13312K)
[2026-06-17T09:51:42.755+0800][1.500s][info][gc,heap        ] GC(57) ParOldGen: 29792K->31314K(44032K)
[2026-06-17T09:51:42.755+0800][1.501s][info][gc,metaspace   ] GC(57) Metaspace: 3151K(4864K)->3151K(4864K) NonClass: 2846K(4352K)->2846K(4352K) Class: 305K(512K)->305K(512K)
[2026-06-17T09:51:42.755+0800][1.501s][info][gc             ] GC(57) Pause Young (Allocation Failure) 43M->36M(56M) 1.765ms
[2026-06-17T09:51:42.755+0800][1.501s][info][gc,cpu         ] GC(57) User=0.00s Sys=0.00s Real=0.00s
[2026-06-17T09:51:42.776+0800][1.522s][info][gc,start       ] GC(58) Pause Young (Allocation Failure)
[2026-06-17T09:51:42.777+0800][1.523s][info][gc,heap        ] GC(58) PSYoungGen: 13209K->2973K(14336K)
[2026-06-17T09:51:42.778+0800][1.524s][info][gc,heap        ] GC(58) ParOldGen: 31314K->34753K(44032K)
[2026-06-17T09:51:42.778+0800][1.524s][info][gc,metaspace   ] GC(58) Metaspace: 3151K(4864K)->3151K(4864K) NonClass: 2846K(4352K)->2846K(4352K) Class: 305K(512K)->305K(512K)
[2026-06-17T09:51:42.778+0800][1.524s][info][gc             ] GC(58) Pause Young (Allocation Failure) 43M->36M(57M) 2.427ms
[2026-06-17T09:51:42.779+0800][1.524s][info][gc,cpu         ] GC(58) User=0.00s Sys=0.00s Real=0.00s
[2026-06-17T09:51:42.800+0800][1.546s][info][gc,start       ] GC(59) Pause Young (Allocation Failure)
[2026-06-17T09:51:42.801+0800][1.547s][info][gc,heap        ] GC(59) PSYoungGen: 10108K->2649K(14848K)
[2026-06-17T09:51:42.801+0800][1.547s][info][gc,heap        ] GC(59) ParOldGen: 34753K->34753K(44032K)
[2026-06-17T09:51:42.801+0800][1.547s][info][gc,metaspace   ] GC(59) Metaspace: 3151K(4864K)->3151K(4864K) NonClass: 2846K(4352K)->2846K(4352K) Class: 305K(512K)->305K(512K)
[2026-06-17T09:51:42.802+0800][1.547s][info][gc             ] GC(59) Pause Young (Allocation Failure) 43M->36M(57M) 1.644ms
[2026-06-17T09:51:42.802+0800][1.548s][info][gc,cpu         ] GC(59) User=0.00s Sys=0.00s Real=0.00s
[2026-06-17T09:51:42.823+0800][1.569s][info][gc,start       ] GC(60) Pause Young (Allocation Failure)
[2026-06-17T09:51:42.824+0800][1.570s][info][gc,heap        ] GC(60) PSYoungGen: 10826K->1874K(14848K)
[2026-06-17T09:51:42.824+0800][1.570s][info][gc,heap        ] GC(60) ParOldGen: 34753K->37086K(44032K)
[2026-06-17T09:51:42.825+0800][1.571s][info][gc,metaspace   ] GC(60) Metaspace: 3151K(4864K)->3151K(4864K) NonClass: 2846K(4352K)->2846K(4352K) Class: 305K(512K)->305K(512K)
[2026-06-17T09:51:42.825+0800][1.571s][info][gc             ] GC(60) Pause Young (Allocation Failure) 44M->38M(57M) 1.696ms
[2026-06-17T09:51:42.825+0800][1.571s][info][gc,cpu         ] GC(60) User=0.00s Sys=0.00s Real=0.00s
[2026-06-17T09:51:42.847+0800][1.592s][info][gc,start       ] GC(61) Pause Young (Allocation Failure)
[2026-06-17T09:51:42.892+0800][1.638s][info][gc,heap        ] GC(61) PSYoungGen: 10054K->1395K(14848K)
[2026-06-17T09:51:42.893+0800][1.639s][info][gc,heap        ] GC(61) ParOldGen: 37086K->38904K(44032K)
[2026-06-17T09:51:42.894+0800][1.639s][info][gc,metaspace   ] GC(61) Metaspace: 3151K(4864K)->3151K(4864K) NonClass: 2846K(4352K)->2846K(4352K) Class: 305K(512K)->305K(512K)
[2026-06-17T09:51:42.894+0800][1.640s][info][gc             ] GC(61) Pause Young (Allocation Failure) 46M->39M(57M) 47.212ms
[2026-06-17T09:51:42.894+0800][1.640s][info][gc,cpu         ] GC(61) User=0.00s Sys=0.00s Real=0.05s
[2026-06-17T09:51:42.916+0800][1.662s][info][gc,start       ] GC(62) Pause Young (Allocation Failure)
[2026-06-17T09:51:42.932+0800][1.678s][info][gc,heap        ] GC(62) PSYoungGen: 9578K->2696K(14848K)
[2026-06-17T09:51:42.934+0800][1.680s][info][gc,heap        ] GC(62) ParOldGen: 38904K->38904K(44032K)
[2026-06-17T09:51:42.939+0800][1.684s][info][gc,metaspace   ] GC(62) Metaspace: 3151K(4864K)->3151K(4864K) NonClass: 2846K(4352K)->2846K(4352K) Class: 305K(512K)->305K(512K)
[2026-06-17T09:51:42.967+0800][1.713s][info][gc             ] GC(62) Pause Young (Allocation Failure) 47M->40M(57M) 51.154ms
[2026-06-17T09:51:42.967+0800][1.713s][info][gc,cpu         ] GC(62) User=0.00s Sys=0.00s Real=0.05s
[2026-06-17T09:51:42.979+0800][1.725s][info][gc,start       ] GC(63) Pause Young (Allocation Failure)
[2026-06-17T09:51:42.984+0800][1.729s][info][gc,heap        ] GC(63) PSYoungGen: 10700K->1179K(15360K)
[2026-06-17T09:51:42.984+0800][1.730s][info][gc,heap        ] GC(63) ParOldGen: 38904K->41232K(44032K)
[2026-06-17T09:51:42.984+0800][1.730s][info][gc,metaspace   ] GC(63) Metaspace: 3151K(4864K)->3151K(4864K) NonClass: 2846K(4352K)->2846K(4352K) Class: 305K(512K)->305K(512K)
[2026-06-17T09:51:42.985+0800][1.731s][info][gc             ] GC(63) Pause Young (Allocation Failure) 48M->41M(58M) 5.980ms
[2026-06-17T09:51:42.985+0800][1.731s][info][gc,cpu         ] GC(63) User=0.00s Sys=0.00s Real=0.01s
[2026-06-17T09:51:42.986+0800][1.732s][info][gc,start       ] GC(64) Pause Full (Ergonomics)
[2026-06-17T09:51:42.986+0800][1.732s][info][gc,phases,start] GC(64) Marking Phase
[2026-06-17T09:51:42.987+0800][1.733s][info][gc,phases      ] GC(64) Marking Phase 1.286ms
[2026-06-17T09:51:42.988+0800][1.734s][info][gc,phases,start] GC(64) Summary Phase
[2026-06-17T09:51:42.988+0800][1.734s][info][gc,phases      ] GC(64) Summary Phase 0.289ms
[2026-06-17T09:51:42.989+0800][1.734s][info][gc,phases,start] GC(64) Adjust Roots
[2026-06-17T09:51:42.989+0800][1.735s][info][gc,phases      ] GC(64) Adjust Roots 0.446ms
[2026-06-17T09:51:42.990+0800][1.735s][info][gc,phases,start] GC(64) Compaction Phase
[2026-06-17T09:51:42.992+0800][1.737s][info][gc,phases      ] GC(64) Compaction Phase 2.070ms
[2026-06-17T09:51:42.992+0800][1.738s][info][gc,phases,start] GC(64) Post Compact
[2026-06-17T09:51:42.993+0800][1.738s][info][gc,phases      ] GC(64) Post Compact 0.408ms
[2026-06-17T09:51:42.993+0800][1.739s][info][gc,heap        ] GC(64) PSYoungGen: 1179K->0K(15360K)
[2026-06-17T09:51:42.993+0800][1.739s][info][gc,heap        ] GC(64) ParOldGen: 41232K->28794K(44032K)
[2026-06-17T09:51:42.994+0800][1.740s][info][gc,metaspace   ] GC(64) Metaspace: 3151K(4864K)->3151K(4864K) NonClass: 2846K(4352K)->2846K(4352K) Class: 305K(512K)->305K(512K)
[2026-06-17T09:51:42.994+0800][1.740s][info][gc             ] GC(64) Pause Full (Ergonomics) 41M->28M(58M) 8.291ms
[2026-06-17T09:51:42.994+0800][1.740s][info][gc,cpu         ] GC(64) User=0.00s Sys=0.00s Real=0.01s
[2026-06-17T09:51:43.026+0800][1.772s][info][gc,start       ] GC(65) Pause Young (Allocation Failure)
[2026-06-17T09:51:43.029+0800][1.775s][info][gc,heap        ] GC(65) PSYoungGen: 9209K->2263K(15872K)
[2026-06-17T09:51:43.030+0800][1.775s][info][gc,heap        ] GC(65) ParOldGen: 28794K->28794K(44032K)
[2026-06-17T09:51:43.039+0800][1.784s][info][gc,metaspace   ] GC(65) Metaspace: 3151K(4864K)->3151K(4864K) NonClass: 2846K(4352K)->2846K(4352K) Class: 305K(512K)->305K(512K)
[2026-06-17T09:51:43.039+0800][1.785s][info][gc             ] GC(65) Pause Young (Allocation Failure) 37M->30M(58M) 12.508ms
[2026-06-17T09:51:43.045+0800][1.791s][info][gc,cpu         ] GC(65) User=0.00s Sys=0.00s Real=0.02s
[2026-06-17T09:51:43.068+0800][1.814s][info][gc,start       ] GC(66) Pause Young (Allocation Failure)
[2026-06-17T09:51:43.069+0800][1.815s][info][gc,heap        ] GC(66) PSYoungGen: 11991K->4316K(15360K)
[2026-06-17T09:51:43.070+0800][1.816s][info][gc,heap        ] GC(66) ParOldGen: 28794K->29808K(44032K)
[2026-06-17T09:51:43.071+0800][1.816s][info][gc,metaspace   ] GC(66) Metaspace: 3151K(4864K)->3151K(4864K) NonClass: 2846K(4352K)->2846K(4352K) Class: 305K(512K)->305K(512K)
[2026-06-17T09:51:43.073+0800][1.819s][info][gc             ] GC(66) Pause Young (Allocation Failure) 39M->33M(58M) 4.693ms
[2026-06-17T09:51:43.074+0800][1.819s][info][gc,cpu         ] GC(66) User=0.00s Sys=0.00s Real=0.01s
[2026-06-17T09:51:43.098+0800][1.844s][info][gc,start       ] GC(67) Pause Young (Allocation Failure)
[2026-06-17T09:51:43.100+0800][1.846s][info][gc,heap        ] GC(67) PSYoungGen: 14044K->3750K(15360K)
[2026-06-17T09:51:43.100+0800][1.846s][info][gc,heap        ] GC(67) ParOldGen: 29808K->33127K(44032K)
[2026-06-17T09:51:43.101+0800][1.847s][info][gc,metaspace   ] GC(67) Metaspace: 3151K(4864K)->3151K(4864K) NonClass: 2846K(4352K)->2846K(4352K) Class: 305K(512K)->305K(512K)
[2026-06-17T09:51:43.102+0800][1.848s][info][gc             ] GC(67) Pause Young (Allocation Failure) 42M->36M(58M) 4.685ms
[2026-06-17T09:51:43.103+0800][1.849s][info][gc,cpu         ] GC(67) User=0.00s Sys=0.00s Real=0.01s
[2026-06-17T09:51:43.125+0800][1.871s][info][gc,start       ] GC(68) Pause Young (Allocation Failure)
[2026-06-17T09:51:43.127+0800][1.873s][info][gc,heap        ] GC(68) PSYoungGen: 12939K->776K(15360K)
[2026-06-17T09:51:43.127+0800][1.873s][info][gc,heap        ] GC(68) ParOldGen: 33127K->34963K(44032K)
[2026-06-17T09:51:43.127+0800][1.873s][info][gc,metaspace   ] GC(68) Metaspace: 3151K(4864K)->3151K(4864K) NonClass: 2846K(4352K)->2846K(4352K) Class: 305K(512K)->305K(512K)
[2026-06-17T09:51:43.128+0800][1.874s][info][gc             ] GC(68) Pause Young (Allocation Failure) 44M->34M(58M) 2.439ms
[2026-06-17T09:51:43.128+0800][1.874s][info][gc,cpu         ] GC(68) User=0.00s Sys=0.00s Real=0.00s
[2026-06-17T09:51:43.161+0800][1.907s][info][gc,start       ] GC(69) Pause Young (Allocation Failure)
[2026-06-17T09:51:43.162+0800][1.908s][info][gc,heap        ] GC(69) PSYoungGen: 9981K->2268K(15360K)
[2026-06-17T09:51:43.163+0800][1.909s][info][gc,heap        ] GC(69) ParOldGen: 34963K->35715K(44032K)
[2026-06-17T09:51:43.163+0800][1.909s][info][gc,metaspace   ] GC(69) Metaspace: 3151K(4864K)->3151K(4864K) NonClass: 2846K(4352K)->2846K(4352K) Class: 305K(512K)->305K(512K)
[2026-06-17T09:51:43.164+0800][1.910s][info][gc             ] GC(69) Pause Young (Allocation Failure) 43M->37M(58M) 3.045ms
[2026-06-17T09:51:43.164+0800][1.910s][info][gc,cpu         ] GC(69) User=0.00s Sys=0.00s Real=0.01s
[2026-06-17T09:51:43.187+0800][1.933s][info][gc,start       ] GC(70) Pause Young (Allocation Failure)
[2026-06-17T09:51:43.189+0800][1.935s][info][gc,heap        ] GC(70) PSYoungGen: 11473K->3940K(15360K)
[2026-06-17T09:51:43.191+0800][1.937s][info][gc,heap        ] GC(70) ParOldGen: 35715K->36872K(44032K)
[2026-06-17T09:51:43.192+0800][1.938s][info][gc,metaspace   ] GC(70) Metaspace: 3151K(4864K)->3151K(4864K) NonClass: 2846K(4352K)->2846K(4352K) Class: 305K(512K)->305K(512K)
[2026-06-17T09:51:43.194+0800][1.940s][info][gc             ] GC(70) Pause Young (Allocation Failure) 46M->39M(58M) 6.965ms
[2026-06-17T09:51:43.195+0800][1.941s][info][gc,cpu         ] GC(70) User=0.01s Sys=0.00s Real=0.01s
[2026-06-17T09:51:43.219+0800][1.965s][info][gc,start       ] GC(71) Pause Young (Allocation Failure)
[2026-06-17T09:51:43.221+0800][1.967s][info][gc,heap        ] GC(71) PSYoungGen: 13115K->4306K(14336K)
[2026-06-17T09:51:43.222+0800][1.968s][info][gc,heap        ] GC(71) ParOldGen: 36872K->38646K(44032K)
[2026-06-17T09:51:43.222+0800][1.968s][info][gc,metaspace   ] GC(71) Metaspace: 3151K(4864K)->3151K(4864K) NonClass: 2846K(4352K)->2846K(4352K) Class: 305K(512K)->305K(512K)
[2026-06-17T09:51:43.223+0800][1.969s][info][gc             ] GC(71) Pause Young (Allocation Failure) 48M->41M(57M) 4.240ms
[2026-06-17T09:51:43.224+0800][1.969s][info][gc,cpu         ] GC(71) User=0.00s Sys=0.01s Real=0.01s
[2026-06-17T09:51:43.247+0800][1.992s][info][gc,start       ] GC(72) Pause Young (Allocation Failure)
[2026-06-17T09:51:43.248+0800][1.994s][info][gc,heap        ] GC(72) PSYoungGen: 12462K->472K(14848K)
[2026-06-17T09:51:43.249+0800][1.995s][info][gc,heap        ] GC(72) ParOldGen: 38646K->40181K(44032K)
[2026-06-17T09:51:43.250+0800][1.996s][info][gc,metaspace   ] GC(72) Metaspace: 3151K(4864K)->3151K(4864K) NonClass: 2846K(4352K)->2846K(4352K) Class: 305K(512K)->305K(512K)
[2026-06-17T09:51:43.251+0800][1.996s][info][gc             ] GC(72) Pause Young (Allocation Failure) 49M->39M(57M) 3.915ms
[2026-06-17T09:51:43.251+0800][1.997s][info][gc,cpu         ] GC(72) User=0.00s Sys=0.00s Real=0.01s
[2026-06-17T09:51:43.285+0800][2.031s][info][gc,start       ] GC(73) Pause Young (Allocation Failure)
[2026-06-17T09:51:43.287+0800][2.033s][info][gc,heap        ] GC(73) PSYoungGen: 8655K->1209K(14848K)
[2026-06-17T09:51:43.288+0800][2.034s][info][gc,heap        ] GC(73) ParOldGen: 40181K->40629K(44032K)
[2026-06-17T09:51:43.289+0800][2.035s][info][gc,metaspace   ] GC(73) Metaspace: 3151K(4864K)->3151K(4864K) NonClass: 2846K(4352K)->2846K(4352K) Class: 305K(512K)->305K(512K)
[2026-06-17T09:51:43.289+0800][2.035s][info][gc             ] GC(73) Pause Young (Allocation Failure) 47M->40M(57M) 4.713ms
[2026-06-17T09:51:43.290+0800][2.036s][info][gc,cpu         ] GC(73) User=0.01s Sys=0.00s Real=0.00s
[2026-06-17T09:51:43.303+0800][2.049s][info][gc,start       ] GC(74) Pause Young (Allocation Failure)
[2026-06-17T09:51:43.305+0800][2.051s][info][gc,heap        ] GC(74) PSYoungGen: 9362K->4824K(14848K)
[2026-06-17T09:51:43.306+0800][2.052s][info][gc,heap        ] GC(74) ParOldGen: 40629K->41754K(44032K)
[2026-06-17T09:51:43.306+0800][2.052s][info][gc,metaspace   ] GC(74) Metaspace: 3151K(4864K)->3151K(4864K) NonClass: 2846K(4352K)->2846K(4352K) Class: 305K(512K)->305K(512K)
[2026-06-17T09:51:43.307+0800][2.053s][info][gc             ] GC(74) Pause Young (Allocation Failure) 48M->45M(57M) 4.093ms
[2026-06-17T09:51:43.307+0800][2.053s][info][gc,cpu         ] GC(74) User=0.00s Sys=0.00s Real=0.00s
[2026-06-17T09:51:43.308+0800][2.054s][info][gc,start       ] GC(75) Pause Full (Ergonomics)
[2026-06-17T09:51:43.309+0800][2.054s][info][gc,phases,start] GC(75) Marking Phase
[2026-06-17T09:51:43.310+0800][2.056s][info][gc,phases      ] GC(75) Marking Phase 1.818ms
[2026-06-17T09:51:43.311+0800][2.057s][info][gc,phases,start] GC(75) Summary Phase
[2026-06-17T09:51:43.312+0800][2.058s][info][gc,phases      ] GC(75) Summary Phase 0.874ms
[2026-06-17T09:51:43.312+0800][2.058s][info][gc,phases,start] GC(75) Adjust Roots
[2026-06-17T09:51:43.312+0800][2.058s][info][gc,phases      ] GC(75) Adjust Roots 0.307ms
[2026-06-17T09:51:43.313+0800][2.058s][info][gc,phases,start] GC(75) Compaction Phase
[2026-06-17T09:51:43.314+0800][2.060s][info][gc,phases      ] GC(75) Compaction Phase 1.731ms
[2026-06-17T09:51:43.315+0800][2.060s][info][gc,phases,start] GC(75) Post Compact
[2026-06-17T09:51:43.315+0800][2.061s][info][gc,phases      ] GC(75) Post Compact 0.242ms
[2026-06-17T09:51:43.315+0800][2.061s][info][gc,heap        ] GC(75) PSYoungGen: 4824K->0K(14848K)
[2026-06-17T09:51:43.315+0800][2.061s][info][gc,heap        ] GC(75) ParOldGen: 41754K->26040K(44032K)
[2026-06-17T09:51:43.315+0800][2.061s][info][gc,metaspace   ] GC(75) Metaspace: 3151K(4864K)->3151K(4864K) NonClass: 2846K(4352K)->2846K(4352K) Class: 305K(512K)->305K(512K)
[2026-06-17T09:51:43.315+0800][2.061s][info][gc             ] GC(75) Pause Full (Ergonomics) 45M->25M(57M) 7.187ms
[2026-06-17T09:51:43.315+0800][2.061s][info][gc,cpu         ] GC(75) User=0.00s Sys=0.00s Real=0.01s
[2026-06-17T09:51:43.337+0800][2.083s][info][gc,start       ] GC(76) Pause Young (Allocation Failure)
[2026-06-17T09:51:43.339+0800][2.085s][info][gc,heap        ] GC(76) PSYoungGen: 8148K->4473K(12800K)
[2026-06-17T09:51:43.340+0800][2.086s][info][gc,heap        ] GC(76) ParOldGen: 26040K->26040K(44032K)
[2026-06-17T09:51:43.341+0800][2.087s][info][gc,metaspace   ] GC(76) Metaspace: 3151K(4864K)->3151K(4864K) NonClass: 2846K(4352K)->2846K(4352K) Class: 305K(512K)->305K(512K)
[2026-06-17T09:51:43.342+0800][2.087s][info][gc             ] GC(76) Pause Young (Allocation Failure) 33M->29M(55M) 4.237ms
[2026-06-17T09:51:43.342+0800][2.088s][info][gc,cpu         ] GC(76) User=0.00s Sys=0.00s Real=0.00s
[2026-06-17T09:51:43.363+0800][2.109s][info][gc,start       ] GC(77) Pause Young (Allocation Failure)
[2026-06-17T09:51:43.365+0800][2.111s][info][gc,heap        ] GC(77) PSYoungGen: 12661K->3530K(14336K)
[2026-06-17T09:51:43.365+0800][2.111s][info][gc,heap        ] GC(77) ParOldGen: 26040K->28024K(44032K)
[2026-06-17T09:51:43.365+0800][2.111s][info][gc,metaspace   ] GC(77) Metaspace: 3151K(4864K)->3151K(4864K) NonClass: 2846K(4352K)->2846K(4352K) Class: 305K(512K)->305K(512K)
[2026-06-17T09:51:43.366+0800][2.111s][info][gc             ] GC(77) Pause Young (Allocation Failure) 37M->30M(57M) 2.127ms
[2026-06-17T09:51:43.366+0800][2.112s][info][gc,cpu         ] GC(77) User=0.00s Sys=0.00s Real=0.00s
[2026-06-17T09:51:43.377+0800][2.123s][info][gc,start       ] GC(78) Pause Young (Allocation Failure)
[2026-06-17T09:51:43.378+0800][2.124s][info][gc,heap        ] GC(78) PSYoungGen: 10579K->1518K(14336K)
[2026-06-17T09:51:43.378+0800][2.124s][info][gc,heap        ] GC(78) ParOldGen: 28024K->30253K(44032K)
[2026-06-17T09:51:43.379+0800][2.125s][info][gc,metaspace   ] GC(78) Metaspace: 3151K(4864K)->3151K(4864K) NonClass: 2846K(4352K)->2846K(4352K) Class: 305K(512K)->305K(512K)
[2026-06-17T09:51:43.379+0800][2.125s][info][gc             ] GC(78) Pause Young (Allocation Failure) 37M->31M(57M) 1.949ms
[2026-06-17T09:51:43.379+0800][2.125s][info][gc,cpu         ] GC(78) User=0.00s Sys=0.00s Real=0.00s
[2026-06-17T09:51:43.401+0800][2.147s][info][gc,start       ] GC(79) Pause Young (Allocation Failure)
[2026-06-17T09:51:43.404+0800][2.149s][info][gc,heap        ] GC(79) PSYoungGen: 8679K->3851K(14848K)
[2026-06-17T09:51:43.404+0800][2.150s][info][gc,heap        ] GC(79) ParOldGen: 30253K->31747K(44032K)
[2026-06-17T09:51:43.405+0800][2.151s][info][gc,metaspace   ] GC(79) Metaspace: 3151K(4864K)->3151K(4864K) NonClass: 2846K(4352K)->2846K(4352K) Class: 305K(512K)->305K(512K)
[2026-06-17T09:51:43.405+0800][2.151s][info][gc             ] GC(79) Pause Young (Allocation Failure) 38M->34M(57M) 3.989ms
[2026-06-17T09:51:43.406+0800][2.152s][info][gc,cpu         ] GC(79) User=0.01s Sys=0.00s Real=0.01s
[2026-06-17T09:51:43.429+0800][2.174s][info][gc,start       ] GC(80) Pause Young (Allocation Failure)
[2026-06-17T09:51:43.430+0800][2.176s][info][gc,heap        ] GC(80) PSYoungGen: 12008K->4695K(13312K)
[2026-06-17T09:51:43.431+0800][2.177s][info][gc,heap        ] GC(80) ParOldGen: 31747K->32468K(44032K)
[2026-06-17T09:51:43.431+0800][2.177s][info][gc,metaspace   ] GC(80) Metaspace: 3151K(4864K)->3151K(4864K) NonClass: 2846K(4352K)->2846K(4352K) Class: 305K(512K)->305K(512K)
[2026-06-17T09:51:43.432+0800][2.178s][info][gc             ] GC(80) Pause Young (Allocation Failure) 42M->36M(56M) 3.044ms
[2026-06-17T09:51:43.432+0800][2.178s][info][gc,cpu         ] GC(80) User=0.00s Sys=0.00s Real=0.01s
[2026-06-17T09:51:43.454+0800][2.200s][info][gc,start       ] GC(81) Pause Young (Allocation Failure)
[2026-06-17T09:51:43.456+0800][2.202s][info][gc,heap        ] GC(81) PSYoungGen: 12663K->32K(14336K)
[2026-06-17T09:51:43.457+0800][2.203s][info][gc,heap        ] GC(81) ParOldGen: 32468K->34325K(44032K)
[2026-06-17T09:51:43.457+0800][2.203s][info][gc,metaspace   ] GC(81) Metaspace: 3151K(4864K)->3151K(4864K) NonClass: 2846K(4352K)->2846K(4352K) Class: 305K(512K)->305K(512K)
[2026-06-17T09:51:43.457+0800][2.203s][info][gc             ] GC(81) Pause Young (Allocation Failure) 44M->33M(57M) 3.155ms
[2026-06-17T09:51:43.458+0800][2.204s][info][gc,cpu         ] GC(81) User=0.00s Sys=0.00s Real=0.00s
[2026-06-17T09:51:43.480+0800][2.226s][info][gc,start       ] GC(82) Pause Young (Allocation Failure)
[2026-06-17T09:51:43.482+0800][2.228s][info][gc,heap        ] GC(82) PSYoungGen: 7176K->3445K(14336K)
[2026-06-17T09:51:43.482+0800][2.228s][info][gc,heap        ] GC(82) ParOldGen: 34325K->34333K(44032K)
[2026-06-17T09:51:43.482+0800][2.228s][info][gc,metaspace   ] GC(82) Metaspace: 3151K(4864K)->3151K(4864K) NonClass: 2846K(4352K)->2846K(4352K) Class: 305K(512K)->305K(512K)
[2026-06-17T09:51:43.483+0800][2.229s][info][gc             ] GC(82) Pause Young (Allocation Failure) 40M->36M(57M) 2.727ms
[2026-06-17T09:51:43.483+0800][2.229s][info][gc,cpu         ] GC(82) User=0.00s Sys=0.00s Real=0.01s
[2026-06-17T09:51:43.505+0800][2.251s][info][gc,start       ] GC(83) Pause Young (Allocation Failure)
[2026-06-17T09:51:43.507+0800][2.253s][info][gc,heap        ] GC(83) PSYoungGen: 10582K->2019K(14848K)
[2026-06-17T09:51:43.508+0800][2.254s][info][gc,heap        ] GC(83) ParOldGen: 34333K->36246K(44032K)
[2026-06-17T09:51:43.508+0800][2.254s][info][gc,metaspace   ] GC(83) Metaspace: 3151K(4864K)->3151K(4864K) NonClass: 2846K(4352K)->2846K(4352K) Class: 305K(512K)->305K(512K)
[2026-06-17T09:51:43.509+0800][2.255s][info][gc             ] GC(83) Pause Young (Allocation Failure) 43M->37M(57M) 3.866ms
[2026-06-17T09:51:43.509+0800][2.255s][info][gc,cpu         ] GC(83) User=0.00s Sys=0.00s Real=0.00s
[2026-06-17T09:51:43.532+0800][2.278s][info][gc,start       ] GC(84) Pause Young (Allocation Failure)
[2026-06-17T09:51:43.533+0800][2.279s][info][gc,heap        ] GC(84) PSYoungGen: 9699K->1021K(14336K)
[2026-06-17T09:51:43.534+0800][2.280s][info][gc,heap        ] GC(84) ParOldGen: 36246K->37885K(44032K)
[2026-06-17T09:51:43.534+0800][2.280s][info][gc,metaspace   ] GC(84) Metaspace: 3151K(4864K)->3151K(4864K) NonClass: 2846K(4352K)->2846K(4352K) Class: 305K(512K)->305K(512K)
[2026-06-17T09:51:43.534+0800][2.280s][info][gc             ] GC(84) Pause Young (Allocation Failure) 44M->37M(57M) 2.009ms
[2026-06-17T09:51:43.535+0800][2.281s][info][gc,cpu         ] GC(84) User=0.00s Sys=0.00s Real=0.00s
[2026-06-17T09:51:43.546+0800][2.292s][info][gc,start       ] GC(85) Pause Young (Allocation Failure)
[2026-06-17T09:51:43.547+0800][2.293s][info][gc,heap        ] GC(85) PSYoungGen: 8655K->4192K(13824K)
[2026-06-17T09:51:43.548+0800][2.294s][info][gc,heap        ] GC(85) ParOldGen: 37885K->38850K(44032K)
[2026-06-17T09:51:43.548+0800][2.294s][info][gc,metaspace   ] GC(85) Metaspace: 3151K(4864K)->3151K(4864K) NonClass: 2846K(4352K)->2846K(4352K) Class: 305K(512K)->305K(512K)
[2026-06-17T09:51:43.549+0800][2.294s][info][gc             ] GC(85) Pause Young (Allocation Failure) 45M->42M(56M) 2.449ms
[2026-06-17T09:51:43.549+0800][2.295s][info][gc,cpu         ] GC(85) User=0.00s Sys=0.00s Real=0.00s
[2026-06-17T09:51:43.570+0800][2.316s][info][gc,start       ] GC(86) Pause Young (Allocation Failure)
[2026-06-17T09:51:43.573+0800][2.318s][info][gc,heap        ] GC(86) PSYoungGen: 11350K->2365K(14336K)
[2026-06-17T09:51:43.573+0800][2.319s][info][gc,heap        ] GC(86) ParOldGen: 38850K->40778K(44032K)
[2026-06-17T09:51:43.574+0800][2.320s][info][gc,metaspace   ] GC(86) Metaspace: 3151K(4864K)->3151K(4864K) NonClass: 2846K(4352K)->2846K(4352K) Class: 305K(512K)->305K(512K)
[2026-06-17T09:51:43.574+0800][2.320s][info][gc             ] GC(86) Pause Young (Allocation Failure) 49M->42M(57M) 3.872ms
[2026-06-17T09:51:43.575+0800][2.321s][info][gc,cpu         ] GC(86) User=0.00s Sys=0.00s Real=0.01s
[2026-06-17T09:51:43.598+0800][2.343s][info][gc,start       ] GC(87) Pause Young (Allocation Failure)
[2026-06-17T09:51:43.599+0800][2.345s][info][gc,heap        ] GC(87) PSYoungGen: 9515K->2514K(15360K)
[2026-06-17T09:51:43.600+0800][2.346s][info][gc,heap        ] GC(87) ParOldGen: 40778K->40778K(44032K)
[2026-06-17T09:51:43.601+0800][2.347s][info][gc,metaspace   ] GC(87) Metaspace: 3151K(4864K)->3151K(4864K) NonClass: 2846K(4352K)->2846K(4352K) Class: 305K(512K)->305K(512K)
[2026-06-17T09:51:43.602+0800][2.347s][info][gc             ] GC(87) Pause Young (Allocation Failure) 49M->42M(58M) 3.883ms
[2026-06-17T09:51:43.602+0800][2.348s][info][gc,cpu         ] GC(87) User=0.00s Sys=0.00s Real=0.00s
[2026-06-17T09:51:43.625+0800][2.370s][info][gc,start       ] GC(88) Pause Young (Allocation Failure)
[2026-06-17T09:51:43.627+0800][2.373s][info][gc,heap        ] GC(88) PSYoungGen: 11212K->2173K(14848K)
[2026-06-17T09:51:43.628+0800][2.373s][info][gc,heap        ] GC(88) ParOldGen: 40778K->42809K(44032K)
[2026-06-17T09:51:43.628+0800][2.374s][info][gc,metaspace   ] GC(88) Metaspace: 3151K(4864K)->3151K(4864K) NonClass: 2846K(4352K)->2846K(4352K) Class: 305K(512K)->305K(512K)
[2026-06-17T09:51:43.629+0800][2.375s][info][gc             ] GC(88) Pause Young (Allocation Failure) 50M->43M(57M) 4.055ms
[2026-06-17T09:51:43.629+0800][2.375s][info][gc,cpu         ] GC(88) User=0.00s Sys=0.00s Real=0.00s
[2026-06-17T09:51:43.630+0800][2.375s][info][gc,start       ] GC(89) Pause Full (Ergonomics)
[2026-06-17T09:51:43.630+0800][2.376s][info][gc,phases,start] GC(89) Marking Phase
[2026-06-17T09:51:43.631+0800][2.377s][info][gc,phases      ] GC(89) Marking Phase 1.400ms
[2026-06-17T09:51:43.632+0800][2.378s][info][gc,phases,start] GC(89) Summary Phase
[2026-06-17T09:51:43.632+0800][2.378s][info][gc,phases      ] GC(89) Summary Phase 0.242ms
[2026-06-17T09:51:43.632+0800][2.378s][info][gc,phases,start] GC(89) Adjust Roots
[2026-06-17T09:51:43.633+0800][2.379s][info][gc,phases      ] GC(89) Adjust Roots 0.531ms
[2026-06-17T09:51:43.633+0800][2.379s][info][gc,phases,start] GC(89) Compaction Phase
[2026-06-17T09:51:43.635+0800][2.381s][info][gc,phases      ] GC(89) Compaction Phase 2.240ms
[2026-06-17T09:51:43.635+0800][2.381s][info][gc,phases,start] GC(89) Post Compact
[2026-06-17T09:51:43.636+0800][2.382s][info][gc,phases      ] GC(89) Post Compact 0.219ms
[2026-06-17T09:51:43.636+0800][2.382s][info][gc,heap        ] GC(89) PSYoungGen: 2173K->0K(15360K)
[2026-06-17T09:51:43.636+0800][2.382s][info][gc,heap        ] GC(89) ParOldGen: 42809K->26096K(44032K)
[2026-06-17T09:51:43.636+0800][2.382s][info][gc,metaspace   ] GC(89) Metaspace: 3151K(4864K)->3151K(4864K) NonClass: 2846K(4352K)->2846K(4352K) Class: 305K(512K)->305K(512K)
[2026-06-17T09:51:43.636+0800][2.382s][info][gc             ] GC(89) Pause Full (Ergonomics) 43M->25M(58M) 6.787ms
[2026-06-17T09:51:43.636+0800][2.382s][info][gc,cpu         ] GC(89) User=0.01s Sys=0.00s Real=0.01s
[2026-06-17T09:51:43.658+0800][2.403s][info][gc,start       ] GC(90) Pause Young (Allocation Failure)
[2026-06-17T09:51:43.659+0800][2.404s][info][gc,heap        ] GC(90) PSYoungGen: 9203K->6102K(15360K)
[2026-06-17T09:51:43.659+0800][2.405s][info][gc,heap        ] GC(90) ParOldGen: 26096K->26140K(44032K)
[2026-06-17T09:51:43.659+0800][2.405s][info][gc,metaspace   ] GC(90) Metaspace: 3151K(4864K)->3151K(4864K) NonClass: 2846K(4352K)->2846K(4352K) Class: 305K(512K)->305K(512K)
[2026-06-17T09:51:43.659+0800][2.405s][info][gc             ] GC(90) Pause Young (Allocation Failure) 34M->31M(58M) 1.676ms
[2026-06-17T09:51:43.659+0800][2.405s][info][gc,cpu         ] GC(90) User=0.00s Sys=0.00s Real=0.00s
[2026-06-17T09:51:43.681+0800][2.427s][info][gc,start       ] GC(91) Pause Young (Allocation Failure)
[2026-06-17T09:51:43.682+0800][2.428s][info][gc,heap        ] GC(91) PSYoungGen: 15276K->5208K(13312K)
[2026-06-17T09:51:43.682+0800][2.428s][info][gc,heap        ] GC(91) ParOldGen: 26140K->29196K(44032K)
[2026-06-17T09:51:43.683+0800][2.428s][info][gc,metaspace   ] GC(91) Metaspace: 3151K(4864K)->3151K(4864K) NonClass: 2846K(4352K)->2846K(4352K) Class: 305K(512K)->305K(512K)
[2026-06-17T09:51:43.683+0800][2.429s][info][gc             ] GC(91) Pause Young (Allocation Failure) 40M->33M(56M) 1.823ms
[2026-06-17T09:51:43.683+0800][2.429s][info][gc,cpu         ] GC(91) User=0.00s Sys=0.00s Real=0.01s
[2026-06-17T09:51:43.704+0800][2.450s][info][gc,start       ] GC(92) Pause Young (Allocation Failure)
[2026-06-17T09:51:43.705+0800][2.451s][info][gc,heap        ] GC(92) PSYoungGen: 12356K->2865K(14336K)
[2026-06-17T09:51:43.706+0800][2.451s][info][gc,heap        ] GC(92) ParOldGen: 29196K->31381K(44032K)
[2026-06-17T09:51:43.706+0800][2.452s][info][gc,metaspace   ] GC(92) Metaspace: 3151K(4864K)->3151K(4864K) NonClass: 2846K(4352K)->2846K(4352K) Class: 305K(512K)->305K(512K)
[2026-06-17T09:51:43.707+0800][2.452s][info][gc             ] GC(92) Pause Young (Allocation Failure) 40M->33M(57M) 2.698ms
[2026-06-17T09:51:43.707+0800][2.453s][info][gc,cpu         ] GC(92) User=0.00s Sys=0.00s Real=0.00s
[2026-06-17T09:51:43.731+0800][2.477s][info][gc,start       ] GC(93) Pause Young (Allocation Failure)
[2026-06-17T09:51:43.732+0800][2.477s][info][gc,heap        ] GC(93) PSYoungGen: 9995K->900K(14336K)
[2026-06-17T09:51:43.732+0800][2.478s][info][gc,heap        ] GC(93) ParOldGen: 31381K->33457K(44032K)
[2026-06-17T09:51:43.732+0800][2.478s][info][gc,metaspace   ] GC(93) Metaspace: 3151K(4864K)->3151K(4864K) NonClass: 2846K(4352K)->2846K(4352K) Class: 305K(512K)->305K(512K)
[2026-06-17T09:51:43.732+0800][2.478s][info][gc             ] GC(93) Pause Young (Allocation Failure) 40M->33M(57M) 1.110ms
[2026-06-17T09:51:43.732+0800][2.478s][info][gc,cpu         ] GC(93) User=0.01s Sys=0.00s Real=0.00s
[2026-06-17T09:51:43.743+0800][2.489s][info][gc,start       ] GC(94) Pause Young (Allocation Failure)
[2026-06-17T09:51:43.746+0800][2.492s][info][gc,heap        ] GC(94) PSYoungGen: 8051K->4763K(14336K)
[2026-06-17T09:51:43.747+0800][2.493s][info][gc,heap        ] GC(94) ParOldGen: 33457K->33457K(44032K)
[2026-06-17T09:51:43.747+0800][2.493s][info][gc,metaspace   ] GC(94) Metaspace: 3151K(4864K)->3151K(4864K) NonClass: 2846K(4352K)->2846K(4352K) Class: 305K(512K)->305K(512K)
[2026-06-17T09:51:43.749+0800][2.495s][info][gc             ] GC(94) Pause Young (Allocation Failure) 40M->37M(57M) 6.273ms
[2026-06-17T09:51:43.751+0800][2.497s][info][gc,cpu         ] GC(94) User=0.00s Sys=0.00s Real=0.01s
[2026-06-17T09:51:43.774+0800][2.520s][info][gc,start       ] GC(95) Pause Young (Allocation Failure)
[2026-06-17T09:51:43.775+0800][2.521s][info][gc,heap        ] GC(95) PSYoungGen: 11892K->3312K(14336K)
[2026-06-17T09:51:43.775+0800][2.521s][info][gc,heap        ] GC(95) ParOldGen: 33457K->35138K(44032K)
[2026-06-17T09:51:43.775+0800][2.521s][info][gc,metaspace   ] GC(95) Metaspace: 3151K(4864K)->3151K(4864K) NonClass: 2846K(4352K)->2846K(4352K) Class: 305K(512K)->305K(512K)
[2026-06-17T09:51:43.775+0800][2.521s][info][gc             ] GC(95) Pause Young (Allocation Failure) 44M->37M(57M) 1.285ms
[2026-06-17T09:51:43.775+0800][2.521s][info][gc,cpu         ] GC(95) User=0.00s Sys=0.00s Real=0.00s
[2026-06-17T09:51:43.796+0800][2.542s][info][gc,start       ] GC(96) Pause Young (Allocation Failure)
[2026-06-17T09:51:43.797+0800][2.543s][info][gc,heap        ] GC(96) PSYoungGen: 10477K->2864K(14336K)
[2026-06-17T09:51:43.797+0800][2.543s][info][gc,heap        ] GC(96) ParOldGen: 35138K->35923K(44032K)
[2026-06-17T09:51:43.797+0800][2.543s][info][gc,metaspace   ] GC(96) Metaspace: 3151K(4864K)->3151K(4864K) NonClass: 2846K(4352K)->2846K(4352K) Class: 305K(512K)->305K(512K)
[2026-06-17T09:51:43.798+0800][2.543s][info][gc             ] GC(96) Pause Young (Allocation Failure) 44M->37M(57M) 1.267ms
[2026-06-17T09:51:43.798+0800][2.543s][info][gc,cpu         ] GC(96) User=0.00s Sys=0.00s Real=0.00s
[2026-06-17T09:51:43.808+0800][2.554s][info][gc,start       ] GC(97) Pause Young (Allocation Failure)
[2026-06-17T09:51:43.809+0800][2.555s][info][gc,heap        ] GC(97) PSYoungGen: 9737K->863K(14848K)
[2026-06-17T09:51:43.810+0800][2.555s][info][gc,heap        ] GC(97) ParOldGen: 35923K->38030K(44032K)
[2026-06-17T09:51:43.810+0800][2.556s][info][gc,metaspace   ] GC(97) Metaspace: 3151K(4864K)->3151K(4864K) NonClass: 2846K(4352K)->2846K(4352K) Class: 305K(512K)->305K(512K)
[2026-06-17T09:51:43.810+0800][2.556s][info][gc             ] GC(97) Pause Young (Allocation Failure) 44M->37M(57M) 1.837ms
[2026-06-17T09:51:43.811+0800][2.557s][info][gc,cpu         ] GC(97) User=0.00s Sys=0.00s Real=0.01s
[2026-06-17T09:51:43.842+0800][2.588s][info][gc,start       ] GC(98) Pause Young (Allocation Failure)
[2026-06-17T09:51:43.843+0800][2.589s][info][gc,heap        ] GC(98) PSYoungGen: 9046K->1535K(14848K)
[2026-06-17T09:51:43.843+0800][2.589s][info][gc,heap        ] GC(98) ParOldGen: 38030K->38869K(44032K)
[2026-06-17T09:51:43.843+0800][2.589s][info][gc,metaspace   ] GC(98) Metaspace: 3151K(4864K)->3151K(4864K) NonClass: 2846K(4352K)->2846K(4352K) Class: 305K(512K)->305K(512K)
[2026-06-17T09:51:43.843+0800][2.589s][info][gc             ] GC(98) Pause Young (Allocation Failure) 45M->39M(57M) 1.277ms
[2026-06-17T09:51:43.844+0800][2.589s][info][gc,cpu         ] GC(98) User=0.00s Sys=0.00s Real=0.01s
[2026-06-17T09:51:43.855+0800][2.600s][info][gc,start       ] GC(99) Pause Young (Allocation Failure)
[2026-06-17T09:51:43.856+0800][2.601s][info][gc,heap        ] GC(99) PSYoungGen: 9681K->4946K(13824K)
[2026-06-17T09:51:43.857+0800][2.603s][info][gc,heap        ] GC(99) ParOldGen: 38869K->40103K(44032K)
[2026-06-17T09:51:43.858+0800][2.603s][info][gc,metaspace   ] GC(99) Metaspace: 3151K(4864K)->3151K(4864K) NonClass: 2846K(4352K)->2846K(4352K) Class: 305K(512K)->305K(512K)
[2026-06-17T09:51:43.858+0800][2.604s][info][gc             ] GC(99) Pause Young (Allocation Failure) 47M->43M(56M) 3.156ms
[2026-06-17T09:51:43.858+0800][2.604s][info][gc,cpu         ] GC(99) User=0.01s Sys=0.00s Real=0.00s
[2026-06-17T09:51:43.879+0800][2.625s][info][gc,start       ] GC(100) Pause Young (Allocation Failure)
[2026-06-17T09:51:43.880+0800][2.626s][info][gc,heap        ] GC(100) PSYoungGen: 12103K->3380K(14336K)
[2026-06-17T09:51:43.881+0800][2.626s][info][gc,heap        ] GC(100) ParOldGen: 40103K->41839K(44032K)
[2026-06-17T09:51:43.881+0800][2.627s][info][gc,metaspace   ] GC(100) Metaspace: 3151K(4864K)->3151K(4864K) NonClass: 2846K(4352K)->2846K(4352K) Class: 305K(512K)->305K(512K)
[2026-06-17T09:51:43.881+0800][2.627s][info][gc             ] GC(100) Pause Young (Allocation Failure) 50M->44M(57M) 2.240ms
[2026-06-17T09:51:43.881+0800][2.627s][info][gc,cpu         ] GC(100) User=0.00s Sys=0.00s Real=0.00s
[2026-06-17T09:51:43.882+0800][2.627s][info][gc,start       ] GC(101) Pause Full (Ergonomics)
[2026-06-17T09:51:43.882+0800][2.628s][info][gc,phases,start] GC(101) Marking Phase
[2026-06-17T09:51:43.883+0800][2.629s][info][gc,phases      ] GC(101) Marking Phase 1.033ms
[2026-06-17T09:51:43.883+0800][2.629s][info][gc,phases,start] GC(101) Summary Phase
[2026-06-17T09:51:43.883+0800][2.629s][info][gc,phases      ] GC(101) Summary Phase 0.170ms
[2026-06-17T09:51:43.883+0800][2.629s][info][gc,phases,start] GC(101) Adjust Roots
[2026-06-17T09:51:43.883+0800][2.629s][info][gc,phases      ] GC(101) Adjust Roots 0.151ms
[2026-06-17T09:51:43.883+0800][2.629s][info][gc,phases,start] GC(101) Compaction Phase
[2026-06-17T09:51:43.885+0800][2.631s][info][gc,phases      ] GC(101) Compaction Phase 1.335ms
[2026-06-17T09:51:43.885+0800][2.631s][info][gc,phases,start] GC(101) Post Compact
[2026-06-17T09:51:43.885+0800][2.631s][info][gc,phases      ] GC(101) Post Compact 0.250ms
[2026-06-17T09:51:43.885+0800][2.631s][info][gc,heap        ] GC(101) PSYoungGen: 3380K->0K(14848K)
[2026-06-17T09:51:43.885+0800][2.631s][info][gc,heap        ] GC(101) ParOldGen: 41839K->22773K(44032K)
[2026-06-17T09:51:43.886+0800][2.631s][info][gc,metaspace   ] GC(101) Metaspace: 3151K(4864K)->3151K(4864K) NonClass: 2846K(4352K)->2846K(4352K) Class: 305K(512K)->305K(512K)
[2026-06-17T09:51:43.886+0800][2.632s][info][gc             ] GC(101) Pause Full (Ergonomics) 44M->22M(57M) 4.036ms
[2026-06-17T09:51:43.886+0800][2.632s][info][gc,cpu         ] GC(101) User=0.00s Sys=0.00s Real=0.01s
[2026-06-17T09:51:43.907+0800][2.653s][info][gc,start       ] GC(102) Pause Young (Allocation Failure)
[2026-06-17T09:51:43.908+0800][2.654s][info][gc,heap        ] GC(102) PSYoungGen: 8154K->5108K(13312K)
[2026-06-17T09:51:43.908+0800][2.654s][info][gc,heap        ] GC(102) ParOldGen: 22773K->22773K(44032K)
[2026-06-17T09:51:43.909+0800][2.654s][info][gc,metaspace   ] GC(102) Metaspace: 3151K(4864K)->3151K(4864K) NonClass: 2846K(4352K)->2846K(4352K) Class: 305K(512K)->305K(512K)
[2026-06-17T09:51:43.909+0800][2.655s][info][gc             ] GC(102) Pause Young (Allocation Failure) 30M->27M(56M) 1.792ms
[2026-06-17T09:51:43.909+0800][2.655s][info][gc,cpu         ] GC(102) User=0.00s Sys=0.00s Real=0.00s
[2026-06-17T09:51:43.930+0800][2.676s][info][gc,start       ] GC(103) Pause Young (Allocation Failure)
[2026-06-17T09:51:43.931+0800][2.677s][info][gc,heap        ] GC(103) PSYoungGen: 13274K->3983K(14336K)
[2026-06-17T09:51:43.931+0800][2.677s][info][gc,heap        ] GC(103) ParOldGen: 22773K->25053K(44032K)
[2026-06-17T09:51:43.931+0800][2.677s][info][gc,metaspace   ] GC(103) Metaspace: 3151K(4864K)->3151K(4864K) NonClass: 2846K(4352K)->2846K(4352K) Class: 305K(512K)->305K(512K)
[2026-06-17T09:51:43.931+0800][2.677s][info][gc             ] GC(103) Pause Young (Allocation Failure) 35M->28M(57M) 1.241ms
[2026-06-17T09:51:43.931+0800][2.677s][info][gc,cpu         ] GC(103) User=0.00s Sys=0.00s Real=0.01s
[2026-06-17T09:51:43.952+0800][2.698s][info][gc,start       ] GC(104) Pause Young (Allocation Failure)
[2026-06-17T09:51:43.953+0800][2.699s][info][gc,heap        ] GC(104) PSYoungGen: 11112K->2521K(14336K)
[2026-06-17T09:51:43.953+0800][2.699s][info][gc,heap        ] GC(104) ParOldGen: 25053K->26646K(44032K)
[2026-06-17T09:51:43.953+0800][2.699s][info][gc,metaspace   ] GC(104) Metaspace: 3157K(4864K)->3157K(4864K) NonClass: 2851K(4352K)->2851K(4352K) Class: 305K(512K)->305K(512K)
[2026-06-17T09:51:43.954+0800][2.699s][info][gc             ] GC(104) Pause Young (Allocation Failure) 35M->28M(57M) 1.123ms
[2026-06-17T09:51:43.954+0800][2.700s][info][gc,cpu         ] GC(104) User=0.00s Sys=0.00s Real=0.00s
[2026-06-17T09:51:43.965+0800][2.711s][info][gc,start       ] GC(105) Pause Young (Allocation Failure)
[2026-06-17T09:51:43.966+0800][2.712s][info][gc,heap        ] GC(105) PSYoungGen: 9681K->6018K(14336K)
[2026-06-17T09:51:43.966+0800][2.712s][info][gc,heap        ] GC(105) ParOldGen: 26646K->26646K(44032K)
[2026-06-17T09:51:43.966+0800][2.712s][info][gc,metaspace   ] GC(105) Metaspace: 3157K(4864K)->3157K(4864K) NonClass: 2851K(4352K)->2851K(4352K) Class: 305K(512K)->305K(512K)
[2026-06-17T09:51:43.966+0800][2.712s][info][gc             ] GC(105) Pause Young (Allocation Failure) 35M->31M(57M) 1.318ms
[2026-06-17T09:51:43.967+0800][2.712s][info][gc,cpu         ] GC(105) User=0.00s Sys=0.00s Real=0.00s
[2026-06-17T09:51:43.988+0800][2.733s][info][gc,start       ] GC(106) Pause Young (Allocation Failure)
[2026-06-17T09:51:43.988+0800][2.734s][info][gc,heap        ] GC(106) PSYoungGen: 13142K->3399K(14336K)
[2026-06-17T09:51:43.989+0800][2.735s][info][gc,heap        ] GC(106) ParOldGen: 26646K->29517K(44032K)
[2026-06-17T09:51:43.989+0800][2.735s][info][gc,metaspace   ] GC(106) Metaspace: 3157K(4864K)->3157K(4864K) NonClass: 2851K(4352K)->2851K(4352K) Class: 305K(512K)->305K(512K)
[2026-06-17T09:51:43.989+0800][2.735s][info][gc             ] GC(106) Pause Young (Allocation Failure) 38M->32M(57M) 1.564ms
[2026-06-17T09:51:43.989+0800][2.735s][info][gc,cpu         ] GC(106) User=0.00s Sys=0.00s Real=0.00s
[2026-06-17T09:51:44.011+0800][2.756s][info][gc,start       ] GC(107) Pause Young (Allocation Failure)
[2026-06-17T09:51:44.011+0800][2.757s][info][gc,heap        ] GC(107) PSYoungGen: 10555K->3431K(14336K)
[2026-06-17T09:51:44.012+0800][2.757s][info][gc,heap        ] GC(107) ParOldGen: 29517K->29517K(44032K)
[2026-06-17T09:51:44.012+0800][2.758s][info][gc,metaspace   ] GC(107) Metaspace: 3157K(4864K)->3157K(4864K) NonClass: 2851K(4352K)->2851K(4352K) Class: 305K(512K)->305K(512K)
[2026-06-17T09:51:44.012+0800][2.758s][info][gc             ] GC(107) Pause Young (Allocation Failure) 39M->32M(57M) 1.499ms
[2026-06-17T09:51:44.012+0800][2.758s][info][gc,cpu         ] GC(107) User=0.00s Sys=0.00s Real=0.00s
[2026-06-17T09:51:44.024+0800][2.769s][info][gc,start       ] GC(108) Pause Young (Allocation Failure)
[2026-06-17T09:51:44.024+0800][2.770s][info][gc,heap        ] GC(108) PSYoungGen: 10425K->1139K(14336K)
[2026-06-17T09:51:44.025+0800][2.770s][info][gc,heap        ] GC(108) ParOldGen: 29517K->31745K(44032K)
[2026-06-17T09:51:44.025+0800][2.771s][info][gc,metaspace   ] GC(108) Metaspace: 3157K(4864K)->3157K(4864K) NonClass: 2851K(4352K)->2851K(4352K) Class: 305K(512K)->305K(512K)
[2026-06-17T09:51:44.025+0800][2.771s][info][gc             ] GC(108) Pause Young (Allocation Failure) 39M->32M(57M) 1.403ms
[2026-06-17T09:51:44.025+0800][2.771s][info][gc,cpu         ] GC(108) User=0.00s Sys=0.00s Real=0.00s
[2026-06-17T09:51:44.047+0800][2.792s][info][gc,start       ] GC(109) Pause Young (Allocation Failure)
[2026-06-17T09:51:44.047+0800][2.793s][info][gc,heap        ] GC(109) PSYoungGen: 8299K->3687K(14848K)
[2026-06-17T09:51:44.048+0800][2.793s][info][gc,heap        ] GC(109) ParOldGen: 31745K->32860K(44032K)
[2026-06-17T09:51:44.048+0800][2.794s][info][gc,metaspace   ] GC(109) Metaspace: 3157K(4864K)->3157K(4864K) NonClass: 2851K(4352K)->2851K(4352K) Class: 305K(512K)->305K(512K)
[2026-06-17T09:51:44.048+0800][2.794s][info][gc             ] GC(109) Pause Young (Allocation Failure) 39M->35M(57M) 1.290ms
[2026-06-17T09:51:44.048+0800][2.794s][info][gc,cpu         ] GC(109) User=0.00s Sys=0.00s Real=0.00s
[2026-06-17T09:51:44.069+0800][2.815s][info][gc,start       ] GC(110) Pause Young (Allocation Failure)
[2026-06-17T09:51:44.070+0800][2.816s][info][gc,heap        ] GC(110) PSYoungGen: 11363K->3875K(14336K)
[2026-06-17T09:51:44.070+0800][2.816s][info][gc,heap        ] GC(110) ParOldGen: 32860K->33657K(44032K)
[2026-06-17T09:51:44.070+0800][2.816s][info][gc,metaspace   ] GC(110) Metaspace: 3157K(4864K)->3157K(4864K) NonClass: 2851K(4352K)->2851K(4352K) Class: 305K(512K)->305K(512K)
[2026-06-17T09:51:44.070+0800][2.816s][info][gc             ] GC(110) Pause Young (Allocation Failure) 43M->36M(57M) 1.270ms
[2026-06-17T09:51:44.070+0800][2.816s][info][gc,cpu         ] GC(110) User=0.01s Sys=0.00s Real=0.01s
[2026-06-17T09:51:44.092+0800][2.837s][info][gc,start       ] GC(111) Pause Young (Allocation Failure)
[2026-06-17T09:51:44.092+0800][2.838s][info][gc,heap        ] GC(111) PSYoungGen: 11532K->2345K(14848K)
[2026-06-17T09:51:44.093+0800][2.839s][info][gc,heap        ] GC(111) ParOldGen: 33657K->35631K(44032K)
[2026-06-17T09:51:44.093+0800][2.839s][info][gc,metaspace   ] GC(111) Metaspace: 3157K(4864K)->3157K(4864K) NonClass: 2851K(4352K)->2851K(4352K) Class: 305K(512K)->305K(512K)
[2026-06-17T09:51:44.093+0800][2.839s][info][gc             ] GC(111) Pause Young (Allocation Failure) 44M->37M(57M) 1.591ms
[2026-06-17T09:51:44.093+0800][2.839s][info][gc,cpu         ] GC(111) User=0.00s Sys=0.00s Real=0.00s
[2026-06-17T09:51:44.115+0800][2.860s][info][gc,start       ] GC(112) Pause Young (Allocation Failure)
[2026-06-17T09:51:44.115+0800][2.861s][info][gc,heap        ] GC(112) PSYoungGen: 10532K->3698K(14848K)
[2026-06-17T09:51:44.115+0800][2.861s][info][gc,heap        ] GC(112) ParOldGen: 35631K->35631K(44032K)
[2026-06-17T09:51:44.116+0800][2.862s][info][gc,metaspace   ] GC(112) Metaspace: 3157K(4864K)->3157K(4864K) NonClass: 2851K(4352K)->2851K(4352K) Class: 305K(512K)->305K(512K)
[2026-06-17T09:51:44.116+0800][2.862s][info][gc             ] GC(112) Pause Young (Allocation Failure) 45M->38M(57M) 1.435ms
[2026-06-17T09:51:44.116+0800][2.862s][info][gc,cpu         ] GC(112) User=0.00s Sys=0.01s Real=0.00s
[2026-06-17T09:51:44.137+0800][2.883s][info][gc,start       ] GC(113) Pause Young (Allocation Failure)
[2026-06-17T09:51:44.138+0800][2.884s][info][gc,heap        ] GC(113) PSYoungGen: 11874K->2745K(15360K)
[2026-06-17T09:51:44.138+0800][2.884s][info][gc,heap        ] GC(113) ParOldGen: 35631K->37484K(44032K)
[2026-06-17T09:51:44.139+0800][2.884s][info][gc,metaspace   ] GC(113) Metaspace: 3157K(4864K)->3157K(4864K) NonClass: 2851K(4352K)->2851K(4352K) Class: 305K(512K)->305K(512K)
[2026-06-17T09:51:44.139+0800][2.884s][info][gc             ] GC(113) Pause Young (Allocation Failure) 46M->39M(58M) 1.445ms
[2026-06-17T09:51:44.139+0800][2.885s][info][gc,cpu         ] GC(113) User=0.00s Sys=0.00s Real=0.00s
[2026-06-17T09:51:44.160+0800][2.906s][info][gc,start       ] GC(114) Pause Young (Allocation Failure)
[2026-06-17T09:51:44.161+0800][2.907s][info][gc,heap        ] GC(114) PSYoungGen: 11417K->2355K(14848K)
[2026-06-17T09:51:44.161+0800][2.907s][info][gc,heap        ] GC(114) ParOldGen: 37484K->39685K(44032K)
[2026-06-17T09:51:44.162+0800][2.908s][info][gc,metaspace   ] GC(114) Metaspace: 3157K(4864K)->3157K(4864K) NonClass: 2851K(4352K)->2851K(4352K) Class: 305K(512K)->305K(512K)
[2026-06-17T09:51:44.162+0800][2.908s][info][gc             ] GC(114) Pause Young (Allocation Failure) 47M->41M(57M) 2.440ms
[2026-06-17T09:51:44.163+0800][2.909s][info][gc,cpu         ] GC(114) User=0.00s Sys=0.00s Real=0.01s
[2026-06-17T09:51:44.185+0800][2.930s][info][gc,start       ] GC(115) Pause Young (Allocation Failure)
[2026-06-17T09:51:44.185+0800][2.931s][info][gc,heap        ] GC(115) PSYoungGen: 11026K->2822K(15360K)
[2026-06-17T09:51:44.186+0800][2.932s][info][gc,heap        ] GC(115) ParOldGen: 39685K->41120K(44032K)
[2026-06-17T09:51:44.186+0800][2.932s][info][gc,metaspace   ] GC(115) Metaspace: 3157K(4864K)->3157K(4864K) NonClass: 2851K(4352K)->2851K(4352K) Class: 305K(512K)->305K(512K)
[2026-06-17T09:51:44.187+0800][2.933s][info][gc             ] GC(115) Pause Young (Allocation Failure) 49M->42M(58M) 2.475ms
[2026-06-17T09:51:44.187+0800][2.933s][info][gc,cpu         ] GC(115) User=0.00s Sys=0.00s Real=0.00s
[2026-06-17T09:51:44.188+0800][2.934s][info][gc,start       ] GC(116) Pause Full (Ergonomics)
[2026-06-17T09:51:44.188+0800][2.934s][info][gc,phases,start] GC(116) Marking Phase
[2026-06-17T09:51:44.190+0800][2.936s][info][gc,phases      ] GC(116) Marking Phase 1.436ms
[2026-06-17T09:51:44.190+0800][2.936s][info][gc,phases,start] GC(116) Summary Phase
[2026-06-17T09:51:44.190+0800][2.936s][info][gc,phases      ] GC(116) Summary Phase 0.301ms
[2026-06-17T09:51:44.191+0800][2.937s][info][gc,phases,start] GC(116) Adjust Roots
[2026-06-17T09:51:44.192+0800][2.938s][info][gc,phases      ] GC(116) Adjust Roots 1.414ms
[2026-06-17T09:51:44.193+0800][2.938s][info][gc,phases,start] GC(116) Compaction Phase
[2026-06-17T09:51:44.195+0800][2.941s][info][gc,phases      ] GC(116) Compaction Phase 2.132ms
[2026-06-17T09:51:44.195+0800][2.941s][info][gc,phases,start] GC(116) Post Compact
[2026-06-17T09:51:44.196+0800][2.942s][info][gc,phases      ] GC(116) Post Compact 0.890ms
[2026-06-17T09:51:44.196+0800][2.942s][info][gc,heap        ] GC(116) PSYoungGen: 2822K->0K(15360K)
[2026-06-17T09:51:44.197+0800][2.942s][info][gc,heap        ] GC(116) ParOldGen: 41120K->30393K(44032K)
[2026-06-17T09:51:44.197+0800][2.943s][info][gc,metaspace   ] GC(116) Metaspace: 3157K(4864K)->3157K(4864K) NonClass: 2851K(4352K)->2851K(4352K) Class: 305K(512K)->305K(512K)
[2026-06-17T09:51:44.197+0800][2.943s][info][gc             ] GC(116) Pause Full (Ergonomics) 42M->29M(58M) 9.247ms
[2026-06-17T09:51:44.197+0800][2.943s][info][gc,cpu         ] GC(116) User=0.00s Sys=0.00s Real=0.01s
[2026-06-17T09:51:44.219+0800][2.965s][info][gc,start       ] GC(117) Pause Young (Allocation Failure)
[2026-06-17T09:51:44.220+0800][2.966s][info][gc,heap        ] GC(117) PSYoungGen: 9171K->5867K(14336K)
[2026-06-17T09:51:44.222+0800][2.968s][info][gc,heap        ] GC(117) ParOldGen: 30393K->30393K(44032K)
[2026-06-17T09:51:44.223+0800][2.968s][info][gc,metaspace   ] GC(117) Metaspace: 3157K(4864K)->3157K(4864K) NonClass: 2851K(4352K)->2851K(4352K) Class: 305K(512K)->305K(512K)
[2026-06-17T09:51:44.223+0800][2.969s][info][gc             ] GC(117) Pause Young (Allocation Failure) 38M->35M(57M) 4.195ms
[2026-06-17T09:51:44.224+0800][2.970s][info][gc,cpu         ] GC(117) User=0.01s Sys=0.00s Real=0.01s
[2026-06-17T09:51:44.246+0800][2.991s][info][gc,start       ] GC(118) Pause Young (Allocation Failure)
[2026-06-17T09:51:44.247+0800][2.993s][info][gc,heap        ] GC(118) PSYoungGen: 14035K->2787K(14848K)
[2026-06-17T09:51:44.247+0800][2.993s][info][gc,heap        ] GC(118) ParOldGen: 30393K->34665K(44032K)
[2026-06-17T09:51:44.248+0800][2.994s][info][gc,metaspace   ] GC(118) Metaspace: 3157K(4864K)->3157K(4864K) NonClass: 2851K(4352K)->2851K(4352K) Class: 305K(512K)->305K(512K)
[2026-06-17T09:51:44.248+0800][2.994s][info][gc             ] GC(118) Pause Young (Allocation Failure) 43M->36M(57M) 2.645ms
[2026-06-17T09:51:44.249+0800][2.995s][info][gc,cpu         ] GC(118) User=0.00s Sys=0.00s Real=0.00s
[2026-06-17T09:51:44.270+0800][3.016s][info][gc,start       ] GC(119) Pause Young (Allocation Failure)
[2026-06-17T09:51:44.271+0800][3.017s][info][gc,heap        ] GC(119) PSYoungGen: 10979K->4063K(14848K)
[2026-06-17T09:51:44.272+0800][3.018s][info][gc,heap        ] GC(119) ParOldGen: 34665K->34665K(44032K)
[2026-06-17T09:51:44.272+0800][3.018s][info][gc,metaspace   ] GC(119) Metaspace: 3157K(4864K)->3157K(4864K) NonClass: 2851K(4352K)->2851K(4352K) Class: 305K(512K)->305K(512K)
[2026-06-17T09:51:44.273+0800][3.019s][info][gc             ] GC(119) Pause Young (Allocation Failure) 44M->37M(57M) 2.552ms
[2026-06-17T09:51:44.273+0800][3.019s][info][gc,cpu         ] GC(119) User=0.00s Sys=0.00s Real=0.01s
[2026-06-17T09:51:44.295+0800][3.041s][info][gc,start       ] GC(120) Pause Young (Allocation Failure)
[2026-06-17T09:51:44.296+0800][3.042s][info][gc,heap        ] GC(120) PSYoungGen: 12212K->2806K(14848K)
[2026-06-17T09:51:44.296+0800][3.042s][info][gc,heap        ] GC(120) ParOldGen: 34665K->36789K(44032K)
[2026-06-17T09:51:44.297+0800][3.043s][info][gc,metaspace   ] GC(120) Metaspace: 3157K(4864K)->3157K(4864K) NonClass: 2851K(4352K)->2851K(4352K) Class: 305K(512K)->305K(512K)
[2026-06-17T09:51:44.297+0800][3.043s][info][gc             ] GC(120) Pause Young (Allocation Failure) 45M->38M(57M) 2.561ms
[2026-06-17T09:51:44.298+0800][3.044s][info][gc,cpu         ] GC(120) User=0.00s Sys=0.00s Real=0.00s
[2026-06-17T09:51:44.319+0800][3.065s][info][gc,start       ] GC(121) Pause Young (Allocation Failure)
[2026-06-17T09:51:44.320+0800][3.066s][info][gc,heap        ] GC(121) PSYoungGen: 10997K->2390K(15360K)
[2026-06-17T09:51:44.321+0800][3.067s][info][gc,heap        ] GC(121) ParOldGen: 36789K->38384K(44032K)
[2026-06-17T09:51:44.321+0800][3.067s][info][gc,metaspace   ] GC(121) Metaspace: 3157K(4864K)->3157K(4864K) NonClass: 2851K(4352K)->2851K(4352K) Class: 305K(512K)->305K(512K)
[2026-06-17T09:51:44.322+0800][3.068s][info][gc             ] GC(121) Pause Young (Allocation Failure) 46M->39M(58M) 2.539ms
[2026-06-17T09:51:44.322+0800][3.068s][info][gc,cpu         ] GC(121) User=0.00s Sys=0.00s Real=0.00s
[2026-06-17T09:51:44.344+0800][3.089s][info][gc,start       ] GC(122) Pause Young (Allocation Failure)
[2026-06-17T09:51:44.345+0800][3.091s][info][gc,heap        ] GC(122) PSYoungGen: 11592K->4568K(15360K)
[2026-06-17T09:51:44.345+0800][3.091s][info][gc,heap        ] GC(122) ParOldGen: 38384K->38384K(44032K)
[2026-06-17T09:51:44.346+0800][3.092s][info][gc,metaspace   ] GC(122) Metaspace: 3157K(4864K)->3157K(4864K) NonClass: 2851K(4352K)->2851K(4352K) Class: 305K(512K)->305K(512K)
[2026-06-17T09:51:44.346+0800][3.092s][info][gc             ] GC(122) Pause Young (Allocation Failure) 48M->41M(58M) 2.512ms
[2026-06-17T09:51:44.346+0800][3.092s][info][gc,cpu         ] GC(122) User=0.01s Sys=0.00s Real=0.00s
[2026-06-17T09:51:44.368+0800][3.114s][info][gc,start       ] GC(123) Pause Young (Allocation Failure)
[2026-06-17T09:51:44.369+0800][3.115s][info][gc,heap        ] GC(123) PSYoungGen: 13703K->2044K(15360K)
[2026-06-17T09:51:44.370+0800][3.116s][info][gc,heap        ] GC(123) ParOldGen: 38384K->40254K(44032K)
[2026-06-17T09:51:44.370+0800][3.116s][info][gc,metaspace   ] GC(123) Metaspace: 3157K(4864K)->3157K(4864K) NonClass: 2851K(4352K)->2851K(4352K) Class: 305K(512K)->305K(512K)
[2026-06-17T09:51:44.371+0800][3.117s][info][gc             ] GC(123) Pause Young (Allocation Failure) 50M->41M(58M) 2.794ms
[2026-06-17T09:51:44.372+0800][3.117s][info][gc,cpu         ] GC(123) User=0.00s Sys=0.00s Real=0.01s
[2026-06-17T09:51:44.393+0800][3.139s][info][gc,start       ] GC(124) Pause Young (Allocation Failure)
[2026-06-17T09:51:44.394+0800][3.140s][info][gc,heap        ] GC(124) PSYoungGen: 11041K->1807K(15360K)
[2026-06-17T09:51:44.395+0800][3.141s][info][gc,heap        ] GC(124) ParOldGen: 40254K->42274K(44032K)
[2026-06-17T09:51:44.395+0800][3.141s][info][gc,metaspace   ] GC(124) Metaspace: 3157K(4864K)->3157K(4864K) NonClass: 2851K(4352K)->2851K(4352K) Class: 305K(512K)->305K(512K)
[2026-06-17T09:51:44.396+0800][3.141s][info][gc             ] GC(124) Pause Young (Allocation Failure) 50M->43M(58M) 2.494ms
[2026-06-17T09:51:44.396+0800][3.142s][info][gc,cpu         ] GC(124) User=0.00s Sys=0.00s Real=0.00s
[2026-06-17T09:51:44.396+0800][3.142s][info][gc,start       ] GC(125) Pause Full (Ergonomics)
[2026-06-17T09:51:44.397+0800][3.143s][info][gc,phases,start] GC(125) Marking Phase
[2026-06-17T09:51:44.398+0800][3.144s][info][gc,phases      ] GC(125) Marking Phase 0.909ms
[2026-06-17T09:51:44.398+0800][3.144s][info][gc,phases,start] GC(125) Summary Phase
[2026-06-17T09:51:44.399+0800][3.144s][info][gc,phases      ] GC(125) Summary Phase 0.404ms
[2026-06-17T09:51:44.399+0800][3.145s][info][gc,phases,start] GC(125) Adjust Roots
[2026-06-17T09:51:44.400+0800][3.145s][info][gc,phases      ] GC(125) Adjust Roots 0.517ms
[2026-06-17T09:51:44.400+0800][3.146s][info][gc,phases,start] GC(125) Compaction Phase
[2026-06-17T09:51:44.402+0800][3.148s][info][gc,phases      ] GC(125) Compaction Phase 1.954ms
[2026-06-17T09:51:44.403+0800][3.148s][info][gc,phases,start] GC(125) Post Compact
[2026-06-17T09:51:44.406+0800][3.152s][info][gc,phases      ] GC(125) Post Compact 3.127ms
[2026-06-17T09:51:44.406+0800][3.152s][info][gc,heap        ] GC(125) PSYoungGen: 1807K->0K(15360K)
[2026-06-17T09:51:44.407+0800][3.152s][info][gc,heap        ] GC(125) ParOldGen: 42274K->30829K(44032K)
[2026-06-17T09:51:44.407+0800][3.153s][info][gc,metaspace   ] GC(125) Metaspace: 3157K(4864K)->3157K(4864K) NonClass: 2851K(4352K)->2851K(4352K) Class: 305K(512K)->305K(512K)
[2026-06-17T09:51:44.407+0800][3.153s][info][gc             ] GC(125) Pause Full (Ergonomics) 43M->30M(58M) 11.074ms
[2026-06-17T09:51:44.408+0800][3.154s][info][gc,cpu         ] GC(125) User=0.00s Sys=0.00s Real=0.01s
[2026-06-17T09:51:44.439+0800][3.185s][info][gc,start       ] GC(126) Pause Young (Allocation Failure)
[2026-06-17T09:51:44.440+0800][3.186s][info][gc,heap        ] GC(126) PSYoungGen: 9215K->2309K(15360K)
[2026-06-17T09:51:44.441+0800][3.187s][info][gc,heap        ] GC(126) ParOldGen: 30829K->30829K(44032K)
[2026-06-17T09:51:44.441+0800][3.187s][info][gc,metaspace   ] GC(126) Metaspace: 3157K(4864K)->3157K(4864K) NonClass: 2851K(4352K)->2851K(4352K) Class: 305K(512K)->305K(512K)
[2026-06-17T09:51:44.442+0800][3.188s][info][gc             ] GC(126) Pause Young (Allocation Failure) 39M->32M(58M) 2.708ms
[2026-06-17T09:51:44.443+0800][3.188s][info][gc,cpu         ] GC(126) User=0.00s Sys=0.00s Real=0.01s
[2026-06-17T09:51:44.464+0800][3.210s][info][gc,start       ] GC(127) Pause Young (Allocation Failure)
[2026-06-17T09:51:44.465+0800][3.211s][info][gc,heap        ] GC(127) PSYoungGen: 11475K->4556K(14336K)
[2026-06-17T09:51:44.465+0800][3.211s][info][gc,heap        ] GC(127) ParOldGen: 30829K->30829K(44032K)
[2026-06-17T09:51:44.466+0800][3.212s][info][gc,metaspace   ] GC(127) Metaspace: 3157K(4864K)->3157K(4864K) NonClass: 2851K(4352K)->2851K(4352K) Class: 305K(512K)->305K(512K)
[2026-06-17T09:51:44.466+0800][3.212s][info][gc             ] GC(127) Pause Young (Allocation Failure) 41M->34M(57M) 2.448ms
[2026-06-17T09:51:44.467+0800][3.213s][info][gc,cpu         ] GC(127) User=0.00s Sys=0.00s Real=0.00s
[2026-06-17T09:51:44.488+0800][3.234s][info][gc,start       ] GC(128) Pause Young (Allocation Failure)
[2026-06-17T09:51:44.489+0800][3.235s][info][gc,heap        ] GC(128) PSYoungGen: 12726K->5424K(13824K)
[2026-06-17T09:51:44.490+0800][3.236s][info][gc,heap        ] GC(128) ParOldGen: 30829K->30829K(44032K)
[2026-06-17T09:51:44.490+0800][3.236s][info][gc,metaspace   ] GC(128) Metaspace: 3157K(4864K)->3157K(4864K) NonClass: 2851K(4352K)->2851K(4352K) Class: 305K(512K)->305K(512K)
[2026-06-17T09:51:44.491+0800][3.236s][info][gc             ] GC(128) Pause Young (Allocation Failure) 42M->35M(56M) 2.291ms
[2026-06-17T09:51:44.491+0800][3.237s][info][gc,cpu         ] GC(128) User=0.00s Sys=0.00s Real=0.01s
[2026-06-17T09:51:44.513+0800][3.259s][info][gc,start       ] GC(129) Pause Young (Allocation Failure)
[2026-06-17T09:51:44.514+0800][3.260s][info][gc,heap        ] GC(129) PSYoungGen: 13598K->6590K(14336K)
[2026-06-17T09:51:44.515+0800][3.261s][info][gc,heap        ] GC(129) ParOldGen: 30829K->30829K(44032K)
[2026-06-17T09:51:44.515+0800][3.261s][info][gc,metaspace   ] GC(129) Metaspace: 3157K(4864K)->3157K(4864K) NonClass: 2851K(4352K)->2851K(4352K) Class: 305K(512K)->305K(512K)
[2026-06-17T09:51:44.515+0800][3.261s][info][gc             ] GC(129) Pause Young (Allocation Failure) 43M->36M(57M) 2.234ms
[2026-06-17T09:51:44.515+0800][3.261s][info][gc,cpu         ] GC(129) User=0.00s Sys=0.00s Real=0.00s
[2026-06-17T09:51:44.537+0800][3.283s][info][gc,start       ] GC(130) Pause Young (Allocation Failure)
[2026-06-17T09:51:44.538+0800][3.284s][info][gc,heap        ] GC(130) PSYoungGen: 13757K->4003K(14336K)
[2026-06-17T09:51:44.539+0800][3.285s][info][gc,heap        ] GC(130) ParOldGen: 30829K->33686K(44032K)
[2026-06-17T09:51:44.540+0800][3.285s][info][gc,metaspace   ] GC(130) Metaspace: 3157K(4864K)->3157K(4864K) NonClass: 2851K(4352K)->2851K(4352K) Class: 305K(512K)->305K(512K)
[2026-06-17T09:51:44.540+0800][3.286s][info][gc             ] GC(130) Pause Young (Allocation Failure) 43M->36M(57M) 2.873ms
[2026-06-17T09:51:44.540+0800][3.286s][info][gc,cpu         ] GC(130) User=0.00s Sys=0.00s Real=0.00s
[2026-06-17T09:51:44.552+0800][3.297s][info][gc,start       ] GC(131) Pause Young (Allocation Failure)
[2026-06-17T09:51:44.553+0800][3.299s][info][gc,heap        ] GC(131) PSYoungGen: 10921K->2473K(14336K)
[2026-06-17T09:51:44.553+0800][3.299s][info][gc,heap        ] GC(131) ParOldGen: 33686K->35276K(44032K)
[2026-06-17T09:51:44.554+0800][3.300s][info][gc,metaspace   ] GC(131) Metaspace: 3157K(4864K)->3157K(4864K) NonClass: 2851K(4352K)->2851K(4352K) Class: 305K(512K)->305K(512K)
[2026-06-17T09:51:44.554+0800][3.300s][info][gc             ] GC(131) Pause Young (Allocation Failure) 43M->36M(57M) 2.705ms
[2026-06-17T09:51:44.555+0800][3.301s][info][gc,cpu         ] GC(131) User=0.00s Sys=0.00s Real=0.00s
[2026-06-17T09:51:44.576+0800][3.322s][info][gc,start       ] GC(132) Pause Young (Allocation Failure)
[2026-06-17T09:51:44.577+0800][3.323s][info][gc,heap        ] GC(132) PSYoungGen: 9627K->3542K(14336K)
[2026-06-17T09:51:44.577+0800][3.323s][info][gc,heap        ] GC(132) ParOldGen: 35276K->37701K(44032K)
[2026-06-17T09:51:44.578+0800][3.324s][info][gc,metaspace   ] GC(132) Metaspace: 3157K(4864K)->3157K(4864K) NonClass: 2851K(4352K)->2851K(4352K) Class: 305K(512K)->305K(512K)
[2026-06-17T09:51:44.578+0800][3.324s][info][gc             ] GC(132) Pause Young (Allocation Failure) 43M->40M(57M) 2.378ms
[2026-06-17T09:51:44.579+0800][3.324s][info][gc,cpu         ] GC(132) User=0.00s Sys=0.00s Real=0.00s
[2026-06-17T09:51:44.590+0800][3.336s][info][gc,start       ] GC(133) Pause Young (Allocation Failure)
[2026-06-17T09:51:44.591+0800][3.337s][info][gc,heap        ] GC(133) PSYoungGen: 10610K->1627K(14336K)
[2026-06-17T09:51:44.591+0800][3.337s][info][gc,heap        ] GC(133) ParOldGen: 37701K->39578K(44032K)
[2026-06-17T09:51:44.592+0800][3.338s][info][gc,metaspace   ] GC(133) Metaspace: 3157K(4864K)->3157K(4864K) NonClass: 2851K(4352K)->2851K(4352K) Class: 305K(512K)->305K(512K)
[2026-06-17T09:51:44.592+0800][3.338s][info][gc             ] GC(133) Pause Young (Allocation Failure) 47M->40M(57M) 2.685ms
[2026-06-17T09:51:44.593+0800][3.339s][info][gc,cpu         ] GC(133) User=0.00s Sys=0.00s Real=0.01s
[2026-06-17T09:51:44.615+0800][3.360s][info][gc,start       ] GC(134) Pause Young (Allocation Failure)
[2026-06-17T09:51:44.616+0800][3.362s][info][gc,heap        ] GC(134) PSYoungGen: 8793K->3993K(14336K)
[2026-06-17T09:51:44.616+0800][3.362s][info][gc,heap        ] GC(134) ParOldGen: 39578K->41181K(44032K)
[2026-06-17T09:51:44.617+0800][3.363s][info][gc,metaspace   ] GC(134) Metaspace: 3157K(4864K)->3157K(4864K) NonClass: 2851K(4352K)->2851K(4352K) Class: 305K(512K)->305K(512K)
[2026-06-17T09:51:44.617+0800][3.363s][info][gc             ] GC(134) Pause Young (Allocation Failure) 47M->44M(57M) 2.851ms
[2026-06-17T09:51:44.618+0800][3.364s][info][gc,cpu         ] GC(134) User=0.00s Sys=0.00s Real=0.00s
[2026-06-17T09:51:44.618+0800][3.364s][info][gc,start       ] GC(135) Pause Full (Ergonomics)
[2026-06-17T09:51:44.619+0800][3.364s][info][gc,phases,start] GC(135) Marking Phase
[2026-06-17T09:51:44.620+0800][3.366s][info][gc,phases      ] GC(135) Marking Phase 1.106ms
[2026-06-17T09:51:44.620+0800][3.366s][info][gc,phases,start] GC(135) Summary Phase
[2026-06-17T09:51:44.621+0800][3.367s][info][gc,phases      ] GC(135) Summary Phase 0.595ms
[2026-06-17T09:51:44.621+0800][3.367s][info][gc,phases,start] GC(135) Adjust Roots
[2026-06-17T09:51:44.622+0800][3.368s][info][gc,phases      ] GC(135) Adjust Roots 0.645ms
[2026-06-17T09:51:44.622+0800][3.368s][info][gc,phases,start] GC(135) Compaction Phase
[2026-06-17T09:51:44.624+0800][3.370s][info][gc,phases      ] GC(135) Compaction Phase 1.987ms
[2026-06-17T09:51:44.624+0800][3.370s][info][gc,phases,start] GC(135) Post Compact
[2026-06-17T09:51:44.625+0800][3.371s][info][gc,phases      ] GC(135) Post Compact 0.546ms
[2026-06-17T09:51:44.625+0800][3.371s][info][gc,heap        ] GC(135) PSYoungGen: 3993K->0K(14336K)
[2026-06-17T09:51:44.627+0800][3.373s][info][gc,heap        ] GC(135) ParOldGen: 41181K->20693K(44032K)
[2026-06-17T09:51:44.627+0800][3.373s][info][gc,metaspace   ] GC(135) Metaspace: 3157K(4864K)->3157K(4864K) NonClass: 2851K(4352K)->2851K(4352K) Class: 305K(512K)->305K(512K)
[2026-06-17T09:51:44.627+0800][3.373s][info][gc             ] GC(135) Pause Full (Ergonomics) 44M->20M(57M) 9.057ms
[2026-06-17T09:51:44.628+0800][3.373s][info][gc,cpu         ] GC(135) User=0.00s Sys=0.00s Real=0.01s
[2026-06-17T09:51:44.649+0800][3.395s][info][gc,start       ] GC(136) Pause Young (Allocation Failure)
[2026-06-17T09:51:44.650+0800][3.396s][info][gc,heap        ] GC(136) PSYoungGen: 7148K->3885K(14336K)
[2026-06-17T09:51:44.651+0800][3.397s][info][gc,heap        ] GC(136) ParOldGen: 20693K->20693K(44032K)
[2026-06-17T09:51:44.652+0800][3.398s][info][gc,metaspace   ] GC(136) Metaspace: 3157K(4864K)->3157K(4864K) NonClass: 2851K(4352K)->2851K(4352K) Class: 305K(512K)->305K(512K)
[2026-06-17T09:51:44.652+0800][3.398s][info][gc             ] GC(136) Pause Young (Allocation Failure) 27M->24M(57M) 3.408ms
[2026-06-17T09:51:44.653+0800][3.399s][info][gc,cpu         ] GC(136) User=0.00s Sys=0.00s Real=0.01s
[2026-06-17T09:51:44.675+0800][3.421s][info][gc,start       ] GC(137) Pause Young (Allocation Failure)
[2026-06-17T09:51:44.676+0800][3.422s][info][gc,heap        ] GC(137) PSYoungGen: 11044K->3906K(14848K)
[2026-06-17T09:51:44.676+0800][3.422s][info][gc,heap        ] GC(137) ParOldGen: 20693K->20693K(44032K)
[2026-06-17T09:51:44.677+0800][3.423s][info][gc,metaspace   ] GC(137) Metaspace: 3157K(4864K)->3157K(4864K) NonClass: 2851K(4352K)->2851K(4352K) Class: 305K(512K)->305K(512K)
[2026-06-17T09:51:44.677+0800][3.423s][info][gc             ] GC(137) Pause Young (Allocation Failure) 30M->24M(57M) 2.531ms
[2026-06-17T09:51:44.678+0800][3.424s][info][gc,cpu         ] GC(137) User=0.00s Sys=0.00s Real=0.00s
[2026-06-17T09:51:44.699+0800][3.445s][info][gc,start       ] GC(138) Pause Young (Allocation Failure)
[2026-06-17T09:51:44.700+0800][3.446s][info][gc,heap        ] GC(138) PSYoungGen: 12071K->5038K(14848K)
[2026-06-17T09:51:44.701+0800][3.447s][info][gc,heap        ] GC(138) ParOldGen: 20693K->20693K(44032K)
[2026-06-17T09:51:44.701+0800][3.447s][info][gc,metaspace   ] GC(138) Metaspace: 3157K(4864K)->3157K(4864K) NonClass: 2851K(4352K)->2851K(4352K) Class: 305K(512K)->305K(512K)
[2026-06-17T09:51:44.702+0800][3.447s][info][gc             ] GC(138) Pause Young (Allocation Failure) 31M->25M(57M) 2.359ms
[2026-06-17T09:51:44.702+0800][3.448s][info][gc,cpu         ] GC(138) User=0.00s Sys=0.00s Real=0.00s
[2026-06-17T09:51:44.724+0800][3.469s][info][gc,start       ] GC(139) Pause Young (Allocation Failure)
[2026-06-17T09:51:44.725+0800][3.471s][info][gc,heap        ] GC(139) PSYoungGen: 13187K->6563K(13824K)
[2026-06-17T09:51:44.726+0800][3.471s][info][gc,heap        ] GC(139) ParOldGen: 20693K->20693K(44032K)
[2026-06-17T09:51:44.726+0800][3.472s][info][gc,metaspace   ] GC(139) Metaspace: 3157K(4864K)->3157K(4864K) NonClass: 2851K(4352K)->2851K(4352K) Class: 305K(512K)->305K(512K)
[2026-06-17T09:51:44.726+0800][3.472s][info][gc             ] GC(139) Pause Young (Allocation Failure) 33M->26M(56M) 2.965ms
[2026-06-17T09:51:44.727+0800][3.473s][info][gc,cpu         ] GC(139) User=0.00s Sys=0.01s Real=0.00s
[2026-06-17T09:51:44.748+0800][3.494s][info][gc,start       ] GC(140) Pause Young (Allocation Failure)
[2026-06-17T09:51:44.750+0800][3.496s][info][gc,heap        ] GC(140) PSYoungGen: 13693K->4340K(14336K)
[2026-06-17T09:51:44.751+0800][3.496s][info][gc,heap        ] GC(140) ParOldGen: 20693K->23195K(44032K)
[2026-06-17T09:51:44.751+0800][3.497s][info][gc,metaspace   ] GC(140) Metaspace: 3157K(4864K)->3157K(4864K) NonClass: 2851K(4352K)->2851K(4352K) Class: 305K(512K)->305K(512K)
[2026-06-17T09:51:44.752+0800][3.497s][info][gc             ] GC(140) Pause Young (Allocation Failure) 33M->26M(57M) 3.111ms
[2026-06-17T09:51:44.752+0800][3.498s][info][gc,cpu         ] GC(140) User=0.00s Sys=0.00s Real=0.01s
[2026-06-17T09:51:44.763+0800][3.509s][info][gc,start       ] GC(141) Pause Young (Allocation Failure)
[2026-06-17T09:51:44.765+0800][3.511s][info][gc,heap        ] GC(141) PSYoungGen: 11498K->4216K(14336K)
[2026-06-17T09:51:44.766+0800][3.512s][info][gc,heap        ] GC(141) ParOldGen: 23195K->27017K(44032K)
[2026-06-17T09:51:44.766+0800][3.512s][info][gc,metaspace   ] GC(141) Metaspace: 3157K(4864K)->3157K(4864K) NonClass: 2851K(4352K)->2851K(4352K) Class: 305K(512K)->305K(512K)
[2026-06-17T09:51:44.767+0800][3.513s][info][gc             ] GC(141) Pause Young (Allocation Failure) 33M->30M(57M) 3.556ms
[2026-06-17T09:51:44.767+0800][3.513s][info][gc,cpu         ] GC(141) User=0.00s Sys=0.00s Real=0.00s
[2026-06-17T09:51:44.789+0800][3.535s][info][gc,start       ] GC(142) Pause Young (Allocation Failure)
[2026-06-17T09:51:44.790+0800][3.536s][info][gc,heap        ] GC(142) PSYoungGen: 11366K->2081K(14336K)
[2026-06-17T09:51:44.791+0800][3.537s][info][gc,heap        ] GC(142) ParOldGen: 27017K->29206K(44032K)
[2026-06-17T09:51:44.791+0800][3.537s][info][gc,metaspace   ] GC(142) Metaspace: 3157K(4864K)->3157K(4864K) NonClass: 2851K(4352K)->2851K(4352K) Class: 305K(512K)->305K(512K)
[2026-06-17T09:51:44.792+0800][3.537s][info][gc             ] GC(142) Pause Young (Allocation Failure) 37M->30M(57M) 2.761ms
[2026-06-17T09:51:44.792+0800][3.538s][info][gc,cpu         ] GC(142) User=0.01s Sys=0.00s Real=0.01s
[2026-06-17T09:51:44.814+0800][3.560s][info][gc,start       ] GC(143) Pause Young (Allocation Failure)
[2026-06-17T09:51:44.815+0800][3.561s][info][gc,heap        ] GC(143) PSYoungGen: 9247K->2492K(14336K)
[2026-06-17T09:51:44.816+0800][3.562s][info][gc,heap        ] GC(143) ParOldGen: 29206K->29206K(44032K)
[2026-06-17T09:51:44.817+0800][3.563s][info][gc,metaspace   ] GC(143) Metaspace: 3157K(4864K)->3157K(4864K) NonClass: 2851K(4352K)->2851K(4352K) Class: 305K(512K)->305K(512K)
[2026-06-17T09:51:44.818+0800][3.564s][info][gc             ] GC(143) Pause Young (Allocation Failure) 37M->30M(57M) 4.219ms
[2026-06-17T09:51:44.819+0800][3.565s][info][gc,cpu         ] GC(143) User=0.00s Sys=0.00s Real=0.00s
[2026-06-17T09:51:44.831+0800][3.577s][info][gc,start       ] GC(144) Pause Young (Allocation Failure)
[2026-06-17T09:51:44.833+0800][3.579s][info][gc,heap        ] GC(144) PSYoungGen: 9650K->4126K(14336K)
[2026-06-17T09:51:44.834+0800][3.580s][info][gc,heap        ] GC(144) ParOldGen: 29206K->31084K(44032K)
[2026-06-17T09:51:44.835+0800][3.581s][info][gc,metaspace   ] GC(144) Metaspace: 3157K(4864K)->3157K(4864K) NonClass: 2851K(4352K)->2851K(4352K) Class: 305K(512K)->305K(512K)
[2026-06-17T09:51:44.836+0800][3.582s][info][gc             ] GC(144) Pause Young (Allocation Failure) 37M->34M(57M) 4.876ms
[2026-06-17T09:51:44.837+0800][3.583s][info][gc,cpu         ] GC(144) User=0.00s Sys=0.00s Real=0.00s
[2026-06-17T09:51:44.860+0800][3.606s][info][gc,start       ] GC(145) Pause Young (Allocation Failure)
[2026-06-17T09:51:44.862+0800][3.608s][info][gc,heap        ] GC(145) PSYoungGen: 11288K->3285K(14848K)
[2026-06-17T09:51:44.863+0800][3.609s][info][gc,heap        ] GC(145) ParOldGen: 31084K->32049K(44032K)
[2026-06-17T09:51:44.864+0800][3.609s][info][gc,metaspace   ] GC(145) Metaspace: 3157K(4864K)->3157K(4864K) NonClass: 2851K(4352K)->2851K(4352K) Class: 305K(512K)->305K(512K)
[2026-06-17T09:51:44.865+0800][3.610s][info][gc             ] GC(145) Pause Young (Allocation Failure) 41M->34M(57M) 4.890ms
[2026-06-17T09:51:44.865+0800][3.611s][info][gc,cpu         ] GC(145) User=0.00s Sys=0.00s Real=0.01s
[2026-06-17T09:51:44.888+0800][3.634s][info][gc,start       ] GC(146) Pause Young (Allocation Failure)
[2026-06-17T09:51:44.889+0800][3.635s][info][gc,heap        ] GC(146) PSYoungGen: 10961K->2699K(14336K)
[2026-06-17T09:51:44.890+0800][3.636s][info][gc,heap        ] GC(146) ParOldGen: 32049K->33584K(44032K)
[2026-06-17T09:51:44.891+0800][3.637s][info][gc,metaspace   ] GC(146) Metaspace: 3157K(4864K)->3157K(4864K) NonClass: 2851K(4352K)->2851K(4352K) Class: 305K(512K)->305K(512K)
[2026-06-17T09:51:44.891+0800][3.637s][info][gc             ] GC(146) Pause Young (Allocation Failure) 42M->35M(57M) 3.432ms
[2026-06-17T09:51:44.892+0800][3.638s][info][gc,cpu         ] GC(146) User=0.01s Sys=0.00s Real=0.01s
[2026-06-17T09:51:44.915+0800][3.661s][info][gc,start       ] GC(147) Pause Young (Allocation Failure)
[2026-06-17T09:51:44.917+0800][3.663s][info][gc,heap        ] GC(147) PSYoungGen: 10379K->1024K(14848K)
[2026-06-17T09:51:44.917+0800][3.663s][info][gc,heap        ] GC(147) ParOldGen: 33584K->35857K(44032K)
[2026-06-17T09:51:44.918+0800][3.664s][info][gc,metaspace   ] GC(147) Metaspace: 3157K(4864K)->3157K(4864K) NonClass: 2851K(4352K)->2851K(4352K) Class: 305K(512K)->305K(512K)
[2026-06-17T09:51:44.919+0800][3.665s][info][gc             ] GC(147) Pause Young (Allocation Failure) 42M->36M(57M) 3.917ms
[2026-06-17T09:51:44.919+0800][3.665s][info][gc,cpu         ] GC(147) User=0.00s Sys=0.00s Real=0.00s
[2026-06-17T09:51:44.943+0800][3.689s][info][gc,start       ] GC(148) Pause Young (Allocation Failure)
[2026-06-17T09:51:44.945+0800][3.691s][info][gc,heap        ] GC(148) PSYoungGen: 9216K->2258K(14848K)
[2026-06-17T09:51:44.946+0800][3.691s][info][gc,heap        ] GC(148) ParOldGen: 35857K->35857K(44032K)
[2026-06-17T09:51:44.946+0800][3.692s][info][gc,metaspace   ] GC(148) Metaspace: 3157K(4864K)->3157K(4864K) NonClass: 2851K(4352K)->2851K(4352K) Class: 305K(512K)->305K(512K)
[2026-06-17T09:51:44.946+0800][3.692s][info][gc             ] GC(148) Pause Young (Allocation Failure) 44M->37M(57M) 2.994ms
[2026-06-17T09:51:44.947+0800][3.692s][info][gc,cpu         ] GC(148) User=0.00s Sys=0.00s Real=0.00s
[2026-06-17T09:51:44.958+0800][3.704s][info][gc,start       ] GC(149) Pause Young (Allocation Failure)
[2026-06-17T09:51:44.960+0800][3.706s][info][gc,heap        ] GC(149) PSYoungGen: 10336K->1488K(14848K)
[2026-06-17T09:51:44.961+0800][3.706s][info][gc,heap        ] GC(149) ParOldGen: 35857K->37767K(44032K)
[2026-06-17T09:51:44.961+0800][3.707s][info][gc,metaspace   ] GC(149) Metaspace: 3157K(4864K)->3157K(4864K) NonClass: 2851K(4352K)->2851K(4352K) Class: 305K(512K)->305K(512K)
[2026-06-17T09:51:44.962+0800][3.708s][info][gc             ] GC(149) Pause Young (Allocation Failure) 45M->38M(57M) 3.761ms
[2026-06-17T09:51:44.963+0800][3.709s][info][gc,cpu         ] GC(149) User=0.00s Sys=0.00s Real=0.01s
[2026-06-17T09:51:44.996+0800][3.742s][info][gc,start       ] GC(150) Pause Young (Allocation Failure)
[2026-06-17T09:51:44.998+0800][3.744s][info][gc,heap        ] GC(150) PSYoungGen: 9661K->1114K(14848K)
[2026-06-17T09:51:44.999+0800][3.745s][info][gc,heap        ] GC(150) ParOldGen: 37767K->39231K(44032K)
[2026-06-17T09:51:45.000+0800][3.745s][info][gc,metaspace   ] GC(150) Metaspace: 3157K(4864K)->3157K(4864K) NonClass: 2851K(4352K)->2851K(4352K) Class: 305K(512K)->305K(512K)
[2026-06-17T09:51:45.000+0800][3.746s][info][gc             ] GC(150) Pause Young (Allocation Failure) 46M->39M(57M) 4.205ms
[2026-06-17T09:51:45.001+0800][3.747s][info][gc,cpu         ] GC(150) User=0.00s Sys=0.00s Real=0.00s
[2026-06-17T09:51:45.013+0800][3.759s][info][gc,start       ] GC(151) Pause Young (Allocation Failure)
[2026-06-17T09:51:45.015+0800][3.761s][info][gc,heap        ] GC(151) PSYoungGen: 9267K->5376K(13824K)
[2026-06-17T09:51:45.015+0800][3.761s][info][gc,heap        ] GC(151) ParOldGen: 39231K->39705K(44032K)
[2026-06-17T09:51:45.016+0800][3.762s][info][gc,metaspace   ] GC(151) Metaspace: 3157K(4864K)->3157K(4864K) NonClass: 2851K(4352K)->2851K(4352K) Class: 305K(512K)->305K(512K)
[2026-06-17T09:51:45.017+0800][3.762s][info][gc             ] GC(151) Pause Young (Allocation Failure) 47M->44M(56M) 3.336ms
[2026-06-17T09:51:45.017+0800][3.763s][info][gc,cpu         ] GC(151) User=0.00s Sys=0.00s Real=0.00s
[2026-06-17T09:51:45.039+0800][3.785s][info][gc,start       ] GC(152) Pause Young (Allocation Failure)
[2026-06-17T09:51:45.040+0800][3.786s][info][gc,heap        ] GC(152) PSYoungGen: 12524K->3625K(14336K)
[2026-06-17T09:51:45.041+0800][3.787s][info][gc,heap        ] GC(152) ParOldGen: 39705K->41815K(44032K)
[2026-06-17T09:51:45.042+0800][3.787s][info][gc,metaspace   ] GC(152) Metaspace: 3157K(4864K)->3157K(4864K) NonClass: 2851K(4352K)->2851K(4352K) Class: 305K(512K)->305K(512K)
[2026-06-17T09:51:45.042+0800][3.788s][info][gc             ] GC(152) Pause Young (Allocation Failure) 51M->44M(57M) 3.166ms
[2026-06-17T09:51:45.043+0800][3.788s][info][gc,cpu         ] GC(152) User=0.00s Sys=0.00s Real=0.01s
[2026-06-17T09:51:45.043+0800][3.789s][info][gc,start       ] GC(153) Pause Full (Ergonomics)
[2026-06-17T09:51:45.044+0800][3.790s][info][gc,phases,start] GC(153) Marking Phase
[2026-06-17T09:51:45.045+0800][3.791s][info][gc,phases      ] GC(153) Marking Phase 1.298ms
[2026-06-17T09:51:45.046+0800][3.792s][info][gc,phases,start] GC(153) Summary Phase
[2026-06-17T09:51:45.046+0800][3.792s][info][gc,phases      ] GC(153) Summary Phase 0.605ms
[2026-06-17T09:51:45.047+0800][3.793s][info][gc,phases,start] GC(153) Adjust Roots
[2026-06-17T09:51:45.047+0800][3.793s][info][gc,phases      ] GC(153) Adjust Roots 0.642ms
[2026-06-17T09:51:45.048+0800][3.794s][info][gc,phases,start] GC(153) Compaction Phase
[2026-06-17T09:51:45.050+0800][3.796s][info][gc,phases      ] GC(153) Compaction Phase 1.866ms
[2026-06-17T09:51:45.051+0800][3.796s][info][gc,phases,start] GC(153) Post Compact
[2026-06-17T09:51:45.051+0800][3.797s][info][gc,phases      ] GC(153) Post Compact 0.654ms
[2026-06-17T09:51:45.052+0800][3.798s][info][gc,heap        ] GC(153) PSYoungGen: 3625K->0K(14336K)
[2026-06-17T09:51:45.052+0800][3.798s][info][gc,heap        ] GC(153) ParOldGen: 41815K->23115K(44032K)
[2026-06-17T09:51:45.053+0800][3.799s][info][gc,metaspace   ] GC(153) Metaspace: 3157K(4864K)->3157K(4864K) NonClass: 2851K(4352K)->2851K(4352K) Class: 305K(512K)->305K(512K)
[2026-06-17T09:51:45.053+0800][3.799s][info][gc             ] GC(153) Pause Full (Ergonomics) 44M->22M(57M) 10.099ms
[2026-06-17T09:51:45.054+0800][3.800s][info][gc,cpu         ] GC(153) User=0.01s Sys=0.00s Real=0.01s
[2026-06-17T09:51:45.075+0800][3.821s][info][gc,start       ] GC(154) Pause Young (Allocation Failure)
[2026-06-17T09:51:45.076+0800][3.822s][info][gc,heap        ] GC(154) PSYoungGen: 7149K->3953K(14336K)
[2026-06-17T09:51:45.077+0800][3.823s][info][gc,heap        ] GC(154) ParOldGen: 23115K->23115K(44032K)
[2026-06-17T09:51:45.077+0800][3.823s][info][gc,metaspace   ] GC(154) Metaspace: 3157K(4864K)->3157K(4864K) NonClass: 2851K(4352K)->2851K(4352K) Class: 305K(512K)->305K(512K)
[2026-06-17T09:51:45.079+0800][3.825s][info][gc             ] GC(154) Pause Young (Allocation Failure) 29M->26M(57M) 3.645ms
[2026-06-17T09:51:45.079+0800][3.825s][info][gc,cpu         ] GC(154) User=0.00s Sys=0.00s Real=0.00s
[2026-06-17T09:51:45.091+0800][3.836s][info][gc,start       ] GC(155) Pause Young (Allocation Failure)
[2026-06-17T09:51:45.092+0800][3.838s][info][gc,heap        ] GC(155) PSYoungGen: 10964K->1510K(14336K)
[2026-06-17T09:51:45.092+0800][3.838s][info][gc,heap        ] GC(155) ParOldGen: 23115K->26078K(44032K)
[2026-06-17T09:51:45.093+0800][3.839s][info][gc,metaspace   ] GC(155) Metaspace: 3157K(4864K)->3157K(4864K) NonClass: 2851K(4352K)->2851K(4352K) Class: 305K(512K)->305K(512K)
[2026-06-17T09:51:45.094+0800][3.840s][info][gc             ] GC(155) Pause Young (Allocation Failure) 33M->26M(57M) 3.608ms
[2026-06-17T09:51:45.095+0800][3.841s][info][gc,cpu         ] GC(155) User=0.00s Sys=0.00s Real=0.00s
[2026-06-17T09:51:45.116+0800][3.862s][info][gc,start       ] GC(156) Pause Young (Allocation Failure)
[2026-06-17T09:51:45.117+0800][3.863s][info][gc,heap        ] GC(156) PSYoungGen: 8647K->3832K(14336K)
[2026-06-17T09:51:45.117+0800][3.863s][info][gc,heap        ] GC(156) ParOldGen: 26078K->27564K(44032K)
[2026-06-17T09:51:45.117+0800][3.863s][info][gc,metaspace   ] GC(156) Metaspace: 3157K(4864K)->3157K(4864K) NonClass: 2851K(4352K)->2851K(4352K) Class: 305K(512K)->305K(512K)
[2026-06-17T09:51:45.117+0800][3.863s][info][gc             ] GC(156) Pause Young (Allocation Failure) 33M->30M(57M) 0.939ms
[2026-06-17T09:51:45.117+0800][3.863s][info][gc,cpu         ] GC(156) User=0.00s Sys=0.00s Real=0.00s
[2026-06-17T09:51:45.139+0800][3.884s][info][gc,start       ] GC(157) Pause Young (Allocation Failure)
[2026-06-17T09:51:45.143+0800][3.889s][info][gc,heap        ] GC(157) PSYoungGen: 10959K->3625K(14848K)
[2026-06-17T09:51:45.143+0800][3.889s][info][gc,heap        ] GC(157) ParOldGen: 27564K->28074K(44032K)
[2026-06-17T09:51:45.144+0800][3.890s][info][gc,metaspace   ] GC(157) Metaspace: 3157K(4864K)->3157K(4864K) NonClass: 2851K(4352K)->2851K(4352K) Class: 305K(512K)->305K(512K)
[2026-06-17T09:51:45.144+0800][3.890s][info][gc             ] GC(157) Pause Young (Allocation Failure) 37M->30M(57M) 5.665ms
[2026-06-17T09:51:45.145+0800][3.890s][info][gc,cpu         ] GC(157) User=0.00s Sys=0.00s Real=0.01s
[2026-06-17T09:51:45.167+0800][3.913s][info][gc,start       ] GC(158) Pause Young (Allocation Failure)
[2026-06-17T09:51:45.169+0800][3.915s][info][gc,heap        ] GC(158) PSYoungGen: 11802K->3125K(14848K)
[2026-06-17T09:51:45.170+0800][3.916s][info][gc,heap        ] GC(158) ParOldGen: 28074K->29865K(44032K)
[2026-06-17T09:51:45.171+0800][3.917s][info][gc,metaspace   ] GC(158) Metaspace: 3157K(4864K)->3157K(4864K) NonClass: 2851K(4352K)->2851K(4352K) Class: 305K(512K)->305K(512K)
[2026-06-17T09:51:45.172+0800][3.918s][info][gc             ] GC(158) Pause Young (Allocation Failure) 38M->32M(57M) 4.810ms
[2026-06-17T09:51:45.173+0800][3.918s][info][gc,cpu         ] GC(158) User=0.01s Sys=0.00s Real=0.01s
[2026-06-17T09:51:45.195+0800][3.941s][info][gc,start       ] GC(159) Pause Young (Allocation Failure)
[2026-06-17T09:51:45.196+0800][3.942s][info][gc,heap        ] GC(159) PSYoungGen: 11311K->3965K(15360K)
[2026-06-17T09:51:45.196+0800][3.942s][info][gc,heap        ] GC(159) ParOldGen: 29865K->29865K(44032K)
[2026-06-17T09:51:45.197+0800][3.943s][info][gc,metaspace   ] GC(159) Metaspace: 3157K(4864K)->3157K(4864K) NonClass: 2851K(4352K)->2851K(4352K) Class: 305K(512K)->305K(512K)
[2026-06-17T09:51:45.198+0800][3.944s][info][gc             ] GC(159) Pause Young (Allocation Failure) 40M->33M(58M) 2.986ms
[2026-06-17T09:51:45.198+0800][3.944s][info][gc,cpu         ] GC(159) User=0.00s Sys=0.00s Real=0.00s
[2026-06-17T09:51:45.220+0800][3.966s][info][gc,start       ] GC(160) Pause Young (Allocation Failure)
[2026-06-17T09:51:45.221+0800][3.967s][info][gc,heap        ] GC(160) PSYoungGen: 13181K->4467K(13824K)
[2026-06-17T09:51:45.222+0800][3.968s][info][gc,heap        ] GC(160) ParOldGen: 29865K->31758K(44032K)
[2026-06-17T09:51:45.223+0800][3.968s][info][gc,metaspace   ] GC(160) Metaspace: 3157K(4864K)->3157K(4864K) NonClass: 2851K(4352K)->2851K(4352K) Class: 305K(512K)->305K(512K)
[2026-06-17T09:51:45.223+0800][3.969s][info][gc             ] GC(160) Pause Young (Allocation Failure) 42M->35M(56M) 3.165ms
[2026-06-17T09:51:45.224+0800][3.970s][info][gc,cpu         ] GC(160) User=0.00s Sys=0.00s Real=0.01s
[2026-06-17T09:51:45.246+0800][3.992s][info][gc,start       ] GC(161) Pause Young (Allocation Failure)
[2026-06-17T09:51:45.247+0800][3.993s][info][gc,heap        ] GC(161) PSYoungGen: 13511K->1517K(14848K)
[2026-06-17T09:51:45.247+0800][3.993s][info][gc,heap        ] GC(161) ParOldGen: 31758K->33701K(44032K)
[2026-06-17T09:51:45.248+0800][3.994s][info][gc,metaspace   ] GC(161) Metaspace: 3157K(4864K)->3157K(4864K) NonClass: 2851K(4352K)->2851K(4352K) Class: 305K(512K)->305K(512K)
[2026-06-17T09:51:45.249+0800][3.994s][info][gc             ] GC(161) Pause Young (Allocation Failure) 44M->34M(57M) 2.835ms
[2026-06-17T09:51:45.249+0800][3.995s][info][gc,cpu         ] GC(161) User=0.00s Sys=0.00s Real=0.00s
[2026-06-17T09:51:45.281+0800][4.027s][info][gc,start       ] GC(162) Pause Young (Allocation Failure)
[2026-06-17T09:51:45.283+0800][4.029s][info][gc,heap        ] GC(162) PSYoungGen: 9695K->1269K(14848K)
[2026-06-17T09:51:45.283+0800][4.029s][info][gc,heap        ] GC(162) ParOldGen: 33701K->35195K(44032K)
[2026-06-17T09:51:45.283+0800][4.029s][info][gc,metaspace   ] GC(162) Metaspace: 3157K(4864K)->3157K(4864K) NonClass: 2851K(4352K)->2851K(4352K) Class: 305K(512K)->305K(512K)
[2026-06-17T09:51:45.283+0800][4.029s][info][gc             ] GC(162) Pause Young (Allocation Failure) 42M->35M(57M) 2.486ms
[2026-06-17T09:51:45.284+0800][4.030s][info][gc,cpu         ] GC(162) User=0.00s Sys=0.00s Real=0.01s
[2026-06-17T09:51:45.295+0800][4.041s][info][gc,start       ] GC(163) Pause Young (Allocation Failure)
[2026-06-17T09:51:45.296+0800][4.042s][info][gc,heap        ] GC(163) PSYoungGen: 9448K->6069K(13824K)
[2026-06-17T09:51:45.296+0800][4.042s][info][gc,heap        ] GC(163) ParOldGen: 35195K->35195K(44032K)
[2026-06-17T09:51:45.299+0800][4.045s][info][gc,metaspace   ] GC(163) Metaspace: 3157K(4864K)->3157K(4864K) NonClass: 2851K(4352K)->2851K(4352K) Class: 305K(512K)->305K(512K)
[2026-06-17T09:51:45.300+0800][4.045s][info][gc             ] GC(163) Pause Young (Allocation Failure) 43M->40M(56M) 4.788ms
[2026-06-17T09:51:45.303+0800][4.048s][info][gc,cpu         ] GC(163) User=0.00s Sys=0.00s Real=0.01s
[2026-06-17T09:51:45.327+0800][4.073s][info][gc,start       ] GC(164) Pause Young (Allocation Failure)
[2026-06-17T09:51:45.329+0800][4.074s][info][gc,heap        ] GC(164) PSYoungGen: 13237K->2505K(14336K)
[2026-06-17T09:51:45.329+0800][4.075s][info][gc,heap        ] GC(164) ParOldGen: 35195K->38768K(44032K)
[2026-06-17T09:51:45.330+0800][4.075s][info][gc,metaspace   ] GC(164) Metaspace: 3157K(4864K)->3157K(4864K) NonClass: 2851K(4352K)->2851K(4352K) Class: 305K(512K)->305K(512K)
[2026-06-17T09:51:45.330+0800][4.076s][info][gc             ] GC(164) Pause Young (Allocation Failure) 47M->40M(57M) 3.088ms
[2026-06-17T09:51:45.330+0800][4.076s][info][gc,cpu         ] GC(164) User=0.01s Sys=0.00s Real=0.00s
[2026-06-17T09:51:45.352+0800][4.098s][info][gc,start       ] GC(165) Pause Young (Allocation Failure)
[2026-06-17T09:51:45.353+0800][4.099s][info][gc,heap        ] GC(165) PSYoungGen: 9618K->2647K(14848K)
[2026-06-17T09:51:45.354+0800][4.100s][info][gc,heap        ] GC(165) ParOldGen: 38768K->38768K(44032K)
[2026-06-17T09:51:45.356+0800][4.102s][info][gc,metaspace   ] GC(165) Metaspace: 3157K(4864K)->3157K(4864K) NonClass: 2851K(4352K)->2851K(4352K) Class: 305K(512K)->305K(512K)
[2026-06-17T09:51:45.358+0800][4.104s][info][gc             ] GC(165) Pause Young (Allocation Failure) 47M->40M(57M) 6.493ms
[2026-06-17T09:51:45.359+0800][4.104s][info][gc,cpu         ] GC(165) User=0.00s Sys=0.01s Real=0.00s
[2026-06-17T09:51:45.370+0800][4.116s][info][gc,start       ] GC(166) Pause Young (Allocation Failure)
[2026-06-17T09:51:45.371+0800][4.117s][info][gc,heap        ] GC(166) PSYoungGen: 10300K->1625K(14336K)
[2026-06-17T09:51:45.373+0800][4.119s][info][gc,heap        ] GC(166) ParOldGen: 38768K->40585K(44032K)
[2026-06-17T09:51:45.375+0800][4.121s][info][gc,metaspace   ] GC(166) Metaspace: 3157K(4864K)->3157K(4864K) NonClass: 2851K(4352K)->2851K(4352K) Class: 305K(512K)->305K(512K)
[2026-06-17T09:51:45.377+0800][4.123s][info][gc             ] GC(166) Pause Young (Allocation Failure) 47M->41M(57M) 7.265ms
[2026-06-17T09:51:45.379+0800][4.125s][info][gc,cpu         ] GC(166) User=0.00s Sys=0.00s Real=0.01s
[2026-06-17T09:51:45.381+0800][4.127s][info][gc,start       ] GC(167) Pause Full (Ergonomics)
[2026-06-17T09:51:45.383+0800][4.129s][info][gc,phases,start] GC(167) Marking Phase
[2026-06-17T09:51:45.385+0800][4.131s][info][gc,phases      ] GC(167) Marking Phase 1.760ms
[2026-06-17T09:51:45.386+0800][4.132s][info][gc,phases,start] GC(167) Summary Phase
[2026-06-17T09:51:45.387+0800][4.133s][info][gc,phases      ] GC(167) Summary Phase 0.471ms
[2026-06-17T09:51:45.389+0800][4.135s][info][gc,phases,start] GC(167) Adjust Roots
[2026-06-17T09:51:45.389+0800][4.135s][info][gc,phases      ] GC(167) Adjust Roots 0.539ms
[2026-06-17T09:51:45.390+0800][4.136s][info][gc,phases,start] GC(167) Compaction Phase
[2026-06-17T09:51:45.393+0800][4.139s][info][gc,phases      ] GC(167) Compaction Phase 2.848ms
[2026-06-17T09:51:45.393+0800][4.139s][info][gc,phases,start] GC(167) Post Compact
[2026-06-17T09:51:45.393+0800][4.139s][info][gc,phases      ] GC(167) Post Compact 0.291ms
[2026-06-17T09:51:45.394+0800][4.139s][info][gc,heap        ] GC(167) PSYoungGen: 1625K->0K(14848K)
[2026-06-17T09:51:45.394+0800][4.140s][info][gc,heap        ] GC(167) ParOldGen: 40585K->28993K(44032K)
[2026-06-17T09:51:45.394+0800][4.140s][info][gc,metaspace   ] GC(167) Metaspace: 3157K(4864K)->3157K(4864K) NonClass: 2851K(4352K)->2851K(4352K) Class: 305K(512K)->305K(512K)
[2026-06-17T09:51:45.394+0800][4.140s][info][gc             ] GC(167) Pause Full (Ergonomics) 41M->28M(57M) 13.152ms
[2026-06-17T09:51:45.395+0800][4.140s][info][gc,cpu         ] GC(167) User=0.00s Sys=0.00s Real=0.02s
[2026-06-17T09:51:45.426+0800][4.172s][info][gc,start       ] GC(168) Pause Young (Allocation Failure)
[2026-06-17T09:51:45.427+0800][4.173s][info][gc,heap        ] GC(168) PSYoungGen: 8178K->1289K(14848K)
[2026-06-17T09:51:45.428+0800][4.174s][info][gc,heap        ] GC(168) ParOldGen: 28993K->28993K(44032K)
[2026-06-17T09:51:45.428+0800][4.174s][info][gc,metaspace   ] GC(168) Metaspace: 3157K(4864K)->3157K(4864K) NonClass: 2851K(4352K)->2851K(4352K) Class: 305K(512K)->305K(512K)
[2026-06-17T09:51:45.429+0800][4.175s][info][gc             ] GC(168) Pause Young (Allocation Failure) 36M->29M(57M) 2.547ms
[2026-06-17T09:51:45.429+0800][4.175s][info][gc,cpu         ] GC(168) User=0.00s Sys=0.00s Real=0.00s
[2026-06-17T09:51:45.451+0800][4.197s][info][gc,start       ] GC(169) Pause Young (Allocation Failure)
[2026-06-17T09:51:45.453+0800][4.199s][info][gc,heap        ] GC(169) PSYoungGen: 9463K->2339K(14848K)
[2026-06-17T09:51:45.453+0800][4.199s][info][gc,heap        ] GC(169) ParOldGen: 28993K->28993K(44032K)
[2026-06-17T09:51:45.453+0800][4.199s][info][gc,metaspace   ] GC(169) Metaspace: 3157K(4864K)->3157K(4864K) NonClass: 2851K(4352K)->2851K(4352K) Class: 305K(512K)->305K(512K)
[2026-06-17T09:51:45.454+0800][4.200s][info][gc             ] GC(169) Pause Young (Allocation Failure) 37M->30M(57M) 2.455ms
[2026-06-17T09:51:45.454+0800][4.200s][info][gc,cpu         ] GC(169) User=0.00s Sys=0.00s Real=0.00s
[2026-06-17T09:51:45.466+0800][4.212s][info][gc,start       ] GC(170) Pause Young (Allocation Failure)
[2026-06-17T09:51:45.468+0800][4.214s][info][gc,heap        ] GC(170) PSYoungGen: 10222K->2756K(14848K)
[2026-06-17T09:51:45.469+0800][4.214s][info][gc,heap        ] GC(170) ParOldGen: 28993K->29428K(44032K)
[2026-06-17T09:51:45.469+0800][4.215s][info][gc,metaspace   ] GC(170) Metaspace: 3157K(4864K)->3157K(4864K) NonClass: 2851K(4352K)->2851K(4352K) Class: 305K(512K)->305K(512K)
[2026-06-17T09:51:45.469+0800][4.215s][info][gc             ] GC(170) Pause Young (Allocation Failure) 38M->31M(57M) 3.493ms
[2026-06-17T09:51:45.470+0800][4.216s][info][gc,cpu         ] GC(170) User=0.00s Sys=0.00s Real=0.00s
[2026-06-17T09:51:45.503+0800][4.248s][info][gc,start       ] GC(171) Pause Young (Allocation Failure)
[2026-06-17T09:51:45.504+0800][4.250s][info][gc,heap        ] GC(171) PSYoungGen: 10926K->1392K(15360K)
[2026-06-17T09:51:45.505+0800][4.251s][info][gc,heap        ] GC(171) ParOldGen: 29428K->32136K(44032K)
[2026-06-17T09:51:45.505+0800][4.251s][info][gc,metaspace   ] GC(171) Metaspace: 3157K(4864K)->3157K(4864K) NonClass: 2851K(4352K)->2851K(4352K) Class: 305K(512K)->305K(512K)
[2026-06-17T09:51:45.506+0800][4.251s][info][gc             ] GC(171) Pause Young (Allocation Failure) 39M->32M(58M) 3.111ms
[2026-06-17T09:51:45.506+0800][4.252s][info][gc,cpu         ] GC(171) User=0.00s Sys=0.00s Real=0.00s
[2026-06-17T09:51:45.528+0800][4.274s][info][gc,start       ] GC(172) Pause Young (Allocation Failure)
[2026-06-17T09:51:45.530+0800][4.276s][info][gc,heap        ] GC(172) PSYoungGen: 10596K->2921K(15360K)
[2026-06-17T09:51:45.530+0800][4.276s][info][gc,heap        ] GC(172) ParOldGen: 32136K->33166K(44032K)
[2026-06-17T09:51:45.531+0800][4.277s][info][gc,metaspace   ] GC(172) Metaspace: 3157K(4864K)->3157K(4864K) NonClass: 2851K(4352K)->2851K(4352K) Class: 305K(512K)->305K(512K)
[2026-06-17T09:51:45.531+0800][4.277s][info][gc             ] GC(172) Pause Young (Allocation Failure) 41M->35M(58M) 3.111ms
[2026-06-17T09:51:45.531+0800][4.277s][info][gc,cpu         ] GC(172) User=0.00s Sys=0.00s Real=0.01s
[2026-06-17T09:51:45.542+0800][4.288s][info][gc,start       ] GC(173) Pause Young (Allocation Failure)
[2026-06-17T09:51:45.544+0800][4.289s][info][gc,heap        ] GC(173) PSYoungGen: 11874K->2774K(15872K)
[2026-06-17T09:51:45.544+0800][4.290s][info][gc,heap        ] GC(173) ParOldGen: 33166K->35381K(44032K)
[2026-06-17T09:51:45.544+0800][4.290s][info][gc,metaspace   ] GC(173) Metaspace: 3157K(4864K)->3157K(4864K) NonClass: 2851K(4352K)->2851K(4352K) Class: 305K(512K)->305K(512K)
[2026-06-17T09:51:45.544+0800][4.290s][info][gc             ] GC(173) Pause Young (Allocation Failure) 43M->37M(58M) 1.900ms
[2026-06-17T09:51:45.545+0800][4.290s][info][gc,cpu         ] GC(173) User=0.01s Sys=0.00s Real=0.01s
[2026-06-17T09:51:45.577+0800][4.323s][info][gc,start       ] GC(174) Pause Young (Allocation Failure)
[2026-06-17T09:51:45.579+0800][4.325s][info][gc,heap        ] GC(174) PSYoungGen: 13008K->3672K(15872K)
[2026-06-17T09:51:45.579+0800][4.325s][info][gc,heap        ] GC(174) ParOldGen: 35381K->38131K(44032K)
[2026-06-17T09:51:45.580+0800][4.326s][info][gc,metaspace   ] GC(174) Metaspace: 3157K(4864K)->3157K(4864K) NonClass: 2851K(4352K)->2851K(4352K) Class: 305K(512K)->305K(512K)
[2026-06-17T09:51:45.580+0800][4.326s][info][gc             ] GC(174) Pause Young (Allocation Failure) 47M->40M(58M) 3.235ms
[2026-06-17T09:51:45.580+0800][4.326s][info][gc,cpu         ] GC(174) User=0.00s Sys=0.00s Real=0.00s
[2026-06-17T09:51:45.613+0800][4.358s][info][gc,start       ] GC(175) Pause Young (Allocation Failure)
[2026-06-17T09:51:45.614+0800][4.360s][info][gc,heap        ] GC(175) PSYoungGen: 13893K->2890K(15872K)
[2026-06-17T09:51:45.615+0800][4.361s][info][gc,heap        ] GC(175) ParOldGen: 38131K->38655K(44032K)
[2026-06-17T09:51:45.615+0800][4.361s][info][gc,metaspace   ] GC(175) Metaspace: 3157K(4864K)->3157K(4864K) NonClass: 2851K(4352K)->2851K(4352K) Class: 305K(512K)->305K(512K)
[2026-06-17T09:51:45.616+0800][4.361s][info][gc             ] GC(175) Pause Young (Allocation Failure) 50M->40M(58M) 2.973ms
[2026-06-17T09:51:45.616+0800][4.362s][info][gc,cpu         ] GC(175) User=0.00s Sys=0.00s Real=0.00s
[2026-06-17T09:51:45.638+0800][4.384s][info][gc,start       ] GC(176) Pause Young (Allocation Failure)
[2026-06-17T09:51:45.640+0800][4.386s][info][gc,heap        ] GC(176) PSYoungGen: 13120K->4119K(15872K)
[2026-06-17T09:51:45.640+0800][4.386s][info][gc,heap        ] GC(176) ParOldGen: 38655K->40584K(44032K)
[2026-06-17T09:51:45.641+0800][4.386s][info][gc,metaspace   ] GC(176) Metaspace: 3157K(4864K)->3157K(4864K) NonClass: 2851K(4352K)->2851K(4352K) Class: 305K(512K)->305K(512K)
[2026-06-17T09:51:45.641+0800][4.387s][info][gc             ] GC(176) Pause Young (Allocation Failure) 50M->43M(58M) 3.010ms
[2026-06-17T09:51:45.641+0800][4.387s][info][gc,cpu         ] GC(176) User=0.00s Sys=0.01s Real=0.00s
[2026-06-17T09:51:45.641+0800][4.387s][info][gc,start       ] GC(177) Pause Full (Ergonomics)
[2026-06-17T09:51:45.642+0800][4.388s][info][gc,phases,start] GC(177) Marking Phase
[2026-06-17T09:51:45.643+0800][4.389s][info][gc,phases      ] GC(177) Marking Phase 1.780ms
[2026-06-17T09:51:45.644+0800][4.390s][info][gc,phases,start] GC(177) Summary Phase
[2026-06-17T09:51:45.644+0800][4.390s][info][gc,phases      ] GC(177) Summary Phase 0.184ms
[2026-06-17T09:51:45.644+0800][4.390s][info][gc,phases,start] GC(177) Adjust Roots
[2026-06-17T09:51:45.644+0800][4.390s][info][gc,phases      ] GC(177) Adjust Roots 0.254ms
[2026-06-17T09:51:45.644+0800][4.390s][info][gc,phases,start] GC(177) Compaction Phase
[2026-06-17T09:51:45.646+0800][4.392s][info][gc,phases      ] GC(177) Compaction Phase 1.634ms
[2026-06-17T09:51:45.646+0800][4.392s][info][gc,phases,start] GC(177) Post Compact
[2026-06-17T09:51:45.647+0800][4.392s][info][gc,phases      ] GC(177) Post Compact 0.234ms
[2026-06-17T09:51:45.647+0800][4.393s][info][gc,heap        ] GC(177) PSYoungGen: 4119K->0K(15872K)
[2026-06-17T09:51:45.647+0800][4.393s][info][gc,heap        ] GC(177) ParOldGen: 40584K->25844K(44032K)
[2026-06-17T09:51:45.647+0800][4.393s][info][gc,metaspace   ] GC(177) Metaspace: 3157K(4864K)->3157K(4864K) NonClass: 2851K(4352K)->2851K(4352K) Class: 305K(512K)->305K(512K)
[2026-06-17T09:51:45.647+0800][4.393s][info][gc             ] GC(177) Pause Full (Ergonomics) 43M->25M(58M) 5.787ms
[2026-06-17T09:51:45.647+0800][4.393s][info][gc,cpu         ] GC(177) User=0.00s Sys=0.00s Real=0.01s
[2026-06-17T09:51:45.679+0800][4.425s][info][gc,start       ] GC(178) Pause Young (Allocation Failure)
[2026-06-17T09:51:45.681+0800][4.426s][info][gc,heap        ] GC(178) PSYoungGen: 10240K->3557K(15872K)
[2026-06-17T09:51:45.681+0800][4.427s][info][gc,heap        ] GC(178) ParOldGen: 25844K->25844K(44032K)
[2026-06-17T09:51:45.681+0800][4.427s][info][gc,metaspace   ] GC(178) Metaspace: 3157K(4864K)->3157K(4864K) NonClass: 2851K(4352K)->2851K(4352K) Class: 305K(512K)->305K(512K)
[2026-06-17T09:51:45.682+0800][4.428s][info][gc             ] GC(178) Pause Young (Allocation Failure) 35M->28M(58M) 2.559ms
[2026-06-17T09:51:45.682+0800][4.428s][info][gc,cpu         ] GC(178) User=0.00s Sys=0.00s Real=0.00s
[2026-06-17T09:51:45.704+0800][4.450s][info][gc,start       ] GC(179) Pause Young (Allocation Failure)
[2026-06-17T09:51:45.706+0800][4.452s][info][gc,heap        ] GC(179) PSYoungGen: 13767K->4342K(14848K)
[2026-06-17T09:51:45.706+0800][4.452s][info][gc,heap        ] GC(179) ParOldGen: 25844K->28865K(44032K)
[2026-06-17T09:51:45.706+0800][4.452s][info][gc,metaspace   ] GC(179) Metaspace: 3157K(4864K)->3157K(4864K) NonClass: 2851K(4352K)->2851K(4352K) Class: 305K(512K)->305K(512K)
[2026-06-17T09:51:45.707+0800][4.453s][info][gc             ] GC(179) Pause Young (Allocation Failure) 38M->32M(57M) 2.651ms
[2026-06-17T09:51:45.707+0800][4.453s][info][gc,cpu         ] GC(179) User=0.00s Sys=0.00s Real=0.00s
[2026-06-17T09:51:45.739+0800][4.485s][info][gc,start       ] GC(180) Pause Young (Allocation Failure)
[2026-06-17T09:51:45.740+0800][4.486s][info][gc,heap        ] GC(180) PSYoungGen: 13558K->2234K(15360K)
[2026-06-17T09:51:45.741+0800][4.487s][info][gc,heap        ] GC(180) ParOldGen: 28865K->30428K(44032K)
[2026-06-17T09:51:45.741+0800][4.487s][info][gc,metaspace   ] GC(180) Metaspace: 3157K(4864K)->3157K(4864K) NonClass: 2851K(4352K)->2851K(4352K) Class: 305K(512K)->305K(512K)
[2026-06-17T09:51:45.742+0800][4.487s][info][gc             ] GC(180) Pause Young (Allocation Failure) 41M->31M(58M) 2.360ms
[2026-06-17T09:51:45.742+0800][4.488s][info][gc,cpu         ] GC(180) User=0.00s Sys=0.00s Real=0.00s
[2026-06-17T09:51:45.764+0800][4.510s][info][gc,start       ] GC(181) Pause Young (Allocation Failure)
[2026-06-17T09:51:45.765+0800][4.511s][info][gc,heap        ] GC(181) PSYoungGen: 11442K->2488K(15872K)
[2026-06-17T09:51:45.766+0800][4.512s][info][gc,heap        ] GC(181) ParOldGen: 30428K->32437K(44032K)
[2026-06-17T09:51:45.766+0800][4.512s][info][gc,metaspace   ] GC(181) Metaspace: 3157K(4864K)->3157K(4864K) NonClass: 2851K(4352K)->2851K(4352K) Class: 305K(512K)->305K(512K)
[2026-06-17T09:51:45.766+0800][4.512s][info][gc             ] GC(181) Pause Young (Allocation Failure) 40M->34M(58M) 2.560ms
[2026-06-17T09:51:45.767+0800][4.512s][info][gc,cpu         ] GC(181) User=0.00s Sys=0.00s Real=0.00s
[2026-06-17T09:51:45.788+0800][4.534s][info][gc,start       ] GC(182) Pause Young (Allocation Failure)
[2026-06-17T09:51:45.791+0800][4.537s][info][gc,heap        ] GC(182) PSYoungGen: 12713K->4456K(14848K)
[2026-06-17T09:51:45.791+0800][4.537s][info][gc,heap        ] GC(182) ParOldGen: 32437K->33308K(44032K)
[2026-06-17T09:51:45.793+0800][4.538s][info][gc,metaspace   ] GC(182) Metaspace: 3157K(4864K)->3157K(4864K) NonClass: 2851K(4352K)->2851K(4352K) Class: 305K(512K)->305K(512K)
[2026-06-17T09:51:45.793+0800][4.539s][info][gc             ] GC(182) Pause Young (Allocation Failure) 44M->36M(57M) 4.782ms
[2026-06-17T09:51:45.795+0800][4.541s][info][gc,cpu         ] GC(182) User=0.00s Sys=0.00s Real=0.01s
[2026-06-17T09:51:45.828+0800][4.573s][info][gc,start       ] GC(183) Pause Young (Allocation Failure)
[2026-06-17T09:51:45.829+0800][4.575s][info][gc,heap        ] GC(183) PSYoungGen: 14637K->2497K(15872K)
[2026-06-17T09:51:45.829+0800][4.575s][info][gc,heap        ] GC(183) ParOldGen: 33308K->34720K(44032K)
[2026-06-17T09:51:45.830+0800][4.576s][info][gc,metaspace   ] GC(183) Metaspace: 3157K(4864K)->3157K(4864K) NonClass: 2851K(4352K)->2851K(4352K) Class: 305K(512K)->305K(512K)
[2026-06-17T09:51:45.830+0800][4.576s][info][gc             ] GC(183) Pause Young (Allocation Failure) 46M->36M(58M) 2.482ms
[2026-06-17T09:51:45.830+0800][4.576s][info][gc,cpu         ] GC(183) User=0.00s Sys=0.00s Real=0.00s
[2026-06-17T09:51:45.852+0800][4.598s][info][gc,start       ] GC(184) Pause Young (Allocation Failure)
[2026-06-17T09:51:45.854+0800][4.600s][info][gc,heap        ] GC(184) PSYoungGen: 12191K->3684K(15360K)
[2026-06-17T09:51:45.854+0800][4.600s][info][gc,heap        ] GC(184) ParOldGen: 34720K->36536K(44032K)
[2026-06-17T09:51:45.855+0800][4.600s][info][gc,metaspace   ] GC(184) Metaspace: 3157K(4864K)->3157K(4864K) NonClass: 2851K(4352K)->2851K(4352K) Class: 305K(512K)->305K(512K)
[2026-06-17T09:51:45.855+0800][4.601s][info][gc             ] GC(184) Pause Young (Allocation Failure) 45M->39M(58M) 2.660ms
[2026-06-17T09:51:45.856+0800][4.602s][info][gc,cpu         ] GC(184) User=0.00s Sys=0.00s Real=0.00s
[2026-06-17T09:51:45.878+0800][4.624s][info][gc,start       ] GC(185) Pause Young (Allocation Failure)
[2026-06-17T09:51:45.880+0800][4.625s][info][gc,heap        ] GC(185) PSYoungGen: 13269K->1000K(14848K)
[2026-06-17T09:51:45.880+0800][4.626s][info][gc,heap        ] GC(185) ParOldGen: 36536K->38205K(44032K)
[2026-06-17T09:51:45.880+0800][4.626s][info][gc,metaspace   ] GC(185) Metaspace: 3157K(4864K)->3157K(4864K) NonClass: 2851K(4352K)->2851K(4352K) Class: 305K(512K)->305K(512K)
[2026-06-17T09:51:45.881+0800][4.627s][info][gc             ] GC(185) Pause Young (Allocation Failure) 48M->38M(57M) 2.676ms
[2026-06-17T09:51:45.881+0800][4.627s][info][gc,cpu         ] GC(185) User=0.00s Sys=0.00s Real=0.00s
[2026-06-17T09:51:45.913+0800][4.659s][info][gc,start       ] GC(186) Pause Young (Allocation Failure)
[2026-06-17T09:51:45.915+0800][4.661s][info][gc,heap        ] GC(186) PSYoungGen: 10183K->2168K(15360K)
[2026-06-17T09:51:45.915+0800][4.661s][info][gc,heap        ] GC(186) ParOldGen: 38205K->39181K(44032K)
[2026-06-17T09:51:45.916+0800][4.662s][info][gc,metaspace   ] GC(186) Metaspace: 3157K(4864K)->3157K(4864K) NonClass: 2851K(4352K)->2851K(4352K) Class: 305K(512K)->305K(512K)
[2026-06-17T09:51:45.916+0800][4.662s][info][gc             ] GC(186) Pause Young (Allocation Failure) 47M->40M(58M) 3.235ms
[2026-06-17T09:51:45.917+0800][4.663s][info][gc,cpu         ] GC(186) User=0.00s Sys=0.00s Real=0.00s
[2026-06-17T09:51:45.939+0800][4.685s][info][gc,start       ] GC(187) Pause Young (Allocation Failure)
[2026-06-17T09:51:45.941+0800][4.687s][info][gc,heap        ] GC(187) PSYoungGen: 11378K->3650K(15872K)
[2026-06-17T09:51:45.941+0800][4.687s][info][gc,heap        ] GC(187) ParOldGen: 39181K->40182K(44032K)
[2026-06-17T09:51:45.942+0800][4.687s][info][gc,metaspace   ] GC(187) Metaspace: 3157K(4864K)->3157K(4864K) NonClass: 2851K(4352K)->2851K(4352K) Class: 305K(512K)->305K(512K)
[2026-06-17T09:51:45.942+0800][4.688s][info][gc             ] GC(187) Pause Young (Allocation Failure) 49M->42M(58M) 3.011ms
[2026-06-17T09:51:45.942+0800][4.688s][info][gc,cpu         ] GC(187) User=0.00s Sys=0.00s Real=0.00s
[2026-06-17T09:51:45.964+0800][4.710s][info][gc,start       ] GC(188) Pause Young (Allocation Failure)
[2026-06-17T09:51:45.965+0800][4.711s][info][gc,heap        ] GC(188) PSYoungGen: 13852K->5229K(15872K)
[2026-06-17T09:51:45.966+0800][4.712s][info][gc,heap        ] GC(188) ParOldGen: 40182K->41832K(44032K)
[2026-06-17T09:51:45.966+0800][4.712s][info][gc,metaspace   ] GC(188) Metaspace: 3157K(4864K)->3157K(4864K) NonClass: 2851K(4352K)->2851K(4352K) Class: 305K(512K)->305K(512K)
[2026-06-17T09:51:45.967+0800][4.712s][info][gc             ] GC(188) Pause Young (Allocation Failure) 52M->45M(58M) 2.639ms
[2026-06-17T09:51:45.967+0800][4.713s][info][gc,cpu         ] GC(188) User=0.00s Sys=0.00s Real=0.00s
[2026-06-17T09:51:45.967+0800][4.713s][info][gc,start       ] GC(189) Pause Full (Ergonomics)
[2026-06-17T09:51:45.967+0800][4.713s][info][gc,phases,start] GC(189) Marking Phase
[2026-06-17T09:51:45.968+0800][4.714s][info][gc,phases      ] GC(189) Marking Phase 1.280ms
[2026-06-17T09:51:45.969+0800][4.715s][info][gc,phases,start] GC(189) Summary Phase
[2026-06-17T09:51:45.969+0800][4.715s][info][gc,phases      ] GC(189) Summary Phase 0.158ms
[2026-06-17T09:51:45.969+0800][4.715s][info][gc,phases,start] GC(189) Adjust Roots
[2026-06-17T09:51:45.970+0800][4.715s][info][gc,phases      ] GC(189) Adjust Roots 0.570ms
[2026-06-17T09:51:45.970+0800][4.716s][info][gc,phases,start] GC(189) Compaction Phase
[2026-06-17T09:51:45.973+0800][4.719s][info][gc,phases      ] GC(189) Compaction Phase 3.347ms
[2026-06-17T09:51:45.973+0800][4.719s][info][gc,phases,start] GC(189) Post Compact
[2026-06-17T09:51:45.974+0800][4.720s][info][gc,phases      ] GC(189) Post Compact 0.324ms
[2026-06-17T09:51:45.974+0800][4.720s][info][gc,heap        ] GC(189) PSYoungGen: 5229K->0K(14848K)
[2026-06-17T09:51:45.974+0800][4.720s][info][gc,heap        ] GC(189) ParOldGen: 41832K->28189K(44032K)
[2026-06-17T09:51:45.974+0800][4.720s][info][gc,metaspace   ] GC(189) Metaspace: 3157K(4864K)->3157K(4864K) NonClass: 2851K(4352K)->2851K(4352K) Class: 305K(512K)->305K(512K)
[2026-06-17T09:51:45.974+0800][4.720s][info][gc             ] GC(189) Pause Full (Ergonomics) 45M->27M(57M) 7.363ms
[2026-06-17T09:51:45.974+0800][4.720s][info][gc,cpu         ] GC(189) User=0.01s Sys=0.00s Real=0.01s
[2026-06-17T09:51:45.996+0800][4.742s][info][gc,start       ] GC(190) Pause Young (Allocation Failure)
[2026-06-17T09:51:45.998+0800][4.744s][info][gc,heap        ] GC(190) PSYoungGen: 9103K->2326K(15360K)
[2026-06-17T09:51:45.999+0800][4.744s][info][gc,heap        ] GC(190) ParOldGen: 28189K->28189K(44032K)
[2026-06-17T09:51:45.999+0800][4.745s][info][gc,metaspace   ] GC(190) Metaspace: 3157K(4864K)->3157K(4864K) NonClass: 2851K(4352K)->2851K(4352K) Class: 305K(512K)->305K(512K)
[2026-06-17T09:51:46.000+0800][4.746s][info][gc             ] GC(190) Pause Young (Allocation Failure) 36M->29M(58M) 3.382ms
[2026-06-17T09:51:46.000+0800][4.746s][info][gc,cpu         ] GC(190) User=0.00s Sys=0.00s Real=0.00s
[2026-06-17T09:51:46.033+0800][4.779s][info][gc,start       ] GC(191) Pause Young (Allocation Failure)
[2026-06-17T09:51:46.036+0800][4.782s][info][gc,heap        ] GC(191) PSYoungGen: 11486K->2417K(15360K)
[2026-06-17T09:51:46.043+0800][4.789s][info][gc,heap        ] GC(191) ParOldGen: 28189K->30482K(44032K)
[2026-06-17T09:51:46.053+0800][4.799s][info][gc,metaspace   ] GC(191) Metaspace: 3157K(4864K)->3157K(4864K) NonClass: 2851K(4352K)->2851K(4352K) Class: 305K(512K)->305K(512K)
[2026-06-17T09:51:46.054+0800][4.800s][info][gc             ] GC(191) Pause Young (Allocation Failure) 38M->32M(58M) 20.747ms
[2026-06-17T09:51:46.055+0800][4.801s][info][gc,cpu         ] GC(191) User=0.01s Sys=0.00s Real=0.02s
[2026-06-17T09:51:46.078+0800][4.824s][info][gc,start       ] GC(192) Pause Young (Allocation Failure)
[2026-06-17T09:51:46.080+0800][4.826s][info][gc,heap        ] GC(192) PSYoungGen: 11608K->3662K(15360K)
[2026-06-17T09:51:46.080+0800][4.826s][info][gc,heap        ] GC(192) ParOldGen: 30482K->31569K(44032K)
[2026-06-17T09:51:46.081+0800][4.826s][info][gc,metaspace   ] GC(192) Metaspace: 3157K(4864K)->3157K(4864K) NonClass: 2851K(4352K)->2851K(4352K) Class: 305K(512K)->305K(512K)
[2026-06-17T09:51:46.081+0800][4.827s][info][gc             ] GC(192) Pause Young (Allocation Failure) 41M->34M(58M) 3.145ms
[2026-06-17T09:51:46.082+0800][4.827s][info][gc,cpu         ] GC(192) User=0.00s Sys=0.00s Real=0.00s
[2026-06-17T09:51:46.104+0800][4.849s][info][gc,start       ] GC(193) Pause Young (Allocation Failure)
[2026-06-17T09:51:46.105+0800][4.851s][info][gc,heap        ] GC(193) PSYoungGen: 12839K->3839K(15360K)
[2026-06-17T09:51:46.105+0800][4.851s][info][gc,heap        ] GC(193) ParOldGen: 31569K->33643K(44032K)
[2026-06-17T09:51:46.105+0800][4.851s][info][gc,metaspace   ] GC(193) Metaspace: 3157K(4864K)->3157K(4864K) NonClass: 2851K(4352K)->2851K(4352K) Class: 305K(512K)->305K(512K)
[2026-06-17T09:51:46.106+0800][4.851s][info][gc             ] GC(193) Pause Young (Allocation Failure) 43M->36M(58M) 2.044ms
[2026-06-17T09:51:46.106+0800][4.852s][info][gc,cpu         ] GC(193) User=0.00s Sys=0.00s Real=0.00s
[2026-06-17T09:51:46.128+0800][4.873s][info][gc,start       ] GC(194) Pause Young (Allocation Failure)
[2026-06-17T09:51:46.129+0800][4.875s][info][gc,heap        ] GC(194) PSYoungGen: 12773K->281K(15360K)
[2026-06-17T09:51:46.129+0800][4.875s][info][gc,heap        ] GC(194) ParOldGen: 33643K->35643K(44032K)
[2026-06-17T09:51:46.130+0800][4.875s][info][gc,metaspace   ] GC(194) Metaspace: 3157K(4864K)->3157K(4864K) NonClass: 2851K(4352K)->2851K(4352K) Class: 305K(512K)->305K(512K)
[2026-06-17T09:51:46.130+0800][4.876s][info][gc             ] GC(194) Pause Young (Allocation Failure) 45M->35M(58M) 2.346ms
[2026-06-17T09:51:46.130+0800][4.876s][info][gc,cpu         ] GC(194) User=0.01s Sys=0.00s Real=0.00s
[2026-06-17T09:51:46.162+0800][4.908s][info][gc,start       ] GC(195) Pause Young (Allocation Failure)
[2026-06-17T09:51:46.164+0800][4.910s][info][gc,heap        ] GC(195) PSYoungGen: 9491K->2592K(15360K)
[2026-06-17T09:51:46.165+0800][4.911s][info][gc,heap        ] GC(195) ParOldGen: 35643K->35900K(44032K)
[2026-06-17T09:51:46.166+0800][4.911s][info][gc,metaspace   ] GC(195) Metaspace: 3157K(4864K)->3157K(4864K) NonClass: 2851K(4352K)->2851K(4352K) Class: 305K(512K)->305K(512K)
[2026-06-17T09:51:46.166+0800][4.912s][info][gc             ] GC(195) Pause Young (Allocation Failure) 44M->37M(58M) 4.022ms
[2026-06-17T09:51:46.167+0800][4.913s][info][gc,cpu         ] GC(195) User=0.00s Sys=0.00s Real=0.01s
[2026-06-17T09:51:46.189+0800][4.935s][info][gc,start       ] GC(196) Pause Young (Allocation Failure)
[2026-06-17T09:51:46.191+0800][4.936s][info][gc,heap        ] GC(196) PSYoungGen: 11797K->3690K(15360K)
[2026-06-17T09:51:46.191+0800][4.937s][info][gc,heap        ] GC(196) ParOldGen: 35900K->37221K(44032K)
[2026-06-17T09:51:46.192+0800][4.937s][info][gc,metaspace   ] GC(196) Metaspace: 3157K(4864K)->3157K(4864K) NonClass: 2851K(4352K)->2851K(4352K) Class: 305K(512K)->305K(512K)
[2026-06-17T09:51:46.192+0800][4.938s][info][gc             ] GC(196) Pause Young (Allocation Failure) 46M->39M(58M) 3.148ms
[2026-06-17T09:51:46.193+0800][4.939s][info][gc,cpu         ] GC(196) User=0.00s Sys=0.00s Real=0.01s
[2026-06-17T09:51:46.215+0800][4.961s][info][gc,start       ] GC(197) Pause Young (Allocation Failure)
[2026-06-17T09:51:46.216+0800][4.962s][info][gc,heap        ] GC(197) PSYoungGen: 12890K->4057K(15360K)
[2026-06-17T09:51:46.216+0800][4.962s][info][gc,heap        ] GC(197) ParOldGen: 37221K->38975K(44032K)
[2026-06-17T09:51:46.217+0800][4.962s][info][gc,metaspace   ] GC(197) Metaspace: 3157K(4864K)->3157K(4864K) NonClass: 2851K(4352K)->2851K(4352K) Class: 305K(512K)->305K(512K)
[2026-06-17T09:51:46.217+0800][4.963s][info][gc             ] GC(197) Pause Young (Allocation Failure) 48M->42M(58M) 2.286ms
[2026-06-17T09:51:46.217+0800][4.963s][info][gc,cpu         ] GC(197) User=0.00s Sys=0.00s Real=0.00s
[2026-06-17T09:51:46.240+0800][4.986s][info][gc,start       ] GC(198) Pause Young (Allocation Failure)
[2026-06-17T09:51:46.241+0800][4.987s][info][gc,heap        ] GC(198) PSYoungGen: 13213K->3316K(15360K)
[2026-06-17T09:51:46.242+0800][4.988s][info][gc,heap        ] GC(198) ParOldGen: 38975K->41611K(44032K)
[2026-06-17T09:51:46.243+0800][4.988s][info][gc,metaspace   ] GC(198) Metaspace: 3157K(4864K)->3157K(4864K) NonClass: 2851K(4352K)->2851K(4352K) Class: 305K(512K)->305K(512K)
[2026-06-17T09:51:46.243+0800][4.989s][info][gc             ] GC(198) Pause Young (Allocation Failure) 50M->43M(58M) 3.211ms
[2026-06-17T09:51:46.244+0800][4.990s][info][gc,cpu         ] GC(198) User=0.00s Sys=0.00s Real=0.01s
[2026-06-17T09:51:46.244+0800][4.990s][info][gc,start       ] GC(199) Pause Full (Ergonomics)
[2026-06-17T09:51:46.244+0800][4.990s][info][gc,phases,start] GC(199) Marking Phase
[2026-06-17T09:51:46.245+0800][4.991s][info][gc,phases      ] GC(199) Marking Phase 1.067ms
[2026-06-17T09:51:46.246+0800][4.991s][info][gc,phases,start] GC(199) Summary Phase
[2026-06-17T09:51:46.246+0800][4.992s][info][gc,phases      ] GC(199) Summary Phase 0.448ms
[2026-06-17T09:51:46.247+0800][4.992s][info][gc,phases,start] GC(199) Adjust Roots
[2026-06-17T09:51:46.247+0800][4.993s][info][gc,phases      ] GC(199) Adjust Roots 0.558ms
[2026-06-17T09:51:46.247+0800][4.993s][info][gc,phases,start] GC(199) Compaction Phase
[2026-06-17T09:51:46.249+0800][4.995s][info][gc,phases      ] GC(199) Compaction Phase 1.678ms
[2026-06-17T09:51:46.250+0800][4.996s][info][gc,phases,start] GC(199) Post Compact
[2026-06-17T09:51:46.251+0800][4.996s][info][gc,phases      ] GC(199) Post Compact 0.652ms
[2026-06-17T09:51:46.252+0800][4.997s][info][gc,heap        ] GC(199) PSYoungGen: 3316K->0K(15360K)
[2026-06-17T09:51:46.252+0800][4.998s][info][gc,heap        ] GC(199) ParOldGen: 41611K->23847K(44032K)
[2026-06-17T09:51:46.252+0800][4.998s][info][gc,metaspace   ] GC(199) Metaspace: 3157K(4864K)->3157K(4864K) NonClass: 2851K(4352K)->2851K(4352K) Class: 305K(512K)->305K(512K)
[2026-06-17T09:51:46.252+0800][4.998s][info][gc             ] GC(199) Pause Full (Ergonomics) 43M->23M(58M) 8.497ms
[2026-06-17T09:51:46.253+0800][4.999s][info][gc,cpu         ] GC(199) User=0.01s Sys=0.00s Real=0.01s
[2026-06-17T09:51:46.274+0800][5.020s][info][gc,start       ] GC(200) Pause Young (Allocation Failure)
[2026-06-17T09:51:46.275+0800][5.021s][info][gc,heap        ] GC(200) PSYoungGen: 9207K->5615K(14848K)
[2026-06-17T09:51:46.276+0800][5.022s][info][gc,heap        ] GC(200) ParOldGen: 23847K->23847K(44032K)
[2026-06-17T09:51:46.276+0800][5.022s][info][gc,metaspace   ] GC(200) Metaspace: 3157K(4864K)->3157K(4864K) NonClass: 2851K(4352K)->2851K(4352K) Class: 305K(512K)->305K(512K)
[2026-06-17T09:51:46.276+0800][5.022s][info][gc             ] GC(200) Pause Young (Allocation Failure) 32M->28M(57M) 2.225ms
[2026-06-17T09:51:46.278+0800][5.024s][info][gc,cpu         ] GC(200) User=0.00s Sys=0.00s Real=0.00s
[2026-06-17T09:51:46.311+0800][5.057s][info][gc,start       ] GC(201) Pause Young (Allocation Failure)
[2026-06-17T09:51:46.313+0800][5.058s][info][gc,heap        ] GC(201) PSYoungGen: 14822K->2563K(14848K)
[2026-06-17T09:51:46.313+0800][5.059s][info][gc,heap        ] GC(201) ParOldGen: 23847K->26244K(44032K)
[2026-06-17T09:51:46.314+0800][5.059s][info][gc,metaspace   ] GC(201) Metaspace: 3157K(4864K)->3157K(4864K) NonClass: 2851K(4352K)->2851K(4352K) Class: 305K(512K)->305K(512K)
[2026-06-17T09:51:46.315+0800][5.060s][info][gc             ] GC(201) Pause Young (Allocation Failure) 37M->28M(57M) 3.277ms
[2026-06-17T09:51:46.315+0800][5.061s][info][gc,cpu         ] GC(201) User=0.00s Sys=0.00s Real=0.00s
[2026-06-17T09:51:46.326+0800][5.072s][info][gc,start       ] GC(202) Pause Young (Allocation Failure)
[2026-06-17T09:51:46.327+0800][5.073s][info][gc,heap        ] GC(202) PSYoungGen: 10477K->1957K(14848K)
[2026-06-17T09:51:46.328+0800][5.074s][info][gc,heap        ] GC(202) ParOldGen: 26244K->28086K(44032K)
[2026-06-17T09:51:46.328+0800][5.074s][info][gc,metaspace   ] GC(202) Metaspace: 3157K(4864K)->3157K(4864K) NonClass: 2851K(4352K)->2851K(4352K) Class: 305K(512K)->305K(512K)
[2026-06-17T09:51:46.329+0800][5.075s][info][gc             ] GC(202) Pause Young (Allocation Failure) 35M->29M(57M) 2.720ms
[2026-06-17T09:51:46.329+0800][5.075s][info][gc,cpu         ] GC(202) User=0.00s Sys=0.00s Real=0.00s
[2026-06-17T09:51:46.361+0800][5.107s][info][gc,start       ] GC(203) Pause Young (Allocation Failure)
[2026-06-17T09:51:46.362+0800][5.108s][info][gc,heap        ] GC(203) PSYoungGen: 10097K->1253K(14336K)
[2026-06-17T09:51:46.362+0800][5.108s][info][gc,heap        ] GC(203) ParOldGen: 28086K->30019K(44032K)
[2026-06-17T09:51:46.363+0800][5.109s][info][gc,metaspace   ] GC(203) Metaspace: 3157K(4864K)->3157K(4864K) NonClass: 2851K(4352K)->2851K(4352K) Class: 305K(512K)->305K(512K)
[2026-06-17T09:51:46.363+0800][5.109s][info][gc             ] GC(203) Pause Young (Allocation Failure) 37M->30M(57M) 2.513ms
[2026-06-17T09:51:46.364+0800][5.110s][info][gc,cpu         ] GC(203) User=0.00s Sys=0.00s Real=0.01s
[2026-06-17T09:51:46.375+0800][5.121s][info][gc,start       ] GC(204) Pause Young (Allocation Failure)
[2026-06-17T09:51:46.377+0800][5.122s][info][gc,heap        ] GC(204) PSYoungGen: 9402K->5581K(13824K)
[2026-06-17T09:51:46.377+0800][5.123s][info][gc,heap        ] GC(204) ParOldGen: 30019K->30363K(44032K)
[2026-06-17T09:51:46.378+0800][5.124s][info][gc,metaspace   ] GC(204) Metaspace: 3157K(4864K)->3157K(4864K) NonClass: 2851K(4352K)->2851K(4352K) Class: 305K(512K)->305K(512K)
[2026-06-17T09:51:46.378+0800][5.124s][info][gc             ] GC(204) Pause Young (Allocation Failure) 38M->35M(56M) 3.125ms
[2026-06-17T09:51:46.379+0800][5.125s][info][gc,cpu         ] GC(204) User=0.00s Sys=0.00s Real=0.00s
[2026-06-17T09:51:46.400+0800][5.146s][info][gc,start       ] GC(205) Pause Young (Allocation Failure)
[2026-06-17T09:51:46.401+0800][5.147s][info][gc,heap        ] GC(205) PSYoungGen: 13636K->1028K(14336K)
[2026-06-17T09:51:46.402+0800][5.147s][info][gc,heap        ] GC(205) ParOldGen: 30363K->32443K(44032K)
[2026-06-17T09:51:46.402+0800][5.148s][info][gc,metaspace   ] GC(205) Metaspace: 3157K(4864K)->3157K(4864K) NonClass: 2851K(4352K)->2851K(4352K) Class: 305K(512K)->305K(512K)
[2026-06-17T09:51:46.403+0800][5.149s][info][gc             ] GC(205) Pause Young (Allocation Failure) 42M->32M(57M) 2.370ms
[2026-06-17T09:51:46.404+0800][5.150s][info][gc,cpu         ] GC(205) User=0.00s Sys=0.00s Real=0.01s
[2026-06-17T09:51:46.425+0800][5.171s][info][gc,start       ] GC(206) Pause Young (Allocation Failure)
[2026-06-17T09:51:46.426+0800][5.172s][info][gc,heap        ] GC(206) PSYoungGen: 8188K->3798K(14336K)
[2026-06-17T09:51:46.427+0800][5.172s][info][gc,heap        ] GC(206) ParOldGen: 32443K->33447K(44032K)
[2026-06-17T09:51:46.427+0800][5.173s][info][gc,metaspace   ] GC(206) Metaspace: 3157K(4864K)->3157K(4864K) NonClass: 2851K(4352K)->2851K(4352K) Class: 305K(512K)->305K(512K)
[2026-06-17T09:51:46.427+0800][5.173s][info][gc             ] GC(206) Pause Young (Allocation Failure) 39M->36M(57M) 1.792ms
[2026-06-17T09:51:46.427+0800][5.173s][info][gc,cpu         ] GC(206) User=0.00s Sys=0.00s Real=0.00s
[2026-06-17T09:51:46.439+0800][5.185s][info][gc,start       ] GC(207) Pause Young (Allocation Failure)
[2026-06-17T09:51:46.440+0800][5.186s][info][gc,heap        ] GC(207) PSYoungGen: 10627K->1981K(14848K)
[2026-06-17T09:51:46.440+0800][5.186s][info][gc,heap        ] GC(207) ParOldGen: 33447K->35329K(44032K)
[2026-06-17T09:51:46.440+0800][5.186s][info][gc,metaspace   ] GC(207) Metaspace: 3157K(4864K)->3157K(4864K) NonClass: 2851K(4352K)->2851K(4352K) Class: 305K(512K)->305K(512K)
[2026-06-17T09:51:46.441+0800][5.186s][info][gc             ] GC(207) Pause Young (Allocation Failure) 43M->36M(57M) 1.924ms
[2026-06-17T09:51:46.441+0800][5.187s][info][gc,cpu         ] GC(207) User=0.00s Sys=0.00s Real=0.00s
[2026-06-17T09:51:46.472+0800][5.218s][info][gc,start       ] GC(208) Pause Young (Allocation Failure)
[2026-06-17T09:51:46.474+0800][5.220s][info][gc,heap        ] GC(208) PSYoungGen: 9655K->764K(14336K)
[2026-06-17T09:51:46.474+0800][5.220s][info][gc,heap        ] GC(208) ParOldGen: 35329K->37286K(44032K)
[2026-06-17T09:51:46.475+0800][5.221s][info][gc,metaspace   ] GC(208) Metaspace: 3157K(4864K)->3157K(4864K) NonClass: 2851K(4352K)->2851K(4352K) Class: 305K(512K)->305K(512K)
[2026-06-17T09:51:46.475+0800][5.221s][info][gc             ] GC(208) Pause Young (Allocation Failure) 43M->37M(57M) 2.656ms
[2026-06-17T09:51:46.475+0800][5.221s][info][gc,cpu         ] GC(208) User=0.00s Sys=0.00s Real=0.00s
[2026-06-17T09:51:46.487+0800][5.233s][info][gc,start       ] GC(209) Pause Young (Allocation Failure)
[2026-06-17T09:51:46.488+0800][5.234s][info][gc,heap        ] GC(209) PSYoungGen: 8413K->4566K(13824K)
[2026-06-17T09:51:46.488+0800][5.234s][info][gc,heap        ] GC(209) ParOldGen: 37286K->37662K(44032K)
[2026-06-17T09:51:46.489+0800][5.235s][info][gc,metaspace   ] GC(209) Metaspace: 3157K(4864K)->3157K(4864K) NonClass: 2851K(4352K)->2851K(4352K) Class: 305K(512K)->305K(512K)
[2026-06-17T09:51:46.489+0800][5.235s][info][gc             ] GC(209) Pause Young (Allocation Failure) 44M->41M(56M) 1.988ms
[2026-06-17T09:51:46.489+0800][5.235s][info][gc,cpu         ] GC(209) User=0.01s Sys=0.00s Real=0.00s
[2026-06-17T09:51:46.510+0800][5.256s][info][gc,start       ] GC(210) Pause Young (Allocation Failure)
[2026-06-17T09:51:46.511+0800][5.257s][info][gc,heap        ] GC(210) PSYoungGen: 11720K->2578K(14336K)
[2026-06-17T09:51:46.511+0800][5.257s][info][gc,heap        ] GC(210) ParOldGen: 37662K->39733K(44032K)
[2026-06-17T09:51:46.511+0800][5.257s][info][gc,metaspace   ] GC(210) Metaspace: 3157K(4864K)->3157K(4864K) NonClass: 2851K(4352K)->2851K(4352K) Class: 305K(512K)->305K(512K)
[2026-06-17T09:51:46.512+0800][5.257s][info][gc             ] GC(210) Pause Young (Allocation Failure) 48M->41M(57M) 1.131ms
[2026-06-17T09:51:46.512+0800][5.257s][info][gc,cpu         ] GC(210) User=0.00s Sys=0.00s Real=0.01s
[2026-06-17T09:51:46.533+0800][5.278s][info][gc,start       ] GC(211) Pause Young (Allocation Failure)
[2026-06-17T09:51:46.533+0800][5.279s][info][gc,heap        ] GC(211) PSYoungGen: 9746K->2835K(14848K)
[2026-06-17T09:51:46.534+0800][5.280s][info][gc,heap        ] GC(211) ParOldGen: 39733K->39733K(44032K)
[2026-06-17T09:51:46.534+0800][5.280s][info][gc,metaspace   ] GC(211) Metaspace: 3157K(4864K)->3157K(4864K) NonClass: 2851K(4352K)->2851K(4352K) Class: 305K(512K)->305K(512K)
[2026-06-17T09:51:46.535+0800][5.280s][info][gc             ] GC(211) Pause Young (Allocation Failure) 48M->41M(57M) 2.018ms
[2026-06-17T09:51:46.535+0800][5.281s][info][gc,cpu         ] GC(211) User=0.00s Sys=0.00s Real=0.00s
[2026-06-17T09:51:46.546+0800][5.292s][info][gc,start       ] GC(212) Pause Young (Allocation Failure)
[2026-06-17T09:51:46.547+0800][5.293s][info][gc,heap        ] GC(212) PSYoungGen: 10867K->1527K(14848K)
[2026-06-17T09:51:46.547+0800][5.293s][info][gc,heap        ] GC(212) ParOldGen: 39733K->42015K(44032K)
[2026-06-17T09:51:46.548+0800][5.293s][info][gc,metaspace   ] GC(212) Metaspace: 3157K(4864K)->3157K(4864K) NonClass: 2851K(4352K)->2851K(4352K) Class: 305K(512K)->305K(512K)
[2026-06-17T09:51:46.548+0800][5.294s][info][gc             ] GC(212) Pause Young (Allocation Failure) 49M->42M(57M) 2.142ms
[2026-06-17T09:51:46.548+0800][5.294s][info][gc,cpu         ] GC(212) User=0.00s Sys=0.00s Real=0.00s
[2026-06-17T09:51:46.548+0800][5.294s][info][gc,start       ] GC(213) Pause Full (Ergonomics)
[2026-06-17T09:51:46.549+0800][5.295s][info][gc,phases,start] GC(213) Marking Phase
[2026-06-17T09:51:46.550+0800][5.296s][info][gc,phases      ] GC(213) Marking Phase 1.356ms
[2026-06-17T09:51:46.550+0800][5.296s][info][gc,phases,start] GC(213) Summary Phase
[2026-06-17T09:51:46.551+0800][5.296s][info][gc,phases      ] GC(213) Summary Phase 0.222ms
[2026-06-17T09:51:46.551+0800][5.297s][info][gc,phases,start] GC(213) Adjust Roots
[2026-06-17T09:51:46.551+0800][5.297s][info][gc,phases      ] GC(213) Adjust Roots 0.297ms
[2026-06-17T09:51:46.551+0800][5.297s][info][gc,phases,start] GC(213) Compaction Phase
[2026-06-17T09:51:46.553+0800][5.299s][info][gc,phases      ] GC(213) Compaction Phase 2.049ms
[2026-06-17T09:51:46.554+0800][5.299s][info][gc,phases,start] GC(213) Post Compact
[2026-06-17T09:51:46.554+0800][5.300s][info][gc,phases      ] GC(213) Post Compact 0.208ms
[2026-06-17T09:51:46.554+0800][5.300s][info][gc,heap        ] GC(213) PSYoungGen: 1527K->0K(15360K)
[2026-06-17T09:51:46.554+0800][5.300s][info][gc,heap        ] GC(213) ParOldGen: 42015K->30365K(44032K)
[2026-06-17T09:51:46.554+0800][5.300s][info][gc,metaspace   ] GC(213) Metaspace: 3157K(4864K)->3157K(4864K) NonClass: 2851K(4352K)->2851K(4352K) Class: 305K(512K)->305K(512K)
[2026-06-17T09:51:46.554+0800][5.300s][info][gc             ] GC(213) Pause Full (Ergonomics) 42M->29M(58M) 5.758ms
[2026-06-17T09:51:46.554+0800][5.300s][info][gc,cpu         ] GC(213) User=0.01s Sys=0.00s Real=0.01s
[2026-06-17T09:51:46.586+0800][5.332s][info][gc,start       ] GC(214) Pause Young (Allocation Failure)
[2026-06-17T09:51:46.587+0800][5.333s][info][gc,heap        ] GC(214) PSYoungGen: 9205K->1914K(15360K)
[2026-06-17T09:51:46.588+0800][5.333s][info][gc,heap        ] GC(214) ParOldGen: 30365K->30365K(44032K)
[2026-06-17T09:51:46.588+0800][5.334s][info][gc,metaspace   ] GC(214) Metaspace: 3157K(4864K)->3157K(4864K) NonClass: 2851K(4352K)->2851K(4352K) Class: 305K(512K)->305K(512K)
[2026-06-17T09:51:46.588+0800][5.334s][info][gc             ] GC(214) Pause Young (Allocation Failure) 38M->31M(58M) 1.992ms
[2026-06-17T09:51:46.589+0800][5.334s][info][gc,cpu         ] GC(214) User=0.00s Sys=0.00s Real=0.00s
[2026-06-17T09:51:46.611+0800][5.357s][info][gc,start       ] GC(215) Pause Young (Allocation Failure)
[2026-06-17T09:51:46.612+0800][5.358s][info][gc,heap        ] GC(215) PSYoungGen: 11121K->3477K(15360K)
[2026-06-17T09:51:46.613+0800][5.359s][info][gc,heap        ] GC(215) ParOldGen: 30365K->31129K(44032K)
[2026-06-17T09:51:46.614+0800][5.360s][info][gc,metaspace   ] GC(215) Metaspace: 3157K(4864K)->3157K(4864K) NonClass: 2851K(4352K)->2851K(4352K) Class: 305K(512K)->305K(512K)
[2026-06-17T09:51:46.614+0800][5.360s][info][gc             ] GC(215) Pause Young (Allocation Failure) 40M->33M(58M) 3.314ms
[2026-06-17T09:51:46.614+0800][5.360s][info][gc,cpu         ] GC(215) User=0.00s Sys=0.00s Real=0.00s
[2026-06-17T09:51:46.636+0800][5.382s][info][gc,start       ] GC(216) Pause Young (Allocation Failure)
[2026-06-17T09:51:46.638+0800][5.384s][info][gc,heap        ] GC(216) PSYoungGen: 12672K->4255K(15360K)
[2026-06-17T09:51:46.639+0800][5.385s][info][gc,heap        ] GC(216) ParOldGen: 31129K->32811K(44032K)
[2026-06-17T09:51:46.640+0800][5.386s][info][gc,metaspace   ] GC(216) Metaspace: 3157K(4864K)->3157K(4864K) NonClass: 2851K(4352K)->2851K(4352K) Class: 305K(512K)->305K(512K)
[2026-06-17T09:51:46.640+0800][5.386s][info][gc             ] GC(216) Pause Young (Allocation Failure) 42M->36M(58M) 4.228ms
[2026-06-17T09:51:46.641+0800][5.387s][info][gc,cpu         ] GC(216) User=0.00s Sys=0.00s Real=0.00s
[2026-06-17T09:51:46.662+0800][5.408s][info][gc,start       ] GC(217) Pause Young (Allocation Failure)
[2026-06-17T09:51:46.664+0800][5.409s][info][gc,heap        ] GC(217) PSYoungGen: 13341K->32K(14336K)
[2026-06-17T09:51:46.664+0800][5.410s][info][gc,heap        ] GC(217) ParOldGen: 32811K->35936K(44032K)
[2026-06-17T09:51:46.664+0800][5.410s][info][gc,metaspace   ] GC(217) Metaspace: 3157K(4864K)->3157K(4864K) NonClass: 2851K(4352K)->2851K(4352K) Class: 305K(512K)->305K(512K)
[2026-06-17T09:51:46.665+0800][5.410s][info][gc             ] GC(217) Pause Young (Allocation Failure) 45M->35M(57M) 2.183ms
[2026-06-17T09:51:46.665+0800][5.411s][info][gc,cpu         ] GC(217) User=0.00s Sys=0.00s Real=0.00s
[2026-06-17T09:51:46.687+0800][5.432s][info][gc,start       ] GC(218) Pause Young (Allocation Failure)
[2026-06-17T09:51:46.688+0800][5.434s][info][gc,heap        ] GC(218) PSYoungGen: 8221K->4754K(13312K)
[2026-06-17T09:51:46.688+0800][5.434s][info][gc,heap        ] GC(218) ParOldGen: 35936K->35944K(44032K)
[2026-06-17T09:51:46.689+0800][5.435s][info][gc,metaspace   ] GC(218) Metaspace: 3157K(4864K)->3157K(4864K) NonClass: 2851K(4352K)->2851K(4352K) Class: 305K(512K)->305K(512K)
[2026-06-17T09:51:46.689+0800][5.435s][info][gc             ] GC(218) Pause Young (Allocation Failure) 43M->39M(56M) 2.514ms
[2026-06-17T09:51:46.689+0800][5.435s][info][gc,cpu         ] GC(218) User=0.01s Sys=0.00s Real=0.00s
[2026-06-17T09:51:46.711+0800][5.457s][info][gc,start       ] GC(219) Pause Young (Allocation Failure)
[2026-06-17T09:51:46.712+0800][5.458s][info][gc,heap        ] GC(219) PSYoungGen: 12944K->4166K(14336K)
[2026-06-17T09:51:46.712+0800][5.458s][info][gc,heap        ] GC(219) ParOldGen: 35944K->37823K(44032K)
[2026-06-17T09:51:46.713+0800][5.458s][info][gc,metaspace   ] GC(219) Metaspace: 3157K(4864K)->3157K(4864K) NonClass: 2851K(4352K)->2851K(4352K) Class: 305K(512K)->305K(512K)
[2026-06-17T09:51:46.713+0800][5.459s][info][gc             ] GC(219) Pause Young (Allocation Failure) 47M->41M(57M) 1.996ms
[2026-06-17T09:51:46.713+0800][5.459s][info][gc,cpu         ] GC(219) User=0.00s Sys=0.00s Real=0.00s
[2026-06-17T09:51:46.734+0800][5.480s][info][gc,start       ] GC(220) Pause Young (Allocation Failure)
[2026-06-17T09:51:46.736+0800][5.481s][info][gc,heap        ] GC(220) PSYoungGen: 11325K->2503K(14336K)
[2026-06-17T09:51:46.736+0800][5.482s][info][gc,heap        ] GC(220) ParOldGen: 37823K->39688K(44032K)
[2026-06-17T09:51:46.736+0800][5.482s][info][gc,metaspace   ] GC(220) Metaspace: 3157K(4864K)->3157K(4864K) NonClass: 2851K(4352K)->2851K(4352K) Class: 305K(512K)->305K(512K)
[2026-06-17T09:51:46.736+0800][5.482s][info][gc             ] GC(220) Pause Young (Allocation Failure) 47M->41M(57M) 1.998ms
[2026-06-17T09:51:46.737+0800][5.482s][info][gc,cpu         ] GC(220) User=0.00s Sys=0.00s Real=0.00s
[2026-06-17T09:51:46.758+0800][5.504s][info][gc,start       ] GC(221) Pause Young (Allocation Failure)
[2026-06-17T09:51:46.759+0800][5.505s][info][gc,heap        ] GC(221) PSYoungGen: 9617K->2564K(14848K)
[2026-06-17T09:51:46.760+0800][5.506s][info][gc,heap        ] GC(221) ParOldGen: 39688K->39688K(44032K)
[2026-06-17T09:51:46.760+0800][5.506s][info][gc,metaspace   ] GC(221) Metaspace: 3157K(4864K)->3157K(4864K) NonClass: 2851K(4352K)->2851K(4352K) Class: 305K(512K)->305K(512K)
[2026-06-17T09:51:46.760+0800][5.506s][info][gc             ] GC(221) Pause Young (Allocation Failure) 48M->41M(57M) 2.237ms
[2026-06-17T09:51:46.760+0800][5.506s][info][gc,cpu         ] GC(221) User=0.00s Sys=0.00s Real=0.00s
[2026-06-17T09:51:46.782+0800][5.528s][info][gc,start       ] GC(222) Pause Young (Allocation Failure)
[2026-06-17T09:51:46.784+0800][5.529s][info][gc,heap        ] GC(222) PSYoungGen: 10748K->1696K(14848K)
[2026-06-17T09:51:46.784+0800][5.530s][info][gc,heap        ] GC(222) ParOldGen: 39688K->41839K(44032K)
[2026-06-17T09:51:46.784+0800][5.530s][info][gc,metaspace   ] GC(222) Metaspace: 3157K(4864K)->3157K(4864K) NonClass: 2851K(4352K)->2851K(4352K) Class: 305K(512K)->305K(512K)
[2026-06-17T09:51:46.785+0800][5.530s][info][gc             ] GC(222) Pause Young (Allocation Failure) 49M->42M(57M) 2.714ms
[2026-06-17T09:51:46.785+0800][5.531s][info][gc,cpu         ] GC(222) User=0.00s Sys=0.00s Real=0.01s
[2026-06-17T09:51:46.785+0800][5.531s][info][gc,start       ] GC(223) Pause Full (Ergonomics)
[2026-06-17T09:51:46.785+0800][5.531s][info][gc,phases,start] GC(223) Marking Phase
[2026-06-17T09:51:46.787+0800][5.533s][info][gc,phases      ] GC(223) Marking Phase 1.377ms
[2026-06-17T09:51:46.787+0800][5.533s][info][gc,phases,start] GC(223) Summary Phase
[2026-06-17T09:51:46.787+0800][5.533s][info][gc,phases      ] GC(223) Summary Phase 0.235ms
[2026-06-17T09:51:46.788+0800][5.533s][info][gc,phases,start] GC(223) Adjust Roots
[2026-06-17T09:51:46.788+0800][5.534s][info][gc,phases      ] GC(223) Adjust Roots 0.261ms
[2026-06-17T09:51:46.788+0800][5.534s][info][gc,phases,start] GC(223) Compaction Phase
[2026-06-17T09:51:46.790+0800][5.536s][info][gc,phases      ] GC(223) Compaction Phase 1.845ms
[2026-06-17T09:51:46.790+0800][5.536s][info][gc,phases,start] GC(223) Post Compact
[2026-06-17T09:51:46.790+0800][5.536s][info][gc,phases      ] GC(223) Post Compact 0.295ms
[2026-06-17T09:51:46.791+0800][5.537s][info][gc,heap        ] GC(223) PSYoungGen: 1696K->0K(15360K)
[2026-06-17T09:51:46.791+0800][5.537s][info][gc,heap        ] GC(223) ParOldGen: 41839K->23049K(44032K)
[2026-06-17T09:51:46.791+0800][5.537s][info][gc,metaspace   ] GC(223) Metaspace: 3157K(4864K)->3157K(4864K) NonClass: 2851K(4352K)->2851K(4352K) Class: 305K(512K)->305K(512K)
[2026-06-17T09:51:46.791+0800][5.537s][info][gc             ] GC(223) Pause Full (Ergonomics) 42M->22M(58M) 5.850ms
[2026-06-17T09:51:46.791+0800][5.537s][info][gc,cpu         ] GC(223) User=0.01s Sys=0.01s Real=0.01s
[2026-06-17T09:51:46.812+0800][5.558s][info][gc,start       ] GC(224) Pause Young (Allocation Failure)
[2026-06-17T09:51:46.814+0800][5.560s][info][gc,heap        ] GC(224) PSYoungGen: 9198K->5843K(15360K)
[2026-06-17T09:51:46.817+0800][5.563s][info][gc,heap        ] GC(224) ParOldGen: 23049K->23049K(44032K)
[2026-06-17T09:51:46.819+0800][5.565s][info][gc,metaspace   ] GC(224) Metaspace: 3157K(4864K)->3157K(4864K) NonClass: 2851K(4352K)->2851K(4352K) Class: 305K(512K)->305K(512K)
[2026-06-17T09:51:46.820+0800][5.566s][info][gc             ] GC(224) Pause Young (Allocation Failure) 31M->28M(58M) 7.571ms
[2026-06-17T09:51:46.820+0800][5.566s][info][gc,cpu         ] GC(224) User=0.00s Sys=0.00s Real=0.00s
[2026-06-17T09:51:46.845+0800][5.591s][info][gc,start       ] GC(225) Pause Young (Allocation Failure)
[2026-06-17T09:51:46.847+0800][5.593s][info][gc,heap        ] GC(225) PSYoungGen: 15046K->4625K(13312K)
[2026-06-17T09:51:46.847+0800][5.593s][info][gc,heap        ] GC(225) ParOldGen: 23049K->26768K(44032K)
[2026-06-17T09:51:46.848+0800][5.594s][info][gc,metaspace   ] GC(225) Metaspace: 3157K(4864K)->3157K(4864K) NonClass: 2851K(4352K)->2851K(4352K) Class: 305K(512K)->305K(512K)
[2026-06-17T09:51:46.848+0800][5.594s][info][gc             ] GC(225) Pause Young (Allocation Failure) 37M->30M(56M) 3.252ms
[2026-06-17T09:51:46.848+0800][5.594s][info][gc,cpu         ] GC(225) User=0.00s Sys=0.00s Real=0.00s
[2026-06-17T09:51:46.860+0800][5.606s][info][gc,start       ] GC(226) Pause Young (Allocation Failure)
[2026-06-17T09:51:46.862+0800][5.608s][info][gc,heap        ] GC(226) PSYoungGen: 11689K->2572K(14336K)
[2026-06-17T09:51:46.862+0800][5.608s][info][gc,heap        ] GC(226) ParOldGen: 26768K->28762K(44032K)
[2026-06-17T09:51:46.863+0800][5.608s][info][gc,metaspace   ] GC(226) Metaspace: 3157K(4864K)->3157K(4864K) NonClass: 2851K(4352K)->2851K(4352K) Class: 305K(512K)->305K(512K)
[2026-06-17T09:51:46.863+0800][5.609s][info][gc             ] GC(226) Pause Young (Allocation Failure) 37M->30M(57M) 2.365ms
[2026-06-17T09:51:46.863+0800][5.609s][info][gc,cpu         ] GC(226) User=0.00s Sys=0.00s Real=0.01s
[2026-06-17T09:51:46.885+0800][5.631s][info][gc,start       ] GC(227) Pause Young (Allocation Failure)
[2026-06-17T09:51:46.888+0800][5.634s][info][gc,heap        ] GC(227) PSYoungGen: 9717K->3870K(14336K)
[2026-06-17T09:51:46.888+0800][5.634s][info][gc,heap        ] GC(227) ParOldGen: 28762K->31310K(44032K)
[2026-06-17T09:51:46.889+0800][5.635s][info][gc,metaspace   ] GC(227) Metaspace: 3157K(4864K)->3157K(4864K) NonClass: 2851K(4352K)->2851K(4352K) Class: 305K(512K)->305K(512K)
[2026-06-17T09:51:46.889+0800][5.635s][info][gc             ] GC(227) Pause Young (Allocation Failure) 37M->34M(57M) 4.186ms
[2026-06-17T09:51:46.890+0800][5.636s][info][gc,cpu         ] GC(227) User=0.00s Sys=0.00s Real=0.00s
[2026-06-17T09:51:46.912+0800][5.658s][info][gc,start       ] GC(228) Pause Young (Allocation Failure)
[2026-06-17T09:51:46.914+0800][5.660s][info][gc,heap        ] GC(228) PSYoungGen: 11017K->3756K(14336K)
[2026-06-17T09:51:46.915+0800][5.660s][info][gc,heap        ] GC(228) ParOldGen: 31310K->31853K(44032K)
[2026-06-17T09:51:46.915+0800][5.661s][info][gc,metaspace   ] GC(228) Metaspace: 3157K(4864K)->3157K(4864K) NonClass: 2851K(4352K)->2851K(4352K) Class: 305K(512K)->305K(512K)
[2026-06-17T09:51:46.916+0800][5.662s][info][gc             ] GC(228) Pause Young (Allocation Failure) 41M->34M(57M) 3.680ms
[2026-06-17T09:51:46.916+0800][5.662s][info][gc,cpu         ] GC(228) User=0.00s Sys=0.00s Real=0.00s
[2026-06-17T09:51:46.939+0800][5.685s][info][gc,start       ] GC(229) Pause Young (Allocation Failure)
[2026-06-17T09:51:46.941+0800][5.686s][info][gc,heap        ] GC(229) PSYoungGen: 10924K->2265K(14848K)
[2026-06-17T09:51:46.941+0800][5.687s][info][gc,heap        ] GC(229) ParOldGen: 31853K->33502K(44032K)
[2026-06-17T09:51:46.942+0800][5.688s][info][gc,metaspace   ] GC(229) Metaspace: 3157K(4864K)->3157K(4864K) NonClass: 2851K(4352K)->2851K(4352K) Class: 305K(512K)->305K(512K)
[2026-06-17T09:51:46.942+0800][5.688s][info][gc             ] GC(229) Pause Young (Allocation Failure) 41M->34M(57M) 3.716ms
[2026-06-17T09:51:46.943+0800][5.689s][info][gc,cpu         ] GC(229) User=0.00s Sys=0.00s Real=0.01s
[2026-06-17T09:51:46.965+0800][5.711s][info][gc,start       ] GC(230) Pause Young (Allocation Failure)
[2026-06-17T09:51:46.966+0800][5.712s][info][gc,heap        ] GC(230) PSYoungGen: 10429K->3616K(14848K)
[2026-06-17T09:51:46.967+0800][5.712s][info][gc,heap        ] GC(230) ParOldGen: 33502K->33502K(44032K)
[2026-06-17T09:51:46.967+0800][5.713s][info][gc,metaspace   ] GC(230) Metaspace: 3157K(4864K)->3157K(4864K) NonClass: 2851K(4352K)->2851K(4352K) Class: 305K(512K)->305K(512K)
[2026-06-17T09:51:46.967+0800][5.713s][info][gc             ] GC(230) Pause Young (Allocation Failure) 42M->36M(57M) 2.273ms
[2026-06-17T09:51:46.968+0800][5.713s][info][gc,cpu         ] GC(230) User=0.00s Sys=0.00s Real=0.00s
[2026-06-17T09:51:46.989+0800][5.735s][info][gc,start       ] GC(231) Pause Young (Allocation Failure)
[2026-06-17T09:51:46.991+0800][5.737s][info][gc,heap        ] GC(231) PSYoungGen: 11766K->2374K(15360K)
[2026-06-17T09:51:46.991+0800][5.737s][info][gc,heap        ] GC(231) ParOldGen: 33502K->35542K(44032K)
[2026-06-17T09:51:46.992+0800][5.738s][info][gc,metaspace   ] GC(231) Metaspace: 3157K(4864K)->3157K(4864K) NonClass: 2851K(4352K)->2851K(4352K) Class: 305K(512K)->305K(512K)
[2026-06-17T09:51:46.992+0800][5.738s][info][gc             ] GC(231) Pause Young (Allocation Failure) 44M->37M(58M) 2.753ms
[2026-06-17T09:51:46.993+0800][5.738s][info][gc,cpu         ] GC(231) User=0.00s Sys=0.00s Real=0.01s
[2026-06-17T09:51:47.014+0800][5.760s][info][gc,start       ] GC(232) Pause Young (Allocation Failure)
[2026-06-17T09:51:47.016+0800][5.762s][info][gc,heap        ] GC(232) PSYoungGen: 11075K->2218K(14848K)
[2026-06-17T09:51:47.016+0800][5.762s][info][gc,heap        ] GC(232) ParOldGen: 35542K->37445K(44032K)
[2026-06-17T09:51:47.016+0800][5.762s][info][gc,metaspace   ] GC(232) Metaspace: 3157K(4864K)->3157K(4864K) NonClass: 2851K(4352K)->2851K(4352K) Class: 305K(512K)->305K(512K)
[2026-06-17T09:51:47.017+0800][5.763s][info][gc             ] GC(232) Pause Young (Allocation Failure) 45M->38M(57M) 2.359ms
[2026-06-17T09:51:47.017+0800][5.763s][info][gc,cpu         ] GC(232) User=0.00s Sys=0.00s Real=0.00s
[2026-06-17T09:51:47.039+0800][5.785s][info][gc,start       ] GC(233) Pause Young (Allocation Failure)
[2026-06-17T09:51:47.040+0800][5.786s][info][gc,heap        ] GC(233) PSYoungGen: 10914K->3823K(15360K)
[2026-06-17T09:51:47.040+0800][5.786s][info][gc,heap        ] GC(233) ParOldGen: 37445K->37445K(44032K)
[2026-06-17T09:51:47.043+0800][5.789s][info][gc,metaspace   ] GC(233) Metaspace: 3157K(4864K)->3157K(4864K) NonClass: 2851K(4352K)->2851K(4352K) Class: 305K(512K)->305K(512K)
[2026-06-17T09:51:47.049+0800][5.795s][info][gc             ] GC(233) Pause Young (Allocation Failure) 47M->40M(58M) 10.414ms
[2026-06-17T09:51:47.051+0800][5.797s][info][gc,cpu         ] GC(233) User=0.01s Sys=0.00s Real=0.02s
[2026-06-17T09:51:47.074+0800][5.820s][info][gc,start       ] GC(234) Pause Young (Allocation Failure)
[2026-06-17T09:51:47.076+0800][5.822s][info][gc,heap        ] GC(234) PSYoungGen: 13033K->4512K(13824K)
[2026-06-17T09:51:47.076+0800][5.822s][info][gc,heap        ] GC(234) ParOldGen: 37445K->39225K(44032K)
[2026-06-17T09:51:47.077+0800][5.823s][info][gc,metaspace   ] GC(234) Metaspace: 3157K(4864K)->3157K(4864K) NonClass: 2851K(4352K)->2851K(4352K) Class: 305K(512K)->305K(512K)
[2026-06-17T09:51:47.078+0800][5.824s][info][gc             ] GC(234) Pause Young (Allocation Failure) 49M->42M(56M) 3.980ms
[2026-06-17T09:51:47.078+0800][5.824s][info][gc,cpu         ] GC(234) User=0.00s Sys=0.00s Real=0.00s
[2026-06-17T09:51:47.100+0800][5.846s][info][gc,start       ] GC(235) Pause Young (Allocation Failure)
[2026-06-17T09:51:47.105+0800][5.851s][info][gc,heap        ] GC(235) PSYoungGen: 13728K->4478K(14848K)
[2026-06-17T09:51:47.106+0800][5.852s][info][gc,heap        ] GC(235) ParOldGen: 39225K->41148K(44032K)
[2026-06-17T09:51:47.107+0800][5.853s][info][gc,metaspace   ] GC(235) Metaspace: 3157K(4864K)->3157K(4864K) NonClass: 2851K(4352K)->2851K(4352K) Class: 305K(512K)->305K(512K)
[2026-06-17T09:51:47.108+0800][5.854s][info][gc             ] GC(235) Pause Young (Allocation Failure) 51M->44M(57M) 7.543ms
[2026-06-17T09:51:47.108+0800][5.854s][info][gc,cpu         ] GC(235) User=0.00s Sys=0.00s Real=0.01s
[2026-06-17T09:51:47.109+0800][5.854s][info][gc,start       ] GC(236) Pause Full (Ergonomics)
[2026-06-17T09:51:47.109+0800][5.855s][info][gc,phases,start] GC(236) Marking Phase
[2026-06-17T09:51:47.110+0800][5.856s][info][gc,phases      ] GC(236) Marking Phase 1.297ms
[2026-06-17T09:51:47.111+0800][5.857s][info][gc,phases,start] GC(236) Summary Phase
[2026-06-17T09:51:47.113+0800][5.859s][info][gc,phases      ] GC(236) Summary Phase 2.564ms
[2026-06-17T09:51:47.114+0800][5.860s][info][gc,phases,start] GC(236) Adjust Roots
[2026-06-17T09:51:47.115+0800][5.861s][info][gc,phases      ] GC(236) Adjust Roots 1.030ms
[2026-06-17T09:51:47.116+0800][5.862s][info][gc,phases,start] GC(236) Compaction Phase
[2026-06-17T09:51:47.118+0800][5.864s][info][gc,phases      ] GC(236) Compaction Phase 2.373ms
[2026-06-17T09:51:47.122+0800][5.868s][info][gc,phases,start] GC(236) Post Compact
[2026-06-17T09:51:47.122+0800][5.868s][info][gc,phases      ] GC(236) Post Compact 0.450ms
[2026-06-17T09:51:47.125+0800][5.870s][info][gc,heap        ] GC(236) PSYoungGen: 4478K->0K(14848K)
[2026-06-17T09:51:47.128+0800][5.874s][info][gc,heap        ] GC(236) ParOldGen: 41148K->26379K(44032K)
[2026-06-17T09:51:47.133+0800][5.879s][info][gc,metaspace   ] GC(236) Metaspace: 3157K(4864K)->3157K(4864K) NonClass: 2851K(4352K)->2851K(4352K) Class: 305K(512K)->305K(512K)
[2026-06-17T09:51:47.137+0800][5.883s][info][gc             ] GC(236) Pause Full (Ergonomics) 44M->25M(57M) 28.111ms
[2026-06-17T09:51:47.139+0800][5.885s][info][gc,cpu         ] GC(236) User=0.01s Sys=0.00s Real=0.03s
[2026-06-17T09:51:47.163+0800][5.909s][info][gc,start       ] GC(237) Pause Young (Allocation Failure)
[2026-06-17T09:51:47.165+0800][5.911s][info][gc,heap        ] GC(237) PSYoungGen: 8174K->4890K(14848K)
[2026-06-17T09:51:47.166+0800][5.912s][info][gc,heap        ] GC(237) ParOldGen: 26379K->26379K(44032K)
[2026-06-17T09:51:47.166+0800][5.912s][info][gc,metaspace   ] GC(237) Metaspace: 3157K(4864K)->3157K(4864K) NonClass: 2851K(4352K)->2851K(4352K) Class: 305K(512K)->305K(512K)
[2026-06-17T09:51:47.166+0800][5.912s][info][gc             ] GC(237) Pause Young (Allocation Failure) 33M->30M(57M) 2.960ms
[2026-06-17T09:51:47.167+0800][5.912s][info][gc,cpu         ] GC(237) User=0.00s Sys=0.00s Real=0.00s
[2026-06-17T09:51:47.188+0800][5.934s][info][gc,start       ] GC(238) Pause Young (Allocation Failure)
[2026-06-17T09:51:47.189+0800][5.935s][info][gc,heap        ] GC(238) PSYoungGen: 13049K->6523K(14848K)
[2026-06-17T09:51:47.190+0800][5.936s][info][gc,heap        ] GC(238) ParOldGen: 26379K->26379K(44032K)
[2026-06-17T09:51:47.190+0800][5.936s][info][gc,metaspace   ] GC(238) Metaspace: 3157K(4864K)->3157K(4864K) NonClass: 2851K(4352K)->2851K(4352K) Class: 305K(512K)->305K(512K)
[2026-06-17T09:51:47.191+0800][5.937s][info][gc             ] GC(238) Pause Young (Allocation Failure) 38M->32M(57M) 2.793ms
[2026-06-17T09:51:47.191+0800][5.937s][info][gc,cpu         ] GC(238) User=0.00s Sys=0.00s Real=0.01s
[2026-06-17T09:51:47.213+0800][5.959s][info][gc,start       ] GC(239) Pause Young (Allocation Failure)
[2026-06-17T09:51:47.214+0800][5.960s][info][gc,heap        ] GC(239) PSYoungGen: 14710K->3383K(13824K)
[2026-06-17T09:51:47.214+0800][5.960s][info][gc,heap        ] GC(239) ParOldGen: 26379K->30437K(44032K)
[2026-06-17T09:51:47.214+0800][5.960s][info][gc,metaspace   ] GC(239) Metaspace: 3157K(4864K)->3157K(4864K) NonClass: 2851K(4352K)->2851K(4352K) Class: 305K(512K)->305K(512K)
[2026-06-17T09:51:47.215+0800][5.961s][info][gc             ] GC(239) Pause Young (Allocation Failure) 40M->33M(56M) 1.680ms
[2026-06-17T09:51:47.215+0800][5.961s][info][gc,cpu         ] GC(239) User=0.00s Sys=0.00s Real=0.00s
[2026-06-17T09:51:47.236+0800][5.982s][info][gc,start       ] GC(240) Pause Young (Allocation Failure)
[2026-06-17T09:51:47.236+0800][5.982s][info][gc,heap        ] GC(240) PSYoungGen: 10526K->3739K(14336K)
[2026-06-17T09:51:47.237+0800][5.982s][info][gc,heap        ] GC(240) ParOldGen: 30437K->30437K(44032K)
[2026-06-17T09:51:47.237+0800][5.983s][info][gc,metaspace   ] GC(240) Metaspace: 3157K(4864K)->3157K(4864K) NonClass: 2851K(4352K)->2851K(4352K) Class: 305K(512K)->305K(512K)
[2026-06-17T09:51:47.237+0800][5.983s][info][gc             ] GC(240) Pause Young (Allocation Failure) 40M->33M(57M) 1.271ms
[2026-06-17T09:51:47.237+0800][5.983s][info][gc,cpu         ] GC(240) User=0.00s Sys=0.00s Real=0.00s
[2026-06-17T09:51:47.258+0800][6.004s][info][gc,start       ] GC(241) Pause Young (Allocation Failure)
[2026-06-17T09:51:47.259+0800][6.005s][info][gc,heap        ] GC(241) PSYoungGen: 10882K->3917K(14848K)
[2026-06-17T09:51:47.259+0800][6.005s][info][gc,heap        ] GC(241) ParOldGen: 30437K->30437K(44032K)
[2026-06-17T09:51:47.259+0800][6.005s][info][gc,metaspace   ] GC(241) Metaspace: 3157K(4864K)->3157K(4864K) NonClass: 2851K(4352K)->2851K(4352K) Class: 305K(512K)->305K(512K)
[2026-06-17T09:51:47.259+0800][6.005s][info][gc             ] GC(241) Pause Young (Allocation Failure) 40M->33M(57M) 1.326ms
[2026-06-17T09:51:47.260+0800][6.005s][info][gc,cpu         ] GC(241) User=0.00s Sys=0.00s Real=0.00s
[2026-06-17T09:51:47.281+0800][6.027s][info][gc,start       ] GC(242) Pause Young (Allocation Failure)
[2026-06-17T09:51:47.282+0800][6.028s][info][gc,heap        ] GC(242) PSYoungGen: 11572K->4544K(14336K)
[2026-06-17T09:51:47.282+0800][6.028s][info][gc,heap        ] GC(242) ParOldGen: 30437K->30437K(44032K)
[2026-06-17T09:51:47.283+0800][6.028s][info][gc,metaspace   ] GC(242) Metaspace: 3157K(4864K)->3157K(4864K) NonClass: 2851K(4352K)->2851K(4352K) Class: 305K(512K)->305K(512K)
[2026-06-17T09:51:47.283+0800][6.029s][info][gc             ] GC(242) Pause Young (Allocation Failure) 41M->34M(57M) 1.944ms
[2026-06-17T09:51:47.283+0800][6.029s][info][gc,cpu         ] GC(242) User=0.00s Sys=0.00s Real=0.01s
[2026-06-17T09:51:47.294+0800][6.040s][info][gc,start       ] GC(243) Pause Young (Allocation Failure)
[2026-06-17T09:51:47.295+0800][6.041s][info][gc,heap        ] GC(243) PSYoungGen: 12197K->6646K(13824K)
[2026-06-17T09:51:47.296+0800][6.041s][info][gc,heap        ] GC(243) ParOldGen: 30437K->32505K(44032K)
[2026-06-17T09:51:47.296+0800][6.041s][info][gc,metaspace   ] GC(243) Metaspace: 3157K(4864K)->3157K(4864K) NonClass: 2851K(4352K)->2851K(4352K) Class: 305K(512K)->305K(512K)
[2026-06-17T09:51:47.296+0800][6.042s][info][gc             ] GC(243) Pause Young (Allocation Failure) 41M->38M(56M) 1.537ms
[2026-06-17T09:51:47.296+0800][6.042s][info][gc,cpu         ] GC(243) User=0.00s Sys=0.00s Real=0.00s
[2026-06-17T09:51:47.317+0800][6.063s][info][gc,start       ] GC(244) Pause Young (Allocation Failure)
[2026-06-17T09:51:47.324+0800][6.069s][info][gc,heap        ] GC(244) PSYoungGen: 13707K->3473K(14336K)
[2026-06-17T09:51:47.324+0800][6.070s][info][gc,heap        ] GC(244) ParOldGen: 32505K->32505K(44032K)
[2026-06-17T09:51:47.325+0800][6.071s][info][gc,metaspace   ] GC(244) Metaspace: 3157K(4864K)->3157K(4864K) NonClass: 2851K(4352K)->2851K(4352K) Class: 305K(512K)->305K(512K)
[2026-06-17T09:51:47.325+0800][6.071s][info][gc             ] GC(244) Pause Young (Allocation Failure) 45M->35M(57M) 8.157ms
[2026-06-17T09:51:47.325+0800][6.071s][info][gc,cpu         ] GC(244) User=0.00s Sys=0.00s Real=0.01s
[2026-06-17T09:51:47.347+0800][6.092s][info][gc,start       ] GC(245) Pause Young (Allocation Failure)
[2026-06-17T09:51:47.348+0800][6.094s][info][gc,heap        ] GC(245) PSYoungGen: 10615K->5620K(14336K)
[2026-06-17T09:51:47.349+0800][6.094s][info][gc,heap        ] GC(245) ParOldGen: 32505K->34296K(44032K)
[2026-06-17T09:51:47.349+0800][6.095s][info][gc,metaspace   ] GC(245) Metaspace: 3157K(4864K)->3157K(4864K) NonClass: 2851K(4352K)->2851K(4352K) Class: 305K(512K)->305K(512K)
[2026-06-17T09:51:47.350+0800][6.095s][info][gc             ] GC(245) Pause Young (Allocation Failure) 42M->38M(57M) 2.989ms
[2026-06-17T09:51:47.351+0800][6.097s][info][gc,cpu         ] GC(245) User=0.00s Sys=0.00s Real=0.01s
[2026-06-17T09:51:47.362+0800][6.108s][info][gc,start       ] GC(246) Pause Young (Allocation Failure)
[2026-06-17T09:51:47.364+0800][6.109s][info][gc,heap        ] GC(246) PSYoungGen: 12733K->4248K(14336K)
[2026-06-17T09:51:47.365+0800][6.111s][info][gc,heap        ] GC(246) ParOldGen: 34296K->35938K(44032K)
[2026-06-17T09:51:47.367+0800][6.112s][info][gc,metaspace   ] GC(246) Metaspace: 3157K(4864K)->3157K(4864K) NonClass: 2851K(4352K)->2851K(4352K) Class: 305K(512K)->305K(512K)
[2026-06-17T09:51:47.367+0800][6.113s][info][gc             ] GC(246) Pause Young (Allocation Failure) 45M->39M(57M) 4.477ms
[2026-06-17T09:51:47.367+0800][6.113s][info][gc,cpu         ] GC(246) User=0.00s Sys=0.00s Real=0.01s
[2026-06-17T09:51:47.388+0800][6.134s][info][gc,start       ] GC(247) Pause Young (Allocation Failure)
[2026-06-17T09:51:47.390+0800][6.135s][info][gc,heap        ] GC(247) PSYoungGen: 11412K->3816K(14336K)
[2026-06-17T09:51:47.390+0800][6.136s][info][gc,heap        ] GC(247) ParOldGen: 35938K->40162K(44032K)
[2026-06-17T09:51:47.390+0800][6.136s][info][gc,metaspace   ] GC(247) Metaspace: 3157K(4864K)->3157K(4864K) NonClass: 2851K(4352K)->2851K(4352K) Class: 305K(512K)->305K(512K)
[2026-06-17T09:51:47.390+0800][6.136s][info][gc             ] GC(247) Pause Young (Allocation Failure) 46M->42M(57M) 1.720ms
[2026-06-17T09:51:47.390+0800][6.136s][info][gc,cpu         ] GC(247) User=0.00s Sys=0.00s Real=0.00s
[2026-06-17T09:51:47.390+0800][6.136s][info][gc,start       ] GC(248) Pause Full (Ergonomics)
[2026-06-17T09:51:47.390+0800][6.136s][info][gc,phases,start] GC(248) Marking Phase
[2026-06-17T09:51:47.391+0800][6.137s][info][gc,phases      ] GC(248) Marking Phase 0.786ms
[2026-06-17T09:51:47.391+0800][6.137s][info][gc,phases,start] GC(248) Summary Phase
[2026-06-17T09:51:47.392+0800][6.137s][info][gc,phases      ] GC(248) Summary Phase 0.105ms
[2026-06-17T09:51:47.392+0800][6.137s][info][gc,phases,start] GC(248) Adjust Roots
[2026-06-17T09:51:47.392+0800][6.138s][info][gc,phases      ] GC(248) Adjust Roots 0.140ms
[2026-06-17T09:51:47.392+0800][6.138s][info][gc,phases,start] GC(248) Compaction Phase
[2026-06-17T09:51:47.393+0800][6.139s][info][gc,phases      ] GC(248) Compaction Phase 1.681ms
[2026-06-17T09:51:47.394+0800][6.140s][info][gc,phases,start] GC(248) Post Compact
[2026-06-17T09:51:47.394+0800][6.140s][info][gc,phases      ] GC(248) Post Compact 0.278ms
[2026-06-17T09:51:47.394+0800][6.140s][info][gc,heap        ] GC(248) PSYoungGen: 3816K->0K(14336K)
[2026-06-17T09:51:47.394+0800][6.140s][info][gc,heap        ] GC(248) ParOldGen: 40162K->31203K(44032K)
[2026-06-17T09:51:47.395+0800][6.141s][info][gc,metaspace   ] GC(248) Metaspace: 3157K(4864K)->3157K(4864K) NonClass: 2851K(4352K)->2851K(4352K) Class: 305K(512K)->305K(512K)
[2026-06-17T09:51:47.395+0800][6.141s][info][gc             ] GC(248) Pause Full (Ergonomics) 42M->30M(57M) 4.548ms
[2026-06-17T09:51:47.395+0800][6.141s][info][gc,cpu         ] GC(248) User=0.00s Sys=0.00s Real=0.01s
[2026-06-17T09:51:47.416+0800][6.162s][info][gc,start       ] GC(249) Pause Young (Allocation Failure)
[2026-06-17T09:51:47.417+0800][6.163s][info][gc,heap        ] GC(249) PSYoungGen: 7152K->3697K(14336K)
[2026-06-17T09:51:47.418+0800][6.164s][info][gc,heap        ] GC(249) ParOldGen: 31203K->31203K(44032K)
[2026-06-17T09:51:47.421+0800][6.167s][info][gc,metaspace   ] GC(249) Metaspace: 3157K(4864K)->3157K(4864K) NonClass: 2851K(4352K)->2851K(4352K) Class: 305K(512K)->305K(512K)
[2026-06-17T09:51:47.425+0800][6.171s][info][gc             ] GC(249) Pause Young (Allocation Failure) 37M->34M(57M) 8.698ms
[2026-06-17T09:51:47.429+0800][6.175s][info][gc,cpu         ] GC(249) User=0.00s Sys=0.00s Real=0.01s
[2026-06-17T09:51:47.450+0800][6.196s][info][gc,start       ] GC(250) Pause Young (Allocation Failure)
[2026-06-17T09:51:47.453+0800][6.199s][info][gc,heap        ] GC(250) PSYoungGen: 10842K->1268K(14336K)
[2026-06-17T09:51:47.455+0800][6.201s][info][gc,heap        ] GC(250) ParOldGen: 31203K->33738K(44032K)
[2026-06-17T09:51:47.457+0800][6.202s][info][gc,metaspace   ] GC(250) Metaspace: 3157K(4864K)->3157K(4864K) NonClass: 2851K(4352K)->2851K(4352K) Class: 305K(512K)->305K(512K)
[2026-06-17T09:51:47.459+0800][6.205s][info][gc             ] GC(250) Pause Young (Allocation Failure) 41M->34M(57M) 9.077ms
[2026-06-17T09:51:47.460+0800][6.206s][info][gc,cpu         ] GC(250) User=0.00s Sys=0.00s Real=0.01s
[2026-06-17T09:51:47.471+0800][6.217s][info][gc,start       ] GC(251) Pause Young (Allocation Failure)
[2026-06-17T09:51:47.478+0800][6.224s][info][gc,heap        ] GC(251) PSYoungGen: 8436K->5056K(14336K)
[2026-06-17T09:51:47.492+0800][6.238s][info][gc,heap        ] GC(251) ParOldGen: 33738K->33738K(44032K)
[2026-06-17T09:51:47.492+0800][6.238s][info][gc,metaspace   ] GC(251) Metaspace: 3157K(4864K)->3157K(4864K) NonClass: 2851K(4352K)->2851K(4352K) Class: 305K(512K)->305K(512K)
[2026-06-17T09:51:47.492+0800][6.238s][info][gc             ] GC(251) Pause Young (Allocation Failure) 41M->37M(57M) 21.070ms
[2026-06-17T09:51:47.493+0800][6.238s][info][gc,cpu         ] GC(251) User=0.00s Sys=0.00s Real=0.02s
[2026-06-17T09:51:47.516+0800][6.262s][info][gc,start       ] GC(252) Pause Young (Allocation Failure)
[2026-06-17T09:51:47.518+0800][6.264s][info][gc,heap        ] GC(252) PSYoungGen: 12210K->3119K(14336K)
[2026-06-17T09:51:47.520+0800][6.266s][info][gc,heap        ] GC(252) ParOldGen: 33738K->35801K(44032K)
[2026-06-17T09:51:47.521+0800][6.267s][info][gc,metaspace   ] GC(252) Metaspace: 3157K(4864K)->3157K(4864K) NonClass: 2851K(4352K)->2851K(4352K) Class: 305K(512K)->305K(512K)
[2026-06-17T09:51:47.521+0800][6.267s][info][gc             ] GC(252) Pause Young (Allocation Failure) 44M->38M(57M) 4.959ms
[2026-06-17T09:51:47.521+0800][6.267s][info][gc,cpu         ] GC(252) User=0.00s Sys=0.00s Real=0.00s
[2026-06-17T09:51:47.544+0800][6.289s][info][gc,start       ] GC(253) Pause Young (Allocation Failure)
[2026-06-17T09:51:47.546+0800][6.292s][info][gc,heap        ] GC(253) PSYoungGen: 10251K->3407K(14336K)
[2026-06-17T09:51:47.547+0800][6.292s][info][gc,heap        ] GC(253) ParOldGen: 35801K->35801K(44032K)
[2026-06-17T09:51:47.549+0800][6.295s][info][gc,metaspace   ] GC(253) Metaspace: 3157K(4864K)->3157K(4864K) NonClass: 2851K(4352K)->2851K(4352K) Class: 305K(512K)->305K(512K)
[2026-06-17T09:51:47.549+0800][6.295s][info][gc             ] GC(253) Pause Young (Allocation Failure) 44M->38M(57M) 5.777ms
[2026-06-17T09:51:47.550+0800][6.295s][info][gc,cpu         ] GC(253) User=0.00s Sys=0.00s Real=0.00s
[2026-06-17T09:51:47.561+0800][6.306s][info][gc,start       ] GC(254) Pause Young (Allocation Failure)
[2026-06-17T09:51:47.562+0800][6.308s][info][gc,heap        ] GC(254) PSYoungGen: 10280K->2948K(14336K)
[2026-06-17T09:51:47.563+0800][6.309s][info][gc,heap        ] GC(254) ParOldGen: 35801K->35801K(44032K)
[2026-06-17T09:51:47.564+0800][6.310s][info][gc,metaspace   ] GC(254) Metaspace: 3157K(4864K)->3157K(4864K) NonClass: 2851K(4352K)->2851K(4352K) Class: 305K(512K)->305K(512K)
[2026-06-17T09:51:47.565+0800][6.311s][info][gc             ] GC(254) Pause Young (Allocation Failure) 45M->37M(57M) 4.113ms
[2026-06-17T09:51:47.566+0800][6.312s][info][gc,cpu         ] GC(254) User=0.00s Sys=0.00s Real=0.01s
[2026-06-17T09:51:47.587+0800][6.333s][info][gc,start       ] GC(255) Pause Young (Allocation Failure)
[2026-06-17T09:51:47.595+0800][6.341s][info][gc,heap        ] GC(255) PSYoungGen: 10101K->6718K(14336K)
[2026-06-17T09:51:47.596+0800][6.341s][info][gc,heap        ] GC(255) ParOldGen: 35801K->35801K(44032K)
[2026-06-17T09:51:47.597+0800][6.343s][info][gc,metaspace   ] GC(255) Metaspace: 3157K(4864K)->3157K(4864K) NonClass: 2851K(4352K)->2851K(4352K) Class: 305K(512K)->305K(512K)
[2026-06-17T09:51:47.603+0800][6.348s][info][gc             ] GC(255) Pause Young (Allocation Failure) 44M->41M(57M) 15.739ms
[2026-06-17T09:51:47.603+0800][6.349s][info][gc,cpu         ] GC(255) User=0.00s Sys=0.00s Real=0.02s
[2026-06-17T09:51:47.632+0800][6.378s][info][gc,start       ] GC(256) Pause Young (Allocation Failure)
[2026-06-17T09:51:47.634+0800][6.380s][info][gc,heap        ] GC(256) PSYoungGen: 13850K->4213K(14336K)
[2026-06-17T09:51:47.635+0800][6.381s][info][gc,heap        ] GC(256) ParOldGen: 35801K->38693K(44032K)
[2026-06-17T09:51:47.637+0800][6.382s][info][gc,metaspace   ] GC(256) Metaspace: 3157K(4864K)->3157K(4864K) NonClass: 2851K(4352K)->2851K(4352K) Class: 305K(512K)->305K(512K)
[2026-06-17T09:51:47.639+0800][6.384s][info][gc             ] GC(256) Pause Young (Allocation Failure) 48M->41M(57M) 6.079ms
[2026-06-17T09:51:47.642+0800][6.388s][info][gc,cpu         ] GC(256) User=0.00s Sys=0.00s Real=0.00s
[2026-06-17T09:51:47.664+0800][6.410s][info][gc,start       ] GC(257) Pause Young (Allocation Failure)
[2026-06-17T09:51:47.666+0800][6.412s][info][gc,heap        ] GC(257) PSYoungGen: 11381K->81K(14336K)
[2026-06-17T09:51:47.667+0800][6.413s][info][gc,heap        ] GC(257) ParOldGen: 38693K->42851K(44032K)
[2026-06-17T09:51:47.668+0800][6.414s][info][gc,metaspace   ] GC(257) Metaspace: 3157K(4864K)->3157K(4864K) NonClass: 2851K(4352K)->2851K(4352K) Class: 305K(512K)->305K(512K)
[2026-06-17T09:51:47.671+0800][6.416s][info][gc             ] GC(257) Pause Young (Allocation Failure) 48M->41M(57M) 6.846ms
[2026-06-17T09:51:47.673+0800][6.418s][info][gc,cpu         ] GC(257) User=0.00s Sys=0.00s Real=0.01s
[2026-06-17T09:51:47.675+0800][6.421s][info][gc,start       ] GC(258) Pause Full (Ergonomics)
[2026-06-17T09:51:47.676+0800][6.421s][info][gc,phases,start] GC(258) Marking Phase
[2026-06-17T09:51:47.679+0800][6.425s][info][gc,phases      ] GC(258) Marking Phase 3.710ms
[2026-06-17T09:51:47.681+0800][6.427s][info][gc,phases,start] GC(258) Summary Phase
[2026-06-17T09:51:47.681+0800][6.427s][info][gc,phases      ] GC(258) Summary Phase 0.384ms
[2026-06-17T09:51:47.682+0800][6.427s][info][gc,phases,start] GC(258) Adjust Roots
[2026-06-17T09:51:47.682+0800][6.428s][info][gc,phases      ] GC(258) Adjust Roots 0.261ms
[2026-06-17T09:51:47.682+0800][6.428s][info][gc,phases,start] GC(258) Compaction Phase
[2026-06-17T09:51:47.684+0800][6.430s][info][gc,phases      ] GC(258) Compaction Phase 2.149ms
[2026-06-17T09:51:47.685+0800][6.430s][info][gc,phases,start] GC(258) Post Compact
[2026-06-17T09:51:47.685+0800][6.431s][info][gc,phases      ] GC(258) Post Compact 0.285ms
[2026-06-17T09:51:47.685+0800][6.431s][info][gc,heap        ] GC(258) PSYoungGen: 81K->0K(14336K)
[2026-06-17T09:51:47.686+0800][6.431s][info][gc,heap        ] GC(258) ParOldGen: 42851K->29864K(44032K)
[2026-06-17T09:51:47.686+0800][6.432s][info][gc,metaspace   ] GC(258) Metaspace: 3157K(4864K)->3157K(4864K) NonClass: 2851K(4352K)->2851K(4352K) Class: 305K(512K)->305K(512K)
[2026-06-17T09:51:47.686+0800][6.432s][info][gc             ] GC(258) Pause Full (Ergonomics) 41M->29M(57M) 11.158ms
[2026-06-17T09:51:47.686+0800][6.432s][info][gc,cpu         ] GC(258) User=0.00s Sys=0.00s Real=0.01s
[2026-06-17T09:51:47.697+0800][6.443s][info][gc,start       ] GC(259) Pause Young (Allocation Failure)
[2026-06-17T09:51:47.699+0800][6.445s][info][gc,heap        ] GC(259) PSYoungGen: 7142K->7138K(14336K)
[2026-06-17T09:51:47.699+0800][6.445s][info][gc,heap        ] GC(259) ParOldGen: 29864K->29902K(44032K)
[2026-06-17T09:51:47.699+0800][6.445s][info][gc,metaspace   ] GC(259) Metaspace: 3157K(4864K)->3157K(4864K) NonClass: 2851K(4352K)->2851K(4352K) Class: 305K(512K)->305K(512K)
[2026-06-17T09:51:47.700+0800][6.446s][info][gc             ] GC(259) Pause Young (Allocation Failure) 36M->36M(57M) 2.369ms
[2026-06-17T09:51:47.700+0800][6.446s][info][gc,cpu         ] GC(259) User=0.00s Sys=0.00s Real=0.00s
[2026-06-17T09:51:47.721+0800][6.467s][info][gc,start       ] GC(260) Pause Young (Allocation Failure)
[2026-06-17T09:51:47.723+0800][6.469s][info][gc,heap        ] GC(260) PSYoungGen: 14292K->1878K(14336K)
[2026-06-17T09:51:47.724+0800][6.469s][info][gc,heap        ] GC(260) ParOldGen: 29902K->35305K(44032K)
[2026-06-17T09:51:47.724+0800][6.470s][info][gc,metaspace   ] GC(260) Metaspace: 3157K(4864K)->3157K(4864K) NonClass: 2851K(4352K)->2851K(4352K) Class: 305K(512K)->305K(512K)
[2026-06-17T09:51:47.724+0800][6.470s][info][gc             ] GC(260) Pause Young (Allocation Failure) 43M->36M(57M) 2.909ms
[2026-06-17T09:51:47.725+0800][6.470s][info][gc,cpu         ] GC(260) User=0.00s Sys=0.00s Real=0.01s
[2026-06-17T09:51:47.746+0800][6.492s][info][gc,start       ] GC(261) Pause Young (Allocation Failure)
[2026-06-17T09:51:47.748+0800][6.493s][info][gc,heap        ] GC(261) PSYoungGen: 9036K->1852K(14336K)
[2026-06-17T09:51:47.748+0800][6.494s][info][gc,heap        ] GC(261) ParOldGen: 35305K->35305K(44032K)
[2026-06-17T09:51:47.748+0800][6.494s][info][gc,metaspace   ] GC(261) Metaspace: 3157K(4864K)->3157K(4864K) NonClass: 2851K(4352K)->2851K(4352K) Class: 305K(512K)->305K(512K)
[2026-06-17T09:51:47.749+0800][6.495s][info][gc             ] GC(261) Pause Young (Allocation Failure) 43M->36M(57M) 2.506ms
[2026-06-17T09:51:47.749+0800][6.495s][info][gc,cpu         ] GC(261) User=0.00s Sys=0.00s Real=0.00s
[2026-06-17T09:51:47.760+0800][6.506s][info][gc,start       ] GC(262) Pause Young (Allocation Failure)
[2026-06-17T09:51:47.761+0800][6.507s][info][gc,heap        ] GC(262) PSYoungGen: 9006K->689K(14336K)
[2026-06-17T09:51:47.761+0800][6.507s][info][gc,heap        ] GC(262) ParOldGen: 35305K->36733K(44032K)
[2026-06-17T09:51:47.761+0800][6.507s][info][gc,metaspace   ] GC(262) Metaspace: 3157K(4864K)->3157K(4864K) NonClass: 2851K(4352K)->2851K(4352K) Class: 305K(512K)->305K(512K)
[2026-06-17T09:51:47.762+0800][6.508s][info][gc             ] GC(262) Pause Young (Allocation Failure) 43M->36M(57M) 1.482ms
[2026-06-17T09:51:47.762+0800][6.508s][info][gc,cpu         ] GC(262) User=0.01s Sys=0.00s Real=0.00s
[2026-06-17T09:51:47.783+0800][6.529s][info][gc,start       ] GC(263) Pause Young (Allocation Failure)
[2026-06-17T09:51:47.784+0800][6.530s][info][gc,heap        ] GC(263) PSYoungGen: 7854K->3623K(14336K)
[2026-06-17T09:51:47.785+0800][6.530s][info][gc,heap        ] GC(263) ParOldGen: 36733K->37398K(44032K)
[2026-06-17T09:51:47.785+0800][6.531s][info][gc,metaspace   ] GC(263) Metaspace: 3157K(4864K)->3157K(4864K) NonClass: 2851K(4352K)->2851K(4352K) Class: 305K(512K)->305K(512K)
[2026-06-17T09:51:47.785+0800][6.531s][info][gc             ] GC(263) Pause Young (Allocation Failure) 43M->40M(57M) 2.255ms
[2026-06-17T09:51:47.786+0800][6.531s][info][gc,cpu         ] GC(263) User=0.00s Sys=0.00s Real=0.00s
[2026-06-17T09:51:47.807+0800][6.553s][info][gc,start       ] GC(264) Pause Young (Allocation Failure)
[2026-06-17T09:51:47.809+0800][6.554s][info][gc,heap        ] GC(264) PSYoungGen: 10788K->2300K(14336K)
[2026-06-17T09:51:47.809+0800][6.555s][info][gc,heap        ] GC(264) ParOldGen: 37398K->38807K(44032K)
[2026-06-17T09:51:47.809+0800][6.555s][info][gc,metaspace   ] GC(264) Metaspace: 3157K(4864K)->3157K(4864K) NonClass: 2851K(4352K)->2851K(4352K) Class: 305K(512K)->305K(512K)
[2026-06-17T09:51:47.810+0800][6.555s][info][gc             ] GC(264) Pause Young (Allocation Failure) 47M->40M(57M) 2.533ms
[2026-06-17T09:51:47.810+0800][6.556s][info][gc,cpu         ] GC(264) User=0.00s Sys=0.00s Real=0.00s
[2026-06-17T09:51:47.831+0800][6.577s][info][gc,start       ] GC(265) Pause Young (Allocation Failure)
[2026-06-17T09:51:47.833+0800][6.579s][info][gc,heap        ] GC(265) PSYoungGen: 9467K->243K(14336K)
[2026-06-17T09:51:47.833+0800][6.579s][info][gc,heap        ] GC(265) ParOldGen: 38807K->41083K(44032K)
[2026-06-17T09:51:47.833+0800][6.579s][info][gc,metaspace   ] GC(265) Metaspace: 3157K(4864K)->3157K(4864K) NonClass: 2851K(4352K)->2851K(4352K) Class: 305K(512K)->305K(512K)
[2026-06-17T09:51:47.834+0800][6.580s][info][gc             ] GC(265) Pause Young (Allocation Failure) 47M->40M(57M) 2.338ms
[2026-06-17T09:51:47.834+0800][6.580s][info][gc,cpu         ] GC(265) User=0.00s Sys=0.00s Real=0.00s
[2026-06-17T09:51:47.834+0800][6.580s][info][gc,start       ] GC(266) Pause Full (Ergonomics)
[2026-06-17T09:51:47.835+0800][6.580s][info][gc,phases,start] GC(266) Marking Phase
[2026-06-17T09:51:47.836+0800][6.582s][info][gc,phases      ] GC(266) Marking Phase 1.872ms
[2026-06-17T09:51:47.837+0800][6.583s][info][gc,phases,start] GC(266) Summary Phase
[2026-06-17T09:51:47.837+0800][6.583s][info][gc,phases      ] GC(266) Summary Phase 0.392ms
[2026-06-17T09:51:47.838+0800][6.583s][info][gc,phases,start] GC(266) Adjust Roots
[2026-06-17T09:51:47.838+0800][6.584s][info][gc,phases      ] GC(266) Adjust Roots 0.350ms
[2026-06-17T09:51:47.838+0800][6.584s][info][gc,phases,start] GC(266) Compaction Phase
[2026-06-17T09:51:47.840+0800][6.586s][info][gc,phases      ] GC(266) Compaction Phase 1.843ms
[2026-06-17T09:51:47.840+0800][6.586s][info][gc,phases,start] GC(266) Post Compact
[2026-06-17T09:51:47.841+0800][6.586s][info][gc,phases      ] GC(266) Post Compact 0.284ms
[2026-06-17T09:51:47.841+0800][6.587s][info][gc,heap        ] GC(266) PSYoungGen: 243K->0K(14336K)
[2026-06-17T09:51:47.841+0800][6.587s][info][gc,heap        ] GC(266) ParOldGen: 41083K->28851K(44032K)
[2026-06-17T09:51:47.841+0800][6.587s][info][gc,metaspace   ] GC(266) Metaspace: 3157K(4864K)->3157K(4864K) NonClass: 2851K(4352K)->2851K(4352K) Class: 305K(512K)->305K(512K)
[2026-06-17T09:51:47.841+0800][6.587s][info][gc             ] GC(266) Pause Full (Ergonomics) 40M->28M(57M) 7.039ms
[2026-06-17T09:51:47.841+0800][6.587s][info][gc,cpu         ] GC(266) User=0.01s Sys=0.00s Real=0.00s
[2026-06-17T09:51:47.852+0800][6.598s][info][gc,start       ] GC(267) Pause Young (Allocation Failure)
[2026-06-17T09:51:47.853+0800][6.599s][info][gc,heap        ] GC(267) PSYoungGen: 7155K->7161K(14336K)
[2026-06-17T09:51:47.854+0800][6.599s][info][gc,heap        ] GC(267) ParOldGen: 28851K->28881K(44032K)
[2026-06-17T09:51:47.854+0800][6.600s][info][gc,metaspace   ] GC(267) Metaspace: 3157K(4864K)->3157K(4864K) NonClass: 2851K(4352K)->2851K(4352K) Class: 305K(512K)->305K(512K)
[2026-06-17T09:51:47.854+0800][6.600s][info][gc             ] GC(267) Pause Young (Allocation Failure) 35M->35M(57M) 1.654ms
[2026-06-17T09:51:47.854+0800][6.600s][info][gc,cpu         ] GC(267) User=0.00s Sys=0.00s Real=0.00s
[2026-06-17T09:51:47.875+0800][6.621s][info][gc,start       ] GC(268) Pause Young (Allocation Failure)
[2026-06-17T09:51:47.877+0800][6.623s][info][gc,heap        ] GC(268) PSYoungGen: 14313K->1868K(14336K)
[2026-06-17T09:51:47.877+0800][6.623s][info][gc,heap        ] GC(268) ParOldGen: 28881K->33956K(44032K)
[2026-06-17T09:51:47.878+0800][6.624s][info][gc,metaspace   ] GC(268) Metaspace: 3157K(4864K)->3157K(4864K) NonClass: 2851K(4352K)->2851K(4352K) Class: 305K(512K)->305K(512K)
[2026-06-17T09:51:47.880+0800][6.626s][info][gc             ] GC(268) Pause Young (Allocation Failure) 42M->34M(57M) 4.372ms
[2026-06-17T09:51:47.881+0800][6.627s][info][gc,cpu         ] GC(268) User=0.01s Sys=0.00s Real=0.00s
[2026-06-17T09:51:47.894+0800][6.640s][info][gc,start       ] GC(269) Pause Young (Allocation Failure)
[2026-06-17T09:51:47.895+0800][6.641s][info][gc,heap        ] GC(269) PSYoungGen: 9020K->4585K(14336K)
[2026-06-17T09:51:47.895+0800][6.641s][info][gc,heap        ] GC(269) ParOldGen: 33956K->35235K(44032K)
[2026-06-17T09:51:47.896+0800][6.642s][info][gc,metaspace   ] GC(269) Metaspace: 3157K(4864K)->3157K(4864K) NonClass: 2851K(4352K)->2851K(4352K) Class: 305K(512K)->305K(512K)
[2026-06-17T09:51:47.896+0800][6.642s][info][gc             ] GC(269) Pause Young (Allocation Failure) 41M->38M(57M) 2.281ms
[2026-06-17T09:51:47.896+0800][6.642s][info][gc,cpu         ] GC(269) User=0.00s Sys=0.00s Real=0.00s
[2026-06-17T09:51:47.918+0800][6.664s][info][gc,start       ] GC(270) Pause Young (Allocation Failure)
[2026-06-17T09:51:47.919+0800][6.665s][info][gc,heap        ] GC(270) PSYoungGen: 11752K->3281K(14336K)
[2026-06-17T09:51:47.919+0800][6.665s][info][gc,heap        ] GC(270) ParOldGen: 35235K->36768K(44032K)
[2026-06-17T09:51:47.919+0800][6.665s][info][gc,metaspace   ] GC(270) Metaspace: 3157K(4864K)->3157K(4864K) NonClass: 2851K(4352K)->2851K(4352K) Class: 305K(512K)->305K(512K)
[2026-06-17T09:51:47.920+0800][6.665s][info][gc             ] GC(270) Pause Young (Allocation Failure) 45M->39M(57M) 1.899ms
[2026-06-17T09:51:47.920+0800][6.666s][info][gc,cpu         ] GC(270) User=0.00s Sys=0.00s Real=0.00s
[2026-06-17T09:51:47.941+0800][6.687s][info][gc,start       ] GC(271) Pause Young (Allocation Failure)
[2026-06-17T09:51:47.944+0800][6.690s][info][gc,heap        ] GC(271) PSYoungGen: 10425K->3528K(14336K)
[2026-06-17T09:51:47.944+0800][6.690s][info][gc,heap        ] GC(271) ParOldGen: 36768K->36768K(44032K)
[2026-06-17T09:51:47.945+0800][6.691s][info][gc,metaspace   ] GC(271) Metaspace: 3157K(4864K)->3157K(4864K) NonClass: 2851K(4352K)->2851K(4352K) Class: 305K(512K)->305K(512K)
[2026-06-17T09:51:47.946+0800][6.691s][info][gc             ] GC(271) Pause Young (Allocation Failure) 46M->39M(57M) 4.187ms
[2026-06-17T09:51:47.946+0800][6.692s][info][gc,cpu         ] GC(271) User=0.00s Sys=0.00s Real=0.01s
[2026-06-17T09:51:47.957+0800][6.703s][info][gc,start       ] GC(272) Pause Young (Allocation Failure)
[2026-06-17T09:51:47.959+0800][6.705s][info][gc,heap        ] GC(272) PSYoungGen: 10589K->1453K(14336K)
[2026-06-17T09:51:47.959+0800][6.705s][info][gc,heap        ] GC(272) ParOldGen: 36768K->38820K(44032K)
[2026-06-17T09:51:47.960+0800][6.706s][info][gc,metaspace   ] GC(272) Metaspace: 3157K(4864K)->3157K(4864K) NonClass: 2851K(4352K)->2851K(4352K) Class: 305K(512K)->305K(512K)
[2026-06-17T09:51:47.960+0800][6.706s][info][gc             ] GC(272) Pause Young (Allocation Failure) 46M->39M(57M) 2.465ms
[2026-06-17T09:51:47.960+0800][6.706s][info][gc,cpu         ] GC(272) User=0.01s Sys=0.00s Real=0.00s
[2026-06-17T09:51:47.981+0800][6.727s][info][gc,start       ] GC(273) Pause Young (Allocation Failure)
[2026-06-17T09:51:47.982+0800][6.728s][info][gc,heap        ] GC(273) PSYoungGen: 8587K->3859K(14336K)
[2026-06-17T09:51:47.982+0800][6.728s][info][gc,heap        ] GC(273) ParOldGen: 38820K->40249K(44032K)
[2026-06-17T09:51:47.982+0800][6.728s][info][gc,metaspace   ] GC(273) Metaspace: 3157K(4864K)->3157K(4864K) NonClass: 2851K(4352K)->2851K(4352K) Class: 305K(512K)->305K(512K)
[2026-06-17T09:51:47.983+0800][6.728s][info][gc             ] GC(273) Pause Young (Allocation Failure) 46M->43M(57M) 1.573ms
[2026-06-17T09:51:47.983+0800][6.729s][info][gc,cpu         ] GC(273) User=0.00s Sys=0.00s Real=0.01s
[2026-06-17T09:51:47.983+0800][6.729s][info][gc,start       ] GC(274) Pause Full (Ergonomics)
[2026-06-17T09:51:47.983+0800][6.729s][info][gc,phases,start] GC(274) Marking Phase
[2026-06-17T09:51:47.984+0800][6.730s][info][gc,phases      ] GC(274) Marking Phase 0.819ms
[2026-06-17T09:51:47.984+0800][6.730s][info][gc,phases,start] GC(274) Summary Phase
[2026-06-17T09:51:47.984+0800][6.730s][info][gc,phases      ] GC(274) Summary Phase 0.120ms
[2026-06-17T09:51:47.984+0800][6.730s][info][gc,phases,start] GC(274) Adjust Roots
[2026-06-17T09:51:47.984+0800][6.730s][info][gc,phases      ] GC(274) Adjust Roots 0.247ms
[2026-06-17T09:51:47.985+0800][6.730s][info][gc,phases,start] GC(274) Compaction Phase
[2026-06-17T09:51:47.986+0800][6.732s][info][gc,phases      ] GC(274) Compaction Phase 1.413ms
[2026-06-17T09:51:47.986+0800][6.732s][info][gc,phases,start] GC(274) Post Compact
[2026-06-17T09:51:47.986+0800][6.732s][info][gc,phases      ] GC(274) Post Compact 0.199ms
[2026-06-17T09:51:47.987+0800][6.732s][info][gc,heap        ] GC(274) PSYoungGen: 3859K->0K(14336K)
[2026-06-17T09:51:47.987+0800][6.733s][info][gc,heap        ] GC(274) ParOldGen: 40249K->30621K(44032K)
[2026-06-17T09:51:47.987+0800][6.733s][info][gc,metaspace   ] GC(274) Metaspace: 3157K(4864K)->3157K(4864K) NonClass: 2851K(4352K)->2851K(4352K) Class: 305K(512K)->305K(512K)
[2026-06-17T09:51:47.987+0800][6.733s][info][gc             ] GC(274) Pause Full (Ergonomics) 43M->29M(57M) 3.928ms
[2026-06-17T09:51:47.987+0800][6.733s][info][gc,cpu         ] GC(274) User=0.00s Sys=0.00s Real=0.00s
[2026-06-17T09:51:48.008+0800][6.754s][info][gc,start       ] GC(275) Pause Young (Allocation Failure)
[2026-06-17T09:51:48.009+0800][6.754s][info][gc,heap        ] GC(275) PSYoungGen: 7161K->3552K(14336K)
[2026-06-17T09:51:48.009+0800][6.755s][info][gc,heap        ] GC(275) ParOldGen: 30621K->30621K(44032K)
[2026-06-17T09:51:48.009+0800][6.755s][info][gc,metaspace   ] GC(275) Metaspace: 3157K(4864K)->3157K(4864K) NonClass: 2851K(4352K)->2851K(4352K) Class: 305K(512K)->305K(512K)
[2026-06-17T09:51:48.009+0800][6.755s][info][gc             ] GC(275) Pause Young (Allocation Failure) 36M->33M(57M) 1.143ms
[2026-06-17T09:51:48.009+0800][6.755s][info][gc,cpu         ] GC(275) User=0.00s Sys=0.00s Real=0.00s
[2026-06-17T09:51:48.030+0800][6.776s][info][gc,start       ] GC(276) Pause Young (Allocation Failure)
[2026-06-17T09:51:48.031+0800][6.777s][info][gc,heap        ] GC(276) PSYoungGen: 10716K->1929K(14336K)
[2026-06-17T09:51:48.032+0800][6.777s][info][gc,heap        ] GC(276) ParOldGen: 30621K->32858K(44032K)
[2026-06-17T09:51:48.032+0800][6.778s][info][gc,metaspace   ] GC(276) Metaspace: 3157K(4864K)->3157K(4864K) NonClass: 2851K(4352K)->2851K(4352K) Class: 305K(512K)->305K(512K)
[2026-06-17T09:51:48.032+0800][6.778s][info][gc             ] GC(276) Pause Young (Allocation Failure) 40M->33M(57M) 1.702ms
[2026-06-17T09:51:48.032+0800][6.778s][info][gc,cpu         ] GC(276) User=0.01s Sys=0.00s Real=0.01s
[2026-06-17T09:51:48.053+0800][6.799s][info][gc,start       ] GC(277) Pause Young (Allocation Failure)
[2026-06-17T09:51:48.054+0800][6.800s][info][gc,heap        ] GC(277) PSYoungGen: 9064K->2288K(14336K)
[2026-06-17T09:51:48.054+0800][6.800s][info][gc,heap        ] GC(277) ParOldGen: 32858K->32858K(44032K)
[2026-06-17T09:51:48.054+0800][6.800s][info][gc,metaspace   ] GC(277) Metaspace: 3157K(4864K)->3157K(4864K) NonClass: 2851K(4352K)->2851K(4352K) Class: 305K(512K)->305K(512K)
[2026-06-17T09:51:48.054+0800][6.800s][info][gc             ] GC(277) Pause Young (Allocation Failure) 40M->34M(57M) 1.209ms
[2026-06-17T09:51:48.055+0800][6.800s][info][gc,cpu         ] GC(277) User=0.00s Sys=0.00s Real=0.00s
[2026-06-17T09:51:48.066+0800][6.812s][info][gc,start       ] GC(278) Pause Young (Allocation Failure)
[2026-06-17T09:51:48.066+0800][6.812s][info][gc,heap        ] GC(278) PSYoungGen: 9285K->2497K(14336K)
[2026-06-17T09:51:48.067+0800][6.812s][info][gc,heap        ] GC(278) ParOldGen: 32858K->32858K(44032K)
[2026-06-17T09:51:48.067+0800][6.813s][info][gc,metaspace   ] GC(278) Metaspace: 3157K(4864K)->3157K(4864K) NonClass: 2851K(4352K)->2851K(4352K) Class: 305K(512K)->305K(512K)
[2026-06-17T09:51:48.067+0800][6.813s][info][gc             ] GC(278) Pause Young (Allocation Failure) 41M->34M(57M) 1.531ms
[2026-06-17T09:51:48.067+0800][6.813s][info][gc,cpu         ] GC(278) User=0.00s Sys=0.00s Real=0.00s
[2026-06-17T09:51:48.088+0800][6.834s][info][gc,start       ] GC(279) Pause Young (Allocation Failure)
[2026-06-17T09:51:48.089+0800][6.835s][info][gc,heap        ] GC(279) PSYoungGen: 9644K->4411K(14848K)
[2026-06-17T09:51:48.090+0800][6.835s][info][gc,heap        ] GC(279) ParOldGen: 32858K->34924K(44032K)
[2026-06-17T09:51:48.090+0800][6.836s][info][gc,metaspace   ] GC(279) Metaspace: 3157K(4864K)->3157K(4864K) NonClass: 2851K(4352K)->2851K(4352K) Class: 305K(512K)->305K(512K)
[2026-06-17T09:51:48.090+0800][6.836s][info][gc             ] GC(279) Pause Young (Allocation Failure) 41M->38M(57M) 1.435ms
[2026-06-17T09:51:48.090+0800][6.836s][info][gc,cpu         ] GC(279) User=0.00s Sys=0.00s Real=0.00s
[2026-06-17T09:51:48.111+0800][6.857s][info][gc,start       ] GC(280) Pause Young (Allocation Failure)
[2026-06-17T09:51:48.112+0800][6.858s][info][gc,heap        ] GC(280) PSYoungGen: 12580K->5599K(13824K)
[2026-06-17T09:51:48.112+0800][6.858s][info][gc,heap        ] GC(280) ParOldGen: 34924K->35307K(44032K)
[2026-06-17T09:51:48.112+0800][6.858s][info][gc,metaspace   ] GC(280) Metaspace: 3157K(4864K)->3157K(4864K) NonClass: 2851K(4352K)->2851K(4352K) Class: 305K(512K)->305K(512K)
[2026-06-17T09:51:48.113+0800][6.858s][info][gc             ] GC(280) Pause Young (Allocation Failure) 46M->39M(56M) 1.571ms
[2026-06-17T09:51:48.113+0800][6.859s][info][gc,cpu         ] GC(280) User=0.00s Sys=0.00s Real=0.00s
[2026-06-17T09:51:48.134+0800][6.880s][info][gc,start       ] GC(281) Pause Young (Allocation Failure)
[2026-06-17T09:51:48.135+0800][6.881s][info][gc,heap        ] GC(281) PSYoungGen: 13766K->4034K(14336K)
[2026-06-17T09:51:48.135+0800][6.881s][info][gc,heap        ] GC(281) ParOldGen: 35307K->38117K(44032K)
[2026-06-17T09:51:48.136+0800][6.882s][info][gc,metaspace   ] GC(281) Metaspace: 3157K(4864K)->3157K(4864K) NonClass: 2851K(4352K)->2851K(4352K) Class: 305K(512K)->305K(512K)
[2026-06-17T09:51:48.136+0800][6.882s][info][gc             ] GC(281) Pause Young (Allocation Failure) 47M->41M(57M) 2.142ms
[2026-06-17T09:51:48.136+0800][6.882s][info][gc,cpu         ] GC(281) User=0.01s Sys=0.00s Real=0.00s
[2026-06-17T09:51:48.157+0800][6.903s][info][gc,start       ] GC(282) Pause Young (Allocation Failure)
[2026-06-17T09:51:48.158+0800][6.904s][info][gc,heap        ] GC(282) PSYoungGen: 11172K->2090K(14336K)
[2026-06-17T09:51:48.158+0800][6.904s][info][gc,heap        ] GC(282) ParOldGen: 38117K->40115K(44032K)
[2026-06-17T09:51:48.159+0800][6.904s][info][gc,metaspace   ] GC(282) Metaspace: 3157K(4864K)->3157K(4864K) NonClass: 2851K(4352K)->2851K(4352K) Class: 305K(512K)->305K(512K)
[2026-06-17T09:51:48.159+0800][6.905s][info][gc             ] GC(282) Pause Young (Allocation Failure) 48M->41M(57M) 1.451ms
[2026-06-17T09:51:48.159+0800][6.905s][info][gc,cpu         ] GC(282) User=0.00s Sys=0.00s Real=0.00s
[2026-06-17T09:51:48.159+0800][6.905s][info][gc,start       ] GC(283) Pause Full (Ergonomics)
[2026-06-17T09:51:48.159+0800][6.905s][info][gc,phases,start] GC(283) Marking Phase
[2026-06-17T09:51:48.160+0800][6.906s][info][gc,phases      ] GC(283) Marking Phase 0.778ms
[2026-06-17T09:51:48.160+0800][6.906s][info][gc,phases,start] GC(283) Summary Phase
[2026-06-17T09:51:48.160+0800][6.906s][info][gc,phases      ] GC(283) Summary Phase 0.127ms
[2026-06-17T09:51:48.160+0800][6.906s][info][gc,phases,start] GC(283) Adjust Roots
[2026-06-17T09:51:48.161+0800][6.907s][info][gc,phases      ] GC(283) Adjust Roots 0.358ms
[2026-06-17T09:51:48.161+0800][6.907s][info][gc,phases,start] GC(283) Compaction Phase
[2026-06-17T09:51:48.163+0800][6.909s][info][gc,phases      ] GC(283) Compaction Phase 1.787ms
[2026-06-17T09:51:48.163+0800][6.909s][info][gc,phases,start] GC(283) Post Compact
[2026-06-17T09:51:48.163+0800][6.909s][info][gc,phases      ] GC(283) Post Compact 0.177ms
[2026-06-17T09:51:48.163+0800][6.909s][info][gc,heap        ] GC(283) PSYoungGen: 2090K->0K(14336K)
[2026-06-17T09:51:48.163+0800][6.909s][info][gc,heap        ] GC(283) ParOldGen: 40115K->23548K(44032K)
[2026-06-17T09:51:48.163+0800][6.909s][info][gc,metaspace   ] GC(283) Metaspace: 3157K(4864K)->3157K(4864K) NonClass: 2851K(4352K)->2851K(4352K) Class: 305K(512K)->305K(512K)
[2026-06-17T09:51:48.163+0800][6.909s][info][gc             ] GC(283) Pause Full (Ergonomics) 41M->22M(57M) 4.257ms
[2026-06-17T09:51:48.163+0800][6.909s][info][gc,cpu         ] GC(283) User=0.00s Sys=0.00s Real=0.01s
[2026-06-17T09:51:48.174+0800][6.920s][info][gc,start       ] GC(284) Pause Young (Allocation Failure)
[2026-06-17T09:51:48.175+0800][6.921s][info][gc,heap        ] GC(284) PSYoungGen: 6985K->3362K(14336K)
[2026-06-17T09:51:48.175+0800][6.921s][info][gc,heap        ] GC(284) ParOldGen: 23548K->23548K(44032K)
[2026-06-17T09:51:48.176+0800][6.921s][info][gc,metaspace   ] GC(284) Metaspace: 3157K(4864K)->3157K(4864K) NonClass: 2851K(4352K)->2851K(4352K) Class: 305K(512K)->305K(512K)
[2026-06-17T09:51:48.176+0800][6.922s][info][gc             ] GC(284) Pause Young (Allocation Failure) 29M->26M(57M) 1.408ms
[2026-06-17T09:51:48.176+0800][6.922s][info][gc,cpu         ] GC(284) User=0.00s Sys=0.00s Real=0.00s
[2026-06-17T09:51:48.197+0800][6.943s][info][gc,start       ] GC(285) Pause Young (Allocation Failure)
[2026-06-17T09:51:48.199+0800][6.945s][info][gc,heap        ] GC(285) PSYoungGen: 10512K->6571K(13824K)
[2026-06-17T09:51:48.200+0800][6.945s][info][gc,heap        ] GC(285) ParOldGen: 23548K->24127K(44032K)
[2026-06-17T09:51:48.200+0800][6.946s][info][gc,metaspace   ] GC(285) Metaspace: 3157K(4864K)->3157K(4864K) NonClass: 2851K(4352K)->2851K(4352K) Class: 305K(512K)->305K(512K)
[2026-06-17T09:51:48.200+0800][6.946s][info][gc             ] GC(285) Pause Young (Allocation Failure) 33M->29M(56M) 2.993ms
[2026-06-17T09:51:48.201+0800][6.947s][info][gc,cpu         ] GC(285) User=0.01s Sys=0.00s Real=0.00s
[2026-06-17T09:51:48.212+0800][6.958s][info][gc,start       ] GC(286) Pause Young (Allocation Failure)
[2026-06-17T09:51:48.214+0800][6.960s][info][gc,heap        ] GC(286) PSYoungGen: 13595K->1641K(14336K)
[2026-06-17T09:51:48.214+0800][6.960s][info][gc,heap        ] GC(286) ParOldGen: 24127K->28913K(44032K)
[2026-06-17T09:51:48.215+0800][6.961s][info][gc,metaspace   ] GC(286) Metaspace: 3157K(4864K)->3157K(4864K) NonClass: 2851K(4352K)->2851K(4352K) Class: 305K(512K)->305K(512K)
[2026-06-17T09:51:48.215+0800][6.961s][info][gc             ] GC(286) Pause Young (Allocation Failure) 36M->29M(57M) 2.778ms
[2026-06-17T09:51:48.215+0800][6.961s][info][gc,cpu         ] GC(286) User=0.00s Sys=0.00s Real=0.00s
[2026-06-17T09:51:48.247+0800][6.993s][info][gc,start       ] GC(287) Pause Young (Allocation Failure)
[2026-06-17T09:51:48.249+0800][6.995s][info][gc,heap        ] GC(287) PSYoungGen: 8806K->780K(14336K)
[2026-06-17T09:51:48.250+0800][6.996s][info][gc,heap        ] GC(287) ParOldGen: 28913K->30530K(44032K)
[2026-06-17T09:51:48.250+0800][6.996s][info][gc,metaspace   ] GC(287) Metaspace: 3157K(4864K)->3157K(4864K) NonClass: 2851K(4352K)->2851K(4352K) Class: 305K(512K)->305K(512K)
[2026-06-17T09:51:48.251+0800][6.996s][info][gc             ] GC(287) Pause Young (Allocation Failure) 36M->30M(57M) 3.167ms
[2026-06-17T09:51:48.251+0800][6.997s][info][gc,cpu         ] GC(287) User=0.00s Sys=0.00s Real=0.01s
[2026-06-17T09:51:48.263+0800][7.009s][info][gc,start       ] GC(288) Pause Young (Allocation Failure)
[2026-06-17T09:51:48.265+0800][7.011s][info][gc,heap        ] GC(288) PSYoungGen: 7939K->4217K(14336K)
[2026-06-17T09:51:48.265+0800][7.011s][info][gc,heap        ] GC(288) ParOldGen: 30530K->30828K(44032K)
[2026-06-17T09:51:48.266+0800][7.011s][info][gc,metaspace   ] GC(288) Metaspace: 3157K(4864K)->3157K(4864K) NonClass: 2851K(4352K)->2851K(4352K) Class: 305K(512K)->305K(512K)
[2026-06-17T09:51:48.266+0800][7.012s][info][gc             ] GC(288) Pause Young (Allocation Failure) 37M->34M(57M) 3.071ms
[2026-06-17T09:51:48.266+0800][7.012s][info][gc,cpu         ] GC(288) User=0.01s Sys=0.00s Real=0.00s
[2026-06-17T09:51:48.288+0800][7.034s][info][gc,start       ] GC(289) Pause Young (Allocation Failure)
[2026-06-17T09:51:48.290+0800][7.036s][info][gc,heap        ] GC(289) PSYoungGen: 11365K->2144K(14336K)
[2026-06-17T09:51:48.291+0800][7.036s][info][gc,heap        ] GC(289) ParOldGen: 30828K->32956K(44032K)
[2026-06-17T09:51:48.291+0800][7.037s][info][gc,metaspace   ] GC(289) Metaspace: 3157K(4864K)->3157K(4864K) NonClass: 2851K(4352K)->2851K(4352K) Class: 305K(512K)->305K(512K)
[2026-06-17T09:51:48.292+0800][7.037s][info][gc             ] GC(289) Pause Young (Allocation Failure) 41M->34M(57M) 3.172ms
[2026-06-17T09:51:48.292+0800][7.038s][info][gc,cpu         ] GC(289) User=0.00s Sys=0.00s Real=0.01s
[2026-06-17T09:51:48.304+0800][7.050s][info][gc,start       ] GC(290) Pause Young (Allocation Failure)
[2026-06-17T09:51:48.306+0800][7.051s][info][gc,heap        ] GC(290) PSYoungGen: 9309K->4764K(14336K)
[2026-06-17T09:51:48.306+0800][7.052s][info][gc,heap        ] GC(290) ParOldGen: 32956K->33770K(44032K)
[2026-06-17T09:51:48.307+0800][7.052s][info][gc,metaspace   ] GC(290) Metaspace: 3157K(4864K)->3157K(4864K) NonClass: 2851K(4352K)->2851K(4352K) Class: 305K(512K)->305K(512K)
[2026-06-17T09:51:48.307+0800][7.053s][info][gc             ] GC(290) Pause Young (Allocation Failure) 41M->37M(57M) 3.229ms
[2026-06-17T09:51:48.307+0800][7.053s][info][gc,cpu         ] GC(290) User=0.00s Sys=0.00s Real=0.00s
[2026-06-17T09:51:48.329+0800][7.075s][info][gc,start       ] GC(291) Pause Young (Allocation Failure)
[2026-06-17T09:51:48.331+0800][7.077s][info][gc,heap        ] GC(291) PSYoungGen: 11928K->2789K(14336K)
[2026-06-17T09:51:48.332+0800][7.078s][info][gc,heap        ] GC(291) ParOldGen: 33770K->35775K(44032K)
[2026-06-17T09:51:48.334+0800][7.080s][info][gc,metaspace   ] GC(291) Metaspace: 3157K(4864K)->3157K(4864K) NonClass: 2851K(4352K)->2851K(4352K) Class: 305K(512K)->305K(512K)
[2026-06-17T09:51:48.336+0800][7.082s][info][gc             ] GC(291) Pause Young (Allocation Failure) 44M->37M(57M) 7.043ms
[2026-06-17T09:51:48.337+0800][7.083s][info][gc,cpu         ] GC(291) User=0.00s Sys=0.00s Real=0.01s
[2026-06-17T09:51:48.359+0800][7.104s][info][gc,start       ] GC(292) Pause Young (Allocation Failure)
[2026-06-17T09:51:48.359+0800][7.105s][info][gc,heap        ] GC(292) PSYoungGen: 9911K->3156K(14336K)
[2026-06-17T09:51:48.360+0800][7.106s][info][gc,heap        ] GC(292) ParOldGen: 35775K->35775K(44032K)
[2026-06-17T09:51:48.360+0800][7.106s][info][gc,metaspace   ] GC(292) Metaspace: 3157K(4864K)->3157K(4864K) NonClass: 2851K(4352K)->2851K(4352K) Class: 305K(512K)->305K(512K)
[2026-06-17T09:51:48.360+0800][7.106s][info][gc             ] GC(292) Pause Young (Allocation Failure) 44M->38M(57M) 1.462ms
[2026-06-17T09:51:48.360+0800][7.106s][info][gc,cpu         ] GC(292) User=0.00s Sys=0.00s Real=0.00s
[2026-06-17T09:51:48.371+0800][7.117s][info][gc,start       ] GC(293) Pause Young (Allocation Failure)
[2026-06-17T09:51:48.372+0800][7.118s][info][gc,heap        ] GC(293) PSYoungGen: 10069K->1124K(14336K)
[2026-06-17T09:51:48.372+0800][7.118s][info][gc,heap        ] GC(293) ParOldGen: 35775K->37644K(44032K)
[2026-06-17T09:51:48.372+0800][7.118s][info][gc,metaspace   ] GC(293) Metaspace: 3157K(4864K)->3157K(4864K) NonClass: 2851K(4352K)->2851K(4352K) Class: 305K(512K)->305K(512K)
[2026-06-17T09:51:48.373+0800][7.118s][info][gc             ] GC(293) Pause Young (Allocation Failure) 44M->37M(57M) 1.315ms
[2026-06-17T09:51:48.373+0800][7.119s][info][gc,cpu         ] GC(293) User=0.00s Sys=0.00s Real=0.00s
[2026-06-17T09:51:48.394+0800][7.140s][info][gc,start       ] GC(294) Pause Young (Allocation Failure)
[2026-06-17T09:51:48.396+0800][7.142s][info][gc,heap        ] GC(294) PSYoungGen: 8272K->3743K(14336K)
[2026-06-17T09:51:48.398+0800][7.144s][info][gc,heap        ] GC(294) ParOldGen: 37644K->38744K(44032K)
[2026-06-17T09:51:48.399+0800][7.145s][info][gc,metaspace   ] GC(294) Metaspace: 3157K(4864K)->3157K(4864K) NonClass: 2851K(4352K)->2851K(4352K) Class: 305K(512K)->305K(512K)
[2026-06-17T09:51:48.401+0800][7.147s][info][gc             ] GC(294) Pause Young (Allocation Failure) 44M->41M(57M) 7.011ms
[2026-06-17T09:51:48.401+0800][7.147s][info][gc,cpu         ] GC(294) User=0.00s Sys=0.00s Real=0.00s
[2026-06-17T09:51:48.423+0800][7.169s][info][gc,start       ] GC(295) Pause Young (Allocation Failure)
[2026-06-17T09:51:48.424+0800][7.170s][info][gc,heap        ] GC(295) PSYoungGen: 10905K->3172K(14848K)
[2026-06-17T09:51:48.424+0800][7.170s][info][gc,heap        ] GC(295) ParOldGen: 38744K->39735K(44032K)
[2026-06-17T09:51:48.425+0800][7.171s][info][gc,metaspace   ] GC(295) Metaspace: 3157K(4864K)->3157K(4864K) NonClass: 2851K(4352K)->2851K(4352K) Class: 305K(512K)->305K(512K)
[2026-06-17T09:51:48.425+0800][7.171s][info][gc             ] GC(295) Pause Young (Allocation Failure) 48M->41M(57M) 2.564ms
[2026-06-17T09:51:48.426+0800][7.171s][info][gc,cpu         ] GC(295) User=0.00s Sys=0.00s Real=0.00s
[2026-06-17T09:51:48.447+0800][7.193s][info][gc,start       ] GC(296) Pause Young (Allocation Failure)
[2026-06-17T09:51:48.448+0800][7.194s][info][gc,heap        ] GC(296) PSYoungGen: 11308K->2866K(14848K)
[2026-06-17T09:51:48.448+0800][7.194s][info][gc,heap        ] GC(296) ParOldGen: 39735K->41379K(44032K)
[2026-06-17T09:51:48.448+0800][7.194s][info][gc,metaspace   ] GC(296) Metaspace: 3157K(4864K)->3157K(4864K) NonClass: 2851K(4352K)->2851K(4352K) Class: 305K(512K)->305K(512K)
[2026-06-17T09:51:48.449+0800][7.194s][info][gc             ] GC(296) Pause Young (Allocation Failure) 49M->43M(57M) 1.484ms
[2026-06-17T09:51:48.449+0800][7.195s][info][gc,cpu         ] GC(296) User=0.00s Sys=0.00s Real=0.00s
[2026-06-17T09:51:48.449+0800][7.195s][info][gc,start       ] GC(297) Pause Full (Ergonomics)
[2026-06-17T09:51:48.449+0800][7.195s][info][gc,phases,start] GC(297) Marking Phase
[2026-06-17T09:51:48.450+0800][7.196s][info][gc,phases      ] GC(297) Marking Phase 0.940ms
[2026-06-17T09:51:48.450+0800][7.196s][info][gc,phases,start] GC(297) Summary Phase
[2026-06-17T09:51:48.451+0800][7.197s][info][gc,phases      ] GC(297) Summary Phase 0.209ms
[2026-06-17T09:51:48.451+0800][7.197s][info][gc,phases,start] GC(297) Adjust Roots
[2026-06-17T09:51:48.451+0800][7.197s][info][gc,phases      ] GC(297) Adjust Roots 0.271ms
[2026-06-17T09:51:48.451+0800][7.197s][info][gc,phases,start] GC(297) Compaction Phase
[2026-06-17T09:51:48.453+0800][7.199s][info][gc,phases      ] GC(297) Compaction Phase 1.817ms
[2026-06-17T09:51:48.453+0800][7.199s][info][gc,phases,start] GC(297) Post Compact
[2026-06-17T09:51:48.454+0800][7.200s][info][gc,phases      ] GC(297) Post Compact 0.251ms
[2026-06-17T09:51:48.454+0800][7.200s][info][gc,heap        ] GC(297) PSYoungGen: 2866K->0K(15360K)
[2026-06-17T09:51:48.454+0800][7.200s][info][gc,heap        ] GC(297) ParOldGen: 41379K->31392K(44032K)
[2026-06-17T09:51:48.454+0800][7.200s][info][gc,metaspace   ] GC(297) Metaspace: 3157K(4864K)->3157K(4864K) NonClass: 2851K(4352K)->2851K(4352K) Class: 305K(512K)->305K(512K)
[2026-06-17T09:51:48.455+0800][7.200s][info][gc             ] GC(297) Pause Full (Ergonomics) 43M->30M(58M) 5.465ms
[2026-06-17T09:51:48.455+0800][7.201s][info][gc,cpu         ] GC(297) User=0.01s Sys=0.00s Real=0.01s
[2026-06-17T09:51:48.476+0800][7.222s][info][gc,start       ] GC(298) Pause Young (Allocation Failure)
[2026-06-17T09:51:48.477+0800][7.223s][info][gc,heap        ] GC(298) PSYoungGen: 9216K->5961K(15360K)
[2026-06-17T09:51:48.478+0800][7.224s][info][gc,heap        ] GC(298) ParOldGen: 31392K->31392K(44032K)
[2026-06-17T09:51:48.478+0800][7.224s][info][gc,metaspace   ] GC(298) Metaspace: 3157K(4864K)->3157K(4864K) NonClass: 2851K(4352K)->2851K(4352K) Class: 305K(512K)->305K(512K)
[2026-06-17T09:51:48.479+0800][7.224s][info][gc             ] GC(298) Pause Young (Allocation Failure) 39M->36M(58M) 2.408ms
[2026-06-17T09:51:48.479+0800][7.225s][info][gc,cpu         ] GC(298) User=0.00s Sys=0.00s Real=0.00s
[2026-06-17T09:51:48.501+0800][7.247s][info][gc,start       ] GC(299) Pause Young (Allocation Failure)
[2026-06-17T09:51:48.504+0800][7.249s][info][gc,heap        ] GC(299) PSYoungGen: 15153K->5137K(13312K)
[2026-06-17T09:51:48.504+0800][7.250s][info][gc,heap        ] GC(299) ParOldGen: 31392K->34427K(44032K)
[2026-06-17T09:51:48.505+0800][7.250s][info][gc,metaspace   ] GC(299) Metaspace: 3157K(4864K)->3157K(4864K) NonClass: 2851K(4352K)->2851K(4352K) Class: 305K(512K)->305K(512K)
[2026-06-17T09:51:48.505+0800][7.251s][info][gc             ] GC(299) Pause Young (Allocation Failure) 45M->38M(56M) 4.010ms
[2026-06-17T09:51:48.505+0800][7.251s][info][gc,cpu         ] GC(299) User=0.01s Sys=0.00s Real=0.01s
[2026-06-17T09:51:48.527+0800][7.273s][info][gc,start       ] GC(300) Pause Young (Allocation Failure)
[2026-06-17T09:51:48.529+0800][7.274s][info][gc,heap        ] GC(300) PSYoungGen: 12268K->3593K(14336K)
[2026-06-17T09:51:48.529+0800][7.275s][info][gc,heap        ] GC(300) ParOldGen: 34427K->36020K(44032K)
[2026-06-17T09:51:48.529+0800][7.275s][info][gc,metaspace   ] GC(300) Metaspace: 3157K(4864K)->3157K(4864K) NonClass: 2851K(4352K)->2851K(4352K) Class: 305K(512K)->305K(512K)
[2026-06-17T09:51:48.530+0800][7.276s][info][gc             ] GC(300) Pause Young (Allocation Failure) 45M->38M(57M) 2.469ms
[2026-06-17T09:51:48.530+0800][7.276s][info][gc,cpu         ] GC(300) User=0.00s Sys=0.00s Real=0.00s
[2026-06-17T09:51:48.552+0800][7.298s][info][gc,start       ] GC(301) Pause Young (Allocation Failure)
[2026-06-17T09:51:48.554+0800][7.299s][info][gc,heap        ] GC(301) PSYoungGen: 10746K->2457K(14848K)
[2026-06-17T09:51:48.554+0800][7.300s][info][gc,heap        ] GC(301) ParOldGen: 36020K->37275K(44032K)
[2026-06-17T09:51:48.555+0800][7.300s][info][gc,metaspace   ] GC(301) Metaspace: 3157K(4864K)->3157K(4864K) NonClass: 2851K(4352K)->2851K(4352K) Class: 305K(512K)->305K(512K)
[2026-06-17T09:51:48.555+0800][7.301s][info][gc             ] GC(301) Pause Young (Allocation Failure) 45M->38M(57M) 3.487ms
[2026-06-17T09:51:48.556+0800][7.302s][info][gc,cpu         ] GC(301) User=0.00s Sys=0.00s Real=0.00s
[2026-06-17T09:51:48.567+0800][7.313s][info][gc,start       ] GC(302) Pause Young (Allocation Failure)
[2026-06-17T09:51:48.569+0800][7.315s][info][gc,heap        ] GC(302) PSYoungGen: 10100K->1180K(14336K)
[2026-06-17T09:51:48.569+0800][7.315s][info][gc,heap        ] GC(302) ParOldGen: 37275K->39192K(44032K)
[2026-06-17T09:51:48.569+0800][7.315s][info][gc,metaspace   ] GC(302) Metaspace: 3157K(4864K)->3157K(4864K) NonClass: 2851K(4352K)->2851K(4352K) Class: 305K(512K)->305K(512K)
[2026-06-17T09:51:48.570+0800][7.316s][info][gc             ] GC(302) Pause Young (Allocation Failure) 46M->39M(57M) 2.616ms
[2026-06-17T09:51:48.570+0800][7.316s][info][gc,cpu         ] GC(302) User=0.00s Sys=0.00s Real=0.00s
[2026-06-17T09:51:48.592+0800][7.338s][info][gc,start       ] GC(303) Pause Young (Allocation Failure)
[2026-06-17T09:51:48.594+0800][7.340s][info][gc,heap        ] GC(303) PSYoungGen: 8813K->4225K(14336K)
[2026-06-17T09:51:48.594+0800][7.340s][info][gc,heap        ] GC(303) ParOldGen: 39192K->40348K(44032K)
[2026-06-17T09:51:48.595+0800][7.341s][info][gc,metaspace   ] GC(303) Metaspace: 3157K(4864K)->3157K(4864K) NonClass: 2851K(4352K)->2851K(4352K) Class: 305K(512K)->305K(512K)
[2026-06-17T09:51:48.596+0800][7.342s][info][gc             ] GC(303) Pause Young (Allocation Failure) 46M->43M(57M) 3.443ms
[2026-06-17T09:51:48.596+0800][7.342s][info][gc,cpu         ] GC(303) User=0.01s Sys=0.00s Real=0.00s
[2026-06-17T09:51:48.618+0800][7.364s][info][gc,start       ] GC(304) Pause Young (Allocation Failure)
[2026-06-17T09:51:48.620+0800][7.366s][info][gc,heap        ] GC(304) PSYoungGen: 11388K->3535K(14336K)
[2026-06-17T09:51:48.621+0800][7.367s][info][gc,heap        ] GC(304) ParOldGen: 40348K->41155K(44032K)
[2026-06-17T09:51:48.621+0800][7.367s][info][gc,metaspace   ] GC(304) Metaspace: 3157K(4864K)->3157K(4864K) NonClass: 2851K(4352K)->2851K(4352K) Class: 305K(512K)->305K(512K)
[2026-06-17T09:51:48.622+0800][7.367s][info][gc             ] GC(304) Pause Young (Allocation Failure) 50M->43M(57M) 3.745ms
[2026-06-17T09:51:48.622+0800][7.368s][info][gc,cpu         ] GC(304) User=0.00s Sys=0.00s Real=0.00s
[2026-06-17T09:51:48.623+0800][7.368s][info][gc,start       ] GC(305) Pause Full (Ergonomics)
[2026-06-17T09:51:48.623+0800][7.369s][info][gc,phases,start] GC(305) Marking Phase
[2026-06-17T09:51:48.625+0800][7.371s][info][gc,phases      ] GC(305) Marking Phase 1.867ms
[2026-06-17T09:51:48.625+0800][7.371s][info][gc,phases,start] GC(305) Summary Phase
[2026-06-17T09:51:48.626+0800][7.372s][info][gc,phases      ] GC(305) Summary Phase 0.315ms
[2026-06-17T09:51:48.626+0800][7.372s][info][gc,phases,start] GC(305) Adjust Roots
[2026-06-17T09:51:48.626+0800][7.372s][info][gc,phases      ] GC(305) Adjust Roots 0.356ms
[2026-06-17T09:51:48.627+0800][7.372s][info][gc,phases,start] GC(305) Compaction Phase
[2026-06-17T09:51:48.629+0800][7.375s][info][gc,phases      ] GC(305) Compaction Phase 2.053ms
[2026-06-17T09:51:48.629+0800][7.375s][info][gc,phases,start] GC(305) Post Compact
[2026-06-17T09:51:48.629+0800][7.375s][info][gc,phases      ] GC(305) Post Compact 0.248ms
[2026-06-17T09:51:48.629+0800][7.375s][info][gc,heap        ] GC(305) PSYoungGen: 3535K->0K(14848K)
[2026-06-17T09:51:48.630+0800][7.375s][info][gc,heap        ] GC(305) ParOldGen: 41155K->31203K(44032K)
[2026-06-17T09:51:48.630+0800][7.376s][info][gc,metaspace   ] GC(305) Metaspace: 3157K(4864K)->3157K(4864K) NonClass: 2851K(4352K)->2851K(4352K) Class: 305K(512K)->305K(512K)
[2026-06-17T09:51:48.630+0800][7.376s][info][gc             ] GC(305) Pause Full (Ergonomics) 43M->30M(57M) 7.387ms
[2026-06-17T09:51:48.630+0800][7.376s][info][gc,cpu         ] GC(305) User=0.01s Sys=0.01s Real=0.00s
[2026-06-17T09:51:48.652+0800][7.397s][info][gc,start       ] GC(306) Pause Young (Allocation Failure)
[2026-06-17T09:51:48.653+0800][7.399s][info][gc,heap        ] GC(306) PSYoungGen: 8191K->4339K(14848K)
[2026-06-17T09:51:48.653+0800][7.399s][info][gc,heap        ] GC(306) ParOldGen: 31203K->31203K(44032K)
[2026-06-17T09:51:48.654+0800][7.400s][info][gc,metaspace   ] GC(306) Metaspace: 3157K(4864K)->3157K(4864K) NonClass: 2851K(4352K)->2851K(4352K) Class: 305K(512K)->305K(512K)
[2026-06-17T09:51:48.654+0800][7.400s][info][gc             ] GC(306) Pause Young (Allocation Failure) 38M->34M(57M) 2.814ms
[2026-06-17T09:51:48.655+0800][7.401s][info][gc,cpu         ] GC(306) User=0.00s Sys=0.00s Real=0.00s
[2026-06-17T09:51:48.676+0800][7.422s][info][gc,start       ] GC(307) Pause Young (Allocation Failure)
[2026-06-17T09:51:48.678+0800][7.424s][info][gc,heap        ] GC(307) PSYoungGen: 12482K->4559K(14848K)
[2026-06-17T09:51:48.678+0800][7.424s][info][gc,heap        ] GC(307) ParOldGen: 31203K->32621K(44032K)
[2026-06-17T09:51:48.679+0800][7.425s][info][gc,metaspace   ] GC(307) Metaspace: 3157K(4864K)->3157K(4864K) NonClass: 2851K(4352K)->2851K(4352K) Class: 305K(512K)->305K(512K)
[2026-06-17T09:51:48.679+0800][7.425s][info][gc             ] GC(307) Pause Young (Allocation Failure) 42M->36M(57M) 2.632ms
[2026-06-17T09:51:48.680+0800][7.425s][info][gc,cpu         ] GC(307) User=0.00s Sys=0.00s Real=0.00s
[2026-06-17T09:51:48.702+0800][7.448s][info][gc,start       ] GC(308) Pause Young (Allocation Failure)
[2026-06-17T09:51:48.704+0800][7.450s][info][gc,heap        ] GC(308) PSYoungGen: 12719K->3952K(14848K)
[2026-06-17T09:51:48.705+0800][7.451s][info][gc,heap        ] GC(308) ParOldGen: 32621K->34338K(44032K)
[2026-06-17T09:51:48.705+0800][7.451s][info][gc,metaspace   ] GC(308) Metaspace: 3157K(4864K)->3157K(4864K) NonClass: 2851K(4352K)->2851K(4352K) Class: 305K(512K)->305K(512K)
[2026-06-17T09:51:48.706+0800][7.451s][info][gc             ] GC(308) Pause Young (Allocation Failure) 44M->37M(57M) 3.848ms
[2026-06-17T09:51:48.706+0800][7.452s][info][gc,cpu         ] GC(308) User=0.01s Sys=0.00s Real=0.01s
[2026-06-17T09:51:48.727+0800][7.473s][info][gc,start       ] GC(309) Pause Young (Allocation Failure)
[2026-06-17T09:51:48.728+0800][7.474s][info][gc,heap        ] GC(309) PSYoungGen: 12138K->2762K(14848K)
[2026-06-17T09:51:48.729+0800][7.475s][info][gc,heap        ] GC(309) ParOldGen: 34338K->36579K(44032K)
[2026-06-17T09:51:48.729+0800][7.475s][info][gc,metaspace   ] GC(309) Metaspace: 3157K(4864K)->3157K(4864K) NonClass: 2851K(4352K)->2851K(4352K) Class: 305K(512K)->305K(512K)
[2026-06-17T09:51:48.730+0800][7.476s][info][gc             ] GC(309) Pause Young (Allocation Failure) 45M->38M(57M) 2.603ms
[2026-06-17T09:51:48.730+0800][7.476s][info][gc,cpu         ] GC(309) User=0.00s Sys=0.00s Real=0.00s
[2026-06-17T09:51:48.751+0800][7.497s][info][gc,start       ] GC(310) Pause Young (Allocation Failure)
[2026-06-17T09:51:48.752+0800][7.498s][info][gc,heap        ] GC(310) PSYoungGen: 10945K->3865K(14848K)
[2026-06-17T09:51:48.753+0800][7.499s][info][gc,heap        ] GC(310) ParOldGen: 36579K->36579K(44032K)
[2026-06-17T09:51:48.753+0800][7.499s][info][gc,metaspace   ] GC(310) Metaspace: 3157K(4864K)->3157K(4864K) NonClass: 2851K(4352K)->2851K(4352K) Class: 305K(512K)->305K(512K)
[2026-06-17T09:51:48.753+0800][7.499s][info][gc             ] GC(310) Pause Young (Allocation Failure) 46M->39M(57M) 2.246ms
[2026-06-17T09:51:48.754+0800][7.500s][info][gc,cpu         ] GC(310) User=0.00s Sys=0.00s Real=0.00s
[2026-06-17T09:51:48.775+0800][7.521s][info][gc,start       ] GC(311) Pause Young (Allocation Failure)
[2026-06-17T09:51:48.777+0800][7.523s][info][gc,heap        ] GC(311) PSYoungGen: 12057K->2105K(14848K)
[2026-06-17T09:51:48.777+0800][7.523s][info][gc,heap        ] GC(311) ParOldGen: 36579K->39483K(44032K)
[2026-06-17T09:51:48.778+0800][7.523s][info][gc,metaspace   ] GC(311) Metaspace: 3157K(4864K)->3157K(4864K) NonClass: 2851K(4352K)->2851K(4352K) Class: 305K(512K)->305K(512K)
[2026-06-17T09:51:48.778+0800][7.524s][info][gc             ] GC(311) Pause Young (Allocation Failure) 47M->40M(57M) 2.662ms
[2026-06-17T09:51:48.778+0800][7.524s][info][gc,cpu         ] GC(311) User=0.00s Sys=0.00s Real=0.00s
[2026-06-17T09:51:48.800+0800][7.546s][info][gc,start       ] GC(312) Pause Young (Allocation Failure)
[2026-06-17T09:51:48.801+0800][7.547s][info][gc,heap        ] GC(312) PSYoungGen: 10274K->1962K(14848K)
[2026-06-17T09:51:48.802+0800][7.548s][info][gc,heap        ] GC(312) ParOldGen: 39483K->40995K(44032K)
[2026-06-17T09:51:48.802+0800][7.548s][info][gc,metaspace   ] GC(312) Metaspace: 3157K(4864K)->3157K(4864K) NonClass: 2851K(4352K)->2851K(4352K) Class: 305K(512K)->305K(512K)
[2026-06-17T09:51:48.803+0800][7.549s][info][gc             ] GC(312) Pause Young (Allocation Failure) 48M->41M(57M) 2.807ms
[2026-06-17T09:51:48.803+0800][7.549s][info][gc,cpu         ] GC(312) User=0.00s Sys=0.00s Real=0.01s
[2026-06-17T09:51:48.803+0800][7.549s][info][gc,start       ] GC(313) Pause Full (Ergonomics)
[2026-06-17T09:51:48.804+0800][7.550s][info][gc,phases,start] GC(313) Marking Phase
[2026-06-17T09:51:48.805+0800][7.551s][info][gc,phases      ] GC(313) Marking Phase 1.282ms
[2026-06-17T09:51:48.805+0800][7.551s][info][gc,phases,start] GC(313) Summary Phase
[2026-06-17T09:51:48.806+0800][7.551s][info][gc,phases      ] GC(313) Summary Phase 0.204ms
[2026-06-17T09:51:48.806+0800][7.552s][info][gc,phases,start] GC(313) Adjust Roots
[2026-06-17T09:51:48.806+0800][7.552s][info][gc,phases      ] GC(313) Adjust Roots 0.409ms
[2026-06-17T09:51:48.807+0800][7.553s][info][gc,phases,start] GC(313) Compaction Phase
[2026-06-17T09:51:48.808+0800][7.554s][info][gc,phases      ] GC(313) Compaction Phase 1.803ms
[2026-06-17T09:51:48.809+0800][7.555s][info][gc,phases,start] GC(313) Post Compact
[2026-06-17T09:51:48.809+0800][7.555s][info][gc,phases      ] GC(313) Post Compact 0.246ms
[2026-06-17T09:51:48.809+0800][7.555s][info][gc,heap        ] GC(313) PSYoungGen: 1962K->0K(15360K)
[2026-06-17T09:51:48.809+0800][7.555s][info][gc,heap        ] GC(313) ParOldGen: 40995K->29840K(44032K)
[2026-06-17T09:51:48.810+0800][7.555s][info][gc,metaspace   ] GC(313) Metaspace: 3157K(4864K)->3157K(4864K) NonClass: 2851K(4352K)->2851K(4352K) Class: 305K(512K)->305K(512K)
[2026-06-17T09:51:48.810+0800][7.556s][info][gc             ] GC(313) Pause Full (Ergonomics) 41M->29M(58M) 6.221ms
[2026-06-17T09:51:48.810+0800][7.556s][info][gc,cpu         ] GC(313) User=0.00s Sys=0.00s Real=0.00s
[2026-06-17T09:51:48.831+0800][7.577s][info][gc,start       ] GC(314) Pause Young (Allocation Failure)
[2026-06-17T09:51:48.833+0800][7.579s][info][gc,heap        ] GC(314) PSYoungGen: 9159K->5897K(15360K)
[2026-06-17T09:51:48.833+0800][7.579s][info][gc,heap        ] GC(314) ParOldGen: 29840K->29840K(44032K)
[2026-06-17T09:51:48.834+0800][7.579s][info][gc,metaspace   ] GC(314) Metaspace: 3157K(4864K)->3157K(4864K) NonClass: 2851K(4352K)->2851K(4352K) Class: 305K(512K)->305K(512K)
[2026-06-17T09:51:48.834+0800][7.580s][info][gc             ] GC(314) Pause Young (Allocation Failure) 38M->34M(58M) 2.589ms
[2026-06-17T09:51:48.834+0800][7.580s][info][gc,cpu         ] GC(314) User=0.00s Sys=0.00s Real=0.00s
[2026-06-17T09:51:48.856+0800][7.602s][info][gc,start       ] GC(315) Pause Young (Allocation Failure)
[2026-06-17T09:51:48.860+0800][7.606s][info][gc,heap        ] GC(315) PSYoungGen: 15097K->4833K(13312K)
[2026-06-17T09:51:48.863+0800][7.609s][info][gc,heap        ] GC(315) ParOldGen: 29840K->33170K(44032K)
[2026-06-17T09:51:48.866+0800][7.612s][info][gc,metaspace   ] GC(315) Metaspace: 3157K(4864K)->3157K(4864K) NonClass: 2851K(4352K)->2851K(4352K) Class: 305K(512K)->305K(512K)
[2026-06-17T09:51:48.868+0800][7.614s][info][gc             ] GC(315) Pause Young (Allocation Failure) 43M->37M(56M) 11.912ms
[2026-06-17T09:51:48.871+0800][7.617s][info][gc,cpu         ] GC(315) User=0.01s Sys=0.00s Real=0.02s
[2026-06-17T09:51:48.896+0800][7.642s][info][gc,start       ] GC(316) Pause Young (Allocation Failure)
[2026-06-17T09:51:48.899+0800][7.645s][info][gc,heap        ] GC(316) PSYoungGen: 11953K->2946K(14336K)
[2026-06-17T09:51:48.899+0800][7.645s][info][gc,heap        ] GC(316) ParOldGen: 33170K->35073K(44032K)
[2026-06-17T09:51:48.900+0800][7.646s][info][gc,metaspace   ] GC(316) Metaspace: 3157K(4864K)->3157K(4864K) NonClass: 2851K(4352K)->2851K(4352K) Class: 305K(512K)->305K(512K)
[2026-06-17T09:51:48.901+0800][7.646s][info][gc             ] GC(316) Pause Young (Allocation Failure) 44M->37M(57M) 4.463ms
[2026-06-17T09:51:48.901+0800][7.647s][info][gc,cpu         ] GC(316) User=0.00s Sys=0.00s Real=0.00s
[2026-06-17T09:51:48.923+0800][7.669s][info][gc,start       ] GC(317) Pause Young (Allocation Failure)
[2026-06-17T09:51:48.925+0800][7.671s][info][gc,heap        ] GC(317) PSYoungGen: 10099K->3198K(14848K)
[2026-06-17T09:51:48.925+0800][7.671s][info][gc,heap        ] GC(317) ParOldGen: 35073K->35073K(44032K)
[2026-06-17T09:51:48.926+0800][7.672s][info][gc,metaspace   ] GC(317) Metaspace: 3157K(4864K)->3157K(4864K) NonClass: 2851K(4352K)->2851K(4352K) Class: 305K(512K)->305K(512K)
[2026-06-17T09:51:48.927+0800][7.672s][info][gc             ] GC(317) Pause Young (Allocation Failure) 44M->37M(57M) 3.400ms
[2026-06-17T09:51:48.927+0800][7.673s][info][gc,cpu         ] GC(317) User=0.00s Sys=0.00s Real=0.00s
[2026-06-17T09:51:48.940+0800][7.686s][info][gc,start       ] GC(318) Pause Young (Allocation Failure)
[2026-06-17T09:51:48.942+0800][7.688s][info][gc,heap        ] GC(318) PSYoungGen: 10719K->1768K(14336K)
[2026-06-17T09:51:48.942+0800][7.688s][info][gc,heap        ] GC(318) ParOldGen: 35073K->37101K(44032K)
[2026-06-17T09:51:48.943+0800][7.689s][info][gc,metaspace   ] GC(318) Metaspace: 3157K(4864K)->3157K(4864K) NonClass: 2851K(4352K)->2851K(4352K) Class: 305K(512K)->305K(512K)
[2026-06-17T09:51:48.943+0800][7.689s][info][gc             ] GC(318) Pause Young (Allocation Failure) 44M->37M(57M) 3.453ms
[2026-06-17T09:51:48.944+0800][7.689s][info][gc,cpu         ] GC(318) User=0.00s Sys=0.00s Real=0.01s
[2026-06-17T09:51:48.965+0800][7.711s][info][gc,start       ] GC(319) Pause Young (Allocation Failure)
[2026-06-17T09:51:48.967+0800][7.713s][info][gc,heap        ] GC(319) PSYoungGen: 9443K->4093K(14848K)
[2026-06-17T09:51:48.968+0800][7.714s][info][gc,heap        ] GC(319) ParOldGen: 37101K->38845K(44032K)
[2026-06-17T09:51:48.968+0800][7.714s][info][gc,metaspace   ] GC(319) Metaspace: 3157K(4864K)->3157K(4864K) NonClass: 2851K(4352K)->2851K(4352K) Class: 305K(512K)->305K(512K)
[2026-06-17T09:51:48.968+0800][7.714s][info][gc             ] GC(319) Pause Young (Allocation Failure) 45M->41M(57M) 2.982ms
[2026-06-17T09:51:48.969+0800][7.714s][info][gc,cpu         ] GC(319) User=0.00s Sys=0.00s Real=0.00s
[2026-06-17T09:51:48.990+0800][7.736s][info][gc,start       ] GC(320) Pause Young (Allocation Failure)
[2026-06-17T09:51:48.992+0800][7.738s][info][gc,heap        ] GC(320) PSYoungGen: 12273K->4467K(14848K)
[2026-06-17T09:51:48.993+0800][7.738s][info][gc,heap        ] GC(320) ParOldGen: 38845K->39370K(44032K)
[2026-06-17T09:51:48.993+0800][7.739s][info][gc,metaspace   ] GC(320) Metaspace: 3157K(4864K)->3157K(4864K) NonClass: 2851K(4352K)->2851K(4352K) Class: 305K(512K)->305K(512K)
[2026-06-17T09:51:48.994+0800][7.739s][info][gc             ] GC(320) Pause Young (Allocation Failure) 49M->42M(57M) 3.359ms
[2026-06-17T09:51:48.994+0800][7.740s][info][gc,cpu         ] GC(320) User=0.00s Sys=0.00s Real=0.01s
[2026-06-17T09:51:49.016+0800][7.762s][info][gc,start       ] GC(321) Pause Young (Allocation Failure)
[2026-06-17T09:51:49.018+0800][7.764s][info][gc,heap        ] GC(321) PSYoungGen: 12641K->1950K(14848K)
[2026-06-17T09:51:49.019+0800][7.764s][info][gc,heap        ] GC(321) ParOldGen: 39370K->42567K(44032K)
[2026-06-17T09:51:49.019+0800][7.765s][info][gc,metaspace   ] GC(321) Metaspace: 3157K(4864K)->3157K(4864K) NonClass: 2851K(4352K)->2851K(4352K) Class: 305K(512K)->305K(512K)
[2026-06-17T09:51:49.020+0800][7.765s][info][gc             ] GC(321) Pause Young (Allocation Failure) 50M->43M(57M) 3.923ms
[2026-06-17T09:51:49.020+0800][7.766s][info][gc,cpu         ] GC(321) User=0.01s Sys=0.00s Real=0.00s
[2026-06-17T09:51:49.021+0800][7.766s][info][gc,start       ] GC(322) Pause Full (Ergonomics)
[2026-06-17T09:51:49.021+0800][7.767s][info][gc,phases,start] GC(322) Marking Phase
[2026-06-17T09:51:49.023+0800][7.769s][info][gc,phases      ] GC(322) Marking Phase 2.033ms
[2026-06-17T09:51:49.023+0800][7.769s][info][gc,phases,start] GC(322) Summary Phase
[2026-06-17T09:51:49.024+0800][7.770s][info][gc,phases      ] GC(322) Summary Phase 0.275ms
[2026-06-17T09:51:49.024+0800][7.770s][info][gc,phases,start] GC(322) Adjust Roots
[2026-06-17T09:51:49.024+0800][7.770s][info][gc,phases      ] GC(322) Adjust Roots 0.430ms
[2026-06-17T09:51:49.025+0800][7.771s][info][gc,phases,start] GC(322) Compaction Phase
[2026-06-17T09:51:49.027+0800][7.773s][info][gc,phases      ] GC(322) Compaction Phase 2.357ms
[2026-06-17T09:51:49.028+0800][7.773s][info][gc,phases,start] GC(322) Post Compact
[2026-06-17T09:51:49.029+0800][7.775s][info][gc,phases      ] GC(322) Post Compact 1.054ms
[2026-06-17T09:51:49.029+0800][7.775s][info][gc,heap        ] GC(322) PSYoungGen: 1950K->0K(14848K)
[2026-06-17T09:51:49.029+0800][7.775s][info][gc,heap        ] GC(322) ParOldGen: 42567K->31735K(44032K)
[2026-06-17T09:51:49.029+0800][7.775s][info][gc,metaspace   ] GC(322) Metaspace: 3157K(4864K)->3157K(4864K) NonClass: 2851K(4352K)->2851K(4352K) Class: 305K(512K)->305K(512K)
[2026-06-17T09:51:49.030+0800][7.776s][info][gc             ] GC(322) Pause Full (Ergonomics) 43M->30M(57M) 9.068ms
[2026-06-17T09:51:49.030+0800][7.776s][info][gc,cpu         ] GC(322) User=0.00s Sys=0.00s Real=0.01s
[2026-06-17T09:51:49.051+0800][7.797s][info][gc,start       ] GC(323) Pause Young (Allocation Failure)
[2026-06-17T09:51:49.053+0800][7.799s][info][gc,heap        ] GC(323) PSYoungGen: 8189K->4281K(14848K)
[2026-06-17T09:51:49.054+0800][7.799s][info][gc,heap        ] GC(323) ParOldGen: 31735K->31735K(44032K)
[2026-06-17T09:51:49.054+0800][7.800s][info][gc,metaspace   ] GC(323) Metaspace: 3157K(4864K)->3157K(4864K) NonClass: 2851K(4352K)->2851K(4352K) Class: 305K(512K)->305K(512K)
[2026-06-17T09:51:49.055+0800][7.800s][info][gc             ] GC(323) Pause Young (Allocation Failure) 38M->35M(57M) 3.156ms
[2026-06-17T09:51:49.055+0800][7.801s][info][gc,cpu         ] GC(323) User=0.00s Sys=0.00s Real=0.00s
[2026-06-17T09:51:49.067+0800][7.813s][info][gc,start       ] GC(324) Pause Young (Allocation Failure)
[2026-06-17T09:51:49.069+0800][7.815s][info][gc,heap        ] GC(324) PSYoungGen: 12467K->1267K(14848K)
[2026-06-17T09:51:49.070+0800][7.816s][info][gc,heap        ] GC(324) ParOldGen: 31735K->35436K(44032K)
[2026-06-17T09:51:49.071+0800][7.816s][info][gc,metaspace   ] GC(324) Metaspace: 3157K(4864K)->3157K(4864K) NonClass: 2851K(4352K)->2851K(4352K) Class: 305K(512K)->305K(512K)
[2026-06-17T09:51:49.071+0800][7.817s][info][gc             ] GC(324) Pause Young (Allocation Failure) 43M->35M(57M) 3.825ms
[2026-06-17T09:51:49.072+0800][7.818s][info][gc,cpu         ] GC(324) User=0.00s Sys=0.00s Real=0.01s
[2026-06-17T09:51:49.105+0800][7.851s][info][gc,start       ] GC(325) Pause Young (Allocation Failure)
[2026-06-17T09:51:49.107+0800][7.852s][info][gc,heap        ] GC(325) PSYoungGen: 9448K->1150K(14848K)
[2026-06-17T09:51:49.109+0800][7.854s][info][gc,heap        ] GC(325) ParOldGen: 35436K->36679K(44032K)
[2026-06-17T09:51:49.109+0800][7.855s][info][gc,metaspace   ] GC(325) Metaspace: 3157K(4864K)->3157K(4864K) NonClass: 2851K(4352K)->2851K(4352K) Class: 305K(512K)->305K(512K)
[2026-06-17T09:51:49.110+0800][7.856s][info][gc             ] GC(325) Pause Young (Allocation Failure) 43M->36M(57M) 5.554ms
[2026-06-17T09:51:49.111+0800][7.857s][info][gc,cpu         ] GC(325) User=0.00s Sys=0.00s Real=0.01s
[2026-06-17T09:51:49.133+0800][7.879s][info][gc,start       ] GC(326) Pause Young (Allocation Failure)
[2026-06-17T09:51:49.134+0800][7.880s][info][gc,heap        ] GC(326) PSYoungGen: 9306K->2072K(14848K)
[2026-06-17T09:51:49.134+0800][7.880s][info][gc,heap        ] GC(326) ParOldGen: 36679K->36992K(44032K)
[2026-06-17T09:51:49.135+0800][7.880s][info][gc,metaspace   ] GC(326) Metaspace: 3157K(4864K)->3157K(4864K) NonClass: 2851K(4352K)->2851K(4352K) Class: 305K(512K)->305K(512K)
[2026-06-17T09:51:49.135+0800][7.881s][info][gc             ] GC(326) Pause Young (Allocation Failure) 44M->38M(57M) 2.128ms
[2026-06-17T09:51:49.135+0800][7.881s][info][gc,cpu         ] GC(326) User=0.00s Sys=0.01s Real=0.00s
[2026-06-17T09:51:49.146+0800][7.892s][info][gc,start       ] GC(327) Pause Young (Allocation Failure)
[2026-06-17T09:51:49.147+0800][7.893s][info][gc,heap        ] GC(327) PSYoungGen: 9987K->1180K(14848K)
[2026-06-17T09:51:49.147+0800][7.893s][info][gc,heap        ] GC(327) ParOldGen: 36992K->38833K(44032K)
[2026-06-17T09:51:49.147+0800][7.893s][info][gc,metaspace   ] GC(327) Metaspace: 3157K(4864K)->3157K(4864K) NonClass: 2851K(4352K)->2851K(4352K) Class: 305K(512K)->305K(512K)
[2026-06-17T09:51:49.148+0800][7.893s][info][gc             ] GC(327) Pause Young (Allocation Failure) 45M->39M(57M) 1.486ms
[2026-06-17T09:51:49.148+0800][7.894s][info][gc,cpu         ] GC(327) User=0.00s Sys=0.00s Real=0.00s
[2026-06-17T09:51:49.179+0800][7.925s][info][gc,start       ] GC(328) Pause Young (Allocation Failure)
[2026-06-17T09:51:49.181+0800][7.926s][info][gc,heap        ] GC(328) PSYoungGen: 9344K->1294K(14848K)
[2026-06-17T09:51:49.181+0800][7.927s][info][gc,heap        ] GC(328) ParOldGen: 38833K->39989K(44032K)
[2026-06-17T09:51:49.181+0800][7.927s][info][gc,metaspace   ] GC(328) Metaspace: 3157K(4864K)->3157K(4864K) NonClass: 2851K(4352K)->2851K(4352K) Class: 305K(512K)->305K(512K)
[2026-06-17T09:51:49.182+0800][7.927s][info][gc             ] GC(328) Pause Young (Allocation Failure) 47M->40M(57M) 2.134ms
[2026-06-17T09:51:49.182+0800][7.928s][info][gc,cpu         ] GC(328) User=0.00s Sys=0.00s Real=0.00s
[2026-06-17T09:51:49.195+0800][7.941s][info][gc,start       ] GC(329) Pause Young (Allocation Failure)
[2026-06-17T09:51:49.196+0800][7.942s][info][gc,heap        ] GC(329) PSYoungGen: 9468K->5249K(13824K)
[2026-06-17T09:51:49.197+0800][7.943s][info][gc,heap        ] GC(329) ParOldGen: 39989K->40770K(44032K)
[2026-06-17T09:51:49.197+0800][7.943s][info][gc,metaspace   ] GC(329) Metaspace: 3157K(4864K)->3157K(4864K) NonClass: 2851K(4352K)->2851K(4352K) Class: 305K(512K)->305K(512K)
[2026-06-17T09:51:49.198+0800][7.943s][info][gc             ] GC(329) Pause Young (Allocation Failure) 48M->44M(56M) 2.671ms
[2026-06-17T09:51:49.198+0800][7.944s][info][gc,cpu         ] GC(329) User=0.00s Sys=0.00s Real=0.00s
[2026-06-17T09:51:49.198+0800][7.944s][info][gc,start       ] GC(330) Pause Full (Ergonomics)
[2026-06-17T09:51:49.199+0800][7.945s][info][gc,phases,start] GC(330) Marking Phase
[2026-06-17T09:51:49.200+0800][7.946s][info][gc,phases      ] GC(330) Marking Phase 1.411ms
[2026-06-17T09:51:49.201+0800][7.947s][info][gc,phases,start] GC(330) Summary Phase
[2026-06-17T09:51:49.201+0800][7.947s][info][gc,phases      ] GC(330) Summary Phase 0.265ms
[2026-06-17T09:51:49.201+0800][7.947s][info][gc,phases,start] GC(330) Adjust Roots
[2026-06-17T09:51:49.202+0800][7.948s][info][gc,phases      ] GC(330) Adjust Roots 0.532ms
[2026-06-17T09:51:49.202+0800][7.948s][info][gc,phases,start] GC(330) Compaction Phase
[2026-06-17T09:51:49.204+0800][7.950s][info][gc,phases      ] GC(330) Compaction Phase 1.776ms
[2026-06-17T09:51:49.204+0800][7.950s][info][gc,phases,start] GC(330) Post Compact
[2026-06-17T09:51:49.205+0800][7.950s][info][gc,phases      ] GC(330) Post Compact 0.271ms
[2026-06-17T09:51:49.205+0800][7.951s][info][gc,heap        ] GC(330) PSYoungGen: 5249K->0K(14336K)
[2026-06-17T09:51:49.205+0800][7.951s][info][gc,heap        ] GC(330) ParOldGen: 40770K->33170K(44032K)
[2026-06-17T09:51:49.205+0800][7.951s][info][gc,metaspace   ] GC(330) Metaspace: 3157K(4864K)->3157K(4864K) NonClass: 2851K(4352K)->2851K(4352K) Class: 305K(512K)->305K(512K)
[2026-06-17T09:51:49.205+0800][7.951s][info][gc             ] GC(330) Pause Full (Ergonomics) 44M->32M(57M) 6.779ms
[2026-06-17T09:51:49.205+0800][7.951s][info][gc,cpu         ] GC(330) User=0.00s Sys=0.00s Real=0.01s
[2026-06-17T09:51:49.226+0800][7.972s][info][gc,start       ] GC(331) Pause Young (Allocation Failure)
[2026-06-17T09:51:49.229+0800][7.975s][info][gc,heap        ] GC(331) PSYoungGen: 7144K->3631K(14336K)
[2026-06-17T09:51:49.231+0800][7.977s][info][gc,heap        ] GC(331) ParOldGen: 33170K->33170K(44032K)
[2026-06-17T09:51:49.233+0800][7.979s][info][gc,metaspace   ] GC(331) Metaspace: 3157K(4864K)->3157K(4864K) NonClass: 2851K(4352K)->2851K(4352K) Class: 305K(512K)->305K(512K)
[2026-06-17T09:51:49.234+0800][7.980s][info][gc             ] GC(331) Pause Young (Allocation Failure) 39M->35M(57M) 7.624ms
[2026-06-17T09:51:49.235+0800][7.980s][info][gc,cpu         ] GC(331) User=0.01s Sys=0.00s Real=0.01s
[2026-06-17T09:51:49.256+0800][8.002s][info][gc,start       ] GC(332) Pause Young (Allocation Failure)
[2026-06-17T09:51:49.258+0800][8.003s][info][gc,heap        ] GC(332) PSYoungGen: 10773K->2322K(14336K)
[2026-06-17T09:51:49.258+0800][8.004s][info][gc,heap        ] GC(332) ParOldGen: 33170K->34477K(44032K)
[2026-06-17T09:51:49.258+0800][8.004s][info][gc,metaspace   ] GC(332) Metaspace: 3157K(4864K)->3157K(4864K) NonClass: 2851K(4352K)->2851K(4352K) Class: 305K(512K)->305K(512K)
[2026-06-17T09:51:49.258+0800][8.004s][info][gc             ] GC(332) Pause Young (Allocation Failure) 42M->35M(57M) 1.694ms
[2026-06-17T09:51:49.258+0800][8.004s][info][gc,cpu         ] GC(332) User=0.00s Sys=0.00s Real=0.00s
[2026-06-17T09:51:49.269+0800][8.015s][info][gc,start       ] GC(333) Pause Young (Allocation Failure)
[2026-06-17T09:51:49.270+0800][8.016s][info][gc,heap        ] GC(333) PSYoungGen: 9358K->887K(14848K)
[2026-06-17T09:51:49.270+0800][8.016s][info][gc,heap        ] GC(333) ParOldGen: 34477K->36297K(44032K)
[2026-06-17T09:51:49.271+0800][8.017s][info][gc,metaspace   ] GC(333) Metaspace: 3157K(4864K)->3157K(4864K) NonClass: 2851K(4352K)->2851K(4352K) Class: 305K(512K)->305K(512K)
[2026-06-17T09:51:49.271+0800][8.017s][info][gc             ] GC(333) Pause Young (Allocation Failure) 42M->36M(57M) 1.510ms
[2026-06-17T09:51:49.271+0800][8.017s][info][gc,cpu         ] GC(333) User=0.00s Sys=0.00s Real=0.01s
[2026-06-17T09:51:49.292+0800][8.038s][info][gc,start       ] GC(334) Pause Young (Allocation Failure)
[2026-06-17T09:51:49.293+0800][8.039s][info][gc,heap        ] GC(334) PSYoungGen: 9079K->4695K(13312K)
[2026-06-17T09:51:49.294+0800][8.040s][info][gc,heap        ] GC(334) ParOldGen: 36297K->37160K(44032K)
[2026-06-17T09:51:49.294+0800][8.040s][info][gc,metaspace   ] GC(334) Metaspace: 3157K(4864K)->3157K(4864K) NonClass: 2851K(4352K)->2851K(4352K) Class: 305K(512K)->305K(512K)
[2026-06-17T09:51:49.294+0800][8.040s][info][gc             ] GC(334) Pause Young (Allocation Failure) 44M->40M(56M) 2.096ms
[2026-06-17T09:51:49.295+0800][8.040s][info][gc,cpu         ] GC(334) User=0.00s Sys=0.00s Real=0.00s
[2026-06-17T09:51:49.316+0800][8.062s][info][gc,start       ] GC(335) Pause Young (Allocation Failure)
[2026-06-17T09:51:49.318+0800][8.063s][info][gc,heap        ] GC(335) PSYoungGen: 12886K->6102K(14336K)
[2026-06-17T09:51:49.319+0800][8.064s][info][gc,heap        ] GC(335) ParOldGen: 37160K->37160K(44032K)
[2026-06-17T09:51:49.319+0800][8.065s][info][gc,metaspace   ] GC(335) Metaspace: 3157K(4864K)->3157K(4864K) NonClass: 2851K(4352K)->2851K(4352K) Class: 305K(512K)->305K(512K)
[2026-06-17T09:51:49.320+0800][8.066s][info][gc             ] GC(335) Pause Young (Allocation Failure) 48M->42M(57M) 4.136ms
[2026-06-17T09:51:49.321+0800][8.067s][info][gc,cpu         ] GC(335) User=0.00s Sys=0.00s Real=0.00s
[2026-06-17T09:51:49.343+0800][8.089s][info][gc,start       ] GC(336) Pause Young (Allocation Failure)
[2026-06-17T09:51:49.345+0800][8.091s][info][gc,heap        ] GC(336) PSYoungGen: 13238K->3242K(14336K)
[2026-06-17T09:51:49.346+0800][8.091s][info][gc,heap        ] GC(336) ParOldGen: 37160K->40260K(44032K)
[2026-06-17T09:51:49.347+0800][8.092s][info][gc,metaspace   ] GC(336) Metaspace: 3157K(4864K)->3157K(4864K) NonClass: 2851K(4352K)->2851K(4352K) Class: 305K(512K)->305K(512K)
[2026-06-17T09:51:49.347+0800][8.093s][info][gc             ] GC(336) Pause Young (Allocation Failure) 49M->42M(57M) 4.687ms
[2026-06-17T09:51:49.367+0800][8.113s][info][gc,cpu         ] GC(336) User=0.01s Sys=0.00s Real=0.02s
[2026-06-17T09:51:49.389+0800][8.135s][info][gc,start       ] GC(337) Pause Young (Allocation Failure)
[2026-06-17T09:51:49.391+0800][8.137s][info][gc,heap        ] GC(337) PSYoungGen: 10389K->3311K(14336K)
[2026-06-17T09:51:49.391+0800][8.137s][info][gc,heap        ] GC(337) ParOldGen: 40260K->40260K(44032K)
[2026-06-17T09:51:49.392+0800][8.138s][info][gc,metaspace   ] GC(337) Metaspace: 3157K(4864K)->3157K(4864K) NonClass: 2851K(4352K)->2851K(4352K) Class: 305K(512K)->305K(512K)
[2026-06-17T09:51:49.392+0800][8.138s][info][gc             ] GC(337) Pause Young (Allocation Failure) 49M->42M(57M) 3.184ms
[2026-06-17T09:51:49.393+0800][8.139s][info][gc,cpu         ] GC(337) User=0.00s Sys=0.00s Real=0.01s
[2026-06-17T09:51:49.405+0800][8.151s][info][gc,start       ] GC(338) Pause Young (Allocation Failure)
[2026-06-17T09:51:49.406+0800][8.152s][info][gc,heap        ] GC(338) PSYoungGen: 10301K->3703K(14336K)
[2026-06-17T09:51:49.407+0800][8.153s][info][gc,heap        ] GC(338) ParOldGen: 40260K->40260K(44032K)
[2026-06-17T09:51:49.407+0800][8.153s][info][gc,metaspace   ] GC(338) Metaspace: 3157K(4864K)->3157K(4864K) NonClass: 2851K(4352K)->2851K(4352K) Class: 305K(512K)->305K(512K)
[2026-06-17T09:51:49.408+0800][8.154s][info][gc             ] GC(338) Pause Young (Allocation Failure) 49M->42M(57M) 3.279ms
[2026-06-17T09:51:49.408+0800][8.154s][info][gc,cpu         ] GC(338) User=0.00s Sys=0.00s Real=0.00s
[2026-06-17T09:51:49.430+0800][8.176s][info][gc,start       ] GC(339) Pause Young (Allocation Failure)
[2026-06-17T09:51:49.433+0800][8.179s][info][gc,heap        ] GC(339) PSYoungGen: 10827K->3707K(14848K)
[2026-06-17T09:51:49.433+0800][8.179s][info][gc,heap        ] GC(339) ParOldGen: 40260K->43907K(44032K)
[2026-06-17T09:51:49.434+0800][8.180s][info][gc,metaspace   ] GC(339) Metaspace: 3157K(4864K)->3157K(4864K) NonClass: 2851K(4352K)->2851K(4352K) Class: 305K(512K)->305K(512K)
[2026-06-17T09:51:49.434+0800][8.180s][info][gc             ] GC(339) Pause Young (Allocation Failure) 49M->46M(57M) 3.939ms
[2026-06-17T09:51:49.435+0800][8.181s][info][gc,cpu         ] GC(339) User=0.01s Sys=0.00s Real=0.01s
[2026-06-17T09:51:49.435+0800][8.181s][info][gc,start       ] GC(340) Pause Full (Ergonomics)
[2026-06-17T09:51:49.436+0800][8.182s][info][gc,phases,start] GC(340) Marking Phase
[2026-06-17T09:51:49.437+0800][8.183s][info][gc,phases      ] GC(340) Marking Phase 1.638ms
[2026-06-17T09:51:49.438+0800][8.184s][info][gc,phases,start] GC(340) Summary Phase
[2026-06-17T09:51:49.438+0800][8.184s][info][gc,phases      ] GC(340) Summary Phase 0.346ms
[2026-06-17T09:51:49.439+0800][8.184s][info][gc,phases,start] GC(340) Adjust Roots
[2026-06-17T09:51:49.439+0800][8.185s][info][gc,phases      ] GC(340) Adjust Roots 0.605ms
[2026-06-17T09:51:49.440+0800][8.185s][info][gc,phases,start] GC(340) Compaction Phase
[2026-06-17T09:51:49.442+0800][8.188s][info][gc,phases      ] GC(340) Compaction Phase 2.582ms
[2026-06-17T09:51:49.442+0800][8.188s][info][gc,phases,start] GC(340) Post Compact
[2026-06-17T09:51:49.443+0800][8.189s][info][gc,phases      ] GC(340) Post Compact 0.515ms
[2026-06-17T09:51:49.443+0800][8.189s][info][gc,heap        ] GC(340) PSYoungGen: 3707K->0K(14848K)
[2026-06-17T09:51:49.443+0800][8.189s][info][gc,heap        ] GC(340) ParOldGen: 43907K->27874K(44032K)
[2026-06-17T09:51:49.444+0800][8.189s][info][gc,metaspace   ] GC(340) Metaspace: 3157K(4864K)->3157K(4864K) NonClass: 2851K(4352K)->2851K(4352K) Class: 305K(512K)->305K(512K)
[2026-06-17T09:51:49.444+0800][8.189s][info][gc             ] GC(340) Pause Full (Ergonomics) 46M->27M(57M) 8.321ms
[2026-06-17T09:51:49.444+0800][8.190s][info][gc,cpu         ] GC(340) User=0.00s Sys=0.00s Real=0.01s
[2026-06-17T09:51:49.465+0800][8.211s][info][gc,start       ] GC(341) Pause Young (Allocation Failure)
[2026-06-17T09:51:49.466+0800][8.212s][info][gc,heap        ] GC(341) PSYoungGen: 8179K->4580K(14848K)
[2026-06-17T09:51:49.466+0800][8.212s][info][gc,heap        ] GC(341) ParOldGen: 27874K->27874K(44032K)
[2026-06-17T09:51:49.467+0800][8.213s][info][gc,metaspace   ] GC(341) Metaspace: 3157K(4864K)->3157K(4864K) NonClass: 2851K(4352K)->2851K(4352K) Class: 305K(512K)->305K(512K)
[2026-06-17T09:51:49.467+0800][8.213s][info][gc             ] GC(341) Pause Young (Allocation Failure) 35M->31M(57M) 1.928ms
[2026-06-17T09:51:49.467+0800][8.213s][info][gc,cpu         ] GC(341) User=0.00s Sys=0.00s Real=0.00s
[2026-06-17T09:51:49.489+0800][8.234s][info][gc,start       ] GC(342) Pause Young (Allocation Failure)
[2026-06-17T09:51:49.490+0800][8.236s][info][gc,heap        ] GC(342) PSYoungGen: 12749K->2681K(14848K)
[2026-06-17T09:51:49.490+0800][8.236s][info][gc,heap        ] GC(342) ParOldGen: 27874K->30931K(44032K)
[2026-06-17T09:51:49.492+0800][8.238s][info][gc,metaspace   ] GC(342) Metaspace: 3157K(4864K)->3157K(4864K) NonClass: 2851K(4352K)->2851K(4352K) Class: 305K(512K)->305K(512K)
[2026-06-17T09:51:49.492+0800][8.238s][info][gc             ] GC(342) Pause Young (Allocation Failure) 39M->32M(57M) 3.551ms
[2026-06-17T09:51:49.493+0800][8.238s][info][gc,cpu         ] GC(342) User=0.00s Sys=0.00s Real=0.01s
[2026-06-17T09:51:49.514+0800][8.260s][info][gc,start       ] GC(343) Pause Young (Allocation Failure)
[2026-06-17T09:51:49.515+0800][8.261s][info][gc,heap        ] GC(343) PSYoungGen: 10817K->4403K(14848K)
[2026-06-17T09:51:49.516+0800][8.262s][info][gc,heap        ] GC(343) ParOldGen: 30931K->30931K(44032K)
[2026-06-17T09:51:49.516+0800][8.262s][info][gc,metaspace   ] GC(343) Metaspace: 3157K(4864K)->3157K(4864K) NonClass: 2851K(4352K)->2851K(4352K) Class: 305K(512K)->305K(512K)
[2026-06-17T09:51:49.517+0800][8.262s][info][gc             ] GC(343) Pause Young (Allocation Failure) 40M->34M(57M) 2.363ms
[2026-06-17T09:51:49.517+0800][8.263s][info][gc,cpu         ] GC(343) User=0.00s Sys=0.00s Real=0.00s
[2026-06-17T09:51:49.538+0800][8.284s][info][gc,start       ] GC(344) Pause Young (Allocation Failure)
[2026-06-17T09:51:49.539+0800][8.285s][info][gc,heap        ] GC(344) PSYoungGen: 12570K->3230K(14848K)
[2026-06-17T09:51:49.540+0800][8.285s][info][gc,heap        ] GC(344) ParOldGen: 30931K->33177K(44032K)
[2026-06-17T09:51:49.540+0800][8.286s][info][gc,metaspace   ] GC(344) Metaspace: 3157K(4864K)->3157K(4864K) NonClass: 2851K(4352K)->2851K(4352K) Class: 305K(512K)->305K(512K)
[2026-06-17T09:51:49.540+0800][8.286s][info][gc             ] GC(344) Pause Young (Allocation Failure) 42M->35M(57M) 1.378ms
[2026-06-17T09:51:49.540+0800][8.286s][info][gc,cpu         ] GC(344) User=0.00s Sys=0.00s Real=0.00s
[2026-06-17T09:51:49.561+0800][8.307s][info][gc,start       ] GC(345) Pause Young (Allocation Failure)
[2026-06-17T09:51:49.562+0800][8.308s][info][gc,heap        ] GC(345) PSYoungGen: 11416K->2281K(14848K)
[2026-06-17T09:51:49.563+0800][8.309s][info][gc,heap        ] GC(345) ParOldGen: 33177K->35285K(44032K)
[2026-06-17T09:51:49.563+0800][8.309s][info][gc,metaspace   ] GC(345) Metaspace: 3157K(4864K)->3157K(4864K) NonClass: 2851K(4352K)->2851K(4352K) Class: 305K(512K)->305K(512K)
[2026-06-17T09:51:49.563+0800][8.309s][info][gc             ] GC(345) Pause Young (Allocation Failure) 43M->36M(57M) 2.096ms
[2026-06-17T09:51:49.564+0800][8.309s][info][gc,cpu         ] GC(345) User=0.00s Sys=0.00s Real=0.01s
[2026-06-17T09:51:49.585+0800][8.331s][info][gc,start       ] GC(346) Pause Young (Allocation Failure)
[2026-06-17T09:51:49.586+0800][8.332s][info][gc,heap        ] GC(346) PSYoungGen: 10451K->3095K(14848K)
[2026-06-17T09:51:49.586+0800][8.332s][info][gc,heap        ] GC(346) ParOldGen: 35285K->35285K(44032K)
[2026-06-17T09:51:49.587+0800][8.332s][info][gc,metaspace   ] GC(346) Metaspace: 3157K(4864K)->3157K(4864K) NonClass: 2851K(4352K)->2851K(4352K) Class: 305K(512K)->305K(512K)
[2026-06-17T09:51:49.587+0800][8.333s][info][gc             ] GC(346) Pause Young (Allocation Failure) 44M->37M(57M) 1.996ms
[2026-06-17T09:51:49.587+0800][8.333s][info][gc,cpu         ] GC(346) User=0.00s Sys=0.00s Real=0.00s
[2026-06-17T09:51:49.609+0800][8.354s][info][gc,start       ] GC(347) Pause Young (Allocation Failure)
[2026-06-17T09:51:49.610+0800][8.355s][info][gc,heap        ] GC(347) PSYoungGen: 11270K->2889K(15360K)
[2026-06-17T09:51:49.610+0800][8.356s][info][gc,heap        ] GC(347) ParOldGen: 35285K->36895K(44032K)
[2026-06-17T09:51:49.610+0800][8.356s][info][gc,metaspace   ] GC(347) Metaspace: 3157K(4864K)->3157K(4864K) NonClass: 2851K(4352K)->2851K(4352K) Class: 305K(512K)->305K(512K)
[2026-06-17T09:51:49.611+0800][8.357s][info][gc             ] GC(347) Pause Young (Allocation Failure) 45M->38M(58M) 2.319ms
[2026-06-17T09:51:49.611+0800][8.357s][info][gc,cpu         ] GC(347) User=0.00s Sys=0.00s Real=0.01s
[2026-06-17T09:51:49.633+0800][8.379s][info][gc,start       ] GC(348) Pause Young (Allocation Failure)
[2026-06-17T09:51:49.634+0800][8.380s][info][gc,heap        ] GC(348) PSYoungGen: 12100K->3470K(15360K)
[2026-06-17T09:51:49.635+0800][8.381s][info][gc,heap        ] GC(348) ParOldGen: 36895K->38822K(44032K)
[2026-06-17T09:51:49.635+0800][8.381s][info][gc,metaspace   ] GC(348) Metaspace: 3157K(4864K)->3157K(4864K) NonClass: 2851K(4352K)->2851K(4352K) Class: 305K(512K)->305K(512K)
[2026-06-17T09:51:49.635+0800][8.381s][info][gc             ] GC(348) Pause Young (Allocation Failure) 47M->41M(58M) 2.516ms
[2026-06-17T09:51:49.636+0800][8.382s][info][gc,cpu         ] GC(348) User=0.00s Sys=0.00s Real=0.00s
[2026-06-17T09:51:49.657+0800][8.403s][info][gc,start       ] GC(349) Pause Young (Allocation Failure)
[2026-06-17T09:51:49.658+0800][8.404s][info][gc,heap        ] GC(349) PSYoungGen: 12580K->1813K(15872K)
[2026-06-17T09:51:49.659+0800][8.404s][info][gc,heap        ] GC(349) ParOldGen: 38822K->38822K(44032K)
[2026-06-17T09:51:49.659+0800][8.405s][info][gc,metaspace   ] GC(349) Metaspace: 3157K(4864K)->3157K(4864K) NonClass: 2851K(4352K)->2851K(4352K) Class: 305K(512K)->305K(512K)
[2026-06-17T09:51:49.659+0800][8.405s][info][gc             ] GC(349) Pause Young (Allocation Failure) 50M->39M(58M) 2.015ms
[2026-06-17T09:51:49.660+0800][8.405s][info][gc,cpu         ] GC(349) User=0.00s Sys=0.00s Real=0.00s
[2026-06-17T09:51:49.691+0800][8.437s][info][gc,start       ] GC(350) Pause Young (Allocation Failure)
[2026-06-17T09:51:49.777+0800][8.523s][info][gc,heap        ] GC(350) PSYoungGen: 12003K->5273K(15872K)
[2026-06-17T09:51:49.807+0800][8.553s][info][gc,heap        ] GC(350) ParOldGen: 38822K->38822K(44032K)
[2026-06-17T09:51:49.807+0800][8.553s][info][gc,metaspace   ] GC(350) Metaspace: 3157K(4864K)->3157K(4864K) NonClass: 2851K(4352K)->2851K(4352K) Class: 305K(512K)->305K(512K)
[2026-06-17T09:51:49.808+0800][8.554s][info][gc             ] GC(350) Pause Young (Allocation Failure) 49M->43M(58M) 116.422ms
[2026-06-17T09:51:49.808+0800][8.554s][info][gc,cpu         ] GC(350) User=0.00s Sys=0.00s Real=0.11s
[2026-06-17T09:51:49.830+0800][8.576s][info][gc,start       ] GC(351) Pause Young (Allocation Failure)
[2026-06-17T09:51:49.832+0800][8.577s][info][gc,heap        ] GC(351) PSYoungGen: 15509K->5625K(12800K)
[2026-06-17T09:51:49.834+0800][8.579s][info][gc,heap        ] GC(351) ParOldGen: 38822K->41761K(44032K)
[2026-06-17T09:51:49.835+0800][8.581s][info][gc,metaspace   ] GC(351) Metaspace: 3157K(4864K)->3157K(4864K) NonClass: 2851K(4352K)->2851K(4352K) Class: 305K(512K)->305K(512K)
[2026-06-17T09:51:49.836+0800][8.582s][info][gc             ] GC(351) Pause Young (Allocation Failure) 53M->46M(55M) 6.158ms
[2026-06-17T09:51:49.847+0800][8.593s][info][gc,cpu         ] GC(351) User=0.00s Sys=0.00s Real=0.02s
[2026-06-17T09:51:49.848+0800][8.593s][info][gc,start       ] GC(352) Pause Full (Ergonomics)
[2026-06-17T09:51:49.855+0800][8.601s][info][gc,phases,start] GC(352) Marking Phase
[2026-06-17T09:51:49.861+0800][8.606s][info][gc,phases      ] GC(352) Marking Phase 5.782ms
[2026-06-17T09:51:49.862+0800][8.608s][info][gc,phases,start] GC(352) Summary Phase
[2026-06-17T09:51:49.863+0800][8.609s][info][gc,phases      ] GC(352) Summary Phase 0.621ms
[2026-06-17T09:51:49.868+0800][8.614s][info][gc,phases,start] GC(352) Adjust Roots
[2026-06-17T09:51:49.871+0800][8.617s][info][gc,phases      ] GC(352) Adjust Roots 3.193ms
[2026-06-17T09:51:49.878+0800][8.623s][info][gc,phases,start] GC(352) Compaction Phase
[2026-06-17T09:51:49.887+0800][8.633s][info][gc,phases      ] GC(352) Compaction Phase 9.752ms
[2026-06-17T09:51:49.888+0800][8.634s][info][gc,phases,start] GC(352) Post Compact
[2026-06-17T09:51:49.889+0800][8.635s][info][gc,phases      ] GC(352) Post Compact 1.044ms
[2026-06-17T09:51:49.891+0800][8.637s][info][gc,heap        ] GC(352) PSYoungGen: 5625K->0K(14336K)
[2026-06-17T09:51:49.893+0800][8.639s][info][gc,heap        ] GC(352) ParOldGen: 41761K->24833K(44032K)
[2026-06-17T09:51:49.895+0800][8.641s][info][gc,metaspace   ] GC(352) Metaspace: 3157K(4864K)->3157K(4864K) NonClass: 2851K(4352K)->2851K(4352K) Class: 305K(512K)->305K(512K)
[2026-06-17T09:51:49.899+0800][8.645s][info][gc             ] GC(352) Pause Full (Ergonomics) 46M->24M(57M) 51.812ms
[2026-06-17T09:51:49.900+0800][8.646s][info][gc,cpu         ] GC(352) User=0.01s Sys=0.00s Real=0.05s
[2026-06-17T09:51:49.922+0800][8.668s][info][gc,start       ] GC(353) Pause Young (Allocation Failure)
[2026-06-17T09:51:49.924+0800][8.670s][info][gc,heap        ] GC(353) PSYoungGen: 7135K->4032K(14848K)
[2026-06-17T09:51:49.926+0800][8.672s][info][gc,heap        ] GC(353) ParOldGen: 24833K->24833K(44032K)
[2026-06-17T09:51:49.928+0800][8.673s][info][gc,metaspace   ] GC(353) Metaspace: 3157K(4864K)->3157K(4864K) NonClass: 2851K(4352K)->2851K(4352K) Class: 305K(512K)->305K(512K)
[2026-06-17T09:51:49.932+0800][8.678s][info][gc             ] GC(353) Pause Young (Allocation Failure) 31M->28M(57M) 9.383ms
[2026-06-17T09:51:49.933+0800][8.679s][info][gc,cpu         ] GC(353) User=0.00s Sys=0.00s Real=0.02s
[2026-06-17T09:51:49.957+0800][8.702s][info][gc,start       ] GC(354) Pause Young (Allocation Failure)
[2026-06-17T09:51:49.959+0800][8.705s][info][gc,heap        ] GC(354) PSYoungGen: 11661K->4717K(14336K)
[2026-06-17T09:51:49.962+0800][8.708s][info][gc,heap        ] GC(354) ParOldGen: 24833K->24833K(44032K)
[2026-06-17T09:51:49.963+0800][8.709s][info][gc,metaspace   ] GC(354) Metaspace: 3157K(4864K)->3157K(4864K) NonClass: 2851K(4352K)->2851K(4352K) Class: 305K(512K)->305K(512K)
[2026-06-17T09:51:49.964+0800][8.709s][info][gc             ] GC(354) Pause Young (Allocation Failure) 35M->28M(57M) 6.919ms
[2026-06-17T09:51:49.964+0800][8.710s][info][gc,cpu         ] GC(354) User=0.00s Sys=0.00s Real=0.01s
[2026-06-17T09:51:49.976+0800][8.722s][info][gc,start       ] GC(355) Pause Young (Allocation Failure)
[2026-06-17T09:51:49.977+0800][8.723s][info][gc,heap        ] GC(355) PSYoungGen: 12397K->5274K(14336K)
[2026-06-17T09:51:49.978+0800][8.724s][info][gc,heap        ] GC(355) ParOldGen: 24833K->24833K(44032K)
[2026-06-17T09:51:49.978+0800][8.724s][info][gc,metaspace   ] GC(355) Metaspace: 3157K(4864K)->3157K(4864K) NonClass: 2851K(4352K)->2851K(4352K) Class: 305K(512K)->305K(512K)
[2026-06-17T09:51:49.978+0800][8.724s][info][gc             ] GC(355) Pause Young (Allocation Failure) 36M->29M(57M) 2.417ms
[2026-06-17T09:51:49.979+0800][8.725s][info][gc,cpu         ] GC(355) User=0.00s Sys=0.00s Real=0.00s
[2026-06-17T09:51:50.000+0800][8.746s][info][gc,start       ] GC(356) Pause Young (Allocation Failure)
[2026-06-17T09:51:50.001+0800][8.747s][info][gc,heap        ] GC(356) PSYoungGen: 12395K->7134K(14336K)
[2026-06-17T09:51:50.001+0800][8.747s][info][gc,heap        ] GC(356) ParOldGen: 24833K->26590K(44032K)
[2026-06-17T09:51:50.001+0800][8.747s][info][gc,metaspace   ] GC(356) Metaspace: 3157K(4864K)->3157K(4864K) NonClass: 2851K(4352K)->2851K(4352K) Class: 305K(512K)->305K(512K)
[2026-06-17T09:51:50.002+0800][8.747s][info][gc             ] GC(356) Pause Young (Allocation Failure) 36M->32M(57M) 1.582ms
[2026-06-17T09:51:50.002+0800][8.748s][info][gc,cpu         ] GC(356) User=0.01s Sys=0.00s Real=0.00s
[2026-06-17T09:51:50.023+0800][8.769s][info][gc,start       ] GC(357) Pause Young (Allocation Failure)
[2026-06-17T09:51:50.024+0800][8.769s][info][gc,heap        ] GC(357) PSYoungGen: 14302K->7074K(14336K)
[2026-06-17T09:51:50.024+0800][8.770s][info][gc,heap        ] GC(357) ParOldGen: 26590K->26714K(44032K)
[2026-06-17T09:51:50.024+0800][8.770s][info][gc,metaspace   ] GC(357) Metaspace: 3157K(4864K)->3157K(4864K) NonClass: 2851K(4352K)->2851K(4352K) Class: 305K(512K)->305K(512K)
[2026-06-17T09:51:50.024+0800][8.770s][info][gc             ] GC(357) Pause Young (Allocation Failure) 39M->32M(57M) 1.466ms
[2026-06-17T09:51:50.024+0800][8.770s][info][gc,cpu         ] GC(357) User=0.00s Sys=0.00s Real=0.00s
[2026-06-17T09:51:50.045+0800][8.791s][info][gc,start       ] GC(358) Pause Young (Allocation Failure)
[2026-06-17T09:51:50.047+0800][8.793s][info][gc,heap        ] GC(358) PSYoungGen: 14238K->5190K(14336K)
[2026-06-17T09:51:50.047+0800][8.793s][info][gc,heap        ] GC(358) ParOldGen: 26714K->28805K(44032K)
[2026-06-17T09:51:50.048+0800][8.793s][info][gc,metaspace   ] GC(358) Metaspace: 3157K(4864K)->3157K(4864K) NonClass: 2851K(4352K)->2851K(4352K) Class: 305K(512K)->305K(512K)
[2026-06-17T09:51:50.048+0800][8.794s][info][gc             ] GC(358) Pause Young (Allocation Failure) 39M->33M(57M) 2.543ms
[2026-06-17T09:51:50.048+0800][8.794s][info][gc,cpu         ] GC(358) User=0.00s Sys=0.00s Real=0.00s
[2026-06-17T09:51:50.059+0800][8.805s][info][gc,start       ] GC(359) Pause Young (Allocation Failure)
[2026-06-17T09:51:50.060+0800][8.806s][info][gc,heap        ] GC(359) PSYoungGen: 12191K->4268K(14336K)
[2026-06-17T09:51:50.061+0800][8.806s][info][gc,heap        ] GC(359) ParOldGen: 28805K->30061K(44032K)
[2026-06-17T09:51:50.061+0800][8.807s][info][gc,metaspace   ] GC(359) Metaspace: 3157K(4864K)->3157K(4864K) NonClass: 2851K(4352K)->2851K(4352K) Class: 305K(512K)->305K(512K)
[2026-06-17T09:51:50.061+0800][8.807s][info][gc             ] GC(359) Pause Young (Allocation Failure) 40M->33M(57M) 2.232ms
[2026-06-17T09:51:50.062+0800][8.807s][info][gc,cpu         ] GC(359) User=0.00s Sys=0.00s Real=0.00s
[2026-06-17T09:51:50.083+0800][8.829s][info][gc,start       ] GC(360) Pause Young (Allocation Failure)
[2026-06-17T09:51:50.086+0800][8.831s][info][gc,heap        ] GC(360) PSYoungGen: 11398K->5339K(14336K)
[2026-06-17T09:51:50.087+0800][8.832s][info][gc,heap        ] GC(360) ParOldGen: 30061K->32437K(44032K)
[2026-06-17T09:51:50.087+0800][8.833s][info][gc,metaspace   ] GC(360) Metaspace: 3157K(4864K)->3157K(4864K) NonClass: 2851K(4352K)->2851K(4352K) Class: 305K(512K)->305K(512K)
[2026-06-17T09:51:50.087+0800][8.833s][info][gc             ] GC(360) Pause Young (Allocation Failure) 40M->36M(57M) 4.189ms
[2026-06-17T09:51:50.088+0800][8.834s][info][gc,cpu         ] GC(360) User=0.01s Sys=0.00s Real=0.00s
[2026-06-17T09:51:50.110+0800][8.856s][info][gc,start       ] GC(361) Pause Young (Allocation Failure)
[2026-06-17T09:51:50.111+0800][8.857s][info][gc,heap        ] GC(361) PSYoungGen: 12486K->3819K(14336K)
[2026-06-17T09:51:50.112+0800][8.858s][info][gc,heap        ] GC(361) ParOldGen: 32437K->34313K(44032K)
[2026-06-17T09:51:50.112+0800][8.858s][info][gc,metaspace   ] GC(361) Metaspace: 3157K(4864K)->3157K(4864K) NonClass: 2851K(4352K)->2851K(4352K) Class: 305K(512K)->305K(512K)
[2026-06-17T09:51:50.113+0800][8.859s][info][gc             ] GC(361) Pause Young (Allocation Failure) 43M->37M(57M) 3.184ms
[2026-06-17T09:51:50.114+0800][8.859s][info][gc,cpu         ] GC(361) User=0.00s Sys=0.00s Real=0.01s
[2026-06-17T09:51:50.125+0800][8.871s][info][gc,start       ] GC(362) Pause Young (Allocation Failure)
[2026-06-17T09:51:50.127+0800][8.873s][info][gc,heap        ] GC(362) PSYoungGen: 10808K->801K(14336K)
[2026-06-17T09:51:50.128+0800][8.874s][info][gc,heap        ] GC(362) ParOldGen: 34313K->37512K(44032K)
[2026-06-17T09:51:50.128+0800][8.874s][info][gc,metaspace   ] GC(362) Metaspace: 3157K(4864K)->3157K(4864K) NonClass: 2851K(4352K)->2851K(4352K) Class: 305K(512K)->305K(512K)
[2026-06-17T09:51:50.129+0800][8.875s][info][gc             ] GC(362) Pause Young (Allocation Failure) 44M->37M(57M) 3.425ms
[2026-06-17T09:51:50.129+0800][8.875s][info][gc,cpu         ] GC(362) User=0.00s Sys=0.00s Real=0.00s
[2026-06-17T09:51:50.152+0800][8.898s][info][gc,start       ] GC(363) Pause Young (Allocation Failure)
[2026-06-17T09:51:50.154+0800][8.900s][info][gc,heap        ] GC(363) PSYoungGen: 7966K->3849K(14336K)
[2026-06-17T09:51:50.155+0800][8.901s][info][gc,heap        ] GC(363) ParOldGen: 37512K->38289K(44032K)
[2026-06-17T09:51:50.155+0800][8.901s][info][gc,metaspace   ] GC(363) Metaspace: 3157K(4864K)->3157K(4864K) NonClass: 2851K(4352K)->2851K(4352K) Class: 305K(512K)->305K(512K)
[2026-06-17T09:51:50.156+0800][8.902s][info][gc             ] GC(363) Pause Young (Allocation Failure) 44M->41M(57M) 4.592ms
[2026-06-17T09:51:50.157+0800][8.903s][info][gc,cpu         ] GC(363) User=0.01s Sys=0.00s Real=0.00s
[2026-06-17T09:51:50.179+0800][8.925s][info][gc,start       ] GC(364) Pause Young (Allocation Failure)
[2026-06-17T09:51:50.181+0800][8.927s][info][gc,heap        ] GC(364) PSYoungGen: 10993K->3341K(14336K)
[2026-06-17T09:51:50.182+0800][8.928s][info][gc,heap        ] GC(364) ParOldGen: 38289K->39665K(44032K)
[2026-06-17T09:51:50.183+0800][8.929s][info][gc,metaspace   ] GC(364) Metaspace: 3157K(4864K)->3157K(4864K) NonClass: 2851K(4352K)->2851K(4352K) Class: 305K(512K)->305K(512K)
[2026-06-17T09:51:50.184+0800][8.930s][info][gc             ] GC(364) Pause Young (Allocation Failure) 48M->41M(57M) 4.831ms
[2026-06-17T09:51:50.185+0800][8.930s][info][gc,cpu         ] GC(364) User=0.00s Sys=0.00s Real=0.01s
[2026-06-17T09:51:50.207+0800][8.953s][info][gc,start       ] GC(365) Pause Young (Allocation Failure)
[2026-06-17T09:51:50.209+0800][8.955s][info][gc,heap        ] GC(365) PSYoungGen: 10508K->1454K(14336K)
[2026-06-17T09:51:50.210+0800][8.956s][info][gc,heap        ] GC(365) ParOldGen: 39665K->41538K(44032K)
[2026-06-17T09:51:50.211+0800][8.957s][info][gc,metaspace   ] GC(365) Metaspace: 3157K(4864K)->3157K(4864K) NonClass: 2851K(4352K)->2851K(4352K) Class: 305K(512K)->305K(512K)
[2026-06-17T09:51:50.213+0800][8.959s][info][gc             ] GC(365) Pause Young (Allocation Failure) 48M->41M(57M) 5.888ms
[2026-06-17T09:51:50.215+0800][8.961s][info][gc,cpu         ] GC(365) User=0.00s Sys=0.00s Real=0.01s
[2026-06-17T09:51:50.219+0800][8.965s][info][gc,start       ] GC(366) Pause Full (Ergonomics)
[2026-06-17T09:51:50.220+0800][8.966s][info][gc,phases,start] GC(366) Marking Phase
[2026-06-17T09:51:50.223+0800][8.968s][info][gc,phases      ] GC(366) Marking Phase 2.490ms
[2026-06-17T09:51:50.223+0800][8.969s][info][gc,phases,start] GC(366) Summary Phase
[2026-06-17T09:51:50.224+0800][8.970s][info][gc,phases      ] GC(366) Summary Phase 0.656ms
[2026-06-17T09:51:50.225+0800][8.971s][info][gc,phases,start] GC(366) Adjust Roots
[2026-06-17T09:51:50.226+0800][8.972s][info][gc,phases      ] GC(366) Adjust Roots 1.307ms
[2026-06-17T09:51:50.227+0800][8.973s][info][gc,phases,start] GC(366) Compaction Phase
[2026-06-17T09:51:50.229+0800][8.975s][info][gc,phases      ] GC(366) Compaction Phase 2.262ms
[2026-06-17T09:51:50.229+0800][8.975s][info][gc,phases,start] GC(366) Post Compact
[2026-06-17T09:51:50.230+0800][8.976s][info][gc,phases      ] GC(366) Post Compact 0.503ms
[2026-06-17T09:51:50.230+0800][8.976s][info][gc,heap        ] GC(366) PSYoungGen: 1454K->0K(14336K)
[2026-06-17T09:51:50.231+0800][8.976s][info][gc,heap        ] GC(366) ParOldGen: 41538K->29787K(44032K)
[2026-06-17T09:51:50.231+0800][8.977s][info][gc,metaspace   ] GC(366) Metaspace: 3157K(4864K)->3157K(4864K) NonClass: 2851K(4352K)->2851K(4352K) Class: 305K(512K)->305K(512K)
[2026-06-17T09:51:50.231+0800][8.977s][info][gc             ] GC(366) Pause Full (Ergonomics) 41M->29M(57M) 11.922ms
[2026-06-17T09:51:50.232+0800][8.977s][info][gc,cpu         ] GC(366) User=0.01s Sys=0.00s Real=0.02s
[2026-06-17T09:51:50.254+0800][9.000s][info][gc,start       ] GC(367) Pause Young (Allocation Failure)
[2026-06-17T09:51:50.255+0800][9.001s][info][gc,heap        ] GC(367) PSYoungGen: 7167K->4023K(14336K)
[2026-06-17T09:51:50.255+0800][9.001s][info][gc,heap        ] GC(367) ParOldGen: 29787K->29787K(44032K)
[2026-06-17T09:51:50.255+0800][9.001s][info][gc,metaspace   ] GC(367) Metaspace: 3157K(4864K)->3157K(4864K) NonClass: 2851K(4352K)->2851K(4352K) Class: 305K(512K)->305K(512K)
[2026-06-17T09:51:50.256+0800][9.002s][info][gc             ] GC(367) Pause Young (Allocation Failure) 36M->33M(57M) 2.410ms
[2026-06-17T09:51:50.257+0800][9.002s][info][gc,cpu         ] GC(367) User=0.00s Sys=0.00s Real=0.00s
[2026-06-17T09:51:50.268+0800][9.014s][info][gc,start       ] GC(368) Pause Young (Allocation Failure)
[2026-06-17T09:51:50.269+0800][9.014s][info][gc,heap        ] GC(368) PSYoungGen: 11158K->509K(14336K)
[2026-06-17T09:51:50.269+0800][9.015s][info][gc,heap        ] GC(368) ParOldGen: 29787K->33685K(44032K)
[2026-06-17T09:51:50.269+0800][9.015s][info][gc,metaspace   ] GC(368) Metaspace: 3157K(4864K)->3157K(4864K) NonClass: 2851K(4352K)->2851K(4352K) Class: 305K(512K)->305K(512K)
[2026-06-17T09:51:50.270+0800][9.015s][info][gc             ] GC(368) Pause Young (Allocation Failure) 39M->33M(57M) 1.941ms
[2026-06-17T09:51:50.270+0800][9.016s][info][gc,cpu         ] GC(368) User=0.00s Sys=0.00s Real=0.00s
[2026-06-17T09:51:50.291+0800][9.037s][info][gc,start       ] GC(369) Pause Young (Allocation Failure)
[2026-06-17T09:51:50.292+0800][9.038s][info][gc,heap        ] GC(369) PSYoungGen: 7669K->3447K(14336K)
[2026-06-17T09:51:50.293+0800][9.038s][info][gc,heap        ] GC(369) ParOldGen: 33685K->34170K(44032K)
[2026-06-17T09:51:50.293+0800][9.039s][info][gc,metaspace   ] GC(369) Metaspace: 3157K(4864K)->3157K(4864K) NonClass: 2851K(4352K)->2851K(4352K) Class: 305K(512K)->305K(512K)
[2026-06-17T09:51:50.293+0800][9.039s][info][gc             ] GC(369) Pause Young (Allocation Failure) 40M->36M(57M) 2.278ms
[2026-06-17T09:51:50.294+0800][9.040s][info][gc,cpu         ] GC(369) User=0.00s Sys=0.00s Real=0.00s
[2026-06-17T09:51:50.305+0800][9.051s][info][gc,start       ] GC(370) Pause Young (Allocation Failure)
[2026-06-17T09:51:50.305+0800][9.051s][info][gc,heap        ] GC(370) PSYoungGen: 10152K->1942K(14336K)
[2026-06-17T09:51:50.306+0800][9.052s][info][gc,heap        ] GC(370) ParOldGen: 34170K->35513K(44032K)
[2026-06-17T09:51:50.306+0800][9.052s][info][gc,metaspace   ] GC(370) Metaspace: 3157K(4864K)->3157K(4864K) NonClass: 2851K(4352K)->2851K(4352K) Class: 305K(512K)->305K(512K)
[2026-06-17T09:51:50.306+0800][9.052s][info][gc             ] GC(370) Pause Young (Allocation Failure) 43M->36M(57M) 1.549ms
[2026-06-17T09:51:50.307+0800][9.052s][info][gc,cpu         ] GC(370) User=0.00s Sys=0.00s Real=0.00s
[2026-06-17T09:51:50.328+0800][9.074s][info][gc,start       ] GC(371) Pause Young (Allocation Failure)
[2026-06-17T09:51:50.330+0800][9.076s][info][gc,heap        ] GC(371) PSYoungGen: 9110K->5597K(14336K)
[2026-06-17T09:51:50.330+0800][9.076s][info][gc,heap        ] GC(371) ParOldGen: 35513K->35513K(44032K)
[2026-06-17T09:51:50.331+0800][9.077s][info][gc,metaspace   ] GC(371) Metaspace: 3157K(4864K)->3157K(4864K) NonClass: 2851K(4352K)->2851K(4352K) Class: 305K(512K)->305K(512K)
[2026-06-17T09:51:50.331+0800][9.077s][info][gc             ] GC(371) Pause Young (Allocation Failure) 43M->40M(57M) 3.218ms
[2026-06-17T09:51:50.332+0800][9.077s][info][gc,cpu         ] GC(371) User=0.00s Sys=0.00s Real=0.01s
[2026-06-17T09:51:50.353+0800][9.099s][info][gc,start       ] GC(372) Pause Young (Allocation Failure)
[2026-06-17T09:51:50.354+0800][9.100s][info][gc,heap        ] GC(372) PSYoungGen: 12744K->3155K(14336K)
[2026-06-17T09:51:50.354+0800][9.100s][info][gc,heap        ] GC(372) ParOldGen: 35513K->38290K(44032K)
[2026-06-17T09:51:50.355+0800][9.100s][info][gc,metaspace   ] GC(372) Metaspace: 3157K(4864K)->3157K(4864K) NonClass: 2851K(4352K)->2851K(4352K) Class: 305K(512K)->305K(512K)
[2026-06-17T09:51:50.355+0800][9.101s][info][gc             ] GC(372) Pause Young (Allocation Failure) 47M->40M(57M) 1.812ms
[2026-06-17T09:51:50.355+0800][9.101s][info][gc,cpu         ] GC(372) User=0.00s Sys=0.00s Real=0.00s
[2026-06-17T09:51:50.377+0800][9.123s][info][gc,start       ] GC(373) Pause Young (Allocation Failure)
[2026-06-17T09:51:50.379+0800][9.125s][info][gc,heap        ] GC(373) PSYoungGen: 10305K->1362K(14336K)
[2026-06-17T09:51:50.379+0800][9.125s][info][gc,heap        ] GC(373) ParOldGen: 38290K->40294K(44032K)
[2026-06-17T09:51:50.380+0800][9.126s][info][gc,metaspace   ] GC(373) Metaspace: 3157K(4864K)->3157K(4864K) NonClass: 2851K(4352K)->2851K(4352K) Class: 305K(512K)->305K(512K)
[2026-06-17T09:51:50.381+0800][9.127s][info][gc             ] GC(373) Pause Young (Allocation Failure) 47M->40M(57M) 4.293ms
[2026-06-17T09:51:50.382+0800][9.127s][info][gc,cpu         ] GC(373) User=0.00s Sys=0.00s Real=0.00s
[2026-06-17T09:51:50.383+0800][9.129s][info][gc,start       ] GC(374) Pause Full (Ergonomics)
[2026-06-17T09:51:50.384+0800][9.129s][info][gc,phases,start] GC(374) Marking Phase
[2026-06-17T09:51:50.386+0800][9.132s][info][gc,phases      ] GC(374) Marking Phase 2.327ms
[2026-06-17T09:51:50.386+0800][9.132s][info][gc,phases,start] GC(374) Summary Phase
[2026-06-17T09:51:50.387+0800][9.133s][info][gc,phases      ] GC(374) Summary Phase 0.485ms
[2026-06-17T09:51:50.387+0800][9.133s][info][gc,phases,start] GC(374) Adjust Roots
[2026-06-17T09:51:50.388+0800][9.134s][info][gc,phases      ] GC(374) Adjust Roots 0.669ms
[2026-06-17T09:51:50.388+0800][9.134s][info][gc,phases,start] GC(374) Compaction Phase
[2026-06-17T09:51:50.391+0800][9.137s][info][gc,phases      ] GC(374) Compaction Phase 2.230ms
[2026-06-17T09:51:50.391+0800][9.137s][info][gc,phases,start] GC(374) Post Compact
[2026-06-17T09:51:50.391+0800][9.137s][info][gc,phases      ] GC(374) Post Compact 0.365ms
[2026-06-17T09:51:50.392+0800][9.137s][info][gc,heap        ] GC(374) PSYoungGen: 1362K->0K(14336K)
[2026-06-17T09:51:50.392+0800][9.138s][info][gc,heap        ] GC(374) ParOldGen: 40294K->28721K(44032K)
[2026-06-17T09:51:50.392+0800][9.138s][info][gc,metaspace   ] GC(374) Metaspace: 3157K(4864K)->3157K(4864K) NonClass: 2851K(4352K)->2851K(4352K) Class: 305K(512K)->305K(512K)
[2026-06-17T09:51:50.392+0800][9.138s][info][gc             ] GC(374) Pause Full (Ergonomics) 40M->28M(57M) 9.111ms
[2026-06-17T09:51:50.392+0800][9.138s][info][gc,cpu         ] GC(374) User=0.01s Sys=0.00s Real=0.01s
[2026-06-17T09:51:50.404+0800][9.149s][info][gc,start       ] GC(375) Pause Young (Allocation Failure)
[2026-06-17T09:51:50.405+0800][9.151s][info][gc,heap        ] GC(375) PSYoungGen: 7165K->6888K(14336K)
[2026-06-17T09:51:50.405+0800][9.151s][info][gc,heap        ] GC(375) ParOldGen: 28721K->29044K(44032K)
[2026-06-17T09:51:50.406+0800][9.152s][info][gc,metaspace   ] GC(375) Metaspace: 3157K(4864K)->3157K(4864K) NonClass: 2851K(4352K)->2851K(4352K) Class: 305K(512K)->305K(512K)
[2026-06-17T09:51:50.406+0800][9.152s][info][gc             ] GC(375) Pause Young (Allocation Failure) 35M->35M(57M) 2.376ms
[2026-06-17T09:51:50.406+0800][9.152s][info][gc,cpu         ] GC(375) User=0.00s Sys=0.00s Real=0.00s
[2026-06-17T09:51:50.428+0800][9.174s][info][gc,start       ] GC(376) Pause Young (Allocation Failure)
[2026-06-17T09:51:50.432+0800][9.178s][info][gc,heap        ] GC(376) PSYoungGen: 14052K->3463K(14336K)
[2026-06-17T09:51:50.433+0800][9.179s][info][gc,heap        ] GC(376) ParOldGen: 29044K->32843K(44032K)
[2026-06-17T09:51:50.433+0800][9.179s][info][gc,metaspace   ] GC(376) Metaspace: 3157K(4864K)->3157K(4864K) NonClass: 2851K(4352K)->2851K(4352K) Class: 305K(512K)->305K(512K)
[2026-06-17T09:51:50.434+0800][9.179s][info][gc             ] GC(376) Pause Young (Allocation Failure) 42M->35M(57M) 5.297ms
[2026-06-17T09:51:50.434+0800][9.180s][info][gc,cpu         ] GC(376) User=0.00s Sys=0.00s Real=0.01s
[2026-06-17T09:51:50.456+0800][9.202s][info][gc,start       ] GC(377) Pause Young (Allocation Failure)
[2026-06-17T09:51:50.458+0800][9.204s][info][gc,heap        ] GC(377) PSYoungGen: 10599K->3395K(14336K)
[2026-06-17T09:51:50.461+0800][9.207s][info][gc,heap        ] GC(377) ParOldGen: 32843K->32843K(44032K)
[2026-06-17T09:51:50.463+0800][9.208s][info][gc,metaspace   ] GC(377) Metaspace: 3157K(4864K)->3157K(4864K) NonClass: 2851K(4352K)->2851K(4352K) Class: 305K(512K)->305K(512K)
[2026-06-17T09:51:50.463+0800][9.209s][info][gc             ] GC(377) Pause Young (Allocation Failure) 42M->35M(57M) 6.940ms
[2026-06-17T09:51:50.466+0800][9.211s][info][gc,cpu         ] GC(377) User=0.01s Sys=0.00s Real=0.01s
[2026-06-17T09:51:50.479+0800][9.225s][info][gc,start       ] GC(378) Pause Young (Allocation Failure)
[2026-06-17T09:51:50.480+0800][9.226s][info][gc,heap        ] GC(378) PSYoungGen: 10475K->1620K(14336K)
[2026-06-17T09:51:50.480+0800][9.226s][info][gc,heap        ] GC(378) ParOldGen: 32843K->35177K(44032K)
[2026-06-17T09:51:50.480+0800][9.226s][info][gc,metaspace   ] GC(378) Metaspace: 3157K(4864K)->3157K(4864K) NonClass: 2851K(4352K)->2851K(4352K) Class: 305K(512K)->305K(512K)
[2026-06-17T09:51:50.480+0800][9.226s][info][gc             ] GC(378) Pause Young (Allocation Failure) 42M->35M(57M) 1.793ms
[2026-06-17T09:51:50.481+0800][9.226s][info][gc,cpu         ] GC(378) User=0.00s Sys=0.00s Real=0.00s
[2026-06-17T09:51:50.502+0800][9.248s][info][gc,start       ] GC(379) Pause Young (Allocation Failure)
[2026-06-17T09:51:50.503+0800][9.249s][info][gc,heap        ] GC(379) PSYoungGen: 8787K->3888K(14336K)
[2026-06-17T09:51:50.503+0800][9.249s][info][gc,heap        ] GC(379) ParOldGen: 35177K->36773K(44032K)
[2026-06-17T09:51:50.503+0800][9.249s][info][gc,metaspace   ] GC(379) Metaspace: 3157K(4864K)->3157K(4864K) NonClass: 2851K(4352K)->2851K(4352K) Class: 305K(512K)->305K(512K)
[2026-06-17T09:51:50.504+0800][9.249s][info][gc             ] GC(379) Pause Young (Allocation Failure) 42M->39M(57M) 1.870ms
[2026-06-17T09:51:50.504+0800][9.250s][info][gc,cpu         ] GC(379) User=0.00s Sys=0.00s Real=0.01s
[2026-06-17T09:51:50.525+0800][9.271s][info][gc,start       ] GC(380) Pause Young (Allocation Failure)
[2026-06-17T09:51:50.528+0800][9.273s][info][gc,heap        ] GC(380) PSYoungGen: 11056K->4282K(14336K)
[2026-06-17T09:51:50.528+0800][9.274s][info][gc,heap        ] GC(380) ParOldGen: 36773K->36773K(44032K)
[2026-06-17T09:51:50.529+0800][9.275s][info][gc,metaspace   ] GC(380) Metaspace: 3157K(4864K)->3157K(4864K) NonClass: 2851K(4352K)->2851K(4352K) Class: 305K(512K)->305K(512K)
[2026-06-17T09:51:50.530+0800][9.276s][info][gc             ] GC(380) Pause Young (Allocation Failure) 46M->40M(57M) 4.912ms
[2026-06-17T09:51:50.531+0800][9.276s][info][gc,cpu         ] GC(380) User=0.00s Sys=0.00s Real=0.01s
[2026-06-17T09:51:50.553+0800][9.299s][info][gc,start       ] GC(381) Pause Young (Allocation Failure)
[2026-06-17T09:51:50.555+0800][9.301s][info][gc,heap        ] GC(381) PSYoungGen: 11450K->4966K(14336K)
[2026-06-17T09:51:50.556+0800][9.302s][info][gc,heap        ] GC(381) ParOldGen: 36773K->36773K(44032K)
[2026-06-17T09:51:50.556+0800][9.302s][info][gc,metaspace   ] GC(381) Metaspace: 3157K(4864K)->3157K(4864K) NonClass: 2851K(4352K)->2851K(4352K) Class: 305K(512K)->305K(512K)
[2026-06-17T09:51:50.557+0800][9.303s][info][gc             ] GC(381) Pause Young (Allocation Failure) 47M->40M(57M) 4.127ms
[2026-06-17T09:51:50.558+0800][9.304s][info][gc,cpu         ] GC(381) User=0.01s Sys=0.00s Real=0.00s
[2026-06-17T09:51:50.570+0800][9.316s][info][gc,start       ] GC(382) Pause Young (Allocation Failure)
[2026-06-17T09:51:50.573+0800][9.319s][info][gc,heap        ] GC(382) PSYoungGen: 12105K->6301K(14336K)
[2026-06-17T09:51:50.573+0800][9.319s][info][gc,heap        ] GC(382) ParOldGen: 36773K->38979K(44032K)
[2026-06-17T09:51:50.574+0800][9.320s][info][gc,metaspace   ] GC(382) Metaspace: 3157K(4864K)->3157K(4864K) NonClass: 2851K(4352K)->2851K(4352K) Class: 305K(512K)->305K(512K)
[2026-06-17T09:51:50.575+0800][9.321s][info][gc             ] GC(382) Pause Young (Allocation Failure) 47M->44M(57M) 4.637ms
[2026-06-17T09:51:50.575+0800][9.321s][info][gc,cpu         ] GC(382) User=0.00s Sys=0.00s Real=0.01s
[2026-06-17T09:51:50.598+0800][9.344s][info][gc,start       ] GC(383) Pause Young (Allocation Failure)
[2026-06-17T09:51:50.600+0800][9.346s][info][gc,heap        ] GC(383) PSYoungGen: 13429K->2883K(14336K)
[2026-06-17T09:51:50.601+0800][9.347s][info][gc,heap        ] GC(383) ParOldGen: 38979K->42310K(44032K)
[2026-06-17T09:51:50.602+0800][9.348s][info][gc,metaspace   ] GC(383) Metaspace: 3157K(4864K)->3157K(4864K) NonClass: 2851K(4352K)->2851K(4352K) Class: 305K(512K)->305K(512K)
[2026-06-17T09:51:50.603+0800][9.348s][info][gc             ] GC(383) Pause Young (Allocation Failure) 51M->44M(57M) 4.603ms
[2026-06-17T09:51:50.603+0800][9.349s][info][gc,cpu         ] GC(383) User=0.00s Sys=0.01s Real=0.01s
[2026-06-17T09:51:50.604+0800][9.350s][info][gc,start       ] GC(384) Pause Full (Ergonomics)
[2026-06-17T09:51:50.604+0800][9.350s][info][gc,phases,start] GC(384) Marking Phase
[2026-06-17T09:51:50.606+0800][9.352s][info][gc,phases      ] GC(384) Marking Phase 2.223ms
[2026-06-17T09:51:50.607+0800][9.353s][info][gc,phases,start] GC(384) Summary Phase
[2026-06-17T09:51:50.608+0800][9.353s][info][gc,phases      ] GC(384) Summary Phase 0.629ms
[2026-06-17T09:51:50.608+0800][9.354s][info][gc,phases,start] GC(384) Adjust Roots
[2026-06-17T09:51:50.609+0800][9.355s][info][gc,phases      ] GC(384) Adjust Roots 1.187ms
[2026-06-17T09:51:50.610+0800][9.356s][info][gc,phases,start] GC(384) Compaction Phase
[2026-06-17T09:51:50.614+0800][9.360s][info][gc,phases      ] GC(384) Compaction Phase 3.842ms
[2026-06-17T09:51:50.614+0800][9.360s][info][gc,phases,start] GC(384) Post Compact
[2026-06-17T09:51:50.615+0800][9.361s][info][gc,phases      ] GC(384) Post Compact 0.461ms
[2026-06-17T09:51:50.615+0800][9.361s][info][gc,heap        ] GC(384) PSYoungGen: 2883K->0K(14336K)
[2026-06-17T09:51:50.616+0800][9.361s][info][gc,heap        ] GC(384) ParOldGen: 42310K->26557K(44032K)
[2026-06-17T09:51:50.616+0800][9.362s][info][gc,metaspace   ] GC(384) Metaspace: 3157K(4864K)->3157K(4864K) NonClass: 2851K(4352K)->2851K(4352K) Class: 305K(512K)->305K(512K)
[2026-06-17T09:51:50.616+0800][9.362s][info][gc             ] GC(384) Pause Full (Ergonomics) 44M->25M(57M) 12.636ms
[2026-06-17T09:51:50.617+0800][9.363s][info][gc,cpu         ] GC(384) User=0.01s Sys=0.00s Real=0.01s
[2026-06-17T09:51:50.638+0800][9.384s][info][gc,start       ] GC(385) Pause Young (Allocation Failure)
[2026-06-17T09:51:50.640+0800][9.386s][info][gc,heap        ] GC(385) PSYoungGen: 7141K->3591K(14336K)
[2026-06-17T09:51:50.641+0800][9.386s][info][gc,heap        ] GC(385) ParOldGen: 26557K->26557K(44032K)
[2026-06-17T09:51:50.641+0800][9.387s][info][gc,metaspace   ] GC(385) Metaspace: 3157K(4864K)->3157K(4864K) NonClass: 2851K(4352K)->2851K(4352K) Class: 305K(512K)->305K(512K)
[2026-06-17T09:51:50.642+0800][9.388s][info][gc             ] GC(385) Pause Young (Allocation Failure) 32M->29M(57M) 3.675ms
[2026-06-17T09:51:50.643+0800][9.388s][info][gc,cpu         ] GC(385) User=0.01s Sys=0.00s Real=0.01s
[2026-06-17T09:51:50.655+0800][9.401s][info][gc,start       ] GC(386) Pause Young (Allocation Failure)
[2026-06-17T09:51:50.657+0800][9.402s][info][gc,heap        ] GC(386) PSYoungGen: 10661K->1652K(14336K)
[2026-06-17T09:51:50.657+0800][9.403s][info][gc,heap        ] GC(386) ParOldGen: 26557K->28854K(44032K)
[2026-06-17T09:51:50.658+0800][9.404s][info][gc,metaspace   ] GC(386) Metaspace: 3157K(4864K)->3157K(4864K) NonClass: 2851K(4352K)->2851K(4352K) Class: 305K(512K)->305K(512K)
[2026-06-17T09:51:50.658+0800][9.404s][info][gc             ] GC(386) Pause Young (Allocation Failure) 36M->29M(57M) 3.474ms
[2026-06-17T09:51:50.659+0800][9.405s][info][gc,cpu         ] GC(386) User=0.00s Sys=0.00s Real=0.00s
[2026-06-17T09:51:50.681+0800][9.427s][info][gc,start       ] GC(387) Pause Young (Allocation Failure)
[2026-06-17T09:51:50.684+0800][9.429s][info][gc,heap        ] GC(387) PSYoungGen: 8784K->3830K(14336K)
[2026-06-17T09:51:50.684+0800][9.430s][info][gc,heap        ] GC(387) ParOldGen: 28854K->30482K(44032K)
[2026-06-17T09:51:50.685+0800][9.430s][info][gc,metaspace   ] GC(387) Metaspace: 3157K(4864K)->3157K(4864K) NonClass: 2851K(4352K)->2851K(4352K) Class: 305K(512K)->305K(512K)
[2026-06-17T09:51:50.686+0800][9.432s][info][gc             ] GC(387) Pause Young (Allocation Failure) 36M->33M(57M) 4.721ms
[2026-06-17T09:51:50.686+0800][9.432s][info][gc,cpu         ] GC(387) User=0.00s Sys=0.00s Real=0.01s
[2026-06-17T09:51:50.708+0800][9.454s][info][gc,start       ] GC(388) Pause Young (Allocation Failure)
[2026-06-17T09:51:50.709+0800][9.455s][info][gc,heap        ] GC(388) PSYoungGen: 10959K->3012K(14336K)
[2026-06-17T09:51:50.709+0800][9.455s][info][gc,heap        ] GC(388) ParOldGen: 30482K->31520K(44032K)
[2026-06-17T09:51:50.710+0800][9.456s][info][gc,metaspace   ] GC(388) Metaspace: 3157K(4864K)->3157K(4864K) NonClass: 2851K(4352K)->2851K(4352K) Class: 305K(512K)->305K(512K)
[2026-06-17T09:51:50.710+0800][9.456s][info][gc             ] GC(388) Pause Young (Allocation Failure) 40M->33M(57M) 2.432ms
[2026-06-17T09:51:50.711+0800][9.456s][info][gc,cpu         ] GC(388) User=0.00s Sys=0.00s Real=0.01s
[2026-06-17T09:51:50.732+0800][9.478s][info][gc,start       ] GC(389) Pause Young (Allocation Failure)
[2026-06-17T09:51:50.733+0800][9.479s][info][gc,heap        ] GC(389) PSYoungGen: 10159K->3315K(14848K)
[2026-06-17T09:51:50.734+0800][9.479s][info][gc,heap        ] GC(389) ParOldGen: 31520K->31520K(44032K)
[2026-06-17T09:51:50.734+0800][9.480s][info][gc,metaspace   ] GC(389) Metaspace: 3157K(4864K)->3157K(4864K) NonClass: 2851K(4352K)->2851K(4352K) Class: 305K(512K)->305K(512K)
[2026-06-17T09:51:50.734+0800][9.480s][info][gc             ] GC(389) Pause Young (Allocation Failure) 40M->34M(57M) 2.048ms
[2026-06-17T09:51:50.734+0800][9.480s][info][gc,cpu         ] GC(389) User=0.00s Sys=0.00s Real=0.00s
[2026-06-17T09:51:50.745+0800][9.491s][info][gc,start       ] GC(390) Pause Young (Allocation Failure)
[2026-06-17T09:51:50.746+0800][9.492s][info][gc,heap        ] GC(390) PSYoungGen: 10977K->6591K(14336K)
[2026-06-17T09:51:50.747+0800][9.493s][info][gc,heap        ] GC(390) ParOldGen: 31520K->32167K(44032K)
[2026-06-17T09:51:50.747+0800][9.493s][info][gc,metaspace   ] GC(390) Metaspace: 3157K(4864K)->3157K(4864K) NonClass: 2851K(4352K)->2851K(4352K) Class: 305K(512K)->305K(512K)
[2026-06-17T09:51:50.747+0800][9.493s][info][gc             ] GC(390) Pause Young (Allocation Failure) 41M->37M(57M) 1.655ms
[2026-06-17T09:51:50.747+0800][9.493s][info][gc,cpu         ] GC(390) User=0.00s Sys=0.00s Real=0.00s
[2026-06-17T09:51:50.769+0800][9.514s][info][gc,start       ] GC(391) Pause Young (Allocation Failure)
[2026-06-17T09:51:50.770+0800][9.516s][info][gc,heap        ] GC(391) PSYoungGen: 14268K->2311K(14336K)
[2026-06-17T09:51:50.774+0800][9.520s][info][gc,heap        ] GC(391) ParOldGen: 32167K->33822K(44032K)
[2026-06-17T09:51:50.774+0800][9.520s][info][gc,metaspace   ] GC(391) Metaspace: 3157K(4864K)->3157K(4864K) NonClass: 2851K(4352K)->2851K(4352K) Class: 305K(512K)->305K(512K)
[2026-06-17T09:51:50.776+0800][9.522s][info][gc             ] GC(391) Pause Young (Allocation Failure) 45M->35M(57M) 7.732ms
[2026-06-17T09:51:50.778+0800][9.524s][info][gc,cpu         ] GC(391) User=0.00s Sys=0.00s Real=0.01s
[2026-06-17T09:51:50.802+0800][9.548s][info][gc,start       ] GC(392) Pause Young (Allocation Failure)
[2026-06-17T09:51:50.804+0800][9.549s][info][gc,heap        ] GC(392) PSYoungGen: 9445K->3507K(14336K)
[2026-06-17T09:51:50.804+0800][9.550s][info][gc,heap        ] GC(392) ParOldGen: 33822K->36077K(44032K)
[2026-06-17T09:51:50.805+0800][9.551s][info][gc,metaspace   ] GC(392) Metaspace: 3157K(4864K)->3157K(4864K) NonClass: 2851K(4352K)->2851K(4352K) Class: 305K(512K)->305K(512K)
[2026-06-17T09:51:50.806+0800][9.551s][info][gc             ] GC(392) Pause Young (Allocation Failure) 42M->38M(57M) 3.644ms
[2026-06-17T09:51:50.806+0800][9.552s][info][gc,cpu         ] GC(392) User=0.01s Sys=0.00s Real=0.01s
[2026-06-17T09:51:50.818+0800][9.564s][info][gc,start       ] GC(393) Pause Young (Allocation Failure)
[2026-06-17T09:51:50.820+0800][9.566s][info][gc,heap        ] GC(393) PSYoungGen: 10513K->3577K(14848K)
[2026-06-17T09:51:50.821+0800][9.567s][info][gc,heap        ] GC(393) ParOldGen: 36077K->36077K(44032K)
[2026-06-17T09:51:50.821+0800][9.567s][info][gc,metaspace   ] GC(393) Metaspace: 3157K(4864K)->3157K(4864K) NonClass: 2851K(4352K)->2851K(4352K) Class: 305K(512K)->305K(512K)
[2026-06-17T09:51:50.822+0800][9.567s][info][gc             ] GC(393) Pause Young (Allocation Failure) 45M->38M(57M) 3.489ms
[2026-06-17T09:51:50.822+0800][9.568s][info][gc,cpu         ] GC(393) User=0.00s Sys=0.00s Real=0.00s
[2026-06-17T09:51:50.844+0800][9.590s][info][gc,start       ] GC(394) Pause Young (Allocation Failure)
[2026-06-17T09:51:50.846+0800][9.592s][info][gc,heap        ] GC(394) PSYoungGen: 11226K->5526K(14336K)
[2026-06-17T09:51:50.846+0800][9.592s][info][gc,heap        ] GC(394) ParOldGen: 36077K->38268K(44032K)
[2026-06-17T09:51:50.846+0800][9.592s][info][gc,metaspace   ] GC(394) Metaspace: 3157K(4864K)->3157K(4864K) NonClass: 2851K(4352K)->2851K(4352K) Class: 305K(512K)->305K(512K)
[2026-06-17T09:51:50.847+0800][9.593s][info][gc             ] GC(394) Pause Young (Allocation Failure) 46M->42M(57M) 3.073ms
[2026-06-17T09:51:50.847+0800][9.593s][info][gc,cpu         ] GC(394) User=0.00s Sys=0.00s Real=0.00s
[2026-06-17T09:51:50.869+0800][9.615s][info][gc,start       ] GC(395) Pause Young (Allocation Failure)
[2026-06-17T09:51:50.871+0800][9.617s][info][gc,heap        ] GC(395) PSYoungGen: 13192K->4871K(14336K)
[2026-06-17T09:51:50.871+0800][9.617s][info][gc,heap        ] GC(395) ParOldGen: 38268K->39631K(44032K)
[2026-06-17T09:51:50.872+0800][9.618s][info][gc,metaspace   ] GC(395) Metaspace: 3157K(4864K)->3157K(4864K) NonClass: 2851K(4352K)->2851K(4352K) Class: 305K(512K)->305K(512K)
[2026-06-17T09:51:50.872+0800][9.618s][info][gc             ] GC(395) Pause Young (Allocation Failure) 50M->43M(57M) 3.137ms
[2026-06-17T09:51:50.872+0800][9.618s][info][gc,cpu         ] GC(395) User=0.01s Sys=0.00s Real=0.01s
[2026-06-17T09:51:50.895+0800][9.641s][info][gc,start       ] GC(396) Pause Young (Allocation Failure)
[2026-06-17T09:51:50.897+0800][9.643s][info][gc,heap        ] GC(396) PSYoungGen: 12003K->4359K(14336K)
[2026-06-17T09:51:50.898+0800][9.643s][info][gc,heap        ] GC(396) ParOldGen: 39631K->40450K(44032K)
[2026-06-17T09:51:50.898+0800][9.644s][info][gc,metaspace   ] GC(396) Metaspace: 3157K(4864K)->3157K(4864K) NonClass: 2851K(4352K)->2851K(4352K) Class: 305K(512K)->305K(512K)
[2026-06-17T09:51:50.899+0800][9.645s][info][gc             ] GC(396) Pause Young (Allocation Failure) 50M->43M(57M) 4.705ms
[2026-06-17T09:51:50.900+0800][9.646s][info][gc,cpu         ] GC(396) User=0.00s Sys=0.00s Real=0.00s
[2026-06-17T09:51:50.922+0800][9.668s][info][gc,start       ] GC(397) Pause Young (Allocation Failure)
[2026-06-17T09:51:50.925+0800][9.671s][info][gc,heap        ] GC(397) PSYoungGen: 11499K->3094K(14336K)
[2026-06-17T09:51:50.925+0800][9.671s][info][gc,heap        ] GC(397) ParOldGen: 40450K->42056K(44032K)
[2026-06-17T09:51:50.925+0800][9.671s][info][gc,metaspace   ] GC(397) Metaspace: 3157K(4864K)->3157K(4864K) NonClass: 2851K(4352K)->2851K(4352K) Class: 305K(512K)->305K(512K)
[2026-06-17T09:51:50.926+0800][9.672s][info][gc             ] GC(397) Pause Young (Allocation Failure) 50M->44M(57M) 3.684ms
[2026-06-17T09:51:50.926+0800][9.672s][info][gc,cpu         ] GC(397) User=0.00s Sys=0.00s Real=0.01s
[2026-06-17T09:51:50.926+0800][9.672s][info][gc,start       ] GC(398) Pause Full (Ergonomics)
[2026-06-17T09:51:50.926+0800][9.672s][info][gc,phases,start] GC(398) Marking Phase
[2026-06-17T09:51:50.927+0800][9.673s][info][gc,phases      ] GC(398) Marking Phase 0.791ms
[2026-06-17T09:51:50.927+0800][9.673s][info][gc,phases,start] GC(398) Summary Phase
[2026-06-17T09:51:50.928+0800][9.674s][info][gc,phases      ] GC(398) Summary Phase 0.296ms
[2026-06-17T09:51:50.928+0800][9.674s][info][gc,phases,start] GC(398) Adjust Roots
[2026-06-17T09:51:50.928+0800][9.674s][info][gc,phases      ] GC(398) Adjust Roots 0.248ms
[2026-06-17T09:51:50.928+0800][9.674s][info][gc,phases,start] GC(398) Compaction Phase
[2026-06-17T09:51:50.930+0800][9.676s][info][gc,phases      ] GC(398) Compaction Phase 1.502ms
[2026-06-17T09:51:50.930+0800][9.676s][info][gc,phases,start] GC(398) Post Compact
[2026-06-17T09:51:50.930+0800][9.676s][info][gc,phases      ] GC(398) Post Compact 0.203ms
[2026-06-17T09:51:50.930+0800][9.676s][info][gc,heap        ] GC(398) PSYoungGen: 3094K->0K(14336K)
[2026-06-17T09:51:50.931+0800][9.676s][info][gc,heap        ] GC(398) ParOldGen: 42056K->21461K(44032K)
[2026-06-17T09:51:50.931+0800][9.677s][info][gc,metaspace   ] GC(398) Metaspace: 3157K(4864K)->3157K(4864K) NonClass: 2851K(4352K)->2851K(4352K) Class: 305K(512K)->305K(512K)
[2026-06-17T09:51:50.931+0800][9.677s][info][gc             ] GC(398) Pause Full (Ergonomics) 44M->20M(57M) 4.675ms
[2026-06-17T09:51:50.931+0800][9.677s][info][gc,cpu         ] GC(398) User=0.01s Sys=0.00s Real=0.01s
[2026-06-17T09:51:50.942+0800][9.688s][info][gc,start       ] GC(399) Pause Young (Allocation Failure)
[2026-06-17T09:51:50.943+0800][9.688s][info][gc,heap        ] GC(399) PSYoungGen: 6814K->3360K(14848K)
[2026-06-17T09:51:50.943+0800][9.689s][info][gc,heap        ] GC(399) ParOldGen: 21461K->21461K(44032K)
[2026-06-17T09:51:50.943+0800][9.689s][info][gc,metaspace   ] GC(399) Metaspace: 3157K(4864K)->3157K(4864K) NonClass: 2851K(4352K)->2851K(4352K) Class: 305K(512K)->305K(512K)
[2026-06-17T09:51:50.943+0800][9.689s][info][gc             ] GC(399) Pause Young (Allocation Failure) 27M->24M(57M) 1.282ms
[2026-06-17T09:51:50.943+0800][9.689s][info][gc,cpu         ] GC(399) User=0.00s Sys=0.00s Real=0.01s
[2026-06-17T09:51:50.964+0800][9.710s][info][gc,start       ] GC(400) Pause Young (Allocation Failure)
[2026-06-17T09:51:50.966+0800][9.711s][info][gc,heap        ] GC(400) PSYoungGen: 11031K->6642K(14336K)
[2026-06-17T09:51:50.966+0800][9.712s][info][gc,heap        ] GC(400) ParOldGen: 21461K->22254K(44032K)
[2026-06-17T09:51:50.967+0800][9.713s][info][gc,metaspace   ] GC(400) Metaspace: 3157K(4864K)->3157K(4864K) NonClass: 2851K(4352K)->2851K(4352K) Class: 305K(512K)->305K(512K)
[2026-06-17T09:51:50.967+0800][9.713s][info][gc             ] GC(400) Pause Young (Allocation Failure) 31M->28M(57M) 2.703ms
[2026-06-17T09:51:50.967+0800][9.713s][info][gc,cpu         ] GC(400) User=0.00s Sys=0.00s Real=0.00s
[2026-06-17T09:51:50.989+0800][9.734s][info][gc,start       ] GC(401) Pause Young (Allocation Failure)
[2026-06-17T09:51:50.990+0800][9.736s][info][gc,heap        ] GC(401) PSYoungGen: 14322K->3753K(14336K)
[2026-06-17T09:51:50.991+0800][9.737s][info][gc,heap        ] GC(401) ParOldGen: 22254K->25845K(44032K)
[2026-06-17T09:51:50.991+0800][9.737s][info][gc,metaspace   ] GC(401) Metaspace: 3157K(4864K)->3157K(4864K) NonClass: 2851K(4352K)->2851K(4352K) Class: 305K(512K)->305K(512K)
[2026-06-17T09:51:50.991+0800][9.737s][info][gc             ] GC(401) Pause Young (Allocation Failure) 35M->28M(57M) 2.748ms
[2026-06-17T09:51:50.992+0800][9.737s][info][gc,cpu         ] GC(401) User=0.00s Sys=0.00s Real=0.01s
[2026-06-17T09:51:51.013+0800][9.759s][info][gc,start       ] GC(402) Pause Young (Allocation Failure)
[2026-06-17T09:51:51.014+0800][9.760s][info][gc,heap        ] GC(402) PSYoungGen: 10921K->2501K(14336K)
[2026-06-17T09:51:51.015+0800][9.761s][info][gc,heap        ] GC(402) ParOldGen: 25845K->27707K(44032K)
[2026-06-17T09:51:51.015+0800][9.761s][info][gc,metaspace   ] GC(402) Metaspace: 3157K(4864K)->3157K(4864K) NonClass: 2851K(4352K)->2851K(4352K) Class: 305K(512K)->305K(512K)
[2026-06-17T09:51:51.016+0800][9.761s][info][gc             ] GC(402) Pause Young (Allocation Failure) 35M->29M(57M) 2.538ms
[2026-06-17T09:51:51.016+0800][9.762s][info][gc,cpu         ] GC(402) User=0.01s Sys=0.00s Real=0.00s
[2026-06-17T09:51:51.027+0800][9.773s][info][gc,start       ] GC(403) Pause Young (Allocation Failure)
[2026-06-17T09:51:51.029+0800][9.775s][info][gc,heap        ] GC(403) PSYoungGen: 9623K->5819K(14336K)
[2026-06-17T09:51:51.030+0800][9.776s][info][gc,heap        ] GC(403) ParOldGen: 27707K->27707K(44032K)
[2026-06-17T09:51:51.031+0800][9.776s][info][gc,metaspace   ] GC(403) Metaspace: 3157K(4864K)->3157K(4864K) NonClass: 2851K(4352K)->2851K(4352K) Class: 305K(512K)->305K(512K)
[2026-06-17T09:51:51.031+0800][9.777s][info][gc             ] GC(403) Pause Young (Allocation Failure) 36M->32M(57M) 3.922ms
[2026-06-17T09:51:51.032+0800][9.778s][info][gc,cpu         ] GC(403) User=0.00s Sys=0.00s Real=0.01s
[2026-06-17T09:51:51.054+0800][9.800s][info][gc,start       ] GC(404) Pause Young (Allocation Failure)
[2026-06-17T09:51:51.057+0800][9.802s][info][gc,heap        ] GC(404) PSYoungGen: 12987K->2422K(14336K)
[2026-06-17T09:51:51.057+0800][9.803s][info][gc,heap        ] GC(404) ParOldGen: 27707K->31074K(44032K)
[2026-06-17T09:51:51.058+0800][9.804s][info][gc,metaspace   ] GC(404) Metaspace: 3157K(4864K)->3157K(4864K) NonClass: 2851K(4352K)->2851K(4352K) Class: 305K(512K)->305K(512K)
[2026-06-17T09:51:51.059+0800][9.804s][info][gc             ] GC(404) Pause Young (Allocation Failure) 39M->32M(57M) 4.541ms
[2026-06-17T09:51:51.059+0800][9.805s][info][gc,cpu         ] GC(404) User=0.00s Sys=0.01s Real=0.00s
[2026-06-17T09:51:51.082+0800][9.827s][info][gc,start       ] GC(405) Pause Young (Allocation Failure)
[2026-06-17T09:51:51.084+0800][9.829s][info][gc,heap        ] GC(405) PSYoungGen: 9590K->2644K(14336K)
[2026-06-17T09:51:51.084+0800][9.830s][info][gc,heap        ] GC(405) ParOldGen: 31074K->31074K(44032K)
[2026-06-17T09:51:51.085+0800][9.831s][info][gc,metaspace   ] GC(405) Metaspace: 3157K(4864K)->3157K(4864K) NonClass: 2851K(4352K)->2851K(4352K) Class: 305K(512K)->305K(512K)
[2026-06-17T09:51:51.086+0800][9.832s][info][gc             ] GC(405) Pause Young (Allocation Failure) 39M->32M(57M) 4.234ms
[2026-06-17T09:51:51.086+0800][9.832s][info][gc,cpu         ] GC(405) User=0.00s Sys=0.00s Real=0.01s
[2026-06-17T09:51:51.100+0800][9.846s][info][gc,start       ] GC(406) Pause Young (Allocation Failure)
[2026-06-17T09:51:51.102+0800][9.848s][info][gc,heap        ] GC(406) PSYoungGen: 9781K->1018K(14336K)
[2026-06-17T09:51:51.103+0800][9.849s][info][gc,heap        ] GC(406) ParOldGen: 31074K->32944K(44032K)
[2026-06-17T09:51:51.104+0800][9.850s][info][gc,metaspace   ] GC(406) Metaspace: 3157K(4864K)->3157K(4864K) NonClass: 2851K(4352K)->2851K(4352K) Class: 305K(512K)->305K(512K)
[2026-06-17T09:51:51.105+0800][9.850s][info][gc             ] GC(406) Pause Young (Allocation Failure) 39M->33M(57M) 4.830ms
[2026-06-17T09:51:51.105+0800][9.851s][info][gc,cpu         ] GC(406) User=0.00s Sys=0.00s Real=0.01s
[2026-06-17T09:51:51.128+0800][9.873s][info][gc,start       ] GC(407) Pause Young (Allocation Failure)
[2026-06-17T09:51:51.130+0800][9.875s][info][gc,heap        ] GC(407) PSYoungGen: 8162K->3720K(14336K)
[2026-06-17T09:51:51.130+0800][9.876s][info][gc,heap        ] GC(407) ParOldGen: 32944K->33938K(44032K)
[2026-06-17T09:51:51.131+0800][9.877s][info][gc,metaspace   ] GC(407) Metaspace: 3157K(4864K)->3157K(4864K) NonClass: 2851K(4352K)->2851K(4352K) Class: 305K(512K)->305K(512K)
[2026-06-17T09:51:51.131+0800][9.877s][info][gc             ] GC(407) Pause Young (Allocation Failure) 40M->36M(57M) 3.645ms
[2026-06-17T09:51:51.132+0800][9.878s][info][gc,cpu         ] GC(407) User=0.01s Sys=0.00s Real=0.01s
[2026-06-17T09:51:51.153+0800][9.899s][info][gc,start       ] GC(408) Pause Young (Allocation Failure)
[2026-06-17T09:51:51.157+0800][9.902s][info][gc,heap        ] GC(408) PSYoungGen: 10882K->3289K(14336K)
[2026-06-17T09:51:51.157+0800][9.903s][info][gc,heap        ] GC(408) ParOldGen: 33938K->34768K(44032K)
[2026-06-17T09:51:51.158+0800][9.904s][info][gc,metaspace   ] GC(408) Metaspace: 3157K(4864K)->3157K(4864K) NonClass: 2851K(4352K)->2851K(4352K) Class: 305K(512K)->305K(512K)
[2026-06-17T09:51:51.158+0800][9.904s][info][gc             ] GC(408) Pause Young (Allocation Failure) 43M->37M(57M) 4.888ms
[2026-06-17T09:51:51.161+0800][9.907s][info][gc,cpu         ] GC(408) User=0.00s Sys=0.00s Real=0.00s
[2026-06-17T09:51:51.184+0800][9.930s][info][gc,start       ] GC(409) Pause Young (Allocation Failure)
[2026-06-17T09:51:51.185+0800][9.931s][info][gc,heap        ] GC(409) PSYoungGen: 10428K->1790K(14336K)
[2026-06-17T09:51:51.185+0800][9.931s][info][gc,heap        ] GC(409) ParOldGen: 34768K->36949K(44032K)
[2026-06-17T09:51:51.186+0800][9.931s][info][gc,metaspace   ] GC(409) Metaspace: 3157K(4864K)->3157K(4864K) NonClass: 2851K(4352K)->2851K(4352K) Class: 305K(512K)->305K(512K)
[2026-06-17T09:51:51.186+0800][9.932s][info][gc             ] GC(409) Pause Young (Allocation Failure) 44M->37M(57M) 2.018ms
[2026-06-17T09:51:51.187+0800][9.933s][info][gc,cpu         ] GC(409) User=0.00s Sys=0.01s Real=0.00s
[2026-06-17T09:51:51.209+0800][9.954s][info][gc,start       ] GC(410) Pause Young (Allocation Failure)
[2026-06-17T09:51:51.210+0800][9.955s][info][gc,heap        ] GC(410) PSYoungGen: 8900K->2445K(14336K)
[2026-06-17T09:51:51.210+0800][9.956s][info][gc,heap        ] GC(410) ParOldGen: 36949K->36949K(44032K)
[2026-06-17T09:51:51.210+0800][9.956s][info][gc,metaspace   ] GC(410) Metaspace: 3157K(4864K)->3157K(4864K) NonClass: 2851K(4352K)->2851K(4352K) Class: 305K(512K)->305K(512K)
[2026-06-17T09:51:51.211+0800][9.956s][info][gc             ] GC(410) Pause Young (Allocation Failure) 44M->38M(57M) 2.091ms
[2026-06-17T09:51:51.211+0800][9.957s][info][gc,cpu         ] GC(410) User=0.00s Sys=0.00s Real=0.01s
[2026-06-17T09:51:51.222+0800][9.968s][info][gc,start       ] GC(411) Pause Young (Allocation Failure)
[2026-06-17T09:51:51.223+0800][9.969s][info][gc,heap        ] GC(411) PSYoungGen: 9572K->415K(14336K)
[2026-06-17T09:51:51.223+0800][9.969s][info][gc,heap        ] GC(411) ParOldGen: 36949K->38997K(44032K)
[2026-06-17T09:51:51.224+0800][9.969s][info][gc,metaspace   ] GC(411) Metaspace: 3157K(4864K)->3157K(4864K) NonClass: 2851K(4352K)->2851K(4352K) Class: 305K(512K)->305K(512K)
[2026-06-17T09:51:51.224+0800][9.970s][info][gc             ] GC(411) Pause Young (Allocation Failure) 45M->38M(57M) 1.740ms
[2026-06-17T09:51:51.224+0800][9.970s][info][gc,cpu         ] GC(411) User=0.00s Sys=0.00s Real=0.01s
[2026-06-17T09:51:51.246+0800][9.992s][info][gc,start       ] GC(412) Pause Young (Allocation Failure)
[2026-06-17T09:51:51.248+0800][9.994s][info][gc,heap        ] GC(412) PSYoungGen: 7547K->3633K(14336K)
[2026-06-17T09:51:51.249+0800][9.995s][info][gc,heap        ] GC(412) ParOldGen: 38997K->39388K(44032K)
[2026-06-17T09:51:51.249+0800][9.995s][info][gc,metaspace   ] GC(412) Metaspace: 3157K(4864K)->3157K(4864K) NonClass: 2851K(4352K)->2851K(4352K) Class: 305K(512K)->305K(512K)
[2026-06-17T09:51:51.250+0800][9.996s][info][gc             ] GC(412) Pause Young (Allocation Failure) 45M->42M(57M) 4.025ms
[2026-06-17T09:51:51.250+0800][9.996s][info][gc,cpu         ] GC(412) User=0.00s Sys=0.00s Real=0.00s
[2026-06-17T09:51:51.262+0800][10.008s][info][gc,start       ] GC(413) Pause Young (Allocation Failure)
[2026-06-17T09:51:51.264+0800][10.010s][info][gc,heap        ] GC(413) PSYoungGen: 10750K->2192K(14848K)
[2026-06-17T09:51:51.264+0800][10.010s][info][gc,heap        ] GC(413) ParOldGen: 39388K->41094K(44032K)
[2026-06-17T09:51:51.265+0800][10.011s][info][gc,metaspace   ] GC(413) Metaspace: 3157K(4864K)->3157K(4864K) NonClass: 2851K(4352K)->2851K(4352K) Class: 305K(512K)->305K(512K)
[2026-06-17T09:51:51.266+0800][10.012s][info][gc             ] GC(413) Pause Young (Allocation Failure) 48M->42M(57M) 3.454ms
[2026-06-17T09:51:51.266+0800][10.012s][info][gc,cpu         ] GC(413) User=0.00s Sys=0.00s Real=0.01s
[2026-06-17T09:51:51.267+0800][10.013s][info][gc,start       ] GC(414) Pause Full (Ergonomics)
[2026-06-17T09:51:51.268+0800][10.013s][info][gc,phases,start] GC(414) Marking Phase
[2026-06-17T09:51:51.270+0800][10.016s][info][gc,phases      ] GC(414) Marking Phase 2.104ms
[2026-06-17T09:51:51.270+0800][10.016s][info][gc,phases,start] GC(414) Summary Phase
[2026-06-17T09:51:51.271+0800][10.017s][info][gc,phases      ] GC(414) Summary Phase 0.572ms
[2026-06-17T09:51:51.271+0800][10.017s][info][gc,phases,start] GC(414) Adjust Roots
[2026-06-17T09:51:51.272+0800][10.018s][info][gc,phases      ] GC(414) Adjust Roots 0.720ms
[2026-06-17T09:51:51.273+0800][10.018s][info][gc,phases,start] GC(414) Compaction Phase
[2026-06-17T09:51:51.275+0800][10.021s][info][gc,phases      ] GC(414) Compaction Phase 2.436ms
[2026-06-17T09:51:51.276+0800][10.021s][info][gc,phases,start] GC(414) Post Compact
[2026-06-17T09:51:51.276+0800][10.022s][info][gc,phases      ] GC(414) Post Compact 0.514ms
[2026-06-17T09:51:51.277+0800][10.022s][info][gc,heap        ] GC(414) PSYoungGen: 2192K->0K(14336K)
[2026-06-17T09:51:51.278+0800][10.024s][info][gc,heap        ] GC(414) ParOldGen: 41094K->29938K(44032K)
[2026-06-17T09:51:51.278+0800][10.024s][info][gc,metaspace   ] GC(414) Metaspace: 3157K(4864K)->3157K(4864K) NonClass: 2851K(4352K)->2851K(4352K) Class: 305K(512K)->305K(512K)
[2026-06-17T09:51:51.279+0800][10.025s][info][gc             ] GC(414) Pause Full (Ergonomics) 42M->29M(57M) 12.026ms
[2026-06-17T09:51:51.280+0800][10.026s][info][gc,cpu         ] GC(414) User=0.01s Sys=0.00s Real=0.01s
[2026-06-17T09:51:51.315+0800][10.061s][info][gc,start       ] GC(415) Pause Young (Allocation Failure)
[2026-06-17T09:51:51.317+0800][10.063s][info][gc,heap        ] GC(415) PSYoungGen: 7680K->985K(14848K)
[2026-06-17T09:51:51.318+0800][10.064s][info][gc,heap        ] GC(415) ParOldGen: 29938K->29938K(44032K)
[2026-06-17T09:51:51.318+0800][10.064s][info][gc,metaspace   ] GC(415) Metaspace: 3157K(4864K)->3157K(4864K) NonClass: 2851K(4352K)->2851K(4352K) Class: 305K(512K)->305K(512K)
[2026-06-17T09:51:51.319+0800][10.065s][info][gc             ] GC(415) Pause Young (Allocation Failure) 36M->30M(57M) 3.973ms
[2026-06-17T09:51:51.320+0800][10.066s][info][gc,cpu         ] GC(415) User=0.00s Sys=0.00s Real=0.00s
[2026-06-17T09:51:51.332+0800][10.078s][info][gc,start       ] GC(416) Pause Young (Allocation Failure)
[2026-06-17T09:51:51.334+0800][10.080s][info][gc,heap        ] GC(416) PSYoungGen: 9162K->4849K(13312K)
[2026-06-17T09:51:51.335+0800][10.081s][info][gc,heap        ] GC(416) ParOldGen: 29938K->30756K(44032K)
[2026-06-17T09:51:51.336+0800][10.081s][info][gc,metaspace   ] GC(416) Metaspace: 3157K(4864K)->3157K(4864K) NonClass: 2851K(4352K)->2851K(4352K) Class: 305K(512K)->305K(512K)
[2026-06-17T09:51:51.337+0800][10.083s][info][gc             ] GC(416) Pause Young (Allocation Failure) 38M->34M(56M) 4.713ms
[2026-06-17T09:51:51.337+0800][10.083s][info][gc,cpu         ] GC(416) User=0.01s Sys=0.00s Real=0.00s
[2026-06-17T09:51:51.360+0800][10.106s][info][gc,start       ] GC(417) Pause Young (Allocation Failure)
[2026-06-17T09:51:51.361+0800][10.107s][info][gc,heap        ] GC(417) PSYoungGen: 13033K->610K(14336K)
[2026-06-17T09:51:51.362+0800][10.108s][info][gc,heap        ] GC(417) ParOldGen: 30756K->32450K(44032K)
[2026-06-17T09:51:51.362+0800][10.108s][info][gc,metaspace   ] GC(417) Metaspace: 3157K(4864K)->3157K(4864K) NonClass: 2851K(4352K)->2851K(4352K) Class: 305K(512K)->305K(512K)
[2026-06-17T09:51:51.363+0800][10.108s][info][gc             ] GC(417) Pause Young (Allocation Failure) 42M->32M(57M) 2.770ms
[2026-06-17T09:51:51.363+0800][10.109s][info][gc,cpu         ] GC(417) User=0.00s Sys=0.00s Real=0.01s
[2026-06-17T09:51:51.384+0800][10.130s][info][gc,start       ] GC(418) Pause Young (Allocation Failure)
[2026-06-17T09:51:51.385+0800][10.131s][info][gc,heap        ] GC(418) PSYoungGen: 7761K->4002K(14336K)
[2026-06-17T09:51:51.385+0800][10.131s][info][gc,heap        ] GC(418) ParOldGen: 32450K->33036K(44032K)
[2026-06-17T09:51:51.385+0800][10.131s][info][gc,metaspace   ] GC(418) Metaspace: 3157K(4864K)->3157K(4864K) NonClass: 2851K(4352K)->2851K(4352K) Class: 305K(512K)->305K(512K)
[2026-06-17T09:51:51.385+0800][10.131s][info][gc             ] GC(418) Pause Young (Allocation Failure) 39M->36M(57M) 1.269ms
[2026-06-17T09:51:51.386+0800][10.131s][info][gc,cpu         ] GC(418) User=0.00s Sys=0.00s Real=0.00s
[2026-06-17T09:51:51.407+0800][10.153s][info][gc,start       ] GC(419) Pause Young (Allocation Failure)
[2026-06-17T09:51:51.408+0800][10.154s][info][gc,heap        ] GC(419) PSYoungGen: 11140K->2865K(14848K)
[2026-06-17T09:51:51.409+0800][10.154s][info][gc,heap        ] GC(419) ParOldGen: 33036K->34426K(44032K)
[2026-06-17T09:51:51.409+0800][10.155s][info][gc,metaspace   ] GC(419) Metaspace: 3157K(4864K)->3157K(4864K) NonClass: 2851K(4352K)->2851K(4352K) Class: 305K(512K)->305K(512K)
[2026-06-17T09:51:51.409+0800][10.155s][info][gc             ] GC(419) Pause Young (Allocation Failure) 43M->36M(57M) 2.727ms
[2026-06-17T09:51:51.410+0800][10.156s][info][gc,cpu         ] GC(419) User=0.00s Sys=0.00s Real=0.00s
[2026-06-17T09:51:51.431+0800][10.177s][info][gc,start       ] GC(420) Pause Young (Allocation Failure)
[2026-06-17T09:51:51.434+0800][10.180s][info][gc,heap        ] GC(420) PSYoungGen: 10537K->2189K(14336K)
[2026-06-17T09:51:51.438+0800][10.184s][info][gc,heap        ] GC(420) ParOldGen: 34426K->36239K(44032K)
[2026-06-17T09:51:51.439+0800][10.185s][info][gc,metaspace   ] GC(420) Metaspace: 3157K(4864K)->3157K(4864K) NonClass: 2851K(4352K)->2851K(4352K) Class: 305K(512K)->305K(512K)
[2026-06-17T09:51:51.441+0800][10.187s][info][gc             ] GC(420) Pause Young (Allocation Failure) 43M->37M(57M) 10.258ms
[2026-06-17T09:51:51.444+0800][10.189s][info][gc,cpu         ] GC(420) User=0.00s Sys=0.00s Real=0.01s
[2026-06-17T09:51:51.467+0800][10.213s][info][gc,start       ] GC(421) Pause Young (Allocation Failure)
[2026-06-17T09:51:51.469+0800][10.215s][info][gc,heap        ] GC(421) PSYoungGen: 9865K->2669K(15360K)
[2026-06-17T09:51:51.469+0800][10.215s][info][gc,heap        ] GC(421) ParOldGen: 36239K->36239K(44032K)
[2026-06-17T09:51:51.470+0800][10.216s][info][gc,metaspace   ] GC(421) Metaspace: 3157K(4864K)->3157K(4864K) NonClass: 2851K(4352K)->2851K(4352K) Class: 305K(512K)->305K(512K)
[2026-06-17T09:51:51.470+0800][10.216s][info][gc             ] GC(421) Pause Young (Allocation Failure) 45M->37M(58M) 3.164ms
[2026-06-17T09:51:51.471+0800][10.217s][info][gc,cpu         ] GC(421) User=0.01s Sys=0.00s Real=0.01s
[2026-06-17T09:51:51.493+0800][10.239s][info][gc,start       ] GC(422) Pause Young (Allocation Failure)
[2026-06-17T09:51:51.496+0800][10.242s][info][gc,heap        ] GC(422) PSYoungGen: 11366K->4387K(14848K)
[2026-06-17T09:51:51.499+0800][10.245s][info][gc,heap        ] GC(422) ParOldGen: 36239K->36239K(44032K)
[2026-06-17T09:51:51.502+0800][10.248s][info][gc,metaspace   ] GC(422) Metaspace: 3157K(4864K)->3157K(4864K) NonClass: 2851K(4352K)->2851K(4352K) Class: 305K(512K)->305K(512K)
[2026-06-17T09:51:51.505+0800][10.250s][info][gc             ] GC(422) Pause Young (Allocation Failure) 46M->39M(57M) 11.577ms
[2026-06-17T09:51:51.507+0800][10.253s][info][gc,cpu         ] GC(422) User=0.00s Sys=0.01s Real=0.01s
[2026-06-17T09:51:51.530+0800][10.275s][info][gc,start       ] GC(423) Pause Young (Allocation Failure)
[2026-06-17T09:51:51.531+0800][10.277s][info][gc,heap        ] GC(423) PSYoungGen: 13068K->6157K(13824K)
[2026-06-17T09:51:51.531+0800][10.277s][info][gc,heap        ] GC(423) ParOldGen: 36239K->36239K(44032K)
[2026-06-17T09:51:51.532+0800][10.277s][info][gc,metaspace   ] GC(423) Metaspace: 3157K(4864K)->3157K(4864K) NonClass: 2851K(4352K)->2851K(4352K) Class: 305K(512K)->305K(512K)
[2026-06-17T09:51:51.532+0800][10.278s][info][gc             ] GC(423) Pause Young (Allocation Failure) 48M->41M(56M) 2.260ms
[2026-06-17T09:51:51.532+0800][10.278s][info][gc,cpu         ] GC(423) User=0.00s Sys=0.00s Real=0.01s
[2026-06-17T09:51:51.544+0800][10.290s][info][gc,start       ] GC(424) Pause Young (Allocation Failure)
[2026-06-17T09:51:51.545+0800][10.291s][info][gc,heap        ] GC(424) PSYoungGen: 13324K->7096K(14336K)
[2026-06-17T09:51:51.545+0800][10.291s][info][gc,heap        ] GC(424) ParOldGen: 36239K->39037K(44032K)
[2026-06-17T09:51:51.546+0800][10.292s][info][gc,metaspace   ] GC(424) Metaspace: 3157K(4864K)->3157K(4864K) NonClass: 2851K(4352K)->2851K(4352K) Class: 305K(512K)->305K(512K)
[2026-06-17T09:51:51.546+0800][10.292s][info][gc             ] GC(424) Pause Young (Allocation Failure) 48M->45M(57M) 2.301ms
[2026-06-17T09:51:51.546+0800][10.292s][info][gc,cpu         ] GC(424) User=0.00s Sys=0.00s Real=0.00s
[2026-06-17T09:51:51.568+0800][10.314s][info][gc,start       ] GC(425) Pause Young (Allocation Failure)
[2026-06-17T09:51:51.570+0800][10.316s][info][gc,heap        ] GC(425) PSYoungGen: 14243K->3713K(14336K)
[2026-06-17T09:51:51.570+0800][10.316s][info][gc,heap        ] GC(425) ParOldGen: 39037K->42444K(44032K)
[2026-06-17T09:51:51.571+0800][10.317s][info][gc,metaspace   ] GC(425) Metaspace: 3157K(4864K)->3157K(4864K) NonClass: 2851K(4352K)->2851K(4352K) Class: 305K(512K)->305K(512K)
[2026-06-17T09:51:51.571+0800][10.317s][info][gc             ] GC(425) Pause Young (Allocation Failure) 52M->45M(57M) 3.529ms
[2026-06-17T09:51:51.572+0800][10.318s][info][gc,cpu         ] GC(425) User=0.00s Sys=0.00s Real=0.01s
[2026-06-17T09:51:51.572+0800][10.318s][info][gc,start       ] GC(426) Pause Full (Ergonomics)
[2026-06-17T09:51:51.573+0800][10.319s][info][gc,phases,start] GC(426) Marking Phase
[2026-06-17T09:51:51.574+0800][10.320s][info][gc,phases      ] GC(426) Marking Phase 1.697ms
[2026-06-17T09:51:51.575+0800][10.320s][info][gc,phases,start] GC(426) Summary Phase
[2026-06-17T09:51:51.575+0800][10.321s][info][gc,phases      ] GC(426) Summary Phase 0.277ms
[2026-06-17T09:51:51.575+0800][10.321s][info][gc,phases,start] GC(426) Adjust Roots
[2026-06-17T09:51:51.576+0800][10.321s][info][gc,phases      ] GC(426) Adjust Roots 0.369ms
[2026-06-17T09:51:51.576+0800][10.322s][info][gc,phases,start] GC(426) Compaction Phase
[2026-06-17T09:51:51.578+0800][10.324s][info][gc,phases      ] GC(426) Compaction Phase 2.126ms
[2026-06-17T09:51:51.578+0800][10.324s][info][gc,phases,start] GC(426) Post Compact
[2026-06-17T09:51:51.579+0800][10.325s][info][gc,phases      ] GC(426) Post Compact 0.312ms
[2026-06-17T09:51:51.579+0800][10.325s][info][gc,heap        ] GC(426) PSYoungGen: 3713K->0K(14336K)
[2026-06-17T09:51:51.579+0800][10.325s][info][gc,heap        ] GC(426) ParOldGen: 42444K->26196K(44032K)
[2026-06-17T09:51:51.579+0800][10.325s][info][gc,metaspace   ] GC(426) Metaspace: 3157K(4864K)->3157K(4864K) NonClass: 2851K(4352K)->2851K(4352K) Class: 305K(512K)->305K(512K)
[2026-06-17T09:51:51.580+0800][10.325s][info][gc             ] GC(426) Pause Full (Ergonomics) 45M->25M(57M) 7.276ms
[2026-06-17T09:51:51.580+0800][10.326s][info][gc,cpu         ] GC(426) User=0.01s Sys=0.00s Real=0.00s
[2026-06-17T09:51:51.601+0800][10.347s][info][gc,start       ] GC(427) Pause Young (Allocation Failure)
[2026-06-17T09:51:51.603+0800][10.349s][info][gc,heap        ] GC(427) PSYoungGen: 7153K->3597K(14336K)
[2026-06-17T09:51:51.603+0800][10.349s][info][gc,heap        ] GC(427) ParOldGen: 26196K->26196K(44032K)
[2026-06-17T09:51:51.603+0800][10.349s][info][gc,metaspace   ] GC(427) Metaspace: 3157K(4864K)->3157K(4864K) NonClass: 2851K(4352K)->2851K(4352K) Class: 305K(512K)->305K(512K)
[2026-06-17T09:51:51.604+0800][10.350s][info][gc             ] GC(427) Pause Young (Allocation Failure) 32M->29M(57M) 2.595ms
[2026-06-17T09:51:51.604+0800][10.350s][info][gc,cpu         ] GC(427) User=0.00s Sys=0.00s Real=0.01s
[2026-06-17T09:51:51.615+0800][10.361s][info][gc,start       ] GC(428) Pause Young (Allocation Failure)
[2026-06-17T09:51:51.616+0800][10.362s][info][gc,heap        ] GC(428) PSYoungGen: 10553K->277K(14336K)
[2026-06-17T09:51:51.616+0800][10.362s][info][gc,heap        ] GC(428) ParOldGen: 26196K->29180K(44032K)
[2026-06-17T09:51:51.616+0800][10.362s][info][gc,metaspace   ] GC(428) Metaspace: 3157K(4864K)->3157K(4864K) NonClass: 2851K(4352K)->2851K(4352K) Class: 305K(512K)->305K(512K)
[2026-06-17T09:51:51.617+0800][10.363s][info][gc             ] GC(428) Pause Young (Allocation Failure) 35M->28M(57M) 1.761ms
[2026-06-17T09:51:51.617+0800][10.363s][info][gc,cpu         ] GC(428) User=0.00s Sys=0.00s Real=0.00s
[2026-06-17T09:51:51.638+0800][10.384s][info][gc,start       ] GC(429) Pause Young (Allocation Failure)
[2026-06-17T09:51:51.639+0800][10.385s][info][gc,heap        ] GC(429) PSYoungGen: 7443K->3803K(14336K)
[2026-06-17T09:51:51.640+0800][10.385s][info][gc,heap        ] GC(429) ParOldGen: 29180K->29433K(44032K)
[2026-06-17T09:51:51.640+0800][10.386s][info][gc,metaspace   ] GC(429) Metaspace: 3157K(4864K)->3157K(4864K) NonClass: 2851K(4352K)->2851K(4352K) Class: 305K(512K)->305K(512K)
[2026-06-17T09:51:51.640+0800][10.386s][info][gc             ] GC(429) Pause Young (Allocation Failure) 35M->32M(57M) 2.067ms
[2026-06-17T09:51:51.641+0800][10.386s][info][gc,cpu         ] GC(429) User=0.00s Sys=0.00s Real=0.00s
[2026-06-17T09:51:51.663+0800][10.408s][info][gc,start       ] GC(430) Pause Young (Allocation Failure)
[2026-06-17T09:51:51.663+0800][10.409s][info][gc,heap        ] GC(430) PSYoungGen: 10965K->2568K(14336K)
[2026-06-17T09:51:51.664+0800][10.410s][info][gc,heap        ] GC(430) ParOldGen: 29433K->31000K(44032K)
[2026-06-17T09:51:51.664+0800][10.410s][info][gc,metaspace   ] GC(430) Metaspace: 3157K(4864K)->3157K(4864K) NonClass: 2851K(4352K)->2851K(4352K) Class: 305K(512K)->305K(512K)
[2026-06-17T09:51:51.665+0800][10.411s][info][gc             ] GC(430) Pause Young (Allocation Failure) 39M->32M(57M) 2.374ms
[2026-06-17T09:51:51.665+0800][10.411s][info][gc,cpu         ] GC(430) User=0.00s Sys=0.00s Real=0.00s
[2026-06-17T09:51:51.687+0800][10.433s][info][gc,start       ] GC(431) Pause Young (Allocation Failure)
[2026-06-17T09:51:51.688+0800][10.434s][info][gc,heap        ] GC(431) PSYoungGen: 9722K->670K(14336K)
[2026-06-17T09:51:51.689+0800][10.434s][info][gc,heap        ] GC(431) ParOldGen: 31000K->33101K(44032K)
[2026-06-17T09:51:51.689+0800][10.435s][info][gc,metaspace   ] GC(431) Metaspace: 3157K(4864K)->3157K(4864K) NonClass: 2851K(4352K)->2851K(4352K) Class: 305K(512K)->305K(512K)
[2026-06-17T09:51:51.689+0800][10.435s][info][gc             ] GC(431) Pause Young (Allocation Failure) 39M->32M(57M) 2.229ms
[2026-06-17T09:51:51.689+0800][10.435s][info][gc,cpu         ] GC(431) User=0.00s Sys=0.00s Real=0.00s
[2026-06-17T09:51:51.701+0800][10.446s][info][gc,start       ] GC(432) Pause Young (Allocation Failure)
[2026-06-17T09:51:51.702+0800][10.447s][info][gc,heap        ] GC(432) PSYoungGen: 7838K->4460K(14336K)
[2026-06-17T09:51:51.702+0800][10.448s][info][gc,heap        ] GC(432) ParOldGen: 33101K->33101K(44032K)
[2026-06-17T09:51:51.702+0800][10.448s][info][gc,metaspace   ] GC(432) Metaspace: 3157K(4864K)->3157K(4864K) NonClass: 2851K(4352K)->2851K(4352K) Class: 305K(512K)->305K(512K)
[2026-06-17T09:51:51.703+0800][10.448s][info][gc             ] GC(432) Pause Young (Allocation Failure) 39M->36M(57M) 1.971ms
[2026-06-17T09:51:51.703+0800][10.449s][info][gc,cpu         ] GC(432) User=0.00s Sys=0.00s Real=0.01s
[2026-06-17T09:51:51.725+0800][10.470s][info][gc,start       ] GC(433) Pause Young (Allocation Failure)
[2026-06-17T09:51:51.726+0800][10.472s][info][gc,heap        ] GC(433) PSYoungGen: 11619K->2924K(14336K)
[2026-06-17T09:51:51.727+0800][10.472s][info][gc,heap        ] GC(433) ParOldGen: 33101K->34797K(44032K)
[2026-06-17T09:51:51.727+0800][10.473s][info][gc,metaspace   ] GC(433) Metaspace: 3157K(4864K)->3157K(4864K) NonClass: 2851K(4352K)->2851K(4352K) Class: 305K(512K)->305K(512K)
[2026-06-17T09:51:51.728+0800][10.474s][info][gc             ] GC(433) Pause Young (Allocation Failure) 43M->36M(57M) 3.359ms
[2026-06-17T09:51:51.728+0800][10.474s][info][gc,cpu         ] GC(433) User=0.00s Sys=0.00s Real=0.00s
[2026-06-17T09:51:51.751+0800][10.496s][info][gc,start       ] GC(434) Pause Young (Allocation Failure)
[2026-06-17T09:51:51.753+0800][10.498s][info][gc,heap        ] GC(434) PSYoungGen: 10076K->3068K(14336K)
[2026-06-17T09:51:51.753+0800][10.499s][info][gc,heap        ] GC(434) ParOldGen: 34797K->34797K(44032K)
[2026-06-17T09:51:51.754+0800][10.500s][info][gc,metaspace   ] GC(434) Metaspace: 3158K(4864K)->3158K(4864K) NonClass: 2853K(4352K)->2853K(4352K) Class: 305K(512K)->305K(512K)
[2026-06-17T09:51:51.754+0800][10.500s][info][gc             ] GC(434) Pause Young (Allocation Failure) 43M->36M(57M) 3.671ms
[2026-06-17T09:51:51.755+0800][10.501s][info][gc,cpu         ] GC(434) User=0.00s Sys=0.00s Real=0.00s
[2026-06-17T09:51:51.767+0800][10.513s][info][gc,start       ] GC(435) Pause Young (Allocation Failure)
[2026-06-17T09:51:51.769+0800][10.514s][info][gc,heap        ] GC(435) PSYoungGen: 10158K->32K(13824K)
[2026-06-17T09:51:51.769+0800][10.515s][info][gc,heap        ] GC(435) ParOldGen: 34797K->37809K(44032K)
[2026-06-17T09:51:51.769+0800][10.515s][info][gc,metaspace   ] GC(435) Metaspace: 3158K(4864K)->3158K(4864K) NonClass: 2853K(4352K)->2853K(4352K) Class: 305K(512K)->305K(512K)
[2026-06-17T09:51:51.770+0800][10.516s][info][gc             ] GC(435) Pause Young (Allocation Failure) 43M->36M(56M) 2.784ms
[2026-06-17T09:51:51.771+0800][10.517s][info][gc,cpu         ] GC(435) User=0.00s Sys=0.00s Real=0.01s
[2026-06-17T09:51:51.792+0800][10.538s][info][gc,start       ] GC(436) Pause Young (Allocation Failure)
[2026-06-17T09:51:51.794+0800][10.540s][info][gc,heap        ] GC(436) PSYoungGen: 7188K->3850K(14336K)
[2026-06-17T09:51:51.795+0800][10.541s][info][gc,heap        ] GC(436) ParOldGen: 37809K->37817K(44032K)
[2026-06-17T09:51:51.795+0800][10.541s][info][gc,metaspace   ] GC(436) Metaspace: 3158K(4864K)->3158K(4864K) NonClass: 2853K(4352K)->2853K(4352K) Class: 305K(512K)->305K(512K)
[2026-06-17T09:51:51.796+0800][10.542s][info][gc             ] GC(436) Pause Young (Allocation Failure) 43M->40M(57M) 3.346ms
[2026-06-17T09:51:51.796+0800][10.542s][info][gc,cpu         ] GC(436) User=0.00s Sys=0.00s Real=0.00s
[2026-06-17T09:51:51.818+0800][10.564s][info][gc,start       ] GC(437) Pause Young (Allocation Failure)
[2026-06-17T09:51:51.820+0800][10.566s][info][gc,heap        ] GC(437) PSYoungGen: 10984K->2277K(14848K)
[2026-06-17T09:51:51.821+0800][10.566s][info][gc,heap        ] GC(437) ParOldGen: 37817K->39435K(44032K)
[2026-06-17T09:51:51.821+0800][10.567s][info][gc,metaspace   ] GC(437) Metaspace: 3158K(4864K)->3158K(4864K) NonClass: 2853K(4352K)->2853K(4352K) Class: 305K(512K)->305K(512K)
[2026-06-17T09:51:51.822+0800][10.568s][info][gc             ] GC(437) Pause Young (Allocation Failure) 47M->40M(57M) 3.919ms
[2026-06-17T09:51:51.823+0800][10.568s][info][gc,cpu         ] GC(437) User=0.00s Sys=0.00s Real=0.01s
[2026-06-17T09:51:51.844+0800][10.590s][info][gc,start       ] GC(438) Pause Young (Allocation Failure)
[2026-06-17T09:51:51.846+0800][10.592s][info][gc,heap        ] GC(438) PSYoungGen: 9954K->1129K(14336K)
[2026-06-17T09:51:51.847+0800][10.592s][info][gc,heap        ] GC(438) ParOldGen: 39435K->41203K(44032K)
[2026-06-17T09:51:51.847+0800][10.593s][info][gc,metaspace   ] GC(438) Metaspace: 3158K(4864K)->3158K(4864K) NonClass: 2853K(4352K)->2853K(4352K) Class: 305K(512K)->305K(512K)
[2026-06-17T09:51:51.847+0800][10.593s][info][gc             ] GC(438) Pause Young (Allocation Failure) 48M->41M(57M) 2.819ms
[2026-06-17T09:51:51.847+0800][10.593s][info][gc,cpu         ] GC(438) User=0.00s Sys=0.00s Real=0.00s
[2026-06-17T09:51:51.848+0800][10.594s][info][gc,start       ] GC(439) Pause Full (Ergonomics)
[2026-06-17T09:51:51.848+0800][10.594s][info][gc,phases,start] GC(439) Marking Phase
[2026-06-17T09:51:51.849+0800][10.595s][info][gc,phases      ] GC(439) Marking Phase 0.849ms
[2026-06-17T09:51:51.849+0800][10.595s][info][gc,phases,start] GC(439) Summary Phase
[2026-06-17T09:51:51.849+0800][10.595s][info][gc,phases      ] GC(439) Summary Phase 0.146ms
[2026-06-17T09:51:51.849+0800][10.595s][info][gc,phases,start] GC(439) Adjust Roots
[2026-06-17T09:51:51.850+0800][10.595s][info][gc,phases      ] GC(439) Adjust Roots 0.190ms
[2026-06-17T09:51:51.850+0800][10.596s][info][gc,phases,start] GC(439) Compaction Phase
[2026-06-17T09:51:51.851+0800][10.597s][info][gc,phases      ] GC(439) Compaction Phase 1.698ms
[2026-06-17T09:51:51.852+0800][10.598s][info][gc,phases,start] GC(439) Post Compact
[2026-06-17T09:51:51.852+0800][10.598s][info][gc,phases      ] GC(439) Post Compact 0.249ms
[2026-06-17T09:51:51.852+0800][10.598s][info][gc,heap        ] GC(439) PSYoungGen: 1129K->0K(14848K)
[2026-06-17T09:51:51.852+0800][10.598s][info][gc,heap        ] GC(439) ParOldGen: 41203K->23176K(44032K)
[2026-06-17T09:51:51.852+0800][10.598s][info][gc,metaspace   ] GC(439) Metaspace: 3158K(4864K)->3158K(4864K) NonClass: 2853K(4352K)->2853K(4352K) Class: 305K(512K)->305K(512K)
[2026-06-17T09:51:51.853+0800][10.599s][info][gc             ] GC(439) Pause Full (Ergonomics) 41M->22M(57M) 4.927ms
[2026-06-17T09:51:51.853+0800][10.599s][info][gc,cpu         ] GC(439) User=0.00s Sys=0.00s Real=0.01s
[2026-06-17T09:51:51.874+0800][10.620s][info][gc,start       ] GC(440) Pause Young (Allocation Failure)
[2026-06-17T09:51:51.875+0800][10.621s][info][gc,heap        ] GC(440) PSYoungGen: 8186K->4811K(13312K)
[2026-06-17T09:51:51.875+0800][10.621s][info][gc,heap        ] GC(440) ParOldGen: 23176K->23176K(44032K)
[2026-06-17T09:51:51.875+0800][10.621s][info][gc,metaspace   ] GC(440) Metaspace: 3158K(4864K)->3158K(4864K) NonClass: 2853K(4352K)->2853K(4352K) Class: 305K(512K)->305K(512K)
[2026-06-17T09:51:51.875+0800][10.621s][info][gc             ] GC(440) Pause Young (Allocation Failure) 30M->27M(56M) 1.455ms
[2026-06-17T09:51:51.876+0800][10.621s][info][gc,cpu         ] GC(440) User=0.01s Sys=0.00s Real=0.00s
[2026-06-17T09:51:51.886+0800][10.632s][info][gc,start       ] GC(441) Pause Young (Allocation Failure)
[2026-06-17T09:51:51.887+0800][10.633s][info][gc,heap        ] GC(441) PSYoungGen: 12984K->1763K(14848K)
[2026-06-17T09:51:51.888+0800][10.634s][info][gc,heap        ] GC(441) ParOldGen: 23176K->27534K(44032K)
[2026-06-17T09:51:51.888+0800][10.634s][info][gc,metaspace   ] GC(441) Metaspace: 3158K(4864K)->3158K(4864K) NonClass: 2853K(4352K)->2853K(4352K) Class: 305K(512K)->305K(512K)
[2026-06-17T09:51:51.888+0800][10.634s][info][gc             ] GC(441) Pause Young (Allocation Failure) 35M->28M(57M) 1.587ms
[2026-06-17T09:51:51.888+0800][10.634s][info][gc,cpu         ] GC(441) User=0.00s Sys=0.00s Real=0.00s
[2026-06-17T09:51:51.920+0800][10.665s][info][gc,start       ] GC(442) Pause Young (Allocation Failure)
[2026-06-17T09:51:51.921+0800][10.667s][info][gc,heap        ] GC(442) PSYoungGen: 9416K->455K(14336K)
[2026-06-17T09:51:51.921+0800][10.667s][info][gc,heap        ] GC(442) ParOldGen: 27534K->29273K(44032K)
[2026-06-17T09:51:51.921+0800][10.667s][info][gc,metaspace   ] GC(442) Metaspace: 3158K(4864K)->3158K(4864K) NonClass: 2853K(4352K)->2853K(4352K) Class: 305K(512K)->305K(512K)
[2026-06-17T09:51:51.922+0800][10.668s][info][gc             ] GC(442) Pause Young (Allocation Failure) 36M->29M(57M) 2.208ms
[2026-06-17T09:51:51.922+0800][10.668s][info][gc,cpu         ] GC(442) User=0.00s Sys=0.00s Real=0.00s
[2026-06-17T09:51:51.934+0800][10.679s][info][gc,start       ] GC(443) Pause Young (Allocation Failure)
[2026-06-17T09:51:51.935+0800][10.681s][info][gc,heap        ] GC(443) PSYoungGen: 8112K->4416K(13824K)
[2026-06-17T09:51:51.935+0800][10.681s][info][gc,heap        ] GC(443) ParOldGen: 29273K->29587K(44032K)
[2026-06-17T09:51:51.936+0800][10.682s][info][gc,metaspace   ] GC(443) Metaspace: 3158K(4864K)->3158K(4864K) NonClass: 2853K(4352K)->2853K(4352K) Class: 305K(512K)->305K(512K)
[2026-06-17T09:51:51.936+0800][10.682s][info][gc             ] GC(443) Pause Young (Allocation Failure) 36M->33M(56M) 2.545ms
[2026-06-17T09:51:51.936+0800][10.682s][info][gc,cpu         ] GC(443) User=0.00s Sys=0.00s Real=0.00s
[2026-06-17T09:51:51.958+0800][10.704s][info][gc,start       ] GC(444) Pause Young (Allocation Failure)
[2026-06-17T09:51:51.963+0800][10.709s][info][gc,heap        ] GC(444) PSYoungGen: 11563K->2258K(14336K)
[2026-06-17T09:51:51.964+0800][10.710s][info][gc,heap        ] GC(444) ParOldGen: 29587K->31898K(44032K)
[2026-06-17T09:51:51.964+0800][10.710s][info][gc,metaspace   ] GC(444) Metaspace: 3158K(4864K)->3158K(4864K) NonClass: 2853K(4352K)->2853K(4352K) Class: 305K(512K)->305K(512K)
[2026-06-17T09:51:51.965+0800][10.710s][info][gc             ] GC(444) Pause Young (Allocation Failure) 40M->33M(57M) 6.134ms
[2026-06-17T09:51:51.965+0800][10.711s][info][gc,cpu         ] GC(444) User=0.01s Sys=0.00s Real=0.01s
[2026-06-17T09:51:51.977+0800][10.723s][info][gc,start       ] GC(445) Pause Young (Allocation Failure)
[2026-06-17T09:51:51.979+0800][10.725s][info][gc,heap        ] GC(445) PSYoungGen: 9377K->5040K(13824K)
[2026-06-17T09:51:51.981+0800][10.726s][info][gc,heap        ] GC(445) ParOldGen: 31898K->33118K(44032K)
[2026-06-17T09:51:51.981+0800][10.727s][info][gc,metaspace   ] GC(445) Metaspace: 3158K(4864K)->3158K(4864K) NonClass: 2853K(4352K)->2853K(4352K) Class: 305K(512K)->305K(512K)
[2026-06-17T09:51:51.991+0800][10.737s][info][gc             ] GC(445) Pause Young (Allocation Failure) 40M->37M(56M) 14.293ms
[2026-06-17T09:51:51.993+0800][10.739s][info][gc,cpu         ] GC(445) User=0.00s Sys=0.00s Real=0.02s
[2026-06-17T09:51:52.015+0800][10.761s][info][gc,start       ] GC(446) Pause Young (Allocation Failure)
[2026-06-17T09:51:52.017+0800][10.763s][info][gc,heap        ] GC(446) PSYoungGen: 12188K->3043K(14336K)
[2026-06-17T09:51:52.019+0800][10.765s][info][gc,heap        ] GC(446) ParOldGen: 33118K->34797K(44032K)
[2026-06-17T09:51:52.023+0800][10.769s][info][gc,metaspace   ] GC(446) Metaspace: 3158K(4864K)->3158K(4864K) NonClass: 2853K(4352K)->2853K(4352K) Class: 305K(512K)->305K(512K)
[2026-06-17T09:51:52.025+0800][10.771s][info][gc             ] GC(446) Pause Young (Allocation Failure) 44M->36M(57M) 10.307ms
[2026-06-17T09:51:52.027+0800][10.773s][info][gc,cpu         ] GC(446) User=0.00s Sys=0.00s Real=0.01s
[2026-06-17T09:51:52.053+0800][10.798s][info][gc,start       ] GC(447) Pause Young (Allocation Failure)
[2026-06-17T09:51:52.068+0800][10.814s][info][gc,heap        ] GC(447) PSYoungGen: 10190K->3465K(14848K)
[2026-06-17T09:51:52.068+0800][10.814s][info][gc,heap        ] GC(447) ParOldGen: 34797K->34797K(44032K)
[2026-06-17T09:51:52.069+0800][10.815s][info][gc,metaspace   ] GC(447) Metaspace: 3158K(4864K)->3158K(4864K) NonClass: 2853K(4352K)->2853K(4352K) Class: 305K(512K)->305K(512K)
[2026-06-17T09:51:52.069+0800][10.815s][info][gc             ] GC(447) Pause Young (Allocation Failure) 43M->37M(57M) 16.904ms
[2026-06-17T09:51:52.070+0800][10.816s][info][gc,cpu         ] GC(447) User=0.00s Sys=0.00s Real=0.01s
[2026-06-17T09:51:52.091+0800][10.837s][info][gc,start       ] GC(448) Pause Young (Allocation Failure)
[2026-06-17T09:51:52.106+0800][10.852s][info][gc,heap        ] GC(448) PSYoungGen: 11113K->2410K(14336K)
[2026-06-17T09:51:52.123+0800][10.869s][info][gc,heap        ] GC(448) ParOldGen: 34797K->36510K(44032K)
[2026-06-17T09:51:52.135+0800][10.881s][info][gc,metaspace   ] GC(448) Metaspace: 3158K(4864K)->3158K(4864K) NonClass: 2853K(4352K)->2853K(4352K) Class: 305K(512K)->305K(512K)
[2026-06-17T09:51:52.143+0800][10.889s][info][gc             ] GC(448) Pause Young (Allocation Failure) 44M->38M(57M) 51.203ms
[2026-06-17T09:51:52.143+0800][10.889s][info][gc,cpu         ] GC(448) User=0.00s Sys=0.00s Real=0.05s
[2026-06-17T09:51:52.166+0800][10.912s][info][gc,start       ] GC(449) Pause Young (Allocation Failure)
[2026-06-17T09:51:52.168+0800][10.914s][info][gc,heap        ] GC(449) PSYoungGen: 10074K->1939K(15360K)
[2026-06-17T09:51:52.168+0800][10.914s][info][gc,heap        ] GC(449) ParOldGen: 36510K->38136K(44032K)
[2026-06-17T09:51:52.169+0800][10.915s][info][gc,metaspace   ] GC(449) Metaspace: 3158K(4864K)->3158K(4864K) NonClass: 2853K(4352K)->2853K(4352K) Class: 305K(512K)->305K(512K)
[2026-06-17T09:51:52.170+0800][10.916s][info][gc             ] GC(449) Pause Young (Allocation Failure) 45M->39M(58M) 3.611ms
[2026-06-17T09:51:52.171+0800][10.917s][info][gc,cpu         ] GC(449) User=0.00s Sys=0.00s Real=0.01s
[2026-06-17T09:51:52.194+0800][10.940s][info][gc,start       ] GC(450) Pause Young (Allocation Failure)
[2026-06-17T09:51:52.196+0800][10.942s][info][gc,heap        ] GC(450) PSYoungGen: 10631K->4066K(14848K)
[2026-06-17T09:51:52.196+0800][10.942s][info][gc,heap        ] GC(450) ParOldGen: 38136K->38136K(44032K)
[2026-06-17T09:51:52.197+0800][10.943s][info][gc,metaspace   ] GC(450) Metaspace: 3158K(4864K)->3158K(4864K) NonClass: 2853K(4352K)->2853K(4352K) Class: 305K(512K)->305K(512K)
[2026-06-17T09:51:52.199+0800][10.945s][info][gc             ] GC(450) Pause Young (Allocation Failure) 47M->41M(57M) 4.524ms
[2026-06-17T09:51:52.206+0800][10.952s][info][gc,cpu         ] GC(450) User=0.00s Sys=0.00s Real=0.01s
[2026-06-17T09:51:52.229+0800][10.975s][info][gc,start       ] GC(451) Pause Young (Allocation Failure)
[2026-06-17T09:51:52.232+0800][10.977s][info][gc,heap        ] GC(451) PSYoungGen: 12770K->4274K(14848K)
[2026-06-17T09:51:52.234+0800][10.980s][info][gc,heap        ] GC(451) ParOldGen: 38136K->39813K(44032K)
[2026-06-17T09:51:52.238+0800][10.983s][info][gc,metaspace   ] GC(451) Metaspace: 3159K(4864K)->3159K(4864K) NonClass: 2853K(4352K)->2853K(4352K) Class: 305K(512K)->305K(512K)
[2026-06-17T09:51:52.239+0800][10.984s][info][gc             ] GC(451) Pause Young (Allocation Failure) 49M->43M(57M) 9.078ms
[2026-06-17T09:51:52.240+0800][10.986s][info][gc,cpu         ] GC(451) User=0.01s Sys=0.00s Real=0.01s
[2026-06-17T09:51:52.264+0800][11.010s][info][gc,start       ] GC(452) Pause Young (Allocation Failure)
[2026-06-17T09:51:52.269+0800][11.015s][info][gc,heap        ] GC(452) PSYoungGen: 12423K->3386K(14848K)
[2026-06-17T09:51:52.274+0800][11.020s][info][gc,heap        ] GC(452) ParOldGen: 39813K->41719K(44032K)
[2026-06-17T09:51:52.275+0800][11.021s][info][gc,metaspace   ] GC(452) Metaspace: 3159K(4864K)->3159K(4864K) NonClass: 2853K(4352K)->2853K(4352K) Class: 305K(512K)->305K(512K)
[2026-06-17T09:51:52.276+0800][11.022s][info][gc             ] GC(452) Pause Young (Allocation Failure) 51M->44M(57M) 12.213ms
[2026-06-17T09:51:52.277+0800][11.023s][info][gc,cpu         ] GC(452) User=0.00s Sys=0.00s Real=0.01s
[2026-06-17T09:51:52.277+0800][11.023s][info][gc,start       ] GC(453) Pause Full (Ergonomics)
[2026-06-17T09:51:52.278+0800][11.024s][info][gc,phases,start] GC(453) Marking Phase
[2026-06-17T09:51:52.280+0800][11.026s][info][gc,phases      ] GC(453) Marking Phase 2.380ms
[2026-06-17T09:51:52.281+0800][11.027s][info][gc,phases,start] GC(453) Summary Phase
[2026-06-17T09:51:52.281+0800][11.027s][info][gc,phases      ] GC(453) Summary Phase 0.525ms
[2026-06-17T09:51:52.282+0800][11.028s][info][gc,phases,start] GC(453) Adjust Roots
[2026-06-17T09:51:52.282+0800][11.028s][info][gc,phases      ] GC(453) Adjust Roots 0.646ms
[2026-06-17T09:51:52.283+0800][11.029s][info][gc,phases,start] GC(453) Compaction Phase
[2026-06-17T09:51:52.285+0800][11.031s][info][gc,phases      ] GC(453) Compaction Phase 1.902ms
[2026-06-17T09:51:52.285+0800][11.031s][info][gc,phases,start] GC(453) Post Compact
[2026-06-17T09:51:52.286+0800][11.031s][info][gc,phases      ] GC(453) Post Compact 0.502ms
[2026-06-17T09:51:52.286+0800][11.032s][info][gc,heap        ] GC(453) PSYoungGen: 3386K->0K(14848K)
[2026-06-17T09:51:52.286+0800][11.032s][info][gc,heap        ] GC(453) ParOldGen: 41719K->22779K(44032K)
[2026-06-17T09:51:52.286+0800][11.032s][info][gc,metaspace   ] GC(453) Metaspace: 3159K(4864K)->3159K(4864K) NonClass: 2853K(4352K)->2853K(4352K) Class: 305K(512K)->305K(512K)
[2026-06-17T09:51:52.287+0800][11.033s][info][gc             ] GC(453) Pause Full (Ergonomics) 44M->22M(57M) 9.445ms
[2026-06-17T09:51:52.287+0800][11.033s][info][gc,cpu         ] GC(453) User=0.00s Sys=0.00s Real=0.01s
[2026-06-17T09:51:52.308+0800][11.054s][info][gc,start       ] GC(454) Pause Young (Allocation Failure)
[2026-06-17T09:51:52.310+0800][11.055s][info][gc,heap        ] GC(454) PSYoungGen: 8183K->4682K(14848K)
[2026-06-17T09:51:52.310+0800][11.056s][info][gc,heap        ] GC(454) ParOldGen: 22779K->22779K(44032K)
[2026-06-17T09:51:52.310+0800][11.056s][info][gc,metaspace   ] GC(454) Metaspace: 3159K(4864K)->3159K(4864K) NonClass: 2853K(4352K)->2853K(4352K) Class: 305K(512K)->305K(512K)
[2026-06-17T09:51:52.310+0800][11.056s][info][gc             ] GC(454) Pause Young (Allocation Failure) 30M->26M(57M) 1.895ms
[2026-06-17T09:51:52.310+0800][11.056s][info][gc,cpu         ] GC(454) User=0.00s Sys=0.00s Real=0.01s
[2026-06-17T09:51:52.332+0800][11.078s][info][gc,start       ] GC(455) Pause Young (Allocation Failure)
[2026-06-17T09:51:52.334+0800][11.080s][info][gc,heap        ] GC(455) PSYoungGen: 12860K->2768K(14848K)
[2026-06-17T09:51:52.335+0800][11.080s][info][gc,heap        ] GC(455) ParOldGen: 22779K->26003K(44032K)
[2026-06-17T09:51:52.335+0800][11.081s][info][gc,metaspace   ] GC(455) Metaspace: 3159K(4864K)->3159K(4864K) NonClass: 2853K(4352K)->2853K(4352K) Class: 305K(512K)->305K(512K)
[2026-06-17T09:51:52.336+0800][11.082s][info][gc             ] GC(455) Pause Young (Allocation Failure) 34M->28M(57M) 3.821ms
[2026-06-17T09:51:52.336+0800][11.082s][info][gc,cpu         ] GC(455) User=0.00s Sys=0.00s Real=0.00s
[2026-06-17T09:51:52.359+0800][11.105s][info][gc,start       ] GC(456) Pause Young (Allocation Failure)
[2026-06-17T09:51:52.360+0800][11.106s][info][gc,heap        ] GC(456) PSYoungGen: 10922K->1922K(14848K)
[2026-06-17T09:51:52.361+0800][11.107s][info][gc,heap        ] GC(456) ParOldGen: 26003K->28120K(44032K)
[2026-06-17T09:51:52.361+0800][11.107s][info][gc,metaspace   ] GC(456) Metaspace: 3159K(4864K)->3159K(4864K) NonClass: 2853K(4352K)->2853K(4352K) Class: 305K(512K)->305K(512K)
[2026-06-17T09:51:52.361+0800][11.107s][info][gc             ] GC(456) Pause Young (Allocation Failure) 36M->29M(57M) 1.944ms
[2026-06-17T09:51:52.361+0800][11.107s][info][gc,cpu         ] GC(456) User=0.00s Sys=0.00s Real=0.00s
[2026-06-17T09:51:52.383+0800][11.129s][info][gc,start       ] GC(457) Pause Young (Allocation Failure)
[2026-06-17T09:51:52.384+0800][11.130s][info][gc,heap        ] GC(457) PSYoungGen: 10057K->2952K(15360K)
[2026-06-17T09:51:52.385+0800][11.131s][info][gc,heap        ] GC(457) ParOldGen: 28120K->28120K(44032K)
[2026-06-17T09:51:52.385+0800][11.131s][info][gc,metaspace   ] GC(457) Metaspace: 3159K(4864K)->3159K(4864K) NonClass: 2853K(4352K)->2853K(4352K) Class: 305K(512K)->305K(512K)
[2026-06-17T09:51:52.386+0800][11.132s][info][gc             ] GC(457) Pause Young (Allocation Failure) 37M->30M(58M) 2.807ms
[2026-06-17T09:51:52.387+0800][11.132s][info][gc,cpu         ] GC(457) User=0.00s Sys=0.00s Real=0.00s
[2026-06-17T09:51:52.409+0800][11.155s][info][gc,start       ] GC(458) Pause Young (Allocation Failure)
[2026-06-17T09:51:52.411+0800][11.157s][info][gc,heap        ] GC(458) PSYoungGen: 12167K->3463K(15360K)
[2026-06-17T09:51:52.411+0800][11.157s][info][gc,heap        ] GC(458) ParOldGen: 28120K->30006K(44032K)
[2026-06-17T09:51:52.412+0800][11.158s][info][gc,metaspace   ] GC(458) Metaspace: 3159K(4864K)->3159K(4864K) NonClass: 2853K(4352K)->2853K(4352K) Class: 305K(512K)->305K(512K)
[2026-06-17T09:51:52.413+0800][11.159s][info][gc             ] GC(458) Pause Young (Allocation Failure) 39M->32M(58M) 4.623ms
[2026-06-17T09:51:52.414+0800][11.160s][info][gc,cpu         ] GC(458) User=0.00s Sys=0.00s Real=0.01s
[2026-06-17T09:51:52.436+0800][11.182s][info][gc,start       ] GC(459) Pause Young (Allocation Failure)
[2026-06-17T09:51:52.438+0800][11.183s][info][gc,heap        ] GC(459) PSYoungGen: 12675K->342K(15360K)
[2026-06-17T09:51:52.438+0800][11.184s][info][gc,heap        ] GC(459) ParOldGen: 30006K->32223K(44032K)
[2026-06-17T09:51:52.439+0800][11.185s][info][gc,metaspace   ] GC(459) Metaspace: 3159K(4864K)->3159K(4864K) NonClass: 2853K(4352K)->2853K(4352K) Class: 305K(512K)->305K(512K)
[2026-06-17T09:51:52.439+0800][11.185s][info][gc             ] GC(459) Pause Young (Allocation Failure) 41M->31M(58M) 3.505ms
[2026-06-17T09:51:52.440+0800][11.186s][info][gc,cpu         ] GC(459) User=0.01s Sys=0.00s Real=0.00s
[2026-06-17T09:51:52.472+0800][11.218s][info][gc,start       ] GC(460) Pause Young (Allocation Failure)
[2026-06-17T09:51:52.475+0800][11.221s][info][gc,heap        ] GC(460) PSYoungGen: 9533K->1858K(15360K)
[2026-06-17T09:51:52.476+0800][11.221s][info][gc,heap        ] GC(460) ParOldGen: 32223K->32541K(44032K)
[2026-06-17T09:51:52.476+0800][11.222s][info][gc,metaspace   ] GC(460) Metaspace: 3159K(4864K)->3159K(4864K) NonClass: 2853K(4352K)->2853K(4352K) Class: 305K(512K)->305K(512K)
[2026-06-17T09:51:52.477+0800][11.223s][info][gc             ] GC(460) Pause Young (Allocation Failure) 40M->33M(58M) 4.816ms
[2026-06-17T09:51:52.478+0800][11.224s][info][gc,cpu         ] GC(460) User=0.00s Sys=0.00s Real=0.00s
[2026-06-17T09:51:52.501+0800][11.247s][info][gc,start       ] GC(461) Pause Young (Allocation Failure)
[2026-06-17T09:51:52.503+0800][11.249s][info][gc,heap        ] GC(461) PSYoungGen: 11074K->2689K(15872K)
[2026-06-17T09:51:52.503+0800][11.249s][info][gc,heap        ] GC(461) ParOldGen: 32541K->34215K(44032K)
[2026-06-17T09:51:52.504+0800][11.250s][info][gc,metaspace   ] GC(461) Metaspace: 3159K(4864K)->3159K(4864K) NonClass: 2853K(4352K)->2853K(4352K) Class: 305K(512K)->305K(512K)
[2026-06-17T09:51:52.505+0800][11.250s][info][gc             ] GC(461) Pause Young (Allocation Failure) 42M->36M(58M) 3.748ms
[2026-06-17T09:51:52.505+0800][11.251s][info][gc,cpu         ] GC(461) User=0.00s Sys=0.00s Real=0.01s
[2026-06-17T09:51:52.528+0800][11.273s][info][gc,start       ] GC(462) Pause Young (Allocation Failure)
[2026-06-17T09:51:52.529+0800][11.275s][info][gc,heap        ] GC(462) PSYoungGen: 12369K->3825K(15360K)
[2026-06-17T09:51:52.529+0800][11.275s][info][gc,heap        ] GC(462) ParOldGen: 34215K->35922K(44032K)
[2026-06-17T09:51:52.530+0800][11.276s][info][gc,metaspace   ] GC(462) Metaspace: 3159K(4864K)->3159K(4864K) NonClass: 2853K(4352K)->2853K(4352K) Class: 305K(512K)->305K(512K)
[2026-06-17T09:51:52.531+0800][11.276s][info][gc             ] GC(462) Pause Young (Allocation Failure) 45M->38M(58M) 2.958ms
[2026-06-17T09:51:52.531+0800][11.277s][info][gc,cpu         ] GC(462) User=0.00s Sys=0.00s Real=0.01s
[2026-06-17T09:51:52.552+0800][11.298s][info][gc,start       ] GC(463) Pause Young (Allocation Failure)
[2026-06-17T09:51:52.554+0800][11.300s][info][gc,heap        ] GC(463) PSYoungGen: 13319K->336K(14848K)
[2026-06-17T09:51:52.555+0800][11.301s][info][gc,heap        ] GC(463) ParOldGen: 35922K->39296K(44032K)
[2026-06-17T09:51:52.555+0800][11.301s][info][gc,metaspace   ] GC(463) Metaspace: 3159K(4864K)->3159K(4864K) NonClass: 2853K(4352K)->2853K(4352K) Class: 305K(512K)->305K(512K)
[2026-06-17T09:51:52.555+0800][11.301s][info][gc             ] GC(463) Pause Young (Allocation Failure) 48M->38M(57M) 3.003ms
[2026-06-17T09:51:52.556+0800][11.302s][info][gc,cpu         ] GC(463) User=0.01s Sys=0.00s Real=0.00s
[2026-06-17T09:51:52.588+0800][11.333s][info][gc,start       ] GC(464) Pause Young (Allocation Failure)
[2026-06-17T09:51:52.588+0800][11.334s][info][gc,heap        ] GC(464) PSYoungGen: 9529K->2468K(15360K)
[2026-06-17T09:51:52.589+0800][11.334s][info][gc,heap        ] GC(464) ParOldGen: 39296K->39608K(44032K)
[2026-06-17T09:51:52.589+0800][11.335s][info][gc,metaspace   ] GC(464) Metaspace: 3159K(4864K)->3159K(4864K) NonClass: 2853K(4352K)->2853K(4352K) Class: 305K(512K)->305K(512K)
[2026-06-17T09:51:52.589+0800][11.335s][info][gc             ] GC(464) Pause Young (Allocation Failure) 47M->41M(58M) 1.704ms
[2026-06-17T09:51:52.590+0800][11.335s][info][gc,cpu         ] GC(464) User=0.00s Sys=0.00s Real=0.00s
[2026-06-17T09:51:52.611+0800][11.357s][info][gc,start       ] GC(465) Pause Young (Allocation Failure)
[2026-06-17T09:51:52.612+0800][11.358s][info][gc,heap        ] GC(465) PSYoungGen: 11676K->3398K(15872K)
[2026-06-17T09:51:52.613+0800][11.359s][info][gc,heap        ] GC(465) ParOldGen: 39608K->41249K(44032K)
[2026-06-17T09:51:52.613+0800][11.359s][info][gc,metaspace   ] GC(465) Metaspace: 3159K(4864K)->3159K(4864K) NonClass: 2853K(4352K)->2853K(4352K) Class: 305K(512K)->305K(512K)
[2026-06-17T09:51:52.614+0800][11.360s][info][gc             ] GC(465) Pause Young (Allocation Failure) 50M->43M(58M) 2.725ms
[2026-06-17T09:51:52.614+0800][11.360s][info][gc,cpu         ] GC(465) User=0.00s Sys=0.00s Real=0.00s
[2026-06-17T09:51:52.614+0800][11.360s][info][gc,start       ] GC(466) Pause Full (Ergonomics)
[2026-06-17T09:51:52.615+0800][11.361s][info][gc,phases,start] GC(466) Marking Phase
[2026-06-17T09:51:52.616+0800][11.361s][info][gc,phases      ] GC(466) Marking Phase 0.777ms
[2026-06-17T09:51:52.616+0800][11.362s][info][gc,phases,start] GC(466) Summary Phase
[2026-06-17T09:51:52.616+0800][11.362s][info][gc,phases      ] GC(466) Summary Phase 0.234ms
[2026-06-17T09:51:52.616+0800][11.362s][info][gc,phases,start] GC(466) Adjust Roots
[2026-06-17T09:51:52.617+0800][11.362s][info][gc,phases      ] GC(466) Adjust Roots 0.333ms
[2026-06-17T09:51:52.617+0800][11.363s][info][gc,phases,start] GC(466) Compaction Phase
[2026-06-17T09:51:52.618+0800][11.364s][info][gc,phases      ] GC(466) Compaction Phase 1.676ms
[2026-06-17T09:51:52.619+0800][11.364s][info][gc,phases,start] GC(466) Post Compact
[2026-06-17T09:51:52.619+0800][11.365s][info][gc,phases      ] GC(466) Post Compact 0.206ms
[2026-06-17T09:51:52.619+0800][11.365s][info][gc,heap        ] GC(466) PSYoungGen: 3398K->0K(15872K)
[2026-06-17T09:51:52.619+0800][11.365s][info][gc,heap        ] GC(466) ParOldGen: 41249K->32147K(44032K)
[2026-06-17T09:51:52.620+0800][11.365s][info][gc,metaspace   ] GC(466) Metaspace: 3159K(4864K)->3159K(4864K) NonClass: 2853K(4352K)->2853K(4352K) Class: 305K(512K)->305K(512K)
[2026-06-17T09:51:52.620+0800][11.366s][info][gc             ] GC(466) Pause Full (Ergonomics) 43M->31M(58M) 5.251ms
[2026-06-17T09:51:52.620+0800][11.366s][info][gc,cpu         ] GC(466) User=0.00s Sys=0.01s Real=0.00s
[2026-06-17T09:51:52.641+0800][11.387s][info][gc,start       ] GC(467) Pause Young (Allocation Failure)
[2026-06-17T09:51:52.642+0800][11.388s][info][gc,heap        ] GC(467) PSYoungGen: 10217K->5592K(13824K)
[2026-06-17T09:51:52.642+0800][11.388s][info][gc,heap        ] GC(467) ParOldGen: 32147K->33398K(44032K)
[2026-06-17T09:51:52.643+0800][11.389s][info][gc,metaspace   ] GC(467) Metaspace: 3159K(4864K)->3159K(4864K) NonClass: 2853K(4352K)->2853K(4352K) Class: 305K(512K)->305K(512K)
[2026-06-17T09:51:52.643+0800][11.389s][info][gc             ] GC(467) Pause Young (Allocation Failure) 41M->38M(56M) 2.028ms
[2026-06-17T09:51:52.643+0800][11.389s][info][gc,cpu         ] GC(467) User=0.00s Sys=0.00s Real=0.01s
[2026-06-17T09:51:52.665+0800][11.411s][info][gc,start       ] GC(468) Pause Young (Allocation Failure)
[2026-06-17T09:51:52.666+0800][11.412s][info][gc,heap        ] GC(468) PSYoungGen: 13735K->497K(14848K)
[2026-06-17T09:51:52.666+0800][11.412s][info][gc,heap        ] GC(468) ParOldGen: 33398K->36009K(44032K)
[2026-06-17T09:51:52.667+0800][11.413s][info][gc,metaspace   ] GC(468) Metaspace: 3159K(4864K)->3159K(4864K) NonClass: 2853K(4352K)->2853K(4352K) Class: 305K(512K)->305K(512K)
[2026-06-17T09:51:52.667+0800][11.413s][info][gc             ] GC(468) Pause Young (Allocation Failure) 46M->35M(57M) 2.620ms
[2026-06-17T09:51:52.668+0800][11.414s][info][gc,cpu         ] GC(468) User=0.00s Sys=0.00s Real=0.00s
[2026-06-17T09:51:52.690+0800][11.436s][info][gc,start       ] GC(469) Pause Young (Allocation Failure)
[2026-06-17T09:51:52.692+0800][11.438s][info][gc,heap        ] GC(469) PSYoungGen: 8689K->4815K(13824K)
[2026-06-17T09:51:52.693+0800][11.439s][info][gc,heap        ] GC(469) ParOldGen: 36009K->36482K(44032K)
[2026-06-17T09:51:52.693+0800][11.439s][info][gc,metaspace   ] GC(469) Metaspace: 3159K(4864K)->3159K(4864K) NonClass: 2853K(4352K)->2853K(4352K) Class: 305K(512K)->305K(512K)
[2026-06-17T09:51:52.694+0800][11.440s][info][gc             ] GC(469) Pause Young (Allocation Failure) 43M->40M(56M) 4.058ms
[2026-06-17T09:51:52.694+0800][11.440s][info][gc,cpu         ] GC(469) User=0.00s Sys=0.01s Real=0.01s
[2026-06-17T09:51:52.716+0800][11.462s][info][gc,start       ] GC(470) Pause Young (Allocation Failure)
[2026-06-17T09:51:52.718+0800][11.464s][info][gc,heap        ] GC(470) PSYoungGen: 11962K->3639K(14336K)
[2026-06-17T09:51:52.719+0800][11.464s][info][gc,heap        ] GC(470) ParOldGen: 36482K->38083K(44032K)
[2026-06-17T09:51:52.719+0800][11.465s][info][gc,metaspace   ] GC(470) Metaspace: 3159K(4864K)->3159K(4864K) NonClass: 2853K(4352K)->2853K(4352K) Class: 305K(512K)->305K(512K)
[2026-06-17T09:51:52.719+0800][11.465s][info][gc             ] GC(470) Pause Young (Allocation Failure) 47M->40M(57M) 3.251ms
[2026-06-17T09:51:52.720+0800][11.466s][info][gc,cpu         ] GC(470) User=0.00s Sys=0.00s Real=0.00s
[2026-06-17T09:51:52.742+0800][11.487s][info][gc,start       ] GC(471) Pause Young (Allocation Failure)
[2026-06-17T09:51:52.743+0800][11.489s][info][gc,heap        ] GC(471) PSYoungGen: 10795K->1918K(14848K)
[2026-06-17T09:51:52.744+0800][11.490s][info][gc,heap        ] GC(471) ParOldGen: 38083K->39885K(44032K)
[2026-06-17T09:51:52.744+0800][11.490s][info][gc,metaspace   ] GC(471) Metaspace: 3159K(4864K)->3159K(4864K) NonClass: 2853K(4352K)->2853K(4352K) Class: 305K(512K)->305K(512K)
[2026-06-17T09:51:52.745+0800][11.490s][info][gc             ] GC(471) Pause Young (Allocation Failure) 47M->40M(57M) 3.054ms
[2026-06-17T09:51:52.745+0800][11.491s][info][gc,cpu         ] GC(471) User=0.00s Sys=0.00s Real=0.01s
[2026-06-17T09:51:52.757+0800][11.502s][info][gc,start       ] GC(472) Pause Young (Allocation Failure)
[2026-06-17T09:51:52.759+0800][11.504s][info][gc,heap        ] GC(472) PSYoungGen: 9580K->5191K(14336K)
[2026-06-17T09:51:52.759+0800][11.505s][info][gc,heap        ] GC(472) ParOldGen: 39885K->40795K(44032K)
[2026-06-17T09:51:52.760+0800][11.505s][info][gc,metaspace   ] GC(472) Metaspace: 3159K(4864K)->3159K(4864K) NonClass: 2853K(4352K)->2853K(4352K) Class: 305K(512K)->305K(512K)
[2026-06-17T09:51:52.760+0800][11.506s][info][gc             ] GC(472) Pause Young (Allocation Failure) 48M->44M(57M) 3.430ms
[2026-06-17T09:51:52.760+0800][11.506s][info][gc,cpu         ] GC(472) User=0.01s Sys=0.00s Real=0.00s
[2026-06-17T09:51:52.761+0800][11.507s][info][gc,start       ] GC(473) Pause Full (Ergonomics)
[2026-06-17T09:51:52.761+0800][11.507s][info][gc,phases,start] GC(473) Marking Phase
[2026-06-17T09:51:52.763+0800][11.509s][info][gc,phases      ] GC(473) Marking Phase 1.922ms
[2026-06-17T09:51:52.763+0800][11.509s][info][gc,phases,start] GC(473) Summary Phase
[2026-06-17T09:51:52.764+0800][11.510s][info][gc,phases      ] GC(473) Summary Phase 0.589ms
[2026-06-17T09:51:52.764+0800][11.510s][info][gc,phases,start] GC(473) Adjust Roots
[2026-06-17T09:51:52.765+0800][11.510s][info][gc,phases      ] GC(473) Adjust Roots 0.359ms
[2026-06-17T09:51:52.765+0800][11.511s][info][gc,phases,start] GC(473) Compaction Phase
[2026-06-17T09:51:52.767+0800][11.513s][info][gc,phases      ] GC(473) Compaction Phase 2.217ms
[2026-06-17T09:51:52.767+0800][11.513s][info][gc,phases,start] GC(473) Post Compact
[2026-06-17T09:51:52.768+0800][11.514s][info][gc,phases      ] GC(473) Post Compact 0.315ms
[2026-06-17T09:51:52.768+0800][11.514s][info][gc,heap        ] GC(473) PSYoungGen: 5191K->0K(14336K)
[2026-06-17T09:51:52.768+0800][11.514s][info][gc,heap        ] GC(473) ParOldGen: 40795K->32157K(44032K)
[2026-06-17T09:51:52.768+0800][11.514s][info][gc,metaspace   ] GC(473) Metaspace: 3159K(4864K)->3159K(4864K) NonClass: 2853K(4352K)->2853K(4352K) Class: 305K(512K)->305K(512K)
[2026-06-17T09:51:52.768+0800][11.514s][info][gc             ] GC(473) Pause Full (Ergonomics) 44M->31M(57M) 7.752ms
[2026-06-17T09:51:52.769+0800][11.514s][info][gc,cpu         ] GC(473) User=0.00s Sys=0.00s Real=0.01s
[2026-06-17T09:51:52.790+0800][11.536s][info][gc,start       ] GC(474) Pause Young (Allocation Failure)
[2026-06-17T09:51:52.791+0800][11.537s][info][gc,heap        ] GC(474) PSYoungGen: 7168K->3786K(14336K)
[2026-06-17T09:51:52.792+0800][11.538s][info][gc,heap        ] GC(474) ParOldGen: 32157K->32157K(44032K)
[2026-06-17T09:51:52.792+0800][11.538s][info][gc,metaspace   ] GC(474) Metaspace: 3159K(4864K)->3159K(4864K) NonClass: 2853K(4352K)->2853K(4352K) Class: 305K(512K)->305K(512K)
[2026-06-17T09:51:52.792+0800][11.538s][info][gc             ] GC(474) Pause Young (Allocation Failure) 38M->35M(57M) 2.370ms
[2026-06-17T09:51:52.793+0800][11.538s][info][gc,cpu         ] GC(474) User=0.00s Sys=0.00s Real=0.01s
[2026-06-17T09:51:52.814+0800][11.560s][info][gc,start       ] GC(475) Pause Young (Allocation Failure)
[2026-06-17T09:51:52.816+0800][11.562s][info][gc,heap        ] GC(475) PSYoungGen: 10929K->3293K(14848K)
[2026-06-17T09:51:52.816+0800][11.562s][info][gc,heap        ] GC(475) ParOldGen: 32157K->32331K(44032K)
[2026-06-17T09:51:52.817+0800][11.562s][info][gc,metaspace   ] GC(475) Metaspace: 3159K(4864K)->3159K(4864K) NonClass: 2853K(4352K)->2853K(4352K) Class: 305K(512K)->305K(512K)
[2026-06-17T09:51:52.817+0800][11.563s][info][gc             ] GC(475) Pause Young (Allocation Failure) 42M->34M(57M) 3.019ms
[2026-06-17T09:51:52.817+0800][11.563s][info][gc,cpu         ] GC(475) User=0.00s Sys=0.00s Real=0.00s
[2026-06-17T09:51:52.838+0800][11.584s][info][gc,start       ] GC(476) Pause Young (Allocation Failure)
[2026-06-17T09:51:52.841+0800][11.587s][info][gc,heap        ] GC(476) PSYoungGen: 10934K->2222K(14336K)
[2026-06-17T09:51:52.841+0800][11.587s][info][gc,heap        ] GC(476) ParOldGen: 32331K->34188K(44032K)
[2026-06-17T09:51:52.841+0800][11.587s][info][gc,metaspace   ] GC(476) Metaspace: 3159K(4864K)->3159K(4864K) NonClass: 2853K(4352K)->2853K(4352K) Class: 305K(512K)->305K(512K)
[2026-06-17T09:51:52.842+0800][11.588s][info][gc             ] GC(476) Pause Young (Allocation Failure) 42M->35M(57M) 3.417ms
[2026-06-17T09:51:52.842+0800][11.588s][info][gc,cpu         ] GC(476) User=0.00s Sys=0.00s Real=0.00s
[2026-06-17T09:51:52.863+0800][11.609s][info][gc,start       ] GC(477) Pause Young (Allocation Failure)
[2026-06-17T09:51:52.864+0800][11.610s][info][gc,heap        ] GC(477) PSYoungGen: 9894K->1306K(14848K)
[2026-06-17T09:51:52.865+0800][11.611s][info][gc,heap        ] GC(477) ParOldGen: 34188K->36148K(44032K)
[2026-06-17T09:51:52.865+0800][11.611s][info][gc,metaspace   ] GC(477) Metaspace: 3159K(4864K)->3159K(4864K) NonClass: 2853K(4352K)->2853K(4352K) Class: 305K(512K)->305K(512K)
[2026-06-17T09:51:52.866+0800][11.612s][info][gc             ] GC(477) Pause Young (Allocation Failure) 43M->36M(57M) 2.175ms
[2026-06-17T09:51:52.866+0800][11.612s][info][gc,cpu         ] GC(477) User=0.00s Sys=0.00s Real=0.00s
[2026-06-17T09:51:52.878+0800][11.624s][info][gc,start       ] GC(478) Pause Young (Allocation Failure)
[2026-06-17T09:51:52.880+0800][11.626s][info][gc,heap        ] GC(478) PSYoungGen: 9497K->5804K(14336K)
[2026-06-17T09:51:52.880+0800][11.626s][info][gc,heap        ] GC(478) ParOldGen: 36148K->36148K(44032K)
[2026-06-17T09:51:52.880+0800][11.626s][info][gc,metaspace   ] GC(478) Metaspace: 3159K(4864K)->3159K(4864K) NonClass: 2853K(4352K)->2853K(4352K) Class: 305K(512K)->305K(512K)
[2026-06-17T09:51:52.881+0800][11.627s][info][gc             ] GC(478) Pause Young (Allocation Failure) 44M->40M(57M) 2.332ms
[2026-06-17T09:51:52.881+0800][11.627s][info][gc,cpu         ] GC(478) User=0.00s Sys=0.00s Real=0.00s
[2026-06-17T09:51:52.902+0800][11.648s][info][gc,start       ] GC(479) Pause Young (Allocation Failure)
[2026-06-17T09:51:52.904+0800][11.650s][info][gc,heap        ] GC(479) PSYoungGen: 13815K->685K(14336K)
[2026-06-17T09:51:52.904+0800][11.650s][info][gc,heap        ] GC(479) ParOldGen: 36148K->38310K(44032K)
[2026-06-17T09:51:52.904+0800][11.650s][info][gc,metaspace   ] GC(479) Metaspace: 3159K(4864K)->3159K(4864K) NonClass: 2853K(4352K)->2853K(4352K) Class: 305K(512K)->305K(512K)
[2026-06-17T09:51:52.905+0800][11.651s][info][gc             ] GC(479) Pause Young (Allocation Failure) 48M->38M(57M) 2.333ms
[2026-06-17T09:51:52.905+0800][11.651s][info][gc,cpu         ] GC(479) User=0.00s Sys=0.00s Real=0.00s
[2026-06-17T09:51:52.927+0800][11.672s][info][gc,start       ] GC(480) Pause Young (Allocation Failure)
[2026-06-17T09:51:52.928+0800][11.674s][info][gc,heap        ] GC(480) PSYoungGen: 7840K->3557K(14336K)
[2026-06-17T09:51:52.929+0800][11.675s][info][gc,heap        ] GC(480) ParOldGen: 38310K->38971K(44032K)
[2026-06-17T09:51:52.929+0800][11.675s][info][gc,metaspace   ] GC(480) Metaspace: 3159K(4864K)->3159K(4864K) NonClass: 2853K(4352K)->2853K(4352K) Class: 305K(512K)->305K(512K)
[2026-06-17T09:51:52.930+0800][11.675s][info][gc             ] GC(480) Pause Young (Allocation Failure) 45M->41M(57M) 3.072ms
[2026-06-17T09:51:52.930+0800][11.676s][info][gc,cpu         ] GC(480) User=0.00s Sys=0.00s Real=0.00s
[2026-06-17T09:51:52.952+0800][11.697s][info][gc,start       ] GC(481) Pause Young (Allocation Failure)
[2026-06-17T09:51:52.953+0800][11.699s][info][gc,heap        ] GC(481) PSYoungGen: 10724K->3028K(14848K)
[2026-06-17T09:51:52.956+0800][11.702s][info][gc,heap        ] GC(481) ParOldGen: 38971K->40046K(44032K)
[2026-06-17T09:51:52.957+0800][11.703s][info][gc,metaspace   ] GC(481) Metaspace: 3159K(4864K)->3159K(4864K) NonClass: 2853K(4352K)->2853K(4352K) Class: 305K(512K)->305K(512K)
[2026-06-17T09:51:52.958+0800][11.704s][info][gc             ] GC(481) Pause Young (Allocation Failure) 48M->42M(57M) 6.827ms
[2026-06-17T09:51:52.960+0800][11.706s][info][gc,cpu         ] GC(481) User=0.00s Sys=0.00s Real=0.00s
[2026-06-17T09:51:52.982+0800][11.728s][info][gc,start       ] GC(482) Pause Young (Allocation Failure)
[2026-06-17T09:51:52.984+0800][11.730s][info][gc,heap        ] GC(482) PSYoungGen: 10708K->2100K(14336K)
[2026-06-17T09:51:52.985+0800][11.730s][info][gc,heap        ] GC(482) ParOldGen: 40046K->42166K(44032K)
[2026-06-17T09:51:52.985+0800][11.731s][info][gc,metaspace   ] GC(482) Metaspace: 3159K(4864K)->3159K(4864K) NonClass: 2853K(4352K)->2853K(4352K) Class: 305K(512K)->305K(512K)
[2026-06-17T09:51:52.985+0800][11.731s][info][gc             ] GC(482) Pause Young (Allocation Failure) 49M->43M(57M) 2.956ms
[2026-06-17T09:51:52.986+0800][11.731s][info][gc,cpu         ] GC(482) User=0.01s Sys=0.00s Real=0.01s
[2026-06-17T09:51:52.986+0800][11.732s][info][gc,start       ] GC(483) Pause Full (Ergonomics)
[2026-06-17T09:51:52.986+0800][11.732s][info][gc,phases,start] GC(483) Marking Phase
[2026-06-17T09:51:52.988+0800][11.734s][info][gc,phases      ] GC(483) Marking Phase 2.005ms
[2026-06-17T09:51:52.989+0800][11.735s][info][gc,phases,start] GC(483) Summary Phase
[2026-06-17T09:51:52.990+0800][11.736s][info][gc,phases      ] GC(483) Summary Phase 0.958ms
[2026-06-17T09:51:52.990+0800][11.736s][info][gc,phases,start] GC(483) Adjust Roots
[2026-06-17T09:51:52.991+0800][11.737s][info][gc,phases      ] GC(483) Adjust Roots 0.879ms
[2026-06-17T09:51:52.991+0800][11.737s][info][gc,phases,start] GC(483) Compaction Phase
[2026-06-17T09:51:52.995+0800][11.740s][info][gc,phases      ] GC(483) Compaction Phase 3.209ms
[2026-06-17T09:51:52.995+0800][11.741s][info][gc,phases,start] GC(483) Post Compact
[2026-06-17T09:51:52.995+0800][11.741s][info][gc,phases      ] GC(483) Post Compact 0.304ms
[2026-06-17T09:51:52.995+0800][11.741s][info][gc,heap        ] GC(483) PSYoungGen: 2100K->0K(14848K)
[2026-06-17T09:51:52.996+0800][11.741s][info][gc,heap        ] GC(483) ParOldGen: 42166K->25303K(44032K)
[2026-06-17T09:51:52.996+0800][11.742s][info][gc,metaspace   ] GC(483) Metaspace: 3159K(4864K)->3159K(4864K) NonClass: 2853K(4352K)->2853K(4352K) Class: 305K(512K)->305K(512K)
[2026-06-17T09:51:52.996+0800][11.742s][info][gc             ] GC(483) Pause Full (Ergonomics) 43M->24M(57M) 9.936ms
[2026-06-17T09:51:52.996+0800][11.742s][info][gc,cpu         ] GC(483) User=0.01s Sys=0.00s Real=0.01s
[2026-06-17T09:51:53.017+0800][11.763s][info][gc,start       ] GC(484) Pause Young (Allocation Failure)
[2026-06-17T09:51:53.019+0800][11.765s][info][gc,heap        ] GC(484) PSYoungGen: 8149K->4736K(14848K)
[2026-06-17T09:51:53.019+0800][11.765s][info][gc,heap        ] GC(484) ParOldGen: 25303K->25303K(44032K)
[2026-06-17T09:51:53.020+0800][11.766s][info][gc,metaspace   ] GC(484) Metaspace: 3159K(4864K)->3159K(4864K) NonClass: 2853K(4352K)->2853K(4352K) Class: 305K(512K)->305K(512K)
[2026-06-17T09:51:53.020+0800][11.766s][info][gc             ] GC(484) Pause Young (Allocation Failure) 32M->29M(57M) 3.035ms
[2026-06-17T09:51:53.021+0800][11.766s][info][gc,cpu         ] GC(484) User=0.00s Sys=0.00s Real=0.00s
[2026-06-17T09:51:53.042+0800][11.788s][info][gc,start       ] GC(485) Pause Young (Allocation Failure)
[2026-06-17T09:51:53.043+0800][11.789s][info][gc,heap        ] GC(485) PSYoungGen: 12928K->1931K(14848K)
[2026-06-17T09:51:53.043+0800][11.789s][info][gc,heap        ] GC(485) ParOldGen: 25303K->29528K(44032K)
[2026-06-17T09:51:53.043+0800][11.789s][info][gc,metaspace   ] GC(485) Metaspace: 3159K(4864K)->3159K(4864K) NonClass: 2853K(4352K)->2853K(4352K) Class: 305K(512K)->305K(512K)
[2026-06-17T09:51:53.044+0800][11.789s][info][gc             ] GC(485) Pause Young (Allocation Failure) 37M->30M(57M) 1.702ms
[2026-06-17T09:51:53.044+0800][11.790s][info][gc,cpu         ] GC(485) User=0.00s Sys=0.00s Real=0.01s
[2026-06-17T09:51:53.065+0800][11.811s][info][gc,start       ] GC(486) Pause Young (Allocation Failure)
[2026-06-17T09:51:53.066+0800][11.811s][info][gc,heap        ] GC(486) PSYoungGen: 10123K->1200K(14848K)
[2026-06-17T09:51:53.066+0800][11.812s][info][gc,heap        ] GC(486) ParOldGen: 29528K->31314K(44032K)
[2026-06-17T09:51:53.066+0800][11.812s][info][gc,metaspace   ] GC(486) Metaspace: 3159K(4864K)->3159K(4864K) NonClass: 2853K(4352K)->2853K(4352K) Class: 305K(512K)->305K(512K)
[2026-06-17T09:51:53.067+0800][11.812s][info][gc             ] GC(486) Pause Young (Allocation Failure) 38M->31M(57M) 1.724ms
[2026-06-17T09:51:53.067+0800][11.813s][info][gc,cpu         ] GC(486) User=0.00s Sys=0.00s Real=0.00s
[2026-06-17T09:51:53.088+0800][11.834s][info][gc,start       ] GC(487) Pause Young (Allocation Failure)
[2026-06-17T09:51:53.089+0800][11.835s][info][gc,heap        ] GC(487) PSYoungGen: 9392K->2406K(14848K)
[2026-06-17T09:51:53.089+0800][11.835s][info][gc,heap        ] GC(487) ParOldGen: 31314K->31314K(44032K)
[2026-06-17T09:51:53.089+0800][11.835s][info][gc,metaspace   ] GC(487) Metaspace: 3159K(4864K)->3159K(4864K) NonClass: 2853K(4352K)->2853K(4352K) Class: 305K(512K)->305K(512K)
[2026-06-17T09:51:53.089+0800][11.835s][info][gc             ] GC(487) Pause Young (Allocation Failure) 39M->32M(57M) 1.291ms
[2026-06-17T09:51:53.089+0800][11.835s][info][gc,cpu         ] GC(487) User=0.00s Sys=0.00s Real=0.00s
[2026-06-17T09:51:53.101+0800][11.846s][info][gc,start       ] GC(488) Pause Young (Allocation Failure)
[2026-06-17T09:51:53.101+0800][11.847s][info][gc,heap        ] GC(488) PSYoungGen: 10567K->3668K(14848K)
[2026-06-17T09:51:53.102+0800][11.847s][info][gc,heap        ] GC(488) ParOldGen: 31314K->31314K(44032K)
[2026-06-17T09:51:53.102+0800][11.848s][info][gc,metaspace   ] GC(488) Metaspace: 3159K(4864K)->3159K(4864K) NonClass: 2853K(4352K)->2853K(4352K) Class: 305K(512K)->305K(512K)
[2026-06-17T09:51:53.102+0800][11.848s][info][gc             ] GC(488) Pause Young (Allocation Failure) 40M->34M(57M) 1.470ms
[2026-06-17T09:51:53.102+0800][11.848s][info][gc,cpu         ] GC(488) User=0.01s Sys=0.00s Real=0.00s
[2026-06-17T09:51:53.134+0800][11.880s][info][gc,start       ] GC(489) Pause Young (Allocation Failure)
[2026-06-17T09:51:53.136+0800][11.882s][info][gc,heap        ] GC(489) PSYoungGen: 11834K->2558K(15360K)
[2026-06-17T09:51:53.137+0800][11.883s][info][gc,heap        ] GC(489) ParOldGen: 31314K->33601K(44032K)
[2026-06-17T09:51:53.137+0800][11.883s][info][gc,metaspace   ] GC(489) Metaspace: 3159K(4864K)->3159K(4864K) NonClass: 2853K(4352K)->2853K(4352K) Class: 305K(512K)->305K(512K)
[2026-06-17T09:51:53.138+0800][11.884s][info][gc             ] GC(489) Pause Young (Allocation Failure) 42M->35M(58M) 3.711ms
[2026-06-17T09:51:53.138+0800][11.884s][info][gc,cpu         ] GC(489) User=0.00s Sys=0.00s Real=0.00s
[2026-06-17T09:51:53.161+0800][11.906s][info][gc,start       ] GC(490) Pause Young (Allocation Failure)
[2026-06-17T09:51:53.162+0800][11.908s][info][gc,heap        ] GC(490) PSYoungGen: 11262K->3339K(14848K)
[2026-06-17T09:51:53.163+0800][11.909s][info][gc,heap        ] GC(490) ParOldGen: 33601K->34935K(44032K)
[2026-06-17T09:51:53.163+0800][11.909s][info][gc,metaspace   ] GC(490) Metaspace: 3159K(4864K)->3159K(4864K) NonClass: 2853K(4352K)->2853K(4352K) Class: 305K(512K)->305K(512K)
[2026-06-17T09:51:53.164+0800][11.910s][info][gc             ] GC(490) Pause Young (Allocation Failure) 43M->37M(57M) 3.116ms
[2026-06-17T09:51:53.164+0800][11.910s][info][gc,cpu         ] GC(490) User=0.00s Sys=0.00s Real=0.01s
[2026-06-17T09:51:53.176+0800][11.922s][info][gc,start       ] GC(491) Pause Young (Allocation Failure)
[2026-06-17T09:51:53.178+0800][11.924s][info][gc,heap        ] GC(491) PSYoungGen: 11388K->3426K(15360K)
[2026-06-17T09:51:53.178+0800][11.924s][info][gc,heap        ] GC(491) ParOldGen: 34935K->35721K(44032K)
[2026-06-17T09:51:53.179+0800][11.925s][info][gc,metaspace   ] GC(491) Metaspace: 3159K(4864K)->3159K(4864K) NonClass: 2853K(4352K)->2853K(4352K) Class: 305K(512K)->305K(512K)
[2026-06-17T09:51:53.179+0800][11.925s][info][gc             ] GC(491) Pause Young (Allocation Failure) 45M->38M(58M) 3.116ms
[2026-06-17T09:51:53.180+0800][11.926s][info][gc,cpu         ] GC(491) User=0.01s Sys=0.00s Real=0.00s
[2026-06-17T09:51:53.212+0800][11.958s][info][gc,start       ] GC(492) Pause Young (Allocation Failure)
[2026-06-17T09:51:53.215+0800][11.960s][info][gc,heap        ] GC(492) PSYoungGen: 12609K->2427K(15360K)
[2026-06-17T09:51:53.215+0800][11.961s][info][gc,heap        ] GC(492) ParOldGen: 35721K->39091K(44032K)
[2026-06-17T09:51:53.216+0800][11.961s][info][gc,metaspace   ] GC(492) Metaspace: 3159K(4864K)->3159K(4864K) NonClass: 2853K(4352K)->2853K(4352K) Class: 305K(512K)->305K(512K)
[2026-06-17T09:51:53.216+0800][11.962s][info][gc             ] GC(492) Pause Young (Allocation Failure) 47M->40M(58M) 3.709ms
[2026-06-17T09:51:53.216+0800][11.962s][info][gc,cpu         ] GC(492) User=0.00s Sys=0.00s Real=0.00s
[2026-06-17T09:51:53.238+0800][11.984s][info][gc,start       ] GC(493) Pause Young (Allocation Failure)
[2026-06-17T09:51:53.240+0800][11.986s][info][gc,heap        ] GC(493) PSYoungGen: 11638K->3177K(15872K)
[2026-06-17T09:51:53.241+0800][11.987s][info][gc,heap        ] GC(493) ParOldGen: 39091K->40281K(44032K)
[2026-06-17T09:51:53.241+0800][11.987s][info][gc,metaspace   ] GC(493) Metaspace: 3159K(4864K)->3159K(4864K) NonClass: 2853K(4352K)->2853K(4352K) Class: 305K(512K)->305K(512K)
[2026-06-17T09:51:53.242+0800][11.987s][info][gc             ] GC(493) Pause Young (Allocation Failure) 49M->42M(58M) 3.159ms
[2026-06-17T09:51:53.242+0800][11.988s][info][gc,cpu         ] GC(493) User=0.00s Sys=0.00s Real=0.00s
[2026-06-17T09:51:53.242+0800][11.988s][info][gc,start       ] GC(494) Pause Full (Ergonomics)
[2026-06-17T09:51:53.243+0800][11.989s][info][gc,phases,start] GC(494) Marking Phase
[2026-06-17T09:51:53.245+0800][11.991s][info][gc,phases      ] GC(494) Marking Phase 2.209ms
[2026-06-17T09:51:53.245+0800][11.991s][info][gc,phases,start] GC(494) Summary Phase
[2026-06-17T09:51:53.246+0800][11.992s][info][gc,phases      ] GC(494) Summary Phase 0.351ms
[2026-06-17T09:51:53.246+0800][11.992s][info][gc,phases,start] GC(494) Adjust Roots
[2026-06-17T09:51:53.247+0800][11.992s][info][gc,phases      ] GC(494) Adjust Roots 0.452ms
[2026-06-17T09:51:53.247+0800][11.993s][info][gc,phases,start] GC(494) Compaction Phase
[2026-06-17T09:51:53.249+0800][11.995s][info][gc,phases      ] GC(494) Compaction Phase 1.860ms
[2026-06-17T09:51:53.249+0800][11.995s][info][gc,phases,start] GC(494) Post Compact
[2026-06-17T09:51:53.249+0800][11.995s][info][gc,phases      ] GC(494) Post Compact 0.367ms
[2026-06-17T09:51:53.250+0800][11.996s][info][gc,heap        ] GC(494) PSYoungGen: 3177K->0K(15872K)
[2026-06-17T09:51:53.250+0800][11.996s][info][gc,heap        ] GC(494) ParOldGen: 40281K->20500K(44032K)
[2026-06-17T09:51:53.250+0800][11.996s][info][gc,metaspace   ] GC(494) Metaspace: 3159K(4864K)->3159K(4864K) NonClass: 2853K(4352K)->2853K(4352K) Class: 305K(512K)->305K(512K)
[2026-06-17T09:51:53.250+0800][11.996s][info][gc             ] GC(494) Pause Full (Ergonomics) 42M->20M(58M) 8.027ms
[2026-06-17T09:51:53.251+0800][11.996s][info][gc,cpu         ] GC(494) User=0.01s Sys=0.01s Real=0.02s
[2026-06-17T09:51:53.272+0800][12.018s][info][gc,start       ] GC(495) Pause Young (Allocation Failure)
[2026-06-17T09:51:53.273+0800][12.019s][info][gc,heap        ] GC(495) PSYoungGen: 10196K->5625K(13824K)
[2026-06-17T09:51:53.274+0800][12.020s][info][gc,heap        ] GC(495) ParOldGen: 20500K->21849K(44032K)
[2026-06-17T09:51:53.274+0800][12.020s][info][gc,metaspace   ] GC(495) Metaspace: 3159K(4864K)->3159K(4864K) NonClass: 2853K(4352K)->2853K(4352K) Class: 305K(512K)->305K(512K)
[2026-06-17T09:51:53.274+0800][12.020s][info][gc             ] GC(495) Pause Young (Allocation Failure) 29M->26M(56M) 2.222ms
[2026-06-17T09:51:53.274+0800][12.020s][info][gc,cpu         ] GC(495) User=0.00s Sys=0.00s Real=0.00s
[2026-06-17T09:51:53.295+0800][12.041s][info][gc,start       ] GC(496) Pause Young (Allocation Failure)
[2026-06-17T09:51:53.297+0800][12.043s][info][gc,heap        ] GC(496) PSYoungGen: 13539K->345K(8704K)
[2026-06-17T09:51:53.297+0800][12.043s][info][gc,heap        ] GC(496) ParOldGen: 21849K->24938K(44032K)
[2026-06-17T09:51:53.298+0800][12.044s][info][gc,metaspace   ] GC(496) Metaspace: 3159K(4864K)->3159K(4864K) NonClass: 2853K(4352K)->2853K(4352K) Class: 305K(512K)->305K(512K)
[2026-06-17T09:51:53.298+0800][12.044s][info][gc             ] GC(496) Pause Young (Allocation Failure) 34M->24M(51M) 3.090ms
[2026-06-17T09:51:53.299+0800][12.045s][info][gc,cpu         ] GC(496) User=0.00s Sys=0.00s Real=0.00s
[2026-06-17T09:51:53.320+0800][12.066s][info][gc,start       ] GC(497) Pause Young (Allocation Failure)
[2026-06-17T09:51:53.321+0800][12.067s][info][gc,heap        ] GC(497) PSYoungGen: 8537K->4648K(14336K)
[2026-06-17T09:51:53.323+0800][12.069s][info][gc,heap        ] GC(497) ParOldGen: 24938K->25259K(44032K)
[2026-06-17T09:51:53.323+0800][12.069s][info][gc,metaspace   ] GC(497) Metaspace: 3159K(4864K)->3159K(4864K) NonClass: 2853K(4352K)->2853K(4352K) Class: 305K(512K)->305K(512K)
[2026-06-17T09:51:53.324+0800][12.069s][info][gc             ] GC(497) Pause Young (Allocation Failure) 32M->29M(57M) 3.055ms
[2026-06-17T09:51:53.324+0800][12.070s][info][gc,cpu         ] GC(497) User=0.00s Sys=0.00s Real=0.01s
[2026-06-17T09:51:53.346+0800][12.092s][info][gc,start       ] GC(498) Pause Young (Allocation Failure)
[2026-06-17T09:51:53.347+0800][12.093s][info][gc,heap        ] GC(498) PSYoungGen: 11794K->3435K(14336K)
[2026-06-17T09:51:53.348+0800][12.093s][info][gc,heap        ] GC(498) ParOldGen: 25259K->27008K(44032K)
[2026-06-17T09:51:53.348+0800][12.094s][info][gc,metaspace   ] GC(498) Metaspace: 3159K(4864K)->3159K(4864K) NonClass: 2853K(4352K)->2853K(4352K) Class: 305K(512K)->305K(512K)
[2026-06-17T09:51:53.348+0800][12.094s][info][gc             ] GC(498) Pause Young (Allocation Failure) 36M->29M(57M) 2.278ms
[2026-06-17T09:51:53.348+0800][12.094s][info][gc,cpu         ] GC(498) User=0.00s Sys=0.00s Real=0.00s
[2026-06-17T09:51:53.369+0800][12.115s][info][gc,start       ] GC(499) Pause Young (Allocation Failure)
[2026-06-17T09:51:53.371+0800][12.116s][info][gc,heap        ] GC(499) PSYoungGen: 10544K->1513K(14848K)
[2026-06-17T09:51:53.371+0800][12.117s][info][gc,heap        ] GC(499) ParOldGen: 27008K->29008K(44032K)
[2026-06-17T09:51:53.371+0800][12.117s][info][gc,metaspace   ] GC(499) Metaspace: 3159K(4864K)->3159K(4864K) NonClass: 2853K(4352K)->2853K(4352K) Class: 305K(512K)->305K(512K)
[2026-06-17T09:51:53.371+0800][12.117s][info][gc             ] GC(499) Pause Young (Allocation Failure) 36M->29M(57M) 1.766ms
[2026-06-17T09:51:53.371+0800][12.117s][info][gc,cpu         ] GC(499) User=0.00s Sys=0.00s Real=0.01s
[2026-06-17T09:51:53.382+0800][12.128s][info][gc,start       ] GC(500) Pause Young (Allocation Failure)
[2026-06-17T09:51:53.383+0800][12.129s][info][gc,heap        ] GC(500) PSYoungGen: 9190K->5680K(14336K)
[2026-06-17T09:51:53.383+0800][12.129s][info][gc,heap        ] GC(500) ParOldGen: 29008K->29008K(44032K)
[2026-06-17T09:51:53.384+0800][12.130s][info][gc,metaspace   ] GC(500) Metaspace: 3159K(4864K)->3159K(4864K) NonClass: 2853K(4352K)->2853K(4352K) Class: 305K(512K)->305K(512K)
[2026-06-17T09:51:53.384+0800][12.130s][info][gc             ] GC(500) Pause Young (Allocation Failure) 37M->33M(57M) 1.832ms
[2026-06-17T09:51:53.384+0800][12.130s][info][gc,cpu         ] GC(500) User=0.00s Sys=0.00s Real=0.01s
[2026-06-17T09:51:53.406+0800][12.152s][info][gc,start       ] GC(501) Pause Young (Allocation Failure)
[2026-06-17T09:51:53.407+0800][12.153s][info][gc,heap        ] GC(501) PSYoungGen: 13356K->4018K(14336K)
[2026-06-17T09:51:53.408+0800][12.154s][info][gc,heap        ] GC(501) ParOldGen: 29008K->31210K(44032K)
[2026-06-17T09:51:53.408+0800][12.154s][info][gc,metaspace   ] GC(501) Metaspace: 3159K(4864K)->3159K(4864K) NonClass: 2853K(4352K)->2853K(4352K) Class: 305K(512K)->305K(512K)
[2026-06-17T09:51:53.409+0800][12.155s][info][gc             ] GC(501) Pause Young (Allocation Failure) 41M->34M(57M) 3.159ms
[2026-06-17T09:51:53.409+0800][12.155s][info][gc,cpu         ] GC(501) User=0.00s Sys=0.00s Real=0.00s
[2026-06-17T09:51:53.431+0800][12.177s][info][gc,start       ] GC(502) Pause Young (Allocation Failure)
[2026-06-17T09:51:53.433+0800][12.179s][info][gc,heap        ] GC(502) PSYoungGen: 11152K->3073K(14336K)
[2026-06-17T09:51:53.434+0800][12.180s][info][gc,heap        ] GC(502) ParOldGen: 31210K->32403K(44032K)
[2026-06-17T09:51:53.434+0800][12.180s][info][gc,metaspace   ] GC(502) Metaspace: 3159K(4864K)->3159K(4864K) NonClass: 2853K(4352K)->2853K(4352K) Class: 305K(512K)->305K(512K)
[2026-06-17T09:51:53.435+0800][12.181s][info][gc             ] GC(502) Pause Young (Allocation Failure) 41M->34M(57M) 3.505ms
[2026-06-17T09:51:53.435+0800][12.181s][info][gc,cpu         ] GC(502) User=0.00s Sys=0.00s Real=0.00s
[2026-06-17T09:51:53.447+0800][12.192s][info][gc,start       ] GC(503) Pause Young (Allocation Failure)
[2026-06-17T09:51:53.448+0800][12.194s][info][gc,heap        ] GC(503) PSYoungGen: 9908K->516K(14336K)
[2026-06-17T09:51:53.448+0800][12.194s][info][gc,heap        ] GC(503) ParOldGen: 32403K->34359K(44032K)
[2026-06-17T09:51:53.449+0800][12.195s][info][gc,metaspace   ] GC(503) Metaspace: 3159K(4864K)->3159K(4864K) NonClass: 2853K(4352K)->2853K(4352K) Class: 305K(512K)->305K(512K)
[2026-06-17T09:51:53.450+0800][12.195s][info][gc             ] GC(503) Pause Young (Allocation Failure) 41M->34M(57M) 2.998ms
[2026-06-17T09:51:53.450+0800][12.196s][info][gc,cpu         ] GC(503) User=0.00s Sys=0.00s Real=0.00s
[2026-06-17T09:51:53.472+0800][12.218s][info][gc,start       ] GC(504) Pause Young (Allocation Failure)
[2026-06-17T09:51:53.475+0800][12.221s][info][gc,heap        ] GC(504) PSYoungGen: 7663K->3574K(14336K)
[2026-06-17T09:51:53.475+0800][12.221s][info][gc,heap        ] GC(504) ParOldGen: 34359K->34851K(44032K)
[2026-06-17T09:51:53.476+0800][12.222s][info][gc,metaspace   ] GC(504) Metaspace: 3159K(4864K)->3159K(4864K) NonClass: 2853K(4352K)->2853K(4352K) Class: 305K(512K)->305K(512K)
[2026-06-17T09:51:53.477+0800][12.223s][info][gc             ] GC(504) Pause Young (Allocation Failure) 41M->37M(57M) 4.965ms
[2026-06-17T09:51:53.478+0800][12.223s][info][gc,cpu         ] GC(504) User=0.01s Sys=0.00s Real=0.00s
[2026-06-17T09:51:53.500+0800][12.246s][info][gc,start       ] GC(505) Pause Young (Allocation Failure)
[2026-06-17T09:51:53.502+0800][12.248s][info][gc,heap        ] GC(505) PSYoungGen: 10741K->2606K(14848K)
[2026-06-17T09:51:53.504+0800][12.250s][info][gc,heap        ] GC(505) ParOldGen: 34851K->36308K(44032K)
[2026-06-17T09:51:53.507+0800][12.253s][info][gc,metaspace   ] GC(505) Metaspace: 3159K(4864K)->3159K(4864K) NonClass: 2853K(4352K)->2853K(4352K) Class: 305K(512K)->305K(512K)
[2026-06-17T09:51:53.508+0800][12.254s][info][gc             ] GC(505) Pause Young (Allocation Failure) 44M->38M(57M) 7.806ms
[2026-06-17T09:51:53.509+0800][12.254s][info][gc,cpu         ] GC(505) User=0.00s Sys=0.00s Real=0.01s
[2026-06-17T09:51:53.530+0800][12.276s][info][gc,start       ] GC(506) Pause Young (Allocation Failure)
[2026-06-17T09:51:53.531+0800][12.277s][info][gc,heap        ] GC(506) PSYoungGen: 10277K->1199K(14336K)
[2026-06-17T09:51:53.532+0800][12.278s][info][gc,heap        ] GC(506) ParOldGen: 36308K->38529K(44032K)
[2026-06-17T09:51:53.532+0800][12.278s][info][gc,metaspace   ] GC(506) Metaspace: 3159K(4864K)->3159K(4864K) NonClass: 2853K(4352K)->2853K(4352K) Class: 305K(512K)->305K(512K)
[2026-06-17T09:51:53.532+0800][12.278s][info][gc             ] GC(506) Pause Young (Allocation Failure) 45M->38M(57M) 2.177ms
[2026-06-17T09:51:53.533+0800][12.279s][info][gc,cpu         ] GC(506) User=0.00s Sys=0.00s Real=0.01s
[2026-06-17T09:51:53.554+0800][12.300s][info][gc,start       ] GC(507) Pause Young (Allocation Failure)
[2026-06-17T09:51:53.557+0800][12.303s][info][gc,heap        ] GC(507) PSYoungGen: 8828K->2129K(14848K)
[2026-06-17T09:51:53.558+0800][12.304s][info][gc,heap        ] GC(507) ParOldGen: 38529K->38529K(44032K)
[2026-06-17T09:51:53.562+0800][12.308s][info][gc,metaspace   ] GC(507) Metaspace: 3159K(4864K)->3159K(4864K) NonClass: 2853K(4352K)->2853K(4352K) Class: 305K(512K)->305K(512K)
[2026-06-17T09:51:53.565+0800][12.311s][info][gc             ] GC(507) Pause Young (Allocation Failure) 46M->39M(57M) 10.766ms
[2026-06-17T09:51:53.567+0800][12.313s][info][gc,cpu         ] GC(507) User=0.00s Sys=0.00s Real=0.01s
[2026-06-17T09:51:53.589+0800][12.335s][info][gc,start       ] GC(508) Pause Young (Allocation Failure)
[2026-06-17T09:51:53.590+0800][12.336s][info][gc,heap        ] GC(508) PSYoungGen: 10301K->2056K(14848K)
[2026-06-17T09:51:53.590+0800][12.336s][info][gc,heap        ] GC(508) ParOldGen: 38529K->40169K(44032K)
[2026-06-17T09:51:53.590+0800][12.336s][info][gc,metaspace   ] GC(508) Metaspace: 3159K(4864K)->3159K(4864K) NonClass: 2853K(4352K)->2853K(4352K) Class: 305K(512K)->305K(512K)
[2026-06-17T09:51:53.591+0800][12.337s][info][gc             ] GC(508) Pause Young (Allocation Failure) 47M->41M(57M) 1.954ms
[2026-06-17T09:51:53.591+0800][12.337s][info][gc,cpu         ] GC(508) User=0.00s Sys=0.00s Real=0.01s
[2026-06-17T09:51:53.613+0800][12.359s][info][gc,start       ] GC(509) Pause Young (Allocation Failure)
[2026-06-17T09:51:53.614+0800][12.360s][info][gc,heap        ] GC(509) PSYoungGen: 10220K->3338K(15360K)
[2026-06-17T09:51:53.615+0800][12.360s][info][gc,heap        ] GC(509) ParOldGen: 40169K->40169K(44032K)
[2026-06-17T09:51:53.615+0800][12.361s][info][gc,metaspace   ] GC(509) Metaspace: 3159K(4864K)->3159K(4864K) NonClass: 2853K(4352K)->2853K(4352K) Class: 305K(512K)->305K(512K)
[2026-06-17T09:51:53.615+0800][12.361s][info][gc             ] GC(509) Pause Young (Allocation Failure) 49M->42M(58M) 2.638ms
[2026-06-17T09:51:53.616+0800][12.362s][info][gc,cpu         ] GC(509) User=0.00s Sys=0.00s Real=0.00s
[2026-06-17T09:51:53.638+0800][12.384s][info][gc,start       ] GC(510) Pause Young (Allocation Failure)
[2026-06-17T09:51:53.640+0800][12.386s][info][gc,heap        ] GC(510) PSYoungGen: 12513K->5289K(14848K)
[2026-06-17T09:51:53.641+0800][12.386s][info][gc,heap        ] GC(510) ParOldGen: 40169K->40169K(44032K)
[2026-06-17T09:51:53.641+0800][12.387s][info][gc,metaspace   ] GC(510) Metaspace: 3159K(4864K)->3159K(4864K) NonClass: 2853K(4352K)->2853K(4352K) Class: 305K(512K)->305K(512K)
[2026-06-17T09:51:53.642+0800][12.388s][info][gc             ] GC(510) Pause Young (Allocation Failure) 51M->44M(57M) 4.132ms
[2026-06-17T09:51:53.643+0800][12.389s][info][gc,cpu         ] GC(510) User=0.00s Sys=0.00s Real=0.01s
[2026-06-17T09:51:53.666+0800][12.412s][info][gc,start       ] GC(511) Pause Young (Allocation Failure)
[2026-06-17T09:51:53.669+0800][12.415s][info][gc,heap        ] GC(511) PSYoungGen: 14479K->5807K(13824K)
[2026-06-17T09:51:53.670+0800][12.415s][info][gc,heap        ] GC(511) ParOldGen: 40169K->41938K(44032K)
[2026-06-17T09:51:53.670+0800][12.416s][info][gc,metaspace   ] GC(511) Metaspace: 3159K(4864K)->3159K(4864K) NonClass: 2853K(4352K)->2853K(4352K) Class: 305K(512K)->305K(512K)
[2026-06-17T09:51:53.671+0800][12.417s][info][gc             ] GC(511) Pause Young (Allocation Failure) 53M->46M(56M) 5.266ms
[2026-06-17T09:51:53.672+0800][12.418s][info][gc,cpu         ] GC(511) User=0.01s Sys=0.00s Real=0.01s
[2026-06-17T09:51:53.672+0800][12.418s][info][gc,start       ] GC(512) Pause Full (Ergonomics)
[2026-06-17T09:51:53.673+0800][12.419s][info][gc,phases,start] GC(512) Marking Phase
[2026-06-17T09:51:53.675+0800][12.421s][info][gc,phases      ] GC(512) Marking Phase 2.438ms
[2026-06-17T09:51:53.676+0800][12.422s][info][gc,phases,start] GC(512) Summary Phase
[2026-06-17T09:51:53.677+0800][12.422s][info][gc,phases      ] GC(512) Summary Phase 0.650ms
[2026-06-17T09:51:53.677+0800][12.423s][info][gc,phases,start] GC(512) Adjust Roots
[2026-06-17T09:51:53.678+0800][12.424s][info][gc,phases      ] GC(512) Adjust Roots 0.726ms
[2026-06-17T09:51:53.679+0800][12.424s][info][gc,phases,start] GC(512) Compaction Phase
[2026-06-17T09:51:53.682+0800][12.427s][info][gc,phases      ] GC(512) Compaction Phase 2.993ms
[2026-06-17T09:51:53.682+0800][12.428s][info][gc,phases,start] GC(512) Post Compact
[2026-06-17T09:51:53.682+0800][12.428s][info][gc,phases      ] GC(512) Post Compact 0.344ms
[2026-06-17T09:51:53.683+0800][12.429s][info][gc,heap        ] GC(512) PSYoungGen: 5807K->0K(14336K)
[2026-06-17T09:51:53.683+0800][12.429s][info][gc,heap        ] GC(512) ParOldGen: 41938K->24289K(44032K)
[2026-06-17T09:51:53.683+0800][12.429s][info][gc,metaspace   ] GC(512) Metaspace: 3159K(4864K)->3159K(4864K) NonClass: 2853K(4352K)->2853K(4352K) Class: 305K(512K)->305K(512K)
[2026-06-17T09:51:53.683+0800][12.429s][info][gc             ] GC(512) Pause Full (Ergonomics) 46M->23M(57M) 10.897ms
[2026-06-17T09:51:53.684+0800][12.429s][info][gc,cpu         ] GC(512) User=0.00s Sys=0.00s Real=0.01s
[2026-06-17T09:51:53.705+0800][12.451s][info][gc,start       ] GC(513) Pause Young (Allocation Failure)
[2026-06-17T09:51:53.707+0800][12.453s][info][gc,heap        ] GC(513) PSYoungGen: 7123K->3603K(14336K)
[2026-06-17T09:51:53.708+0800][12.454s][info][gc,heap        ] GC(513) ParOldGen: 24289K->24289K(44032K)
[2026-06-17T09:51:53.708+0800][12.454s][info][gc,metaspace   ] GC(513) Metaspace: 3159K(4864K)->3159K(4864K) NonClass: 2853K(4352K)->2853K(4352K) Class: 305K(512K)->305K(512K)
[2026-06-17T09:51:53.709+0800][12.455s][info][gc             ] GC(513) Pause Young (Allocation Failure) 30M->27M(57M) 3.422ms
[2026-06-17T09:51:53.709+0800][12.455s][info][gc,cpu         ] GC(513) User=0.01s Sys=0.00s Real=0.00s
[2026-06-17T09:51:53.723+0800][12.468s][info][gc,start       ] GC(514) Pause Young (Allocation Failure)
[2026-06-17T09:51:53.725+0800][12.471s][info][gc,heap        ] GC(514) PSYoungGen: 10740K->4798K(14336K)
[2026-06-17T09:51:53.726+0800][12.472s][info][gc,heap        ] GC(514) ParOldGen: 24289K->26753K(44032K)
[2026-06-17T09:51:53.727+0800][12.473s][info][gc,metaspace   ] GC(514) Metaspace: 3159K(4864K)->3159K(4864K) NonClass: 2853K(4352K)->2853K(4352K) Class: 305K(512K)->305K(512K)
[2026-06-17T09:51:53.727+0800][12.473s][info][gc             ] GC(514) Pause Young (Allocation Failure) 34M->30M(57M) 4.878ms
[2026-06-17T09:51:53.728+0800][12.474s][info][gc,cpu         ] GC(514) User=0.00s Sys=0.00s Real=0.00s
[2026-06-17T09:51:53.751+0800][12.496s][info][gc,start       ] GC(515) Pause Young (Allocation Failure)
[2026-06-17T09:51:53.753+0800][12.499s][info][gc,heap        ] GC(515) PSYoungGen: 11959K->2746K(14336K)
[2026-06-17T09:51:53.753+0800][12.499s][info][gc,heap        ] GC(515) ParOldGen: 26753K->28877K(44032K)
[2026-06-17T09:51:53.754+0800][12.500s][info][gc,metaspace   ] GC(515) Metaspace: 3159K(4864K)->3159K(4864K) NonClass: 2853K(4352K)->2853K(4352K) Class: 305K(512K)->305K(512K)
[2026-06-17T09:51:53.755+0800][12.500s][info][gc             ] GC(515) Pause Young (Allocation Failure) 37M->30M(57M) 4.050ms
[2026-06-17T09:51:53.755+0800][12.501s][info][gc,cpu         ] GC(515) User=0.00s Sys=0.00s Real=0.00s
[2026-06-17T09:51:53.777+0800][12.523s][info][gc,start       ] GC(516) Pause Young (Allocation Failure)
[2026-06-17T09:51:53.778+0800][12.524s][info][gc,heap        ] GC(516) PSYoungGen: 9914K->2855K(14336K)
[2026-06-17T09:51:53.779+0800][12.525s][info][gc,heap        ] GC(516) ParOldGen: 28877K->28877K(44032K)
[2026-06-17T09:51:53.779+0800][12.525s][info][gc,metaspace   ] GC(516) Metaspace: 3159K(4864K)->3159K(4864K) NonClass: 2853K(4352K)->2853K(4352K) Class: 305K(512K)->305K(512K)
[2026-06-17T09:51:53.779+0800][12.525s][info][gc             ] GC(516) Pause Young (Allocation Failure) 37M->30M(57M) 2.093ms
[2026-06-17T09:51:53.780+0800][12.525s][info][gc,cpu         ] GC(516) User=0.00s Sys=0.00s Real=0.00s
[2026-06-17T09:51:53.790+0800][12.536s][info][gc,start       ] GC(517) Pause Young (Allocation Failure)
[2026-06-17T09:51:53.791+0800][12.537s][info][gc,heap        ] GC(517) PSYoungGen: 9974K->1328K(14848K)
[2026-06-17T09:51:53.791+0800][12.537s][info][gc,heap        ] GC(517) ParOldGen: 28877K->30751K(44032K)
[2026-06-17T09:51:53.792+0800][12.537s][info][gc,metaspace   ] GC(517) Metaspace: 3159K(4864K)->3159K(4864K) NonClass: 2853K(4352K)->2853K(4352K) Class: 305K(512K)->305K(512K)
[2026-06-17T09:51:53.792+0800][12.538s][info][gc             ] GC(517) Pause Young (Allocation Failure) 37M->31M(57M) 1.274ms
[2026-06-17T09:51:53.792+0800][12.538s][info][gc,cpu         ] GC(517) User=0.00s Sys=0.01s Real=0.01s
[2026-06-17T09:51:53.823+0800][12.569s][info][gc,start       ] GC(518) Pause Young (Allocation Failure)
[2026-06-17T09:51:53.826+0800][12.572s][info][gc,heap        ] GC(518) PSYoungGen: 9488K->928K(9216K)
[2026-06-17T09:51:53.827+0800][12.573s][info][gc,heap        ] GC(518) ParOldGen: 30751K->32055K(44032K)
[2026-06-17T09:51:53.829+0800][12.575s][info][gc,metaspace   ] GC(518) Metaspace: 3159K(4864K)->3159K(4864K) NonClass: 2853K(4352K)->2853K(4352K) Class: 305K(512K)->305K(512K)
[2026-06-17T09:51:53.832+0800][12.577s][info][gc             ] GC(518) Pause Young (Allocation Failure) 39M->32M(52M) 8.237ms
[2026-06-17T09:51:53.834+0800][12.580s][info][gc,cpu         ] GC(518) User=0.00s Sys=0.00s Real=0.01s
[2026-06-17T09:51:53.848+0800][12.594s][info][gc,start       ] GC(519) Pause Young (Allocation Failure)
[2026-06-17T09:51:53.850+0800][12.596s][info][gc,heap        ] GC(519) PSYoungGen: 9115K->5252K(14336K)
[2026-06-17T09:51:53.851+0800][12.596s][info][gc,heap        ] GC(519) ParOldGen: 32055K->32437K(44032K)
[2026-06-17T09:51:53.851+0800][12.597s][info][gc,metaspace   ] GC(519) Metaspace: 3159K(4864K)->3159K(4864K) NonClass: 2853K(4352K)->2853K(4352K) Class: 305K(512K)->305K(512K)
[2026-06-17T09:51:53.852+0800][12.597s][info][gc             ] GC(519) Pause Young (Allocation Failure) 40M->36M(57M) 3.261ms
[2026-06-17T09:51:53.852+0800][12.598s][info][gc,cpu         ] GC(519) User=0.00s Sys=0.00s Real=0.01s
[2026-06-17T09:51:53.875+0800][12.621s][info][gc,start       ] GC(520) Pause Young (Allocation Failure)
[2026-06-17T09:51:53.877+0800][12.622s][info][gc,heap        ] GC(520) PSYoungGen: 12417K->32K(14336K)
[2026-06-17T09:51:53.877+0800][12.623s][info][gc,heap        ] GC(520) ParOldGen: 32437K->34376K(44032K)
[2026-06-17T09:51:53.878+0800][12.624s][info][gc,metaspace   ] GC(520) Metaspace: 3159K(4864K)->3159K(4864K) NonClass: 2853K(4352K)->2853K(4352K) Class: 305K(512K)->305K(512K)
[2026-06-17T09:51:53.879+0800][12.625s][info][gc             ] GC(520) Pause Young (Allocation Failure) 43M->33M(57M) 3.928ms
[2026-06-17T09:51:53.879+0800][12.625s][info][gc,cpu         ] GC(520) User=0.00s Sys=0.00s Real=0.00s
[2026-06-17T09:51:53.902+0800][12.648s][info][gc,start       ] GC(521) Pause Young (Allocation Failure)
[2026-06-17T09:51:53.904+0800][12.650s][info][gc,heap        ] GC(521) PSYoungGen: 7172K->3525K(14336K)
[2026-06-17T09:51:53.905+0800][12.651s][info][gc,heap        ] GC(521) ParOldGen: 34376K->34384K(44032K)
[2026-06-17T09:51:53.905+0800][12.651s][info][gc,metaspace   ] GC(521) Metaspace: 3159K(4864K)->3159K(4864K) NonClass: 2853K(4352K)->2853K(4352K) Class: 305K(512K)->305K(512K)
[2026-06-17T09:51:53.906+0800][12.652s][info][gc             ] GC(521) Pause Young (Allocation Failure) 40M->37M(57M) 4.232ms
[2026-06-17T09:51:53.907+0800][12.652s][info][gc,cpu         ] GC(521) User=0.00s Sys=0.00s Real=0.01s
[2026-06-17T09:51:53.919+0800][12.664s][info][gc,start       ] GC(522) Pause Young (Allocation Failure)
[2026-06-17T09:51:53.920+0800][12.666s][info][gc,heap        ] GC(522) PSYoungGen: 10657K->1104K(14336K)
[2026-06-17T09:51:53.921+0800][12.667s][info][gc,heap        ] GC(522) ParOldGen: 34384K->37121K(44032K)
[2026-06-17T09:51:53.921+0800][12.667s][info][gc,metaspace   ] GC(522) Metaspace: 3159K(4864K)->3159K(4864K) NonClass: 2853K(4352K)->2853K(4352K) Class: 305K(512K)->305K(512K)
[2026-06-17T09:51:53.922+0800][12.668s][info][gc             ] GC(522) Pause Young (Allocation Failure) 43M->37M(57M) 3.354ms
[2026-06-17T09:51:53.922+0800][12.668s][info][gc,cpu         ] GC(522) User=0.00s Sys=0.00s Real=0.00s
[2026-06-17T09:51:53.944+0800][12.690s][info][gc,start       ] GC(523) Pause Young (Allocation Failure)
[2026-06-17T09:51:53.946+0800][12.692s][info][gc,heap        ] GC(523) PSYoungGen: 8249K->3720K(14336K)
[2026-06-17T09:51:53.947+0800][12.693s][info][gc,heap        ] GC(523) ParOldGen: 37121K->38202K(44032K)
[2026-06-17T09:51:53.948+0800][12.694s][info][gc,metaspace   ] GC(523) Metaspace: 3159K(4864K)->3159K(4864K) NonClass: 2853K(4352K)->2853K(4352K) Class: 305K(512K)->305K(512K)
[2026-06-17T09:51:53.948+0800][12.694s][info][gc             ] GC(523) Pause Young (Allocation Failure) 44M->40M(57M) 3.948ms
[2026-06-17T09:51:53.949+0800][12.695s][info][gc,cpu         ] GC(523) User=0.00s Sys=0.00s Real=0.00s
[2026-06-17T09:51:53.970+0800][12.716s][info][gc,start       ] GC(524) Pause Young (Allocation Failure)
[2026-06-17T09:51:53.973+0800][12.719s][info][gc,heap        ] GC(524) PSYoungGen: 10882K->2622K(14336K)
[2026-06-17T09:51:53.975+0800][12.721s][info][gc,heap        ] GC(524) ParOldGen: 38202K->39342K(44032K)
[2026-06-17T09:51:53.976+0800][12.722s][info][gc,metaspace   ] GC(524) Metaspace: 3159K(4864K)->3159K(4864K) NonClass: 2853K(4352K)->2853K(4352K) Class: 305K(512K)->305K(512K)
[2026-06-17T09:51:53.978+0800][12.724s][info][gc             ] GC(524) Pause Young (Allocation Failure) 47M->40M(57M) 7.722ms
[2026-06-17T09:51:53.980+0800][12.726s][info][gc,cpu         ] GC(524) User=0.00s Sys=0.00s Real=0.01s
[2026-06-17T09:51:54.001+0800][12.747s][info][gc,start       ] GC(525) Pause Young (Allocation Failure)
[2026-06-17T09:51:54.002+0800][12.748s][info][gc,heap        ] GC(525) PSYoungGen: 9727K->903K(14848K)
[2026-06-17T09:51:54.002+0800][12.748s][info][gc,heap        ] GC(525) ParOldGen: 39342K->41140K(44032K)
[2026-06-17T09:51:54.002+0800][12.748s][info][gc,metaspace   ] GC(525) Metaspace: 3159K(4864K)->3159K(4864K) NonClass: 2853K(4352K)->2853K(4352K) Class: 305K(512K)->305K(512K)
[2026-06-17T09:51:54.003+0800][12.749s][info][gc             ] GC(525) Pause Young (Allocation Failure) 47M->41M(57M) 1.910ms
[2026-06-17T09:51:54.003+0800][12.749s][info][gc,cpu         ] GC(525) User=0.00s Sys=0.00s Real=0.01s
[2026-06-17T09:51:54.003+0800][12.749s][info][gc,start       ] GC(526) Pause Full (Ergonomics)
[2026-06-17T09:51:54.003+0800][12.749s][info][gc,phases,start] GC(526) Marking Phase
[2026-06-17T09:51:54.005+0800][12.751s][info][gc,phases      ] GC(526) Marking Phase 1.534ms
[2026-06-17T09:51:54.005+0800][12.751s][info][gc,phases,start] GC(526) Summary Phase
[2026-06-17T09:51:54.005+0800][12.751s][info][gc,phases      ] GC(526) Summary Phase 0.165ms
[2026-06-17T09:51:54.006+0800][12.751s][info][gc,phases,start] GC(526) Adjust Roots
[2026-06-17T09:51:54.006+0800][12.752s][info][gc,phases      ] GC(526) Adjust Roots 0.249ms
[2026-06-17T09:51:54.006+0800][12.752s][info][gc,phases,start] GC(526) Compaction Phase
[2026-06-17T09:51:54.008+0800][12.754s][info][gc,phases      ] GC(526) Compaction Phase 1.755ms
[2026-06-17T09:51:54.008+0800][12.754s][info][gc,phases,start] GC(526) Post Compact
[2026-06-17T09:51:54.008+0800][12.754s][info][gc,phases      ] GC(526) Post Compact 0.245ms
[2026-06-17T09:51:54.009+0800][12.754s][info][gc,heap        ] GC(526) PSYoungGen: 903K->0K(14848K)
[2026-06-17T09:51:54.009+0800][12.755s][info][gc,heap        ] GC(526) ParOldGen: 41140K->28966K(44032K)
[2026-06-17T09:51:54.009+0800][12.755s][info][gc,metaspace   ] GC(526) Metaspace: 3159K(4864K)->3159K(4864K) NonClass: 2853K(4352K)->2853K(4352K) Class: 305K(512K)->305K(512K)
[2026-06-17T09:51:54.009+0800][12.755s][info][gc             ] GC(526) Pause Full (Ergonomics) 41M->28M(57M) 5.741ms
[2026-06-17T09:51:54.009+0800][12.755s][info][gc,cpu         ] GC(526) User=0.00s Sys=0.00s Real=0.00s
[2026-06-17T09:51:54.030+0800][12.776s][info][gc,start       ] GC(527) Pause Young (Allocation Failure)
[2026-06-17T09:51:54.032+0800][12.777s][info][gc,heap        ] GC(527) PSYoungGen: 8182K->4971K(13824K)
[2026-06-17T09:51:54.032+0800][12.778s][info][gc,heap        ] GC(527) ParOldGen: 28966K->28966K(44032K)
[2026-06-17T09:51:54.032+0800][12.778s][info][gc,metaspace   ] GC(527) Metaspace: 3159K(4864K)->3159K(4864K) NonClass: 2853K(4352K)->2853K(4352K) Class: 305K(512K)->305K(512K)
[2026-06-17T09:51:54.032+0800][12.778s][info][gc             ] GC(527) Pause Young (Allocation Failure) 36M->33M(56M) 1.985ms
[2026-06-17T09:51:54.033+0800][12.778s][info][gc,cpu         ] GC(527) User=0.00s Sys=0.00s Real=0.01s
[2026-06-17T09:51:54.044+0800][12.790s][info][gc,start       ] GC(528) Pause Young (Allocation Failure)
[2026-06-17T09:51:54.045+0800][12.791s][info][gc,heap        ] GC(528) PSYoungGen: 12103K->3390K(14336K)
[2026-06-17T09:51:54.045+0800][12.791s][info][gc,heap        ] GC(528) ParOldGen: 28966K->33867K(44032K)
[2026-06-17T09:51:54.046+0800][12.791s][info][gc,metaspace   ] GC(528) Metaspace: 3159K(4864K)->3159K(4864K) NonClass: 2853K(4352K)->2853K(4352K) Class: 305K(512K)->305K(512K)
[2026-06-17T09:51:54.046+0800][12.792s][info][gc             ] GC(528) Pause Young (Allocation Failure) 40M->36M(57M) 2.054ms
[2026-06-17T09:51:54.046+0800][12.792s][info][gc,cpu         ] GC(528) User=0.00s Sys=0.00s Real=0.00s
[2026-06-17T09:51:54.068+0800][12.814s][info][gc,start       ] GC(529) Pause Young (Allocation Failure)
[2026-06-17T09:51:54.070+0800][12.815s][info][gc,heap        ] GC(529) PSYoungGen: 10538K->3334K(14848K)
[2026-06-17T09:51:54.070+0800][12.816s][info][gc,heap        ] GC(529) ParOldGen: 33867K->33867K(44032K)
[2026-06-17T09:51:54.071+0800][12.816s][info][gc,metaspace   ] GC(529) Metaspace: 3159K(4864K)->3159K(4864K) NonClass: 2853K(4352K)->2853K(4352K) Class: 305K(512K)->305K(512K)
[2026-06-17T09:51:54.071+0800][12.817s][info][gc             ] GC(529) Pause Young (Allocation Failure) 43M->36M(57M) 3.578ms
[2026-06-17T09:51:54.072+0800][12.818s][info][gc,cpu         ] GC(529) User=0.00s Sys=0.00s Real=0.01s
[2026-06-17T09:51:54.084+0800][12.830s][info][gc,start       ] GC(530) Pause Young (Allocation Failure)
[2026-06-17T09:51:54.086+0800][12.831s][info][gc,heap        ] GC(530) PSYoungGen: 10837K->1452K(14336K)
[2026-06-17T09:51:54.089+0800][12.835s][info][gc,heap        ] GC(530) ParOldGen: 33867K->35852K(44032K)
[2026-06-17T09:51:54.092+0800][12.838s][info][gc,metaspace   ] GC(530) Metaspace: 3159K(4864K)->3159K(4864K) NonClass: 2853K(4352K)->2853K(4352K) Class: 305K(512K)->305K(512K)
[2026-06-17T09:51:54.095+0800][12.841s][info][gc             ] GC(530) Pause Young (Allocation Failure) 43M->36M(57M) 11.097ms
[2026-06-17T09:51:54.097+0800][12.843s][info][gc,cpu         ] GC(530) User=0.00s Sys=0.00s Real=0.01s
[2026-06-17T09:51:54.121+0800][12.867s][info][gc,start       ] GC(531) Pause Young (Allocation Failure)
[2026-06-17T09:51:54.123+0800][12.869s][info][gc,heap        ] GC(531) PSYoungGen: 8542K->447K(14848K)
[2026-06-17T09:51:54.124+0800][12.870s][info][gc,heap        ] GC(531) ParOldGen: 35852K->37281K(44032K)
[2026-06-17T09:51:54.124+0800][12.870s][info][gc,metaspace   ] GC(531) Metaspace: 3159K(4864K)->3159K(4864K) NonClass: 2853K(4352K)->2853K(4352K) Class: 305K(512K)->305K(512K)
[2026-06-17T09:51:54.125+0800][12.871s][info][gc             ] GC(531) Pause Young (Allocation Failure) 43M->36M(57M) 3.852ms
[2026-06-17T09:51:54.126+0800][12.872s][info][gc,cpu         ] GC(531) User=0.00s Sys=0.00s Real=0.01s
[2026-06-17T09:51:54.148+0800][12.894s][info][gc,start       ] GC(532) Pause Young (Allocation Failure)
[2026-06-17T09:51:54.150+0800][12.896s][info][gc,heap        ] GC(532) PSYoungGen: 8602K->4536K(12800K)
[2026-06-17T09:51:54.151+0800][12.897s][info][gc,heap        ] GC(532) ParOldGen: 37281K->37728K(44032K)
[2026-06-17T09:51:54.152+0800][12.898s][info][gc,metaspace   ] GC(532) Metaspace: 3159K(4864K)->3159K(4864K) NonClass: 2853K(4352K)->2853K(4352K) Class: 305K(512K)->305K(512K)
[2026-06-17T09:51:54.152+0800][12.898s][info][gc             ] GC(532) Pause Young (Allocation Failure) 44M->41M(55M) 3.764ms
[2026-06-17T09:51:54.153+0800][12.898s][info][gc,cpu         ] GC(532) User=0.00s Sys=0.00s Real=0.01s
[2026-06-17T09:51:54.175+0800][12.921s][info][gc,start       ] GC(533) Pause Young (Allocation Failure)
[2026-06-17T09:51:54.178+0800][12.924s][info][gc,heap        ] GC(533) PSYoungGen: 12710K->2768K(14848K)
[2026-06-17T09:51:54.179+0800][12.925s][info][gc,heap        ] GC(533) ParOldGen: 37728K->40721K(44032K)
[2026-06-17T09:51:54.179+0800][12.925s][info][gc,metaspace   ] GC(533) Metaspace: 3159K(4864K)->3159K(4864K) NonClass: 2853K(4352K)->2853K(4352K) Class: 305K(512K)->305K(512K)
[2026-06-17T09:51:54.180+0800][12.926s][info][gc             ] GC(533) Pause Young (Allocation Failure) 49M->42M(57M) 4.748ms
[2026-06-17T09:51:54.181+0800][12.927s][info][gc,cpu         ] GC(533) User=0.00s Sys=0.00s Real=0.00s
[2026-06-17T09:51:54.181+0800][12.927s][info][gc,start       ] GC(534) Pause Full (Ergonomics)
[2026-06-17T09:51:54.182+0800][12.928s][info][gc,phases,start] GC(534) Marking Phase
[2026-06-17T09:51:54.184+0800][12.930s][info][gc,phases      ] GC(534) Marking Phase 2.274ms
[2026-06-17T09:51:54.185+0800][12.931s][info][gc,phases,start] GC(534) Summary Phase
[2026-06-17T09:51:54.186+0800][12.931s][info][gc,phases      ] GC(534) Summary Phase 0.534ms
[2026-06-17T09:51:54.186+0800][12.932s][info][gc,phases,start] GC(534) Adjust Roots
[2026-06-17T09:51:54.187+0800][12.933s][info][gc,phases      ] GC(534) Adjust Roots 1.124ms
[2026-06-17T09:51:54.188+0800][12.934s][info][gc,phases,start] GC(534) Compaction Phase
[2026-06-17T09:51:54.191+0800][12.937s][info][gc,phases      ] GC(534) Compaction Phase 3.393ms
[2026-06-17T09:51:54.192+0800][12.938s][info][gc,phases,start] GC(534) Post Compact
[2026-06-17T09:51:54.192+0800][12.938s][info][gc,phases      ] GC(534) Post Compact 0.424ms
[2026-06-17T09:51:54.193+0800][12.938s][info][gc,heap        ] GC(534) PSYoungGen: 2768K->0K(14336K)
[2026-06-17T09:51:54.193+0800][12.939s][info][gc,heap        ] GC(534) ParOldGen: 40721K->25299K(44032K)
[2026-06-17T09:51:54.193+0800][12.939s][info][gc,metaspace   ] GC(534) Metaspace: 3159K(4864K)->3159K(4864K) NonClass: 2853K(4352K)->2853K(4352K) Class: 305K(512K)->305K(512K)
[2026-06-17T09:51:54.194+0800][12.940s][info][gc             ] GC(534) Pause Full (Ergonomics) 42M->24M(57M) 12.407ms
[2026-06-17T09:51:54.194+0800][12.940s][info][gc,cpu         ] GC(534) User=0.01s Sys=0.00s Real=0.02s
[2026-06-17T09:51:54.216+0800][12.962s][info][gc,start       ] GC(535) Pause Young (Allocation Failure)
[2026-06-17T09:51:54.218+0800][12.964s][info][gc,heap        ] GC(535) PSYoungGen: 7657K->4172K(14848K)
[2026-06-17T09:51:54.219+0800][12.965s][info][gc,heap        ] GC(535) ParOldGen: 25299K->25299K(44032K)
[2026-06-17T09:51:54.220+0800][12.966s][info][gc,metaspace   ] GC(535) Metaspace: 3159K(4864K)->3159K(4864K) NonClass: 2853K(4352K)->2853K(4352K) Class: 305K(512K)->305K(512K)
[2026-06-17T09:51:54.220+0800][12.966s][info][gc             ] GC(535) Pause Young (Allocation Failure) 32M->28M(57M) 4.265ms
[2026-06-17T09:51:54.221+0800][12.967s][info][gc,cpu         ] GC(535) User=0.01s Sys=0.00s Real=0.00s
[2026-06-17T09:51:54.243+0800][12.989s][info][gc,start       ] GC(536) Pause Young (Allocation Failure)
[2026-06-17T09:51:54.246+0800][12.991s][info][gc,heap        ] GC(536) PSYoungGen: 12334K->2861K(14848K)
[2026-06-17T09:51:54.246+0800][12.992s][info][gc,heap        ] GC(536) ParOldGen: 25299K->28050K(44032K)
[2026-06-17T09:51:54.247+0800][12.993s][info][gc,metaspace   ] GC(536) Metaspace: 3159K(4864K)->3159K(4864K) NonClass: 2853K(4352K)->2853K(4352K) Class: 305K(512K)->305K(512K)
[2026-06-17T09:51:54.248+0800][12.994s][info][gc             ] GC(536) Pause Young (Allocation Failure) 36M->30M(57M) 4.598ms
[2026-06-17T09:51:54.249+0800][12.994s][info][gc,cpu         ] GC(536) User=0.00s Sys=0.00s Real=0.00s
[2026-06-17T09:51:54.271+0800][13.017s][info][gc,start       ] GC(537) Pause Young (Allocation Failure)
[2026-06-17T09:51:54.318+0800][13.063s][info][gc,heap        ] GC(537) PSYoungGen: 11053K->2292K(15360K)
[2026-06-17T09:51:54.318+0800][13.064s][info][gc,heap        ] GC(537) ParOldGen: 28050K->30009K(44032K)
[2026-06-17T09:51:54.319+0800][13.065s][info][gc,metaspace   ] GC(537) Metaspace: 3159K(4864K)->3159K(4864K) NonClass: 2853K(4352K)->2853K(4352K) Class: 305K(512K)->305K(512K)
[2026-06-17T09:51:54.319+0800][13.065s][info][gc             ] GC(537) Pause Young (Allocation Failure) 38M->31M(58M) 48.074ms
[2026-06-17T09:51:54.320+0800][13.066s][info][gc,cpu         ] GC(537) User=0.00s Sys=0.00s Real=0.04s
[2026-06-17T09:51:54.342+0800][13.088s][info][gc,start       ] GC(538) Pause Young (Allocation Failure)
[2026-06-17T09:51:54.348+0800][13.094s][info][gc,heap        ] GC(538) PSYoungGen: 10985K->3869K(14848K)
[2026-06-17T09:51:54.352+0800][13.098s][info][gc,heap        ] GC(538) ParOldGen: 30009K->30009K(44032K)
[2026-06-17T09:51:54.365+0800][13.111s][info][gc,metaspace   ] GC(538) Metaspace: 3159K(4864K)->3159K(4864K) NonClass: 2853K(4352K)->2853K(4352K) Class: 305K(512K)->305K(512K)
[2026-06-17T09:51:54.365+0800][13.111s][info][gc             ] GC(538) Pause Young (Allocation Failure) 40M->33M(57M) 23.264ms
[2026-06-17T09:51:54.397+0800][13.142s][info][gc,cpu         ] GC(538) User=0.00s Sys=0.00s Real=0.06s
[2026-06-17T09:51:54.422+0800][13.167s][info][gc,start       ] GC(539) Pause Young (Allocation Failure)
[2026-06-17T09:51:54.423+0800][13.169s][info][gc,heap        ] GC(539) PSYoungGen: 12568K->3497K(15360K)
[2026-06-17T09:51:54.424+0800][13.170s][info][gc,heap        ] GC(539) ParOldGen: 30009K->31938K(44032K)
[2026-06-17T09:51:54.426+0800][13.172s][info][gc,metaspace   ] GC(539) Metaspace: 3159K(4864K)->3159K(4864K) NonClass: 2853K(4352K)->2853K(4352K) Class: 305K(512K)->305K(512K)
[2026-06-17T09:51:54.427+0800][13.172s][info][gc             ] GC(539) Pause Young (Allocation Failure) 41M->34M(58M) 5.044ms
[2026-06-17T09:51:54.428+0800][13.174s][info][gc,cpu         ] GC(539) User=0.00s Sys=0.00s Real=0.01s
[2026-06-17T09:51:54.452+0800][13.198s][info][gc,start       ] GC(540) Pause Young (Allocation Failure)
[2026-06-17T09:51:54.453+0800][13.199s][info][gc,heap        ] GC(540) PSYoungGen: 12586K->2400K(15360K)
[2026-06-17T09:51:54.453+0800][13.199s][info][gc,heap        ] GC(540) ParOldGen: 31938K->31938K(44032K)
[2026-06-17T09:51:54.454+0800][13.200s][info][gc,metaspace   ] GC(540) Metaspace: 3159K(4864K)->3159K(4864K) NonClass: 2853K(4352K)->2853K(4352K) Class: 305K(512K)->305K(512K)
[2026-06-17T09:51:54.454+0800][13.200s][info][gc             ] GC(540) Pause Young (Allocation Failure) 43M->33M(58M) 2.564ms
[2026-06-17T09:51:54.455+0800][13.201s][info][gc,cpu         ] GC(540) User=0.00s Sys=0.00s Real=0.00s
[2026-06-17T09:51:54.477+0800][13.222s][info][gc,start       ] GC(541) Pause Young (Allocation Failure)
[2026-06-17T09:51:54.480+0800][13.226s][info][gc,heap        ] GC(541) PSYoungGen: 11578K->6061K(14336K)
[2026-06-17T09:51:54.482+0800][13.228s][info][gc,heap        ] GC(541) ParOldGen: 31938K->33814K(44032K)
[2026-06-17T09:51:54.484+0800][13.230s][info][gc,metaspace   ] GC(541) Metaspace: 3159K(4864K)->3159K(4864K) NonClass: 2853K(4352K)->2853K(4352K) Class: 305K(512K)->305K(512K)
[2026-06-17T09:51:54.487+0800][13.233s][info][gc             ] GC(541) Pause Young (Allocation Failure) 42M->38M(57M) 10.218ms
[2026-06-17T09:51:54.488+0800][13.233s][info][gc,cpu         ] GC(541) User=0.00s Sys=0.00s Real=0.01s
[2026-06-17T09:51:54.511+0800][13.257s][info][gc,start       ] GC(542) Pause Young (Allocation Failure)
[2026-06-17T09:51:54.514+0800][13.260s][info][gc,heap        ] GC(542) PSYoungGen: 14245K->6615K(14848K)
[2026-06-17T09:51:54.517+0800][13.263s][info][gc,heap        ] GC(542) ParOldGen: 33814K->34852K(44032K)
[2026-06-17T09:51:54.518+0800][13.264s][info][gc,metaspace   ] GC(542) Metaspace: 3159K(4864K)->3159K(4864K) NonClass: 2853K(4352K)->2853K(4352K) Class: 305K(512K)->305K(512K)
[2026-06-17T09:51:54.520+0800][13.266s][info][gc             ] GC(542) Pause Young (Allocation Failure) 46M->40M(57M) 8.911ms
[2026-06-17T09:51:54.522+0800][13.268s][info][gc,cpu         ] GC(542) User=0.00s Sys=0.00s Real=0.00s
[2026-06-17T09:51:54.545+0800][13.291s][info][gc,start       ] GC(543) Pause Young (Allocation Failure)
[2026-06-17T09:51:54.547+0800][13.293s][info][gc,heap        ] GC(543) PSYoungGen: 14630K->4187K(13824K)
[2026-06-17T09:51:54.548+0800][13.293s][info][gc,heap        ] GC(543) ParOldGen: 34852K->35108K(44032K)
[2026-06-17T09:51:54.548+0800][13.294s][info][gc,metaspace   ] GC(543) Metaspace: 3159K(4864K)->3159K(4864K) NonClass: 2853K(4352K)->2853K(4352K) Class: 305K(512K)->305K(512K)
[2026-06-17T09:51:54.548+0800][13.294s][info][gc             ] GC(543) Pause Young (Allocation Failure) 48M->38M(56M) 3.220ms
[2026-06-17T09:51:54.549+0800][13.295s][info][gc,cpu         ] GC(543) User=0.00s Sys=0.00s Real=0.00s
[2026-06-17T09:51:54.571+0800][13.316s][info][gc,start       ] GC(544) Pause Young (Allocation Failure)
[2026-06-17T09:51:54.573+0800][13.318s][info][gc,heap        ] GC(544) PSYoungGen: 11355K->4279K(14336K)
[2026-06-17T09:51:54.573+0800][13.319s][info][gc,heap        ] GC(544) ParOldGen: 35108K->39123K(44032K)
[2026-06-17T09:51:54.573+0800][13.319s][info][gc,metaspace   ] GC(544) Metaspace: 3159K(4864K)->3159K(4864K) NonClass: 2853K(4352K)->2853K(4352K) Class: 305K(512K)->305K(512K)
[2026-06-17T09:51:54.574+0800][13.320s][info][gc             ] GC(544) Pause Young (Allocation Failure) 45M->42M(57M) 3.089ms
[2026-06-17T09:51:54.574+0800][13.320s][info][gc,cpu         ] GC(544) User=0.00s Sys=0.00s Real=0.00s
[2026-06-17T09:51:54.596+0800][13.342s][info][gc,start       ] GC(545) Pause Young (Allocation Failure)
[2026-06-17T09:51:54.598+0800][13.343s][info][gc,heap        ] GC(545) PSYoungGen: 11438K->2366K(14336K)
[2026-06-17T09:51:54.598+0800][13.344s][info][gc,heap        ] GC(545) ParOldGen: 39123K->41259K(44032K)
[2026-06-17T09:51:54.598+0800][13.344s][info][gc,metaspace   ] GC(545) Metaspace: 3159K(4864K)->3159K(4864K) NonClass: 2853K(4352K)->2853K(4352K) Class: 305K(512K)->305K(512K)
[2026-06-17T09:51:54.599+0800][13.345s][info][gc             ] GC(545) Pause Young (Allocation Failure) 49M->42M(57M) 2.930ms
[2026-06-17T09:51:54.599+0800][13.345s][info][gc,cpu         ] GC(545) User=0.00s Sys=0.00s Real=0.00s
[2026-06-17T09:51:54.599+0800][13.345s][info][gc,start       ] GC(546) Pause Full (Ergonomics)
[2026-06-17T09:51:54.600+0800][13.346s][info][gc,phases,start] GC(546) Marking Phase
[2026-06-17T09:51:54.602+0800][13.348s][info][gc,phases      ] GC(546) Marking Phase 2.029ms
[2026-06-17T09:51:54.602+0800][13.348s][info][gc,phases,start] GC(546) Summary Phase
[2026-06-17T09:51:54.603+0800][13.349s][info][gc,phases      ] GC(546) Summary Phase 0.371ms
[2026-06-17T09:51:54.603+0800][13.349s][info][gc,phases,start] GC(546) Adjust Roots
[2026-06-17T09:51:54.603+0800][13.349s][info][gc,phases      ] GC(546) Adjust Roots 0.387ms
[2026-06-17T09:51:54.604+0800][13.350s][info][gc,phases,start] GC(546) Compaction Phase
[2026-06-17T09:51:54.606+0800][13.352s][info][gc,phases      ] GC(546) Compaction Phase 1.939ms
[2026-06-17T09:51:54.606+0800][13.352s][info][gc,phases,start] GC(546) Post Compact
[2026-06-17T09:51:54.607+0800][13.353s][info][gc,phases      ] GC(546) Post Compact 0.543ms
[2026-06-17T09:51:54.607+0800][13.353s][info][gc,heap        ] GC(546) PSYoungGen: 2366K->0K(14336K)
[2026-06-17T09:51:54.607+0800][13.353s][info][gc,heap        ] GC(546) ParOldGen: 41259K->20433K(44032K)
[2026-06-17T09:51:54.607+0800][13.353s][info][gc,metaspace   ] GC(546) Metaspace: 3159K(4864K)->3159K(4864K) NonClass: 2853K(4352K)->2853K(4352K) Class: 305K(512K)->305K(512K)
[2026-06-17T09:51:54.608+0800][13.354s][info][gc             ] GC(546) Pause Full (Ergonomics) 42M->19M(57M) 8.316ms
[2026-06-17T09:51:54.608+0800][13.354s][info][gc,cpu         ] GC(546) User=0.01s Sys=0.00s Real=0.01s
[2026-06-17T09:51:54.629+0800][13.375s][info][gc,start       ] GC(547) Pause Young (Allocation Failure)
[2026-06-17T09:51:54.631+0800][13.377s][info][gc,heap        ] GC(547) PSYoungGen: 7146K->3580K(14336K)
[2026-06-17T09:51:54.632+0800][13.378s][info][gc,heap        ] GC(547) ParOldGen: 20433K->20433K(44032K)
[2026-06-17T09:51:54.632+0800][13.378s][info][gc,metaspace   ] GC(547) Metaspace: 3159K(4864K)->3159K(4864K) NonClass: 2853K(4352K)->2853K(4352K) Class: 305K(512K)->305K(512K)
[2026-06-17T09:51:54.632+0800][13.378s][info][gc             ] GC(547) Pause Young (Allocation Failure) 26M->23M(57M) 3.011ms
[2026-06-17T09:51:54.633+0800][13.379s][info][gc,cpu         ] GC(547) User=0.00s Sys=0.00s Real=0.01s
[2026-06-17T09:51:54.645+0800][13.390s][info][gc,start       ] GC(548) Pause Young (Allocation Failure)
[2026-06-17T09:51:54.647+0800][13.393s][info][gc,heap        ] GC(548) PSYoungGen: 10709K->4247K(14336K)
[2026-06-17T09:51:54.647+0800][13.393s][info][gc,heap        ] GC(548) ParOldGen: 20433K->23414K(44032K)
[2026-06-17T09:51:54.648+0800][13.394s][info][gc,metaspace   ] GC(548) Metaspace: 3159K(4864K)->3159K(4864K) NonClass: 2853K(4352K)->2853K(4352K) Class: 305K(512K)->305K(512K)
[2026-06-17T09:51:54.648+0800][13.394s][info][gc             ] GC(548) Pause Young (Allocation Failure) 30M->27M(57M) 3.893ms
[2026-06-17T09:51:54.649+0800][13.395s][info][gc,cpu         ] GC(548) User=0.00s Sys=0.00s Real=0.00s
[2026-06-17T09:51:54.671+0800][13.417s][info][gc,start       ] GC(549) Pause Young (Allocation Failure)
[2026-06-17T09:51:54.674+0800][13.419s][info][gc,heap        ] GC(549) PSYoungGen: 11385K->3252K(14848K)
[2026-06-17T09:51:54.674+0800][13.420s][info][gc,heap        ] GC(549) ParOldGen: 23414K->24860K(44032K)
[2026-06-17T09:51:54.675+0800][13.421s][info][gc,metaspace   ] GC(549) Metaspace: 3159K(4864K)->3159K(4864K) NonClass: 2853K(4352K)->2853K(4352K) Class: 305K(512K)->305K(512K)
[2026-06-17T09:51:54.676+0800][13.422s][info][gc             ] GC(549) Pause Young (Allocation Failure) 33M->27M(57M) 4.632ms
[2026-06-17T09:51:54.677+0800][13.423s][info][gc,cpu         ] GC(549) User=0.00s Sys=0.00s Real=0.00s
[2026-06-17T09:51:54.699+0800][13.445s][info][gc,start       ] GC(550) Pause Young (Allocation Failure)
[2026-06-17T09:51:54.700+0800][13.446s][info][gc,heap        ] GC(550) PSYoungGen: 10893K->4319K(14336K)
[2026-06-17T09:51:54.701+0800][13.447s][info][gc,heap        ] GC(550) ParOldGen: 24860K->24860K(44032K)
[2026-06-17T09:51:54.702+0800][13.447s][info][gc,metaspace   ] GC(550) Metaspace: 3159K(4864K)->3159K(4864K) NonClass: 2853K(4352K)->2853K(4352K) Class: 305K(512K)->305K(512K)
[2026-06-17T09:51:54.702+0800][13.448s][info][gc             ] GC(550) Pause Young (Allocation Failure) 34M->28M(57M) 3.159ms
[2026-06-17T09:51:54.703+0800][13.448s][info][gc,cpu         ] GC(550) User=0.00s Sys=0.00s Real=0.01s
[2026-06-17T09:51:54.724+0800][13.470s][info][gc,start       ] GC(551) Pause Young (Allocation Failure)
[2026-06-17T09:51:54.727+0800][13.473s][info][gc,heap        ] GC(551) PSYoungGen: 11965K->3223K(14848K)
[2026-06-17T09:51:54.728+0800][13.473s][info][gc,heap        ] GC(551) ParOldGen: 24860K->26770K(44032K)
[2026-06-17T09:51:54.728+0800][13.474s][info][gc,metaspace   ] GC(551) Metaspace: 3159K(4864K)->3159K(4864K) NonClass: 2853K(4352K)->2853K(4352K) Class: 305K(512K)->305K(512K)
[2026-06-17T09:51:54.729+0800][13.475s][info][gc             ] GC(551) Pause Young (Allocation Failure) 35M->29M(57M) 4.332ms
[2026-06-17T09:51:54.729+0800][13.475s][info][gc,cpu         ] GC(551) User=0.00s Sys=0.01s Real=0.00s
[2026-06-17T09:51:54.752+0800][13.498s][info][gc,start       ] GC(552) Pause Young (Allocation Failure)
[2026-06-17T09:51:54.754+0800][13.499s][info][gc,heap        ] GC(552) PSYoungGen: 11402K->1951K(14848K)
[2026-06-17T09:51:54.754+0800][13.500s][info][gc,heap        ] GC(552) ParOldGen: 26770K->29589K(44032K)
[2026-06-17T09:51:54.755+0800][13.500s][info][gc,metaspace   ] GC(552) Metaspace: 3159K(4864K)->3159K(4864K) NonClass: 2853K(4352K)->2853K(4352K) Class: 305K(512K)->305K(512K)
[2026-06-17T09:51:54.755+0800][13.501s][info][gc             ] GC(552) Pause Young (Allocation Failure) 37M->30M(57M) 3.106ms
[2026-06-17T09:51:54.755+0800][13.501s][info][gc,cpu         ] GC(552) User=0.00s Sys=0.00s Real=0.00s
[2026-06-17T09:51:54.777+0800][13.523s][info][gc,start       ] GC(553) Pause Young (Allocation Failure)
[2026-06-17T09:51:54.779+0800][13.525s][info][gc,heap        ] GC(553) PSYoungGen: 10105K->3430K(15360K)
[2026-06-17T09:51:54.779+0800][13.525s][info][gc,heap        ] GC(553) ParOldGen: 29589K->29589K(44032K)
[2026-06-17T09:51:54.780+0800][13.526s][info][gc,metaspace   ] GC(553) Metaspace: 3159K(4864K)->3159K(4864K) NonClass: 2853K(4352K)->2853K(4352K) Class: 305K(512K)->305K(512K)
[2026-06-17T09:51:54.780+0800][13.526s][info][gc             ] GC(553) Pause Young (Allocation Failure) 38M->32M(58M) 2.975ms
[2026-06-17T09:51:54.781+0800][13.527s][info][gc,cpu         ] GC(553) User=0.00s Sys=0.00s Real=0.00s
[2026-06-17T09:51:54.803+0800][13.549s][info][gc,start       ] GC(554) Pause Young (Allocation Failure)
[2026-06-17T09:51:54.804+0800][13.550s][info][gc,heap        ] GC(554) PSYoungGen: 12134K->3472K(14848K)
[2026-06-17T09:51:54.805+0800][13.551s][info][gc,heap        ] GC(554) ParOldGen: 29589K->31237K(44032K)
[2026-06-17T09:51:54.805+0800][13.551s][info][gc,metaspace   ] GC(554) Metaspace: 3159K(4864K)->3159K(4864K) NonClass: 2853K(4352K)->2853K(4352K) Class: 305K(512K)->305K(512K)
[2026-06-17T09:51:54.806+0800][13.551s][info][gc             ] GC(554) Pause Young (Allocation Failure) 40M->33M(57M) 2.831ms
[2026-06-17T09:51:54.806+0800][13.552s][info][gc,cpu         ] GC(554) User=0.00s Sys=0.00s Real=0.00s
[2026-06-17T09:51:54.829+0800][13.575s][info][gc,start       ] GC(555) Pause Young (Allocation Failure)
[2026-06-17T09:51:54.831+0800][13.577s][info][gc,heap        ] GC(555) PSYoungGen: 12144K->2447K(15360K)
[2026-06-17T09:51:54.832+0800][13.578s][info][gc,heap        ] GC(555) ParOldGen: 31237K->33524K(44032K)
[2026-06-17T09:51:54.833+0800][13.578s][info][gc,metaspace   ] GC(555) Metaspace: 3159K(4864K)->3159K(4864K) NonClass: 2853K(4352K)->2853K(4352K) Class: 305K(512K)->305K(512K)
[2026-06-17T09:51:54.833+0800][13.579s][info][gc             ] GC(555) Pause Young (Allocation Failure) 42M->35M(58M) 4.368ms
[2026-06-17T09:51:54.833+0800][13.579s][info][gc,cpu         ] GC(555) User=0.00s Sys=0.00s Real=0.01s
[2026-06-17T09:51:54.855+0800][13.601s][info][gc,start       ] GC(556) Pause Young (Allocation Failure)
[2026-06-17T09:51:54.857+0800][13.603s][info][gc,heap        ] GC(556) PSYoungGen: 11661K->4787K(15360K)
[2026-06-17T09:51:54.858+0800][13.603s][info][gc,heap        ] GC(556) ParOldGen: 33524K->33524K(44032K)
[2026-06-17T09:51:54.858+0800][13.604s][info][gc,metaspace   ] GC(556) Metaspace: 3159K(4864K)->3159K(4864K) NonClass: 2853K(4352K)->2853K(4352K) Class: 305K(512K)->305K(512K)
[2026-06-17T09:51:54.858+0800][13.604s][info][gc             ] GC(556) Pause Young (Allocation Failure) 44M->37M(58M) 2.908ms
[2026-06-17T09:51:54.859+0800][13.605s][info][gc,cpu         ] GC(556) User=0.00s Sys=0.00s Real=0.00s
[2026-06-17T09:51:54.891+0800][13.637s][info][gc,start       ] GC(557) Pause Young (Allocation Failure)
[2026-06-17T09:51:54.893+0800][13.639s][info][gc,heap        ] GC(557) PSYoungGen: 13965K->1914K(15360K)
[2026-06-17T09:51:54.894+0800][13.640s][info][gc,heap        ] GC(557) ParOldGen: 33524K->35301K(44032K)
[2026-06-17T09:51:54.895+0800][13.640s][info][gc,metaspace   ] GC(557) Metaspace: 3159K(4864K)->3159K(4864K) NonClass: 2853K(4352K)->2853K(4352K) Class: 305K(512K)->305K(512K)
[2026-06-17T09:51:54.895+0800][13.641s][info][gc             ] GC(557) Pause Young (Allocation Failure) 46M->36M(58M) 3.850ms
[2026-06-17T09:51:54.895+0800][13.641s][info][gc,cpu         ] GC(557) User=0.01s Sys=0.00s Real=0.00s
[2026-06-17T09:51:54.918+0800][13.664s][info][gc,start       ] GC(558) Pause Young (Allocation Failure)
[2026-06-17T09:51:54.920+0800][13.665s][info][gc,heap        ] GC(558) PSYoungGen: 11126K->2292K(15360K)
[2026-06-17T09:51:54.920+0800][13.666s][info][gc,heap        ] GC(558) ParOldGen: 35301K->37172K(44032K)
[2026-06-17T09:51:54.921+0800][13.666s][info][gc,metaspace   ] GC(558) Metaspace: 3159K(4864K)->3159K(4864K) NonClass: 2853K(4352K)->2853K(4352K) Class: 305K(512K)->305K(512K)
[2026-06-17T09:51:54.921+0800][13.667s][info][gc             ] GC(558) Pause Young (Allocation Failure) 45M->38M(58M) 3.086ms
[2026-06-17T09:51:54.922+0800][13.668s][info][gc,cpu         ] GC(558) User=0.00s Sys=0.00s Real=0.00s
[2026-06-17T09:51:54.944+0800][13.690s][info][gc,start       ] GC(559) Pause Young (Allocation Failure)
[2026-06-17T09:51:54.946+0800][13.692s][info][gc,heap        ] GC(559) PSYoungGen: 11490K->2754K(15360K)
[2026-06-17T09:51:54.947+0800][13.693s][info][gc,heap        ] GC(559) ParOldGen: 37172K->38836K(44032K)
[2026-06-17T09:51:54.948+0800][13.693s][info][gc,metaspace   ] GC(559) Metaspace: 3159K(4864K)->3159K(4864K) NonClass: 2853K(4352K)->2853K(4352K) Class: 305K(512K)->305K(512K)
[2026-06-17T09:51:54.948+0800][13.694s][info][gc             ] GC(559) Pause Young (Allocation Failure) 47M->40M(58M) 4.140ms
[2026-06-17T09:51:54.949+0800][13.695s][info][gc,cpu         ] GC(559) User=0.01s Sys=0.00s Real=0.00s
[2026-06-17T09:51:54.971+0800][13.717s][info][gc,start       ] GC(560) Pause Young (Allocation Failure)
[2026-06-17T09:51:54.973+0800][13.719s][info][gc,heap        ] GC(560) PSYoungGen: 11939K->3946K(15360K)
[2026-06-17T09:51:54.973+0800][13.719s][info][gc,heap        ] GC(560) ParOldGen: 38836K->39970K(44032K)
[2026-06-17T09:51:54.974+0800][13.719s][info][gc,metaspace   ] GC(560) Metaspace: 3159K(4864K)->3159K(4864K) NonClass: 2853K(4352K)->2853K(4352K) Class: 305K(512K)->305K(512K)
[2026-06-17T09:51:54.974+0800][13.720s][info][gc             ] GC(560) Pause Young (Allocation Failure) 49M->42M(58M) 3.136ms
[2026-06-17T09:51:54.974+0800][13.720s][info][gc,cpu         ] GC(560) User=0.00s Sys=0.00s Real=0.00s
[2026-06-17T09:51:54.996+0800][13.742s][info][gc,start       ] GC(561) Pause Young (Allocation Failure)
[2026-06-17T09:51:54.997+0800][13.743s][info][gc,heap        ] GC(561) PSYoungGen: 13162K->4612K(15360K)
[2026-06-17T09:51:54.997+0800][13.743s][info][gc,heap        ] GC(561) ParOldGen: 39970K->41712K(44032K)
[2026-06-17T09:51:54.998+0800][13.744s][info][gc,metaspace   ] GC(561) Metaspace: 3159K(4864K)->3159K(4864K) NonClass: 2853K(4352K)->2853K(4352K) Class: 305K(512K)->305K(512K)
[2026-06-17T09:51:54.998+0800][13.744s][info][gc             ] GC(561) Pause Young (Allocation Failure) 51M->45M(58M) 1.750ms
[2026-06-17T09:51:54.998+0800][13.744s][info][gc,cpu         ] GC(561) User=0.00s Sys=0.00s Real=0.00s
[2026-06-17T09:51:54.998+0800][13.744s][info][gc,start       ] GC(562) Pause Full (Ergonomics)
[2026-06-17T09:51:54.999+0800][13.744s][info][gc,phases,start] GC(562) Marking Phase
[2026-06-17T09:51:55.000+0800][13.745s][info][gc,phases      ] GC(562) Marking Phase 1.090ms
[2026-06-17T09:51:55.000+0800][13.746s][info][gc,phases,start] GC(562) Summary Phase
[2026-06-17T09:51:55.000+0800][13.746s][info][gc,phases      ] GC(562) Summary Phase 0.262ms
[2026-06-17T09:51:55.001+0800][13.746s][info][gc,phases,start] GC(562) Adjust Roots
[2026-06-17T09:51:55.001+0800][13.747s][info][gc,phases      ] GC(562) Adjust Roots 0.270ms
[2026-06-17T09:51:55.001+0800][13.747s][info][gc,phases,start] GC(562) Compaction Phase
[2026-06-17T09:51:55.003+0800][13.748s][info][gc,phases      ] GC(562) Compaction Phase 1.543ms
[2026-06-17T09:51:55.003+0800][13.749s][info][gc,phases,start] GC(562) Post Compact
[2026-06-17T09:51:55.003+0800][13.749s][info][gc,phases      ] GC(562) Post Compact 0.252ms
[2026-06-17T09:51:55.003+0800][13.749s][info][gc,heap        ] GC(562) PSYoungGen: 4612K->0K(15360K)
[2026-06-17T09:51:55.003+0800][13.749s][info][gc,heap        ] GC(562) ParOldGen: 41712K->24248K(44032K)
[2026-06-17T09:51:55.004+0800][13.749s][info][gc,metaspace   ] GC(562) Metaspace: 3159K(4864K)->3159K(4864K) NonClass: 2853K(4352K)->2853K(4352K) Class: 305K(512K)->305K(512K)
[2026-06-17T09:51:55.004+0800][13.750s][info][gc             ] GC(562) Pause Full (Ergonomics) 45M->23M(58M) 5.476ms
[2026-06-17T09:51:55.004+0800][13.750s][info][gc,cpu         ] GC(562) User=0.01s Sys=0.00s Real=0.01s
[2026-06-17T09:51:55.025+0800][13.771s][info][gc,start       ] GC(563) Pause Young (Allocation Failure)
[2026-06-17T09:51:55.026+0800][13.772s][info][gc,heap        ] GC(563) PSYoungGen: 9089K->2037K(15360K)
[2026-06-17T09:51:55.026+0800][13.772s][info][gc,heap        ] GC(563) ParOldGen: 24248K->24248K(44032K)
[2026-06-17T09:51:55.026+0800][13.772s][info][gc,metaspace   ] GC(563) Metaspace: 3159K(4864K)->3159K(4864K) NonClass: 2853K(4352K)->2853K(4352K) Class: 305K(512K)->305K(512K)
[2026-06-17T09:51:55.027+0800][13.773s][info][gc             ] GC(563) Pause Young (Allocation Failure) 32M->25M(58M) 1.709ms
[2026-06-17T09:51:55.027+0800][13.773s][info][gc,cpu         ] GC(563) User=0.00s Sys=0.00s Real=0.00s
[2026-06-17T09:51:55.059+0800][13.805s][info][gc,start       ] GC(564) Pause Young (Allocation Failure)
[2026-06-17T09:51:55.060+0800][13.806s][info][gc,heap        ] GC(564) PSYoungGen: 11248K->2484K(15360K)
[2026-06-17T09:51:55.061+0800][13.807s][info][gc,heap        ] GC(564) ParOldGen: 24248K->26248K(44032K)
[2026-06-17T09:51:55.062+0800][13.807s][info][gc,metaspace   ] GC(564) Metaspace: 3159K(4864K)->3159K(4864K) NonClass: 2853K(4352K)->2853K(4352K) Class: 305K(512K)->305K(512K)
[2026-06-17T09:51:55.062+0800][13.808s][info][gc             ] GC(564) Pause Young (Allocation Failure) 34M->28M(58M) 2.938ms
[2026-06-17T09:51:55.062+0800][13.808s][info][gc,cpu         ] GC(564) User=0.00s Sys=0.00s Real=0.00s
[2026-06-17T09:51:55.084+0800][13.830s][info][gc,start       ] GC(565) Pause Young (Allocation Failure)
[2026-06-17T09:51:55.086+0800][13.832s][info][gc,heap        ] GC(565) PSYoungGen: 11694K->4160K(15360K)
[2026-06-17T09:51:55.087+0800][13.832s][info][gc,heap        ] GC(565) ParOldGen: 26248K->27049K(44032K)
[2026-06-17T09:51:55.087+0800][13.833s][info][gc,metaspace   ] GC(565) Metaspace: 3159K(4864K)->3159K(4864K) NonClass: 2853K(4352K)->2853K(4352K) Class: 305K(512K)->305K(512K)
[2026-06-17T09:51:55.088+0800][13.834s][info][gc             ] GC(565) Pause Young (Allocation Failure) 37M->30M(58M) 3.516ms
[2026-06-17T09:51:55.088+0800][13.834s][info][gc,cpu         ] GC(565) User=0.00s Sys=0.00s Real=0.00s
[2026-06-17T09:51:55.110+0800][13.856s][info][gc,start       ] GC(566) Pause Young (Allocation Failure)
[2026-06-17T09:51:55.113+0800][13.858s][info][gc,heap        ] GC(566) PSYoungGen: 13341K->4995K(14336K)
[2026-06-17T09:51:55.114+0800][13.860s][info][gc,heap        ] GC(566) ParOldGen: 27049K->28607K(44032K)
[2026-06-17T09:51:55.114+0800][13.860s][info][gc,metaspace   ] GC(566) Metaspace: 3159K(4864K)->3159K(4864K) NonClass: 2853K(4352K)->2853K(4352K) Class: 305K(512K)->305K(512K)
[2026-06-17T09:51:55.115+0800][13.861s][info][gc             ] GC(566) Pause Young (Allocation Failure) 39M->32M(57M) 4.969ms
[2026-06-17T09:51:55.116+0800][13.862s][info][gc,cpu         ] GC(566) User=0.00s Sys=0.00s Real=0.01s
[2026-06-17T09:51:55.149+0800][13.894s][info][gc,start       ] GC(567) Pause Young (Allocation Failure)
[2026-06-17T09:51:55.150+0800][13.896s][info][gc,heap        ] GC(567) PSYoungGen: 14205K->2062K(14848K)
[2026-06-17T09:51:55.151+0800][13.897s][info][gc,heap        ] GC(567) ParOldGen: 28607K->30382K(44032K)
[2026-06-17T09:51:55.152+0800][13.898s][info][gc,metaspace   ] GC(567) Metaspace: 3159K(4864K)->3159K(4864K) NonClass: 2853K(4352K)->2853K(4352K) Class: 305K(512K)->305K(512K)
[2026-06-17T09:51:55.153+0800][13.899s][info][gc             ] GC(567) Pause Young (Allocation Failure) 41M->31M(57M) 4.256ms
[2026-06-17T09:51:55.154+0800][13.900s][info][gc,cpu         ] GC(567) User=0.01s Sys=0.00s Real=0.01s
[2026-06-17T09:51:55.176+0800][13.922s][info][gc,start       ] GC(568) Pause Young (Allocation Failure)
[2026-06-17T09:51:55.179+0800][13.924s][info][gc,heap        ] GC(568) PSYoungGen: 10203K->1258K(14848K)
[2026-06-17T09:51:55.179+0800][13.925s][info][gc,heap        ] GC(568) ParOldGen: 30382K->32420K(44032K)
[2026-06-17T09:51:55.180+0800][13.926s][info][gc,metaspace   ] GC(568) Metaspace: 3159K(4864K)->3159K(4864K) NonClass: 2853K(4352K)->2853K(4352K) Class: 305K(512K)->305K(512K)
[2026-06-17T09:51:55.181+0800][13.926s][info][gc             ] GC(568) Pause Young (Allocation Failure) 39M->32M(57M) 4.039ms
[2026-06-17T09:51:55.181+0800][13.927s][info][gc,cpu         ] GC(568) User=0.00s Sys=0.00s Real=0.00s
[2026-06-17T09:51:55.193+0800][13.939s][info][gc,start       ] GC(569) Pause Young (Allocation Failure)
[2026-06-17T09:51:55.196+0800][13.941s][info][gc,heap        ] GC(569) PSYoungGen: 9440K->5037K(13824K)
[2026-06-17T09:51:55.196+0800][13.942s][info][gc,heap        ] GC(569) ParOldGen: 32420K->33604K(44032K)
[2026-06-17T09:51:55.196+0800][13.942s][info][gc,metaspace   ] GC(569) Metaspace: 3159K(4864K)->3159K(4864K) NonClass: 2853K(4352K)->2853K(4352K) Class: 305K(512K)->305K(512K)
[2026-06-17T09:51:55.197+0800][13.943s][info][gc             ] GC(569) Pause Young (Allocation Failure) 40M->37M(56M) 3.417ms
[2026-06-17T09:51:55.197+0800][13.943s][info][gc,cpu         ] GC(569) User=0.00s Sys=0.00s Real=0.00s
[2026-06-17T09:51:55.219+0800][13.965s][info][gc,start       ] GC(570) Pause Young (Allocation Failure)
[2026-06-17T09:51:55.222+0800][13.968s][info][gc,heap        ] GC(570) PSYoungGen: 12174K->3530K(14336K)
[2026-06-17T09:51:55.222+0800][13.968s][info][gc,heap        ] GC(570) ParOldGen: 33604K->35461K(44032K)
[2026-06-17T09:51:55.223+0800][13.969s][info][gc,metaspace   ] GC(570) Metaspace: 3159K(4864K)->3159K(4864K) NonClass: 2853K(4352K)->2853K(4352K) Class: 305K(512K)->305K(512K)
[2026-06-17T09:51:55.224+0800][13.969s][info][gc             ] GC(570) Pause Young (Allocation Failure) 44M->38M(57M) 4.161ms
[2026-06-17T09:51:55.224+0800][13.970s][info][gc,cpu         ] GC(570) User=0.00s Sys=0.00s Real=0.01s
[2026-06-17T09:51:55.247+0800][13.993s][info][gc,start       ] GC(571) Pause Young (Allocation Failure)
[2026-06-17T09:51:55.249+0800][13.995s][info][gc,heap        ] GC(571) PSYoungGen: 10697K->3825K(14848K)
[2026-06-17T09:51:55.250+0800][13.996s][info][gc,heap        ] GC(571) ParOldGen: 35461K->35461K(44032K)
[2026-06-17T09:51:55.250+0800][13.996s][info][gc,metaspace   ] GC(571) Metaspace: 3159K(4864K)->3159K(4864K) NonClass: 2853K(4352K)->2853K(4352K) Class: 305K(512K)->305K(512K)
[2026-06-17T09:51:55.251+0800][13.997s][info][gc             ] GC(571) Pause Young (Allocation Failure) 45M->38M(57M) 3.686ms
[2026-06-17T09:51:55.252+0800][13.997s][info][gc,cpu         ] GC(571) User=0.00s Sys=0.00s Real=0.01s
[2026-06-17T09:51:55.274+0800][14.020s][info][gc,start       ] GC(572) Pause Young (Allocation Failure)
[2026-06-17T09:51:55.276+0800][14.022s][info][gc,heap        ] GC(572) PSYoungGen: 11997K->3116K(14848K)
[2026-06-17T09:51:55.276+0800][14.022s][info][gc,heap        ] GC(572) ParOldGen: 35461K->37324K(44032K)
[2026-06-17T09:51:55.277+0800][14.023s][info][gc,metaspace   ] GC(572) Metaspace: 3159K(4864K)->3159K(4864K) NonClass: 2853K(4352K)->2853K(4352K) Class: 305K(512K)->305K(512K)
[2026-06-17T09:51:55.278+0800][14.024s][info][gc             ] GC(572) Pause Young (Allocation Failure) 46M->39M(57M) 3.859ms
[2026-06-17T09:51:55.278+0800][14.024s][info][gc,cpu         ] GC(572) User=0.01s Sys=0.00s Real=0.00s
[2026-06-17T09:51:55.300+0800][14.046s][info][gc,start       ] GC(573) Pause Young (Allocation Failure)
[2026-06-17T09:51:55.305+0800][14.051s][info][gc,heap        ] GC(573) PSYoungGen: 11284K->2251K(15360K)
[2026-06-17T09:51:55.308+0800][14.054s][info][gc,heap        ] GC(573) ParOldGen: 37324K->39182K(44032K)
[2026-06-17T09:51:55.309+0800][14.055s][info][gc,metaspace   ] GC(573) Metaspace: 3159K(4864K)->3159K(4864K) NonClass: 2853K(4352K)->2853K(4352K) Class: 305K(512K)->305K(512K)
[2026-06-17T09:51:55.309+0800][14.055s][info][gc             ] GC(573) Pause Young (Allocation Failure) 47M->40M(58M) 8.930ms
[2026-06-17T09:51:55.310+0800][14.056s][info][gc,cpu         ] GC(573) User=0.00s Sys=0.00s Real=0.01s
[2026-06-17T09:51:55.333+0800][14.078s][info][gc,start       ] GC(574) Pause Young (Allocation Failure)
[2026-06-17T09:51:55.335+0800][14.081s][info][gc,heap        ] GC(574) PSYoungGen: 11465K->4515K(13824K)
[2026-06-17T09:51:55.335+0800][14.081s][info][gc,heap        ] GC(574) ParOldGen: 39182K->39182K(44032K)
[2026-06-17T09:51:55.339+0800][14.084s][info][gc,metaspace   ] GC(574) Metaspace: 3159K(4864K)->3159K(4864K) NonClass: 2853K(4352K)->2853K(4352K) Class: 305K(512K)->305K(512K)
[2026-06-17T09:51:55.339+0800][14.085s][info][gc             ] GC(574) Pause Young (Allocation Failure) 49M->42M(56M) 6.656ms
[2026-06-17T09:51:55.340+0800][14.086s][info][gc,cpu         ] GC(574) User=0.01s Sys=0.00s Real=0.00s
[2026-06-17T09:51:55.362+0800][14.108s][info][gc,start       ] GC(575) Pause Young (Allocation Failure)
[2026-06-17T09:51:55.364+0800][14.110s][info][gc,heap        ] GC(575) PSYoungGen: 13723K->4924K(14848K)
[2026-06-17T09:51:55.367+0800][14.113s][info][gc,heap        ] GC(575) ParOldGen: 39182K->41210K(44032K)
[2026-06-17T09:51:55.369+0800][14.115s][info][gc,metaspace   ] GC(575) Metaspace: 3159K(4864K)->3159K(4864K) NonClass: 2853K(4352K)->2853K(4352K) Class: 305K(512K)->305K(512K)
[2026-06-17T09:51:55.370+0800][14.116s][info][gc             ] GC(575) Pause Young (Allocation Failure) 51M->45M(57M) 7.651ms
[2026-06-17T09:51:55.373+0800][14.119s][info][gc,cpu         ] GC(575) User=0.00s Sys=0.00s Real=0.02s
[2026-06-17T09:51:55.375+0800][14.121s][info][gc,start       ] GC(576) Pause Full (Ergonomics)
[2026-06-17T09:51:55.375+0800][14.121s][info][gc,phases,start] GC(576) Marking Phase
[2026-06-17T09:51:55.379+0800][14.125s][info][gc,phases      ] GC(576) Marking Phase 3.803ms
[2026-06-17T09:51:55.381+0800][14.127s][info][gc,phases,start] GC(576) Summary Phase
[2026-06-17T09:51:55.383+0800][14.128s][info][gc,phases      ] GC(576) Summary Phase 1.291ms
[2026-06-17T09:51:55.383+0800][14.129s][info][gc,phases,start] GC(576) Adjust Roots
[2026-06-17T09:51:55.385+0800][14.131s][info][gc,phases      ] GC(576) Adjust Roots 1.417ms
[2026-06-17T09:51:55.385+0800][14.131s][info][gc,phases,start] GC(576) Compaction Phase
[2026-06-17T09:51:55.387+0800][14.133s][info][gc,phases      ] GC(576) Compaction Phase 2.263ms
[2026-06-17T09:51:55.388+0800][14.134s][info][gc,phases,start] GC(576) Post Compact
[2026-06-17T09:51:55.388+0800][14.134s][info][gc,phases      ] GC(576) Post Compact 0.485ms
[2026-06-17T09:51:55.389+0800][14.135s][info][gc,heap        ] GC(576) PSYoungGen: 4924K->0K(14848K)
[2026-06-17T09:51:55.389+0800][14.135s][info][gc,heap        ] GC(576) ParOldGen: 41210K->33422K(44032K)
[2026-06-17T09:51:55.389+0800][14.135s][info][gc,metaspace   ] GC(576) Metaspace: 3159K(4864K)->3159K(4864K) NonClass: 2853K(4352K)->2853K(4352K) Class: 305K(512K)->305K(512K)
[2026-06-17T09:51:55.390+0800][14.136s][info][gc             ] GC(576) Pause Full (Ergonomics) 45M->32M(57M) 15.189ms
[2026-06-17T09:51:55.390+0800][14.136s][info][gc,cpu         ] GC(576) User=0.00s Sys=0.00s Real=0.01s
[2026-06-17T09:51:55.412+0800][14.158s][info][gc,start       ] GC(577) Pause Young (Allocation Failure)
[2026-06-17T09:51:55.415+0800][14.161s][info][gc,heap        ] GC(577) PSYoungGen: 7938K->1077K(14848K)
[2026-06-17T09:51:55.415+0800][14.161s][info][gc,heap        ] GC(577) ParOldGen: 33422K->33422K(44032K)
[2026-06-17T09:51:55.416+0800][14.162s][info][gc,metaspace   ] GC(577) Metaspace: 3159K(4864K)->3159K(4864K) NonClass: 2853K(4352K)->2853K(4352K) Class: 305K(512K)->305K(512K)
[2026-06-17T09:51:55.417+0800][14.163s][info][gc             ] GC(577) Pause Young (Allocation Failure) 40M->33M(57M) 4.540ms
[2026-06-17T09:51:55.418+0800][14.163s][info][gc,cpu         ] GC(577) User=0.00s Sys=0.00s Real=0.00s
[2026-06-17T09:51:55.440+0800][14.186s][info][gc,start       ] GC(578) Pause Young (Allocation Failure)
[2026-06-17T09:51:55.443+0800][14.189s][info][gc,heap        ] GC(578) PSYoungGen: 9262K->4875K(13312K)
[2026-06-17T09:51:55.443+0800][14.189s][info][gc,heap        ] GC(578) ParOldGen: 33422K->34451K(44032K)
[2026-06-17T09:51:55.444+0800][14.190s][info][gc,metaspace   ] GC(578) Metaspace: 3159K(4864K)->3159K(4864K) NonClass: 2853K(4352K)->2853K(4352K) Class: 305K(512K)->305K(512K)
[2026-06-17T09:51:55.445+0800][14.191s][info][gc             ] GC(578) Pause Young (Allocation Failure) 41M->38M(56M) 4.547ms
[2026-06-17T09:51:55.445+0800][14.191s][info][gc,cpu         ] GC(578) User=0.00s Sys=0.00s Real=0.01s
[2026-06-17T09:51:55.468+0800][14.214s][info][gc,start       ] GC(579) Pause Young (Allocation Failure)
[2026-06-17T09:51:55.470+0800][14.216s][info][gc,heap        ] GC(579) PSYoungGen: 13050K->3634K(14848K)
[2026-06-17T09:51:55.471+0800][14.217s][info][gc,heap        ] GC(579) ParOldGen: 34451K->37238K(44032K)
[2026-06-17T09:51:55.471+0800][14.217s][info][gc,metaspace   ] GC(579) Metaspace: 3159K(4864K)->3159K(4864K) NonClass: 2853K(4352K)->2853K(4352K) Class: 305K(512K)->305K(512K)
[2026-06-17T09:51:55.472+0800][14.218s][info][gc             ] GC(579) Pause Young (Allocation Failure) 46M->39M(57M) 4.412ms
[2026-06-17T09:51:55.473+0800][14.219s][info][gc,cpu         ] GC(579) User=0.00s Sys=0.00s Real=0.01s
[2026-06-17T09:51:55.495+0800][14.241s][info][gc,start       ] GC(580) Pause Young (Allocation Failure)
[2026-06-17T09:51:55.497+0800][14.243s][info][gc,heap        ] GC(580) PSYoungGen: 11298K->1927K(14336K)
[2026-06-17T09:51:55.498+0800][14.244s][info][gc,heap        ] GC(580) ParOldGen: 37238K->39326K(44032K)
[2026-06-17T09:51:55.499+0800][14.244s][info][gc,metaspace   ] GC(580) Metaspace: 3159K(4864K)->3159K(4864K) NonClass: 2853K(4352K)->2853K(4352K) Class: 305K(512K)->305K(512K)
[2026-06-17T09:51:55.499+0800][14.245s][info][gc             ] GC(580) Pause Young (Allocation Failure) 47M->40M(57M) 3.999ms
[2026-06-17T09:51:55.500+0800][14.245s][info][gc,cpu         ] GC(580) User=0.00s Sys=0.00s Real=0.00s
[2026-06-17T09:51:55.522+0800][14.268s][info][gc,start       ] GC(581) Pause Young (Allocation Failure)
[2026-06-17T09:51:55.524+0800][14.270s][info][gc,heap        ] GC(581) PSYoungGen: 9576K->2376K(14848K)
[2026-06-17T09:51:55.525+0800][14.271s][info][gc,heap        ] GC(581) ParOldGen: 39326K->39326K(44032K)
[2026-06-17T09:51:55.526+0800][14.272s][info][gc,metaspace   ] GC(581) Metaspace: 3159K(4864K)->3159K(4864K) NonClass: 2853K(4352K)->2853K(4352K) Class: 305K(512K)->305K(512K)
[2026-06-17T09:51:55.527+0800][14.273s][info][gc             ] GC(581) Pause Young (Allocation Failure) 47M->40M(57M) 4.603ms
[2026-06-17T09:51:55.527+0800][14.273s][info][gc,cpu         ] GC(581) User=0.01s Sys=0.00s Real=0.01s
[2026-06-17T09:51:55.550+0800][14.296s][info][gc,start       ] GC(582) Pause Young (Allocation Failure)
[2026-06-17T09:51:55.552+0800][14.298s][info][gc,heap        ] GC(582) PSYoungGen: 10517K->1665K(14848K)
[2026-06-17T09:51:55.553+0800][14.299s][info][gc,heap        ] GC(582) ParOldGen: 39326K->41216K(44032K)
[2026-06-17T09:51:55.553+0800][14.299s][info][gc,metaspace   ] GC(582) Metaspace: 3159K(4864K)->3159K(4864K) NonClass: 2853K(4352K)->2853K(4352K) Class: 305K(512K)->305K(512K)
[2026-06-17T09:51:55.554+0800][14.300s][info][gc             ] GC(582) Pause Young (Allocation Failure) 48M->41M(57M) 3.536ms
[2026-06-17T09:51:55.554+0800][14.300s][info][gc,cpu         ] GC(582) User=0.00s Sys=0.00s Real=0.01s
[2026-06-17T09:51:55.555+0800][14.301s][info][gc,start       ] GC(583) Pause Full (Ergonomics)
[2026-06-17T09:51:55.555+0800][14.301s][info][gc,phases,start] GC(583) Marking Phase
[2026-06-17T09:51:55.557+0800][14.303s][info][gc,phases      ] GC(583) Marking Phase 2.378ms
[2026-06-17T09:51:55.559+0800][14.305s][info][gc,phases,start] GC(583) Summary Phase
[2026-06-17T09:51:55.563+0800][14.309s][info][gc,phases      ] GC(583) Summary Phase 4.110ms
[2026-06-17T09:51:55.565+0800][14.311s][info][gc,phases,start] GC(583) Adjust Roots
[2026-06-17T09:51:55.570+0800][14.316s][info][gc,phases      ] GC(583) Adjust Roots 5.020ms
[2026-06-17T09:51:55.571+0800][14.317s][info][gc,phases,start] GC(583) Compaction Phase
[2026-06-17T09:51:55.578+0800][14.323s][info][gc,phases      ] GC(583) Compaction Phase 6.519ms
[2026-06-17T09:51:55.580+0800][14.326s][info][gc,phases,start] GC(583) Post Compact
[2026-06-17T09:51:55.581+0800][14.327s][info][gc,phases      ] GC(583) Post Compact 0.809ms
[2026-06-17T09:51:55.581+0800][14.327s][info][gc,heap        ] GC(583) PSYoungGen: 1665K->0K(14848K)
[2026-06-17T09:51:55.582+0800][14.328s][info][gc,heap        ] GC(583) ParOldGen: 41216K->24585K(44032K)
[2026-06-17T09:51:55.582+0800][14.328s][info][gc,metaspace   ] GC(583) Metaspace: 3159K(4864K)->3159K(4864K) NonClass: 2853K(4352K)->2853K(4352K) Class: 305K(512K)->305K(512K)
[2026-06-17T09:51:55.583+0800][14.329s][info][gc             ] GC(583) Pause Full (Ergonomics) 41M->24M(57M) 28.440ms
[2026-06-17T09:51:55.584+0800][14.329s][info][gc,cpu         ] GC(583) User=0.01s Sys=0.00s Real=0.03s
[2026-06-17T09:51:55.606+0800][14.352s][info][gc,start       ] GC(584) Pause Young (Allocation Failure)
[2026-06-17T09:51:55.608+0800][14.354s][info][gc,heap        ] GC(584) PSYoungGen: 8173K->4719K(14848K)
[2026-06-17T09:51:55.609+0800][14.355s][info][gc,heap        ] GC(584) ParOldGen: 24585K->24585K(44032K)
[2026-06-17T09:51:55.610+0800][14.356s][info][gc,metaspace   ] GC(584) Metaspace: 3159K(4864K)->3159K(4864K) NonClass: 2853K(4352K)->2853K(4352K) Class: 305K(512K)->305K(512K)
[2026-06-17T09:51:55.610+0800][14.356s][info][gc             ] GC(584) Pause Young (Allocation Failure) 31M->28M(57M) 4.133ms
[2026-06-17T09:51:55.611+0800][14.357s][info][gc,cpu         ] GC(584) User=0.00s Sys=0.00s Real=0.01s
[2026-06-17T09:51:55.633+0800][14.379s][info][gc,start       ] GC(585) Pause Young (Allocation Failure)
[2026-06-17T09:51:55.635+0800][14.381s][info][gc,heap        ] GC(585) PSYoungGen: 12897K->6072K(13824K)
[2026-06-17T09:51:55.636+0800][14.382s][info][gc,heap        ] GC(585) ParOldGen: 24585K->24585K(44032K)
[2026-06-17T09:51:55.636+0800][14.382s][info][gc,metaspace   ] GC(585) Metaspace: 3159K(4864K)->3159K(4864K) NonClass: 2853K(4352K)->2853K(4352K) Class: 305K(512K)->305K(512K)
[2026-06-17T09:51:55.637+0800][14.383s][info][gc             ] GC(585) Pause Young (Allocation Failure) 36M->29M(56M) 3.535ms
[2026-06-17T09:51:55.638+0800][14.384s][info][gc,cpu         ] GC(585) User=0.00s Sys=0.00s Real=0.00s
[2026-06-17T09:51:55.650+0800][14.395s][info][gc,start       ] GC(586) Pause Young (Allocation Failure)
[2026-06-17T09:51:55.651+0800][14.397s][info][gc,heap        ] GC(586) PSYoungGen: 13154K->1400K(14336K)
[2026-06-17T09:51:55.652+0800][14.398s][info][gc,heap        ] GC(586) ParOldGen: 24585K->29546K(44032K)
[2026-06-17T09:51:55.653+0800][14.398s][info][gc,metaspace   ] GC(586) Metaspace: 3159K(4864K)->3159K(4864K) NonClass: 2853K(4352K)->2853K(4352K) Class: 305K(512K)->305K(512K)
[2026-06-17T09:51:55.653+0800][14.399s][info][gc             ] GC(586) Pause Young (Allocation Failure) 36M->30M(57M) 3.572ms
[2026-06-17T09:51:55.654+0800][14.400s][info][gc,cpu         ] GC(586) User=0.00s Sys=0.00s Real=0.01s
[2026-06-17T09:51:55.676+0800][14.422s][info][gc,start       ] GC(587) Pause Young (Allocation Failure)
[2026-06-17T09:51:55.679+0800][14.425s][info][gc,heap        ] GC(587) PSYoungGen: 8553K->3821K(14336K)
[2026-06-17T09:51:55.680+0800][14.426s][info][gc,heap        ] GC(587) ParOldGen: 29546K->30922K(44032K)
[2026-06-17T09:51:55.681+0800][14.426s][info][gc,metaspace   ] GC(587) Metaspace: 3159K(4864K)->3159K(4864K) NonClass: 2853K(4352K)->2853K(4352K) Class: 305K(512K)->305K(512K)
[2026-06-17T09:51:55.681+0800][14.427s][info][gc             ] GC(587) Pause Young (Allocation Failure) 37M->33M(57M) 4.969ms
[2026-06-17T09:51:55.682+0800][14.428s][info][gc,cpu         ] GC(587) User=0.01s Sys=0.00s Real=0.00s
[2026-06-17T09:51:55.705+0800][14.451s][info][gc,start       ] GC(588) Pause Young (Allocation Failure)
[2026-06-17T09:51:55.707+0800][14.453s][info][gc,heap        ] GC(588) PSYoungGen: 10963K->3791K(14336K)
[2026-06-17T09:51:55.708+0800][14.453s][info][gc,heap        ] GC(588) ParOldGen: 30922K->30922K(44032K)
[2026-06-17T09:51:55.708+0800][14.454s][info][gc,metaspace   ] GC(588) Metaspace: 3159K(4864K)->3159K(4864K) NonClass: 2853K(4352K)->2853K(4352K) Class: 305K(512K)->305K(512K)
[2026-06-17T09:51:55.709+0800][14.455s][info][gc             ] GC(588) Pause Young (Allocation Failure) 40M->33M(57M) 4.092ms
[2026-06-17T09:51:55.710+0800][14.455s][info][gc,cpu         ] GC(588) User=0.00s Sys=0.00s Real=0.00s
[2026-06-17T09:51:55.732+0800][14.478s][info][gc,start       ] GC(589) Pause Young (Allocation Failure)
[2026-06-17T09:51:55.735+0800][14.480s][info][gc,heap        ] GC(589) PSYoungGen: 10916K->3981K(14336K)
[2026-06-17T09:51:55.735+0800][14.481s][info][gc,heap        ] GC(589) ParOldGen: 30922K->30922K(44032K)
[2026-06-17T09:51:55.736+0800][14.482s][info][gc,metaspace   ] GC(589) Metaspace: 3159K(4864K)->3159K(4864K) NonClass: 2853K(4352K)->2853K(4352K) Class: 305K(512K)->305K(512K)
[2026-06-17T09:51:55.737+0800][14.483s][info][gc             ] GC(589) Pause Young (Allocation Failure) 40M->34M(57M) 4.536ms
[2026-06-17T09:51:55.737+0800][14.483s][info][gc,cpu         ] GC(589) User=0.00s Sys=0.00s Real=0.00s
[2026-06-17T09:51:55.749+0800][14.495s][info][gc,start       ] GC(590) Pause Young (Allocation Failure)
[2026-06-17T09:51:55.752+0800][14.498s][info][gc,heap        ] GC(590) PSYoungGen: 11149K->7080K(14336K)
[2026-06-17T09:51:55.752+0800][14.498s][info][gc,heap        ] GC(590) ParOldGen: 30922K->31442K(44032K)
[2026-06-17T09:51:55.753+0800][14.499s][info][gc,metaspace   ] GC(590) Metaspace: 3159K(4864K)->3159K(4864K) NonClass: 2853K(4352K)->2853K(4352K) Class: 305K(512K)->305K(512K)
[2026-06-17T09:51:55.754+0800][14.499s][info][gc             ] GC(590) Pause Young (Allocation Failure) 41M->37M(57M) 4.151ms
[2026-06-17T09:51:55.754+0800][14.500s][info][gc,cpu         ] GC(590) User=0.00s Sys=0.00s Real=0.01s
[2026-06-17T09:51:55.777+0800][14.523s][info][gc,start       ] GC(591) Pause Young (Allocation Failure)
[2026-06-17T09:51:55.779+0800][14.525s][info][gc,heap        ] GC(591) PSYoungGen: 14192K->3596K(14336K)
[2026-06-17T09:51:55.780+0800][14.525s][info][gc,heap        ] GC(591) ParOldGen: 31442K->34714K(44032K)
[2026-06-17T09:51:55.780+0800][14.526s][info][gc,metaspace   ] GC(591) Metaspace: 3159K(4864K)->3159K(4864K) NonClass: 2853K(4352K)->2853K(4352K) Class: 305K(512K)->305K(512K)
[2026-06-17T09:51:55.781+0800][14.527s][info][gc             ] GC(591) Pause Young (Allocation Failure) 44M->37M(57M) 4.050ms
[2026-06-17T09:51:55.781+0800][14.527s][info][gc,cpu         ] GC(591) User=0.00s Sys=0.00s Real=0.00s
[2026-06-17T09:51:55.804+0800][14.549s][info][gc,start       ] GC(592) Pause Young (Allocation Failure)
[2026-06-17T09:51:55.805+0800][14.551s][info][gc,heap        ] GC(592) PSYoungGen: 10755K->2599K(14336K)
[2026-06-17T09:51:55.806+0800][14.552s][info][gc,heap        ] GC(592) ParOldGen: 34714K->35982K(44032K)
[2026-06-17T09:51:55.807+0800][14.553s][info][gc,metaspace   ] GC(592) Metaspace: 3159K(4864K)->3159K(4864K) NonClass: 2853K(4352K)->2853K(4352K) Class: 305K(512K)->305K(512K)
[2026-06-17T09:51:55.808+0800][14.553s][info][gc             ] GC(592) Pause Young (Allocation Failure) 44M->37M(57M) 3.910ms
[2026-06-17T09:51:55.808+0800][14.554s][info][gc,cpu         ] GC(592) User=0.01s Sys=0.00s Real=0.00s
[2026-06-17T09:51:55.820+0800][14.566s][info][gc,start       ] GC(593) Pause Young (Allocation Failure)
[2026-06-17T09:51:55.822+0800][14.567s][info][gc,heap        ] GC(593) PSYoungGen: 9623K->1019K(14336K)
[2026-06-17T09:51:55.822+0800][14.568s][info][gc,heap        ] GC(593) ParOldGen: 35982K->37609K(44032K)
[2026-06-17T09:51:55.823+0800][14.569s][info][gc,metaspace   ] GC(593) Metaspace: 3159K(4864K)->3159K(4864K) NonClass: 2853K(4352K)->2853K(4352K) Class: 305K(512K)->305K(512K)
[2026-06-17T09:51:55.823+0800][14.569s][info][gc             ] GC(593) Pause Young (Allocation Failure) 44M->37M(57M) 3.418ms
[2026-06-17T09:51:55.824+0800][14.570s][info][gc,cpu         ] GC(593) User=0.00s Sys=0.00s Real=0.01s
[2026-06-17T09:51:55.846+0800][14.592s][info][gc,start       ] GC(594) Pause Young (Allocation Failure)
[2026-06-17T09:51:55.848+0800][14.594s][info][gc,heap        ] GC(594) PSYoungGen: 8164K->3699K(14336K)
[2026-06-17T09:51:55.849+0800][14.595s][info][gc,heap        ] GC(594) ParOldGen: 37609K->38604K(44032K)
[2026-06-17T09:51:55.851+0800][14.597s][info][gc,metaspace   ] GC(594) Metaspace: 3159K(4864K)->3159K(4864K) NonClass: 2853K(4352K)->2853K(4352K) Class: 305K(512K)->305K(512K)
[2026-06-17T09:51:55.852+0800][14.597s][info][gc             ] GC(594) Pause Young (Allocation Failure) 44M->41M(57M) 5.393ms
[2026-06-17T09:51:55.852+0800][14.598s][info][gc,cpu         ] GC(594) User=0.00s Sys=0.00s Real=0.01s
[2026-06-17T09:51:55.875+0800][14.621s][info][gc,start       ] GC(595) Pause Young (Allocation Failure)
[2026-06-17T09:51:55.876+0800][14.622s][info][gc,heap        ] GC(595) PSYoungGen: 10836K->3183K(14336K)
[2026-06-17T09:51:55.877+0800][14.623s][info][gc,heap        ] GC(595) ParOldGen: 38604K->39397K(44032K)
[2026-06-17T09:51:55.878+0800][14.624s][info][gc,metaspace   ] GC(595) Metaspace: 3159K(4864K)->3159K(4864K) NonClass: 2853K(4352K)->2853K(4352K) Class: 305K(512K)->305K(512K)
[2026-06-17T09:51:55.878+0800][14.624s][info][gc             ] GC(595) Pause Young (Allocation Failure) 48M->41M(57M) 3.529ms
[2026-06-17T09:51:55.879+0800][14.625s][info][gc,cpu         ] GC(595) User=0.00s Sys=0.00s Real=0.00s
[2026-06-17T09:51:55.901+0800][14.647s][info][gc,start       ] GC(596) Pause Young (Allocation Failure)
[2026-06-17T09:51:55.903+0800][14.649s][info][gc,heap        ] GC(596) PSYoungGen: 10300K->3128K(14336K)
[2026-06-17T09:51:55.904+0800][14.650s][info][gc,heap        ] GC(596) ParOldGen: 39397K->39397K(44032K)
[2026-06-17T09:51:55.905+0800][14.651s][info][gc,metaspace   ] GC(596) Metaspace: 3159K(4864K)->3159K(4864K) NonClass: 2853K(4352K)->2853K(4352K) Class: 305K(512K)->305K(512K)
[2026-06-17T09:51:55.906+0800][14.651s][info][gc             ] GC(596) Pause Young (Allocation Failure) 48M->41M(57M) 4.218ms
[2026-06-17T09:51:55.906+0800][14.652s][info][gc,cpu         ] GC(596) User=0.00s Sys=0.00s Real=0.01s
[2026-06-17T09:51:55.918+0800][14.664s][info][gc,start       ] GC(597) Pause Young (Allocation Failure)
[2026-06-17T09:51:55.920+0800][14.666s][info][gc,heap        ] GC(597) PSYoungGen: 10270K->6426K(13824K)
[2026-06-17T09:51:55.921+0800][14.667s][info][gc,heap        ] GC(597) ParOldGen: 39397K->39719K(44032K)
[2026-06-17T09:51:55.922+0800][14.668s][info][gc,metaspace   ] GC(597) Metaspace: 3159K(4864K)->3159K(4864K) NonClass: 2853K(4352K)->2853K(4352K) Class: 305K(512K)->305K(512K)
[2026-06-17T09:51:55.923+0800][14.669s][info][gc             ] GC(597) Pause Young (Allocation Failure) 48M->45M(56M) 4.651ms
[2026-06-17T09:51:55.923+0800][14.669s][info][gc,cpu         ] GC(597) User=0.00s Sys=0.00s Real=0.01s
[2026-06-17T09:51:55.945+0800][14.691s][info][gc,start       ] GC(598) Pause Young (Allocation Failure)
[2026-06-17T09:51:55.948+0800][14.694s][info][gc,heap        ] GC(598) PSYoungGen: 13589K->4206K(14336K)
[2026-06-17T09:51:55.949+0800][14.695s][info][gc,heap        ] GC(598) ParOldGen: 39719K->41876K(44032K)
[2026-06-17T09:51:55.949+0800][14.695s][info][gc,metaspace   ] GC(598) Metaspace: 3159K(4864K)->3159K(4864K) NonClass: 2853K(4352K)->2853K(4352K) Class: 305K(512K)->305K(512K)
[2026-06-17T09:51:55.950+0800][14.696s][info][gc             ] GC(598) Pause Young (Allocation Failure) 52M->45M(57M) 4.620ms
[2026-06-17T09:51:55.951+0800][14.696s][info][gc,cpu         ] GC(598) User=0.00s Sys=0.00s Real=0.01s
[2026-06-17T09:51:55.951+0800][14.697s][info][gc,start       ] GC(599) Pause Full (Ergonomics)
[2026-06-17T09:51:55.952+0800][14.698s][info][gc,phases,start] GC(599) Marking Phase
[2026-06-17T09:51:55.954+0800][14.700s][info][gc,phases      ] GC(599) Marking Phase 2.186ms
[2026-06-17T09:51:55.955+0800][14.700s][info][gc,phases,start] GC(599) Summary Phase
[2026-06-17T09:51:55.955+0800][14.701s][info][gc,phases      ] GC(599) Summary Phase 0.479ms
[2026-06-17T09:51:55.955+0800][14.701s][info][gc,phases,start] GC(599) Adjust Roots
[2026-06-17T09:51:55.956+0800][14.702s][info][gc,phases      ] GC(599) Adjust Roots 0.466ms
[2026-06-17T09:51:55.956+0800][14.702s][info][gc,phases,start] GC(599) Compaction Phase
[2026-06-17T09:51:55.958+0800][14.704s][info][gc,phases      ] GC(599) Compaction Phase 1.950ms
[2026-06-17T09:51:55.959+0800][14.704s][info][gc,phases,start] GC(599) Post Compact
[2026-06-17T09:51:55.959+0800][14.705s][info][gc,phases      ] GC(599) Post Compact 0.340ms
[2026-06-17T09:51:55.959+0800][14.705s][info][gc,heap        ] GC(599) PSYoungGen: 4206K->0K(14336K)
[2026-06-17T09:51:55.959+0800][14.705s][info][gc,heap        ] GC(599) ParOldGen: 41876K->24059K(44032K)
[2026-06-17T09:51:55.960+0800][14.705s][info][gc,metaspace   ] GC(599) Metaspace: 3159K(4864K)->3159K(4864K) NonClass: 2853K(4352K)->2853K(4352K) Class: 305K(512K)->305K(512K)
[2026-06-17T09:51:55.960+0800][14.706s][info][gc             ] GC(599) Pause Full (Ergonomics) 45M->23M(57M) 8.556ms
[2026-06-17T09:51:55.960+0800][14.706s][info][gc,cpu         ] GC(599) User=0.01s Sys=0.00s Real=0.00s
[2026-06-17T09:51:55.971+0800][14.717s][info][gc,start       ] GC(600) Pause Young (Allocation Failure)
[2026-06-17T09:51:55.973+0800][14.718s][info][gc,heap        ] GC(600) PSYoungGen: 7151K->6894K(14336K)
[2026-06-17T09:51:55.973+0800][14.719s][info][gc,heap        ] GC(600) ParOldGen: 24059K->24370K(44032K)
[2026-06-17T09:51:55.973+0800][14.719s][info][gc,metaspace   ] GC(600) Metaspace: 3159K(4864K)->3159K(4864K) NonClass: 2853K(4352K)->2853K(4352K) Class: 305K(512K)->305K(512K)
[2026-06-17T09:51:55.974+0800][14.720s][info][gc             ] GC(600) Pause Young (Allocation Failure) 30M->30M(57M) 2.617ms
[2026-06-17T09:51:55.974+0800][14.720s][info][gc,cpu         ] GC(600) User=0.00s Sys=0.00s Real=0.00s
[2026-06-17T09:51:55.996+0800][14.742s][info][gc,start       ] GC(601) Pause Young (Allocation Failure)
[2026-06-17T09:51:56.000+0800][14.746s][info][gc,heap        ] GC(601) PSYoungGen: 14002K->32K(14336K)
[2026-06-17T09:51:56.001+0800][14.747s][info][gc,heap        ] GC(601) ParOldGen: 24370K->28289K(44032K)
[2026-06-17T09:51:56.003+0800][14.749s][info][gc,metaspace   ] GC(601) Metaspace: 3159K(4864K)->3159K(4864K) NonClass: 2853K(4352K)->2853K(4352K) Class: 305K(512K)->305K(512K)
[2026-06-17T09:51:56.005+0800][14.750s][info][gc             ] GC(601) Pause Young (Allocation Failure) 37M->27M(57M) 8.234ms
[2026-06-17T09:51:56.005+0800][14.751s][info][gc,cpu         ] GC(601) User=0.00s Sys=0.00s Real=0.01s
[2026-06-17T09:51:56.029+0800][14.775s][info][gc,start       ] GC(602) Pause Young (Allocation Failure)
[2026-06-17T09:51:56.030+0800][14.776s][info][gc,heap        ] GC(602) PSYoungGen: 7200K->3672K(14336K)
[2026-06-17T09:51:56.031+0800][14.777s][info][gc,heap        ] GC(602) ParOldGen: 28289K->28297K(44032K)
[2026-06-17T09:51:56.032+0800][14.778s][info][gc,metaspace   ] GC(602) Metaspace: 3159K(4864K)->3159K(4864K) NonClass: 2853K(4352K)->2853K(4352K) Class: 305K(512K)->305K(512K)
[2026-06-17T09:51:56.032+0800][14.778s][info][gc             ] GC(602) Pause Young (Allocation Failure) 34M->31M(57M) 3.558ms
[2026-06-17T09:51:56.033+0800][14.779s][info][gc,cpu         ] GC(602) User=0.00s Sys=0.00s Real=0.01s
[2026-06-17T09:51:56.045+0800][14.791s][info][gc,start       ] GC(603) Pause Young (Allocation Failure)
[2026-06-17T09:51:56.046+0800][14.792s][info][gc,heap        ] GC(603) PSYoungGen: 10808K->1526K(14336K)
[2026-06-17T09:51:56.047+0800][14.792s][info][gc,heap        ] GC(603) ParOldGen: 28297K->30336K(44032K)
[2026-06-17T09:51:56.047+0800][14.793s][info][gc,metaspace   ] GC(603) Metaspace: 3159K(4864K)->3159K(4864K) NonClass: 2853K(4352K)->2853K(4352K) Class: 305K(512K)->305K(512K)
[2026-06-17T09:51:56.048+0800][14.793s][info][gc             ] GC(603) Pause Young (Allocation Failure) 38M->31M(57M) 2.900ms
[2026-06-17T09:51:56.048+0800][14.794s][info][gc,cpu         ] GC(603) User=0.01s Sys=0.00s Real=0.00s
[2026-06-17T09:51:56.070+0800][14.816s][info][gc,start       ] GC(604) Pause Young (Allocation Failure)
[2026-06-17T09:51:56.072+0800][14.818s][info][gc,heap        ] GC(604) PSYoungGen: 8649K->3487K(14336K)
[2026-06-17T09:51:56.073+0800][14.818s][info][gc,heap        ] GC(604) ParOldGen: 30336K->31838K(44032K)
[2026-06-17T09:51:56.073+0800][14.819s][info][gc,metaspace   ] GC(604) Metaspace: 3159K(4864K)->3159K(4864K) NonClass: 2853K(4352K)->2853K(4352K) Class: 305K(512K)->305K(512K)
[2026-06-17T09:51:56.074+0800][14.820s][info][gc             ] GC(604) Pause Young (Allocation Failure) 38M->34M(57M) 3.683ms
[2026-06-17T09:51:56.075+0800][14.820s][info][gc,cpu         ] GC(604) User=0.00s Sys=0.00s Real=0.01s
[2026-06-17T09:51:56.097+0800][14.843s][info][gc,start       ] GC(605) Pause Young (Allocation Failure)
[2026-06-17T09:51:56.099+0800][14.845s][info][gc,heap        ] GC(605) PSYoungGen: 10616K->3440K(14336K)
[2026-06-17T09:51:56.100+0800][14.846s][info][gc,heap        ] GC(605) ParOldGen: 31838K->32263K(44032K)
[2026-06-17T09:51:56.101+0800][14.847s][info][gc,metaspace   ] GC(605) Metaspace: 3159K(4864K)->3159K(4864K) NonClass: 2853K(4352K)->2853K(4352K) Class: 305K(512K)->305K(512K)
[2026-06-17T09:51:56.102+0800][14.848s][info][gc             ] GC(605) Pause Young (Allocation Failure) 41M->34M(57M) 4.613ms
[2026-06-17T09:51:56.102+0800][14.848s][info][gc,cpu         ] GC(605) User=0.00s Sys=0.00s Real=0.00s
[2026-06-17T09:51:56.125+0800][14.871s][info][gc,start       ] GC(606) Pause Young (Allocation Failure)
[2026-06-17T09:51:56.127+0800][14.873s][info][gc,heap        ] GC(606) PSYoungGen: 10592K->1960K(14336K)
[2026-06-17T09:51:56.129+0800][14.875s][info][gc,heap        ] GC(606) ParOldGen: 32263K->34108K(44032K)
[2026-06-17T09:51:56.130+0800][14.876s][info][gc,metaspace   ] GC(606) Metaspace: 3159K(4864K)->3159K(4864K) NonClass: 2853K(4352K)->2853K(4352K) Class: 305K(512K)->305K(512K)
[2026-06-17T09:51:56.130+0800][14.876s][info][gc             ] GC(606) Pause Young (Allocation Failure) 41M->35M(57M) 5.451ms
[2026-06-17T09:51:56.131+0800][14.877s][info][gc,cpu         ] GC(606) User=0.00s Sys=0.00s Real=0.01s
[2026-06-17T09:51:56.153+0800][14.899s][info][gc,start       ] GC(607) Pause Young (Allocation Failure)
[2026-06-17T09:51:56.155+0800][14.901s][info][gc,heap        ] GC(607) PSYoungGen: 9120K->2309K(14848K)
[2026-06-17T09:51:56.156+0800][14.902s][info][gc,heap        ] GC(607) ParOldGen: 34108K->34108K(44032K)
[2026-06-17T09:51:56.158+0800][14.904s][info][gc,metaspace   ] GC(607) Metaspace: 3159K(4864K)->3159K(4864K) NonClass: 2853K(4352K)->2853K(4352K) Class: 305K(512K)->305K(512K)
[2026-06-17T09:51:56.159+0800][14.905s][info][gc             ] GC(607) Pause Young (Allocation Failure) 42M->35M(57M) 5.703ms
[2026-06-17T09:51:56.160+0800][14.905s][info][gc,cpu         ] GC(607) User=0.00s Sys=0.00s Real=0.00s
[2026-06-17T09:51:56.175+0800][14.921s][info][gc,start       ] GC(608) Pause Young (Allocation Failure)
[2026-06-17T09:51:56.178+0800][14.923s][info][gc,heap        ] GC(608) PSYoungGen: 9958K->3023K(14336K)
[2026-06-17T09:51:56.178+0800][14.924s][info][gc,heap        ] GC(608) ParOldGen: 34108K->34108K(44032K)
[2026-06-17T09:51:56.179+0800][14.925s][info][gc,metaspace   ] GC(608) Metaspace: 3159K(4864K)->3159K(4864K) NonClass: 2853K(4352K)->2853K(4352K) Class: 305K(512K)->305K(512K)
[2026-06-17T09:51:56.180+0800][14.926s][info][gc             ] GC(608) Pause Young (Allocation Failure) 43M->36M(57M) 4.592ms
[2026-06-17T09:51:56.180+0800][14.926s][info][gc,cpu         ] GC(608) User=0.00s Sys=0.00s Real=0.00s
[2026-06-17T09:51:56.203+0800][14.949s][info][gc,start       ] GC(609) Pause Young (Allocation Failure)
[2026-06-17T09:51:56.206+0800][14.952s][info][gc,heap        ] GC(609) PSYoungGen: 10690K->5445K(13824K)
[2026-06-17T09:51:56.207+0800][14.952s][info][gc,heap        ] GC(609) ParOldGen: 34108K->36043K(44032K)
[2026-06-17T09:51:56.207+0800][14.953s][info][gc,metaspace   ] GC(609) Metaspace: 3159K(4864K)->3159K(4864K) NonClass: 2853K(4352K)->2853K(4352K) Class: 305K(512K)->305K(512K)
[2026-06-17T09:51:56.208+0800][14.954s][info][gc             ] GC(609) Pause Young (Allocation Failure) 43M->40M(56M) 4.773ms
[2026-06-17T09:51:56.208+0800][14.954s][info][gc,cpu         ] GC(609) User=0.01s Sys=0.00s Real=0.00s
[2026-06-17T09:51:56.231+0800][14.977s][info][gc,start       ] GC(610) Pause Young (Allocation Failure)
[2026-06-17T09:51:56.233+0800][14.979s][info][gc,heap        ] GC(610) PSYoungGen: 12585K->3393K(14336K)
[2026-06-17T09:51:56.234+0800][14.979s][info][gc,heap        ] GC(610) ParOldGen: 36043K->38294K(44032K)
[2026-06-17T09:51:56.234+0800][14.980s][info][gc,metaspace   ] GC(610) Metaspace: 3159K(4864K)->3159K(4864K) NonClass: 2853K(4352K)->2853K(4352K) Class: 305K(512K)->305K(512K)
[2026-06-17T09:51:56.235+0800][14.981s][info][gc             ] GC(610) Pause Young (Allocation Failure) 47M->40M(57M) 3.954ms
[2026-06-17T09:51:56.235+0800][14.981s][info][gc,cpu         ] GC(610) User=0.00s Sys=0.00s Real=0.00s
[2026-06-17T09:51:56.258+0800][15.003s][info][gc,start       ] GC(611) Pause Young (Allocation Failure)
[2026-06-17T09:51:56.260+0800][15.006s][info][gc,heap        ] GC(611) PSYoungGen: 10542K->1706K(14848K)
[2026-06-17T09:51:56.260+0800][15.006s][info][gc,heap        ] GC(611) ParOldGen: 38294K->40087K(44032K)
[2026-06-17T09:51:56.261+0800][15.007s][info][gc,metaspace   ] GC(611) Metaspace: 3159K(4864K)->3159K(4864K) NonClass: 2853K(4352K)->2853K(4352K) Class: 305K(512K)->305K(512K)
[2026-06-17T09:51:56.262+0800][15.008s][info][gc             ] GC(611) Pause Young (Allocation Failure) 47M->40M(57M) 4.067ms
[2026-06-17T09:51:56.262+0800][15.008s][info][gc,cpu         ] GC(611) User=0.00s Sys=0.00s Real=0.00s
[2026-06-17T09:51:56.285+0800][15.031s][info][gc,start       ] GC(612) Pause Young (Allocation Failure)
[2026-06-17T09:51:56.287+0800][15.033s][info][gc,heap        ] GC(612) PSYoungGen: 9873K->3037K(14848K)
[2026-06-17T09:51:56.287+0800][15.033s][info][gc,heap        ] GC(612) ParOldGen: 40087K->40087K(44032K)
[2026-06-17T09:51:56.288+0800][15.034s][info][gc,metaspace   ] GC(612) Metaspace: 3159K(4864K)->3159K(4864K) NonClass: 2853K(4352K)->2853K(4352K) Class: 305K(512K)->305K(512K)
[2026-06-17T09:51:56.289+0800][15.034s][info][gc             ] GC(612) Pause Young (Allocation Failure) 48M->42M(57M) 3.845ms
[2026-06-17T09:51:56.289+0800][15.035s][info][gc,cpu         ] GC(612) User=0.00s Sys=0.01s Real=0.00s
[2026-06-17T09:51:56.311+0800][15.057s][info][gc,start       ] GC(613) Pause Young (Allocation Failure)
[2026-06-17T09:51:56.313+0800][15.059s][info][gc,heap        ] GC(613) PSYoungGen: 11229K->2538K(15360K)
[2026-06-17T09:51:56.314+0800][15.060s][info][gc,heap        ] GC(613) ParOldGen: 40087K->41806K(44032K)
[2026-06-17T09:51:56.314+0800][15.060s][info][gc,metaspace   ] GC(613) Metaspace: 3159K(4864K)->3159K(4864K) NonClass: 2853K(4352K)->2853K(4352K) Class: 305K(512K)->305K(512K)
[2026-06-17T09:51:56.315+0800][15.061s][info][gc             ] GC(613) Pause Young (Allocation Failure) 50M->43M(58M) 3.572ms
[2026-06-17T09:51:56.316+0800][15.061s][info][gc,cpu         ] GC(613) User=0.00s Sys=0.00s Real=0.00s
[2026-06-17T09:51:56.316+0800][15.062s][info][gc,start       ] GC(614) Pause Full (Ergonomics)
[2026-06-17T09:51:56.317+0800][15.062s][info][gc,phases,start] GC(614) Marking Phase
[2026-06-17T09:51:56.318+0800][15.064s][info][gc,phases      ] GC(614) Marking Phase 1.735ms
[2026-06-17T09:51:56.319+0800][15.065s][info][gc,phases,start] GC(614) Summary Phase
[2026-06-17T09:51:56.319+0800][15.065s][info][gc,phases      ] GC(614) Summary Phase 0.326ms
[2026-06-17T09:51:56.319+0800][15.065s][info][gc,phases,start] GC(614) Adjust Roots
[2026-06-17T09:51:56.320+0800][15.065s][info][gc,phases      ] GC(614) Adjust Roots 0.338ms
[2026-06-17T09:51:56.320+0800][15.066s][info][gc,phases,start] GC(614) Compaction Phase
[2026-06-17T09:51:56.323+0800][15.069s][info][gc,phases      ] GC(614) Compaction Phase 2.921ms
[2026-06-17T09:51:56.323+0800][15.069s][info][gc,phases,start] GC(614) Post Compact
[2026-06-17T09:51:56.323+0800][15.069s][info][gc,phases      ] GC(614) Post Compact 0.335ms
[2026-06-17T09:51:56.324+0800][15.070s][info][gc,heap        ] GC(614) PSYoungGen: 2538K->0K(14848K)
[2026-06-17T09:51:56.324+0800][15.070s][info][gc,heap        ] GC(614) ParOldGen: 41806K->22072K(44032K)
[2026-06-17T09:51:56.324+0800][15.070s][info][gc,metaspace   ] GC(614) Metaspace: 3159K(4864K)->3159K(4864K) NonClass: 2853K(4352K)->2853K(4352K) Class: 305K(512K)->305K(512K)
[2026-06-17T09:51:56.324+0800][15.070s][info][gc             ] GC(614) Pause Full (Ergonomics) 43M->21M(57M) 8.037ms
[2026-06-17T09:51:56.324+0800][15.070s][info][gc,cpu         ] GC(614) User=0.00s Sys=0.00s Real=0.01s
[2026-06-17T09:51:56.346+0800][15.092s][info][gc,start       ] GC(615) Pause Young (Allocation Failure)
[2026-06-17T09:51:56.347+0800][15.093s][info][gc,heap        ] GC(615) PSYoungGen: 8675K->5518K(14336K)
[2026-06-17T09:51:56.347+0800][15.093s][info][gc,heap        ] GC(615) ParOldGen: 22072K->22072K(44032K)
[2026-06-17T09:51:56.347+0800][15.093s][info][gc,metaspace   ] GC(615) Metaspace: 3160K(4864K)->3160K(4864K) NonClass: 2855K(4352K)->2855K(4352K) Class: 305K(512K)->305K(512K)
[2026-06-17T09:51:56.348+0800][15.093s][info][gc             ] GC(615) Pause Young (Allocation Failure) 30M->26M(57M) 1.381ms
[2026-06-17T09:51:56.348+0800][15.094s][info][gc,cpu         ] GC(615) User=0.00s Sys=0.00s Real=0.00s
[2026-06-17T09:51:56.369+0800][15.115s][info][gc,start       ] GC(616) Pause Young (Allocation Failure)
[2026-06-17T09:51:56.371+0800][15.116s][info][gc,heap        ] GC(616) PSYoungGen: 13704K->3532K(14848K)
[2026-06-17T09:51:56.371+0800][15.117s][info][gc,heap        ] GC(616) ParOldGen: 22072K->25395K(44032K)
[2026-06-17T09:51:56.371+0800][15.117s][info][gc,metaspace   ] GC(616) Metaspace: 3160K(4864K)->3160K(4864K) NonClass: 2855K(4352K)->2855K(4352K) Class: 305K(512K)->305K(512K)
[2026-06-17T09:51:56.372+0800][15.117s][info][gc             ] GC(616) Pause Young (Allocation Failure) 34M->28M(57M) 2.566ms
[2026-06-17T09:51:56.372+0800][15.118s][info][gc,cpu         ] GC(616) User=0.00s Sys=0.00s Real=0.01s
[2026-06-17T09:51:56.394+0800][15.140s][info][gc,start       ] GC(617) Pause Young (Allocation Failure)
[2026-06-17T09:51:56.396+0800][15.142s][info][gc,heap        ] GC(617) PSYoungGen: 11722K->3041K(15360K)
[2026-06-17T09:51:56.396+0800][15.142s][info][gc,heap        ] GC(617) ParOldGen: 25395K->27597K(44032K)
[2026-06-17T09:51:56.397+0800][15.143s][info][gc,metaspace   ] GC(617) Metaspace: 3160K(4864K)->3160K(4864K) NonClass: 2855K(4352K)->2855K(4352K) Class: 305K(512K)->305K(512K)
[2026-06-17T09:51:56.397+0800][15.143s][info][gc             ] GC(617) Pause Young (Allocation Failure) 36M->29M(58M) 3.628ms
[2026-06-17T09:51:56.398+0800][15.144s][info][gc,cpu         ] GC(617) User=0.00s Sys=0.00s Real=0.00s
[2026-06-17T09:51:56.421+0800][15.167s][info][gc,start       ] GC(618) Pause Young (Allocation Failure)
[2026-06-17T09:51:56.424+0800][15.169s][info][gc,heap        ] GC(618) PSYoungGen: 11727K->3411K(14848K)
[2026-06-17T09:51:56.424+0800][15.170s][info][gc,heap        ] GC(618) ParOldGen: 27597K->29289K(44032K)
[2026-06-17T09:51:56.425+0800][15.171s][info][gc,metaspace   ] GC(618) Metaspace: 3160K(4864K)->3160K(4864K) NonClass: 2855K(4352K)->2855K(4352K) Class: 305K(512K)->305K(512K)
[2026-06-17T09:51:56.426+0800][15.172s][info][gc             ] GC(618) Pause Young (Allocation Failure) 38M->31M(57M) 4.930ms
[2026-06-17T09:51:56.427+0800][15.172s][info][gc,cpu         ] GC(618) User=0.00s Sys=0.00s Real=0.01s
[2026-06-17T09:51:56.449+0800][15.195s][info][gc,start       ] GC(619) Pause Young (Allocation Failure)
[2026-06-17T09:51:56.452+0800][15.198s][info][gc,heap        ] GC(619) PSYoungGen: 12102K->3683K(15360K)
[2026-06-17T09:51:56.452+0800][15.198s][info][gc,heap        ] GC(619) ParOldGen: 29289K->30625K(44032K)
[2026-06-17T09:51:56.453+0800][15.199s][info][gc,metaspace   ] GC(619) Metaspace: 3160K(4864K)->3160K(4864K) NonClass: 2855K(4352K)->2855K(4352K) Class: 305K(512K)->305K(512K)
[2026-06-17T09:51:56.454+0800][15.200s][info][gc             ] GC(619) Pause Young (Allocation Failure) 40M->33M(58M) 4.365ms
[2026-06-17T09:51:56.454+0800][15.200s][info][gc,cpu         ] GC(619) User=0.00s Sys=0.00s Real=0.01s
[2026-06-17T09:51:56.478+0800][15.224s][info][gc,start       ] GC(620) Pause Young (Allocation Failure)
[2026-06-17T09:51:56.480+0800][15.226s][info][gc,heap        ] GC(620) PSYoungGen: 12884K->4348K(15360K)
[2026-06-17T09:51:56.481+0800][15.227s][info][gc,heap        ] GC(620) ParOldGen: 30625K->32549K(44032K)
[2026-06-17T09:51:56.482+0800][15.227s][info][gc,metaspace   ] GC(620) Metaspace: 3160K(4864K)->3160K(4864K) NonClass: 2855K(4352K)->2855K(4352K) Class: 305K(512K)->305K(512K)
[2026-06-17T09:51:56.482+0800][15.228s][info][gc             ] GC(620) Pause Young (Allocation Failure) 42M->36M(58M) 4.544ms
[2026-06-17T09:51:56.483+0800][15.229s][info][gc,cpu         ] GC(620) User=0.01s Sys=0.00s Real=0.01s
[2026-06-17T09:51:56.506+0800][15.252s][info][gc,start       ] GC(621) Pause Young (Allocation Failure)
[2026-06-17T09:51:56.508+0800][15.254s][info][gc,heap        ] GC(621) PSYoungGen: 13449K->1126K(15360K)
[2026-06-17T09:51:56.508+0800][15.254s][info][gc,heap        ] GC(621) ParOldGen: 32549K->34683K(44032K)
[2026-06-17T09:51:56.509+0800][15.255s][info][gc,metaspace   ] GC(621) Metaspace: 3160K(4864K)->3160K(4864K) NonClass: 2855K(4352K)->2855K(4352K) Class: 305K(512K)->305K(512K)
[2026-06-17T09:51:56.511+0800][15.257s][info][gc             ] GC(621) Pause Young (Allocation Failure) 44M->34M(58M) 4.886ms
[2026-06-17T09:51:56.511+0800][15.257s][info][gc,cpu         ] GC(621) User=0.00s Sys=0.00s Real=0.01s
[2026-06-17T09:51:56.544+0800][15.290s][info][gc,start       ] GC(622) Pause Young (Allocation Failure)
[2026-06-17T09:51:56.560+0800][15.305s][info][gc,heap        ] GC(622) PSYoungGen: 10330K->2181K(15360K)
[2026-06-17T09:51:56.578+0800][15.324s][info][gc,heap        ] GC(622) ParOldGen: 34683K->35785K(44032K)
[2026-06-17T09:51:56.579+0800][15.325s][info][gc,metaspace   ] GC(622) Metaspace: 3160K(4864K)->3160K(4864K) NonClass: 2855K(4352K)->2855K(4352K) Class: 305K(512K)->305K(512K)
[2026-06-17T09:51:56.589+0800][15.335s][info][gc             ] GC(622) Pause Young (Allocation Failure) 43M->37M(58M) 44.837ms
[2026-06-17T09:51:56.590+0800][15.336s][info][gc,cpu         ] GC(622) User=0.00s Sys=0.00s Real=0.04s
[2026-06-17T09:51:56.614+0800][15.360s][info][gc,start       ] GC(623) Pause Young (Allocation Failure)
[2026-06-17T09:51:56.618+0800][15.363s][info][gc,heap        ] GC(623) PSYoungGen: 11391K->3096K(15360K)
[2026-06-17T09:51:56.620+0800][15.366s][info][gc,heap        ] GC(623) ParOldGen: 35785K->36874K(44032K)
[2026-06-17T09:51:56.621+0800][15.367s][info][gc,metaspace   ] GC(623) Metaspace: 3160K(4864K)->3160K(4864K) NonClass: 2855K(4352K)->2855K(4352K) Class: 305K(512K)->305K(512K)
[2026-06-17T09:51:56.622+0800][15.368s][info][gc             ] GC(623) Pause Young (Allocation Failure) 46M->39M(58M) 8.437ms
[2026-06-17T09:51:56.662+0800][15.408s][info][gc,cpu         ] GC(623) User=0.00s Sys=0.00s Real=0.04s
[2026-06-17T09:51:56.692+0800][15.438s][info][gc,start       ] GC(624) Pause Young (Allocation Failure)
[2026-06-17T09:51:56.695+0800][15.441s][info][gc,heap        ] GC(624) PSYoungGen: 12304K->5459K(14848K)
[2026-06-17T09:51:56.696+0800][15.442s][info][gc,heap        ] GC(624) ParOldGen: 36874K->36874K(44032K)
[2026-06-17T09:51:56.697+0800][15.443s][info][gc,metaspace   ] GC(624) Metaspace: 3160K(4864K)->3160K(4864K) NonClass: 2855K(4352K)->2855K(4352K) Class: 305K(512K)->305K(512K)
[2026-06-17T09:51:56.698+0800][15.444s][info][gc             ] GC(624) Pause Young (Allocation Failure) 48M->41M(57M) 6.194ms
[2026-06-17T09:51:56.701+0800][15.447s][info][gc,cpu         ] GC(624) User=0.01s Sys=0.00s Real=0.00s
[2026-06-17T09:51:56.726+0800][15.472s][info][gc,start       ] GC(625) Pause Young (Allocation Failure)
[2026-06-17T09:51:56.728+0800][15.474s][info][gc,heap        ] GC(625) PSYoungGen: 14652K->6603K(13824K)
[2026-06-17T09:51:56.729+0800][15.475s][info][gc,heap        ] GC(625) ParOldGen: 36874K->37874K(44032K)
[2026-06-17T09:51:56.730+0800][15.475s][info][gc,metaspace   ] GC(625) Metaspace: 3160K(4864K)->3160K(4864K) NonClass: 2855K(4352K)->2855K(4352K) Class: 305K(512K)->305K(512K)
[2026-06-17T09:51:56.730+0800][15.476s][info][gc             ] GC(625) Pause Young (Allocation Failure) 50M->43M(56M) 4.352ms
[2026-06-17T09:51:56.731+0800][15.477s][info][gc,cpu         ] GC(625) User=0.00s Sys=0.01s Real=0.01s
[2026-06-17T09:51:56.753+0800][15.499s][info][gc,start       ] GC(626) Pause Young (Allocation Failure)
[2026-06-17T09:51:56.755+0800][15.501s][info][gc,heap        ] GC(626) PSYoungGen: 13739K->6884K(14336K)
[2026-06-17T09:51:56.756+0800][15.501s][info][gc,heap        ] GC(626) ParOldGen: 37874K->37874K(44032K)
[2026-06-17T09:51:56.756+0800][15.502s][info][gc,metaspace   ] GC(626) Metaspace: 3160K(4864K)->3160K(4864K) NonClass: 2855K(4352K)->2855K(4352K) Class: 305K(512K)->305K(512K)
[2026-06-17T09:51:56.757+0800][15.502s][info][gc             ] GC(626) Pause Young (Allocation Failure) 50M->43M(57M) 3.325ms
[2026-06-17T09:51:56.757+0800][15.503s][info][gc,cpu         ] GC(626) User=0.00s Sys=0.00s Real=0.00s
[2026-06-17T09:51:56.769+0800][15.514s][info][gc,start       ] GC(627) Pause Young (Allocation Failure)
[2026-06-17T09:51:56.771+0800][15.517s][info][gc,heap        ] GC(627) PSYoungGen: 14005K->7001K(14336K)
[2026-06-17T09:51:56.774+0800][15.520s][info][gc,heap        ] GC(627) ParOldGen: 37874K->41252K(44032K)
[2026-06-17T09:51:56.776+0800][15.522s][info][gc,metaspace   ] GC(627) Metaspace: 3160K(4864K)->3160K(4864K) NonClass: 2855K(4352K)->2855K(4352K) Class: 305K(512K)->305K(512K)
[2026-06-17T09:51:56.777+0800][15.523s][info][gc             ] GC(627) Pause Young (Allocation Failure) 50M->47M(57M) 8.123ms
[2026-06-17T09:51:56.778+0800][15.524s][info][gc,cpu         ] GC(627) User=0.01s Sys=0.00s Real=0.01s
[2026-06-17T09:51:56.780+0800][15.526s][info][gc,start       ] GC(628) Pause Full (Ergonomics)
[2026-06-17T09:51:56.783+0800][15.529s][info][gc,phases,start] GC(628) Marking Phase
[2026-06-17T09:51:56.787+0800][15.533s][info][gc,phases      ] GC(628) Marking Phase 4.166ms
[2026-06-17T09:51:56.789+0800][15.535s][info][gc,phases,start] GC(628) Summary Phase
[2026-06-17T09:51:56.792+0800][15.538s][info][gc,phases      ] GC(628) Summary Phase 3.655ms
[2026-06-17T09:51:56.795+0800][15.541s][info][gc,phases,start] GC(628) Adjust Roots
[2026-06-17T09:51:56.798+0800][15.544s][info][gc,phases      ] GC(628) Adjust Roots 2.584ms
[2026-06-17T09:51:56.800+0800][15.545s][info][gc,phases,start] GC(628) Compaction Phase
[2026-06-17T09:51:56.805+0800][15.551s][info][gc,phases      ] GC(628) Compaction Phase 5.732ms
[2026-06-17T09:51:56.806+0800][15.552s][info][gc,phases,start] GC(628) Post Compact
[2026-06-17T09:51:56.806+0800][15.552s][info][gc,phases      ] GC(628) Post Compact 0.556ms
[2026-06-17T09:51:56.807+0800][15.553s][info][gc,heap        ] GC(628) PSYoungGen: 7001K->0K(14336K)
[2026-06-17T09:51:56.807+0800][15.553s][info][gc,heap        ] GC(628) ParOldGen: 41252K->29913K(44032K)
[2026-06-17T09:51:56.808+0800][15.554s][info][gc,metaspace   ] GC(628) Metaspace: 3160K(4864K)->3160K(4864K) NonClass: 2855K(4352K)->2855K(4352K) Class: 305K(512K)->305K(512K)
[2026-06-17T09:51:56.808+0800][15.554s][info][gc             ] GC(628) Pause Full (Ergonomics) 47M->29M(57M) 28.155ms
[2026-06-17T09:51:56.808+0800][15.554s][info][gc,cpu         ] GC(628) User=0.01s Sys=0.00s Real=0.03s
[2026-06-17T09:51:56.830+0800][15.576s][info][gc,start       ] GC(629) Pause Young (Allocation Failure)
[2026-06-17T09:51:56.831+0800][15.577s][info][gc,heap        ] GC(629) PSYoungGen: 7162K->3472K(14336K)
[2026-06-17T09:51:56.832+0800][15.578s][info][gc,heap        ] GC(629) ParOldGen: 29913K->29913K(44032K)
[2026-06-17T09:51:56.833+0800][15.578s][info][gc,metaspace   ] GC(629) Metaspace: 3160K(4864K)->3160K(4864K) NonClass: 2855K(4352K)->2855K(4352K) Class: 305K(512K)->305K(512K)
[2026-06-17T09:51:56.833+0800][15.579s][info][gc             ] GC(629) Pause Young (Allocation Failure) 36M->32M(57M) 3.319ms
[2026-06-17T09:51:56.834+0800][15.580s][info][gc,cpu         ] GC(629) User=0.00s Sys=0.00s Real=0.01s
[2026-06-17T09:51:56.845+0800][15.591s][info][gc,start       ] GC(630) Pause Young (Allocation Failure)
[2026-06-17T09:51:56.847+0800][15.593s][info][gc,heap        ] GC(630) PSYoungGen: 10529K->1642K(14336K)
[2026-06-17T09:51:56.848+0800][15.594s][info][gc,heap        ] GC(630) ParOldGen: 29913K->31883K(44032K)
[2026-06-17T09:51:56.848+0800][15.594s][info][gc,metaspace   ] GC(630) Metaspace: 3160K(4864K)->3160K(4864K) NonClass: 2855K(4352K)->2855K(4352K) Class: 305K(512K)->305K(512K)
[2026-06-17T09:51:56.849+0800][15.595s][info][gc             ] GC(630) Pause Young (Allocation Failure) 39M->32M(57M) 3.410ms
[2026-06-17T09:51:56.849+0800][15.595s][info][gc,cpu         ] GC(630) User=0.00s Sys=0.00s Real=0.00s
[2026-06-17T09:51:56.871+0800][15.617s][info][gc,start       ] GC(631) Pause Young (Allocation Failure)
[2026-06-17T09:51:56.874+0800][15.620s][info][gc,heap        ] GC(631) PSYoungGen: 8797K->3577K(14336K)
[2026-06-17T09:51:56.875+0800][15.621s][info][gc,heap        ] GC(631) ParOldGen: 31883K->33501K(44032K)
[2026-06-17T09:51:56.875+0800][15.621s][info][gc,metaspace   ] GC(631) Metaspace: 3160K(4864K)->3160K(4864K) NonClass: 2855K(4352K)->2855K(4352K) Class: 305K(512K)->305K(512K)
[2026-06-17T09:51:56.876+0800][15.622s][info][gc             ] GC(631) Pause Young (Allocation Failure) 39M->36M(57M) 4.177ms
[2026-06-17T09:51:56.876+0800][15.622s][info][gc,cpu         ] GC(631) User=0.01s Sys=0.00s Real=0.00s
[2026-06-17T09:51:56.898+0800][15.644s][info][gc,start       ] GC(632) Pause Young (Allocation Failure)
[2026-06-17T09:51:56.899+0800][15.645s][info][gc,heap        ] GC(632) PSYoungGen: 10736K->3560K(14336K)
[2026-06-17T09:51:56.899+0800][15.645s][info][gc,heap        ] GC(632) ParOldGen: 33501K->33616K(44032K)
[2026-06-17T09:51:56.899+0800][15.645s][info][gc,metaspace   ] GC(632) Metaspace: 3160K(4864K)->3160K(4864K) NonClass: 2855K(4352K)->2855K(4352K) Class: 305K(512K)->305K(512K)
[2026-06-17T09:51:56.900+0800][15.645s][info][gc             ] GC(632) Pause Young (Allocation Failure) 43M->36M(57M) 1.733ms
[2026-06-17T09:51:56.900+0800][15.646s][info][gc,cpu         ] GC(632) User=0.00s Sys=0.00s Real=0.00s
[2026-06-17T09:51:56.921+0800][15.667s][info][gc,start       ] GC(633) Pause Young (Allocation Failure)
[2026-06-17T09:51:56.923+0800][15.669s][info][gc,heap        ] GC(633) PSYoungGen: 10727K->2395K(14336K)
[2026-06-17T09:51:56.923+0800][15.669s][info][gc,heap        ] GC(633) ParOldGen: 33616K->35621K(44032K)
[2026-06-17T09:51:56.924+0800][15.670s][info][gc,metaspace   ] GC(633) Metaspace: 3160K(4864K)->3160K(4864K) NonClass: 2855K(4352K)->2855K(4352K) Class: 305K(512K)->305K(512K)
[2026-06-17T09:51:56.924+0800][15.670s][info][gc             ] GC(633) Pause Young (Allocation Failure) 43M->37M(57M) 2.749ms
[2026-06-17T09:51:56.925+0800][15.671s][info][gc,cpu         ] GC(633) User=0.00s Sys=0.00s Real=0.01s
[2026-06-17T09:51:56.946+0800][15.692s][info][gc,start       ] GC(634) Pause Young (Allocation Failure)
[2026-06-17T09:51:56.947+0800][15.693s][info][gc,heap        ] GC(634) PSYoungGen: 9529K->2843K(14336K)
[2026-06-17T09:51:56.948+0800][15.694s][info][gc,heap        ] GC(634) ParOldGen: 35621K->35621K(44032K)
[2026-06-17T09:51:56.948+0800][15.694s][info][gc,metaspace   ] GC(634) Metaspace: 3160K(4864K)->3160K(4864K) NonClass: 2855K(4352K)->2855K(4352K) Class: 305K(512K)->305K(512K)
[2026-06-17T09:51:56.949+0800][15.695s][info][gc             ] GC(634) Pause Young (Allocation Failure) 44M->37M(57M) 2.706ms
[2026-06-17T09:51:56.949+0800][15.695s][info][gc,cpu         ] GC(634) User=0.00s Sys=0.00s Real=0.00s
[2026-06-17T09:51:56.960+0800][15.706s][info][gc,start       ] GC(635) Pause Young (Allocation Failure)
[2026-06-17T09:51:56.962+0800][15.708s][info][gc,heap        ] GC(635) PSYoungGen: 9996K->855K(14336K)
[2026-06-17T09:51:56.962+0800][15.708s][info][gc,heap        ] GC(635) ParOldGen: 35621K->37590K(44032K)
[2026-06-17T09:51:56.963+0800][15.709s][info][gc,metaspace   ] GC(635) Metaspace: 3160K(4864K)->3160K(4864K) NonClass: 2855K(4352K)->2855K(4352K) Class: 305K(512K)->305K(512K)
[2026-06-17T09:51:56.963+0800][15.709s][info][gc             ] GC(635) Pause Young (Allocation Failure) 44M->37M(57M) 2.712ms
[2026-06-17T09:51:56.964+0800][15.709s][info][gc,cpu         ] GC(635) User=0.01s Sys=0.00s Real=0.01s
[2026-06-17T09:51:56.985+0800][15.731s][info][gc,start       ] GC(636) Pause Young (Allocation Failure)
[2026-06-17T09:51:56.987+0800][15.733s][info][gc,heap        ] GC(636) PSYoungGen: 7998K->3792K(14336K)
[2026-06-17T09:51:56.987+0800][15.733s][info][gc,heap        ] GC(636) ParOldGen: 37590K->38421K(44032K)
[2026-06-17T09:51:56.988+0800][15.734s][info][gc,metaspace   ] GC(636) Metaspace: 3160K(4864K)->3160K(4864K) NonClass: 2855K(4352K)->2855K(4352K) Class: 305K(512K)->305K(512K)
[2026-06-17T09:51:56.989+0800][15.735s][info][gc             ] GC(636) Pause Young (Allocation Failure) 44M->41M(57M) 3.156ms
[2026-06-17T09:51:56.989+0800][15.735s][info][gc,cpu         ] GC(636) User=0.00s Sys=0.00s Real=0.00s
[2026-06-17T09:51:57.011+0800][15.757s][info][gc,start       ] GC(637) Pause Young (Allocation Failure)
[2026-06-17T09:51:57.013+0800][15.758s][info][gc,heap        ] GC(637) PSYoungGen: 10942K->3060K(14336K)
[2026-06-17T09:51:57.013+0800][15.759s][info][gc,heap        ] GC(637) ParOldGen: 38421K->39824K(44032K)
[2026-06-17T09:51:57.014+0800][15.759s][info][gc,metaspace   ] GC(637) Metaspace: 3160K(4864K)->3160K(4864K) NonClass: 2855K(4352K)->2855K(4352K) Class: 305K(512K)->305K(512K)
[2026-06-17T09:51:57.014+0800][15.760s][info][gc             ] GC(637) Pause Young (Allocation Failure) 48M->41M(57M) 3.474ms
[2026-06-17T09:51:57.015+0800][15.761s][info][gc,cpu         ] GC(637) User=0.00s Sys=0.00s Real=0.00s
[2026-06-17T09:51:57.037+0800][15.783s][info][gc,start       ] GC(638) Pause Young (Allocation Failure)
[2026-06-17T09:51:57.038+0800][15.784s][info][gc,heap        ] GC(638) PSYoungGen: 10200K->453K(14336K)
[2026-06-17T09:51:57.038+0800][15.784s][info][gc,heap        ] GC(638) ParOldGen: 39824K->42804K(44032K)
[2026-06-17T09:51:57.038+0800][15.784s][info][gc,metaspace   ] GC(638) Metaspace: 3160K(4864K)->3160K(4864K) NonClass: 2855K(4352K)->2855K(4352K) Class: 305K(512K)->305K(512K)
[2026-06-17T09:51:57.039+0800][15.785s][info][gc             ] GC(638) Pause Young (Allocation Failure) 48M->42M(57M) 1.733ms
[2026-06-17T09:51:57.039+0800][15.785s][info][gc,cpu         ] GC(638) User=0.01s Sys=0.00s Real=0.00s
[2026-06-17T09:51:57.039+0800][15.785s][info][gc,start       ] GC(639) Pause Full (Ergonomics)
[2026-06-17T09:51:57.039+0800][15.785s][info][gc,phases,start] GC(639) Marking Phase
[2026-06-17T09:51:57.040+0800][15.786s][info][gc,phases      ] GC(639) Marking Phase 1.033ms
[2026-06-17T09:51:57.041+0800][15.786s][info][gc,phases,start] GC(639) Summary Phase
[2026-06-17T09:51:57.041+0800][15.787s][info][gc,phases      ] GC(639) Summary Phase 0.189ms
[2026-06-17T09:51:57.041+0800][15.787s][info][gc,phases,start] GC(639) Adjust Roots
[2026-06-17T09:51:57.041+0800][15.787s][info][gc,phases      ] GC(639) Adjust Roots 0.287ms
[2026-06-17T09:51:57.041+0800][15.787s][info][gc,phases,start] GC(639) Compaction Phase
[2026-06-17T09:51:57.043+0800][15.789s][info][gc,phases      ] GC(639) Compaction Phase 1.823ms
[2026-06-17T09:51:57.044+0800][15.789s][info][gc,phases,start] GC(639) Post Compact
[2026-06-17T09:51:57.044+0800][15.790s][info][gc,phases      ] GC(639) Post Compact 0.243ms
[2026-06-17T09:51:57.044+0800][15.790s][info][gc,heap        ] GC(639) PSYoungGen: 453K->0K(14336K)
[2026-06-17T09:51:57.044+0800][15.790s][info][gc,heap        ] GC(639) ParOldGen: 42804K->29441K(44032K)
[2026-06-17T09:51:57.044+0800][15.790s][info][gc,metaspace   ] GC(639) Metaspace: 3160K(4864K)->3160K(4864K) NonClass: 2855K(4352K)->2855K(4352K) Class: 305K(512K)->305K(512K)
[2026-06-17T09:51:57.044+0800][15.790s][info][gc             ] GC(639) Pause Full (Ergonomics) 42M->28M(57M) 5.406ms
[2026-06-17T09:51:57.045+0800][15.791s][info][gc,cpu         ] GC(639) User=0.00s Sys=0.00s Real=0.01s
[2026-06-17T09:51:57.056+0800][15.802s][info][gc,start       ] GC(640) Pause Young (Allocation Failure)
[2026-06-17T09:51:57.058+0800][15.804s][info][gc,heap        ] GC(640) PSYoungGen: 7138K->6848K(14336K)
[2026-06-17T09:51:57.059+0800][15.804s][info][gc,heap        ] GC(640) ParOldGen: 29441K->29785K(44032K)
[2026-06-17T09:51:57.059+0800][15.805s][info][gc,metaspace   ] GC(640) Metaspace: 3160K(4864K)->3160K(4864K) NonClass: 2855K(4352K)->2855K(4352K) Class: 305K(512K)->305K(512K)
[2026-06-17T09:51:57.060+0800][15.806s][info][gc             ] GC(640) Pause Young (Allocation Failure) 35M->35M(57M) 3.847ms
[2026-06-17T09:51:57.060+0800][15.806s][info][gc,cpu         ] GC(640) User=0.00s Sys=0.00s Real=0.00s
[2026-06-17T09:51:57.082+0800][15.827s][info][gc,start       ] GC(641) Pause Young (Allocation Failure)
[2026-06-17T09:51:57.086+0800][15.832s][info][gc,heap        ] GC(641) PSYoungGen: 13988K->2153K(14336K)
[2026-06-17T09:51:57.090+0800][15.835s][info][gc,heap        ] GC(641) ParOldGen: 29785K->34570K(44032K)
[2026-06-17T09:51:57.091+0800][15.837s][info][gc,metaspace   ] GC(641) Metaspace: 3160K(4864K)->3160K(4864K) NonClass: 2855K(4352K)->2855K(4352K) Class: 305K(512K)->305K(512K)
[2026-06-17T09:51:57.091+0800][15.837s][info][gc             ] GC(641) Pause Young (Allocation Failure) 42M->35M(57M) 9.854ms
[2026-06-17T09:51:57.092+0800][15.838s][info][gc,cpu         ] GC(641) User=0.00s Sys=0.00s Real=0.02s
[2026-06-17T09:51:57.103+0800][15.849s][info][gc,start       ] GC(642) Pause Young (Allocation Failure)
[2026-06-17T09:51:57.110+0800][15.855s][info][gc,heap        ] GC(642) PSYoungGen: 9311K->5639K(14336K)
[2026-06-17T09:51:57.110+0800][15.856s][info][gc,heap        ] GC(642) ParOldGen: 34570K->34570K(44032K)
[2026-06-17T09:51:57.110+0800][15.856s][info][gc,metaspace   ] GC(642) Metaspace: 3160K(4864K)->3160K(4864K) NonClass: 2855K(4352K)->2855K(4352K) Class: 305K(512K)->305K(512K)
[2026-06-17T09:51:57.111+0800][15.857s][info][gc             ] GC(642) Pause Young (Allocation Failure) 42M->39M(57M) 7.295ms
[2026-06-17T09:51:57.111+0800][15.857s][info][gc,cpu         ] GC(642) User=0.00s Sys=0.00s Real=0.01s
[2026-06-17T09:51:57.136+0800][15.882s][info][gc,start       ] GC(643) Pause Young (Allocation Failure)
[2026-06-17T09:51:57.143+0800][15.889s][info][gc,heap        ] GC(643) PSYoungGen: 12697K->32K(14336K)
[2026-06-17T09:51:57.150+0800][15.896s][info][gc,heap        ] GC(643) ParOldGen: 34570K->36735K(44032K)
[2026-06-17T09:51:57.151+0800][15.896s][info][gc,metaspace   ] GC(643) Metaspace: 3160K(4864K)->3160K(4864K) NonClass: 2855K(4352K)->2855K(4352K) Class: 305K(512K)->305K(512K)
[2026-06-17T09:51:57.151+0800][15.897s][info][gc             ] GC(643) Pause Young (Allocation Failure) 46M->35M(57M) 14.960ms
[2026-06-17T09:51:57.151+0800][15.897s][info][gc,cpu         ] GC(643) User=0.00s Sys=0.00s Real=0.02s
[2026-06-17T09:51:57.173+0800][15.918s][info][gc,start       ] GC(644) Pause Young (Allocation Failure)
[2026-06-17T09:51:57.177+0800][15.923s][info][gc,heap        ] GC(644) PSYoungGen: 7171K->3684K(14336K)
[2026-06-17T09:51:57.178+0800][15.923s][info][gc,heap        ] GC(644) ParOldGen: 36735K->36743K(44032K)
[2026-06-17T09:51:57.178+0800][15.924s][info][gc,metaspace   ] GC(644) Metaspace: 3160K(4864K)->3160K(4864K) NonClass: 2855K(4352K)->2855K(4352K) Class: 305K(512K)->305K(512K)
[2026-06-17T09:51:57.179+0800][15.924s][info][gc             ] GC(644) Pause Young (Allocation Failure) 42M->39M(57M) 6.080ms
[2026-06-17T09:51:57.179+0800][15.925s][info][gc,cpu         ] GC(644) User=0.00s Sys=0.00s Real=0.00s
[2026-06-17T09:51:57.200+0800][15.946s][info][gc,start       ] GC(645) Pause Young (Allocation Failure)
[2026-06-17T09:51:57.202+0800][15.947s][info][gc,heap        ] GC(645) PSYoungGen: 10806K->1765K(14336K)
[2026-06-17T09:51:57.203+0800][15.949s][info][gc,heap        ] GC(645) ParOldGen: 36743K->38718K(44032K)
[2026-06-17T09:51:57.205+0800][15.951s][info][gc,metaspace   ] GC(645) Metaspace: 3160K(4864K)->3160K(4864K) NonClass: 2855K(4352K)->2855K(4352K) Class: 305K(512K)->305K(512K)
[2026-06-17T09:51:57.205+0800][15.951s][info][gc             ] GC(645) Pause Young (Allocation Failure) 46M->39M(57M) 4.951ms
[2026-06-17T09:51:57.207+0800][15.953s][info][gc,cpu         ] GC(645) User=0.00s Sys=0.00s Real=0.01s
[2026-06-17T09:51:57.228+0800][15.974s][info][gc,start       ] GC(646) Pause Young (Allocation Failure)
[2026-06-17T09:51:57.229+0800][15.975s][info][gc,heap        ] GC(646) PSYoungGen: 8921K->204K(14336K)
[2026-06-17T09:51:57.229+0800][15.975s][info][gc,heap        ] GC(646) ParOldGen: 38718K->40421K(44032K)
[2026-06-17T09:51:57.229+0800][15.975s][info][gc,metaspace   ] GC(646) Metaspace: 3160K(4864K)->3160K(4864K) NonClass: 2855K(4352K)->2855K(4352K) Class: 305K(512K)->305K(512K)
[2026-06-17T09:51:57.230+0800][15.975s][info][gc             ] GC(646) Pause Young (Allocation Failure) 46M->39M(57M) 1.600ms
[2026-06-17T09:51:57.230+0800][15.976s][info][gc,cpu         ] GC(646) User=0.00s Sys=0.00s Real=0.00s
[2026-06-17T09:51:57.230+0800][15.976s][info][gc,start       ] GC(647) Pause Full (Ergonomics)
[2026-06-17T09:51:57.230+0800][15.976s][info][gc,phases,start] GC(647) Marking Phase
[2026-06-17T09:51:57.231+0800][15.977s][info][gc,phases      ] GC(647) Marking Phase 1.002ms
[2026-06-17T09:51:57.232+0800][15.978s][info][gc,phases,start] GC(647) Summary Phase
[2026-06-17T09:51:57.232+0800][15.978s][info][gc,phases      ] GC(647) Summary Phase 0.305ms
[2026-06-17T09:51:57.232+0800][15.978s][info][gc,phases,start] GC(647) Adjust Roots
[2026-06-17T09:51:57.233+0800][15.978s][info][gc,phases      ] GC(647) Adjust Roots 0.221ms
[2026-06-17T09:51:57.233+0800][15.979s][info][gc,phases,start] GC(647) Compaction Phase
[2026-06-17T09:51:57.234+0800][15.980s][info][gc,phases      ] GC(647) Compaction Phase 1.342ms
[2026-06-17T09:51:57.234+0800][15.980s][info][gc,phases,start] GC(647) Post Compact
[2026-06-17T09:51:57.235+0800][15.980s][info][gc,phases      ] GC(647) Post Compact 0.221ms
[2026-06-17T09:51:57.235+0800][15.980s][info][gc,heap        ] GC(647) PSYoungGen: 204K->0K(14336K)
[2026-06-17T09:51:57.235+0800][15.981s][info][gc,heap        ] GC(647) ParOldGen: 40421K->26610K(44032K)
[2026-06-17T09:51:57.235+0800][15.981s][info][gc,metaspace   ] GC(647) Metaspace: 3160K(4864K)->3160K(4864K) NonClass: 2855K(4352K)->2855K(4352K) Class: 305K(512K)->305K(512K)
[2026-06-17T09:51:57.235+0800][15.981s][info][gc             ] GC(647) Pause Full (Ergonomics) 39M->25M(57M) 4.799ms
[2026-06-17T09:51:57.235+0800][15.981s][info][gc,cpu         ] GC(647) User=0.00s Sys=0.00s Real=0.01s
[2026-06-17T09:51:57.246+0800][15.992s][info][gc,start       ] GC(648) Pause Young (Allocation Failure)
[2026-06-17T09:51:57.247+0800][15.993s][info][gc,heap        ] GC(648) PSYoungGen: 7168K->7023K(14336K)
[2026-06-17T09:51:57.247+0800][15.993s][info][gc,heap        ] GC(648) ParOldGen: 26610K->26792K(44032K)
[2026-06-17T09:51:57.247+0800][15.993s][info][gc,metaspace   ] GC(648) Metaspace: 3160K(4864K)->3160K(4864K) NonClass: 2855K(4352K)->2855K(4352K) Class: 305K(512K)->305K(512K)
[2026-06-17T09:51:57.247+0800][15.993s][info][gc             ] GC(648) Pause Young (Allocation Failure) 32M->33M(57M) 1.475ms
[2026-06-17T09:51:57.248+0800][15.993s][info][gc,cpu         ] GC(648) User=0.00s Sys=0.00s Real=0.00s
[2026-06-17T09:51:57.269+0800][16.014s][info][gc,start       ] GC(649) Pause Young (Allocation Failure)
[2026-06-17T09:51:57.270+0800][16.016s][info][gc,heap        ] GC(649) PSYoungGen: 14168K->2196K(14336K)
[2026-06-17T09:51:57.270+0800][16.016s][info][gc,heap        ] GC(649) ParOldGen: 26792K->31581K(44032K)
[2026-06-17T09:51:57.270+0800][16.016s][info][gc,metaspace   ] GC(649) Metaspace: 3160K(4864K)->3160K(4864K) NonClass: 2855K(4352K)->2855K(4352K) Class: 305K(512K)->305K(512K)
[2026-06-17T09:51:57.270+0800][16.016s][info][gc             ] GC(649) Pause Young (Allocation Failure) 40M->32M(57M) 1.725ms
[2026-06-17T09:51:57.270+0800][16.016s][info][gc,cpu         ] GC(649) User=0.01s Sys=0.00s Real=0.01s
[2026-06-17T09:51:57.281+0800][16.027s][info][gc,start       ] GC(650) Pause Young (Allocation Failure)
[2026-06-17T09:51:57.282+0800][16.028s][info][gc,heap        ] GC(650) PSYoungGen: 9363K->5073K(14336K)
[2026-06-17T09:51:57.283+0800][16.029s][info][gc,heap        ] GC(650) ParOldGen: 31581K->32637K(44032K)
[2026-06-17T09:51:57.283+0800][16.029s][info][gc,metaspace   ] GC(650) Metaspace: 3160K(4864K)->3160K(4864K) NonClass: 2855K(4352K)->2855K(4352K) Class: 305K(512K)->305K(512K)
[2026-06-17T09:51:57.283+0800][16.029s][info][gc             ] GC(650) Pause Young (Allocation Failure) 39M->36M(57M) 1.705ms
[2026-06-17T09:51:57.283+0800][16.029s][info][gc,cpu         ] GC(650) User=0.00s Sys=0.00s Real=0.01s
[2026-06-17T09:51:57.304+0800][16.050s][info][gc,start       ] GC(651) Pause Young (Allocation Failure)
[2026-06-17T09:51:57.306+0800][16.052s][info][gc,heap        ] GC(651) PSYoungGen: 12212K->3471K(14336K)
[2026-06-17T09:51:57.308+0800][16.054s][info][gc,heap        ] GC(651) ParOldGen: 32637K->34631K(44032K)
[2026-06-17T09:51:57.309+0800][16.055s][info][gc,metaspace   ] GC(651) Metaspace: 3160K(4864K)->3160K(4864K) NonClass: 2855K(4352K)->2855K(4352K) Class: 305K(512K)->305K(512K)
[2026-06-17T09:51:57.311+0800][16.057s][info][gc             ] GC(651) Pause Young (Allocation Failure) 43M->37M(57M) 6.570ms
[2026-06-17T09:51:57.313+0800][16.059s][info][gc,cpu         ] GC(651) User=0.00s Sys=0.00s Real=0.01s
[2026-06-17T09:51:57.334+0800][16.080s][info][gc,start       ] GC(652) Pause Young (Allocation Failure)
[2026-06-17T09:51:57.341+0800][16.087s][info][gc,heap        ] GC(652) PSYoungGen: 10620K->3437K(14336K)
[2026-06-17T09:51:57.344+0800][16.089s][info][gc,heap        ] GC(652) ParOldGen: 34631K->34631K(44032K)
[2026-06-17T09:51:57.345+0800][16.091s][info][gc,metaspace   ] GC(652) Metaspace: 3160K(4864K)->3160K(4864K) NonClass: 2855K(4352K)->2855K(4352K) Class: 305K(512K)->305K(512K)
[2026-06-17T09:51:57.349+0800][16.095s][info][gc             ] GC(652) Pause Young (Allocation Failure) 44M->37M(57M) 15.074ms
[2026-06-17T09:51:57.351+0800][16.097s][info][gc,cpu         ] GC(652) User=0.00s Sys=0.00s Real=0.02s
[2026-06-17T09:51:57.363+0800][16.109s][info][gc,start       ] GC(653) Pause Young (Allocation Failure)
[2026-06-17T09:51:57.363+0800][16.109s][info][gc,heap        ] GC(653) PSYoungGen: 10565K->1564K(14336K)
[2026-06-17T09:51:57.364+0800][16.110s][info][gc,heap        ] GC(653) ParOldGen: 34631K->36776K(44032K)
[2026-06-17T09:51:57.364+0800][16.110s][info][gc,metaspace   ] GC(653) Metaspace: 3160K(4864K)->3160K(4864K) NonClass: 2855K(4352K)->2855K(4352K) Class: 305K(512K)->305K(512K)
[2026-06-17T09:51:57.364+0800][16.110s][info][gc             ] GC(653) Pause Young (Allocation Failure) 44M->37M(57M) 1.522ms
[2026-06-17T09:51:57.364+0800][16.110s][info][gc,cpu         ] GC(653) User=0.00s Sys=0.00s Real=0.00s
[2026-06-17T09:51:57.396+0800][16.142s][info][gc,start       ] GC(654) Pause Young (Allocation Failure)
[2026-06-17T09:51:57.397+0800][16.143s][info][gc,heap        ] GC(654) PSYoungGen: 8707K->489K(14336K)
[2026-06-17T09:51:57.400+0800][16.146s][info][gc,heap        ] GC(654) ParOldGen: 36776K->38316K(44032K)
[2026-06-17T09:51:57.401+0800][16.146s][info][gc,metaspace   ] GC(654) Metaspace: 3160K(4864K)->3160K(4864K) NonClass: 2855K(4352K)->2855K(4352K) Class: 305K(512K)->305K(512K)
[2026-06-17T09:51:57.401+0800][16.147s][info][gc             ] GC(654) Pause Young (Allocation Failure) 44M->37M(57M) 5.078ms
[2026-06-17T09:51:57.401+0800][16.147s][info][gc,cpu         ] GC(654) User=0.00s Sys=0.00s Real=0.00s
[2026-06-17T09:51:57.412+0800][16.158s][info][gc,start       ] GC(655) Pause Young (Allocation Failure)
[2026-06-17T09:51:57.413+0800][16.159s][info][gc,heap        ] GC(655) PSYoungGen: 7647K->4009K(14336K)
[2026-06-17T09:51:57.419+0800][16.165s][info][gc,heap        ] GC(655) ParOldGen: 38316K->38661K(44032K)
[2026-06-17T09:51:57.425+0800][16.171s][info][gc,metaspace   ] GC(655) Metaspace: 3160K(4864K)->3160K(4864K) NonClass: 2855K(4352K)->2855K(4352K) Class: 305K(512K)->305K(512K)
[2026-06-17T09:51:57.428+0800][16.174s][info][gc             ] GC(655) Pause Young (Allocation Failure) 44M->41M(57M) 15.768ms
[2026-06-17T09:51:57.431+0800][16.177s][info][gc,cpu         ] GC(655) User=0.00s Sys=0.00s Real=0.02s
[2026-06-17T09:51:57.453+0800][16.199s][info][gc,start       ] GC(656) Pause Young (Allocation Failure)
[2026-06-17T09:51:57.454+0800][16.200s][info][gc,heap        ] GC(656) PSYoungGen: 11174K->2826K(14336K)
[2026-06-17T09:51:57.455+0800][16.201s][info][gc,heap        ] GC(656) ParOldGen: 38661K->40331K(44032K)
[2026-06-17T09:51:57.455+0800][16.201s][info][gc,metaspace   ] GC(656) Metaspace: 3160K(4864K)->3160K(4864K) NonClass: 2855K(4352K)->2855K(4352K) Class: 305K(512K)->305K(512K)
[2026-06-17T09:51:57.456+0800][16.202s][info][gc             ] GC(656) Pause Young (Allocation Failure) 48M->42M(57M) 2.779ms
[2026-06-17T09:51:57.456+0800][16.202s][info][gc,cpu         ] GC(656) User=0.00s Sys=0.00s Real=0.00s
[2026-06-17T09:51:57.457+0800][16.202s][info][gc,start       ] GC(657) Pause Full (Ergonomics)
[2026-06-17T09:51:57.457+0800][16.203s][info][gc,phases,start] GC(657) Marking Phase
[2026-06-17T09:51:57.459+0800][16.205s][info][gc,phases      ] GC(657) Marking Phase 1.916ms
[2026-06-17T09:51:57.459+0800][16.205s][info][gc,phases,start] GC(657) Summary Phase
[2026-06-17T09:51:57.460+0800][16.206s][info][gc,phases      ] GC(657) Summary Phase 0.400ms
[2026-06-17T09:51:57.460+0800][16.206s][info][gc,phases,start] GC(657) Adjust Roots
[2026-06-17T09:51:57.461+0800][16.207s][info][gc,phases      ] GC(657) Adjust Roots 0.467ms
[2026-06-17T09:51:57.461+0800][16.207s][info][gc,phases,start] GC(657) Compaction Phase
[2026-06-17T09:51:57.463+0800][16.209s][info][gc,phases      ] GC(657) Compaction Phase 2.276ms
[2026-06-17T09:51:57.464+0800][16.210s][info][gc,phases,start] GC(657) Post Compact
[2026-06-17T09:51:57.464+0800][16.210s][info][gc,phases      ] GC(657) Post Compact 0.368ms
[2026-06-17T09:51:57.465+0800][16.210s][info][gc,heap        ] GC(657) PSYoungGen: 2826K->0K(14336K)
[2026-06-17T09:51:57.465+0800][16.211s][info][gc,heap        ] GC(657) ParOldGen: 40331K->30227K(44032K)
[2026-06-17T09:51:57.465+0800][16.211s][info][gc,metaspace   ] GC(657) Metaspace: 3160K(4864K)->3160K(4864K) NonClass: 2855K(4352K)->2855K(4352K) Class: 305K(512K)->305K(512K)
[2026-06-17T09:51:57.465+0800][16.211s][info][gc             ] GC(657) Pause Full (Ergonomics) 42M->29M(57M) 8.810ms
[2026-06-17T09:51:57.466+0800][16.211s][info][gc,cpu         ] GC(657) User=0.01s Sys=0.00s Real=0.01s
[2026-06-17T09:51:57.487+0800][16.233s][info][gc,start       ] GC(658) Pause Young (Allocation Failure)
[2026-06-17T09:51:57.490+0800][16.235s][info][gc,heap        ] GC(658) PSYoungGen: 7164K->3553K(14336K)
[2026-06-17T09:51:57.491+0800][16.237s][info][gc,heap        ] GC(658) ParOldGen: 30227K->30227K(44032K)
[2026-06-17T09:51:57.495+0800][16.241s][info][gc,metaspace   ] GC(658) Metaspace: 3160K(4864K)->3160K(4864K) NonClass: 2855K(4352K)->2855K(4352K) Class: 305K(512K)->305K(512K)
[2026-06-17T09:51:57.496+0800][16.242s][info][gc             ] GC(658) Pause Young (Allocation Failure) 36M->32M(57M) 8.813ms
[2026-06-17T09:51:57.497+0800][16.243s][info][gc,cpu         ] GC(658) User=0.00s Sys=0.00s Real=0.01s
[2026-06-17T09:51:57.508+0800][16.254s][info][gc,start       ] GC(659) Pause Young (Allocation Failure)
[2026-06-17T09:51:57.509+0800][16.255s][info][gc,heap        ] GC(659) PSYoungGen: 10521K->3448K(14336K)
[2026-06-17T09:51:57.509+0800][16.255s][info][gc,heap        ] GC(659) ParOldGen: 30227K->30227K(44032K)
[2026-06-17T09:51:57.510+0800][16.255s][info][gc,metaspace   ] GC(659) Metaspace: 3160K(4864K)->3160K(4864K) NonClass: 2855K(4352K)->2855K(4352K) Class: 305K(512K)->305K(512K)
[2026-06-17T09:51:57.510+0800][16.256s][info][gc             ] GC(659) Pause Young (Allocation Failure) 39M->32M(57M) 1.613ms
[2026-06-17T09:51:57.510+0800][16.256s][info][gc,cpu         ] GC(659) User=0.00s Sys=0.00s Real=0.00s
[2026-06-17T09:51:57.531+0800][16.277s][info][gc,start       ] GC(660) Pause Young (Allocation Failure)
[2026-06-17T09:51:57.532+0800][16.278s][info][gc,heap        ] GC(660) PSYoungGen: 10600K->6964K(14336K)
[2026-06-17T09:51:57.532+0800][16.278s][info][gc,heap        ] GC(660) ParOldGen: 30227K->30227K(44032K)
[2026-06-17T09:51:57.533+0800][16.278s][info][gc,metaspace   ] GC(660) Metaspace: 3160K(4864K)->3160K(4864K) NonClass: 2855K(4352K)->2855K(4352K) Class: 305K(512K)->305K(512K)
[2026-06-17T09:51:57.533+0800][16.279s][info][gc             ] GC(660) Pause Young (Allocation Failure) 39M->36M(57M) 1.883ms
[2026-06-17T09:51:57.533+0800][16.279s][info][gc,cpu         ] GC(660) User=0.00s Sys=0.00s Real=0.00s
[2026-06-17T09:51:57.544+0800][16.290s][info][gc,start       ] GC(661) Pause Young (Allocation Failure)
[2026-06-17T09:51:57.545+0800][16.291s][info][gc,heap        ] GC(661) PSYoungGen: 14013K->4666K(14336K)
[2026-06-17T09:51:57.545+0800][16.291s][info][gc,heap        ] GC(661) ParOldGen: 30227K->32669K(44032K)
[2026-06-17T09:51:57.545+0800][16.291s][info][gc,metaspace   ] GC(661) Metaspace: 3160K(4864K)->3160K(4864K) NonClass: 2855K(4352K)->2855K(4352K) Class: 305K(512K)->305K(512K)
[2026-06-17T09:51:57.545+0800][16.291s][info][gc             ] GC(661) Pause Young (Allocation Failure) 43M->36M(57M) 1.570ms
[2026-06-17T09:51:57.546+0800][16.291s][info][gc,cpu         ] GC(661) User=0.00s Sys=0.00s Real=0.00s
[2026-06-17T09:51:57.567+0800][16.313s][info][gc,start       ] GC(662) Pause Young (Allocation Failure)
[2026-06-17T09:51:57.568+0800][16.314s][info][gc,heap        ] GC(662) PSYoungGen: 11812K->4859K(14336K)
[2026-06-17T09:51:57.568+0800][16.314s][info][gc,heap        ] GC(662) ParOldGen: 32669K->35869K(44032K)
[2026-06-17T09:51:57.569+0800][16.315s][info][gc,metaspace   ] GC(662) Metaspace: 3160K(4864K)->3160K(4864K) NonClass: 2855K(4352K)->2855K(4352K) Class: 305K(512K)->305K(512K)
[2026-06-17T09:51:57.569+0800][16.315s][info][gc             ] GC(662) Pause Young (Allocation Failure) 43M->39M(57M) 1.939ms
[2026-06-17T09:51:57.569+0800][16.315s][info][gc,cpu         ] GC(662) User=0.00s Sys=0.00s Real=0.00s
[2026-06-17T09:51:57.590+0800][16.336s][info][gc,start       ] GC(663) Pause Young (Allocation Failure)
[2026-06-17T09:51:57.592+0800][16.338s][info][gc,heap        ] GC(663) PSYoungGen: 11982K->2783K(14336K)
[2026-06-17T09:51:57.593+0800][16.338s][info][gc,heap        ] GC(663) ParOldGen: 35869K->37999K(44032K)
[2026-06-17T09:51:57.593+0800][16.339s][info][gc,metaspace   ] GC(663) Metaspace: 3160K(4864K)->3160K(4864K) NonClass: 2855K(4352K)->2855K(4352K) Class: 305K(512K)->305K(512K)
[2026-06-17T09:51:57.594+0800][16.340s][info][gc             ] GC(663) Pause Young (Allocation Failure) 46M->39M(57M) 3.528ms
[2026-06-17T09:51:57.594+0800][16.340s][info][gc,cpu         ] GC(663) User=0.00s Sys=0.00s Real=0.01s
[2026-06-17T09:51:57.617+0800][16.363s][info][gc,start       ] GC(664) Pause Young (Allocation Failure)
[2026-06-17T09:51:57.619+0800][16.365s][info][gc,heap        ] GC(664) PSYoungGen: 9934K->990K(14336K)
[2026-06-17T09:51:57.619+0800][16.365s][info][gc,heap        ] GC(664) ParOldGen: 37999K->39867K(44032K)
[2026-06-17T09:51:57.620+0800][16.366s][info][gc,metaspace   ] GC(664) Metaspace: 3160K(4864K)->3160K(4864K) NonClass: 2855K(4352K)->2855K(4352K) Class: 305K(512K)->305K(512K)
[2026-06-17T09:51:57.620+0800][16.366s][info][gc             ] GC(664) Pause Young (Allocation Failure) 46M->39M(57M) 3.622ms
[2026-06-17T09:51:57.621+0800][16.367s][info][gc,cpu         ] GC(664) User=0.00s Sys=0.00s Real=0.00s
[2026-06-17T09:51:57.633+0800][16.379s][info][gc,start       ] GC(665) Pause Young (Allocation Failure)
[2026-06-17T09:51:57.635+0800][16.381s][info][gc,heap        ] GC(665) PSYoungGen: 8150K->4888K(14336K)
[2026-06-17T09:51:57.635+0800][16.381s][info][gc,heap        ] GC(665) ParOldGen: 39867K->39867K(44032K)
[2026-06-17T09:51:57.636+0800][16.382s][info][gc,metaspace   ] GC(665) Metaspace: 3160K(4864K)->3160K(4864K) NonClass: 2855K(4352K)->2855K(4352K) Class: 305K(512K)->305K(512K)
[2026-06-17T09:51:57.636+0800][16.382s][info][gc             ] GC(665) Pause Young (Allocation Failure) 46M->43M(57M) 3.324ms
[2026-06-17T09:51:57.637+0800][16.382s][info][gc,cpu         ] GC(665) User=0.00s Sys=0.00s Real=0.00s
[2026-06-17T09:51:57.658+0800][16.404s][info][gc,start       ] GC(666) Pause Young (Allocation Failure)
[2026-06-17T09:51:57.659+0800][16.405s][info][gc,heap        ] GC(666) PSYoungGen: 12050K->3198K(14336K)
[2026-06-17T09:51:57.659+0800][16.405s][info][gc,heap        ] GC(666) ParOldGen: 39867K->41921K(44032K)
[2026-06-17T09:51:57.660+0800][16.406s][info][gc,metaspace   ] GC(666) Metaspace: 3160K(4864K)->3160K(4864K) NonClass: 2855K(4352K)->2855K(4352K) Class: 305K(512K)->305K(512K)
[2026-06-17T09:51:57.660+0800][16.406s][info][gc             ] GC(666) Pause Young (Allocation Failure) 50M->44M(57M) 2.338ms
[2026-06-17T09:51:57.661+0800][16.407s][info][gc,cpu         ] GC(666) User=0.00s Sys=0.00s Real=0.00s
[2026-06-17T09:51:57.661+0800][16.407s][info][gc,start       ] GC(667) Pause Full (Ergonomics)
[2026-06-17T09:51:57.662+0800][16.407s][info][gc,phases,start] GC(667) Marking Phase
[2026-06-17T09:51:57.662+0800][16.408s][info][gc,phases      ] GC(667) Marking Phase 0.888ms
[2026-06-17T09:51:57.663+0800][16.409s][info][gc,phases,start] GC(667) Summary Phase
[2026-06-17T09:51:57.663+0800][16.409s][info][gc,phases      ] GC(667) Summary Phase 0.157ms
[2026-06-17T09:51:57.663+0800][16.409s][info][gc,phases,start] GC(667) Adjust Roots
[2026-06-17T09:51:57.663+0800][16.409s][info][gc,phases      ] GC(667) Adjust Roots 0.188ms
[2026-06-17T09:51:57.663+0800][16.409s][info][gc,phases,start] GC(667) Compaction Phase
[2026-06-17T09:51:57.665+0800][16.411s][info][gc,phases      ] GC(667) Compaction Phase 1.724ms
[2026-06-17T09:51:57.665+0800][16.411s][info][gc,phases,start] GC(667) Post Compact
[2026-06-17T09:51:57.665+0800][16.411s][info][gc,phases      ] GC(667) Post Compact 0.222ms
[2026-06-17T09:51:57.666+0800][16.411s][info][gc,heap        ] GC(667) PSYoungGen: 3198K->0K(14336K)
[2026-06-17T09:51:57.666+0800][16.412s][info][gc,heap        ] GC(667) ParOldGen: 41921K->31692K(44032K)
[2026-06-17T09:51:57.666+0800][16.412s][info][gc,metaspace   ] GC(667) Metaspace: 3160K(4864K)->3160K(4864K) NonClass: 2855K(4352K)->2855K(4352K) Class: 305K(512K)->305K(512K)
[2026-06-17T09:51:57.666+0800][16.412s][info][gc             ] GC(667) Pause Full (Ergonomics) 44M->30M(57M) 4.654ms
[2026-06-17T09:51:57.666+0800][16.412s][info][gc,cpu         ] GC(667) User=0.00s Sys=0.00s Real=0.01s
[2026-06-17T09:51:57.687+0800][16.433s][info][gc,start       ] GC(668) Pause Young (Allocation Failure)
[2026-06-17T09:51:57.688+0800][16.434s][info][gc,heap        ] GC(668) PSYoungGen: 7159K->3735K(14336K)
[2026-06-17T09:51:57.688+0800][16.434s][info][gc,heap        ] GC(668) ParOldGen: 31692K->31692K(44032K)
[2026-06-17T09:51:57.689+0800][16.434s][info][gc,metaspace   ] GC(668) Metaspace: 3160K(4864K)->3160K(4864K) NonClass: 2855K(4352K)->2855K(4352K) Class: 305K(512K)->305K(512K)
[2026-06-17T09:51:57.689+0800][16.435s][info][gc             ] GC(668) Pause Young (Allocation Failure) 37M->34M(57M) 1.405ms
[2026-06-17T09:51:57.689+0800][16.435s][info][gc,cpu         ] GC(668) User=0.00s Sys=0.00s Real=0.00s
[2026-06-17T09:51:57.710+0800][16.456s][info][gc,start       ] GC(669) Pause Young (Allocation Failure)
[2026-06-17T09:51:57.711+0800][16.456s][info][gc,heap        ] GC(669) PSYoungGen: 10876K->2043K(14336K)
[2026-06-17T09:51:57.711+0800][16.457s][info][gc,heap        ] GC(669) ParOldGen: 31692K->33233K(44032K)
[2026-06-17T09:51:57.711+0800][16.457s][info][gc,metaspace   ] GC(669) Metaspace: 3160K(4864K)->3160K(4864K) NonClass: 2855K(4352K)->2855K(4352K) Class: 305K(512K)->305K(512K)
[2026-06-17T09:51:57.711+0800][16.457s][info][gc             ] GC(669) Pause Young (Allocation Failure) 41M->34M(57M) 1.314ms
[2026-06-17T09:51:57.711+0800][16.457s][info][gc,cpu         ] GC(669) User=0.00s Sys=0.00s Real=0.01s
[2026-06-17T09:51:57.732+0800][16.478s][info][gc,start       ] GC(670) Pause Young (Allocation Failure)
[2026-06-17T09:51:57.733+0800][16.479s][info][gc,heap        ] GC(670) PSYoungGen: 9171K->2163K(14336K)
[2026-06-17T09:51:57.733+0800][16.479s][info][gc,heap        ] GC(670) ParOldGen: 33233K->33233K(44032K)
[2026-06-17T09:51:57.734+0800][16.479s][info][gc,metaspace   ] GC(670) Metaspace: 3160K(4864K)->3160K(4864K) NonClass: 2855K(4352K)->2855K(4352K) Class: 305K(512K)->305K(512K)
[2026-06-17T09:51:57.734+0800][16.480s][info][gc             ] GC(670) Pause Young (Allocation Failure) 41M->34M(57M) 1.495ms
[2026-06-17T09:51:57.734+0800][16.480s][info][gc,cpu         ] GC(670) User=0.00s Sys=0.00s Real=0.00s
[2026-06-17T09:51:57.745+0800][16.491s][info][gc,start       ] GC(671) Pause Young (Allocation Failure)
[2026-06-17T09:51:57.746+0800][16.491s][info][gc,heap        ] GC(671) PSYoungGen: 9278K->5845K(14336K)
[2026-06-17T09:51:57.747+0800][16.493s][info][gc,heap        ] GC(671) ParOldGen: 33233K->33233K(44032K)
[2026-06-17T09:51:57.747+0800][16.493s][info][gc,metaspace   ] GC(671) Metaspace: 3160K(4864K)->3160K(4864K) NonClass: 2855K(4352K)->2855K(4352K) Class: 305K(512K)->305K(512K)
[2026-06-17T09:51:57.747+0800][16.493s][info][gc             ] GC(671) Pause Young (Allocation Failure) 41M->38M(57M) 2.531ms
[2026-06-17T09:51:57.747+0800][16.493s][info][gc,cpu         ] GC(671) User=0.00s Sys=0.00s Real=0.00s
[2026-06-17T09:51:57.768+0800][16.514s][info][gc,start       ] GC(672) Pause Young (Allocation Failure)
[2026-06-17T09:51:57.769+0800][16.515s][info][gc,heap        ] GC(672) PSYoungGen: 12993K->4113K(14336K)
[2026-06-17T09:51:57.769+0800][16.515s][info][gc,heap        ] GC(672) ParOldGen: 33233K->34895K(44032K)
[2026-06-17T09:51:57.770+0800][16.516s][info][gc,metaspace   ] GC(672) Metaspace: 3160K(4864K)->3160K(4864K) NonClass: 2855K(4352K)->2855K(4352K) Class: 305K(512K)->305K(512K)
[2026-06-17T09:51:57.770+0800][16.516s][info][gc             ] GC(672) Pause Young (Allocation Failure) 45M->38M(57M) 2.081ms
[2026-06-17T09:51:57.771+0800][16.516s][info][gc,cpu         ] GC(672) User=0.01s Sys=0.00s Real=0.01s
[2026-06-17T09:51:57.781+0800][16.527s][info][gc,start       ] GC(673) Pause Young (Allocation Failure)
[2026-06-17T09:51:57.782+0800][16.528s][info][gc,heap        ] GC(673) PSYoungGen: 11272K->4849K(14336K)
[2026-06-17T09:51:57.782+0800][16.528s][info][gc,heap        ] GC(673) ParOldGen: 34895K->37992K(44032K)
[2026-06-17T09:51:57.783+0800][16.528s][info][gc,metaspace   ] GC(673) Metaspace: 3160K(4864K)->3160K(4864K) NonClass: 2855K(4352K)->2855K(4352K) Class: 305K(512K)->305K(512K)
[2026-06-17T09:51:57.783+0800][16.529s][info][gc             ] GC(673) Pause Young (Allocation Failure) 45M->41M(57M) 1.494ms
[2026-06-17T09:51:57.783+0800][16.529s][info][gc,cpu         ] GC(673) User=0.00s Sys=0.00s Real=0.01s
[2026-06-17T09:51:57.804+0800][16.550s][info][gc,start       ] GC(674) Pause Young (Allocation Failure)
[2026-06-17T09:51:57.805+0800][16.551s][info][gc,heap        ] GC(674) PSYoungGen: 12000K->3034K(14336K)
[2026-06-17T09:51:57.805+0800][16.551s][info][gc,heap        ] GC(674) ParOldGen: 37992K->39752K(44032K)
[2026-06-17T09:51:57.806+0800][16.551s][info][gc,metaspace   ] GC(674) Metaspace: 3160K(4864K)->3160K(4864K) NonClass: 2855K(4352K)->2855K(4352K) Class: 305K(512K)->305K(512K)
[2026-06-17T09:51:57.808+0800][16.553s][info][gc             ] GC(674) Pause Young (Allocation Failure) 48M->41M(57M) 3.574ms
[2026-06-17T09:51:57.808+0800][16.554s][info][gc,cpu         ] GC(674) User=0.00s Sys=0.00s Real=0.00s
[2026-06-17T09:51:57.829+0800][16.575s][info][gc,start       ] GC(675) Pause Young (Allocation Failure)
[2026-06-17T09:51:57.830+0800][16.575s][info][gc,heap        ] GC(675) PSYoungGen: 10187K->3265K(14336K)
[2026-06-17T09:51:57.831+0800][16.577s][info][gc,heap        ] GC(675) ParOldGen: 39752K->39752K(44032K)
[2026-06-17T09:51:57.831+0800][16.577s][info][gc,metaspace   ] GC(675) Metaspace: 3160K(4864K)->3160K(4864K) NonClass: 2855K(4352K)->2855K(4352K) Class: 305K(512K)->305K(512K)
[2026-06-17T09:51:57.832+0800][16.577s][info][gc             ] GC(675) Pause Young (Allocation Failure) 48M->42M(57M) 2.710ms
[2026-06-17T09:51:57.832+0800][16.578s][info][gc,cpu         ] GC(675) User=0.00s Sys=0.00s Real=0.01s
[2026-06-17T09:51:57.843+0800][16.588s][info][gc,start       ] GC(676) Pause Young (Allocation Failure)
[2026-06-17T09:51:57.843+0800][16.589s][info][gc,heap        ] GC(676) PSYoungGen: 10309K->3471K(14336K)
[2026-06-17T09:51:57.844+0800][16.589s][info][gc,heap        ] GC(676) ParOldGen: 39752K->39752K(44032K)
[2026-06-17T09:51:57.844+0800][16.590s][info][gc,metaspace   ] GC(676) Metaspace: 3160K(4864K)->3160K(4864K) NonClass: 2855K(4352K)->2855K(4352K) Class: 305K(512K)->305K(512K)
[2026-06-17T09:51:57.844+0800][16.590s][info][gc             ] GC(676) Pause Young (Allocation Failure) 48M->42M(57M) 1.355ms
[2026-06-17T09:51:57.844+0800][16.590s][info][gc,cpu         ] GC(676) User=0.00s Sys=0.00s Real=0.00s
[2026-06-17T09:51:57.865+0800][16.611s][info][gc,start       ] GC(677) Pause Young (Allocation Failure)
[2026-06-17T09:51:57.866+0800][16.612s][info][gc,heap        ] GC(677) PSYoungGen: 10635K->6650K(13824K)
[2026-06-17T09:51:57.867+0800][16.613s][info][gc,heap        ] GC(677) ParOldGen: 39752K->40114K(44032K)
[2026-06-17T09:51:57.867+0800][16.613s][info][gc,metaspace   ] GC(677) Metaspace: 3160K(4864K)->3160K(4864K) NonClass: 2855K(4352K)->2855K(4352K) Class: 305K(512K)->305K(512K)
[2026-06-17T09:51:57.867+0800][16.613s][info][gc             ] GC(677) Pause Young (Allocation Failure) 49M->45M(56M) 2.262ms
[2026-06-17T09:51:57.868+0800][16.614s][info][gc,cpu         ] GC(677) User=0.00s Sys=0.00s Real=0.00s
[2026-06-17T09:51:57.889+0800][16.635s][info][gc,start       ] GC(678) Pause Young (Allocation Failure)
[2026-06-17T09:51:57.890+0800][16.636s][info][gc,heap        ] GC(678) PSYoungGen: 13803K->3419K(14336K)
[2026-06-17T09:51:57.890+0800][16.636s][info][gc,heap        ] GC(678) ParOldGen: 40114K->43175K(44032K)
[2026-06-17T09:51:57.890+0800][16.636s][info][gc,metaspace   ] GC(678) Metaspace: 3160K(4864K)->3160K(4864K) NonClass: 2855K(4352K)->2855K(4352K) Class: 305K(512K)->305K(512K)
[2026-06-17T09:51:57.890+0800][16.636s][info][gc             ] GC(678) Pause Young (Allocation Failure) 52M->45M(57M) 1.484ms
[2026-06-17T09:51:57.890+0800][16.636s][info][gc,cpu         ] GC(678) User=0.00s Sys=0.00s Real=0.00s
[2026-06-17T09:51:57.891+0800][16.637s][info][gc,start       ] GC(679) Pause Full (Ergonomics)
[2026-06-17T09:51:57.891+0800][16.637s][info][gc,phases,start] GC(679) Marking Phase
[2026-06-17T09:51:57.892+0800][16.637s][info][gc,phases      ] GC(679) Marking Phase 0.752ms
[2026-06-17T09:51:57.892+0800][16.638s][info][gc,phases,start] GC(679) Summary Phase
[2026-06-17T09:51:57.892+0800][16.638s][info][gc,phases      ] GC(679) Summary Phase 0.176ms
[2026-06-17T09:51:57.892+0800][16.638s][info][gc,phases,start] GC(679) Adjust Roots
[2026-06-17T09:51:57.893+0800][16.638s][info][gc,phases      ] GC(679) Adjust Roots 0.258ms
[2026-06-17T09:51:57.893+0800][16.639s][info][gc,phases,start] GC(679) Compaction Phase
[2026-06-17T09:51:57.894+0800][16.640s][info][gc,phases      ] GC(679) Compaction Phase 1.296ms
[2026-06-17T09:51:57.894+0800][16.640s][info][gc,phases,start] GC(679) Post Compact
[2026-06-17T09:51:57.895+0800][16.641s][info][gc,phases      ] GC(679) Post Compact 0.331ms
[2026-06-17T09:51:57.895+0800][16.641s][info][gc,heap        ] GC(679) PSYoungGen: 3419K->0K(14336K)
[2026-06-17T09:51:57.895+0800][16.641s][info][gc,heap        ] GC(679) ParOldGen: 43175K->24338K(44032K)
[2026-06-17T09:51:57.895+0800][16.641s][info][gc,metaspace   ] GC(679) Metaspace: 3160K(4864K)->3160K(4864K) NonClass: 2855K(4352K)->2855K(4352K) Class: 305K(512K)->305K(512K)
[2026-06-17T09:51:57.895+0800][16.641s][info][gc             ] GC(679) Pause Full (Ergonomics) 45M->23M(57M) 4.721ms
[2026-06-17T09:51:57.895+0800][16.641s][info][gc,cpu         ] GC(679) User=0.01s Sys=0.00s Real=0.00s
[2026-06-17T09:51:57.916+0800][16.662s][info][gc,start       ] GC(680) Pause Young (Allocation Failure)
[2026-06-17T09:51:57.917+0800][16.663s][info][gc,heap        ] GC(680) PSYoungGen: 7146K->3578K(14336K)
[2026-06-17T09:51:57.917+0800][16.663s][info][gc,heap        ] GC(680) ParOldGen: 24338K->24338K(44032K)
[2026-06-17T09:51:57.917+0800][16.663s][info][gc,metaspace   ] GC(680) Metaspace: 3160K(4864K)->3160K(4864K) NonClass: 2855K(4352K)->2855K(4352K) Class: 305K(512K)->305K(512K)
[2026-06-17T09:51:57.918+0800][16.663s][info][gc             ] GC(680) Pause Young (Allocation Failure) 30M->27M(57M) 1.248ms
[2026-06-17T09:51:57.918+0800][16.664s][info][gc,cpu         ] GC(680) User=0.00s Sys=0.00s Real=0.00s
[2026-06-17T09:51:57.929+0800][16.675s][info][gc,start       ] GC(681) Pause Young (Allocation Failure)
[2026-06-17T09:51:57.930+0800][16.676s][info][gc,heap        ] GC(681) PSYoungGen: 10739K->7014K(14336K)
[2026-06-17T09:51:57.930+0800][16.676s][info][gc,heap        ] GC(681) ParOldGen: 24338K->24605K(44032K)
[2026-06-17T09:51:57.930+0800][16.676s][info][gc,metaspace   ] GC(681) Metaspace: 3160K(4864K)->3160K(4864K) NonClass: 2855K(4352K)->2855K(4352K) Class: 305K(512K)->305K(512K)
[2026-06-17T09:51:57.930+0800][16.676s][info][gc             ] GC(681) Pause Young (Allocation Failure) 34M->30M(57M) 1.384ms
[2026-06-17T09:51:57.930+0800][16.676s][info][gc,cpu         ] GC(681) User=0.00s Sys=0.00s Real=0.00s
[2026-06-17T09:51:57.951+0800][16.697s][info][gc,start       ] GC(682) Pause Young (Allocation Failure)
[2026-06-17T09:51:57.952+0800][16.698s][info][gc,heap        ] GC(682) PSYoungGen: 14140K->4356K(14336K)
[2026-06-17T09:51:57.953+0800][16.699s][info][gc,heap        ] GC(682) ParOldGen: 24605K->27567K(44032K)
[2026-06-17T09:51:57.953+0800][16.699s][info][gc,metaspace   ] GC(682) Metaspace: 3160K(4864K)->3160K(4864K) NonClass: 2855K(4352K)->2855K(4352K) Class: 305K(512K)->305K(512K)
[2026-06-17T09:51:57.953+0800][16.699s][info][gc             ] GC(682) Pause Young (Allocation Failure) 37M->31M(57M) 2.139ms
[2026-06-17T09:51:57.954+0800][16.700s][info][gc,cpu         ] GC(682) User=0.00s Sys=0.00s Real=0.00s
[2026-06-17T09:51:57.975+0800][16.721s][info][gc,start       ] GC(683) Pause Young (Allocation Failure)
[2026-06-17T09:51:57.976+0800][16.722s][info][gc,heap        ] GC(683) PSYoungGen: 11496K->2417K(14336K)
[2026-06-17T09:51:57.976+0800][16.722s][info][gc,heap        ] GC(683) ParOldGen: 27567K->29950K(44032K)
[2026-06-17T09:51:57.976+0800][16.722s][info][gc,metaspace   ] GC(683) Metaspace: 3160K(4864K)->3160K(4864K) NonClass: 2855K(4352K)->2855K(4352K) Class: 305K(512K)->305K(512K)
[2026-06-17T09:51:57.976+0800][16.722s][info][gc             ] GC(683) Pause Young (Allocation Failure) 38M->31M(57M) 1.692ms
[2026-06-17T09:51:57.977+0800][16.722s][info][gc,cpu         ] GC(683) User=0.01s Sys=0.00s Real=0.00s
[2026-06-17T09:51:57.987+0800][16.733s][info][gc,start       ] GC(684) Pause Young (Allocation Failure)
[2026-06-17T09:51:57.988+0800][16.734s][info][gc,heap        ] GC(684) PSYoungGen: 9456K->587K(14336K)
[2026-06-17T09:51:57.988+0800][16.734s][info][gc,heap        ] GC(684) ParOldGen: 29950K->32230K(44032K)
[2026-06-17T09:51:57.989+0800][16.735s][info][gc,metaspace   ] GC(684) Metaspace: 3160K(4864K)->3160K(4864K) NonClass: 2855K(4352K)->2855K(4352K) Class: 305K(512K)->305K(512K)
[2026-06-17T09:51:57.989+0800][16.735s][info][gc             ] GC(684) Pause Young (Allocation Failure) 38M->32M(57M) 1.578ms
[2026-06-17T09:51:57.989+0800][16.735s][info][gc,cpu         ] GC(684) User=0.00s Sys=0.00s Real=0.00s
[2026-06-17T09:51:58.010+0800][16.756s][info][gc,start       ] GC(685) Pause Young (Allocation Failure)
[2026-06-17T09:51:58.011+0800][16.757s][info][gc,heap        ] GC(685) PSYoungGen: 7740K->3550K(14336K)
[2026-06-17T09:51:58.011+0800][16.757s][info][gc,heap        ] GC(685) ParOldGen: 32230K->32793K(44032K)
[2026-06-17T09:51:58.011+0800][16.757s][info][gc,metaspace   ] GC(685) Metaspace: 3160K(4864K)->3160K(4864K) NonClass: 2855K(4352K)->2855K(4352K) Class: 305K(512K)->305K(512K)
[2026-06-17T09:51:58.011+0800][16.757s][info][gc             ] GC(685) Pause Young (Allocation Failure) 39M->35M(57M) 1.322ms
[2026-06-17T09:51:58.011+0800][16.757s][info][gc,cpu         ] GC(685) User=0.00s Sys=0.00s Real=0.01s
[2026-06-17T09:51:58.032+0800][16.778s][info][gc,start       ] GC(686) Pause Young (Allocation Failure)
[2026-06-17T09:51:58.033+0800][16.779s][info][gc,heap        ] GC(686) PSYoungGen: 10689K->2911K(14336K)
[2026-06-17T09:51:58.033+0800][16.779s][info][gc,heap        ] GC(686) ParOldGen: 32793K->34049K(44032K)
[2026-06-17T09:51:58.033+0800][16.779s][info][gc,metaspace   ] GC(686) Metaspace: 3160K(4864K)->3160K(4864K) NonClass: 2855K(4352K)->2855K(4352K) Class: 305K(512K)->305K(512K)
[2026-06-17T09:51:58.033+0800][16.779s][info][gc             ] GC(686) Pause Young (Allocation Failure) 42M->36M(57M) 1.240ms
[2026-06-17T09:51:58.034+0800][16.780s][info][gc,cpu         ] GC(686) User=0.00s Sys=0.00s Real=0.00s
[2026-06-17T09:51:58.057+0800][16.803s][info][gc,start       ] GC(687) Pause Young (Allocation Failure)
[2026-06-17T09:51:58.058+0800][16.804s][info][gc,heap        ] GC(687) PSYoungGen: 10069K->1409K(14336K)
[2026-06-17T09:51:58.059+0800][16.804s][info][gc,heap        ] GC(687) ParOldGen: 34049K->35871K(44032K)
[2026-06-17T09:51:58.059+0800][16.805s][info][gc,metaspace   ] GC(687) Metaspace: 3160K(4864K)->3160K(4864K) NonClass: 2855K(4352K)->2855K(4352K) Class: 305K(512K)->305K(512K)
[2026-06-17T09:51:58.059+0800][16.805s][info][gc             ] GC(687) Pause Young (Allocation Failure) 43M->36M(57M) 1.631ms
[2026-06-17T09:51:58.059+0800][16.805s][info][gc,cpu         ] GC(687) User=0.00s Sys=0.00s Real=0.00s
[2026-06-17T09:51:58.080+0800][16.826s][info][gc,start       ] GC(688) Pause Young (Allocation Failure)
[2026-06-17T09:51:58.081+0800][16.826s][info][gc,heap        ] GC(688) PSYoungGen: 8559K->1885K(14336K)
[2026-06-17T09:51:58.081+0800][16.827s][info][gc,heap        ] GC(688) ParOldGen: 35871K->35871K(44032K)
[2026-06-17T09:51:58.081+0800][16.827s][info][gc,metaspace   ] GC(688) Metaspace: 3160K(4864K)->3160K(4864K) NonClass: 2855K(4352K)->2855K(4352K) Class: 305K(512K)->305K(512K)
[2026-06-17T09:51:58.082+0800][16.827s][info][gc             ] GC(688) Pause Young (Allocation Failure) 43M->36M(57M) 1.569ms
[2026-06-17T09:51:58.082+0800][16.828s][info][gc,cpu         ] GC(688) User=0.00s Sys=0.00s Real=0.00s
[2026-06-17T09:51:58.092+0800][16.838s][info][gc,start       ] GC(689) Pause Young (Allocation Failure)
[2026-06-17T09:51:58.093+0800][16.839s][info][gc,heap        ] GC(689) PSYoungGen: 8998K->2125K(14336K)
[2026-06-17T09:51:58.093+0800][16.839s][info][gc,heap        ] GC(689) ParOldGen: 35871K->35871K(44032K)
[2026-06-17T09:51:58.093+0800][16.839s][info][gc,metaspace   ] GC(689) Metaspace: 3160K(4864K)->3160K(4864K) NonClass: 2855K(4352K)->2855K(4352K) Class: 305K(512K)->305K(512K)
[2026-06-17T09:51:58.093+0800][16.839s][info][gc             ] GC(689) Pause Young (Allocation Failure) 43M->37M(57M) 1.033ms
[2026-06-17T09:51:58.094+0800][16.839s][info][gc,cpu         ] GC(689) User=0.00s Sys=0.00s Real=0.00s
[2026-06-17T09:51:58.114+0800][16.860s][info][gc,start       ] GC(690) Pause Young (Allocation Failure)
[2026-06-17T09:51:58.115+0800][16.861s][info][gc,heap        ] GC(690) PSYoungGen: 9259K->5943K(14336K)
[2026-06-17T09:51:58.116+0800][16.862s][info][gc,heap        ] GC(690) ParOldGen: 35871K->35871K(44032K)
[2026-06-17T09:51:58.116+0800][16.862s][info][gc,metaspace   ] GC(690) Metaspace: 3160K(4864K)->3160K(4864K) NonClass: 2855K(4352K)->2855K(4352K) Class: 305K(512K)->305K(512K)
[2026-06-17T09:51:58.116+0800][16.862s][info][gc             ] GC(690) Pause Young (Allocation Failure) 44M->40M(57M) 1.723ms
[2026-06-17T09:51:58.116+0800][16.862s][info][gc,cpu         ] GC(690) User=0.00s Sys=0.00s Real=0.00s
[2026-06-17T09:51:58.138+0800][16.883s][info][gc,start       ] GC(691) Pause Young (Allocation Failure)
[2026-06-17T09:51:58.138+0800][16.884s][info][gc,heap        ] GC(691) PSYoungGen: 13091K->4910K(14336K)
[2026-06-17T09:51:58.139+0800][16.884s][info][gc,heap        ] GC(691) ParOldGen: 35871K->37295K(44032K)
[2026-06-17T09:51:58.139+0800][16.885s][info][gc,metaspace   ] GC(691) Metaspace: 3160K(4864K)->3160K(4864K) NonClass: 2855K(4352K)->2855K(4352K) Class: 305K(512K)->305K(512K)
[2026-06-17T09:51:58.139+0800][16.885s][info][gc             ] GC(691) Pause Young (Allocation Failure) 47M->41M(57M) 1.335ms
[2026-06-17T09:51:58.139+0800][16.885s][info][gc,cpu         ] GC(691) User=0.01s Sys=0.00s Real=0.00s
[2026-06-17T09:51:58.160+0800][16.906s][info][gc,start       ] GC(692) Pause Young (Allocation Failure)
[2026-06-17T09:51:58.161+0800][16.907s][info][gc,heap        ] GC(692) PSYoungGen: 12074K->3132K(14336K)
[2026-06-17T09:51:58.161+0800][16.907s][info][gc,heap        ] GC(692) ParOldGen: 37295K->39254K(44032K)
[2026-06-17T09:51:58.161+0800][16.907s][info][gc,metaspace   ] GC(692) Metaspace: 3160K(4864K)->3160K(4864K) NonClass: 2855K(4352K)->2855K(4352K) Class: 305K(512K)->305K(512K)
[2026-06-17T09:51:58.162+0800][16.907s][info][gc             ] GC(692) Pause Young (Allocation Failure) 48M->41M(57M) 1.394ms
[2026-06-17T09:51:58.162+0800][16.908s][info][gc,cpu         ] GC(692) User=0.00s Sys=0.00s Real=0.00s
[2026-06-17T09:51:58.172+0800][16.918s][info][gc,start       ] GC(693) Pause Young (Allocation Failure)
[2026-06-17T09:51:58.173+0800][16.919s][info][gc,heap        ] GC(693) PSYoungGen: 10291K->4452K(14336K)
[2026-06-17T09:51:58.173+0800][16.919s][info][gc,heap        ] GC(693) ParOldGen: 39254K->41751K(44032K)
[2026-06-17T09:51:58.174+0800][16.919s][info][gc,metaspace   ] GC(693) Metaspace: 3160K(4864K)->3160K(4864K) NonClass: 2855K(4352K)->2855K(4352K) Class: 305K(512K)->305K(512K)
[2026-06-17T09:51:58.174+0800][16.920s][info][gc             ] GC(693) Pause Young (Allocation Failure) 48M->45M(57M) 1.271ms
[2026-06-17T09:51:58.174+0800][16.920s][info][gc,cpu         ] GC(693) User=0.00s Sys=0.00s Real=0.00s
[2026-06-17T09:51:58.174+0800][16.920s][info][gc,start       ] GC(694) Pause Full (Ergonomics)
[2026-06-17T09:51:58.174+0800][16.920s][info][gc,phases,start] GC(694) Marking Phase
[2026-06-17T09:51:58.176+0800][16.922s][info][gc,phases      ] GC(694) Marking Phase 1.656ms
[2026-06-17T09:51:58.176+0800][16.922s][info][gc,phases,start] GC(694) Summary Phase
[2026-06-17T09:51:58.176+0800][16.922s][info][gc,phases      ] GC(694) Summary Phase 0.257ms
[2026-06-17T09:51:58.177+0800][16.922s][info][gc,phases,start] GC(694) Adjust Roots
[2026-06-17T09:51:58.177+0800][16.923s][info][gc,phases      ] GC(694) Adjust Roots 0.405ms
[2026-06-17T09:51:58.177+0800][16.923s][info][gc,phases,start] GC(694) Compaction Phase
[2026-06-17T09:51:58.179+0800][16.925s][info][gc,phases      ] GC(694) Compaction Phase 2.203ms
[2026-06-17T09:51:58.180+0800][16.926s][info][gc,phases,start] GC(694) Post Compact
[2026-06-17T09:51:58.180+0800][16.926s][info][gc,phases      ] GC(694) Post Compact 0.244ms
[2026-06-17T09:51:58.180+0800][16.926s][info][gc,heap        ] GC(694) PSYoungGen: 4452K->0K(14336K)
[2026-06-17T09:51:58.180+0800][16.926s][info][gc,heap        ] GC(694) ParOldGen: 41751K->27102K(44032K)
[2026-06-17T09:51:58.180+0800][16.926s][info][gc,metaspace   ] GC(694) Metaspace: 3160K(4864K)->3160K(4864K) NonClass: 2855K(4352K)->2855K(4352K) Class: 305K(512K)->305K(512K)
[2026-06-17T09:51:58.180+0800][16.926s][info][gc             ] GC(694) Pause Full (Ergonomics) 45M->26M(57M) 6.449ms
[2026-06-17T09:51:58.181+0800][16.926s][info][gc,cpu         ] GC(694) User=0.00s Sys=0.00s Real=0.00s
[2026-06-17T09:51:58.202+0800][16.947s][info][gc,start       ] GC(695) Pause Young (Allocation Failure)
[2026-06-17T09:51:58.202+0800][16.948s][info][gc,heap        ] GC(695) PSYoungGen: 7121K->3487K(14336K)
[2026-06-17T09:51:58.202+0800][16.948s][info][gc,heap        ] GC(695) ParOldGen: 27102K->27102K(44032K)
[2026-06-17T09:51:58.203+0800][16.948s][info][gc,metaspace   ] GC(695) Metaspace: 3160K(4864K)->3160K(4864K) NonClass: 2855K(4352K)->2855K(4352K) Class: 305K(512K)->305K(512K)
[2026-06-17T09:51:58.203+0800][16.949s][info][gc             ] GC(695) Pause Young (Allocation Failure) 33M->29M(57M) 1.293ms
[2026-06-17T09:51:58.203+0800][16.949s][info][gc,cpu         ] GC(695) User=0.00s Sys=0.00s Real=0.01s
[2026-06-17T09:51:58.224+0800][16.970s][info][gc,start       ] GC(696) Pause Young (Allocation Failure)
[2026-06-17T09:51:58.226+0800][16.971s][info][gc,heap        ] GC(696) PSYoungGen: 10641K->3617K(14336K)
[2026-06-17T09:51:58.226+0800][16.972s][info][gc,heap        ] GC(696) ParOldGen: 27102K->27102K(44032K)
[2026-06-17T09:51:58.227+0800][16.972s][info][gc,metaspace   ] GC(696) Metaspace: 3160K(4864K)->3160K(4864K) NonClass: 2855K(4352K)->2855K(4352K) Class: 305K(512K)->305K(512K)
[2026-06-17T09:51:58.227+0800][16.973s][info][gc             ] GC(696) Pause Young (Allocation Failure) 36M->30M(57M) 2.570ms
[2026-06-17T09:51:58.227+0800][16.973s][info][gc,cpu         ] GC(696) User=0.00s Sys=0.00s Real=0.00s
[2026-06-17T09:51:58.239+0800][16.984s][info][gc,start       ] GC(697) Pause Young (Allocation Failure)
[2026-06-17T09:51:58.240+0800][16.986s][info][gc,heap        ] GC(697) PSYoungGen: 10483K->2780K(14848K)
[2026-06-17T09:51:58.240+0800][16.986s][info][gc,heap        ] GC(697) ParOldGen: 27102K->28010K(44032K)
[2026-06-17T09:51:58.240+0800][16.986s][info][gc,metaspace   ] GC(697) Metaspace: 3160K(4864K)->3160K(4864K) NonClass: 2855K(4352K)->2855K(4352K) Class: 305K(512K)->305K(512K)
[2026-06-17T09:51:58.241+0800][16.986s][info][gc             ] GC(697) Pause Young (Allocation Failure) 36M->30M(57M) 2.056ms
[2026-06-17T09:51:58.241+0800][16.987s][info][gc,cpu         ] GC(697) User=0.00s Sys=0.00s Real=0.00s
[2026-06-17T09:51:58.263+0800][17.009s][info][gc,start       ] GC(698) Pause Young (Allocation Failure)
[2026-06-17T09:51:58.265+0800][17.011s][info][gc,heap        ] GC(698) PSYoungGen: 10958K->4836K(14848K)
[2026-06-17T09:51:58.266+0800][17.011s][info][gc,heap        ] GC(698) ParOldGen: 28010K->30734K(44032K)
[2026-06-17T09:51:58.266+0800][17.012s][info][gc,metaspace   ] GC(698) Metaspace: 3160K(4864K)->3160K(4864K) NonClass: 2855K(4352K)->2855K(4352K) Class: 305K(512K)->305K(512K)
[2026-06-17T09:51:58.267+0800][17.013s][info][gc             ] GC(698) Pause Young (Allocation Failure) 38M->34M(57M) 4.107ms
[2026-06-17T09:51:58.268+0800][17.013s][info][gc,cpu         ] GC(698) User=0.01s Sys=0.00s Real=0.00s
[2026-06-17T09:51:58.290+0800][17.036s][info][gc,start       ] GC(699) Pause Young (Allocation Failure)
[2026-06-17T09:51:58.291+0800][17.037s][info][gc,heap        ] GC(699) PSYoungGen: 13011K->4378K(14848K)
[2026-06-17T09:51:58.292+0800][17.038s][info][gc,heap        ] GC(699) ParOldGen: 30734K->31982K(44032K)
[2026-06-17T09:51:58.292+0800][17.038s][info][gc,metaspace   ] GC(699) Metaspace: 3160K(4864K)->3160K(4864K) NonClass: 2855K(4352K)->2855K(4352K) Class: 305K(512K)->305K(512K)
[2026-06-17T09:51:58.293+0800][17.039s][info][gc             ] GC(699) Pause Young (Allocation Failure) 42M->35M(57M) 3.299ms
[2026-06-17T09:51:58.294+0800][17.039s][info][gc,cpu         ] GC(699) User=0.00s Sys=0.00s Real=0.01s
[2026-06-17T09:51:58.315+0800][17.061s][info][gc,start       ] GC(700) Pause Young (Allocation Failure)
[2026-06-17T09:51:58.317+0800][17.063s][info][gc,heap        ] GC(700) PSYoungGen: 12562K->3125K(14848K)
[2026-06-17T09:51:58.317+0800][17.063s][info][gc,heap        ] GC(700) ParOldGen: 31982K->34286K(44032K)
[2026-06-17T09:51:58.317+0800][17.063s][info][gc,metaspace   ] GC(700) Metaspace: 3160K(4864K)->3160K(4864K) NonClass: 2855K(4352K)->2855K(4352K) Class: 305K(512K)->305K(512K)
[2026-06-17T09:51:58.318+0800][17.064s][info][gc             ] GC(700) Pause Young (Allocation Failure) 43M->36M(57M) 2.701ms
[2026-06-17T09:51:58.318+0800][17.064s][info][gc,cpu         ] GC(700) User=0.00s Sys=0.00s Real=0.00s
[2026-06-17T09:51:58.340+0800][17.086s][info][gc,start       ] GC(701) Pause Young (Allocation Failure)
[2026-06-17T09:51:58.341+0800][17.087s][info][gc,heap        ] GC(701) PSYoungGen: 11272K->4000K(14848K)
[2026-06-17T09:51:58.341+0800][17.087s][info][gc,heap        ] GC(701) ParOldGen: 34286K->34286K(44032K)
[2026-06-17T09:51:58.342+0800][17.088s][info][gc,metaspace   ] GC(701) Metaspace: 3160K(4864K)->3160K(4864K) NonClass: 2855K(4352K)->2855K(4352K) Class: 305K(512K)->305K(512K)
[2026-06-17T09:51:58.342+0800][17.088s][info][gc             ] GC(701) Pause Young (Allocation Failure) 44M->37M(57M) 2.593ms
[2026-06-17T09:51:58.343+0800][17.089s][info][gc,cpu         ] GC(701) User=0.00s Sys=0.00s Real=0.01s
[2026-06-17T09:51:58.364+0800][17.110s][info][gc,start       ] GC(702) Pause Young (Allocation Failure)
[2026-06-17T09:51:58.366+0800][17.112s][info][gc,heap        ] GC(702) PSYoungGen: 12168K->3751K(14848K)
[2026-06-17T09:51:58.367+0800][17.112s][info][gc,heap        ] GC(702) ParOldGen: 34286K->35908K(44032K)
[2026-06-17T09:51:58.367+0800][17.113s][info][gc,metaspace   ] GC(702) Metaspace: 3160K(4864K)->3160K(4864K) NonClass: 2855K(4352K)->2855K(4352K) Class: 305K(512K)->305K(512K)
[2026-06-17T09:51:58.368+0800][17.114s][info][gc             ] GC(702) Pause Young (Allocation Failure) 45M->38M(57M) 3.424ms
[2026-06-17T09:51:58.368+0800][17.114s][info][gc,cpu         ] GC(702) User=0.01s Sys=0.00s Real=0.00s
[2026-06-17T09:51:58.390+0800][17.136s][info][gc,start       ] GC(703) Pause Young (Allocation Failure)
[2026-06-17T09:51:58.392+0800][17.138s][info][gc,heap        ] GC(703) PSYoungGen: 11915K->2525K(15360K)
[2026-06-17T09:51:58.393+0800][17.138s][info][gc,heap        ] GC(703) ParOldGen: 35908K->38944K(44032K)
[2026-06-17T09:51:58.393+0800][17.139s][info][gc,metaspace   ] GC(703) Metaspace: 3160K(4864K)->3160K(4864K) NonClass: 2855K(4352K)->2855K(4352K) Class: 305K(512K)->305K(512K)
[2026-06-17T09:51:58.393+0800][17.139s][info][gc             ] GC(703) Pause Young (Allocation Failure) 46M->40M(58M) 3.091ms
[2026-06-17T09:51:58.394+0800][17.139s][info][gc,cpu         ] GC(703) User=0.00s Sys=0.00s Real=0.01s
[2026-06-17T09:51:58.415+0800][17.161s][info][gc,start       ] GC(704) Pause Young (Allocation Failure)
[2026-06-17T09:51:58.417+0800][17.163s][info][gc,heap        ] GC(704) PSYoungGen: 11728K->4500K(15360K)
[2026-06-17T09:51:58.417+0800][17.163s][info][gc,heap        ] GC(704) ParOldGen: 38944K->38944K(44032K)
[2026-06-17T09:51:58.418+0800][17.164s][info][gc,metaspace   ] GC(704) Metaspace: 3160K(4864K)->3160K(4864K) NonClass: 2855K(4352K)->2855K(4352K) Class: 305K(512K)->305K(512K)
[2026-06-17T09:51:58.419+0800][17.165s][info][gc             ] GC(704) Pause Young (Allocation Failure) 49M->42M(58M) 3.616ms
[2026-06-17T09:51:58.419+0800][17.165s][info][gc,cpu         ] GC(704) User=0.00s Sys=0.01s Real=0.00s
[2026-06-17T09:51:58.442+0800][17.188s][info][gc,start       ] GC(705) Pause Young (Allocation Failure)
[2026-06-17T09:51:58.444+0800][17.190s][info][gc,heap        ] GC(705) PSYoungGen: 13668K->4837K(14336K)
[2026-06-17T09:51:58.445+0800][17.191s][info][gc,heap        ] GC(705) ParOldGen: 38944K->40965K(44032K)
[2026-06-17T09:51:58.445+0800][17.191s][info][gc,metaspace   ] GC(705) Metaspace: 3160K(4864K)->3160K(4864K) NonClass: 2855K(4352K)->2855K(4352K) Class: 305K(512K)->305K(512K)
[2026-06-17T09:51:58.446+0800][17.192s][info][gc             ] GC(705) Pause Young (Allocation Failure) 51M->44M(57M) 4.035ms
[2026-06-17T09:51:58.447+0800][17.193s][info][gc,cpu         ] GC(705) User=0.01s Sys=0.00s Real=0.01s
[2026-06-17T09:51:58.448+0800][17.193s][info][gc,start       ] GC(706) Pause Full (Ergonomics)
[2026-06-17T09:51:58.448+0800][17.194s][info][gc,phases,start] GC(706) Marking Phase
[2026-06-17T09:51:58.450+0800][17.196s][info][gc,phases      ] GC(706) Marking Phase 2.043ms
[2026-06-17T09:51:58.451+0800][17.196s][info][gc,phases,start] GC(706) Summary Phase
[2026-06-17T09:51:58.451+0800][17.197s][info][gc,phases      ] GC(706) Summary Phase 0.473ms
[2026-06-17T09:51:58.451+0800][17.197s][info][gc,phases,start] GC(706) Adjust Roots
[2026-06-17T09:51:58.452+0800][17.198s][info][gc,phases      ] GC(706) Adjust Roots 0.508ms
[2026-06-17T09:51:58.452+0800][17.198s][info][gc,phases,start] GC(706) Compaction Phase
[2026-06-17T09:51:58.454+0800][17.200s][info][gc,phases      ] GC(706) Compaction Phase 2.047ms
[2026-06-17T09:51:58.455+0800][17.201s][info][gc,phases,start] GC(706) Post Compact
[2026-06-17T09:51:58.455+0800][17.201s][info][gc,phases      ] GC(706) Post Compact 0.536ms
[2026-06-17T09:51:58.456+0800][17.201s][info][gc,heap        ] GC(706) PSYoungGen: 4837K->0K(14848K)
[2026-06-17T09:51:58.456+0800][17.202s][info][gc,heap        ] GC(706) ParOldGen: 40965K->24229K(44032K)
[2026-06-17T09:51:58.456+0800][17.202s][info][gc,metaspace   ] GC(706) Metaspace: 3160K(4864K)->3160K(4864K) NonClass: 2855K(4352K)->2855K(4352K) Class: 305K(512K)->305K(512K)
[2026-06-17T09:51:58.456+0800][17.202s][info][gc             ] GC(706) Pause Full (Ergonomics) 44M->23M(57M) 8.844ms
[2026-06-17T09:51:58.457+0800][17.203s][info][gc,cpu         ] GC(706) User=0.00s Sys=0.00s Real=0.01s
[2026-06-17T09:51:58.478+0800][17.224s][info][gc,start       ] GC(707) Pause Young (Allocation Failure)
[2026-06-17T09:51:58.480+0800][17.225s][info][gc,heap        ] GC(707) PSYoungGen: 8018K->1161K(14848K)
[2026-06-17T09:51:58.480+0800][17.226s][info][gc,heap        ] GC(707) ParOldGen: 24229K->24229K(44032K)
[2026-06-17T09:51:58.480+0800][17.226s][info][gc,metaspace   ] GC(707) Metaspace: 3160K(4864K)->3160K(4864K) NonClass: 2855K(4352K)->2855K(4352K) Class: 305K(512K)->305K(512K)
[2026-06-17T09:51:58.481+0800][17.227s][info][gc             ] GC(707) Pause Young (Allocation Failure) 31M->24M(57M) 2.658ms
[2026-06-17T09:51:58.481+0800][17.227s][info][gc,cpu         ] GC(707) User=0.00s Sys=0.00s Real=0.00s
[2026-06-17T09:51:58.503+0800][17.249s][info][gc,start       ] GC(708) Pause Young (Allocation Failure)
[2026-06-17T09:51:58.506+0800][17.251s][info][gc,heap        ] GC(708) PSYoungGen: 9327K->4555K(14848K)
[2026-06-17T09:51:58.507+0800][17.253s][info][gc,heap        ] GC(708) ParOldGen: 24229K->25385K(44032K)
[2026-06-17T09:51:58.507+0800][17.253s][info][gc,metaspace   ] GC(708) Metaspace: 3160K(4864K)->3160K(4864K) NonClass: 2855K(4352K)->2855K(4352K) Class: 305K(512K)->305K(512K)
[2026-06-17T09:51:58.508+0800][17.253s][info][gc             ] GC(708) Pause Young (Allocation Failure) 32M->29M(57M) 4.168ms
[2026-06-17T09:51:58.508+0800][17.254s][info][gc,cpu         ] GC(708) User=0.01s Sys=0.00s Real=0.00s
[2026-06-17T09:51:58.530+0800][17.276s][info][gc,start       ] GC(709) Pause Young (Allocation Failure)
[2026-06-17T09:51:58.531+0800][17.277s][info][gc,heap        ] GC(709) PSYoungGen: 12747K->3938K(14848K)
[2026-06-17T09:51:58.532+0800][17.278s][info][gc,heap        ] GC(709) ParOldGen: 25385K->27358K(44032K)
[2026-06-17T09:51:58.532+0800][17.278s][info][gc,metaspace   ] GC(709) Metaspace: 3160K(4864K)->3160K(4864K) NonClass: 2855K(4352K)->2855K(4352K) Class: 305K(512K)->305K(512K)
[2026-06-17T09:51:58.532+0800][17.278s][info][gc             ] GC(709) Pause Young (Allocation Failure) 37M->30M(57M) 2.384ms
[2026-06-17T09:51:58.533+0800][17.279s][info][gc,cpu         ] GC(709) User=0.00s Sys=0.00s Real=0.01s
[2026-06-17T09:51:58.554+0800][17.300s][info][gc,start       ] GC(710) Pause Young (Allocation Failure)
[2026-06-17T09:51:58.556+0800][17.301s][info][gc,heap        ] GC(710) PSYoungGen: 12122K->32K(8704K)
[2026-06-17T09:51:58.556+0800][17.302s][info][gc,heap        ] GC(710) ParOldGen: 27358K->29133K(44032K)
[2026-06-17T09:51:58.556+0800][17.302s][info][gc,metaspace   ] GC(710) Metaspace: 3160K(4864K)->3160K(4864K) NonClass: 2855K(4352K)->2855K(4352K) Class: 305K(512K)->305K(512K)
[2026-06-17T09:51:58.557+0800][17.303s][info][gc             ] GC(710) Pause Young (Allocation Failure) 38M->28M(51M) 2.439ms
[2026-06-17T09:51:58.557+0800][17.303s][info][gc,cpu         ] GC(710) User=0.00s Sys=0.00s Real=0.00s
[2026-06-17T09:51:58.579+0800][17.325s][info][gc,start       ] GC(711) Pause Young (Allocation Failure)
[2026-06-17T09:51:58.581+0800][17.326s][info][gc,heap        ] GC(711) PSYoungGen: 8224K->4885K(14336K)
[2026-06-17T09:51:58.581+0800][17.327s][info][gc,heap        ] GC(711) ParOldGen: 29133K->29141K(44032K)
[2026-06-17T09:51:58.581+0800][17.327s][info][gc,metaspace   ] GC(711) Metaspace: 3160K(4864K)->3160K(4864K) NonClass: 2855K(4352K)->2855K(4352K) Class: 305K(512K)->305K(512K)
[2026-06-17T09:51:58.582+0800][17.328s][info][gc             ] GC(711) Pause Young (Allocation Failure) 36M->33M(57M) 2.856ms
[2026-06-17T09:51:58.582+0800][17.328s][info][gc,cpu         ] GC(711) User=0.00s Sys=0.00s Real=0.00s
[2026-06-17T09:51:58.604+0800][17.349s][info][gc,start       ] GC(712) Pause Young (Allocation Failure)
[2026-06-17T09:51:58.605+0800][17.351s][info][gc,heap        ] GC(712) PSYoungGen: 12019K->3093K(14336K)
[2026-06-17T09:51:58.605+0800][17.351s][info][gc,heap        ] GC(712) ParOldGen: 29141K->31024K(44032K)
[2026-06-17T09:51:58.605+0800][17.351s][info][gc,metaspace   ] GC(712) Metaspace: 3160K(4864K)->3160K(4864K) NonClass: 2855K(4352K)->2855K(4352K) Class: 305K(512K)->305K(512K)
[2026-06-17T09:51:58.606+0800][17.351s][info][gc             ] GC(712) Pause Young (Allocation Failure) 40M->33M(57M) 2.028ms
[2026-06-17T09:51:58.606+0800][17.352s][info][gc,cpu         ] GC(712) User=0.00s Sys=0.00s Real=0.00s
[2026-06-17T09:51:58.628+0800][17.374s][info][gc,start       ] GC(713) Pause Young (Allocation Failure)
[2026-06-17T09:51:58.629+0800][17.374s][info][gc,heap        ] GC(713) PSYoungGen: 10254K->381K(14336K)
[2026-06-17T09:51:58.630+0800][17.376s][info][gc,heap        ] GC(713) ParOldGen: 31024K->34011K(44032K)
[2026-06-17T09:51:58.631+0800][17.377s][info][gc,metaspace   ] GC(713) Metaspace: 3160K(4864K)->3160K(4864K) NonClass: 2855K(4352K)->2855K(4352K) Class: 305K(512K)->305K(512K)
[2026-06-17T09:51:58.631+0800][17.377s][info][gc             ] GC(713) Pause Young (Allocation Failure) 40M->33M(57M) 3.521ms
[2026-06-17T09:51:58.632+0800][17.378s][info][gc,cpu         ] GC(713) User=0.00s Sys=0.00s Real=0.01s
[2026-06-17T09:51:58.643+0800][17.389s][info][gc,start       ] GC(714) Pause Young (Allocation Failure)
[2026-06-17T09:51:58.644+0800][17.390s][info][gc,heap        ] GC(714) PSYoungGen: 7505K->4170K(14336K)
[2026-06-17T09:51:58.645+0800][17.391s][info][gc,heap        ] GC(714) ParOldGen: 34011K->34011K(44032K)
[2026-06-17T09:51:58.645+0800][17.391s][info][gc,metaspace   ] GC(714) Metaspace: 3160K(4864K)->3160K(4864K) NonClass: 2855K(4352K)->2855K(4352K) Class: 305K(512K)->305K(512K)
[2026-06-17T09:51:58.645+0800][17.391s][info][gc             ] GC(714) Pause Young (Allocation Failure) 40M->37M(57M) 2.172ms
[2026-06-17T09:51:58.646+0800][17.392s][info][gc,cpu         ] GC(714) User=0.00s Sys=0.00s Real=0.00s
[2026-06-17T09:51:58.667+0800][17.413s][info][gc,start       ] GC(715) Pause Young (Allocation Failure)
[2026-06-17T09:51:58.669+0800][17.414s][info][gc,heap        ] GC(715) PSYoungGen: 11299K->2154K(14336K)
[2026-06-17T09:51:58.669+0800][17.415s][info][gc,heap        ] GC(715) ParOldGen: 34011K->36289K(44032K)
[2026-06-17T09:51:58.669+0800][17.415s][info][gc,metaspace   ] GC(715) Metaspace: 3160K(4864K)->3160K(4864K) NonClass: 2855K(4352K)->2855K(4352K) Class: 305K(512K)->305K(512K)
[2026-06-17T09:51:58.669+0800][17.415s][info][gc             ] GC(715) Pause Young (Allocation Failure) 44M->37M(57M) 2.500ms
[2026-06-17T09:51:58.670+0800][17.415s][info][gc,cpu         ] GC(715) User=0.00s Sys=0.00s Real=0.00s
[2026-06-17T09:51:58.691+0800][17.437s][info][gc,start       ] GC(716) Pause Young (Allocation Failure)
[2026-06-17T09:51:58.691+0800][17.437s][info][gc,heap        ] GC(716) PSYoungGen: 9298K->2190K(14336K)
[2026-06-17T09:51:58.692+0800][17.438s][info][gc,heap        ] GC(716) ParOldGen: 36289K->36289K(44032K)
[2026-06-17T09:51:58.692+0800][17.438s][info][gc,metaspace   ] GC(716) Metaspace: 3160K(4864K)->3160K(4864K) NonClass: 2855K(4352K)->2855K(4352K) Class: 305K(512K)->305K(512K)
[2026-06-17T09:51:58.692+0800][17.438s][info][gc             ] GC(716) Pause Young (Allocation Failure) 44M->37M(57M) 1.388ms
[2026-06-17T09:51:58.692+0800][17.438s][info][gc,cpu         ] GC(716) User=0.00s Sys=0.00s Real=0.00s
[2026-06-17T09:51:58.703+0800][17.449s][info][gc,start       ] GC(717) Pause Young (Allocation Failure)
[2026-06-17T09:51:58.704+0800][17.450s][info][gc,heap        ] GC(717) PSYoungGen: 9239K->638K(14848K)
[2026-06-17T09:51:58.704+0800][17.450s][info][gc,heap        ] GC(717) ParOldGen: 36289K->38112K(44032K)
[2026-06-17T09:51:58.705+0800][17.450s][info][gc,metaspace   ] GC(717) Metaspace: 3160K(4864K)->3160K(4864K) NonClass: 2855K(4352K)->2855K(4352K) Class: 305K(512K)->305K(512K)
[2026-06-17T09:51:58.705+0800][17.451s][info][gc             ] GC(717) Pause Young (Allocation Failure) 44M->37M(57M) 1.483ms
[2026-06-17T09:51:58.705+0800][17.451s][info][gc,cpu         ] GC(717) User=0.00s Sys=0.00s Real=0.00s
[2026-06-17T09:51:58.737+0800][17.482s][info][gc,start       ] GC(718) Pause Young (Allocation Failure)
[2026-06-17T09:51:58.738+0800][17.484s][info][gc,heap        ] GC(718) PSYoungGen: 8809K->1562K(14848K)
[2026-06-17T09:51:58.738+0800][17.484s][info][gc,heap        ] GC(718) ParOldGen: 38112K->38726K(44032K)
[2026-06-17T09:51:58.739+0800][17.485s][info][gc,metaspace   ] GC(718) Metaspace: 3160K(4864K)->3160K(4864K) NonClass: 2855K(4352K)->2855K(4352K) Class: 305K(512K)->305K(512K)
[2026-06-17T09:51:58.740+0800][17.485s][info][gc             ] GC(718) Pause Young (Allocation Failure) 45M->39M(57M) 2.879ms
[2026-06-17T09:51:58.740+0800][17.486s][info][gc,cpu         ] GC(718) User=0.00s Sys=0.00s Real=0.00s
[2026-06-17T09:51:58.752+0800][17.498s][info][gc,start       ] GC(719) Pause Young (Allocation Failure)
[2026-06-17T09:51:58.754+0800][17.499s][info][gc,heap        ] GC(719) PSYoungGen: 9721K->4628K(13824K)
[2026-06-17T09:51:58.754+0800][17.500s][info][gc,heap        ] GC(719) ParOldGen: 38726K->40212K(44032K)
[2026-06-17T09:51:58.754+0800][17.500s][info][gc,metaspace   ] GC(719) Metaspace: 3160K(4864K)->3160K(4864K) NonClass: 2855K(4352K)->2855K(4352K) Class: 305K(512K)->305K(512K)
[2026-06-17T09:51:58.755+0800][17.500s][info][gc             ] GC(719) Pause Young (Allocation Failure) 47M->43M(56M) 2.689ms
[2026-06-17T09:51:58.755+0800][17.501s][info][gc,cpu         ] GC(719) User=0.01s Sys=0.00s Real=0.00s
[2026-06-17T09:51:58.776+0800][17.522s][info][gc,start       ] GC(720) Pause Young (Allocation Failure)
[2026-06-17T09:51:58.780+0800][17.526s][info][gc,heap        ] GC(720) PSYoungGen: 11784K->2923K(14336K)
[2026-06-17T09:51:58.782+0800][17.528s][info][gc,heap        ] GC(720) ParOldGen: 40212K->42036K(44032K)
[2026-06-17T09:51:58.786+0800][17.531s][info][gc,metaspace   ] GC(720) Metaspace: 3160K(4864K)->3160K(4864K) NonClass: 2855K(4352K)->2855K(4352K) Class: 305K(512K)->305K(512K)
[2026-06-17T09:51:58.786+0800][17.532s][info][gc             ] GC(720) Pause Young (Allocation Failure) 50M->43M(57M) 10.043ms
[2026-06-17T09:51:58.786+0800][17.532s][info][gc,cpu         ] GC(720) User=0.00s Sys=0.00s Real=0.01s
[2026-06-17T09:51:58.787+0800][17.533s][info][gc,start       ] GC(721) Pause Full (Ergonomics)
[2026-06-17T09:51:58.787+0800][17.533s][info][gc,phases,start] GC(721) Marking Phase
[2026-06-17T09:51:58.788+0800][17.534s][info][gc,phases      ] GC(721) Marking Phase 1.345ms
[2026-06-17T09:51:58.789+0800][17.535s][info][gc,phases,start] GC(721) Summary Phase
[2026-06-17T09:51:58.789+0800][17.535s][info][gc,phases      ] GC(721) Summary Phase 0.316ms
[2026-06-17T09:51:58.789+0800][17.535s][info][gc,phases,start] GC(721) Adjust Roots
[2026-06-17T09:51:58.790+0800][17.536s][info][gc,phases      ] GC(721) Adjust Roots 0.328ms
[2026-06-17T09:51:58.790+0800][17.536s][info][gc,phases,start] GC(721) Compaction Phase
[2026-06-17T09:51:58.792+0800][17.538s][info][gc,phases      ] GC(721) Compaction Phase 1.720ms
[2026-06-17T09:51:58.792+0800][17.538s][info][gc,phases,start] GC(721) Post Compact
[2026-06-17T09:51:58.792+0800][17.538s][info][gc,phases      ] GC(721) Post Compact 0.240ms
[2026-06-17T09:51:58.792+0800][17.538s][info][gc,heap        ] GC(721) PSYoungGen: 2923K->0K(14848K)
[2026-06-17T09:51:58.793+0800][17.538s][info][gc,heap        ] GC(721) ParOldGen: 42036K->31348K(44032K)
[2026-06-17T09:51:58.793+0800][17.539s][info][gc,metaspace   ] GC(721) Metaspace: 3160K(4864K)->3160K(4864K) NonClass: 2855K(4352K)->2855K(4352K) Class: 305K(512K)->305K(512K)
[2026-06-17T09:51:58.793+0800][17.539s][info][gc             ] GC(721) Pause Full (Ergonomics) 43M->30M(57M) 6.221ms
[2026-06-17T09:51:58.793+0800][17.539s][info][gc,cpu         ] GC(721) User=0.00s Sys=0.00s Real=0.01s
[2026-06-17T09:51:58.814+0800][17.560s][info][gc,start       ] GC(722) Pause Young (Allocation Failure)
[2026-06-17T09:51:58.836+0800][17.582s][info][gc,heap        ] GC(722) PSYoungGen: 8192K->4817K(13312K)
[2026-06-17T09:51:58.887+0800][17.633s][info][gc,heap        ] GC(722) ParOldGen: 31348K->31348K(44032K)
[2026-06-17T09:51:58.888+0800][17.634s][info][gc,metaspace   ] GC(722) Metaspace: 3160K(4864K)->3160K(4864K) NonClass: 2855K(4352K)->2855K(4352K) Class: 305K(512K)->305K(512K)
[2026-06-17T09:51:58.902+0800][17.648s][info][gc             ] GC(722) Pause Young (Allocation Failure) 38M->35M(56M) 88.127ms
[2026-06-17T09:51:58.903+0800][17.649s][info][gc,cpu         ] GC(722) User=0.00s Sys=0.00s Real=0.09s
[2026-06-17T09:51:58.927+0800][17.672s][info][gc,start       ] GC(723) Pause Young (Allocation Failure)
[2026-06-17T09:51:58.929+0800][17.675s][info][gc,heap        ] GC(723) PSYoungGen: 13004K->2202K(14848K)
[2026-06-17T09:51:58.929+0800][17.675s][info][gc,heap        ] GC(723) ParOldGen: 31348K->35414K(44032K)
[2026-06-17T09:51:58.929+0800][17.675s][info][gc,metaspace   ] GC(723) Metaspace: 3160K(4864K)->3160K(4864K) NonClass: 2855K(4352K)->2855K(4352K) Class: 305K(512K)->305K(512K)
[2026-06-17T09:51:58.929+0800][17.675s][info][gc             ] GC(723) Pause Young (Allocation Failure) 43M->36M(57M) 2.821ms
[2026-06-17T09:51:58.930+0800][17.675s][info][gc,cpu         ] GC(723) User=0.00s Sys=0.00s Real=0.00s
[2026-06-17T09:51:58.951+0800][17.697s][info][gc,start       ] GC(724) Pause Young (Allocation Failure)
[2026-06-17T09:51:58.952+0800][17.698s][info][gc,heap        ] GC(724) PSYoungGen: 9841K->3211K(14336K)
[2026-06-17T09:51:58.955+0800][17.701s][info][gc,heap        ] GC(724) ParOldGen: 35414K->35414K(44032K)
[2026-06-17T09:51:58.957+0800][17.703s][info][gc,metaspace   ] GC(724) Metaspace: 3160K(4864K)->3160K(4864K) NonClass: 2855K(4352K)->2855K(4352K) Class: 305K(512K)->305K(512K)
[2026-06-17T09:51:58.959+0800][17.704s][info][gc             ] GC(724) Pause Young (Allocation Failure) 44M->37M(57M) 7.910ms
[2026-06-17T09:51:58.960+0800][17.706s][info][gc,cpu         ] GC(724) User=0.00s Sys=0.00s Real=0.00s
[2026-06-17T09:51:58.975+0800][17.721s][info][gc,start       ] GC(725) Pause Young (Allocation Failure)
[2026-06-17T09:51:58.976+0800][17.722s][info][gc,heap        ] GC(725) PSYoungGen: 10883K->5601K(13824K)
[2026-06-17T09:51:58.977+0800][17.723s][info][gc,heap        ] GC(725) ParOldGen: 35414K->37351K(44032K)
[2026-06-17T09:51:58.977+0800][17.723s][info][gc,metaspace   ] GC(725) Metaspace: 3160K(4864K)->3160K(4864K) NonClass: 2855K(4352K)->2855K(4352K) Class: 305K(512K)->305K(512K)
[2026-06-17T09:51:58.978+0800][17.724s][info][gc             ] GC(725) Pause Young (Allocation Failure) 45M->41M(56M) 3.632ms
[2026-06-17T09:51:58.979+0800][17.725s][info][gc,cpu         ] GC(725) User=0.00s Sys=0.00s Real=0.00s
[2026-06-17T09:51:59.001+0800][17.746s][info][gc,start       ] GC(726) Pause Young (Allocation Failure)
[2026-06-17T09:51:59.002+0800][17.748s][info][gc,heap        ] GC(726) PSYoungGen: 12721K->3437K(14336K)
[2026-06-17T09:51:59.003+0800][17.749s][info][gc,heap        ] GC(726) ParOldGen: 37351K->39762K(44032K)
[2026-06-17T09:51:59.005+0800][17.751s][info][gc,metaspace   ] GC(726) Metaspace: 3160K(4864K)->3160K(4864K) NonClass: 2855K(4352K)->2855K(4352K) Class: 305K(512K)->305K(512K)
[2026-06-17T09:51:59.006+0800][17.752s][info][gc             ] GC(726) Pause Young (Allocation Failure) 48M->42M(57M) 5.464ms
[2026-06-17T09:51:59.007+0800][17.752s][info][gc,cpu         ] GC(726) User=0.00s Sys=0.00s Real=0.01s
[2026-06-17T09:51:59.030+0800][17.776s][info][gc,start       ] GC(727) Pause Young (Allocation Failure)
[2026-06-17T09:51:59.032+0800][17.778s][info][gc,heap        ] GC(727) PSYoungGen: 10581K->3891K(14848K)
[2026-06-17T09:51:59.033+0800][17.779s][info][gc,heap        ] GC(727) ParOldGen: 39762K->39762K(44032K)
[2026-06-17T09:51:59.035+0800][17.781s][info][gc,metaspace   ] GC(727) Metaspace: 3160K(4864K)->3160K(4864K) NonClass: 2855K(4352K)->2855K(4352K) Class: 305K(512K)->305K(512K)
[2026-06-17T09:51:59.040+0800][17.785s][info][gc             ] GC(727) Pause Young (Allocation Failure) 49M->42M(57M) 9.788ms
[2026-06-17T09:51:59.040+0800][17.786s][info][gc,cpu         ] GC(727) User=0.00s Sys=0.00s Real=0.01s
[2026-06-17T09:51:59.064+0800][17.810s][info][gc,start       ] GC(728) Pause Young (Allocation Failure)
[2026-06-17T09:51:59.066+0800][17.812s][info][gc,heap        ] GC(728) PSYoungGen: 12059K->3626K(14848K)
[2026-06-17T09:51:59.068+0800][17.813s][info][gc,heap        ] GC(728) ParOldGen: 39762K->41477K(44032K)
[2026-06-17T09:51:59.070+0800][17.815s][info][gc,metaspace   ] GC(728) Metaspace: 3160K(4864K)->3160K(4864K) NonClass: 2855K(4352K)->2855K(4352K) Class: 305K(512K)->305K(512K)
[2026-06-17T09:51:59.071+0800][17.817s][info][gc             ] GC(728) Pause Young (Allocation Failure) 50M->44M(57M) 6.875ms
[2026-06-17T09:51:59.072+0800][17.817s][info][gc,cpu         ] GC(728) User=0.00s Sys=0.00s Real=0.01s
[2026-06-17T09:51:59.072+0800][17.818s][info][gc,start       ] GC(729) Pause Full (Ergonomics)
[2026-06-17T09:51:59.073+0800][17.818s][info][gc,phases,start] GC(729) Marking Phase
[2026-06-17T09:51:59.075+0800][17.821s][info][gc,phases      ] GC(729) Marking Phase 2.384ms
[2026-06-17T09:51:59.075+0800][17.821s][info][gc,phases,start] GC(729) Summary Phase
[2026-06-17T09:51:59.076+0800][17.822s][info][gc,phases      ] GC(729) Summary Phase 0.388ms
[2026-06-17T09:51:59.076+0800][17.822s][info][gc,phases,start] GC(729) Adjust Roots
[2026-06-17T09:51:59.077+0800][17.822s][info][gc,phases      ] GC(729) Adjust Roots 0.446ms
[2026-06-17T09:51:59.077+0800][17.823s][info][gc,phases,start] GC(729) Compaction Phase
[2026-06-17T09:51:59.079+0800][17.825s][info][gc,phases      ] GC(729) Compaction Phase 2.227ms
[2026-06-17T09:51:59.080+0800][17.825s][info][gc,phases,start] GC(729) Post Compact
[2026-06-17T09:51:59.080+0800][17.826s][info][gc,phases      ] GC(729) Post Compact 0.345ms
[2026-06-17T09:51:59.080+0800][17.826s][info][gc,heap        ] GC(729) PSYoungGen: 3626K->0K(14848K)
[2026-06-17T09:51:59.080+0800][17.826s][info][gc,heap        ] GC(729) ParOldGen: 41477K->32005K(44032K)
[2026-06-17T09:51:59.081+0800][17.826s][info][gc,metaspace   ] GC(729) Metaspace: 3160K(4864K)->3160K(4864K) NonClass: 2855K(4352K)->2855K(4352K) Class: 305K(512K)->305K(512K)
[2026-06-17T09:51:59.081+0800][17.827s][info][gc             ] GC(729) Pause Full (Ergonomics) 44M->31M(57M) 8.511ms
[2026-06-17T09:51:59.081+0800][17.827s][info][gc,cpu         ] GC(729) User=0.01s Sys=0.00s Real=0.00s
[2026-06-17T09:51:59.102+0800][17.848s][info][gc,start       ] GC(730) Pause Young (Allocation Failure)
[2026-06-17T09:51:59.104+0800][17.850s][info][gc,heap        ] GC(730) PSYoungGen: 8192K->4628K(14848K)
[2026-06-17T09:51:59.104+0800][17.850s][info][gc,heap        ] GC(730) ParOldGen: 32005K->32005K(44032K)
[2026-06-17T09:51:59.105+0800][17.850s][info][gc,metaspace   ] GC(730) Metaspace: 3160K(4864K)->3160K(4864K) NonClass: 2855K(4352K)->2855K(4352K) Class: 305K(512K)->305K(512K)
[2026-06-17T09:51:59.105+0800][17.851s][info][gc             ] GC(730) Pause Young (Allocation Failure) 39M->35M(57M) 2.606ms
[2026-06-17T09:51:59.105+0800][17.851s][info][gc,cpu         ] GC(730) User=0.00s Sys=0.00s Real=0.01s
[2026-06-17T09:51:59.127+0800][17.873s][info][gc,start       ] GC(731) Pause Young (Allocation Failure)
[2026-06-17T09:51:59.129+0800][17.875s][info][gc,heap        ] GC(731) PSYoungGen: 12792K->3656K(14848K)
[2026-06-17T09:51:59.129+0800][17.875s][info][gc,heap        ] GC(731) ParOldGen: 32005K->34208K(44032K)
[2026-06-17T09:51:59.130+0800][17.876s][info][gc,metaspace   ] GC(731) Metaspace: 3160K(4864K)->3160K(4864K) NonClass: 2855K(4352K)->2855K(4352K) Class: 305K(512K)->305K(512K)
[2026-06-17T09:51:59.130+0800][17.876s][info][gc             ] GC(731) Pause Young (Allocation Failure) 43M->36M(57M) 3.131ms
[2026-06-17T09:51:59.131+0800][17.877s][info][gc,cpu         ] GC(731) User=0.00s Sys=0.00s Real=0.01s
[2026-06-17T09:51:59.153+0800][17.899s][info][gc,start       ] GC(732) Pause Young (Allocation Failure)
[2026-06-17T09:51:59.154+0800][17.900s][info][gc,heap        ] GC(732) PSYoungGen: 11838K->3155K(14848K)
[2026-06-17T09:51:59.155+0800][17.901s][info][gc,heap        ] GC(732) ParOldGen: 34208K->36234K(44032K)
[2026-06-17T09:51:59.156+0800][17.902s][info][gc,metaspace   ] GC(732) Metaspace: 3160K(4864K)->3160K(4864K) NonClass: 2855K(4352K)->2855K(4352K) Class: 305K(512K)->305K(512K)
[2026-06-17T09:51:59.156+0800][17.902s][info][gc             ] GC(732) Pause Young (Allocation Failure) 44M->38M(57M) 3.387ms
[2026-06-17T09:51:59.157+0800][17.902s][info][gc,cpu         ] GC(732) User=0.00s Sys=0.00s Real=0.00s
[2026-06-17T09:51:59.179+0800][17.924s][info][gc,start       ] GC(733) Pause Young (Allocation Failure)
[2026-06-17T09:51:59.181+0800][17.926s][info][gc,heap        ] GC(733) PSYoungGen: 11341K->1387K(15360K)
[2026-06-17T09:51:59.181+0800][17.927s][info][gc,heap        ] GC(733) ParOldGen: 36234K->39199K(44032K)
[2026-06-17T09:51:59.182+0800][17.928s][info][gc,metaspace   ] GC(733) Metaspace: 3160K(4864K)->3160K(4864K) NonClass: 2855K(4352K)->2855K(4352K) Class: 305K(512K)->305K(512K)
[2026-06-17T09:51:59.183+0800][17.928s][info][gc             ] GC(733) Pause Young (Allocation Failure) 46M->39M(58M) 3.982ms
[2026-06-17T09:51:59.183+0800][17.929s][info][gc,cpu         ] GC(733) User=0.00s Sys=0.00s Real=0.01s
[2026-06-17T09:51:59.205+0800][17.951s][info][gc,start       ] GC(734) Pause Young (Allocation Failure)
[2026-06-17T09:51:59.208+0800][17.954s][info][gc,heap        ] GC(734) PSYoungGen: 10583K->3838K(15360K)
[2026-06-17T09:51:59.208+0800][17.954s][info][gc,heap        ] GC(734) ParOldGen: 39199K->39199K(44032K)
[2026-06-17T09:51:59.209+0800][17.955s][info][gc,metaspace   ] GC(734) Metaspace: 3160K(4864K)->3160K(4864K) NonClass: 2855K(4352K)->2855K(4352K) Class: 305K(512K)->305K(512K)
[2026-06-17T09:51:59.210+0800][17.955s][info][gc             ] GC(734) Pause Young (Allocation Failure) 48M->42M(58M) 4.207ms
[2026-06-17T09:51:59.210+0800][17.956s][info][gc,cpu         ] GC(734) User=0.01s Sys=0.00s Real=0.00s
[2026-06-17T09:51:59.232+0800][17.978s][info][gc,start       ] GC(735) Pause Young (Allocation Failure)
[2026-06-17T09:51:59.234+0800][17.980s][info][gc,heap        ] GC(735) PSYoungGen: 13043K->3910K(15360K)
[2026-06-17T09:51:59.235+0800][17.980s][info][gc,heap        ] GC(735) ParOldGen: 39199K->41212K(44032K)
[2026-06-17T09:51:59.235+0800][17.981s][info][gc,metaspace   ] GC(735) Metaspace: 3160K(4864K)->3160K(4864K) NonClass: 2855K(4352K)->2855K(4352K) Class: 305K(512K)->305K(512K)
[2026-06-17T09:51:59.235+0800][17.981s][info][gc             ] GC(735) Pause Young (Allocation Failure) 51M->44M(58M) 2.810ms
[2026-06-17T09:51:59.236+0800][17.981s][info][gc,cpu         ] GC(735) User=0.00s Sys=0.00s Real=0.00s
[2026-06-17T09:51:59.237+0800][17.982s][info][gc,start       ] GC(736) Pause Full (Ergonomics)
[2026-06-17T09:51:59.237+0800][17.983s][info][gc,phases,start] GC(736) Marking Phase
[2026-06-17T09:51:59.239+0800][17.985s][info][gc,phases      ] GC(736) Marking Phase 1.808ms
[2026-06-17T09:51:59.239+0800][17.985s][info][gc,phases,start] GC(736) Summary Phase
[2026-06-17T09:51:59.239+0800][17.985s][info][gc,phases      ] GC(736) Summary Phase 0.294ms
[2026-06-17T09:51:59.240+0800][17.986s][info][gc,phases,start] GC(736) Adjust Roots
[2026-06-17T09:51:59.241+0800][17.987s][info][gc,phases      ] GC(736) Adjust Roots 1.114ms
[2026-06-17T09:51:59.241+0800][17.987s][info][gc,phases,start] GC(736) Compaction Phase
[2026-06-17T09:51:59.243+0800][17.989s][info][gc,phases      ] GC(736) Compaction Phase 2.189ms
[2026-06-17T09:51:59.244+0800][17.989s][info][gc,phases,start] GC(736) Post Compact
[2026-06-17T09:51:59.244+0800][17.990s][info][gc,phases      ] GC(736) Post Compact 0.243ms
[2026-06-17T09:51:59.244+0800][17.990s][info][gc,heap        ] GC(736) PSYoungGen: 3910K->0K(15360K)
[2026-06-17T09:51:59.244+0800][17.990s][info][gc,heap        ] GC(736) ParOldGen: 41212K->25940K(44032K)
[2026-06-17T09:51:59.244+0800][17.990s][info][gc,metaspace   ] GC(736) Metaspace: 3160K(4864K)->3160K(4864K) NonClass: 2855K(4352K)->2855K(4352K) Class: 305K(512K)->305K(512K)
[2026-06-17T09:51:59.244+0800][17.990s][info][gc             ] GC(736) Pause Full (Ergonomics) 44M->25M(58M) 7.852ms
[2026-06-17T09:51:59.245+0800][17.991s][info][gc,cpu         ] GC(736) User=0.01s Sys=0.00s Real=0.01s
[2026-06-17T09:51:59.266+0800][18.012s][info][gc,start       ] GC(737) Pause Young (Allocation Failure)
[2026-06-17T09:51:59.268+0800][18.014s][info][gc,heap        ] GC(737) PSYoungGen: 9153K->2251K(15360K)
[2026-06-17T09:51:59.269+0800][18.015s][info][gc,heap        ] GC(737) ParOldGen: 25940K->25940K(44032K)
[2026-06-17T09:51:59.269+0800][18.015s][info][gc,metaspace   ] GC(737) Metaspace: 3160K(4864K)->3160K(4864K) NonClass: 2855K(4352K)->2855K(4352K) Class: 305K(512K)->305K(512K)
[2026-06-17T09:51:59.270+0800][18.016s][info][gc             ] GC(737) Pause Young (Allocation Failure) 34M->27M(58M) 4.075ms
[2026-06-17T09:51:59.271+0800][18.017s][info][gc,cpu         ] GC(737) User=0.00s Sys=0.00s Real=0.01s
[2026-06-17T09:51:59.306+0800][18.052s][info][gc,start       ] GC(738) Pause Young (Allocation Failure)
[2026-06-17T09:51:59.308+0800][18.054s][info][gc,heap        ] GC(738) PSYoungGen: 11425K->2434K(15360K)
[2026-06-17T09:51:59.308+0800][18.054s][info][gc,heap        ] GC(738) ParOldGen: 25940K->28190K(44032K)
[2026-06-17T09:51:59.309+0800][18.055s][info][gc,metaspace   ] GC(738) Metaspace: 3160K(4864K)->3160K(4864K) NonClass: 2855K(4352K)->2855K(4352K) Class: 305K(512K)->305K(512K)
[2026-06-17T09:51:59.310+0800][18.056s][info][gc             ] GC(738) Pause Young (Allocation Failure) 36M->29M(58M) 4.241ms
[2026-06-17T09:51:59.311+0800][18.057s][info][gc,cpu         ] GC(738) User=0.00s Sys=0.00s Real=0.01s
[2026-06-17T09:51:59.334+0800][18.079s][info][gc,start       ] GC(739) Pause Young (Allocation Failure)
[2026-06-17T09:51:59.336+0800][18.082s][info][gc,heap        ] GC(739) PSYoungGen: 11628K->3380K(15872K)
[2026-06-17T09:51:59.337+0800][18.083s][info][gc,heap        ] GC(739) ParOldGen: 28190K->29819K(44032K)
[2026-06-17T09:51:59.337+0800][18.083s][info][gc,metaspace   ] GC(739) Metaspace: 3160K(4864K)->3160K(4864K) NonClass: 2855K(4352K)->2855K(4352K) Class: 305K(512K)->305K(512K)
[2026-06-17T09:51:59.338+0800][18.084s][info][gc             ] GC(739) Pause Young (Allocation Failure) 38M->32M(58M) 4.531ms
[2026-06-17T09:51:59.339+0800][18.085s][info][gc,cpu         ] GC(739) User=0.01s Sys=0.00s Real=0.00s
[2026-06-17T09:51:59.361+0800][18.107s][info][gc,start       ] GC(740) Pause Young (Allocation Failure)
[2026-06-17T09:51:59.362+0800][18.108s][info][gc,heap        ] GC(740) PSYoungGen: 13091K->4461K(15360K)
[2026-06-17T09:51:59.363+0800][18.108s][info][gc,heap        ] GC(740) ParOldGen: 29819K->31552K(44032K)
[2026-06-17T09:51:59.363+0800][18.109s][info][gc,metaspace   ] GC(740) Metaspace: 3160K(4864K)->3160K(4864K) NonClass: 2855K(4352K)->2855K(4352K) Class: 305K(512K)->305K(512K)
[2026-06-17T09:51:59.363+0800][18.109s][info][gc             ] GC(740) Pause Young (Allocation Failure) 41M->35M(58M) 1.981ms
[2026-06-17T09:51:59.364+0800][18.109s][info][gc,cpu         ] GC(740) User=0.00s Sys=0.00s Real=0.01s
[2026-06-17T09:51:59.385+0800][18.131s][info][gc,start       ] GC(741) Pause Young (Allocation Failure)
[2026-06-17T09:51:59.387+0800][18.133s][info][gc,heap        ] GC(741) PSYoungGen: 13981K->2235K(15360K)
[2026-06-17T09:51:59.388+0800][18.134s][info][gc,heap        ] GC(741) ParOldGen: 31552K->33276K(44032K)
[2026-06-17T09:51:59.388+0800][18.134s][info][gc,metaspace   ] GC(741) Metaspace: 3160K(4864K)->3160K(4864K) NonClass: 2855K(4352K)->2855K(4352K) Class: 305K(512K)->305K(512K)
[2026-06-17T09:51:59.389+0800][18.134s][info][gc             ] GC(741) Pause Young (Allocation Failure) 44M->34M(58M) 3.205ms
[2026-06-17T09:51:59.389+0800][18.135s][info][gc,cpu         ] GC(741) User=0.00s Sys=0.00s Real=0.00s
[2026-06-17T09:51:59.422+0800][18.168s][info][gc,start       ] GC(742) Pause Young (Allocation Failure)
[2026-06-17T09:51:59.424+0800][18.170s][info][gc,heap        ] GC(742) PSYoungGen: 11442K->1981K(15360K)
[2026-06-17T09:51:59.425+0800][18.171s][info][gc,heap        ] GC(742) ParOldGen: 33276K->35488K(44032K)
[2026-06-17T09:51:59.425+0800][18.171s][info][gc,metaspace   ] GC(742) Metaspace: 3160K(4864K)->3160K(4864K) NonClass: 2855K(4352K)->2855K(4352K) Class: 305K(512K)->305K(512K)
[2026-06-17T09:51:59.426+0800][18.172s][info][gc             ] GC(742) Pause Young (Allocation Failure) 43M->36M(58M) 4.229ms
[2026-06-17T09:51:59.427+0800][18.173s][info][gc,cpu         ] GC(742) User=0.00s Sys=0.00s Real=0.01s
[2026-06-17T09:51:59.449+0800][18.195s][info][gc,start       ] GC(743) Pause Young (Allocation Failure)
[2026-06-17T09:51:59.451+0800][18.197s][info][gc,heap        ] GC(743) PSYoungGen: 11178K->3666K(15360K)
[2026-06-17T09:51:59.451+0800][18.197s][info][gc,heap        ] GC(743) ParOldGen: 35488K->36674K(44032K)
[2026-06-17T09:51:59.452+0800][18.198s][info][gc,metaspace   ] GC(743) Metaspace: 3160K(4864K)->3160K(4864K) NonClass: 2855K(4352K)->2855K(4352K) Class: 305K(512K)->305K(512K)
[2026-06-17T09:51:59.452+0800][18.198s][info][gc             ] GC(743) Pause Young (Allocation Failure) 45M->39M(58M) 3.483ms
[2026-06-17T09:51:59.453+0800][18.199s][info][gc,cpu         ] GC(743) User=0.00s Sys=0.00s Real=0.01s
[2026-06-17T09:51:59.475+0800][18.221s][info][gc,start       ] GC(744) Pause Young (Allocation Failure)
[2026-06-17T09:51:59.476+0800][18.222s][info][gc,heap        ] GC(744) PSYoungGen: 12875K->4517K(15360K)
[2026-06-17T09:51:59.477+0800][18.223s][info][gc,heap        ] GC(744) ParOldGen: 36674K->38375K(44032K)
[2026-06-17T09:51:59.477+0800][18.223s][info][gc,metaspace   ] GC(744) Metaspace: 3160K(4864K)->3160K(4864K) NonClass: 2855K(4352K)->2855K(4352K) Class: 305K(512K)->305K(512K)
[2026-06-17T09:51:59.477+0800][18.223s][info][gc             ] GC(744) Pause Young (Allocation Failure) 48M->41M(58M) 2.691ms
[2026-06-17T09:51:59.478+0800][18.224s][info][gc,cpu         ] GC(744) User=0.01s Sys=0.00s Real=0.00s
[2026-06-17T09:51:59.501+0800][18.246s][info][gc,start       ] GC(745) Pause Young (Allocation Failure)
[2026-06-17T09:51:59.503+0800][18.249s][info][gc,heap        ] GC(745) PSYoungGen: 13615K->1898K(15360K)
[2026-06-17T09:51:59.504+0800][18.250s][info][gc,heap        ] GC(745) ParOldGen: 38375K->40106K(44032K)
[2026-06-17T09:51:59.505+0800][18.250s][info][gc,metaspace   ] GC(745) Metaspace: 3160K(4864K)->3160K(4864K) NonClass: 2855K(4352K)->2855K(4352K) Class: 305K(512K)->305K(512K)
[2026-06-17T09:51:59.505+0800][18.251s][info][gc             ] GC(745) Pause Young (Allocation Failure) 50M->41M(58M) 4.589ms
[2026-06-17T09:51:59.506+0800][18.251s][info][gc,cpu         ] GC(745) User=0.00s Sys=0.00s Real=0.01s
[2026-06-17T09:51:59.539+0800][18.284s][info][gc,start       ] GC(746) Pause Young (Allocation Failure)
[2026-06-17T09:51:59.541+0800][18.287s][info][gc,heap        ] GC(746) PSYoungGen: 11063K->2168K(15360K)
[2026-06-17T09:51:59.542+0800][18.288s][info][gc,heap        ] GC(746) ParOldGen: 40106K->41980K(44032K)
[2026-06-17T09:51:59.542+0800][18.288s][info][gc,metaspace   ] GC(746) Metaspace: 3160K(4864K)->3160K(4864K) NonClass: 2855K(4352K)->2855K(4352K) Class: 305K(512K)->305K(512K)
[2026-06-17T09:51:59.543+0800][18.289s][info][gc             ] GC(746) Pause Young (Allocation Failure) 49M->43M(58M) 4.451ms
[2026-06-17T09:51:59.543+0800][18.289s][info][gc,cpu         ] GC(746) User=0.00s Sys=0.00s Real=0.01s
[2026-06-17T09:51:59.544+0800][18.290s][info][gc,start       ] GC(747) Pause Full (Ergonomics)
[2026-06-17T09:51:59.545+0800][18.290s][info][gc,phases,start] GC(747) Marking Phase
[2026-06-17T09:51:59.547+0800][18.293s][info][gc,phases      ] GC(747) Marking Phase 2.215ms
[2026-06-17T09:51:59.547+0800][18.293s][info][gc,phases,start] GC(747) Summary Phase
[2026-06-17T09:51:59.548+0800][18.294s][info][gc,phases      ] GC(747) Summary Phase 0.507ms
[2026-06-17T09:51:59.548+0800][18.294s][info][gc,phases,start] GC(747) Adjust Roots
[2026-06-17T09:51:59.549+0800][18.295s][info][gc,phases      ] GC(747) Adjust Roots 0.585ms
[2026-06-17T09:51:59.549+0800][18.295s][info][gc,phases,start] GC(747) Compaction Phase
[2026-06-17T09:51:59.552+0800][18.298s][info][gc,phases      ] GC(747) Compaction Phase 2.758ms
[2026-06-17T09:51:59.553+0800][18.299s][info][gc,phases,start] GC(747) Post Compact
[2026-06-17T09:51:59.555+0800][18.301s][info][gc,phases      ] GC(747) Post Compact 2.016ms
[2026-06-17T09:51:59.556+0800][18.302s][info][gc,heap        ] GC(747) PSYoungGen: 2168K->0K(15360K)
[2026-06-17T09:51:59.556+0800][18.302s][info][gc,heap        ] GC(747) ParOldGen: 41980K->30042K(44032K)
[2026-06-17T09:51:59.557+0800][18.303s][info][gc,metaspace   ] GC(747) Metaspace: 3160K(4864K)->3160K(4864K) NonClass: 2855K(4352K)->2855K(4352K) Class: 305K(512K)->305K(512K)
[2026-06-17T09:51:59.557+0800][18.303s][info][gc             ] GC(747) Pause Full (Ergonomics) 43M->29M(58M) 12.909ms
[2026-06-17T09:51:59.557+0800][18.303s][info][gc,cpu         ] GC(747) User=0.01s Sys=0.00s Real=0.01s
[2026-06-17T09:51:59.579+0800][18.325s][info][gc,start       ] GC(748) Pause Young (Allocation Failure)
[2026-06-17T09:51:59.581+0800][18.327s][info][gc,heap        ] GC(748) PSYoungGen: 9210K->5594K(14848K)
[2026-06-17T09:51:59.582+0800][18.327s][info][gc,heap        ] GC(748) ParOldGen: 30042K->30042K(44032K)
[2026-06-17T09:51:59.582+0800][18.328s][info][gc,metaspace   ] GC(748) Metaspace: 3160K(4864K)->3160K(4864K) NonClass: 2855K(4352K)->2855K(4352K) Class: 305K(512K)->305K(512K)
[2026-06-17T09:51:59.583+0800][18.329s][info][gc             ] GC(748) Pause Young (Allocation Failure) 38M->34M(57M) 3.769ms
[2026-06-17T09:51:59.583+0800][18.329s][info][gc,cpu         ] GC(748) User=0.00s Sys=0.01s Real=0.01s
[2026-06-17T09:51:59.605+0800][18.351s][info][gc,start       ] GC(749) Pause Young (Allocation Failure)
[2026-06-17T09:51:59.608+0800][18.353s][info][gc,heap        ] GC(749) PSYoungGen: 14810K->4150K(14848K)
[2026-06-17T09:51:59.608+0800][18.354s][info][gc,heap        ] GC(749) ParOldGen: 30042K->33632K(44032K)
[2026-06-17T09:51:59.609+0800][18.355s][info][gc,metaspace   ] GC(749) Metaspace: 3160K(4864K)->3160K(4864K) NonClass: 2855K(4352K)->2855K(4352K) Class: 305K(512K)->305K(512K)
[2026-06-17T09:51:59.609+0800][18.355s][info][gc             ] GC(749) Pause Young (Allocation Failure) 43M->36M(57M) 4.158ms
[2026-06-17T09:51:59.610+0800][18.356s][info][gc,cpu         ] GC(749) User=0.01s Sys=0.00s Real=0.00s
[2026-06-17T09:51:59.632+0800][18.377s][info][gc,start       ] GC(750) Pause Young (Allocation Failure)
[2026-06-17T09:51:59.633+0800][18.379s][info][gc,heap        ] GC(750) PSYoungGen: 12338K->3437K(14848K)
[2026-06-17T09:51:59.634+0800][18.380s][info][gc,heap        ] GC(750) ParOldGen: 33632K->35481K(44032K)
[2026-06-17T09:51:59.636+0800][18.382s][info][gc,metaspace   ] GC(750) Metaspace: 3160K(4864K)->3160K(4864K) NonClass: 2855K(4352K)->2855K(4352K) Class: 305K(512K)->305K(512K)
[2026-06-17T09:51:59.637+0800][18.383s][info][gc             ] GC(750) Pause Young (Allocation Failure) 44M->38M(57M) 5.235ms
[2026-06-17T09:51:59.637+0800][18.383s][info][gc,cpu         ] GC(750) User=0.00s Sys=0.00s Real=0.00s
[2026-06-17T09:51:59.660+0800][18.406s][info][gc,start       ] GC(751) Pause Young (Allocation Failure)
[2026-06-17T09:51:59.662+0800][18.407s][info][gc,heap        ] GC(751) PSYoungGen: 11593K->3530K(15360K)
[2026-06-17T09:51:59.662+0800][18.408s][info][gc,heap        ] GC(751) ParOldGen: 35481K->36551K(44032K)
[2026-06-17T09:51:59.663+0800][18.408s][info][gc,metaspace   ] GC(751) Metaspace: 3160K(4864K)->3160K(4864K) NonClass: 2855K(4352K)->2855K(4352K) Class: 305K(512K)->305K(512K)
[2026-06-17T09:51:59.663+0800][18.409s][info][gc             ] GC(751) Pause Young (Allocation Failure) 45M->39M(58M) 3.231ms
[2026-06-17T09:51:59.663+0800][18.409s][info][gc,cpu         ] GC(751) User=0.00s Sys=0.00s Real=0.01s
[2026-06-17T09:51:59.685+0800][18.431s][info][gc,start       ] GC(752) Pause Young (Allocation Failure)
[2026-06-17T09:51:59.687+0800][18.433s][info][gc,heap        ] GC(752) PSYoungGen: 12218K->3579K(14848K)
[2026-06-17T09:51:59.687+0800][18.433s][info][gc,heap        ] GC(752) ParOldGen: 36551K->38277K(44032K)
[2026-06-17T09:51:59.687+0800][18.433s][info][gc,metaspace   ] GC(752) Metaspace: 3160K(4864K)->3160K(4864K) NonClass: 2855K(4352K)->2855K(4352K) Class: 305K(512K)->305K(512K)
[2026-06-17T09:51:59.688+0800][18.434s][info][gc             ] GC(752) Pause Young (Allocation Failure) 47M->40M(57M) 2.616ms
[2026-06-17T09:51:59.688+0800][18.434s][info][gc,cpu         ] GC(752) User=0.01s Sys=0.00s Real=0.00s
[2026-06-17T09:51:59.710+0800][18.456s][info][gc,start       ] GC(753) Pause Young (Allocation Failure)
[2026-06-17T09:51:59.712+0800][18.458s][info][gc,heap        ] GC(753) PSYoungGen: 12257K->410K(15360K)
[2026-06-17T09:51:59.713+0800][18.458s][info][gc,heap        ] GC(753) ParOldGen: 38277K->40225K(44032K)
[2026-06-17T09:51:59.713+0800][18.459s][info][gc,metaspace   ] GC(753) Metaspace: 3160K(4864K)->3160K(4864K) NonClass: 2855K(4352K)->2855K(4352K) Class: 305K(512K)->305K(512K)
[2026-06-17T09:51:59.714+0800][18.460s][info][gc             ] GC(753) Pause Young (Allocation Failure) 49M->39M(58M) 3.527ms
[2026-06-17T09:51:59.714+0800][18.460s][info][gc,cpu         ] GC(753) User=0.00s Sys=0.00s Real=0.01s
[2026-06-17T09:51:59.747+0800][18.493s][info][gc,start       ] GC(754) Pause Young (Allocation Failure)
[2026-06-17T09:51:59.749+0800][18.495s][info][gc,heap        ] GC(754) PSYoungGen: 9626K->2424K(15360K)
[2026-06-17T09:51:59.754+0800][18.500s][info][gc,heap        ] GC(754) ParOldGen: 40225K->40611K(44032K)
[2026-06-17T09:51:59.756+0800][18.502s][info][gc,metaspace   ] GC(754) Metaspace: 3160K(4864K)->3160K(4864K) NonClass: 2855K(4352K)->2855K(4352K) Class: 305K(512K)->305K(512K)
[2026-06-17T09:51:59.756+0800][18.502s][info][gc             ] GC(754) Pause Young (Allocation Failure) 48M->42M(58M) 9.380ms
[2026-06-17T09:51:59.757+0800][18.503s][info][gc,cpu         ] GC(754) User=0.00s Sys=0.00s Real=0.01s
[2026-06-17T09:51:59.779+0800][18.525s][info][gc,start       ] GC(755) Pause Young (Allocation Failure)
[2026-06-17T09:51:59.782+0800][18.528s][info][gc,heap        ] GC(755) PSYoungGen: 11632K->3608K(15360K)
[2026-06-17T09:51:59.783+0800][18.529s][info][gc,heap        ] GC(755) ParOldGen: 40611K->41676K(44032K)
[2026-06-17T09:51:59.786+0800][18.532s][info][gc,metaspace   ] GC(755) Metaspace: 3160K(4864K)->3160K(4864K) NonClass: 2855K(4352K)->2855K(4352K) Class: 305K(512K)->305K(512K)
[2026-06-17T09:51:59.790+0800][18.536s][info][gc             ] GC(755) Pause Young (Allocation Failure) 51M->44M(58M) 10.946ms
[2026-06-17T09:51:59.794+0800][18.540s][info][gc,cpu         ] GC(755) User=0.00s Sys=0.00s Real=0.02s
[2026-06-17T09:51:59.796+0800][18.542s][info][gc,start       ] GC(756) Pause Full (Ergonomics)
[2026-06-17T09:51:59.798+0800][18.544s][info][gc,phases,start] GC(756) Marking Phase
[2026-06-17T09:51:59.800+0800][18.546s][info][gc,phases      ] GC(756) Marking Phase 2.383ms
[2026-06-17T09:51:59.801+0800][18.546s][info][gc,phases,start] GC(756) Summary Phase
[2026-06-17T09:51:59.801+0800][18.547s][info][gc,phases      ] GC(756) Summary Phase 0.324ms
[2026-06-17T09:51:59.801+0800][18.547s][info][gc,phases,start] GC(756) Adjust Roots
[2026-06-17T09:51:59.802+0800][18.548s][info][gc,phases      ] GC(756) Adjust Roots 0.428ms
[2026-06-17T09:51:59.802+0800][18.548s][info][gc,phases,start] GC(756) Compaction Phase
[2026-06-17T09:51:59.804+0800][18.550s][info][gc,phases      ] GC(756) Compaction Phase 2.288ms
[2026-06-17T09:51:59.805+0800][18.551s][info][gc,phases,start] GC(756) Post Compact
[2026-06-17T09:51:59.805+0800][18.551s][info][gc,phases      ] GC(756) Post Compact 0.503ms
[2026-06-17T09:51:59.806+0800][18.551s][info][gc,heap        ] GC(756) PSYoungGen: 3608K->0K(15360K)
[2026-06-17T09:51:59.806+0800][18.552s][info][gc,heap        ] GC(756) ParOldGen: 41676K->22287K(44032K)
[2026-06-17T09:51:59.806+0800][18.552s][info][gc,metaspace   ] GC(756) Metaspace: 3160K(4864K)->3160K(4864K) NonClass: 2855K(4352K)->2855K(4352K) Class: 305K(512K)->305K(512K)
[2026-06-17T09:51:59.807+0800][18.552s][info][gc             ] GC(756) Pause Full (Ergonomics) 44M->21M(58M) 10.692ms
[2026-06-17T09:51:59.807+0800][18.553s][info][gc,cpu         ] GC(756) User=0.00s Sys=0.00s Real=0.01s
[2026-06-17T09:51:59.829+0800][18.574s][info][gc,start       ] GC(757) Pause Young (Allocation Failure)
[2026-06-17T09:51:59.831+0800][18.576s][info][gc,heap        ] GC(757) PSYoungGen: 9176K->5859K(14336K)
[2026-06-17T09:51:59.831+0800][18.577s][info][gc,heap        ] GC(757) ParOldGen: 22287K->22287K(44032K)
[2026-06-17T09:51:59.831+0800][18.577s][info][gc,metaspace   ] GC(757) Metaspace: 3160K(4864K)->3160K(4864K) NonClass: 2855K(4352K)->2855K(4352K) Class: 305K(512K)->305K(512K)
[2026-06-17T09:51:59.832+0800][18.578s][info][gc             ] GC(757) Pause Young (Allocation Failure) 30M->27M(57M) 3.255ms
[2026-06-17T09:51:59.832+0800][18.578s][info][gc,cpu         ] GC(757) User=0.00s Sys=0.00s Real=0.01s
[2026-06-17T09:51:59.854+0800][18.600s][info][gc,start       ] GC(758) Pause Young (Allocation Failure)
[2026-06-17T09:51:59.856+0800][18.602s][info][gc,heap        ] GC(758) PSYoungGen: 14008K->2846K(14848K)
[2026-06-17T09:51:59.857+0800][18.603s][info][gc,heap        ] GC(758) ParOldGen: 22287K->26098K(44032K)
[2026-06-17T09:51:59.858+0800][18.604s][info][gc,metaspace   ] GC(758) Metaspace: 3160K(4864K)->3160K(4864K) NonClass: 2855K(4352K)->2855K(4352K) Class: 305K(512K)->305K(512K)
[2026-06-17T09:51:59.858+0800][18.604s][info][gc             ] GC(758) Pause Young (Allocation Failure) 35M->28M(57M) 3.942ms
[2026-06-17T09:51:59.859+0800][18.605s][info][gc,cpu         ] GC(758) User=0.01s Sys=0.00s Real=0.00s
[2026-06-17T09:51:59.881+0800][18.627s][info][gc,start       ] GC(759) Pause Young (Allocation Failure)
[2026-06-17T09:51:59.883+0800][18.629s][info][gc,heap        ] GC(759) PSYoungGen: 11028K->4370K(14848K)
[2026-06-17T09:51:59.883+0800][18.629s][info][gc,heap        ] GC(759) ParOldGen: 26098K->26098K(44032K)
[2026-06-17T09:51:59.884+0800][18.629s][info][gc,metaspace   ] GC(759) Metaspace: 3160K(4864K)->3160K(4864K) NonClass: 2855K(4352K)->2855K(4352K) Class: 305K(512K)->305K(512K)
[2026-06-17T09:51:59.884+0800][18.630s][info][gc             ] GC(759) Pause Young (Allocation Failure) 36M->29M(57M) 2.887ms
[2026-06-17T09:51:59.884+0800][18.630s][info][gc,cpu         ] GC(759) User=0.00s Sys=0.00s Real=0.01s
[2026-06-17T09:51:59.907+0800][18.652s][info][gc,start       ] GC(760) Pause Young (Allocation Failure)
[2026-06-17T09:51:59.908+0800][18.654s][info][gc,heap        ] GC(760) PSYoungGen: 12554K->2325K(14848K)
[2026-06-17T09:51:59.909+0800][18.655s][info][gc,heap        ] GC(760) ParOldGen: 26098K->29381K(44032K)
[2026-06-17T09:51:59.910+0800][18.655s][info][gc,metaspace   ] GC(760) Metaspace: 3160K(4864K)->3160K(4864K) NonClass: 2855K(4352K)->2855K(4352K) Class: 305K(512K)->305K(512K)
[2026-06-17T09:51:59.910+0800][18.656s][info][gc             ] GC(760) Pause Young (Allocation Failure) 37M->30M(57M) 3.421ms
[2026-06-17T09:51:59.910+0800][18.656s][info][gc,cpu         ] GC(760) User=0.00s Sys=0.00s Real=0.01s
[2026-06-17T09:51:59.933+0800][18.678s][info][gc,start       ] GC(761) Pause Young (Allocation Failure)
[2026-06-17T09:51:59.934+0800][18.680s][info][gc,heap        ] GC(761) PSYoungGen: 10509K->2072K(14848K)
[2026-06-17T09:51:59.937+0800][18.683s][info][gc,heap        ] GC(761) ParOldGen: 29381K->31036K(44032K)
[2026-06-17T09:51:59.939+0800][18.685s][info][gc,metaspace   ] GC(761) Metaspace: 3160K(4864K)->3160K(4864K) NonClass: 2855K(4352K)->2855K(4352K) Class: 305K(512K)->305K(512K)
[2026-06-17T09:51:59.942+0800][18.687s][info][gc             ] GC(761) Pause Young (Allocation Failure) 38M->32M(57M) 9.042ms
[2026-06-17T09:51:59.943+0800][18.689s][info][gc,cpu         ] GC(761) User=0.00s Sys=0.00s Real=0.01s
[2026-06-17T09:51:59.969+0800][18.715s][info][gc,start       ] GC(762) Pause Young (Allocation Failure)
[2026-06-17T09:51:59.970+0800][18.716s][info][gc,heap        ] GC(762) PSYoungGen: 10249K->2980K(14848K)
[2026-06-17T09:51:59.971+0800][18.717s][info][gc,heap        ] GC(762) ParOldGen: 31036K->31036K(44032K)
[2026-06-17T09:51:59.971+0800][18.717s][info][gc,metaspace   ] GC(762) Metaspace: 3160K(4864K)->3160K(4864K) NonClass: 2855K(4352K)->2855K(4352K) Class: 305K(512K)->305K(512K)
[2026-06-17T09:51:59.972+0800][18.718s][info][gc             ] GC(762) Pause Young (Allocation Failure) 40M->33M(57M) 2.939ms
[2026-06-17T09:51:59.972+0800][18.718s][info][gc,cpu         ] GC(762) User=0.00s Sys=0.00s Real=0.01s
[2026-06-17T09:51:59.995+0800][18.741s][info][gc,start       ] GC(763) Pause Young (Allocation Failure)
[2026-06-17T09:51:59.998+0800][18.743s][info][gc,heap        ] GC(763) PSYoungGen: 11172K->2410K(15360K)
[2026-06-17T09:51:59.998+0800][18.744s][info][gc,heap        ] GC(763) ParOldGen: 31036K->33071K(44032K)
[2026-06-17T09:51:59.999+0800][18.745s][info][gc,metaspace   ] GC(763) Metaspace: 3160K(4864K)->3160K(4864K) NonClass: 2855K(4352K)->2855K(4352K) Class: 305K(512K)->305K(512K)
[2026-06-17T09:51:59.999+0800][18.745s][info][gc             ] GC(763) Pause Young (Allocation Failure) 41M->34M(58M) 4.421ms
[2026-06-17T09:52:00.000+0800][18.746s][info][gc,cpu         ] GC(763) User=0.00s Sys=0.00s Real=0.00s
[2026-06-17T09:52:00.023+0800][18.769s][info][gc,start       ] GC(764) Pause Young (Allocation Failure)
[2026-06-17T09:52:00.026+0800][18.772s][info][gc,heap        ] GC(764) PSYoungGen: 11600K->3115K(15360K)
[2026-06-17T09:52:00.028+0800][18.774s][info][gc,heap        ] GC(764) ParOldGen: 33071K->34765K(44032K)
[2026-06-17T09:52:00.029+0800][18.775s][info][gc,metaspace   ] GC(764) Metaspace: 3160K(4864K)->3160K(4864K) NonClass: 2855K(4352K)->2855K(4352K) Class: 305K(512K)->305K(512K)
[2026-06-17T09:52:00.032+0800][18.778s][info][gc             ] GC(764) Pause Young (Allocation Failure) 43M->36M(58M) 8.908ms
[2026-06-17T09:52:00.033+0800][18.779s][info][gc,cpu         ] GC(764) User=0.00s Sys=0.00s Real=0.01s
[2026-06-17T09:52:00.062+0800][18.808s][info][gc,start       ] GC(765) Pause Young (Allocation Failure)
[2026-06-17T09:52:00.063+0800][18.809s][info][gc,heap        ] GC(765) PSYoungGen: 12318K->5111K(14848K)
[2026-06-17T09:52:00.064+0800][18.810s][info][gc,heap        ] GC(765) ParOldGen: 34765K->34765K(44032K)
[2026-06-17T09:52:00.064+0800][18.810s][info][gc,metaspace   ] GC(765) Metaspace: 3160K(4864K)->3160K(4864K) NonClass: 2855K(4352K)->2855K(4352K) Class: 305K(512K)->305K(512K)
[2026-06-17T09:52:00.065+0800][18.811s][info][gc             ] GC(765) Pause Young (Allocation Failure) 45M->38M(57M) 2.981ms
[2026-06-17T09:52:00.065+0800][18.811s][info][gc,cpu         ] GC(765) User=0.00s Sys=0.00s Real=0.01s
[2026-06-17T09:52:00.097+0800][18.843s][info][gc,start       ] GC(766) Pause Young (Allocation Failure)
[2026-06-17T09:52:00.098+0800][18.843s][info][gc,heap        ] GC(766) PSYoungGen: 14303K->1790K(15360K)
[2026-06-17T09:52:00.098+0800][18.844s][info][gc,heap        ] GC(766) ParOldGen: 34765K->36587K(44032K)
[2026-06-17T09:52:00.098+0800][18.844s][info][gc,metaspace   ] GC(766) Metaspace: 3160K(4864K)->3160K(4864K) NonClass: 2855K(4352K)->2855K(4352K) Class: 305K(512K)->305K(512K)
[2026-06-17T09:52:00.098+0800][18.844s][info][gc             ] GC(766) Pause Young (Allocation Failure) 47M->37M(58M) 1.670ms
[2026-06-17T09:52:00.099+0800][18.845s][info][gc,cpu         ] GC(766) User=0.00s Sys=0.00s Real=0.00s
[2026-06-17T09:52:00.110+0800][18.855s][info][gc,start       ] GC(767) Pause Young (Allocation Failure)
[2026-06-17T09:52:00.111+0800][18.856s][info][gc,heap        ] GC(767) PSYoungGen: 10916K->2425K(15360K)
[2026-06-17T09:52:00.111+0800][18.857s][info][gc,heap        ] GC(767) ParOldGen: 36587K->38354K(44032K)
[2026-06-17T09:52:00.111+0800][18.857s][info][gc,metaspace   ] GC(767) Metaspace: 3160K(4864K)->3160K(4864K) NonClass: 2855K(4352K)->2855K(4352K) Class: 305K(512K)->305K(512K)
[2026-06-17T09:52:00.111+0800][18.857s][info][gc             ] GC(767) Pause Young (Allocation Failure) 46M->39M(58M) 1.547ms
[2026-06-17T09:52:00.111+0800][18.857s][info][gc,cpu         ] GC(767) User=0.01s Sys=0.00s Real=0.01s
[2026-06-17T09:52:00.143+0800][18.889s][info][gc,start       ] GC(768) Pause Young (Allocation Failure)
[2026-06-17T09:52:00.145+0800][18.890s][info][gc,heap        ] GC(768) PSYoungGen: 11620K->2431K(15360K)
[2026-06-17T09:52:00.145+0800][18.891s][info][gc,heap        ] GC(768) ParOldGen: 38354K->40755K(44032K)
[2026-06-17T09:52:00.145+0800][18.891s][info][gc,metaspace   ] GC(768) Metaspace: 3160K(4864K)->3160K(4864K) NonClass: 2855K(4352K)->2855K(4352K) Class: 305K(512K)->305K(512K)
[2026-06-17T09:52:00.146+0800][18.891s][info][gc             ] GC(768) Pause Young (Allocation Failure) 48M->42M(58M) 2.557ms
[2026-06-17T09:52:00.146+0800][18.892s][info][gc,cpu         ] GC(768) User=0.00s Sys=0.00s Real=0.00s
[2026-06-17T09:52:00.146+0800][18.892s][info][gc,start       ] GC(769) Pause Full (Ergonomics)
[2026-06-17T09:52:00.146+0800][18.892s][info][gc,phases,start] GC(769) Marking Phase
[2026-06-17T09:52:00.147+0800][18.893s][info][gc,phases      ] GC(769) Marking Phase 1.235ms
[2026-06-17T09:52:00.148+0800][18.894s][info][gc,phases,start] GC(769) Summary Phase
[2026-06-17T09:52:00.148+0800][18.894s][info][gc,phases      ] GC(769) Summary Phase 0.235ms
[2026-06-17T09:52:00.148+0800][18.894s][info][gc,phases,start] GC(769) Adjust Roots
[2026-06-17T09:52:00.149+0800][18.894s][info][gc,phases      ] GC(769) Adjust Roots 0.361ms
[2026-06-17T09:52:00.149+0800][18.895s][info][gc,phases,start] GC(769) Compaction Phase
[2026-06-17T09:52:00.151+0800][18.897s][info][gc,phases      ] GC(769) Compaction Phase 2.653ms
[2026-06-17T09:52:00.153+0800][18.898s][info][gc,phases,start] GC(769) Post Compact
[2026-06-17T09:52:00.153+0800][18.899s][info][gc,phases      ] GC(769) Post Compact 0.676ms
[2026-06-17T09:52:00.154+0800][18.900s][info][gc,heap        ] GC(769) PSYoungGen: 2431K->0K(15360K)
[2026-06-17T09:52:00.155+0800][18.900s][info][gc,heap        ] GC(769) ParOldGen: 40755K->30775K(44032K)
[2026-06-17T09:52:00.155+0800][18.901s][info][gc,metaspace   ] GC(769) Metaspace: 3160K(4864K)->3160K(4864K) NonClass: 2855K(4352K)->2855K(4352K) Class: 305K(512K)->305K(512K)
[2026-06-17T09:52:00.156+0800][18.902s][info][gc             ] GC(769) Pause Full (Ergonomics) 42M->30M(58M) 9.750ms
[2026-06-17T09:52:00.156+0800][18.902s][info][gc,cpu         ] GC(769) User=0.01s Sys=0.00s Real=0.01s
[2026-06-17T09:52:00.178+0800][18.924s][info][gc,start       ] GC(770) Pause Young (Allocation Failure)
[2026-06-17T09:52:00.181+0800][18.927s][info][gc,heap        ] GC(770) PSYoungGen: 9205K->5982K(15360K)
[2026-06-17T09:52:00.182+0800][18.928s][info][gc,heap        ] GC(770) ParOldGen: 30775K->30775K(44032K)
[2026-06-17T09:52:00.183+0800][18.928s][info][gc,metaspace   ] GC(770) Metaspace: 3160K(4864K)->3160K(4864K) NonClass: 2855K(4352K)->2855K(4352K) Class: 305K(512K)->305K(512K)
[2026-06-17T09:52:00.183+0800][18.929s][info][gc             ] GC(770) Pause Young (Allocation Failure) 39M->35M(58M) 4.952ms
[2026-06-17T09:52:00.184+0800][18.930s][info][gc,cpu         ] GC(770) User=0.00s Sys=0.00s Real=0.01s
[2026-06-17T09:52:00.207+0800][18.953s][info][gc,start       ] GC(771) Pause Young (Allocation Failure)
[2026-06-17T09:52:00.209+0800][18.955s][info][gc,heap        ] GC(771) PSYoungGen: 15186K->4287K(14336K)
[2026-06-17T09:52:00.210+0800][18.956s][info][gc,heap        ] GC(771) ParOldGen: 30775K->34502K(44032K)
[2026-06-17T09:52:00.211+0800][18.957s][info][gc,metaspace   ] GC(771) Metaspace: 3160K(4864K)->3160K(4864K) NonClass: 2855K(4352K)->2855K(4352K) Class: 305K(512K)->305K(512K)
[2026-06-17T09:52:00.212+0800][18.958s][info][gc             ] GC(771) Pause Young (Allocation Failure) 44M->37M(57M) 4.708ms
[2026-06-17T09:52:00.212+0800][18.958s][info][gc,cpu         ] GC(771) User=0.01s Sys=0.00s Real=0.01s
[2026-06-17T09:52:00.236+0800][18.981s][info][gc,start       ] GC(772) Pause Young (Allocation Failure)
[2026-06-17T09:52:00.238+0800][18.984s][info][gc,heap        ] GC(772) PSYoungGen: 12466K->2988K(14848K)
[2026-06-17T09:52:00.239+0800][18.985s][info][gc,heap        ] GC(772) ParOldGen: 34502K->36916K(44032K)
[2026-06-17T09:52:00.240+0800][18.985s][info][gc,metaspace   ] GC(772) Metaspace: 3160K(4864K)->3160K(4864K) NonClass: 2855K(4352K)->2855K(4352K) Class: 305K(512K)->305K(512K)
[2026-06-17T09:52:00.240+0800][18.986s][info][gc             ] GC(772) Pause Young (Allocation Failure) 45M->38M(57M) 4.611ms
[2026-06-17T09:52:00.241+0800][18.986s][info][gc,cpu         ] GC(772) User=0.00s Sys=0.00s Real=0.00s
[2026-06-17T09:52:00.263+0800][19.009s][info][gc,start       ] GC(773) Pause Young (Allocation Failure)
[2026-06-17T09:52:00.269+0800][19.015s][info][gc,heap        ] GC(773) PSYoungGen: 11175K->4430K(14848K)
[2026-06-17T09:52:00.270+0800][19.016s][info][gc,heap        ] GC(773) ParOldGen: 36916K->36916K(44032K)
[2026-06-17T09:52:00.271+0800][19.016s][info][gc,metaspace   ] GC(773) Metaspace: 3160K(4864K)->3160K(4864K) NonClass: 2855K(4352K)->2855K(4352K) Class: 305K(512K)->305K(512K)
[2026-06-17T09:52:00.271+0800][19.017s][info][gc             ] GC(773) Pause Young (Allocation Failure) 46M->40M(57M) 7.903ms
[2026-06-17T09:52:00.272+0800][19.018s][info][gc,cpu         ] GC(773) User=0.00s Sys=0.00s Real=0.01s
[2026-06-17T09:52:00.294+0800][19.040s][info][gc,start       ] GC(774) Pause Young (Allocation Failure)
[2026-06-17T09:52:00.297+0800][19.043s][info][gc,heap        ] GC(774) PSYoungGen: 12570K->3464K(14848K)
[2026-06-17T09:52:00.297+0800][19.043s][info][gc,heap        ] GC(774) ParOldGen: 36916K->39257K(44032K)
[2026-06-17T09:52:00.298+0800][19.044s][info][gc,metaspace   ] GC(774) Metaspace: 3160K(4864K)->3160K(4864K) NonClass: 2855K(4352K)->2855K(4352K) Class: 305K(512K)->305K(512K)
[2026-06-17T09:52:00.298+0800][19.044s][info][gc             ] GC(774) Pause Young (Allocation Failure) 48M->41M(57M) 4.524ms
[2026-06-17T09:52:00.299+0800][19.045s][info][gc,cpu         ] GC(774) User=0.01s Sys=0.00s Real=0.00s
[2026-06-17T09:52:00.321+0800][19.067s][info][gc,start       ] GC(775) Pause Young (Allocation Failure)
[2026-06-17T09:52:00.323+0800][19.069s][info][gc,heap        ] GC(775) PSYoungGen: 11613K->2627K(15360K)
[2026-06-17T09:52:00.323+0800][19.069s][info][gc,heap        ] GC(775) ParOldGen: 39257K->41418K(44032K)
[2026-06-17T09:52:00.324+0800][19.069s][info][gc,metaspace   ] GC(775) Metaspace: 3160K(4864K)->3160K(4864K) NonClass: 2855K(4352K)->2855K(4352K) Class: 305K(512K)->305K(512K)
[2026-06-17T09:52:00.324+0800][19.070s][info][gc             ] GC(775) Pause Young (Allocation Failure) 49M->43M(58M) 2.837ms
[2026-06-17T09:52:00.324+0800][19.070s][info][gc,cpu         ] GC(775) User=0.00s Sys=0.00s Real=0.01s
[2026-06-17T09:52:00.325+0800][19.070s][info][gc,start       ] GC(776) Pause Full (Ergonomics)
[2026-06-17T09:52:00.325+0800][19.071s][info][gc,phases,start] GC(776) Marking Phase
[2026-06-17T09:52:00.327+0800][19.072s][info][gc,phases      ] GC(776) Marking Phase 1.648ms
[2026-06-17T09:52:00.327+0800][19.073s][info][gc,phases,start] GC(776) Summary Phase
[2026-06-17T09:52:00.327+0800][19.073s][info][gc,phases      ] GC(776) Summary Phase 0.293ms
[2026-06-17T09:52:00.327+0800][19.073s][info][gc,phases,start] GC(776) Adjust Roots
[2026-06-17T09:52:00.328+0800][19.074s][info][gc,phases      ] GC(776) Adjust Roots 0.720ms
[2026-06-17T09:52:00.328+0800][19.074s][info][gc,phases,start] GC(776) Compaction Phase
[2026-06-17T09:52:00.332+0800][19.077s][info][gc,phases      ] GC(776) Compaction Phase 3.190ms
[2026-06-17T09:52:00.332+0800][19.078s][info][gc,phases,start] GC(776) Post Compact
[2026-06-17T09:52:00.332+0800][19.078s][info][gc,phases      ] GC(776) Post Compact 0.223ms
[2026-06-17T09:52:00.332+0800][19.078s][info][gc,heap        ] GC(776) PSYoungGen: 2627K->0K(15360K)
[2026-06-17T09:52:00.332+0800][19.078s][info][gc,heap        ] GC(776) ParOldGen: 41418K->30891K(44032K)
[2026-06-17T09:52:00.333+0800][19.078s][info][gc,metaspace   ] GC(776) Metaspace: 3160K(4864K)->3160K(4864K) NonClass: 2855K(4352K)->2855K(4352K) Class: 305K(512K)->305K(512K)
[2026-06-17T09:52:00.333+0800][19.079s][info][gc             ] GC(776) Pause Full (Ergonomics) 43M->30M(58M) 8.317ms
[2026-06-17T09:52:00.333+0800][19.079s][info][gc,cpu         ] GC(776) User=0.01s Sys=0.00s Real=0.01s
[2026-06-17T09:52:00.354+0800][19.100s][info][gc,start       ] GC(777) Pause Young (Allocation Failure)
[2026-06-17T09:52:00.355+0800][19.101s][info][gc,heap        ] GC(777) PSYoungGen: 9196K->5626K(14336K)
[2026-06-17T09:52:00.356+0800][19.102s][info][gc,heap        ] GC(777) ParOldGen: 30891K->30891K(44032K)
[2026-06-17T09:52:00.356+0800][19.102s][info][gc,metaspace   ] GC(777) Metaspace: 3160K(4864K)->3160K(4864K) NonClass: 2855K(4352K)->2855K(4352K) Class: 305K(512K)->305K(512K)
[2026-06-17T09:52:00.356+0800][19.102s][info][gc             ] GC(777) Pause Young (Allocation Failure) 39M->35M(57M) 1.623ms
[2026-06-17T09:52:00.356+0800][19.102s][info][gc,cpu         ] GC(777) User=0.00s Sys=0.00s Real=0.00s
[2026-06-17T09:52:00.377+0800][19.123s][info][gc,start       ] GC(778) Pause Young (Allocation Failure)
[2026-06-17T09:52:00.379+0800][19.125s][info][gc,heap        ] GC(778) PSYoungGen: 13812K->1923K(14848K)
[2026-06-17T09:52:00.379+0800][19.125s][info][gc,heap        ] GC(778) ParOldGen: 30891K->35423K(44032K)
[2026-06-17T09:52:00.379+0800][19.125s][info][gc,metaspace   ] GC(778) Metaspace: 3160K(4864K)->3160K(4864K) NonClass: 2855K(4352K)->2855K(4352K) Class: 305K(512K)->305K(512K)
[2026-06-17T09:52:00.380+0800][19.126s][info][gc             ] GC(778) Pause Young (Allocation Failure) 43M->36M(57M) 2.459ms
[2026-06-17T09:52:00.380+0800][19.126s][info][gc,cpu         ] GC(778) User=0.00s Sys=0.00s Real=0.00s
[2026-06-17T09:52:00.402+0800][19.148s][info][gc,start       ] GC(779) Pause Young (Allocation Failure)
[2026-06-17T09:52:00.403+0800][19.149s][info][gc,heap        ] GC(779) PSYoungGen: 10091K->1566K(14848K)
[2026-06-17T09:52:00.404+0800][19.150s][info][gc,heap        ] GC(779) ParOldGen: 35423K->37037K(44032K)
[2026-06-17T09:52:00.405+0800][19.151s][info][gc,metaspace   ] GC(779) Metaspace: 3160K(4864K)->3160K(4864K) NonClass: 2855K(4352K)->2855K(4352K) Class: 305K(512K)->305K(512K)
[2026-06-17T09:52:00.405+0800][19.151s][info][gc             ] GC(779) Pause Young (Allocation Failure) 44M->37M(57M) 3.634ms
[2026-06-17T09:52:00.406+0800][19.152s][info][gc,cpu         ] GC(779) User=0.01s Sys=0.00s Real=0.01s
[2026-06-17T09:52:00.428+0800][19.174s][info][gc,start       ] GC(780) Pause Young (Allocation Failure)
[2026-06-17T09:52:00.430+0800][19.176s][info][gc,heap        ] GC(780) PSYoungGen: 9724K->2785K(14848K)
[2026-06-17T09:52:00.431+0800][19.177s][info][gc,heap        ] GC(780) ParOldGen: 37037K->37037K(44032K)
[2026-06-17T09:52:00.431+0800][19.177s][info][gc,metaspace   ] GC(780) Metaspace: 3160K(4864K)->3160K(4864K) NonClass: 2855K(4352K)->2855K(4352K) Class: 305K(512K)->305K(512K)
[2026-06-17T09:52:00.432+0800][19.178s][info][gc             ] GC(780) Pause Young (Allocation Failure) 45M->38M(57M) 3.680ms
[2026-06-17T09:52:00.432+0800][19.178s][info][gc,cpu         ] GC(780) User=0.00s Sys=0.00s Real=0.01s
[2026-06-17T09:52:00.455+0800][19.200s][info][gc,start       ] GC(781) Pause Young (Allocation Failure)
[2026-06-17T09:52:00.456+0800][19.202s][info][gc,heap        ] GC(781) PSYoungGen: 10929K->1998K(14848K)
[2026-06-17T09:52:00.456+0800][19.202s][info][gc,heap        ] GC(781) ParOldGen: 37037K->38781K(44032K)
[2026-06-17T09:52:00.457+0800][19.203s][info][gc,metaspace   ] GC(781) Metaspace: 3160K(4864K)->3160K(4864K) NonClass: 2855K(4352K)->2855K(4352K) Class: 305K(512K)->305K(512K)
[2026-06-17T09:52:00.457+0800][19.203s][info][gc             ] GC(781) Pause Young (Allocation Failure) 46M->39M(57M) 2.542ms
[2026-06-17T09:52:00.457+0800][19.203s][info][gc,cpu         ] GC(781) User=0.00s Sys=0.00s Real=0.00s
[2026-06-17T09:52:00.479+0800][19.225s][info][gc,start       ] GC(782) Pause Young (Allocation Failure)
[2026-06-17T09:52:00.481+0800][19.227s][info][gc,heap        ] GC(782) PSYoungGen: 10167K->1541K(14848K)
[2026-06-17T09:52:00.481+0800][19.227s][info][gc,heap        ] GC(782) ParOldGen: 38781K->40657K(44032K)
[2026-06-17T09:52:00.482+0800][19.228s][info][gc,metaspace   ] GC(782) Metaspace: 3160K(4864K)->3160K(4864K) NonClass: 2855K(4352K)->2855K(4352K) Class: 305K(512K)->305K(512K)
[2026-06-17T09:52:00.483+0800][19.228s][info][gc             ] GC(782) Pause Young (Allocation Failure) 47M->41M(57M) 3.192ms
[2026-06-17T09:52:00.483+0800][19.229s][info][gc,cpu         ] GC(782) User=0.00s Sys=0.00s Real=0.01s
[2026-06-17T09:52:00.484+0800][19.229s][info][gc,start       ] GC(783) Pause Full (Ergonomics)
[2026-06-17T09:52:00.484+0800][19.230s][info][gc,phases,start] GC(783) Marking Phase
[2026-06-17T09:52:00.486+0800][19.231s][info][gc,phases      ] GC(783) Marking Phase 1.643ms
[2026-06-17T09:52:00.486+0800][19.232s][info][gc,phases,start] GC(783) Summary Phase
[2026-06-17T09:52:00.487+0800][19.232s][info][gc,phases      ] GC(783) Summary Phase 0.452ms
[2026-06-17T09:52:00.487+0800][19.233s][info][gc,phases,start] GC(783) Adjust Roots
[2026-06-17T09:52:00.488+0800][19.234s][info][gc,phases      ] GC(783) Adjust Roots 0.825ms
[2026-06-17T09:52:00.488+0800][19.234s][info][gc,phases,start] GC(783) Compaction Phase
[2026-06-17T09:52:00.491+0800][19.236s][info][gc,phases      ] GC(783) Compaction Phase 2.384ms
[2026-06-17T09:52:00.491+0800][19.237s][info][gc,phases,start] GC(783) Post Compact
[2026-06-17T09:52:00.491+0800][19.237s][info][gc,phases      ] GC(783) Post Compact 0.277ms
[2026-06-17T09:52:00.491+0800][19.237s][info][gc,heap        ] GC(783) PSYoungGen: 1541K->0K(14848K)
[2026-06-17T09:52:00.492+0800][19.237s][info][gc,heap        ] GC(783) ParOldGen: 40657K->23445K(44032K)
[2026-06-17T09:52:00.492+0800][19.238s][info][gc,metaspace   ] GC(783) Metaspace: 3160K(4864K)->3160K(4864K) NonClass: 2855K(4352K)->2855K(4352K) Class: 305K(512K)->305K(512K)
[2026-06-17T09:52:00.492+0800][19.238s][info][gc             ] GC(783) Pause Full (Ergonomics) 41M->22M(57M) 8.313ms
[2026-06-17T09:52:00.492+0800][19.238s][info][gc,cpu         ] GC(783) User=0.01s Sys=0.00s Real=0.01s
[2026-06-17T09:52:00.513+0800][19.259s][info][gc,start       ] GC(784) Pause Young (Allocation Failure)
[2026-06-17T09:52:00.515+0800][19.261s][info][gc,heap        ] GC(784) PSYoungGen: 8170K->4950K(14848K)
[2026-06-17T09:52:00.517+0800][19.263s][info][gc,heap        ] GC(784) ParOldGen: 23445K->23445K(44032K)
[2026-06-17T09:52:00.518+0800][19.264s][info][gc,metaspace   ] GC(784) Metaspace: 3160K(4864K)->3160K(4864K) NonClass: 2855K(4352K)->2855K(4352K) Class: 305K(512K)->305K(512K)
[2026-06-17T09:52:00.518+0800][19.264s][info][gc             ] GC(784) Pause Young (Allocation Failure) 30M->27M(57M) 4.951ms
[2026-06-17T09:52:00.519+0800][19.264s][info][gc,cpu         ] GC(784) User=0.00s Sys=0.00s Real=0.00s
[2026-06-17T09:52:00.540+0800][19.286s][info][gc,start       ] GC(785) Pause Young (Allocation Failure)
[2026-06-17T09:52:00.542+0800][19.288s][info][gc,heap        ] GC(785) PSYoungGen: 13142K->2354K(14848K)
[2026-06-17T09:52:00.542+0800][19.288s][info][gc,heap        ] GC(785) ParOldGen: 23445K->27130K(44032K)
[2026-06-17T09:52:00.543+0800][19.288s][info][gc,metaspace   ] GC(785) Metaspace: 3160K(4864K)->3160K(4864K) NonClass: 2855K(4352K)->2855K(4352K) Class: 305K(512K)->305K(512K)
[2026-06-17T09:52:00.543+0800][19.289s][info][gc             ] GC(785) Pause Young (Allocation Failure) 35M->28M(57M) 2.756ms
[2026-06-17T09:52:00.543+0800][19.289s][info][gc,cpu         ] GC(785) User=0.01s Sys=0.00s Real=0.01s
[2026-06-17T09:52:00.565+0800][19.311s][info][gc,start       ] GC(786) Pause Young (Allocation Failure)
[2026-06-17T09:52:00.567+0800][19.312s][info][gc,heap        ] GC(786) PSYoungGen: 10528K->1155K(14848K)
[2026-06-17T09:52:00.567+0800][19.313s][info][gc,heap        ] GC(786) ParOldGen: 27130K->29305K(44032K)
[2026-06-17T09:52:00.567+0800][19.313s][info][gc,metaspace   ] GC(786) Metaspace: 3160K(4864K)->3160K(4864K) NonClass: 2855K(4352K)->2855K(4352K) Class: 305K(512K)->305K(512K)
[2026-06-17T09:52:00.568+0800][19.314s][info][gc             ] GC(786) Pause Young (Allocation Failure) 36M->29M(57M) 2.977ms
[2026-06-17T09:52:00.568+0800][19.314s][info][gc,cpu         ] GC(786) User=0.00s Sys=0.00s Real=0.00s
[2026-06-17T09:52:00.580+0800][19.326s][info][gc,start       ] GC(787) Pause Young (Allocation Failure)
[2026-06-17T09:52:00.582+0800][19.328s][info][gc,heap        ] GC(787) PSYoungGen: 9323K->6047K(13824K)
[2026-06-17T09:52:00.583+0800][19.328s][info][gc,heap        ] GC(787) ParOldGen: 29305K->29305K(44032K)
[2026-06-17T09:52:00.583+0800][19.329s][info][gc,metaspace   ] GC(787) Metaspace: 3160K(4864K)->3160K(4864K) NonClass: 2855K(4352K)->2855K(4352K) Class: 305K(512K)->305K(512K)
[2026-06-17T09:52:00.583+0800][19.329s][info][gc             ] GC(787) Pause Young (Allocation Failure) 37M->34M(56M) 3.318ms
[2026-06-17T09:52:00.584+0800][19.330s][info][gc,cpu         ] GC(787) User=0.00s Sys=0.00s Real=0.01s
[2026-06-17T09:52:00.606+0800][19.351s][info][gc,start       ] GC(788) Pause Young (Allocation Failure)
[2026-06-17T09:52:00.608+0800][19.354s][info][gc,heap        ] GC(788) PSYoungGen: 13113K->378K(14336K)
[2026-06-17T09:52:00.609+0800][19.355s][info][gc,heap        ] GC(788) ParOldGen: 29305K->31942K(44032K)
[2026-06-17T09:52:00.609+0800][19.355s][info][gc,metaspace   ] GC(788) Metaspace: 3160K(4864K)->3160K(4864K) NonClass: 2855K(4352K)->2855K(4352K) Class: 305K(512K)->305K(512K)
[2026-06-17T09:52:00.610+0800][19.356s][info][gc             ] GC(788) Pause Young (Allocation Failure) 41M->31M(57M) 4.516ms
[2026-06-17T09:52:00.611+0800][19.356s][info][gc,cpu         ] GC(788) User=0.00s Sys=0.00s Real=0.01s
[2026-06-17T09:52:00.633+0800][19.379s][info][gc,start       ] GC(789) Pause Young (Allocation Failure)
[2026-06-17T09:52:00.635+0800][19.381s][info][gc,heap        ] GC(789) PSYoungGen: 7534K->3740K(14336K)
[2026-06-17T09:52:00.636+0800][19.382s][info][gc,heap        ] GC(789) ParOldGen: 31942K->32296K(44032K)
[2026-06-17T09:52:00.637+0800][19.382s][info][gc,metaspace   ] GC(789) Metaspace: 3160K(4864K)->3160K(4864K) NonClass: 2855K(4352K)->2855K(4352K) Class: 305K(512K)->305K(512K)
[2026-06-17T09:52:00.637+0800][19.383s][info][gc             ] GC(789) Pause Young (Allocation Failure) 38M->35M(57M) 3.757ms
[2026-06-17T09:52:00.638+0800][19.384s][info][gc,cpu         ] GC(789) User=0.00s Sys=0.00s Real=0.00s
[2026-06-17T09:52:00.650+0800][19.396s][info][gc,start       ] GC(790) Pause Young (Allocation Failure)
[2026-06-17T09:52:00.652+0800][19.397s][info][gc,heap        ] GC(790) PSYoungGen: 10669K->1953K(14336K)
[2026-06-17T09:52:00.652+0800][19.398s][info][gc,heap        ] GC(790) ParOldGen: 32296K->33979K(44032K)
[2026-06-17T09:52:00.653+0800][19.399s][info][gc,metaspace   ] GC(790) Metaspace: 3160K(4864K)->3160K(4864K) NonClass: 2855K(4352K)->2855K(4352K) Class: 305K(512K)->305K(512K)
[2026-06-17T09:52:00.653+0800][19.399s][info][gc             ] GC(790) Pause Young (Allocation Failure) 41M->35M(57M) 3.275ms
[2026-06-17T09:52:00.654+0800][19.399s][info][gc,cpu         ] GC(790) User=0.00s Sys=0.00s Real=0.01s
[2026-06-17T09:52:00.676+0800][19.422s][info][gc,start       ] GC(791) Pause Young (Allocation Failure)
[2026-06-17T09:52:00.678+0800][19.423s][info][gc,heap        ] GC(791) PSYoungGen: 9120K->3795K(14336K)
[2026-06-17T09:52:00.679+0800][19.424s][info][gc,heap        ] GC(791) ParOldGen: 33979K->35908K(44032K)
[2026-06-17T09:52:00.679+0800][19.425s][info][gc,metaspace   ] GC(791) Metaspace: 3160K(4864K)->3160K(4864K) NonClass: 2855K(4352K)->2855K(4352K) Class: 305K(512K)->305K(512K)
[2026-06-17T09:52:00.680+0800][19.426s][info][gc             ] GC(791) Pause Young (Allocation Failure) 42M->38M(57M) 3.852ms
[2026-06-17T09:52:00.680+0800][19.426s][info][gc,cpu         ] GC(791) User=0.01s Sys=0.00s Real=0.00s
[2026-06-17T09:52:00.702+0800][19.448s][info][gc,start       ] GC(792) Pause Young (Allocation Failure)
[2026-06-17T09:52:00.704+0800][19.450s][info][gc,heap        ] GC(792) PSYoungGen: 10916K->3757K(14336K)
[2026-06-17T09:52:00.707+0800][19.453s][info][gc,heap        ] GC(792) ParOldGen: 35908K->36265K(44032K)
[2026-06-17T09:52:00.709+0800][19.455s][info][gc,metaspace   ] GC(792) Metaspace: 3160K(4864K)->3160K(4864K) NonClass: 2855K(4352K)->2855K(4352K) Class: 305K(512K)->305K(512K)
[2026-06-17T09:52:00.710+0800][19.456s][info][gc             ] GC(792) Pause Young (Allocation Failure) 45M->39M(57M) 8.462ms
[2026-06-17T09:52:00.711+0800][19.457s][info][gc,cpu         ] GC(792) User=0.00s Sys=0.00s Real=0.02s
[2026-06-17T09:52:00.733+0800][19.479s][info][gc,start       ] GC(793) Pause Young (Allocation Failure)
[2026-06-17T09:52:00.735+0800][19.481s][info][gc,heap        ] GC(793) PSYoungGen: 10925K->1537K(14848K)
[2026-06-17T09:52:00.736+0800][19.482s][info][gc,heap        ] GC(793) ParOldGen: 36265K->38493K(44032K)
[2026-06-17T09:52:00.736+0800][19.482s][info][gc,metaspace   ] GC(793) Metaspace: 3160K(4864K)->3160K(4864K) NonClass: 2855K(4352K)->2855K(4352K) Class: 305K(512K)->305K(512K)
[2026-06-17T09:52:00.737+0800][19.483s][info][gc             ] GC(793) Pause Young (Allocation Failure) 46M->39M(57M) 3.676ms
[2026-06-17T09:52:00.737+0800][19.483s][info][gc,cpu         ] GC(793) User=0.00s Sys=0.00s Real=0.00s
[2026-06-17T09:52:00.759+0800][19.505s][info][gc,start       ] GC(794) Pause Young (Allocation Failure)
[2026-06-17T09:52:00.761+0800][19.506s][info][gc,heap        ] GC(794) PSYoungGen: 9170K->2566K(14336K)
[2026-06-17T09:52:00.761+0800][19.507s][info][gc,heap        ] GC(794) ParOldGen: 38493K->38493K(44032K)
[2026-06-17T09:52:00.762+0800][19.508s][info][gc,metaspace   ] GC(794) Metaspace: 3160K(4864K)->3160K(4864K) NonClass: 2855K(4352K)->2855K(4352K) Class: 305K(512K)->305K(512K)
[2026-06-17T09:52:00.762+0800][19.508s][info][gc             ] GC(794) Pause Young (Allocation Failure) 46M->40M(57M) 2.946ms
[2026-06-17T09:52:00.763+0800][19.509s][info][gc,cpu         ] GC(794) User=0.01s Sys=0.00s Real=0.01s
[2026-06-17T09:52:00.775+0800][19.520s][info][gc,start       ] GC(795) Pause Young (Allocation Failure)
[2026-06-17T09:52:00.777+0800][19.522s][info][gc,heap        ] GC(795) PSYoungGen: 9892K->831K(14848K)
[2026-06-17T09:52:00.777+0800][19.523s][info][gc,heap        ] GC(795) ParOldGen: 38493K->40406K(44032K)
[2026-06-17T09:52:00.778+0800][19.524s][info][gc,metaspace   ] GC(795) Metaspace: 3160K(4864K)->3160K(4864K) NonClass: 2855K(4352K)->2855K(4352K) Class: 305K(512K)->305K(512K)
[2026-06-17T09:52:00.778+0800][19.524s][info][gc             ] GC(795) Pause Young (Allocation Failure) 47M->40M(57M) 3.751ms
[2026-06-17T09:52:00.779+0800][19.525s][info][gc,cpu         ] GC(795) User=0.00s Sys=0.00s Real=0.00s
[2026-06-17T09:52:00.779+0800][19.525s][info][gc,start       ] GC(796) Pause Full (Ergonomics)
[2026-06-17T09:52:00.780+0800][19.526s][info][gc,phases,start] GC(796) Marking Phase
[2026-06-17T09:52:00.782+0800][19.528s][info][gc,phases      ] GC(796) Marking Phase 2.169ms
[2026-06-17T09:52:00.783+0800][19.528s][info][gc,phases,start] GC(796) Summary Phase
[2026-06-17T09:52:00.783+0800][19.529s][info][gc,phases      ] GC(796) Summary Phase 0.544ms
[2026-06-17T09:52:00.784+0800][19.529s][info][gc,phases,start] GC(796) Adjust Roots
[2026-06-17T09:52:00.784+0800][19.530s][info][gc,phases      ] GC(796) Adjust Roots 0.654ms
[2026-06-17T09:52:00.785+0800][19.531s][info][gc,phases,start] GC(796) Compaction Phase
[2026-06-17T09:52:00.788+0800][19.533s][info][gc,phases      ] GC(796) Compaction Phase 2.737ms
[2026-06-17T09:52:00.788+0800][19.534s][info][gc,phases,start] GC(796) Post Compact
[2026-06-17T09:52:00.788+0800][19.534s][info][gc,phases      ] GC(796) Post Compact 0.449ms
[2026-06-17T09:52:00.789+0800][19.535s][info][gc,heap        ] GC(796) PSYoungGen: 831K->0K(14848K)
[2026-06-17T09:52:00.789+0800][19.535s][info][gc,heap        ] GC(796) ParOldGen: 40406K->27001K(44032K)
[2026-06-17T09:52:00.789+0800][19.535s][info][gc,metaspace   ] GC(796) Metaspace: 3160K(4864K)->3160K(4864K) NonClass: 2855K(4352K)->2855K(4352K) Class: 305K(512K)->305K(512K)
[2026-06-17T09:52:00.790+0800][19.535s][info][gc             ] GC(796) Pause Full (Ergonomics) 40M->26M(57M) 10.145ms
[2026-06-17T09:52:00.790+0800][19.536s][info][gc,cpu         ] GC(796) User=0.01s Sys=0.00s Real=0.01s
[2026-06-17T09:52:00.811+0800][19.557s][info][gc,start       ] GC(797) Pause Young (Allocation Failure)
[2026-06-17T09:52:00.813+0800][19.559s][info][gc,heap        ] GC(797) PSYoungGen: 8144K->4564K(14848K)
[2026-06-17T09:52:00.814+0800][19.560s][info][gc,heap        ] GC(797) ParOldGen: 27001K->27001K(44032K)
[2026-06-17T09:52:00.815+0800][19.560s][info][gc,metaspace   ] GC(797) Metaspace: 3160K(4864K)->3160K(4864K) NonClass: 2855K(4352K)->2855K(4352K) Class: 305K(512K)->305K(512K)
[2026-06-17T09:52:00.815+0800][19.561s][info][gc             ] GC(797) Pause Young (Allocation Failure) 34M->30M(57M) 3.840ms
[2026-06-17T09:52:00.815+0800][19.561s][info][gc,cpu         ] GC(797) User=0.00s Sys=0.01s Real=0.00s
[2026-06-17T09:52:00.838+0800][19.584s][info][gc,start       ] GC(798) Pause Young (Allocation Failure)
[2026-06-17T09:52:00.839+0800][19.585s][info][gc,heap        ] GC(798) PSYoungGen: 12756K->4490K(12800K)
[2026-06-17T09:52:00.840+0800][19.586s][info][gc,heap        ] GC(798) ParOldGen: 27001K->28296K(44032K)
[2026-06-17T09:52:00.840+0800][19.586s][info][gc,metaspace   ] GC(798) Metaspace: 3160K(4864K)->3160K(4864K) NonClass: 2855K(4352K)->2855K(4352K) Class: 305K(512K)->305K(512K)
[2026-06-17T09:52:00.841+0800][19.587s][info][gc             ] GC(798) Pause Young (Allocation Failure) 38M->32M(55M) 3.356ms
[2026-06-17T09:52:00.842+0800][19.587s][info][gc,cpu         ] GC(798) User=0.00s Sys=0.00s Real=0.00s
[2026-06-17T09:52:00.864+0800][19.609s][info][gc,start       ] GC(799) Pause Young (Allocation Failure)
[2026-06-17T09:52:00.865+0800][19.610s][info][gc,heap        ] GC(799) PSYoungGen: 12632K->2702K(14848K)
[2026-06-17T09:52:00.865+0800][19.611s][info][gc,heap        ] GC(799) ParOldGen: 28296K->31471K(44032K)
[2026-06-17T09:52:00.865+0800][19.611s][info][gc,metaspace   ] GC(799) Metaspace: 3160K(4864K)->3160K(4864K) NonClass: 2855K(4352K)->2855K(4352K) Class: 305K(512K)->305K(512K)
[2026-06-17T09:52:00.865+0800][19.611s][info][gc             ] GC(799) Pause Young (Allocation Failure) 39M->33M(57M) 1.758ms
[2026-06-17T09:52:00.866+0800][19.611s][info][gc,cpu         ] GC(799) User=0.00s Sys=0.00s Real=0.00s
[2026-06-17T09:52:00.887+0800][19.633s][info][gc,start       ] GC(800) Pause Young (Allocation Failure)
[2026-06-17T09:52:00.888+0800][19.633s][info][gc,heap        ] GC(800) PSYoungGen: 10374K->3753K(14336K)
[2026-06-17T09:52:00.888+0800][19.634s][info][gc,heap        ] GC(800) ParOldGen: 31471K->31471K(44032K)
[2026-06-17T09:52:00.888+0800][19.634s][info][gc,metaspace   ] GC(800) Metaspace: 3160K(4864K)->3160K(4864K) NonClass: 2855K(4352K)->2855K(4352K) Class: 305K(512K)->305K(512K)
[2026-06-17T09:52:00.888+0800][19.634s][info][gc             ] GC(800) Pause Young (Allocation Failure) 40M->34M(57M) 1.766ms
[2026-06-17T09:52:00.889+0800][19.635s][info][gc,cpu         ] GC(800) User=0.00s Sys=0.00s Real=0.00s
[2026-06-17T09:52:00.910+0800][19.656s][info][gc,start       ] GC(801) Pause Young (Allocation Failure)
[2026-06-17T09:52:00.911+0800][19.657s][info][gc,heap        ] GC(801) PSYoungGen: 11430K->2381K(14848K)
[2026-06-17T09:52:00.911+0800][19.657s][info][gc,heap        ] GC(801) ParOldGen: 31471K->33253K(44032K)
[2026-06-17T09:52:00.911+0800][19.657s][info][gc,metaspace   ] GC(801) Metaspace: 3160K(4864K)->3160K(4864K) NonClass: 2855K(4352K)->2855K(4352K) Class: 305K(512K)->305K(512K)
[2026-06-17T09:52:00.912+0800][19.657s][info][gc             ] GC(801) Pause Young (Allocation Failure) 41M->34M(57M) 1.582ms
[2026-06-17T09:52:00.912+0800][19.658s][info][gc,cpu         ] GC(801) User=0.00s Sys=0.00s Real=0.01s
[2026-06-17T09:52:00.933+0800][19.679s][info][gc,start       ] GC(802) Pause Young (Allocation Failure)
[2026-06-17T09:52:00.934+0800][19.679s][info][gc,heap        ] GC(802) PSYoungGen: 10573K->3079K(14848K)
[2026-06-17T09:52:00.934+0800][19.680s][info][gc,heap        ] GC(802) ParOldGen: 33253K->33253K(44032K)
[2026-06-17T09:52:00.934+0800][19.680s][info][gc,metaspace   ] GC(802) Metaspace: 3160K(4864K)->3160K(4864K) NonClass: 2855K(4352K)->2855K(4352K) Class: 305K(512K)->305K(512K)
[2026-06-17T09:52:00.934+0800][19.680s][info][gc             ] GC(802) Pause Young (Allocation Failure) 42M->35M(57M) 1.255ms
[2026-06-17T09:52:00.934+0800][19.680s][info][gc,cpu         ] GC(802) User=0.00s Sys=0.00s Real=0.00s
[2026-06-17T09:52:00.955+0800][19.701s][info][gc,start       ] GC(803) Pause Young (Allocation Failure)
[2026-06-17T09:52:00.956+0800][19.702s][info][gc,heap        ] GC(803) PSYoungGen: 11267K->4631K(14336K)
[2026-06-17T09:52:00.956+0800][19.702s][info][gc,heap        ] GC(803) ParOldGen: 33253K->33253K(44032K)
[2026-06-17T09:52:00.956+0800][19.702s][info][gc,metaspace   ] GC(803) Metaspace: 3160K(4864K)->3160K(4864K) NonClass: 2855K(4352K)->2855K(4352K) Class: 305K(512K)->305K(512K)
[2026-06-17T09:52:00.957+0800][19.702s][info][gc             ] GC(803) Pause Young (Allocation Failure) 43M->36M(57M) 1.296ms
[2026-06-17T09:52:00.957+0800][19.702s][info][gc,cpu         ] GC(803) User=0.00s Sys=0.00s Real=0.00s
[2026-06-17T09:52:00.968+0800][19.713s][info][gc,start       ] GC(804) Pause Young (Allocation Failure)
[2026-06-17T09:52:00.969+0800][19.714s][info][gc,heap        ] GC(804) PSYoungGen: 12549K->5655K(14336K)
[2026-06-17T09:52:00.969+0800][19.715s][info][gc,heap        ] GC(804) ParOldGen: 33253K->33253K(44032K)
[2026-06-17T09:52:00.969+0800][19.715s][info][gc,metaspace   ] GC(804) Metaspace: 3160K(4864K)->3160K(4864K) NonClass: 2855K(4352K)->2855K(4352K) Class: 305K(512K)->305K(512K)
[2026-06-17T09:52:00.970+0800][19.715s][info][gc             ] GC(804) Pause Young (Allocation Failure) 44M->37M(57M) 1.945ms
[2026-06-17T09:52:00.970+0800][19.716s][info][gc,cpu         ] GC(804) User=0.01s Sys=0.00s Real=0.00s
[2026-06-17T09:52:01.002+0800][19.748s][info][gc,start       ] GC(805) Pause Young (Allocation Failure)
[2026-06-17T09:52:01.004+0800][19.750s][info][gc,heap        ] GC(805) PSYoungGen: 13820K->5529K(14336K)
[2026-06-17T09:52:01.005+0800][19.751s][info][gc,heap        ] GC(805) ParOldGen: 33253K->35118K(44032K)
[2026-06-17T09:52:01.005+0800][19.751s][info][gc,metaspace   ] GC(805) Metaspace: 3160K(4864K)->3160K(4864K) NonClass: 2855K(4352K)->2855K(4352K) Class: 305K(512K)->305K(512K)
[2026-06-17T09:52:01.006+0800][19.752s][info][gc             ] GC(805) Pause Young (Allocation Failure) 45M->39M(57M) 4.062ms
[2026-06-17T09:52:01.007+0800][19.752s][info][gc,cpu         ] GC(805) User=0.00s Sys=0.00s Real=0.01s
[2026-06-17T09:52:01.018+0800][19.764s][info][gc,start       ] GC(806) Pause Young (Allocation Failure)
[2026-06-17T09:52:01.020+0800][19.766s][info][gc,heap        ] GC(806) PSYoungGen: 12651K->6888K(14336K)
[2026-06-17T09:52:01.021+0800][19.766s][info][gc,heap        ] GC(806) ParOldGen: 35118K->37498K(44032K)
[2026-06-17T09:52:01.021+0800][19.767s][info][gc,metaspace   ] GC(806) Metaspace: 3160K(4864K)->3160K(4864K) NonClass: 2855K(4352K)->2855K(4352K) Class: 305K(512K)->305K(512K)
[2026-06-17T09:52:01.022+0800][19.768s][info][gc             ] GC(806) Pause Young (Allocation Failure) 46M->43M(57M) 3.450ms
[2026-06-17T09:52:01.022+0800][19.768s][info][gc,cpu         ] GC(806) User=0.00s Sys=0.00s Real=0.00s
[2026-06-17T09:52:01.044+0800][19.790s][info][gc,start       ] GC(807) Pause Young (Allocation Failure)
[2026-06-17T09:52:01.046+0800][19.792s][info][gc,heap        ] GC(807) PSYoungGen: 14045K->4885K(14336K)
[2026-06-17T09:52:01.047+0800][19.793s][info][gc,heap        ] GC(807) ParOldGen: 37498K->39538K(44032K)
[2026-06-17T09:52:01.048+0800][19.793s][info][gc,metaspace   ] GC(807) Metaspace: 3160K(4864K)->3160K(4864K) NonClass: 2855K(4352K)->2855K(4352K) Class: 305K(512K)->305K(512K)
[2026-06-17T09:52:01.048+0800][19.794s][info][gc             ] GC(807) Pause Young (Allocation Failure) 50M->43M(57M) 4.115ms
[2026-06-17T09:52:01.049+0800][19.794s][info][gc,cpu         ] GC(807) User=0.01s Sys=0.00s Real=0.00s
[2026-06-17T09:52:01.070+0800][19.816s][info][gc,start       ] GC(808) Pause Young (Allocation Failure)
[2026-06-17T09:52:01.094+0800][19.839s][info][gc,heap        ] GC(808) PSYoungGen: 12051K->2281K(14336K)
[2026-06-17T09:52:01.096+0800][19.841s][info][gc,heap        ] GC(808) ParOldGen: 39538K->42375K(44032K)
[2026-06-17T09:52:01.098+0800][19.844s][info][gc,metaspace   ] GC(808) Metaspace: 3160K(4864K)->3160K(4864K) NonClass: 2855K(4352K)->2855K(4352K) Class: 305K(512K)->305K(512K)
[2026-06-17T09:52:01.100+0800][19.845s][info][gc             ] GC(808) Pause Young (Allocation Failure) 50M->43M(57M) 29.417ms
[2026-06-17T09:52:01.101+0800][19.847s][info][gc,cpu         ] GC(808) User=0.00s Sys=0.00s Real=0.03s
[2026-06-17T09:52:01.103+0800][19.849s][info][gc,start       ] GC(809) Pause Full (Ergonomics)
[2026-06-17T09:52:01.104+0800][19.850s][info][gc,phases,start] GC(809) Marking Phase
[2026-06-17T09:52:01.109+0800][19.855s][info][gc,phases      ] GC(809) Marking Phase 5.351ms
[2026-06-17T09:52:01.110+0800][19.856s][info][gc,phases,start] GC(809) Summary Phase
[2026-06-17T09:52:01.111+0800][19.857s][info][gc,phases      ] GC(809) Summary Phase 0.468ms
[2026-06-17T09:52:01.112+0800][19.858s][info][gc,phases,start] GC(809) Adjust Roots
[2026-06-17T09:52:01.113+0800][19.859s][info][gc,phases      ] GC(809) Adjust Roots 0.982ms
[2026-06-17T09:52:01.142+0800][19.888s][info][gc,phases,start] GC(809) Compaction Phase
[2026-06-17T09:52:01.146+0800][19.892s][info][gc,phases      ] GC(809) Compaction Phase 3.724ms
[2026-06-17T09:52:01.155+0800][19.901s][info][gc,phases,start] GC(809) Post Compact
[2026-06-17T09:52:01.156+0800][19.902s][info][gc,phases      ] GC(809) Post Compact 0.751ms
[2026-06-17T09:52:01.157+0800][19.903s][info][gc,heap        ] GC(809) PSYoungGen: 2281K->0K(14336K)
[2026-06-17T09:52:01.158+0800][19.904s][info][gc,heap        ] GC(809) ParOldGen: 42375K->24769K(44032K)
[2026-06-17T09:52:01.159+0800][19.905s][info][gc,metaspace   ] GC(809) Metaspace: 3160K(4864K)->3160K(4864K) NonClass: 2855K(4352K)->2855K(4352K) Class: 305K(512K)->305K(512K)
[2026-06-17T09:52:01.160+0800][19.905s][info][gc             ] GC(809) Pause Full (Ergonomics) 43M->24M(57M) 56.117ms
[2026-06-17T09:52:01.160+0800][19.906s][info][gc,cpu         ] GC(809) User=0.01s Sys=0.00s Real=0.05s
[2026-06-17T09:52:01.173+0800][19.918s][info][gc,start       ] GC(810) Pause Young (Allocation Failure)
[2026-06-17T09:52:01.190+0800][19.936s][info][gc,heap        ] GC(810) PSYoungGen: 7056K->3596K(14336K)
[2026-06-17T09:52:01.191+0800][19.937s][info][gc,heap        ] GC(810) ParOldGen: 24769K->24769K(44032K)
[2026-06-17T09:52:01.195+0800][19.941s][info][gc,metaspace   ] GC(810) Metaspace: 3160K(4864K)->3160K(4864K) NonClass: 2855K(4352K)->2855K(4352K) Class: 305K(512K)->305K(512K)
[2026-06-17T09:52:01.199+0800][19.945s][info][gc             ] GC(810) Pause Young (Allocation Failure) 31M->27M(57M) 26.241ms
[2026-06-17T09:52:01.202+0800][19.948s][info][gc,cpu         ] GC(810) User=0.00s Sys=0.00s Real=0.02s
[2026-06-17T09:52:01.226+0800][19.971s][info][gc,start       ] GC(811) Pause Young (Allocation Failure)
[2026-06-17T09:52:01.227+0800][19.973s][info][gc,heap        ] GC(811) PSYoungGen: 10757K->3673K(14336K)
[2026-06-17T09:52:01.228+0800][19.974s][info][gc,heap        ] GC(811) ParOldGen: 24769K->28316K(44032K)
[2026-06-17T09:52:01.228+0800][19.974s][info][gc,metaspace   ] GC(811) Metaspace: 3160K(4864K)->3160K(4864K) NonClass: 2855K(4352K)->2855K(4352K) Class: 305K(512K)->305K(512K)
[2026-06-17T09:52:01.229+0800][19.974s][info][gc             ] GC(811) Pause Young (Allocation Failure) 34M->31M(57M) 3.033ms
[2026-06-17T09:52:01.229+0800][19.975s][info][gc,cpu         ] GC(811) User=0.01s Sys=0.00s Real=0.00s
[2026-06-17T09:52:01.251+0800][19.996s][info][gc,start       ] GC(812) Pause Young (Allocation Failure)
[2026-06-17T09:52:01.253+0800][19.999s][info][gc,heap        ] GC(812) PSYoungGen: 10832K->2217K(14336K)
[2026-06-17T09:52:01.256+0800][20.002s][info][gc,heap        ] GC(812) ParOldGen: 28316K->29755K(44032K)
[2026-06-17T09:52:01.261+0800][20.007s][info][gc,metaspace   ] GC(812) Metaspace: 3160K(4864K)->3160K(4864K) NonClass: 2855K(4352K)->2855K(4352K) Class: 305K(512K)->305K(512K)
[2026-06-17T09:52:01.265+0800][20.010s][info][gc             ] GC(812) Pause Young (Allocation Failure) 38M->31M(57M) 13.969ms
[2026-06-17T09:52:01.265+0800][20.011s][info][gc,cpu         ] GC(812) User=0.00s Sys=0.00s Real=0.01s
[2026-06-17T09:52:01.287+0800][20.033s][info][gc,start       ] GC(813) Pause Young (Allocation Failure)
[2026-06-17T09:52:01.294+0800][20.040s][info][gc,heap        ] GC(813) PSYoungGen: 9385K->646K(14336K)
[2026-06-17T09:52:01.294+0800][20.040s][info][gc,heap        ] GC(813) ParOldGen: 29755K->31916K(44032K)
[2026-06-17T09:52:01.297+0800][20.043s][info][gc,metaspace   ] GC(813) Metaspace: 3160K(4864K)->3160K(4864K) NonClass: 2855K(4352K)->2855K(4352K) Class: 305K(512K)->305K(512K)
[2026-06-17T09:52:01.297+0800][20.043s][info][gc             ] GC(813) Pause Young (Allocation Failure) 38M->31M(57M) 10.191ms
[2026-06-17T09:52:01.304+0800][20.050s][info][gc,cpu         ] GC(813) User=0.00s Sys=0.00s Real=0.02s
[2026-06-17T09:52:01.318+0800][20.064s][info][gc,start       ] GC(814) Pause Young (Allocation Failure)
[2026-06-17T09:52:01.320+0800][20.066s][info][gc,heap        ] GC(814) PSYoungGen: 7813K->4113K(14336K)
[2026-06-17T09:52:01.321+0800][20.067s][info][gc,heap        ] GC(814) ParOldGen: 31916K->31916K(44032K)
[2026-06-17T09:52:01.322+0800][20.068s][info][gc,metaspace   ] GC(814) Metaspace: 3160K(4864K)->3160K(4864K) NonClass: 2855K(4352K)->2855K(4352K) Class: 305K(512K)->305K(512K)
[2026-06-17T09:52:01.323+0800][20.069s][info][gc             ] GC(814) Pause Young (Allocation Failure) 38M->35M(57M) 5.120ms
[2026-06-17T09:52:01.327+0800][20.073s][info][gc,cpu         ] GC(814) User=0.00s Sys=0.00s Real=0.01s
[2026-06-17T09:52:01.355+0800][20.101s][info][gc,start       ] GC(815) Pause Young (Allocation Failure)
[2026-06-17T09:52:01.359+0800][20.105s][info][gc,heap        ] GC(815) PSYoungGen: 11222K->2994K(14336K)
[2026-06-17T09:52:01.361+0800][20.107s][info][gc,heap        ] GC(815) ParOldGen: 31916K->33339K(44032K)
[2026-06-17T09:52:01.363+0800][20.108s][info][gc,metaspace   ] GC(815) Metaspace: 3160K(4864K)->3160K(4864K) NonClass: 2855K(4352K)->2855K(4352K) Class: 305K(512K)->305K(512K)
[2026-06-17T09:52:01.364+0800][20.110s][info][gc             ] GC(815) Pause Young (Allocation Failure) 42M->35M(57M) 9.380ms
[2026-06-17T09:52:01.364+0800][20.110s][info][gc,cpu         ] GC(815) User=0.00s Sys=0.00s Real=0.01s
[2026-06-17T09:52:01.385+0800][20.131s][info][gc,start       ] GC(816) Pause Young (Allocation Failure)
[2026-06-17T09:52:01.386+0800][20.132s][info][gc,heap        ] GC(816) PSYoungGen: 10147K->3191K(14336K)
[2026-06-17T09:52:01.387+0800][20.132s][info][gc,heap        ] GC(816) ParOldGen: 33339K->33339K(44032K)
[2026-06-17T09:52:01.387+0800][20.133s][info][gc,metaspace   ] GC(816) Metaspace: 3160K(4864K)->3160K(4864K) NonClass: 2855K(4352K)->2855K(4352K) Class: 305K(512K)->305K(512K)
[2026-06-17T09:52:01.387+0800][20.133s][info][gc             ] GC(816) Pause Young (Allocation Failure) 42M->35M(57M) 1.543ms
[2026-06-17T09:52:01.387+0800][20.133s][info][gc,cpu         ] GC(816) User=0.00s Sys=0.00s Real=0.00s
[2026-06-17T09:52:01.398+0800][20.144s][info][gc,start       ] GC(817) Pause Young (Allocation Failure)
[2026-06-17T09:52:01.399+0800][20.145s][info][gc,heap        ] GC(817) PSYoungGen: 10348K->3474K(14848K)
[2026-06-17T09:52:01.399+0800][20.145s][info][gc,heap        ] GC(817) ParOldGen: 33339K->33339K(44032K)
[2026-06-17T09:52:01.399+0800][20.145s][info][gc,metaspace   ] GC(817) Metaspace: 3160K(4864K)->3160K(4864K) NonClass: 2855K(4352K)->2855K(4352K) Class: 305K(512K)->305K(512K)
[2026-06-17T09:52:01.399+0800][20.145s][info][gc             ] GC(817) Pause Young (Allocation Failure) 42M->35M(57M) 1.425ms
[2026-06-17T09:52:01.399+0800][20.145s][info][gc,cpu         ] GC(817) User=0.00s Sys=0.00s Real=0.00s
[2026-06-17T09:52:01.420+0800][20.166s][info][gc,start       ] GC(818) Pause Young (Allocation Failure)
[2026-06-17T09:52:01.421+0800][20.167s][info][gc,heap        ] GC(818) PSYoungGen: 11651K->6648K(14848K)
[2026-06-17T09:52:01.422+0800][20.168s][info][gc,heap        ] GC(818) ParOldGen: 33339K->35246K(44032K)
[2026-06-17T09:52:01.422+0800][20.168s][info][gc,metaspace   ] GC(818) Metaspace: 3160K(4864K)->3160K(4864K) NonClass: 2855K(4352K)->2855K(4352K) Class: 305K(512K)->305K(512K)
[2026-06-17T09:52:01.422+0800][20.168s][info][gc             ] GC(818) Pause Young (Allocation Failure) 43M->40M(57M) 2.071ms
[2026-06-17T09:52:01.423+0800][20.169s][info][gc,cpu         ] GC(818) User=0.00s Sys=0.00s Real=0.01s
[2026-06-17T09:52:01.444+0800][20.189s][info][gc,start       ] GC(819) Pause Young (Allocation Failure)
[2026-06-17T09:52:01.444+0800][20.190s][info][gc,heap        ] GC(819) PSYoungGen: 14822K->6635K(13824K)
[2026-06-17T09:52:01.445+0800][20.191s][info][gc,heap        ] GC(819) ParOldGen: 35246K->37047K(44032K)
[2026-06-17T09:52:01.445+0800][20.191s][info][gc,metaspace   ] GC(819) Metaspace: 3160K(4864K)->3160K(4864K) NonClass: 2855K(4352K)->2855K(4352K) Class: 305K(512K)->305K(512K)
[2026-06-17T09:52:01.446+0800][20.192s][info][gc             ] GC(819) Pause Young (Allocation Failure) 48M->42M(56M) 2.237ms
[2026-06-17T09:52:01.446+0800][20.192s][info][gc,cpu         ] GC(819) User=0.00s Sys=0.00s Real=0.00s
[2026-06-17T09:52:01.467+0800][20.213s][info][gc,start       ] GC(820) Pause Young (Allocation Failure)
[2026-06-17T09:52:01.469+0800][20.215s][info][gc,heap        ] GC(820) PSYoungGen: 13776K->5476K(14336K)
[2026-06-17T09:52:01.469+0800][20.215s][info][gc,heap        ] GC(820) ParOldGen: 37047K->38732K(44032K)
[2026-06-17T09:52:01.470+0800][20.215s][info][gc,metaspace   ] GC(820) Metaspace: 3160K(4864K)->3160K(4864K) NonClass: 2855K(4352K)->2855K(4352K) Class: 305K(512K)->305K(512K)
[2026-06-17T09:52:01.470+0800][20.216s][info][gc             ] GC(820) Pause Young (Allocation Failure) 49M->43M(57M) 2.446ms
[2026-06-17T09:52:01.470+0800][20.216s][info][gc,cpu         ] GC(820) User=0.00s Sys=0.01s Real=0.00s
[2026-06-17T09:52:01.492+0800][20.237s][info][gc,start       ] GC(821) Pause Young (Allocation Failure)
[2026-06-17T09:52:01.494+0800][20.240s][info][gc,heap        ] GC(821) PSYoungGen: 12617K->3428K(14336K)
[2026-06-17T09:52:01.496+0800][20.241s][info][gc,heap        ] GC(821) ParOldGen: 38732K->41082K(44032K)
[2026-06-17T09:52:01.498+0800][20.243s][info][gc,metaspace   ] GC(821) Metaspace: 3160K(4864K)->3160K(4864K) NonClass: 2855K(4352K)->2855K(4352K) Class: 305K(512K)->305K(512K)
[2026-06-17T09:52:01.498+0800][20.244s][info][gc             ] GC(821) Pause Young (Allocation Failure) 50M->43M(57M) 6.407ms
[2026-06-17T09:52:01.498+0800][20.244s][info][gc,cpu         ] GC(821) User=0.00s Sys=0.00s Real=0.00s
[2026-06-17T09:52:01.499+0800][20.245s][info][gc,start       ] GC(822) Pause Full (Ergonomics)
[2026-06-17T09:52:01.499+0800][20.245s][info][gc,phases,start] GC(822) Marking Phase
[2026-06-17T09:52:01.501+0800][20.247s][info][gc,phases      ] GC(822) Marking Phase 1.792ms
[2026-06-17T09:52:01.501+0800][20.247s][info][gc,phases,start] GC(822) Summary Phase
[2026-06-17T09:52:01.502+0800][20.248s][info][gc,phases      ] GC(822) Summary Phase 0.361ms
[2026-06-17T09:52:01.502+0800][20.248s][info][gc,phases,start] GC(822) Adjust Roots
[2026-06-17T09:52:01.502+0800][20.248s][info][gc,phases      ] GC(822) Adjust Roots 0.413ms
[2026-06-17T09:52:01.503+0800][20.249s][info][gc,phases,start] GC(822) Compaction Phase
[2026-06-17T09:52:01.506+0800][20.251s][info][gc,phases      ] GC(822) Compaction Phase 2.677ms
[2026-06-17T09:52:01.506+0800][20.252s][info][gc,phases,start] GC(822) Post Compact
[2026-06-17T09:52:01.506+0800][20.252s][info][gc,phases      ] GC(822) Post Compact 0.388ms
[2026-06-17T09:52:01.507+0800][20.253s][info][gc,heap        ] GC(822) PSYoungGen: 3428K->0K(14336K)
[2026-06-17T09:52:01.507+0800][20.253s][info][gc,heap        ] GC(822) ParOldGen: 41082K->30660K(44032K)
[2026-06-17T09:52:01.507+0800][20.253s][info][gc,metaspace   ] GC(822) Metaspace: 3160K(4864K)->3160K(4864K) NonClass: 2855K(4352K)->2855K(4352K) Class: 305K(512K)->305K(512K)
[2026-06-17T09:52:01.507+0800][20.253s][info][gc             ] GC(822) Pause Full (Ergonomics) 43M->29M(57M) 8.637ms
[2026-06-17T09:52:01.508+0800][20.253s][info][gc,cpu         ] GC(822) User=0.00s Sys=0.00s Real=0.01s
[2026-06-17T09:52:01.529+0800][20.275s][info][gc,start       ] GC(823) Pause Young (Allocation Failure)
[2026-06-17T09:52:01.530+0800][20.276s][info][gc,heap        ] GC(823) PSYoungGen: 7157K->3937K(14336K)
[2026-06-17T09:52:01.530+0800][20.276s][info][gc,heap        ] GC(823) ParOldGen: 30660K->30660K(44032K)
[2026-06-17T09:52:01.531+0800][20.277s][info][gc,metaspace   ] GC(823) Metaspace: 3160K(4864K)->3160K(4864K) NonClass: 2855K(4352K)->2855K(4352K) Class: 305K(512K)->305K(512K)
[2026-06-17T09:52:01.531+0800][20.277s][info][gc             ] GC(823) Pause Young (Allocation Failure) 36M->33M(57M) 1.824ms
[2026-06-17T09:52:01.531+0800][20.277s][info][gc,cpu         ] GC(823) User=0.01s Sys=0.00s Real=0.01s
[2026-06-17T09:52:01.552+0800][20.298s][info][gc,start       ] GC(824) Pause Young (Allocation Failure)
[2026-06-17T09:52:01.553+0800][20.299s][info][gc,heap        ] GC(824) PSYoungGen: 11077K->668K(14336K)
[2026-06-17T09:52:01.554+0800][20.300s][info][gc,heap        ] GC(824) ParOldGen: 30660K->34370K(44032K)
[2026-06-17T09:52:01.554+0800][20.300s][info][gc,metaspace   ] GC(824) Metaspace: 3160K(4864K)->3160K(4864K) NonClass: 2855K(4352K)->2855K(4352K) Class: 305K(512K)->305K(512K)
[2026-06-17T09:52:01.554+0800][20.300s][info][gc             ] GC(824) Pause Young (Allocation Failure) 40M->34M(57M) 1.539ms
[2026-06-17T09:52:01.554+0800][20.300s][info][gc,cpu         ] GC(824) User=0.00s Sys=0.00s Real=0.00s
[2026-06-17T09:52:01.565+0800][20.311s][info][gc,start       ] GC(825) Pause Young (Allocation Failure)
[2026-06-17T09:52:01.567+0800][20.312s][info][gc,heap        ] GC(825) PSYoungGen: 7820K->4412K(14336K)
[2026-06-17T09:52:01.567+0800][20.313s][info][gc,heap        ] GC(825) ParOldGen: 34370K->34370K(44032K)
[2026-06-17T09:52:01.567+0800][20.313s][info][gc,metaspace   ] GC(825) Metaspace: 3160K(4864K)->3160K(4864K) NonClass: 2855K(4352K)->2855K(4352K) Class: 305K(512K)->305K(512K)
[2026-06-17T09:52:01.567+0800][20.313s][info][gc             ] GC(825) Pause Young (Allocation Failure) 41M->37M(57M) 1.973ms
[2026-06-17T09:52:01.567+0800][20.313s][info][gc,cpu         ] GC(825) User=0.00s Sys=0.00s Real=0.00s
[2026-06-17T09:52:01.588+0800][20.334s][info][gc,start       ] GC(826) Pause Young (Allocation Failure)
[2026-06-17T09:52:01.589+0800][20.335s][info][gc,heap        ] GC(826) PSYoungGen: 11577K->2408K(14336K)
[2026-06-17T09:52:01.589+0800][20.335s][info][gc,heap        ] GC(826) ParOldGen: 34370K->36642K(44032K)
[2026-06-17T09:52:01.590+0800][20.335s][info][gc,metaspace   ] GC(826) Metaspace: 3160K(4864K)->3160K(4864K) NonClass: 2855K(4352K)->2855K(4352K) Class: 305K(512K)->305K(512K)
[2026-06-17T09:52:01.590+0800][20.336s][info][gc             ] GC(826) Pause Young (Allocation Failure) 44M->38M(57M) 1.529ms
[2026-06-17T09:52:01.590+0800][20.336s][info][gc,cpu         ] GC(826) User=0.00s Sys=0.00s Real=0.00s
[2026-06-17T09:52:01.611+0800][20.357s][info][gc,start       ] GC(827) Pause Young (Allocation Failure)
[2026-06-17T09:52:01.612+0800][20.358s][info][gc,heap        ] GC(827) PSYoungGen: 9571K->2867K(14336K)
[2026-06-17T09:52:01.613+0800][20.358s][info][gc,heap        ] GC(827) ParOldGen: 36642K->36642K(44032K)
[2026-06-17T09:52:01.613+0800][20.359s][info][gc,metaspace   ] GC(827) Metaspace: 3160K(4864K)->3160K(4864K) NonClass: 2855K(4352K)->2855K(4352K) Class: 305K(512K)->305K(512K)
[2026-06-17T09:52:01.614+0800][20.359s][info][gc             ] GC(827) Pause Young (Allocation Failure) 45M->38M(57M) 2.586ms
[2026-06-17T09:52:01.614+0800][20.360s][info][gc,cpu         ] GC(827) User=0.00s Sys=0.00s Real=0.00s
[2026-06-17T09:52:01.625+0800][20.371s][info][gc,start       ] GC(828) Pause Young (Allocation Failure)
[2026-06-17T09:52:01.626+0800][20.372s][info][gc,heap        ] GC(828) PSYoungGen: 10026K->4733K(14336K)
[2026-06-17T09:52:01.627+0800][20.373s][info][gc,heap        ] GC(828) ParOldGen: 36642K->38387K(44032K)
[2026-06-17T09:52:01.628+0800][20.373s][info][gc,metaspace   ] GC(828) Metaspace: 3160K(4864K)->3160K(4864K) NonClass: 2855K(4352K)->2855K(4352K) Class: 305K(512K)->305K(512K)
[2026-06-17T09:52:01.628+0800][20.374s][info][gc             ] GC(828) Pause Young (Allocation Failure) 45M->42M(57M) 2.931ms
[2026-06-17T09:52:01.629+0800][20.374s][info][gc,cpu         ] GC(828) User=0.00s Sys=0.00s Real=0.00s
[2026-06-17T09:52:01.650+0800][20.396s][info][gc,start       ] GC(829) Pause Young (Allocation Failure)
[2026-06-17T09:52:01.651+0800][20.397s][info][gc,heap        ] GC(829) PSYoungGen: 11873K->3184K(14336K)
[2026-06-17T09:52:01.652+0800][20.398s][info][gc,heap        ] GC(829) ParOldGen: 38387K->39829K(44032K)
[2026-06-17T09:52:01.653+0800][20.398s][info][gc,metaspace   ] GC(829) Metaspace: 3160K(4864K)->3160K(4864K) NonClass: 2855K(4352K)->2855K(4352K) Class: 305K(512K)->305K(512K)
[2026-06-17T09:52:01.653+0800][20.399s][info][gc             ] GC(829) Pause Young (Allocation Failure) 49M->42M(57M) 3.571ms
[2026-06-17T09:52:01.654+0800][20.400s][info][gc,cpu         ] GC(829) User=0.01s Sys=0.00s Real=0.01s
[2026-06-17T09:52:01.665+0800][20.411s][info][gc,start       ] GC(830) Pause Young (Allocation Failure)
[2026-06-17T09:52:01.667+0800][20.412s][info][gc,heap        ] GC(830) PSYoungGen: 10220K->1203K(14336K)
[2026-06-17T09:52:01.667+0800][20.413s][info][gc,heap        ] GC(830) ParOldGen: 39829K->42066K(44032K)
[2026-06-17T09:52:01.668+0800][20.413s][info][gc,metaspace   ] GC(830) Metaspace: 3160K(4864K)->3160K(4864K) NonClass: 2855K(4352K)->2855K(4352K) Class: 305K(512K)->305K(512K)
[2026-06-17T09:52:01.668+0800][20.414s][info][gc             ] GC(830) Pause Young (Allocation Failure) 48M->42M(57M) 2.894ms
[2026-06-17T09:52:01.669+0800][20.415s][info][gc,cpu         ] GC(830) User=0.00s Sys=0.00s Real=0.00s
[2026-06-17T09:52:01.670+0800][20.415s][info][gc,start       ] GC(831) Pause Full (Ergonomics)
[2026-06-17T09:52:01.670+0800][20.416s][info][gc,phases,start] GC(831) Marking Phase
[2026-06-17T09:52:01.671+0800][20.417s][info][gc,phases      ] GC(831) Marking Phase 1.088ms
[2026-06-17T09:52:01.672+0800][20.418s][info][gc,phases,start] GC(831) Summary Phase
[2026-06-17T09:52:01.673+0800][20.419s][info][gc,phases      ] GC(831) Summary Phase 0.674ms
[2026-06-17T09:52:01.673+0800][20.419s][info][gc,phases,start] GC(831) Adjust Roots
[2026-06-17T09:52:01.674+0800][20.420s][info][gc,phases      ] GC(831) Adjust Roots 0.833ms
[2026-06-17T09:52:01.675+0800][20.420s][info][gc,phases,start] GC(831) Compaction Phase
[2026-06-17T09:52:01.677+0800][20.423s][info][gc,phases      ] GC(831) Compaction Phase 2.251ms
[2026-06-17T09:52:01.677+0800][20.423s][info][gc,phases,start] GC(831) Post Compact
[2026-06-17T09:52:01.678+0800][20.424s][info][gc,phases      ] GC(831) Post Compact 0.676ms
[2026-06-17T09:52:01.678+0800][20.424s][info][gc,heap        ] GC(831) PSYoungGen: 1203K->0K(14336K)
[2026-06-17T09:52:01.679+0800][20.425s][info][gc,heap        ] GC(831) ParOldGen: 42066K->24738K(44032K)
[2026-06-17T09:52:01.679+0800][20.425s][info][gc,metaspace   ] GC(831) Metaspace: 3160K(4864K)->3160K(4864K) NonClass: 2855K(4352K)->2855K(4352K) Class: 305K(512K)->305K(512K)
[2026-06-17T09:52:01.679+0800][20.425s][info][gc             ] GC(831) Pause Full (Ergonomics) 42M->24M(57M) 9.843ms
[2026-06-17T09:52:01.680+0800][20.426s][info][gc,cpu         ] GC(831) User=0.00s Sys=0.00s Real=0.01s
[2026-06-17T09:52:01.701+0800][20.447s][info][gc,start       ] GC(832) Pause Young (Allocation Failure)
[2026-06-17T09:52:01.703+0800][20.449s][info][gc,heap        ] GC(832) PSYoungGen: 7157K->3947K(14336K)
[2026-06-17T09:52:01.704+0800][20.450s][info][gc,heap        ] GC(832) ParOldGen: 24738K->24738K(44032K)
[2026-06-17T09:52:01.705+0800][20.451s][info][gc,metaspace   ] GC(832) Metaspace: 3160K(4864K)->3160K(4864K) NonClass: 2855K(4352K)->2855K(4352K) Class: 305K(512K)->305K(512K)
[2026-06-17T09:52:01.706+0800][20.452s][info][gc             ] GC(832) Pause Young (Allocation Failure) 31M->28M(57M) 4.519ms
[2026-06-17T09:52:01.707+0800][20.453s][info][gc,cpu         ] GC(832) User=0.00s Sys=0.00s Real=0.01s
[2026-06-17T09:52:01.729+0800][20.475s][info][gc,start       ] GC(833) Pause Young (Allocation Failure)
[2026-06-17T09:52:01.730+0800][20.476s][info][gc,heap        ] GC(833) PSYoungGen: 11073K->4193K(14336K)
[2026-06-17T09:52:01.731+0800][20.477s][info][gc,heap        ] GC(833) ParOldGen: 24738K->24738K(44032K)
[2026-06-17T09:52:01.731+0800][20.477s][info][gc,metaspace   ] GC(833) Metaspace: 3160K(4864K)->3160K(4864K) NonClass: 2855K(4352K)->2855K(4352K) Class: 305K(512K)->305K(512K)
[2026-06-17T09:52:01.732+0800][20.478s][info][gc             ] GC(833) Pause Young (Allocation Failure) 34M->28M(57M) 2.903ms
[2026-06-17T09:52:01.732+0800][20.478s][info][gc,cpu         ] GC(833) User=0.00s Sys=0.00s Real=0.01s
[2026-06-17T09:52:01.754+0800][20.500s][info][gc,start       ] GC(834) Pause Young (Allocation Failure)
[2026-06-17T09:52:01.756+0800][20.501s][info][gc,heap        ] GC(834) PSYoungGen: 11339K->4673K(14336K)
[2026-06-17T09:52:01.756+0800][20.502s][info][gc,heap        ] GC(834) ParOldGen: 24738K->24738K(44032K)
[2026-06-17T09:52:01.757+0800][20.502s][info][gc,metaspace   ] GC(834) Metaspace: 3160K(4864K)->3160K(4864K) NonClass: 2855K(4352K)->2855K(4352K) Class: 305K(512K)->305K(512K)
[2026-06-17T09:52:01.757+0800][20.503s][info][gc             ] GC(834) Pause Young (Allocation Failure) 35M->28M(57M) 3.318ms
[2026-06-17T09:52:01.758+0800][20.504s][info][gc,cpu         ] GC(834) User=0.00s Sys=0.00s Real=0.00s
[2026-06-17T09:52:01.780+0800][20.526s][info][gc,start       ] GC(835) Pause Young (Allocation Failure)
[2026-06-17T09:52:01.782+0800][20.528s][info][gc,heap        ] GC(835) PSYoungGen: 11841K->5347K(14336K)
[2026-06-17T09:52:01.783+0800][20.529s][info][gc,heap        ] GC(835) ParOldGen: 24738K->24738K(44032K)
[2026-06-17T09:52:01.784+0800][20.530s][info][gc,metaspace   ] GC(835) Metaspace: 3160K(4864K)->3160K(4864K) NonClass: 2855K(4352K)->2855K(4352K) Class: 305K(512K)->305K(512K)
[2026-06-17T09:52:01.784+0800][20.530s][info][gc             ] GC(835) Pause Young (Allocation Failure) 35M->29M(57M) 4.493ms
[2026-06-17T09:52:01.785+0800][20.531s][info][gc,cpu         ] GC(835) User=0.00s Sys=0.01s Real=0.01s
[2026-06-17T09:52:01.797+0800][20.543s][info][gc,start       ] GC(836) Pause Young (Allocation Failure)
[2026-06-17T09:52:01.799+0800][20.545s][info][gc,heap        ] GC(836) PSYoungGen: 12411K->2136K(14336K)
[2026-06-17T09:52:01.799+0800][20.545s][info][gc,heap        ] GC(836) ParOldGen: 24738K->27925K(44032K)
[2026-06-17T09:52:01.800+0800][20.546s][info][gc,metaspace   ] GC(836) Metaspace: 3160K(4864K)->3160K(4864K) NonClass: 2855K(4352K)->2855K(4352K) Class: 305K(512K)->305K(512K)
[2026-06-17T09:52:01.801+0800][20.546s][info][gc             ] GC(836) Pause Young (Allocation Failure) 36M->29M(57M) 3.721ms
[2026-06-17T09:52:01.801+0800][20.547s][info][gc,cpu         ] GC(836) User=0.01s Sys=0.00s Real=0.00s
[2026-06-17T09:52:01.824+0800][20.569s][info][gc,start       ] GC(837) Pause Young (Allocation Failure)
[2026-06-17T09:52:01.826+0800][20.572s][info][gc,heap        ] GC(837) PSYoungGen: 9304K->3577K(14336K)
[2026-06-17T09:52:01.827+0800][20.573s][info][gc,heap        ] GC(837) ParOldGen: 27925K->30037K(44032K)
[2026-06-17T09:52:01.828+0800][20.573s][info][gc,metaspace   ] GC(837) Metaspace: 3160K(4864K)->3160K(4864K) NonClass: 2855K(4352K)->2855K(4352K) Class: 305K(512K)->305K(512K)
[2026-06-17T09:52:01.828+0800][20.574s][info][gc             ] GC(837) Pause Young (Allocation Failure) 36M->32M(57M) 4.683ms
[2026-06-17T09:52:01.829+0800][20.575s][info][gc,cpu         ] GC(837) User=0.00s Sys=0.00s Real=0.00s
[2026-06-17T09:52:01.851+0800][20.597s][info][gc,start       ] GC(838) Pause Young (Allocation Failure)
[2026-06-17T09:52:01.854+0800][20.600s][info][gc,heap        ] GC(838) PSYoungGen: 10735K->4069K(14336K)
[2026-06-17T09:52:01.855+0800][20.601s][info][gc,heap        ] GC(838) ParOldGen: 30037K->30037K(44032K)
[2026-06-17T09:52:01.857+0800][20.603s][info][gc,metaspace   ] GC(838) Metaspace: 3160K(4864K)->3160K(4864K) NonClass: 2855K(4352K)->2855K(4352K) Class: 305K(512K)->305K(512K)
[2026-06-17T09:52:01.858+0800][20.603s][info][gc             ] GC(838) Pause Young (Allocation Failure) 39M->33M(57M) 6.384ms
[2026-06-17T09:52:01.859+0800][20.605s][info][gc,cpu         ] GC(838) User=0.00s Sys=0.00s Real=0.00s
[2026-06-17T09:52:01.873+0800][20.619s][info][gc,start       ] GC(839) Pause Young (Allocation Failure)
[2026-06-17T09:52:01.875+0800][20.621s][info][gc,heap        ] GC(839) PSYoungGen: 11217K->7001K(14336K)
[2026-06-17T09:52:01.876+0800][20.622s][info][gc,heap        ] GC(839) ParOldGen: 30037K->30904K(44032K)
[2026-06-17T09:52:01.876+0800][20.622s][info][gc,metaspace   ] GC(839) Metaspace: 3160K(4864K)->3160K(4864K) NonClass: 2855K(4352K)->2855K(4352K) Class: 305K(512K)->305K(512K)
[2026-06-17T09:52:01.877+0800][20.623s][info][gc             ] GC(839) Pause Young (Allocation Failure) 40M->37M(57M) 3.937ms
[2026-06-17T09:52:01.877+0800][20.623s][info][gc,cpu         ] GC(839) User=0.00s Sys=0.00s Real=0.00s
[2026-06-17T09:52:01.900+0800][20.646s][info][gc,start       ] GC(840) Pause Young (Allocation Failure)
[2026-06-17T09:52:01.903+0800][20.649s][info][gc,heap        ] GC(840) PSYoungGen: 14148K->3898K(14336K)
[2026-06-17T09:52:01.903+0800][20.649s][info][gc,heap        ] GC(840) ParOldGen: 30904K->34059K(44032K)
[2026-06-17T09:52:01.904+0800][20.650s][info][gc,metaspace   ] GC(840) Metaspace: 3160K(4864K)->3160K(4864K) NonClass: 2855K(4352K)->2855K(4352K) Class: 305K(512K)->305K(512K)
[2026-06-17T09:52:01.905+0800][20.651s][info][gc             ] GC(840) Pause Young (Allocation Failure) 43M->37M(57M) 4.680ms
[2026-06-17T09:52:01.905+0800][20.651s][info][gc,cpu         ] GC(840) User=0.00s Sys=0.00s Real=0.01s
[2026-06-17T09:52:01.928+0800][20.674s][info][gc,start       ] GC(841) Pause Young (Allocation Failure)
[2026-06-17T09:52:01.930+0800][20.676s][info][gc,heap        ] GC(841) PSYoungGen: 11015K->949K(14336K)
[2026-06-17T09:52:01.931+0800][20.677s][info][gc,heap        ] GC(841) ParOldGen: 34059K->37293K(44032K)
[2026-06-17T09:52:01.931+0800][20.677s][info][gc,metaspace   ] GC(841) Metaspace: 3160K(4864K)->3160K(4864K) NonClass: 2855K(4352K)->2855K(4352K) Class: 305K(512K)->305K(512K)
[2026-06-17T09:52:01.932+0800][20.678s][info][gc             ] GC(841) Pause Young (Allocation Failure) 44M->37M(57M) 4.273ms
[2026-06-17T09:52:01.933+0800][20.679s][info][gc,cpu         ] GC(841) User=0.01s Sys=0.00s Real=0.01s
[2026-06-17T09:52:01.945+0800][20.691s][info][gc,start       ] GC(842) Pause Young (Allocation Failure)
[2026-06-17T09:52:01.947+0800][20.693s][info][gc,heap        ] GC(842) PSYoungGen: 8089K->5073K(14336K)
[2026-06-17T09:52:01.948+0800][20.694s][info][gc,heap        ] GC(842) ParOldGen: 37293K->37293K(44032K)
[2026-06-17T09:52:01.949+0800][20.695s][info][gc,metaspace   ] GC(842) Metaspace: 3160K(4864K)->3160K(4864K) NonClass: 2855K(4352K)->2855K(4352K) Class: 305K(512K)->305K(512K)
[2026-06-17T09:52:01.949+0800][20.695s][info][gc             ] GC(842) Pause Young (Allocation Failure) 44M->41M(57M) 4.507ms
[2026-06-17T09:52:01.950+0800][20.696s][info][gc,cpu         ] GC(842) User=0.00s Sys=0.00s Real=0.00s
[2026-06-17T09:52:01.973+0800][20.718s][info][gc,start       ] GC(843) Pause Young (Allocation Failure)
[2026-06-17T09:52:01.975+0800][20.721s][info][gc,heap        ] GC(843) PSYoungGen: 12214K->3420K(14336K)
[2026-06-17T09:52:01.975+0800][20.721s][info][gc,heap        ] GC(843) ParOldGen: 37293K->39262K(44032K)
[2026-06-17T09:52:01.976+0800][20.722s][info][gc,metaspace   ] GC(843) Metaspace: 3160K(4864K)->3160K(4864K) NonClass: 2855K(4352K)->2855K(4352K) Class: 305K(512K)->305K(512K)
[2026-06-17T09:52:01.977+0800][20.723s][info][gc             ] GC(843) Pause Young (Allocation Failure) 48M->41M(57M) 4.064ms
[2026-06-17T09:52:01.977+0800][20.723s][info][gc,cpu         ] GC(843) User=0.01s Sys=0.00s Real=0.00s
[2026-06-17T09:52:01.999+0800][20.745s][info][gc,start       ] GC(844) Pause Young (Allocation Failure)
[2026-06-17T09:52:02.001+0800][20.747s][info][gc,heap        ] GC(844) PSYoungGen: 10564K->3530K(14336K)
[2026-06-17T09:52:02.002+0800][20.748s][info][gc,heap        ] GC(844) ParOldGen: 39262K->39262K(44032K)
[2026-06-17T09:52:02.003+0800][20.748s][info][gc,metaspace   ] GC(844) Metaspace: 3160K(4864K)->3160K(4864K) NonClass: 2855K(4352K)->2855K(4352K) Class: 305K(512K)->305K(512K)
[2026-06-17T09:52:02.003+0800][20.749s][info][gc             ] GC(844) Pause Young (Allocation Failure) 48M->41M(57M) 3.884ms
[2026-06-17T09:52:02.004+0800][20.750s][info][gc,cpu         ] GC(844) User=0.00s Sys=0.00s Real=0.01s
[2026-06-17T09:52:02.015+0800][20.761s][info][gc,start       ] GC(845) Pause Young (Allocation Failure)
[2026-06-17T09:52:02.017+0800][20.762s][info][gc,heap        ] GC(845) PSYoungGen: 10508K->1477K(14336K)
[2026-06-17T09:52:02.017+0800][20.763s][info][gc,heap        ] GC(845) ParOldGen: 39262K->41375K(44032K)
[2026-06-17T09:52:02.017+0800][20.763s][info][gc,metaspace   ] GC(845) Metaspace: 3160K(4864K)->3160K(4864K) NonClass: 2855K(4352K)->2855K(4352K) Class: 305K(512K)->305K(512K)
[2026-06-17T09:52:02.018+0800][20.764s][info][gc             ] GC(845) Pause Young (Allocation Failure) 48M->41M(57M) 2.505ms
[2026-06-17T09:52:02.018+0800][20.764s][info][gc,cpu         ] GC(845) User=0.00s Sys=0.00s Real=0.00s
[2026-06-17T09:52:02.019+0800][20.764s][info][gc,start       ] GC(846) Pause Full (Ergonomics)
[2026-06-17T09:52:02.019+0800][20.765s][info][gc,phases,start] GC(846) Marking Phase
[2026-06-17T09:52:02.021+0800][20.766s][info][gc,phases      ] GC(846) Marking Phase 1.578ms
[2026-06-17T09:52:02.021+0800][20.767s][info][gc,phases,start] GC(846) Summary Phase
[2026-06-17T09:52:02.021+0800][20.767s][info][gc,phases      ] GC(846) Summary Phase 0.271ms
[2026-06-17T09:52:02.021+0800][20.767s][info][gc,phases,start] GC(846) Adjust Roots
[2026-06-17T09:52:02.022+0800][20.768s][info][gc,phases      ] GC(846) Adjust Roots 0.425ms
[2026-06-17T09:52:02.022+0800][20.768s][info][gc,phases,start] GC(846) Compaction Phase
[2026-06-17T09:52:02.024+0800][20.770s][info][gc,phases      ] GC(846) Compaction Phase 1.704ms
[2026-06-17T09:52:02.024+0800][20.770s][info][gc,phases,start] GC(846) Post Compact
[2026-06-17T09:52:02.025+0800][20.770s][info][gc,phases      ] GC(846) Post Compact 0.298ms
[2026-06-17T09:52:02.025+0800][20.771s][info][gc,heap        ] GC(846) PSYoungGen: 1477K->0K(14336K)
[2026-06-17T09:52:02.025+0800][20.771s][info][gc,heap        ] GC(846) ParOldGen: 41375K->22275K(44032K)
[2026-06-17T09:52:02.025+0800][20.771s][info][gc,metaspace   ] GC(846) Metaspace: 3160K(4864K)->3160K(4864K) NonClass: 2855K(4352K)->2855K(4352K) Class: 305K(512K)->305K(512K)
[2026-06-17T09:52:02.025+0800][20.771s][info][gc             ] GC(846) Pause Full (Ergonomics) 41M->21M(57M) 6.692ms
[2026-06-17T09:52:02.025+0800][20.771s][info][gc,cpu         ] GC(846) User=0.01s Sys=0.00s Real=0.01s
[2026-06-17T09:52:02.047+0800][20.793s][info][gc,start       ] GC(847) Pause Young (Allocation Failure)
[2026-06-17T09:52:02.049+0800][20.795s][info][gc,heap        ] GC(847) PSYoungGen: 7127K->3610K(14336K)
[2026-06-17T09:52:02.050+0800][20.796s][info][gc,heap        ] GC(847) ParOldGen: 22275K->22275K(44032K)
[2026-06-17T09:52:02.051+0800][20.796s][info][gc,metaspace   ] GC(847) Metaspace: 3160K(4864K)->3160K(4864K) NonClass: 2855K(4352K)->2855K(4352K) Class: 305K(512K)->305K(512K)
[2026-06-17T09:52:02.051+0800][20.797s][info][gc             ] GC(847) Pause Young (Allocation Failure) 28M->25M(57M) 3.997ms
[2026-06-17T09:52:02.052+0800][20.798s][info][gc,cpu         ] GC(847) User=0.00s Sys=0.00s Real=0.01s
[2026-06-17T09:52:02.074+0800][20.819s][info][gc,start       ] GC(848) Pause Young (Allocation Failure)
[2026-06-17T09:52:02.076+0800][20.822s][info][gc,heap        ] GC(848) PSYoungGen: 10764K->3415K(14336K)
[2026-06-17T09:52:02.076+0800][20.822s][info][gc,heap        ] GC(848) ParOldGen: 22275K->22756K(44032K)
[2026-06-17T09:52:02.077+0800][20.823s][info][gc,metaspace   ] GC(848) Metaspace: 3160K(4864K)->3160K(4864K) NonClass: 2855K(4352K)->2855K(4352K) Class: 305K(512K)->305K(512K)
[2026-06-17T09:52:02.078+0800][20.824s][info][gc             ] GC(848) Pause Young (Allocation Failure) 32M->25M(57M) 4.223ms
[2026-06-17T09:52:02.078+0800][20.824s][info][gc,cpu         ] GC(848) User=0.00s Sys=0.00s Real=0.00s
[2026-06-17T09:52:02.100+0800][20.846s][info][gc,start       ] GC(849) Pause Young (Allocation Failure)
[2026-06-17T09:52:02.101+0800][20.847s][info][gc,heap        ] GC(849) PSYoungGen: 10581K->1277K(14848K)
[2026-06-17T09:52:02.102+0800][20.848s][info][gc,heap        ] GC(849) ParOldGen: 22756K->24935K(44032K)
[2026-06-17T09:52:02.103+0800][20.848s][info][gc,metaspace   ] GC(849) Metaspace: 3160K(4864K)->3160K(4864K) NonClass: 2855K(4352K)->2855K(4352K) Class: 305K(512K)->305K(512K)
[2026-06-17T09:52:02.103+0800][20.849s][info][gc             ] GC(849) Pause Young (Allocation Failure) 32M->25M(57M) 3.054ms
[2026-06-17T09:52:02.104+0800][20.850s][info][gc,cpu         ] GC(849) User=0.01s Sys=0.00s Real=0.01s
[2026-06-17T09:52:02.116+0800][20.862s][info][gc,start       ] GC(850) Pause Young (Allocation Failure)
[2026-06-17T09:52:02.117+0800][20.863s][info][gc,heap        ] GC(850) PSYoungGen: 9469K->6210K(14848K)
[2026-06-17T09:52:02.118+0800][20.864s][info][gc,heap        ] GC(850) ParOldGen: 24935K->24935K(44032K)
[2026-06-17T09:52:02.119+0800][20.865s][info][gc,metaspace   ] GC(850) Metaspace: 3160K(4864K)->3160K(4864K) NonClass: 2855K(4352K)->2855K(4352K) Class: 305K(512K)->305K(512K)
[2026-06-17T09:52:02.122+0800][20.868s][info][gc             ] GC(850) Pause Young (Allocation Failure) 33M->30M(57M) 6.265ms
[2026-06-17T09:52:02.123+0800][20.869s][info][gc,cpu         ] GC(850) User=0.00s Sys=0.00s Real=0.01s
[2026-06-17T09:52:02.145+0800][20.891s][info][gc,start       ] GC(851) Pause Young (Allocation Failure)
[2026-06-17T09:52:02.147+0800][20.893s][info][gc,heap        ] GC(851) PSYoungGen: 14103K->320K(13824K)
[2026-06-17T09:52:02.148+0800][20.894s][info][gc,heap        ] GC(851) ParOldGen: 24935K->27973K(44032K)
[2026-06-17T09:52:02.149+0800][20.895s][info][gc,metaspace   ] GC(851) Metaspace: 3160K(4864K)->3160K(4864K) NonClass: 2855K(4352K)->2855K(4352K) Class: 305K(512K)->305K(512K)
[2026-06-17T09:52:02.149+0800][20.895s][info][gc             ] GC(851) Pause Young (Allocation Failure) 38M->27M(56M) 3.978ms
[2026-06-17T09:52:02.150+0800][20.896s][info][gc,cpu         ] GC(851) User=0.00s Sys=0.00s Real=0.00s
[2026-06-17T09:52:02.173+0800][20.919s][info][gc,start       ] GC(852) Pause Young (Allocation Failure)
[2026-06-17T09:52:02.175+0800][20.921s][info][gc,heap        ] GC(852) PSYoungGen: 7487K->4135K(14336K)
[2026-06-17T09:52:02.176+0800][20.922s][info][gc,heap        ] GC(852) ParOldGen: 27973K->28269K(44032K)
[2026-06-17T09:52:02.177+0800][20.922s][info][gc,metaspace   ] GC(852) Metaspace: 3160K(4864K)->3160K(4864K) NonClass: 2855K(4352K)->2855K(4352K) Class: 305K(512K)->305K(512K)
[2026-06-17T09:52:02.177+0800][20.923s][info][gc             ] GC(852) Pause Young (Allocation Failure) 34M->31M(57M) 4.081ms
[2026-06-17T09:52:02.178+0800][20.924s][info][gc,cpu         ] GC(852) User=0.01s Sys=0.00s Real=0.00s
[2026-06-17T09:52:02.200+0800][20.946s][info][gc,start       ] GC(853) Pause Young (Allocation Failure)
[2026-06-17T09:52:02.202+0800][20.948s][info][gc,heap        ] GC(853) PSYoungGen: 11276K->2971K(14336K)
[2026-06-17T09:52:02.203+0800][20.948s][info][gc,heap        ] GC(853) ParOldGen: 28269K->29885K(44032K)
[2026-06-17T09:52:02.203+0800][20.949s][info][gc,metaspace   ] GC(853) Metaspace: 3160K(4864K)->3160K(4864K) NonClass: 2855K(4352K)->2855K(4352K) Class: 305K(512K)->305K(512K)
[2026-06-17T09:52:02.204+0800][20.950s][info][gc             ] GC(853) Pause Young (Allocation Failure) 38M->32M(57M) 3.740ms
[2026-06-17T09:52:02.204+0800][20.950s][info][gc,cpu         ] GC(853) User=0.00s Sys=0.00s Real=0.01s
[2026-06-17T09:52:02.226+0800][20.972s][info][gc,start       ] GC(854) Pause Young (Allocation Failure)
[2026-06-17T09:52:02.228+0800][20.974s][info][gc,heap        ] GC(854) PSYoungGen: 10129K->1003K(14336K)
[2026-06-17T09:52:02.229+0800][20.975s][info][gc,heap        ] GC(854) ParOldGen: 29885K->31737K(44032K)
[2026-06-17T09:52:02.230+0800][20.976s][info][gc,metaspace   ] GC(854) Metaspace: 3160K(4864K)->3160K(4864K) NonClass: 2855K(4352K)->2855K(4352K) Class: 305K(512K)->305K(512K)
[2026-06-17T09:52:02.231+0800][20.977s][info][gc             ] GC(854) Pause Young (Allocation Failure) 39M->31M(57M) 4.539ms
[2026-06-17T09:52:02.231+0800][20.977s][info][gc,cpu         ] GC(854) User=0.00s Sys=0.00s Real=0.01s
[2026-06-17T09:52:02.243+0800][20.989s][info][gc,start       ] GC(855) Pause Young (Allocation Failure)
[2026-06-17T09:52:02.244+0800][20.990s][info][gc,heap        ] GC(855) PSYoungGen: 8150K->4718K(14336K)
[2026-06-17T09:52:02.245+0800][20.991s][info][gc,heap        ] GC(855) ParOldGen: 31737K->31737K(44032K)
[2026-06-17T09:52:02.245+0800][20.991s][info][gc,metaspace   ] GC(855) Metaspace: 3160K(4864K)->3160K(4864K) NonClass: 2855K(4352K)->2855K(4352K) Class: 305K(512K)->305K(512K)
[2026-06-17T09:52:02.246+0800][20.991s][info][gc             ] GC(855) Pause Young (Allocation Failure) 38M->35M(57M) 2.662ms
[2026-06-17T09:52:02.246+0800][20.992s][info][gc,cpu         ] GC(855) User=0.00s Sys=0.00s Real=0.00s
[2026-06-17T09:52:02.268+0800][21.013s][info][gc,start       ] GC(856) Pause Young (Allocation Failure)
[2026-06-17T09:52:02.270+0800][21.015s][info][gc,heap        ] GC(856) PSYoungGen: 11879K->3112K(14336K)
[2026-06-17T09:52:02.270+0800][21.016s][info][gc,heap        ] GC(856) ParOldGen: 31737K->33765K(44032K)
[2026-06-17T09:52:02.270+0800][21.016s][info][gc,metaspace   ] GC(856) Metaspace: 3160K(4864K)->3160K(4864K) NonClass: 2855K(4352K)->2855K(4352K) Class: 305K(512K)->305K(512K)
[2026-06-17T09:52:02.271+0800][21.017s][info][gc             ] GC(856) Pause Young (Allocation Failure) 42M->36M(57M) 3.156ms
[2026-06-17T09:52:02.271+0800][21.017s][info][gc,cpu         ] GC(856) User=0.00s Sys=0.00s Real=0.01s
[2026-06-17T09:52:02.293+0800][21.039s][info][gc,start       ] GC(857) Pause Young (Allocation Failure)
[2026-06-17T09:52:02.295+0800][21.040s][info][gc,heap        ] GC(857) PSYoungGen: 10270K->3441K(14848K)
[2026-06-17T09:52:02.295+0800][21.041s][info][gc,heap        ] GC(857) ParOldGen: 33765K->33765K(44032K)
[2026-06-17T09:52:02.295+0800][21.041s][info][gc,metaspace   ] GC(857) Metaspace: 3160K(4864K)->3160K(4864K) NonClass: 2855K(4352K)->2855K(4352K) Class: 305K(512K)->305K(512K)
[2026-06-17T09:52:02.296+0800][21.042s][info][gc             ] GC(857) Pause Young (Allocation Failure) 43M->36M(57M) 2.881ms
[2026-06-17T09:52:02.296+0800][21.042s][info][gc,cpu         ] GC(857) User=0.00s Sys=0.00s Real=0.00s
[2026-06-17T09:52:02.318+0800][21.064s][info][gc,start       ] GC(858) Pause Young (Allocation Failure)
[2026-06-17T09:52:02.320+0800][21.066s][info][gc,heap        ] GC(858) PSYoungGen: 11087K->2497K(14336K)
[2026-06-17T09:52:02.321+0800][21.067s][info][gc,heap        ] GC(858) ParOldGen: 33765K->35511K(44032K)
[2026-06-17T09:52:02.322+0800][21.068s][info][gc,metaspace   ] GC(858) Metaspace: 3160K(4864K)->3160K(4864K) NonClass: 2855K(4352K)->2855K(4352K) Class: 305K(512K)->305K(512K)
[2026-06-17T09:52:02.323+0800][21.068s][info][gc             ] GC(858) Pause Young (Allocation Failure) 43M->37M(57M) 4.374ms
[2026-06-17T09:52:02.323+0800][21.069s][info][gc,cpu         ] GC(858) User=0.00s Sys=0.00s Real=0.01s
[2026-06-17T09:52:02.335+0800][21.081s][info][gc,start       ] GC(859) Pause Young (Allocation Failure)
[2026-06-17T09:52:02.337+0800][21.083s][info][gc,heap        ] GC(859) PSYoungGen: 9186K->0K(14848K)
[2026-06-17T09:52:02.338+0800][21.084s][info][gc,heap        ] GC(859) ParOldGen: 35511K->37662K(44032K)
[2026-06-17T09:52:02.340+0800][21.086s][info][gc,metaspace   ] GC(859) Metaspace: 3160K(4864K)->3160K(4864K) NonClass: 2855K(4352K)->2855K(4352K) Class: 305K(512K)->305K(512K)
[2026-06-17T09:52:02.341+0800][21.087s][info][gc             ] GC(859) Pause Young (Allocation Failure) 43M->36M(57M) 5.571ms
[2026-06-17T09:52:02.341+0800][21.087s][info][gc,cpu         ] GC(859) User=0.01s Sys=0.00s Real=0.00s
[2026-06-17T09:52:02.363+0800][21.109s][info][gc,start       ] GC(860) Pause Young (Allocation Failure)
[2026-06-17T09:52:02.365+0800][21.110s][info][gc,heap        ] GC(860) PSYoungGen: 8167K->4760K(13312K)
[2026-06-17T09:52:02.365+0800][21.111s][info][gc,heap        ] GC(860) ParOldGen: 37662K->37662K(44032K)
[2026-06-17T09:52:02.366+0800][21.111s][info][gc,metaspace   ] GC(860) Metaspace: 3160K(4864K)->3160K(4864K) NonClass: 2855K(4352K)->2855K(4352K) Class: 305K(512K)->305K(512K)
[2026-06-17T09:52:02.366+0800][21.112s][info][gc             ] GC(860) Pause Young (Allocation Failure) 44M->41M(56M) 2.557ms
[2026-06-17T09:52:02.366+0800][21.112s][info][gc,cpu         ] GC(860) User=0.00s Sys=0.00s Real=0.00s
[2026-06-17T09:52:02.388+0800][21.134s][info][gc,start       ] GC(861) Pause Young (Allocation Failure)
[2026-06-17T09:52:02.390+0800][21.136s][info][gc,heap        ] GC(861) PSYoungGen: 12948K->2162K(14336K)
[2026-06-17T09:52:02.390+0800][21.136s][info][gc,heap        ] GC(861) ParOldGen: 37662K->41484K(44032K)
[2026-06-17T09:52:02.391+0800][21.137s][info][gc,metaspace   ] GC(861) Metaspace: 3160K(4864K)->3160K(4864K) NonClass: 2855K(4352K)->2855K(4352K) Class: 305K(512K)->305K(512K)
[2026-06-17T09:52:02.391+0800][21.137s][info][gc             ] GC(861) Pause Young (Allocation Failure) 49M->42M(57M) 3.370ms
[2026-06-17T09:52:02.392+0800][21.138s][info][gc,cpu         ] GC(861) User=0.00s Sys=0.01s Real=0.01s
[2026-06-17T09:52:02.392+0800][21.138s][info][gc,start       ] GC(862) Pause Full (Ergonomics)
[2026-06-17T09:52:02.392+0800][21.138s][info][gc,phases,start] GC(862) Marking Phase
[2026-06-17T09:52:02.394+0800][21.140s][info][gc,phases      ] GC(862) Marking Phase 1.402ms
[2026-06-17T09:52:02.394+0800][21.140s][info][gc,phases,start] GC(862) Summary Phase
[2026-06-17T09:52:02.394+0800][21.140s][info][gc,phases      ] GC(862) Summary Phase 0.195ms
[2026-06-17T09:52:02.395+0800][21.140s][info][gc,phases,start] GC(862) Adjust Roots
[2026-06-17T09:52:02.395+0800][21.141s][info][gc,phases      ] GC(862) Adjust Roots 0.340ms
[2026-06-17T09:52:02.395+0800][21.141s][info][gc,phases,start] GC(862) Compaction Phase
[2026-06-17T09:52:02.397+0800][21.143s][info][gc,phases      ] GC(862) Compaction Phase 2.093ms
[2026-06-17T09:52:02.398+0800][21.143s][info][gc,phases,start] GC(862) Post Compact
[2026-06-17T09:52:02.398+0800][21.144s][info][gc,phases      ] GC(862) Post Compact 0.275ms
[2026-06-17T09:52:02.398+0800][21.144s][info][gc,heap        ] GC(862) PSYoungGen: 2162K->0K(14336K)
[2026-06-17T09:52:02.398+0800][21.144s][info][gc,heap        ] GC(862) ParOldGen: 41484K->33378K(44032K)
[2026-06-17T09:52:02.398+0800][21.144s][info][gc,metaspace   ] GC(862) Metaspace: 3160K(4864K)->3160K(4864K) NonClass: 2855K(4352K)->2855K(4352K) Class: 305K(512K)->305K(512K)
[2026-06-17T09:52:02.399+0800][21.144s][info][gc             ] GC(862) Pause Full (Ergonomics) 42M->32M(57M) 6.523ms
[2026-06-17T09:52:02.399+0800][21.145s][info][gc,cpu         ] GC(862) User=0.00s Sys=0.00s Real=0.00s
[2026-06-17T09:52:02.420+0800][21.166s][info][gc,start       ] GC(863) Pause Young (Allocation Failure)
[2026-06-17T09:52:02.421+0800][21.167s][info][gc,heap        ] GC(863) PSYoungGen: 7158K->3840K(14336K)
[2026-06-17T09:52:02.422+0800][21.168s][info][gc,heap        ] GC(863) ParOldGen: 33378K->33378K(44032K)
[2026-06-17T09:52:02.423+0800][21.168s][info][gc,metaspace   ] GC(863) Metaspace: 3160K(4864K)->3160K(4864K) NonClass: 2855K(4352K)->2855K(4352K) Class: 305K(512K)->305K(512K)
[2026-06-17T09:52:02.423+0800][21.169s][info][gc             ] GC(863) Pause Young (Allocation Failure) 39M->36M(57M) 2.863ms
[2026-06-17T09:52:02.423+0800][21.169s][info][gc,cpu         ] GC(863) User=0.00s Sys=0.00s Real=0.01s
[2026-06-17T09:52:02.435+0800][21.181s][info][gc,start       ] GC(864) Pause Young (Allocation Failure)
[2026-06-17T09:52:02.437+0800][21.182s][info][gc,heap        ] GC(864) PSYoungGen: 10692K->957K(14336K)
[2026-06-17T09:52:02.437+0800][21.183s][info][gc,heap        ] GC(864) ParOldGen: 33378K->36323K(44032K)
[2026-06-17T09:52:02.438+0800][21.183s][info][gc,metaspace   ] GC(864) Metaspace: 3160K(4864K)->3160K(4864K) NonClass: 2855K(4352K)->2855K(4352K) Class: 305K(512K)->305K(512K)
[2026-06-17T09:52:02.438+0800][21.184s][info][gc             ] GC(864) Pause Young (Allocation Failure) 43M->36M(57M) 2.954ms
[2026-06-17T09:52:02.438+0800][21.184s][info][gc,cpu         ] GC(864) User=0.00s Sys=0.00s Real=0.00s
[2026-06-17T09:52:02.461+0800][21.206s][info][gc,start       ] GC(865) Pause Young (Allocation Failure)
[2026-06-17T09:52:02.463+0800][21.209s][info][gc,heap        ] GC(865) PSYoungGen: 8121K->3868K(14848K)
[2026-06-17T09:52:02.464+0800][21.210s][info][gc,heap        ] GC(865) ParOldGen: 36323K->37256K(44032K)
[2026-06-17T09:52:02.464+0800][21.210s][info][gc,metaspace   ] GC(865) Metaspace: 3160K(4864K)->3160K(4864K) NonClass: 2855K(4352K)->2855K(4352K) Class: 305K(512K)->305K(512K)
[2026-06-17T09:52:02.465+0800][21.211s][info][gc             ] GC(865) Pause Young (Allocation Failure) 43M->40M(57M) 4.607ms
[2026-06-17T09:52:02.466+0800][21.212s][info][gc,cpu         ] GC(865) User=0.00s Sys=0.00s Real=0.01s
[2026-06-17T09:52:02.489+0800][21.235s][info][gc,start       ] GC(866) Pause Young (Allocation Failure)
[2026-06-17T09:52:02.491+0800][21.237s][info][gc,heap        ] GC(866) PSYoungGen: 11544K->2996K(14336K)
[2026-06-17T09:52:02.492+0800][21.238s][info][gc,heap        ] GC(866) ParOldGen: 37256K->38739K(44032K)
[2026-06-17T09:52:02.492+0800][21.238s][info][gc,metaspace   ] GC(866) Metaspace: 3160K(4864K)->3160K(4864K) NonClass: 2855K(4352K)->2855K(4352K) Class: 305K(512K)->305K(512K)
[2026-06-17T09:52:02.493+0800][21.239s][info][gc             ] GC(866) Pause Young (Allocation Failure) 47M->40M(57M) 4.483ms
[2026-06-17T09:52:02.494+0800][21.240s][info][gc,cpu         ] GC(866) User=0.00s Sys=0.00s Real=0.01s
[2026-06-17T09:52:02.516+0800][21.262s][info][gc,start       ] GC(867) Pause Young (Allocation Failure)
[2026-06-17T09:52:02.518+0800][21.264s][info][gc,heap        ] GC(867) PSYoungGen: 10661K->2032K(15360K)
[2026-06-17T09:52:02.519+0800][21.265s][info][gc,heap        ] GC(867) ParOldGen: 38739K->40513K(44032K)
[2026-06-17T09:52:02.519+0800][21.265s][info][gc,metaspace   ] GC(867) Metaspace: 3160K(4864K)->3160K(4864K) NonClass: 2855K(4352K)->2855K(4352K) Class: 305K(512K)->305K(512K)
[2026-06-17T09:52:02.520+0800][21.266s][info][gc             ] GC(867) Pause Young (Allocation Failure) 48M->41M(58M) 3.424ms
[2026-06-17T09:52:02.520+0800][21.266s][info][gc,cpu         ] GC(867) User=0.00s Sys=0.00s Real=0.00s
[2026-06-17T09:52:02.521+0800][21.267s][info][gc,start       ] GC(868) Pause Full (Ergonomics)
[2026-06-17T09:52:02.522+0800][21.268s][info][gc,phases,start] GC(868) Marking Phase
[2026-06-17T09:52:02.524+0800][21.270s][info][gc,phases      ] GC(868) Marking Phase 1.726ms
[2026-06-17T09:52:02.524+0800][21.270s][info][gc,phases,start] GC(868) Summary Phase
[2026-06-17T09:52:02.525+0800][21.271s][info][gc,phases      ] GC(868) Summary Phase 0.387ms
[2026-06-17T09:52:02.525+0800][21.271s][info][gc,phases,start] GC(868) Adjust Roots
[2026-06-17T09:52:02.525+0800][21.271s][info][gc,phases      ] GC(868) Adjust Roots 0.383ms
[2026-06-17T09:52:02.526+0800][21.272s][info][gc,phases,start] GC(868) Compaction Phase
[2026-06-17T09:52:02.528+0800][21.274s][info][gc,phases      ] GC(868) Compaction Phase 1.920ms
[2026-06-17T09:52:02.528+0800][21.274s][info][gc,phases,start] GC(868) Post Compact
[2026-06-17T09:52:02.528+0800][21.274s][info][gc,phases      ] GC(868) Post Compact 0.276ms
[2026-06-17T09:52:02.529+0800][21.275s][info][gc,heap        ] GC(868) PSYoungGen: 2032K->0K(14848K)
[2026-06-17T09:52:02.529+0800][21.275s][info][gc,heap        ] GC(868) ParOldGen: 40513K->29024K(44032K)
[2026-06-17T09:52:02.529+0800][21.275s][info][gc,metaspace   ] GC(868) Metaspace: 3160K(4864K)->3160K(4864K) NonClass: 2855K(4352K)->2855K(4352K) Class: 305K(512K)->305K(512K)
[2026-06-17T09:52:02.529+0800][21.275s][info][gc             ] GC(868) Pause Full (Ergonomics) 41M->28M(57M) 8.261ms
[2026-06-17T09:52:02.529+0800][21.275s][info][gc,cpu         ] GC(868) User=0.00s Sys=0.00s Real=0.01s
[2026-06-17T09:52:02.551+0800][21.297s][info][gc,start       ] GC(869) Pause Young (Allocation Failure)
[2026-06-17T09:52:02.552+0800][21.298s][info][gc,heap        ] GC(869) PSYoungGen: 8702K->5595K(13312K)
[2026-06-17T09:52:02.552+0800][21.298s][info][gc,heap        ] GC(869) ParOldGen: 29024K->29024K(44032K)
[2026-06-17T09:52:02.553+0800][21.299s][info][gc,metaspace   ] GC(869) Metaspace: 3160K(4864K)->3160K(4864K) NonClass: 2855K(4352K)->2855K(4352K) Class: 305K(512K)->305K(512K)
[2026-06-17T09:52:02.553+0800][21.299s][info][gc             ] GC(869) Pause Young (Allocation Failure) 36M->33M(56M) 2.201ms
[2026-06-17T09:52:02.553+0800][21.299s][info][gc,cpu         ] GC(869) User=0.00s Sys=0.00s Real=0.00s
[2026-06-17T09:52:02.575+0800][21.321s][info][gc,start       ] GC(870) Pause Young (Allocation Failure)
[2026-06-17T09:52:02.579+0800][21.325s][info][gc,heap        ] GC(870) PSYoungGen: 12731K->2281K(14336K)
[2026-06-17T09:52:02.579+0800][21.325s][info][gc,heap        ] GC(870) ParOldGen: 29024K->32415K(44032K)
[2026-06-17T09:52:02.580+0800][21.326s][info][gc,metaspace   ] GC(870) Metaspace: 3160K(4864K)->3160K(4864K) NonClass: 2855K(4352K)->2855K(4352K) Class: 305K(512K)->305K(512K)
[2026-06-17T09:52:02.580+0800][21.326s][info][gc             ] GC(870) Pause Young (Allocation Failure) 40M->33M(57M) 5.296ms
[2026-06-17T09:52:02.581+0800][21.326s][info][gc,cpu         ] GC(870) User=0.01s Sys=0.00s Real=0.00s
[2026-06-17T09:52:02.592+0800][21.338s][info][gc,start       ] GC(871) Pause Young (Allocation Failure)
[2026-06-17T09:52:02.594+0800][21.340s][info][gc,heap        ] GC(871) PSYoungGen: 9449K->4010K(14848K)
[2026-06-17T09:52:02.594+0800][21.340s][info][gc,heap        ] GC(871) ParOldGen: 32415K->34399K(44032K)
[2026-06-17T09:52:02.595+0800][21.340s][info][gc,metaspace   ] GC(871) Metaspace: 3160K(4864K)->3160K(4864K) NonClass: 2855K(4352K)->2855K(4352K) Class: 305K(512K)->305K(512K)
[2026-06-17T09:52:02.595+0800][21.341s][info][gc             ] GC(871) Pause Young (Allocation Failure) 40M->37M(57M) 2.985ms
[2026-06-17T09:52:02.595+0800][21.341s][info][gc,cpu         ] GC(871) User=0.00s Sys=0.00s Real=0.00s
[2026-06-17T09:52:02.618+0800][21.364s][info][gc,start       ] GC(872) Pause Young (Allocation Failure)
[2026-06-17T09:52:02.621+0800][21.366s][info][gc,heap        ] GC(872) PSYoungGen: 12195K->3861K(14848K)
[2026-06-17T09:52:02.621+0800][21.367s][info][gc,heap        ] GC(872) ParOldGen: 34399K->35831K(44032K)
[2026-06-17T09:52:02.622+0800][21.368s][info][gc,metaspace   ] GC(872) Metaspace: 3160K(4864K)->3160K(4864K) NonClass: 2855K(4352K)->2855K(4352K) Class: 305K(512K)->305K(512K)
[2026-06-17T09:52:02.623+0800][21.369s][info][gc             ] GC(872) Pause Young (Allocation Failure) 45M->38M(57M) 4.716ms
[2026-06-17T09:52:02.623+0800][21.369s][info][gc,cpu         ] GC(872) User=0.00s Sys=0.00s Real=0.01s
[2026-06-17T09:52:02.646+0800][21.392s][info][gc,start       ] GC(873) Pause Young (Allocation Failure)
[2026-06-17T09:52:02.648+0800][21.394s][info][gc,heap        ] GC(873) PSYoungGen: 12051K->3241K(14848K)
[2026-06-17T09:52:02.649+0800][21.395s][info][gc,heap        ] GC(873) ParOldGen: 35831K->37750K(44032K)
[2026-06-17T09:52:02.650+0800][21.396s][info][gc,metaspace   ] GC(873) Metaspace: 3160K(4864K)->3160K(4864K) NonClass: 2855K(4352K)->2855K(4352K) Class: 305K(512K)->305K(512K)
[2026-06-17T09:52:02.651+0800][21.397s][info][gc             ] GC(873) Pause Young (Allocation Failure) 46M->40M(57M) 4.528ms
[2026-06-17T09:52:02.652+0800][21.398s][info][gc,cpu         ] GC(873) User=0.00s Sys=0.00s Real=0.01s
[2026-06-17T09:52:02.674+0800][21.420s][info][gc,start       ] GC(874) Pause Young (Allocation Failure)
[2026-06-17T09:52:02.678+0800][21.424s][info][gc,heap        ] GC(874) PSYoungGen: 11432K->4377K(14848K)
[2026-06-17T09:52:02.679+0800][21.425s][info][gc,heap        ] GC(874) ParOldGen: 37750K->37750K(44032K)
[2026-06-17T09:52:02.681+0800][21.427s][info][gc,metaspace   ] GC(874) Metaspace: 3160K(4864K)->3160K(4864K) NonClass: 2855K(4352K)->2855K(4352K) Class: 305K(512K)->305K(512K)
[2026-06-17T09:52:02.683+0800][21.429s][info][gc             ] GC(874) Pause Young (Allocation Failure) 48M->41M(57M) 9.174ms
[2026-06-17T09:52:02.686+0800][21.432s][info][gc,cpu         ] GC(874) User=0.00s Sys=0.00s Real=0.01s
[2026-06-17T09:52:02.709+0800][21.455s][info][gc,start       ] GC(875) Pause Young (Allocation Failure)
[2026-06-17T09:52:02.712+0800][21.458s][info][gc,heap        ] GC(875) PSYoungGen: 12559K->2943K(15360K)
[2026-06-17T09:52:02.713+0800][21.459s][info][gc,heap        ] GC(875) ParOldGen: 37750K->40124K(44032K)
[2026-06-17T09:52:02.714+0800][21.460s][info][gc,metaspace   ] GC(875) Metaspace: 3160K(4864K)->3160K(4864K) NonClass: 2855K(4352K)->2855K(4352K) Class: 305K(512K)->305K(512K)
[2026-06-17T09:52:02.714+0800][21.460s][info][gc             ] GC(875) Pause Young (Allocation Failure) 49M->42M(58M) 5.279ms
[2026-06-17T09:52:02.715+0800][21.461s][info][gc,cpu         ] GC(875) User=0.00s Sys=0.00s Real=0.01s
[2026-06-17T09:52:02.737+0800][21.483s][info][gc,start       ] GC(876) Pause Young (Allocation Failure)
[2026-06-17T09:52:02.738+0800][21.484s][info][gc,heap        ] GC(876) PSYoungGen: 11630K->2672K(14848K)
[2026-06-17T09:52:02.739+0800][21.484s][info][gc,heap        ] GC(876) ParOldGen: 40124K->42372K(44032K)
[2026-06-17T09:52:02.739+0800][21.485s][info][gc,metaspace   ] GC(876) Metaspace: 3160K(4864K)->3160K(4864K) NonClass: 2855K(4352K)->2855K(4352K) Class: 305K(512K)->305K(512K)
[2026-06-17T09:52:02.739+0800][21.485s][info][gc             ] GC(876) Pause Young (Allocation Failure) 50M->43M(57M) 1.932ms
[2026-06-17T09:52:02.739+0800][21.485s][info][gc,cpu         ] GC(876) User=0.00s Sys=0.00s Real=0.00s
[2026-06-17T09:52:02.739+0800][21.485s][info][gc,start       ] GC(877) Pause Full (Ergonomics)
[2026-06-17T09:52:02.740+0800][21.485s][info][gc,phases,start] GC(877) Marking Phase
[2026-06-17T09:52:02.740+0800][21.486s][info][gc,phases      ] GC(877) Marking Phase 0.865ms
[2026-06-17T09:52:02.741+0800][21.487s][info][gc,phases,start] GC(877) Summary Phase
[2026-06-17T09:52:02.741+0800][21.487s][info][gc,phases      ] GC(877) Summary Phase 0.232ms
[2026-06-17T09:52:02.741+0800][21.487s][info][gc,phases,start] GC(877) Adjust Roots
[2026-06-17T09:52:02.741+0800][21.487s][info][gc,phases      ] GC(877) Adjust Roots 0.221ms
[2026-06-17T09:52:02.742+0800][21.487s][info][gc,phases,start] GC(877) Compaction Phase
[2026-06-17T09:52:02.743+0800][21.489s][info][gc,phases      ] GC(877) Compaction Phase 1.686ms
[2026-06-17T09:52:02.744+0800][21.490s][info][gc,phases,start] GC(877) Post Compact
[2026-06-17T09:52:02.744+0800][21.490s][info][gc,phases      ] GC(877) Post Compact 0.706ms
[2026-06-17T09:52:02.745+0800][21.491s][info][gc,heap        ] GC(877) PSYoungGen: 2672K->0K(15360K)
[2026-06-17T09:52:02.745+0800][21.491s][info][gc,heap        ] GC(877) ParOldGen: 42372K->31487K(44032K)
[2026-06-17T09:52:02.745+0800][21.491s][info][gc,metaspace   ] GC(877) Metaspace: 3160K(4864K)->3160K(4864K) NonClass: 2855K(4352K)->2855K(4352K) Class: 305K(512K)->305K(512K)
[2026-06-17T09:52:02.746+0800][21.492s][info][gc             ] GC(877) Pause Full (Ergonomics) 43M->30M(58M) 6.371ms
[2026-06-17T09:52:02.746+0800][21.492s][info][gc,cpu         ] GC(877) User=0.00s Sys=0.00s Real=0.01s
[2026-06-17T09:52:02.767+0800][21.513s][info][gc,start       ] GC(878) Pause Young (Allocation Failure)
[2026-06-17T09:52:02.769+0800][21.514s][info][gc,heap        ] GC(878) PSYoungGen: 9202K->5889K(15360K)
[2026-06-17T09:52:02.769+0800][21.515s][info][gc,heap        ] GC(878) ParOldGen: 31487K->31487K(44032K)
[2026-06-17T09:52:02.769+0800][21.515s][info][gc,metaspace   ] GC(878) Metaspace: 3160K(4864K)->3160K(4864K) NonClass: 2855K(4352K)->2855K(4352K) Class: 305K(512K)->305K(512K)
[2026-06-17T09:52:02.770+0800][21.516s][info][gc             ] GC(878) Pause Young (Allocation Failure) 39M->36M(58M) 2.393ms
[2026-06-17T09:52:02.770+0800][21.516s][info][gc,cpu         ] GC(878) User=0.00s Sys=0.00s Real=0.00s
[2026-06-17T09:52:02.802+0800][21.547s][info][gc,start       ] GC(879) Pause Young (Allocation Failure)
[2026-06-17T09:52:02.803+0800][21.549s][info][gc,heap        ] GC(879) PSYoungGen: 15105K->2385K(14336K)
[2026-06-17T09:52:02.804+0800][21.550s][info][gc,heap        ] GC(879) ParOldGen: 31487K->33946K(44032K)
[2026-06-17T09:52:02.805+0800][21.551s][info][gc,metaspace   ] GC(879) Metaspace: 3160K(4864K)->3160K(4864K) NonClass: 2855K(4352K)->2855K(4352K) Class: 305K(512K)->305K(512K)
[2026-06-17T09:52:02.806+0800][21.551s][info][gc             ] GC(879) Pause Young (Allocation Failure) 45M->35M(57M) 3.994ms
[2026-06-17T09:52:02.806+0800][21.552s][info][gc,cpu         ] GC(879) User=0.01s Sys=0.00s Real=0.01s
[2026-06-17T09:52:02.818+0800][21.564s][info][gc,start       ] GC(880) Pause Young (Allocation Failure)
[2026-06-17T09:52:02.820+0800][21.565s][info][gc,heap        ] GC(880) PSYoungGen: 10203K->3171K(14848K)
[2026-06-17T09:52:02.820+0800][21.566s][info][gc,heap        ] GC(880) ParOldGen: 33946K->33946K(44032K)
[2026-06-17T09:52:02.821+0800][21.567s][info][gc,metaspace   ] GC(880) Metaspace: 3160K(4864K)->3160K(4864K) NonClass: 2855K(4352K)->2855K(4352K) Class: 305K(512K)->305K(512K)
[2026-06-17T09:52:02.822+0800][21.568s][info][gc             ] GC(880) Pause Young (Allocation Failure) 43M->36M(57M) 4.021ms
[2026-06-17T09:52:02.823+0800][21.569s][info][gc,cpu         ] GC(880) User=0.00s Sys=0.00s Real=0.01s
[2026-06-17T09:52:02.845+0800][21.591s][info][gc,start       ] GC(881) Pause Young (Allocation Failure)
[2026-06-17T09:52:02.847+0800][21.593s][info][gc,heap        ] GC(881) PSYoungGen: 11335K->6139K(13824K)
[2026-06-17T09:52:02.847+0800][21.593s][info][gc,heap        ] GC(881) ParOldGen: 33946K->35599K(44032K)
[2026-06-17T09:52:02.848+0800][21.594s][info][gc,metaspace   ] GC(881) Metaspace: 3160K(4864K)->3160K(4864K) NonClass: 2855K(4352K)->2855K(4352K) Class: 305K(512K)->305K(512K)
[2026-06-17T09:52:02.849+0800][21.595s][info][gc             ] GC(881) Pause Young (Allocation Failure) 44M->40M(56M) 4.190ms
[2026-06-17T09:52:02.850+0800][21.596s][info][gc,cpu         ] GC(881) User=0.00s Sys=0.00s Real=0.00s
[2026-06-17T09:52:02.872+0800][21.618s][info][gc,start       ] GC(882) Pause Young (Allocation Failure)
[2026-06-17T09:52:02.874+0800][21.620s][info][gc,heap        ] GC(882) PSYoungGen: 13305K->5245K(14336K)
[2026-06-17T09:52:02.875+0800][21.621s][info][gc,heap        ] GC(882) ParOldGen: 35599K->37069K(44032K)
[2026-06-17T09:52:02.876+0800][21.621s][info][gc,metaspace   ] GC(882) Metaspace: 3160K(4864K)->3160K(4864K) NonClass: 2855K(4352K)->2855K(4352K) Class: 305K(512K)->305K(512K)
[2026-06-17T09:52:02.876+0800][21.622s][info][gc             ] GC(882) Pause Young (Allocation Failure) 47M->41M(57M) 4.676ms
[2026-06-17T09:52:02.877+0800][21.623s][info][gc,cpu         ] GC(882) User=0.00s Sys=0.00s Real=0.00s
[2026-06-17T09:52:02.900+0800][21.646s][info][gc,start       ] GC(883) Pause Young (Allocation Failure)
[2026-06-17T09:52:02.902+0800][21.648s][info][gc,heap        ] GC(883) PSYoungGen: 12375K->1944K(14336K)
[2026-06-17T09:52:02.902+0800][21.648s][info][gc,heap        ] GC(883) ParOldGen: 37069K->40743K(44032K)
[2026-06-17T09:52:02.903+0800][21.649s][info][gc,metaspace   ] GC(883) Metaspace: 3160K(4864K)->3160K(4864K) NonClass: 2855K(4352K)->2855K(4352K) Class: 305K(512K)->305K(512K)
[2026-06-17T09:52:02.904+0800][21.650s][info][gc             ] GC(883) Pause Young (Allocation Failure) 48M->41M(57M) 4.075ms
[2026-06-17T09:52:02.904+0800][21.650s][info][gc,cpu         ] GC(883) User=0.00s Sys=0.00s Real=0.01s
[2026-06-17T09:52:02.905+0800][21.651s][info][gc,start       ] GC(884) Pause Full (Ergonomics)
[2026-06-17T09:52:02.906+0800][21.652s][info][gc,phases,start] GC(884) Marking Phase
[2026-06-17T09:52:02.908+0800][21.654s][info][gc,phases      ] GC(884) Marking Phase 1.986ms
[2026-06-17T09:52:02.908+0800][21.654s][info][gc,phases,start] GC(884) Summary Phase
[2026-06-17T09:52:02.909+0800][21.655s][info][gc,phases      ] GC(884) Summary Phase 0.668ms
[2026-06-17T09:52:02.910+0800][21.656s][info][gc,phases,start] GC(884) Adjust Roots
[2026-06-17T09:52:02.911+0800][21.657s][info][gc,phases      ] GC(884) Adjust Roots 1.219ms
[2026-06-17T09:52:02.912+0800][21.658s][info][gc,phases,start] GC(884) Compaction Phase
[2026-06-17T09:52:02.915+0800][21.661s][info][gc,phases      ] GC(884) Compaction Phase 3.404ms
[2026-06-17T09:52:02.916+0800][21.662s][info][gc,phases,start] GC(884) Post Compact
[2026-06-17T09:52:02.917+0800][21.662s][info][gc,phases      ] GC(884) Post Compact 0.784ms
[2026-06-17T09:52:02.917+0800][21.663s][info][gc,heap        ] GC(884) PSYoungGen: 1944K->0K(14336K)
[2026-06-17T09:52:02.917+0800][21.663s][info][gc,heap        ] GC(884) ParOldGen: 40743K->23920K(44032K)
[2026-06-17T09:52:02.917+0800][21.663s][info][gc,metaspace   ] GC(884) Metaspace: 3160K(4864K)->3160K(4864K) NonClass: 2855K(4352K)->2855K(4352K) Class: 305K(512K)->305K(512K)
[2026-06-17T09:52:02.918+0800][21.663s][info][gc             ] GC(884) Pause Full (Ergonomics) 41M->23M(57M) 12.432ms
[2026-06-17T09:52:02.918+0800][21.664s][info][gc,cpu         ] GC(884) User=0.00s Sys=0.01s Real=0.01s
[2026-06-17T09:52:02.929+0800][21.675s][info][gc,start       ] GC(885) Pause Young (Allocation Failure)
[2026-06-17T09:52:02.930+0800][21.676s][info][gc,heap        ] GC(885) PSYoungGen: 7129K->7155K(14336K)
[2026-06-17T09:52:02.930+0800][21.676s][info][gc,heap        ] GC(885) ParOldGen: 23920K->23920K(44032K)
[2026-06-17T09:52:02.931+0800][21.677s][info][gc,metaspace   ] GC(885) Metaspace: 3160K(4864K)->3160K(4864K) NonClass: 2855K(4352K)->2855K(4352K) Class: 305K(512K)->305K(512K)
[2026-06-17T09:52:02.931+0800][21.677s][info][gc             ] GC(885) Pause Young (Allocation Failure) 30M->30M(57M) 2.258ms
[2026-06-17T09:52:02.931+0800][21.677s][info][gc,cpu         ] GC(885) User=0.00s Sys=0.00s Real=0.01s
[2026-06-17T09:52:02.953+0800][21.699s][info][gc,start       ] GC(886) Pause Young (Allocation Failure)
[2026-06-17T09:52:02.955+0800][21.701s][info][gc,heap        ] GC(886) PSYoungGen: 14307K->3388K(14336K)
[2026-06-17T09:52:02.955+0800][21.701s][info][gc,heap        ] GC(886) ParOldGen: 23920K->27958K(44032K)
[2026-06-17T09:52:02.956+0800][21.702s][info][gc,metaspace   ] GC(886) Metaspace: 3160K(4864K)->3160K(4864K) NonClass: 2855K(4352K)->2855K(4352K) Class: 305K(512K)->305K(512K)
[2026-06-17T09:52:02.956+0800][21.702s][info][gc             ] GC(886) Pause Young (Allocation Failure) 37M->30M(57M) 3.519ms
[2026-06-17T09:52:02.957+0800][21.702s][info][gc,cpu         ] GC(886) User=0.00s Sys=0.00s Real=0.00s
[2026-06-17T09:52:02.978+0800][21.724s][info][gc,start       ] GC(887) Pause Young (Allocation Failure)
[2026-06-17T09:52:02.981+0800][21.727s][info][gc,heap        ] GC(887) PSYoungGen: 10545K->3548K(14336K)
[2026-06-17T09:52:02.982+0800][21.728s][info][gc,heap        ] GC(887) ParOldGen: 27958K->27958K(44032K)
[2026-06-17T09:52:02.983+0800][21.729s][info][gc,metaspace   ] GC(887) Metaspace: 3160K(4864K)->3160K(4864K) NonClass: 2855K(4352K)->2855K(4352K) Class: 305K(512K)->305K(512K)
[2026-06-17T09:52:02.986+0800][21.732s][info][gc             ] GC(887) Pause Young (Allocation Failure) 37M->30M(57M) 8.037ms
[2026-06-17T09:52:02.990+0800][21.736s][info][gc,cpu         ] GC(887) User=0.00s Sys=0.00s Real=0.01s
[2026-06-17T09:52:03.014+0800][21.759s][info][gc,start       ] GC(888) Pause Young (Allocation Failure)
[2026-06-17T09:52:03.016+0800][21.762s][info][gc,heap        ] GC(888) PSYoungGen: 10689K->2109K(14336K)
[2026-06-17T09:52:03.017+0800][21.763s][info][gc,heap        ] GC(888) ParOldGen: 27958K->29676K(44032K)
[2026-06-17T09:52:03.018+0800][21.763s][info][gc,metaspace   ] GC(888) Metaspace: 3160K(4864K)->3160K(4864K) NonClass: 2855K(4352K)->2855K(4352K) Class: 305K(512K)->305K(512K)
[2026-06-17T09:52:03.018+0800][21.764s][info][gc             ] GC(888) Pause Young (Allocation Failure) 37M->31M(57M) 4.770ms
[2026-06-17T09:52:03.019+0800][21.765s][info][gc,cpu         ] GC(888) User=0.00s Sys=0.00s Real=0.00s
[2026-06-17T09:52:03.042+0800][21.787s][info][gc,start       ] GC(889) Pause Young (Allocation Failure)
[2026-06-17T09:52:03.045+0800][21.791s][info][gc,heap        ] GC(889) PSYoungGen: 9277K->797K(14336K)
[2026-06-17T09:52:03.046+0800][21.792s][info][gc,heap        ] GC(889) ParOldGen: 29676K->31562K(44032K)
[2026-06-17T09:52:03.047+0800][21.793s][info][gc,metaspace   ] GC(889) Metaspace: 3160K(4864K)->3160K(4864K) NonClass: 2855K(4352K)->2855K(4352K) Class: 305K(512K)->305K(512K)
[2026-06-17T09:52:03.047+0800][21.793s][info][gc             ] GC(889) Pause Young (Allocation Failure) 38M->31M(57M) 5.790ms
[2026-06-17T09:52:03.050+0800][21.796s][info][gc,cpu         ] GC(889) User=0.00s Sys=0.00s Real=0.01s
[2026-06-17T09:52:03.062+0800][21.808s][info][gc,start       ] GC(890) Pause Young (Allocation Failure)
[2026-06-17T09:52:03.064+0800][21.810s][info][gc,heap        ] GC(890) PSYoungGen: 7965K->4583K(14336K)
[2026-06-17T09:52:03.064+0800][21.810s][info][gc,heap        ] GC(890) ParOldGen: 31562K->31562K(44032K)
[2026-06-17T09:52:03.065+0800][21.811s][info][gc,metaspace   ] GC(890) Metaspace: 3160K(4864K)->3160K(4864K) NonClass: 2855K(4352K)->2855K(4352K) Class: 305K(512K)->305K(512K)
[2026-06-17T09:52:03.065+0800][21.811s][info][gc             ] GC(890) Pause Young (Allocation Failure) 38M->35M(57M) 3.170ms
[2026-06-17T09:52:03.066+0800][21.812s][info][gc,cpu         ] GC(890) User=0.00s Sys=0.00s Real=0.01s
[2026-06-17T09:52:03.088+0800][21.834s][info][gc,start       ] GC(891) Pause Young (Allocation Failure)
[2026-06-17T09:52:03.090+0800][21.835s][info][gc,heap        ] GC(891) PSYoungGen: 11726K->2920K(14336K)
[2026-06-17T09:52:03.091+0800][21.837s][info][gc,heap        ] GC(891) ParOldGen: 31562K->33473K(44032K)
[2026-06-17T09:52:03.092+0800][21.838s][info][gc,metaspace   ] GC(891) Metaspace: 3160K(4864K)->3160K(4864K) NonClass: 2855K(4352K)->2855K(4352K) Class: 305K(512K)->305K(512K)
[2026-06-17T09:52:03.093+0800][21.838s][info][gc             ] GC(891) Pause Young (Allocation Failure) 42M->35M(57M) 4.543ms
[2026-06-17T09:52:03.093+0800][21.839s][info][gc,cpu         ] GC(891) User=0.00s Sys=0.00s Real=0.01s
[2026-06-17T09:52:03.104+0800][21.850s][info][gc,start       ] GC(892) Pause Young (Allocation Failure)
[2026-06-17T09:52:03.106+0800][21.852s][info][gc,heap        ] GC(892) PSYoungGen: 10056K->5244K(14336K)
[2026-06-17T09:52:03.109+0800][21.855s][info][gc,heap        ] GC(892) ParOldGen: 33473K->34935K(44032K)
[2026-06-17T09:52:03.110+0800][21.856s][info][gc,metaspace   ] GC(892) Metaspace: 3160K(4864K)->3160K(4864K) NonClass: 2855K(4352K)->2855K(4352K) Class: 305K(512K)->305K(512K)
[2026-06-17T09:52:03.111+0800][21.857s][info][gc             ] GC(892) Pause Young (Allocation Failure) 42M->39M(57M) 6.742ms
[2026-06-17T09:52:03.111+0800][21.857s][info][gc,cpu         ] GC(892) User=0.00s Sys=0.00s Real=0.01s
[2026-06-17T09:52:03.133+0800][21.879s][info][gc,start       ] GC(893) Pause Young (Allocation Failure)
[2026-06-17T09:52:03.134+0800][21.880s][info][gc,heap        ] GC(893) PSYoungGen: 12404K->3318K(14336K)
[2026-06-17T09:52:03.135+0800][21.881s][info][gc,heap        ] GC(893) ParOldGen: 34935K->36737K(44032K)
[2026-06-17T09:52:03.135+0800][21.881s][info][gc,metaspace   ] GC(893) Metaspace: 3160K(4864K)->3160K(4864K) NonClass: 2855K(4352K)->2855K(4352K) Class: 305K(512K)->305K(512K)
[2026-06-17T09:52:03.135+0800][21.881s][info][gc             ] GC(893) Pause Young (Allocation Failure) 46M->39M(57M) 2.749ms
[2026-06-17T09:52:03.136+0800][21.882s][info][gc,cpu         ] GC(893) User=0.00s Sys=0.00s Real=0.00s
[2026-06-17T09:52:03.157+0800][21.903s][info][gc,start       ] GC(894) Pause Young (Allocation Failure)
[2026-06-17T09:52:03.159+0800][21.905s][info][gc,heap        ] GC(894) PSYoungGen: 10458K->3619K(14336K)
[2026-06-17T09:52:03.160+0800][21.906s][info][gc,heap        ] GC(894) ParOldGen: 36737K->36737K(44032K)
[2026-06-17T09:52:03.161+0800][21.906s][info][gc,metaspace   ] GC(894) Metaspace: 3160K(4864K)->3160K(4864K) NonClass: 2855K(4352K)->2855K(4352K) Class: 305K(512K)->305K(512K)
[2026-06-17T09:52:03.161+0800][21.907s][info][gc             ] GC(894) Pause Young (Allocation Failure) 46M->39M(57M) 3.460ms
[2026-06-17T09:52:03.161+0800][21.907s][info][gc,cpu         ] GC(894) User=0.00s Sys=0.00s Real=0.00s
[2026-06-17T09:52:03.183+0800][21.929s][info][gc,start       ] GC(895) Pause Young (Allocation Failure)
[2026-06-17T09:52:03.184+0800][21.930s][info][gc,heap        ] GC(895) PSYoungGen: 10773K->3794K(14848K)
[2026-06-17T09:52:03.185+0800][21.931s][info][gc,heap        ] GC(895) ParOldGen: 36737K->36737K(44032K)
[2026-06-17T09:52:03.185+0800][21.931s][info][gc,metaspace   ] GC(895) Metaspace: 3160K(4864K)->3160K(4864K) NonClass: 2855K(4352K)->2855K(4352K) Class: 305K(512K)->305K(512K)
[2026-06-17T09:52:03.186+0800][21.931s][info][gc             ] GC(895) Pause Young (Allocation Failure) 46M->39M(57M) 2.753ms
[2026-06-17T09:52:03.186+0800][21.932s][info][gc,cpu         ] GC(895) User=0.00s Sys=0.00s Real=0.00s
[2026-06-17T09:52:03.208+0800][21.954s][info][gc,start       ] GC(896) Pause Young (Allocation Failure)
[2026-06-17T09:52:03.210+0800][21.956s][info][gc,heap        ] GC(896) PSYoungGen: 11451K->4312K(14336K)
[2026-06-17T09:52:03.211+0800][21.957s][info][gc,heap        ] GC(896) ParOldGen: 36737K->36737K(44032K)
[2026-06-17T09:52:03.212+0800][21.957s][info][gc,metaspace   ] GC(896) Metaspace: 3160K(4864K)->3160K(4864K) NonClass: 2855K(4352K)->2855K(4352K) Class: 305K(512K)->305K(512K)
[2026-06-17T09:52:03.212+0800][21.958s][info][gc             ] GC(896) Pause Young (Allocation Failure) 47M->40M(57M) 4.143ms
[2026-06-17T09:52:03.213+0800][21.959s][info][gc,cpu         ] GC(896) User=0.01s Sys=0.00s Real=0.01s
[2026-06-17T09:52:03.225+0800][21.971s][info][gc,start       ] GC(897) Pause Young (Allocation Failure)
[2026-06-17T09:52:03.227+0800][21.973s][info][gc,heap        ] GC(897) PSYoungGen: 11960K->6625K(13824K)
[2026-06-17T09:52:03.228+0800][21.974s][info][gc,heap        ] GC(897) ParOldGen: 36737K->38858K(44032K)
[2026-06-17T09:52:03.229+0800][21.975s][info][gc,metaspace   ] GC(897) Metaspace: 3160K(4864K)->3160K(4864K) NonClass: 2855K(4352K)->2855K(4352K) Class: 305K(512K)->305K(512K)
[2026-06-17T09:52:03.230+0800][21.975s][info][gc             ] GC(897) Pause Young (Allocation Failure) 47M->44M(56M) 4.314ms
[2026-06-17T09:52:03.230+0800][21.976s][info][gc,cpu         ] GC(897) User=0.00s Sys=0.00s Real=0.00s
[2026-06-17T09:52:03.252+0800][21.998s][info][gc,start       ] GC(898) Pause Young (Allocation Failure)
[2026-06-17T09:52:03.254+0800][22.000s][info][gc,heap        ] GC(898) PSYoungGen: 13473K->153K(14336K)
[2026-06-17T09:52:03.255+0800][22.001s][info][gc,heap        ] GC(898) ParOldGen: 38858K->42080K(44032K)
[2026-06-17T09:52:03.255+0800][22.001s][info][gc,metaspace   ] GC(898) Metaspace: 3160K(4864K)->3160K(4864K) NonClass: 2855K(4352K)->2855K(4352K) Class: 305K(512K)->305K(512K)
[2026-06-17T09:52:03.256+0800][22.002s][info][gc             ] GC(898) Pause Young (Allocation Failure) 51M->41M(57M) 3.380ms
[2026-06-17T09:52:03.256+0800][22.002s][info][gc,cpu         ] GC(898) User=0.00s Sys=0.00s Real=0.00s
[2026-06-17T09:52:03.257+0800][22.002s][info][gc,start       ] GC(899) Pause Full (Ergonomics)
[2026-06-17T09:52:03.257+0800][22.003s][info][gc,phases,start] GC(899) Marking Phase
[2026-06-17T09:52:03.259+0800][22.005s][info][gc,phases      ] GC(899) Marking Phase 2.115ms
[2026-06-17T09:52:03.259+0800][22.005s][info][gc,phases,start] GC(899) Summary Phase
[2026-06-17T09:52:03.260+0800][22.006s][info][gc,phases      ] GC(899) Summary Phase 0.536ms
[2026-06-17T09:52:03.260+0800][22.006s][info][gc,phases,start] GC(899) Adjust Roots
[2026-06-17T09:52:03.261+0800][22.007s][info][gc,phases      ] GC(899) Adjust Roots 0.412ms
[2026-06-17T09:52:03.261+0800][22.007s][info][gc,phases,start] GC(899) Compaction Phase
[2026-06-17T09:52:03.263+0800][22.009s][info][gc,phases      ] GC(899) Compaction Phase 2.041ms
[2026-06-17T09:52:03.263+0800][22.009s][info][gc,phases,start] GC(899) Post Compact
[2026-06-17T09:52:03.264+0800][22.010s][info][gc,phases      ] GC(899) Post Compact 0.310ms
[2026-06-17T09:52:03.264+0800][22.010s][info][gc,heap        ] GC(899) PSYoungGen: 153K->0K(14336K)
[2026-06-17T09:52:03.264+0800][22.010s][info][gc,heap        ] GC(899) ParOldGen: 42080K->28724K(44032K)
[2026-06-17T09:52:03.264+0800][22.010s][info][gc,metaspace   ] GC(899) Metaspace: 3160K(4864K)->3160K(4864K) NonClass: 2855K(4352K)->2855K(4352K) Class: 305K(512K)->305K(512K)
[2026-06-17T09:52:03.264+0800][22.010s][info][gc             ] GC(899) Pause Full (Ergonomics) 41M->28M(57M) 7.833ms
[2026-06-17T09:52:03.265+0800][22.010s][info][gc,cpu         ] GC(899) User=0.01s Sys=0.00s Real=0.01s
[2026-06-17T09:52:03.286+0800][22.032s][info][gc,start       ] GC(900) Pause Young (Allocation Failure)
[2026-06-17T09:52:03.288+0800][22.033s][info][gc,heap        ] GC(900) PSYoungGen: 7168K->3695K(14336K)
[2026-06-17T09:52:03.288+0800][22.034s][info][gc,heap        ] GC(900) ParOldGen: 28724K->28724K(44032K)
[2026-06-17T09:52:03.288+0800][22.034s][info][gc,metaspace   ] GC(900) Metaspace: 3160K(4864K)->3160K(4864K) NonClass: 2855K(4352K)->2855K(4352K) Class: 305K(512K)->305K(512K)
[2026-06-17T09:52:03.289+0800][22.035s][info][gc             ] GC(900) Pause Young (Allocation Failure) 35M->31M(57M) 2.848ms
[2026-06-17T09:52:03.289+0800][22.035s][info][gc,cpu         ] GC(900) User=0.01s Sys=0.00s Real=0.00s
[2026-06-17T09:52:03.301+0800][22.047s][info][gc,start       ] GC(901) Pause Young (Allocation Failure)
[2026-06-17T09:52:03.302+0800][22.048s][info][gc,heap        ] GC(901) PSYoungGen: 10681K->1510K(14336K)
[2026-06-17T09:52:03.303+0800][22.049s][info][gc,heap        ] GC(901) ParOldGen: 28724K->30739K(44032K)
[2026-06-17T09:52:03.303+0800][22.049s][info][gc,metaspace   ] GC(901) Metaspace: 3160K(4864K)->3160K(4864K) NonClass: 2855K(4352K)->2855K(4352K) Class: 305K(512K)->305K(512K)
[2026-06-17T09:52:03.304+0800][22.050s][info][gc             ] GC(901) Pause Young (Allocation Failure) 38M->31M(57M) 3.035ms
[2026-06-17T09:52:03.304+0800][22.050s][info][gc,cpu         ] GC(901) User=0.00s Sys=0.00s Real=0.01s
[2026-06-17T09:52:03.326+0800][22.072s][info][gc,start       ] GC(902) Pause Young (Allocation Failure)
[2026-06-17T09:52:03.328+0800][22.074s][info][gc,heap        ] GC(902) PSYoungGen: 8678K->3675K(14336K)
[2026-06-17T09:52:03.328+0800][22.074s][info][gc,heap        ] GC(902) ParOldGen: 30739K->32225K(44032K)
[2026-06-17T09:52:03.329+0800][22.075s][info][gc,metaspace   ] GC(902) Metaspace: 3160K(4864K)->3160K(4864K) NonClass: 2855K(4352K)->2855K(4352K) Class: 305K(512K)->305K(512K)
[2026-06-17T09:52:03.329+0800][22.075s][info][gc             ] GC(902) Pause Young (Allocation Failure) 38M->35M(57M) 3.127ms
[2026-06-17T09:52:03.329+0800][22.075s][info][gc,cpu         ] GC(902) User=0.00s Sys=0.00s Real=0.00s
[2026-06-17T09:52:03.351+0800][22.097s][info][gc,start       ] GC(903) Pause Young (Allocation Failure)
[2026-06-17T09:52:03.352+0800][22.098s][info][gc,heap        ] GC(903) PSYoungGen: 10838K->2246K(14336K)
[2026-06-17T09:52:03.353+0800][22.099s][info][gc,heap        ] GC(903) ParOldGen: 32225K->33966K(44032K)
[2026-06-17T09:52:03.353+0800][22.099s][info][gc,metaspace   ] GC(903) Metaspace: 3160K(4864K)->3160K(4864K) NonClass: 2855K(4352K)->2855K(4352K) Class: 305K(512K)->305K(512K)
[2026-06-17T09:52:03.353+0800][22.099s][info][gc             ] GC(903) Pause Young (Allocation Failure) 42M->35M(57M) 2.412ms
[2026-06-17T09:52:03.354+0800][22.099s][info][gc,cpu         ] GC(903) User=0.00s Sys=0.00s Real=0.00s
[2026-06-17T09:52:03.375+0800][22.121s][info][gc,start       ] GC(904) Pause Young (Allocation Failure)
[2026-06-17T09:52:03.403+0800][22.149s][info][gc,heap        ] GC(904) PSYoungGen: 9391K->120K(14336K)
[2026-06-17T09:52:03.409+0800][22.155s][info][gc,heap        ] GC(904) ParOldGen: 33966K->36007K(44032K)
[2026-06-17T09:52:03.413+0800][22.159s][info][gc,metaspace   ] GC(904) Metaspace: 3160K(4864K)->3160K(4864K) NonClass: 2855K(4352K)->2855K(4352K) Class: 305K(512K)->305K(512K)
[2026-06-17T09:52:03.415+0800][22.161s][info][gc             ] GC(904) Pause Young (Allocation Failure) 42M->35M(57M) 40.539ms
[2026-06-17T09:52:03.416+0800][22.162s][info][gc,cpu         ] GC(904) User=0.00s Sys=0.00s Real=0.04s
[2026-06-17T09:52:03.428+0800][22.173s][info][gc,start       ] GC(905) Pause Young (Allocation Failure)
[2026-06-17T09:52:03.466+0800][22.212s][info][gc,heap        ] GC(905) PSYoungGen: 7263K->3634K(14336K)
[2026-06-17T09:52:03.496+0800][22.242s][info][gc,heap        ] GC(905) ParOldGen: 36007K->36007K(44032K)
[2026-06-17T09:52:03.512+0800][22.258s][info][gc,metaspace   ] GC(905) Metaspace: 3160K(4864K)->3160K(4864K) NonClass: 2855K(4352K)->2855K(4352K) Class: 305K(512K)->305K(512K)
[2026-06-17T09:52:03.513+0800][22.259s][info][gc             ] GC(905) Pause Young (Allocation Failure) 42M->38M(57M) 85.223ms
[2026-06-17T09:52:03.513+0800][22.259s][info][gc,cpu         ] GC(905) User=0.00s Sys=0.01s Real=0.09s
[2026-06-17T09:52:03.535+0800][22.281s][info][gc,start       ] GC(906) Pause Young (Allocation Failure)
[2026-06-17T09:52:03.536+0800][22.282s][info][gc,heap        ] GC(906) PSYoungGen: 10789K->4058K(14336K)
[2026-06-17T09:52:03.537+0800][22.283s][info][gc,heap        ] GC(906) ParOldGen: 36007K->36007K(44032K)
[2026-06-17T09:52:03.537+0800][22.283s][info][gc,metaspace   ] GC(906) Metaspace: 3160K(4864K)->3160K(4864K) NonClass: 2855K(4352K)->2855K(4352K) Class: 305K(512K)->305K(512K)
[2026-06-17T09:52:03.537+0800][22.283s][info][gc             ] GC(906) Pause Young (Allocation Failure) 45M->39M(57M) 2.331ms
[2026-06-17T09:52:03.538+0800][22.284s][info][gc,cpu         ] GC(906) User=0.00s Sys=0.00s Real=0.00s
[2026-06-17T09:52:03.549+0800][22.295s][info][gc,start       ] GC(907) Pause Young (Allocation Failure)
[2026-06-17T09:52:03.551+0800][22.297s][info][gc,heap        ] GC(907) PSYoungGen: 11165K->7077K(14336K)
[2026-06-17T09:52:03.552+0800][22.298s][info][gc,heap        ] GC(907) ParOldGen: 36007K->36620K(44032K)
[2026-06-17T09:52:03.553+0800][22.299s][info][gc,metaspace   ] GC(907) Metaspace: 3160K(4864K)->3160K(4864K) NonClass: 2855K(4352K)->2855K(4352K) Class: 305K(512K)->305K(512K)
[2026-06-17T09:52:03.554+0800][22.300s][info][gc             ] GC(907) Pause Young (Allocation Failure) 46M->42M(57M) 5.392ms
[2026-06-17T09:52:03.559+0800][22.305s][info][gc,cpu         ] GC(907) User=0.00s Sys=0.00s Real=0.01s
[2026-06-17T09:52:03.586+0800][22.332s][info][gc,start       ] GC(908) Pause Young (Allocation Failure)
[2026-06-17T09:52:03.587+0800][22.333s][info][gc,heap        ] GC(908) PSYoungGen: 14182K->4568K(14336K)
[2026-06-17T09:52:03.588+0800][22.334s][info][gc,heap        ] GC(908) ParOldGen: 36620K->39192K(44032K)
[2026-06-17T09:52:03.592+0800][22.338s][info][gc,metaspace   ] GC(908) Metaspace: 3160K(4864K)->3160K(4864K) NonClass: 2855K(4352K)->2855K(4352K) Class: 305K(512K)->305K(512K)
[2026-06-17T09:52:03.593+0800][22.339s][info][gc             ] GC(908) Pause Young (Allocation Failure) 49M->42M(57M) 7.276ms
[2026-06-17T09:52:03.594+0800][22.340s][info][gc,cpu         ] GC(908) User=0.00s Sys=0.00s Real=0.01s
[2026-06-17T09:52:03.617+0800][22.363s][info][gc,start       ] GC(909) Pause Young (Allocation Failure)
[2026-06-17T09:52:03.620+0800][22.365s][info][gc,heap        ] GC(909) PSYoungGen: 11729K->3507K(14336K)
[2026-06-17T09:52:03.621+0800][22.367s][info][gc,heap        ] GC(909) ParOldGen: 39192K->40358K(44032K)
[2026-06-17T09:52:03.625+0800][22.371s][info][gc,metaspace   ] GC(909) Metaspace: 3160K(4864K)->3160K(4864K) NonClass: 2855K(4352K)->2855K(4352K) Class: 305K(512K)->305K(512K)
[2026-06-17T09:52:03.629+0800][22.375s][info][gc             ] GC(909) Pause Young (Allocation Failure) 49M->42M(57M) 11.471ms
[2026-06-17T09:52:03.633+0800][22.379s][info][gc,cpu         ] GC(909) User=0.01s Sys=0.00s Real=0.02s
[2026-06-17T09:52:03.646+0800][22.392s][info][gc,start       ] GC(910) Pause Young (Allocation Failure)
[2026-06-17T09:52:03.649+0800][22.395s][info][gc,heap        ] GC(910) PSYoungGen: 10671K->1493K(14336K)
[2026-06-17T09:52:03.649+0800][22.395s][info][gc,heap        ] GC(910) ParOldGen: 40358K->42242K(44032K)
[2026-06-17T09:52:03.651+0800][22.397s][info][gc,metaspace   ] GC(910) Metaspace: 3160K(4864K)->3160K(4864K) NonClass: 2855K(4352K)->2855K(4352K) Class: 305K(512K)->305K(512K)
[2026-06-17T09:52:03.653+0800][22.399s][info][gc             ] GC(910) Pause Young (Allocation Failure) 49M->42M(57M) 6.932ms
[2026-06-17T09:52:03.655+0800][22.400s][info][gc,cpu         ] GC(910) User=0.00s Sys=0.00s Real=0.01s
[2026-06-17T09:52:03.657+0800][22.402s][info][gc,start       ] GC(911) Pause Full (Ergonomics)
[2026-06-17T09:52:03.658+0800][22.404s][info][gc,phases,start] GC(911) Marking Phase
[2026-06-17T09:52:03.662+0800][22.408s][info][gc,phases      ] GC(911) Marking Phase 3.366ms
[2026-06-17T09:52:03.662+0800][22.408s][info][gc,phases,start] GC(911) Summary Phase
[2026-06-17T09:52:03.663+0800][22.409s][info][gc,phases      ] GC(911) Summary Phase 0.496ms
[2026-06-17T09:52:03.663+0800][22.409s][info][gc,phases,start] GC(911) Adjust Roots
[2026-06-17T09:52:03.664+0800][22.410s][info][gc,phases      ] GC(911) Adjust Roots 0.488ms
[2026-06-17T09:52:03.664+0800][22.410s][info][gc,phases,start] GC(911) Compaction Phase
[2026-06-17T09:52:03.667+0800][22.413s][info][gc,phases      ] GC(911) Compaction Phase 2.464ms
[2026-06-17T09:52:03.667+0800][22.413s][info][gc,phases,start] GC(911) Post Compact
[2026-06-17T09:52:03.668+0800][22.414s][info][gc,phases      ] GC(911) Post Compact 0.576ms
[2026-06-17T09:52:03.668+0800][22.414s][info][gc,heap        ] GC(911) PSYoungGen: 1493K->0K(14336K)
[2026-06-17T09:52:03.668+0800][22.414s][info][gc,heap        ] GC(911) ParOldGen: 42242K->24831K(44032K)
[2026-06-17T09:52:03.669+0800][22.414s][info][gc,metaspace   ] GC(911) Metaspace: 3160K(4864K)->3160K(4864K) NonClass: 2855K(4352K)->2855K(4352K) Class: 305K(512K)->305K(512K)
[2026-06-17T09:52:03.669+0800][22.415s][info][gc             ] GC(911) Pause Full (Ergonomics) 42M->24M(57M) 12.287ms
[2026-06-17T09:52:03.669+0800][22.415s][info][gc,cpu         ] GC(911) User=0.00s Sys=0.00s Real=0.01s
[2026-06-17T09:52:03.691+0800][22.437s][info][gc,start       ] GC(912) Pause Young (Allocation Failure)
[2026-06-17T09:52:03.693+0800][22.439s][info][gc,heap        ] GC(912) PSYoungGen: 7143K->3962K(14336K)
[2026-06-17T09:52:03.693+0800][22.439s][info][gc,heap        ] GC(912) ParOldGen: 24831K->24831K(44032K)
[2026-06-17T09:52:03.694+0800][22.440s][info][gc,metaspace   ] GC(912) Metaspace: 3160K(4864K)->3160K(4864K) NonClass: 2855K(4352K)->2855K(4352K) Class: 305K(512K)->305K(512K)
[2026-06-17T09:52:03.694+0800][22.440s][info][gc             ] GC(912) Pause Young (Allocation Failure) 31M->28M(57M) 3.144ms
[2026-06-17T09:52:03.695+0800][22.441s][info][gc,cpu         ] GC(912) User=0.00s Sys=0.00s Real=0.00s
[2026-06-17T09:52:03.716+0800][22.462s][info][gc,start       ] GC(913) Pause Young (Allocation Failure)
[2026-06-17T09:52:03.718+0800][22.464s][info][gc,heap        ] GC(913) PSYoungGen: 11125K->3339K(14336K)
[2026-06-17T09:52:03.718+0800][22.464s][info][gc,heap        ] GC(913) ParOldGen: 24831K->25443K(44032K)
[2026-06-17T09:52:03.719+0800][22.465s][info][gc,metaspace   ] GC(913) Metaspace: 3160K(4864K)->3160K(4864K) NonClass: 2855K(4352K)->2855K(4352K) Class: 305K(512K)->305K(512K)
[2026-06-17T09:52:03.719+0800][22.465s][info][gc             ] GC(913) Pause Young (Allocation Failure) 35M->28M(57M) 3.088ms
[2026-06-17T09:52:03.720+0800][22.466s][info][gc,cpu         ] GC(913) User=0.00s Sys=0.00s Real=0.00s
[2026-06-17T09:52:03.741+0800][22.487s][info][gc,start       ] GC(914) Pause Young (Allocation Failure)
[2026-06-17T09:52:03.742+0800][22.488s][info][gc,heap        ] GC(914) PSYoungGen: 10464K->3598K(14336K)
[2026-06-17T09:52:03.743+0800][22.488s][info][gc,heap        ] GC(914) ParOldGen: 25443K->25443K(44032K)
[2026-06-17T09:52:03.743+0800][22.489s][info][gc,metaspace   ] GC(914) Metaspace: 3160K(4864K)->3160K(4864K) NonClass: 2855K(4352K)->2855K(4352K) Class: 305K(512K)->305K(512K)
[2026-06-17T09:52:03.743+0800][22.489s][info][gc             ] GC(914) Pause Young (Allocation Failure) 35M->28M(57M) 2.347ms
[2026-06-17T09:52:03.744+0800][22.489s][info][gc,cpu         ] GC(914) User=0.00s Sys=0.00s Real=0.01s
[2026-06-17T09:52:03.754+0800][22.500s][info][gc,start       ] GC(915) Pause Young (Allocation Failure)
[2026-06-17T09:52:03.756+0800][22.501s][info][gc,heap        ] GC(915) PSYoungGen: 10728K->6528K(13824K)
[2026-06-17T09:52:03.756+0800][22.502s][info][gc,heap        ] GC(915) ParOldGen: 25443K->26111K(44032K)
[2026-06-17T09:52:03.756+0800][22.502s][info][gc,metaspace   ] GC(915) Metaspace: 3160K(4864K)->3160K(4864K) NonClass: 2855K(4352K)->2855K(4352K) Class: 305K(512K)->305K(512K)
[2026-06-17T09:52:03.756+0800][22.502s][info][gc             ] GC(915) Pause Young (Allocation Failure) 35M->31M(56M) 1.801ms
[2026-06-17T09:52:03.756+0800][22.502s][info][gc,cpu         ] GC(915) User=0.00s Sys=0.00s Real=0.00s
[2026-06-17T09:52:03.778+0800][22.523s][info][gc,start       ] GC(916) Pause Young (Allocation Failure)
[2026-06-17T09:52:03.779+0800][22.525s][info][gc,heap        ] GC(916) PSYoungGen: 13689K->3626K(14336K)
[2026-06-17T09:52:03.779+0800][22.525s][info][gc,heap        ] GC(916) ParOldGen: 26111K->29304K(44032K)
[2026-06-17T09:52:03.779+0800][22.525s][info][gc,metaspace   ] GC(916) Metaspace: 3160K(4864K)->3160K(4864K) NonClass: 2855K(4352K)->2855K(4352K) Class: 305K(512K)->305K(512K)
[2026-06-17T09:52:03.779+0800][22.525s][info][gc             ] GC(916) Pause Young (Allocation Failure) 38M->32M(57M) 1.913ms
[2026-06-17T09:52:03.780+0800][22.526s][info][gc,cpu         ] GC(916) User=0.00s Sys=0.00s Real=0.00s
[2026-06-17T09:52:03.791+0800][22.537s][info][gc,start       ] GC(917) Pause Young (Allocation Failure)
[2026-06-17T09:52:03.792+0800][22.538s][info][gc,heap        ] GC(917) PSYoungGen: 10745K->5731K(14336K)
[2026-06-17T09:52:03.792+0800][22.538s][info][gc,heap        ] GC(917) ParOldGen: 29304K->30636K(44032K)
[2026-06-17T09:52:03.793+0800][22.539s][info][gc,metaspace   ] GC(917) Metaspace: 3160K(4864K)->3160K(4864K) NonClass: 2855K(4352K)->2855K(4352K) Class: 305K(512K)->305K(512K)
[2026-06-17T09:52:03.793+0800][22.539s][info][gc             ] GC(917) Pause Young (Allocation Failure) 39M->35M(57M) 2.271ms
[2026-06-17T09:52:03.793+0800][22.539s][info][gc,cpu         ] GC(917) User=0.00s Sys=0.00s Real=0.00s
[2026-06-17T09:52:03.815+0800][22.561s][info][gc,start       ] GC(918) Pause Young (Allocation Failure)
[2026-06-17T09:52:03.817+0800][22.563s][info][gc,heap        ] GC(918) PSYoungGen: 12899K->2995K(14336K)
[2026-06-17T09:52:03.818+0800][22.564s][info][gc,heap        ] GC(918) ParOldGen: 30636K->33152K(44032K)
[2026-06-17T09:52:03.819+0800][22.564s][info][gc,metaspace   ] GC(918) Metaspace: 3160K(4864K)->3160K(4864K) NonClass: 2855K(4352K)->2855K(4352K) Class: 305K(512K)->305K(512K)
[2026-06-17T09:52:03.819+0800][22.565s][info][gc             ] GC(918) Pause Young (Allocation Failure) 42M->35M(57M) 3.882ms
[2026-06-17T09:52:03.819+0800][22.565s][info][gc,cpu         ] GC(918) User=0.00s Sys=0.00s Real=0.00s
[2026-06-17T09:52:03.841+0800][22.587s][info][gc,start       ] GC(919) Pause Young (Allocation Failure)
[2026-06-17T09:52:03.843+0800][22.589s][info][gc,heap        ] GC(919) PSYoungGen: 10107K->3188K(14336K)
[2026-06-17T09:52:03.844+0800][22.589s][info][gc,heap        ] GC(919) ParOldGen: 33152K->33152K(44032K)
[2026-06-17T09:52:03.844+0800][22.590s][info][gc,metaspace   ] GC(919) Metaspace: 3160K(4864K)->3160K(4864K) NonClass: 2855K(4352K)->2855K(4352K) Class: 305K(512K)->305K(512K)
[2026-06-17T09:52:03.845+0800][22.590s][info][gc             ] GC(919) Pause Young (Allocation Failure) 42M->35M(57M) 3.160ms
[2026-06-17T09:52:03.845+0800][22.591s][info][gc,cpu         ] GC(919) User=0.01s Sys=0.00s Real=0.01s
[2026-06-17T09:52:03.857+0800][22.603s][info][gc,start       ] GC(920) Pause Young (Allocation Failure)
[2026-06-17T09:52:03.859+0800][22.605s][info][gc,heap        ] GC(920) PSYoungGen: 10145K->1388K(14336K)
[2026-06-17T09:52:03.859+0800][22.605s][info][gc,heap        ] GC(920) ParOldGen: 33152K->35096K(44032K)
[2026-06-17T09:52:03.860+0800][22.606s][info][gc,metaspace   ] GC(920) Metaspace: 3160K(4864K)->3160K(4864K) NonClass: 2855K(4352K)->2855K(4352K) Class: 305K(512K)->305K(512K)
[2026-06-17T09:52:03.860+0800][22.606s][info][gc             ] GC(920) Pause Young (Allocation Failure) 42M->35M(57M) 3.211ms
[2026-06-17T09:52:03.861+0800][22.607s][info][gc,cpu         ] GC(920) User=0.00s Sys=0.00s Real=0.00s
[2026-06-17T09:52:03.883+0800][22.629s][info][gc,start       ] GC(921) Pause Young (Allocation Failure)
[2026-06-17T09:52:03.885+0800][22.631s][info][gc,heap        ] GC(921) PSYoungGen: 8533K->4028K(14336K)
[2026-06-17T09:52:03.886+0800][22.631s][info][gc,heap        ] GC(921) ParOldGen: 35096K->36460K(44032K)
[2026-06-17T09:52:03.886+0800][22.632s][info][gc,metaspace   ] GC(921) Metaspace: 3160K(4864K)->3160K(4864K) NonClass: 2855K(4352K)->2855K(4352K) Class: 305K(512K)->305K(512K)
[2026-06-17T09:52:03.887+0800][22.633s][info][gc             ] GC(921) Pause Young (Allocation Failure) 42M->39M(57M) 4.135ms
[2026-06-17T09:52:03.887+0800][22.633s][info][gc,cpu         ] GC(921) User=0.00s Sys=0.00s Real=0.00s
[2026-06-17T09:52:03.910+0800][22.656s][info][gc,start       ] GC(922) Pause Young (Allocation Failure)
[2026-06-17T09:52:03.911+0800][22.657s][info][gc,heap        ] GC(922) PSYoungGen: 11190K->3488K(14336K)
[2026-06-17T09:52:03.912+0800][22.658s][info][gc,heap        ] GC(922) ParOldGen: 36460K->37147K(44032K)
[2026-06-17T09:52:03.913+0800][22.658s][info][gc,metaspace   ] GC(922) Metaspace: 3160K(4864K)->3160K(4864K) NonClass: 2855K(4352K)->2855K(4352K) Class: 305K(512K)->305K(512K)
[2026-06-17T09:52:03.913+0800][22.659s][info][gc             ] GC(922) Pause Young (Allocation Failure) 46M->39M(57M) 3.551ms
[2026-06-17T09:52:03.914+0800][22.660s][info][gc,cpu         ] GC(922) User=0.01s Sys=0.00s Real=0.01s
[2026-06-17T09:52:03.936+0800][22.682s][info][gc,start       ] GC(923) Pause Young (Allocation Failure)
[2026-06-17T09:52:03.939+0800][22.685s][info][gc,heap        ] GC(923) PSYoungGen: 10656K->1826K(14848K)
[2026-06-17T09:52:03.941+0800][22.687s][info][gc,heap        ] GC(923) ParOldGen: 37147K->39028K(44032K)
[2026-06-17T09:52:03.943+0800][22.689s][info][gc,metaspace   ] GC(923) Metaspace: 3160K(4864K)->3160K(4864K) NonClass: 2855K(4352K)->2855K(4352K) Class: 305K(512K)->305K(512K)
[2026-06-17T09:52:03.944+0800][22.690s][info][gc             ] GC(923) Pause Young (Allocation Failure) 46M->39M(57M) 7.911ms
[2026-06-17T09:52:03.944+0800][22.690s][info][gc,cpu         ] GC(923) User=0.00s Sys=0.00s Real=0.01s
[2026-06-17T09:52:03.956+0800][22.702s][info][gc,start       ] GC(924) Pause Young (Allocation Failure)
[2026-06-17T09:52:03.959+0800][22.705s][info][gc,heap        ] GC(924) PSYoungGen: 9981K->5450K(13824K)
[2026-06-17T09:52:03.959+0800][22.705s][info][gc,heap        ] GC(924) ParOldGen: 39028K->40124K(44032K)
[2026-06-17T09:52:03.960+0800][22.706s][info][gc,metaspace   ] GC(924) Metaspace: 3160K(4864K)->3160K(4864K) NonClass: 2855K(4352K)->2855K(4352K) Class: 305K(512K)->305K(512K)
[2026-06-17T09:52:03.960+0800][22.706s][info][gc             ] GC(924) Pause Young (Allocation Failure) 47M->44M(56M) 4.177ms
[2026-06-17T09:52:03.961+0800][22.707s][info][gc,cpu         ] GC(924) User=0.00s Sys=0.00s Real=0.00s
[2026-06-17T09:52:03.983+0800][22.729s][info][gc,start       ] GC(925) Pause Young (Allocation Failure)
[2026-06-17T09:52:03.984+0800][22.730s][info][gc,heap        ] GC(925) PSYoungGen: 13636K->1310K(14336K)
[2026-06-17T09:52:03.985+0800][22.731s][info][gc,heap        ] GC(925) ParOldGen: 40124K->42222K(44032K)
[2026-06-17T09:52:03.985+0800][22.731s][info][gc,metaspace   ] GC(925) Metaspace: 3160K(4864K)->3160K(4864K) NonClass: 2855K(4352K)->2855K(4352K) Class: 305K(512K)->305K(512K)
[2026-06-17T09:52:03.986+0800][22.731s][info][gc             ] GC(925) Pause Young (Allocation Failure) 52M->42M(57M) 2.796ms
[2026-06-17T09:52:03.986+0800][22.732s][info][gc,cpu         ] GC(925) User=0.00s Sys=0.00s Real=0.00s
[2026-06-17T09:52:03.987+0800][22.732s][info][gc,start       ] GC(926) Pause Full (Ergonomics)
[2026-06-17T09:52:03.987+0800][22.733s][info][gc,phases,start] GC(926) Marking Phase
[2026-06-17T09:52:03.989+0800][22.735s][info][gc,phases      ] GC(926) Marking Phase 1.834ms
[2026-06-17T09:52:03.989+0800][22.735s][info][gc,phases,start] GC(926) Summary Phase
[2026-06-17T09:52:03.990+0800][22.736s][info][gc,phases      ] GC(926) Summary Phase 0.364ms
[2026-06-17T09:52:03.990+0800][22.736s][info][gc,phases,start] GC(926) Adjust Roots
[2026-06-17T09:52:03.991+0800][22.736s][info][gc,phases      ] GC(926) Adjust Roots 0.482ms
[2026-06-17T09:52:03.991+0800][22.737s][info][gc,phases,start] GC(926) Compaction Phase
[2026-06-17T09:52:03.994+0800][22.739s][info][gc,phases      ] GC(926) Compaction Phase 2.656ms
[2026-06-17T09:52:03.994+0800][22.740s][info][gc,phases,start] GC(926) Post Compact
[2026-06-17T09:52:03.995+0800][22.740s][info][gc,phases      ] GC(926) Post Compact 0.465ms
[2026-06-17T09:52:03.995+0800][22.741s][info][gc,heap        ] GC(926) PSYoungGen: 1310K->0K(14336K)
[2026-06-17T09:52:03.995+0800][22.741s][info][gc,heap        ] GC(926) ParOldGen: 42222K->33071K(44032K)
[2026-06-17T09:52:03.995+0800][22.741s][info][gc,metaspace   ] GC(926) Metaspace: 3160K(4864K)->3160K(4864K) NonClass: 2855K(4352K)->2855K(4352K) Class: 305K(512K)->305K(512K)
[2026-06-17T09:52:03.995+0800][22.741s][info][gc             ] GC(926) Pause Full (Ergonomics) 42M->32M(57M) 8.853ms
[2026-06-17T09:52:03.996+0800][22.741s][info][gc,cpu         ] GC(926) User=0.01s Sys=0.00s Real=0.01s
[2026-06-17T09:52:04.018+0800][22.764s][info][gc,start       ] GC(927) Pause Young (Allocation Failure)
[2026-06-17T09:52:04.020+0800][22.765s][info][gc,heap        ] GC(927) PSYoungGen: 7158K->3595K(14336K)
[2026-06-17T09:52:04.020+0800][22.766s][info][gc,heap        ] GC(927) ParOldGen: 33071K->33071K(44032K)
[2026-06-17T09:52:04.021+0800][22.767s][info][gc,metaspace   ] GC(927) Metaspace: 3160K(4864K)->3160K(4864K) NonClass: 2855K(4352K)->2855K(4352K) Class: 305K(512K)->305K(512K)
[2026-06-17T09:52:04.021+0800][22.767s][info][gc             ] GC(927) Pause Young (Allocation Failure) 39M->35M(57M) 3.258ms
[2026-06-17T09:52:04.022+0800][22.768s][info][gc,cpu         ] GC(927) User=0.00s Sys=0.00s Real=0.00s
[2026-06-17T09:52:04.044+0800][22.790s][info][gc,start       ] GC(928) Pause Young (Allocation Failure)
[2026-06-17T09:52:04.046+0800][22.792s][info][gc,heap        ] GC(928) PSYoungGen: 10738K->3415K(14336K)
[2026-06-17T09:52:04.046+0800][22.792s][info][gc,heap        ] GC(928) ParOldGen: 33071K->33701K(44032K)
[2026-06-17T09:52:04.047+0800][22.793s][info][gc,metaspace   ] GC(928) Metaspace: 3160K(4864K)->3160K(4864K) NonClass: 2855K(4352K)->2855K(4352K) Class: 305K(512K)->305K(512K)
[2026-06-17T09:52:04.047+0800][22.793s][info][gc             ] GC(928) Pause Young (Allocation Failure) 42M->36M(57M) 3.284ms
[2026-06-17T09:52:04.048+0800][22.793s][info][gc,cpu         ] GC(928) User=0.00s Sys=0.00s Real=0.00s
[2026-06-17T09:52:04.069+0800][22.815s][info][gc,start       ] GC(929) Pause Young (Allocation Failure)
[2026-06-17T09:52:04.070+0800][22.816s][info][gc,heap        ] GC(929) PSYoungGen: 10562K->1548K(14848K)
[2026-06-17T09:52:04.070+0800][22.816s][info][gc,heap        ] GC(929) ParOldGen: 33701K->35770K(44032K)
[2026-06-17T09:52:04.071+0800][22.817s][info][gc,metaspace   ] GC(929) Metaspace: 3160K(4864K)->3160K(4864K) NonClass: 2855K(4352K)->2855K(4352K) Class: 305K(512K)->305K(512K)
[2026-06-17T09:52:04.071+0800][22.817s][info][gc             ] GC(929) Pause Young (Allocation Failure) 43M->36M(57M) 2.587ms
[2026-06-17T09:52:04.072+0800][22.818s][info][gc,cpu         ] GC(929) User=0.00s Sys=0.00s Real=0.01s
[2026-06-17T09:52:04.093+0800][22.839s][info][gc,start       ] GC(930) Pause Young (Allocation Failure)
[2026-06-17T09:52:04.094+0800][22.840s][info][gc,heap        ] GC(930) PSYoungGen: 9712K->2785K(14848K)
[2026-06-17T09:52:04.095+0800][22.840s][info][gc,heap        ] GC(930) ParOldGen: 35770K->35770K(44032K)
[2026-06-17T09:52:04.095+0800][22.841s][info][gc,metaspace   ] GC(930) Metaspace: 3160K(4864K)->3160K(4864K) NonClass: 2855K(4352K)->2855K(4352K) Class: 305K(512K)->305K(512K)
[2026-06-17T09:52:04.095+0800][22.841s][info][gc             ] GC(930) Pause Young (Allocation Failure) 44M->37M(57M) 1.997ms
[2026-06-17T09:52:04.095+0800][22.841s][info][gc,cpu         ] GC(930) User=0.00s Sys=0.00s Real=0.00s
[2026-06-17T09:52:04.117+0800][22.862s][info][gc,start       ] GC(931) Pause Young (Allocation Failure)
[2026-06-17T09:52:04.118+0800][22.864s][info][gc,heap        ] GC(931) PSYoungGen: 10966K->2280K(15360K)
[2026-06-17T09:52:04.119+0800][22.865s][info][gc,heap        ] GC(931) ParOldGen: 35770K->37435K(44032K)
[2026-06-17T09:52:04.119+0800][22.865s][info][gc,metaspace   ] GC(931) Metaspace: 3160K(4864K)->3160K(4864K) NonClass: 2855K(4352K)->2855K(4352K) Class: 305K(512K)->305K(512K)
[2026-06-17T09:52:04.119+0800][22.865s][info][gc             ] GC(931) Pause Young (Allocation Failure) 45M->38M(58M) 2.482ms
[2026-06-17T09:52:04.119+0800][22.865s][info][gc,cpu         ] GC(931) User=0.01s Sys=0.00s Real=0.00s
[2026-06-17T09:52:04.140+0800][22.886s][info][gc,start       ] GC(932) Pause Young (Allocation Failure)
[2026-06-17T09:52:04.141+0800][22.887s][info][gc,heap        ] GC(932) PSYoungGen: 10967K->2440K(14848K)
[2026-06-17T09:52:04.141+0800][22.887s][info][gc,heap        ] GC(932) ParOldGen: 37435K->39046K(44032K)
[2026-06-17T09:52:04.141+0800][22.887s][info][gc,metaspace   ] GC(932) Metaspace: 3160K(4864K)->3160K(4864K) NonClass: 2855K(4352K)->2855K(4352K) Class: 305K(512K)->305K(512K)
[2026-06-17T09:52:04.141+0800][22.887s][info][gc             ] GC(932) Pause Young (Allocation Failure) 47M->40M(57M) 1.238ms
[2026-06-17T09:52:04.142+0800][22.887s][info][gc,cpu         ] GC(932) User=0.00s Sys=0.00s Real=0.00s
[2026-06-17T09:52:04.163+0800][22.909s][info][gc,start       ] GC(933) Pause Young (Allocation Failure)
[2026-06-17T09:52:04.165+0800][22.911s][info][gc,heap        ] GC(933) PSYoungGen: 11115K->4257K(15360K)
[2026-06-17T09:52:04.165+0800][22.911s][info][gc,heap        ] GC(933) ParOldGen: 39046K->39046K(44032K)
[2026-06-17T09:52:04.166+0800][22.912s][info][gc,metaspace   ] GC(933) Metaspace: 3160K(4864K)->3160K(4864K) NonClass: 2855K(4352K)->2855K(4352K) Class: 305K(512K)->305K(512K)
[2026-06-17T09:52:04.166+0800][22.912s][info][gc             ] GC(933) Pause Young (Allocation Failure) 48M->42M(58M) 3.514ms
[2026-06-17T09:52:04.167+0800][22.913s][info][gc,cpu         ] GC(933) User=0.00s Sys=0.00s Real=0.00s
[2026-06-17T09:52:04.189+0800][22.935s][info][gc,start       ] GC(934) Pause Young (Allocation Failure)
[2026-06-17T09:52:04.191+0800][22.937s][info][gc,heap        ] GC(934) PSYoungGen: 13423K->6131K(15360K)
[2026-06-17T09:52:04.191+0800][22.937s][info][gc,heap        ] GC(934) ParOldGen: 39046K->39818K(44032K)
[2026-06-17T09:52:04.192+0800][22.938s][info][gc,metaspace   ] GC(934) Metaspace: 3160K(4864K)->3160K(4864K) NonClass: 2855K(4352K)->2855K(4352K) Class: 305K(512K)->305K(512K)
[2026-06-17T09:52:04.192+0800][22.938s][info][gc             ] GC(934) Pause Young (Allocation Failure) 51M->44M(58M) 3.414ms
[2026-06-17T09:52:04.193+0800][22.939s][info][gc,cpu         ] GC(934) User=0.00s Sys=0.00s Real=0.01s
[2026-06-17T09:52:04.215+0800][22.961s][info][gc,start       ] GC(935) Pause Young (Allocation Failure)
[2026-06-17T09:52:04.217+0800][22.963s][info][gc,heap        ] GC(935) PSYoungGen: 15283K->1739K(13312K)
[2026-06-17T09:52:04.218+0800][22.964s][info][gc,heap        ] GC(935) ParOldGen: 39818K->42992K(44032K)
[2026-06-17T09:52:04.218+0800][22.964s][info][gc,metaspace   ] GC(935) Metaspace: 3160K(4864K)->3160K(4864K) NonClass: 2855K(4352K)->2855K(4352K) Class: 305K(512K)->305K(512K)
[2026-06-17T09:52:04.219+0800][22.965s][info][gc             ] GC(935) Pause Young (Allocation Failure) 53M->43M(56M) 3.643ms
[2026-06-17T09:52:04.219+0800][22.965s][info][gc,cpu         ] GC(935) User=0.00s Sys=0.00s Real=0.00s
[2026-06-17T09:52:04.220+0800][22.965s][info][gc,start       ] GC(936) Pause Full (Ergonomics)
[2026-06-17T09:52:04.220+0800][22.966s][info][gc,phases,start] GC(936) Marking Phase
[2026-06-17T09:52:04.222+0800][22.968s][info][gc,phases      ] GC(936) Marking Phase 2.045ms
[2026-06-17T09:52:04.222+0800][22.968s][info][gc,phases,start] GC(936) Summary Phase
[2026-06-17T09:52:04.223+0800][22.969s][info][gc,phases      ] GC(936) Summary Phase 0.353ms
[2026-06-17T09:52:04.223+0800][22.969s][info][gc,phases,start] GC(936) Adjust Roots
[2026-06-17T09:52:04.224+0800][22.970s][info][gc,phases      ] GC(936) Adjust Roots 0.841ms
[2026-06-17T09:52:04.224+0800][22.970s][info][gc,phases,start] GC(936) Compaction Phase
[2026-06-17T09:52:04.228+0800][22.973s][info][gc,phases      ] GC(936) Compaction Phase 3.483ms
[2026-06-17T09:52:04.228+0800][22.974s][info][gc,phases,start] GC(936) Post Compact
[2026-06-17T09:52:04.228+0800][22.974s][info][gc,phases      ] GC(936) Post Compact 0.284ms
[2026-06-17T09:52:04.228+0800][22.974s][info][gc,heap        ] GC(936) PSYoungGen: 1739K->0K(14336K)
[2026-06-17T09:52:04.229+0800][22.974s][info][gc,heap        ] GC(936) ParOldGen: 42992K->27902K(44032K)
[2026-06-17T09:52:04.229+0800][22.975s][info][gc,metaspace   ] GC(936) Metaspace: 3160K(4864K)->3160K(4864K) NonClass: 2855K(4352K)->2855K(4352K) Class: 305K(512K)->305K(512K)
[2026-06-17T09:52:04.229+0800][22.975s][info][gc             ] GC(936) Pause Full (Ergonomics) 43M->27M(57M) 9.394ms
[2026-06-17T09:52:04.229+0800][22.975s][info][gc,cpu         ] GC(936) User=0.01s Sys=0.00s Real=0.01s
[2026-06-17T09:52:04.251+0800][22.997s][info][gc,start       ] GC(937) Pause Young (Allocation Failure)
[2026-06-17T09:52:04.253+0800][22.998s][info][gc,heap        ] GC(937) PSYoungGen: 7157K->3728K(14848K)
[2026-06-17T09:52:04.253+0800][22.999s][info][gc,heap        ] GC(937) ParOldGen: 27902K->27902K(44032K)
[2026-06-17T09:52:04.254+0800][23.000s][info][gc,metaspace   ] GC(937) Metaspace: 3160K(4864K)->3160K(4864K) NonClass: 2855K(4352K)->2855K(4352K) Class: 305K(512K)->305K(512K)
[2026-06-17T09:52:04.255+0800][23.000s][info][gc             ] GC(937) Pause Young (Allocation Failure) 34M->30M(57M) 3.891ms
[2026-06-17T09:52:04.255+0800][23.001s][info][gc,cpu         ] GC(937) User=0.01s Sys=0.00s Real=0.00s
[2026-06-17T09:52:04.278+0800][23.024s][info][gc,start       ] GC(938) Pause Young (Allocation Failure)
[2026-06-17T09:52:04.280+0800][23.026s][info][gc,heap        ] GC(938) PSYoungGen: 11365K->3618K(14336K)
[2026-06-17T09:52:04.281+0800][23.027s][info][gc,heap        ] GC(938) ParOldGen: 27902K->29026K(44032K)
[2026-06-17T09:52:04.282+0800][23.028s][info][gc,metaspace   ] GC(938) Metaspace: 3160K(4864K)->3160K(4864K) NonClass: 2855K(4352K)->2855K(4352K) Class: 305K(512K)->305K(512K)
[2026-06-17T09:52:04.282+0800][23.028s][info][gc             ] GC(938) Pause Young (Allocation Failure) 38M->31M(57M) 4.615ms
[2026-06-17T09:52:04.283+0800][23.029s][info][gc,cpu         ] GC(938) User=0.00s Sys=0.00s Real=0.01s
[2026-06-17T09:52:04.306+0800][23.052s][info][gc,start       ] GC(939) Pause Young (Allocation Failure)
[2026-06-17T09:52:04.308+0800][23.054s][info][gc,heap        ] GC(939) PSYoungGen: 11285K->2502K(14848K)
[2026-06-17T09:52:04.308+0800][23.054s][info][gc,heap        ] GC(939) ParOldGen: 29026K->31095K(44032K)
[2026-06-17T09:52:04.309+0800][23.055s][info][gc,metaspace   ] GC(939) Metaspace: 3160K(4864K)->3160K(4864K) NonClass: 2855K(4352K)->2855K(4352K) Class: 305K(512K)->305K(512K)
[2026-06-17T09:52:04.309+0800][23.055s][info][gc             ] GC(939) Pause Young (Allocation Failure) 39M->32M(57M) 3.628ms
[2026-06-17T09:52:04.310+0800][23.056s][info][gc,cpu         ] GC(939) User=0.00s Sys=0.00s Real=0.00s
[2026-06-17T09:52:04.332+0800][23.078s][info][gc,start       ] GC(940) Pause Young (Allocation Failure)
[2026-06-17T09:52:04.334+0800][23.080s][info][gc,heap        ] GC(940) PSYoungGen: 10682K->3890K(14848K)
[2026-06-17T09:52:04.337+0800][23.083s][info][gc,heap        ] GC(940) ParOldGen: 31095K->31095K(44032K)
[2026-06-17T09:52:04.337+0800][23.083s][info][gc,metaspace   ] GC(940) Metaspace: 3160K(4864K)->3160K(4864K) NonClass: 2855K(4352K)->2855K(4352K) Class: 305K(512K)->305K(512K)
[2026-06-17T09:52:04.339+0800][23.085s][info][gc             ] GC(940) Pause Young (Allocation Failure) 40M->34M(57M) 7.070ms
[2026-06-17T09:52:04.340+0800][23.086s][info][gc,cpu         ] GC(940) User=0.00s Sys=0.00s Real=0.00s
[2026-06-17T09:52:04.361+0800][23.107s][info][gc,start       ] GC(941) Pause Young (Allocation Failure)
[2026-06-17T09:52:04.367+0800][23.113s][info][gc,heap        ] GC(941) PSYoungGen: 12048K->2948K(15360K)
[2026-06-17T09:52:04.370+0800][23.116s][info][gc,heap        ] GC(941) ParOldGen: 31095K->33433K(44032K)
[2026-06-17T09:52:04.371+0800][23.117s][info][gc,metaspace   ] GC(941) Metaspace: 3160K(4864K)->3160K(4864K) NonClass: 2855K(4352K)->2855K(4352K) Class: 305K(512K)->305K(512K)
[2026-06-17T09:52:04.372+0800][23.117s][info][gc             ] GC(941) Pause Young (Allocation Failure) 42M->35M(58M) 10.048ms
[2026-06-17T09:52:04.372+0800][23.118s][info][gc,cpu         ] GC(941) User=0.00s Sys=0.00s Real=0.02s
[2026-06-17T09:52:04.394+0800][23.140s][info][gc,start       ] GC(942) Pause Young (Allocation Failure)
[2026-06-17T09:52:04.396+0800][23.142s][info][gc,heap        ] GC(942) PSYoungGen: 11650K->2827K(14848K)
[2026-06-17T09:52:04.396+0800][23.142s][info][gc,heap        ] GC(942) ParOldGen: 33433K->35388K(44032K)
[2026-06-17T09:52:04.397+0800][23.142s][info][gc,metaspace   ] GC(942) Metaspace: 3160K(4864K)->3160K(4864K) NonClass: 2855K(4352K)->2855K(4352K) Class: 305K(512K)->305K(512K)
[2026-06-17T09:52:04.397+0800][23.143s][info][gc             ] GC(942) Pause Young (Allocation Failure) 44M->37M(57M) 2.902ms
[2026-06-17T09:52:04.398+0800][23.143s][info][gc,cpu         ] GC(942) User=0.00s Sys=0.00s Real=0.00s
[2026-06-17T09:52:04.420+0800][23.165s][info][gc,start       ] GC(943) Pause Young (Allocation Failure)
[2026-06-17T09:52:04.422+0800][23.167s][info][gc,heap        ] GC(943) PSYoungGen: 11531K->4758K(15360K)
[2026-06-17T09:52:04.422+0800][23.168s][info][gc,heap        ] GC(943) ParOldGen: 35388K->35388K(44032K)
[2026-06-17T09:52:04.423+0800][23.168s][info][gc,metaspace   ] GC(943) Metaspace: 3160K(4864K)->3160K(4864K) NonClass: 2855K(4352K)->2855K(4352K) Class: 305K(512K)->305K(512K)
[2026-06-17T09:52:04.423+0800][23.169s][info][gc             ] GC(943) Pause Young (Allocation Failure) 45M->39M(58M) 3.322ms
[2026-06-17T09:52:04.423+0800][23.169s][info][gc,cpu         ] GC(943) User=0.01s Sys=0.00s Real=0.01s
[2026-06-17T09:52:04.446+0800][23.191s][info][gc,start       ] GC(944) Pause Young (Allocation Failure)
[2026-06-17T09:52:04.449+0800][23.195s][info][gc,heap        ] GC(944) PSYoungGen: 13974K->3943K(15360K)
[2026-06-17T09:52:04.451+0800][23.197s][info][gc,heap        ] GC(944) ParOldGen: 35388K->38690K(44032K)
[2026-06-17T09:52:04.453+0800][23.199s][info][gc,metaspace   ] GC(944) Metaspace: 3160K(4864K)->3160K(4864K) NonClass: 2855K(4352K)->2855K(4352K) Class: 305K(512K)->305K(512K)
[2026-06-17T09:52:04.455+0800][23.201s][info][gc             ] GC(944) Pause Young (Allocation Failure) 48M->41M(58M) 9.151ms
[2026-06-17T09:52:04.459+0800][23.205s][info][gc,cpu         ] GC(944) User=0.00s Sys=0.00s Real=0.01s
[2026-06-17T09:52:04.481+0800][23.227s][info][gc,start       ] GC(945) Pause Young (Allocation Failure)
[2026-06-17T09:52:04.482+0800][23.228s][info][gc,heap        ] GC(945) PSYoungGen: 12936K->329K(14336K)
[2026-06-17T09:52:04.482+0800][23.228s][info][gc,heap        ] GC(945) ParOldGen: 38690K->41063K(44032K)
[2026-06-17T09:52:04.483+0800][23.229s][info][gc,metaspace   ] GC(945) Metaspace: 3160K(4864K)->3160K(4864K) NonClass: 2855K(4352K)->2855K(4352K) Class: 305K(512K)->305K(512K)
[2026-06-17T09:52:04.483+0800][23.229s][info][gc             ] GC(945) Pause Young (Allocation Failure) 50M->40M(57M) 2.034ms
[2026-06-17T09:52:04.484+0800][23.229s][info][gc,cpu         ] GC(945) User=0.00s Sys=0.00s Real=0.01s
[2026-06-17T09:52:04.484+0800][23.230s][info][gc,start       ] GC(946) Pause Full (Ergonomics)
[2026-06-17T09:52:04.484+0800][23.230s][info][gc,phases,start] GC(946) Marking Phase
[2026-06-17T09:52:04.485+0800][23.231s][info][gc,phases      ] GC(946) Marking Phase 1.131ms
[2026-06-17T09:52:04.486+0800][23.232s][info][gc,phases,start] GC(946) Summary Phase
[2026-06-17T09:52:04.486+0800][23.232s][info][gc,phases      ] GC(946) Summary Phase 0.329ms
[2026-06-17T09:52:04.486+0800][23.232s][info][gc,phases,start] GC(946) Adjust Roots
[2026-06-17T09:52:04.487+0800][23.233s][info][gc,phases      ] GC(946) Adjust Roots 0.343ms
[2026-06-17T09:52:04.487+0800][23.233s][info][gc,phases,start] GC(946) Compaction Phase
[2026-06-17T09:52:04.489+0800][23.234s][info][gc,phases      ] GC(946) Compaction Phase 1.432ms
[2026-06-17T09:52:04.489+0800][23.235s][info][gc,phases,start] GC(946) Post Compact
[2026-06-17T09:52:04.490+0800][23.236s][info][gc,phases      ] GC(946) Post Compact 0.518ms
[2026-06-17T09:52:04.491+0800][23.237s][info][gc,heap        ] GC(946) PSYoungGen: 329K->0K(14848K)
[2026-06-17T09:52:04.491+0800][23.237s][info][gc,heap        ] GC(946) ParOldGen: 41063K->22635K(44032K)
[2026-06-17T09:52:04.491+0800][23.237s][info][gc,metaspace   ] GC(946) Metaspace: 3160K(4864K)->3160K(4864K) NonClass: 2855K(4352K)->2855K(4352K) Class: 305K(512K)->305K(512K)
[2026-06-17T09:52:04.492+0800][23.237s][info][gc             ] GC(946) Pause Full (Ergonomics) 40M->22M(57M) 7.429ms
[2026-06-17T09:52:04.492+0800][23.238s][info][gc,cpu         ] GC(946) User=0.00s Sys=0.00s Real=0.01s
[2026-06-17T09:52:04.513+0800][23.259s][info][gc,start       ] GC(947) Pause Young (Allocation Failure)
[2026-06-17T09:52:04.514+0800][23.260s][info][gc,heap        ] GC(947) PSYoungGen: 8166K->4520K(14848K)
[2026-06-17T09:52:04.515+0800][23.260s][info][gc,heap        ] GC(947) ParOldGen: 22635K->22635K(44032K)
[2026-06-17T09:52:04.515+0800][23.261s][info][gc,metaspace   ] GC(947) Metaspace: 3160K(4864K)->3160K(4864K) NonClass: 2855K(4352K)->2855K(4352K) Class: 305K(512K)->305K(512K)
[2026-06-17T09:52:04.515+0800][23.261s][info][gc             ] GC(947) Pause Young (Allocation Failure) 30M->26M(57M) 2.145ms
[2026-06-17T09:52:04.515+0800][23.261s][info][gc,cpu         ] GC(947) User=0.01s Sys=0.00s Real=0.00s
[2026-06-17T09:52:04.537+0800][23.283s][info][gc,start       ] GC(948) Pause Young (Allocation Failure)
[2026-06-17T09:52:04.538+0800][23.284s][info][gc,heap        ] GC(948) PSYoungGen: 12676K->6041K(14336K)
[2026-06-17T09:52:04.539+0800][23.284s][info][gc,heap        ] GC(948) ParOldGen: 22635K->22635K(44032K)
[2026-06-17T09:52:04.539+0800][23.285s][info][gc,metaspace   ] GC(948) Metaspace: 3160K(4864K)->3160K(4864K) NonClass: 2855K(4352K)->2855K(4352K) Class: 305K(512K)->305K(512K)
[2026-06-17T09:52:04.539+0800][23.285s][info][gc             ] GC(948) Pause Young (Allocation Failure) 34M->28M(57M) 2.515ms
[2026-06-17T09:52:04.540+0800][23.286s][info][gc,cpu         ] GC(948) User=0.00s Sys=0.00s Real=0.00s
[2026-06-17T09:52:04.562+0800][23.307s][info][gc,start       ] GC(949) Pause Young (Allocation Failure)
[2026-06-17T09:52:04.564+0800][23.310s][info][gc,heap        ] GC(949) PSYoungGen: 14170K->912K(14336K)
[2026-06-17T09:52:04.565+0800][23.311s][info][gc,heap        ] GC(949) ParOldGen: 22635K->25837K(44032K)
[2026-06-17T09:52:04.569+0800][23.315s][info][gc,metaspace   ] GC(949) Metaspace: 3160K(4864K)->3160K(4864K) NonClass: 2855K(4352K)->2855K(4352K) Class: 305K(512K)->305K(512K)
[2026-06-17T09:52:04.570+0800][23.316s][info][gc             ] GC(949) Pause Young (Allocation Failure) 35M->26M(57M) 8.691ms
[2026-06-17T09:52:04.572+0800][23.318s][info][gc,cpu         ] GC(949) User=0.00s Sys=0.00s Real=0.02s
[2026-06-17T09:52:04.594+0800][23.340s][info][gc,start       ] GC(950) Pause Young (Allocation Failure)
[2026-06-17T09:52:04.596+0800][23.342s][info][gc,heap        ] GC(950) PSYoungGen: 8048K->3372K(14336K)
[2026-06-17T09:52:04.597+0800][23.343s][info][gc,heap        ] GC(950) ParOldGen: 25837K->26725K(44032K)
[2026-06-17T09:52:04.597+0800][23.343s][info][gc,metaspace   ] GC(950) Metaspace: 3160K(4864K)->3160K(4864K) NonClass: 2855K(4352K)->2855K(4352K) Class: 305K(512K)->305K(512K)
[2026-06-17T09:52:04.598+0800][23.344s][info][gc             ] GC(950) Pause Young (Allocation Failure) 33M->29M(57M) 3.618ms
[2026-06-17T09:52:04.599+0800][23.345s][info][gc,cpu         ] GC(950) User=0.00s Sys=0.00s Real=0.00s
[2026-06-17T09:52:04.621+0800][23.367s][info][gc,start       ] GC(951) Pause Young (Allocation Failure)
[2026-06-17T09:52:04.623+0800][23.369s][info][gc,heap        ] GC(951) PSYoungGen: 10510K->2267K(14336K)
[2026-06-17T09:52:04.624+0800][23.370s][info][gc,heap        ] GC(951) ParOldGen: 26725K->28042K(44032K)
[2026-06-17T09:52:04.624+0800][23.370s][info][gc,metaspace   ] GC(951) Metaspace: 3160K(4864K)->3160K(4864K) NonClass: 2855K(4352K)->2855K(4352K) Class: 305K(512K)->305K(512K)
[2026-06-17T09:52:04.625+0800][23.371s][info][gc             ] GC(951) Pause Young (Allocation Failure) 36M->29M(57M) 3.458ms
[2026-06-17T09:52:04.625+0800][23.371s][info][gc,cpu         ] GC(951) User=0.00s Sys=0.00s Real=0.01s
[2026-06-17T09:52:04.637+0800][23.383s][info][gc,start       ] GC(952) Pause Young (Allocation Failure)
[2026-06-17T09:52:04.639+0800][23.385s][info][gc,heap        ] GC(952) PSYoungGen: 8737K->0K(14336K)
[2026-06-17T09:52:04.639+0800][23.385s][info][gc,heap        ] GC(952) ParOldGen: 28042K->30203K(44032K)
[2026-06-17T09:52:04.640+0800][23.386s][info][gc,metaspace   ] GC(952) Metaspace: 3160K(4864K)->3160K(4864K) NonClass: 2855K(4352K)->2855K(4352K) Class: 305K(512K)->305K(512K)
[2026-06-17T09:52:04.640+0800][23.386s][info][gc             ] GC(952) Pause Young (Allocation Failure) 35M->29M(57M) 3.157ms
[2026-06-17T09:52:04.641+0800][23.387s][info][gc,cpu         ] GC(952) User=0.00s Sys=0.00s Real=0.00s
[2026-06-17T09:52:04.663+0800][23.409s][info][gc,start       ] GC(953) Pause Young (Allocation Failure)
[2026-06-17T09:52:04.666+0800][23.411s][info][gc,heap        ] GC(953) PSYoungGen: 7166K->3766K(14336K)
[2026-06-17T09:52:04.666+0800][23.412s][info][gc,heap        ] GC(953) ParOldGen: 30203K->30203K(44032K)
[2026-06-17T09:52:04.667+0800][23.413s][info][gc,metaspace   ] GC(953) Metaspace: 3160K(4864K)->3160K(4864K) NonClass: 2855K(4352K)->2855K(4352K) Class: 305K(512K)->305K(512K)
[2026-06-17T09:52:04.667+0800][23.413s][info][gc             ] GC(953) Pause Young (Allocation Failure) 36M->33M(57M) 4.231ms
[2026-06-17T09:52:04.668+0800][23.414s][info][gc,cpu         ] GC(953) User=0.00s Sys=0.00s Real=0.00s
[2026-06-17T09:52:04.691+0800][23.437s][info][gc,start       ] GC(954) Pause Young (Allocation Failure)
[2026-06-17T09:52:04.693+0800][23.439s][info][gc,heap        ] GC(954) PSYoungGen: 10904K->428K(14336K)
[2026-06-17T09:52:04.694+0800][23.440s][info][gc,heap        ] GC(954) ParOldGen: 30203K->33805K(44032K)
[2026-06-17T09:52:04.694+0800][23.440s][info][gc,metaspace   ] GC(954) Metaspace: 3160K(4864K)->3160K(4864K) NonClass: 2855K(4352K)->2855K(4352K) Class: 305K(512K)->305K(512K)
[2026-06-17T09:52:04.695+0800][23.441s][info][gc             ] GC(954) Pause Young (Allocation Failure) 40M->33M(57M) 4.279ms
[2026-06-17T09:52:04.696+0800][23.441s][info][gc,cpu         ] GC(954) User=0.00s Sys=0.00s Real=0.00s
[2026-06-17T09:52:04.708+0800][23.454s][info][gc,start       ] GC(955) Pause Young (Allocation Failure)
[2026-06-17T09:52:04.711+0800][23.457s][info][gc,heap        ] GC(955) PSYoungGen: 7595K->4027K(14336K)
[2026-06-17T09:52:04.712+0800][23.458s][info][gc,heap        ] GC(955) ParOldGen: 33805K->33805K(44032K)
[2026-06-17T09:52:04.713+0800][23.458s][info][gc,metaspace   ] GC(955) Metaspace: 3160K(4864K)->3160K(4864K) NonClass: 2855K(4352K)->2855K(4352K) Class: 305K(512K)->305K(512K)
[2026-06-17T09:52:04.713+0800][23.459s][info][gc             ] GC(955) Pause Young (Allocation Failure) 40M->36M(57M) 4.842ms
[2026-06-17T09:52:04.714+0800][23.460s][info][gc,cpu         ] GC(955) User=0.00s Sys=0.00s Real=0.01s
[2026-06-17T09:52:04.736+0800][23.482s][info][gc,start       ] GC(956) Pause Young (Allocation Failure)
[2026-06-17T09:52:04.737+0800][23.483s][info][gc,heap        ] GC(956) PSYoungGen: 11177K->2415K(14336K)
[2026-06-17T09:52:04.737+0800][23.483s][info][gc,heap        ] GC(956) ParOldGen: 33805K->35634K(44032K)
[2026-06-17T09:52:04.737+0800][23.483s][info][gc,metaspace   ] GC(956) Metaspace: 3160K(4864K)->3160K(4864K) NonClass: 2855K(4352K)->2855K(4352K) Class: 305K(512K)->305K(512K)
[2026-06-17T09:52:04.738+0800][23.484s][info][gc             ] GC(956) Pause Young (Allocation Failure) 43M->37M(57M) 1.926ms
[2026-06-17T09:52:04.738+0800][23.484s][info][gc,cpu         ] GC(956) User=0.00s Sys=0.00s Real=0.00s
[2026-06-17T09:52:04.760+0800][23.505s][info][gc,start       ] GC(957) Pause Young (Allocation Failure)
[2026-06-17T09:52:04.760+0800][23.506s][info][gc,heap        ] GC(957) PSYoungGen: 9567K->2330K(14848K)
[2026-06-17T09:52:04.761+0800][23.507s][info][gc,heap        ] GC(957) ParOldGen: 35634K->35634K(44032K)
[2026-06-17T09:52:04.761+0800][23.507s][info][gc,metaspace   ] GC(957) Metaspace: 3160K(4864K)->3160K(4864K) NonClass: 2855K(4352K)->2855K(4352K) Class: 305K(512K)->305K(512K)
[2026-06-17T09:52:04.761+0800][23.507s][info][gc             ] GC(957) Pause Young (Allocation Failure) 44M->37M(57M) 1.322ms
[2026-06-17T09:52:04.761+0800][23.507s][info][gc,cpu         ] GC(957) User=0.00s Sys=0.00s Real=0.00s
[2026-06-17T09:52:04.772+0800][23.518s][info][gc,start       ] GC(958) Pause Young (Allocation Failure)
[2026-06-17T09:52:04.775+0800][23.521s][info][gc,heap        ] GC(958) PSYoungGen: 10500K->1308K(14848K)
[2026-06-17T09:52:04.776+0800][23.522s][info][gc,heap        ] GC(958) ParOldGen: 35634K->37664K(44032K)
[2026-06-17T09:52:04.777+0800][23.523s][info][gc,metaspace   ] GC(958) Metaspace: 3160K(4864K)->3160K(4864K) NonClass: 2855K(4352K)->2855K(4352K) Class: 305K(512K)->305K(512K)
[2026-06-17T09:52:04.779+0800][23.525s][info][gc             ] GC(958) Pause Young (Allocation Failure) 45M->38M(57M) 6.791ms
[2026-06-17T09:52:04.781+0800][23.527s][info][gc,cpu         ] GC(958) User=0.00s Sys=0.00s Real=0.00s
[2026-06-17T09:52:04.814+0800][23.560s][info][gc,start       ] GC(959) Pause Young (Allocation Failure)
[2026-06-17T09:52:04.815+0800][23.561s][info][gc,heap        ] GC(959) PSYoungGen: 9480K->1329K(15360K)
[2026-06-17T09:52:04.816+0800][23.562s][info][gc,heap        ] GC(959) ParOldGen: 37664K->38948K(44032K)
[2026-06-17T09:52:04.816+0800][23.562s][info][gc,metaspace   ] GC(959) Metaspace: 3160K(4864K)->3160K(4864K) NonClass: 2855K(4352K)->2855K(4352K) Class: 305K(512K)->305K(512K)
[2026-06-17T09:52:04.816+0800][23.562s][info][gc             ] GC(959) Pause Young (Allocation Failure) 46M->39M(58M) 2.614ms
[2026-06-17T09:52:04.817+0800][23.563s][info][gc,cpu         ] GC(959) User=0.00s Sys=0.00s Real=0.00s
[2026-06-17T09:52:04.839+0800][23.585s][info][gc,start       ] GC(960) Pause Young (Allocation Failure)
[2026-06-17T09:52:04.841+0800][23.587s][info][gc,heap        ] GC(960) PSYoungGen: 10015K->2881K(14848K)
[2026-06-17T09:52:04.841+0800][23.587s][info][gc,heap        ] GC(960) ParOldGen: 38948K->39346K(44032K)
[2026-06-17T09:52:04.842+0800][23.588s][info][gc,metaspace   ] GC(960) Metaspace: 3160K(4864K)->3160K(4864K) NonClass: 2855K(4352K)->2855K(4352K) Class: 305K(512K)->305K(512K)
[2026-06-17T09:52:04.843+0800][23.589s][info][gc             ] GC(960) Pause Young (Allocation Failure) 47M->41M(57M) 3.692ms
[2026-06-17T09:52:04.843+0800][23.589s][info][gc,cpu         ] GC(960) User=0.00s Sys=0.00s Real=0.01s
[2026-06-17T09:52:04.866+0800][23.612s][info][gc,start       ] GC(961) Pause Young (Allocation Failure)
[2026-06-17T09:52:04.868+0800][23.614s][info][gc,heap        ] GC(961) PSYoungGen: 11551K->2707K(15872K)
[2026-06-17T09:52:04.869+0800][23.615s][info][gc,heap        ] GC(961) ParOldGen: 39346K->41219K(44032K)
[2026-06-17T09:52:04.870+0800][23.615s][info][gc,metaspace   ] GC(961) Metaspace: 3161K(4864K)->3161K(4864K) NonClass: 2855K(4352K)->2855K(4352K) Class: 305K(512K)->305K(512K)
[2026-06-17T09:52:04.870+0800][23.616s][info][gc             ] GC(961) Pause Young (Allocation Failure) 49M->42M(58M) 4.715ms
[2026-06-17T09:52:04.871+0800][23.617s][info][gc,cpu         ] GC(961) User=0.00s Sys=0.00s Real=0.01s
[2026-06-17T09:52:04.872+0800][23.617s][info][gc,start       ] GC(962) Pause Full (Ergonomics)
[2026-06-17T09:52:04.872+0800][23.618s][info][gc,phases,start] GC(962) Marking Phase
[2026-06-17T09:52:04.874+0800][23.620s][info][gc,phases      ] GC(962) Marking Phase 2.079ms
[2026-06-17T09:52:04.875+0800][23.620s][info][gc,phases,start] GC(962) Summary Phase
[2026-06-17T09:52:04.875+0800][23.621s][info][gc,phases      ] GC(962) Summary Phase 0.295ms
[2026-06-17T09:52:04.875+0800][23.621s][info][gc,phases,start] GC(962) Adjust Roots
[2026-06-17T09:52:04.875+0800][23.621s][info][gc,phases      ] GC(962) Adjust Roots 0.405ms
[2026-06-17T09:52:04.876+0800][23.622s][info][gc,phases,start] GC(962) Compaction Phase
[2026-06-17T09:52:04.877+0800][23.623s][info][gc,phases      ] GC(962) Compaction Phase 1.779ms
[2026-06-17T09:52:04.878+0800][23.624s][info][gc,phases,start] GC(962) Post Compact
[2026-06-17T09:52:04.879+0800][23.624s][info][gc,phases      ] GC(962) Post Compact 0.425ms
[2026-06-17T09:52:04.879+0800][23.625s][info][gc,heap        ] GC(962) PSYoungGen: 2707K->0K(15360K)
[2026-06-17T09:52:04.879+0800][23.625s][info][gc,heap        ] GC(962) ParOldGen: 41219K->23158K(44032K)
[2026-06-17T09:52:04.879+0800][23.625s][info][gc,metaspace   ] GC(962) Metaspace: 3161K(4864K)->3161K(4864K) NonClass: 2855K(4352K)->2855K(4352K) Class: 305K(512K)->305K(512K)
[2026-06-17T09:52:04.880+0800][23.625s][info][gc             ] GC(962) Pause Full (Ergonomics) 42M->22M(58M) 8.038ms
[2026-06-17T09:52:04.880+0800][23.626s][info][gc,cpu         ] GC(962) User=0.00s Sys=0.01s Real=0.00s
[2026-06-17T09:52:04.902+0800][23.648s][info][gc,start       ] GC(963) Pause Young (Allocation Failure)
[2026-06-17T09:52:04.904+0800][23.650s][info][gc,heap        ] GC(963) PSYoungGen: 9701K->5493K(13824K)
[2026-06-17T09:52:04.905+0800][23.651s][info][gc,heap        ] GC(963) ParOldGen: 23158K->24070K(44032K)
[2026-06-17T09:52:04.906+0800][23.651s][info][gc,metaspace   ] GC(963) Metaspace: 3161K(4864K)->3161K(4864K) NonClass: 2855K(4352K)->2855K(4352K) Class: 305K(512K)->305K(512K)
[2026-06-17T09:52:04.906+0800][23.652s][info][gc             ] GC(963) Pause Young (Allocation Failure) 32M->28M(56M) 4.285ms
[2026-06-17T09:52:04.906+0800][23.652s][info][gc,cpu         ] GC(963) User=0.00s Sys=0.00s Real=0.01s
[2026-06-17T09:52:04.928+0800][23.674s][info][gc,start       ] GC(964) Pause Young (Allocation Failure)
[2026-06-17T09:52:04.931+0800][23.676s][info][gc,heap        ] GC(964) PSYoungGen: 13660K->4004K(14848K)
[2026-06-17T09:52:04.931+0800][23.677s][info][gc,heap        ] GC(964) ParOldGen: 24070K->26759K(44032K)
[2026-06-17T09:52:04.932+0800][23.678s][info][gc,metaspace   ] GC(964) Metaspace: 3161K(4864K)->3161K(4864K) NonClass: 2855K(4352K)->2855K(4352K) Class: 305K(512K)->305K(512K)
[2026-06-17T09:52:04.932+0800][23.678s][info][gc             ] GC(964) Pause Young (Allocation Failure) 36M->30M(57M) 4.014ms
[2026-06-17T09:52:04.933+0800][23.679s][info][gc,cpu         ] GC(964) User=0.00s Sys=0.00s Real=0.01s
[2026-06-17T09:52:04.956+0800][23.702s][info][gc,start       ] GC(965) Pause Young (Allocation Failure)
[2026-06-17T09:52:04.959+0800][23.705s][info][gc,heap        ] GC(965) PSYoungGen: 12172K->3142K(14848K)
[2026-06-17T09:52:04.959+0800][23.705s][info][gc,heap        ] GC(965) ParOldGen: 26759K->28955K(44032K)
[2026-06-17T09:52:04.960+0800][23.706s][info][gc,metaspace   ] GC(965) Metaspace: 3161K(4864K)->3161K(4864K) NonClass: 2855K(4352K)->2855K(4352K) Class: 305K(512K)->305K(512K)
[2026-06-17T09:52:04.960+0800][23.706s][info][gc             ] GC(965) Pause Young (Allocation Failure) 38M->31M(57M) 4.404ms
[2026-06-17T09:52:04.960+0800][23.706s][info][gc,cpu         ] GC(965) User=0.01s Sys=0.00s Real=0.00s
[2026-06-17T09:52:04.982+0800][23.728s][info][gc,start       ] GC(966) Pause Young (Allocation Failure)
[2026-06-17T09:52:04.984+0800][23.729s][info][gc,heap        ] GC(966) PSYoungGen: 11314K->2283K(14848K)
[2026-06-17T09:52:04.984+0800][23.730s][info][gc,heap        ] GC(966) ParOldGen: 28955K->30854K(44032K)
[2026-06-17T09:52:04.984+0800][23.730s][info][gc,metaspace   ] GC(966) Metaspace: 3161K(4864K)->3161K(4864K) NonClass: 2855K(4352K)->2855K(4352K) Class: 305K(512K)->305K(512K)
[2026-06-17T09:52:04.985+0800][23.731s][info][gc             ] GC(966) Pause Young (Allocation Failure) 39M->32M(57M) 2.621ms
[2026-06-17T09:52:04.985+0800][23.731s][info][gc,cpu         ] GC(966) User=0.00s Sys=0.00s Real=0.01s
[2026-06-17T09:52:05.007+0800][23.753s][info][gc,start       ] GC(967) Pause Young (Allocation Failure)
[2026-06-17T09:52:05.009+0800][23.754s][info][gc,heap        ] GC(967) PSYoungGen: 10465K->4075K(15360K)
[2026-06-17T09:52:05.009+0800][23.755s][info][gc,heap        ] GC(967) ParOldGen: 30854K->30854K(44032K)
[2026-06-17T09:52:05.009+0800][23.755s][info][gc,metaspace   ] GC(967) Metaspace: 3161K(4864K)->3161K(4864K) NonClass: 2855K(4352K)->2855K(4352K) Class: 305K(512K)->305K(512K)
[2026-06-17T09:52:05.010+0800][23.756s][info][gc             ] GC(967) Pause Young (Allocation Failure) 40M->34M(58M) 2.847ms
[2026-06-17T09:52:05.010+0800][23.756s][info][gc,cpu         ] GC(967) User=0.00s Sys=0.00s Real=0.00s
[2026-06-17T09:52:05.032+0800][23.778s][info][gc,start       ] GC(968) Pause Young (Allocation Failure)
[2026-06-17T09:52:05.035+0800][23.781s][info][gc,heap        ] GC(968) PSYoungGen: 13291K->4269K(13824K)
[2026-06-17T09:52:05.036+0800][23.782s][info][gc,heap        ] GC(968) ParOldGen: 30854K->32887K(44032K)
[2026-06-17T09:52:05.037+0800][23.782s][info][gc,metaspace   ] GC(968) Metaspace: 3161K(4864K)->3161K(4864K) NonClass: 2855K(4352K)->2855K(4352K) Class: 305K(512K)->305K(512K)
[2026-06-17T09:52:05.037+0800][23.783s][info][gc             ] GC(968) Pause Young (Allocation Failure) 43M->36M(56M) 4.638ms
[2026-06-17T09:52:05.037+0800][23.783s][info][gc,cpu         ] GC(968) User=0.01s Sys=0.00s Real=0.00s
[2026-06-17T09:52:05.060+0800][23.806s][info][gc,start       ] GC(969) Pause Young (Allocation Failure)
[2026-06-17T09:52:05.062+0800][23.808s][info][gc,heap        ] GC(969) PSYoungGen: 13235K->824K(14848K)
[2026-06-17T09:52:05.063+0800][23.808s][info][gc,heap        ] GC(969) ParOldGen: 32887K->34826K(44032K)
[2026-06-17T09:52:05.063+0800][23.809s][info][gc,metaspace   ] GC(969) Metaspace: 3161K(4864K)->3161K(4864K) NonClass: 2855K(4352K)->2855K(4352K) Class: 305K(512K)->305K(512K)
[2026-06-17T09:52:05.064+0800][23.809s][info][gc             ] GC(969) Pause Young (Allocation Failure) 45M->34M(57M) 3.696ms
[2026-06-17T09:52:05.064+0800][23.810s][info][gc,cpu         ] GC(969) User=0.00s Sys=0.00s Real=0.01s
[2026-06-17T09:52:05.096+0800][23.842s][info][gc,start       ] GC(970) Pause Young (Allocation Failure)
[2026-06-17T09:52:05.099+0800][23.845s][info][gc,heap        ] GC(970) PSYoungGen: 8969K->1296K(14848K)
[2026-06-17T09:52:05.104+0800][23.849s][info][gc,heap        ] GC(970) ParOldGen: 34826K->35626K(44032K)
[2026-06-17T09:52:05.104+0800][23.850s][info][gc,metaspace   ] GC(970) Metaspace: 3161K(4864K)->3161K(4864K) NonClass: 2855K(4352K)->2855K(4352K) Class: 305K(512K)->305K(512K)
[2026-06-17T09:52:05.104+0800][23.850s][info][gc             ] GC(970) Pause Young (Allocation Failure) 42M->36M(57M) 7.874ms
[2026-06-17T09:52:05.104+0800][23.850s][info][gc,cpu         ] GC(970) User=0.00s Sys=0.00s Real=0.01s
[2026-06-17T09:52:05.116+0800][23.861s][info][gc,start       ] GC(971) Pause Young (Allocation Failure)
[2026-06-17T09:52:05.117+0800][23.863s][info][gc,heap        ] GC(971) PSYoungGen: 9488K->4912K(13824K)
[2026-06-17T09:52:05.118+0800][23.864s][info][gc,heap        ] GC(971) ParOldGen: 35626K->36840K(44032K)
[2026-06-17T09:52:05.118+0800][23.864s][info][gc,metaspace   ] GC(971) Metaspace: 3161K(4864K)->3161K(4864K) NonClass: 2855K(4352K)->2855K(4352K) Class: 305K(512K)->305K(512K)
[2026-06-17T09:52:05.119+0800][23.865s][info][gc             ] GC(971) Pause Young (Allocation Failure) 44M->40M(56M) 3.240ms
[2026-06-17T09:52:05.119+0800][23.865s][info][gc,cpu         ] GC(971) User=0.00s Sys=0.00s Real=0.00s
[2026-06-17T09:52:05.141+0800][23.887s][info][gc,start       ] GC(972) Pause Young (Allocation Failure)
[2026-06-17T09:52:05.142+0800][23.888s][info][gc,heap        ] GC(972) PSYoungGen: 12071K->2154K(14336K)
[2026-06-17T09:52:05.142+0800][23.888s][info][gc,heap        ] GC(972) ParOldGen: 36840K->39824K(44032K)
[2026-06-17T09:52:05.142+0800][23.888s][info][gc,metaspace   ] GC(972) Metaspace: 3161K(4864K)->3161K(4864K) NonClass: 2855K(4352K)->2855K(4352K) Class: 305K(512K)->305K(512K)
[2026-06-17T09:52:05.143+0800][23.889s][info][gc             ] GC(972) Pause Young (Allocation Failure) 47M->40M(57M) 1.910ms
[2026-06-17T09:52:05.143+0800][23.889s][info][gc,cpu         ] GC(972) User=0.00s Sys=0.00s Real=0.01s
[2026-06-17T09:52:05.164+0800][23.910s][info][gc,start       ] GC(973) Pause Young (Allocation Failure)
[2026-06-17T09:52:05.165+0800][23.911s][info][gc,heap        ] GC(973) PSYoungGen: 9298K->2192K(14848K)
[2026-06-17T09:52:05.166+0800][23.911s][info][gc,heap        ] GC(973) ParOldGen: 39824K->39824K(44032K)
[2026-06-17T09:52:05.166+0800][23.912s][info][gc,metaspace   ] GC(973) Metaspace: 3161K(4864K)->3161K(4864K) NonClass: 2855K(4352K)->2855K(4352K) Class: 305K(512K)->305K(512K)
[2026-06-17T09:52:05.166+0800][23.912s][info][gc             ] GC(973) Pause Young (Allocation Failure) 47M->41M(57M) 1.651ms
[2026-06-17T09:52:05.166+0800][23.912s][info][gc,cpu         ] GC(973) User=0.00s Sys=0.00s Real=0.00s
[2026-06-17T09:52:05.177+0800][23.923s][info][gc,start       ] GC(974) Pause Young (Allocation Failure)
[2026-06-17T09:52:05.178+0800][23.924s][info][gc,heap        ] GC(974) PSYoungGen: 10220K->1539K(14848K)
[2026-06-17T09:52:05.178+0800][23.924s][info][gc,heap        ] GC(974) ParOldGen: 39824K->41261K(44032K)
[2026-06-17T09:52:05.178+0800][23.924s][info][gc,metaspace   ] GC(974) Metaspace: 3161K(4864K)->3161K(4864K) NonClass: 2855K(4352K)->2855K(4352K) Class: 305K(512K)->305K(512K)
[2026-06-17T09:52:05.179+0800][23.924s][info][gc             ] GC(974) Pause Young (Allocation Failure) 48M->41M(57M) 1.600ms
[2026-06-17T09:52:05.179+0800][23.925s][info][gc,cpu         ] GC(974) User=0.00s Sys=0.00s Real=0.00s
[2026-06-17T09:52:05.179+0800][23.925s][info][gc,start       ] GC(975) Pause Full (Ergonomics)
[2026-06-17T09:52:05.179+0800][23.925s][info][gc,phases,start] GC(975) Marking Phase
[2026-06-17T09:52:05.180+0800][23.926s][info][gc,phases      ] GC(975) Marking Phase 0.786ms
[2026-06-17T09:52:05.180+0800][23.926s][info][gc,phases,start] GC(975) Summary Phase
[2026-06-17T09:52:05.180+0800][23.926s][info][gc,phases      ] GC(975) Summary Phase 0.144ms
[2026-06-17T09:52:05.180+0800][23.926s][info][gc,phases,start] GC(975) Adjust Roots
[2026-06-17T09:52:05.181+0800][23.926s][info][gc,phases      ] GC(975) Adjust Roots 0.204ms
[2026-06-17T09:52:05.181+0800][23.927s][info][gc,phases,start] GC(975) Compaction Phase
[2026-06-17T09:52:05.182+0800][23.928s][info][gc,phases      ] GC(975) Compaction Phase 1.555ms
[2026-06-17T09:52:05.183+0800][23.928s][info][gc,phases,start] GC(975) Post Compact
[2026-06-17T09:52:05.183+0800][23.929s][info][gc,phases      ] GC(975) Post Compact 0.218ms
[2026-06-17T09:52:05.183+0800][23.929s][info][gc,heap        ] GC(975) PSYoungGen: 1539K->0K(15360K)
[2026-06-17T09:52:05.183+0800][23.929s][info][gc,heap        ] GC(975) ParOldGen: 41261K->29422K(44032K)
[2026-06-17T09:52:05.183+0800][23.929s][info][gc,metaspace   ] GC(975) Metaspace: 3161K(4864K)->3161K(4864K) NonClass: 2855K(4352K)->2855K(4352K) Class: 305K(512K)->305K(512K)
[2026-06-17T09:52:05.183+0800][23.929s][info][gc             ] GC(975) Pause Full (Ergonomics) 41M->28M(58M) 4.387ms
[2026-06-17T09:52:05.183+0800][23.929s][info][gc,cpu         ] GC(975) User=0.01s Sys=0.00s Real=0.01s
[2026-06-17T09:52:05.215+0800][23.961s][info][gc,start       ] GC(976) Pause Young (Allocation Failure)
[2026-06-17T09:52:05.217+0800][23.963s][info][gc,heap        ] GC(976) PSYoungGen: 9188K->2350K(15360K)
[2026-06-17T09:52:05.218+0800][23.963s][info][gc,heap        ] GC(976) ParOldGen: 29422K->29422K(44032K)
[2026-06-17T09:52:05.218+0800][23.964s][info][gc,metaspace   ] GC(976) Metaspace: 3161K(4864K)->3161K(4864K) NonClass: 2855K(4352K)->2855K(4352K) Class: 305K(512K)->305K(512K)
[2026-06-17T09:52:05.219+0800][23.965s][info][gc             ] GC(976) Pause Young (Allocation Failure) 37M->31M(58M) 3.618ms
[2026-06-17T09:52:05.219+0800][23.965s][info][gc,cpu         ] GC(976) User=0.00s Sys=0.00s Real=0.00s
[2026-06-17T09:52:05.241+0800][23.987s][info][gc,start       ] GC(977) Pause Young (Allocation Failure)
[2026-06-17T09:52:05.250+0800][23.996s][info][gc,heap        ] GC(977) PSYoungGen: 11551K->4476K(14336K)
[2026-06-17T09:52:05.256+0800][24.002s][info][gc,heap        ] GC(977) ParOldGen: 29422K->29664K(44032K)
[2026-06-17T09:52:05.260+0800][24.005s][info][gc,metaspace   ] GC(977) Metaspace: 3161K(4864K)->3161K(4864K) NonClass: 2855K(4352K)->2855K(4352K) Class: 305K(512K)->305K(512K)
[2026-06-17T09:52:05.266+0800][24.012s][info][gc             ] GC(977) Pause Young (Allocation Failure) 40M->33M(57M) 24.588ms
[2026-06-17T09:52:05.267+0800][24.013s][info][gc,cpu         ] GC(977) User=0.00s Sys=0.01s Real=0.03s
[2026-06-17T09:52:05.289+0800][24.035s][info][gc,start       ] GC(978) Pause Young (Allocation Failure)
[2026-06-17T09:52:05.291+0800][24.037s][info][gc,heap        ] GC(978) PSYoungGen: 12642K->3465K(14848K)
[2026-06-17T09:52:05.291+0800][24.037s][info][gc,heap        ] GC(978) ParOldGen: 29664K->31689K(44032K)
[2026-06-17T09:52:05.292+0800][24.038s][info][gc,metaspace   ] GC(978) Metaspace: 3161K(4864K)->3161K(4864K) NonClass: 2855K(4352K)->2855K(4352K) Class: 305K(512K)->305K(512K)
[2026-06-17T09:52:05.292+0800][24.038s][info][gc             ] GC(978) Pause Young (Allocation Failure) 41M->34M(57M) 3.432ms
[2026-06-17T09:52:05.293+0800][24.039s][info][gc,cpu         ] GC(978) User=0.00s Sys=0.00s Real=0.01s
[2026-06-17T09:52:05.315+0800][24.061s][info][gc,start       ] GC(979) Pause Young (Allocation Failure)
[2026-06-17T09:52:05.320+0800][24.065s][info][gc,heap        ] GC(979) PSYoungGen: 11657K->2543K(15360K)
[2026-06-17T09:52:05.320+0800][24.066s][info][gc,heap        ] GC(979) ParOldGen: 31689K->33865K(44032K)
[2026-06-17T09:52:05.321+0800][24.067s][info][gc,metaspace   ] GC(979) Metaspace: 3161K(4864K)->3161K(4864K) NonClass: 2855K(4352K)->2855K(4352K) Class: 305K(512K)->305K(512K)
[2026-06-17T09:52:05.321+0800][24.067s][info][gc             ] GC(979) Pause Young (Allocation Failure) 42M->35M(58M) 6.106ms
[2026-06-17T09:52:05.322+0800][24.068s][info][gc,cpu         ] GC(979) User=0.00s Sys=0.00s Real=0.00s
[2026-06-17T09:52:05.345+0800][24.090s][info][gc,start       ] GC(980) Pause Young (Allocation Failure)
[2026-06-17T09:52:05.346+0800][24.092s][info][gc,heap        ] GC(980) PSYoungGen: 11749K->4657K(14336K)
[2026-06-17T09:52:05.347+0800][24.093s][info][gc,heap        ] GC(980) ParOldGen: 33865K->33865K(44032K)
[2026-06-17T09:52:05.347+0800][24.093s][info][gc,metaspace   ] GC(980) Metaspace: 3161K(4864K)->3161K(4864K) NonClass: 2855K(4352K)->2855K(4352K) Class: 305K(512K)->305K(512K)
[2026-06-17T09:52:05.348+0800][24.094s][info][gc             ] GC(980) Pause Young (Allocation Failure) 44M->37M(57M) 3.361ms
[2026-06-17T09:52:05.348+0800][24.094s][info][gc,cpu         ] GC(980) User=0.00s Sys=0.00s Real=0.00s
[2026-06-17T09:52:05.370+0800][24.116s][info][gc,start       ] GC(981) Pause Young (Allocation Failure)
[2026-06-17T09:52:05.372+0800][24.117s][info][gc,heap        ] GC(981) PSYoungGen: 13859K->4906K(14848K)
[2026-06-17T09:52:05.372+0800][24.118s][info][gc,heap        ] GC(981) ParOldGen: 33865K->35843K(44032K)
[2026-06-17T09:52:05.372+0800][24.118s][info][gc,metaspace   ] GC(981) Metaspace: 3161K(4864K)->3161K(4864K) NonClass: 2855K(4352K)->2855K(4352K) Class: 305K(512K)->305K(512K)
[2026-06-17T09:52:05.373+0800][24.118s][info][gc             ] GC(981) Pause Young (Allocation Failure) 46M->39M(57M) 2.451ms
[2026-06-17T09:52:05.373+0800][24.119s][info][gc,cpu         ] GC(981) User=0.00s Sys=0.00s Real=0.01s
[2026-06-17T09:52:05.395+0800][24.141s][info][gc,start       ] GC(982) Pause Young (Allocation Failure)
[2026-06-17T09:52:05.396+0800][24.142s][info][gc,heap        ] GC(982) PSYoungGen: 13001K->180K(8704K)
[2026-06-17T09:52:05.397+0800][24.142s][info][gc,heap        ] GC(982) ParOldGen: 35843K->38567K(44032K)
[2026-06-17T09:52:05.397+0800][24.143s][info][gc,metaspace   ] GC(982) Metaspace: 3161K(4864K)->3161K(4864K) NonClass: 2855K(4352K)->2855K(4352K) Class: 305K(512K)->305K(512K)
[2026-06-17T09:52:05.397+0800][24.143s][info][gc             ] GC(982) Pause Young (Allocation Failure) 47M->37M(51M) 2.668ms
[2026-06-17T09:52:05.398+0800][24.144s][info][gc,cpu         ] GC(982) User=0.00s Sys=0.00s Real=0.00s
[2026-06-17T09:52:05.420+0800][24.166s][info][gc,start       ] GC(983) Pause Young (Allocation Failure)
[2026-06-17T09:52:05.422+0800][24.168s][info][gc,heap        ] GC(983) PSYoungGen: 8358K->4672K(14336K)
[2026-06-17T09:52:05.423+0800][24.168s][info][gc,heap        ] GC(983) ParOldGen: 38567K->38723K(44032K)
[2026-06-17T09:52:05.423+0800][24.169s][info][gc,metaspace   ] GC(983) Metaspace: 3161K(4864K)->3161K(4864K) NonClass: 2855K(4352K)->2855K(4352K) Class: 305K(512K)->305K(512K)
[2026-06-17T09:52:05.423+0800][24.169s][info][gc             ] GC(983) Pause Young (Allocation Failure) 45M->42M(57M) 3.306ms
[2026-06-17T09:52:05.424+0800][24.170s][info][gc,cpu         ] GC(983) User=0.00s Sys=0.00s Real=0.01s
[2026-06-17T09:52:05.446+0800][24.192s][info][gc,start       ] GC(984) Pause Young (Allocation Failure)
[2026-06-17T09:52:05.448+0800][24.194s][info][gc,heap        ] GC(984) PSYoungGen: 11823K->2591K(14336K)
[2026-06-17T09:52:05.448+0800][24.194s][info][gc,heap        ] GC(984) ParOldGen: 38723K->40377K(44032K)
[2026-06-17T09:52:05.449+0800][24.195s][info][gc,metaspace   ] GC(984) Metaspace: 3161K(4864K)->3161K(4864K) NonClass: 2855K(4352K)->2855K(4352K) Class: 305K(512K)->305K(512K)
[2026-06-17T09:52:05.449+0800][24.195s][info][gc             ] GC(984) Pause Young (Allocation Failure) 49M->41M(57M) 2.982ms
[2026-06-17T09:52:05.449+0800][24.195s][info][gc,cpu         ] GC(984) User=0.00s Sys=0.00s Real=0.00s
[2026-06-17T09:52:05.471+0800][24.217s][info][gc,start       ] GC(985) Pause Young (Allocation Failure)
[2026-06-17T09:52:05.473+0800][24.219s][info][gc,heap        ] GC(985) PSYoungGen: 9713K->334K(14336K)
[2026-06-17T09:52:05.474+0800][24.220s][info][gc,heap        ] GC(985) ParOldGen: 40377K->42315K(44032K)
[2026-06-17T09:52:05.474+0800][24.220s][info][gc,metaspace   ] GC(985) Metaspace: 3161K(4864K)->3161K(4864K) NonClass: 2855K(4352K)->2855K(4352K) Class: 305K(512K)->305K(512K)
[2026-06-17T09:52:05.475+0800][24.221s][info][gc             ] GC(985) Pause Young (Allocation Failure) 48M->41M(57M) 3.764ms
[2026-06-17T09:52:05.475+0800][24.221s][info][gc,cpu         ] GC(985) User=0.00s Sys=0.00s Real=0.00s
[2026-06-17T09:52:05.476+0800][24.222s][info][gc,start       ] GC(986) Pause Full (Ergonomics)
[2026-06-17T09:52:05.476+0800][24.222s][info][gc,phases,start] GC(986) Marking Phase
[2026-06-17T09:52:05.479+0800][24.225s][info][gc,phases      ] GC(986) Marking Phase 2.553ms
[2026-06-17T09:52:05.480+0800][24.226s][info][gc,phases,start] GC(986) Summary Phase
[2026-06-17T09:52:05.480+0800][24.226s][info][gc,phases      ] GC(986) Summary Phase 0.287ms
[2026-06-17T09:52:05.480+0800][24.226s][info][gc,phases,start] GC(986) Adjust Roots
[2026-06-17T09:52:05.481+0800][24.227s][info][gc,phases      ] GC(986) Adjust Roots 0.884ms
[2026-06-17T09:52:05.482+0800][24.228s][info][gc,phases,start] GC(986) Compaction Phase
[2026-06-17T09:52:05.485+0800][24.231s][info][gc,phases      ] GC(986) Compaction Phase 3.590ms
[2026-06-17T09:52:05.487+0800][24.232s][info][gc,phases,start] GC(986) Post Compact
[2026-06-17T09:52:05.487+0800][24.233s][info][gc,phases      ] GC(986) Post Compact 0.509ms
[2026-06-17T09:52:05.489+0800][24.235s][info][gc,heap        ] GC(986) PSYoungGen: 334K->0K(14336K)
[2026-06-17T09:52:05.490+0800][24.236s][info][gc,heap        ] GC(986) ParOldGen: 42315K->26163K(44032K)
[2026-06-17T09:52:05.491+0800][24.237s][info][gc,metaspace   ] GC(986) Metaspace: 3161K(4864K)->3161K(4864K) NonClass: 2855K(4352K)->2855K(4352K) Class: 305K(512K)->305K(512K)
[2026-06-17T09:52:05.491+0800][24.237s][info][gc             ] GC(986) Pause Full (Ergonomics) 41M->25M(57M) 15.227ms
[2026-06-17T09:52:05.491+0800][24.237s][info][gc,cpu         ] GC(986) User=0.01s Sys=0.00s Real=0.02s
[2026-06-17T09:52:05.502+0800][24.248s][info][gc,start       ] GC(987) Pause Young (Allocation Failure)
[2026-06-17T09:52:05.504+0800][24.250s][info][gc,heap        ] GC(987) PSYoungGen: 7154K->6933K(14336K)
[2026-06-17T09:52:05.504+0800][24.250s][info][gc,heap        ] GC(987) ParOldGen: 26163K->26479K(44032K)
[2026-06-17T09:52:05.505+0800][24.250s][info][gc,metaspace   ] GC(987) Metaspace: 3161K(4864K)->3161K(4864K) NonClass: 2855K(4352K)->2855K(4352K) Class: 305K(512K)->305K(512K)
[2026-06-17T09:52:05.505+0800][24.251s][info][gc             ] GC(987) Pause Young (Allocation Failure) 32M->32M(57M) 2.350ms
[2026-06-17T09:52:05.505+0800][24.251s][info][gc,cpu         ] GC(987) User=0.00s Sys=0.00s Real=0.00s
[2026-06-17T09:52:05.527+0800][24.272s][info][gc,start       ] GC(988) Pause Young (Allocation Failure)
[2026-06-17T09:52:05.528+0800][24.274s][info][gc,heap        ] GC(988) PSYoungGen: 14091K->1639K(14336K)
[2026-06-17T09:52:05.528+0800][24.274s][info][gc,heap        ] GC(988) ParOldGen: 26479K->31674K(44032K)
[2026-06-17T09:52:05.528+0800][24.274s][info][gc,metaspace   ] GC(988) Metaspace: 3161K(4864K)->3161K(4864K) NonClass: 2855K(4352K)->2855K(4352K) Class: 305K(512K)->305K(512K)
[2026-06-17T09:52:05.529+0800][24.275s][info][gc             ] GC(988) Pause Young (Allocation Failure) 39M->32M(57M) 2.203ms
[2026-06-17T09:52:05.529+0800][24.275s][info][gc,cpu         ] GC(988) User=0.00s Sys=0.00s Real=0.00s
[2026-06-17T09:52:05.540+0800][24.286s][info][gc,start       ] GC(989) Pause Young (Allocation Failure)
[2026-06-17T09:52:05.541+0800][24.287s][info][gc,heap        ] GC(989) PSYoungGen: 8797K->5181K(14336K)
[2026-06-17T09:52:05.542+0800][24.288s][info][gc,heap        ] GC(989) ParOldGen: 31674K->31674K(44032K)
[2026-06-17T09:52:05.542+0800][24.288s][info][gc,metaspace   ] GC(989) Metaspace: 3161K(4864K)->3161K(4864K) NonClass: 2855K(4352K)->2855K(4352K) Class: 305K(512K)->305K(512K)
[2026-06-17T09:52:05.542+0800][24.288s][info][gc             ] GC(989) Pause Young (Allocation Failure) 39M->35M(57M) 2.179ms
[2026-06-17T09:52:05.542+0800][24.288s][info][gc,cpu         ] GC(989) User=0.00s Sys=0.00s Real=0.01s
[2026-06-17T09:52:05.564+0800][24.310s][info][gc,start       ] GC(990) Pause Young (Allocation Failure)
[2026-06-17T09:52:05.566+0800][24.312s][info][gc,heap        ] GC(990) PSYoungGen: 12341K->3067K(14336K)
[2026-06-17T09:52:05.567+0800][24.312s][info][gc,heap        ] GC(990) ParOldGen: 31674K->33698K(44032K)
[2026-06-17T09:52:05.567+0800][24.313s][info][gc,metaspace   ] GC(990) Metaspace: 3161K(4864K)->3161K(4864K) NonClass: 2855K(4352K)->2855K(4352K) Class: 305K(512K)->305K(512K)
[2026-06-17T09:52:05.567+0800][24.313s][info][gc             ] GC(990) Pause Young (Allocation Failure) 42M->35M(57M) 3.008ms
[2026-06-17T09:52:05.568+0800][24.314s][info][gc,cpu         ] GC(990) User=0.00s Sys=0.00s Real=0.00s
[2026-06-17T09:52:05.579+0800][24.325s][info][gc,start       ] GC(991) Pause Young (Allocation Failure)
[2026-06-17T09:52:05.581+0800][24.327s][info][gc,heap        ] GC(991) PSYoungGen: 9481K->2442K(14336K)
[2026-06-17T09:52:05.581+0800][24.327s][info][gc,heap        ] GC(991) ParOldGen: 33698K->33698K(44032K)
[2026-06-17T09:52:05.582+0800][24.328s][info][gc,metaspace   ] GC(991) Metaspace: 3161K(4864K)->3161K(4864K) NonClass: 2855K(4352K)->2855K(4352K) Class: 305K(512K)->305K(512K)
[2026-06-17T09:52:05.582+0800][24.328s][info][gc             ] GC(991) Pause Young (Allocation Failure) 42M->35M(57M) 3.098ms
[2026-06-17T09:52:05.583+0800][24.329s][info][gc,cpu         ] GC(991) User=0.00s Sys=0.00s Real=0.01s
[2026-06-17T09:52:05.605+0800][24.351s][info][gc,start       ] GC(992) Pause Young (Allocation Failure)
[2026-06-17T09:52:05.607+0800][24.353s][info][gc,heap        ] GC(992) PSYoungGen: 9606K->3611K(14336K)
[2026-06-17T09:52:05.607+0800][24.353s][info][gc,heap        ] GC(992) ParOldGen: 33698K->36116K(44032K)
[2026-06-17T09:52:05.608+0800][24.354s][info][gc,metaspace   ] GC(992) Metaspace: 3161K(4864K)->3161K(4864K) NonClass: 2855K(4352K)->2855K(4352K) Class: 305K(512K)->305K(512K)
[2026-06-17T09:52:05.608+0800][24.354s][info][gc             ] GC(992) Pause Young (Allocation Failure) 42M->38M(57M) 3.611ms
[2026-06-17T09:52:05.609+0800][24.355s][info][gc,cpu         ] GC(992) User=0.00s Sys=0.00s Real=0.00s
[2026-06-17T09:52:05.631+0800][24.376s][info][gc,start       ] GC(993) Pause Young (Allocation Failure)
[2026-06-17T09:52:05.632+0800][24.378s][info][gc,heap        ] GC(993) PSYoungGen: 10763K->2658K(14336K)
[2026-06-17T09:52:05.633+0800][24.379s][info][gc,heap        ] GC(993) ParOldGen: 36116K->36971K(44032K)
[2026-06-17T09:52:05.633+0800][24.379s][info][gc,metaspace   ] GC(993) Metaspace: 3161K(4864K)->3161K(4864K) NonClass: 2855K(4352K)->2855K(4352K) Class: 305K(512K)->305K(512K)
[2026-06-17T09:52:05.634+0800][24.380s][info][gc             ] GC(993) Pause Young (Allocation Failure) 45M->38M(57M) 3.307ms
[2026-06-17T09:52:05.634+0800][24.380s][info][gc,cpu         ] GC(993) User=0.00s Sys=0.00s Real=0.00s
[2026-06-17T09:52:05.646+0800][24.392s][info][gc,start       ] GC(994) Pause Young (Allocation Failure)
[2026-06-17T09:52:05.647+0800][24.393s][info][gc,heap        ] GC(994) PSYoungGen: 9813K->920K(14336K)
[2026-06-17T09:52:05.649+0800][24.394s][info][gc,heap        ] GC(994) ParOldGen: 36971K->38890K(44032K)
[2026-06-17T09:52:05.649+0800][24.395s][info][gc,metaspace   ] GC(994) Metaspace: 3161K(4864K)->3161K(4864K) NonClass: 2855K(4352K)->2855K(4352K) Class: 305K(512K)->305K(512K)
[2026-06-17T09:52:05.650+0800][24.396s][info][gc             ] GC(994) Pause Young (Allocation Failure) 45M->38M(57M) 3.681ms
[2026-06-17T09:52:05.650+0800][24.396s][info][gc,cpu         ] GC(994) User=0.00s Sys=0.00s Real=0.00s
[2026-06-17T09:52:05.672+0800][24.418s][info][gc,start       ] GC(995) Pause Young (Allocation Failure)
[2026-06-17T09:52:05.675+0800][24.421s][info][gc,heap        ] GC(995) PSYoungGen: 8075K->3894K(14336K)
[2026-06-17T09:52:05.708+0800][24.453s][info][gc,heap        ] GC(995) ParOldGen: 38890K->39786K(44032K)
[2026-06-17T09:52:05.708+0800][24.454s][info][gc,metaspace   ] GC(995) Metaspace: 3161K(4864K)->3161K(4864K) NonClass: 2855K(4352K)->2855K(4352K) Class: 305K(512K)->305K(512K)
[2026-06-17T09:52:05.710+0800][24.456s][info][gc             ] GC(995) Pause Young (Allocation Failure) 45M->42M(57M) 37.652ms
[2026-06-17T09:52:05.711+0800][24.457s][info][gc,cpu         ] GC(995) User=0.00s Sys=0.00s Real=0.04s
[2026-06-17T09:52:05.735+0800][24.481s][info][gc,start       ] GC(996) Pause Young (Allocation Failure)
[2026-06-17T09:52:05.738+0800][24.483s][info][gc,heap        ] GC(996) PSYoungGen: 11045K->3338K(14336K)
[2026-06-17T09:52:05.748+0800][24.494s][info][gc,heap        ] GC(996) ParOldGen: 39786K->40564K(44032K)
[2026-06-17T09:52:05.776+0800][24.522s][info][gc,metaspace   ] GC(996) Metaspace: 3161K(4864K)->3161K(4864K) NonClass: 2855K(4352K)->2855K(4352K) Class: 305K(512K)->305K(512K)
[2026-06-17T09:52:05.777+0800][24.523s][info][gc             ] GC(996) Pause Young (Allocation Failure) 49M->42M(57M) 41.882ms
[2026-06-17T09:52:05.807+0800][24.553s][info][gc,cpu         ] GC(996) User=0.01s Sys=0.00s Real=0.07s
[2026-06-17T09:52:05.810+0800][24.555s][info][gc,start       ] GC(997) Pause Full (Ergonomics)
[2026-06-17T09:52:05.810+0800][24.556s][info][gc,phases,start] GC(997) Marking Phase
[2026-06-17T09:52:05.813+0800][24.559s][info][gc,phases      ] GC(997) Marking Phase 3.345ms
[2026-06-17T09:52:05.816+0800][24.562s][info][gc,phases,start] GC(997) Summary Phase
[2026-06-17T09:52:05.818+0800][24.564s][info][gc,phases      ] GC(997) Summary Phase 2.125ms
[2026-06-17T09:52:05.819+0800][24.565s][info][gc,phases,start] GC(997) Adjust Roots
[2026-06-17T09:52:05.824+0800][24.569s][info][gc,phases      ] GC(997) Adjust Roots 4.917ms
[2026-06-17T09:52:05.824+0800][24.570s][info][gc,phases,start] GC(997) Compaction Phase
[2026-06-17T09:52:05.828+0800][24.574s][info][gc,phases      ] GC(997) Compaction Phase 3.247ms
[2026-06-17T09:52:05.831+0800][24.576s][info][gc,phases,start] GC(997) Post Compact
[2026-06-17T09:52:05.836+0800][24.582s][info][gc,phases      ] GC(997) Post Compact 5.183ms
[2026-06-17T09:52:05.847+0800][24.592s][info][gc,heap        ] GC(997) PSYoungGen: 3338K->0K(14848K)
[2026-06-17T09:52:05.847+0800][24.593s][info][gc,heap        ] GC(997) ParOldGen: 40564K->22114K(44032K)
[2026-06-17T09:52:05.855+0800][24.601s][info][gc,metaspace   ] GC(997) Metaspace: 3161K(4864K)->3161K(4864K) NonClass: 2855K(4352K)->2855K(4352K) Class: 305K(512K)->305K(512K)
[2026-06-17T09:52:05.857+0800][24.603s][info][gc             ] GC(997) Pause Full (Ergonomics) 42M->21M(57M) 47.842ms
[2026-06-17T09:52:05.859+0800][24.605s][info][gc,cpu         ] GC(997) User=0.00s Sys=0.00s Real=0.05s
[2026-06-17T09:52:05.883+0800][24.628s][info][gc,start       ] GC(998) Pause Young (Allocation Failure)
[2026-06-17T09:52:05.884+0800][24.630s][info][gc,heap        ] GC(998) PSYoungGen: 8177K->4925K(13312K)
[2026-06-17T09:52:05.885+0800][24.631s][info][gc,heap        ] GC(998) ParOldGen: 22114K->22114K(44032K)
[2026-06-17T09:52:05.891+0800][24.637s][info][gc,metaspace   ] GC(998) Metaspace: 3161K(4864K)->3161K(4864K) NonClass: 2855K(4352K)->2855K(4352K) Class: 305K(512K)->305K(512K)
[2026-06-17T09:52:05.893+0800][24.638s][info][gc             ] GC(998) Pause Young (Allocation Failure) 29M->26M(56M) 10.000ms
[2026-06-17T09:52:05.899+0800][24.645s][info][gc,cpu         ] GC(998) User=0.00s Sys=0.00s Real=0.01s
[2026-06-17T09:52:05.922+0800][24.668s][info][gc,start       ] GC(999) Pause Young (Allocation Failure)
[2026-06-17T09:52:05.924+0800][24.670s][info][gc,heap        ] GC(999) PSYoungGen: 13097K->6435K(14336K)
[2026-06-17T09:52:05.925+0800][24.671s][info][gc,heap        ] GC(999) ParOldGen: 22114K->22114K(44032K)
[2026-06-17T09:52:05.927+0800][24.673s][info][gc,metaspace   ] GC(999) Metaspace: 3161K(4864K)->3161K(4864K) NonClass: 2855K(4352K)->2855K(4352K) Class: 305K(512K)->305K(512K)
[2026-06-17T09:52:05.928+0800][24.674s][info][gc             ] GC(999) Pause Young (Allocation Failure) 34M->27M(57M) 6.189ms
[2026-06-17T09:52:05.929+0800][24.675s][info][gc,cpu         ] GC(999) User=0.01s Sys=0.00s Real=0.01s
[2026-06-17T09:52:05.952+0800][24.698s][info][gc,start       ] GC(1000) Pause Young (Allocation Failure)
[2026-06-17T09:52:05.955+0800][24.700s][info][gc,heap        ] GC(1000) PSYoungGen: 13601K->2635K(14336K)
[2026-06-17T09:52:05.956+0800][24.701s][info][gc,heap        ] GC(1000) ParOldGen: 22114K->26006K(44032K)
[2026-06-17T09:52:05.958+0800][24.704s][info][gc,metaspace   ] GC(1000) Metaspace: 3161K(4864K)->3161K(4864K) NonClass: 2855K(4352K)->2855K(4352K) Class: 305K(512K)->305K(512K)
[2026-06-17T09:52:05.961+0800][24.707s][info][gc             ] GC(1000) Pause Young (Allocation Failure) 34M->27M(57M) 8.965ms
[2026-06-17T09:52:05.964+0800][24.710s][info][gc,cpu         ] GC(1000) User=0.00s Sys=0.00s Real=0.01s
[2026-06-17T09:52:05.989+0800][24.734s][info][gc,start       ] GC(1001) Pause Young (Allocation Failure)
[2026-06-17T09:52:05.990+0800][24.736s][info][gc,heap        ] GC(1001) PSYoungGen: 9803K->1143K(14336K)
[2026-06-17T09:52:05.991+0800][24.736s][info][gc,heap        ] GC(1001) ParOldGen: 26006K->27790K(44032K)
[2026-06-17T09:52:05.991+0800][24.737s][info][gc,metaspace   ] GC(1001) Metaspace: 3161K(4864K)->3161K(4864K) NonClass: 2855K(4352K)->2855K(4352K) Class: 305K(512K)->305K(512K)
[2026-06-17T09:52:05.992+0800][24.738s][info][gc             ] GC(1001) Pause Young (Allocation Failure) 34M->28M(57M) 3.353ms
[2026-06-17T09:52:05.992+0800][24.738s][info][gc,cpu         ] GC(1001) User=0.00s Sys=0.00s Real=0.01s
[2026-06-17T09:52:06.004+0800][24.750s][info][gc,start       ] GC(1002) Pause Young (Allocation Failure)
[2026-06-17T09:52:06.006+0800][24.752s][info][gc,heap        ] GC(1002) PSYoungGen: 8260K->4890K(14336K)
[2026-06-17T09:52:06.007+0800][24.753s][info][gc,heap        ] GC(1002) ParOldGen: 27790K->27790K(44032K)
[2026-06-17T09:52:06.008+0800][24.754s][info][gc,metaspace   ] GC(1002) Metaspace: 3161K(4864K)->3161K(4864K) NonClass: 2855K(4352K)->2855K(4352K) Class: 305K(512K)->305K(512K)
[2026-06-17T09:52:06.010+0800][24.756s][info][gc             ] GC(1002) Pause Young (Allocation Failure) 35M->31M(57M) 6.108ms
[2026-06-17T09:52:06.011+0800][24.757s][info][gc,cpu         ] GC(1002) User=0.00s Sys=0.00s Real=0.01s
[2026-06-17T09:52:06.034+0800][24.780s][info][gc,start       ] GC(1003) Pause Young (Allocation Failure)
[2026-06-17T09:52:06.036+0800][24.782s][info][gc,heap        ] GC(1003) PSYoungGen: 12034K->1394K(14336K)
[2026-06-17T09:52:06.037+0800][24.783s][info][gc,heap        ] GC(1003) ParOldGen: 27790K->31486K(44032K)
[2026-06-17T09:52:06.038+0800][24.783s][info][gc,metaspace   ] GC(1003) Metaspace: 3161K(4864K)->3161K(4864K) NonClass: 2855K(4352K)->2855K(4352K) Class: 305K(512K)->305K(512K)
[2026-06-17T09:52:06.038+0800][24.784s][info][gc             ] GC(1003) Pause Young (Allocation Failure) 38M->32M(57M) 4.349ms
[2026-06-17T09:52:06.039+0800][24.784s][info][gc,cpu         ] GC(1003) User=0.00s Sys=0.00s Real=0.00s
[2026-06-17T09:52:06.051+0800][24.796s][info][gc,start       ] GC(1004) Pause Young (Allocation Failure)
[2026-06-17T09:52:06.052+0800][24.798s][info][gc,heap        ] GC(1004) PSYoungGen: 8519K->4966K(14336K)
[2026-06-17T09:52:06.053+0800][24.799s][info][gc,heap        ] GC(1004) ParOldGen: 31486K->31486K(44032K)
[2026-06-17T09:52:06.053+0800][24.799s][info][gc,metaspace   ] GC(1004) Metaspace: 3161K(4864K)->3161K(4864K) NonClass: 2855K(4352K)->2855K(4352K) Class: 305K(512K)->305K(512K)
[2026-06-17T09:52:06.054+0800][24.800s][info][gc             ] GC(1004) Pause Young (Allocation Failure) 39M->35M(57M) 3.356ms
[2026-06-17T09:52:06.055+0800][24.801s][info][gc,cpu         ] GC(1004) User=0.01s Sys=0.00s Real=0.00s
[2026-06-17T09:52:06.077+0800][24.823s][info][gc,start       ] GC(1005) Pause Young (Allocation Failure)
[2026-06-17T09:52:06.079+0800][24.825s][info][gc,heap        ] GC(1005) PSYoungGen: 12027K->32K(14336K)
[2026-06-17T09:52:06.080+0800][24.826s][info][gc,heap        ] GC(1005) ParOldGen: 31486K->33102K(44032K)
[2026-06-17T09:52:06.081+0800][24.826s][info][gc,metaspace   ] GC(1005) Metaspace: 3161K(4864K)->3161K(4864K) NonClass: 2855K(4352K)->2855K(4352K) Class: 305K(512K)->305K(512K)
[2026-06-17T09:52:06.081+0800][24.827s][info][gc             ] GC(1005) Pause Young (Allocation Failure) 42M->32M(57M) 4.276ms
[2026-06-17T09:52:06.081+0800][24.827s][info][gc,cpu         ] GC(1005) User=0.00s Sys=0.00s Real=0.00s
[2026-06-17T09:52:06.103+0800][24.849s][info][gc,start       ] GC(1006) Pause Young (Allocation Failure)
[2026-06-17T09:52:06.107+0800][24.853s][info][gc,heap        ] GC(1006) PSYoungGen: 7147K->3914K(14336K)
[2026-06-17T09:52:06.109+0800][24.855s][info][gc,heap        ] GC(1006) ParOldGen: 33102K->33110K(44032K)
[2026-06-17T09:52:06.111+0800][24.857s][info][gc,metaspace   ] GC(1006) Metaspace: 3161K(4864K)->3161K(4864K) NonClass: 2855K(4352K)->2855K(4352K) Class: 305K(512K)->305K(512K)
[2026-06-17T09:52:06.114+0800][24.860s][info][gc             ] GC(1006) Pause Young (Allocation Failure) 39M->36M(57M) 10.724ms
[2026-06-17T09:52:06.115+0800][24.861s][info][gc,cpu         ] GC(1006) User=0.00s Sys=0.00s Real=0.01s
[2026-06-17T09:52:06.138+0800][24.884s][info][gc,start       ] GC(1007) Pause Young (Allocation Failure)
[2026-06-17T09:52:06.140+0800][24.886s][info][gc,heap        ] GC(1007) PSYoungGen: 11066K->2197K(14336K)
[2026-06-17T09:52:06.141+0800][24.886s][info][gc,heap        ] GC(1007) ParOldGen: 33110K->35111K(44032K)
[2026-06-17T09:52:06.141+0800][24.887s][info][gc,metaspace   ] GC(1007) Metaspace: 3161K(4864K)->3161K(4864K) NonClass: 2855K(4352K)->2855K(4352K) Class: 305K(512K)->305K(512K)
[2026-06-17T09:52:06.141+0800][24.887s][info][gc             ] GC(1007) Pause Young (Allocation Failure) 43M->36M(57M) 3.436ms
[2026-06-17T09:52:06.142+0800][24.888s][info][gc,cpu         ] GC(1007) User=0.00s Sys=0.00s Real=0.00s
[2026-06-17T09:52:06.164+0800][24.910s][info][gc,start       ] GC(1008) Pause Young (Allocation Failure)
[2026-06-17T09:52:06.165+0800][24.911s][info][gc,heap        ] GC(1008) PSYoungGen: 9319K->158K(14336K)
[2026-06-17T09:52:06.166+0800][24.912s][info][gc,heap        ] GC(1008) ParOldGen: 35111K->37225K(44032K)
[2026-06-17T09:52:06.167+0800][24.913s][info][gc,metaspace   ] GC(1008) Metaspace: 3161K(4864K)->3161K(4864K) NonClass: 2855K(4352K)->2855K(4352K) Class: 305K(512K)->305K(512K)
[2026-06-17T09:52:06.168+0800][24.914s][info][gc             ] GC(1008) Pause Young (Allocation Failure) 43M->36M(57M) 3.842ms
[2026-06-17T09:52:06.168+0800][24.914s][info][gc,cpu         ] GC(1008) User=0.00s Sys=0.00s Real=0.00s
[2026-06-17T09:52:06.180+0800][24.926s][info][gc,start       ] GC(1009) Pause Young (Allocation Failure)
[2026-06-17T09:52:06.183+0800][24.929s][info][gc,heap        ] GC(1009) PSYoungGen: 7321K->3910K(14336K)
[2026-06-17T09:52:06.183+0800][24.929s][info][gc,heap        ] GC(1009) ParOldGen: 37225K->37225K(44032K)
[2026-06-17T09:52:06.184+0800][24.930s][info][gc,metaspace   ] GC(1009) Metaspace: 3161K(4864K)->3161K(4864K) NonClass: 2855K(4352K)->2855K(4352K) Class: 305K(512K)->305K(512K)
[2026-06-17T09:52:06.185+0800][24.931s][info][gc             ] GC(1009) Pause Young (Allocation Failure) 43M->40M(57M) 4.179ms
[2026-06-17T09:52:06.185+0800][24.931s][info][gc,cpu         ] GC(1009) User=0.00s Sys=0.00s Real=0.01s
[2026-06-17T09:52:06.208+0800][24.953s][info][gc,start       ] GC(1010) Pause Young (Allocation Failure)
[2026-06-17T09:52:06.209+0800][24.955s][info][gc,heap        ] GC(1010) PSYoungGen: 11058K->1943K(14336K)
[2026-06-17T09:52:06.211+0800][24.957s][info][gc,heap        ] GC(1010) ParOldGen: 37225K->39284K(44032K)
[2026-06-17T09:52:06.213+0800][24.958s][info][gc,metaspace   ] GC(1010) Metaspace: 3161K(4864K)->3161K(4864K) NonClass: 2855K(4352K)->2855K(4352K) Class: 305K(512K)->305K(512K)
[2026-06-17T09:52:06.213+0800][24.959s][info][gc             ] GC(1010) Pause Young (Allocation Failure) 47M->40M(57M) 5.588ms
[2026-06-17T09:52:06.214+0800][24.959s][info][gc,cpu         ] GC(1010) User=0.00s Sys=0.00s Real=0.01s
[2026-06-17T09:52:06.236+0800][24.982s][info][gc,start       ] GC(1011) Pause Young (Allocation Failure)
[2026-06-17T09:52:06.238+0800][24.984s][info][gc,heap        ] GC(1011) PSYoungGen: 9094K->2457K(14336K)
[2026-06-17T09:52:06.238+0800][24.984s][info][gc,heap        ] GC(1011) ParOldGen: 39284K->39284K(44032K)
[2026-06-17T09:52:06.239+0800][24.985s][info][gc,metaspace   ] GC(1011) Metaspace: 3161K(4864K)->3161K(4864K) NonClass: 2855K(4352K)->2855K(4352K) Class: 305K(512K)->305K(512K)
[2026-06-17T09:52:06.240+0800][24.986s][info][gc             ] GC(1011) Pause Young (Allocation Failure) 47M->40M(57M) 3.929ms
[2026-06-17T09:52:06.240+0800][24.986s][info][gc,cpu         ] GC(1011) User=0.00s Sys=0.00s Real=0.00s
[2026-06-17T09:52:06.252+0800][24.998s][info][gc,start       ] GC(1012) Pause Young (Allocation Failure)
[2026-06-17T09:52:06.254+0800][25.000s][info][gc,heap        ] GC(1012) PSYoungGen: 9580K->6032K(14336K)
[2026-06-17T09:52:06.255+0800][25.001s][info][gc,heap        ] GC(1012) ParOldGen: 39284K->39284K(44032K)
[2026-06-17T09:52:06.255+0800][25.001s][info][gc,metaspace   ] GC(1012) Metaspace: 3161K(4864K)->3161K(4864K) NonClass: 2855K(4352K)->2855K(4352K) Class: 305K(512K)->305K(512K)
[2026-06-17T09:52:06.256+0800][25.002s][info][gc             ] GC(1012) Pause Young (Allocation Failure) 47M->44M(57M) 3.639ms
[2026-06-17T09:52:06.256+0800][25.002s][info][gc,cpu         ] GC(1012) User=0.00s Sys=0.00s Real=0.00s
[2026-06-17T09:52:06.278+0800][25.024s][info][gc,start       ] GC(1013) Pause Young (Allocation Failure)
[2026-06-17T09:52:06.280+0800][25.026s][info][gc,heap        ] GC(1013) PSYoungGen: 13174K->4212K(14336K)
[2026-06-17T09:52:06.281+0800][25.027s][info][gc,heap        ] GC(1013) ParOldGen: 39284K->41367K(44032K)
[2026-06-17T09:52:06.282+0800][25.028s][info][gc,metaspace   ] GC(1013) Metaspace: 3161K(4864K)->3161K(4864K) NonClass: 2855K(4352K)->2855K(4352K) Class: 305K(512K)->305K(512K)
[2026-06-17T09:52:06.283+0800][25.029s][info][gc             ] GC(1013) Pause Young (Allocation Failure) 51M->44M(57M) 4.592ms
[2026-06-17T09:52:06.284+0800][25.029s][info][gc,cpu         ] GC(1013) User=0.00s Sys=0.00s Real=0.01s
[2026-06-17T09:52:06.284+0800][25.030s][info][gc,start       ] GC(1014) Pause Full (Ergonomics)
[2026-06-17T09:52:06.285+0800][25.031s][info][gc,phases,start] GC(1014) Marking Phase
[2026-06-17T09:52:06.287+0800][25.033s][info][gc,phases      ] GC(1014) Marking Phase 2.219ms
[2026-06-17T09:52:06.287+0800][25.033s][info][gc,phases,start] GC(1014) Summary Phase
[2026-06-17T09:52:06.288+0800][25.034s][info][gc,phases      ] GC(1014) Summary Phase 0.586ms
[2026-06-17T09:52:06.288+0800][25.034s][info][gc,phases,start] GC(1014) Adjust Roots
[2026-06-17T09:52:06.289+0800][25.035s][info][gc,phases      ] GC(1014) Adjust Roots 0.718ms
[2026-06-17T09:52:06.290+0800][25.035s][info][gc,phases,start] GC(1014) Compaction Phase
[2026-06-17T09:52:06.292+0800][25.038s][info][gc,phases      ] GC(1014) Compaction Phase 2.436ms
[2026-06-17T09:52:06.292+0800][25.038s][info][gc,phases,start] GC(1014) Post Compact
[2026-06-17T09:52:06.293+0800][25.039s][info][gc,phases      ] GC(1014) Post Compact 0.283ms
[2026-06-17T09:52:06.293+0800][25.039s][info][gc,heap        ] GC(1014) PSYoungGen: 4212K->0K(14336K)
[2026-06-17T09:52:06.293+0800][25.039s][info][gc,heap        ] GC(1014) ParOldGen: 41367K->31617K(44032K)
[2026-06-17T09:52:06.293+0800][25.039s][info][gc,metaspace   ] GC(1014) Metaspace: 3161K(4864K)->3161K(4864K) NonClass: 2855K(4352K)->2855K(4352K) Class: 305K(512K)->305K(512K)
[2026-06-17T09:52:06.294+0800][25.040s][info][gc             ] GC(1014) Pause Full (Ergonomics) 44M->30M(57M) 9.444ms
[2026-06-17T09:52:06.294+0800][25.040s][info][gc,cpu         ] GC(1014) User=0.01s Sys=0.00s Real=0.01s
[2026-06-17T09:52:06.305+0800][25.051s][info][gc,start       ] GC(1015) Pause Young (Allocation Failure)
[2026-06-17T09:52:06.307+0800][25.052s][info][gc,heap        ] GC(1015) PSYoungGen: 7056K->3739K(14336K)
[2026-06-17T09:52:06.307+0800][25.053s][info][gc,heap        ] GC(1015) ParOldGen: 31617K->31617K(44032K)
[2026-06-17T09:52:06.307+0800][25.053s][info][gc,metaspace   ] GC(1015) Metaspace: 3161K(4864K)->3161K(4864K) NonClass: 2855K(4352K)->2855K(4352K) Class: 305K(512K)->305K(512K)
[2026-06-17T09:52:06.307+0800][25.053s][info][gc             ] GC(1015) Pause Young (Allocation Failure) 37M->34M(57M) 2.245ms
[2026-06-17T09:52:06.308+0800][25.054s][info][gc,cpu         ] GC(1015) User=0.00s Sys=0.00s Real=0.00s
[2026-06-17T09:52:06.330+0800][25.076s][info][gc,start       ] GC(1016) Pause Young (Allocation Failure)
[2026-06-17T09:52:06.332+0800][25.078s][info][gc,heap        ] GC(1016) PSYoungGen: 10887K->3843K(14336K)
[2026-06-17T09:52:06.333+0800][25.079s][info][gc,heap        ] GC(1016) ParOldGen: 31617K->35295K(44032K)
[2026-06-17T09:52:06.334+0800][25.079s][info][gc,metaspace   ] GC(1016) Metaspace: 3161K(4864K)->3161K(4864K) NonClass: 2855K(4352K)->2855K(4352K) Class: 305K(512K)->305K(512K)
[2026-06-17T09:52:06.334+0800][25.080s][info][gc             ] GC(1016) Pause Young (Allocation Failure) 41M->38M(57M) 4.480ms
[2026-06-17T09:52:06.335+0800][25.081s][info][gc,cpu         ] GC(1016) User=0.01s Sys=0.00s Real=0.01s
[2026-06-17T09:52:06.359+0800][25.105s][info][gc,start       ] GC(1017) Pause Young (Allocation Failure)
[2026-06-17T09:52:06.360+0800][25.106s][info][gc,heap        ] GC(1017) PSYoungGen: 10995K->2735K(14336K)
[2026-06-17T09:52:06.360+0800][25.106s][info][gc,heap        ] GC(1017) ParOldGen: 35295K->36280K(44032K)
[2026-06-17T09:52:06.360+0800][25.106s][info][gc,metaspace   ] GC(1017) Metaspace: 3161K(4864K)->3161K(4864K) NonClass: 2855K(4352K)->2855K(4352K) Class: 305K(512K)->305K(512K)
[2026-06-17T09:52:06.361+0800][25.107s][info][gc             ] GC(1017) Pause Young (Allocation Failure) 45M->38M(57M) 1.681ms
[2026-06-17T09:52:06.361+0800][25.107s][info][gc,cpu         ] GC(1017) User=0.00s Sys=0.00s Real=0.00s
[2026-06-17T09:52:06.382+0800][25.128s][info][gc,start       ] GC(1018) Pause Young (Allocation Failure)
[2026-06-17T09:52:06.384+0800][25.130s][info][gc,heap        ] GC(1018) PSYoungGen: 9892K->1156K(14336K)
[2026-06-17T09:52:06.384+0800][25.130s][info][gc,heap        ] GC(1018) ParOldGen: 36280K->37995K(44032K)
[2026-06-17T09:52:06.385+0800][25.131s][info][gc,metaspace   ] GC(1018) Metaspace: 3161K(4864K)->3161K(4864K) NonClass: 2855K(4352K)->2855K(4352K) Class: 305K(512K)->305K(512K)
[2026-06-17T09:52:06.385+0800][25.131s][info][gc             ] GC(1018) Pause Young (Allocation Failure) 45M->38M(57M) 2.993ms
[2026-06-17T09:52:06.385+0800][25.131s][info][gc,cpu         ] GC(1018) User=0.00s Sys=0.00s Real=0.01s
[2026-06-17T09:52:06.397+0800][25.143s][info][gc,start       ] GC(1019) Pause Young (Allocation Failure)
[2026-06-17T09:52:06.399+0800][25.145s][info][gc,heap        ] GC(1019) PSYoungGen: 8298K->4837K(14336K)
[2026-06-17T09:52:06.400+0800][25.146s][info][gc,heap        ] GC(1019) ParOldGen: 37995K->37995K(44032K)
[2026-06-17T09:52:06.401+0800][25.147s][info][gc,metaspace   ] GC(1019) Metaspace: 3161K(4864K)->3161K(4864K) NonClass: 2855K(4352K)->2855K(4352K) Class: 305K(512K)->305K(512K)
[2026-06-17T09:52:06.402+0800][25.147s][info][gc             ] GC(1019) Pause Young (Allocation Failure) 45M->41M(57M) 4.537ms
[2026-06-17T09:52:06.402+0800][25.148s][info][gc,cpu         ] GC(1019) User=0.01s Sys=0.00s Real=0.00s
[2026-06-17T09:52:06.424+0800][25.170s][info][gc,start       ] GC(1020) Pause Young (Allocation Failure)
[2026-06-17T09:52:06.426+0800][25.172s][info][gc,heap        ] GC(1020) PSYoungGen: 11992K->3437K(14336K)
[2026-06-17T09:52:06.427+0800][25.172s][info][gc,heap        ] GC(1020) ParOldGen: 37995K->39718K(44032K)
[2026-06-17T09:52:06.427+0800][25.173s][info][gc,metaspace   ] GC(1020) Metaspace: 3161K(4864K)->3161K(4864K) NonClass: 2855K(4352K)->2855K(4352K) Class: 305K(512K)->305K(512K)
[2026-06-17T09:52:06.427+0800][25.173s][info][gc             ] GC(1020) Pause Young (Allocation Failure) 48M->42M(57M) 3.614ms
[2026-06-17T09:52:06.428+0800][25.174s][info][gc,cpu         ] GC(1020) User=0.00s Sys=0.00s Real=0.00s
[2026-06-17T09:52:06.450+0800][25.196s][info][gc,start       ] GC(1021) Pause Young (Allocation Failure)
[2026-06-17T09:52:06.452+0800][25.197s][info][gc,heap        ] GC(1021) PSYoungGen: 10603K->3783K(14336K)
[2026-06-17T09:52:06.452+0800][25.198s][info][gc,heap        ] GC(1021) ParOldGen: 39718K->39718K(44032K)
[2026-06-17T09:52:06.453+0800][25.198s][info][gc,metaspace   ] GC(1021) Metaspace: 3161K(4864K)->3161K(4864K) NonClass: 2855K(4352K)->2855K(4352K) Class: 305K(512K)->305K(512K)
[2026-06-17T09:52:06.453+0800][25.199s][info][gc             ] GC(1021) Pause Young (Allocation Failure) 49M->42M(57M) 3.154ms
[2026-06-17T09:52:06.453+0800][25.199s][info][gc,cpu         ] GC(1021) User=0.00s Sys=0.00s Real=0.01s
[2026-06-17T09:52:06.465+0800][25.211s][info][gc,start       ] GC(1022) Pause Young (Allocation Failure)
[2026-06-17T09:52:06.467+0800][25.212s][info][gc,heap        ] GC(1022) PSYoungGen: 10930K->1525K(14336K)
[2026-06-17T09:52:06.467+0800][25.213s][info][gc,heap        ] GC(1022) ParOldGen: 39718K->41660K(44032K)
[2026-06-17T09:52:06.468+0800][25.213s][info][gc,metaspace   ] GC(1022) Metaspace: 3161K(4864K)->3161K(4864K) NonClass: 2855K(4352K)->2855K(4352K) Class: 305K(512K)->305K(512K)
[2026-06-17T09:52:06.468+0800][25.214s][info][gc             ] GC(1022) Pause Young (Allocation Failure) 49M->42M(57M) 3.020ms
[2026-06-17T09:52:06.468+0800][25.214s][info][gc,cpu         ] GC(1022) User=0.00s Sys=0.00s Real=0.00s
[2026-06-17T09:52:06.469+0800][25.215s][info][gc,start       ] GC(1023) Pause Full (Ergonomics)
[2026-06-17T09:52:06.469+0800][25.215s][info][gc,phases,start] GC(1023) Marking Phase
[2026-06-17T09:52:06.471+0800][25.217s][info][gc,phases      ] GC(1023) Marking Phase 1.854ms
[2026-06-17T09:52:06.471+0800][25.217s][info][gc,phases,start] GC(1023) Summary Phase
[2026-06-17T09:52:06.472+0800][25.218s][info][gc,phases      ] GC(1023) Summary Phase 0.392ms
[2026-06-17T09:52:06.472+0800][25.218s][info][gc,phases,start] GC(1023) Adjust Roots
[2026-06-17T09:52:06.473+0800][25.219s][info][gc,phases      ] GC(1023) Adjust Roots 0.458ms
[2026-06-17T09:52:06.473+0800][25.219s][info][gc,phases,start] GC(1023) Compaction Phase
[2026-06-17T09:52:06.475+0800][25.221s][info][gc,phases      ] GC(1023) Compaction Phase 1.984ms
[2026-06-17T09:52:06.475+0800][25.221s][info][gc,phases,start] GC(1023) Post Compact
[2026-06-17T09:52:06.476+0800][25.222s][info][gc,phases      ] GC(1023) Post Compact 0.319ms
[2026-06-17T09:52:06.476+0800][25.222s][info][gc,heap        ] GC(1023) PSYoungGen: 1525K->0K(14848K)
[2026-06-17T09:52:06.476+0800][25.222s][info][gc,heap        ] GC(1023) ParOldGen: 41660K->30177K(44032K)
[2026-06-17T09:52:06.476+0800][25.222s][info][gc,metaspace   ] GC(1023) Metaspace: 3161K(4864K)->3161K(4864K) NonClass: 2855K(4352K)->2855K(4352K) Class: 305K(512K)->305K(512K)
[2026-06-17T09:52:06.477+0800][25.222s][info][gc             ] GC(1023) Pause Full (Ergonomics) 42M->29M(57M) 7.621ms
[2026-06-17T09:52:06.477+0800][25.223s][info][gc,cpu         ] GC(1023) User=0.00s Sys=0.00s Real=0.01s
[2026-06-17T09:52:06.498+0800][25.244s][info][gc,start       ] GC(1024) Pause Young (Allocation Failure)
[2026-06-17T09:52:06.500+0800][25.246s][info][gc,heap        ] GC(1024) PSYoungGen: 8187K->4784K(13312K)
[2026-06-17T09:52:06.500+0800][25.246s][info][gc,heap        ] GC(1024) ParOldGen: 30177K->30177K(44032K)
[2026-06-17T09:52:06.501+0800][25.246s][info][gc,metaspace   ] GC(1024) Metaspace: 3161K(4864K)->3161K(4864K) NonClass: 2855K(4352K)->2855K(4352K) Class: 305K(512K)->305K(512K)
[2026-06-17T09:52:06.501+0800][25.247s][info][gc             ] GC(1024) Pause Young (Allocation Failure) 37M->34M(56M) 2.638ms
[2026-06-17T09:52:06.501+0800][25.247s][info][gc,cpu         ] GC(1024) User=0.01s Sys=0.00s Real=0.00s
[2026-06-17T09:52:06.523+0800][25.269s][info][gc,start       ] GC(1025) Pause Young (Allocation Failure)
[2026-06-17T09:52:06.525+0800][25.271s][info][gc,heap        ] GC(1025) PSYoungGen: 12970K->3879K(14336K)
[2026-06-17T09:52:06.527+0800][25.273s][info][gc,heap        ] GC(1025) ParOldGen: 30177K->32156K(44032K)
[2026-06-17T09:52:06.529+0800][25.275s][info][gc,metaspace   ] GC(1025) Metaspace: 3161K(4864K)->3161K(4864K) NonClass: 2855K(4352K)->2855K(4352K) Class: 305K(512K)->305K(512K)
[2026-06-17T09:52:06.530+0800][25.276s][info][gc             ] GC(1025) Pause Young (Allocation Failure) 42M->35M(57M) 6.966ms
[2026-06-17T09:52:06.530+0800][25.276s][info][gc,cpu         ] GC(1025) User=0.00s Sys=0.00s Real=0.00s
[2026-06-17T09:52:06.552+0800][25.298s][info][gc,start       ] GC(1026) Pause Young (Allocation Failure)
[2026-06-17T09:52:06.553+0800][25.299s][info][gc,heap        ] GC(1026) PSYoungGen: 11033K->2147K(14336K)
[2026-06-17T09:52:06.553+0800][25.299s][info][gc,heap        ] GC(1026) ParOldGen: 32156K->34195K(44032K)
[2026-06-17T09:52:06.554+0800][25.300s][info][gc,metaspace   ] GC(1026) Metaspace: 3161K(4864K)->3161K(4864K) NonClass: 2855K(4352K)->2855K(4352K) Class: 305K(512K)->305K(512K)
[2026-06-17T09:52:06.554+0800][25.300s][info][gc             ] GC(1026) Pause Young (Allocation Failure) 42M->35M(57M) 2.248ms
[2026-06-17T09:52:06.554+0800][25.300s][info][gc,cpu         ] GC(1026) User=0.00s Sys=0.00s Real=0.00s
[2026-06-17T09:52:06.576+0800][25.322s][info][gc,start       ] GC(1027) Pause Young (Allocation Failure)
[2026-06-17T09:52:06.577+0800][25.323s][info][gc,heap        ] GC(1027) PSYoungGen: 9313K->2269K(14848K)
[2026-06-17T09:52:06.578+0800][25.324s][info][gc,heap        ] GC(1027) ParOldGen: 34195K->34195K(44032K)
[2026-06-17T09:52:06.578+0800][25.324s][info][gc,metaspace   ] GC(1027) Metaspace: 3161K(4864K)->3161K(4864K) NonClass: 2855K(4352K)->2855K(4352K) Class: 305K(512K)->305K(512K)
[2026-06-17T09:52:06.579+0800][25.325s][info][gc             ] GC(1027) Pause Young (Allocation Failure) 42M->35M(57M) 2.811ms
[2026-06-17T09:52:06.579+0800][25.325s][info][gc,cpu         ] GC(1027) User=0.00s Sys=0.00s Real=0.00s
[2026-06-17T09:52:06.590+0800][25.336s][info][gc,start       ] GC(1028) Pause Young (Allocation Failure)
[2026-06-17T09:52:06.591+0800][25.337s][info][gc,heap        ] GC(1028) PSYoungGen: 10317K->1567K(14848K)
[2026-06-17T09:52:06.592+0800][25.338s][info][gc,heap        ] GC(1028) ParOldGen: 34195K->35824K(44032K)
[2026-06-17T09:52:06.592+0800][25.338s][info][gc,metaspace   ] GC(1028) Metaspace: 3161K(4864K)->3161K(4864K) NonClass: 2855K(4352K)->2855K(4352K) Class: 305K(512K)->305K(512K)
[2026-06-17T09:52:06.592+0800][25.338s][info][gc             ] GC(1028) Pause Young (Allocation Failure) 43M->36M(57M) 1.698ms
[2026-06-17T09:52:06.592+0800][25.338s][info][gc,cpu         ] GC(1028) User=0.00s Sys=0.00s Real=0.01s
[2026-06-17T09:52:06.624+0800][25.370s][info][gc,start       ] GC(1029) Pause Young (Allocation Failure)
[2026-06-17T09:52:06.625+0800][25.371s][info][gc,heap        ] GC(1029) PSYoungGen: 9750K->1445K(14848K)
[2026-06-17T09:52:06.626+0800][25.372s][info][gc,heap        ] GC(1029) ParOldGen: 35824K->37367K(44032K)
[2026-06-17T09:52:06.627+0800][25.373s][info][gc,metaspace   ] GC(1029) Metaspace: 3161K(4864K)->3161K(4864K) NonClass: 2855K(4352K)->2855K(4352K) Class: 305K(512K)->305K(512K)
[2026-06-17T09:52:06.627+0800][25.373s][info][gc             ] GC(1029) Pause Young (Allocation Failure) 44M->37M(57M) 3.304ms
[2026-06-17T09:52:06.628+0800][25.373s][info][gc,cpu         ] GC(1029) User=0.00s Sys=0.00s Real=0.00s
[2026-06-17T09:52:06.649+0800][25.395s][info][gc,start       ] GC(1030) Pause Young (Allocation Failure)
[2026-06-17T09:52:06.651+0800][25.397s][info][gc,heap        ] GC(1030) PSYoungGen: 9623K->2643K(14848K)
[2026-06-17T09:52:06.652+0800][25.397s][info][gc,heap        ] GC(1030) ParOldGen: 37367K->37367K(44032K)
[2026-06-17T09:52:06.652+0800][25.398s][info][gc,metaspace   ] GC(1030) Metaspace: 3161K(4864K)->3161K(4864K) NonClass: 2855K(4352K)->2855K(4352K) Class: 305K(512K)->305K(512K)
[2026-06-17T09:52:06.653+0800][25.398s][info][gc             ] GC(1030) Pause Young (Allocation Failure) 45M->39M(57M) 3.128ms
[2026-06-17T09:52:06.653+0800][25.399s][info][gc,cpu         ] GC(1030) User=0.01s Sys=0.00s Real=0.01s
[2026-06-17T09:52:06.675+0800][25.421s][info][gc,start       ] GC(1031) Pause Young (Allocation Failure)
[2026-06-17T09:52:06.677+0800][25.422s][info][gc,heap        ] GC(1031) PSYoungGen: 10828K->4203K(14336K)
[2026-06-17T09:52:06.677+0800][25.423s][info][gc,heap        ] GC(1031) ParOldGen: 37367K->37367K(44032K)
[2026-06-17T09:52:06.677+0800][25.423s][info][gc,metaspace   ] GC(1031) Metaspace: 3161K(4864K)->3161K(4864K) NonClass: 2855K(4352K)->2855K(4352K) Class: 305K(512K)->305K(512K)
[2026-06-17T09:52:06.679+0800][25.424s][info][gc             ] GC(1031) Pause Young (Allocation Failure) 47M->40M(57M) 3.795ms
[2026-06-17T09:52:06.679+0800][25.425s][info][gc,cpu         ] GC(1031) User=0.00s Sys=0.00s Real=0.00s
[2026-06-17T09:52:06.701+0800][25.447s][info][gc,start       ] GC(1032) Pause Young (Allocation Failure)
[2026-06-17T09:52:06.703+0800][25.449s][info][gc,heap        ] GC(1032) PSYoungGen: 12388K->5506K(13824K)
[2026-06-17T09:52:06.704+0800][25.450s][info][gc,heap        ] GC(1032) ParOldGen: 37367K->37687K(44032K)
[2026-06-17T09:52:06.704+0800][25.450s][info][gc,metaspace   ] GC(1032) Metaspace: 3161K(4864K)->3161K(4864K) NonClass: 2855K(4352K)->2855K(4352K) Class: 305K(512K)->305K(512K)
[2026-06-17T09:52:06.705+0800][25.451s][info][gc             ] GC(1032) Pause Young (Allocation Failure) 48M->42M(56M) 4.189ms
[2026-06-17T09:52:06.706+0800][25.452s][info][gc,cpu         ] GC(1032) User=0.00s Sys=0.00s Real=0.01s
[2026-06-17T09:52:06.718+0800][25.464s][info][gc,start       ] GC(1033) Pause Young (Allocation Failure)
[2026-06-17T09:52:06.720+0800][25.466s][info][gc,heap        ] GC(1033) PSYoungGen: 13661K->7150K(14336K)
[2026-06-17T09:52:06.721+0800][25.467s][info][gc,heap        ] GC(1033) ParOldGen: 37687K->40778K(44032K)
[2026-06-17T09:52:06.722+0800][25.468s][info][gc,metaspace   ] GC(1033) Metaspace: 3161K(4864K)->3161K(4864K) NonClass: 2855K(4352K)->2855K(4352K) Class: 305K(512K)->305K(512K)
[2026-06-17T09:52:06.723+0800][25.468s][info][gc             ] GC(1033) Pause Young (Allocation Failure) 50M->46M(57M) 4.912ms
[2026-06-17T09:52:06.723+0800][25.469s][info][gc,cpu         ] GC(1033) User=0.00s Sys=0.00s Real=0.01s
[2026-06-17T09:52:06.723+0800][25.469s][info][gc,start       ] GC(1034) Pause Full (Ergonomics)
[2026-06-17T09:52:06.724+0800][25.470s][info][gc,phases,start] GC(1034) Marking Phase
[2026-06-17T09:52:06.725+0800][25.471s][info][gc,phases      ] GC(1034) Marking Phase 1.734ms
[2026-06-17T09:52:06.726+0800][25.472s][info][gc,phases,start] GC(1034) Summary Phase
[2026-06-17T09:52:06.727+0800][25.472s][info][gc,phases      ] GC(1034) Summary Phase 0.662ms
[2026-06-17T09:52:06.727+0800][25.473s][info][gc,phases,start] GC(1034) Adjust Roots
[2026-06-17T09:52:06.727+0800][25.473s][info][gc,phases      ] GC(1034) Adjust Roots 0.451ms
[2026-06-17T09:52:06.728+0800][25.473s][info][gc,phases,start] GC(1034) Compaction Phase
[2026-06-17T09:52:06.730+0800][25.475s][info][gc,phases      ] GC(1034) Compaction Phase 1.959ms
[2026-06-17T09:52:06.730+0800][25.476s][info][gc,phases,start] GC(1034) Post Compact
[2026-06-17T09:52:06.730+0800][25.476s][info][gc,phases      ] GC(1034) Post Compact 0.303ms
[2026-06-17T09:52:06.730+0800][25.476s][info][gc,heap        ] GC(1034) PSYoungGen: 7150K->0K(14336K)
[2026-06-17T09:52:06.731+0800][25.476s][info][gc,heap        ] GC(1034) ParOldGen: 40778K->21996K(44032K)
[2026-06-17T09:52:06.731+0800][25.477s][info][gc,metaspace   ] GC(1034) Metaspace: 3161K(4864K)->3161K(4864K) NonClass: 2855K(4352K)->2855K(4352K) Class: 305K(512K)->305K(512K)
[2026-06-17T09:52:06.731+0800][25.477s][info][gc             ] GC(1034) Pause Full (Ergonomics) 46M->21M(57M) 7.492ms
[2026-06-17T09:52:06.731+0800][25.477s][info][gc,cpu         ] GC(1034) User=0.01s Sys=0.00s Real=0.01s
[2026-06-17T09:52:06.752+0800][25.498s][info][gc,start       ] GC(1035) Pause Young (Allocation Failure)
[2026-06-17T09:52:06.754+0800][25.499s][info][gc,heap        ] GC(1035) PSYoungGen: 7153K->3781K(14336K)
[2026-06-17T09:52:06.754+0800][25.500s][info][gc,heap        ] GC(1035) ParOldGen: 21996K->21996K(44032K)
[2026-06-17T09:52:06.754+0800][25.500s][info][gc,metaspace   ] GC(1035) Metaspace: 3161K(4864K)->3161K(4864K) NonClass: 2855K(4352K)->2855K(4352K) Class: 305K(512K)->305K(512K)
[2026-06-17T09:52:06.755+0800][25.500s][info][gc             ] GC(1035) Pause Young (Allocation Failure) 28M->25M(57M) 2.239ms
[2026-06-17T09:52:06.755+0800][25.501s][info][gc,cpu         ] GC(1035) User=0.00s Sys=0.00s Real=0.00s
[2026-06-17T09:52:06.776+0800][25.522s][info][gc,start       ] GC(1036) Pause Young (Allocation Failure)
[2026-06-17T09:52:06.778+0800][25.524s][info][gc,heap        ] GC(1036) PSYoungGen: 10946K->3745K(14336K)
[2026-06-17T09:52:06.778+0800][25.524s][info][gc,heap        ] GC(1036) ParOldGen: 21996K->22338K(44032K)
[2026-06-17T09:52:06.779+0800][25.524s][info][gc,metaspace   ] GC(1036) Metaspace: 3161K(4864K)->3161K(4864K) NonClass: 2855K(4352K)->2855K(4352K) Class: 305K(512K)->305K(512K)
[2026-06-17T09:52:06.779+0800][25.525s][info][gc             ] GC(1036) Pause Young (Allocation Failure) 32M->25M(57M) 2.463ms
[2026-06-17T09:52:06.779+0800][25.525s][info][gc,cpu         ] GC(1036) User=0.00s Sys=0.00s Real=0.00s
[2026-06-17T09:52:06.801+0800][25.547s][info][gc,start       ] GC(1037) Pause Young (Allocation Failure)
[2026-06-17T09:52:06.803+0800][25.549s][info][gc,heap        ] GC(1037) PSYoungGen: 10907K->1985K(14336K)
[2026-06-17T09:52:06.803+0800][25.549s][info][gc,heap        ] GC(1037) ParOldGen: 22338K->24357K(44032K)
[2026-06-17T09:52:06.804+0800][25.550s][info][gc,metaspace   ] GC(1037) Metaspace: 3161K(4864K)->3161K(4864K) NonClass: 2855K(4352K)->2855K(4352K) Class: 305K(512K)->305K(512K)
[2026-06-17T09:52:06.804+0800][25.550s][info][gc             ] GC(1037) Pause Young (Allocation Failure) 32M->25M(57M) 3.223ms
[2026-06-17T09:52:06.805+0800][25.550s][info][gc,cpu         ] GC(1037) User=0.01s Sys=0.00s Real=0.01s
[2026-06-17T09:52:06.826+0800][25.572s][info][gc,start       ] GC(1038) Pause Young (Allocation Failure)
[2026-06-17T09:52:06.828+0800][25.574s][info][gc,heap        ] GC(1038) PSYoungGen: 9146K->409K(14336K)
[2026-06-17T09:52:06.828+0800][25.574s][info][gc,heap        ] GC(1038) ParOldGen: 24357K->26187K(44032K)
[2026-06-17T09:52:06.830+0800][25.576s][info][gc,metaspace   ] GC(1038) Metaspace: 3161K(4864K)->3161K(4864K) NonClass: 2855K(4352K)->2855K(4352K) Class: 305K(512K)->305K(512K)
[2026-06-17T09:52:06.830+0800][25.576s][info][gc             ] GC(1038) Pause Young (Allocation Failure) 32M->25M(57M) 3.811ms
[2026-06-17T09:52:06.831+0800][25.576s][info][gc,cpu         ] GC(1038) User=0.00s Sys=0.00s Real=0.01s
[2026-06-17T09:52:06.842+0800][25.588s][info][gc,start       ] GC(1039) Pause Young (Allocation Failure)
[2026-06-17T09:52:06.844+0800][25.590s][info][gc,heap        ] GC(1039) PSYoungGen: 7567K->4344K(14336K)
[2026-06-17T09:52:06.845+0800][25.591s][info][gc,heap        ] GC(1039) ParOldGen: 26187K->26187K(44032K)
[2026-06-17T09:52:06.846+0800][25.592s][info][gc,metaspace   ] GC(1039) Metaspace: 3161K(4864K)->3161K(4864K) NonClass: 2855K(4352K)->2855K(4352K) Class: 305K(512K)->305K(512K)
[2026-06-17T09:52:06.848+0800][25.594s][info][gc             ] GC(1039) Pause Young (Allocation Failure) 32M->29M(57M) 5.962ms
[2026-06-17T09:52:06.849+0800][25.595s][info][gc,cpu         ] GC(1039) User=0.00s Sys=0.00s Real=0.01s
[2026-06-17T09:52:06.872+0800][25.618s][info][gc,start       ] GC(1040) Pause Young (Allocation Failure)
[2026-06-17T09:52:06.874+0800][25.620s][info][gc,heap        ] GC(1040) PSYoungGen: 11503K->2362K(14336K)
[2026-06-17T09:52:06.875+0800][25.621s][info][gc,heap        ] GC(1040) ParOldGen: 26187K->28099K(44032K)
[2026-06-17T09:52:06.875+0800][25.621s][info][gc,metaspace   ] GC(1040) Metaspace: 3161K(4864K)->3161K(4864K) NonClass: 2855K(4352K)->2855K(4352K) Class: 305K(512K)->305K(512K)
[2026-06-17T09:52:06.876+0800][25.621s][info][gc             ] GC(1040) Pause Young (Allocation Failure) 36M->29M(57M) 3.187ms
[2026-06-17T09:52:06.876+0800][25.622s][info][gc,cpu         ] GC(1040) User=0.00s Sys=0.00s Real=0.00s
[2026-06-17T09:52:06.898+0800][25.644s][info][gc,start       ] GC(1041) Pause Young (Allocation Failure)
[2026-06-17T09:52:06.900+0800][25.646s][info][gc,heap        ] GC(1041) PSYoungGen: 9505K->2716K(14336K)
[2026-06-17T09:52:06.900+0800][25.646s][info][gc,heap        ] GC(1041) ParOldGen: 28099K->28099K(44032K)
[2026-06-17T09:52:06.901+0800][25.647s][info][gc,metaspace   ] GC(1041) Metaspace: 3161K(4864K)->3161K(4864K) NonClass: 2855K(4352K)->2855K(4352K) Class: 305K(512K)->305K(512K)
[2026-06-17T09:52:06.901+0800][25.647s][info][gc             ] GC(1041) Pause Young (Allocation Failure) 36M->30M(57M) 2.997ms
[2026-06-17T09:52:06.901+0800][25.647s][info][gc,cpu         ] GC(1041) User=0.00s Sys=0.00s Real=0.00s
[2026-06-17T09:52:06.913+0800][25.659s][info][gc,start       ] GC(1042) Pause Young (Allocation Failure)
[2026-06-17T09:52:06.914+0800][25.660s][info][gc,heap        ] GC(1042) PSYoungGen: 9781K->517K(14336K)
[2026-06-17T09:52:06.915+0800][25.660s][info][gc,heap        ] GC(1042) ParOldGen: 28099K->30008K(44032K)
[2026-06-17T09:52:06.915+0800][25.661s][info][gc,metaspace   ] GC(1042) Metaspace: 3161K(4864K)->3161K(4864K) NonClass: 2855K(4352K)->2855K(4352K) Class: 305K(512K)->305K(512K)
[2026-06-17T09:52:06.916+0800][25.661s][info][gc             ] GC(1042) Pause Young (Allocation Failure) 36M->29M(57M) 2.765ms
[2026-06-17T09:52:06.916+0800][25.662s][info][gc,cpu         ] GC(1042) User=0.00s Sys=0.00s Real=0.00s
[2026-06-17T09:52:06.938+0800][25.684s][info][gc,start       ] GC(1043) Pause Young (Allocation Failure)
[2026-06-17T09:52:06.940+0800][25.686s][info][gc,heap        ] GC(1043) PSYoungGen: 7674K->3944K(14336K)
[2026-06-17T09:52:06.941+0800][25.687s][info][gc,heap        ] GC(1043) ParOldGen: 30008K->30501K(44032K)
[2026-06-17T09:52:06.941+0800][25.687s][info][gc,metaspace   ] GC(1043) Metaspace: 3161K(4864K)->3161K(4864K) NonClass: 2855K(4352K)->2855K(4352K) Class: 305K(512K)->305K(512K)
[2026-06-17T09:52:06.942+0800][25.688s][info][gc             ] GC(1043) Pause Young (Allocation Failure) 36M->33M(57M) 3.531ms
[2026-06-17T09:52:06.942+0800][25.688s][info][gc,cpu         ] GC(1043) User=0.00s Sys=0.00s Real=0.00s
[2026-06-17T09:52:06.954+0800][25.700s][info][gc,start       ] GC(1044) Pause Young (Allocation Failure)
[2026-06-17T09:52:06.956+0800][25.701s][info][gc,heap        ] GC(1044) PSYoungGen: 11032K->2572K(14336K)
[2026-06-17T09:52:06.956+0800][25.702s][info][gc,heap        ] GC(1044) ParOldGen: 30501K->32204K(44032K)
[2026-06-17T09:52:06.956+0800][25.702s][info][gc,metaspace   ] GC(1044) Metaspace: 3161K(4864K)->3161K(4864K) NonClass: 2855K(4352K)->2855K(4352K) Class: 305K(512K)->305K(512K)
[2026-06-17T09:52:06.957+0800][25.703s][info][gc             ] GC(1044) Pause Young (Allocation Failure) 40M->33M(57M) 2.988ms
[2026-06-17T09:52:06.957+0800][25.703s][info][gc,cpu         ] GC(1044) User=0.00s Sys=0.00s Real=0.00s
[2026-06-17T09:52:06.989+0800][25.735s][info][gc,start       ] GC(1045) Pause Young (Allocation Failure)
[2026-06-17T09:52:06.991+0800][25.737s][info][gc,heap        ] GC(1045) PSYoungGen: 9722K->399K(14848K)
[2026-06-17T09:52:06.992+0800][25.737s][info][gc,heap        ] GC(1045) ParOldGen: 32204K->34752K(44032K)
[2026-06-17T09:52:06.992+0800][25.738s][info][gc,metaspace   ] GC(1045) Metaspace: 3161K(4864K)->3161K(4864K) NonClass: 2855K(4352K)->2855K(4352K) Class: 305K(512K)->305K(512K)
[2026-06-17T09:52:06.993+0800][25.738s][info][gc             ] GC(1045) Pause Young (Allocation Failure) 40M->34M(57M) 3.265ms
[2026-06-17T09:52:06.993+0800][25.739s][info][gc,cpu         ] GC(1045) User=0.01s Sys=0.00s Real=0.01s
[2026-06-17T09:52:07.005+0800][25.750s][info][gc,start       ] GC(1046) Pause Young (Allocation Failure)
[2026-06-17T09:52:07.007+0800][25.752s][info][gc,heap        ] GC(1046) PSYoungGen: 8566K->4641K(13312K)
[2026-06-17T09:52:07.007+0800][25.753s][info][gc,heap        ] GC(1046) ParOldGen: 34752K->34988K(44032K)
[2026-06-17T09:52:07.008+0800][25.753s][info][gc,metaspace   ] GC(1046) Metaspace: 3161K(4864K)->3161K(4864K) NonClass: 2855K(4352K)->2855K(4352K) Class: 305K(512K)->305K(512K)
[2026-06-17T09:52:07.008+0800][25.754s][info][gc             ] GC(1046) Pause Young (Allocation Failure) 42M->38M(56M) 3.466ms
[2026-06-17T09:52:07.008+0800][25.754s][info][gc,cpu         ] GC(1046) User=0.00s Sys=0.00s Real=0.00s
[2026-06-17T09:52:07.031+0800][25.776s][info][gc,start       ] GC(1047) Pause Young (Allocation Failure)
[2026-06-17T09:52:07.033+0800][25.779s][info][gc,heap        ] GC(1047) PSYoungGen: 12751K->529K(14336K)
[2026-06-17T09:52:07.035+0800][25.781s][info][gc,heap        ] GC(1047) ParOldGen: 34988K->36871K(44032K)
[2026-06-17T09:52:07.037+0800][25.783s][info][gc,metaspace   ] GC(1047) Metaspace: 3161K(4864K)->3161K(4864K) NonClass: 2855K(4352K)->2855K(4352K) Class: 305K(512K)->305K(512K)
[2026-06-17T09:52:07.039+0800][25.784s][info][gc             ] GC(1047) Pause Young (Allocation Failure) 46M->36M(57M) 7.941ms
[2026-06-17T09:52:07.041+0800][25.787s][info][gc,cpu         ] GC(1047) User=0.00s Sys=0.00s Real=0.00s
[2026-06-17T09:52:07.064+0800][25.810s][info][gc,start       ] GC(1048) Pause Young (Allocation Failure)
[2026-06-17T09:52:07.069+0800][25.815s][info][gc,heap        ] GC(1048) PSYoungGen: 7672K->3541K(14336K)
[2026-06-17T09:52:07.075+0800][25.821s][info][gc,heap        ] GC(1048) ParOldGen: 36871K->37376K(44032K)
[2026-06-17T09:52:07.076+0800][25.822s][info][gc,metaspace   ] GC(1048) Metaspace: 3161K(4864K)->3161K(4864K) NonClass: 2855K(4352K)->2855K(4352K) Class: 305K(512K)->305K(512K)
[2026-06-17T09:52:07.076+0800][25.822s][info][gc             ] GC(1048) Pause Young (Allocation Failure) 43M->39M(57M) 12.019ms
[2026-06-17T09:52:07.077+0800][25.823s][info][gc,cpu         ] GC(1048) User=0.00s Sys=0.00s Real=0.01s
[2026-06-17T09:52:07.099+0800][25.845s][info][gc,start       ] GC(1049) Pause Young (Allocation Failure)
[2026-06-17T09:52:07.101+0800][25.847s][info][gc,heap        ] GC(1049) PSYoungGen: 10702K->2299K(14848K)
[2026-06-17T09:52:07.107+0800][25.852s][info][gc,heap        ] GC(1049) ParOldGen: 37376K->38353K(44032K)
[2026-06-17T09:52:07.110+0800][25.856s][info][gc,metaspace   ] GC(1049) Metaspace: 3161K(4864K)->3161K(4864K) NonClass: 2855K(4352K)->2855K(4352K) Class: 305K(512K)->305K(512K)
[2026-06-17T09:52:07.110+0800][25.856s][info][gc             ] GC(1049) Pause Young (Allocation Failure) 46M->39M(57M) 11.709ms
[2026-06-17T09:52:07.111+0800][25.857s][info][gc,cpu         ] GC(1049) User=0.00s Sys=0.00s Real=0.02s
[2026-06-17T09:52:07.140+0800][25.886s][info][gc,start       ] GC(1050) Pause Young (Allocation Failure)
[2026-06-17T09:52:07.141+0800][25.887s][info][gc,heap        ] GC(1050) PSYoungGen: 9946K->1077K(14336K)
[2026-06-17T09:52:07.143+0800][25.889s][info][gc,heap        ] GC(1050) ParOldGen: 38353K->39981K(44032K)
[2026-06-17T09:52:07.144+0800][25.890s][info][gc,metaspace   ] GC(1050) Metaspace: 3161K(4864K)->3161K(4864K) NonClass: 2855K(4352K)->2855K(4352K) Class: 305K(512K)->305K(512K)
[2026-06-17T09:52:07.145+0800][25.890s][info][gc             ] GC(1050) Pause Young (Allocation Failure) 47M->40M(57M) 4.376ms
[2026-06-17T09:52:07.145+0800][25.891s][info][gc,cpu         ] GC(1050) User=0.00s Sys=0.00s Real=0.01s
[2026-06-17T09:52:07.156+0800][25.902s][info][gc,start       ] GC(1051) Pause Young (Allocation Failure)
[2026-06-17T09:52:07.159+0800][25.905s][info][gc,heap        ] GC(1051) PSYoungGen: 8757K->5501K(13824K)
[2026-06-17T09:52:07.159+0800][25.905s][info][gc,heap        ] GC(1051) ParOldGen: 39981K->39981K(44032K)
[2026-06-17T09:52:07.160+0800][25.906s][info][gc,metaspace   ] GC(1051) Metaspace: 3161K(4864K)->3161K(4864K) NonClass: 2855K(4352K)->2855K(4352K) Class: 305K(512K)->305K(512K)
[2026-06-17T09:52:07.160+0800][25.906s][info][gc             ] GC(1051) Pause Young (Allocation Failure) 47M->44M(56M) 4.198ms
[2026-06-17T09:52:07.161+0800][25.906s][info][gc,cpu         ] GC(1051) User=0.00s Sys=0.00s Real=0.00s
[2026-06-17T09:52:07.182+0800][25.928s][info][gc,start       ] GC(1052) Pause Young (Allocation Failure)
[2026-06-17T09:52:07.187+0800][25.933s][info][gc,heap        ] GC(1052) PSYoungGen: 12660K->2186K(14336K)
[2026-06-17T09:52:07.189+0800][25.935s][info][gc,heap        ] GC(1052) ParOldGen: 39981K->39981K(44032K)
[2026-06-17T09:52:07.189+0800][25.935s][info][gc,metaspace   ] GC(1052) Metaspace: 3161K(4864K)->3161K(4864K) NonClass: 2855K(4352K)->2855K(4352K) Class: 305K(512K)->305K(512K)
[2026-06-17T09:52:07.189+0800][25.935s][info][gc             ] GC(1052) Pause Young (Allocation Failure) 51M->41M(57M) 7.449ms
[2026-06-17T09:52:07.190+0800][25.936s][info][gc,cpu         ] GC(1052) User=0.00s Sys=0.00s Real=0.01s
[2026-06-17T09:52:07.211+0800][25.957s][info][gc,start       ] GC(1053) Pause Young (Allocation Failure)
[2026-06-17T09:52:07.212+0800][25.958s][info][gc,heap        ] GC(1053) PSYoungGen: 9331K->5828K(14336K)
[2026-06-17T09:52:07.212+0800][25.958s][info][gc,heap        ] GC(1053) ParOldGen: 39981K->39981K(44032K)
[2026-06-17T09:52:07.212+0800][25.958s][info][gc,metaspace   ] GC(1053) Metaspace: 3161K(4864K)->3161K(4864K) NonClass: 2855K(4352K)->2855K(4352K) Class: 305K(512K)->305K(512K)
[2026-06-17T09:52:07.213+0800][25.958s][info][gc             ] GC(1053) Pause Young (Allocation Failure) 48M->44M(57M) 1.905ms
[2026-06-17T09:52:07.213+0800][25.959s][info][gc,cpu         ] GC(1053) User=0.00s Sys=0.00s Real=0.00s
[2026-06-17T09:52:07.224+0800][25.969s][info][gc,start       ] GC(1054) Pause Young (Allocation Failure)
[2026-06-17T09:52:07.225+0800][25.971s][info][gc,heap        ] GC(1054) PSYoungGen: 12844K->3919K(14336K)
[2026-06-17T09:52:07.225+0800][25.971s][info][gc,heap        ] GC(1054) ParOldGen: 39981K->42111K(44032K)
[2026-06-17T09:52:07.225+0800][25.971s][info][gc,metaspace   ] GC(1054) Metaspace: 3161K(4864K)->3161K(4864K) NonClass: 2855K(4352K)->2855K(4352K) Class: 305K(512K)->305K(512K)
[2026-06-17T09:52:07.226+0800][25.971s][info][gc             ] GC(1054) Pause Young (Allocation Failure) 51M->44M(57M) 2.048ms
[2026-06-17T09:52:07.226+0800][25.972s][info][gc,cpu         ] GC(1054) User=0.00s Sys=0.00s Real=0.00s
[2026-06-17T09:52:07.226+0800][25.972s][info][gc,start       ] GC(1055) Pause Full (Ergonomics)
[2026-06-17T09:52:07.226+0800][25.972s][info][gc,phases,start] GC(1055) Marking Phase
[2026-06-17T09:52:07.227+0800][25.973s][info][gc,phases      ] GC(1055) Marking Phase 0.903ms
[2026-06-17T09:52:07.228+0800][25.974s][info][gc,phases,start] GC(1055) Summary Phase
[2026-06-17T09:52:07.230+0800][25.976s][info][gc,phases      ] GC(1055) Summary Phase 2.194ms
[2026-06-17T09:52:07.231+0800][25.976s][info][gc,phases,start] GC(1055) Adjust Roots
[2026-06-17T09:52:07.231+0800][25.977s][info][gc,phases      ] GC(1055) Adjust Roots 0.238ms
[2026-06-17T09:52:07.231+0800][25.977s][info][gc,phases,start] GC(1055) Compaction Phase
[2026-06-17T09:52:07.232+0800][25.978s][info][gc,phases      ] GC(1055) Compaction Phase 1.401ms
[2026-06-17T09:52:07.232+0800][25.978s][info][gc,phases,start] GC(1055) Post Compact
[2026-06-17T09:52:07.233+0800][25.979s][info][gc,phases      ] GC(1055) Post Compact 0.269ms
[2026-06-17T09:52:07.233+0800][25.979s][info][gc,heap        ] GC(1055) PSYoungGen: 3919K->0K(14336K)
[2026-06-17T09:52:07.233+0800][25.979s][info][gc,heap        ] GC(1055) ParOldGen: 42111K->23804K(44032K)
[2026-06-17T09:52:07.233+0800][25.979s][info][gc,metaspace   ] GC(1055) Metaspace: 3161K(4864K)->3161K(4864K) NonClass: 2855K(4352K)->2855K(4352K) Class: 305K(512K)->305K(512K)
[2026-06-17T09:52:07.233+0800][25.979s][info][gc             ] GC(1055) Pause Full (Ergonomics) 44M->23M(57M) 6.949ms
[2026-06-17T09:52:07.233+0800][25.979s][info][gc,cpu         ] GC(1055) User=0.00s Sys=0.00s Real=0.01s
[2026-06-17T09:52:07.264+0800][26.010s][info][gc,start       ] GC(1056) Pause Young (Allocation Failure)
[2026-06-17T09:52:07.265+0800][26.011s][info][gc,heap        ] GC(1056) PSYoungGen: 7147K->716K(14336K)
[2026-06-17T09:52:07.266+0800][26.012s][info][gc,heap        ] GC(1056) ParOldGen: 23804K->23804K(44032K)
[2026-06-17T09:52:07.267+0800][26.012s][info][gc,metaspace   ] GC(1056) Metaspace: 3161K(4864K)->3161K(4864K) NonClass: 2855K(4352K)->2855K(4352K) Class: 305K(512K)->305K(512K)
[2026-06-17T09:52:07.267+0800][26.013s][info][gc             ] GC(1056) Pause Young (Allocation Failure) 30M->23M(57M) 2.411ms
[2026-06-17T09:52:07.267+0800][26.013s][info][gc,cpu         ] GC(1056) User=0.00s Sys=0.00s Real=0.00s
[2026-06-17T09:52:07.279+0800][26.024s][info][gc,start       ] GC(1057) Pause Young (Allocation Failure)
[2026-06-17T09:52:07.280+0800][26.025s][info][gc,heap        ] GC(1057) PSYoungGen: 7868K->4049K(14336K)
[2026-06-17T09:52:07.280+0800][26.026s][info][gc,heap        ] GC(1057) ParOldGen: 23804K->24433K(44032K)
[2026-06-17T09:52:07.281+0800][26.026s][info][gc,metaspace   ] GC(1057) Metaspace: 3161K(4864K)->3161K(4864K) NonClass: 2855K(4352K)->2855K(4352K) Class: 305K(512K)->305K(512K)
[2026-06-17T09:52:07.282+0800][26.028s][info][gc             ] GC(1057) Pause Young (Allocation Failure) 30M->27M(57M) 3.298ms
[2026-06-17T09:52:07.282+0800][26.028s][info][gc,cpu         ] GC(1057) User=0.00s Sys=0.00s Real=0.00s
[2026-06-17T09:52:07.304+0800][26.049s][info][gc,start       ] GC(1058) Pause Young (Allocation Failure)
[2026-06-17T09:52:07.305+0800][26.051s][info][gc,heap        ] GC(1058) PSYoungGen: 11216K->1867K(14336K)
[2026-06-17T09:52:07.305+0800][26.051s][info][gc,heap        ] GC(1058) ParOldGen: 24433K->26691K(44032K)
[2026-06-17T09:52:07.306+0800][26.052s][info][gc,metaspace   ] GC(1058) Metaspace: 3161K(4864K)->3161K(4864K) NonClass: 2855K(4352K)->2855K(4352K) Class: 305K(512K)->305K(512K)
[2026-06-17T09:52:07.306+0800][26.052s][info][gc             ] GC(1058) Pause Young (Allocation Failure) 34M->27M(57M) 2.714ms
[2026-06-17T09:52:07.307+0800][26.053s][info][gc,cpu         ] GC(1058) User=0.00s Sys=0.00s Real=0.00s
[2026-06-17T09:52:07.328+0800][26.074s][info][gc,start       ] GC(1059) Pause Young (Allocation Failure)
[2026-06-17T09:52:07.329+0800][26.075s][info][gc,heap        ] GC(1059) PSYoungGen: 9025K->1937K(14336K)
[2026-06-17T09:52:07.330+0800][26.076s][info][gc,heap        ] GC(1059) ParOldGen: 26691K->26691K(44032K)
[2026-06-17T09:52:07.330+0800][26.076s][info][gc,metaspace   ] GC(1059) Metaspace: 3161K(4864K)->3161K(4864K) NonClass: 2855K(4352K)->2855K(4352K) Class: 305K(512K)->305K(512K)
[2026-06-17T09:52:07.333+0800][26.079s][info][gc             ] GC(1059) Pause Young (Allocation Failure) 34M->27M(57M) 4.542ms
[2026-06-17T09:52:07.345+0800][26.091s][info][gc,cpu         ] GC(1059) User=0.00s Sys=0.00s Real=0.02s
[2026-06-17T09:52:07.356+0800][26.102s][info][gc,start       ] GC(1060) Pause Young (Allocation Failure)
[2026-06-17T09:52:07.357+0800][26.103s][info][gc,heap        ] GC(1060) PSYoungGen: 9024K->2176K(14336K)
[2026-06-17T09:52:07.357+0800][26.103s][info][gc,heap        ] GC(1060) ParOldGen: 26691K->26691K(44032K)
[2026-06-17T09:52:07.358+0800][26.103s][info][gc,metaspace   ] GC(1060) Metaspace: 3161K(4864K)->3161K(4864K) NonClass: 2855K(4352K)->2855K(4352K) Class: 305K(512K)->305K(512K)
[2026-06-17T09:52:07.358+0800][26.104s][info][gc             ] GC(1060) Pause Young (Allocation Failure) 34M->28M(57M) 1.393ms
[2026-06-17T09:52:07.358+0800][26.104s][info][gc,cpu         ] GC(1060) User=0.00s Sys=0.00s Real=0.00s
[2026-06-17T09:52:07.379+0800][26.125s][info][gc,start       ] GC(1061) Pause Young (Allocation Failure)
[2026-06-17T09:52:07.392+0800][26.138s][info][gc,heap        ] GC(1061) PSYoungGen: 9320K->5801K(13824K)
[2026-06-17T09:52:07.394+0800][26.140s][info][gc,heap        ] GC(1061) ParOldGen: 26691K->26691K(44032K)
[2026-06-17T09:52:07.395+0800][26.141s][info][gc,metaspace   ] GC(1061) Metaspace: 3161K(4864K)->3161K(4864K) NonClass: 2855K(4352K)->2855K(4352K) Class: 305K(512K)->305K(512K)
[2026-06-17T09:52:07.396+0800][26.142s][info][gc             ] GC(1061) Pause Young (Allocation Failure) 35M->31M(56M) 16.794ms
[2026-06-17T09:52:07.397+0800][26.143s][info][gc,cpu         ] GC(1061) User=0.00s Sys=0.00s Real=0.02s
[2026-06-17T09:52:07.421+0800][26.167s][info][gc,start       ] GC(1062) Pause Young (Allocation Failure)
[2026-06-17T09:52:07.425+0800][26.171s][info][gc,heap        ] GC(1062) PSYoungGen: 12968K->4169K(14336K)
[2026-06-17T09:52:07.430+0800][26.176s][info][gc,heap        ] GC(1062) ParOldGen: 26691K->28482K(44032K)
[2026-06-17T09:52:07.437+0800][26.182s][info][gc,metaspace   ] GC(1062) Metaspace: 3161K(4864K)->3161K(4864K) NonClass: 2855K(4352K)->2855K(4352K) Class: 305K(512K)->305K(512K)
[2026-06-17T09:52:07.441+0800][26.187s][info][gc             ] GC(1062) Pause Young (Allocation Failure) 38M->31M(57M) 19.839ms
[2026-06-17T09:52:07.442+0800][26.188s][info][gc,cpu         ] GC(1062) User=0.00s Sys=0.00s Real=0.02s
[2026-06-17T09:52:07.464+0800][26.210s][info][gc,start       ] GC(1063) Pause Young (Allocation Failure)
[2026-06-17T09:52:07.465+0800][26.211s][info][gc,heap        ] GC(1063) PSYoungGen: 11330K->2373K(14336K)
[2026-06-17T09:52:07.466+0800][26.212s][info][gc,heap        ] GC(1063) ParOldGen: 28482K->30331K(44032K)
[2026-06-17T09:52:07.466+0800][26.212s][info][gc,metaspace   ] GC(1063) Metaspace: 3161K(4864K)->3161K(4864K) NonClass: 2855K(4352K)->2855K(4352K) Class: 305K(512K)->305K(512K)
[2026-06-17T09:52:07.467+0800][26.213s][info][gc             ] GC(1063) Pause Young (Allocation Failure) 38M->31M(57M) 3.719ms
[2026-06-17T09:52:07.468+0800][26.214s][info][gc,cpu         ] GC(1063) User=0.00s Sys=0.01s Real=0.00s
[2026-06-17T09:52:07.480+0800][26.225s][info][gc,start       ] GC(1064) Pause Young (Allocation Failure)
[2026-06-17T09:52:07.481+0800][26.227s][info][gc,heap        ] GC(1064) PSYoungGen: 9520K->5882K(14336K)
[2026-06-17T09:52:07.481+0800][26.227s][info][gc,heap        ] GC(1064) ParOldGen: 30331K->30331K(44032K)
[2026-06-17T09:52:07.482+0800][26.228s][info][gc,metaspace   ] GC(1064) Metaspace: 3161K(4864K)->3161K(4864K) NonClass: 2855K(4352K)->2855K(4352K) Class: 305K(512K)->305K(512K)
[2026-06-17T09:52:07.483+0800][26.228s][info][gc             ] GC(1064) Pause Young (Allocation Failure) 38M->35M(57M) 3.105ms
[2026-06-17T09:52:07.483+0800][26.229s][info][gc,cpu         ] GC(1064) User=0.00s Sys=0.00s Real=0.01s
[2026-06-17T09:52:07.504+0800][26.250s][info][gc,start       ] GC(1065) Pause Young (Allocation Failure)
[2026-06-17T09:52:07.506+0800][26.252s][info][gc,heap        ] GC(1065) PSYoungGen: 13042K->4592K(14336K)
[2026-06-17T09:52:07.508+0800][26.254s][info][gc,heap        ] GC(1065) ParOldGen: 30331K->32078K(44032K)
[2026-06-17T09:52:07.509+0800][26.255s][info][gc,metaspace   ] GC(1065) Metaspace: 3161K(4864K)->3161K(4864K) NonClass: 2855K(4352K)->2855K(4352K) Class: 305K(512K)->305K(512K)
[2026-06-17T09:52:07.509+0800][26.255s][info][gc             ] GC(1065) Pause Young (Allocation Failure) 42M->35M(57M) 4.723ms
[2026-06-17T09:52:07.510+0800][26.255s][info][gc,cpu         ] GC(1065) User=0.01s Sys=0.00s Real=0.00s
[2026-06-17T09:52:07.531+0800][26.277s][info][gc,start       ] GC(1066) Pause Young (Allocation Failure)
[2026-06-17T09:52:07.532+0800][26.278s][info][gc,heap        ] GC(1066) PSYoungGen: 11730K->2076K(14336K)
[2026-06-17T09:52:07.533+0800][26.278s][info][gc,heap        ] GC(1066) ParOldGen: 32078K->34908K(44032K)
[2026-06-17T09:52:07.533+0800][26.279s][info][gc,metaspace   ] GC(1066) Metaspace: 3161K(4864K)->3161K(4864K) NonClass: 2855K(4352K)->2855K(4352K) Class: 305K(512K)->305K(512K)
[2026-06-17T09:52:07.534+0800][26.279s][info][gc             ] GC(1066) Pause Young (Allocation Failure) 42M->36M(57M) 2.791ms
[2026-06-17T09:52:07.534+0800][26.280s][info][gc,cpu         ] GC(1066) User=0.00s Sys=0.00s Real=0.00s
[2026-06-17T09:52:07.545+0800][26.291s][info][gc,start       ] GC(1067) Pause Young (Allocation Failure)
[2026-06-17T09:52:07.546+0800][26.292s][info][gc,heap        ] GC(1067) PSYoungGen: 9169K->129K(14336K)
[2026-06-17T09:52:07.546+0800][26.292s][info][gc,heap        ] GC(1067) ParOldGen: 34908K->36878K(44032K)
[2026-06-17T09:52:07.547+0800][26.292s][info][gc,metaspace   ] GC(1067) Metaspace: 3161K(4864K)->3161K(4864K) NonClass: 2855K(4352K)->2855K(4352K) Class: 305K(512K)->305K(512K)
[2026-06-17T09:52:07.547+0800][26.293s][info][gc             ] GC(1067) Pause Young (Allocation Failure) 43M->36M(57M) 1.564ms
[2026-06-17T09:52:07.547+0800][26.293s][info][gc,cpu         ] GC(1067) User=0.00s Sys=0.00s Real=0.00s
[2026-06-17T09:52:07.568+0800][26.314s][info][gc,start       ] GC(1068) Pause Young (Allocation Failure)
[2026-06-17T09:52:07.569+0800][26.315s][info][gc,heap        ] GC(1068) PSYoungGen: 7276K->3647K(14336K)
[2026-06-17T09:52:07.569+0800][26.315s][info][gc,heap        ] GC(1068) ParOldGen: 36878K->36983K(44032K)
[2026-06-17T09:52:07.570+0800][26.315s][info][gc,metaspace   ] GC(1068) Metaspace: 3161K(4864K)->3161K(4864K) NonClass: 2855K(4352K)->2855K(4352K) Class: 305K(512K)->305K(512K)
[2026-06-17T09:52:07.570+0800][26.316s][info][gc             ] GC(1068) Pause Young (Allocation Failure) 43M->39M(57M) 1.753ms
[2026-06-17T09:52:07.570+0800][26.316s][info][gc,cpu         ] GC(1068) User=0.00s Sys=0.00s Real=0.00s
[2026-06-17T09:52:07.591+0800][26.337s][info][gc,start       ] GC(1069) Pause Young (Allocation Failure)
[2026-06-17T09:52:07.592+0800][26.338s][info][gc,heap        ] GC(1069) PSYoungGen: 10797K->2407K(14336K)
[2026-06-17T09:52:07.593+0800][26.338s][info][gc,heap        ] GC(1069) ParOldGen: 36983K->38365K(44032K)
[2026-06-17T09:52:07.593+0800][26.339s][info][gc,metaspace   ] GC(1069) Metaspace: 3161K(4864K)->3161K(4864K) NonClass: 2855K(4352K)->2855K(4352K) Class: 305K(512K)->305K(512K)
[2026-06-17T09:52:07.593+0800][26.339s][info][gc             ] GC(1069) Pause Young (Allocation Failure) 46M->39M(57M) 1.578ms
[2026-06-17T09:52:07.593+0800][26.339s][info][gc,cpu         ] GC(1069) User=0.00s Sys=0.00s Real=0.00s
[2026-06-17T09:52:07.614+0800][26.360s][info][gc,start       ] GC(1070) Pause Young (Allocation Failure)
[2026-06-17T09:52:07.615+0800][26.361s][info][gc,heap        ] GC(1070) PSYoungGen: 9519K->2013K(14336K)
[2026-06-17T09:52:07.616+0800][26.361s][info][gc,heap        ] GC(1070) ParOldGen: 38365K->38365K(44032K)
[2026-06-17T09:52:07.616+0800][26.362s][info][gc,metaspace   ] GC(1070) Metaspace: 3161K(4864K)->3161K(4864K) NonClass: 2855K(4352K)->2855K(4352K) Class: 305K(512K)->305K(512K)
[2026-06-17T09:52:07.616+0800][26.362s][info][gc             ] GC(1070) Pause Young (Allocation Failure) 46M->39M(57M) 1.937ms
[2026-06-17T09:52:07.616+0800][26.362s][info][gc,cpu         ] GC(1070) User=0.00s Sys=0.00s Real=0.00s
[2026-06-17T09:52:07.628+0800][26.373s][info][gc,start       ] GC(1071) Pause Young (Allocation Failure)
[2026-06-17T09:52:07.629+0800][26.375s][info][gc,heap        ] GC(1071) PSYoungGen: 9133K->5698K(14336K)
[2026-06-17T09:52:07.629+0800][26.375s][info][gc,heap        ] GC(1071) ParOldGen: 38365K->38365K(44032K)
[2026-06-17T09:52:07.630+0800][26.375s][info][gc,metaspace   ] GC(1071) Metaspace: 3161K(4864K)->3161K(4864K) NonClass: 2855K(4352K)->2855K(4352K) Class: 305K(512K)->305K(512K)
[2026-06-17T09:52:07.630+0800][26.376s][info][gc             ] GC(1071) Pause Young (Allocation Failure) 46M->43M(57M) 2.211ms
[2026-06-17T09:52:07.630+0800][26.376s][info][gc,cpu         ] GC(1071) User=0.00s Sys=0.00s Real=0.00s
[2026-06-17T09:52:07.651+0800][26.397s][info][gc,start       ] GC(1072) Pause Young (Allocation Failure)
[2026-06-17T09:52:07.652+0800][26.398s][info][gc,heap        ] GC(1072) PSYoungGen: 12839K->4016K(14336K)
[2026-06-17T09:52:07.653+0800][26.399s][info][gc,heap        ] GC(1072) ParOldGen: 38365K->40245K(44032K)
[2026-06-17T09:52:07.653+0800][26.399s][info][gc,metaspace   ] GC(1072) Metaspace: 3161K(4864K)->3161K(4864K) NonClass: 2855K(4352K)->2855K(4352K) Class: 305K(512K)->305K(512K)
[2026-06-17T09:52:07.654+0800][26.399s][info][gc             ] GC(1072) Pause Young (Allocation Failure) 50M->43M(57M) 2.114ms
[2026-06-17T09:52:07.654+0800][26.400s][info][gc,cpu         ] GC(1072) User=0.00s Sys=0.00s Real=0.00s
[2026-06-17T09:52:07.675+0800][26.421s][info][gc,start       ] GC(1073) Pause Young (Allocation Failure)
[2026-06-17T09:52:07.676+0800][26.422s][info][gc,heap        ] GC(1073) PSYoungGen: 11170K->2208K(14336K)
[2026-06-17T09:52:07.677+0800][26.423s][info][gc,heap        ] GC(1073) ParOldGen: 40245K->42628K(44032K)
[2026-06-17T09:52:07.677+0800][26.423s][info][gc,metaspace   ] GC(1073) Metaspace: 3161K(4864K)->3161K(4864K) NonClass: 2855K(4352K)->2855K(4352K) Class: 305K(512K)->305K(512K)
[2026-06-17T09:52:07.677+0800][26.423s][info][gc             ] GC(1073) Pause Young (Allocation Failure) 50M->43M(57M) 2.190ms
[2026-06-17T09:52:07.678+0800][26.424s][info][gc,cpu         ] GC(1073) User=0.00s Sys=0.00s Real=0.00s
[2026-06-17T09:52:07.678+0800][26.424s][info][gc,start       ] GC(1074) Pause Full (Ergonomics)
[2026-06-17T09:52:07.679+0800][26.425s][info][gc,phases,start] GC(1074) Marking Phase
[2026-06-17T09:52:07.680+0800][26.425s][info][gc,phases      ] GC(1074) Marking Phase 0.920ms
[2026-06-17T09:52:07.680+0800][26.426s][info][gc,phases,start] GC(1074) Summary Phase
[2026-06-17T09:52:07.680+0800][26.426s][info][gc,phases      ] GC(1074) Summary Phase 0.185ms
[2026-06-17T09:52:07.680+0800][26.426s][info][gc,phases,start] GC(1074) Adjust Roots
[2026-06-17T09:52:07.680+0800][26.426s][info][gc,phases      ] GC(1074) Adjust Roots 0.242ms
[2026-06-17T09:52:07.681+0800][26.426s][info][gc,phases,start] GC(1074) Compaction Phase
[2026-06-17T09:52:07.682+0800][26.428s][info][gc,phases      ] GC(1074) Compaction Phase 1.389ms
[2026-06-17T09:52:07.682+0800][26.428s][info][gc,phases,start] GC(1074) Post Compact
[2026-06-17T09:52:07.682+0800][26.428s][info][gc,phases      ] GC(1074) Post Compact 0.334ms
[2026-06-17T09:52:07.683+0800][26.429s][info][gc,heap        ] GC(1074) PSYoungGen: 2208K->0K(14336K)
[2026-06-17T09:52:07.683+0800][26.429s][info][gc,heap        ] GC(1074) ParOldGen: 42628K->25908K(44032K)
[2026-06-17T09:52:07.683+0800][26.429s][info][gc,metaspace   ] GC(1074) Metaspace: 3161K(4864K)->3161K(4864K) NonClass: 2855K(4352K)->2855K(4352K) Class: 305K(512K)->305K(512K)
[2026-06-17T09:52:07.683+0800][26.429s][info][gc             ] GC(1074) Pause Full (Ergonomics) 43M->25M(57M) 4.905ms
[2026-06-17T09:52:07.683+0800][26.429s][info][gc,cpu         ] GC(1074) User=0.00s Sys=0.00s Real=0.01s
[2026-06-17T09:52:07.694+0800][26.440s][info][gc,start       ] GC(1075) Pause Young (Allocation Failure)
[2026-06-17T09:52:07.695+0800][26.441s][info][gc,heap        ] GC(1075) PSYoungGen: 7057K->3520K(14336K)
[2026-06-17T09:52:07.695+0800][26.441s][info][gc,heap        ] GC(1075) ParOldGen: 25908K->25908K(44032K)
[2026-06-17T09:52:07.696+0800][26.441s][info][gc,metaspace   ] GC(1075) Metaspace: 3161K(4864K)->3161K(4864K) NonClass: 2855K(4352K)->2855K(4352K) Class: 305K(512K)->305K(512K)
[2026-06-17T09:52:07.696+0800][26.442s][info][gc             ] GC(1075) Pause Young (Allocation Failure) 32M->28M(57M) 1.397ms
[2026-06-17T09:52:07.696+0800][26.442s][info][gc,cpu         ] GC(1075) User=0.00s Sys=0.00s Real=0.00s
[2026-06-17T09:52:07.717+0800][26.463s][info][gc,start       ] GC(1076) Pause Young (Allocation Failure)
[2026-06-17T09:52:07.719+0800][26.464s][info][gc,heap        ] GC(1076) PSYoungGen: 10670K->7150K(14336K)
[2026-06-17T09:52:07.719+0800][26.465s][info][gc,heap        ] GC(1076) ParOldGen: 25908K->26156K(44032K)
[2026-06-17T09:52:07.719+0800][26.465s][info][gc,metaspace   ] GC(1076) Metaspace: 3161K(4864K)->3161K(4864K) NonClass: 2855K(4352K)->2855K(4352K) Class: 305K(512K)->305K(512K)
[2026-06-17T09:52:07.720+0800][26.466s][info][gc             ] GC(1076) Pause Young (Allocation Failure) 35M->32M(57M) 2.262ms
[2026-06-17T09:52:07.720+0800][26.466s][info][gc,cpu         ] GC(1076) User=0.00s Sys=0.00s Real=0.00s
[2026-06-17T09:52:07.742+0800][26.487s][info][gc,start       ] GC(1077) Pause Young (Allocation Failure)
[2026-06-17T09:52:07.745+0800][26.491s][info][gc,heap        ] GC(1077) PSYoungGen: 14262K->1555K(14336K)
[2026-06-17T09:52:07.748+0800][26.494s][info][gc,heap        ] GC(1077) ParOldGen: 26156K->31622K(44032K)
[2026-06-17T09:52:07.748+0800][26.494s][info][gc,metaspace   ] GC(1077) Metaspace: 3161K(4864K)->3161K(4864K) NonClass: 2855K(4352K)->2855K(4352K) Class: 305K(512K)->305K(512K)
[2026-06-17T09:52:07.748+0800][26.494s][info][gc             ] GC(1077) Pause Young (Allocation Failure) 39M->32M(57M) 6.723ms
[2026-06-17T09:52:07.749+0800][26.494s][info][gc,cpu         ] GC(1077) User=0.00s Sys=0.00s Real=0.01s
[2026-06-17T09:52:07.770+0800][26.516s][info][gc,start       ] GC(1078) Pause Young (Allocation Failure)
[2026-06-17T09:52:07.770+0800][26.516s][info][gc,heap        ] GC(1078) PSYoungGen: 8689K->100K(14336K)
[2026-06-17T09:52:07.771+0800][26.516s][info][gc,heap        ] GC(1078) ParOldGen: 31622K->33153K(44032K)
[2026-06-17T09:52:07.771+0800][26.517s][info][gc,metaspace   ] GC(1078) Metaspace: 3161K(4864K)->3161K(4864K) NonClass: 2855K(4352K)->2855K(4352K) Class: 305K(512K)->305K(512K)
[2026-06-17T09:52:07.771+0800][26.517s][info][gc             ] GC(1078) Pause Young (Allocation Failure) 39M->32M(57M) 1.241ms
[2026-06-17T09:52:07.771+0800][26.517s][info][gc,cpu         ] GC(1078) User=0.01s Sys=0.00s Real=0.01s
[2026-06-17T09:52:07.782+0800][26.528s][info][gc,start       ] GC(1079) Pause Young (Allocation Failure)
[2026-06-17T09:52:07.783+0800][26.529s][info][gc,heap        ] GC(1079) PSYoungGen: 7250K->3577K(14336K)
[2026-06-17T09:52:07.783+0800][26.529s][info][gc,heap        ] GC(1079) ParOldGen: 33153K->33153K(44032K)
[2026-06-17T09:52:07.783+0800][26.529s][info][gc,metaspace   ] GC(1079) Metaspace: 3161K(4864K)->3161K(4864K) NonClass: 2855K(4352K)->2855K(4352K) Class: 305K(512K)->305K(512K)
[2026-06-17T09:52:07.783+0800][26.529s][info][gc             ] GC(1079) Pause Young (Allocation Failure) 39M->35M(57M) 1.498ms
[2026-06-17T09:52:07.784+0800][26.529s][info][gc,cpu         ] GC(1079) User=0.00s Sys=0.00s Real=0.01s
[2026-06-17T09:52:07.805+0800][26.550s][info][gc,start       ] GC(1080) Pause Young (Allocation Failure)
[2026-06-17T09:52:07.806+0800][26.552s][info][gc,heap        ] GC(1080) PSYoungGen: 10702K->1890K(14336K)
[2026-06-17T09:52:07.806+0800][26.552s][info][gc,heap        ] GC(1080) ParOldGen: 33153K->35308K(44032K)
[2026-06-17T09:52:07.806+0800][26.552s][info][gc,metaspace   ] GC(1080) Metaspace: 3161K(4864K)->3161K(4864K) NonClass: 2855K(4352K)->2855K(4352K) Class: 305K(512K)->305K(512K)
[2026-06-17T09:52:07.806+0800][26.552s][info][gc             ] GC(1080) Pause Young (Allocation Failure) 42M->36M(57M) 1.832ms
[2026-06-17T09:52:07.807+0800][26.553s][info][gc,cpu         ] GC(1080) User=0.00s Sys=0.00s Real=0.00s
[2026-06-17T09:52:07.828+0800][26.573s][info][gc,start       ] GC(1081) Pause Young (Allocation Failure)
[2026-06-17T09:52:07.831+0800][26.577s][info][gc,heap        ] GC(1081) PSYoungGen: 9058K->2153K(14336K)
[2026-06-17T09:52:07.832+0800][26.577s][info][gc,heap        ] GC(1081) ParOldGen: 35308K->35308K(44032K)
[2026-06-17T09:52:07.832+0800][26.578s][info][gc,metaspace   ] GC(1081) Metaspace: 3161K(4864K)->3161K(4864K) NonClass: 2855K(4352K)->2855K(4352K) Class: 305K(512K)->305K(512K)
[2026-06-17T09:52:07.832+0800][26.578s][info][gc             ] GC(1081) Pause Young (Allocation Failure) 43M->36M(57M) 4.299ms
[2026-06-17T09:52:07.832+0800][26.578s][info][gc,cpu         ] GC(1081) User=0.00s Sys=0.00s Real=0.01s
[2026-06-17T09:52:07.843+0800][26.589s][info][gc,start       ] GC(1082) Pause Young (Allocation Failure)
[2026-06-17T09:52:07.844+0800][26.589s][info][gc,heap        ] GC(1082) PSYoungGen: 9321K->32K(14336K)
[2026-06-17T09:52:07.844+0800][26.590s][info][gc,heap        ] GC(1082) ParOldGen: 35308K->37350K(44032K)
[2026-06-17T09:52:07.844+0800][26.590s][info][gc,metaspace   ] GC(1082) Metaspace: 3161K(4864K)->3161K(4864K) NonClass: 2855K(4352K)->2855K(4352K) Class: 305K(512K)->305K(512K)
[2026-06-17T09:52:07.844+0800][26.590s][info][gc             ] GC(1082) Pause Young (Allocation Failure) 43M->36M(57M) 1.271ms
[2026-06-17T09:52:07.844+0800][26.590s][info][gc,cpu         ] GC(1082) User=0.00s Sys=0.00s Real=0.00s
[2026-06-17T09:52:07.865+0800][26.611s][info][gc,start       ] GC(1083) Pause Young (Allocation Failure)
[2026-06-17T09:52:07.866+0800][26.612s][info][gc,heap        ] GC(1083) PSYoungGen: 7184K->3913K(14336K)
[2026-06-17T09:52:07.868+0800][26.614s][info][gc,heap        ] GC(1083) ParOldGen: 37350K->37358K(44032K)
[2026-06-17T09:52:07.869+0800][26.615s][info][gc,metaspace   ] GC(1083) Metaspace: 3161K(4864K)->3161K(4864K) NonClass: 2855K(4352K)->2855K(4352K) Class: 305K(512K)->305K(512K)
[2026-06-17T09:52:07.869+0800][26.615s][info][gc             ] GC(1083) Pause Young (Allocation Failure) 43M->40M(57M) 3.440ms
[2026-06-17T09:52:07.869+0800][26.615s][info][gc,cpu         ] GC(1083) User=0.00s Sys=0.00s Real=0.00s
[2026-06-17T09:52:07.890+0800][26.636s][info][gc,start       ] GC(1084) Pause Young (Allocation Failure)
[2026-06-17T09:52:07.891+0800][26.637s][info][gc,heap        ] GC(1084) PSYoungGen: 11038K->2472K(14336K)
[2026-06-17T09:52:07.892+0800][26.638s][info][gc,heap        ] GC(1084) ParOldGen: 37358K->39224K(44032K)
[2026-06-17T09:52:07.892+0800][26.638s][info][gc,metaspace   ] GC(1084) Metaspace: 3161K(4864K)->3161K(4864K) NonClass: 2855K(4352K)->2855K(4352K) Class: 305K(512K)->305K(512K)
[2026-06-17T09:52:07.892+0800][26.638s][info][gc             ] GC(1084) Pause Young (Allocation Failure) 47M->40M(57M) 1.990ms
[2026-06-17T09:52:07.892+0800][26.638s][info][gc,cpu         ] GC(1084) User=0.01s Sys=0.00s Real=0.01s
[2026-06-17T09:52:07.903+0800][26.649s][info][gc,start       ] GC(1085) Pause Young (Allocation Failure)
[2026-06-17T09:52:07.904+0800][26.650s][info][gc,heap        ] GC(1085) PSYoungGen: 9613K->4511K(14336K)
[2026-06-17T09:52:07.904+0800][26.650s][info][gc,heap        ] GC(1085) ParOldGen: 39224K->41188K(44032K)
[2026-06-17T09:52:07.905+0800][26.650s][info][gc,metaspace   ] GC(1085) Metaspace: 3161K(4864K)->3161K(4864K) NonClass: 2855K(4352K)->2855K(4352K) Class: 305K(512K)->305K(512K)
[2026-06-17T09:52:07.905+0800][26.651s][info][gc             ] GC(1085) Pause Young (Allocation Failure) 47M->44M(57M) 1.727ms
[2026-06-17T09:52:07.905+0800][26.651s][info][gc,cpu         ] GC(1085) User=0.00s Sys=0.00s Real=0.00s
[2026-06-17T09:52:07.905+0800][26.651s][info][gc,start       ] GC(1086) Pause Full (Ergonomics)
[2026-06-17T09:52:07.906+0800][26.651s][info][gc,phases,start] GC(1086) Marking Phase
[2026-06-17T09:52:07.906+0800][26.652s][info][gc,phases      ] GC(1086) Marking Phase 0.778ms
[2026-06-17T09:52:07.907+0800][26.652s][info][gc,phases,start] GC(1086) Summary Phase
[2026-06-17T09:52:07.907+0800][26.653s][info][gc,phases      ] GC(1086) Summary Phase 0.178ms
[2026-06-17T09:52:07.907+0800][26.653s][info][gc,phases,start] GC(1086) Adjust Roots
[2026-06-17T09:52:07.907+0800][26.653s][info][gc,phases      ] GC(1086) Adjust Roots 0.426ms
[2026-06-17T09:52:07.908+0800][26.653s][info][gc,phases,start] GC(1086) Compaction Phase
[2026-06-17T09:52:07.910+0800][26.656s][info][gc,phases      ] GC(1086) Compaction Phase 2.549ms
[2026-06-17T09:52:07.910+0800][26.656s][info][gc,phases,start] GC(1086) Post Compact
[2026-06-17T09:52:07.911+0800][26.657s][info][gc,phases      ] GC(1086) Post Compact 0.294ms
[2026-06-17T09:52:07.911+0800][26.657s][info][gc,heap        ] GC(1086) PSYoungGen: 4511K->0K(14336K)
[2026-06-17T09:52:07.911+0800][26.657s][info][gc,heap        ] GC(1086) ParOldGen: 41188K->27644K(44032K)
[2026-06-17T09:52:07.911+0800][26.657s][info][gc,metaspace   ] GC(1086) Metaspace: 3161K(4864K)->3161K(4864K) NonClass: 2855K(4352K)->2855K(4352K) Class: 305K(512K)->305K(512K)
[2026-06-17T09:52:07.911+0800][26.657s][info][gc             ] GC(1086) Pause Full (Ergonomics) 44M->26M(57M) 6.134ms
[2026-06-17T09:52:07.912+0800][26.657s][info][gc,cpu         ] GC(1086) User=0.00s Sys=0.00s Real=0.01s
[2026-06-17T09:52:07.933+0800][26.678s][info][gc,start       ] GC(1087) Pause Young (Allocation Failure)
[2026-06-17T09:52:07.933+0800][26.679s][info][gc,heap        ] GC(1087) PSYoungGen: 7158K->3790K(14336K)
[2026-06-17T09:52:07.934+0800][26.680s][info][gc,heap        ] GC(1087) ParOldGen: 27644K->27644K(44032K)
[2026-06-17T09:52:07.934+0800][26.680s][info][gc,metaspace   ] GC(1087) Metaspace: 3161K(4864K)->3161K(4864K) NonClass: 2855K(4352K)->2855K(4352K) Class: 305K(512K)->305K(512K)
[2026-06-17T09:52:07.934+0800][26.680s][info][gc             ] GC(1087) Pause Young (Allocation Failure) 33M->30M(57M) 1.676ms
[2026-06-17T09:52:07.934+0800][26.680s][info][gc,cpu         ] GC(1087) User=0.00s Sys=0.00s Real=0.00s
[2026-06-17T09:52:07.955+0800][26.701s][info][gc,start       ] GC(1088) Pause Young (Allocation Failure)
[2026-06-17T09:52:07.956+0800][26.702s][info][gc,heap        ] GC(1088) PSYoungGen: 10939K->1779K(14336K)
[2026-06-17T09:52:07.957+0800][26.702s][info][gc,heap        ] GC(1088) ParOldGen: 27644K->30346K(44032K)
[2026-06-17T09:52:07.957+0800][26.703s][info][gc,metaspace   ] GC(1088) Metaspace: 3161K(4864K)->3161K(4864K) NonClass: 2855K(4352K)->2855K(4352K) Class: 305K(512K)->305K(512K)
[2026-06-17T09:52:07.957+0800][26.703s][info][gc             ] GC(1088) Pause Young (Allocation Failure) 37M->31M(57M) 1.718ms
[2026-06-17T09:52:07.957+0800][26.703s][info][gc,cpu         ] GC(1088) User=0.01s Sys=0.00s Real=0.00s
[2026-06-17T09:52:07.978+0800][26.724s][info][gc,start       ] GC(1089) Pause Young (Allocation Failure)
[2026-06-17T09:52:07.979+0800][26.725s][info][gc,heap        ] GC(1089) PSYoungGen: 8912K->2244K(14848K)
[2026-06-17T09:52:07.979+0800][26.725s][info][gc,heap        ] GC(1089) ParOldGen: 30346K->30346K(44032K)
[2026-06-17T09:52:07.980+0800][26.725s][info][gc,metaspace   ] GC(1089) Metaspace: 3161K(4864K)->3161K(4864K) NonClass: 2855K(4352K)->2855K(4352K) Class: 305K(512K)->305K(512K)
[2026-06-17T09:52:07.980+0800][26.726s][info][gc             ] GC(1089) Pause Young (Allocation Failure) 38M->31M(57M) 1.415ms
[2026-06-17T09:52:07.980+0800][26.726s][info][gc,cpu         ] GC(1089) User=0.00s Sys=0.00s Real=0.00s
[2026-06-17T09:52:07.991+0800][26.737s][info][gc,start       ] GC(1090) Pause Young (Allocation Failure)
[2026-06-17T09:52:07.992+0800][26.738s][info][gc,heap        ] GC(1090) PSYoungGen: 9905K->835K(14336K)
[2026-06-17T09:52:07.992+0800][26.738s][info][gc,heap        ] GC(1090) ParOldGen: 30346K->32478K(44032K)
[2026-06-17T09:52:07.992+0800][26.738s][info][gc,metaspace   ] GC(1090) Metaspace: 3161K(4864K)->3161K(4864K) NonClass: 2855K(4352K)->2855K(4352K) Class: 305K(512K)->305K(512K)
[2026-06-17T09:52:07.992+0800][26.738s][info][gc             ] GC(1090) Pause Young (Allocation Failure) 39M->32M(57M) 1.546ms
[2026-06-17T09:52:07.993+0800][26.738s][info][gc,cpu         ] GC(1090) User=0.00s Sys=0.00s Real=0.00s
[2026-06-17T09:52:08.014+0800][26.760s][info][gc,start       ] GC(1091) Pause Young (Allocation Failure)
[2026-06-17T09:52:08.065+0800][26.810s][info][gc,heap        ] GC(1091) PSYoungGen: 8515K->3829K(14848K)
[2026-06-17T09:52:08.066+0800][26.812s][info][gc,heap        ] GC(1091) ParOldGen: 32478K->33289K(44032K)
[2026-06-17T09:52:08.066+0800][26.812s][info][gc,metaspace   ] GC(1091) Metaspace: 3161K(4864K)->3161K(4864K) NonClass: 2855K(4352K)->2855K(4352K) Class: 305K(512K)->305K(512K)
[2026-06-17T09:52:08.067+0800][26.813s][info][gc             ] GC(1091) Pause Young (Allocation Failure) 40M->36M(57M) 52.970ms
[2026-06-17T09:52:08.067+0800][26.813s][info][gc,cpu         ] GC(1091) User=0.00s Sys=0.00s Real=0.05s
[2026-06-17T09:52:08.089+0800][26.835s][info][gc,start       ] GC(1092) Pause Young (Allocation Failure)
[2026-06-17T09:52:08.111+0800][26.857s][info][gc,heap        ] GC(1092) PSYoungGen: 12021K->3737K(14848K)
[2026-06-17T09:52:08.115+0800][26.861s][info][gc,heap        ] GC(1092) ParOldGen: 33289K->34541K(44032K)
[2026-06-17T09:52:08.121+0800][26.867s][info][gc,metaspace   ] GC(1092) Metaspace: 3161K(4864K)->3161K(4864K) NonClass: 2855K(4352K)->2855K(4352K) Class: 305K(512K)->305K(512K)
[2026-06-17T09:52:08.125+0800][26.871s][info][gc             ] GC(1092) Pause Young (Allocation Failure) 44M->37M(57M) 36.388ms
[2026-06-17T09:52:08.132+0800][26.878s][info][gc,cpu         ] GC(1092) User=0.00s Sys=0.00s Real=0.05s
[2026-06-17T09:52:08.161+0800][26.907s][info][gc,start       ] GC(1093) Pause Young (Allocation Failure)
[2026-06-17T09:52:08.162+0800][26.908s][info][gc,heap        ] GC(1093) PSYoungGen: 11922K->5107K(13824K)
[2026-06-17T09:52:08.164+0800][26.909s][info][gc,heap        ] GC(1093) ParOldGen: 34541K->34541K(44032K)
[2026-06-17T09:52:08.164+0800][26.910s][info][gc,metaspace   ] GC(1093) Metaspace: 3161K(4864K)->3161K(4864K) NonClass: 2855K(4352K)->2855K(4352K) Class: 305K(512K)->305K(512K)
[2026-06-17T09:52:08.166+0800][26.911s][info][gc             ] GC(1093) Pause Young (Allocation Failure) 45M->38M(56M) 4.381ms
[2026-06-17T09:52:08.166+0800][26.912s][info][gc,cpu         ] GC(1093) User=0.00s Sys=0.00s Real=0.01s
[2026-06-17T09:52:08.187+0800][26.933s][info][gc,start       ] GC(1094) Pause Young (Allocation Failure)
[2026-06-17T09:52:08.191+0800][26.937s][info][gc,heap        ] GC(1094) PSYoungGen: 12238K->5343K(14336K)
[2026-06-17T09:52:08.194+0800][26.939s][info][gc,heap        ] GC(1094) ParOldGen: 34541K->34541K(44032K)
[2026-06-17T09:52:08.197+0800][26.942s][info][gc,metaspace   ] GC(1094) Metaspace: 3161K(4864K)->3161K(4864K) NonClass: 2855K(4352K)->2855K(4352K) Class: 305K(512K)->305K(512K)
[2026-06-17T09:52:08.197+0800][26.943s][info][gc             ] GC(1094) Pause Young (Allocation Failure) 45M->38M(57M) 9.618ms
[2026-06-17T09:52:08.202+0800][26.948s][info][gc,cpu         ] GC(1094) User=0.01s Sys=0.00s Real=0.01s
[2026-06-17T09:52:08.223+0800][26.969s][info][gc,start       ] GC(1095) Pause Young (Allocation Failure)
[2026-06-17T09:52:08.230+0800][26.976s][info][gc,heap        ] GC(1095) PSYoungGen: 12492K->3576K(14336K)
[2026-06-17T09:52:08.234+0800][26.980s][info][gc,heap        ] GC(1095) ParOldGen: 34541K->36507K(44032K)
[2026-06-17T09:52:08.235+0800][26.980s][info][gc,metaspace   ] GC(1095) Metaspace: 3161K(4864K)->3161K(4864K) NonClass: 2855K(4352K)->2855K(4352K) Class: 305K(512K)->305K(512K)
[2026-06-17T09:52:08.236+0800][26.981s][info][gc             ] GC(1095) Pause Young (Allocation Failure) 45M->39M(57M) 12.465ms
[2026-06-17T09:52:08.238+0800][26.983s][info][gc,cpu         ] GC(1095) User=0.00s Sys=0.00s Real=0.01s
[2026-06-17T09:52:08.260+0800][27.005s][info][gc,start       ] GC(1096) Pause Young (Allocation Failure)
[2026-06-17T09:52:08.261+0800][27.007s][info][gc,heap        ] GC(1096) PSYoungGen: 10722K->7121K(14336K)
[2026-06-17T09:52:08.263+0800][27.009s][info][gc,heap        ] GC(1096) ParOldGen: 36507K->36507K(44032K)
[2026-06-17T09:52:08.265+0800][27.011s][info][gc,metaspace   ] GC(1096) Metaspace: 3161K(4864K)->3161K(4864K) NonClass: 2855K(4352K)->2855K(4352K) Class: 305K(512K)->305K(512K)
[2026-06-17T09:52:08.267+0800][27.013s][info][gc             ] GC(1096) Pause Young (Allocation Failure) 46M->42M(57M) 7.539ms
[2026-06-17T09:52:08.268+0800][27.013s][info][gc,cpu         ] GC(1096) User=0.00s Sys=0.01s Real=0.01s
[2026-06-17T09:52:08.290+0800][27.036s][info][gc,start       ] GC(1097) Pause Young (Allocation Failure)
[2026-06-17T09:52:08.292+0800][27.037s][info][gc,heap        ] GC(1097) PSYoungGen: 14278K->3891K(14336K)
[2026-06-17T09:52:08.293+0800][27.039s][info][gc,heap        ] GC(1097) ParOldGen: 36507K->40027K(44032K)
[2026-06-17T09:52:08.297+0800][27.043s][info][gc,metaspace   ] GC(1097) Metaspace: 3161K(4864K)->3161K(4864K) NonClass: 2855K(4352K)->2855K(4352K) Class: 305K(512K)->305K(512K)
[2026-06-17T09:52:08.301+0800][27.047s][info][gc             ] GC(1097) Pause Young (Allocation Failure) 49M->42M(57M) 10.971ms
[2026-06-17T09:52:08.303+0800][27.049s][info][gc,cpu         ] GC(1097) User=0.00s Sys=0.00s Real=0.02s
[2026-06-17T09:52:08.304+0800][27.050s][info][gc,start       ] GC(1098) Pause Full (Ergonomics)
[2026-06-17T09:52:08.306+0800][27.052s][info][gc,phases,start] GC(1098) Marking Phase
[2026-06-17T09:52:08.308+0800][27.054s][info][gc,phases      ] GC(1098) Marking Phase 2.662ms
[2026-06-17T09:52:08.311+0800][27.056s][info][gc,phases,start] GC(1098) Summary Phase
[2026-06-17T09:52:08.312+0800][27.058s][info][gc,phases      ] GC(1098) Summary Phase 1.415ms
[2026-06-17T09:52:08.312+0800][27.058s][info][gc,phases,start] GC(1098) Adjust Roots
[2026-06-17T09:52:08.313+0800][27.059s][info][gc,phases      ] GC(1098) Adjust Roots 0.518ms
[2026-06-17T09:52:08.313+0800][27.059s][info][gc,phases,start] GC(1098) Compaction Phase
[2026-06-17T09:52:08.316+0800][27.062s][info][gc,phases      ] GC(1098) Compaction Phase 2.400ms
[2026-06-17T09:52:08.316+0800][27.062s][info][gc,phases,start] GC(1098) Post Compact
[2026-06-17T09:52:08.317+0800][27.063s][info][gc,phases      ] GC(1098) Post Compact 0.541ms
[2026-06-17T09:52:08.317+0800][27.063s][info][gc,heap        ] GC(1098) PSYoungGen: 3891K->0K(14336K)
[2026-06-17T09:52:08.317+0800][27.063s][info][gc,heap        ] GC(1098) ParOldGen: 40027K->20695K(44032K)
[2026-06-17T09:52:08.318+0800][27.064s][info][gc,metaspace   ] GC(1098) Metaspace: 3161K(4864K)->3161K(4864K) NonClass: 2855K(4352K)->2855K(4352K) Class: 305K(512K)->305K(512K)
[2026-06-17T09:52:08.318+0800][27.064s][info][gc             ] GC(1098) Pause Full (Ergonomics) 42M->20M(57M) 14.043ms
[2026-06-17T09:52:08.318+0800][27.064s][info][gc,cpu         ] GC(1098) User=0.01s Sys=0.00s Real=0.01s
[2026-06-17T09:52:08.340+0800][27.086s][info][gc,start       ] GC(1099) Pause Young (Allocation Failure)
[2026-06-17T09:52:08.341+0800][27.087s][info][gc,heap        ] GC(1099) PSYoungGen: 7114K->3472K(14336K)
[2026-06-17T09:52:08.341+0800][27.087s][info][gc,heap        ] GC(1099) ParOldGen: 20695K->20695K(44032K)
[2026-06-17T09:52:08.342+0800][27.088s][info][gc,metaspace   ] GC(1099) Metaspace: 3161K(4864K)->3161K(4864K) NonClass: 2855K(4352K)->2855K(4352K) Class: 305K(512K)->305K(512K)
[2026-06-17T09:52:08.342+0800][27.088s][info][gc             ] GC(1099) Pause Young (Allocation Failure) 27M->23M(57M) 2.284ms
[2026-06-17T09:52:08.342+0800][27.088s][info][gc,cpu         ] GC(1099) User=0.00s Sys=0.00s Real=0.00s
[2026-06-17T09:52:08.353+0800][27.099s][info][gc,start       ] GC(1100) Pause Young (Allocation Failure)
[2026-06-17T09:52:08.354+0800][27.100s][info][gc,heap        ] GC(1100) PSYoungGen: 10619K->3795K(14336K)
[2026-06-17T09:52:08.355+0800][27.101s][info][gc,heap        ] GC(1100) ParOldGen: 20695K->23874K(44032K)
[2026-06-17T09:52:08.355+0800][27.101s][info][gc,metaspace   ] GC(1100) Metaspace: 3161K(4864K)->3161K(4864K) NonClass: 2855K(4352K)->2855K(4352K) Class: 305K(512K)->305K(512K)
[2026-06-17T09:52:08.355+0800][27.101s][info][gc             ] GC(1100) Pause Young (Allocation Failure) 30M->27M(57M) 1.727ms
[2026-06-17T09:52:08.355+0800][27.101s][info][gc,cpu         ] GC(1100) User=0.00s Sys=0.00s Real=0.00s
[2026-06-17T09:52:08.377+0800][27.123s][info][gc,start       ] GC(1101) Pause Young (Allocation Failure)
[2026-06-17T09:52:08.378+0800][27.124s][info][gc,heap        ] GC(1101) PSYoungGen: 10936K->2294K(14336K)
[2026-06-17T09:52:08.379+0800][27.124s][info][gc,heap        ] GC(1101) ParOldGen: 23874K->25718K(44032K)
[2026-06-17T09:52:08.379+0800][27.125s][info][gc,metaspace   ] GC(1101) Metaspace: 3161K(4864K)->3161K(4864K) NonClass: 2855K(4352K)->2855K(4352K) Class: 305K(512K)->305K(512K)
[2026-06-17T09:52:08.379+0800][27.125s][info][gc             ] GC(1101) Pause Young (Allocation Failure) 33M->27M(57M) 2.672ms
[2026-06-17T09:52:08.380+0800][27.126s][info][gc,cpu         ] GC(1101) User=0.00s Sys=0.00s Real=0.00s
[2026-06-17T09:52:08.402+0800][27.148s][info][gc,start       ] GC(1102) Pause Young (Allocation Failure)
[2026-06-17T09:52:08.403+0800][27.149s][info][gc,heap        ] GC(1102) PSYoungGen: 9445K->2262K(14336K)
[2026-06-17T09:52:08.404+0800][27.150s][info][gc,heap        ] GC(1102) ParOldGen: 25718K->25718K(44032K)
[2026-06-17T09:52:08.404+0800][27.150s][info][gc,metaspace   ] GC(1102) Metaspace: 3161K(4864K)->3161K(4864K) NonClass: 2855K(4352K)->2855K(4352K) Class: 305K(512K)->305K(512K)
[2026-06-17T09:52:08.405+0800][27.151s][info][gc             ] GC(1102) Pause Young (Allocation Failure) 34M->27M(57M) 3.099ms
[2026-06-17T09:52:08.406+0800][27.152s][info][gc,cpu         ] GC(1102) User=0.00s Sys=0.00s Real=0.01s
[2026-06-17T09:52:08.417+0800][27.163s][info][gc,start       ] GC(1103) Pause Young (Allocation Failure)
[2026-06-17T09:52:08.418+0800][27.164s][info][gc,heap        ] GC(1103) PSYoungGen: 9157K->32K(14336K)
[2026-06-17T09:52:08.419+0800][27.165s][info][gc,heap        ] GC(1103) ParOldGen: 25718K->27863K(44032K)
[2026-06-17T09:52:08.419+0800][27.165s][info][gc,metaspace   ] GC(1103) Metaspace: 3161K(4864K)->3161K(4864K) NonClass: 2855K(4352K)->2855K(4352K) Class: 305K(512K)->305K(512K)
[2026-06-17T09:52:08.420+0800][27.166s][info][gc             ] GC(1103) Pause Young (Allocation Failure) 34M->27M(57M) 2.377ms
[2026-06-17T09:52:08.420+0800][27.166s][info][gc,cpu         ] GC(1103) User=0.01s Sys=0.00s Real=0.00s
[2026-06-17T09:52:08.442+0800][27.187s][info][gc,start       ] GC(1104) Pause Young (Allocation Failure)
[2026-06-17T09:52:08.443+0800][27.189s][info][gc,heap        ] GC(1104) PSYoungGen: 7188K->3523K(14336K)
[2026-06-17T09:52:08.445+0800][27.190s][info][gc,heap        ] GC(1104) ParOldGen: 27863K->27871K(44032K)
[2026-06-17T09:52:08.445+0800][27.191s][info][gc,metaspace   ] GC(1104) Metaspace: 3161K(4864K)->3161K(4864K) NonClass: 2855K(4352K)->2855K(4352K) Class: 305K(512K)->305K(512K)
[2026-06-17T09:52:08.446+0800][27.191s][info][gc             ] GC(1104) Pause Young (Allocation Failure) 34M->30M(57M) 3.917ms
[2026-06-17T09:52:08.446+0800][27.192s][info][gc,cpu         ] GC(1104) User=0.00s Sys=0.00s Real=0.01s
[2026-06-17T09:52:08.458+0800][27.203s][info][gc,start       ] GC(1105) Pause Young (Allocation Failure)
[2026-06-17T09:52:08.459+0800][27.205s][info][gc,heap        ] GC(1105) PSYoungGen: 10577K->1396K(14336K)
[2026-06-17T09:52:08.461+0800][27.207s][info][gc,heap        ] GC(1105) ParOldGen: 27871K->30183K(44032K)
[2026-06-17T09:52:08.461+0800][27.207s][info][gc,metaspace   ] GC(1105) Metaspace: 3161K(4864K)->3161K(4864K) NonClass: 2855K(4352K)->2855K(4352K) Class: 305K(512K)->305K(512K)
[2026-06-17T09:52:08.462+0800][27.208s][info][gc             ] GC(1105) Pause Young (Allocation Failure) 37M->30M(57M) 4.189ms
[2026-06-17T09:52:08.462+0800][27.208s][info][gc,cpu         ] GC(1105) User=0.00s Sys=0.00s Real=0.00s
[2026-06-17T09:52:08.484+0800][27.230s][info][gc,start       ] GC(1106) Pause Young (Allocation Failure)
[2026-06-17T09:52:08.487+0800][27.233s][info][gc,heap        ] GC(1106) PSYoungGen: 8534K->3747K(14336K)
[2026-06-17T09:52:08.487+0800][27.233s][info][gc,heap        ] GC(1106) ParOldGen: 30183K->31555K(44032K)
[2026-06-17T09:52:08.488+0800][27.234s][info][gc,metaspace   ] GC(1106) Metaspace: 3161K(4864K)->3161K(4864K) NonClass: 2855K(4352K)->2855K(4352K) Class: 305K(512K)->305K(512K)
[2026-06-17T09:52:08.488+0800][27.234s][info][gc             ] GC(1106) Pause Young (Allocation Failure) 37M->34M(57M) 3.978ms
[2026-06-17T09:52:08.489+0800][27.234s][info][gc,cpu         ] GC(1106) User=0.00s Sys=0.00s Real=0.00s
[2026-06-17T09:52:08.511+0800][27.257s][info][gc,start       ] GC(1107) Pause Young (Allocation Failure)
[2026-06-17T09:52:08.513+0800][27.259s][info][gc,heap        ] GC(1107) PSYoungGen: 10886K->3388K(14848K)
[2026-06-17T09:52:08.514+0800][27.260s][info][gc,heap        ] GC(1107) ParOldGen: 31555K->32088K(44032K)
[2026-06-17T09:52:08.515+0800][27.261s][info][gc,metaspace   ] GC(1107) Metaspace: 3161K(4864K)->3161K(4864K) NonClass: 2855K(4352K)->2855K(4352K) Class: 305K(512K)->305K(512K)
[2026-06-17T09:52:08.516+0800][27.262s][info][gc             ] GC(1107) Pause Young (Allocation Failure) 41M->34M(57M) 4.905ms
[2026-06-17T09:52:08.516+0800][27.262s][info][gc,cpu         ] GC(1107) User=0.00s Sys=0.00s Real=0.00s
[2026-06-17T09:52:08.538+0800][27.284s][info][gc,start       ] GC(1108) Pause Young (Allocation Failure)
[2026-06-17T09:52:08.540+0800][27.286s][info][gc,heap        ] GC(1108) PSYoungGen: 11021K->745K(14336K)
[2026-06-17T09:52:08.540+0800][27.286s][info][gc,heap        ] GC(1108) ParOldGen: 32088K->35299K(44032K)
[2026-06-17T09:52:08.541+0800][27.287s][info][gc,metaspace   ] GC(1108) Metaspace: 3161K(4864K)->3161K(4864K) NonClass: 2855K(4352K)->2855K(4352K) Class: 305K(512K)->305K(512K)
[2026-06-17T09:52:08.541+0800][27.287s][info][gc             ] GC(1108) Pause Young (Allocation Failure) 42M->35M(57M) 3.160ms
[2026-06-17T09:52:08.542+0800][27.288s][info][gc,cpu         ] GC(1108) User=0.01s Sys=0.00s Real=0.00s
[2026-06-17T09:52:08.554+0800][27.300s][info][gc,start       ] GC(1109) Pause Young (Allocation Failure)
[2026-06-17T09:52:08.555+0800][27.301s][info][gc,heap        ] GC(1109) PSYoungGen: 8377K->4900K(13824K)
[2026-06-17T09:52:08.556+0800][27.302s][info][gc,heap        ] GC(1109) ParOldGen: 35299K->35299K(44032K)
[2026-06-17T09:52:08.556+0800][27.302s][info][gc,metaspace   ] GC(1109) Metaspace: 3161K(4864K)->3161K(4864K) NonClass: 2855K(4352K)->2855K(4352K) Class: 305K(512K)->305K(512K)
[2026-06-17T09:52:08.557+0800][27.303s][info][gc             ] GC(1109) Pause Young (Allocation Failure) 42M->39M(56M) 3.466ms
[2026-06-17T09:52:08.558+0800][27.304s][info][gc,cpu         ] GC(1109) User=0.00s Sys=0.00s Real=0.00s
[2026-06-17T09:52:08.580+0800][27.326s][info][gc,start       ] GC(1110) Pause Young (Allocation Failure)
[2026-06-17T09:52:08.584+0800][27.330s][info][gc,heap        ] GC(1110) PSYoungGen: 12031K->2563K(14336K)
[2026-06-17T09:52:08.586+0800][27.332s][info][gc,heap        ] GC(1110) ParOldGen: 35299K->37399K(44032K)
[2026-06-17T09:52:08.588+0800][27.334s][info][gc,metaspace   ] GC(1110) Metaspace: 3161K(4864K)->3161K(4864K) NonClass: 2855K(4352K)->2855K(4352K) Class: 305K(512K)->305K(512K)
[2026-06-17T09:52:08.590+0800][27.336s][info][gc             ] GC(1110) Pause Young (Allocation Failure) 46M->39M(57M) 10.492ms
[2026-06-17T09:52:08.594+0800][27.340s][info][gc,cpu         ] GC(1110) User=0.00s Sys=0.00s Real=0.02s
[2026-06-17T09:52:08.618+0800][27.364s][info][gc,start       ] GC(1111) Pause Young (Allocation Failure)
[2026-06-17T09:52:08.620+0800][27.366s][info][gc,heap        ] GC(1111) PSYoungGen: 9685K->2788K(14848K)
[2026-06-17T09:52:08.621+0800][27.367s][info][gc,heap        ] GC(1111) ParOldGen: 37399K->37399K(44032K)
[2026-06-17T09:52:08.621+0800][27.367s][info][gc,metaspace   ] GC(1111) Metaspace: 3161K(4864K)->3161K(4864K) NonClass: 2855K(4352K)->2855K(4352K) Class: 305K(512K)->305K(512K)
[2026-06-17T09:52:08.622+0800][27.368s][info][gc             ] GC(1111) Pause Young (Allocation Failure) 45M->39M(57M) 4.035ms
[2026-06-17T09:52:08.623+0800][27.368s][info][gc,cpu         ] GC(1111) User=0.00s Sys=0.01s Real=0.01s
[2026-06-17T09:52:08.645+0800][27.391s][info][gc,start       ] GC(1112) Pause Young (Allocation Failure)
[2026-06-17T09:52:08.646+0800][27.392s][info][gc,heap        ] GC(1112) PSYoungGen: 10932K->2391K(14848K)
[2026-06-17T09:52:08.646+0800][27.392s][info][gc,heap        ] GC(1112) ParOldGen: 37399K->39053K(44032K)
[2026-06-17T09:52:08.647+0800][27.393s][info][gc,metaspace   ] GC(1112) Metaspace: 3161K(4864K)->3161K(4864K) NonClass: 2855K(4352K)->2855K(4352K) Class: 305K(512K)->305K(512K)
[2026-06-17T09:52:08.648+0800][27.393s][info][gc             ] GC(1112) Pause Young (Allocation Failure) 47M->40M(57M) 2.893ms
[2026-06-17T09:52:08.648+0800][27.394s][info][gc,cpu         ] GC(1112) User=0.00s Sys=0.00s Real=0.00s
[2026-06-17T09:52:08.669+0800][27.415s][info][gc,start       ] GC(1113) Pause Young (Allocation Failure)
[2026-06-17T09:52:08.670+0800][27.416s][info][gc,heap        ] GC(1113) PSYoungGen: 10560K->1417K(15360K)
[2026-06-17T09:52:08.671+0800][27.417s][info][gc,heap        ] GC(1113) ParOldGen: 39053K->40912K(44032K)
[2026-06-17T09:52:08.671+0800][27.417s][info][gc,metaspace   ] GC(1113) Metaspace: 3161K(4864K)->3161K(4864K) NonClass: 2855K(4352K)->2855K(4352K) Class: 305K(512K)->305K(512K)
[2026-06-17T09:52:08.671+0800][27.417s][info][gc             ] GC(1113) Pause Young (Allocation Failure) 48M->41M(58M) 1.804ms
[2026-06-17T09:52:08.672+0800][27.418s][info][gc,cpu         ] GC(1113) User=0.00s Sys=0.00s Real=0.01s
[2026-06-17T09:52:08.672+0800][27.418s][info][gc,start       ] GC(1114) Pause Full (Ergonomics)
[2026-06-17T09:52:08.672+0800][27.418s][info][gc,phases,start] GC(1114) Marking Phase
[2026-06-17T09:52:08.673+0800][27.419s][info][gc,phases      ] GC(1114) Marking Phase 0.992ms
[2026-06-17T09:52:08.673+0800][27.419s][info][gc,phases,start] GC(1114) Summary Phase
[2026-06-17T09:52:08.674+0800][27.420s][info][gc,phases      ] GC(1114) Summary Phase 0.311ms
[2026-06-17T09:52:08.674+0800][27.420s][info][gc,phases,start] GC(1114) Adjust Roots
[2026-06-17T09:52:08.674+0800][27.420s][info][gc,phases      ] GC(1114) Adjust Roots 0.233ms
[2026-06-17T09:52:08.674+0800][27.420s][info][gc,phases,start] GC(1114) Compaction Phase
[2026-06-17T09:52:08.676+0800][27.422s][info][gc,phases      ] GC(1114) Compaction Phase 1.596ms
[2026-06-17T09:52:08.676+0800][27.422s][info][gc,phases,start] GC(1114) Post Compact
[2026-06-17T09:52:08.676+0800][27.422s][info][gc,phases      ] GC(1114) Post Compact 0.251ms
[2026-06-17T09:52:08.677+0800][27.422s][info][gc,heap        ] GC(1114) PSYoungGen: 1417K->0K(15360K)
[2026-06-17T09:52:08.677+0800][27.423s][info][gc,heap        ] GC(1114) ParOldGen: 40912K->28892K(44032K)
[2026-06-17T09:52:08.677+0800][27.423s][info][gc,metaspace   ] GC(1114) Metaspace: 3161K(4864K)->3161K(4864K) NonClass: 2855K(4352K)->2855K(4352K) Class: 305K(512K)->305K(512K)
[2026-06-17T09:52:08.677+0800][27.423s][info][gc             ] GC(1114) Pause Full (Ergonomics) 41M->28M(58M) 5.249ms
[2026-06-17T09:52:08.677+0800][27.423s][info][gc,cpu         ] GC(1114) User=0.01s Sys=0.00s Real=0.00s
[2026-06-17T09:52:08.699+0800][27.444s][info][gc,start       ] GC(1115) Pause Young (Allocation Failure)
[2026-06-17T09:52:08.699+0800][27.445s][info][gc,heap        ] GC(1115) PSYoungGen: 9158K->5772K(13312K)
[2026-06-17T09:52:08.700+0800][27.446s][info][gc,heap        ] GC(1115) ParOldGen: 28892K->28892K(44032K)
[2026-06-17T09:52:08.700+0800][27.446s][info][gc,metaspace   ] GC(1115) Metaspace: 3161K(4864K)->3161K(4864K) NonClass: 2855K(4352K)->2855K(4352K) Class: 305K(512K)->305K(512K)
[2026-06-17T09:52:08.700+0800][27.446s][info][gc             ] GC(1115) Pause Young (Allocation Failure) 37M->33M(56M) 1.552ms
[2026-06-17T09:52:08.700+0800][27.446s][info][gc,cpu         ] GC(1115) User=0.00s Sys=0.00s Real=0.00s
[2026-06-17T09:52:08.721+0800][27.467s][info][gc,start       ] GC(1116) Pause Young (Allocation Failure)
[2026-06-17T09:52:08.722+0800][27.468s][info][gc,heap        ] GC(1116) PSYoungGen: 12924K->2468K(14336K)
[2026-06-17T09:52:08.722+0800][27.468s][info][gc,heap        ] GC(1116) ParOldGen: 28892K->32665K(44032K)
[2026-06-17T09:52:08.723+0800][27.468s][info][gc,metaspace   ] GC(1116) Metaspace: 3161K(4864K)->3161K(4864K) NonClass: 2855K(4352K)->2855K(4352K) Class: 305K(512K)->305K(512K)
[2026-06-17T09:52:08.723+0800][27.469s][info][gc             ] GC(1116) Pause Young (Allocation Failure) 40M->34M(57M) 1.520ms
[2026-06-17T09:52:08.723+0800][27.469s][info][gc,cpu         ] GC(1116) User=0.00s Sys=0.00s Real=0.01s
[2026-06-17T09:52:08.744+0800][27.490s][info][gc,start       ] GC(1117) Pause Young (Allocation Failure)
[2026-06-17T09:52:08.747+0800][27.493s][info][gc,heap        ] GC(1117) PSYoungGen: 9583K->1329K(14848K)
[2026-06-17T09:52:08.748+0800][27.494s][info][gc,heap        ] GC(1117) ParOldGen: 32665K->34244K(44032K)
[2026-06-17T09:52:08.750+0800][27.496s][info][gc,metaspace   ] GC(1117) Metaspace: 3161K(4864K)->3161K(4864K) NonClass: 2855K(4352K)->2855K(4352K) Class: 305K(512K)->305K(512K)
[2026-06-17T09:52:08.751+0800][27.497s][info][gc             ] GC(1117) Pause Young (Allocation Failure) 41M->34M(57M) 7.018ms
[2026-06-17T09:52:08.753+0800][27.499s][info][gc,cpu         ] GC(1117) User=0.00s Sys=0.00s Real=0.01s
[2026-06-17T09:52:08.776+0800][27.522s][info][gc,start       ] GC(1118) Pause Young (Allocation Failure)
[2026-06-17T09:52:08.777+0800][27.523s][info][gc,heap        ] GC(1118) PSYoungGen: 9519K->1748K(14848K)
[2026-06-17T09:52:08.777+0800][27.523s][info][gc,heap        ] GC(1118) ParOldGen: 34244K->35190K(44032K)
[2026-06-17T09:52:08.778+0800][27.524s][info][gc,metaspace   ] GC(1118) Metaspace: 3161K(4864K)->3161K(4864K) NonClass: 2855K(4352K)->2855K(4352K) Class: 305K(512K)->305K(512K)
[2026-06-17T09:52:08.778+0800][27.524s][info][gc             ] GC(1118) Pause Young (Allocation Failure) 42M->36M(57M) 1.700ms
[2026-06-17T09:52:08.778+0800][27.524s][info][gc,cpu         ] GC(1118) User=0.00s Sys=0.00s Real=0.00s
[2026-06-17T09:52:08.789+0800][27.535s][info][gc,start       ] GC(1119) Pause Young (Allocation Failure)
[2026-06-17T09:52:08.790+0800][27.536s][info][gc,heap        ] GC(1119) PSYoungGen: 9835K->818K(14848K)
[2026-06-17T09:52:08.790+0800][27.536s][info][gc,heap        ] GC(1119) ParOldGen: 35190K->36883K(44032K)
[2026-06-17T09:52:08.791+0800][27.536s][info][gc,metaspace   ] GC(1119) Metaspace: 3161K(4864K)->3161K(4864K) NonClass: 2855K(4352K)->2855K(4352K) Class: 305K(512K)->305K(512K)
[2026-06-17T09:52:08.791+0800][27.537s][info][gc             ] GC(1119) Pause Young (Allocation Failure) 43M->36M(57M) 1.699ms
[2026-06-17T09:52:08.791+0800][27.537s][info][gc,cpu         ] GC(1119) User=0.00s Sys=0.00s Real=0.01s
[2026-06-17T09:52:08.812+0800][27.558s][info][gc,start       ] GC(1120) Pause Young (Allocation Failure)
[2026-06-17T09:52:08.813+0800][27.559s][info][gc,heap        ] GC(1120) PSYoungGen: 8997K->4602K(14848K)
[2026-06-17T09:52:08.814+0800][27.559s][info][gc,heap        ] GC(1120) ParOldGen: 36883K->37677K(44032K)
[2026-06-17T09:52:08.814+0800][27.560s][info][gc,metaspace   ] GC(1120) Metaspace: 3161K(4864K)->3161K(4864K) NonClass: 2855K(4352K)->2855K(4352K) Class: 305K(512K)->305K(512K)
[2026-06-17T09:52:08.814+0800][27.560s][info][gc             ] GC(1120) Pause Young (Allocation Failure) 44M->41M(57M) 1.887ms
[2026-06-17T09:52:08.814+0800][27.560s][info][gc,cpu         ] GC(1120) User=0.00s Sys=0.00s Real=0.00s
[2026-06-17T09:52:08.835+0800][27.581s][info][gc,start       ] GC(1121) Pause Young (Allocation Failure)
[2026-06-17T09:52:08.836+0800][27.582s][info][gc,heap        ] GC(1121) PSYoungGen: 12755K->4657K(13824K)
[2026-06-17T09:52:08.837+0800][27.583s][info][gc,heap        ] GC(1121) ParOldGen: 37677K->38988K(44032K)
[2026-06-17T09:52:08.837+0800][27.583s][info][gc,metaspace   ] GC(1121) Metaspace: 3161K(4864K)->3161K(4864K) NonClass: 2855K(4352K)->2855K(4352K) Class: 305K(512K)->305K(512K)
[2026-06-17T09:52:08.837+0800][27.583s][info][gc             ] GC(1121) Pause Young (Allocation Failure) 49M->42M(56M) 2.179ms
[2026-06-17T09:52:08.838+0800][27.583s][info][gc,cpu         ] GC(1121) User=0.00s Sys=0.00s Real=0.00s
[2026-06-17T09:52:08.859+0800][27.604s][info][gc,start       ] GC(1122) Pause Young (Allocation Failure)
[2026-06-17T09:52:08.860+0800][27.605s][info][gc,heap        ] GC(1122) PSYoungGen: 11808K->2882K(14336K)
[2026-06-17T09:52:08.860+0800][27.606s][info][gc,heap        ] GC(1122) ParOldGen: 38988K->40949K(44032K)
[2026-06-17T09:52:08.861+0800][27.607s][info][gc,metaspace   ] GC(1122) Metaspace: 3161K(4864K)->3161K(4864K) NonClass: 2855K(4352K)->2855K(4352K) Class: 305K(512K)->305K(512K)
[2026-06-17T09:52:08.861+0800][27.607s][info][gc             ] GC(1122) Pause Young (Allocation Failure) 49M->42M(57M) 2.531ms
[2026-06-17T09:52:08.861+0800][27.607s][info][gc,cpu         ] GC(1122) User=0.01s Sys=0.00s Real=0.00s
[2026-06-17T09:52:08.861+0800][27.607s][info][gc,start       ] GC(1123) Pause Full (Ergonomics)
[2026-06-17T09:52:08.862+0800][27.608s][info][gc,phases,start] GC(1123) Marking Phase
[2026-06-17T09:52:08.863+0800][27.608s][info][gc,phases      ] GC(1123) Marking Phase 0.832ms
[2026-06-17T09:52:08.863+0800][27.609s][info][gc,phases,start] GC(1123) Summary Phase
[2026-06-17T09:52:08.863+0800][27.609s][info][gc,phases      ] GC(1123) Summary Phase 0.202ms
[2026-06-17T09:52:08.863+0800][27.609s][info][gc,phases,start] GC(1123) Adjust Roots
[2026-06-17T09:52:08.863+0800][27.609s][info][gc,phases      ] GC(1123) Adjust Roots 0.271ms
[2026-06-17T09:52:08.864+0800][27.610s][info][gc,phases,start] GC(1123) Compaction Phase
[2026-06-17T09:52:08.865+0800][27.611s][info][gc,phases      ] GC(1123) Compaction Phase 1.694ms
[2026-06-17T09:52:08.866+0800][27.612s][info][gc,phases,start] GC(1123) Post Compact
[2026-06-17T09:52:08.867+0800][27.613s][info][gc,phases      ] GC(1123) Post Compact 0.377ms
[2026-06-17T09:52:08.867+0800][27.613s][info][gc,heap        ] GC(1123) PSYoungGen: 2882K->0K(14848K)
[2026-06-17T09:52:08.867+0800][27.613s][info][gc,heap        ] GC(1123) ParOldGen: 40949K->30103K(44032K)
[2026-06-17T09:52:08.867+0800][27.613s][info][gc,metaspace   ] GC(1123) Metaspace: 3161K(4864K)->3161K(4864K) NonClass: 2855K(4352K)->2855K(4352K) Class: 305K(512K)->305K(512K)
[2026-06-17T09:52:08.868+0800][27.613s][info][gc             ] GC(1123) Pause Full (Ergonomics) 42M->29M(57M) 6.032ms
[2026-06-17T09:52:08.868+0800][27.614s][info][gc,cpu         ] GC(1123) User=0.00s Sys=0.00s Real=0.01s
[2026-06-17T09:52:08.889+0800][27.635s][info][gc,start       ] GC(1124) Pause Young (Allocation Failure)
[2026-06-17T09:52:08.890+0800][27.635s][info][gc,heap        ] GC(1124) PSYoungGen: 8187K->4568K(12800K)
[2026-06-17T09:52:08.891+0800][27.637s][info][gc,heap        ] GC(1124) ParOldGen: 30103K->30103K(44032K)
[2026-06-17T09:52:08.893+0800][27.638s][info][gc,metaspace   ] GC(1124) Metaspace: 3161K(4864K)->3161K(4864K) NonClass: 2855K(4352K)->2855K(4352K) Class: 305K(512K)->305K(512K)
[2026-06-17T09:52:08.895+0800][27.640s][info][gc             ] GC(1124) Pause Young (Allocation Failure) 37M->33M(55M) 5.837ms
[2026-06-17T09:52:08.896+0800][27.642s][info][gc,cpu         ] GC(1124) User=0.00s Sys=0.00s Real=0.01s
[2026-06-17T09:52:08.918+0800][27.664s][info][gc,start       ] GC(1125) Pause Young (Allocation Failure)
[2026-06-17T09:52:08.919+0800][27.665s][info][gc,heap        ] GC(1125) PSYoungGen: 12747K->2948K(14848K)
[2026-06-17T09:52:08.919+0800][27.665s][info][gc,heap        ] GC(1125) ParOldGen: 30103K->32597K(44032K)
[2026-06-17T09:52:08.919+0800][27.665s][info][gc,metaspace   ] GC(1125) Metaspace: 3161K(4864K)->3161K(4864K) NonClass: 2855K(4352K)->2855K(4352K) Class: 305K(512K)->305K(512K)
[2026-06-17T09:52:08.920+0800][27.665s][info][gc             ] GC(1125) Pause Young (Allocation Failure) 41M->34M(57M) 1.628ms
[2026-06-17T09:52:08.920+0800][27.666s][info][gc,cpu         ] GC(1125) User=0.00s Sys=0.00s Real=0.00s
[2026-06-17T09:52:08.941+0800][27.687s][info][gc,start       ] GC(1126) Pause Young (Allocation Failure)
[2026-06-17T09:52:08.942+0800][27.687s][info][gc,heap        ] GC(1126) PSYoungGen: 10623K->2284K(14336K)
[2026-06-17T09:52:08.942+0800][27.688s][info][gc,heap        ] GC(1126) ParOldGen: 32597K->34195K(44032K)
[2026-06-17T09:52:08.942+0800][27.688s][info][gc,metaspace   ] GC(1126) Metaspace: 3161K(4864K)->3161K(4864K) NonClass: 2855K(4352K)->2855K(4352K) Class: 305K(512K)->305K(512K)
[2026-06-17T09:52:08.942+0800][27.688s][info][gc             ] GC(1126) Pause Young (Allocation Failure) 42M->35M(57M) 1.492ms
[2026-06-17T09:52:08.942+0800][27.688s][info][gc,cpu         ] GC(1126) User=0.01s Sys=0.00s Real=0.01s
[2026-06-17T09:52:08.963+0800][27.709s][info][gc,start       ] GC(1127) Pause Young (Allocation Failure)
[2026-06-17T09:52:08.964+0800][27.710s][info][gc,heap        ] GC(1127) PSYoungGen: 9951K->2853K(15360K)
[2026-06-17T09:52:08.964+0800][27.710s][info][gc,heap        ] GC(1127) ParOldGen: 34195K->34195K(44032K)
[2026-06-17T09:52:08.965+0800][27.711s][info][gc,metaspace   ] GC(1127) Metaspace: 3161K(4864K)->3161K(4864K) NonClass: 2855K(4352K)->2855K(4352K) Class: 305K(512K)->305K(512K)
[2026-06-17T09:52:08.965+0800][27.711s][info][gc             ] GC(1127) Pause Young (Allocation Failure) 43M->36M(58M) 1.452ms
[2026-06-17T09:52:08.965+0800][27.711s][info][gc,cpu         ] GC(1127) User=0.00s Sys=0.00s Real=0.00s
[2026-06-17T09:52:08.976+0800][27.722s][info][gc,start       ] GC(1128) Pause Young (Allocation Failure)
[2026-06-17T09:52:08.977+0800][27.723s][info][gc,heap        ] GC(1128) PSYoungGen: 11443K->4416K(14848K)
[2026-06-17T09:52:08.977+0800][27.723s][info][gc,heap        ] GC(1128) ParOldGen: 34195K->34195K(44032K)
[2026-06-17T09:52:08.977+0800][27.723s][info][gc,metaspace   ] GC(1128) Metaspace: 3161K(4864K)->3161K(4864K) NonClass: 2855K(4352K)->2855K(4352K) Class: 305K(512K)->305K(512K)
[2026-06-17T09:52:08.978+0800][27.723s][info][gc             ] GC(1128) Pause Young (Allocation Failure) 44M->37M(57M) 1.593ms
[2026-06-17T09:52:08.978+0800][27.724s][info][gc,cpu         ] GC(1128) User=0.00s Sys=0.00s Real=0.00s
[2026-06-17T09:52:09.009+0800][27.755s][info][gc,start       ] GC(1129) Pause Young (Allocation Failure)
[2026-06-17T09:52:09.011+0800][27.756s][info][gc,heap        ] GC(1129) PSYoungGen: 13119K->3312K(15360K)
[2026-06-17T09:52:09.011+0800][27.757s][info][gc,heap        ] GC(1129) ParOldGen: 34195K->36870K(44032K)
[2026-06-17T09:52:09.011+0800][27.757s][info][gc,metaspace   ] GC(1129) Metaspace: 3161K(4864K)->3161K(4864K) NonClass: 2855K(4352K)->2855K(4352K) Class: 305K(512K)->305K(512K)
[2026-06-17T09:52:09.012+0800][27.758s][info][gc             ] GC(1129) Pause Young (Allocation Failure) 46M->39M(58M) 2.363ms
[2026-06-17T09:52:09.012+0800][27.758s][info][gc,cpu         ] GC(1129) User=0.00s Sys=0.00s Real=0.01s
[2026-06-17T09:52:09.033+0800][27.779s][info][gc,start       ] GC(1130) Pause Young (Allocation Failure)
[2026-06-17T09:52:09.035+0800][27.781s][info][gc,heap        ] GC(1130) PSYoungGen: 11966K->3463K(14848K)
[2026-06-17T09:52:09.035+0800][27.781s][info][gc,heap        ] GC(1130) ParOldGen: 36870K->38564K(44032K)
[2026-06-17T09:52:09.035+0800][27.781s][info][gc,metaspace   ] GC(1130) Metaspace: 3161K(4864K)->3161K(4864K) NonClass: 2855K(4352K)->2855K(4352K) Class: 305K(512K)->305K(512K)
[2026-06-17T09:52:09.036+0800][27.782s][info][gc             ] GC(1130) Pause Young (Allocation Failure) 47M->41M(57M) 2.503ms
[2026-06-17T09:52:09.036+0800][27.782s][info][gc,cpu         ] GC(1130) User=0.00s Sys=0.00s Real=0.00s
[2026-06-17T09:52:09.058+0800][27.804s][info][gc,start       ] GC(1131) Pause Young (Allocation Failure)
[2026-06-17T09:52:09.059+0800][27.805s][info][gc,heap        ] GC(1131) PSYoungGen: 12135K->3130K(15872K)
[2026-06-17T09:52:09.060+0800][27.806s][info][gc,heap        ] GC(1131) ParOldGen: 38564K->40477K(44032K)
[2026-06-17T09:52:09.060+0800][27.806s][info][gc,metaspace   ] GC(1131) Metaspace: 3161K(4864K)->3161K(4864K) NonClass: 2855K(4352K)->2855K(4352K) Class: 305K(512K)->305K(512K)
[2026-06-17T09:52:09.061+0800][27.807s][info][gc             ] GC(1131) Pause Young (Allocation Failure) 49M->42M(58M) 3.010ms
[2026-06-17T09:52:09.061+0800][27.807s][info][gc,cpu         ] GC(1131) User=0.00s Sys=0.01s Real=0.00s
[2026-06-17T09:52:09.083+0800][27.829s][info][gc,start       ] GC(1132) Pause Young (Allocation Failure)
[2026-06-17T09:52:09.085+0800][27.831s][info][gc,heap        ] GC(1132) PSYoungGen: 12770K->32K(15360K)
[2026-06-17T09:52:09.086+0800][27.832s][info][gc,heap        ] GC(1132) ParOldGen: 40477K->42729K(44032K)
[2026-06-17T09:52:09.086+0800][27.832s][info][gc,metaspace   ] GC(1132) Metaspace: 3161K(4864K)->3161K(4864K) NonClass: 2855K(4352K)->2855K(4352K) Class: 305K(512K)->305K(512K)
[2026-06-17T09:52:09.087+0800][27.832s][info][gc             ] GC(1132) Pause Young (Allocation Failure) 51M->41M(58M) 3.128ms
[2026-06-17T09:52:09.087+0800][27.833s][info][gc,cpu         ] GC(1132) User=0.00s Sys=0.00s Real=0.00s
[2026-06-17T09:52:09.087+0800][27.833s][info][gc,start       ] GC(1133) Pause Full (Ergonomics)
[2026-06-17T09:52:09.088+0800][27.834s][info][gc,phases,start] GC(1133) Marking Phase
[2026-06-17T09:52:09.090+0800][27.835s][info][gc,phases      ] GC(1133) Marking Phase 1.870ms
[2026-06-17T09:52:09.090+0800][27.836s][info][gc,phases,start] GC(1133) Summary Phase
[2026-06-17T09:52:09.091+0800][27.836s][info][gc,phases      ] GC(1133) Summary Phase 0.365ms
[2026-06-17T09:52:09.091+0800][27.837s][info][gc,phases,start] GC(1133) Adjust Roots
[2026-06-17T09:52:09.091+0800][27.837s][info][gc,phases      ] GC(1133) Adjust Roots 0.372ms
[2026-06-17T09:52:09.092+0800][27.837s][info][gc,phases,start] GC(1133) Compaction Phase
[2026-06-17T09:52:09.094+0800][27.840s][info][gc,phases      ] GC(1133) Compaction Phase 2.076ms
[2026-06-17T09:52:09.094+0800][27.840s][info][gc,phases,start] GC(1133) Post Compact
[2026-06-17T09:52:09.095+0800][27.840s][info][gc,phases      ] GC(1133) Post Compact 0.371ms
[2026-06-17T09:52:09.095+0800][27.841s][info][gc,heap        ] GC(1133) PSYoungGen: 32K->0K(15360K)
[2026-06-17T09:52:09.095+0800][27.841s][info][gc,heap        ] GC(1133) ParOldGen: 42729K->29984K(44032K)
[2026-06-17T09:52:09.095+0800][27.841s][info][gc,metaspace   ] GC(1133) Metaspace: 3161K(4864K)->3161K(4864K) NonClass: 2855K(4352K)->2855K(4352K) Class: 305K(512K)->305K(512K)
[2026-06-17T09:52:09.095+0800][27.841s][info][gc             ] GC(1133) Pause Full (Ergonomics) 41M->29M(58M) 8.132ms
[2026-06-17T09:52:09.096+0800][27.842s][info][gc,cpu         ] GC(1133) User=0.00s Sys=0.00s Real=0.01s
[2026-06-17T09:52:09.128+0800][27.873s][info][gc,start       ] GC(1134) Pause Young (Allocation Failure)
[2026-06-17T09:52:09.129+0800][27.874s][info][gc,heap        ] GC(1134) PSYoungGen: 9164K->2460K(15360K)
[2026-06-17T09:52:09.129+0800][27.875s][info][gc,heap        ] GC(1134) ParOldGen: 29984K->29984K(44032K)
[2026-06-17T09:52:09.129+0800][27.875s][info][gc,metaspace   ] GC(1134) Metaspace: 3161K(4864K)->3161K(4864K) NonClass: 2855K(4352K)->2855K(4352K) Class: 305K(512K)->305K(512K)
[2026-06-17T09:52:09.130+0800][27.875s][info][gc             ] GC(1134) Pause Young (Allocation Failure) 38M->31M(58M) 2.098ms
[2026-06-17T09:52:09.130+0800][27.876s][info][gc,cpu         ] GC(1134) User=0.00s Sys=0.00s Real=0.00s
[2026-06-17T09:52:09.152+0800][27.897s][info][gc,start       ] GC(1135) Pause Young (Allocation Failure)
[2026-06-17T09:52:09.153+0800][27.899s][info][gc,heap        ] GC(1135) PSYoungGen: 11668K->3104K(15872K)
[2026-06-17T09:52:09.154+0800][27.899s][info][gc,heap        ] GC(1135) ParOldGen: 29984K->31804K(44032K)
[2026-06-17T09:52:09.154+0800][27.900s][info][gc,metaspace   ] GC(1135) Metaspace: 3161K(4864K)->3161K(4864K) NonClass: 2855K(4352K)->2855K(4352K) Class: 305K(512K)->305K(512K)
[2026-06-17T09:52:09.154+0800][27.900s][info][gc             ] GC(1135) Pause Young (Allocation Failure) 40M->34M(58M) 2.933ms
[2026-06-17T09:52:09.155+0800][27.901s][info][gc,cpu         ] GC(1135) User=0.00s Sys=0.00s Real=0.00s
[2026-06-17T09:52:09.178+0800][27.924s][info][gc,start       ] GC(1136) Pause Young (Allocation Failure)
[2026-06-17T09:52:09.182+0800][27.928s][info][gc,heap        ] GC(1136) PSYoungGen: 13293K->4577K(14848K)
[2026-06-17T09:52:09.183+0800][27.929s][info][gc,heap        ] GC(1136) ParOldGen: 31804K->33616K(44032K)
[2026-06-17T09:52:09.186+0800][27.932s][info][gc,metaspace   ] GC(1136) Metaspace: 3161K(4864K)->3161K(4864K) NonClass: 2855K(4352K)->2855K(4352K) Class: 305K(512K)->305K(512K)
[2026-06-17T09:52:09.187+0800][27.933s][info][gc             ] GC(1136) Pause Young (Allocation Failure) 44M->37M(57M) 9.254ms
[2026-06-17T09:52:09.190+0800][27.936s][info][gc,cpu         ] GC(1136) User=0.00s Sys=0.00s Real=0.01s
[2026-06-17T09:52:09.215+0800][27.961s][info][gc,start       ] GC(1137) Pause Young (Allocation Failure)
[2026-06-17T09:52:09.217+0800][27.963s][info][gc,heap        ] GC(1137) PSYoungGen: 14682K->660K(15360K)
[2026-06-17T09:52:09.218+0800][27.964s][info][gc,heap        ] GC(1137) ParOldGen: 33616K->36946K(44032K)
[2026-06-17T09:52:09.218+0800][27.964s][info][gc,metaspace   ] GC(1137) Metaspace: 3161K(4864K)->3161K(4864K) NonClass: 2855K(4352K)->2855K(4352K) Class: 305K(512K)->305K(512K)
[2026-06-17T09:52:09.219+0800][27.965s][info][gc             ] GC(1137) Pause Young (Allocation Failure) 47M->36M(58M) 3.591ms
[2026-06-17T09:52:09.220+0800][27.965s][info][gc,cpu         ] GC(1137) User=0.00s Sys=0.00s Real=0.00s
[2026-06-17T09:52:09.252+0800][27.998s][info][gc,start       ] GC(1138) Pause Young (Allocation Failure)
[2026-06-17T09:52:09.254+0800][28.000s][info][gc,heap        ] GC(1138) PSYoungGen: 9858K->2016K(15360K)
[2026-06-17T09:52:09.255+0800][28.000s][info][gc,heap        ] GC(1138) ParOldGen: 36946K->37582K(44032K)
[2026-06-17T09:52:09.255+0800][28.001s][info][gc,metaspace   ] GC(1138) Metaspace: 3161K(4864K)->3161K(4864K) NonClass: 2855K(4352K)->2855K(4352K) Class: 305K(512K)->305K(512K)
[2026-06-17T09:52:09.256+0800][28.002s][info][gc             ] GC(1138) Pause Young (Allocation Failure) 45M->38M(58M) 3.430ms
[2026-06-17T09:52:09.256+0800][28.002s][info][gc,cpu         ] GC(1138) User=0.00s Sys=0.00s Real=0.00s
[2026-06-17T09:52:09.278+0800][28.024s][info][gc,start       ] GC(1139) Pause Young (Allocation Failure)
[2026-06-17T09:52:09.279+0800][28.025s][info][gc,heap        ] GC(1139) PSYoungGen: 11224K->2773K(15872K)
[2026-06-17T09:52:09.279+0800][28.025s][info][gc,heap        ] GC(1139) ParOldGen: 37582K->39212K(44032K)
[2026-06-17T09:52:09.280+0800][28.026s][info][gc,metaspace   ] GC(1139) Metaspace: 3161K(4864K)->3161K(4864K) NonClass: 2855K(4352K)->2855K(4352K) Class: 305K(512K)->305K(512K)
[2026-06-17T09:52:09.280+0800][28.026s][info][gc             ] GC(1139) Pause Young (Allocation Failure) 47M->41M(58M) 1.546ms
[2026-06-17T09:52:09.280+0800][28.026s][info][gc,cpu         ] GC(1139) User=0.00s Sys=0.00s Real=0.00s
[2026-06-17T09:52:09.302+0800][28.048s][info][gc,start       ] GC(1140) Pause Young (Allocation Failure)
[2026-06-17T09:52:09.304+0800][28.050s][info][gc,heap        ] GC(1140) PSYoungGen: 12494K->3496K(15360K)
[2026-06-17T09:52:09.305+0800][28.051s][info][gc,heap        ] GC(1140) ParOldGen: 39212K->41594K(44032K)
[2026-06-17T09:52:09.305+0800][28.051s][info][gc,metaspace   ] GC(1140) Metaspace: 3161K(4864K)->3161K(4864K) NonClass: 2855K(4352K)->2855K(4352K) Class: 305K(512K)->305K(512K)
[2026-06-17T09:52:09.306+0800][28.052s][info][gc             ] GC(1140) Pause Young (Allocation Failure) 50M->44M(58M) 3.965ms
[2026-06-17T09:52:09.307+0800][28.052s][info][gc,cpu         ] GC(1140) User=0.01s Sys=0.00s Real=0.01s
[2026-06-17T09:52:09.307+0800][28.053s][info][gc,start       ] GC(1141) Pause Full (Ergonomics)
[2026-06-17T09:52:09.308+0800][28.053s][info][gc,phases,start] GC(1141) Marking Phase
[2026-06-17T09:52:09.310+0800][28.056s][info][gc,phases      ] GC(1141) Marking Phase 2.297ms
[2026-06-17T09:52:09.310+0800][28.056s][info][gc,phases,start] GC(1141) Summary Phase
[2026-06-17T09:52:09.311+0800][28.057s][info][gc,phases      ] GC(1141) Summary Phase 0.386ms
[2026-06-17T09:52:09.311+0800][28.057s][info][gc,phases,start] GC(1141) Adjust Roots
[2026-06-17T09:52:09.311+0800][28.057s][info][gc,phases      ] GC(1141) Adjust Roots 0.418ms
[2026-06-17T09:52:09.312+0800][28.058s][info][gc,phases,start] GC(1141) Compaction Phase
[2026-06-17T09:52:09.315+0800][28.061s][info][gc,phases      ] GC(1141) Compaction Phase 2.586ms
[2026-06-17T09:52:09.315+0800][28.061s][info][gc,phases,start] GC(1141) Post Compact
[2026-06-17T09:52:09.316+0800][28.062s][info][gc,phases      ] GC(1141) Post Compact 0.421ms
[2026-06-17T09:52:09.316+0800][28.062s][info][gc,heap        ] GC(1141) PSYoungGen: 3496K->0K(15872K)
[2026-06-17T09:52:09.316+0800][28.062s][info][gc,heap        ] GC(1141) ParOldGen: 41594K->21475K(44032K)
[2026-06-17T09:52:09.316+0800][28.062s][info][gc,metaspace   ] GC(1141) Metaspace: 3161K(4864K)->3161K(4864K) NonClass: 2855K(4352K)->2855K(4352K) Class: 305K(512K)->305K(512K)
[2026-06-17T09:52:09.317+0800][28.062s][info][gc             ] GC(1141) Pause Full (Ergonomics) 44M->20M(58M) 9.634ms
[2026-06-17T09:52:09.317+0800][28.063s][info][gc,cpu         ] GC(1141) User=0.00s Sys=0.00s Real=0.01s
[2026-06-17T09:52:09.338+0800][28.084s][info][gc,start       ] GC(1142) Pause Young (Allocation Failure)
[2026-06-17T09:52:09.340+0800][28.085s][info][gc,heap        ] GC(1142) PSYoungGen: 10182K->3309K(15872K)
[2026-06-17T09:52:09.340+0800][28.086s][info][gc,heap        ] GC(1142) ParOldGen: 21475K->21475K(44032K)
[2026-06-17T09:52:09.341+0800][28.087s][info][gc,metaspace   ] GC(1142) Metaspace: 3161K(4864K)->3161K(4864K) NonClass: 2855K(4352K)->2855K(4352K) Class: 305K(512K)->305K(512K)
[2026-06-17T09:52:09.342+0800][28.087s][info][gc             ] GC(1142) Pause Young (Allocation Failure) 30M->24M(58M) 3.122ms
[2026-06-17T09:52:09.342+0800][28.088s][info][gc,cpu         ] GC(1142) User=0.00s Sys=0.00s Real=0.00s
[2026-06-17T09:52:09.374+0800][28.120s][info][gc,start       ] GC(1143) Pause Young (Allocation Failure)
[2026-06-17T09:52:09.376+0800][28.122s][info][gc,heap        ] GC(1143) PSYoungGen: 13549K->3151K(15872K)
[2026-06-17T09:52:09.377+0800][28.123s][info][gc,heap        ] GC(1143) ParOldGen: 21475K->24752K(44032K)
[2026-06-17T09:52:09.378+0800][28.124s][info][gc,metaspace   ] GC(1143) Metaspace: 3161K(4864K)->3161K(4864K) NonClass: 2855K(4352K)->2855K(4352K) Class: 305K(512K)->305K(512K)
[2026-06-17T09:52:09.379+0800][28.125s][info][gc             ] GC(1143) Pause Young (Allocation Failure) 34M->27M(58M) 4.444ms
[2026-06-17T09:52:09.379+0800][28.125s][info][gc,cpu         ] GC(1143) User=0.00s Sys=0.00s Real=0.00s
[2026-06-17T09:52:09.402+0800][28.148s][info][gc,start       ] GC(1144) Pause Young (Allocation Failure)
[2026-06-17T09:52:09.404+0800][28.150s][info][gc,heap        ] GC(1144) PSYoungGen: 13363K->5618K(15872K)
[2026-06-17T09:52:09.405+0800][28.150s][info][gc,heap        ] GC(1144) ParOldGen: 24752K->25478K(44032K)
[2026-06-17T09:52:09.405+0800][28.151s][info][gc,metaspace   ] GC(1144) Metaspace: 3161K(4864K)->3161K(4864K) NonClass: 2855K(4352K)->2855K(4352K) Class: 305K(512K)->305K(512K)
[2026-06-17T09:52:09.406+0800][28.152s][info][gc             ] GC(1144) Pause Young (Allocation Failure) 37M->30M(58M) 3.952ms
[2026-06-17T09:52:09.406+0800][28.152s][info][gc,cpu         ] GC(1144) User=0.00s Sys=0.00s Real=0.01s
[2026-06-17T09:52:09.439+0800][28.185s][info][gc,start       ] GC(1145) Pause Young (Allocation Failure)
[2026-06-17T09:52:09.441+0800][28.186s][info][gc,heap        ] GC(1145) PSYoungGen: 15827K->2710K(14848K)
[2026-06-17T09:52:09.441+0800][28.187s][info][gc,heap        ] GC(1145) ParOldGen: 25478K->28451K(44032K)
[2026-06-17T09:52:09.442+0800][28.188s][info][gc,metaspace   ] GC(1145) Metaspace: 3161K(4864K)->3161K(4864K) NonClass: 2855K(4352K)->2855K(4352K) Class: 305K(512K)->305K(512K)
[2026-06-17T09:52:09.442+0800][28.188s][info][gc             ] GC(1145) Pause Young (Allocation Failure) 40M->30M(57M) 3.464ms
[2026-06-17T09:52:09.443+0800][28.189s][info][gc,cpu         ] GC(1145) User=0.00s Sys=0.01s Real=0.01s
[2026-06-17T09:52:09.465+0800][28.211s][info][gc,start       ] GC(1146) Pause Young (Allocation Failure)
[2026-06-17T09:52:09.467+0800][28.213s][info][gc,heap        ] GC(1146) PSYoungGen: 11923K->3214K(15360K)
[2026-06-17T09:52:09.469+0800][28.214s][info][gc,heap        ] GC(1146) ParOldGen: 28451K->30488K(44032K)
[2026-06-17T09:52:09.469+0800][28.215s][info][gc,metaspace   ] GC(1146) Metaspace: 3161K(4864K)->3161K(4864K) NonClass: 2855K(4352K)->2855K(4352K) Class: 305K(512K)->305K(512K)
[2026-06-17T09:52:09.470+0800][28.215s][info][gc             ] GC(1146) Pause Young (Allocation Failure) 39M->32M(58M) 4.777ms
[2026-06-17T09:52:09.470+0800][28.216s][info][gc,cpu         ] GC(1146) User=0.00s Sys=0.00s Real=0.00s
[2026-06-17T09:52:09.492+0800][28.238s][info][gc,start       ] GC(1147) Pause Young (Allocation Failure)
[2026-06-17T09:52:09.494+0800][28.240s][info][gc,heap        ] GC(1147) PSYoungGen: 12382K->3266K(15872K)
[2026-06-17T09:52:09.495+0800][28.240s][info][gc,heap        ] GC(1147) ParOldGen: 30488K->32550K(44032K)
[2026-06-17T09:52:09.495+0800][28.241s][info][gc,metaspace   ] GC(1147) Metaspace: 3161K(4864K)->3161K(4864K) NonClass: 2855K(4352K)->2855K(4352K) Class: 305K(512K)->305K(512K)
[2026-06-17T09:52:09.495+0800][28.241s][info][gc             ] GC(1147) Pause Young (Allocation Failure) 41M->34M(58M) 2.951ms
[2026-06-17T09:52:09.496+0800][28.241s][info][gc,cpu         ] GC(1147) User=0.00s Sys=0.00s Real=0.00s
[2026-06-17T09:52:09.528+0800][28.274s][info][gc,start       ] GC(1148) Pause Young (Allocation Failure)
[2026-06-17T09:52:09.529+0800][28.275s][info][gc,heap        ] GC(1148) PSYoungGen: 12994K->2297K(15360K)
[2026-06-17T09:52:09.530+0800][28.275s][info][gc,heap        ] GC(1148) ParOldGen: 32550K->32550K(44032K)
[2026-06-17T09:52:09.530+0800][28.276s][info][gc,metaspace   ] GC(1148) Metaspace: 3161K(4864K)->3161K(4864K) NonClass: 2855K(4352K)->2855K(4352K) Class: 305K(512K)->305K(512K)
[2026-06-17T09:52:09.530+0800][28.276s][info][gc             ] GC(1148) Pause Young (Allocation Failure) 44M->34M(58M) 1.684ms
[2026-06-17T09:52:09.530+0800][28.276s][info][gc,cpu         ] GC(1148) User=0.00s Sys=0.00s Real=0.00s
[2026-06-17T09:52:09.552+0800][28.298s][info][gc,start       ] GC(1149) Pause Young (Allocation Failure)
[2026-06-17T09:52:09.554+0800][28.299s][info][gc,heap        ] GC(1149) PSYoungGen: 12010K->3376K(15872K)
[2026-06-17T09:52:09.554+0800][28.300s][info][gc,heap        ] GC(1149) ParOldGen: 32550K->34589K(44032K)
[2026-06-17T09:52:09.554+0800][28.300s][info][gc,metaspace   ] GC(1149) Metaspace: 3161K(4864K)->3161K(4864K) NonClass: 2855K(4352K)->2855K(4352K) Class: 305K(512K)->305K(512K)
[2026-06-17T09:52:09.555+0800][28.301s][info][gc             ] GC(1149) Pause Young (Allocation Failure) 43M->37M(58M) 2.938ms
[2026-06-17T09:52:09.555+0800][28.301s][info][gc,cpu         ] GC(1149) User=0.00s Sys=0.00s Real=0.00s
[2026-06-17T09:52:09.577+0800][28.323s][info][gc,start       ] GC(1150) Pause Young (Allocation Failure)
[2026-06-17T09:52:09.578+0800][28.324s][info][gc,heap        ] GC(1150) PSYoungGen: 13589K->4087K(15872K)
[2026-06-17T09:52:09.581+0800][28.326s][info][gc,heap        ] GC(1150) ParOldGen: 34589K->36843K(44032K)
[2026-06-17T09:52:09.584+0800][28.329s][info][gc,metaspace   ] GC(1150) Metaspace: 3161K(4864K)->3161K(4864K) NonClass: 2855K(4352K)->2855K(4352K) Class: 305K(512K)->305K(512K)
[2026-06-17T09:52:09.584+0800][28.330s][info][gc             ] GC(1150) Pause Young (Allocation Failure) 47M->39M(58M) 7.281ms
[2026-06-17T09:52:09.585+0800][28.330s][info][gc,cpu         ] GC(1150) User=0.01s Sys=0.00s Real=0.01s
[2026-06-17T09:52:09.607+0800][28.353s][info][gc,start       ] GC(1151) Pause Young (Allocation Failure)
[2026-06-17T09:52:09.609+0800][28.355s][info][gc,heap        ] GC(1151) PSYoungGen: 14310K->1590K(15872K)
[2026-06-17T09:52:09.609+0800][28.355s][info][gc,heap        ] GC(1151) ParOldGen: 36843K->38887K(44032K)
[2026-06-17T09:52:09.610+0800][28.356s][info][gc,metaspace   ] GC(1151) Metaspace: 3161K(4864K)->3161K(4864K) NonClass: 2855K(4352K)->2855K(4352K) Class: 305K(512K)->305K(512K)
[2026-06-17T09:52:09.610+0800][28.356s][info][gc             ] GC(1151) Pause Young (Allocation Failure) 49M->39M(58M) 3.067ms
[2026-06-17T09:52:09.611+0800][28.356s][info][gc,cpu         ] GC(1151) User=0.00s Sys=0.00s Real=0.01s
[2026-06-17T09:52:09.643+0800][28.389s][info][gc,start       ] GC(1152) Pause Young (Allocation Failure)
[2026-06-17T09:52:09.646+0800][28.391s][info][gc,heap        ] GC(1152) PSYoungGen: 11809K->3718K(15872K)
[2026-06-17T09:52:09.646+0800][28.392s][info][gc,heap        ] GC(1152) ParOldGen: 38887K->40453K(44032K)
[2026-06-17T09:52:09.647+0800][28.393s][info][gc,metaspace   ] GC(1152) Metaspace: 3161K(4864K)->3161K(4864K) NonClass: 2855K(4352K)->2855K(4352K) Class: 305K(512K)->305K(512K)
[2026-06-17T09:52:09.647+0800][28.393s][info][gc             ] GC(1152) Pause Young (Allocation Failure) 49M->43M(58M) 4.198ms
[2026-06-17T09:52:09.648+0800][28.394s][info][gc,cpu         ] GC(1152) User=0.01s Sys=0.00s Real=0.00s
[2026-06-17T09:52:09.671+0800][28.416s][info][gc,start       ] GC(1153) Pause Young (Allocation Failure)
[2026-06-17T09:52:09.674+0800][28.419s][info][gc,heap        ] GC(1153) PSYoungGen: 13919K->5084K(14848K)
[2026-06-17T09:52:09.674+0800][28.420s][info][gc,heap        ] GC(1153) ParOldGen: 40453K->42320K(44032K)
[2026-06-17T09:52:09.675+0800][28.420s][info][gc,metaspace   ] GC(1153) Metaspace: 3161K(4864K)->3161K(4864K) NonClass: 2855K(4352K)->2855K(4352K) Class: 305K(512K)->305K(512K)
[2026-06-17T09:52:09.675+0800][28.421s][info][gc             ] GC(1153) Pause Young (Allocation Failure) 53M->46M(57M) 4.302ms
[2026-06-17T09:52:09.675+0800][28.421s][info][gc,cpu         ] GC(1153) User=0.00s Sys=0.00s Real=0.00s
[2026-06-17T09:52:09.676+0800][28.422s][info][gc,start       ] GC(1154) Pause Full (Ergonomics)
[2026-06-17T09:52:09.676+0800][28.422s][info][gc,phases,start] GC(1154) Marking Phase
[2026-06-17T09:52:09.678+0800][28.424s][info][gc,phases      ] GC(1154) Marking Phase 1.934ms
[2026-06-17T09:52:09.679+0800][28.425s][info][gc,phases,start] GC(1154) Summary Phase
[2026-06-17T09:52:09.679+0800][28.425s][info][gc,phases      ] GC(1154) Summary Phase 0.419ms
[2026-06-17T09:52:09.680+0800][28.426s][info][gc,phases,start] GC(1154) Adjust Roots
[2026-06-17T09:52:09.680+0800][28.426s][info][gc,phases      ] GC(1154) Adjust Roots 0.539ms
[2026-06-17T09:52:09.681+0800][28.426s][info][gc,phases,start] GC(1154) Compaction Phase
[2026-06-17T09:52:09.683+0800][28.429s][info][gc,phases      ] GC(1154) Compaction Phase 2.495ms
[2026-06-17T09:52:09.683+0800][28.429s][info][gc,phases,start] GC(1154) Post Compact
[2026-06-17T09:52:09.684+0800][28.430s][info][gc,phases      ] GC(1154) Post Compact 0.287ms
[2026-06-17T09:52:09.684+0800][28.430s][info][gc,heap        ] GC(1154) PSYoungGen: 5084K->0K(15360K)
[2026-06-17T09:52:09.684+0800][28.430s][info][gc,heap        ] GC(1154) ParOldGen: 42320K->33373K(44032K)
[2026-06-17T09:52:09.684+0800][28.430s][info][gc,metaspace   ] GC(1154) Metaspace: 3161K(4864K)->3161K(4864K) NonClass: 2855K(4352K)->2855K(4352K) Class: 305K(512K)->305K(512K)
[2026-06-17T09:52:09.685+0800][28.430s][info][gc             ] GC(1154) Pause Full (Ergonomics) 46M->32M(58M) 8.545ms
[2026-06-17T09:52:09.685+0800][28.431s][info][gc,cpu         ] GC(1154) User=0.00s Sys=0.00s Real=0.01s
[2026-06-17T09:52:09.707+0800][28.452s][info][gc,start       ] GC(1155) Pause Young (Allocation Failure)
[2026-06-17T09:52:09.708+0800][28.454s][info][gc,heap        ] GC(1155) PSYoungGen: 9197K->6088K(13312K)
[2026-06-17T09:52:09.708+0800][28.454s][info][gc,heap        ] GC(1155) ParOldGen: 33373K->33373K(44032K)
[2026-06-17T09:52:09.709+0800][28.455s][info][gc,metaspace   ] GC(1155) Metaspace: 3161K(4864K)->3161K(4864K) NonClass: 2855K(4352K)->2855K(4352K) Class: 305K(512K)->305K(512K)
[2026-06-17T09:52:09.709+0800][28.455s][info][gc             ] GC(1155) Pause Young (Allocation Failure) 41M->38M(56M) 2.766ms
[2026-06-17T09:52:09.710+0800][28.456s][info][gc,cpu         ] GC(1155) User=0.00s Sys=0.00s Real=0.00s
[2026-06-17T09:52:09.731+0800][28.477s][info][gc,start       ] GC(1156) Pause Young (Allocation Failure)
[2026-06-17T09:52:09.733+0800][28.479s][info][gc,heap        ] GC(1156) PSYoungGen: 13213K->32K(14336K)
[2026-06-17T09:52:09.733+0800][28.479s][info][gc,heap        ] GC(1156) ParOldGen: 33373K->36044K(44032K)
[2026-06-17T09:52:09.734+0800][28.480s][info][gc,metaspace   ] GC(1156) Metaspace: 3161K(4864K)->3161K(4864K) NonClass: 2855K(4352K)->2855K(4352K) Class: 305K(512K)->305K(512K)
[2026-06-17T09:52:09.734+0800][28.480s][info][gc             ] GC(1156) Pause Young (Allocation Failure) 45M->35M(57M) 2.950ms
[2026-06-17T09:52:09.735+0800][28.481s][info][gc,cpu         ] GC(1156) User=0.00s Sys=0.00s Real=0.00s
[2026-06-17T09:52:09.757+0800][28.502s][info][gc,start       ] GC(1157) Pause Young (Allocation Failure)
[2026-06-17T09:52:09.758+0800][28.504s][info][gc,heap        ] GC(1157) PSYoungGen: 7200K->3514K(14336K)
[2026-06-17T09:52:09.759+0800][28.504s][info][gc,heap        ] GC(1157) ParOldGen: 36044K->36052K(44032K)
[2026-06-17T09:52:09.759+0800][28.505s][info][gc,metaspace   ] GC(1157) Metaspace: 3161K(4864K)->3161K(4864K) NonClass: 2855K(4352K)->2855K(4352K) Class: 305K(512K)->305K(512K)
[2026-06-17T09:52:09.759+0800][28.505s][info][gc             ] GC(1157) Pause Young (Allocation Failure) 42M->38M(57M) 2.661ms
[2026-06-17T09:52:09.760+0800][28.505s][info][gc,cpu         ] GC(1157) User=0.00s Sys=0.00s Real=0.00s
[2026-06-17T09:52:09.771+0800][28.517s][info][gc,start       ] GC(1158) Pause Young (Allocation Failure)
[2026-06-17T09:52:09.772+0800][28.518s][info][gc,heap        ] GC(1158) PSYoungGen: 10553K->2218K(14336K)
[2026-06-17T09:52:09.773+0800][28.519s][info][gc,heap        ] GC(1158) ParOldGen: 36052K->37616K(44032K)
[2026-06-17T09:52:09.773+0800][28.519s][info][gc,metaspace   ] GC(1158) Metaspace: 3161K(4864K)->3161K(4864K) NonClass: 2855K(4352K)->2855K(4352K) Class: 305K(512K)->305K(512K)
[2026-06-17T09:52:09.774+0800][28.520s][info][gc             ] GC(1158) Pause Young (Allocation Failure) 45M->38M(57M) 2.715ms
[2026-06-17T09:52:09.774+0800][28.520s][info][gc,cpu         ] GC(1158) User=0.01s Sys=0.00s Real=0.00s
[2026-06-17T09:52:09.796+0800][28.542s][info][gc,start       ] GC(1159) Pause Young (Allocation Failure)
[2026-06-17T09:52:09.798+0800][28.544s][info][gc,heap        ] GC(1159) PSYoungGen: 9367K->3508K(14848K)
[2026-06-17T09:52:09.800+0800][28.546s][info][gc,heap        ] GC(1159) ParOldGen: 37616K->39810K(44032K)
[2026-06-17T09:52:09.800+0800][28.546s][info][gc,metaspace   ] GC(1159) Metaspace: 3161K(4864K)->3161K(4864K) NonClass: 2855K(4352K)->2855K(4352K) Class: 305K(512K)->305K(512K)
[2026-06-17T09:52:09.801+0800][28.547s][info][gc             ] GC(1159) Pause Young (Allocation Failure) 45M->42M(57M) 4.501ms
[2026-06-17T09:52:09.801+0800][28.547s][info][gc,cpu         ] GC(1159) User=0.00s Sys=0.01s Real=0.00s
[2026-06-17T09:52:09.823+0800][28.569s][info][gc,start       ] GC(1160) Pause Young (Allocation Failure)
[2026-06-17T09:52:09.825+0800][28.571s][info][gc,heap        ] GC(1160) PSYoungGen: 11643K->4783K(13312K)
[2026-06-17T09:52:09.825+0800][28.571s][info][gc,heap        ] GC(1160) ParOldGen: 39810K->40106K(44032K)
[2026-06-17T09:52:09.826+0800][28.571s][info][gc,metaspace   ] GC(1160) Metaspace: 3161K(4864K)->3161K(4864K) NonClass: 2855K(4352K)->2855K(4352K) Class: 305K(512K)->305K(512K)
[2026-06-17T09:52:09.826+0800][28.572s][info][gc             ] GC(1160) Pause Young (Allocation Failure) 50M->43M(56M) 2.970ms
[2026-06-17T09:52:09.826+0800][28.572s][info][gc,cpu         ] GC(1160) User=0.00s Sys=0.00s Real=0.00s
[2026-06-17T09:52:09.848+0800][28.594s][info][gc,start       ] GC(1161) Pause Young (Allocation Failure)
[2026-06-17T09:52:09.850+0800][28.596s][info][gc,heap        ] GC(1161) PSYoungGen: 12961K->4333K(14336K)
[2026-06-17T09:52:09.851+0800][28.597s][info][gc,heap        ] GC(1161) ParOldGen: 40106K->41876K(44032K)
[2026-06-17T09:52:09.851+0800][28.597s][info][gc,metaspace   ] GC(1161) Metaspace: 3161K(4864K)->3161K(4864K) NonClass: 2855K(4352K)->2855K(4352K) Class: 305K(512K)->305K(512K)
[2026-06-17T09:52:09.852+0800][28.597s][info][gc             ] GC(1161) Pause Young (Allocation Failure) 51M->45M(57M) 3.238ms
[2026-06-17T09:52:09.852+0800][28.598s][info][gc,cpu         ] GC(1161) User=0.01s Sys=0.00s Real=0.01s
[2026-06-17T09:52:09.852+0800][28.598s][info][gc,start       ] GC(1162) Pause Full (Ergonomics)
[2026-06-17T09:52:09.853+0800][28.598s][info][gc,phases,start] GC(1162) Marking Phase
[2026-06-17T09:52:09.854+0800][28.600s][info][gc,phases      ] GC(1162) Marking Phase 1.799ms
[2026-06-17T09:52:09.855+0800][28.601s][info][gc,phases,start] GC(1162) Summary Phase
[2026-06-17T09:52:09.855+0800][28.601s][info][gc,phases      ] GC(1162) Summary Phase 0.247ms
[2026-06-17T09:52:09.855+0800][28.601s][info][gc,phases,start] GC(1162) Adjust Roots
[2026-06-17T09:52:09.856+0800][28.601s][info][gc,phases      ] GC(1162) Adjust Roots 0.352ms
[2026-06-17T09:52:09.856+0800][28.602s][info][gc,phases,start] GC(1162) Compaction Phase
[2026-06-17T09:52:09.858+0800][28.604s][info][gc,phases      ] GC(1162) Compaction Phase 2.183ms
[2026-06-17T09:52:09.858+0800][28.604s][info][gc,phases,start] GC(1162) Post Compact
[2026-06-17T09:52:09.859+0800][28.605s][info][gc,phases      ] GC(1162) Post Compact 0.331ms
[2026-06-17T09:52:09.859+0800][28.605s][info][gc,heap        ] GC(1162) PSYoungGen: 4333K->0K(14336K)
[2026-06-17T09:52:09.859+0800][28.605s][info][gc,heap        ] GC(1162) ParOldGen: 41876K->32927K(44032K)
[2026-06-17T09:52:09.860+0800][28.605s][info][gc,metaspace   ] GC(1162) Metaspace: 3161K(4864K)->3161K(4864K) NonClass: 2855K(4352K)->2855K(4352K) Class: 305K(512K)->305K(512K)
[2026-06-17T09:52:09.860+0800][28.606s][info][gc             ] GC(1162) Pause Full (Ergonomics) 45M->32M(57M) 7.600ms
[2026-06-17T09:52:09.860+0800][28.606s][info][gc,cpu         ] GC(1162) User=0.00s Sys=0.00s Real=0.00s
[2026-06-17T09:52:09.881+0800][28.627s][info][gc,start       ] GC(1163) Pause Young (Allocation Failure)
[2026-06-17T09:52:09.883+0800][28.629s][info][gc,heap        ] GC(1163) PSYoungGen: 7143K->3610K(14848K)
[2026-06-17T09:52:09.883+0800][28.629s][info][gc,heap        ] GC(1163) ParOldGen: 32927K->32927K(44032K)
[2026-06-17T09:52:09.884+0800][28.630s][info][gc,metaspace   ] GC(1163) Metaspace: 3161K(4864K)->3161K(4864K) NonClass: 2855K(4352K)->2855K(4352K) Class: 305K(512K)->305K(512K)
[2026-06-17T09:52:09.884+0800][28.630s][info][gc             ] GC(1163) Pause Young (Allocation Failure) 39M->35M(57M) 2.803ms
[2026-06-17T09:52:09.885+0800][28.631s][info][gc,cpu         ] GC(1163) User=0.00s Sys=0.00s Real=0.01s
[2026-06-17T09:52:09.907+0800][28.652s][info][gc,start       ] GC(1164) Pause Young (Allocation Failure)
[2026-06-17T09:52:09.909+0800][28.655s][info][gc,heap        ] GC(1164) PSYoungGen: 11243K->2275K(14336K)
[2026-06-17T09:52:09.909+0800][28.655s][info][gc,heap        ] GC(1164) ParOldGen: 32927K->35324K(44032K)
[2026-06-17T09:52:09.910+0800][28.656s][info][gc,metaspace   ] GC(1164) Metaspace: 3161K(4864K)->3161K(4864K) NonClass: 2855K(4352K)->2855K(4352K) Class: 305K(512K)->305K(512K)
[2026-06-17T09:52:09.910+0800][28.656s][info][gc             ] GC(1164) Pause Young (Allocation Failure) 43M->36M(57M) 3.666ms
[2026-06-17T09:52:09.911+0800][28.657s][info][gc,cpu         ] GC(1164) User=0.00s Sys=0.00s Real=0.01s
[2026-06-17T09:52:09.933+0800][28.678s][info][gc,start       ] GC(1165) Pause Young (Allocation Failure)
[2026-06-17T09:52:09.934+0800][28.680s][info][gc,heap        ] GC(1165) PSYoungGen: 9942K->1092K(14848K)
[2026-06-17T09:52:09.935+0800][28.681s][info][gc,heap        ] GC(1165) ParOldGen: 35324K->37274K(44032K)
[2026-06-17T09:52:09.939+0800][28.685s][info][gc,metaspace   ] GC(1165) Metaspace: 3161K(4864K)->3161K(4864K) NonClass: 2855K(4352K)->2855K(4352K) Class: 305K(512K)->305K(512K)
[2026-06-17T09:52:09.943+0800][28.689s][info][gc             ] GC(1165) Pause Young (Allocation Failure) 44M->37M(57M) 10.842ms
[2026-06-17T09:52:09.944+0800][28.690s][info][gc,cpu         ] GC(1165) User=0.00s Sys=0.00s Real=0.01s
[2026-06-17T09:52:09.956+0800][28.702s][info][gc,start       ] GC(1166) Pause Young (Allocation Failure)
[2026-06-17T09:52:09.959+0800][28.704s][info][gc,heap        ] GC(1166) PSYoungGen: 9227K->5522K(13824K)
[2026-06-17T09:52:09.959+0800][28.705s][info][gc,heap        ] GC(1166) ParOldGen: 37274K->37274K(44032K)
[2026-06-17T09:52:09.960+0800][28.706s][info][gc,metaspace   ] GC(1166) Metaspace: 3161K(4864K)->3161K(4864K) NonClass: 2855K(4352K)->2855K(4352K) Class: 305K(512K)->305K(512K)
[2026-06-17T09:52:09.961+0800][28.706s][info][gc             ] GC(1166) Pause Young (Allocation Failure) 45M->41M(56M) 4.174ms
[2026-06-17T09:52:09.961+0800][28.707s][info][gc,cpu         ] GC(1166) User=0.00s Sys=0.00s Real=0.00s
[2026-06-17T09:52:09.984+0800][28.730s][info][gc,start       ] GC(1167) Pause Young (Allocation Failure)
[2026-06-17T09:52:09.986+0800][28.732s][info][gc,heap        ] GC(1167) PSYoungGen: 13705K->1329K(14336K)
[2026-06-17T09:52:09.986+0800][28.732s][info][gc,heap        ] GC(1167) ParOldGen: 37274K->39386K(44032K)
[2026-06-17T09:52:09.987+0800][28.733s][info][gc,metaspace   ] GC(1167) Metaspace: 3161K(4864K)->3161K(4864K) NonClass: 2855K(4352K)->2855K(4352K) Class: 305K(512K)->305K(512K)
[2026-06-17T09:52:09.988+0800][28.733s][info][gc             ] GC(1167) Pause Young (Allocation Failure) 49M->39M(57M) 3.670ms
[2026-06-17T09:52:09.988+0800][28.734s][info][gc,cpu         ] GC(1167) User=0.01s Sys=0.00s Real=0.00s
[2026-06-17T09:52:10.010+0800][28.756s][info][gc,start       ] GC(1168) Pause Young (Allocation Failure)
[2026-06-17T09:52:10.013+0800][28.759s][info][gc,heap        ] GC(1168) PSYoungGen: 8465K->3448K(14336K)
[2026-06-17T09:52:10.013+0800][28.759s][info][gc,heap        ] GC(1168) ParOldGen: 39386K->40691K(44032K)
[2026-06-17T09:52:10.014+0800][28.759s][info][gc,metaspace   ] GC(1168) Metaspace: 3161K(4864K)->3161K(4864K) NonClass: 2855K(4352K)->2855K(4352K) Class: 305K(512K)->305K(512K)
[2026-06-17T09:52:10.014+0800][28.760s][info][gc             ] GC(1168) Pause Young (Allocation Failure) 46M->43M(57M) 3.642ms
[2026-06-17T09:52:10.014+0800][28.760s][info][gc,cpu         ] GC(1168) User=0.00s Sys=0.00s Real=0.01s
[2026-06-17T09:52:10.036+0800][28.782s][info][gc,start       ] GC(1169) Pause Young (Allocation Failure)
[2026-06-17T09:52:10.038+0800][28.784s][info][gc,heap        ] GC(1169) PSYoungGen: 10613K->3134K(14848K)
[2026-06-17T09:52:10.039+0800][28.785s][info][gc,heap        ] GC(1169) ParOldGen: 40691K->41439K(44032K)
[2026-06-17T09:52:10.039+0800][28.785s][info][gc,metaspace   ] GC(1169) Metaspace: 3161K(4864K)->3161K(4864K) NonClass: 2855K(4352K)->2855K(4352K) Class: 305K(512K)->305K(512K)
[2026-06-17T09:52:10.040+0800][28.786s][info][gc             ] GC(1169) Pause Young (Allocation Failure) 50M->43M(57M) 3.344ms
[2026-06-17T09:52:10.040+0800][28.786s][info][gc,cpu         ] GC(1169) User=0.00s Sys=0.00s Real=0.00s
[2026-06-17T09:52:10.041+0800][28.787s][info][gc,start       ] GC(1170) Pause Full (Ergonomics)
[2026-06-17T09:52:10.041+0800][28.787s][info][gc,phases,start] GC(1170) Marking Phase
[2026-06-17T09:52:10.043+0800][28.789s][info][gc,phases      ] GC(1170) Marking Phase 2.279ms
[2026-06-17T09:52:10.044+0800][28.790s][info][gc,phases,start] GC(1170) Summary Phase
[2026-06-17T09:52:10.044+0800][28.790s][info][gc,phases      ] GC(1170) Summary Phase 0.360ms
[2026-06-17T09:52:10.045+0800][28.791s][info][gc,phases,start] GC(1170) Adjust Roots
[2026-06-17T09:52:10.045+0800][28.791s][info][gc,phases      ] GC(1170) Adjust Roots 0.416ms
[2026-06-17T09:52:10.045+0800][28.791s][info][gc,phases,start] GC(1170) Compaction Phase
[2026-06-17T09:52:10.048+0800][28.793s][info][gc,phases      ] GC(1170) Compaction Phase 2.209ms
[2026-06-17T09:52:10.048+0800][28.794s][info][gc,phases,start] GC(1170) Post Compact
[2026-06-17T09:52:10.048+0800][28.794s][info][gc,phases      ] GC(1170) Post Compact 0.377ms
[2026-06-17T09:52:10.049+0800][28.795s][info][gc,heap        ] GC(1170) PSYoungGen: 3134K->0K(14336K)
[2026-06-17T09:52:10.049+0800][28.795s][info][gc,heap        ] GC(1170) ParOldGen: 41439K->30603K(44032K)
[2026-06-17T09:52:10.049+0800][28.795s][info][gc,metaspace   ] GC(1170) Metaspace: 3161K(4864K)->3161K(4864K) NonClass: 2855K(4352K)->2855K(4352K) Class: 305K(512K)->305K(512K)
[2026-06-17T09:52:10.049+0800][28.795s][info][gc             ] GC(1170) Pause Full (Ergonomics) 43M->29M(57M) 8.631ms
[2026-06-17T09:52:10.050+0800][28.795s][info][gc,cpu         ] GC(1170) User=0.01s Sys=0.00s Real=0.01s
[2026-06-17T09:52:10.071+0800][28.817s][info][gc,start       ] GC(1171) Pause Young (Allocation Failure)
[2026-06-17T09:52:10.073+0800][28.819s][info][gc,heap        ] GC(1171) PSYoungGen: 7673K->4385K(14848K)
[2026-06-17T09:52:10.074+0800][28.820s][info][gc,heap        ] GC(1171) ParOldGen: 30603K->30603K(44032K)
[2026-06-17T09:52:10.075+0800][28.821s][info][gc,metaspace   ] GC(1171) Metaspace: 3161K(4864K)->3161K(4864K) NonClass: 2855K(4352K)->2855K(4352K) Class: 305K(512K)->305K(512K)
[2026-06-17T09:52:10.076+0800][28.821s][info][gc             ] GC(1171) Pause Young (Allocation Failure) 37M->34M(57M) 4.181ms
[2026-06-17T09:52:10.076+0800][28.822s][info][gc,cpu         ] GC(1171) User=0.00s Sys=0.00s Real=0.00s
[2026-06-17T09:52:10.099+0800][28.845s][info][gc,start       ] GC(1172) Pause Young (Allocation Failure)
[2026-06-17T09:52:10.101+0800][28.847s][info][gc,heap        ] GC(1172) PSYoungGen: 12541K->3694K(14848K)
[2026-06-17T09:52:10.102+0800][28.848s][info][gc,heap        ] GC(1172) ParOldGen: 30603K->32460K(44032K)
[2026-06-17T09:52:10.103+0800][28.848s][info][gc,metaspace   ] GC(1172) Metaspace: 3161K(4864K)->3161K(4864K) NonClass: 2855K(4352K)->2855K(4352K) Class: 305K(512K)->305K(512K)
[2026-06-17T09:52:10.103+0800][28.849s][info][gc             ] GC(1172) Pause Young (Allocation Failure) 42M->35M(57M) 4.491ms
[2026-06-17T09:52:10.104+0800][28.850s][info][gc,cpu         ] GC(1172) User=0.00s Sys=0.01s Real=0.01s
[2026-06-17T09:52:10.116+0800][28.862s][info][gc,start       ] GC(1173) Pause Young (Allocation Failure)
[2026-06-17T09:52:10.118+0800][28.864s][info][gc,heap        ] GC(1173) PSYoungGen: 11879K->1669K(14848K)
[2026-06-17T09:52:10.119+0800][28.864s][info][gc,heap        ] GC(1173) ParOldGen: 32460K->35619K(44032K)
[2026-06-17T09:52:10.119+0800][28.865s][info][gc,metaspace   ] GC(1173) Metaspace: 3161K(4864K)->3161K(4864K) NonClass: 2855K(4352K)->2855K(4352K) Class: 305K(512K)->305K(512K)
[2026-06-17T09:52:10.121+0800][28.867s][info][gc             ] GC(1173) Pause Young (Allocation Failure) 43M->36M(57M) 5.602ms
[2026-06-17T09:52:10.122+0800][28.868s][info][gc,cpu         ] GC(1173) User=0.01s Sys=0.00s Real=0.00s
[2026-06-17T09:52:10.154+0800][28.900s][info][gc,start       ] GC(1174) Pause Young (Allocation Failure)
[2026-06-17T09:52:10.156+0800][28.902s][info][gc,heap        ] GC(1174) PSYoungGen: 9858K->1336K(14848K)
[2026-06-17T09:52:10.157+0800][28.902s][info][gc,heap        ] GC(1174) ParOldGen: 35619K->37265K(44032K)
[2026-06-17T09:52:10.157+0800][28.903s][info][gc,metaspace   ] GC(1174) Metaspace: 3161K(4864K)->3161K(4864K) NonClass: 2855K(4352K)->2855K(4352K) Class: 305K(512K)->305K(512K)
[2026-06-17T09:52:10.158+0800][28.904s][info][gc             ] GC(1174) Pause Young (Allocation Failure) 44M->37M(57M) 3.913ms
[2026-06-17T09:52:10.159+0800][28.905s][info][gc,cpu         ] GC(1174) User=0.00s Sys=0.00s Real=0.00s
[2026-06-17T09:52:10.181+0800][28.927s][info][gc,start       ] GC(1175) Pause Young (Allocation Failure)
[2026-06-17T09:52:10.183+0800][28.928s][info][gc,heap        ] GC(1175) PSYoungGen: 9515K->2293K(15360K)
[2026-06-17T09:52:10.183+0800][28.929s][info][gc,heap        ] GC(1175) ParOldGen: 37265K->37474K(44032K)
[2026-06-17T09:52:10.184+0800][28.929s][info][gc,metaspace   ] GC(1175) Metaspace: 3161K(4864K)->3161K(4864K) NonClass: 2855K(4352K)->2855K(4352K) Class: 305K(512K)->305K(512K)
[2026-06-17T09:52:10.184+0800][28.930s][info][gc             ] GC(1175) Pause Young (Allocation Failure) 45M->38M(58M) 2.917ms
[2026-06-17T09:52:10.184+0800][28.930s][info][gc,cpu         ] GC(1175) User=0.00s Sys=0.00s Real=0.01s
[2026-06-17T09:52:10.206+0800][28.952s][info][gc,start       ] GC(1176) Pause Young (Allocation Failure)
[2026-06-17T09:52:10.208+0800][28.954s][info][gc,heap        ] GC(1176) PSYoungGen: 10960K->1849K(14848K)
[2026-06-17T09:52:10.208+0800][28.954s][info][gc,heap        ] GC(1176) ParOldGen: 37474K->39292K(44032K)
[2026-06-17T09:52:10.209+0800][28.954s][info][gc,metaspace   ] GC(1176) Metaspace: 3161K(4864K)->3161K(4864K) NonClass: 2855K(4352K)->2855K(4352K) Class: 305K(512K)->305K(512K)
[2026-06-17T09:52:10.209+0800][28.955s][info][gc             ] GC(1176) Pause Young (Allocation Failure) 47M->40M(57M) 2.832ms
[2026-06-17T09:52:10.209+0800][28.955s][info][gc,cpu         ] GC(1176) User=0.00s Sys=0.00s Real=0.00s
[2026-06-17T09:52:10.231+0800][28.977s][info][gc,start       ] GC(1177) Pause Young (Allocation Failure)
[2026-06-17T09:52:10.233+0800][28.979s][info][gc,heap        ] GC(1177) PSYoungGen: 10553K->1371K(15360K)
[2026-06-17T09:52:10.233+0800][28.979s][info][gc,heap        ] GC(1177) ParOldGen: 39292K->41070K(44032K)
[2026-06-17T09:52:10.234+0800][28.979s][info][gc,metaspace   ] GC(1177) Metaspace: 3161K(4864K)->3161K(4864K) NonClass: 2855K(4352K)->2855K(4352K) Class: 305K(512K)->305K(512K)
[2026-06-17T09:52:10.234+0800][28.980s][info][gc             ] GC(1177) Pause Young (Allocation Failure) 48M->41M(58M) 2.638ms
[2026-06-17T09:52:10.234+0800][28.980s][info][gc,cpu         ] GC(1177) User=0.00s Sys=0.00s Real=0.00s
[2026-06-17T09:52:10.235+0800][28.981s][info][gc,start       ] GC(1178) Pause Full (Ergonomics)
[2026-06-17T09:52:10.235+0800][28.981s][info][gc,phases,start] GC(1178) Marking Phase
[2026-06-17T09:52:10.237+0800][28.983s][info][gc,phases      ] GC(1178) Marking Phase 1.900ms
[2026-06-17T09:52:10.238+0800][28.984s][info][gc,phases,start] GC(1178) Summary Phase
[2026-06-17T09:52:10.238+0800][28.984s][info][gc,phases      ] GC(1178) Summary Phase 0.271ms
[2026-06-17T09:52:10.238+0800][28.984s][info][gc,phases,start] GC(1178) Adjust Roots
[2026-06-17T09:52:10.239+0800][28.984s][info][gc,phases      ] GC(1178) Adjust Roots 0.352ms
[2026-06-17T09:52:10.239+0800][28.985s][info][gc,phases,start] GC(1178) Compaction Phase
[2026-06-17T09:52:10.241+0800][28.987s][info][gc,phases      ] GC(1178) Compaction Phase 1.745ms
[2026-06-17T09:52:10.241+0800][28.987s][info][gc,phases,start] GC(1178) Post Compact
[2026-06-17T09:52:10.241+0800][28.987s][info][gc,phases      ] GC(1178) Post Compact 0.370ms
[2026-06-17T09:52:10.242+0800][28.987s][info][gc,heap        ] GC(1178) PSYoungGen: 1371K->0K(15360K)
[2026-06-17T09:52:10.242+0800][28.988s][info][gc,heap        ] GC(1178) ParOldGen: 41070K->29138K(44032K)
[2026-06-17T09:52:10.242+0800][28.988s][info][gc,metaspace   ] GC(1178) Metaspace: 3161K(4864K)->3161K(4864K) NonClass: 2855K(4352K)->2855K(4352K) Class: 305K(512K)->305K(512K)
[2026-06-17T09:52:10.242+0800][28.988s][info][gc             ] GC(1178) Pause Full (Ergonomics) 41M->28M(58M) 7.386ms
[2026-06-17T09:52:10.242+0800][28.988s][info][gc,cpu         ] GC(1178) User=0.01s Sys=0.00s Real=0.00s
[2026-06-17T09:52:10.264+0800][29.010s][info][gc,start       ] GC(1179) Pause Young (Allocation Failure)
[2026-06-17T09:52:10.266+0800][29.012s][info][gc,heap        ] GC(1179) PSYoungGen: 9210K->5657K(13312K)
[2026-06-17T09:52:10.266+0800][29.012s][info][gc,heap        ] GC(1179) ParOldGen: 29138K->29138K(44032K)
[2026-06-17T09:52:10.267+0800][29.013s][info][gc,metaspace   ] GC(1179) Metaspace: 3161K(4864K)->3161K(4864K) NonClass: 2855K(4352K)->2855K(4352K) Class: 305K(512K)->305K(512K)
[2026-06-17T09:52:10.267+0800][29.013s][info][gc             ] GC(1179) Pause Young (Allocation Failure) 37M->33M(56M) 3.309ms
[2026-06-17T09:52:10.268+0800][29.014s][info][gc,cpu         ] GC(1179) User=0.00s Sys=0.00s Real=0.00s
[2026-06-17T09:52:10.289+0800][29.035s][info][gc,start       ] GC(1180) Pause Young (Allocation Failure)
[2026-06-17T09:52:10.292+0800][29.037s][info][gc,heap        ] GC(1180) PSYoungGen: 12825K->1931K(14336K)
[2026-06-17T09:52:10.294+0800][29.040s][info][gc,heap        ] GC(1180) ParOldGen: 29138K->33120K(44032K)
[2026-06-17T09:52:10.295+0800][29.041s][info][gc,metaspace   ] GC(1180) Metaspace: 3161K(4864K)->3161K(4864K) NonClass: 2855K(4352K)->2855K(4352K) Class: 305K(512K)->305K(512K)
[2026-06-17T09:52:10.296+0800][29.042s][info][gc             ] GC(1180) Pause Young (Allocation Failure) 40M->34M(57M) 6.520ms
[2026-06-17T09:52:10.297+0800][29.042s][info][gc,cpu         ] GC(1180) User=0.01s Sys=0.00s Real=0.01s
[2026-06-17T09:52:10.319+0800][29.065s][info][gc,start       ] GC(1181) Pause Young (Allocation Failure)
[2026-06-17T09:52:10.320+0800][29.066s][info][gc,heap        ] GC(1181) PSYoungGen: 9057K->131K(14848K)
[2026-06-17T09:52:10.321+0800][29.067s][info][gc,heap        ] GC(1181) ParOldGen: 33120K->34893K(44032K)
[2026-06-17T09:52:10.321+0800][29.067s][info][gc,metaspace   ] GC(1181) Metaspace: 3161K(4864K)->3161K(4864K) NonClass: 2855K(4352K)->2855K(4352K) Class: 305K(512K)->305K(512K)
[2026-06-17T09:52:10.322+0800][29.068s][info][gc             ] GC(1181) Pause Young (Allocation Failure) 41M->34M(57M) 3.147ms
[2026-06-17T09:52:10.339+0800][29.085s][info][gc,cpu         ] GC(1181) User=0.00s Sys=0.00s Real=0.02s
[2026-06-17T09:52:10.367+0800][29.113s][info][gc,start       ] GC(1182) Pause Young (Allocation Failure)
[2026-06-17T09:52:10.409+0800][29.155s][info][gc,heap        ] GC(1182) PSYoungGen: 8319K->4901K(13312K)
[2026-06-17T09:52:10.410+0800][29.156s][info][gc,heap        ] GC(1182) ParOldGen: 34893K->34893K(44032K)
[2026-06-17T09:52:10.411+0800][29.157s][info][gc,metaspace   ] GC(1182) Metaspace: 3161K(4864K)->3161K(4864K) NonClass: 2855K(4352K)->2855K(4352K) Class: 305K(512K)->305K(512K)
[2026-06-17T09:52:10.412+0800][29.158s][info][gc             ] GC(1182) Pause Young (Allocation Failure) 42M->38M(56M) 44.674ms
[2026-06-17T09:52:10.413+0800][29.158s][info][gc,cpu         ] GC(1182) User=0.00s Sys=0.00s Real=0.05s
[2026-06-17T09:52:10.435+0800][29.181s][info][gc,start       ] GC(1183) Pause Young (Allocation Failure)
[2026-06-17T09:52:10.437+0800][29.183s][info][gc,heap        ] GC(1183) PSYoungGen: 13092K->3005K(14336K)
[2026-06-17T09:52:10.437+0800][29.183s][info][gc,heap        ] GC(1183) ParOldGen: 34893K->38047K(44032K)
[2026-06-17T09:52:10.438+0800][29.184s][info][gc,metaspace   ] GC(1183) Metaspace: 3161K(4864K)->3161K(4864K) NonClass: 2855K(4352K)->2855K(4352K) Class: 305K(512K)->305K(512K)
[2026-06-17T09:52:10.439+0800][29.185s][info][gc             ] GC(1183) Pause Young (Allocation Failure) 46M->40M(57M) 4.191ms
[2026-06-17T09:52:10.440+0800][29.186s][info][gc,cpu         ] GC(1183) User=0.00s Sys=0.01s Real=0.00s
[2026-06-17T09:52:10.462+0800][29.208s][info][gc,start       ] GC(1184) Pause Young (Allocation Failure)
[2026-06-17T09:52:10.463+0800][29.209s][info][gc,heap        ] GC(1184) PSYoungGen: 10158K->3355K(14336K)
[2026-06-17T09:52:10.464+0800][29.210s][info][gc,heap        ] GC(1184) ParOldGen: 38047K->38047K(44032K)
[2026-06-17T09:52:10.464+0800][29.210s][info][gc,metaspace   ] GC(1184) Metaspace: 3161K(4864K)->3161K(4864K) NonClass: 2855K(4352K)->2855K(4352K) Class: 305K(512K)->305K(512K)
[2026-06-17T09:52:10.465+0800][29.211s][info][gc             ] GC(1184) Pause Young (Allocation Failure) 47M->40M(57M) 2.864ms
[2026-06-17T09:52:10.465+0800][29.211s][info][gc,cpu         ] GC(1184) User=0.00s Sys=0.00s Real=0.01s
[2026-06-17T09:52:10.477+0800][29.223s][info][gc,start       ] GC(1185) Pause Young (Allocation Failure)
[2026-06-17T09:52:10.478+0800][29.224s][info][gc,heap        ] GC(1185) PSYoungGen: 10367K->1408K(14848K)
[2026-06-17T09:52:10.478+0800][29.224s][info][gc,heap        ] GC(1185) ParOldGen: 38047K->39805K(44032K)
[2026-06-17T09:52:10.479+0800][29.225s][info][gc,metaspace   ] GC(1185) Metaspace: 3161K(4864K)->3161K(4864K) NonClass: 2855K(4352K)->2855K(4352K) Class: 305K(512K)->305K(512K)
[2026-06-17T09:52:10.480+0800][29.226s][info][gc             ] GC(1185) Pause Young (Allocation Failure) 47M->40M(57M) 3.093ms
[2026-06-17T09:52:10.481+0800][29.226s][info][gc,cpu         ] GC(1185) User=0.00s Sys=0.00s Real=0.00s
[2026-06-17T09:52:10.516+0800][29.262s][info][gc,start       ] GC(1186) Pause Young (Allocation Failure)
[2026-06-17T09:52:10.519+0800][29.265s][info][gc,heap        ] GC(1186) PSYoungGen: 9592K->1479K(14848K)
[2026-06-17T09:52:10.522+0800][29.268s][info][gc,heap        ] GC(1186) ParOldGen: 39805K->41189K(44032K)
[2026-06-17T09:52:10.524+0800][29.270s][info][gc,metaspace   ] GC(1186) Metaspace: 3161K(4864K)->3161K(4864K) NonClass: 2855K(4352K)->2855K(4352K) Class: 305K(512K)->305K(512K)
[2026-06-17T09:52:10.526+0800][29.272s][info][gc             ] GC(1186) Pause Young (Allocation Failure) 48M->41M(57M) 9.547ms
[2026-06-17T09:52:10.527+0800][29.273s][info][gc,cpu         ] GC(1186) User=0.00s Sys=0.00s Real=0.01s
[2026-06-17T09:52:10.528+0800][29.274s][info][gc,start       ] GC(1187) Pause Full (Ergonomics)
[2026-06-17T09:52:10.531+0800][29.277s][info][gc,phases,start] GC(1187) Marking Phase
[2026-06-17T09:52:10.534+0800][29.280s][info][gc,phases      ] GC(1187) Marking Phase 3.141ms
[2026-06-17T09:52:10.535+0800][29.281s][info][gc,phases,start] GC(1187) Summary Phase
[2026-06-17T09:52:10.539+0800][29.285s][info][gc,phases      ] GC(1187) Summary Phase 4.094ms
[2026-06-17T09:52:10.542+0800][29.288s][info][gc,phases,start] GC(1187) Adjust Roots
[2026-06-17T09:52:10.547+0800][29.293s][info][gc,phases      ] GC(1187) Adjust Roots 4.949ms
[2026-06-17T09:52:10.548+0800][29.294s][info][gc,phases,start] GC(1187) Compaction Phase
[2026-06-17T09:52:10.553+0800][29.299s][info][gc,phases      ] GC(1187) Compaction Phase 5.560ms
[2026-06-17T09:52:10.556+0800][29.301s][info][gc,phases,start] GC(1187) Post Compact
[2026-06-17T09:52:10.558+0800][29.304s][info][gc,phases      ] GC(1187) Post Compact 2.205ms
[2026-06-17T09:52:10.559+0800][29.305s][info][gc,heap        ] GC(1187) PSYoungGen: 1479K->0K(14848K)
[2026-06-17T09:52:10.574+0800][29.319s][info][gc,heap        ] GC(1187) ParOldGen: 41189K->23849K(44032K)
[2026-06-17T09:52:10.574+0800][29.320s][info][gc,metaspace   ] GC(1187) Metaspace: 3161K(4864K)->3161K(4864K) NonClass: 2855K(4352K)->2855K(4352K) Class: 305K(512K)->305K(512K)
[2026-06-17T09:52:10.575+0800][29.321s][info][gc             ] GC(1187) Pause Full (Ergonomics) 41M->23M(57M) 46.890ms
[2026-06-17T09:52:10.575+0800][29.321s][info][gc,cpu         ] GC(1187) User=0.01s Sys=0.00s Real=0.05s
[2026-06-17T09:52:10.598+0800][29.344s][info][gc,start       ] GC(1188) Pause Young (Allocation Failure)
[2026-06-17T09:52:10.601+0800][29.347s][info][gc,heap        ] GC(1188) PSYoungGen: 8184K->4694K(14848K)
[2026-06-17T09:52:10.602+0800][29.348s][info][gc,heap        ] GC(1188) ParOldGen: 23849K->23849K(44032K)
[2026-06-17T09:52:10.603+0800][29.349s][info][gc,metaspace   ] GC(1188) Metaspace: 3161K(4864K)->3161K(4864K) NonClass: 2855K(4352K)->2855K(4352K) Class: 305K(512K)->305K(512K)
[2026-06-17T09:52:10.603+0800][29.349s][info][gc             ] GC(1188) Pause Young (Allocation Failure) 31M->27M(57M) 5.034ms
[2026-06-17T09:52:10.604+0800][29.350s][info][gc,cpu         ] GC(1188) User=0.00s Sys=0.00s Real=0.01s
[2026-06-17T09:52:10.627+0800][29.373s][info][gc,start       ] GC(1189) Pause Young (Allocation Failure)
[2026-06-17T09:52:10.630+0800][29.376s][info][gc,heap        ] GC(1189) PSYoungGen: 12871K->6494K(13824K)
[2026-06-17T09:52:10.631+0800][29.377s][info][gc,heap        ] GC(1189) ParOldGen: 23849K->23849K(44032K)
[2026-06-17T09:52:10.632+0800][29.378s][info][gc,metaspace   ] GC(1189) Metaspace: 3161K(4864K)->3161K(4864K) NonClass: 2855K(4352K)->2855K(4352K) Class: 305K(512K)->305K(512K)
[2026-06-17T09:52:10.632+0800][29.378s][info][gc             ] GC(1189) Pause Young (Allocation Failure) 35M->29M(56M) 5.069ms
[2026-06-17T09:52:10.633+0800][29.379s][info][gc,cpu         ] GC(1189) User=0.01s Sys=0.00s Real=0.01s
[2026-06-17T09:52:10.655+0800][29.401s][info][gc,start       ] GC(1190) Pause Young (Allocation Failure)
[2026-06-17T09:52:10.658+0800][29.403s][info][gc,heap        ] GC(1190) PSYoungGen: 13662K->971K(14336K)
[2026-06-17T09:52:10.658+0800][29.404s][info][gc,heap        ] GC(1190) ParOldGen: 23849K->29708K(44032K)
[2026-06-17T09:52:10.659+0800][29.405s][info][gc,metaspace   ] GC(1190) Metaspace: 3161K(4864K)->3161K(4864K) NonClass: 2855K(4352K)->2855K(4352K) Class: 305K(512K)->305K(512K)
[2026-06-17T09:52:10.661+0800][29.407s][info][gc             ] GC(1190) Pause Young (Allocation Failure) 36M->29M(57M) 5.550ms
[2026-06-17T09:52:10.665+0800][29.411s][info][gc,cpu         ] GC(1190) User=0.00s Sys=0.00s Real=0.01s
[2026-06-17T09:52:10.679+0800][29.424s][info][gc,start       ] GC(1191) Pause Young (Allocation Failure)
[2026-06-17T09:52:10.681+0800][29.427s][info][gc,heap        ] GC(1191) PSYoungGen: 8139K->4783K(14336K)
[2026-06-17T09:52:10.681+0800][29.427s][info][gc,heap        ] GC(1191) ParOldGen: 29708K->29708K(44032K)
[2026-06-17T09:52:10.682+0800][29.428s][info][gc,metaspace   ] GC(1191) Metaspace: 3161K(4864K)->3161K(4864K) NonClass: 2855K(4352K)->2855K(4352K) Class: 305K(512K)->305K(512K)
[2026-06-17T09:52:10.683+0800][29.429s][info][gc             ] GC(1191) Pause Young (Allocation Failure) 36M->33M(57M) 4.186ms
[2026-06-17T09:52:10.684+0800][29.430s][info][gc,cpu         ] GC(1191) User=0.00s Sys=0.00s Real=0.01s
[2026-06-17T09:52:10.706+0800][29.452s][info][gc,start       ] GC(1192) Pause Young (Allocation Failure)
[2026-06-17T09:52:10.709+0800][29.455s][info][gc,heap        ] GC(1192) PSYoungGen: 11934K->2832K(14336K)
[2026-06-17T09:52:10.711+0800][29.457s][info][gc,heap        ] GC(1192) ParOldGen: 29708K->31920K(44032K)
[2026-06-17T09:52:10.713+0800][29.459s][info][gc,metaspace   ] GC(1192) Metaspace: 3161K(4864K)->3161K(4864K) NonClass: 2855K(4352K)->2855K(4352K) Class: 305K(512K)->305K(512K)
[2026-06-17T09:52:10.715+0800][29.461s][info][gc             ] GC(1192) Pause Young (Allocation Failure) 40M->33M(57M) 8.805ms
[2026-06-17T09:52:10.719+0800][29.465s][info][gc,cpu         ] GC(1192) User=0.01s Sys=0.00s Real=0.01s
[2026-06-17T09:52:10.743+0800][29.489s][info][gc,start       ] GC(1193) Pause Young (Allocation Failure)
[2026-06-17T09:52:10.745+0800][29.491s][info][gc,heap        ] GC(1193) PSYoungGen: 9951K->1807K(14336K)
[2026-06-17T09:52:10.746+0800][29.492s][info][gc,heap        ] GC(1193) ParOldGen: 31920K->33246K(44032K)
[2026-06-17T09:52:10.747+0800][29.493s][info][gc,metaspace   ] GC(1193) Metaspace: 3161K(4864K)->3161K(4864K) NonClass: 2855K(4352K)->2855K(4352K) Class: 305K(512K)->305K(512K)
[2026-06-17T09:52:10.747+0800][29.493s][info][gc             ] GC(1193) Pause Young (Allocation Failure) 40M->34M(57M) 4.575ms
[2026-06-17T09:52:10.748+0800][29.494s][info][gc,cpu         ] GC(1193) User=0.00s Sys=0.01s Real=0.00s
[2026-06-17T09:52:10.759+0800][29.505s][info][gc,start       ] GC(1194) Pause Young (Allocation Failure)
[2026-06-17T09:52:10.761+0800][29.507s][info][gc,heap        ] GC(1194) PSYoungGen: 8975K->1815K(14336K)
[2026-06-17T09:52:10.762+0800][29.508s][info][gc,heap        ] GC(1194) ParOldGen: 33246K->33246K(44032K)
[2026-06-17T09:52:10.763+0800][29.509s][info][gc,metaspace   ] GC(1194) Metaspace: 3161K(4864K)->3161K(4864K) NonClass: 2855K(4352K)->2855K(4352K) Class: 305K(512K)->305K(512K)
[2026-06-17T09:52:10.764+0800][29.509s][info][gc             ] GC(1194) Pause Young (Allocation Failure) 41M->34M(57M) 4.105ms
[2026-06-17T09:52:10.764+0800][29.510s][info][gc,cpu         ] GC(1194) User=0.00s Sys=0.00s Real=0.01s
[2026-06-17T09:52:10.786+0800][29.532s][info][gc,start       ] GC(1195) Pause Young (Allocation Failure)
[2026-06-17T09:52:10.789+0800][29.534s][info][gc,heap        ] GC(1195) PSYoungGen: 8969K->3885K(14336K)
[2026-06-17T09:52:10.789+0800][29.535s][info][gc,heap        ] GC(1195) ParOldGen: 33246K->34837K(44032K)
[2026-06-17T09:52:10.790+0800][29.536s][info][gc,metaspace   ] GC(1195) Metaspace: 3161K(4864K)->3161K(4864K) NonClass: 2855K(4352K)->2855K(4352K) Class: 305K(512K)->305K(512K)
[2026-06-17T09:52:10.791+0800][29.536s][info][gc             ] GC(1195) Pause Young (Allocation Failure) 41M->37M(57M) 4.195ms
[2026-06-17T09:52:10.791+0800][29.537s][info][gc,cpu         ] GC(1195) User=0.00s Sys=0.00s Real=0.01s
[2026-06-17T09:52:10.813+0800][29.559s][info][gc,start       ] GC(1196) Pause Young (Allocation Failure)
[2026-06-17T09:52:10.815+0800][29.561s][info][gc,heap        ] GC(1196) PSYoungGen: 11041K->3883K(14336K)
[2026-06-17T09:52:10.816+0800][29.562s][info][gc,heap        ] GC(1196) ParOldGen: 34837K->35013K(44032K)
[2026-06-17T09:52:10.817+0800][29.563s][info][gc,metaspace   ] GC(1196) Metaspace: 3161K(4864K)->3161K(4864K) NonClass: 2855K(4352K)->2855K(4352K) Class: 305K(512K)->305K(512K)
[2026-06-17T09:52:10.817+0800][29.563s][info][gc             ] GC(1196) Pause Young (Allocation Failure) 44M->37M(57M) 3.895ms
[2026-06-17T09:52:10.818+0800][29.564s][info][gc,cpu         ] GC(1196) User=0.01s Sys=0.00s Real=0.00s
[2026-06-17T09:52:10.840+0800][29.586s][info][gc,start       ] GC(1197) Pause Young (Allocation Failure)
[2026-06-17T09:52:10.842+0800][29.587s][info][gc,heap        ] GC(1197) PSYoungGen: 11034K->2501K(14848K)
[2026-06-17T09:52:10.842+0800][29.588s][info][gc,heap        ] GC(1197) ParOldGen: 35013K->36602K(44032K)
[2026-06-17T09:52:10.843+0800][29.588s][info][gc,metaspace   ] GC(1197) Metaspace: 3161K(4864K)->3161K(4864K) NonClass: 2855K(4352K)->2855K(4352K) Class: 305K(512K)->305K(512K)
[2026-06-17T09:52:10.843+0800][29.589s][info][gc             ] GC(1197) Pause Young (Allocation Failure) 44M->38M(57M) 3.201ms
[2026-06-17T09:52:10.843+0800][29.589s][info][gc,cpu         ] GC(1197) User=0.00s Sys=0.00s Real=0.01s
[2026-06-17T09:52:10.855+0800][29.601s][info][gc,start       ] GC(1198) Pause Young (Allocation Failure)
[2026-06-17T09:52:10.857+0800][29.603s][info][gc,heap        ] GC(1198) PSYoungGen: 10171K->4758K(14336K)
[2026-06-17T09:52:10.857+0800][29.603s][info][gc,heap        ] GC(1198) ParOldGen: 36602K->38236K(44032K)
[2026-06-17T09:52:10.857+0800][29.603s][info][gc,metaspace   ] GC(1198) Metaspace: 3161K(4864K)->3161K(4864K) NonClass: 2855K(4352K)->2855K(4352K) Class: 305K(512K)->305K(512K)
[2026-06-17T09:52:10.858+0800][29.604s][info][gc             ] GC(1198) Pause Young (Allocation Failure) 45M->41M(57M) 2.766ms
[2026-06-17T09:52:10.858+0800][29.604s][info][gc,cpu         ] GC(1198) User=0.00s Sys=0.00s Real=0.00s
[2026-06-17T09:52:10.880+0800][29.626s][info][gc,start       ] GC(1199) Pause Young (Allocation Failure)
[2026-06-17T09:52:10.882+0800][29.628s][info][gc,heap        ] GC(1199) PSYoungGen: 12438K->5452K(14336K)
[2026-06-17T09:52:10.882+0800][29.628s][info][gc,heap        ] GC(1199) ParOldGen: 38236K->38236K(44032K)
[2026-06-17T09:52:10.883+0800][29.629s][info][gc,metaspace   ] GC(1199) Metaspace: 3161K(4864K)->3161K(4864K) NonClass: 2855K(4352K)->2855K(4352K) Class: 305K(512K)->305K(512K)
[2026-06-17T09:52:10.883+0800][29.629s][info][gc             ] GC(1199) Pause Young (Allocation Failure) 49M->42M(57M) 3.155ms
[2026-06-17T09:52:10.884+0800][29.630s][info][gc,cpu         ] GC(1199) User=0.01s Sys=0.00s Real=0.01s
[2026-06-17T09:52:10.906+0800][29.652s][info][gc,start       ] GC(1200) Pause Young (Allocation Failure)
[2026-06-17T09:52:10.908+0800][29.654s][info][gc,heap        ] GC(1200) PSYoungGen: 12578K->3269K(14336K)
[2026-06-17T09:52:10.908+0800][29.654s][info][gc,heap        ] GC(1200) ParOldGen: 38236K->40782K(44032K)
[2026-06-17T09:52:10.909+0800][29.655s][info][gc,metaspace   ] GC(1200) Metaspace: 3161K(4864K)->3161K(4864K) NonClass: 2855K(4352K)->2855K(4352K) Class: 305K(512K)->305K(512K)
[2026-06-17T09:52:10.909+0800][29.655s][info][gc             ] GC(1200) Pause Young (Allocation Failure) 49M->43M(57M) 2.459ms
[2026-06-17T09:52:10.909+0800][29.655s][info][gc,cpu         ] GC(1200) User=0.00s Sys=0.00s Real=0.00s
[2026-06-17T09:52:10.910+0800][29.655s][info][gc,start       ] GC(1201) Pause Full (Ergonomics)
[2026-06-17T09:52:10.910+0800][29.656s][info][gc,phases,start] GC(1201) Marking Phase
[2026-06-17T09:52:10.911+0800][29.657s][info][gc,phases      ] GC(1201) Marking Phase 1.417ms
[2026-06-17T09:52:10.912+0800][29.657s][info][gc,phases,start] GC(1201) Summary Phase
[2026-06-17T09:52:10.912+0800][29.658s][info][gc,phases      ] GC(1201) Summary Phase 0.240ms
[2026-06-17T09:52:10.912+0800][29.658s][info][gc,phases,start] GC(1201) Adjust Roots
[2026-06-17T09:52:10.912+0800][29.658s][info][gc,phases      ] GC(1201) Adjust Roots 0.315ms
[2026-06-17T09:52:10.913+0800][29.658s][info][gc,phases,start] GC(1201) Compaction Phase
[2026-06-17T09:52:10.914+0800][29.660s][info][gc,phases      ] GC(1201) Compaction Phase 1.586ms
[2026-06-17T09:52:10.914+0800][29.660s][info][gc,phases,start] GC(1201) Post Compact
[2026-06-17T09:52:10.915+0800][29.661s][info][gc,phases      ] GC(1201) Post Compact 0.377ms
[2026-06-17T09:52:10.915+0800][29.661s][info][gc,heap        ] GC(1201) PSYoungGen: 3269K->0K(14336K)
[2026-06-17T09:52:10.915+0800][29.661s][info][gc,heap        ] GC(1201) ParOldGen: 40782K->22226K(44032K)
[2026-06-17T09:52:10.916+0800][29.661s][info][gc,metaspace   ] GC(1201) Metaspace: 3161K(4864K)->3161K(4864K) NonClass: 2855K(4352K)->2855K(4352K) Class: 305K(512K)->305K(512K)
[2026-06-17T09:52:10.916+0800][29.662s][info][gc             ] GC(1201) Pause Full (Ergonomics) 43M->21M(57M) 6.167ms
[2026-06-17T09:52:10.916+0800][29.662s][info][gc,cpu         ] GC(1201) User=0.01s Sys=0.00s Real=0.01s
[2026-06-17T09:52:10.927+0800][29.673s][info][gc,start       ] GC(1202) Pause Young (Allocation Failure)
[2026-06-17T09:52:10.928+0800][29.674s][info][gc,heap        ] GC(1202) PSYoungGen: 7161K->4017K(14336K)
[2026-06-17T09:52:10.928+0800][29.674s][info][gc,heap        ] GC(1202) ParOldGen: 22226K->22226K(44032K)
[2026-06-17T09:52:10.928+0800][29.674s][info][gc,metaspace   ] GC(1202) Metaspace: 3161K(4864K)->3161K(4864K) NonClass: 2855K(4352K)->2855K(4352K) Class: 305K(512K)->305K(512K)
[2026-06-17T09:52:10.929+0800][29.675s][info][gc             ] GC(1202) Pause Young (Allocation Failure) 28M->25M(57M) 1.739ms
[2026-06-17T09:52:10.929+0800][29.675s][info][gc,cpu         ] GC(1202) User=0.00s Sys=0.00s Real=0.00s
[2026-06-17T09:52:10.950+0800][29.696s][info][gc,start       ] GC(1203) Pause Young (Allocation Failure)
[2026-06-17T09:52:10.952+0800][29.698s][info][gc,heap        ] GC(1203) PSYoungGen: 11183K->3820K(14848K)
[2026-06-17T09:52:10.953+0800][29.699s][info][gc,heap        ] GC(1203) ParOldGen: 22226K->26176K(44032K)
[2026-06-17T09:52:10.953+0800][29.699s][info][gc,metaspace   ] GC(1203) Metaspace: 3161K(4864K)->3161K(4864K) NonClass: 2855K(4352K)->2855K(4352K) Class: 305K(512K)->305K(512K)
[2026-06-17T09:52:10.953+0800][29.699s][info][gc             ] GC(1203) Pause Young (Allocation Failure) 32M->29M(57M) 3.117ms
[2026-06-17T09:52:10.954+0800][29.700s][info][gc,cpu         ] GC(1203) User=0.00s Sys=0.00s Real=0.01s
[2026-06-17T09:52:10.975+0800][29.721s][info][gc,start       ] GC(1204) Pause Young (Allocation Failure)
[2026-06-17T09:52:10.977+0800][29.722s][info][gc,heap        ] GC(1204) PSYoungGen: 11497K->2245K(14336K)
[2026-06-17T09:52:10.977+0800][29.723s][info][gc,heap        ] GC(1204) ParOldGen: 26176K->28597K(44032K)
[2026-06-17T09:52:10.977+0800][29.723s][info][gc,metaspace   ] GC(1204) Metaspace: 3161K(4864K)->3161K(4864K) NonClass: 2855K(4352K)->2855K(4352K) Class: 305K(512K)->305K(512K)
[2026-06-17T09:52:10.977+0800][29.723s][info][gc             ] GC(1204) Pause Young (Allocation Failure) 36M->30M(57M) 2.021ms
[2026-06-17T09:52:10.978+0800][29.723s][info][gc,cpu         ] GC(1204) User=0.00s Sys=0.00s Real=0.00s
[2026-06-17T09:52:10.999+0800][29.745s][info][gc,start       ] GC(1205) Pause Young (Allocation Failure)
[2026-06-17T09:52:11.000+0800][29.746s][info][gc,heap        ] GC(1205) PSYoungGen: 9883K->812K(14848K)
[2026-06-17T09:52:11.001+0800][29.746s][info][gc,heap        ] GC(1205) ParOldGen: 28597K->30534K(44032K)
[2026-06-17T09:52:11.001+0800][29.747s][info][gc,metaspace   ] GC(1205) Metaspace: 3161K(4864K)->3161K(4864K) NonClass: 2855K(4352K)->2855K(4352K) Class: 305K(512K)->305K(512K)
[2026-06-17T09:52:11.001+0800][29.747s][info][gc             ] GC(1205) Pause Young (Allocation Failure) 37M->30M(57M) 2.416ms
[2026-06-17T09:52:11.002+0800][29.748s][info][gc,cpu         ] GC(1205) User=0.00s Sys=0.00s Real=0.00s
[2026-06-17T09:52:11.023+0800][29.769s][info][gc,start       ] GC(1206) Pause Young (Allocation Failure)
[2026-06-17T09:52:11.025+0800][29.771s][info][gc,heap        ] GC(1206) PSYoungGen: 8967K->2288K(14848K)
[2026-06-17T09:52:11.025+0800][29.771s][info][gc,heap        ] GC(1206) ParOldGen: 30534K->30534K(44032K)
[2026-06-17T09:52:11.026+0800][29.772s][info][gc,metaspace   ] GC(1206) Metaspace: 3161K(4864K)->3161K(4864K) NonClass: 2855K(4352K)->2855K(4352K) Class: 305K(512K)->305K(512K)
[2026-06-17T09:52:11.027+0800][29.773s][info][gc             ] GC(1206) Pause Young (Allocation Failure) 38M->32M(57M) 3.459ms
[2026-06-17T09:52:11.027+0800][29.773s][info][gc,cpu         ] GC(1206) User=0.00s Sys=0.00s Real=0.00s
[2026-06-17T09:52:11.039+0800][29.785s][info][gc,start       ] GC(1207) Pause Young (Allocation Failure)
[2026-06-17T09:52:11.040+0800][29.786s][info][gc,heap        ] GC(1207) PSYoungGen: 10334K->3509K(14848K)
[2026-06-17T09:52:11.041+0800][29.786s][info][gc,heap        ] GC(1207) ParOldGen: 30534K->30534K(44032K)
[2026-06-17T09:52:11.041+0800][29.787s][info][gc,metaspace   ] GC(1207) Metaspace: 3161K(4864K)->3161K(4864K) NonClass: 2855K(4352K)->2855K(4352K) Class: 305K(512K)->305K(512K)
[2026-06-17T09:52:11.041+0800][29.787s][info][gc             ] GC(1207) Pause Young (Allocation Failure) 39M->33M(57M) 2.653ms
[2026-06-17T09:52:11.042+0800][29.788s][info][gc,cpu         ] GC(1207) User=0.00s Sys=0.00s Real=0.00s
[2026-06-17T09:52:11.074+0800][29.820s][info][gc,start       ] GC(1208) Pause Young (Allocation Failure)
[2026-06-17T09:52:11.076+0800][29.822s][info][gc,heap        ] GC(1208) PSYoungGen: 11654K->2790K(14848K)
[2026-06-17T09:52:11.076+0800][29.822s][info][gc,heap        ] GC(1208) ParOldGen: 30534K->32303K(44032K)
[2026-06-17T09:52:11.077+0800][29.823s][info][gc,metaspace   ] GC(1208) Metaspace: 3161K(4864K)->3161K(4864K) NonClass: 2855K(4352K)->2855K(4352K) Class: 305K(512K)->305K(512K)
[2026-06-17T09:52:11.077+0800][29.823s][info][gc             ] GC(1208) Pause Young (Allocation Failure) 41M->34M(57M) 2.830ms
[2026-06-17T09:52:11.078+0800][29.824s][info][gc,cpu         ] GC(1208) User=0.00s Sys=0.00s Real=0.00s
[2026-06-17T09:52:11.089+0800][29.835s][info][gc,start       ] GC(1209) Pause Young (Allocation Failure)
[2026-06-17T09:52:11.091+0800][29.836s][info][gc,heap        ] GC(1209) PSYoungGen: 10929K->5802K(13312K)
[2026-06-17T09:52:11.091+0800][29.837s][info][gc,heap        ] GC(1209) ParOldGen: 32303K->33995K(44032K)
[2026-06-17T09:52:11.091+0800][29.837s][info][gc,metaspace   ] GC(1209) Metaspace: 3161K(4864K)->3161K(4864K) NonClass: 2855K(4352K)->2855K(4352K) Class: 305K(512K)->305K(512K)
[2026-06-17T09:52:11.092+0800][29.837s][info][gc             ] GC(1209) Pause Young (Allocation Failure) 42M->38M(56M) 2.265ms
[2026-06-17T09:52:11.092+0800][29.838s][info][gc,cpu         ] GC(1209) User=0.01s Sys=0.00s Real=0.01s
[2026-06-17T09:52:11.113+0800][29.859s][info][gc,start       ] GC(1210) Pause Young (Allocation Failure)
[2026-06-17T09:52:11.115+0800][29.861s][info][gc,heap        ] GC(1210) PSYoungGen: 12970K->5544K(14336K)
[2026-06-17T09:52:11.116+0800][29.862s][info][gc,heap        ] GC(1210) ParOldGen: 33995K->34331K(44032K)
[2026-06-17T09:52:11.116+0800][29.862s][info][gc,metaspace   ] GC(1210) Metaspace: 3161K(4864K)->3161K(4864K) NonClass: 2855K(4352K)->2855K(4352K) Class: 305K(512K)->305K(512K)
[2026-06-17T09:52:11.117+0800][29.863s][info][gc             ] GC(1210) Pause Young (Allocation Failure) 45M->38M(57M) 3.265ms
[2026-06-17T09:52:11.117+0800][29.863s][info][gc,cpu         ] GC(1210) User=0.00s Sys=0.00s Real=0.00s
[2026-06-17T09:52:11.139+0800][29.885s][info][gc,start       ] GC(1211) Pause Young (Allocation Failure)
[2026-06-17T09:52:11.141+0800][29.887s][info][gc,heap        ] GC(1211) PSYoungGen: 12662K->3562K(14336K)
[2026-06-17T09:52:11.141+0800][29.887s][info][gc,heap        ] GC(1211) ParOldGen: 34331K->36339K(44032K)
[2026-06-17T09:52:11.142+0800][29.888s][info][gc,metaspace   ] GC(1211) Metaspace: 3161K(4864K)->3161K(4864K) NonClass: 2855K(4352K)->2855K(4352K) Class: 305K(512K)->305K(512K)
[2026-06-17T09:52:11.142+0800][29.888s][info][gc             ] GC(1211) Pause Young (Allocation Failure) 45M->38M(57M) 3.023ms
[2026-06-17T09:52:11.143+0800][29.888s][info][gc,cpu         ] GC(1211) User=0.00s Sys=0.00s Real=0.01s
[2026-06-17T09:52:11.154+0800][29.900s][info][gc,start       ] GC(1212) Pause Young (Allocation Failure)
[2026-06-17T09:52:11.155+0800][29.901s][info][gc,heap        ] GC(1212) PSYoungGen: 10470K->2123K(14336K)
[2026-06-17T09:52:11.156+0800][29.902s][info][gc,heap        ] GC(1212) ParOldGen: 36339K->37919K(44032K)
[2026-06-17T09:52:11.156+0800][29.902s][info][gc,metaspace   ] GC(1212) Metaspace: 3161K(4864K)->3161K(4864K) NonClass: 2855K(4352K)->2855K(4352K) Class: 305K(512K)->305K(512K)
[2026-06-17T09:52:11.157+0800][29.903s][info][gc             ] GC(1212) Pause Young (Allocation Failure) 45M->39M(57M) 3.037ms
[2026-06-17T09:52:11.158+0800][29.904s][info][gc,cpu         ] GC(1212) User=0.00s Sys=0.00s Real=0.00s
[2026-06-17T09:52:11.180+0800][29.926s][info][gc,start       ] GC(1213) Pause Young (Allocation Failure)
[2026-06-17T09:52:11.181+0800][29.927s][info][gc,heap        ] GC(1213) PSYoungGen: 9264K->3915K(14848K)
[2026-06-17T09:52:11.181+0800][29.927s][info][gc,heap        ] GC(1213) ParOldGen: 37919K->40018K(44032K)
[2026-06-17T09:52:11.182+0800][29.927s][info][gc,metaspace   ] GC(1213) Metaspace: 3161K(4864K)->3161K(4864K) NonClass: 2855K(4352K)->2855K(4352K) Class: 305K(512K)->305K(512K)
[2026-06-17T09:52:11.182+0800][29.928s][info][gc             ] GC(1213) Pause Young (Allocation Failure) 46M->42M(57M) 2.183ms
[2026-06-17T09:52:11.182+0800][29.928s][info][gc,cpu         ] GC(1213) User=0.00s Sys=0.00s Real=0.00s
[2026-06-17T09:52:11.203+0800][29.949s][info][gc,start       ] GC(1214) Pause Young (Allocation Failure)
[2026-06-17T09:52:11.205+0800][29.950s][info][gc,heap        ] GC(1214) PSYoungGen: 11554K->3749K(14336K)
[2026-06-17T09:52:11.205+0800][29.951s][info][gc,heap        ] GC(1214) ParOldGen: 40018K->40841K(44032K)
[2026-06-17T09:52:11.205+0800][29.951s][info][gc,metaspace   ] GC(1214) Metaspace: 3161K(4864K)->3161K(4864K) NonClass: 2855K(4352K)->2855K(4352K) Class: 305K(512K)->305K(512K)
[2026-06-17T09:52:11.206+0800][29.951s][info][gc             ] GC(1214) Pause Young (Allocation Failure) 50M->43M(57M) 2.277ms
[2026-06-17T09:52:11.206+0800][29.952s][info][gc,cpu         ] GC(1214) User=0.00s Sys=0.00s Real=0.00s
[2026-06-17T09:52:11.206+0800][29.952s][info][gc,start       ] GC(1215) Pause Full (Ergonomics)
[2026-06-17T09:52:11.207+0800][29.952s][info][gc,phases,start] GC(1215) Marking Phase
[2026-06-17T09:52:11.208+0800][29.954s][info][gc,phases      ] GC(1215) Marking Phase 1.603ms
[2026-06-17T09:52:11.208+0800][29.954s][info][gc,phases,start] GC(1215) Summary Phase
[2026-06-17T09:52:11.209+0800][29.955s][info][gc,phases      ] GC(1215) Summary Phase 0.272ms
[2026-06-17T09:52:11.209+0800][29.955s][info][gc,phases,start] GC(1215) Adjust Roots
[2026-06-17T09:52:11.209+0800][29.955s][info][gc,phases      ] GC(1215) Adjust Roots 0.309ms
[2026-06-17T09:52:11.210+0800][29.955s][info][gc,phases,start] GC(1215) Compaction Phase
[2026-06-17T09:52:11.212+0800][29.958s][info][gc,phases      ] GC(1215) Compaction Phase 2.149ms
[2026-06-17T09:52:11.212+0800][29.958s][info][gc,phases,start] GC(1215) Post Compact
[2026-06-17T09:52:11.212+0800][29.958s][info][gc,phases      ] GC(1215) Post Compact 0.388ms
[2026-06-17T09:52:11.213+0800][29.959s][info][gc,heap        ] GC(1215) PSYoungGen: 3749K->0K(14848K)
[2026-06-17T09:52:11.213+0800][29.959s][info][gc,heap        ] GC(1215) ParOldGen: 40841K->31352K(44032K)
[2026-06-17T09:52:11.213+0800][29.959s][info][gc,metaspace   ] GC(1215) Metaspace: 3161K(4864K)->3161K(4864K) NonClass: 2855K(4352K)->2855K(4352K) Class: 305K(512K)->305K(512K)
[2026-06-17T09:52:11.213+0800][29.959s][info][gc             ] GC(1215) Pause Full (Ergonomics) 43M->30M(57M) 7.202ms
[2026-06-17T09:52:11.214+0800][29.959s][info][gc,cpu         ] GC(1215) User=0.01s Sys=0.00s Real=0.01s
[2026-06-17T09:52:11.235+0800][29.981s][info][gc,start       ] GC(1216) Pause Young (Allocation Failure)
[2026-06-17T09:52:11.237+0800][29.983s][info][gc,heap        ] GC(1216) PSYoungGen: 8169K->4525K(14848K)
[2026-06-17T09:52:11.237+0800][29.983s][info][gc,heap        ] GC(1216) ParOldGen: 31352K->31352K(44032K)
[2026-06-17T09:52:11.238+0800][29.983s][info][gc,metaspace   ] GC(1216) Metaspace: 3161K(4864K)->3161K(4864K) NonClass: 2855K(4352K)->2855K(4352K) Class: 305K(512K)->305K(512K)
[2026-06-17T09:52:11.238+0800][29.984s][info][gc             ] GC(1216) Pause Young (Allocation Failure) 38M->35M(57M) 2.729ms
[2026-06-17T09:52:11.238+0800][29.984s][info][gc,cpu         ] GC(1216) User=0.00s Sys=0.00s Real=0.00s
[2026-06-17T09:52:11.260+0800][30.006s][info][gc,start       ] GC(1217) Pause Young (Allocation Failure)
[2026-06-17T09:52:11.262+0800][30.008s][info][gc,heap        ] GC(1217) PSYoungGen: 12713K->4379K(14848K)
[2026-06-17T09:52:11.263+0800][30.009s][info][gc,heap        ] GC(1217) ParOldGen: 31352K->32977K(44032K)
[2026-06-17T09:52:11.264+0800][30.010s][info][gc,metaspace   ] GC(1217) Metaspace: 3161K(4864K)->3161K(4864K) NonClass: 2855K(4352K)->2855K(4352K) Class: 305K(512K)->305K(512K)
[2026-06-17T09:52:11.264+0800][30.010s][info][gc             ] GC(1217) Pause Young (Allocation Failure) 43M->36M(57M) 4.153ms
[2026-06-17T09:52:11.265+0800][30.011s][info][gc,cpu         ] GC(1217) User=0.00s Sys=0.00s Real=0.01s
[2026-06-17T09:52:11.287+0800][30.033s][info][gc,start       ] GC(1218) Pause Young (Allocation Failure)
[2026-06-17T09:52:11.290+0800][30.036s][info][gc,heap        ] GC(1218) PSYoungGen: 12554K->3829K(14848K)
[2026-06-17T09:52:11.291+0800][30.037s][info][gc,heap        ] GC(1218) ParOldGen: 32977K->34842K(44032K)
[2026-06-17T09:52:11.294+0800][30.039s][info][gc,metaspace   ] GC(1218) Metaspace: 3161K(4864K)->3161K(4864K) NonClass: 2855K(4352K)->2855K(4352K) Class: 305K(512K)->305K(512K)
[2026-06-17T09:52:11.294+0800][30.040s][info][gc             ] GC(1218) Pause Young (Allocation Failure) 44M->37M(57M) 7.710ms
[2026-06-17T09:52:11.297+0800][30.043s][info][gc,cpu         ] GC(1218) User=0.01s Sys=0.00s Real=0.01s
[2026-06-17T09:52:11.321+0800][30.066s][info][gc,start       ] GC(1219) Pause Young (Allocation Failure)
[2026-06-17T09:52:11.323+0800][30.069s][info][gc,heap        ] GC(1219) PSYoungGen: 12015K->3167K(15360K)
[2026-06-17T09:52:11.324+0800][30.069s][info][gc,heap        ] GC(1219) ParOldGen: 34842K->36703K(44032K)
[2026-06-17T09:52:11.324+0800][30.070s][info][gc,metaspace   ] GC(1219) Metaspace: 3161K(4864K)->3161K(4864K) NonClass: 2855K(4352K)->2855K(4352K) Class: 305K(512K)->305K(512K)
[2026-06-17T09:52:11.325+0800][30.071s][info][gc             ] GC(1219) Pause Young (Allocation Failure) 45M->38M(58M) 4.532ms
[2026-06-17T09:52:11.326+0800][30.072s][info][gc,cpu         ] GC(1219) User=0.00s Sys=0.00s Real=0.01s
[2026-06-17T09:52:11.350+0800][30.095s][info][gc,start       ] GC(1220) Pause Young (Allocation Failure)
[2026-06-17T09:52:11.351+0800][30.096s][info][gc,heap        ] GC(1220) PSYoungGen: 11856K->4884K(14848K)
[2026-06-17T09:52:11.351+0800][30.097s][info][gc,heap        ] GC(1220) ParOldGen: 36703K->36703K(44032K)
[2026-06-17T09:52:11.351+0800][30.097s][info][gc,metaspace   ] GC(1220) Metaspace: 3161K(4864K)->3161K(4864K) NonClass: 2855K(4352K)->2855K(4352K) Class: 305K(512K)->305K(512K)
[2026-06-17T09:52:11.351+0800][30.097s][info][gc             ] GC(1220) Pause Young (Allocation Failure) 47M->40M(57M) 1.655ms
[2026-06-17T09:52:11.351+0800][30.097s][info][gc,cpu         ] GC(1220) User=0.00s Sys=0.00s Real=0.01s
[2026-06-17T09:52:11.373+0800][30.119s][info][gc,start       ] GC(1221) Pause Young (Allocation Failure)
[2026-06-17T09:52:11.374+0800][30.120s][info][gc,heap        ] GC(1221) PSYoungGen: 13537K->5166K(14848K)
[2026-06-17T09:52:11.375+0800][30.120s][info][gc,heap        ] GC(1221) ParOldGen: 36703K->38464K(44032K)
[2026-06-17T09:52:11.375+0800][30.121s][info][gc,metaspace   ] GC(1221) Metaspace: 3161K(4864K)->3161K(4864K) NonClass: 2855K(4352K)->2855K(4352K) Class: 305K(512K)->305K(512K)
[2026-06-17T09:52:11.375+0800][30.121s][info][gc             ] GC(1221) Pause Young (Allocation Failure) 49M->42M(57M) 2.538ms
[2026-06-17T09:52:11.376+0800][30.121s][info][gc,cpu         ] GC(1221) User=0.01s Sys=0.00s Real=0.00s
[2026-06-17T09:52:11.397+0800][30.143s][info][gc,start       ] GC(1222) Pause Young (Allocation Failure)
[2026-06-17T09:52:11.400+0800][30.145s][info][gc,heap        ] GC(1222) PSYoungGen: 13358K->3811K(14848K)
[2026-06-17T09:52:11.400+0800][30.146s][info][gc,heap        ] GC(1222) ParOldGen: 38464K->40482K(44032K)
[2026-06-17T09:52:11.401+0800][30.146s][info][gc,metaspace   ] GC(1222) Metaspace: 3161K(4864K)->3161K(4864K) NonClass: 2855K(4352K)->2855K(4352K) Class: 305K(512K)->305K(512K)
[2026-06-17T09:52:11.401+0800][30.147s][info][gc             ] GC(1222) Pause Young (Allocation Failure) 50M->43M(57M) 3.522ms
[2026-06-17T09:52:11.401+0800][30.147s][info][gc,cpu         ] GC(1222) User=0.00s Sys=0.00s Real=0.00s
[2026-06-17T09:52:11.423+0800][30.169s][info][gc,start       ] GC(1223) Pause Young (Allocation Failure)
[2026-06-17T09:52:11.425+0800][30.171s][info][gc,heap        ] GC(1223) PSYoungGen: 11992K->3830K(15360K)
[2026-06-17T09:52:11.426+0800][30.172s][info][gc,heap        ] GC(1223) ParOldGen: 40482K->41709K(44032K)
[2026-06-17T09:52:11.426+0800][30.172s][info][gc,metaspace   ] GC(1223) Metaspace: 3161K(4864K)->3161K(4864K) NonClass: 2855K(4352K)->2855K(4352K) Class: 305K(512K)->305K(512K)
[2026-06-17T09:52:11.427+0800][30.173s][info][gc             ] GC(1223) Pause Young (Allocation Failure) 51M->44M(58M) 3.595ms
[2026-06-17T09:52:11.427+0800][30.173s][info][gc,cpu         ] GC(1223) User=0.01s Sys=0.00s Real=0.00s
[2026-06-17T09:52:11.428+0800][30.174s][info][gc,start       ] GC(1224) Pause Full (Ergonomics)
[2026-06-17T09:52:11.428+0800][30.174s][info][gc,phases,start] GC(1224) Marking Phase
[2026-06-17T09:52:11.430+0800][30.176s][info][gc,phases      ] GC(1224) Marking Phase 1.967ms
[2026-06-17T09:52:11.430+0800][30.176s][info][gc,phases,start] GC(1224) Summary Phase
[2026-06-17T09:52:11.431+0800][30.177s][info][gc,phases      ] GC(1224) Summary Phase 0.369ms
[2026-06-17T09:52:11.431+0800][30.177s][info][gc,phases,start] GC(1224) Adjust Roots
[2026-06-17T09:52:11.432+0800][30.177s][info][gc,phases      ] GC(1224) Adjust Roots 0.380ms
[2026-06-17T09:52:11.432+0800][30.178s][info][gc,phases,start] GC(1224) Compaction Phase
[2026-06-17T09:52:11.434+0800][30.180s][info][gc,phases      ] GC(1224) Compaction Phase 2.213ms
[2026-06-17T09:52:11.434+0800][30.180s][info][gc,phases,start] GC(1224) Post Compact
[2026-06-17T09:52:11.435+0800][30.181s][info][gc,phases      ] GC(1224) Post Compact 0.409ms
[2026-06-17T09:52:11.435+0800][30.181s][info][gc,heap        ] GC(1224) PSYoungGen: 3830K->0K(14848K)
[2026-06-17T09:52:11.436+0800][30.182s][info][gc,heap        ] GC(1224) ParOldGen: 41709K->31545K(44032K)
[2026-06-17T09:52:11.436+0800][30.182s][info][gc,metaspace   ] GC(1224) Metaspace: 3161K(4864K)->3161K(4864K) NonClass: 2855K(4352K)->2855K(4352K) Class: 305K(512K)->305K(512K)
[2026-06-17T09:52:11.437+0800][30.183s][info][gc             ] GC(1224) Pause Full (Ergonomics) 44M->30M(57M) 8.873ms
[2026-06-17T09:52:11.437+0800][30.183s][info][gc,cpu         ] GC(1224) User=0.00s Sys=0.00s Real=0.01s
[2026-06-17T09:52:11.458+0800][30.204s][info][gc,start       ] GC(1225) Pause Young (Allocation Failure)
[2026-06-17T09:52:11.460+0800][30.206s][info][gc,heap        ] GC(1225) PSYoungGen: 8684K->5291K(14336K)
[2026-06-17T09:52:11.461+0800][30.207s][info][gc,heap        ] GC(1225) ParOldGen: 31545K->31545K(44032K)
[2026-06-17T09:52:11.461+0800][30.207s][info][gc,metaspace   ] GC(1225) Metaspace: 3161K(4864K)->3161K(4864K) NonClass: 2855K(4352K)->2855K(4352K) Class: 305K(512K)->305K(512K)
[2026-06-17T09:52:11.462+0800][30.208s][info][gc             ] GC(1225) Pause Young (Allocation Failure) 39M->35M(57M) 3.607ms
[2026-06-17T09:52:11.463+0800][30.209s][info][gc,cpu         ] GC(1225) User=0.01s Sys=0.00s Real=0.01s
[2026-06-17T09:52:11.485+0800][30.231s][info][gc,start       ] GC(1226) Pause Young (Allocation Failure)
[2026-06-17T09:52:11.486+0800][30.232s][info][gc,heap        ] GC(1226) PSYoungGen: 13440K->2720K(14848K)
[2026-06-17T09:52:11.487+0800][30.233s][info][gc,heap        ] GC(1226) ParOldGen: 31545K->35375K(44032K)
[2026-06-17T09:52:11.487+0800][30.233s][info][gc,metaspace   ] GC(1226) Metaspace: 3161K(4864K)->3161K(4864K) NonClass: 2855K(4352K)->2855K(4352K) Class: 305K(512K)->305K(512K)
[2026-06-17T09:52:11.487+0800][30.233s][info][gc             ] GC(1226) Pause Young (Allocation Failure) 43M->37M(57M) 2.407ms
[2026-06-17T09:52:11.488+0800][30.233s][info][gc,cpu         ] GC(1226) User=0.00s Sys=0.00s Real=0.00s
[2026-06-17T09:52:11.509+0800][30.255s][info][gc,start       ] GC(1227) Pause Young (Allocation Failure)
[2026-06-17T09:52:11.511+0800][30.256s][info][gc,heap        ] GC(1227) PSYoungGen: 10903K->3757K(14848K)
[2026-06-17T09:52:11.511+0800][30.257s][info][gc,heap        ] GC(1227) ParOldGen: 35375K->35375K(44032K)
[2026-06-17T09:52:11.511+0800][30.257s][info][gc,metaspace   ] GC(1227) Metaspace: 3161K(4864K)->3161K(4864K) NonClass: 2855K(4352K)->2855K(4352K) Class: 305K(512K)->305K(512K)
[2026-06-17T09:52:11.512+0800][30.257s][info][gc             ] GC(1227) Pause Young (Allocation Failure) 45M->38M(57M) 2.555ms
[2026-06-17T09:52:11.512+0800][30.258s][info][gc,cpu         ] GC(1227) User=0.00s Sys=0.00s Real=0.01s
[2026-06-17T09:52:11.533+0800][30.279s][info][gc,start       ] GC(1228) Pause Young (Allocation Failure)
[2026-06-17T09:52:11.535+0800][30.281s][info][gc,heap        ] GC(1228) PSYoungGen: 11936K->2891K(14848K)
[2026-06-17T09:52:11.535+0800][30.281s][info][gc,heap        ] GC(1228) ParOldGen: 35375K->37704K(44032K)
[2026-06-17T09:52:11.536+0800][30.281s][info][gc,metaspace   ] GC(1228) Metaspace: 3161K(4864K)->3161K(4864K) NonClass: 2855K(4352K)->2855K(4352K) Class: 305K(512K)->305K(512K)
[2026-06-17T09:52:11.536+0800][30.282s][info][gc             ] GC(1228) Pause Young (Allocation Failure) 46M->39M(57M) 2.617ms
[2026-06-17T09:52:11.536+0800][30.282s][info][gc,cpu         ] GC(1228) User=0.01s Sys=0.00s Real=0.00s
[2026-06-17T09:52:11.558+0800][30.303s][info][gc,start       ] GC(1229) Pause Young (Allocation Failure)
[2026-06-17T09:52:11.559+0800][30.305s][info][gc,heap        ] GC(1229) PSYoungGen: 11069K->2157K(15360K)
[2026-06-17T09:52:11.559+0800][30.305s][info][gc,heap        ] GC(1229) ParOldGen: 37704K->39457K(44032K)
[2026-06-17T09:52:11.559+0800][30.305s][info][gc,metaspace   ] GC(1229) Metaspace: 3161K(4864K)->3161K(4864K) NonClass: 2855K(4352K)->2855K(4352K) Class: 305K(512K)->305K(512K)
[2026-06-17T09:52:11.560+0800][30.305s][info][gc             ] GC(1229) Pause Young (Allocation Failure) 47M->40M(58M) 1.924ms
[2026-06-17T09:52:11.560+0800][30.306s][info][gc,cpu         ] GC(1229) User=0.00s Sys=0.00s Real=0.00s
[2026-06-17T09:52:11.581+0800][30.327s][info][gc,start       ] GC(1230) Pause Young (Allocation Failure)
[2026-06-17T09:52:11.583+0800][30.329s][info][gc,heap        ] GC(1230) PSYoungGen: 11329K->4384K(13824K)
[2026-06-17T09:52:11.584+0800][30.329s][info][gc,heap        ] GC(1230) ParOldGen: 39457K->39457K(44032K)
[2026-06-17T09:52:11.584+0800][30.330s][info][gc,metaspace   ] GC(1230) Metaspace: 3161K(4864K)->3161K(4864K) NonClass: 2855K(4352K)->2855K(4352K) Class: 305K(512K)->305K(512K)
[2026-06-17T09:52:11.584+0800][30.330s][info][gc             ] GC(1230) Pause Young (Allocation Failure) 49M->42M(56M) 2.890ms
[2026-06-17T09:52:11.584+0800][30.330s][info][gc,cpu         ] GC(1230) User=0.00s Sys=0.00s Real=0.01s
[2026-06-17T09:52:11.606+0800][30.352s][info][gc,start       ] GC(1231) Pause Young (Allocation Failure)
[2026-06-17T09:52:11.611+0800][30.357s][info][gc,heap        ] GC(1231) PSYoungGen: 13579K->4586K(14848K)
[2026-06-17T09:52:11.611+0800][30.357s][info][gc,heap        ] GC(1231) ParOldGen: 39457K->41510K(44032K)
[2026-06-17T09:52:11.612+0800][30.357s][info][gc,metaspace   ] GC(1231) Metaspace: 3161K(4864K)->3161K(4864K) NonClass: 2855K(4352K)->2855K(4352K) Class: 305K(512K)->305K(512K)
[2026-06-17T09:52:11.612+0800][30.358s][info][gc             ] GC(1231) Pause Young (Allocation Failure) 51M->45M(57M) 5.661ms
[2026-06-17T09:52:11.612+0800][30.358s][info][gc,cpu         ] GC(1231) User=0.00s Sys=0.00s Real=0.01s
[2026-06-17T09:52:11.612+0800][30.358s][info][gc,start       ] GC(1232) Pause Full (Ergonomics)
[2026-06-17T09:52:11.613+0800][30.359s][info][gc,phases,start] GC(1232) Marking Phase
[2026-06-17T09:52:11.614+0800][30.360s][info][gc,phases      ] GC(1232) Marking Phase 0.941ms
[2026-06-17T09:52:11.615+0800][30.361s][info][gc,phases,start] GC(1232) Summary Phase
[2026-06-17T09:52:11.616+0800][30.362s][info][gc,phases      ] GC(1232) Summary Phase 0.538ms
[2026-06-17T09:52:11.617+0800][30.363s][info][gc,phases,start] GC(1232) Adjust Roots
[2026-06-17T09:52:11.617+0800][30.363s][info][gc,phases      ] GC(1232) Adjust Roots 0.599ms
[2026-06-17T09:52:11.618+0800][30.364s][info][gc,phases,start] GC(1232) Compaction Phase
[2026-06-17T09:52:11.620+0800][30.366s][info][gc,phases      ] GC(1232) Compaction Phase 1.948ms
[2026-06-17T09:52:11.620+0800][30.366s][info][gc,phases,start] GC(1232) Post Compact
[2026-06-17T09:52:11.620+0800][30.366s][info][gc,phases      ] GC(1232) Post Compact 0.285ms
[2026-06-17T09:52:11.621+0800][30.366s][info][gc,heap        ] GC(1232) PSYoungGen: 4586K->0K(14848K)
[2026-06-17T09:52:11.621+0800][30.367s][info][gc,heap        ] GC(1232) ParOldGen: 41510K->33245K(44032K)
[2026-06-17T09:52:11.621+0800][30.367s][info][gc,metaspace   ] GC(1232) Metaspace: 3161K(4864K)->3161K(4864K) NonClass: 2855K(4352K)->2855K(4352K) Class: 305K(512K)->305K(512K)
[2026-06-17T09:52:11.621+0800][30.367s][info][gc             ] GC(1232) Pause Full (Ergonomics) 45M->32M(57M) 8.730ms
[2026-06-17T09:52:11.621+0800][30.367s][info][gc,cpu         ] GC(1232) User=0.01s Sys=0.00s Real=0.00s
[2026-06-17T09:52:11.643+0800][30.389s][info][gc,start       ] GC(1233) Pause Young (Allocation Failure)
[2026-06-17T09:52:11.644+0800][30.389s][info][gc,heap        ] GC(1233) PSYoungGen: 8172K->4721K(14848K)
[2026-06-17T09:52:11.644+0800][30.390s][info][gc,heap        ] GC(1233) ParOldGen: 33245K->33245K(44032K)
[2026-06-17T09:52:11.644+0800][30.390s][info][gc,metaspace   ] GC(1233) Metaspace: 3161K(4864K)->3161K(4864K) NonClass: 2855K(4352K)->2855K(4352K) Class: 305K(512K)->305K(512K)
[2026-06-17T09:52:11.644+0800][30.390s][info][gc             ] GC(1233) Pause Young (Allocation Failure) 40M->37M(57M) 1.648ms
[2026-06-17T09:52:11.644+0800][30.390s][info][gc,cpu         ] GC(1233) User=0.00s Sys=0.00s Real=0.00s
[2026-06-17T09:52:11.666+0800][30.412s][info][gc,start       ] GC(1234) Pause Young (Allocation Failure)
[2026-06-17T09:52:11.668+0800][30.414s][info][gc,heap        ] GC(1234) PSYoungGen: 12913K->3653K(14848K)
[2026-06-17T09:52:11.669+0800][30.414s][info][gc,heap        ] GC(1234) ParOldGen: 33245K->35456K(44032K)
[2026-06-17T09:52:11.669+0800][30.415s][info][gc,metaspace   ] GC(1234) Metaspace: 3161K(4864K)->3161K(4864K) NonClass: 2855K(4352K)->2855K(4352K) Class: 305K(512K)->305K(512K)
[2026-06-17T09:52:11.669+0800][30.415s][info][gc             ] GC(1234) Pause Young (Allocation Failure) 45M->38M(57M) 3.363ms
[2026-06-17T09:52:11.669+0800][30.415s][info][gc,cpu         ] GC(1234) User=0.00s Sys=0.00s Real=0.00s
[2026-06-17T09:52:11.691+0800][30.437s][info][gc,start       ] GC(1235) Pause Young (Allocation Failure)
[2026-06-17T09:52:11.692+0800][30.438s][info][gc,heap        ] GC(1235) PSYoungGen: 11823K->3020K(15360K)
[2026-06-17T09:52:11.692+0800][30.438s][info][gc,heap        ] GC(1235) ParOldGen: 35456K->37592K(44032K)
[2026-06-17T09:52:11.693+0800][30.438s][info][gc,metaspace   ] GC(1235) Metaspace: 3161K(4864K)->3161K(4864K) NonClass: 2855K(4352K)->2855K(4352K) Class: 305K(512K)->305K(512K)
[2026-06-17T09:52:11.693+0800][30.439s][info][gc             ] GC(1235) Pause Young (Allocation Failure) 46M->39M(58M) 2.207ms
[2026-06-17T09:52:11.693+0800][30.439s][info][gc,cpu         ] GC(1235) User=0.01s Sys=0.00s Real=0.00s
[2026-06-17T09:52:11.715+0800][30.461s][info][gc,start       ] GC(1236) Pause Young (Allocation Failure)
[2026-06-17T09:52:11.716+0800][30.461s][info][gc,heap        ] GC(1236) PSYoungGen: 11676K->2489K(14848K)
[2026-06-17T09:52:11.716+0800][30.462s][info][gc,heap        ] GC(1236) ParOldGen: 37592K->39646K(44032K)
[2026-06-17T09:52:11.716+0800][30.462s][info][gc,metaspace   ] GC(1236) Metaspace: 3161K(4864K)->3161K(4864K) NonClass: 2855K(4352K)->2855K(4352K) Class: 305K(512K)->305K(512K)
[2026-06-17T09:52:11.716+0800][30.462s][info][gc             ] GC(1236) Pause Young (Allocation Failure) 48M->41M(57M) 1.444ms
[2026-06-17T09:52:11.716+0800][30.462s][info][gc,cpu         ] GC(1236) User=0.00s Sys=0.00s Real=0.00s
[2026-06-17T09:52:11.737+0800][30.483s][info][gc,start       ] GC(1237) Pause Young (Allocation Failure)
[2026-06-17T09:52:11.739+0800][30.485s][info][gc,heap        ] GC(1237) PSYoungGen: 11189K->4112K(15360K)
[2026-06-17T09:52:11.739+0800][30.485s][info][gc,heap        ] GC(1237) ParOldGen: 39646K->39646K(44032K)
[2026-06-17T09:52:11.740+0800][30.485s][info][gc,metaspace   ] GC(1237) Metaspace: 3161K(4864K)->3161K(4864K) NonClass: 2855K(4352K)->2855K(4352K) Class: 305K(512K)->305K(512K)
[2026-06-17T09:52:11.740+0800][30.486s][info][gc             ] GC(1237) Pause Young (Allocation Failure) 49M->42M(58M) 2.620ms
[2026-06-17T09:52:11.741+0800][30.486s][info][gc,cpu         ] GC(1237) User=0.00s Sys=0.00s Real=0.00s
[2026-06-17T09:52:11.762+0800][30.508s][info][gc,start       ] GC(1238) Pause Young (Allocation Failure)
[2026-06-17T09:52:11.764+0800][30.510s][info][gc,heap        ] GC(1238) PSYoungGen: 13299K->6075K(15360K)
[2026-06-17T09:52:11.764+0800][30.510s][info][gc,heap        ] GC(1238) ParOldGen: 39646K->39646K(44032K)
[2026-06-17T09:52:11.765+0800][30.511s][info][gc,metaspace   ] GC(1238) Metaspace: 3161K(4864K)->3161K(4864K) NonClass: 2855K(4352K)->2855K(4352K) Class: 305K(512K)->305K(512K)
[2026-06-17T09:52:11.765+0800][30.511s][info][gc             ] GC(1238) Pause Young (Allocation Failure) 51M->44M(58M) 3.032ms
[2026-06-17T09:52:11.766+0800][30.511s][info][gc,cpu         ] GC(1238) User=0.00s Sys=0.00s Real=0.01s
[2026-06-17T09:52:11.788+0800][30.534s][info][gc,start       ] GC(1239) Pause Young (Allocation Failure)
[2026-06-17T09:52:11.789+0800][30.535s][info][gc,heap        ] GC(1239) PSYoungGen: 15144K->4350K(14336K)
[2026-06-17T09:52:11.790+0800][30.536s][info][gc,heap        ] GC(1239) ParOldGen: 39646K->39646K(44032K)
[2026-06-17T09:52:11.790+0800][30.536s][info][gc,metaspace   ] GC(1239) Metaspace: 3161K(4864K)->3161K(4864K) NonClass: 2855K(4352K)->2855K(4352K) Class: 305K(512K)->305K(512K)
[2026-06-17T09:52:11.791+0800][30.537s][info][gc             ] GC(1239) Pause Young (Allocation Failure) 53M->42M(57M) 2.944ms
[2026-06-17T09:52:11.791+0800][30.537s][info][gc,cpu         ] GC(1239) User=0.01s Sys=0.00s Real=0.01s
[2026-06-17T09:52:11.813+0800][30.559s][info][gc,start       ] GC(1240) Pause Young (Allocation Failure)
[2026-06-17T09:52:11.814+0800][30.560s][info][gc,heap        ] GC(1240) PSYoungGen: 12527K->6654K(14848K)
[2026-06-17T09:52:11.815+0800][30.561s][info][gc,heap        ] GC(1240) ParOldGen: 39646K->42149K(44032K)
[2026-06-17T09:52:11.815+0800][30.561s][info][gc,metaspace   ] GC(1240) Metaspace: 3161K(4864K)->3161K(4864K) NonClass: 2855K(4352K)->2855K(4352K) Class: 305K(512K)->305K(512K)
[2026-06-17T09:52:11.815+0800][30.561s][info][gc             ] GC(1240) Pause Young (Allocation Failure) 50M->47M(57M) 2.327ms
[2026-06-17T09:52:11.815+0800][30.561s][info][gc,cpu         ] GC(1240) User=0.00s Sys=0.00s Real=0.00s
[2026-06-17T09:52:11.816+0800][30.561s][info][gc,start       ] GC(1241) Pause Full (Ergonomics)
[2026-06-17T09:52:11.816+0800][30.562s][info][gc,phases,start] GC(1241) Marking Phase
[2026-06-17T09:52:11.817+0800][30.563s][info][gc,phases      ] GC(1241) Marking Phase 1.158ms
[2026-06-17T09:52:11.817+0800][30.563s][info][gc,phases,start] GC(1241) Summary Phase
[2026-06-17T09:52:11.818+0800][30.564s][info][gc,phases      ] GC(1241) Summary Phase 0.273ms
[2026-06-17T09:52:11.818+0800][30.564s][info][gc,phases,start] GC(1241) Adjust Roots
[2026-06-17T09:52:11.818+0800][30.564s][info][gc,phases      ] GC(1241) Adjust Roots 0.275ms
[2026-06-17T09:52:11.818+0800][30.564s][info][gc,phases,start] GC(1241) Compaction Phase
[2026-06-17T09:52:11.820+0800][30.566s][info][gc,phases      ] GC(1241) Compaction Phase 2.027ms
[2026-06-17T09:52:11.821+0800][30.567s][info][gc,phases,start] GC(1241) Post Compact
[2026-06-17T09:52:11.821+0800][30.567s][info][gc,phases      ] GC(1241) Post Compact 0.239ms
[2026-06-17T09:52:11.821+0800][30.567s][info][gc,heap        ] GC(1241) PSYoungGen: 6654K->0K(13824K)
[2026-06-17T09:52:11.821+0800][30.567s][info][gc,heap        ] GC(1241) ParOldGen: 42149K->28945K(44032K)
[2026-06-17T09:52:11.821+0800][30.567s][info][gc,metaspace   ] GC(1241) Metaspace: 3161K(4864K)->3161K(4864K) NonClass: 2855K(4352K)->2855K(4352K) Class: 305K(512K)->305K(512K)
[2026-06-17T09:52:11.821+0800][30.567s][info][gc             ] GC(1241) Pause Full (Ergonomics) 47M->28M(56M) 5.846ms
[2026-06-17T09:52:11.822+0800][30.567s][info][gc,cpu         ] GC(1241) User=0.00s Sys=0.00s Real=0.00s
[2026-06-17T09:52:11.843+0800][30.589s][info][gc,start       ] GC(1242) Pause Young (Allocation Failure)
[2026-06-17T09:52:11.844+0800][30.590s][info][gc,heap        ] GC(1242) PSYoungGen: 7148K->3711K(14336K)
[2026-06-17T09:52:11.844+0800][30.590s][info][gc,heap        ] GC(1242) ParOldGen: 28945K->28945K(44032K)
[2026-06-17T09:52:11.844+0800][30.590s][info][gc,metaspace   ] GC(1242) Metaspace: 3161K(4864K)->3161K(4864K) NonClass: 2855K(4352K)->2855K(4352K) Class: 305K(512K)->305K(512K)
[2026-06-17T09:52:11.845+0800][30.590s][info][gc             ] GC(1242) Pause Young (Allocation Failure) 35M->31M(57M) 1.906ms
[2026-06-17T09:52:11.845+0800][30.591s][info][gc,cpu         ] GC(1242) User=0.00s Sys=0.00s Real=0.00s
[2026-06-17T09:52:11.866+0800][30.612s][info][gc,start       ] GC(1243) Pause Young (Allocation Failure)
[2026-06-17T09:52:11.869+0800][30.614s][info][gc,heap        ] GC(1243) PSYoungGen: 10878K->4110K(14336K)
[2026-06-17T09:52:11.869+0800][30.615s][info][gc,heap        ] GC(1243) ParOldGen: 28945K->28945K(44032K)
[2026-06-17T09:52:11.869+0800][30.615s][info][gc,metaspace   ] GC(1243) Metaspace: 3161K(4864K)->3161K(4864K) NonClass: 2855K(4352K)->2855K(4352K) Class: 305K(512K)->305K(512K)
[2026-06-17T09:52:11.870+0800][30.616s][info][gc             ] GC(1243) Pause Young (Allocation Failure) 38M->32M(57M) 3.586ms
[2026-06-17T09:52:11.870+0800][30.616s][info][gc,cpu         ] GC(1243) User=0.00s Sys=0.00s Real=0.00s
[2026-06-17T09:52:11.882+0800][30.628s][info][gc,start       ] GC(1244) Pause Young (Allocation Failure)
[2026-06-17T09:52:11.884+0800][30.630s][info][gc,heap        ] GC(1244) PSYoungGen: 11261K->7123K(14336K)
[2026-06-17T09:52:11.884+0800][30.630s][info][gc,heap        ] GC(1244) ParOldGen: 28945K->29342K(44032K)
[2026-06-17T09:52:11.885+0800][30.631s][info][gc,metaspace   ] GC(1244) Metaspace: 3161K(4864K)->3161K(4864K) NonClass: 2855K(4352K)->2855K(4352K) Class: 305K(512K)->305K(512K)
[2026-06-17T09:52:11.886+0800][30.631s][info][gc             ] GC(1244) Pause Young (Allocation Failure) 39M->35M(57M) 3.843ms
[2026-06-17T09:52:11.886+0800][30.632s][info][gc,cpu         ] GC(1244) User=0.00s Sys=0.00s Real=0.01s
[2026-06-17T09:52:11.908+0800][30.654s][info][gc,start       ] GC(1245) Pause Young (Allocation Failure)
[2026-06-17T09:52:11.910+0800][30.656s][info][gc,heap        ] GC(1245) PSYoungGen: 14284K->3722K(14336K)
[2026-06-17T09:52:11.911+0800][30.657s][info][gc,heap        ] GC(1245) ParOldGen: 29342K->32927K(44032K)
[2026-06-17T09:52:11.911+0800][30.657s][info][gc,metaspace   ] GC(1245) Metaspace: 3161K(4864K)->3161K(4864K) NonClass: 2855K(4352K)->2855K(4352K) Class: 305K(512K)->305K(512K)
[2026-06-17T09:52:11.912+0800][30.658s][info][gc             ] GC(1245) Pause Young (Allocation Failure) 42M->35M(57M) 4.039ms
[2026-06-17T09:52:11.912+0800][30.658s][info][gc,cpu         ] GC(1245) User=0.01s Sys=0.00s Real=0.01s
[2026-06-17T09:52:11.935+0800][30.681s][info][gc,start       ] GC(1246) Pause Young (Allocation Failure)
[2026-06-17T09:52:11.937+0800][30.683s][info][gc,heap        ] GC(1246) PSYoungGen: 10887K->2458K(14336K)
[2026-06-17T09:52:11.938+0800][30.684s][info][gc,heap        ] GC(1246) ParOldGen: 32927K->34367K(44032K)
[2026-06-17T09:52:11.939+0800][30.684s][info][gc,metaspace   ] GC(1246) Metaspace: 3161K(4864K)->3161K(4864K) NonClass: 2855K(4352K)->2855K(4352K) Class: 305K(512K)->305K(512K)
[2026-06-17T09:52:11.939+0800][30.685s][info][gc             ] GC(1246) Pause Young (Allocation Failure) 42M->35M(57M) 4.307ms
[2026-06-17T09:52:11.940+0800][30.686s][info][gc,cpu         ] GC(1246) User=0.00s Sys=0.00s Real=0.00s
[2026-06-17T09:52:11.952+0800][30.698s][info][gc,start       ] GC(1247) Pause Young (Allocation Failure)
[2026-06-17T09:52:11.953+0800][30.699s][info][gc,heap        ] GC(1247) PSYoungGen: 9545K->698K(14336K)
[2026-06-17T09:52:11.954+0800][30.700s][info][gc,heap        ] GC(1247) ParOldGen: 34367K->36255K(44032K)
[2026-06-17T09:52:11.954+0800][30.700s][info][gc,metaspace   ] GC(1247) Metaspace: 3161K(4864K)->3161K(4864K) NonClass: 2855K(4352K)->2855K(4352K) Class: 305K(512K)->305K(512K)
[2026-06-17T09:52:11.955+0800][30.701s][info][gc             ] GC(1247) Pause Young (Allocation Failure) 42M->36M(57M) 2.934ms
[2026-06-17T09:52:11.955+0800][30.701s][info][gc,cpu         ] GC(1247) User=0.00s Sys=0.00s Real=0.00s
[2026-06-17T09:52:11.977+0800][30.723s][info][gc,start       ] GC(1248) Pause Young (Allocation Failure)
[2026-06-17T09:52:11.981+0800][30.727s][info][gc,heap        ] GC(1248) PSYoungGen: 7820K->3600K(14336K)
[2026-06-17T09:52:11.984+0800][30.730s][info][gc,heap        ] GC(1248) ParOldGen: 36255K->36929K(44032K)
[2026-06-17T09:52:11.986+0800][30.732s][info][gc,metaspace   ] GC(1248) Metaspace: 3161K(4864K)->3161K(4864K) NonClass: 2855K(4352K)->2855K(4352K) Class: 305K(512K)->305K(512K)
[2026-06-17T09:52:11.990+0800][30.736s][info][gc             ] GC(1248) Pause Young (Allocation Failure) 43M->39M(57M) 12.689ms
[2026-06-17T09:52:11.991+0800][30.737s][info][gc,cpu         ] GC(1248) User=0.01s Sys=0.00s Real=0.02s
[2026-06-17T09:52:12.013+0800][30.759s][info][gc,start       ] GC(1249) Pause Young (Allocation Failure)
[2026-06-17T09:52:12.015+0800][30.761s][info][gc,heap        ] GC(1249) PSYoungGen: 10768K->2731K(14336K)
[2026-06-17T09:52:12.016+0800][30.761s][info][gc,heap        ] GC(1249) ParOldGen: 36929K->38156K(44032K)
[2026-06-17T09:52:12.016+0800][30.762s][info][gc,metaspace   ] GC(1249) Metaspace: 3161K(4864K)->3161K(4864K) NonClass: 2855K(4352K)->2855K(4352K) Class: 305K(512K)->305K(512K)
[2026-06-17T09:52:12.017+0800][30.762s][info][gc             ] GC(1249) Pause Young (Allocation Failure) 46M->39M(57M) 3.599ms
[2026-06-17T09:52:12.017+0800][30.763s][info][gc,cpu         ] GC(1249) User=0.00s Sys=0.00s Real=0.00s
[2026-06-17T09:52:12.039+0800][30.785s][info][gc,start       ] GC(1250) Pause Young (Allocation Failure)
[2026-06-17T09:52:12.041+0800][30.787s][info][gc,heap        ] GC(1250) PSYoungGen: 9855K->1433K(14336K)
[2026-06-17T09:52:12.042+0800][30.788s][info][gc,heap        ] GC(1250) ParOldGen: 38156K->39940K(44032K)
[2026-06-17T09:52:12.043+0800][30.789s][info][gc,metaspace   ] GC(1250) Metaspace: 3161K(4864K)->3161K(4864K) NonClass: 2855K(4352K)->2855K(4352K) Class: 305K(512K)->305K(512K)
[2026-06-17T09:52:12.044+0800][30.789s][info][gc             ] GC(1250) Pause Young (Allocation Failure) 46M->40M(57M) 4.267ms
[2026-06-17T09:52:12.044+0800][30.790s][info][gc,cpu         ] GC(1250) User=0.00s Sys=0.00s Real=0.01s
[2026-06-17T09:52:12.056+0800][30.802s][info][gc,start       ] GC(1251) Pause Young (Allocation Failure)
[2026-06-17T09:52:12.058+0800][30.804s][info][gc,heap        ] GC(1251) PSYoungGen: 8589K->4943K(14336K)
[2026-06-17T09:52:12.059+0800][30.805s][info][gc,heap        ] GC(1251) ParOldGen: 39940K->39940K(44032K)
[2026-06-17T09:52:12.060+0800][30.805s][info][gc,metaspace   ] GC(1251) Metaspace: 3161K(4864K)->3161K(4864K) NonClass: 2855K(4352K)->2855K(4352K) Class: 305K(512K)->305K(512K)
[2026-06-17T09:52:12.060+0800][30.806s][info][gc             ] GC(1251) Pause Young (Allocation Failure) 47M->43M(57M) 4.154ms
[2026-06-17T09:52:12.061+0800][30.807s][info][gc,cpu         ] GC(1251) User=0.01s Sys=0.00s Real=0.00s
[2026-06-17T09:52:12.084+0800][30.829s][info][gc,start       ] GC(1252) Pause Young (Allocation Failure)
[2026-06-17T09:52:12.087+0800][30.833s][info][gc,heap        ] GC(1252) PSYoungGen: 12084K->3326K(14336K)
[2026-06-17T09:52:12.088+0800][30.834s][info][gc,heap        ] GC(1252) ParOldGen: 39940K->41783K(44032K)
[2026-06-17T09:52:12.089+0800][30.834s][info][gc,metaspace   ] GC(1252) Metaspace: 3161K(4864K)->3161K(4864K) NonClass: 2855K(4352K)->2855K(4352K) Class: 305K(512K)->305K(512K)
[2026-06-17T09:52:12.089+0800][30.835s][info][gc             ] GC(1252) Pause Young (Allocation Failure) 50M->44M(57M) 5.745ms
[2026-06-17T09:52:12.090+0800][30.836s][info][gc,cpu         ] GC(1252) User=0.00s Sys=0.00s Real=0.00s
[2026-06-17T09:52:12.091+0800][30.837s][info][gc,start       ] GC(1253) Pause Full (Ergonomics)
[2026-06-17T09:52:12.091+0800][30.837s][info][gc,phases,start] GC(1253) Marking Phase
[2026-06-17T09:52:12.093+0800][30.839s][info][gc,phases      ] GC(1253) Marking Phase 2.178ms
[2026-06-17T09:52:12.094+0800][30.840s][info][gc,phases,start] GC(1253) Summary Phase
[2026-06-17T09:52:12.095+0800][30.841s][info][gc,phases      ] GC(1253) Summary Phase 0.580ms
[2026-06-17T09:52:12.095+0800][30.841s][info][gc,phases,start] GC(1253) Adjust Roots
[2026-06-17T09:52:12.096+0800][30.842s][info][gc,phases      ] GC(1253) Adjust Roots 0.780ms
[2026-06-17T09:52:12.097+0800][30.843s][info][gc,phases,start] GC(1253) Compaction Phase
[2026-06-17T09:52:12.100+0800][30.845s][info][gc,phases      ] GC(1253) Compaction Phase 2.854ms
[2026-06-17T09:52:12.100+0800][30.846s][info][gc,phases,start] GC(1253) Post Compact
[2026-06-17T09:52:12.101+0800][30.846s][info][gc,phases      ] GC(1253) Post Compact 0.519ms
[2026-06-17T09:52:12.101+0800][30.847s][info][gc,heap        ] GC(1253) PSYoungGen: 3326K->0K(14336K)
[2026-06-17T09:52:12.101+0800][30.847s][info][gc,heap        ] GC(1253) ParOldGen: 41783K->31135K(44032K)
[2026-06-17T09:52:12.102+0800][30.847s][info][gc,metaspace   ] GC(1253) Metaspace: 3161K(4864K)->3161K(4864K) NonClass: 2855K(4352K)->2855K(4352K) Class: 305K(512K)->305K(512K)
[2026-06-17T09:52:12.102+0800][30.848s][info][gc             ] GC(1253) Pause Full (Ergonomics) 44M->30M(57M) 11.067ms
[2026-06-17T09:52:12.102+0800][30.848s][info][gc,cpu         ] GC(1253) User=0.01s Sys=0.00s Real=0.00s
[2026-06-17T09:52:12.124+0800][30.869s][info][gc,start       ] GC(1254) Pause Young (Allocation Failure)
[2026-06-17T09:52:12.125+0800][30.871s][info][gc,heap        ] GC(1254) PSYoungGen: 7144K->3664K(14336K)
[2026-06-17T09:52:12.126+0800][30.872s][info][gc,heap        ] GC(1254) ParOldGen: 31135K->31135K(44032K)
[2026-06-17T09:52:12.126+0800][30.872s][info][gc,metaspace   ] GC(1254) Metaspace: 3161K(4864K)->3161K(4864K) NonClass: 2855K(4352K)->2855K(4352K) Class: 305K(512K)->305K(512K)
[2026-06-17T09:52:12.127+0800][30.873s][info][gc             ] GC(1254) Pause Young (Allocation Failure) 37M->33M(57M) 3.282ms
[2026-06-17T09:52:12.127+0800][30.873s][info][gc,cpu         ] GC(1254) User=0.00s Sys=0.00s Real=0.00s
[2026-06-17T09:52:12.139+0800][30.885s][info][gc,start       ] GC(1255) Pause Young (Allocation Failure)
[2026-06-17T09:52:12.141+0800][30.887s][info][gc,heap        ] GC(1255) PSYoungGen: 10759K->290K(14336K)
[2026-06-17T09:52:12.141+0800][30.887s][info][gc,heap        ] GC(1255) ParOldGen: 31135K->34311K(44032K)
[2026-06-17T09:52:12.142+0800][30.888s][info][gc,metaspace   ] GC(1255) Metaspace: 3161K(4864K)->3161K(4864K) NonClass: 2855K(4352K)->2855K(4352K) Class: 305K(512K)->305K(512K)
[2026-06-17T09:52:12.142+0800][30.888s][info][gc             ] GC(1255) Pause Young (Allocation Failure) 40M->33M(57M) 3.238ms
[2026-06-17T09:52:12.143+0800][30.889s][info][gc,cpu         ] GC(1255) User=0.00s Sys=0.00s Real=0.01s
[2026-06-17T09:52:12.165+0800][30.911s][info][gc,start       ] GC(1256) Pause Young (Allocation Failure)
[2026-06-17T09:52:12.166+0800][30.912s][info][gc,heap        ] GC(1256) PSYoungGen: 7456K->3641K(14336K)
[2026-06-17T09:52:12.167+0800][30.913s][info][gc,heap        ] GC(1256) ParOldGen: 34311K->34577K(44032K)
[2026-06-17T09:52:12.167+0800][30.913s][info][gc,metaspace   ] GC(1256) Metaspace: 3161K(4864K)->3161K(4864K) NonClass: 2855K(4352K)->2855K(4352K) Class: 305K(512K)->305K(512K)
[2026-06-17T09:52:12.168+0800][30.913s][info][gc             ] GC(1256) Pause Young (Allocation Failure) 40M->37M(57M) 2.889ms
[2026-06-17T09:52:12.168+0800][30.914s][info][gc,cpu         ] GC(1256) User=0.01s Sys=0.00s Real=0.00s
[2026-06-17T09:52:12.190+0800][30.935s][info][gc,start       ] GC(1257) Pause Young (Allocation Failure)
[2026-06-17T09:52:12.191+0800][30.937s][info][gc,heap        ] GC(1257) PSYoungGen: 10803K->2705K(14848K)
[2026-06-17T09:52:12.192+0800][30.937s][info][gc,heap        ] GC(1257) ParOldGen: 34577K->36182K(44032K)
[2026-06-17T09:52:12.192+0800][30.938s][info][gc,metaspace   ] GC(1257) Metaspace: 3161K(4864K)->3161K(4864K) NonClass: 2855K(4352K)->2855K(4352K) Class: 305K(512K)->305K(512K)
[2026-06-17T09:52:12.192+0800][30.938s][info][gc             ] GC(1257) Pause Young (Allocation Failure) 44M->37M(57M) 2.573ms
[2026-06-17T09:52:12.192+0800][30.938s][info][gc,cpu         ] GC(1257) User=0.00s Sys=0.00s Real=0.01s
[2026-06-17T09:52:12.214+0800][30.960s][info][gc,start       ] GC(1258) Pause Young (Allocation Failure)
[2026-06-17T09:52:12.215+0800][30.961s][info][gc,heap        ] GC(1258) PSYoungGen: 10364K->1259K(14336K)
[2026-06-17T09:52:12.216+0800][30.961s][info][gc,heap        ] GC(1258) ParOldGen: 36182K->37865K(44032K)
[2026-06-17T09:52:12.216+0800][30.962s][info][gc,metaspace   ] GC(1258) Metaspace: 3161K(4864K)->3161K(4864K) NonClass: 2855K(4352K)->2855K(4352K) Class: 305K(512K)->305K(512K)
[2026-06-17T09:52:12.216+0800][30.962s][info][gc             ] GC(1258) Pause Young (Allocation Failure) 45M->38M(57M) 2.147ms
[2026-06-17T09:52:12.216+0800][30.962s][info][gc,cpu         ] GC(1258) User=0.00s Sys=0.00s Real=0.00s
[2026-06-17T09:52:12.228+0800][30.973s][info][gc,start       ] GC(1259) Pause Young (Allocation Failure)
[2026-06-17T09:52:12.229+0800][30.975s][info][gc,heap        ] GC(1259) PSYoungGen: 8922K->5494K(13824K)
[2026-06-17T09:52:12.230+0800][30.976s][info][gc,heap        ] GC(1259) ParOldGen: 37865K->37865K(44032K)
[2026-06-17T09:52:12.230+0800][30.976s][info][gc,metaspace   ] GC(1259) Metaspace: 3161K(4864K)->3161K(4864K) NonClass: 2855K(4352K)->2855K(4352K) Class: 305K(512K)->305K(512K)
[2026-06-17T09:52:12.230+0800][30.976s][info][gc             ] GC(1259) Pause Young (Allocation Failure) 45M->42M(56M) 2.759ms
[2026-06-17T09:52:12.231+0800][30.977s][info][gc,cpu         ] GC(1259) User=0.00s Sys=0.00s Real=0.01s
[2026-06-17T09:52:12.252+0800][30.998s][info][gc,start       ] GC(1260) Pause Young (Allocation Failure)
[2026-06-17T09:52:12.254+0800][31.000s][info][gc,heap        ] GC(1260) PSYoungGen: 12610K->3299K(14336K)
[2026-06-17T09:52:12.255+0800][31.001s][info][gc,heap        ] GC(1260) ParOldGen: 37865K->40117K(44032K)
[2026-06-17T09:52:12.257+0800][31.003s][info][gc,metaspace   ] GC(1260) Metaspace: 3161K(4864K)->3161K(4864K) NonClass: 2855K(4352K)->2855K(4352K) Class: 305K(512K)->305K(512K)
[2026-06-17T09:52:12.261+0800][31.006s][info][gc             ] GC(1260) Pause Young (Allocation Failure) 49M->42M(57M) 8.464ms
[2026-06-17T09:52:12.263+0800][31.009s][info][gc,cpu         ] GC(1260) User=0.00s Sys=0.00s Real=0.01s
[2026-06-17T09:52:12.287+0800][31.033s][info][gc,start       ] GC(1261) Pause Young (Allocation Failure)
[2026-06-17T09:52:12.288+0800][31.034s][info][gc,heap        ] GC(1261) PSYoungGen: 10448K->3942K(14848K)
[2026-06-17T09:52:12.289+0800][31.035s][info][gc,heap        ] GC(1261) ParOldGen: 40117K->40117K(44032K)
[2026-06-17T09:52:12.290+0800][31.036s][info][gc,metaspace   ] GC(1261) Metaspace: 3161K(4864K)->3161K(4864K) NonClass: 2855K(4352K)->2855K(4352K) Class: 305K(512K)->305K(512K)
[2026-06-17T09:52:12.291+0800][31.036s][info][gc             ] GC(1261) Pause Young (Allocation Failure) 49M->43M(57M) 3.900ms
[2026-06-17T09:52:12.291+0800][31.037s][info][gc,cpu         ] GC(1261) User=0.01s Sys=0.00s Real=0.01s
[2026-06-17T09:52:12.313+0800][31.059s][info][gc,start       ] GC(1262) Pause Young (Allocation Failure)
[2026-06-17T09:52:12.315+0800][31.061s][info][gc,heap        ] GC(1262) PSYoungGen: 11612K->2990K(14336K)
[2026-06-17T09:52:12.316+0800][31.061s][info][gc,heap        ] GC(1262) ParOldGen: 40117K->42007K(44032K)
[2026-06-17T09:52:12.316+0800][31.062s][info][gc,metaspace   ] GC(1262) Metaspace: 3161K(4864K)->3161K(4864K) NonClass: 2855K(4352K)->2855K(4352K) Class: 305K(512K)->305K(512K)
[2026-06-17T09:52:12.316+0800][31.062s][info][gc             ] GC(1262) Pause Young (Allocation Failure) 50M->43M(57M) 2.850ms
[2026-06-17T09:52:12.316+0800][31.062s][info][gc,cpu         ] GC(1262) User=0.00s Sys=0.00s Real=0.00s
[2026-06-17T09:52:12.317+0800][31.063s][info][gc,start       ] GC(1263) Pause Full (Ergonomics)
[2026-06-17T09:52:12.317+0800][31.063s][info][gc,phases,start] GC(1263) Marking Phase
[2026-06-17T09:52:12.318+0800][31.064s][info][gc,phases      ] GC(1263) Marking Phase 0.990ms
[2026-06-17T09:52:12.318+0800][31.064s][info][gc,phases,start] GC(1263) Summary Phase
[2026-06-17T09:52:12.318+0800][31.064s][info][gc,phases      ] GC(1263) Summary Phase 0.182ms
[2026-06-17T09:52:12.319+0800][31.064s][info][gc,phases,start] GC(1263) Adjust Roots
[2026-06-17T09:52:12.319+0800][31.065s][info][gc,phases      ] GC(1263) Adjust Roots 0.499ms
[2026-06-17T09:52:12.319+0800][31.065s][info][gc,phases,start] GC(1263) Compaction Phase
[2026-06-17T09:52:12.322+0800][31.068s][info][gc,phases      ] GC(1263) Compaction Phase 2.680ms
[2026-06-17T09:52:12.324+0800][31.070s][info][gc,phases,start] GC(1263) Post Compact
[2026-06-17T09:52:12.325+0800][31.070s][info][gc,phases      ] GC(1263) Post Compact 0.299ms
[2026-06-17T09:52:12.325+0800][31.071s][info][gc,heap        ] GC(1263) PSYoungGen: 2990K->0K(14848K)
[2026-06-17T09:52:12.325+0800][31.071s][info][gc,heap        ] GC(1263) ParOldGen: 42007K->22517K(44032K)
[2026-06-17T09:52:12.325+0800][31.071s][info][gc,metaspace   ] GC(1263) Metaspace: 3161K(4864K)->3161K(4864K) NonClass: 2855K(4352K)->2855K(4352K) Class: 305K(512K)->305K(512K)
[2026-06-17T09:52:12.325+0800][31.071s][info][gc             ] GC(1263) Pause Full (Ergonomics) 43M->21M(57M) 8.302ms
[2026-06-17T09:52:12.325+0800][31.071s][info][gc,cpu         ] GC(1263) User=0.01s Sys=0.00s Real=0.01s
[2026-06-17T09:52:12.346+0800][31.092s][info][gc,start       ] GC(1264) Pause Young (Allocation Failure)
[2026-06-17T09:52:12.347+0800][31.093s][info][gc,heap        ] GC(1264) PSYoungGen: 8192K->4978K(13312K)
[2026-06-17T09:52:12.347+0800][31.093s][info][gc,heap        ] GC(1264) ParOldGen: 22517K->22517K(44032K)
[2026-06-17T09:52:12.347+0800][31.093s][info][gc,metaspace   ] GC(1264) Metaspace: 3161K(4864K)->3161K(4864K) NonClass: 2855K(4352K)->2855K(4352K) Class: 305K(512K)->305K(512K)
[2026-06-17T09:52:12.348+0800][31.094s][info][gc             ] GC(1264) Pause Young (Allocation Failure) 29M->26M(56M) 1.359ms
[2026-06-17T09:52:12.348+0800][31.094s][info][gc,cpu         ] GC(1264) User=0.00s Sys=0.00s Real=0.00s
[2026-06-17T09:52:12.369+0800][31.115s][info][gc,start       ] GC(1265) Pause Young (Allocation Failure)
[2026-06-17T09:52:12.370+0800][31.116s][info][gc,heap        ] GC(1265) PSYoungGen: 13168K->2821K(14848K)
[2026-06-17T09:52:12.370+0800][31.116s][info][gc,heap        ] GC(1265) ParOldGen: 22517K->25991K(44032K)
[2026-06-17T09:52:12.371+0800][31.116s][info][gc,metaspace   ] GC(1265) Metaspace: 3161K(4864K)->3161K(4864K) NonClass: 2855K(4352K)->2855K(4352K) Class: 305K(512K)->305K(512K)
[2026-06-17T09:52:12.371+0800][31.117s][info][gc             ] GC(1265) Pause Young (Allocation Failure) 34M->28M(57M) 2.115ms
[2026-06-17T09:52:12.371+0800][31.117s][info][gc,cpu         ] GC(1265) User=0.00s Sys=0.00s Real=0.01s
[2026-06-17T09:52:12.383+0800][31.129s][info][gc,start       ] GC(1266) Pause Young (Allocation Failure)
[2026-06-17T09:52:12.384+0800][31.130s][info][gc,heap        ] GC(1266) PSYoungGen: 10343K->963K(14336K)
[2026-06-17T09:52:12.384+0800][31.130s][info][gc,heap        ] GC(1266) ParOldGen: 25991K->28003K(44032K)
[2026-06-17T09:52:12.384+0800][31.130s][info][gc,metaspace   ] GC(1266) Metaspace: 3161K(4864K)->3161K(4864K) NonClass: 2855K(4352K)->2855K(4352K) Class: 305K(512K)->305K(512K)
[2026-06-17T09:52:12.385+0800][31.131s][info][gc             ] GC(1266) Pause Young (Allocation Failure) 35M->28M(57M) 2.067ms
[2026-06-17T09:52:12.385+0800][31.131s][info][gc,cpu         ] GC(1266) User=0.00s Sys=0.00s Real=0.00s
[2026-06-17T09:52:12.407+0800][31.153s][info][gc,start       ] GC(1267) Pause Young (Allocation Failure)
[2026-06-17T09:52:12.410+0800][31.156s][info][gc,heap        ] GC(1267) PSYoungGen: 8627K->4123K(14848K)
[2026-06-17T09:52:12.410+0800][31.156s][info][gc,heap        ] GC(1267) ParOldGen: 28003K->28942K(44032K)
[2026-06-17T09:52:12.411+0800][31.157s][info][gc,metaspace   ] GC(1267) Metaspace: 3161K(4864K)->3161K(4864K) NonClass: 2855K(4352K)->2855K(4352K) Class: 305K(512K)->305K(512K)
[2026-06-17T09:52:12.412+0800][31.158s][info][gc             ] GC(1267) Pause Young (Allocation Failure) 35M->32M(57M) 4.977ms
[2026-06-17T09:52:12.412+0800][31.158s][info][gc,cpu         ] GC(1267) User=0.01s Sys=0.00s Real=0.01s
[2026-06-17T09:52:12.435+0800][31.180s][info][gc,start       ] GC(1268) Pause Young (Allocation Failure)
[2026-06-17T09:52:12.437+0800][31.183s][info][gc,heap        ] GC(1268) PSYoungGen: 12303K->4273K(14848K)
[2026-06-17T09:52:12.437+0800][31.183s][info][gc,heap        ] GC(1268) ParOldGen: 28942K->30033K(44032K)
[2026-06-17T09:52:12.438+0800][31.184s][info][gc,metaspace   ] GC(1268) Metaspace: 3161K(4864K)->3161K(4864K) NonClass: 2855K(4352K)->2855K(4352K) Class: 305K(512K)->305K(512K)
[2026-06-17T09:52:12.439+0800][31.185s][info][gc             ] GC(1268) Pause Young (Allocation Failure) 40M->33M(57M) 4.506ms
[2026-06-17T09:52:12.440+0800][31.186s][info][gc,cpu         ] GC(1268) User=0.00s Sys=0.00s Real=0.00s
[2026-06-17T09:52:12.462+0800][31.207s][info][gc,start       ] GC(1269) Pause Young (Allocation Failure)
[2026-06-17T09:52:12.463+0800][31.209s][info][gc,heap        ] GC(1269) PSYoungGen: 12412K->149K(13824K)
[2026-06-17T09:52:12.463+0800][31.209s][info][gc,heap        ] GC(1269) ParOldGen: 30033K->32163K(44032K)
[2026-06-17T09:52:12.464+0800][31.210s][info][gc,metaspace   ] GC(1269) Metaspace: 3161K(4864K)->3161K(4864K) NonClass: 2855K(4352K)->2855K(4352K) Class: 305K(512K)->305K(512K)
[2026-06-17T09:52:12.464+0800][31.210s][info][gc             ] GC(1269) Pause Young (Allocation Failure) 41M->31M(56M) 2.655ms
[2026-06-17T09:52:12.465+0800][31.210s][info][gc,cpu         ] GC(1269) User=0.00s Sys=0.00s Real=0.01s
[2026-06-17T09:52:12.486+0800][31.232s][info][gc,start       ] GC(1270) Pause Young (Allocation Failure)
[2026-06-17T09:52:12.488+0800][31.234s][info][gc,heap        ] GC(1270) PSYoungGen: 7287K->3615K(14336K)
[2026-06-17T09:52:12.488+0800][31.234s][info][gc,heap        ] GC(1270) ParOldGen: 32163K->32288K(44032K)
[2026-06-17T09:52:12.488+0800][31.234s][info][gc,metaspace   ] GC(1270) Metaspace: 3161K(4864K)->3161K(4864K) NonClass: 2855K(4352K)->2855K(4352K) Class: 305K(512K)->305K(512K)
[2026-06-17T09:52:12.489+0800][31.235s][info][gc             ] GC(1270) Pause Young (Allocation Failure) 38M->35M(57M) 2.791ms
[2026-06-17T09:52:12.489+0800][31.235s][info][gc,cpu         ] GC(1270) User=0.01s Sys=0.00s Real=0.00s
[2026-06-17T09:52:12.511+0800][31.257s][info][gc,start       ] GC(1271) Pause Young (Allocation Failure)
[2026-06-17T09:52:12.513+0800][31.259s][info][gc,heap        ] GC(1271) PSYoungGen: 10750K->2008K(14848K)
[2026-06-17T09:52:12.513+0800][31.259s][info][gc,heap        ] GC(1271) ParOldGen: 32288K->34084K(44032K)
[2026-06-17T09:52:12.514+0800][31.260s][info][gc,metaspace   ] GC(1271) Metaspace: 3161K(4864K)->3161K(4864K) NonClass: 2855K(4352K)->2855K(4352K) Class: 305K(512K)->305K(512K)
[2026-06-17T09:52:12.515+0800][31.260s][info][gc             ] GC(1271) Pause Young (Allocation Failure) 42M->35M(57M) 3.308ms
[2026-06-17T09:52:12.515+0800][31.261s][info][gc,cpu         ] GC(1271) User=0.00s Sys=0.00s Real=0.00s
[2026-06-17T09:52:12.537+0800][31.283s][info][gc,start       ] GC(1272) Pause Young (Allocation Failure)
[2026-06-17T09:52:12.539+0800][31.284s][info][gc,heap        ] GC(1272) PSYoungGen: 9679K->1002K(14336K)
[2026-06-17T09:52:12.539+0800][31.285s][info][gc,heap        ] GC(1272) ParOldGen: 34084K->35940K(44032K)
[2026-06-17T09:52:12.540+0800][31.285s][info][gc,metaspace   ] GC(1272) Metaspace: 3161K(4864K)->3161K(4864K) NonClass: 2855K(4352K)->2855K(4352K) Class: 305K(512K)->305K(512K)
[2026-06-17T09:52:12.540+0800][31.286s][info][gc             ] GC(1272) Pause Young (Allocation Failure) 42M->36M(57M) 2.871ms
[2026-06-17T09:52:12.540+0800][31.286s][info][gc,cpu         ] GC(1272) User=0.00s Sys=0.00s Real=0.00s
[2026-06-17T09:52:12.552+0800][31.298s][info][gc,start       ] GC(1273) Pause Young (Allocation Failure)
[2026-06-17T09:52:12.553+0800][31.299s][info][gc,heap        ] GC(1273) PSYoungGen: 8641K->5497K(13824K)
[2026-06-17T09:52:12.554+0800][31.300s][info][gc,heap        ] GC(1273) ParOldGen: 35940K->35940K(44032K)
[2026-06-17T09:52:12.554+0800][31.300s][info][gc,metaspace   ] GC(1273) Metaspace: 3161K(4864K)->3161K(4864K) NonClass: 2855K(4352K)->2855K(4352K) Class: 305K(512K)->305K(512K)
[2026-06-17T09:52:12.555+0800][31.301s][info][gc             ] GC(1273) Pause Young (Allocation Failure) 43M->40M(56M) 3.073ms
[2026-06-17T09:52:12.555+0800][31.301s][info][gc,cpu         ] GC(1273) User=0.00s Sys=0.00s Real=0.00s
[2026-06-17T09:52:12.577+0800][31.323s][info][gc,start       ] GC(1274) Pause Young (Allocation Failure)
[2026-06-17T09:52:12.612+0800][31.358s][info][gc,heap        ] GC(1274) PSYoungGen: 12626K->2712K(14336K)
[2026-06-17T09:52:12.613+0800][31.359s][info][gc,heap        ] GC(1274) ParOldGen: 35940K->38803K(44032K)
[2026-06-17T09:52:12.613+0800][31.359s][info][gc,metaspace   ] GC(1274) Metaspace: 3161K(4864K)->3161K(4864K) NonClass: 2855K(4352K)->2855K(4352K) Class: 305K(512K)->305K(512K)
[2026-06-17T09:52:12.614+0800][31.360s][info][gc             ] GC(1274) Pause Young (Allocation Failure) 47M->40M(57M) 37.083ms
[2026-06-17T09:52:12.628+0800][31.374s][info][gc,cpu         ] GC(1274) User=0.00s Sys=0.00s Real=0.05s
[2026-06-17T09:52:12.712+0800][31.458s][info][gc,start       ] GC(1275) Pause Young (Allocation Failure)
[2026-06-17T09:52:12.714+0800][31.460s][info][gc,heap        ] GC(1275) PSYoungGen: 9868K->2746K(14848K)
[2026-06-17T09:52:12.719+0800][31.465s][info][gc,heap        ] GC(1275) ParOldGen: 38803K->38803K(44032K)
[2026-06-17T09:52:12.721+0800][31.467s][info][gc,metaspace   ] GC(1275) Metaspace: 3161K(4864K)->3161K(4864K) NonClass: 2855K(4352K)->2855K(4352K) Class: 305K(512K)->305K(512K)
[2026-06-17T09:52:12.723+0800][31.469s][info][gc             ] GC(1275) Pause Young (Allocation Failure) 47M->40M(57M) 10.794ms
[2026-06-17T09:52:12.726+0800][31.471s][info][gc,cpu         ] GC(1275) User=0.00s Sys=0.00s Real=0.01s
[2026-06-17T09:52:12.738+0800][31.484s][info][gc,start       ] GC(1276) Pause Young (Allocation Failure)
[2026-06-17T09:52:12.740+0800][31.486s][info][gc,heap        ] GC(1276) PSYoungGen: 10353K->3159K(14336K)
[2026-06-17T09:52:12.741+0800][31.486s][info][gc,heap        ] GC(1276) ParOldGen: 38803K->38803K(44032K)
[2026-06-17T09:52:12.741+0800][31.487s][info][gc,metaspace   ] GC(1276) Metaspace: 3161K(4864K)->3161K(4864K) NonClass: 2855K(4352K)->2855K(4352K) Class: 305K(512K)->305K(512K)
[2026-06-17T09:52:12.742+0800][31.488s][info][gc             ] GC(1276) Pause Young (Allocation Failure) 48M->40M(57M) 3.570ms
[2026-06-17T09:52:12.742+0800][31.488s][info][gc,cpu         ] GC(1276) User=0.00s Sys=0.00s Real=0.00s
[2026-06-17T09:52:12.764+0800][31.510s][info][gc,start       ] GC(1277) Pause Young (Allocation Failure)
[2026-06-17T09:52:12.766+0800][31.512s][info][gc,heap        ] GC(1277) PSYoungGen: 10835K->5204K(13824K)
[2026-06-17T09:52:12.766+0800][31.512s][info][gc,heap        ] GC(1277) ParOldGen: 38803K->40823K(44032K)
[2026-06-17T09:52:12.767+0800][31.513s][info][gc,metaspace   ] GC(1277) Metaspace: 3161K(4864K)->3161K(4864K) NonClass: 2855K(4352K)->2855K(4352K) Class: 305K(512K)->305K(512K)
[2026-06-17T09:52:12.767+0800][31.513s][info][gc             ] GC(1277) Pause Young (Allocation Failure) 48M->44M(56M) 3.030ms
[2026-06-17T09:52:12.767+0800][31.513s][info][gc,cpu         ] GC(1277) User=0.00s Sys=0.00s Real=0.00s
[2026-06-17T09:52:12.768+0800][31.514s][info][gc,start       ] GC(1278) Pause Full (Ergonomics)
[2026-06-17T09:52:12.768+0800][31.514s][info][gc,phases,start] GC(1278) Marking Phase
[2026-06-17T09:52:12.769+0800][31.515s][info][gc,phases      ] GC(1278) Marking Phase 0.949ms
[2026-06-17T09:52:12.770+0800][31.516s][info][gc,phases,start] GC(1278) Summary Phase
[2026-06-17T09:52:12.770+0800][31.516s][info][gc,phases      ] GC(1278) Summary Phase 0.209ms
[2026-06-17T09:52:12.770+0800][31.516s][info][gc,phases,start] GC(1278) Adjust Roots
[2026-06-17T09:52:12.770+0800][31.516s][info][gc,phases      ] GC(1278) Adjust Roots 0.207ms
[2026-06-17T09:52:12.770+0800][31.516s][info][gc,phases,start] GC(1278) Compaction Phase
[2026-06-17T09:52:12.772+0800][31.518s][info][gc,phases      ] GC(1278) Compaction Phase 1.739ms
[2026-06-17T09:52:12.772+0800][31.518s][info][gc,phases,start] GC(1278) Post Compact
[2026-06-17T09:52:12.773+0800][31.519s][info][gc,phases      ] GC(1278) Post Compact 0.324ms
[2026-06-17T09:52:12.773+0800][31.519s][info][gc,heap        ] GC(1278) PSYoungGen: 5204K->0K(14336K)
[2026-06-17T09:52:12.773+0800][31.519s][info][gc,heap        ] GC(1278) ParOldGen: 40823K->32856K(44032K)
[2026-06-17T09:52:12.773+0800][31.519s][info][gc,metaspace   ] GC(1278) Metaspace: 3161K(4864K)->3161K(4864K) NonClass: 2855K(4352K)->2855K(4352K) Class: 305K(512K)->305K(512K)
[2026-06-17T09:52:12.774+0800][31.519s][info][gc             ] GC(1278) Pause Full (Ergonomics) 44M->32M(57M) 5.815ms
[2026-06-17T09:52:12.774+0800][31.520s][info][gc,cpu         ] GC(1278) User=0.00s Sys=0.00s Real=0.01s
[2026-06-17T09:52:12.795+0800][31.541s][info][gc,start       ] GC(1279) Pause Young (Allocation Failure)
[2026-06-17T09:52:12.798+0800][31.544s][info][gc,heap        ] GC(1279) PSYoungGen: 7143K->3801K(14848K)
[2026-06-17T09:52:12.799+0800][31.545s][info][gc,heap        ] GC(1279) ParOldGen: 32856K->32856K(44032K)
[2026-06-17T09:52:12.802+0800][31.548s][info][gc,metaspace   ] GC(1279) Metaspace: 3161K(4864K)->3161K(4864K) NonClass: 2855K(4352K)->2855K(4352K) Class: 305K(512K)->305K(512K)
[2026-06-17T09:52:12.805+0800][31.551s][info][gc             ] GC(1279) Pause Young (Allocation Failure) 39M->35M(57M) 10.198ms
[2026-06-17T09:52:12.806+0800][31.551s][info][gc,cpu         ] GC(1279) User=0.00s Sys=0.00s Real=0.01s
[2026-06-17T09:52:12.828+0800][31.574s][info][gc,start       ] GC(1280) Pause Young (Allocation Failure)
[2026-06-17T09:52:12.830+0800][31.575s][info][gc,heap        ] GC(1280) PSYoungGen: 11449K->1539K(14336K)
[2026-06-17T09:52:12.831+0800][31.577s][info][gc,heap        ] GC(1280) ParOldGen: 32856K->35492K(44032K)
[2026-06-17T09:52:12.831+0800][31.577s][info][gc,metaspace   ] GC(1280) Metaspace: 3161K(4864K)->3161K(4864K) NonClass: 2855K(4352K)->2855K(4352K) Class: 305K(512K)->305K(512K)
[2026-06-17T09:52:12.832+0800][31.578s][info][gc             ] GC(1280) Pause Young (Allocation Failure) 43M->36M(57M) 3.981ms
[2026-06-17T09:52:12.832+0800][31.578s][info][gc,cpu         ] GC(1280) User=0.01s Sys=0.00s Real=0.01s
[2026-06-17T09:52:12.854+0800][31.600s][info][gc,start       ] GC(1281) Pause Young (Allocation Failure)
[2026-06-17T09:52:12.856+0800][31.602s][info][gc,heap        ] GC(1281) PSYoungGen: 9211K->2151K(14848K)
[2026-06-17T09:52:12.856+0800][31.602s][info][gc,heap        ] GC(1281) ParOldGen: 35492K->35492K(44032K)
[2026-06-17T09:52:12.857+0800][31.603s][info][gc,metaspace   ] GC(1281) Metaspace: 3161K(4864K)->3161K(4864K) NonClass: 2855K(4352K)->2855K(4352K) Class: 305K(512K)->305K(512K)
[2026-06-17T09:52:12.857+0800][31.603s][info][gc             ] GC(1281) Pause Young (Allocation Failure) 43M->36M(57M) 3.093ms
[2026-06-17T09:52:12.858+0800][31.604s][info][gc,cpu         ] GC(1281) User=0.00s Sys=0.00s Real=0.00s
[2026-06-17T09:52:12.870+0800][31.616s][info][gc,start       ] GC(1282) Pause Young (Allocation Failure)
[2026-06-17T09:52:12.871+0800][31.617s][info][gc,heap        ] GC(1282) PSYoungGen: 10297K->1401K(14848K)
[2026-06-17T09:52:12.872+0800][31.618s][info][gc,heap        ] GC(1282) ParOldGen: 35492K->37587K(44032K)
[2026-06-17T09:52:12.872+0800][31.618s][info][gc,metaspace   ] GC(1282) Metaspace: 3161K(4864K)->3161K(4864K) NonClass: 2855K(4352K)->2855K(4352K) Class: 305K(512K)->305K(512K)
[2026-06-17T09:52:12.873+0800][31.619s][info][gc             ] GC(1282) Pause Young (Allocation Failure) 44M->38M(57M) 3.055ms
[2026-06-17T09:52:12.873+0800][31.619s][info][gc,cpu         ] GC(1282) User=0.00s Sys=0.00s Real=0.01s
[2026-06-17T09:52:12.895+0800][31.641s][info][gc,start       ] GC(1283) Pause Young (Allocation Failure)
[2026-06-17T09:52:12.897+0800][31.643s][info][gc,heap        ] GC(1283) PSYoungGen: 8737K->688K(14848K)
[2026-06-17T09:52:12.897+0800][31.643s][info][gc,heap        ] GC(1283) ParOldGen: 37587K->38965K(44032K)
[2026-06-17T09:52:12.898+0800][31.644s][info][gc,metaspace   ] GC(1283) Metaspace: 3161K(4864K)->3161K(4864K) NonClass: 2855K(4352K)->2855K(4352K) Class: 305K(512K)->305K(512K)
[2026-06-17T09:52:12.899+0800][31.644s][info][gc             ] GC(1283) Pause Young (Allocation Failure) 45M->38M(57M) 3.554ms
[2026-06-17T09:52:12.899+0800][31.645s][info][gc,cpu         ] GC(1283) User=0.01s Sys=0.00s Real=0.00s
[2026-06-17T09:52:12.921+0800][31.667s][info][gc,start       ] GC(1284) Pause Young (Allocation Failure)
[2026-06-17T09:52:12.924+0800][31.670s][info][gc,heap        ] GC(1284) PSYoungGen: 8855K->4702K(13312K)
[2026-06-17T09:52:12.925+0800][31.671s][info][gc,heap        ] GC(1284) ParOldGen: 38965K->39653K(44032K)
[2026-06-17T09:52:12.925+0800][31.671s][info][gc,metaspace   ] GC(1284) Metaspace: 3161K(4864K)->3161K(4864K) NonClass: 2855K(4352K)->2855K(4352K) Class: 305K(512K)->305K(512K)
[2026-06-17T09:52:12.926+0800][31.672s][info][gc             ] GC(1284) Pause Young (Allocation Failure) 46M->43M(56M) 4.967ms
[2026-06-17T09:52:12.927+0800][31.673s][info][gc,cpu         ] GC(1284) User=0.00s Sys=0.00s Real=0.01s
[2026-06-17T09:52:12.950+0800][31.696s][info][gc,start       ] GC(1285) Pause Young (Allocation Failure)
[2026-06-17T09:52:12.952+0800][31.698s][info][gc,heap        ] GC(1285) PSYoungGen: 12869K->2809K(14848K)
[2026-06-17T09:52:12.953+0800][31.698s][info][gc,heap        ] GC(1285) ParOldGen: 39653K->42821K(44032K)
[2026-06-17T09:52:12.953+0800][31.699s][info][gc,metaspace   ] GC(1285) Metaspace: 3161K(4864K)->3161K(4864K) NonClass: 2855K(4352K)->2855K(4352K) Class: 305K(512K)->305K(512K)
[2026-06-17T09:52:12.954+0800][31.700s][info][gc             ] GC(1285) Pause Young (Allocation Failure) 51M->44M(57M) 3.900ms
[2026-06-17T09:52:12.954+0800][31.700s][info][gc,cpu         ] GC(1285) User=0.00s Sys=0.00s Real=0.01s
[2026-06-17T09:52:12.955+0800][31.701s][info][gc,start       ] GC(1286) Pause Full (Ergonomics)
[2026-06-17T09:52:12.955+0800][31.701s][info][gc,phases,start] GC(1286) Marking Phase
[2026-06-17T09:52:12.957+0800][31.703s][info][gc,phases      ] GC(1286) Marking Phase 1.642ms
[2026-06-17T09:52:12.957+0800][31.703s][info][gc,phases,start] GC(1286) Summary Phase
[2026-06-17T09:52:12.958+0800][31.704s][info][gc,phases      ] GC(1286) Summary Phase 0.416ms
[2026-06-17T09:52:12.958+0800][31.704s][info][gc,phases,start] GC(1286) Adjust Roots
[2026-06-17T09:52:12.959+0800][31.705s][info][gc,phases      ] GC(1286) Adjust Roots 0.663ms
[2026-06-17T09:52:12.959+0800][31.705s][info][gc,phases,start] GC(1286) Compaction Phase
[2026-06-17T09:52:12.962+0800][31.707s][info][gc,phases      ] GC(1286) Compaction Phase 2.439ms
[2026-06-17T09:52:12.962+0800][31.708s][info][gc,phases,start] GC(1286) Post Compact
[2026-06-17T09:52:12.962+0800][31.708s][info][gc,phases      ] GC(1286) Post Compact 0.341ms
[2026-06-17T09:52:12.962+0800][31.708s][info][gc,heap        ] GC(1286) PSYoungGen: 2809K->0K(14336K)
[2026-06-17T09:52:12.963+0800][31.709s][info][gc,heap        ] GC(1286) ParOldGen: 42821K->25896K(44032K)
[2026-06-17T09:52:12.963+0800][31.709s][info][gc,metaspace   ] GC(1286) Metaspace: 3161K(4864K)->3161K(4864K) NonClass: 2855K(4352K)->2855K(4352K) Class: 305K(512K)->305K(512K)
[2026-06-17T09:52:12.963+0800][31.709s][info][gc             ] GC(1286) Pause Full (Ergonomics) 44M->25M(57M) 8.069ms
[2026-06-17T09:52:12.963+0800][31.709s][info][gc,cpu         ] GC(1286) User=0.01s Sys=0.00s Real=0.01s
[2026-06-17T09:52:12.984+0800][31.730s][info][gc,start       ] GC(1287) Pause Young (Allocation Failure)
[2026-06-17T09:52:12.986+0800][31.731s][info][gc,heap        ] GC(1287) PSYoungGen: 7656K->4261K(14848K)
[2026-06-17T09:52:12.986+0800][31.732s][info][gc,heap        ] GC(1287) ParOldGen: 25896K->25896K(44032K)
[2026-06-17T09:52:12.986+0800][31.732s][info][gc,metaspace   ] GC(1287) Metaspace: 3161K(4864K)->3161K(4864K) NonClass: 2855K(4352K)->2855K(4352K) Class: 305K(512K)->305K(512K)
[2026-06-17T09:52:12.987+0800][31.732s][info][gc             ] GC(1287) Pause Young (Allocation Failure) 32M->29M(57M) 2.308ms
[2026-06-17T09:52:12.987+0800][31.733s][info][gc,cpu         ] GC(1287) User=0.00s Sys=0.00s Real=0.00s
[2026-06-17T09:52:13.009+0800][31.754s][info][gc,start       ] GC(1288) Pause Young (Allocation Failure)
[2026-06-17T09:52:13.012+0800][31.758s][info][gc,heap        ] GC(1288) PSYoungGen: 12447K->2650K(14848K)
[2026-06-17T09:52:13.016+0800][31.761s][info][gc,heap        ] GC(1288) ParOldGen: 25896K->29042K(44032K)
[2026-06-17T09:52:13.017+0800][31.763s][info][gc,metaspace   ] GC(1288) Metaspace: 3161K(4864K)->3161K(4864K) NonClass: 2855K(4352K)->2855K(4352K) Class: 305K(512K)->305K(512K)
[2026-06-17T09:52:13.018+0800][31.764s][info][gc             ] GC(1288) Pause Young (Allocation Failure) 37M->30M(57M) 9.243ms
[2026-06-17T09:52:13.020+0800][31.766s][info][gc,cpu         ] GC(1288) User=0.00s Sys=0.00s Real=0.01s
[2026-06-17T09:52:13.046+0800][31.792s][info][gc,start       ] GC(1289) Pause Young (Allocation Failure)
[2026-06-17T09:52:13.048+0800][31.794s][info][gc,heap        ] GC(1289) PSYoungGen: 10831K->1916K(15360K)
[2026-06-17T09:52:13.049+0800][31.794s][info][gc,heap        ] GC(1289) ParOldGen: 29042K->31152K(44032K)
[2026-06-17T09:52:13.049+0800][31.795s][info][gc,metaspace   ] GC(1289) Metaspace: 3161K(4864K)->3161K(4864K) NonClass: 2855K(4352K)->2855K(4352K) Class: 305K(512K)->305K(512K)
[2026-06-17T09:52:13.050+0800][31.796s][info][gc             ] GC(1289) Pause Young (Allocation Failure) 38M->32M(58M) 3.844ms
[2026-06-17T09:52:13.050+0800][31.796s][info][gc,cpu         ] GC(1289) User=0.00s Sys=0.00s Real=0.00s
[2026-06-17T09:52:13.072+0800][31.818s][info][gc,start       ] GC(1290) Pause Young (Allocation Failure)
[2026-06-17T09:52:13.075+0800][31.821s][info][gc,heap        ] GC(1290) PSYoungGen: 10619K->3988K(14848K)
[2026-06-17T09:52:13.075+0800][31.821s][info][gc,heap        ] GC(1290) ParOldGen: 31152K->31152K(44032K)
[2026-06-17T09:52:13.076+0800][31.822s][info][gc,metaspace   ] GC(1290) Metaspace: 3161K(4864K)->3161K(4864K) NonClass: 2855K(4352K)->2855K(4352K) Class: 305K(512K)->305K(512K)
[2026-06-17T09:52:13.077+0800][31.823s][info][gc             ] GC(1290) Pause Young (Allocation Failure) 40M->34M(57M) 4.341ms
[2026-06-17T09:52:13.078+0800][31.823s][info][gc,cpu         ] GC(1290) User=0.01s Sys=0.00s Real=0.00s
[2026-06-17T09:52:13.100+0800][31.846s][info][gc,start       ] GC(1291) Pause Young (Allocation Failure)
[2026-06-17T09:52:13.103+0800][31.849s][info][gc,heap        ] GC(1291) PSYoungGen: 12672K->3364K(15360K)
[2026-06-17T09:52:13.104+0800][31.849s][info][gc,heap        ] GC(1291) ParOldGen: 31152K->33341K(44032K)
[2026-06-17T09:52:13.104+0800][31.850s][info][gc,metaspace   ] GC(1291) Metaspace: 3161K(4864K)->3161K(4864K) NonClass: 2855K(4352K)->2855K(4352K) Class: 305K(512K)->305K(512K)
[2026-06-17T09:52:13.105+0800][31.851s][info][gc             ] GC(1291) Pause Young (Allocation Failure) 42M->35M(58M) 4.779ms
[2026-06-17T09:52:13.105+0800][31.851s][info][gc,cpu         ] GC(1291) User=0.00s Sys=0.00s Real=0.01s
[2026-06-17T09:52:13.128+0800][31.874s][info][gc,start       ] GC(1292) Pause Young (Allocation Failure)
[2026-06-17T09:52:13.130+0800][31.875s][info][gc,heap        ] GC(1292) PSYoungGen: 11922K->32K(14848K)
[2026-06-17T09:52:13.130+0800][31.876s][info][gc,heap        ] GC(1292) ParOldGen: 33341K->35089K(44032K)
[2026-06-17T09:52:13.131+0800][31.876s][info][gc,metaspace   ] GC(1292) Metaspace: 3161K(4864K)->3161K(4864K) NonClass: 2855K(4352K)->2855K(4352K) Class: 305K(512K)->305K(512K)
[2026-06-17T09:52:13.131+0800][31.877s][info][gc             ] GC(1292) Pause Young (Allocation Failure) 44M->34M(57M) 3.140ms
[2026-06-17T09:52:13.132+0800][31.877s][info][gc,cpu         ] GC(1292) User=0.00s Sys=0.00s Real=0.01s
[2026-06-17T09:52:13.154+0800][31.900s][info][gc,start       ] GC(1293) Pause Young (Allocation Failure)
[2026-06-17T09:52:13.156+0800][31.902s][info][gc,heap        ] GC(1293) PSYoungGen: 8736K->5384K(13824K)
[2026-06-17T09:52:13.157+0800][31.903s][info][gc,heap        ] GC(1293) ParOldGen: 35089K->35097K(44032K)
[2026-06-17T09:52:13.157+0800][31.903s][info][gc,metaspace   ] GC(1293) Metaspace: 3161K(4864K)->3161K(4864K) NonClass: 2855K(4352K)->2855K(4352K) Class: 305K(512K)->305K(512K)
[2026-06-17T09:52:13.158+0800][31.904s][info][gc             ] GC(1293) Pause Young (Allocation Failure) 42M->39M(56M) 4.171ms
[2026-06-17T09:52:13.159+0800][31.904s][info][gc,cpu         ] GC(1293) User=0.00s Sys=0.00s Real=0.00s
[2026-06-17T09:52:13.181+0800][31.927s][info][gc,start       ] GC(1294) Pause Young (Allocation Failure)
[2026-06-17T09:52:13.184+0800][31.930s][info][gc,heap        ] GC(1294) PSYoungGen: 12552K->2649K(14336K)
[2026-06-17T09:52:13.185+0800][31.931s][info][gc,heap        ] GC(1294) ParOldGen: 35097K->38172K(44032K)
[2026-06-17T09:52:13.185+0800][31.931s][info][gc,metaspace   ] GC(1294) Metaspace: 3161K(4864K)->3161K(4864K) NonClass: 2855K(4352K)->2855K(4352K) Class: 305K(512K)->305K(512K)
[2026-06-17T09:52:13.186+0800][31.932s][info][gc             ] GC(1294) Pause Young (Allocation Failure) 46M->39M(57M) 4.714ms
[2026-06-17T09:52:13.187+0800][31.933s][info][gc,cpu         ] GC(1294) User=0.00s Sys=0.00s Real=0.01s
[2026-06-17T09:52:13.209+0800][31.954s][info][gc,start       ] GC(1295) Pause Young (Allocation Failure)
[2026-06-17T09:52:13.209+0800][31.955s][info][gc,heap        ] GC(1295) PSYoungGen: 9811K->1355K(14848K)
[2026-06-17T09:52:13.210+0800][31.955s][info][gc,heap        ] GC(1295) ParOldGen: 38172K->39695K(44032K)
[2026-06-17T09:52:13.210+0800][31.956s][info][gc,metaspace   ] GC(1295) Metaspace: 3161K(4864K)->3161K(4864K) NonClass: 2855K(4352K)->2855K(4352K) Class: 305K(512K)->305K(512K)
[2026-06-17T09:52:13.210+0800][31.956s][info][gc             ] GC(1295) Pause Young (Allocation Failure) 46M->40M(57M) 1.337ms
[2026-06-17T09:52:13.210+0800][31.956s][info][gc,cpu         ] GC(1295) User=0.00s Sys=0.00s Real=0.00s
[2026-06-17T09:52:13.231+0800][31.977s][info][gc,start       ] GC(1296) Pause Young (Allocation Failure)
[2026-06-17T09:52:13.232+0800][31.978s][info][gc,heap        ] GC(1296) PSYoungGen: 9518K->2691K(14848K)
[2026-06-17T09:52:13.233+0800][31.978s][info][gc,heap        ] GC(1296) ParOldGen: 39695K->39695K(44032K)
[2026-06-17T09:52:13.233+0800][31.979s][info][gc,metaspace   ] GC(1296) Metaspace: 3161K(4864K)->3161K(4864K) NonClass: 2855K(4352K)->2855K(4352K) Class: 305K(512K)->305K(512K)
[2026-06-17T09:52:13.233+0800][31.979s][info][gc             ] GC(1296) Pause Young (Allocation Failure) 48M->41M(57M) 1.508ms
[2026-06-17T09:52:13.233+0800][31.979s][info][gc,cpu         ] GC(1296) User=0.01s Sys=0.00s Real=0.00s
[2026-06-17T09:52:13.254+0800][32.000s][info][gc,start       ] GC(1297) Pause Young (Allocation Failure)
[2026-06-17T09:52:13.256+0800][32.002s][info][gc,heap        ] GC(1297) PSYoungGen: 10840K->2483K(15360K)
[2026-06-17T09:52:13.256+0800][32.002s][info][gc,heap        ] GC(1297) ParOldGen: 39695K->41632K(44032K)
[2026-06-17T09:52:13.256+0800][32.002s][info][gc,metaspace   ] GC(1297) Metaspace: 3161K(4864K)->3161K(4864K) NonClass: 2855K(4352K)->2855K(4352K) Class: 305K(512K)->305K(512K)
[2026-06-17T09:52:13.257+0800][32.003s][info][gc             ] GC(1297) Pause Young (Allocation Failure) 49M->43M(58M) 2.399ms
[2026-06-17T09:52:13.257+0800][32.003s][info][gc,cpu         ] GC(1297) User=0.00s Sys=0.00s Real=0.00s
[2026-06-17T09:52:13.257+0800][32.003s][info][gc,start       ] GC(1298) Pause Full (Ergonomics)
[2026-06-17T09:52:13.258+0800][32.004s][info][gc,phases,start] GC(1298) Marking Phase
[2026-06-17T09:52:13.259+0800][32.005s][info][gc,phases      ] GC(1298) Marking Phase 1.740ms
[2026-06-17T09:52:13.260+0800][32.006s][info][gc,phases,start] GC(1298) Summary Phase
[2026-06-17T09:52:13.260+0800][32.006s][info][gc,phases      ] GC(1298) Summary Phase 0.289ms
[2026-06-17T09:52:13.260+0800][32.006s][info][gc,phases,start] GC(1298) Adjust Roots
[2026-06-17T09:52:13.261+0800][32.007s][info][gc,phases      ] GC(1298) Adjust Roots 0.357ms
[2026-06-17T09:52:13.261+0800][32.007s][info][gc,phases,start] GC(1298) Compaction Phase
[2026-06-17T09:52:13.263+0800][32.008s][info][gc,phases      ] GC(1298) Compaction Phase 1.566ms
[2026-06-17T09:52:13.263+0800][32.009s][info][gc,phases,start] GC(1298) Post Compact
[2026-06-17T09:52:13.263+0800][32.009s][info][gc,phases      ] GC(1298) Post Compact 0.280ms
[2026-06-17T09:52:13.263+0800][32.009s][info][gc,heap        ] GC(1298) PSYoungGen: 2483K->0K(15360K)
[2026-06-17T09:52:13.264+0800][32.009s][info][gc,heap        ] GC(1298) ParOldGen: 41632K->19642K(44032K)
[2026-06-17T09:52:13.264+0800][32.010s][info][gc,metaspace   ] GC(1298) Metaspace: 3161K(4864K)->3161K(4864K) NonClass: 2855K(4352K)->2855K(4352K) Class: 305K(512K)->305K(512K)
[2026-06-17T09:52:13.264+0800][32.010s][info][gc             ] GC(1298) Pause Full (Ergonomics) 43M->19M(58M) 6.467ms
[2026-06-17T09:52:13.264+0800][32.010s][info][gc,cpu         ] GC(1298) User=0.00s Sys=0.00s Real=0.01s
[2026-06-17T09:52:13.286+0800][32.031s][info][gc,start       ] GC(1299) Pause Young (Allocation Failure)
[2026-06-17T09:52:13.287+0800][32.033s][info][gc,heap        ] GC(1299) PSYoungGen: 9204K->5737K(14336K)
[2026-06-17T09:52:13.287+0800][32.033s][info][gc,heap        ] GC(1299) ParOldGen: 19642K->19642K(44032K)
[2026-06-17T09:52:13.288+0800][32.033s][info][gc,metaspace   ] GC(1299) Metaspace: 3161K(4864K)->3161K(4864K) NonClass: 2855K(4352K)->2855K(4352K) Class: 305K(512K)->305K(512K)
[2026-06-17T09:52:13.288+0800][32.034s][info][gc             ] GC(1299) Pause Young (Allocation Failure) 28M->24M(57M) 2.565ms
[2026-06-17T09:52:13.288+0800][32.034s][info][gc,cpu         ] GC(1299) User=0.01s Sys=0.00s Real=0.00s
[2026-06-17T09:52:13.310+0800][32.056s][info][gc,start       ] GC(1300) Pause Young (Allocation Failure)
[2026-06-17T09:52:13.311+0800][32.057s][info][gc,heap        ] GC(1300) PSYoungGen: 13900K->4482K(12800K)
[2026-06-17T09:52:13.312+0800][32.058s][info][gc,heap        ] GC(1300) ParOldGen: 19642K->22398K(44032K)
[2026-06-17T09:52:13.312+0800][32.058s][info][gc,metaspace   ] GC(1300) Metaspace: 3161K(4864K)->3161K(4864K) NonClass: 2855K(4352K)->2855K(4352K) Class: 305K(512K)->305K(512K)
[2026-06-17T09:52:13.312+0800][32.058s][info][gc             ] GC(1300) Pause Young (Allocation Failure) 32M->26M(55M) 2.618ms
[2026-06-17T09:52:13.313+0800][32.059s][info][gc,cpu         ] GC(1300) User=0.00s Sys=0.00s Real=0.01s
[2026-06-17T09:52:13.334+0800][32.080s][info][gc,start       ] GC(1301) Pause Young (Allocation Failure)
[2026-06-17T09:52:13.337+0800][32.083s][info][gc,heap        ] GC(1301) PSYoungGen: 12666K->3786K(14848K)
[2026-06-17T09:52:13.339+0800][32.085s][info][gc,heap        ] GC(1301) ParOldGen: 22398K->24447K(44032K)
[2026-06-17T09:52:13.339+0800][32.085s][info][gc,metaspace   ] GC(1301) Metaspace: 3161K(4864K)->3161K(4864K) NonClass: 2855K(4352K)->2855K(4352K) Class: 305K(512K)->305K(512K)
[2026-06-17T09:52:13.342+0800][32.087s][info][gc             ] GC(1301) Pause Young (Allocation Failure) 34M->27M(57M) 7.188ms
[2026-06-17T09:52:13.342+0800][32.088s][info][gc,cpu         ] GC(1301) User=0.00s Sys=0.00s Real=0.00s
[2026-06-17T09:52:13.363+0800][32.109s][info][gc,start       ] GC(1302) Pause Young (Allocation Failure)
[2026-06-17T09:52:13.364+0800][32.110s][info][gc,heap        ] GC(1302) PSYoungGen: 11461K->2436K(14336K)
[2026-06-17T09:52:13.365+0800][32.110s][info][gc,heap        ] GC(1302) ParOldGen: 24447K->26441K(44032K)
[2026-06-17T09:52:13.365+0800][32.111s][info][gc,metaspace   ] GC(1302) Metaspace: 3161K(4864K)->3161K(4864K) NonClass: 2855K(4352K)->2855K(4352K) Class: 305K(512K)->305K(512K)
[2026-06-17T09:52:13.365+0800][32.111s][info][gc             ] GC(1302) Pause Young (Allocation Failure) 35M->28M(57M) 1.491ms
[2026-06-17T09:52:13.365+0800][32.111s][info][gc,cpu         ] GC(1302) User=0.00s Sys=0.00s Real=0.00s
[2026-06-17T09:52:13.386+0800][32.132s][info][gc,start       ] GC(1303) Pause Young (Allocation Failure)
[2026-06-17T09:52:13.387+0800][32.133s][info][gc,heap        ] GC(1303) PSYoungGen: 10091K->3005K(15360K)
[2026-06-17T09:52:13.387+0800][32.133s][info][gc,heap        ] GC(1303) ParOldGen: 26441K->26441K(44032K)
[2026-06-17T09:52:13.388+0800][32.134s][info][gc,metaspace   ] GC(1303) Metaspace: 3161K(4864K)->3161K(4864K) NonClass: 2855K(4352K)->2855K(4352K) Class: 305K(512K)->305K(512K)
[2026-06-17T09:52:13.388+0800][32.134s][info][gc             ] GC(1303) Pause Young (Allocation Failure) 35M->28M(58M) 1.971ms
[2026-06-17T09:52:13.389+0800][32.134s][info][gc,cpu         ] GC(1303) User=0.00s Sys=0.00s Real=0.00s
[2026-06-17T09:52:13.410+0800][32.156s][info][gc,start       ] GC(1304) Pause Young (Allocation Failure)
[2026-06-17T09:52:13.411+0800][32.157s][info][gc,heap        ] GC(1304) PSYoungGen: 11691K->2011K(14848K)
[2026-06-17T09:52:13.411+0800][32.157s][info][gc,heap        ] GC(1304) ParOldGen: 26441K->28874K(44032K)
[2026-06-17T09:52:13.412+0800][32.157s][info][gc,metaspace   ] GC(1304) Metaspace: 3161K(4864K)->3161K(4864K) NonClass: 2855K(4352K)->2855K(4352K) Class: 305K(512K)->305K(512K)
[2026-06-17T09:52:13.412+0800][32.158s][info][gc             ] GC(1304) Pause Young (Allocation Failure) 37M->30M(57M) 2.026ms
[2026-06-17T09:52:13.412+0800][32.158s][info][gc,cpu         ] GC(1304) User=0.01s Sys=0.01s Real=0.01s
[2026-06-17T09:52:13.433+0800][32.179s][info][gc,start       ] GC(1305) Pause Young (Allocation Failure)
[2026-06-17T09:52:13.434+0800][32.180s][info][gc,heap        ] GC(1305) PSYoungGen: 10672K->1852K(15360K)
[2026-06-17T09:52:13.435+0800][32.180s][info][gc,heap        ] GC(1305) ParOldGen: 28874K->30728K(44032K)
[2026-06-17T09:52:13.435+0800][32.181s][info][gc,metaspace   ] GC(1305) Metaspace: 3161K(4864K)->3161K(4864K) NonClass: 2855K(4352K)->2855K(4352K) Class: 305K(512K)->305K(512K)
[2026-06-17T09:52:13.435+0800][32.181s][info][gc             ] GC(1305) Pause Young (Allocation Failure) 38M->31M(58M) 1.640ms
[2026-06-17T09:52:13.435+0800][32.181s][info][gc,cpu         ] GC(1305) User=0.00s Sys=0.00s Real=0.00s
[2026-06-17T09:52:13.457+0800][32.203s][info][gc,start       ] GC(1306) Pause Young (Allocation Failure)
[2026-06-17T09:52:13.458+0800][32.204s][info][gc,heap        ] GC(1306) PSYoungGen: 11056K->3650K(15360K)
[2026-06-17T09:52:13.458+0800][32.204s][info][gc,heap        ] GC(1306) ParOldGen: 30728K->30728K(44032K)
[2026-06-17T09:52:13.458+0800][32.204s][info][gc,metaspace   ] GC(1306) Metaspace: 3161K(4864K)->3161K(4864K) NonClass: 2855K(4352K)->2855K(4352K) Class: 305K(512K)->305K(512K)
[2026-06-17T09:52:13.458+0800][32.204s][info][gc             ] GC(1306) Pause Young (Allocation Failure) 40M->33M(58M) 1.643ms
[2026-06-17T09:52:13.459+0800][32.205s][info][gc,cpu         ] GC(1306) User=0.00s Sys=0.00s Real=0.00s
[2026-06-17T09:52:13.480+0800][32.226s][info][gc,start       ] GC(1307) Pause Young (Allocation Failure)
[2026-06-17T09:52:13.481+0800][32.227s][info][gc,heap        ] GC(1307) PSYoungGen: 12861K->5845K(13312K)
[2026-06-17T09:52:13.481+0800][32.227s][info][gc,heap        ] GC(1307) ParOldGen: 30728K->30728K(44032K)
[2026-06-17T09:52:13.481+0800][32.227s][info][gc,metaspace   ] GC(1307) Metaspace: 3161K(4864K)->3161K(4864K) NonClass: 2855K(4352K)->2855K(4352K) Class: 305K(512K)->305K(512K)
[2026-06-17T09:52:13.481+0800][32.227s][info][gc             ] GC(1307) Pause Young (Allocation Failure) 42M->35M(56M) 1.598ms
[2026-06-17T09:52:13.482+0800][32.227s][info][gc,cpu         ] GC(1307) User=0.00s Sys=0.00s Real=0.00s
[2026-06-17T09:52:13.503+0800][32.248s][info][gc,start       ] GC(1308) Pause Young (Allocation Failure)
[2026-06-17T09:52:13.504+0800][32.249s][info][gc,heap        ] GC(1308) PSYoungGen: 12988K->3895K(14336K)
[2026-06-17T09:52:13.504+0800][32.250s][info][gc,heap        ] GC(1308) ParOldGen: 30728K->32660K(44032K)
[2026-06-17T09:52:13.504+0800][32.250s][info][gc,metaspace   ] GC(1308) Metaspace: 3161K(4864K)->3161K(4864K) NonClass: 2855K(4352K)->2855K(4352K) Class: 305K(512K)->305K(512K)
[2026-06-17T09:52:13.504+0800][32.250s][info][gc             ] GC(1308) Pause Young (Allocation Failure) 42M->35M(57M) 1.733ms
[2026-06-17T09:52:13.505+0800][32.250s][info][gc,cpu         ] GC(1308) User=0.00s Sys=0.00s Real=0.00s
[2026-06-17T09:52:13.516+0800][32.262s][info][gc,start       ] GC(1309) Pause Young (Allocation Failure)
[2026-06-17T09:52:13.517+0800][32.263s][info][gc,heap        ] GC(1309) PSYoungGen: 11037K->5344K(13824K)
[2026-06-17T09:52:13.517+0800][32.263s][info][gc,heap        ] GC(1309) ParOldGen: 32660K->35032K(44032K)
[2026-06-17T09:52:13.517+0800][32.263s][info][gc,metaspace   ] GC(1309) Metaspace: 3161K(4864K)->3161K(4864K) NonClass: 2855K(4352K)->2855K(4352K) Class: 305K(512K)->305K(512K)
[2026-06-17T09:52:13.518+0800][32.264s][info][gc             ] GC(1309) Pause Young (Allocation Failure) 42M->39M(56M) 2.020ms
[2026-06-17T09:52:13.518+0800][32.264s][info][gc,cpu         ] GC(1309) User=0.00s Sys=0.00s Real=0.00s
[2026-06-17T09:52:13.539+0800][32.285s][info][gc,start       ] GC(1310) Pause Young (Allocation Failure)
[2026-06-17T09:52:13.540+0800][32.286s][info][gc,heap        ] GC(1310) PSYoungGen: 12495K->3382K(14336K)
[2026-06-17T09:52:13.540+0800][32.286s][info][gc,heap        ] GC(1310) ParOldGen: 35032K->36901K(44032K)
[2026-06-17T09:52:13.540+0800][32.286s][info][gc,metaspace   ] GC(1310) Metaspace: 3161K(4864K)->3161K(4864K) NonClass: 2855K(4352K)->2855K(4352K) Class: 305K(512K)->305K(512K)
[2026-06-17T09:52:13.540+0800][32.286s][info][gc             ] GC(1310) Pause Young (Allocation Failure) 46M->39M(57M) 1.658ms
[2026-06-17T09:52:13.541+0800][32.286s][info][gc,cpu         ] GC(1310) User=0.00s Sys=0.00s Real=0.00s
[2026-06-17T09:52:13.562+0800][32.307s][info][gc,start       ] GC(1311) Pause Young (Allocation Failure)
[2026-06-17T09:52:13.562+0800][32.308s][info][gc,heap        ] GC(1311) PSYoungGen: 10502K->3373K(14848K)
[2026-06-17T09:52:13.563+0800][32.308s][info][gc,heap        ] GC(1311) ParOldGen: 36901K->36901K(44032K)
[2026-06-17T09:52:13.563+0800][32.309s][info][gc,metaspace   ] GC(1311) Metaspace: 3161K(4864K)->3161K(4864K) NonClass: 2855K(4352K)->2855K(4352K) Class: 305K(512K)->305K(512K)
[2026-06-17T09:52:13.563+0800][32.309s][info][gc             ] GC(1311) Pause Young (Allocation Failure) 46M->39M(57M) 1.908ms
[2026-06-17T09:52:13.564+0800][32.310s][info][gc,cpu         ] GC(1311) User=0.00s Sys=0.00s Real=0.01s
[2026-06-17T09:52:13.575+0800][32.320s][info][gc,start       ] GC(1312) Pause Young (Allocation Failure)
[2026-06-17T09:52:13.576+0800][32.321s][info][gc,heap        ] GC(1312) PSYoungGen: 10995K->2034K(14336K)
[2026-06-17T09:52:13.576+0800][32.322s][info][gc,heap        ] GC(1312) ParOldGen: 36901K->38696K(44032K)
[2026-06-17T09:52:13.576+0800][32.322s][info][gc,metaspace   ] GC(1312) Metaspace: 3161K(4864K)->3161K(4864K) NonClass: 2855K(4352K)->2855K(4352K) Class: 305K(512K)->305K(512K)
[2026-06-17T09:52:13.576+0800][32.322s][info][gc             ] GC(1312) Pause Young (Allocation Failure) 46M->39M(57M) 1.606ms
[2026-06-17T09:52:13.577+0800][32.322s][info][gc,cpu         ] GC(1312) User=0.01s Sys=0.00s Real=0.00s
[2026-06-17T09:52:13.598+0800][32.344s][info][gc,start       ] GC(1313) Pause Young (Allocation Failure)
[2026-06-17T09:52:13.599+0800][32.345s][info][gc,heap        ] GC(1313) PSYoungGen: 9685K->4202K(14848K)
[2026-06-17T09:52:13.599+0800][32.345s][info][gc,heap        ] GC(1313) ParOldGen: 38696K->40706K(44032K)
[2026-06-17T09:52:13.599+0800][32.345s][info][gc,metaspace   ] GC(1313) Metaspace: 3161K(4864K)->3161K(4864K) NonClass: 2855K(4352K)->2855K(4352K) Class: 305K(512K)->305K(512K)
[2026-06-17T09:52:13.600+0800][32.345s][info][gc             ] GC(1313) Pause Young (Allocation Failure) 47M->43M(57M) 1.727ms
[2026-06-17T09:52:13.600+0800][32.346s][info][gc,cpu         ] GC(1313) User=0.00s Sys=0.00s Real=0.00s
[2026-06-17T09:52:13.600+0800][32.346s][info][gc,start       ] GC(1314) Pause Full (Ergonomics)
[2026-06-17T09:52:13.600+0800][32.346s][info][gc,phases,start] GC(1314) Marking Phase
[2026-06-17T09:52:13.601+0800][32.347s][info][gc,phases      ] GC(1314) Marking Phase 0.863ms
[2026-06-17T09:52:13.601+0800][32.347s][info][gc,phases,start] GC(1314) Summary Phase
[2026-06-17T09:52:13.601+0800][32.347s][info][gc,phases      ] GC(1314) Summary Phase 0.141ms
[2026-06-17T09:52:13.601+0800][32.347s][info][gc,phases,start] GC(1314) Adjust Roots
[2026-06-17T09:52:13.602+0800][32.348s][info][gc,phases      ] GC(1314) Adjust Roots 0.190ms
[2026-06-17T09:52:13.602+0800][32.348s][info][gc,phases,start] GC(1314) Compaction Phase
[2026-06-17T09:52:13.603+0800][32.349s][info][gc,phases      ] GC(1314) Compaction Phase 1.676ms
[2026-06-17T09:52:13.604+0800][32.350s][info][gc,phases,start] GC(1314) Post Compact
[2026-06-17T09:52:13.604+0800][32.350s][info][gc,phases      ] GC(1314) Post Compact 0.218ms
[2026-06-17T09:52:13.604+0800][32.350s][info][gc,heap        ] GC(1314) PSYoungGen: 4202K->0K(14848K)
[2026-06-17T09:52:13.604+0800][32.350s][info][gc,heap        ] GC(1314) ParOldGen: 40706K->31760K(44032K)
[2026-06-17T09:52:13.604+0800][32.350s][info][gc,metaspace   ] GC(1314) Metaspace: 3161K(4864K)->3161K(4864K) NonClass: 2855K(4352K)->2855K(4352K) Class: 305K(512K)->305K(512K)
[2026-06-17T09:52:13.604+0800][32.350s][info][gc             ] GC(1314) Pause Full (Ergonomics) 43M->31M(57M) 4.549ms
[2026-06-17T09:52:13.605+0800][32.350s][info][gc,cpu         ] GC(1314) User=0.00s Sys=0.00s Real=0.01s
[2026-06-17T09:52:13.626+0800][32.372s][info][gc,start       ] GC(1315) Pause Young (Allocation Failure)
[2026-06-17T09:52:13.627+0800][32.373s][info][gc,heap        ] GC(1315) PSYoungGen: 8148K->4620K(14848K)
[2026-06-17T09:52:13.627+0800][32.373s][info][gc,heap        ] GC(1315) ParOldGen: 31760K->31760K(44032K)
[2026-06-17T09:52:13.627+0800][32.373s][info][gc,metaspace   ] GC(1315) Metaspace: 3161K(4864K)->3161K(4864K) NonClass: 2855K(4352K)->2855K(4352K) Class: 305K(512K)->305K(512K)
[2026-06-17T09:52:13.628+0800][32.374s][info][gc             ] GC(1315) Pause Young (Allocation Failure) 38M->35M(57M) 1.793ms
[2026-06-17T09:52:13.628+0800][32.374s][info][gc,cpu         ] GC(1315) User=0.00s Sys=0.00s Real=0.00s
[2026-06-17T09:52:13.649+0800][32.395s][info][gc,start       ] GC(1316) Pause Young (Allocation Failure)
[2026-06-17T09:52:13.651+0800][32.396s][info][gc,heap        ] GC(1316) PSYoungGen: 12776K->3368K(14848K)
[2026-06-17T09:52:13.651+0800][32.397s][info][gc,heap        ] GC(1316) ParOldGen: 31760K->34286K(44032K)
[2026-06-17T09:52:13.651+0800][32.397s][info][gc,metaspace   ] GC(1316) Metaspace: 3161K(4864K)->3161K(4864K) NonClass: 2855K(4352K)->2855K(4352K) Class: 305K(512K)->305K(512K)
[2026-06-17T09:52:13.651+0800][32.397s][info][gc             ] GC(1316) Pause Young (Allocation Failure) 43M->36M(57M) 2.097ms
[2026-06-17T09:52:13.652+0800][32.398s][info][gc,cpu         ] GC(1316) User=0.00s Sys=0.00s Real=0.01s
[2026-06-17T09:52:13.673+0800][32.419s][info][gc,start       ] GC(1317) Pause Young (Allocation Failure)
[2026-06-17T09:52:13.674+0800][32.420s][info][gc,heap        ] GC(1317) PSYoungGen: 11527K->4870K(14848K)
[2026-06-17T09:52:13.675+0800][32.421s][info][gc,heap        ] GC(1317) ParOldGen: 34286K->34286K(44032K)
[2026-06-17T09:52:13.675+0800][32.421s][info][gc,metaspace   ] GC(1317) Metaspace: 3161K(4864K)->3161K(4864K) NonClass: 2855K(4352K)->2855K(4352K) Class: 305K(512K)->305K(512K)
[2026-06-17T09:52:13.675+0800][32.421s][info][gc             ] GC(1317) Pause Young (Allocation Failure) 44M->38M(57M) 2.076ms
[2026-06-17T09:52:13.676+0800][32.421s][info][gc,cpu         ] GC(1317) User=0.00s Sys=0.00s Real=0.00s
[2026-06-17T09:52:13.697+0800][32.443s][info][gc,start       ] GC(1318) Pause Young (Allocation Failure)
[2026-06-17T09:52:13.699+0800][32.444s][info][gc,heap        ] GC(1318) PSYoungGen: 13053K->4124K(14848K)
[2026-06-17T09:52:13.699+0800][32.445s][info][gc,heap        ] GC(1318) ParOldGen: 34286K->36217K(44032K)
[2026-06-17T09:52:13.699+0800][32.445s][info][gc,metaspace   ] GC(1318) Metaspace: 3161K(4864K)->3161K(4864K) NonClass: 2855K(4352K)->2855K(4352K) Class: 305K(512K)->305K(512K)
[2026-06-17T09:52:13.700+0800][32.445s][info][gc             ] GC(1318) Pause Young (Allocation Failure) 46M->39M(57M) 2.497ms
[2026-06-17T09:52:13.700+0800][32.446s][info][gc,cpu         ] GC(1318) User=0.00s Sys=0.00s Real=0.00s
[2026-06-17T09:52:13.721+0800][32.467s][info][gc,start       ] GC(1319) Pause Young (Allocation Failure)
[2026-06-17T09:52:13.722+0800][32.468s][info][gc,heap        ] GC(1319) PSYoungGen: 12211K->32K(13824K)
[2026-06-17T09:52:13.723+0800][32.469s][info][gc,heap        ] GC(1319) ParOldGen: 36217K->37927K(44032K)
[2026-06-17T09:52:13.723+0800][32.469s][info][gc,metaspace   ] GC(1319) Metaspace: 3161K(4864K)->3161K(4864K) NonClass: 2855K(4352K)->2855K(4352K) Class: 305K(512K)->305K(512K)
[2026-06-17T09:52:13.723+0800][32.469s][info][gc             ] GC(1319) Pause Young (Allocation Failure) 47M->37M(56M) 2.011ms
[2026-06-17T09:52:13.724+0800][32.470s][info][gc,cpu         ] GC(1319) User=0.00s Sys=0.00s Real=0.01s
[2026-06-17T09:52:13.745+0800][32.491s][info][gc,start       ] GC(1320) Pause Young (Allocation Failure)
[2026-06-17T09:52:13.746+0800][32.492s][info][gc,heap        ] GC(1320) PSYoungGen: 7200K->3809K(14336K)
[2026-06-17T09:52:13.747+0800][32.493s][info][gc,heap        ] GC(1320) ParOldGen: 37927K->37935K(44032K)
[2026-06-17T09:52:13.748+0800][32.494s][info][gc,metaspace   ] GC(1320) Metaspace: 3161K(4864K)->3161K(4864K) NonClass: 2855K(4352K)->2855K(4352K) Class: 305K(512K)->305K(512K)
[2026-06-17T09:52:13.751+0800][32.497s][info][gc             ] GC(1320) Pause Young (Allocation Failure) 44M->40M(57M) 5.522ms
[2026-06-17T09:52:13.753+0800][32.499s][info][gc,cpu         ] GC(1320) User=0.00s Sys=0.00s Real=0.01s
[2026-06-17T09:52:13.768+0800][32.514s][info][gc,start       ] GC(1321) Pause Young (Allocation Failure)
[2026-06-17T09:52:13.770+0800][32.515s][info][gc,heap        ] GC(1321) PSYoungGen: 10959K->1696K(14848K)
[2026-06-17T09:52:13.770+0800][32.516s][info][gc,heap        ] GC(1321) ParOldGen: 37935K->39864K(44032K)
[2026-06-17T09:52:13.770+0800][32.516s][info][gc,metaspace   ] GC(1321) Metaspace: 3161K(4864K)->3161K(4864K) NonClass: 2855K(4352K)->2855K(4352K) Class: 305K(512K)->305K(512K)
[2026-06-17T09:52:13.771+0800][32.517s][info][gc             ] GC(1321) Pause Young (Allocation Failure) 47M->40M(57M) 2.355ms
[2026-06-17T09:52:13.771+0800][32.517s][info][gc,cpu         ] GC(1321) User=0.00s Sys=0.00s Real=0.01s
[2026-06-17T09:52:13.803+0800][32.549s][info][gc,start       ] GC(1322) Pause Young (Allocation Failure)
[2026-06-17T09:52:13.804+0800][32.550s][info][gc,heap        ] GC(1322) PSYoungGen: 9826K->1192K(14848K)
[2026-06-17T09:52:13.805+0800][32.550s][info][gc,heap        ] GC(1322) ParOldGen: 39864K->41536K(44032K)
[2026-06-17T09:52:13.805+0800][32.551s][info][gc,metaspace   ] GC(1322) Metaspace: 3161K(4864K)->3161K(4864K) NonClass: 2855K(4352K)->2855K(4352K) Class: 305K(512K)->305K(512K)
[2026-06-17T09:52:13.806+0800][32.551s][info][gc             ] GC(1322) Pause Young (Allocation Failure) 48M->41M(57M) 2.868ms
[2026-06-17T09:52:13.806+0800][32.552s][info][gc,cpu         ] GC(1322) User=0.00s Sys=0.00s Real=0.00s
[2026-06-17T09:52:13.806+0800][32.552s][info][gc,start       ] GC(1323) Pause Full (Ergonomics)
[2026-06-17T09:52:13.807+0800][32.553s][info][gc,phases,start] GC(1323) Marking Phase
[2026-06-17T09:52:13.808+0800][32.554s][info][gc,phases      ] GC(1323) Marking Phase 1.655ms
[2026-06-17T09:52:13.809+0800][32.555s][info][gc,phases,start] GC(1323) Summary Phase
[2026-06-17T09:52:13.809+0800][32.555s][info][gc,phases      ] GC(1323) Summary Phase 0.254ms
[2026-06-17T09:52:13.809+0800][32.555s][info][gc,phases,start] GC(1323) Adjust Roots
[2026-06-17T09:52:13.810+0800][32.556s][info][gc,phases      ] GC(1323) Adjust Roots 0.380ms
[2026-06-17T09:52:13.810+0800][32.556s][info][gc,phases,start] GC(1323) Compaction Phase
[2026-06-17T09:52:13.812+0800][32.558s][info][gc,phases      ] GC(1323) Compaction Phase 2.249ms
[2026-06-17T09:52:13.813+0800][32.559s][info][gc,phases,start] GC(1323) Post Compact
[2026-06-17T09:52:13.813+0800][32.559s][info][gc,phases      ] GC(1323) Post Compact 0.354ms
[2026-06-17T09:52:13.813+0800][32.559s][info][gc,heap        ] GC(1323) PSYoungGen: 1192K->0K(14848K)
[2026-06-17T09:52:13.813+0800][32.559s][info][gc,heap        ] GC(1323) ParOldGen: 41536K->30334K(44032K)
[2026-06-17T09:52:13.814+0800][32.559s][info][gc,metaspace   ] GC(1323) Metaspace: 3161K(4864K)->3161K(4864K) NonClass: 2855K(4352K)->2855K(4352K) Class: 305K(512K)->305K(512K)
[2026-06-17T09:52:13.814+0800][32.560s][info][gc             ] GC(1323) Pause Full (Ergonomics) 41M->29M(57M) 7.476ms
[2026-06-17T09:52:13.814+0800][32.560s][info][gc,cpu         ] GC(1323) User=0.00s Sys=0.00s Real=0.01s
[2026-06-17T09:52:13.825+0800][32.571s][info][gc,start       ] GC(1324) Pause Young (Allocation Failure)
[2026-06-17T09:52:13.827+0800][32.573s][info][gc,heap        ] GC(1324) PSYoungGen: 8192K->6624K(14848K)
[2026-06-17T09:52:13.828+0800][32.574s][info][gc,heap        ] GC(1324) ParOldGen: 30334K->31942K(44032K)
[2026-06-17T09:52:13.828+0800][32.574s][info][gc,metaspace   ] GC(1324) Metaspace: 3161K(4864K)->3161K(4864K) NonClass: 2855K(4352K)->2855K(4352K) Class: 305K(512K)->305K(512K)
[2026-06-17T09:52:13.829+0800][32.574s][info][gc             ] GC(1324) Pause Young (Allocation Failure) 37M->37M(57M) 3.151ms
[2026-06-17T09:52:13.829+0800][32.575s][info][gc,cpu         ] GC(1324) User=0.00s Sys=0.00s Real=0.00s
[2026-06-17T09:52:13.851+0800][32.597s][info][gc,start       ] GC(1325) Pause Young (Allocation Failure)
[2026-06-17T09:52:13.854+0800][32.599s][info][gc,heap        ] GC(1325) PSYoungGen: 14591K->238K(13824K)
[2026-06-17T09:52:13.854+0800][32.600s][info][gc,heap        ] GC(1325) ParOldGen: 31942K->35644K(44032K)
[2026-06-17T09:52:13.855+0800][32.601s][info][gc,metaspace   ] GC(1325) Metaspace: 3161K(4864K)->3161K(4864K) NonClass: 2855K(4352K)->2855K(4352K) Class: 305K(512K)->305K(512K)
[2026-06-17T09:52:13.856+0800][32.601s][info][gc             ] GC(1325) Pause Young (Allocation Failure) 45M->35M(56M) 4.170ms
[2026-06-17T09:52:13.856+0800][32.602s][info][gc,cpu         ] GC(1325) User=0.00s Sys=0.00s Real=0.00s
[2026-06-17T09:52:13.879+0800][32.625s][info][gc,start       ] GC(1326) Pause Young (Allocation Failure)
[2026-06-17T09:52:13.881+0800][32.627s][info][gc,heap        ] GC(1326) PSYoungGen: 7392K->3676K(14336K)
[2026-06-17T09:52:13.881+0800][32.627s][info][gc,heap        ] GC(1326) ParOldGen: 35644K->35858K(44032K)
[2026-06-17T09:52:13.882+0800][32.628s][info][gc,metaspace   ] GC(1326) Metaspace: 3161K(4864K)->3161K(4864K) NonClass: 2855K(4352K)->2855K(4352K) Class: 305K(512K)->305K(512K)
[2026-06-17T09:52:13.883+0800][32.629s][info][gc             ] GC(1326) Pause Young (Allocation Failure) 42M->38M(57M) 4.070ms
[2026-06-17T09:52:13.883+0800][32.629s][info][gc,cpu         ] GC(1326) User=0.00s Sys=0.00s Real=0.01s
[2026-06-17T09:52:13.906+0800][32.652s][info][gc,start       ] GC(1327) Pause Young (Allocation Failure)
[2026-06-17T09:52:13.908+0800][32.654s][info][gc,heap        ] GC(1327) PSYoungGen: 10833K->2577K(14336K)
[2026-06-17T09:52:13.909+0800][32.655s][info][gc,heap        ] GC(1327) ParOldGen: 35858K->37510K(44032K)
[2026-06-17T09:52:13.909+0800][32.655s][info][gc,metaspace   ] GC(1327) Metaspace: 3161K(4864K)->3161K(4864K) NonClass: 2855K(4352K)->2855K(4352K) Class: 305K(512K)->305K(512K)
[2026-06-17T09:52:13.910+0800][32.656s][info][gc             ] GC(1327) Pause Young (Allocation Failure) 45M->39M(57M) 4.137ms
[2026-06-17T09:52:13.911+0800][32.656s][info][gc,cpu         ] GC(1327) User=0.00s Sys=0.00s Real=0.01s
[2026-06-17T09:52:13.933+0800][32.679s][info][gc,start       ] GC(1328) Pause Young (Allocation Failure)
[2026-06-17T09:52:13.935+0800][32.681s][info][gc,heap        ] GC(1328) PSYoungGen: 9721K->483K(14336K)
[2026-06-17T09:52:13.936+0800][32.682s][info][gc,heap        ] GC(1328) ParOldGen: 37510K->40032K(44032K)
[2026-06-17T09:52:13.938+0800][32.683s][info][gc,metaspace   ] GC(1328) Metaspace: 3161K(4864K)->3161K(4864K) NonClass: 2855K(4352K)->2855K(4352K) Class: 305K(512K)->305K(512K)
[2026-06-17T09:52:13.939+0800][32.684s][info][gc             ] GC(1328) Pause Young (Allocation Failure) 46M->39M(57M) 5.654ms
[2026-06-17T09:52:13.939+0800][32.685s][info][gc,cpu         ] GC(1328) User=0.01s Sys=0.00s Real=0.00s
[2026-06-17T09:52:13.951+0800][32.697s][info][gc,start       ] GC(1329) Pause Young (Allocation Failure)
[2026-06-17T09:52:13.953+0800][32.699s][info][gc,heap        ] GC(1329) PSYoungGen: 7639K->4145K(14336K)
[2026-06-17T09:52:13.954+0800][32.700s][info][gc,heap        ] GC(1329) ParOldGen: 40032K->40032K(44032K)
[2026-06-17T09:52:13.955+0800][32.700s][info][gc,metaspace   ] GC(1329) Metaspace: 3161K(4864K)->3161K(4864K) NonClass: 2855K(4352K)->2855K(4352K) Class: 305K(512K)->305K(512K)
[2026-06-17T09:52:13.955+0800][32.701s][info][gc             ] GC(1329) Pause Young (Allocation Failure) 46M->43M(57M) 3.901ms
[2026-06-17T09:52:13.956+0800][32.702s][info][gc,cpu         ] GC(1329) User=0.00s Sys=0.00s Real=0.00s
[2026-06-17T09:52:13.978+0800][32.724s][info][gc,start       ] GC(1330) Pause Young (Allocation Failure)
[2026-06-17T09:52:13.980+0800][32.726s][info][gc,heap        ] GC(1330) PSYoungGen: 11304K->2763K(14336K)
[2026-06-17T09:52:13.981+0800][32.727s][info][gc,heap        ] GC(1330) ParOldGen: 40032K->42039K(44032K)
[2026-06-17T09:52:13.982+0800][32.728s][info][gc,metaspace   ] GC(1330) Metaspace: 3161K(4864K)->3161K(4864K) NonClass: 2855K(4352K)->2855K(4352K) Class: 305K(512K)->305K(512K)
[2026-06-17T09:52:13.982+0800][32.728s][info][gc             ] GC(1330) Pause Young (Allocation Failure) 50M->43M(57M) 3.974ms
[2026-06-17T09:52:13.983+0800][32.728s][info][gc,cpu         ] GC(1330) User=0.00s Sys=0.00s Real=0.01s
[2026-06-17T09:52:13.983+0800][32.729s][info][gc,start       ] GC(1331) Pause Full (Ergonomics)
[2026-06-17T09:52:13.983+0800][32.729s][info][gc,phases,start] GC(1331) Marking Phase
[2026-06-17T09:52:13.985+0800][32.731s][info][gc,phases      ] GC(1331) Marking Phase 1.985ms
[2026-06-17T09:52:13.986+0800][32.732s][info][gc,phases,start] GC(1331) Summary Phase
[2026-06-17T09:52:13.986+0800][32.732s][info][gc,phases      ] GC(1331) Summary Phase 0.250ms
[2026-06-17T09:52:13.986+0800][32.732s][info][gc,phases,start] GC(1331) Adjust Roots
[2026-06-17T09:52:13.987+0800][32.733s][info][gc,phases      ] GC(1331) Adjust Roots 0.423ms
[2026-06-17T09:52:13.987+0800][32.733s][info][gc,phases,start] GC(1331) Compaction Phase
[2026-06-17T09:52:13.989+0800][32.735s][info][gc,phases      ] GC(1331) Compaction Phase 1.994ms
[2026-06-17T09:52:13.989+0800][32.735s][info][gc,phases,start] GC(1331) Post Compact
[2026-06-17T09:52:13.990+0800][32.735s][info][gc,phases      ] GC(1331) Post Compact 0.245ms
[2026-06-17T09:52:13.990+0800][32.736s][info][gc,heap        ] GC(1331) PSYoungGen: 2763K->0K(14336K)
[2026-06-17T09:52:13.990+0800][32.736s][info][gc,heap        ] GC(1331) ParOldGen: 42039K->31061K(44032K)
[2026-06-17T09:52:13.990+0800][32.736s][info][gc,metaspace   ] GC(1331) Metaspace: 3161K(4864K)->3161K(4864K) NonClass: 2855K(4352K)->2855K(4352K) Class: 305K(512K)->305K(512K)
[2026-06-17T09:52:13.990+0800][32.736s][info][gc             ] GC(1331) Pause Full (Ergonomics) 43M->30M(57M) 7.147ms
[2026-06-17T09:52:13.991+0800][32.736s][info][gc,cpu         ] GC(1331) User=0.01s Sys=0.00s Real=0.01s
[2026-06-17T09:52:14.012+0800][32.758s][info][gc,start       ] GC(1332) Pause Young (Allocation Failure)
[2026-06-17T09:52:14.014+0800][32.759s][info][gc,heap        ] GC(1332) PSYoungGen: 7163K->3849K(14336K)
[2026-06-17T09:52:14.014+0800][32.760s][info][gc,heap        ] GC(1332) ParOldGen: 31061K->31061K(44032K)
[2026-06-17T09:52:14.014+0800][32.760s][info][gc,metaspace   ] GC(1332) Metaspace: 3161K(4864K)->3161K(4864K) NonClass: 2855K(4352K)->2855K(4352K) Class: 305K(512K)->305K(512K)
[2026-06-17T09:52:14.015+0800][32.761s][info][gc             ] GC(1332) Pause Young (Allocation Failure) 37M->34M(57M) 2.872ms
[2026-06-17T09:52:14.015+0800][32.761s][info][gc,cpu         ] GC(1332) User=0.00s Sys=0.00s Real=0.00s
[2026-06-17T09:52:14.027+0800][32.773s][info][gc,start       ] GC(1333) Pause Young (Allocation Failure)
[2026-06-17T09:52:14.029+0800][32.775s][info][gc,heap        ] GC(1333) PSYoungGen: 10976K->1506K(14336K)
[2026-06-17T09:52:14.032+0800][32.778s][info][gc,heap        ] GC(1333) ParOldGen: 31061K->33868K(44032K)
[2026-06-17T09:52:14.036+0800][32.782s][info][gc,metaspace   ] GC(1333) Metaspace: 3161K(4864K)->3161K(4864K) NonClass: 2855K(4352K)->2855K(4352K) Class: 305K(512K)->305K(512K)
[2026-06-17T09:52:14.040+0800][32.786s][info][gc             ] GC(1333) Pause Young (Allocation Failure) 41M->34M(57M) 12.822ms
[2026-06-17T09:52:14.042+0800][32.788s][info][gc,cpu         ] GC(1333) User=0.01s Sys=0.00s Real=0.01s
[2026-06-17T09:52:14.066+0800][32.812s][info][gc,start       ] GC(1334) Pause Young (Allocation Failure)
[2026-06-17T09:52:14.068+0800][32.814s][info][gc,heap        ] GC(1334) PSYoungGen: 8670K->3602K(14336K)
[2026-06-17T09:52:14.069+0800][32.815s][info][gc,heap        ] GC(1334) ParOldGen: 33868K->35350K(44032K)
[2026-06-17T09:52:14.070+0800][32.816s][info][gc,metaspace   ] GC(1334) Metaspace: 3161K(4864K)->3161K(4864K) NonClass: 2855K(4352K)->2855K(4352K) Class: 305K(512K)->305K(512K)
[2026-06-17T09:52:14.071+0800][32.816s][info][gc             ] GC(1334) Pause Young (Allocation Failure) 41M->38M(57M) 4.720ms
[2026-06-17T09:52:14.071+0800][32.817s][info][gc,cpu         ] GC(1334) User=0.00s Sys=0.01s Real=0.01s
[2026-06-17T09:52:14.084+0800][32.829s][info][gc,start       ] GC(1335) Pause Young (Allocation Failure)
[2026-06-17T09:52:14.086+0800][32.832s][info][gc,heap        ] GC(1335) PSYoungGen: 10675K->1468K(14848K)
[2026-06-17T09:52:14.087+0800][32.833s][info][gc,heap        ] GC(1335) ParOldGen: 35350K->37564K(44032K)
[2026-06-17T09:52:14.087+0800][32.833s][info][gc,metaspace   ] GC(1335) Metaspace: 3161K(4864K)->3161K(4864K) NonClass: 2855K(4352K)->2855K(4352K) Class: 305K(512K)->305K(512K)
[2026-06-17T09:52:14.088+0800][32.834s][info][gc             ] GC(1335) Pause Young (Allocation Failure) 44M->38M(57M) 4.633ms
[2026-06-17T09:52:14.089+0800][32.835s][info][gc,cpu         ] GC(1335) User=0.00s Sys=0.00s Real=0.00s
[2026-06-17T09:52:14.111+0800][32.857s][info][gc,start       ] GC(1336) Pause Young (Allocation Failure)
[2026-06-17T09:52:14.114+0800][32.859s][info][gc,heap        ] GC(1336) PSYoungGen: 9103K->4265K(14336K)
[2026-06-17T09:52:14.114+0800][32.860s][info][gc,heap        ] GC(1336) ParOldGen: 37564K->39008K(44032K)
[2026-06-17T09:52:14.115+0800][32.861s][info][gc,metaspace   ] GC(1336) Metaspace: 3161K(4864K)->3161K(4864K) NonClass: 2855K(4352K)->2855K(4352K) Class: 305K(512K)->305K(512K)
[2026-06-17T09:52:14.115+0800][32.861s][info][gc             ] GC(1336) Pause Young (Allocation Failure) 45M->42M(57M) 3.975ms
[2026-06-17T09:52:14.116+0800][32.862s][info][gc,cpu         ] GC(1336) User=0.01s Sys=0.00s Real=0.00s
[2026-06-17T09:52:14.139+0800][32.885s][info][gc,start       ] GC(1337) Pause Young (Allocation Failure)
[2026-06-17T09:52:14.141+0800][32.887s][info][gc,heap        ] GC(1337) PSYoungGen: 11940K->4120K(14336K)
[2026-06-17T09:52:14.142+0800][32.888s][info][gc,heap        ] GC(1337) ParOldGen: 39008K->39547K(44032K)
[2026-06-17T09:52:14.143+0800][32.888s][info][gc,metaspace   ] GC(1337) Metaspace: 3161K(4864K)->3161K(4864K) NonClass: 2855K(4352K)->2855K(4352K) Class: 305K(512K)->305K(512K)
[2026-06-17T09:52:14.143+0800][32.889s][info][gc             ] GC(1337) Pause Young (Allocation Failure) 49M->42M(57M) 4.302ms
[2026-06-17T09:52:14.144+0800][32.890s][info][gc,cpu         ] GC(1337) User=0.00s Sys=0.00s Real=0.01s
[2026-06-17T09:52:14.166+0800][32.912s][info][gc,start       ] GC(1338) Pause Young (Allocation Failure)
[2026-06-17T09:52:14.168+0800][32.914s][info][gc,heap        ] GC(1338) PSYoungGen: 11277K->1686K(14336K)
[2026-06-17T09:52:14.169+0800][32.915s][info][gc,heap        ] GC(1338) ParOldGen: 39547K->42191K(44032K)
[2026-06-17T09:52:14.170+0800][32.915s][info][gc,metaspace   ] GC(1338) Metaspace: 3161K(4864K)->3161K(4864K) NonClass: 2855K(4352K)->2855K(4352K) Class: 305K(512K)->305K(512K)
[2026-06-17T09:52:14.170+0800][32.916s][info][gc             ] GC(1338) Pause Young (Allocation Failure) 49M->42M(57M) 3.966ms
[2026-06-17T09:52:14.171+0800][32.917s][info][gc,cpu         ] GC(1338) User=0.00s Sys=0.00s Real=0.01s
[2026-06-17T09:52:14.172+0800][32.917s][info][gc,start       ] GC(1339) Pause Full (Ergonomics)
[2026-06-17T09:52:14.172+0800][32.918s][info][gc,phases,start] GC(1339) Marking Phase
[2026-06-17T09:52:14.175+0800][32.920s][info][gc,phases      ] GC(1339) Marking Phase 2.424ms
[2026-06-17T09:52:14.175+0800][32.921s][info][gc,phases,start] GC(1339) Summary Phase
[2026-06-17T09:52:14.176+0800][32.922s][info][gc,phases      ] GC(1339) Summary Phase 0.641ms
[2026-06-17T09:52:14.176+0800][32.922s][info][gc,phases,start] GC(1339) Adjust Roots
[2026-06-17T09:52:14.177+0800][32.923s][info][gc,phases      ] GC(1339) Adjust Roots 1.236ms
[2026-06-17T09:52:14.178+0800][32.924s][info][gc,phases,start] GC(1339) Compaction Phase
[2026-06-17T09:52:14.182+0800][32.928s][info][gc,phases      ] GC(1339) Compaction Phase 3.665ms
[2026-06-17T09:52:14.182+0800][32.928s][info][gc,phases,start] GC(1339) Post Compact
[2026-06-17T09:52:14.183+0800][32.929s][info][gc,phases      ] GC(1339) Post Compact 0.416ms
[2026-06-17T09:52:14.183+0800][32.929s][info][gc,heap        ] GC(1339) PSYoungGen: 1686K->0K(14336K)
[2026-06-17T09:52:14.184+0800][32.929s][info][gc,heap        ] GC(1339) ParOldGen: 42191K->25404K(44032K)
[2026-06-17T09:52:14.184+0800][32.930s][info][gc,metaspace   ] GC(1339) Metaspace: 3161K(4864K)->3161K(4864K) NonClass: 2855K(4352K)->2855K(4352K) Class: 305K(512K)->305K(512K)
[2026-06-17T09:52:14.184+0800][32.930s][info][gc             ] GC(1339) Pause Full (Ergonomics) 42M->24M(57M) 12.691ms
[2026-06-17T09:52:14.185+0800][32.931s][info][gc,cpu         ] GC(1339) User=0.01s Sys=0.00s Real=0.01s
[2026-06-17T09:52:14.196+0800][32.942s][info][gc,start       ] GC(1340) Pause Young (Allocation Failure)
[2026-06-17T09:52:14.197+0800][32.943s][info][gc,heap        ] GC(1340) PSYoungGen: 7161K->6894K(14336K)
[2026-06-17T09:52:14.197+0800][32.943s][info][gc,heap        ] GC(1340) ParOldGen: 25404K->25733K(44032K)
[2026-06-17T09:52:14.198+0800][32.943s][info][gc,metaspace   ] GC(1340) Metaspace: 3161K(4864K)->3161K(4864K) NonClass: 2855K(4352K)->2855K(4352K) Class: 305K(512K)->305K(512K)
[2026-06-17T09:52:14.198+0800][32.944s][info][gc             ] GC(1340) Pause Young (Allocation Failure) 31M->31M(57M) 1.871ms
[2026-06-17T09:52:14.198+0800][32.944s][info][gc,cpu         ] GC(1340) User=0.00s Sys=0.00s Real=0.00s
[2026-06-17T09:52:14.219+0800][32.965s][info][gc,start       ] GC(1341) Pause Young (Allocation Failure)
[2026-06-17T09:52:14.221+0800][32.967s][info][gc,heap        ] GC(1341) PSYoungGen: 13908K->32K(14336K)
[2026-06-17T09:52:14.221+0800][32.967s][info][gc,heap        ] GC(1341) ParOldGen: 25733K->29348K(44032K)
[2026-06-17T09:52:14.222+0800][32.968s][info][gc,metaspace   ] GC(1341) Metaspace: 3161K(4864K)->3161K(4864K) NonClass: 2855K(4352K)->2855K(4352K) Class: 305K(512K)->305K(512K)
[2026-06-17T09:52:14.223+0800][32.968s][info][gc             ] GC(1341) Pause Young (Allocation Failure) 38M->28M(57M) 3.271ms
[2026-06-17T09:52:14.223+0800][32.969s][info][gc,cpu         ] GC(1341) User=0.00s Sys=0.00s Real=0.01s
[2026-06-17T09:52:14.245+0800][32.991s][info][gc,start       ] GC(1342) Pause Young (Allocation Failure)
[2026-06-17T09:52:14.246+0800][32.992s][info][gc,heap        ] GC(1342) PSYoungGen: 7183K->3781K(14336K)
[2026-06-17T09:52:14.246+0800][32.992s][info][gc,heap        ] GC(1342) ParOldGen: 29348K->29356K(44032K)
[2026-06-17T09:52:14.246+0800][32.992s][info][gc,metaspace   ] GC(1342) Metaspace: 3161K(4864K)->3161K(4864K) NonClass: 2855K(4352K)->2855K(4352K) Class: 305K(512K)->305K(512K)
[2026-06-17T09:52:14.247+0800][32.993s][info][gc             ] GC(1342) Pause Young (Allocation Failure) 35M->32M(57M) 2.133ms
[2026-06-17T09:52:14.247+0800][32.993s][info][gc,cpu         ] GC(1342) User=0.00s Sys=0.01s Real=0.00s
[2026-06-17T09:52:14.269+0800][33.015s][info][gc,start       ] GC(1343) Pause Young (Allocation Failure)
[2026-06-17T09:52:14.273+0800][33.019s][info][gc,heap        ] GC(1343) PSYoungGen: 10938K->2199K(14336K)
[2026-06-17T09:52:14.274+0800][33.020s][info][gc,heap        ] GC(1343) ParOldGen: 29356K->31263K(44032K)
[2026-06-17T09:52:14.278+0800][33.024s][info][gc,metaspace   ] GC(1343) Metaspace: 3161K(4864K)->3161K(4864K) NonClass: 2855K(4352K)->2855K(4352K) Class: 305K(512K)->305K(512K)
[2026-06-17T09:52:14.281+0800][33.026s][info][gc             ] GC(1343) Pause Young (Allocation Failure) 39M->32M(57M) 11.841ms
[2026-06-17T09:52:14.282+0800][33.028s][info][gc,cpu         ] GC(1343) User=0.00s Sys=0.00s Real=0.01s
[2026-06-17T09:52:14.298+0800][33.044s][info][gc,start       ] GC(1344) Pause Young (Allocation Failure)
[2026-06-17T09:52:14.300+0800][33.046s][info][gc,heap        ] GC(1344) PSYoungGen: 8513K->0K(14336K)
[2026-06-17T09:52:14.300+0800][33.046s][info][gc,heap        ] GC(1344) ParOldGen: 31263K->33141K(44032K)
[2026-06-17T09:52:14.301+0800][33.047s][info][gc,metaspace   ] GC(1344) Metaspace: 3161K(4864K)->3161K(4864K) NonClass: 2855K(4352K)->2855K(4352K) Class: 305K(512K)->305K(512K)
[2026-06-17T09:52:14.302+0800][33.048s][info][gc             ] GC(1344) Pause Young (Allocation Failure) 38M->32M(57M) 3.752ms
[2026-06-17T09:52:14.303+0800][33.048s][info][gc,cpu         ] GC(1344) User=0.00s Sys=0.00s Real=0.01s
[2026-06-17T09:52:14.325+0800][33.071s][info][gc,start       ] GC(1345) Pause Young (Allocation Failure)
[2026-06-17T09:52:14.328+0800][33.073s][info][gc,heap        ] GC(1345) PSYoungGen: 7164K->3825K(14336K)
[2026-06-17T09:52:14.328+0800][33.074s][info][gc,heap        ] GC(1345) ParOldGen: 33141K->33141K(44032K)
[2026-06-17T09:52:14.329+0800][33.075s][info][gc,metaspace   ] GC(1345) Metaspace: 3161K(4864K)->3161K(4864K) NonClass: 2855K(4352K)->2855K(4352K) Class: 305K(512K)->305K(512K)
[2026-06-17T09:52:14.330+0800][33.076s][info][gc             ] GC(1345) Pause Young (Allocation Failure) 39M->36M(57M) 4.335ms
[2026-06-17T09:52:14.330+0800][33.076s][info][gc,cpu         ] GC(1345) User=0.00s Sys=0.00s Real=0.00s
[2026-06-17T09:52:14.352+0800][33.098s][info][gc,start       ] GC(1346) Pause Young (Allocation Failure)
[2026-06-17T09:52:14.353+0800][33.099s][info][gc,heap        ] GC(1346) PSYoungGen: 10963K->869K(14336K)
[2026-06-17T09:52:14.354+0800][33.100s][info][gc,heap        ] GC(1346) ParOldGen: 33141K->36341K(44032K)
[2026-06-17T09:52:14.355+0800][33.101s][info][gc,metaspace   ] GC(1346) Metaspace: 3161K(4864K)->3161K(4864K) NonClass: 2855K(4352K)->2855K(4352K) Class: 305K(512K)->305K(512K)
[2026-06-17T09:52:14.357+0800][33.103s][info][gc             ] GC(1346) Pause Young (Allocation Failure) 43M->36M(57M) 4.823ms
[2026-06-17T09:52:14.361+0800][33.107s][info][gc,cpu         ] GC(1346) User=0.00s Sys=0.00s Real=0.00s
[2026-06-17T09:52:14.375+0800][33.120s][info][gc,start       ] GC(1347) Pause Young (Allocation Failure)
[2026-06-17T09:52:14.376+0800][33.122s][info][gc,heap        ] GC(1347) PSYoungGen: 8020K->4411K(14336K)
[2026-06-17T09:52:14.377+0800][33.123s][info][gc,heap        ] GC(1347) ParOldGen: 36341K->36341K(44032K)
[2026-06-17T09:52:14.377+0800][33.123s][info][gc,metaspace   ] GC(1347) Metaspace: 3161K(4864K)->3161K(4864K) NonClass: 2855K(4352K)->2855K(4352K) Class: 305K(512K)->305K(512K)
[2026-06-17T09:52:14.377+0800][33.123s][info][gc             ] GC(1347) Pause Young (Allocation Failure) 43M->39M(57M) 2.944ms
[2026-06-17T09:52:14.378+0800][33.124s][info][gc,cpu         ] GC(1347) User=0.00s Sys=0.00s Real=0.00s
[2026-06-17T09:52:14.400+0800][33.146s][info][gc,start       ] GC(1348) Pause Young (Allocation Failure)
[2026-06-17T09:52:14.401+0800][33.147s][info][gc,heap        ] GC(1348) PSYoungGen: 11551K->2634K(14336K)
[2026-06-17T09:52:14.402+0800][33.147s][info][gc,heap        ] GC(1348) ParOldGen: 36341K->38337K(44032K)
[2026-06-17T09:52:14.402+0800][33.148s][info][gc,metaspace   ] GC(1348) Metaspace: 3161K(4864K)->3161K(4864K) NonClass: 2855K(4352K)->2855K(4352K) Class: 305K(512K)->305K(512K)
[2026-06-17T09:52:14.403+0800][33.148s][info][gc             ] GC(1348) Pause Young (Allocation Failure) 46M->40M(57M) 2.894ms
[2026-06-17T09:52:14.403+0800][33.149s][info][gc,cpu         ] GC(1348) User=0.00s Sys=0.00s Real=0.01s
[2026-06-17T09:52:14.425+0800][33.171s][info][gc,start       ] GC(1349) Pause Young (Allocation Failure)
[2026-06-17T09:52:14.426+0800][33.172s][info][gc,heap        ] GC(1349) PSYoungGen: 9785K->2492K(14336K)
[2026-06-17T09:52:14.427+0800][33.173s][info][gc,heap        ] GC(1349) ParOldGen: 38337K->38337K(44032K)
[2026-06-17T09:52:14.428+0800][33.174s][info][gc,metaspace   ] GC(1349) Metaspace: 3161K(4864K)->3161K(4864K) NonClass: 2855K(4352K)->2855K(4352K) Class: 305K(512K)->305K(512K)
[2026-06-17T09:52:14.428+0800][33.174s][info][gc             ] GC(1349) Pause Young (Allocation Failure) 46M->39M(57M) 3.505ms
[2026-06-17T09:52:14.429+0800][33.175s][info][gc,cpu         ] GC(1349) User=0.00s Sys=0.00s Real=0.00s
[2026-06-17T09:52:14.442+0800][33.188s][info][gc,start       ] GC(1350) Pause Young (Allocation Failure)
[2026-06-17T09:52:14.443+0800][33.189s][info][gc,heap        ] GC(1350) PSYoungGen: 9626K->360K(14336K)
[2026-06-17T09:52:14.444+0800][33.190s][info][gc,heap        ] GC(1350) ParOldGen: 38337K->40405K(44032K)
[2026-06-17T09:52:14.445+0800][33.191s][info][gc,metaspace   ] GC(1350) Metaspace: 3161K(4864K)->3161K(4864K) NonClass: 2855K(4352K)->2855K(4352K) Class: 305K(512K)->305K(512K)
[2026-06-17T09:52:14.446+0800][33.192s][info][gc             ] GC(1350) Pause Young (Allocation Failure) 46M->39M(57M) 4.046ms
[2026-06-17T09:52:14.446+0800][33.192s][info][gc,cpu         ] GC(1350) User=0.01s Sys=0.00s Real=0.01s
[2026-06-17T09:52:14.447+0800][33.193s][info][gc,start       ] GC(1351) Pause Full (Ergonomics)
[2026-06-17T09:52:14.448+0800][33.194s][info][gc,phases,start] GC(1351) Marking Phase
[2026-06-17T09:52:14.449+0800][33.195s][info][gc,phases      ] GC(1351) Marking Phase 1.695ms
[2026-06-17T09:52:14.450+0800][33.196s][info][gc,phases,start] GC(1351) Summary Phase
[2026-06-17T09:52:14.450+0800][33.196s][info][gc,phases      ] GC(1351) Summary Phase 0.374ms
[2026-06-17T09:52:14.451+0800][33.197s][info][gc,phases,start] GC(1351) Adjust Roots
[2026-06-17T09:52:14.451+0800][33.197s][info][gc,phases      ] GC(1351) Adjust Roots 0.443ms
[2026-06-17T09:52:14.452+0800][33.197s][info][gc,phases,start] GC(1351) Compaction Phase
[2026-06-17T09:52:14.454+0800][33.199s][info][gc,phases      ] GC(1351) Compaction Phase 1.990ms
[2026-06-17T09:52:14.454+0800][33.200s][info][gc,phases,start] GC(1351) Post Compact
[2026-06-17T09:52:14.454+0800][33.200s][info][gc,phases      ] GC(1351) Post Compact 0.306ms
[2026-06-17T09:52:14.455+0800][33.200s][info][gc,heap        ] GC(1351) PSYoungGen: 360K->0K(14336K)
[2026-06-17T09:52:14.455+0800][33.201s][info][gc,heap        ] GC(1351) ParOldGen: 40405K->27111K(44032K)
[2026-06-17T09:52:14.455+0800][33.201s][info][gc,metaspace   ] GC(1351) Metaspace: 3161K(4864K)->3161K(4864K) NonClass: 2855K(4352K)->2855K(4352K) Class: 305K(512K)->305K(512K)
[2026-06-17T09:52:14.455+0800][33.201s][info][gc             ] GC(1351) Pause Full (Ergonomics) 39M->26M(57M) 7.868ms
[2026-06-17T09:52:14.455+0800][33.201s][info][gc,cpu         ] GC(1351) User=0.00s Sys=0.00s Real=0.01s
[2026-06-17T09:52:14.477+0800][33.223s][info][gc,start       ] GC(1352) Pause Young (Allocation Failure)
[2026-06-17T09:52:14.479+0800][33.225s][info][gc,heap        ] GC(1352) PSYoungGen: 7143K->3644K(14336K)
[2026-06-17T09:52:14.480+0800][33.225s][info][gc,heap        ] GC(1352) ParOldGen: 27111K->27111K(44032K)
[2026-06-17T09:52:14.480+0800][33.226s][info][gc,metaspace   ] GC(1352) Metaspace: 3161K(4864K)->3161K(4864K) NonClass: 2855K(4352K)->2855K(4352K) Class: 305K(512K)->305K(512K)
[2026-06-17T09:52:14.481+0800][33.227s][info][gc             ] GC(1352) Pause Young (Allocation Failure) 33M->30M(57M) 4.245ms
[2026-06-17T09:52:14.482+0800][33.227s][info][gc,cpu         ] GC(1352) User=0.01s Sys=0.00s Real=0.00s
[2026-06-17T09:52:14.504+0800][33.250s][info][gc,start       ] GC(1353) Pause Young (Allocation Failure)
[2026-06-17T09:52:14.506+0800][33.252s][info][gc,heap        ] GC(1353) PSYoungGen: 10807K->2733K(14848K)
[2026-06-17T09:52:14.507+0800][33.253s][info][gc,heap        ] GC(1353) ParOldGen: 27111K->28735K(44032K)
[2026-06-17T09:52:14.508+0800][33.254s][info][gc,metaspace   ] GC(1353) Metaspace: 3161K(4864K)->3161K(4864K) NonClass: 2855K(4352K)->2855K(4352K) Class: 305K(512K)->305K(512K)
[2026-06-17T09:52:14.509+0800][33.255s][info][gc             ] GC(1353) Pause Young (Allocation Failure) 37M->30M(57M) 4.979ms
[2026-06-17T09:52:14.510+0800][33.255s][info][gc,cpu         ] GC(1353) User=0.00s Sys=0.00s Real=0.00s
[2026-06-17T09:52:14.532+0800][33.278s][info][gc,start       ] GC(1354) Pause Young (Allocation Failure)
[2026-06-17T09:52:14.534+0800][33.280s][info][gc,heap        ] GC(1354) PSYoungGen: 10395K->1143K(14336K)
[2026-06-17T09:52:14.535+0800][33.280s][info][gc,heap        ] GC(1354) ParOldGen: 28735K->30823K(44032K)
[2026-06-17T09:52:14.535+0800][33.281s][info][gc,metaspace   ] GC(1354) Metaspace: 3161K(4864K)->3161K(4864K) NonClass: 2855K(4352K)->2855K(4352K) Class: 305K(512K)->305K(512K)
[2026-06-17T09:52:14.535+0800][33.281s][info][gc             ] GC(1354) Pause Young (Allocation Failure) 38M->31M(57M) 3.269ms
[2026-06-17T09:52:14.536+0800][33.282s][info][gc,cpu         ] GC(1354) User=0.00s Sys=0.00s Real=0.00s
[2026-06-17T09:52:14.548+0800][33.293s][info][gc,start       ] GC(1355) Pause Young (Allocation Failure)
[2026-06-17T09:52:14.549+0800][33.295s][info][gc,heap        ] GC(1355) PSYoungGen: 8823K->5332K(13824K)
[2026-06-17T09:52:14.549+0800][33.295s][info][gc,heap        ] GC(1355) ParOldGen: 30823K->30823K(44032K)
[2026-06-17T09:52:14.550+0800][33.295s][info][gc,metaspace   ] GC(1355) Metaspace: 3161K(4864K)->3161K(4864K) NonClass: 2855K(4352K)->2855K(4352K) Class: 305K(512K)->305K(512K)
[2026-06-17T09:52:14.550+0800][33.296s][info][gc             ] GC(1355) Pause Young (Allocation Failure) 38M->35M(56M) 2.404ms
[2026-06-17T09:52:14.550+0800][33.296s][info][gc,cpu         ] GC(1355) User=0.00s Sys=0.00s Real=0.00s
[2026-06-17T09:52:14.572+0800][33.318s][info][gc,start       ] GC(1356) Pause Young (Allocation Failure)
[2026-06-17T09:52:14.574+0800][33.320s][info][gc,heap        ] GC(1356) PSYoungGen: 12480K->3562K(14336K)
[2026-06-17T09:52:14.575+0800][33.321s][info][gc,heap        ] GC(1356) ParOldGen: 30823K->32819K(44032K)
[2026-06-17T09:52:14.575+0800][33.321s][info][gc,metaspace   ] GC(1356) Metaspace: 3161K(4864K)->3161K(4864K) NonClass: 2855K(4352K)->2855K(4352K) Class: 305K(512K)->305K(512K)
[2026-06-17T09:52:14.576+0800][33.322s][info][gc             ] GC(1356) Pause Young (Allocation Failure) 42M->35M(57M) 3.765ms
[2026-06-17T09:52:14.576+0800][33.322s][info][gc,cpu         ] GC(1356) User=0.01s Sys=0.00s Real=0.00s
[2026-06-17T09:52:14.599+0800][33.345s][info][gc,start       ] GC(1357) Pause Young (Allocation Failure)
[2026-06-17T09:52:14.601+0800][33.347s][info][gc,heap        ] GC(1357) PSYoungGen: 10700K->2740K(14848K)
[2026-06-17T09:52:14.602+0800][33.347s][info][gc,heap        ] GC(1357) ParOldGen: 32819K->33773K(44032K)
[2026-06-17T09:52:14.602+0800][33.348s][info][gc,metaspace   ] GC(1357) Metaspace: 3161K(4864K)->3161K(4864K) NonClass: 2855K(4352K)->2855K(4352K) Class: 305K(512K)->305K(512K)
[2026-06-17T09:52:14.603+0800][33.349s][info][gc             ] GC(1357) Pause Young (Allocation Failure) 42M->35M(57M) 3.925ms
[2026-06-17T09:52:14.603+0800][33.349s][info][gc,cpu         ] GC(1357) User=0.00s Sys=0.00s Real=0.01s
[2026-06-17T09:52:14.615+0800][33.361s][info][gc,start       ] GC(1358) Pause Young (Allocation Failure)
[2026-06-17T09:52:14.618+0800][33.364s][info][gc,heap        ] GC(1358) PSYoungGen: 10408K->949K(14336K)
[2026-06-17T09:52:14.619+0800][33.364s][info][gc,heap        ] GC(1358) ParOldGen: 33773K->36359K(44032K)
[2026-06-17T09:52:14.619+0800][33.365s][info][gc,metaspace   ] GC(1358) Metaspace: 3161K(4864K)->3161K(4864K) NonClass: 2855K(4352K)->2855K(4352K) Class: 305K(512K)->305K(512K)
[2026-06-17T09:52:14.620+0800][33.365s][info][gc             ] GC(1358) Pause Young (Allocation Failure) 43M->36M(57M) 4.111ms
[2026-06-17T09:52:14.620+0800][33.366s][info][gc,cpu         ] GC(1358) User=0.00s Sys=0.00s Real=0.00s
[2026-06-17T09:52:14.652+0800][33.398s][info][gc,start       ] GC(1359) Pause Young (Allocation Failure)
[2026-06-17T09:52:14.653+0800][33.399s][info][gc,heap        ] GC(1359) PSYoungGen: 8617K->1182K(14848K)
[2026-06-17T09:52:14.654+0800][33.400s][info][gc,heap        ] GC(1359) ParOldGen: 36359K->37284K(44032K)
[2026-06-17T09:52:14.654+0800][33.400s][info][gc,metaspace   ] GC(1359) Metaspace: 3161K(4864K)->3161K(4864K) NonClass: 2855K(4352K)->2855K(4352K) Class: 305K(512K)->305K(512K)
[2026-06-17T09:52:14.655+0800][33.400s][info][gc             ] GC(1359) Pause Young (Allocation Failure) 43M->37M(57M) 2.742ms
[2026-06-17T09:52:14.655+0800][33.401s][info][gc,cpu         ] GC(1359) User=0.00s Sys=0.00s Real=0.00s
[2026-06-17T09:52:14.677+0800][33.423s][info][gc,start       ] GC(1360) Pause Young (Allocation Failure)
[2026-06-17T09:52:14.678+0800][33.424s][info][gc,heap        ] GC(1360) PSYoungGen: 9367K->1928K(14848K)
[2026-06-17T09:52:14.679+0800][33.425s][info][gc,heap        ] GC(1360) ParOldGen: 37284K->38080K(44032K)
[2026-06-17T09:52:14.680+0800][33.426s][info][gc,metaspace   ] GC(1360) Metaspace: 3161K(4864K)->3161K(4864K) NonClass: 2855K(4352K)->2855K(4352K) Class: 305K(512K)->305K(512K)
[2026-06-17T09:52:14.680+0800][33.426s][info][gc             ] GC(1360) Pause Young (Allocation Failure) 45M->39M(57M) 3.501ms
[2026-06-17T09:52:14.681+0800][33.426s][info][gc,cpu         ] GC(1360) User=0.01s Sys=0.00s Real=0.00s
[2026-06-17T09:52:14.692+0800][33.438s][info][gc,start       ] GC(1361) Pause Young (Allocation Failure)
[2026-06-17T09:52:14.693+0800][33.439s][info][gc,heap        ] GC(1361) PSYoungGen: 9897K->923K(15360K)
[2026-06-17T09:52:14.694+0800][33.440s][info][gc,heap        ] GC(1361) ParOldGen: 38080K->39906K(44032K)
[2026-06-17T09:52:14.696+0800][33.441s][info][gc,metaspace   ] GC(1361) Metaspace: 3161K(4864K)->3161K(4864K) NonClass: 2855K(4352K)->2855K(4352K) Class: 305K(512K)->305K(512K)
[2026-06-17T09:52:14.696+0800][33.442s][info][gc             ] GC(1361) Pause Young (Allocation Failure) 46M->39M(58M) 4.302ms
[2026-06-17T09:52:14.697+0800][33.443s][info][gc,cpu         ] GC(1361) User=0.00s Sys=0.00s Real=0.00s
[2026-06-17T09:52:14.730+0800][33.476s][info][gc,start       ] GC(1362) Pause Young (Allocation Failure)
[2026-06-17T09:52:14.732+0800][33.478s][info][gc,heap        ] GC(1362) PSYoungGen: 10102K->2203K(15360K)
[2026-06-17T09:52:14.733+0800][33.479s][info][gc,heap        ] GC(1362) ParOldGen: 39906K->40805K(44032K)
[2026-06-17T09:52:14.733+0800][33.479s][info][gc,metaspace   ] GC(1362) Metaspace: 3161K(4864K)->3161K(4864K) NonClass: 2855K(4352K)->2855K(4352K) Class: 305K(512K)->305K(512K)
[2026-06-17T09:52:14.734+0800][33.480s][info][gc             ] GC(1362) Pause Young (Allocation Failure) 48M->42M(58M) 4.198ms
[2026-06-17T09:52:14.735+0800][33.481s][info][gc,cpu         ] GC(1362) User=0.00s Sys=0.00s Real=0.01s
[2026-06-17T09:52:14.735+0800][33.481s][info][gc,start       ] GC(1363) Pause Full (Ergonomics)
[2026-06-17T09:52:14.736+0800][33.482s][info][gc,phases,start] GC(1363) Marking Phase
[2026-06-17T09:52:14.738+0800][33.484s][info][gc,phases      ] GC(1363) Marking Phase 2.218ms
[2026-06-17T09:52:14.739+0800][33.485s][info][gc,phases,start] GC(1363) Summary Phase
[2026-06-17T09:52:14.739+0800][33.485s][info][gc,phases      ] GC(1363) Summary Phase 0.374ms
[2026-06-17T09:52:14.739+0800][33.485s][info][gc,phases,start] GC(1363) Adjust Roots
[2026-06-17T09:52:14.740+0800][33.485s][info][gc,phases      ] GC(1363) Adjust Roots 0.326ms
[2026-06-17T09:52:14.740+0800][33.486s][info][gc,phases,start] GC(1363) Compaction Phase
[2026-06-17T09:52:14.742+0800][33.488s][info][gc,phases      ] GC(1363) Compaction Phase 1.862ms
[2026-06-17T09:52:14.742+0800][33.488s][info][gc,phases,start] GC(1363) Post Compact
[2026-06-17T09:52:14.743+0800][33.488s][info][gc,phases      ] GC(1363) Post Compact 0.374ms
[2026-06-17T09:52:14.743+0800][33.489s][info][gc,heap        ] GC(1363) PSYoungGen: 2203K->0K(15872K)
[2026-06-17T09:52:14.743+0800][33.489s][info][gc,heap        ] GC(1363) ParOldGen: 40805K->22078K(44032K)
[2026-06-17T09:52:14.743+0800][33.489s][info][gc,metaspace   ] GC(1363) Metaspace: 3161K(4864K)->3161K(4864K) NonClass: 2855K(4352K)->2855K(4352K) Class: 305K(512K)->305K(512K)
[2026-06-17T09:52:14.743+0800][33.489s][info][gc             ] GC(1363) Pause Full (Ergonomics) 42M->21M(58M) 7.820ms
[2026-06-17T09:52:14.744+0800][33.489s][info][gc,cpu         ] GC(1363) User=0.00s Sys=0.00s Real=0.01s
[2026-06-17T09:52:14.765+0800][33.511s][info][gc,start       ] GC(1364) Pause Young (Allocation Failure)
[2026-06-17T09:52:14.767+0800][33.513s][info][gc,heap        ] GC(1364) PSYoungGen: 10216K->5616K(15872K)
[2026-06-17T09:52:14.767+0800][33.513s][info][gc,heap        ] GC(1364) ParOldGen: 22078K->23155K(44032K)
[2026-06-17T09:52:14.768+0800][33.514s][info][gc,metaspace   ] GC(1364) Metaspace: 3161K(4864K)->3161K(4864K) NonClass: 2855K(4352K)->2855K(4352K) Class: 305K(512K)->305K(512K)
[2026-06-17T09:52:14.768+0800][33.514s][info][gc             ] GC(1364) Pause Young (Allocation Failure) 31M->28M(58M) 2.828ms
[2026-06-17T09:52:14.769+0800][33.514s][info][gc,cpu         ] GC(1364) User=0.00s Sys=0.00s Real=0.00s
[2026-06-17T09:52:14.791+0800][33.537s][info][gc,start       ] GC(1365) Pause Young (Allocation Failure)
[2026-06-17T09:52:14.793+0800][33.539s][info][gc,heap        ] GC(1365) PSYoungGen: 15810K->5332K(12800K)
[2026-06-17T09:52:14.794+0800][33.540s][info][gc,heap        ] GC(1365) ParOldGen: 23155K->26356K(44032K)
[2026-06-17T09:52:14.794+0800][33.540s][info][gc,metaspace   ] GC(1365) Metaspace: 3161K(4864K)->3161K(4864K) NonClass: 2855K(4352K)->2855K(4352K) Class: 305K(512K)->305K(512K)
[2026-06-17T09:52:14.795+0800][33.541s][info][gc             ] GC(1365) Pause Young (Allocation Failure) 38M->30M(55M) 3.799ms
[2026-06-17T09:52:14.795+0800][33.541s][info][gc,cpu         ] GC(1365) User=0.00s Sys=0.00s Real=0.00s
[2026-06-17T09:52:14.817+0800][33.563s][info][gc,start       ] GC(1366) Pause Young (Allocation Failure)
[2026-06-17T09:52:14.821+0800][33.567s][info][gc,heap        ] GC(1366) PSYoungGen: 12482K->2575K(14336K)
[2026-06-17T09:52:14.823+0800][33.568s][info][gc,heap        ] GC(1366) ParOldGen: 26356K->29655K(44032K)
[2026-06-17T09:52:14.824+0800][33.570s][info][gc,metaspace   ] GC(1366) Metaspace: 3161K(4864K)->3161K(4864K) NonClass: 2855K(4352K)->2855K(4352K) Class: 305K(512K)->305K(512K)
[2026-06-17T09:52:14.825+0800][33.570s][info][gc             ] GC(1366) Pause Young (Allocation Failure) 37M->31M(57M) 7.095ms
[2026-06-17T09:52:14.826+0800][33.571s][info][gc,cpu         ] GC(1366) User=0.01s Sys=0.00s Real=0.01s
[2026-06-17T09:52:14.848+0800][33.594s][info][gc,start       ] GC(1367) Pause Young (Allocation Failure)
[2026-06-17T09:52:14.853+0800][33.599s][info][gc,heap        ] GC(1367) PSYoungGen: 9727K->2630K(14336K)
[2026-06-17T09:52:14.911+0800][33.656s][info][gc,heap        ] GC(1367) ParOldGen: 29655K->29655K(44032K)
[2026-06-17T09:52:14.948+0800][33.694s][info][gc,metaspace   ] GC(1367) Metaspace: 3161K(4864K)->3161K(4864K) NonClass: 2855K(4352K)->2855K(4352K) Class: 305K(512K)->305K(512K)
[2026-06-17T09:52:14.948+0800][33.694s][info][gc             ] GC(1367) Pause Young (Allocation Failure) 38M->31M(57M) 100.001ms
[2026-06-17T09:52:14.949+0800][33.695s][info][gc,cpu         ] GC(1367) User=0.00s Sys=0.00s Real=0.10s
[2026-06-17T09:52:14.960+0800][33.706s][info][gc,start       ] GC(1368) Pause Young (Allocation Failure)
[2026-06-17T09:52:14.961+0800][33.707s][info][gc,heap        ] GC(1368) PSYoungGen: 9672K->736K(14336K)
[2026-06-17T09:52:14.961+0800][33.707s][info][gc,heap        ] GC(1368) ParOldGen: 29655K->31654K(44032K)
[2026-06-17T09:52:14.962+0800][33.708s][info][gc,metaspace   ] GC(1368) Metaspace: 3161K(4864K)->3161K(4864K) NonClass: 2855K(4352K)->2855K(4352K) Class: 305K(512K)->305K(512K)
[2026-06-17T09:52:14.962+0800][33.708s][info][gc             ] GC(1368) Pause Young (Allocation Failure) 38M->31M(57M) 2.207ms
[2026-06-17T09:52:14.963+0800][33.708s][info][gc,cpu         ] GC(1368) User=0.00s Sys=0.00s Real=0.01s
[2026-06-17T09:52:14.984+0800][33.730s][info][gc,start       ] GC(1369) Pause Young (Allocation Failure)
[2026-06-17T09:52:14.985+0800][33.731s][info][gc,heap        ] GC(1369) PSYoungGen: 7895K->3981K(14336K)
[2026-06-17T09:52:14.985+0800][33.731s][info][gc,heap        ] GC(1369) ParOldGen: 31654K->32366K(44032K)
[2026-06-17T09:52:14.986+0800][33.731s][info][gc,metaspace   ] GC(1369) Metaspace: 3161K(4864K)->3161K(4864K) NonClass: 2855K(4352K)->2855K(4352K) Class: 305K(512K)->305K(512K)
[2026-06-17T09:52:14.986+0800][33.732s][info][gc             ] GC(1369) Pause Young (Allocation Failure) 38M->35M(57M) 1.810ms
[2026-06-17T09:52:14.986+0800][33.732s][info][gc,cpu         ] GC(1369) User=0.00s Sys=0.00s Real=0.00s
[2026-06-17T09:52:15.007+0800][33.753s][info][gc,start       ] GC(1370) Pause Young (Allocation Failure)
[2026-06-17T09:52:15.009+0800][33.755s][info][gc,heap        ] GC(1370) PSYoungGen: 11143K->2847K(14336K)
[2026-06-17T09:52:15.010+0800][33.755s][info][gc,heap        ] GC(1370) ParOldGen: 32366K->33746K(44032K)
[2026-06-17T09:52:15.010+0800][33.756s][info][gc,metaspace   ] GC(1370) Metaspace: 3161K(4864K)->3161K(4864K) NonClass: 2855K(4352K)->2855K(4352K) Class: 305K(512K)->305K(512K)
[2026-06-17T09:52:15.011+0800][33.756s][info][gc             ] GC(1370) Pause Young (Allocation Failure) 42M->35M(57M) 3.091ms
[2026-06-17T09:52:15.011+0800][33.757s][info][gc,cpu         ] GC(1370) User=0.00s Sys=0.00s Real=0.01s
[2026-06-17T09:52:15.032+0800][33.778s][info][gc,start       ] GC(1371) Pause Young (Allocation Failure)
[2026-06-17T09:52:15.036+0800][33.782s][info][gc,heap        ] GC(1371) PSYoungGen: 9993K->1211K(14848K)
[2026-06-17T09:52:15.039+0800][33.785s][info][gc,heap        ] GC(1371) ParOldGen: 33746K->35581K(44032K)
[2026-06-17T09:52:15.042+0800][33.788s][info][gc,metaspace   ] GC(1371) Metaspace: 3161K(4864K)->3161K(4864K) NonClass: 2855K(4352K)->2855K(4352K) Class: 305K(512K)->305K(512K)
[2026-06-17T09:52:15.045+0800][33.791s][info][gc             ] GC(1371) Pause Young (Allocation Failure) 42M->35M(57M) 12.279ms
[2026-06-17T09:52:15.045+0800][33.791s][info][gc,cpu         ] GC(1371) User=0.01s Sys=0.00s Real=0.01s
[2026-06-17T09:52:15.068+0800][33.814s][info][gc,start       ] GC(1372) Pause Young (Allocation Failure)
[2026-06-17T09:52:15.070+0800][33.816s][info][gc,heap        ] GC(1372) PSYoungGen: 9383K->2678K(14848K)
[2026-06-17T09:52:15.071+0800][33.817s][info][gc,heap        ] GC(1372) ParOldGen: 35581K->35581K(44032K)
[2026-06-17T09:52:15.073+0800][33.819s][info][gc,metaspace   ] GC(1372) Metaspace: 3161K(4864K)->3161K(4864K) NonClass: 2855K(4352K)->2855K(4352K) Class: 305K(512K)->305K(512K)
[2026-06-17T09:52:15.076+0800][33.822s][info][gc             ] GC(1372) Pause Young (Allocation Failure) 43M->37M(57M) 8.105ms
[2026-06-17T09:52:15.079+0800][33.825s][info][gc,cpu         ] GC(1372) User=0.00s Sys=0.00s Real=0.01s
[2026-06-17T09:52:15.102+0800][33.847s][info][gc,start       ] GC(1373) Pause Young (Allocation Failure)
[2026-06-17T09:52:15.104+0800][33.850s][info][gc,heap        ] GC(1373) PSYoungGen: 10854K->2251K(15360K)
[2026-06-17T09:52:15.104+0800][33.850s][info][gc,heap        ] GC(1373) ParOldGen: 35581K->37253K(44032K)
[2026-06-17T09:52:15.105+0800][33.851s][info][gc,metaspace   ] GC(1373) Metaspace: 3161K(4864K)->3161K(4864K) NonClass: 2855K(4352K)->2855K(4352K) Class: 305K(512K)->305K(512K)
[2026-06-17T09:52:15.106+0800][33.852s][info][gc             ] GC(1373) Pause Young (Allocation Failure) 45M->38M(58M) 4.314ms
[2026-06-17T09:52:15.106+0800][33.852s][info][gc,cpu         ] GC(1373) User=0.00s Sys=0.00s Real=0.01s
[2026-06-17T09:52:15.130+0800][33.875s][info][gc,start       ] GC(1374) Pause Young (Allocation Failure)
[2026-06-17T09:52:15.132+0800][33.878s][info][gc,heap        ] GC(1374) PSYoungGen: 11438K->2738K(15360K)
[2026-06-17T09:52:15.133+0800][33.879s][info][gc,heap        ] GC(1374) ParOldGen: 37253K->38805K(44032K)
[2026-06-17T09:52:15.133+0800][33.879s][info][gc,metaspace   ] GC(1374) Metaspace: 3161K(4864K)->3161K(4864K) NonClass: 2855K(4352K)->2855K(4352K) Class: 305K(512K)->305K(512K)
[2026-06-17T09:52:15.134+0800][33.880s][info][gc             ] GC(1374) Pause Young (Allocation Failure) 47M->40M(58M) 4.261ms
[2026-06-17T09:52:15.134+0800][33.880s][info][gc,cpu         ] GC(1374) User=0.00s Sys=0.00s Real=0.01s
[2026-06-17T09:52:15.157+0800][33.903s][info][gc,start       ] GC(1375) Pause Young (Allocation Failure)
[2026-06-17T09:52:15.160+0800][33.905s][info][gc,heap        ] GC(1375) PSYoungGen: 11931K->4051K(14848K)
[2026-06-17T09:52:15.160+0800][33.906s][info][gc,heap        ] GC(1375) ParOldGen: 38805K->40040K(44032K)
[2026-06-17T09:52:15.161+0800][33.907s][info][gc,metaspace   ] GC(1375) Metaspace: 3161K(4864K)->3161K(4864K) NonClass: 2855K(4352K)->2855K(4352K) Class: 305K(512K)->305K(512K)
[2026-06-17T09:52:15.163+0800][33.908s][info][gc             ] GC(1375) Pause Young (Allocation Failure) 49M->43M(57M) 5.885ms
[2026-06-17T09:52:15.163+0800][33.909s][info][gc,cpu         ] GC(1375) User=0.00s Sys=0.00s Real=0.01s
[2026-06-17T09:52:15.187+0800][33.933s][info][gc,start       ] GC(1376) Pause Young (Allocation Failure)
[2026-06-17T09:52:15.189+0800][33.935s][info][gc,heap        ] GC(1376) PSYoungGen: 13255K->4155K(15360K)
[2026-06-17T09:52:15.189+0800][33.935s][info][gc,heap        ] GC(1376) ParOldGen: 40040K->42055K(44032K)
[2026-06-17T09:52:15.190+0800][33.936s][info][gc,metaspace   ] GC(1376) Metaspace: 3161K(4864K)->3161K(4864K) NonClass: 2855K(4352K)->2855K(4352K) Class: 305K(512K)->305K(512K)
[2026-06-17T09:52:15.191+0800][33.936s][info][gc             ] GC(1376) Pause Young (Allocation Failure) 52M->45M(58M) 3.678ms
[2026-06-17T09:52:15.191+0800][33.937s][info][gc,cpu         ] GC(1376) User=0.00s Sys=0.00s Real=0.01s
[2026-06-17T09:52:15.192+0800][33.938s][info][gc,start       ] GC(1377) Pause Full (Ergonomics)
[2026-06-17T09:52:15.192+0800][33.938s][info][gc,phases,start] GC(1377) Marking Phase
[2026-06-17T09:52:15.194+0800][33.940s][info][gc,phases      ] GC(1377) Marking Phase 2.042ms
[2026-06-17T09:52:15.195+0800][33.940s][info][gc,phases,start] GC(1377) Summary Phase
[2026-06-17T09:52:15.195+0800][33.941s][info][gc,phases      ] GC(1377) Summary Phase 0.301ms
[2026-06-17T09:52:15.195+0800][33.941s][info][gc,phases,start] GC(1377) Adjust Roots
[2026-06-17T09:52:15.195+0800][33.941s][info][gc,phases      ] GC(1377) Adjust Roots 0.335ms
[2026-06-17T09:52:15.196+0800][33.942s][info][gc,phases,start] GC(1377) Compaction Phase
[2026-06-17T09:52:15.198+0800][33.944s][info][gc,phases      ] GC(1377) Compaction Phase 2.145ms
[2026-06-17T09:52:15.198+0800][33.944s][info][gc,phases,start] GC(1377) Post Compact
[2026-06-17T09:52:15.199+0800][33.944s][info][gc,phases      ] GC(1377) Post Compact 0.415ms
[2026-06-17T09:52:15.199+0800][33.945s][info][gc,heap        ] GC(1377) PSYoungGen: 4155K->0K(15360K)
[2026-06-17T09:52:15.199+0800][33.945s][info][gc,heap        ] GC(1377) ParOldGen: 42055K->32421K(44032K)
[2026-06-17T09:52:15.199+0800][33.945s][info][gc,metaspace   ] GC(1377) Metaspace: 3161K(4864K)->3161K(4864K) NonClass: 2855K(4352K)->2855K(4352K) Class: 305K(512K)->305K(512K)
[2026-06-17T09:52:15.200+0800][33.945s][info][gc             ] GC(1377) Pause Full (Ergonomics) 45M->31M(58M) 7.886ms
[2026-06-17T09:52:15.200+0800][33.946s][info][gc,cpu         ] GC(1377) User=0.01s Sys=0.00s Real=0.00s
[2026-06-17T09:52:15.222+0800][33.968s][info][gc,start       ] GC(1378) Pause Young (Allocation Failure)
[2026-06-17T09:52:15.223+0800][33.969s][info][gc,heap        ] GC(1378) PSYoungGen: 9137K->2231K(15360K)
[2026-06-17T09:52:15.224+0800][33.969s][info][gc,heap        ] GC(1378) ParOldGen: 32421K->32421K(44032K)
[2026-06-17T09:52:15.224+0800][33.970s][info][gc,metaspace   ] GC(1378) Metaspace: 3161K(4864K)->3161K(4864K) NonClass: 2855K(4352K)->2855K(4352K) Class: 305K(512K)->305K(512K)
[2026-06-17T09:52:15.224+0800][33.970s][info][gc             ] GC(1378) Pause Young (Allocation Failure) 40M->33M(58M) 2.829ms
[2026-06-17T09:52:15.225+0800][33.971s][info][gc,cpu         ] GC(1378) User=0.00s Sys=0.01s Real=0.01s
[2026-06-17T09:52:15.257+0800][34.003s][info][gc,start       ] GC(1379) Pause Young (Allocation Failure)
[2026-06-17T09:52:15.259+0800][34.005s][info][gc,heap        ] GC(1379) PSYoungGen: 11424K->2024K(15872K)
[2026-06-17T09:52:15.260+0800][34.006s][info][gc,heap        ] GC(1379) ParOldGen: 32421K->34591K(44032K)
[2026-06-17T09:52:15.261+0800][34.006s][info][gc,metaspace   ] GC(1379) Metaspace: 3161K(4864K)->3161K(4864K) NonClass: 2855K(4352K)->2855K(4352K) Class: 305K(512K)->305K(512K)
[2026-06-17T09:52:15.261+0800][34.007s][info][gc             ] GC(1379) Pause Young (Allocation Failure) 42M->35M(58M) 3.951ms
[2026-06-17T09:52:15.262+0800][34.008s][info][gc,cpu         ] GC(1379) User=0.00s Sys=0.00s Real=0.00s
[2026-06-17T09:52:15.284+0800][34.030s][info][gc,start       ] GC(1380) Pause Young (Allocation Failure)
[2026-06-17T09:52:15.287+0800][34.033s][info][gc,heap        ] GC(1380) PSYoungGen: 11707K->3281K(15360K)
[2026-06-17T09:52:15.287+0800][34.033s][info][gc,heap        ] GC(1380) ParOldGen: 34591K->36064K(44032K)
[2026-06-17T09:52:15.288+0800][34.034s][info][gc,metaspace   ] GC(1380) Metaspace: 3161K(4864K)->3161K(4864K) NonClass: 2855K(4352K)->2855K(4352K) Class: 305K(512K)->305K(512K)
[2026-06-17T09:52:15.289+0800][34.035s][info][gc             ] GC(1380) Pause Young (Allocation Failure) 45M->38M(58M) 4.479ms
[2026-06-17T09:52:15.289+0800][34.035s][info][gc,cpu         ] GC(1380) User=0.00s Sys=0.00s Real=0.00s
[2026-06-17T09:52:15.312+0800][34.058s][info][gc,start       ] GC(1381) Pause Young (Allocation Failure)
[2026-06-17T09:52:15.315+0800][34.060s][info][gc,heap        ] GC(1381) PSYoungGen: 13009K->4300K(14848K)
[2026-06-17T09:52:15.317+0800][34.063s][info][gc,heap        ] GC(1381) ParOldGen: 36064K->37804K(44032K)
[2026-06-17T09:52:15.319+0800][34.065s][info][gc,metaspace   ] GC(1381) Metaspace: 3161K(4864K)->3161K(4864K) NonClass: 2855K(4352K)->2855K(4352K) Class: 305K(512K)->305K(512K)
[2026-06-17T09:52:15.321+0800][34.067s][info][gc             ] GC(1381) Pause Young (Allocation Failure) 47M->41M(57M) 8.642ms
[2026-06-17T09:52:15.323+0800][34.069s][info][gc,cpu         ] GC(1381) User=0.00s Sys=0.00s Real=0.01s
[2026-06-17T09:52:15.347+0800][34.093s][info][gc,start       ] GC(1382) Pause Young (Allocation Failure)
[2026-06-17T09:52:15.348+0800][34.094s][info][gc,heap        ] GC(1382) PSYoungGen: 13448K->1651K(15360K)
[2026-06-17T09:52:15.349+0800][34.094s][info][gc,heap        ] GC(1382) ParOldGen: 37804K->39330K(44032K)
[2026-06-17T09:52:15.349+0800][34.095s][info][gc,metaspace   ] GC(1382) Metaspace: 3161K(4864K)->3161K(4864K) NonClass: 2855K(4352K)->2855K(4352K) Class: 305K(512K)->305K(512K)
[2026-06-17T09:52:15.349+0800][34.095s][info][gc             ] GC(1382) Pause Young (Allocation Failure) 50M->40M(58M) 2.315ms
[2026-06-17T09:52:15.350+0800][34.096s][info][gc,cpu         ] GC(1382) User=0.00s Sys=0.00s Real=0.00s
[2026-06-17T09:52:15.382+0800][34.128s][info][gc,start       ] GC(1383) Pause Young (Allocation Failure)
[2026-06-17T09:52:15.384+0800][34.130s][info][gc,heap        ] GC(1383) PSYoungGen: 10814K->2270K(15872K)
[2026-06-17T09:52:15.385+0800][34.131s][info][gc,heap        ] GC(1383) ParOldGen: 39330K->40957K(44032K)
[2026-06-17T09:52:15.385+0800][34.131s][info][gc,metaspace   ] GC(1383) Metaspace: 3161K(4864K)->3161K(4864K) NonClass: 2855K(4352K)->2855K(4352K) Class: 305K(512K)->305K(512K)
[2026-06-17T09:52:15.386+0800][34.131s][info][gc             ] GC(1383) Pause Young (Allocation Failure) 48M->42M(58M) 3.110ms
[2026-06-17T09:52:15.386+0800][34.132s][info][gc,cpu         ] GC(1383) User=0.00s Sys=0.00s Real=0.00s
[2026-06-17T09:52:15.408+0800][34.154s][info][gc,start       ] GC(1384) Pause Young (Allocation Failure)
[2026-06-17T09:52:15.410+0800][34.156s][info][gc,heap        ] GC(1384) PSYoungGen: 11998K->3738K(15360K)
[2026-06-17T09:52:15.410+0800][34.156s][info][gc,heap        ] GC(1384) ParOldGen: 40957K->42566K(44032K)
[2026-06-17T09:52:15.411+0800][34.157s][info][gc,metaspace   ] GC(1384) Metaspace: 3161K(4864K)->3161K(4864K) NonClass: 2855K(4352K)->2855K(4352K) Class: 305K(512K)->305K(512K)
[2026-06-17T09:52:15.411+0800][34.157s][info][gc             ] GC(1384) Pause Young (Allocation Failure) 51M->45M(58M) 3.281ms
[2026-06-17T09:52:15.412+0800][34.158s][info][gc,cpu         ] GC(1384) User=0.01s Sys=0.00s Real=0.01s
[2026-06-17T09:52:15.412+0800][34.158s][info][gc,start       ] GC(1385) Pause Full (Ergonomics)
[2026-06-17T09:52:15.413+0800][34.158s][info][gc,phases,start] GC(1385) Marking Phase
[2026-06-17T09:52:15.414+0800][34.160s][info][gc,phases      ] GC(1385) Marking Phase 1.768ms
[2026-06-17T09:52:15.415+0800][34.161s][info][gc,phases,start] GC(1385) Summary Phase
[2026-06-17T09:52:15.415+0800][34.161s][info][gc,phases      ] GC(1385) Summary Phase 0.262ms
[2026-06-17T09:52:15.415+0800][34.161s][info][gc,phases,start] GC(1385) Adjust Roots
[2026-06-17T09:52:15.416+0800][34.162s][info][gc,phases      ] GC(1385) Adjust Roots 0.819ms
[2026-06-17T09:52:15.416+0800][34.162s][info][gc,phases,start] GC(1385) Compaction Phase
[2026-06-17T09:52:15.419+0800][34.165s][info][gc,phases      ] GC(1385) Compaction Phase 2.819ms
[2026-06-17T09:52:15.420+0800][34.165s][info][gc,phases,start] GC(1385) Post Compact
[2026-06-17T09:52:15.420+0800][34.166s][info][gc,phases      ] GC(1385) Post Compact 0.395ms
[2026-06-17T09:52:15.420+0800][34.166s][info][gc,heap        ] GC(1385) PSYoungGen: 3738K->0K(15872K)
[2026-06-17T09:52:15.420+0800][34.166s][info][gc,heap        ] GC(1385) ParOldGen: 42566K->28057K(44032K)
[2026-06-17T09:52:15.421+0800][34.166s][info][gc,metaspace   ] GC(1385) Metaspace: 3161K(4864K)->3161K(4864K) NonClass: 2855K(4352K)->2855K(4352K) Class: 305K(512K)->305K(512K)
[2026-06-17T09:52:15.421+0800][34.167s][info][gc             ] GC(1385) Pause Full (Ergonomics) 45M->27M(58M) 8.561ms
[2026-06-17T09:52:15.421+0800][34.167s][info][gc,cpu         ] GC(1385) User=0.00s Sys=0.00s Real=0.00s
[2026-06-17T09:52:15.443+0800][34.188s][info][gc,start       ] GC(1386) Pause Young (Allocation Failure)
[2026-06-17T09:52:15.444+0800][34.190s][info][gc,heap        ] GC(1386) PSYoungGen: 10240K->5620K(15872K)
[2026-06-17T09:52:15.445+0800][34.191s][info][gc,heap        ] GC(1386) ParOldGen: 28057K->29193K(44032K)
[2026-06-17T09:52:15.445+0800][34.191s][info][gc,metaspace   ] GC(1386) Metaspace: 3161K(4864K)->3161K(4864K) NonClass: 2855K(4352K)->2855K(4352K) Class: 305K(512K)->305K(512K)
[2026-06-17T09:52:15.445+0800][34.191s][info][gc             ] GC(1386) Pause Young (Allocation Failure) 37M->33M(58M) 2.873ms
[2026-06-17T09:52:15.446+0800][34.192s][info][gc,cpu         ] GC(1386) User=0.01s Sys=0.00s Real=0.00s
[2026-06-17T09:52:15.478+0800][34.224s][info][gc,start       ] GC(1387) Pause Young (Allocation Failure)
[2026-06-17T09:52:15.480+0800][34.226s][info][gc,heap        ] GC(1387) PSYoungGen: 15841K->3454K(13824K)
[2026-06-17T09:52:15.480+0800][34.226s][info][gc,heap        ] GC(1387) ParOldGen: 29193K->31966K(44032K)
[2026-06-17T09:52:15.481+0800][34.227s][info][gc,metaspace   ] GC(1387) Metaspace: 3161K(4864K)->3161K(4864K) NonClass: 2855K(4352K)->2855K(4352K) Class: 305K(512K)->305K(512K)
[2026-06-17T09:52:15.481+0800][34.227s][info][gc             ] GC(1387) Pause Young (Allocation Failure) 43M->34M(56M) 3.055ms
[2026-06-17T09:52:15.482+0800][34.228s][info][gc,cpu         ] GC(1387) User=0.00s Sys=0.00s Real=0.00s
[2026-06-17T09:52:15.504+0800][34.250s][info][gc,start       ] GC(1388) Pause Young (Allocation Failure)
[2026-06-17T09:52:15.505+0800][34.251s][info][gc,heap        ] GC(1388) PSYoungGen: 11616K->3012K(14848K)
[2026-06-17T09:52:15.506+0800][34.252s][info][gc,heap        ] GC(1388) ParOldGen: 31966K->33748K(44032K)
[2026-06-17T09:52:15.506+0800][34.252s][info][gc,metaspace   ] GC(1388) Metaspace: 3161K(4864K)->3161K(4864K) NonClass: 2855K(4352K)->2855K(4352K) Class: 305K(512K)->305K(512K)
[2026-06-17T09:52:15.507+0800][34.253s][info][gc             ] GC(1388) Pause Young (Allocation Failure) 42M->35M(57M) 2.755ms
[2026-06-17T09:52:15.507+0800][34.253s][info][gc,cpu         ] GC(1388) User=0.00s Sys=0.00s Real=0.00s
[2026-06-17T09:52:15.529+0800][34.275s][info][gc,start       ] GC(1389) Pause Young (Allocation Failure)
[2026-06-17T09:52:15.530+0800][34.276s][info][gc,heap        ] GC(1389) PSYoungGen: 11180K->4286K(14848K)
[2026-06-17T09:52:15.531+0800][34.276s][info][gc,heap        ] GC(1389) ParOldGen: 33748K->33748K(44032K)
[2026-06-17T09:52:15.531+0800][34.277s][info][gc,metaspace   ] GC(1389) Metaspace: 3161K(4864K)->3161K(4864K) NonClass: 2855K(4352K)->2855K(4352K) Class: 305K(512K)->305K(512K)
[2026-06-17T09:52:15.531+0800][34.277s][info][gc             ] GC(1389) Pause Young (Allocation Failure) 43M->37M(57M) 2.274ms
[2026-06-17T09:52:15.531+0800][34.277s][info][gc,cpu         ] GC(1389) User=0.00s Sys=0.00s Real=0.01s
[2026-06-17T09:52:15.553+0800][34.299s][info][gc,start       ] GC(1390) Pause Young (Allocation Failure)
[2026-06-17T09:52:15.554+0800][34.300s][info][gc,heap        ] GC(1390) PSYoungGen: 12465K->3082K(14848K)
[2026-06-17T09:52:15.554+0800][34.300s][info][gc,heap        ] GC(1390) ParOldGen: 33748K->36062K(44032K)
[2026-06-17T09:52:15.554+0800][34.300s][info][gc,metaspace   ] GC(1390) Metaspace: 3161K(4864K)->3161K(4864K) NonClass: 2855K(4352K)->2855K(4352K) Class: 305K(512K)->305K(512K)
[2026-06-17T09:52:15.555+0800][34.301s][info][gc             ] GC(1390) Pause Young (Allocation Failure) 45M->38M(57M) 2.015ms
[2026-06-17T09:52:15.555+0800][34.301s][info][gc,cpu         ] GC(1390) User=0.01s Sys=0.00s Real=0.00s
[2026-06-17T09:52:15.577+0800][34.322s][info][gc,start       ] GC(1391) Pause Young (Allocation Failure)
[2026-06-17T09:52:15.578+0800][34.324s][info][gc,heap        ] GC(1391) PSYoungGen: 11264K->2051K(15360K)
[2026-06-17T09:52:15.579+0800][34.324s][info][gc,heap        ] GC(1391) ParOldGen: 36062K->38098K(44032K)
[2026-06-17T09:52:15.579+0800][34.325s][info][gc,metaspace   ] GC(1391) Metaspace: 3161K(4864K)->3161K(4864K) NonClass: 2855K(4352K)->2855K(4352K) Class: 305K(512K)->305K(512K)
[2026-06-17T09:52:15.579+0800][34.325s][info][gc             ] GC(1391) Pause Young (Allocation Failure) 46M->39M(58M) 2.905ms
[2026-06-17T09:52:15.580+0800][34.326s][info][gc,cpu         ] GC(1391) User=0.00s Sys=0.00s Real=0.00s
[2026-06-17T09:52:15.602+0800][34.348s][info][gc,start       ] GC(1392) Pause Young (Allocation Failure)
[2026-06-17T09:52:15.604+0800][34.350s][info][gc,heap        ] GC(1392) PSYoungGen: 11262K->4292K(15360K)
[2026-06-17T09:52:15.605+0800][34.350s][info][gc,heap        ] GC(1392) ParOldGen: 38098K->38098K(44032K)
[2026-06-17T09:52:15.605+0800][34.351s][info][gc,metaspace   ] GC(1392) Metaspace: 3161K(4864K)->3161K(4864K) NonClass: 2855K(4352K)->2855K(4352K) Class: 305K(512K)->305K(512K)
[2026-06-17T09:52:15.606+0800][34.352s][info][gc             ] GC(1392) Pause Young (Allocation Failure) 48M->41M(58M) 3.592ms
[2026-06-17T09:52:15.607+0800][34.352s][info][gc,cpu         ] GC(1392) User=0.00s Sys=0.00s Real=0.01s
[2026-06-17T09:52:15.629+0800][34.375s][info][gc,start       ] GC(1393) Pause Young (Allocation Failure)
[2026-06-17T09:52:15.631+0800][34.377s][info][gc,heap        ] GC(1393) PSYoungGen: 13476K->2857K(15360K)
[2026-06-17T09:52:15.632+0800][34.378s][info][gc,heap        ] GC(1393) ParOldGen: 38098K->41535K(44032K)
[2026-06-17T09:52:15.632+0800][34.378s][info][gc,metaspace   ] GC(1393) Metaspace: 3161K(4864K)->3161K(4864K) NonClass: 2855K(4352K)->2855K(4352K) Class: 305K(512K)->305K(512K)
[2026-06-17T09:52:15.633+0800][34.379s][info][gc             ] GC(1393) Pause Young (Allocation Failure) 50M->43M(58M) 3.764ms
[2026-06-17T09:52:15.634+0800][34.379s][info][gc,cpu         ] GC(1393) User=0.01s Sys=0.00s Real=0.01s
[2026-06-17T09:52:15.634+0800][34.380s][info][gc,start       ] GC(1394) Pause Full (Ergonomics)
[2026-06-17T09:52:15.635+0800][34.381s][info][gc,phases,start] GC(1394) Marking Phase
[2026-06-17T09:52:15.637+0800][34.383s][info][gc,phases      ] GC(1394) Marking Phase 2.268ms
[2026-06-17T09:52:15.638+0800][34.384s][info][gc,phases,start] GC(1394) Summary Phase
[2026-06-17T09:52:15.638+0800][34.384s][info][gc,phases      ] GC(1394) Summary Phase 0.319ms
[2026-06-17T09:52:15.638+0800][34.384s][info][gc,phases,start] GC(1394) Adjust Roots
[2026-06-17T09:52:15.639+0800][34.385s][info][gc,phases      ] GC(1394) Adjust Roots 0.425ms
[2026-06-17T09:52:15.639+0800][34.385s][info][gc,phases,start] GC(1394) Compaction Phase
[2026-06-17T09:52:15.641+0800][34.387s][info][gc,phases      ] GC(1394) Compaction Phase 1.924ms
[2026-06-17T09:52:15.641+0800][34.387s][info][gc,phases,start] GC(1394) Post Compact
[2026-06-17T09:52:15.642+0800][34.387s][info][gc,phases      ] GC(1394) Post Compact 0.332ms
[2026-06-17T09:52:15.642+0800][34.388s][info][gc,heap        ] GC(1394) PSYoungGen: 2857K->0K(15360K)
[2026-06-17T09:52:15.642+0800][34.388s][info][gc,heap        ] GC(1394) ParOldGen: 41535K->21901K(44032K)
[2026-06-17T09:52:15.642+0800][34.388s][info][gc,metaspace   ] GC(1394) Metaspace: 3161K(4864K)->3161K(4864K) NonClass: 2855K(4352K)->2855K(4352K) Class: 305K(512K)->305K(512K)
[2026-06-17T09:52:15.642+0800][34.388s][info][gc             ] GC(1394) Pause Full (Ergonomics) 43M->21M(58M) 7.932ms
[2026-06-17T09:52:15.643+0800][34.388s][info][gc,cpu         ] GC(1394) User=0.00s Sys=0.00s Real=0.01s
[2026-06-17T09:52:15.664+0800][34.410s][info][gc,start       ] GC(1395) Pause Young (Allocation Failure)
[2026-06-17T09:52:15.666+0800][34.412s][info][gc,heap        ] GC(1395) PSYoungGen: 9193K->2844K(15360K)
[2026-06-17T09:52:15.667+0800][34.413s][info][gc,heap        ] GC(1395) ParOldGen: 21901K->21901K(44032K)
[2026-06-17T09:52:15.667+0800][34.413s][info][gc,metaspace   ] GC(1395) Metaspace: 3161K(4864K)->3161K(4864K) NonClass: 2855K(4352K)->2855K(4352K) Class: 305K(512K)->305K(512K)
[2026-06-17T09:52:15.669+0800][34.415s][info][gc             ] GC(1395) Pause Young (Allocation Failure) 30M->24M(58M) 4.369ms
[2026-06-17T09:52:15.669+0800][34.415s][info][gc,cpu         ] GC(1395) User=0.00s Sys=0.00s Real=0.00s
[2026-06-17T09:52:15.702+0800][34.448s][info][gc,start       ] GC(1396) Pause Young (Allocation Failure)
[2026-06-17T09:52:15.704+0800][34.450s][info][gc,heap        ] GC(1396) PSYoungGen: 12060K->1609K(15360K)
[2026-06-17T09:52:15.705+0800][34.451s][info][gc,heap        ] GC(1396) ParOldGen: 21901K->24685K(44032K)
[2026-06-17T09:52:15.705+0800][34.451s][info][gc,metaspace   ] GC(1396) Metaspace: 3161K(4864K)->3161K(4864K) NonClass: 2855K(4352K)->2855K(4352K) Class: 305K(512K)->305K(512K)
[2026-06-17T09:52:15.706+0800][34.452s][info][gc             ] GC(1396) Pause Young (Allocation Failure) 33M->25M(58M) 4.277ms
[2026-06-17T09:52:15.707+0800][34.452s][info][gc,cpu         ] GC(1396) User=0.00s Sys=0.01s Real=0.01s
[2026-06-17T09:52:15.728+0800][34.474s][info][gc,start       ] GC(1397) Pause Young (Allocation Failure)
[2026-06-17T09:52:15.730+0800][34.475s][info][gc,heap        ] GC(1397) PSYoungGen: 10824K->3146K(15872K)
[2026-06-17T09:52:15.730+0800][34.476s][info][gc,heap        ] GC(1397) ParOldGen: 24685K->25650K(44032K)
[2026-06-17T09:52:15.730+0800][34.476s][info][gc,metaspace   ] GC(1397) Metaspace: 3161K(4864K)->3161K(4864K) NonClass: 2855K(4352K)->2855K(4352K) Class: 305K(512K)->305K(512K)
[2026-06-17T09:52:15.731+0800][34.477s][info][gc             ] GC(1397) Pause Young (Allocation Failure) 34M->28M(58M) 2.263ms
[2026-06-17T09:52:15.731+0800][34.477s][info][gc,cpu         ] GC(1397) User=0.00s Sys=0.00s Real=0.01s
[2026-06-17T09:52:15.753+0800][34.499s][info][gc,start       ] GC(1398) Pause Young (Allocation Failure)
[2026-06-17T09:52:15.754+0800][34.500s][info][gc,heap        ] GC(1398) PSYoungGen: 12870K->3798K(15360K)
[2026-06-17T09:52:15.754+0800][34.500s][info][gc,heap        ] GC(1398) ParOldGen: 25650K->27709K(44032K)
[2026-06-17T09:52:15.754+0800][34.500s][info][gc,metaspace   ] GC(1398) Metaspace: 3161K(4864K)->3161K(4864K) NonClass: 2855K(4352K)->2855K(4352K) Class: 305K(512K)->305K(512K)
[2026-06-17T09:52:15.755+0800][34.500s][info][gc             ] GC(1398) Pause Young (Allocation Failure) 37M->30M(58M) 1.839ms
[2026-06-17T09:52:15.755+0800][34.501s][info][gc,cpu         ] GC(1398) User=0.00s Sys=0.00s Real=0.00s
[2026-06-17T09:52:15.777+0800][34.522s][info][gc,start       ] GC(1399) Pause Young (Allocation Failure)
[2026-06-17T09:52:15.779+0800][34.525s][info][gc,heap        ] GC(1399) PSYoungGen: 13406K->1115K(14848K)
[2026-06-17T09:52:15.779+0800][34.525s][info][gc,heap        ] GC(1399) ParOldGen: 27709K->29462K(44032K)
[2026-06-17T09:52:15.780+0800][34.526s][info][gc,metaspace   ] GC(1399) Metaspace: 3161K(4864K)->3161K(4864K) NonClass: 2855K(4352K)->2855K(4352K) Class: 305K(512K)->305K(512K)
[2026-06-17T09:52:15.780+0800][34.526s][info][gc             ] GC(1399) Pause Young (Allocation Failure) 40M->29M(57M) 3.599ms
[2026-06-17T09:52:15.781+0800][34.526s][info][gc,cpu         ] GC(1399) User=0.00s Sys=0.00s Real=0.00s
[2026-06-17T09:52:15.813+0800][34.559s][info][gc,start       ] GC(1400) Pause Young (Allocation Failure)
[2026-06-17T09:52:15.814+0800][34.560s][info][gc,heap        ] GC(1400) PSYoungGen: 10291K->2121K(15360K)
[2026-06-17T09:52:15.815+0800][34.560s][info][gc,heap        ] GC(1400) ParOldGen: 29462K->30553K(44032K)
[2026-06-17T09:52:15.815+0800][34.561s][info][gc,metaspace   ] GC(1400) Metaspace: 3161K(4864K)->3161K(4864K) NonClass: 2855K(4352K)->2855K(4352K) Class: 305K(512K)->305K(512K)
[2026-06-17T09:52:15.815+0800][34.561s][info][gc             ] GC(1400) Pause Young (Allocation Failure) 38M->31M(58M) 2.261ms
[2026-06-17T09:52:15.815+0800][34.561s][info][gc,cpu         ] GC(1400) User=0.00s Sys=0.00s Real=0.00s
[2026-06-17T09:52:15.837+0800][34.582s][info][gc,start       ] GC(1401) Pause Young (Allocation Failure)
[2026-06-17T09:52:15.839+0800][34.585s][info][gc,heap        ] GC(1401) PSYoungGen: 11326K->2819K(15872K)
[2026-06-17T09:52:15.840+0800][34.586s][info][gc,heap        ] GC(1401) ParOldGen: 30553K->32232K(44032K)
[2026-06-17T09:52:15.840+0800][34.586s][info][gc,metaspace   ] GC(1401) Metaspace: 3161K(4864K)->3161K(4864K) NonClass: 2855K(4352K)->2855K(4352K) Class: 305K(512K)->305K(512K)
[2026-06-17T09:52:15.841+0800][34.587s][info][gc             ] GC(1401) Pause Young (Allocation Failure) 40M->34M(58M) 4.150ms
[2026-06-17T09:52:15.841+0800][34.587s][info][gc,cpu         ] GC(1401) User=0.01s Sys=0.00s Real=0.00s
[2026-06-17T09:52:15.863+0800][34.609s][info][gc,start       ] GC(1402) Pause Young (Allocation Failure)
[2026-06-17T09:52:15.865+0800][34.611s][info][gc,heap        ] GC(1402) PSYoungGen: 13020K->4434K(15872K)
[2026-06-17T09:52:15.866+0800][34.612s][info][gc,heap        ] GC(1402) ParOldGen: 32232K->34187K(44032K)
[2026-06-17T09:52:15.866+0800][34.612s][info][gc,metaspace   ] GC(1402) Metaspace: 3161K(4864K)->3161K(4864K) NonClass: 2855K(4352K)->2855K(4352K) Class: 305K(512K)->305K(512K)
[2026-06-17T09:52:15.867+0800][34.613s][info][gc             ] GC(1402) Pause Young (Allocation Failure) 44M->37M(58M) 3.292ms
[2026-06-17T09:52:15.867+0800][34.613s][info][gc,cpu         ] GC(1402) User=0.00s Sys=0.00s Real=0.00s
[2026-06-17T09:52:15.889+0800][34.635s][info][gc,start       ] GC(1403) Pause Young (Allocation Failure)
[2026-06-17T09:52:15.890+0800][34.636s][info][gc,heap        ] GC(1403) PSYoungGen: 14638K->1626K(15872K)
[2026-06-17T09:52:15.890+0800][34.636s][info][gc,heap        ] GC(1403) ParOldGen: 34187K->36317K(44032K)
[2026-06-17T09:52:15.890+0800][34.636s][info][gc,metaspace   ] GC(1403) Metaspace: 3161K(4864K)->3161K(4864K) NonClass: 2855K(4352K)->2855K(4352K) Class: 305K(512K)->305K(512K)
[2026-06-17T09:52:15.890+0800][34.636s][info][gc             ] GC(1403) Pause Young (Allocation Failure) 47M->37M(58M) 1.689ms
[2026-06-17T09:52:15.891+0800][34.636s][info][gc,cpu         ] GC(1403) User=0.00s Sys=0.00s Real=0.01s
[2026-06-17T09:52:15.922+0800][34.668s][info][gc,start       ] GC(1404) Pause Young (Allocation Failure)
[2026-06-17T09:52:15.924+0800][34.670s][info][gc,heap        ] GC(1404) PSYoungGen: 11865K->3328K(15872K)
[2026-06-17T09:52:15.924+0800][34.670s][info][gc,heap        ] GC(1404) ParOldGen: 36317K->37919K(44032K)
[2026-06-17T09:52:15.925+0800][34.671s][info][gc,metaspace   ] GC(1404) Metaspace: 3161K(4864K)->3161K(4864K) NonClass: 2855K(4352K)->2855K(4352K) Class: 305K(512K)->305K(512K)
[2026-06-17T09:52:15.925+0800][34.671s][info][gc             ] GC(1404) Pause Young (Allocation Failure) 47M->40M(58M) 2.657ms
[2026-06-17T09:52:15.925+0800][34.671s][info][gc,cpu         ] GC(1404) User=0.00s Sys=0.00s Real=0.01s
[2026-06-17T09:52:15.958+0800][34.703s][info][gc,start       ] GC(1405) Pause Young (Allocation Failure)
[2026-06-17T09:52:15.963+0800][34.709s][info][gc,heap        ] GC(1405) PSYoungGen: 13554K->2389K(15872K)
[2026-06-17T09:52:15.979+0800][34.725s][info][gc,heap        ] GC(1405) ParOldGen: 37919K->38349K(44032K)
[2026-06-17T09:52:15.980+0800][34.726s][info][gc,metaspace   ] GC(1405) Metaspace: 3161K(4864K)->3161K(4864K) NonClass: 2855K(4352K)->2855K(4352K) Class: 305K(512K)->305K(512K)
[2026-06-17T09:52:15.981+0800][34.726s][info][gc             ] GC(1405) Pause Young (Allocation Failure) 50M->39M(58M) 22.989ms
[2026-06-17T09:52:15.994+0800][34.740s][info][gc,cpu         ] GC(1405) User=0.01s Sys=0.00s Real=0.04s
[2026-06-17T09:52:16.026+0800][34.772s][info][gc,start       ] GC(1406) Pause Young (Allocation Failure)
[2026-06-17T09:52:16.027+0800][34.773s][info][gc,heap        ] GC(1406) PSYoungGen: 12629K->3827K(15872K)
[2026-06-17T09:52:16.028+0800][34.773s][info][gc,heap        ] GC(1406) ParOldGen: 38349K->40378K(44032K)
[2026-06-17T09:52:16.028+0800][34.774s][info][gc,metaspace   ] GC(1406) Metaspace: 3161K(4864K)->3161K(4864K) NonClass: 2855K(4352K)->2855K(4352K) Class: 305K(512K)->305K(512K)
[2026-06-17T09:52:16.028+0800][34.774s][info][gc             ] GC(1406) Pause Young (Allocation Failure) 49M->43M(58M) 2.360ms
[2026-06-17T09:52:16.028+0800][34.774s][info][gc,cpu         ] GC(1406) User=0.00s Sys=0.00s Real=0.00s
[2026-06-17T09:52:16.050+0800][34.796s][info][gc,start       ] GC(1407) Pause Young (Allocation Failure)
[2026-06-17T09:52:16.052+0800][34.798s][info][gc,heap        ] GC(1407) PSYoungGen: 14054K->5606K(12800K)
[2026-06-17T09:52:16.052+0800][34.798s][info][gc,heap        ] GC(1407) ParOldGen: 40378K->41840K(44032K)
[2026-06-17T09:52:16.053+0800][34.799s][info][gc,metaspace   ] GC(1407) Metaspace: 3161K(4864K)->3161K(4864K) NonClass: 2855K(4352K)->2855K(4352K) Class: 305K(512K)->305K(512K)
[2026-06-17T09:52:16.053+0800][34.799s][info][gc             ] GC(1407) Pause Young (Allocation Failure) 53M->46M(55M) 3.283ms
[2026-06-17T09:52:16.054+0800][34.800s][info][gc,cpu         ] GC(1407) User=0.00s Sys=0.00s Real=0.01s
[2026-06-17T09:52:16.054+0800][34.800s][info][gc,start       ] GC(1408) Pause Full (Ergonomics)
[2026-06-17T09:52:16.055+0800][34.801s][info][gc,phases,start] GC(1408) Marking Phase
[2026-06-17T09:52:16.057+0800][34.803s][info][gc,phases      ] GC(1408) Marking Phase 1.917ms
[2026-06-17T09:52:16.057+0800][34.803s][info][gc,phases,start] GC(1408) Summary Phase
[2026-06-17T09:52:16.058+0800][34.803s][info][gc,phases      ] GC(1408) Summary Phase 0.357ms
[2026-06-17T09:52:16.058+0800][34.804s][info][gc,phases,start] GC(1408) Adjust Roots
[2026-06-17T09:52:16.058+0800][34.804s][info][gc,phases      ] GC(1408) Adjust Roots 0.484ms
[2026-06-17T09:52:16.059+0800][34.805s][info][gc,phases,start] GC(1408) Compaction Phase
[2026-06-17T09:52:16.061+0800][34.807s][info][gc,phases      ] GC(1408) Compaction Phase 1.905ms
[2026-06-17T09:52:16.061+0800][34.807s][info][gc,phases,start] GC(1408) Post Compact
[2026-06-17T09:52:16.061+0800][34.807s][info][gc,phases      ] GC(1408) Post Compact 0.347ms
[2026-06-17T09:52:16.062+0800][34.807s][info][gc,heap        ] GC(1408) PSYoungGen: 5606K->0K(14336K)
[2026-06-17T09:52:16.062+0800][34.808s][info][gc,heap        ] GC(1408) ParOldGen: 41840K->25815K(44032K)
[2026-06-17T09:52:16.062+0800][34.808s][info][gc,metaspace   ] GC(1408) Metaspace: 3161K(4864K)->3161K(4864K) NonClass: 2855K(4352K)->2855K(4352K) Class: 305K(512K)->305K(512K)
[2026-06-17T09:52:16.062+0800][34.808s][info][gc             ] GC(1408) Pause Full (Ergonomics) 46M->25M(57M) 7.710ms
[2026-06-17T09:52:16.062+0800][34.808s][info][gc,cpu         ] GC(1408) User=0.01s Sys=0.00s Real=0.00s
[2026-06-17T09:52:16.084+0800][34.830s][info][gc,start       ] GC(1409) Pause Young (Allocation Failure)
[2026-06-17T09:52:16.085+0800][34.831s][info][gc,heap        ] GC(1409) PSYoungGen: 7166K->3997K(14848K)
[2026-06-17T09:52:16.086+0800][34.832s][info][gc,heap        ] GC(1409) ParOldGen: 25815K->25815K(44032K)
[2026-06-17T09:52:16.086+0800][34.832s][info][gc,metaspace   ] GC(1409) Metaspace: 3161K(4864K)->3161K(4864K) NonClass: 2855K(4352K)->2855K(4352K) Class: 305K(512K)->305K(512K)
[2026-06-17T09:52:16.087+0800][34.833s][info][gc             ] GC(1409) Pause Young (Allocation Failure) 32M->29M(57M) 2.946ms
[2026-06-17T09:52:16.087+0800][34.833s][info][gc,cpu         ] GC(1409) User=0.00s Sys=0.00s Real=0.00s
[2026-06-17T09:52:16.109+0800][34.855s][info][gc,start       ] GC(1410) Pause Young (Allocation Failure)
[2026-06-17T09:52:16.112+0800][34.858s][info][gc,heap        ] GC(1410) PSYoungGen: 11673K->3456K(14336K)
[2026-06-17T09:52:16.113+0800][34.858s][info][gc,heap        ] GC(1410) ParOldGen: 25815K->27233K(44032K)
[2026-06-17T09:52:16.115+0800][34.860s][info][gc,metaspace   ] GC(1410) Metaspace: 3161K(4864K)->3161K(4864K) NonClass: 2855K(4352K)->2855K(4352K) Class: 305K(512K)->305K(512K)
[2026-06-17T09:52:16.117+0800][34.862s][info][gc             ] GC(1410) Pause Young (Allocation Failure) 36M->29M(57M) 7.640ms
[2026-06-17T09:52:16.118+0800][34.864s][info][gc,cpu         ] GC(1410) User=0.00s Sys=0.00s Real=0.01s
[2026-06-17T09:52:16.142+0800][34.887s][info][gc,start       ] GC(1411) Pause Young (Allocation Failure)
[2026-06-17T09:52:16.144+0800][34.890s][info][gc,heap        ] GC(1411) PSYoungGen: 11125K->1976K(14848K)
[2026-06-17T09:52:16.145+0800][34.891s][info][gc,heap        ] GC(1411) ParOldGen: 27233K->29402K(44032K)
[2026-06-17T09:52:16.146+0800][34.891s][info][gc,metaspace   ] GC(1411) Metaspace: 3161K(4864K)->3161K(4864K) NonClass: 2855K(4352K)->2855K(4352K) Class: 305K(512K)->305K(512K)
[2026-06-17T09:52:16.146+0800][34.892s][info][gc             ] GC(1411) Pause Young (Allocation Failure) 37M->30M(57M) 4.523ms
[2026-06-17T09:52:16.147+0800][34.893s][info][gc,cpu         ] GC(1411) User=0.01s Sys=0.00s Real=0.01s
[2026-06-17T09:52:16.169+0800][34.915s][info][gc,start       ] GC(1412) Pause Young (Allocation Failure)
[2026-06-17T09:52:16.171+0800][34.917s][info][gc,heap        ] GC(1412) PSYoungGen: 10135K->1758K(14848K)
[2026-06-17T09:52:16.171+0800][34.917s][info][gc,heap        ] GC(1412) ParOldGen: 29402K->30861K(44032K)
[2026-06-17T09:52:16.172+0800][34.918s][info][gc,metaspace   ] GC(1412) Metaspace: 3161K(4864K)->3161K(4864K) NonClass: 2855K(4352K)->2855K(4352K) Class: 305K(512K)->305K(512K)
[2026-06-17T09:52:16.172+0800][34.918s][info][gc             ] GC(1412) Pause Young (Allocation Failure) 38M->31M(57M) 3.313ms
[2026-06-17T09:52:16.173+0800][34.919s][info][gc,cpu         ] GC(1412) User=0.00s Sys=0.00s Real=0.01s
[2026-06-17T09:52:16.195+0800][34.941s][info][gc,start       ] GC(1413) Pause Young (Allocation Failure)
[2026-06-17T09:52:16.196+0800][34.942s][info][gc,heap        ] GC(1413) PSYoungGen: 9903K->2742K(15360K)
[2026-06-17T09:52:16.197+0800][34.943s][info][gc,heap        ] GC(1413) ParOldGen: 30861K->30861K(44032K)
[2026-06-17T09:52:16.198+0800][34.943s][info][gc,metaspace   ] GC(1413) Metaspace: 3161K(4864K)->3161K(4864K) NonClass: 2855K(4352K)->2855K(4352K) Class: 305K(512K)->305K(512K)
[2026-06-17T09:52:16.198+0800][34.944s][info][gc             ] GC(1413) Pause Young (Allocation Failure) 39M->32M(58M) 3.469ms
[2026-06-17T09:52:16.199+0800][34.945s][info][gc,cpu         ] GC(1413) User=0.00s Sys=0.00s Real=0.00s
[2026-06-17T09:52:16.221+0800][34.967s][info][gc,start       ] GC(1414) Pause Young (Allocation Failure)
[2026-06-17T09:52:16.222+0800][34.968s][info][gc,heap        ] GC(1414) PSYoungGen: 11445K->2262K(14848K)
[2026-06-17T09:52:16.223+0800][34.969s][info][gc,heap        ] GC(1414) ParOldGen: 30861K->32630K(44032K)
[2026-06-17T09:52:16.223+0800][34.969s][info][gc,metaspace   ] GC(1414) Metaspace: 3161K(4864K)->3161K(4864K) NonClass: 2855K(4352K)->2855K(4352K) Class: 305K(512K)->305K(512K)
[2026-06-17T09:52:16.223+0800][34.969s][info][gc             ] GC(1414) Pause Young (Allocation Failure) 41M->34M(57M) 2.200ms
[2026-06-17T09:52:16.224+0800][34.969s][info][gc,cpu         ] GC(1414) User=0.00s Sys=0.00s Real=0.01s
[2026-06-17T09:52:16.245+0800][34.991s][info][gc,start       ] GC(1415) Pause Young (Allocation Failure)
[2026-06-17T09:52:16.246+0800][34.991s][info][gc,heap        ] GC(1415) PSYoungGen: 10952K->1939K(15360K)
[2026-06-17T09:52:16.246+0800][34.992s][info][gc,heap        ] GC(1415) ParOldGen: 32630K->34678K(44032K)
[2026-06-17T09:52:16.246+0800][34.992s][info][gc,metaspace   ] GC(1415) Metaspace: 3161K(4864K)->3161K(4864K) NonClass: 2855K(4352K)->2855K(4352K) Class: 305K(512K)->305K(512K)
[2026-06-17T09:52:16.246+0800][34.992s][info][gc             ] GC(1415) Pause Young (Allocation Failure) 42M->35M(58M) 1.564ms
[2026-06-17T09:52:16.246+0800][34.992s][info][gc,cpu         ] GC(1415) User=0.00s Sys=0.00s Real=0.00s
[2026-06-17T09:52:16.268+0800][35.014s][info][gc,start       ] GC(1416) Pause Young (Allocation Failure)
[2026-06-17T09:52:16.270+0800][35.015s][info][gc,heap        ] GC(1416) PSYoungGen: 11128K->4323K(15360K)
[2026-06-17T09:52:16.270+0800][35.016s][info][gc,heap        ] GC(1416) ParOldGen: 34678K->34678K(44032K)
[2026-06-17T09:52:16.271+0800][35.017s][info][gc,metaspace   ] GC(1416) Metaspace: 3161K(4864K)->3161K(4864K) NonClass: 2855K(4352K)->2855K(4352K) Class: 305K(512K)->305K(512K)
[2026-06-17T09:52:16.271+0800][35.017s][info][gc             ] GC(1416) Pause Young (Allocation Failure) 44M->38M(58M) 3.116ms
[2026-06-17T09:52:16.272+0800][35.018s][info][gc,cpu         ] GC(1416) User=0.00s Sys=0.00s Real=0.01s
[2026-06-17T09:52:16.294+0800][35.040s][info][gc,start       ] GC(1417) Pause Young (Allocation Failure)
[2026-06-17T09:52:16.296+0800][35.042s][info][gc,heap        ] GC(1417) PSYoungGen: 13500K->4553K(14336K)
[2026-06-17T09:52:16.297+0800][35.043s][info][gc,heap        ] GC(1417) ParOldGen: 34678K->36749K(44032K)
[2026-06-17T09:52:16.298+0800][35.044s][info][gc,metaspace   ] GC(1417) Metaspace: 3161K(4864K)->3161K(4864K) NonClass: 2855K(4352K)->2855K(4352K) Class: 305K(512K)->305K(512K)
[2026-06-17T09:52:16.298+0800][35.044s][info][gc             ] GC(1417) Pause Young (Allocation Failure) 47M->40M(57M) 4.250ms
[2026-06-17T09:52:16.299+0800][35.045s][info][gc,cpu         ] GC(1417) User=0.01s Sys=0.00s Real=0.00s
[2026-06-17T09:52:16.321+0800][35.067s][info][gc,start       ] GC(1418) Pause Young (Allocation Failure)
[2026-06-17T09:52:16.325+0800][35.071s][info][gc,heap        ] GC(1418) PSYoungGen: 12695K->2596K(14848K)
[2026-06-17T09:52:16.325+0800][35.071s][info][gc,heap        ] GC(1418) ParOldGen: 36749K->39790K(44032K)
[2026-06-17T09:52:16.326+0800][35.072s][info][gc,metaspace   ] GC(1418) Metaspace: 3161K(4864K)->3161K(4864K) NonClass: 2855K(4352K)->2855K(4352K) Class: 305K(512K)->305K(512K)
[2026-06-17T09:52:16.327+0800][35.072s][info][gc             ] GC(1418) Pause Young (Allocation Failure) 48M->41M(57M) 5.103ms
[2026-06-17T09:52:16.327+0800][35.073s][info][gc,cpu         ] GC(1418) User=0.00s Sys=0.00s Real=0.01s
[2026-06-17T09:52:16.351+0800][35.097s][info][gc,start       ] GC(1419) Pause Young (Allocation Failure)
[2026-06-17T09:52:16.354+0800][35.100s][info][gc,heap        ] GC(1419) PSYoungGen: 10766K->3914K(15360K)
[2026-06-17T09:52:16.357+0800][35.103s][info][gc,heap        ] GC(1419) ParOldGen: 39790K->39790K(44032K)
[2026-06-17T09:52:16.359+0800][35.105s][info][gc,metaspace   ] GC(1419) Metaspace: 3161K(4864K)->3161K(4864K) NonClass: 2855K(4352K)->2855K(4352K) Class: 305K(512K)->305K(512K)
[2026-06-17T09:52:16.359+0800][35.105s][info][gc             ] GC(1419) Pause Young (Allocation Failure) 49M->42M(58M) 8.151ms
[2026-06-17T09:52:16.359+0800][35.105s][info][gc,cpu         ] GC(1419) User=0.00s Sys=0.00s Real=0.00s
[2026-06-17T09:52:16.381+0800][35.127s][info][gc,start       ] GC(1420) Pause Young (Allocation Failure)
[2026-06-17T09:52:16.383+0800][35.129s][info][gc,heap        ] GC(1420) PSYoungGen: 13084K->4229K(15360K)
[2026-06-17T09:52:16.384+0800][35.130s][info][gc,heap        ] GC(1420) ParOldGen: 39790K->41646K(44032K)
[2026-06-17T09:52:16.385+0800][35.130s][info][gc,metaspace   ] GC(1420) Metaspace: 3161K(4864K)->3161K(4864K) NonClass: 2855K(4352K)->2855K(4352K) Class: 305K(512K)->305K(512K)
[2026-06-17T09:52:16.385+0800][35.131s][info][gc             ] GC(1420) Pause Young (Allocation Failure) 51M->44M(58M) 4.147ms
[2026-06-17T09:52:16.386+0800][35.132s][info][gc,cpu         ] GC(1420) User=0.00s Sys=0.00s Real=0.01s
[2026-06-17T09:52:16.387+0800][35.133s][info][gc,start       ] GC(1421) Pause Full (Ergonomics)
[2026-06-17T09:52:16.387+0800][35.133s][info][gc,phases,start] GC(1421) Marking Phase
[2026-06-17T09:52:16.390+0800][35.135s][info][gc,phases      ] GC(1421) Marking Phase 2.190ms
[2026-06-17T09:52:16.390+0800][35.136s][info][gc,phases,start] GC(1421) Summary Phase
[2026-06-17T09:52:16.391+0800][35.137s][info][gc,phases      ] GC(1421) Summary Phase 0.448ms
[2026-06-17T09:52:16.391+0800][35.137s][info][gc,phases,start] GC(1421) Adjust Roots
[2026-06-17T09:52:16.392+0800][35.138s][info][gc,phases      ] GC(1421) Adjust Roots 0.691ms
[2026-06-17T09:52:16.393+0800][35.138s][info][gc,phases,start] GC(1421) Compaction Phase
[2026-06-17T09:52:16.395+0800][35.141s][info][gc,phases      ] GC(1421) Compaction Phase 2.509ms
[2026-06-17T09:52:16.396+0800][35.141s][info][gc,phases,start] GC(1421) Post Compact
[2026-06-17T09:52:16.396+0800][35.142s][info][gc,phases      ] GC(1421) Post Compact 0.465ms
[2026-06-17T09:52:16.397+0800][35.142s][info][gc,heap        ] GC(1421) PSYoungGen: 4229K->0K(15360K)
[2026-06-17T09:52:16.397+0800][35.143s][info][gc,heap        ] GC(1421) ParOldGen: 41646K->32311K(44032K)
[2026-06-17T09:52:16.397+0800][35.143s][info][gc,metaspace   ] GC(1421) Metaspace: 3161K(4864K)->3161K(4864K) NonClass: 2855K(4352K)->2855K(4352K) Class: 305K(512K)->305K(512K)
[2026-06-17T09:52:16.397+0800][35.143s][info][gc             ] GC(1421) Pause Full (Ergonomics) 44M->31M(58M) 10.565ms
[2026-06-17T09:52:16.398+0800][35.143s][info][gc,cpu         ] GC(1421) User=0.01s Sys=0.00s Real=0.01s
[2026-06-17T09:52:16.420+0800][35.165s][info][gc,start       ] GC(1422) Pause Young (Allocation Failure)
[2026-06-17T09:52:16.421+0800][35.167s][info][gc,heap        ] GC(1422) PSYoungGen: 9064K->2248K(15360K)
[2026-06-17T09:52:16.422+0800][35.168s][info][gc,heap        ] GC(1422) ParOldGen: 32311K->32311K(44032K)
[2026-06-17T09:52:16.423+0800][35.169s][info][gc,metaspace   ] GC(1422) Metaspace: 3161K(4864K)->3161K(4864K) NonClass: 2855K(4352K)->2855K(4352K) Class: 305K(512K)->305K(512K)
[2026-06-17T09:52:16.424+0800][35.169s][info][gc             ] GC(1422) Pause Young (Allocation Failure) 40M->33M(58M) 4.054ms
[2026-06-17T09:52:16.424+0800][35.170s][info][gc,cpu         ] GC(1422) User=0.00s Sys=0.00s Real=0.01s
[2026-06-17T09:52:16.457+0800][35.203s][info][gc,start       ] GC(1423) Pause Young (Allocation Failure)
[2026-06-17T09:52:16.460+0800][35.206s][info][gc,heap        ] GC(1423) PSYoungGen: 11414K->2237K(15360K)
[2026-06-17T09:52:16.461+0800][35.207s][info][gc,heap        ] GC(1423) ParOldGen: 32311K->34529K(44032K)
[2026-06-17T09:52:16.467+0800][35.213s][info][gc,metaspace   ] GC(1423) Metaspace: 3161K(4864K)->3161K(4864K) NonClass: 2855K(4352K)->2855K(4352K) Class: 305K(512K)->305K(512K)
[2026-06-17T09:52:16.471+0800][35.217s][info][gc             ] GC(1423) Pause Young (Allocation Failure) 42M->35M(58M) 13.734ms
[2026-06-17T09:52:16.475+0800][35.221s][info][gc,cpu         ] GC(1423) User=0.00s Sys=0.00s Real=0.02s
[2026-06-17T09:52:16.499+0800][35.245s][info][gc,start       ] GC(1424) Pause Young (Allocation Failure)
[2026-06-17T09:52:16.501+0800][35.246s][info][gc,heap        ] GC(1424) PSYoungGen: 11439K->4303K(15360K)
[2026-06-17T09:52:16.501+0800][35.247s][info][gc,heap        ] GC(1424) ParOldGen: 34529K->35394K(44032K)
[2026-06-17T09:52:16.502+0800][35.248s][info][gc,metaspace   ] GC(1424) Metaspace: 3161K(4864K)->3161K(4864K) NonClass: 2855K(4352K)->2855K(4352K) Class: 305K(512K)->305K(512K)
[2026-06-17T09:52:16.503+0800][35.249s][info][gc             ] GC(1424) Pause Young (Allocation Failure) 44M->38M(58M) 4.040ms
[2026-06-17T09:52:16.504+0800][35.249s][info][gc,cpu         ] GC(1424) User=0.01s Sys=0.01s Real=0.01s
[2026-06-17T09:52:16.526+0800][35.272s][info][gc,start       ] GC(1425) Pause Young (Allocation Failure)
[2026-06-17T09:52:16.528+0800][35.274s][info][gc,heap        ] GC(1425) PSYoungGen: 13497K->4826K(14336K)
[2026-06-17T09:52:16.528+0800][35.274s][info][gc,heap        ] GC(1425) ParOldGen: 35394K->37399K(44032K)
[2026-06-17T09:52:16.529+0800][35.275s][info][gc,metaspace   ] GC(1425) Metaspace: 3161K(4864K)->3161K(4864K) NonClass: 2855K(4352K)->2855K(4352K) Class: 305K(512K)->305K(512K)
[2026-06-17T09:52:16.529+0800][35.275s][info][gc             ] GC(1425) Pause Young (Allocation Failure) 47M->41M(57M) 3.023ms
[2026-06-17T09:52:16.530+0800][35.276s][info][gc,cpu         ] GC(1425) User=0.00s Sys=0.00s Real=0.00s
[2026-06-17T09:52:16.552+0800][35.298s][info][gc,start       ] GC(1426) Pause Young (Allocation Failure)
[2026-06-17T09:52:16.555+0800][35.300s][info][gc,heap        ] GC(1426) PSYoungGen: 13009K->4217K(14848K)
[2026-06-17T09:52:16.555+0800][35.301s][info][gc,heap        ] GC(1426) ParOldGen: 37399K->39254K(44032K)
[2026-06-17T09:52:16.556+0800][35.301s][info][gc,metaspace   ] GC(1426) Metaspace: 3161K(4864K)->3161K(4864K) NonClass: 2855K(4352K)->2855K(4352K) Class: 305K(512K)->305K(512K)
[2026-06-17T09:52:16.556+0800][35.302s][info][gc             ] GC(1426) Pause Young (Allocation Failure) 49M->42M(57M) 3.828ms
[2026-06-17T09:52:16.557+0800][35.303s][info][gc,cpu         ] GC(1426) User=0.00s Sys=0.00s Real=0.00s
[2026-06-17T09:52:16.580+0800][35.325s][info][gc,start       ] GC(1427) Pause Young (Allocation Failure)
[2026-06-17T09:52:16.583+0800][35.329s][info][gc,heap        ] GC(1427) PSYoungGen: 12384K->4107K(14848K)
[2026-06-17T09:52:16.584+0800][35.329s][info][gc,heap        ] GC(1427) ParOldGen: 39254K->40440K(44032K)
[2026-06-17T09:52:16.584+0800][35.330s][info][gc,metaspace   ] GC(1427) Metaspace: 3161K(4864K)->3161K(4864K) NonClass: 2855K(4352K)->2855K(4352K) Class: 305K(512K)->305K(512K)
[2026-06-17T09:52:16.585+0800][35.330s][info][gc             ] GC(1427) Pause Young (Allocation Failure) 50M->43M(57M) 5.004ms
[2026-06-17T09:52:16.585+0800][35.331s][info][gc,cpu         ] GC(1427) User=0.00s Sys=0.00s Real=0.01s
[2026-06-17T09:52:16.608+0800][35.353s][info][gc,start       ] GC(1428) Pause Young (Allocation Failure)
[2026-06-17T09:52:16.610+0800][35.356s][info][gc,heap        ] GC(1428) PSYoungGen: 12252K->3166K(14848K)
[2026-06-17T09:52:16.610+0800][35.356s][info][gc,heap        ] GC(1428) ParOldGen: 40440K->42397K(44032K)
[2026-06-17T09:52:16.611+0800][35.357s][info][gc,metaspace   ] GC(1428) Metaspace: 3161K(4864K)->3161K(4864K) NonClass: 2855K(4352K)->2855K(4352K) Class: 305K(512K)->305K(512K)
[2026-06-17T09:52:16.612+0800][35.358s][info][gc             ] GC(1428) Pause Young (Allocation Failure) 51M->44M(57M) 4.437ms
[2026-06-17T09:52:16.612+0800][35.358s][info][gc,cpu         ] GC(1428) User=0.00s Sys=0.01s Real=0.01s
[2026-06-17T09:52:16.613+0800][35.359s][info][gc,start       ] GC(1429) Pause Full (Ergonomics)
[2026-06-17T09:52:16.614+0800][35.360s][info][gc,phases,start] GC(1429) Marking Phase
[2026-06-17T09:52:16.616+0800][35.362s][info][gc,phases      ] GC(1429) Marking Phase 2.146ms
[2026-06-17T09:52:16.616+0800][35.362s][info][gc,phases,start] GC(1429) Summary Phase
[2026-06-17T09:52:16.617+0800][35.363s][info][gc,phases      ] GC(1429) Summary Phase 0.453ms
[2026-06-17T09:52:16.617+0800][35.363s][info][gc,phases,start] GC(1429) Adjust Roots
[2026-06-17T09:52:16.618+0800][35.364s][info][gc,phases      ] GC(1429) Adjust Roots 0.909ms
[2026-06-17T09:52:16.619+0800][35.364s][info][gc,phases,start] GC(1429) Compaction Phase
[2026-06-17T09:52:16.622+0800][35.367s][info][gc,phases      ] GC(1429) Compaction Phase 2.932ms
[2026-06-17T09:52:16.622+0800][35.368s][info][gc,phases,start] GC(1429) Post Compact
[2026-06-17T09:52:16.622+0800][35.368s][info][gc,phases      ] GC(1429) Post Compact 0.263ms
[2026-06-17T09:52:16.622+0800][35.368s][info][gc,heap        ] GC(1429) PSYoungGen: 3166K->0K(15360K)
[2026-06-17T09:52:16.623+0800][35.369s][info][gc,heap        ] GC(1429) ParOldGen: 42397K->26358K(44032K)
[2026-06-17T09:52:16.623+0800][35.369s][info][gc,metaspace   ] GC(1429) Metaspace: 3161K(4864K)->3161K(4864K) NonClass: 2855K(4352K)->2855K(4352K) Class: 305K(512K)->305K(512K)
[2026-06-17T09:52:16.623+0800][35.369s][info][gc             ] GC(1429) Pause Full (Ergonomics) 44M->25M(58M) 10.013ms
[2026-06-17T09:52:16.623+0800][35.369s][info][gc,cpu         ] GC(1429) User=0.00s Sys=0.00s Real=0.01s
[2026-06-17T09:52:16.645+0800][35.390s][info][gc,start       ] GC(1430) Pause Young (Allocation Failure)
[2026-06-17T09:52:16.646+0800][35.392s][info][gc,heap        ] GC(1430) PSYoungGen: 9199K->5720K(15360K)
[2026-06-17T09:52:16.646+0800][35.392s][info][gc,heap        ] GC(1430) ParOldGen: 26358K->26358K(44032K)
[2026-06-17T09:52:16.647+0800][35.393s][info][gc,metaspace   ] GC(1430) Metaspace: 3161K(4864K)->3161K(4864K) NonClass: 2855K(4352K)->2855K(4352K) Class: 305K(512K)->305K(512K)
[2026-06-17T09:52:16.647+0800][35.393s][info][gc             ] GC(1430) Pause Young (Allocation Failure) 34M->31M(58M) 2.669ms
[2026-06-17T09:52:16.648+0800][35.394s][info][gc,cpu         ] GC(1430) User=0.00s Sys=0.00s Real=0.00s
[2026-06-17T09:52:16.680+0800][35.426s][info][gc,start       ] GC(1431) Pause Young (Allocation Failure)
[2026-06-17T09:52:16.681+0800][35.427s][info][gc,heap        ] GC(1431) PSYoungGen: 14936K->2257K(14336K)
[2026-06-17T09:52:16.682+0800][35.428s][info][gc,heap        ] GC(1431) ParOldGen: 26358K->28419K(44032K)
[2026-06-17T09:52:16.683+0800][35.429s][info][gc,metaspace   ] GC(1431) Metaspace: 3161K(4864K)->3161K(4864K) NonClass: 2855K(4352K)->2855K(4352K) Class: 305K(512K)->305K(512K)
[2026-06-17T09:52:16.684+0800][35.429s][info][gc             ] GC(1431) Pause Young (Allocation Failure) 40M->29M(57M) 3.864ms
[2026-06-17T09:52:16.684+0800][35.430s][info][gc,cpu         ] GC(1431) User=0.00s Sys=0.00s Real=0.01s
[2026-06-17T09:52:16.697+0800][35.443s][info][gc,start       ] GC(1432) Pause Young (Allocation Failure)
[2026-06-17T09:52:16.699+0800][35.445s][info][gc,heap        ] GC(1432) PSYoungGen: 10430K->4736K(13312K)
[2026-06-17T09:52:16.700+0800][35.446s][info][gc,heap        ] GC(1432) ParOldGen: 28419K->30522K(44032K)
[2026-06-17T09:52:16.701+0800][35.447s][info][gc,metaspace   ] GC(1432) Metaspace: 3161K(4864K)->3161K(4864K) NonClass: 2855K(4352K)->2855K(4352K) Class: 305K(512K)->305K(512K)
[2026-06-17T09:52:16.702+0800][35.448s][info][gc             ] GC(1432) Pause Young (Allocation Failure) 37M->34M(56M) 5.307ms
[2026-06-17T09:52:16.703+0800][35.449s][info][gc,cpu         ] GC(1432) User=0.00s Sys=0.00s Real=0.01s
[2026-06-17T09:52:16.726+0800][35.472s][info][gc,start       ] GC(1433) Pause Young (Allocation Failure)
[2026-06-17T09:52:16.728+0800][35.474s][info][gc,heap        ] GC(1433) PSYoungGen: 12797K->244K(14336K)
[2026-06-17T09:52:16.729+0800][35.475s][info][gc,heap        ] GC(1433) ParOldGen: 30522K->32504K(44032K)
[2026-06-17T09:52:16.730+0800][35.476s][info][gc,metaspace   ] GC(1433) Metaspace: 3161K(4864K)->3161K(4864K) NonClass: 2855K(4352K)->2855K(4352K) Class: 305K(512K)->305K(512K)
[2026-06-17T09:52:16.731+0800][35.477s][info][gc             ] GC(1433) Pause Young (Allocation Failure) 42M->31M(57M) 4.964ms
[2026-06-17T09:52:16.732+0800][35.477s][info][gc,cpu         ] GC(1433) User=0.01s Sys=0.00s Real=0.01s
[2026-06-17T09:52:16.754+0800][35.500s][info][gc,start       ] GC(1434) Pause Young (Allocation Failure)
[2026-06-17T09:52:16.757+0800][35.502s][info][gc,heap        ] GC(1434) PSYoungGen: 7409K->3565K(14336K)
[2026-06-17T09:52:16.757+0800][35.503s][info][gc,heap        ] GC(1434) ParOldGen: 32504K->32724K(44032K)
[2026-06-17T09:52:16.758+0800][35.504s][info][gc,metaspace   ] GC(1434) Metaspace: 3161K(4864K)->3161K(4864K) NonClass: 2855K(4352K)->2855K(4352K) Class: 305K(512K)->305K(512K)
[2026-06-17T09:52:16.759+0800][35.504s][info][gc             ] GC(1434) Pause Young (Allocation Failure) 38M->35M(57M) 4.428ms
[2026-06-17T09:52:16.759+0800][35.505s][info][gc,cpu         ] GC(1434) User=0.00s Sys=0.00s Real=0.00s
[2026-06-17T09:52:16.781+0800][35.527s][info][gc,start       ] GC(1435) Pause Young (Allocation Failure)
[2026-06-17T09:52:16.783+0800][35.529s][info][gc,heap        ] GC(1435) PSYoungGen: 10693K->2001K(14848K)
[2026-06-17T09:52:16.784+0800][35.530s][info][gc,heap        ] GC(1435) ParOldGen: 32724K->34428K(44032K)
[2026-06-17T09:52:16.785+0800][35.530s][info][gc,metaspace   ] GC(1435) Metaspace: 3161K(4864K)->3161K(4864K) NonClass: 2855K(4352K)->2855K(4352K) Class: 305K(512K)->305K(512K)
[2026-06-17T09:52:16.785+0800][35.531s][info][gc             ] GC(1435) Pause Young (Allocation Failure) 42M->35M(57M) 3.481ms
[2026-06-17T09:52:16.785+0800][35.531s][info][gc,cpu         ] GC(1435) User=0.00s Sys=0.00s Real=0.01s
[2026-06-17T09:52:16.797+0800][35.543s][info][gc,start       ] GC(1436) Pause Young (Allocation Failure)
[2026-06-17T09:52:16.798+0800][35.544s][info][gc,heap        ] GC(1436) PSYoungGen: 9658K->4482K(14336K)
[2026-06-17T09:52:16.799+0800][35.545s][info][gc,heap        ] GC(1436) ParOldGen: 34428K->36139K(44032K)
[2026-06-17T09:52:16.799+0800][35.545s][info][gc,metaspace   ] GC(1436) Metaspace: 3161K(4864K)->3161K(4864K) NonClass: 2855K(4352K)->2855K(4352K) Class: 305K(512K)->305K(512K)
[2026-06-17T09:52:16.800+0800][35.546s][info][gc             ] GC(1436) Pause Young (Allocation Failure) 43M->39M(57M) 2.972ms
[2026-06-17T09:52:16.800+0800][35.546s][info][gc,cpu         ] GC(1436) User=0.01s Sys=0.00s Real=0.00s
[2026-06-17T09:52:16.822+0800][35.568s][info][gc,start       ] GC(1437) Pause Young (Allocation Failure)
[2026-06-17T09:52:16.824+0800][35.570s][info][gc,heap        ] GC(1437) PSYoungGen: 12148K->3555K(14848K)
[2026-06-17T09:52:16.824+0800][35.570s][info][gc,heap        ] GC(1437) ParOldGen: 36139K->37670K(44032K)
[2026-06-17T09:52:16.825+0800][35.570s][info][gc,metaspace   ] GC(1437) Metaspace: 3161K(4864K)->3161K(4864K) NonClass: 2855K(4352K)->2855K(4352K) Class: 305K(512K)->305K(512K)
[2026-06-17T09:52:16.825+0800][35.571s][info][gc             ] GC(1437) Pause Young (Allocation Failure) 47M->40M(57M) 3.361ms
[2026-06-17T09:52:16.825+0800][35.571s][info][gc,cpu         ] GC(1437) User=0.00s Sys=0.01s Real=0.01s
[2026-06-17T09:52:16.847+0800][35.593s][info][gc,start       ] GC(1438) Pause Young (Allocation Failure)
[2026-06-17T09:52:16.849+0800][35.595s][info][gc,heap        ] GC(1438) PSYoungGen: 11199K->2272K(14336K)
[2026-06-17T09:52:16.850+0800][35.596s][info][gc,heap        ] GC(1438) ParOldGen: 37670K->39831K(44032K)
[2026-06-17T09:52:16.852+0800][35.598s][info][gc,metaspace   ] GC(1438) Metaspace: 3161K(4864K)->3161K(4864K) NonClass: 2855K(4352K)->2855K(4352K) Class: 305K(512K)->305K(512K)
[2026-06-17T09:52:16.854+0800][35.600s][info][gc             ] GC(1438) Pause Young (Allocation Failure) 47M->41M(57M) 6.568ms
[2026-06-17T09:52:16.855+0800][35.601s][info][gc,cpu         ] GC(1438) User=0.00s Sys=0.00s Real=0.01s
[2026-06-17T09:52:16.880+0800][35.626s][info][gc,start       ] GC(1439) Pause Young (Allocation Failure)
[2026-06-17T09:52:16.881+0800][35.627s][info][gc,heap        ] GC(1439) PSYoungGen: 9917K->2750K(14848K)
[2026-06-17T09:52:16.882+0800][35.628s][info][gc,heap        ] GC(1439) ParOldGen: 39831K->39831K(44032K)
[2026-06-17T09:52:16.882+0800][35.628s][info][gc,metaspace   ] GC(1439) Metaspace: 3161K(4864K)->3161K(4864K) NonClass: 2855K(4352K)->2855K(4352K) Class: 305K(512K)->305K(512K)
[2026-06-17T09:52:16.883+0800][35.628s][info][gc             ] GC(1439) Pause Young (Allocation Failure) 48M->41M(57M) 2.552ms
[2026-06-17T09:52:16.883+0800][35.629s][info][gc,cpu         ] GC(1439) User=0.00s Sys=0.00s Real=0.01s
[2026-06-17T09:52:16.905+0800][35.651s][info][gc,start       ] GC(1440) Pause Young (Allocation Failure)
[2026-06-17T09:52:16.907+0800][35.653s][info][gc,heap        ] GC(1440) PSYoungGen: 10940K->2409K(14848K)
[2026-06-17T09:52:16.908+0800][35.653s][info][gc,heap        ] GC(1440) ParOldGen: 39831K->41459K(44032K)
[2026-06-17T09:52:16.908+0800][35.654s][info][gc,metaspace   ] GC(1440) Metaspace: 3161K(4864K)->3161K(4864K) NonClass: 2855K(4352K)->2855K(4352K) Class: 305K(512K)->305K(512K)
[2026-06-17T09:52:16.909+0800][35.655s][info][gc             ] GC(1440) Pause Young (Allocation Failure) 49M->42M(57M) 3.796ms
[2026-06-17T09:52:16.909+0800][35.655s][info][gc,cpu         ] GC(1440) User=0.01s Sys=0.00s Real=0.00s
[2026-06-17T09:52:16.910+0800][35.656s][info][gc,start       ] GC(1441) Pause Full (Ergonomics)
[2026-06-17T09:52:16.910+0800][35.656s][info][gc,phases,start] GC(1441) Marking Phase
[2026-06-17T09:52:16.912+0800][35.658s][info][gc,phases      ] GC(1441) Marking Phase 2.042ms
[2026-06-17T09:52:16.913+0800][35.659s][info][gc,phases,start] GC(1441) Summary Phase
[2026-06-17T09:52:16.913+0800][35.659s][info][gc,phases      ] GC(1441) Summary Phase 0.347ms
[2026-06-17T09:52:16.914+0800][35.659s][info][gc,phases,start] GC(1441) Adjust Roots
[2026-06-17T09:52:16.914+0800][35.660s][info][gc,phases      ] GC(1441) Adjust Roots 0.423ms
[2026-06-17T09:52:16.914+0800][35.660s][info][gc,phases,start] GC(1441) Compaction Phase
[2026-06-17T09:52:16.916+0800][35.662s][info][gc,phases      ] GC(1441) Compaction Phase 2.010ms
[2026-06-17T09:52:16.917+0800][35.663s][info][gc,phases,start] GC(1441) Post Compact
[2026-06-17T09:52:16.917+0800][35.663s][info][gc,phases      ] GC(1441) Post Compact 0.394ms
[2026-06-17T09:52:16.917+0800][35.663s][info][gc,heap        ] GC(1441) PSYoungGen: 2409K->0K(15360K)
[2026-06-17T09:52:16.918+0800][35.664s][info][gc,heap        ] GC(1441) ParOldGen: 41459K->21034K(44032K)
[2026-06-17T09:52:16.918+0800][35.664s][info][gc,metaspace   ] GC(1441) Metaspace: 3161K(4864K)->3161K(4864K) NonClass: 2855K(4352K)->2855K(4352K) Class: 305K(512K)->305K(512K)
[2026-06-17T09:52:16.918+0800][35.664s][info][gc             ] GC(1441) Pause Full (Ergonomics) 42M->20M(58M) 8.117ms
[2026-06-17T09:52:16.918+0800][35.664s][info][gc,cpu         ] GC(1441) User=0.00s Sys=0.00s Real=0.01s
[2026-06-17T09:52:16.940+0800][35.686s][info][gc,start       ] GC(1442) Pause Young (Allocation Failure)
[2026-06-17T09:52:16.942+0800][35.688s][info][gc,heap        ] GC(1442) PSYoungGen: 9214K->5888K(15360K)
[2026-06-17T09:52:16.942+0800][35.688s][info][gc,heap        ] GC(1442) ParOldGen: 21034K->21034K(44032K)
[2026-06-17T09:52:16.943+0800][35.689s][info][gc,metaspace   ] GC(1442) Metaspace: 3161K(4864K)->3161K(4864K) NonClass: 2855K(4352K)->2855K(4352K) Class: 305K(512K)->305K(512K)
[2026-06-17T09:52:16.943+0800][35.689s][info][gc             ] GC(1442) Pause Young (Allocation Failure) 29M->26M(58M) 3.203ms
[2026-06-17T09:52:16.944+0800][35.690s][info][gc,cpu         ] GC(1442) User=0.01s Sys=0.00s Real=0.01s
[2026-06-17T09:52:16.966+0800][35.712s][info][gc,start       ] GC(1443) Pause Young (Allocation Failure)
[2026-06-17T09:52:16.969+0800][35.715s][info][gc,heap        ] GC(1443) PSYoungGen: 15089K->5066K(13312K)
[2026-06-17T09:52:16.969+0800][35.715s][info][gc,heap        ] GC(1443) ParOldGen: 21034K->24035K(44032K)
[2026-06-17T09:52:16.970+0800][35.716s][info][gc,metaspace   ] GC(1443) Metaspace: 3161K(4864K)->3161K(4864K) NonClass: 2855K(4352K)->2855K(4352K) Class: 305K(512K)->305K(512K)
[2026-06-17T09:52:16.971+0800][35.716s][info][gc             ] GC(1443) Pause Young (Allocation Failure) 35M->28M(56M) 4.388ms
[2026-06-17T09:52:16.971+0800][35.717s][info][gc,cpu         ] GC(1443) User=0.00s Sys=0.00s Real=0.01s
[2026-06-17T09:52:16.994+0800][35.740s][info][gc,start       ] GC(1444) Pause Young (Allocation Failure)
[2026-06-17T09:52:16.996+0800][35.742s][info][gc,heap        ] GC(1444) PSYoungGen: 12200K->3087K(14336K)
[2026-06-17T09:52:16.997+0800][35.743s][info][gc,heap        ] GC(1444) ParOldGen: 24035K->25878K(44032K)
[2026-06-17T09:52:16.997+0800][35.743s][info][gc,metaspace   ] GC(1444) Metaspace: 3161K(4864K)->3161K(4864K) NonClass: 2855K(4352K)->2855K(4352K) Class: 305K(512K)->305K(512K)
[2026-06-17T09:52:16.998+0800][35.744s][info][gc             ] GC(1444) Pause Young (Allocation Failure) 35M->28M(57M) 4.166ms
[2026-06-17T09:52:16.999+0800][35.744s][info][gc,cpu         ] GC(1444) User=0.00s Sys=0.00s Real=0.00s
[2026-06-17T09:52:17.022+0800][35.768s][info][gc,start       ] GC(1445) Pause Young (Allocation Failure)
[2026-06-17T09:52:17.024+0800][35.770s][info][gc,heap        ] GC(1445) PSYoungGen: 10220K->1352K(14336K)
[2026-06-17T09:52:17.025+0800][35.771s][info][gc,heap        ] GC(1445) ParOldGen: 25878K->27974K(44032K)
[2026-06-17T09:52:17.025+0800][35.771s][info][gc,metaspace   ] GC(1445) Metaspace: 3161K(4864K)->3161K(4864K) NonClass: 2855K(4352K)->2855K(4352K) Class: 305K(512K)->305K(512K)
[2026-06-17T09:52:17.026+0800][35.772s][info][gc             ] GC(1445) Pause Young (Allocation Failure) 35M->28M(57M) 4.270ms
[2026-06-17T09:52:17.027+0800][35.773s][info][gc,cpu         ] GC(1445) User=0.00s Sys=0.00s Real=0.01s
[2026-06-17T09:52:17.039+0800][35.785s][info][gc,start       ] GC(1446) Pause Young (Allocation Failure)
[2026-06-17T09:52:17.041+0800][35.787s][info][gc,heap        ] GC(1446) PSYoungGen: 8497K->5446K(14336K)
[2026-06-17T09:52:17.042+0800][35.788s][info][gc,heap        ] GC(1446) ParOldGen: 27974K->27974K(44032K)
[2026-06-17T09:52:17.042+0800][35.788s][info][gc,metaspace   ] GC(1446) Metaspace: 3161K(4864K)->3161K(4864K) NonClass: 2855K(4352K)->2855K(4352K) Class: 305K(512K)->305K(512K)
[2026-06-17T09:52:17.043+0800][35.789s][info][gc             ] GC(1446) Pause Young (Allocation Failure) 35M->32M(57M) 3.900ms
[2026-06-17T09:52:17.044+0800][35.790s][info][gc,cpu         ] GC(1446) User=0.00s Sys=0.00s Real=0.01s
[2026-06-17T09:52:17.066+0800][35.812s][info][gc,start       ] GC(1447) Pause Young (Allocation Failure)
[2026-06-17T09:52:17.073+0800][35.819s][info][gc,heap        ] GC(1447) PSYoungGen: 12614K->2417K(14336K)
[2026-06-17T09:52:17.076+0800][35.822s][info][gc,heap        ] GC(1447) ParOldGen: 27974K->31223K(44032K)
[2026-06-17T09:52:17.079+0800][35.825s][info][gc,metaspace   ] GC(1447) Metaspace: 3161K(4864K)->3161K(4864K) NonClass: 2855K(4352K)->2855K(4352K) Class: 305K(512K)->305K(512K)
[2026-06-17T09:52:17.081+0800][35.827s][info][gc             ] GC(1447) Pause Young (Allocation Failure) 39M->32M(57M) 15.439ms
[2026-06-17T09:52:17.084+0800][35.830s][info][gc,cpu         ] GC(1447) User=0.00s Sys=0.00s Real=0.02s
[2026-06-17T09:52:17.107+0800][35.853s][info][gc,start       ] GC(1448) Pause Young (Allocation Failure)
[2026-06-17T09:52:17.111+0800][35.857s][info][gc,heap        ] GC(1448) PSYoungGen: 9547K->2964K(14336K)
[2026-06-17T09:52:17.114+0800][35.860s][info][gc,heap        ] GC(1448) ParOldGen: 31223K->31223K(44032K)
[2026-06-17T09:52:17.118+0800][35.864s][info][gc,metaspace   ] GC(1448) Metaspace: 3161K(4864K)->3161K(4864K) NonClass: 2855K(4352K)->2855K(4352K) Class: 305K(512K)->305K(512K)
[2026-06-17T09:52:17.124+0800][35.870s][info][gc             ] GC(1448) Pause Young (Allocation Failure) 39M->33M(57M) 16.567ms
[2026-06-17T09:52:17.125+0800][35.871s][info][gc,cpu         ] GC(1448) User=0.00s Sys=0.00s Real=0.02s
[2026-06-17T09:52:17.137+0800][35.882s][info][gc,start       ] GC(1449) Pause Young (Allocation Failure)
[2026-06-17T09:52:17.140+0800][35.886s][info][gc,heap        ] GC(1449) PSYoungGen: 9925K->1017K(14336K)
[2026-06-17T09:52:17.143+0800][35.889s][info][gc,heap        ] GC(1449) ParOldGen: 31223K->33176K(44032K)
[2026-06-17T09:52:17.144+0800][35.889s][info][gc,metaspace   ] GC(1449) Metaspace: 3161K(4864K)->3161K(4864K) NonClass: 2855K(4352K)->2855K(4352K) Class: 305K(512K)->305K(512K)
[2026-06-17T09:52:17.144+0800][35.890s][info][gc             ] GC(1449) Pause Young (Allocation Failure) 40M->33M(57M) 7.452ms
[2026-06-17T09:52:17.145+0800][35.891s][info][gc,cpu         ] GC(1449) User=0.00s Sys=0.00s Real=0.01s
[2026-06-17T09:52:17.168+0800][35.914s][info][gc,start       ] GC(1450) Pause Young (Allocation Failure)
[2026-06-17T09:52:17.169+0800][35.915s][info][gc,heap        ] GC(1450) PSYoungGen: 8166K->3569K(14336K)
[2026-06-17T09:52:17.170+0800][35.915s][info][gc,heap        ] GC(1450) ParOldGen: 33176K->34169K(44032K)
[2026-06-17T09:52:17.170+0800][35.916s][info][gc,metaspace   ] GC(1450) Metaspace: 3161K(4864K)->3161K(4864K) NonClass: 2855K(4352K)->2855K(4352K) Class: 305K(512K)->305K(512K)
[2026-06-17T09:52:17.171+0800][35.916s][info][gc             ] GC(1450) Pause Young (Allocation Failure) 40M->36M(57M) 2.513ms
[2026-06-17T09:52:17.171+0800][35.917s][info][gc,cpu         ] GC(1450) User=0.00s Sys=0.00s Real=0.01s
[2026-06-17T09:52:17.192+0800][35.938s][info][gc,start       ] GC(1451) Pause Young (Allocation Failure)
[2026-06-17T09:52:17.200+0800][35.946s][info][gc,heap        ] GC(1451) PSYoungGen: 10685K->2744K(14848K)
[2026-06-17T09:52:17.202+0800][35.948s][info][gc,heap        ] GC(1451) ParOldGen: 34169K->35149K(44032K)
[2026-06-17T09:52:17.203+0800][35.948s][info][gc,metaspace   ] GC(1451) Metaspace: 3161K(4864K)->3161K(4864K) NonClass: 2855K(4352K)->2855K(4352K) Class: 305K(512K)->305K(512K)
[2026-06-17T09:52:17.212+0800][35.958s][info][gc             ] GC(1451) Pause Young (Allocation Failure) 43M->37M(57M) 19.975ms
[2026-06-17T09:52:17.213+0800][35.959s][info][gc,cpu         ] GC(1451) User=0.00s Sys=0.00s Real=0.02s
[2026-06-17T09:52:17.234+0800][35.980s][info][gc,start       ] GC(1452) Pause Young (Allocation Failure)
[2026-06-17T09:52:17.235+0800][35.981s][info][gc,heap        ] GC(1452) PSYoungGen: 10936K->4345K(14848K)
[2026-06-17T09:52:17.240+0800][35.986s][info][gc,heap        ] GC(1452) ParOldGen: 35149K->35149K(44032K)
[2026-06-17T09:52:17.241+0800][35.987s][info][gc,metaspace   ] GC(1452) Metaspace: 3161K(4864K)->3161K(4864K) NonClass: 2855K(4352K)->2855K(4352K) Class: 305K(512K)->305K(512K)
[2026-06-17T09:52:17.241+0800][35.987s][info][gc             ] GC(1452) Pause Young (Allocation Failure) 45M->38M(57M) 7.046ms
[2026-06-17T09:52:17.242+0800][35.987s][info][gc,cpu         ] GC(1452) User=0.00s Sys=0.00s Real=0.00s
[2026-06-17T09:52:17.263+0800][36.009s][info][gc,start       ] GC(1453) Pause Young (Allocation Failure)
[2026-06-17T09:52:17.264+0800][36.010s][info][gc,heap        ] GC(1453) PSYoungGen: 12533K->5614K(13824K)
[2026-06-17T09:52:17.266+0800][36.012s][info][gc,heap        ] GC(1453) ParOldGen: 35149K->35149K(44032K)
[2026-06-17T09:52:17.266+0800][36.012s][info][gc,metaspace   ] GC(1453) Metaspace: 3161K(4864K)->3161K(4864K) NonClass: 2855K(4352K)->2855K(4352K) Class: 305K(512K)->305K(512K)
[2026-06-17T09:52:17.267+0800][36.012s][info][gc             ] GC(1453) Pause Young (Allocation Failure) 46M->39M(56M) 3.757ms
[2026-06-17T09:52:17.267+0800][36.013s][info][gc,cpu         ] GC(1453) User=0.00s Sys=0.00s Real=0.00s
[2026-06-17T09:52:17.282+0800][36.028s][info][gc,start       ] GC(1454) Pause Young (Allocation Failure)
[2026-06-17T09:52:17.284+0800][36.030s][info][gc,heap        ] GC(1454) PSYoungGen: 12505K->5726K(14336K)
[2026-06-17T09:52:17.286+0800][36.032s][info][gc,heap        ] GC(1454) ParOldGen: 35149K->35149K(44032K)
[2026-06-17T09:52:17.286+0800][36.032s][info][gc,metaspace   ] GC(1454) Metaspace: 3161K(4864K)->3161K(4864K) NonClass: 2855K(4352K)->2855K(4352K) Class: 305K(512K)->305K(512K)
[2026-06-17T09:52:17.288+0800][36.034s][info][gc             ] GC(1454) Pause Young (Allocation Failure) 46M->39M(57M) 5.737ms
[2026-06-17T09:52:17.289+0800][36.034s][info][gc,cpu         ] GC(1454) User=0.00s Sys=0.00s Real=0.01s
[2026-06-17T09:52:17.311+0800][36.056s][info][gc,start       ] GC(1455) Pause Young (Allocation Failure)
[2026-06-17T09:52:17.312+0800][36.058s][info][gc,heap        ] GC(1455) PSYoungGen: 12846K->3997K(14336K)
[2026-06-17T09:52:17.313+0800][36.059s][info][gc,heap        ] GC(1455) ParOldGen: 35149K->37494K(44032K)
[2026-06-17T09:52:17.317+0800][36.063s][info][gc,metaspace   ] GC(1455) Metaspace: 3161K(4864K)->3161K(4864K) NonClass: 2855K(4352K)->2855K(4352K) Class: 305K(512K)->305K(512K)
[2026-06-17T09:52:17.321+0800][36.067s][info][gc             ] GC(1455) Pause Young (Allocation Failure) 46M->40M(57M) 10.709ms
[2026-06-17T09:52:17.324+0800][36.070s][info][gc,cpu         ] GC(1455) User=0.00s Sys=0.00s Real=0.01s
[2026-06-17T09:52:17.347+0800][36.093s][info][gc,start       ] GC(1456) Pause Young (Allocation Failure)
[2026-06-17T09:52:17.357+0800][36.103s][info][gc,heap        ] GC(1456) PSYoungGen: 11141K->4377K(14336K)
[2026-06-17T09:52:17.358+0800][36.103s][info][gc,heap        ] GC(1456) ParOldGen: 37494K->40828K(44032K)
[2026-06-17T09:52:17.358+0800][36.104s][info][gc,metaspace   ] GC(1456) Metaspace: 3161K(4864K)->3161K(4864K) NonClass: 2855K(4352K)->2855K(4352K) Class: 305K(512K)->305K(512K)
[2026-06-17T09:52:17.359+0800][36.105s][info][gc             ] GC(1456) Pause Young (Allocation Failure) 47M->44M(57M) 11.571ms
[2026-06-17T09:52:17.359+0800][36.105s][info][gc,cpu         ] GC(1456) User=0.00s Sys=0.00s Real=0.01s
[2026-06-17T09:52:17.360+0800][36.106s][info][gc,start       ] GC(1457) Pause Full (Ergonomics)
[2026-06-17T09:52:17.362+0800][36.108s][info][gc,phases,start] GC(1457) Marking Phase
[2026-06-17T09:52:17.364+0800][36.110s][info][gc,phases      ] GC(1457) Marking Phase 2.109ms
[2026-06-17T09:52:17.367+0800][36.113s][info][gc,phases,start] GC(1457) Summary Phase
[2026-06-17T09:52:17.368+0800][36.113s][info][gc,phases      ] GC(1457) Summary Phase 0.505ms
[2026-06-17T09:52:17.368+0800][36.114s][info][gc,phases,start] GC(1457) Adjust Roots
[2026-06-17T09:52:17.369+0800][36.115s][info][gc,phases      ] GC(1457) Adjust Roots 0.851ms
[2026-06-17T09:52:17.370+0800][36.116s][info][gc,phases,start] GC(1457) Compaction Phase
[2026-06-17T09:52:17.374+0800][36.120s][info][gc,phases      ] GC(1457) Compaction Phase 3.938ms
[2026-06-17T09:52:17.375+0800][36.121s][info][gc,phases,start] GC(1457) Post Compact
[2026-06-17T09:52:17.377+0800][36.123s][info][gc,phases      ] GC(1457) Post Compact 1.715ms
[2026-06-17T09:52:17.377+0800][36.123s][info][gc,heap        ] GC(1457) PSYoungGen: 4377K->0K(14336K)
[2026-06-17T09:52:17.377+0800][36.123s][info][gc,heap        ] GC(1457) ParOldGen: 40828K->32355K(44032K)
[2026-06-17T09:52:17.378+0800][36.124s][info][gc,metaspace   ] GC(1457) Metaspace: 3161K(4864K)->3161K(4864K) NonClass: 2855K(4352K)->2855K(4352K) Class: 305K(512K)->305K(512K)
[2026-06-17T09:52:17.378+0800][36.124s][info][gc             ] GC(1457) Pause Full (Ergonomics) 44M->31M(57M) 17.596ms
[2026-06-17T09:52:17.378+0800][36.124s][info][gc,cpu         ] GC(1457) User=0.00s Sys=0.00s Real=0.02s
[2026-06-17T09:52:17.399+0800][36.145s][info][gc,start       ] GC(1458) Pause Young (Allocation Failure)
[2026-06-17T09:52:17.402+0800][36.148s][info][gc,heap        ] GC(1458) PSYoungGen: 7168K->3921K(14336K)
[2026-06-17T09:52:17.404+0800][36.150s][info][gc,heap        ] GC(1458) ParOldGen: 32355K->32355K(44032K)
[2026-06-17T09:52:17.406+0800][36.152s][info][gc,metaspace   ] GC(1458) Metaspace: 3161K(4864K)->3161K(4864K) NonClass: 2855K(4352K)->2855K(4352K) Class: 305K(512K)->305K(512K)
[2026-06-17T09:52:17.408+0800][36.153s][info][gc             ] GC(1458) Pause Young (Allocation Failure) 38M->35M(57M) 8.212ms
[2026-06-17T09:52:17.409+0800][36.155s][info][gc,cpu         ] GC(1458) User=0.00s Sys=0.00s Real=0.01s
[2026-06-17T09:52:17.420+0800][36.166s][info][gc,start       ] GC(1459) Pause Young (Allocation Failure)
[2026-06-17T09:52:17.422+0800][36.168s][info][gc,heap        ] GC(1459) PSYoungGen: 11077K->7060K(14336K)
[2026-06-17T09:52:17.423+0800][36.169s][info][gc,heap        ] GC(1459) ParOldGen: 32355K->32715K(44032K)
[2026-06-17T09:52:17.424+0800][36.170s][info][gc,metaspace   ] GC(1459) Metaspace: 3161K(4864K)->3161K(4864K) NonClass: 2855K(4352K)->2855K(4352K) Class: 305K(512K)->305K(512K)
[2026-06-17T09:52:17.430+0800][36.176s][info][gc             ] GC(1459) Pause Young (Allocation Failure) 42M->38M(57M) 9.619ms
[2026-06-17T09:52:17.430+0800][36.176s][info][gc,cpu         ] GC(1459) User=0.00s Sys=0.00s Real=0.01s
[2026-06-17T09:52:17.468+0800][36.214s][info][gc,start       ] GC(1460) Pause Young (Allocation Failure)
[2026-06-17T09:52:17.471+0800][36.217s][info][gc,heap        ] GC(1460) PSYoungGen: 14214K->7166K(14336K)
[2026-06-17T09:52:17.472+0800][36.218s][info][gc,heap        ] GC(1460) ParOldGen: 32715K->32830K(44032K)
[2026-06-17T09:52:17.473+0800][36.219s][info][gc,metaspace   ] GC(1460) Metaspace: 3161K(4864K)->3161K(4864K) NonClass: 2855K(4352K)->2855K(4352K) Class: 305K(512K)->305K(512K)
[2026-06-17T09:52:17.473+0800][36.219s][info][gc             ] GC(1460) Pause Young (Allocation Failure) 45M->39M(57M) 5.272ms
[2026-06-17T09:52:17.474+0800][36.220s][info][gc,cpu         ] GC(1460) User=0.01s Sys=0.00s Real=0.01s
[2026-06-17T09:52:17.495+0800][36.241s][info][gc,start       ] GC(1461) Pause Young (Allocation Failure)
[2026-06-17T09:52:17.496+0800][36.242s][info][gc,heap        ] GC(1461) PSYoungGen: 14302K->3420K(14336K)
[2026-06-17T09:52:17.497+0800][36.243s][info][gc,heap        ] GC(1461) ParOldGen: 32830K->36754K(44032K)
[2026-06-17T09:52:17.498+0800][36.243s][info][gc,metaspace   ] GC(1461) Metaspace: 3161K(4864K)->3161K(4864K) NonClass: 2855K(4352K)->2855K(4352K) Class: 305K(512K)->305K(512K)
[2026-06-17T09:52:17.498+0800][36.244s][info][gc             ] GC(1461) Pause Young (Allocation Failure) 46M->39M(57M) 3.538ms
[2026-06-17T09:52:17.499+0800][36.245s][info][gc,cpu         ] GC(1461) User=0.00s Sys=0.00s Real=0.00s
[2026-06-17T09:52:17.510+0800][36.256s][info][gc,start       ] GC(1462) Pause Young (Allocation Failure)
[2026-06-17T09:52:17.513+0800][36.258s][info][gc,heap        ] GC(1462) PSYoungGen: 10346K->1523K(14336K)
[2026-06-17T09:52:17.514+0800][36.260s][info][gc,heap        ] GC(1462) ParOldGen: 36754K->38687K(44032K)
[2026-06-17T09:52:17.515+0800][36.261s][info][gc,metaspace   ] GC(1462) Metaspace: 3161K(4864K)->3161K(4864K) NonClass: 2855K(4352K)->2855K(4352K) Class: 305K(512K)->305K(512K)
[2026-06-17T09:52:17.516+0800][36.262s][info][gc             ] GC(1462) Pause Young (Allocation Failure) 45M->39M(57M) 5.556ms
[2026-06-17T09:52:17.516+0800][36.262s][info][gc,cpu         ] GC(1462) User=0.00s Sys=0.00s Real=0.01s
[2026-06-17T09:52:17.538+0800][36.283s][info][gc,start       ] GC(1463) Pause Young (Allocation Failure)
[2026-06-17T09:52:17.543+0800][36.289s][info][gc,heap        ] GC(1463) PSYoungGen: 8655K->3587K(14336K)
[2026-06-17T09:52:17.544+0800][36.290s][info][gc,heap        ] GC(1463) ParOldGen: 38687K->40186K(44032K)
[2026-06-17T09:52:17.544+0800][36.290s][info][gc,metaspace   ] GC(1463) Metaspace: 3161K(4864K)->3161K(4864K) NonClass: 2855K(4352K)->2855K(4352K) Class: 305K(512K)->305K(512K)
[2026-06-17T09:52:17.544+0800][36.290s][info][gc             ] GC(1463) Pause Young (Allocation Failure) 46M->42M(57M) 6.936ms
[2026-06-17T09:52:17.545+0800][36.291s][info][gc,cpu         ] GC(1463) User=0.00s Sys=0.00s Real=0.01s
[2026-06-17T09:52:17.547+0800][36.293s][info][gc,start       ] GC(1464) Pause Full (Ergonomics)
[2026-06-17T09:52:17.550+0800][36.296s][info][gc,phases,start] GC(1464) Marking Phase
[2026-06-17T09:52:17.552+0800][36.297s][info][gc,phases      ] GC(1464) Marking Phase 1.507ms
[2026-06-17T09:52:17.554+0800][36.300s][info][gc,phases,start] GC(1464) Summary Phase
[2026-06-17T09:52:17.554+0800][36.300s][info][gc,phases      ] GC(1464) Summary Phase 0.394ms
[2026-06-17T09:52:17.555+0800][36.301s][info][gc,phases,start] GC(1464) Adjust Roots
[2026-06-17T09:52:17.555+0800][36.301s][info][gc,phases      ] GC(1464) Adjust Roots 0.240ms
[2026-06-17T09:52:17.555+0800][36.301s][info][gc,phases,start] GC(1464) Compaction Phase
[2026-06-17T09:52:17.557+0800][36.303s][info][gc,phases      ] GC(1464) Compaction Phase 1.723ms
[2026-06-17T09:52:17.557+0800][36.303s][info][gc,phases,start] GC(1464) Post Compact
[2026-06-17T09:52:17.557+0800][36.303s][info][gc,phases      ] GC(1464) Post Compact 0.236ms
[2026-06-17T09:52:17.558+0800][36.303s][info][gc,heap        ] GC(1464) PSYoungGen: 3587K->0K(14336K)
[2026-06-17T09:52:17.558+0800][36.304s][info][gc,heap        ] GC(1464) ParOldGen: 40186K->30592K(44032K)
[2026-06-17T09:52:17.558+0800][36.304s][info][gc,metaspace   ] GC(1464) Metaspace: 3161K(4864K)->3161K(4864K) NonClass: 2855K(4352K)->2855K(4352K) Class: 305K(512K)->305K(512K)
[2026-06-17T09:52:17.558+0800][36.304s][info][gc             ] GC(1464) Pause Full (Ergonomics) 42M->29M(57M) 11.362ms
[2026-06-17T09:52:17.558+0800][36.304s][info][gc,cpu         ] GC(1464) User=0.01s Sys=0.00s Real=0.01s
[2026-06-17T09:52:17.580+0800][36.326s][info][gc,start       ] GC(1465) Pause Young (Allocation Failure)
[2026-06-17T09:52:17.581+0800][36.326s][info][gc,heap        ] GC(1465) PSYoungGen: 7153K->3570K(14336K)
[2026-06-17T09:52:17.581+0800][36.327s][info][gc,heap        ] GC(1465) ParOldGen: 30592K->30592K(44032K)
[2026-06-17T09:52:17.581+0800][36.327s][info][gc,metaspace   ] GC(1465) Metaspace: 3161K(4864K)->3161K(4864K) NonClass: 2855K(4352K)->2855K(4352K) Class: 305K(512K)->305K(512K)
[2026-06-17T09:52:17.581+0800][36.327s][info][gc             ] GC(1465) Pause Young (Allocation Failure) 36M->33M(57M) 1.502ms
[2026-06-17T09:52:17.581+0800][36.327s][info][gc,cpu         ] GC(1465) User=0.00s Sys=0.00s Real=0.00s
[2026-06-17T09:52:17.602+0800][36.348s][info][gc,start       ] GC(1466) Pause Young (Allocation Failure)
[2026-06-17T09:52:17.603+0800][36.349s][info][gc,heap        ] GC(1466) PSYoungGen: 10730K->1125K(14336K)
[2026-06-17T09:52:17.604+0800][36.349s][info][gc,heap        ] GC(1466) ParOldGen: 30592K->33108K(44032K)
[2026-06-17T09:52:17.604+0800][36.350s][info][gc,metaspace   ] GC(1466) Metaspace: 3161K(4864K)->3161K(4864K) NonClass: 2855K(4352K)->2855K(4352K) Class: 305K(512K)->305K(512K)
[2026-06-17T09:52:17.604+0800][36.350s][info][gc             ] GC(1466) Pause Young (Allocation Failure) 40M->33M(57M) 1.847ms
[2026-06-17T09:52:17.604+0800][36.350s][info][gc,cpu         ] GC(1466) User=0.00s Sys=0.00s Real=0.01s
[2026-06-17T09:52:17.616+0800][36.362s][info][gc,start       ] GC(1467) Pause Young (Allocation Failure)
[2026-06-17T09:52:17.618+0800][36.364s][info][gc,heap        ] GC(1467) PSYoungGen: 8256K->4926K(14336K)
[2026-06-17T09:52:17.619+0800][36.365s][info][gc,heap        ] GC(1467) ParOldGen: 33108K->33108K(44032K)
[2026-06-17T09:52:17.619+0800][36.365s][info][gc,metaspace   ] GC(1467) Metaspace: 3161K(4864K)->3161K(4864K) NonClass: 2855K(4352K)->2855K(4352K) Class: 305K(512K)->305K(512K)
[2026-06-17T09:52:17.620+0800][36.365s][info][gc             ] GC(1467) Pause Young (Allocation Failure) 40M->37M(57M) 3.862ms
[2026-06-17T09:52:17.620+0800][36.366s][info][gc,cpu         ] GC(1467) User=0.00s Sys=0.00s Real=0.00s
[2026-06-17T09:52:17.642+0800][36.387s][info][gc,start       ] GC(1468) Pause Young (Allocation Failure)
[2026-06-17T09:52:17.647+0800][36.393s][info][gc,heap        ] GC(1468) PSYoungGen: 12075K->2791K(14336K)
[2026-06-17T09:52:17.648+0800][36.394s][info][gc,heap        ] GC(1468) ParOldGen: 33108K->35150K(44032K)
[2026-06-17T09:52:17.649+0800][36.395s][info][gc,metaspace   ] GC(1468) Metaspace: 3161K(4864K)->3161K(4864K) NonClass: 2855K(4352K)->2855K(4352K) Class: 305K(512K)->305K(512K)
[2026-06-17T09:52:17.650+0800][36.395s][info][gc             ] GC(1468) Pause Young (Allocation Failure) 44M->37M(57M) 8.106ms
[2026-06-17T09:52:17.650+0800][36.396s][info][gc,cpu         ] GC(1468) User=0.00s Sys=0.00s Real=0.01s
[2026-06-17T09:52:17.662+0800][36.408s][info][gc,start       ] GC(1469) Pause Young (Allocation Failure)
[2026-06-17T09:52:17.666+0800][36.412s][info][gc,heap        ] GC(1469) PSYoungGen: 9900K->5432K(14336K)
[2026-06-17T09:52:17.666+0800][36.412s][info][gc,heap        ] GC(1469) ParOldGen: 35150K->36059K(44032K)
[2026-06-17T09:52:17.667+0800][36.413s][info][gc,metaspace   ] GC(1469) Metaspace: 3161K(4864K)->3161K(4864K) NonClass: 2855K(4352K)->2855K(4352K) Class: 305K(512K)->305K(512K)
[2026-06-17T09:52:17.667+0800][36.413s][info][gc             ] GC(1469) Pause Young (Allocation Failure) 43M->40M(57M) 5.057ms
[2026-06-17T09:52:17.668+0800][36.414s][info][gc,cpu         ] GC(1469) User=0.00s Sys=0.01s Real=0.01s
[2026-06-17T09:52:17.689+0800][36.435s][info][gc,start       ] GC(1470) Pause Young (Allocation Failure)
[2026-06-17T09:52:17.690+0800][36.436s][info][gc,heap        ] GC(1470) PSYoungGen: 12461K->32K(14336K)
[2026-06-17T09:52:17.690+0800][36.436s][info][gc,heap        ] GC(1470) ParOldGen: 36059K->38201K(44032K)
[2026-06-17T09:52:17.691+0800][36.436s][info][gc,metaspace   ] GC(1470) Metaspace: 3161K(4864K)->3161K(4864K) NonClass: 2855K(4352K)->2855K(4352K) Class: 305K(512K)->305K(512K)
[2026-06-17T09:52:17.691+0800][36.437s][info][gc             ] GC(1470) Pause Young (Allocation Failure) 47M->37M(57M) 1.236ms
[2026-06-17T09:52:17.691+0800][36.437s][info][gc,cpu         ] GC(1470) User=0.00s Sys=0.00s Real=0.01s
[2026-06-17T09:52:17.712+0800][36.458s][info][gc,start       ] GC(1471) Pause Young (Allocation Failure)
[2026-06-17T09:52:17.713+0800][36.459s][info][gc,heap        ] GC(1471) PSYoungGen: 7172K->3577K(14336K)
[2026-06-17T09:52:17.713+0800][36.459s][info][gc,heap        ] GC(1471) ParOldGen: 38201K->38209K(44032K)
[2026-06-17T09:52:17.714+0800][36.460s][info][gc,metaspace   ] GC(1471) Metaspace: 3161K(4864K)->3161K(4864K) NonClass: 2855K(4352K)->2855K(4352K) Class: 305K(512K)->305K(512K)
[2026-06-17T09:52:17.714+0800][36.460s][info][gc             ] GC(1471) Pause Young (Allocation Failure) 44M->40M(57M) 1.978ms
[2026-06-17T09:52:17.714+0800][36.460s][info][gc,cpu         ] GC(1471) User=0.00s Sys=0.00s Real=0.00s
[2026-06-17T09:52:17.726+0800][36.472s][info][gc,start       ] GC(1472) Pause Young (Allocation Failure)
[2026-06-17T09:52:17.728+0800][36.473s][info][gc,heap        ] GC(1472) PSYoungGen: 10416K->1443K(14336K)
[2026-06-17T09:52:17.728+0800][36.474s][info][gc,heap        ] GC(1472) ParOldGen: 38209K->40498K(44032K)
[2026-06-17T09:52:17.728+0800][36.474s][info][gc,metaspace   ] GC(1472) Metaspace: 3161K(4864K)->3161K(4864K) NonClass: 2855K(4352K)->2855K(4352K) Class: 305K(512K)->305K(512K)
[2026-06-17T09:52:17.728+0800][36.474s][info][gc             ] GC(1472) Pause Young (Allocation Failure) 47M->40M(57M) 2.735ms
[2026-06-17T09:52:17.729+0800][36.474s][info][gc,cpu         ] GC(1472) User=0.00s Sys=0.00s Real=0.00s
[2026-06-17T09:52:17.729+0800][36.475s][info][gc,start       ] GC(1473) Pause Full (Ergonomics)
[2026-06-17T09:52:17.729+0800][36.475s][info][gc,phases,start] GC(1473) Marking Phase
[2026-06-17T09:52:17.730+0800][36.476s][info][gc,phases      ] GC(1473) Marking Phase 1.145ms
[2026-06-17T09:52:17.731+0800][36.476s][info][gc,phases,start] GC(1473) Summary Phase
[2026-06-17T09:52:17.731+0800][36.477s][info][gc,phases      ] GC(1473) Summary Phase 0.232ms
[2026-06-17T09:52:17.731+0800][36.477s][info][gc,phases,start] GC(1473) Adjust Roots
[2026-06-17T09:52:17.731+0800][36.477s][info][gc,phases      ] GC(1473) Adjust Roots 0.236ms
[2026-06-17T09:52:17.732+0800][36.478s][info][gc,phases,start] GC(1473) Compaction Phase
[2026-06-17T09:52:17.733+0800][36.479s][info][gc,phases      ] GC(1473) Compaction Phase 1.544ms
[2026-06-17T09:52:17.734+0800][36.479s][info][gc,phases,start] GC(1473) Post Compact
[2026-06-17T09:52:17.734+0800][36.480s][info][gc,phases      ] GC(1473) Post Compact 0.298ms
[2026-06-17T09:52:17.734+0800][36.480s][info][gc,heap        ] GC(1473) PSYoungGen: 1443K->0K(14336K)
[2026-06-17T09:52:17.734+0800][36.480s][info][gc,heap        ] GC(1473) ParOldGen: 40498K->28427K(44032K)
[2026-06-17T09:52:17.734+0800][36.480s][info][gc,metaspace   ] GC(1473) Metaspace: 3161K(4864K)->3161K(4864K) NonClass: 2855K(4352K)->2855K(4352K) Class: 305K(512K)->305K(512K)
[2026-06-17T09:52:17.734+0800][36.480s][info][gc             ] GC(1473) Pause Full (Ergonomics) 40M->27M(57M) 5.500ms
[2026-06-17T09:52:17.735+0800][36.480s][info][gc,cpu         ] GC(1473) User=0.00s Sys=0.00s Real=0.01s
[2026-06-17T09:52:17.756+0800][36.502s][info][gc,start       ] GC(1474) Pause Young (Allocation Failure)
[2026-06-17T09:52:17.757+0800][36.503s][info][gc,heap        ] GC(1474) PSYoungGen: 7153K->3578K(14336K)
[2026-06-17T09:52:17.758+0800][36.503s][info][gc,heap        ] GC(1474) ParOldGen: 28427K->28427K(44032K)
[2026-06-17T09:52:17.758+0800][36.504s][info][gc,metaspace   ] GC(1474) Metaspace: 3161K(4864K)->3161K(4864K) NonClass: 2855K(4352K)->2855K(4352K) Class: 305K(512K)->305K(512K)
[2026-06-17T09:52:17.758+0800][36.504s][info][gc             ] GC(1474) Pause Young (Allocation Failure) 34M->31M(57M) 2.288ms
[2026-06-17T09:52:17.759+0800][36.504s][info][gc,cpu         ] GC(1474) User=0.00s Sys=0.00s Real=0.00s
[2026-06-17T09:52:17.780+0800][36.526s][info][gc,start       ] GC(1475) Pause Young (Allocation Failure)
[2026-06-17T09:52:17.782+0800][36.528s][info][gc,heap        ] GC(1475) PSYoungGen: 10730K->3100K(14336K)
[2026-06-17T09:52:17.784+0800][36.530s][info][gc,heap        ] GC(1475) ParOldGen: 28427K->28771K(44032K)
[2026-06-17T09:52:17.785+0800][36.531s][info][gc,metaspace   ] GC(1475) Metaspace: 3161K(4864K)->3161K(4864K) NonClass: 2855K(4352K)->2855K(4352K) Class: 305K(512K)->305K(512K)
[2026-06-17T09:52:17.787+0800][36.533s][info][gc             ] GC(1475) Pause Young (Allocation Failure) 38M->31M(57M) 6.383ms
[2026-06-17T09:52:17.787+0800][36.533s][info][gc,cpu         ] GC(1475) User=0.00s Sys=0.00s Real=0.01s
[2026-06-17T09:52:17.808+0800][36.554s][info][gc,start       ] GC(1476) Pause Young (Allocation Failure)
[2026-06-17T09:52:17.809+0800][36.555s][info][gc,heap        ] GC(1476) PSYoungGen: 10243K->1116K(14336K)
[2026-06-17T09:52:17.810+0800][36.556s][info][gc,heap        ] GC(1476) ParOldGen: 28771K->30591K(44032K)
[2026-06-17T09:52:17.810+0800][36.556s][info][gc,metaspace   ] GC(1476) Metaspace: 3161K(4864K)->3161K(4864K) NonClass: 2855K(4352K)->2855K(4352K) Class: 305K(512K)->305K(512K)
[2026-06-17T09:52:17.810+0800][36.556s][info][gc             ] GC(1476) Pause Young (Allocation Failure) 38M->30M(57M) 1.619ms
[2026-06-17T09:52:17.810+0800][36.556s][info][gc,cpu         ] GC(1476) User=0.00s Sys=0.00s Real=0.00s
[2026-06-17T09:52:17.821+0800][36.567s][info][gc,start       ] GC(1477) Pause Young (Allocation Failure)
[2026-06-17T09:52:17.822+0800][36.568s][info][gc,heap        ] GC(1477) PSYoungGen: 8251K->4722K(14336K)
[2026-06-17T09:52:17.822+0800][36.568s][info][gc,heap        ] GC(1477) ParOldGen: 30591K->30591K(44032K)
[2026-06-17T09:52:17.822+0800][36.568s][info][gc,metaspace   ] GC(1477) Metaspace: 3161K(4864K)->3161K(4864K) NonClass: 2855K(4352K)->2855K(4352K) Class: 305K(512K)->305K(512K)
[2026-06-17T09:52:17.822+0800][36.568s][info][gc             ] GC(1477) Pause Young (Allocation Failure) 37M->34M(57M) 1.132ms
[2026-06-17T09:52:17.822+0800][36.568s][info][gc,cpu         ] GC(1477) User=0.00s Sys=0.00s Real=0.00s
[2026-06-17T09:52:17.843+0800][36.589s][info][gc,start       ] GC(1478) Pause Young (Allocation Failure)
[2026-06-17T09:52:17.844+0800][36.590s][info][gc,heap        ] GC(1478) PSYoungGen: 11865K->4639K(14336K)
[2026-06-17T09:52:17.844+0800][36.590s][info][gc,heap        ] GC(1478) ParOldGen: 30591K->30591K(44032K)
[2026-06-17T09:52:17.845+0800][36.590s][info][gc,metaspace   ] GC(1478) Metaspace: 3161K(4864K)->3161K(4864K) NonClass: 2855K(4352K)->2855K(4352K) Class: 305K(512K)->305K(512K)
[2026-06-17T09:52:17.845+0800][36.591s][info][gc             ] GC(1478) Pause Young (Allocation Failure) 41M->34M(57M) 1.403ms
[2026-06-17T09:52:17.845+0800][36.591s][info][gc,cpu         ] GC(1478) User=0.00s Sys=0.00s Real=0.00s
[2026-06-17T09:52:17.866+0800][36.612s][info][gc,start       ] GC(1479) Pause Young (Allocation Failure)
[2026-06-17T09:52:17.867+0800][36.613s][info][gc,heap        ] GC(1479) PSYoungGen: 11795K->3291K(14336K)
[2026-06-17T09:52:17.870+0800][36.615s][info][gc,heap        ] GC(1479) ParOldGen: 30591K->32235K(44032K)
[2026-06-17T09:52:17.872+0800][36.617s][info][gc,metaspace   ] GC(1479) Metaspace: 3161K(4864K)->3161K(4864K) NonClass: 2855K(4352K)->2855K(4352K) Class: 305K(512K)->305K(512K)
[2026-06-17T09:52:17.874+0800][36.619s][info][gc             ] GC(1479) Pause Young (Allocation Failure) 41M->34M(57M) 7.529ms
[2026-06-17T09:52:17.877+0800][36.623s][info][gc,cpu         ] GC(1479) User=0.00s Sys=0.00s Real=0.01s
[2026-06-17T09:52:17.890+0800][36.636s][info][gc,start       ] GC(1480) Pause Young (Allocation Failure)
[2026-06-17T09:52:17.892+0800][36.638s][info][gc,heap        ] GC(1480) PSYoungGen: 10420K->6703K(14336K)
[2026-06-17T09:52:17.892+0800][36.638s][info][gc,heap        ] GC(1480) ParOldGen: 32235K->32235K(44032K)
[2026-06-17T09:52:17.893+0800][36.638s][info][gc,metaspace   ] GC(1480) Metaspace: 3161K(4864K)->3161K(4864K) NonClass: 2855K(4352K)->2855K(4352K) Class: 305K(512K)->305K(512K)
[2026-06-17T09:52:17.893+0800][36.639s][info][gc             ] GC(1480) Pause Young (Allocation Failure) 41M->38M(57M) 3.181ms
[2026-06-17T09:52:17.894+0800][36.640s][info][gc,cpu         ] GC(1480) User=0.00s Sys=0.00s Real=0.01s
[2026-06-17T09:52:17.916+0800][36.661s][info][gc,start       ] GC(1481) Pause Young (Allocation Failure)
[2026-06-17T09:52:17.917+0800][36.663s][info][gc,heap        ] GC(1481) PSYoungGen: 13871K->3386K(14336K)
[2026-06-17T09:52:17.918+0800][36.663s][info][gc,heap        ] GC(1481) ParOldGen: 32235K->35470K(44032K)
[2026-06-17T09:52:17.918+0800][36.664s][info][gc,metaspace   ] GC(1481) Metaspace: 3161K(4864K)->3161K(4864K) NonClass: 2855K(4352K)->2855K(4352K) Class: 305K(512K)->305K(512K)
[2026-06-17T09:52:17.918+0800][36.664s][info][gc             ] GC(1481) Pause Young (Allocation Failure) 45M->37M(57M) 2.597ms
[2026-06-17T09:52:17.918+0800][36.664s][info][gc,cpu         ] GC(1481) User=0.00s Sys=0.00s Real=0.00s
[2026-06-17T09:52:17.930+0800][36.676s][info][gc,start       ] GC(1482) Pause Young (Allocation Failure)
[2026-06-17T09:52:17.931+0800][36.677s][info][gc,heap        ] GC(1482) PSYoungGen: 10437K->1368K(14336K)
[2026-06-17T09:52:17.932+0800][36.678s][info][gc,heap        ] GC(1482) ParOldGen: 35470K->37490K(44032K)
[2026-06-17T09:52:17.933+0800][36.678s][info][gc,metaspace   ] GC(1482) Metaspace: 3161K(4864K)->3161K(4864K) NonClass: 2855K(4352K)->2855K(4352K) Class: 305K(512K)->305K(512K)
[2026-06-17T09:52:17.933+0800][36.679s][info][gc             ] GC(1482) Pause Young (Allocation Failure) 44M->37M(57M) 3.127ms
[2026-06-17T09:52:17.933+0800][36.679s][info][gc,cpu         ] GC(1482) User=0.00s Sys=0.00s Real=0.01s
[2026-06-17T09:52:17.955+0800][36.701s][info][gc,start       ] GC(1483) Pause Young (Allocation Failure)
[2026-06-17T09:52:17.957+0800][36.703s][info][gc,heap        ] GC(1483) PSYoungGen: 8515K->3759K(14336K)
[2026-06-17T09:52:17.958+0800][36.703s][info][gc,heap        ] GC(1483) ParOldGen: 37490K->38834K(44032K)
[2026-06-17T09:52:17.958+0800][36.704s][info][gc,metaspace   ] GC(1483) Metaspace: 3161K(4864K)->3161K(4864K) NonClass: 2855K(4352K)->2855K(4352K) Class: 305K(512K)->305K(512K)
[2026-06-17T09:52:17.958+0800][36.704s][info][gc             ] GC(1483) Pause Young (Allocation Failure) 44M->41M(57M) 3.120ms
[2026-06-17T09:52:17.959+0800][36.705s][info][gc,cpu         ] GC(1483) User=0.00s Sys=0.00s Real=0.00s
[2026-06-17T09:52:17.980+0800][36.726s][info][gc,start       ] GC(1484) Pause Young (Allocation Failure)
[2026-06-17T09:52:17.982+0800][36.728s][info][gc,heap        ] GC(1484) PSYoungGen: 10901K->2991K(14336K)
[2026-06-17T09:52:17.982+0800][36.728s][info][gc,heap        ] GC(1484) ParOldGen: 38834K->39358K(44032K)
[2026-06-17T09:52:17.983+0800][36.728s][info][gc,metaspace   ] GC(1484) Metaspace: 3161K(4864K)->3161K(4864K) NonClass: 2855K(4352K)->2855K(4352K) Class: 305K(512K)->305K(512K)
[2026-06-17T09:52:17.983+0800][36.729s][info][gc             ] GC(1484) Pause Young (Allocation Failure) 48M->41M(57M) 2.490ms
[2026-06-17T09:52:17.983+0800][36.729s][info][gc,cpu         ] GC(1484) User=0.00s Sys=0.00s Real=0.01s
[2026-06-17T09:52:18.004+0800][36.750s][info][gc,start       ] GC(1485) Pause Young (Allocation Failure)
[2026-06-17T09:52:18.006+0800][36.752s][info][gc,heap        ] GC(1485) PSYoungGen: 10128K->1180K(14336K)
[2026-06-17T09:52:18.007+0800][36.752s][info][gc,heap        ] GC(1485) ParOldGen: 39358K->41531K(44032K)
[2026-06-17T09:52:18.007+0800][36.753s][info][gc,metaspace   ] GC(1485) Metaspace: 3161K(4864K)->3161K(4864K) NonClass: 2855K(4352K)->2855K(4352K) Class: 305K(512K)->305K(512K)
[2026-06-17T09:52:18.007+0800][36.753s][info][gc             ] GC(1485) Pause Young (Allocation Failure) 48M->41M(57M) 2.926ms
[2026-06-17T09:52:18.008+0800][36.753s][info][gc,cpu         ] GC(1485) User=0.00s Sys=0.00s Real=0.00s
[2026-06-17T09:52:18.008+0800][36.754s][info][gc,start       ] GC(1486) Pause Full (Ergonomics)
[2026-06-17T09:52:18.008+0800][36.754s][info][gc,phases,start] GC(1486) Marking Phase
[2026-06-17T09:52:18.010+0800][36.756s][info][gc,phases      ] GC(1486) Marking Phase 1.904ms
[2026-06-17T09:52:18.011+0800][36.756s][info][gc,phases,start] GC(1486) Summary Phase
[2026-06-17T09:52:18.011+0800][36.757s][info][gc,phases      ] GC(1486) Summary Phase 0.287ms
[2026-06-17T09:52:18.011+0800][36.757s][info][gc,phases,start] GC(1486) Adjust Roots
[2026-06-17T09:52:18.012+0800][36.758s][info][gc,phases      ] GC(1486) Adjust Roots 0.638ms
[2026-06-17T09:52:18.012+0800][36.758s][info][gc,phases,start] GC(1486) Compaction Phase
[2026-06-17T09:52:18.015+0800][36.760s][info][gc,phases      ] GC(1486) Compaction Phase 2.647ms
[2026-06-17T09:52:18.015+0800][36.761s][info][gc,phases,start] GC(1486) Post Compact
[2026-06-17T09:52:18.015+0800][36.761s][info][gc,phases      ] GC(1486) Post Compact 0.300ms
[2026-06-17T09:52:18.016+0800][36.761s][info][gc,heap        ] GC(1486) PSYoungGen: 1180K->0K(14336K)
[2026-06-17T09:52:18.016+0800][36.762s][info][gc,heap        ] GC(1486) ParOldGen: 41531K->26667K(44032K)
[2026-06-17T09:52:18.016+0800][36.762s][info][gc,metaspace   ] GC(1486) Metaspace: 3161K(4864K)->3161K(4864K) NonClass: 2855K(4352K)->2855K(4352K) Class: 305K(512K)->305K(512K)
[2026-06-17T09:52:18.016+0800][36.762s][info][gc             ] GC(1486) Pause Full (Ergonomics) 41M->26M(57M) 8.095ms
[2026-06-17T09:52:18.016+0800][36.762s][info][gc,cpu         ] GC(1486) User=0.01s Sys=0.00s Real=0.01s
[2026-06-17T09:52:18.027+0800][36.773s][info][gc,start       ] GC(1487) Pause Young (Allocation Failure)
[2026-06-17T09:52:18.028+0800][36.774s][info][gc,heap        ] GC(1487) PSYoungGen: 7157K->7145K(14336K)
[2026-06-17T09:52:18.028+0800][36.774s][info][gc,heap        ] GC(1487) ParOldGen: 26667K->26721K(44032K)
[2026-06-17T09:52:18.029+0800][36.774s][info][gc,metaspace   ] GC(1487) Metaspace: 3161K(4864K)->3161K(4864K) NonClass: 2855K(4352K)->2855K(4352K) Class: 305K(512K)->305K(512K)
[2026-06-17T09:52:18.029+0800][36.775s][info][gc             ] GC(1487) Pause Young (Allocation Failure) 33M->33M(57M) 1.383ms
[2026-06-17T09:52:18.029+0800][36.775s][info][gc,cpu         ] GC(1487) User=0.00s Sys=0.00s Real=0.00s
[2026-06-17T09:52:18.050+0800][36.796s][info][gc,start       ] GC(1488) Pause Young (Allocation Failure)
[2026-06-17T09:52:18.051+0800][36.797s][info][gc,heap        ] GC(1488) PSYoungGen: 14284K->3072K(14336K)
[2026-06-17T09:52:18.052+0800][36.798s][info][gc,heap        ] GC(1488) ParOldGen: 26721K->31002K(44032K)
[2026-06-17T09:52:18.053+0800][36.798s][info][gc,metaspace   ] GC(1488) Metaspace: 3161K(4864K)->3161K(4864K) NonClass: 2855K(4352K)->2855K(4352K) Class: 305K(512K)->305K(512K)
[2026-06-17T09:52:18.053+0800][36.799s][info][gc             ] GC(1488) Pause Young (Allocation Failure) 40M->33M(57M) 3.052ms
[2026-06-17T09:52:18.053+0800][36.799s][info][gc,cpu         ] GC(1488) User=0.00s Sys=0.00s Real=0.01s
[2026-06-17T09:52:18.075+0800][36.821s][info][gc,start       ] GC(1489) Pause Young (Allocation Failure)
[2026-06-17T09:52:18.076+0800][36.822s][info][gc,heap        ] GC(1489) PSYoungGen: 10239K->3133K(14336K)
[2026-06-17T09:52:18.076+0800][36.822s][info][gc,heap        ] GC(1489) ParOldGen: 31002K->31002K(44032K)
[2026-06-17T09:52:18.076+0800][36.822s][info][gc,metaspace   ] GC(1489) Metaspace: 3161K(4864K)->3161K(4864K) NonClass: 2855K(4352K)->2855K(4352K) Class: 305K(512K)->305K(512K)
[2026-06-17T09:52:18.077+0800][36.823s][info][gc             ] GC(1489) Pause Young (Allocation Failure) 40M->33M(57M) 1.836ms
[2026-06-17T09:52:18.077+0800][36.823s][info][gc,cpu         ] GC(1489) User=0.00s Sys=0.00s Real=0.00s
[2026-06-17T09:52:18.089+0800][36.834s][info][gc,start       ] GC(1490) Pause Young (Allocation Failure)
[2026-06-17T09:52:18.090+0800][36.836s][info][gc,heap        ] GC(1490) PSYoungGen: 10297K->4885K(14336K)
[2026-06-17T09:52:18.091+0800][36.837s][info][gc,heap        ] GC(1490) ParOldGen: 31002K->32810K(44032K)
[2026-06-17T09:52:18.091+0800][36.837s][info][gc,metaspace   ] GC(1490) Metaspace: 3161K(4864K)->3161K(4864K) NonClass: 2855K(4352K)->2855K(4352K) Class: 305K(512K)->305K(512K)
[2026-06-17T09:52:18.091+0800][36.837s][info][gc             ] GC(1490) Pause Young (Allocation Failure) 40M->36M(57M) 2.840ms
[2026-06-17T09:52:18.092+0800][36.838s][info][gc,cpu         ] GC(1490) User=0.00s Sys=0.00s Real=0.01s
[2026-06-17T09:52:18.113+0800][36.859s][info][gc,start       ] GC(1491) Pause Young (Allocation Failure)
[2026-06-17T09:52:18.116+0800][36.862s][info][gc,heap        ] GC(1491) PSYoungGen: 12016K->3611K(14336K)
[2026-06-17T09:52:18.116+0800][36.862s][info][gc,heap        ] GC(1491) ParOldGen: 32810K->34143K(44032K)
[2026-06-17T09:52:18.116+0800][36.862s][info][gc,metaspace   ] GC(1491) Metaspace: 3161K(4864K)->3161K(4864K) NonClass: 2855K(4352K)->2855K(4352K) Class: 305K(512K)->305K(512K)
[2026-06-17T09:52:18.117+0800][36.863s][info][gc             ] GC(1491) Pause Young (Allocation Failure) 43M->36M(57M) 3.677ms
[2026-06-17T09:52:18.117+0800][36.863s][info][gc,cpu         ] GC(1491) User=0.01s Sys=0.00s Real=0.00s
[2026-06-17T09:52:18.139+0800][36.884s][info][gc,start       ] GC(1492) Pause Young (Allocation Failure)
[2026-06-17T09:52:18.140+0800][36.886s][info][gc,heap        ] GC(1492) PSYoungGen: 10766K->1960K(14336K)
[2026-06-17T09:52:18.140+0800][36.886s][info][gc,heap        ] GC(1492) ParOldGen: 34143K->35981K(44032K)
[2026-06-17T09:52:18.140+0800][36.886s][info][gc,metaspace   ] GC(1492) Metaspace: 3161K(4864K)->3161K(4864K) NonClass: 2855K(4352K)->2855K(4352K) Class: 305K(512K)->305K(512K)
[2026-06-17T09:52:18.141+0800][36.887s][info][gc             ] GC(1492) Pause Young (Allocation Failure) 43M->37M(57M) 2.162ms
[2026-06-17T09:52:18.141+0800][36.887s][info][gc,cpu         ] GC(1492) User=0.00s Sys=0.00s Real=0.00s
[2026-06-17T09:52:18.162+0800][36.908s][info][gc,start       ] GC(1493) Pause Young (Allocation Failure)
[2026-06-17T09:52:18.166+0800][36.912s][info][gc,heap        ] GC(1493) PSYoungGen: 9120K->381K(14336K)
[2026-06-17T09:52:18.167+0800][36.913s][info][gc,heap        ] GC(1493) ParOldGen: 35981K->37671K(44032K)
[2026-06-17T09:52:18.170+0800][36.915s][info][gc,metaspace   ] GC(1493) Metaspace: 3161K(4864K)->3161K(4864K) NonClass: 2855K(4352K)->2855K(4352K) Class: 305K(512K)->305K(512K)
[2026-06-17T09:52:18.172+0800][36.917s][info][gc             ] GC(1493) Pause Young (Allocation Failure) 44M->37M(57M) 9.089ms
[2026-06-17T09:52:18.174+0800][36.919s][info][gc,cpu         ] GC(1493) User=0.00s Sys=0.00s Real=0.02s
[2026-06-17T09:52:18.186+0800][36.932s][info][gc,start       ] GC(1494) Pause Young (Allocation Failure)
[2026-06-17T09:52:18.188+0800][36.934s][info][gc,heap        ] GC(1494) PSYoungGen: 7547K->4211K(14336K)
[2026-06-17T09:52:18.188+0800][36.934s][info][gc,heap        ] GC(1494) ParOldGen: 37671K->37671K(44032K)
[2026-06-17T09:52:18.189+0800][36.934s][info][gc,metaspace   ] GC(1494) Metaspace: 3161K(4864K)->3161K(4864K) NonClass: 2855K(4352K)->2855K(4352K) Class: 305K(512K)->305K(512K)
[2026-06-17T09:52:18.189+0800][36.935s][info][gc             ] GC(1494) Pause Young (Allocation Failure) 44M->40M(57M) 2.623ms
[2026-06-17T09:52:18.189+0800][36.935s][info][gc,cpu         ] GC(1494) User=0.00s Sys=0.00s Real=0.00s
[2026-06-17T09:52:18.211+0800][36.957s][info][gc,start       ] GC(1495) Pause Young (Allocation Failure)
[2026-06-17T09:52:18.212+0800][36.958s][info][gc,heap        ] GC(1495) PSYoungGen: 11329K->2440K(14336K)
[2026-06-17T09:52:18.213+0800][36.959s][info][gc,heap        ] GC(1495) ParOldGen: 37671K->39550K(44032K)
[2026-06-17T09:52:18.213+0800][36.959s][info][gc,metaspace   ] GC(1495) Metaspace: 3161K(4864K)->3161K(4864K) NonClass: 2855K(4352K)->2855K(4352K) Class: 305K(512K)->305K(512K)
[2026-06-17T09:52:18.214+0800][36.959s][info][gc             ] GC(1495) Pause Young (Allocation Failure) 47M->41M(57M) 2.659ms
[2026-06-17T09:52:18.214+0800][36.960s][info][gc,cpu         ] GC(1495) User=0.01s Sys=0.01s Real=0.00s
[2026-06-17T09:52:18.235+0800][36.981s][info][gc,start       ] GC(1496) Pause Young (Allocation Failure)
[2026-06-17T09:52:18.237+0800][36.982s][info][gc,heap        ] GC(1496) PSYoungGen: 9556K->2541K(14336K)
[2026-06-17T09:52:18.237+0800][36.983s][info][gc,heap        ] GC(1496) ParOldGen: 39550K->39550K(44032K)
[2026-06-17T09:52:18.239+0800][36.984s][info][gc,metaspace   ] GC(1496) Metaspace: 3161K(4864K)->3161K(4864K) NonClass: 2855K(4352K)->2855K(4352K) Class: 305K(512K)->305K(512K)
[2026-06-17T09:52:18.239+0800][36.985s][info][gc             ] GC(1496) Pause Young (Allocation Failure) 47M->41M(57M) 4.012ms
[2026-06-17T09:52:18.240+0800][36.986s][info][gc,cpu         ] GC(1496) User=0.00s Sys=0.00s Real=0.00s
[2026-06-17T09:52:18.251+0800][36.997s][info][gc,start       ] GC(1497) Pause Young (Allocation Failure)
[2026-06-17T09:52:18.252+0800][36.998s][info][gc,heap        ] GC(1497) PSYoungGen: 9686K->349K(13824K)
[2026-06-17T09:52:18.252+0800][36.998s][info][gc,heap        ] GC(1497) ParOldGen: 39550K->41810K(44032K)
[2026-06-17T09:52:18.253+0800][36.999s][info][gc,metaspace   ] GC(1497) Metaspace: 3161K(4864K)->3161K(4864K) NonClass: 2855K(4352K)->2855K(4352K) Class: 305K(512K)->305K(512K)
[2026-06-17T09:52:18.253+0800][36.999s][info][gc             ] GC(1497) Pause Young (Allocation Failure) 48M->41M(56M) 1.905ms
[2026-06-17T09:52:18.253+0800][36.999s][info][gc,cpu         ] GC(1497) User=0.00s Sys=0.00s Real=0.00s
[2026-06-17T09:52:18.254+0800][37.000s][info][gc,start       ] GC(1498) Pause Full (Ergonomics)
[2026-06-17T09:52:18.254+0800][37.000s][info][gc,phases,start] GC(1498) Marking Phase
[2026-06-17T09:52:18.255+0800][37.001s][info][gc,phases      ] GC(1498) Marking Phase 1.396ms
[2026-06-17T09:52:18.256+0800][37.002s][info][gc,phases,start] GC(1498) Summary Phase
[2026-06-17T09:52:18.256+0800][37.002s][info][gc,phases      ] GC(1498) Summary Phase 0.233ms
[2026-06-17T09:52:18.256+0800][37.002s][info][gc,phases,start] GC(1498) Adjust Roots
[2026-06-17T09:52:18.256+0800][37.002s][info][gc,phases      ] GC(1498) Adjust Roots 0.253ms
[2026-06-17T09:52:18.257+0800][37.002s][info][gc,phases,start] GC(1498) Compaction Phase
[2026-06-17T09:52:18.258+0800][37.004s][info][gc,phases      ] GC(1498) Compaction Phase 1.736ms
[2026-06-17T09:52:18.259+0800][37.004s][info][gc,phases,start] GC(1498) Post Compact
[2026-06-17T09:52:18.259+0800][37.005s][info][gc,phases      ] GC(1498) Post Compact 0.364ms
[2026-06-17T09:52:18.259+0800][37.005s][info][gc,heap        ] GC(1498) PSYoungGen: 349K->0K(14336K)
[2026-06-17T09:52:18.259+0800][37.005s][info][gc,heap        ] GC(1498) ParOldGen: 41810K->28943K(44032K)
[2026-06-17T09:52:18.260+0800][37.005s][info][gc,metaspace   ] GC(1498) Metaspace: 3161K(4864K)->3161K(4864K) NonClass: 2855K(4352K)->2855K(4352K) Class: 305K(512K)->305K(512K)
[2026-06-17T09:52:18.260+0800][37.006s][info][gc             ] GC(1498) Pause Full (Ergonomics) 41M->28M(57M) 5.986ms
[2026-06-17T09:52:18.260+0800][37.006s][info][gc,cpu         ] GC(1498) User=0.01s Sys=0.00s Real=0.00s
[2026-06-17T09:52:18.281+0800][37.027s][info][gc,start       ] GC(1499) Pause Young (Allocation Failure)
[2026-06-17T09:52:18.282+0800][37.028s][info][gc,heap        ] GC(1499) PSYoungGen: 7133K->3972K(14336K)
[2026-06-17T09:52:18.283+0800][37.029s][info][gc,heap        ] GC(1499) ParOldGen: 28943K->28943K(44032K)
[2026-06-17T09:52:18.283+0800][37.029s][info][gc,metaspace   ] GC(1499) Metaspace: 3161K(4864K)->3161K(4864K) NonClass: 2855K(4352K)->2855K(4352K) Class: 305K(512K)->305K(512K)
[2026-06-17T09:52:18.284+0800][37.030s][info][gc             ] GC(1499) Pause Young (Allocation Failure) 35M->32M(57M) 2.609ms
[2026-06-17T09:52:18.284+0800][37.030s][info][gc,cpu         ] GC(1499) User=0.00s Sys=0.00s Real=0.01s
[2026-06-17T09:52:18.306+0800][37.052s][info][gc,start       ] GC(1500) Pause Young (Allocation Failure)
[2026-06-17T09:52:18.307+0800][37.053s][info][gc,heap        ] GC(1500) PSYoungGen: 11140K->3114K(14336K)
[2026-06-17T09:52:18.308+0800][37.053s][info][gc,heap        ] GC(1500) ParOldGen: 28943K->30119K(44032K)
[2026-06-17T09:52:18.308+0800][37.054s][info][gc,metaspace   ] GC(1500) Metaspace: 3161K(4864K)->3161K(4864K) NonClass: 2855K(4352K)->2855K(4352K) Class: 305K(512K)->305K(512K)
[2026-06-17T09:52:18.308+0800][37.054s][info][gc             ] GC(1500) Pause Young (Allocation Failure) 39M->32M(57M) 2.387ms
[2026-06-17T09:52:18.309+0800][37.054s][info][gc,cpu         ] GC(1500) User=0.00s Sys=0.00s Real=0.00s
[2026-06-17T09:52:18.330+0800][37.076s][info][gc,start       ] GC(1501) Pause Young (Allocation Failure)
[2026-06-17T09:52:18.331+0800][37.077s][info][gc,heap        ] GC(1501) PSYoungGen: 10261K->1454K(14848K)
[2026-06-17T09:52:18.331+0800][37.077s][info][gc,heap        ] GC(1501) ParOldGen: 30119K->32044K(44032K)
[2026-06-17T09:52:18.332+0800][37.077s][info][gc,metaspace   ] GC(1501) Metaspace: 3161K(4864K)->3161K(4864K) NonClass: 2855K(4352K)->2855K(4352K) Class: 305K(512K)->305K(512K)
[2026-06-17T09:52:18.332+0800][37.078s][info][gc             ] GC(1501) Pause Young (Allocation Failure) 39M->32M(57M) 2.170ms
[2026-06-17T09:52:18.332+0800][37.078s][info][gc,cpu         ] GC(1501) User=0.00s Sys=0.00s Real=0.01s
[2026-06-17T09:52:18.343+0800][37.089s][info][gc,start       ] GC(1502) Pause Young (Allocation Failure)
[2026-06-17T09:52:18.344+0800][37.090s][info][gc,heap        ] GC(1502) PSYoungGen: 9603K->4888K(13312K)
[2026-06-17T09:52:18.345+0800][37.090s][info][gc,heap        ] GC(1502) ParOldGen: 32044K->33243K(44032K)
[2026-06-17T09:52:18.345+0800][37.091s][info][gc,metaspace   ] GC(1502) Metaspace: 3161K(4864K)->3161K(4864K) NonClass: 2855K(4352K)->2855K(4352K) Class: 305K(512K)->305K(512K)
[2026-06-17T09:52:18.345+0800][37.091s][info][gc             ] GC(1502) Pause Young (Allocation Failure) 40M->37M(56M) 1.576ms
[2026-06-17T09:52:18.345+0800][37.091s][info][gc,cpu         ] GC(1502) User=0.00s Sys=0.00s Real=0.00s
[2026-06-17T09:52:18.366+0800][37.112s][info][gc,start       ] GC(1503) Pause Young (Allocation Failure)
[2026-06-17T09:52:18.367+0800][37.113s][info][gc,heap        ] GC(1503) PSYoungGen: 12923K->543K(14336K)
[2026-06-17T09:52:18.367+0800][37.113s][info][gc,heap        ] GC(1503) ParOldGen: 33243K->35211K(44032K)
[2026-06-17T09:52:18.368+0800][37.113s][info][gc,metaspace   ] GC(1503) Metaspace: 3161K(4864K)->3161K(4864K) NonClass: 2855K(4352K)->2855K(4352K) Class: 305K(512K)->305K(512K)
[2026-06-17T09:52:18.368+0800][37.114s][info][gc             ] GC(1503) Pause Young (Allocation Failure) 45M->34M(57M) 1.726ms
[2026-06-17T09:52:18.369+0800][37.115s][info][gc,cpu         ] GC(1503) User=0.00s Sys=0.00s Real=0.00s
[2026-06-17T09:52:18.390+0800][37.136s][info][gc,start       ] GC(1504) Pause Young (Allocation Failure)
[2026-06-17T09:52:18.391+0800][37.137s][info][gc,heap        ] GC(1504) PSYoungGen: 7688K->3711K(14336K)
[2026-06-17T09:52:18.391+0800][37.137s][info][gc,heap        ] GC(1504) ParOldGen: 35211K->35730K(44032K)
[2026-06-17T09:52:18.391+0800][37.137s][info][gc,metaspace   ] GC(1504) Metaspace: 3161K(4864K)->3161K(4864K) NonClass: 2855K(4352K)->2855K(4352K) Class: 305K(512K)->305K(512K)
[2026-06-17T09:52:18.391+0800][37.137s][info][gc             ] GC(1504) Pause Young (Allocation Failure) 41M->38M(57M) 1.422ms
[2026-06-17T09:52:18.392+0800][37.137s][info][gc,cpu         ] GC(1504) User=0.00s Sys=0.00s Real=0.01s
[2026-06-17T09:52:18.412+0800][37.158s][info][gc,start       ] GC(1505) Pause Young (Allocation Failure)
[2026-06-17T09:52:18.413+0800][37.159s][info][gc,heap        ] GC(1505) PSYoungGen: 10855K->2818K(14848K)
[2026-06-17T09:52:18.414+0800][37.159s][info][gc,heap        ] GC(1505) ParOldGen: 35730K->36553K(44032K)
[2026-06-17T09:52:18.414+0800][37.160s][info][gc,metaspace   ] GC(1505) Metaspace: 3161K(4864K)->3161K(4864K) NonClass: 2855K(4352K)->2855K(4352K) Class: 305K(512K)->305K(512K)
[2026-06-17T09:52:18.414+0800][37.160s][info][gc             ] GC(1505) Pause Young (Allocation Failure) 45M->38M(57M) 1.590ms
[2026-06-17T09:52:18.414+0800][37.160s][info][gc,cpu         ] GC(1505) User=0.00s Sys=0.00s Real=0.00s
[2026-06-17T09:52:18.436+0800][37.181s][info][gc,start       ] GC(1506) Pause Young (Allocation Failure)
[2026-06-17T09:52:18.438+0800][37.184s][info][gc,heap        ] GC(1506) PSYoungGen: 10455K->1348K(14336K)
[2026-06-17T09:52:18.441+0800][37.186s][info][gc,heap        ] GC(1506) ParOldGen: 36553K->38686K(44032K)
[2026-06-17T09:52:18.441+0800][37.187s][info][gc,metaspace   ] GC(1506) Metaspace: 3161K(4864K)->3161K(4864K) NonClass: 2855K(4352K)->2855K(4352K) Class: 305K(512K)->305K(512K)
[2026-06-17T09:52:18.443+0800][37.189s][info][gc             ] GC(1506) Pause Young (Allocation Failure) 45M->39M(57M) 7.190ms
[2026-06-17T09:52:18.444+0800][37.190s][info][gc,cpu         ] GC(1506) User=0.00s Sys=0.00s Real=0.01s
[2026-06-17T09:52:18.466+0800][37.212s][info][gc,start       ] GC(1507) Pause Young (Allocation Failure)
[2026-06-17T09:52:18.467+0800][37.213s][info][gc,heap        ] GC(1507) PSYoungGen: 9020K->2279K(15360K)
[2026-06-17T09:52:18.467+0800][37.213s][info][gc,heap        ] GC(1507) ParOldGen: 38686K->38686K(44032K)
[2026-06-17T09:52:18.468+0800][37.213s][info][gc,metaspace   ] GC(1507) Metaspace: 3161K(4864K)->3161K(4864K) NonClass: 2855K(4352K)->2855K(4352K) Class: 305K(512K)->305K(512K)
[2026-06-17T09:52:18.468+0800][37.214s][info][gc             ] GC(1507) Pause Young (Allocation Failure) 46M->40M(58M) 2.179ms
[2026-06-17T09:52:18.468+0800][37.214s][info][gc,cpu         ] GC(1507) User=0.00s Sys=0.00s Real=0.00s
[2026-06-17T09:52:18.490+0800][37.235s][info][gc,start       ] GC(1508) Pause Young (Allocation Failure)
[2026-06-17T09:52:18.491+0800][37.237s][info][gc,heap        ] GC(1508) PSYoungGen: 10971K->4317K(14848K)
[2026-06-17T09:52:18.491+0800][37.237s][info][gc,heap        ] GC(1508) ParOldGen: 38686K->38686K(44032K)
[2026-06-17T09:52:18.492+0800][37.238s][info][gc,metaspace   ] GC(1508) Metaspace: 3161K(4864K)->3161K(4864K) NonClass: 2855K(4352K)->2855K(4352K) Class: 305K(512K)->305K(512K)
[2026-06-17T09:52:18.492+0800][37.238s][info][gc             ] GC(1508) Pause Young (Allocation Failure) 48M->41M(57M) 2.436ms
[2026-06-17T09:52:18.492+0800][37.238s][info][gc,cpu         ] GC(1508) User=0.00s Sys=0.00s Real=0.01s
[2026-06-17T09:52:18.514+0800][37.260s][info][gc,start       ] GC(1509) Pause Young (Allocation Failure)
[2026-06-17T09:52:18.515+0800][37.261s][info][gc,heap        ] GC(1509) PSYoungGen: 12982K->5819K(13824K)
[2026-06-17T09:52:18.516+0800][37.261s][info][gc,heap        ] GC(1509) ParOldGen: 38686K->38686K(44032K)
[2026-06-17T09:52:18.516+0800][37.262s][info][gc,metaspace   ] GC(1509) Metaspace: 3161K(4864K)->3161K(4864K) NonClass: 2855K(4352K)->2855K(4352K) Class: 305K(512K)->305K(512K)
[2026-06-17T09:52:18.516+0800][37.262s][info][gc             ] GC(1509) Pause Young (Allocation Failure) 50M->43M(56M) 2.300ms
[2026-06-17T09:52:18.516+0800][37.262s][info][gc,cpu         ] GC(1509) User=0.01s Sys=0.00s Real=0.00s
[2026-06-17T09:52:18.527+0800][37.273s][info][gc,start       ] GC(1510) Pause Young (Allocation Failure)
[2026-06-17T09:52:18.529+0800][37.274s][info][gc,heap        ] GC(1510) PSYoungGen: 12987K->6865K(14336K)
[2026-06-17T09:52:18.529+0800][37.275s][info][gc,heap        ] GC(1510) ParOldGen: 38686K->41199K(44032K)
[2026-06-17T09:52:18.529+0800][37.275s][info][gc,metaspace   ] GC(1510) Metaspace: 3161K(4864K)->3161K(4864K) NonClass: 2855K(4352K)->2855K(4352K) Class: 305K(512K)->305K(512K)
[2026-06-17T09:52:18.529+0800][37.275s][info][gc             ] GC(1510) Pause Young (Allocation Failure) 50M->46M(57M) 1.960ms
[2026-06-17T09:52:18.529+0800][37.275s][info][gc,cpu         ] GC(1510) User=0.00s Sys=0.00s Real=0.00s
[2026-06-17T09:52:18.530+0800][37.275s][info][gc,start       ] GC(1511) Pause Full (Ergonomics)
[2026-06-17T09:52:18.530+0800][37.276s][info][gc,phases,start] GC(1511) Marking Phase
[2026-06-17T09:52:18.531+0800][37.277s][info][gc,phases      ] GC(1511) Marking Phase 1.095ms
[2026-06-17T09:52:18.531+0800][37.277s][info][gc,phases,start] GC(1511) Summary Phase
[2026-06-17T09:52:18.531+0800][37.277s][info][gc,phases      ] GC(1511) Summary Phase 0.161ms
[2026-06-17T09:52:18.531+0800][37.277s][info][gc,phases,start] GC(1511) Adjust Roots
[2026-06-17T09:52:18.532+0800][37.278s][info][gc,phases      ] GC(1511) Adjust Roots 0.307ms
[2026-06-17T09:52:18.532+0800][37.278s][info][gc,phases,start] GC(1511) Compaction Phase
[2026-06-17T09:52:18.534+0800][37.280s][info][gc,phases      ] GC(1511) Compaction Phase 1.812ms
[2026-06-17T09:52:18.534+0800][37.280s][info][gc,phases,start] GC(1511) Post Compact
[2026-06-17T09:52:18.535+0800][37.281s][info][gc,phases      ] GC(1511) Post Compact 0.528ms
[2026-06-17T09:52:18.535+0800][37.281s][info][gc,heap        ] GC(1511) PSYoungGen: 6865K->0K(14336K)
[2026-06-17T09:52:18.535+0800][37.281s][info][gc,heap        ] GC(1511) ParOldGen: 41199K->28175K(44032K)
[2026-06-17T09:52:18.536+0800][37.281s][info][gc,metaspace   ] GC(1511) Metaspace: 3161K(4864K)->3161K(4864K) NonClass: 2855K(4352K)->2855K(4352K) Class: 305K(512K)->305K(512K)
[2026-06-17T09:52:18.536+0800][37.282s][info][gc             ] GC(1511) Pause Full (Ergonomics) 46M->27M(57M) 6.075ms
[2026-06-17T09:52:18.536+0800][37.282s][info][gc,cpu         ] GC(1511) User=0.00s Sys=0.00s Real=0.01s
[2026-06-17T09:52:18.557+0800][37.303s][info][gc,start       ] GC(1512) Pause Young (Allocation Failure)
[2026-06-17T09:52:18.558+0800][37.304s][info][gc,heap        ] GC(1512) PSYoungGen: 7158K->3681K(14336K)
[2026-06-17T09:52:18.558+0800][37.304s][info][gc,heap        ] GC(1512) ParOldGen: 28175K->28175K(44032K)
[2026-06-17T09:52:18.558+0800][37.304s][info][gc,metaspace   ] GC(1512) Metaspace: 3161K(4864K)->3161K(4864K) NonClass: 2855K(4352K)->2855K(4352K) Class: 305K(512K)->305K(512K)
[2026-06-17T09:52:18.559+0800][37.305s][info][gc             ] GC(1512) Pause Young (Allocation Failure) 34M->31M(57M) 1.689ms
[2026-06-17T09:52:18.559+0800][37.305s][info][gc,cpu         ] GC(1512) User=0.00s Sys=0.00s Real=0.00s
[2026-06-17T09:52:18.580+0800][37.326s][info][gc,start       ] GC(1513) Pause Young (Allocation Failure)
[2026-06-17T09:52:18.582+0800][37.328s][info][gc,heap        ] GC(1513) PSYoungGen: 10830K->2611K(14336K)
[2026-06-17T09:52:18.583+0800][37.329s][info][gc,heap        ] GC(1513) ParOldGen: 28175K->29622K(44032K)
[2026-06-17T09:52:18.583+0800][37.329s][info][gc,metaspace   ] GC(1513) Metaspace: 3161K(4864K)->3161K(4864K) NonClass: 2855K(4352K)->2855K(4352K) Class: 305K(512K)->305K(512K)
[2026-06-17T09:52:18.583+0800][37.329s][info][gc             ] GC(1513) Pause Young (Allocation Failure) 38M->31M(57M) 3.445ms
[2026-06-17T09:52:18.584+0800][37.330s][info][gc,cpu         ] GC(1513) User=0.00s Sys=0.00s Real=0.01s
[2026-06-17T09:52:18.595+0800][37.341s][info][gc,start       ] GC(1514) Pause Young (Allocation Failure)
[2026-06-17T09:52:18.596+0800][37.342s][info][gc,heap        ] GC(1514) PSYoungGen: 9513K->550K(14336K)
[2026-06-17T09:52:18.596+0800][37.342s][info][gc,heap        ] GC(1514) ParOldGen: 29622K->31658K(44032K)
[2026-06-17T09:52:18.597+0800][37.343s][info][gc,metaspace   ] GC(1514) Metaspace: 3161K(4864K)->3161K(4864K) NonClass: 2855K(4352K)->2855K(4352K) Class: 305K(512K)->305K(512K)
[2026-06-17T09:52:18.597+0800][37.343s][info][gc             ] GC(1514) Pause Young (Allocation Failure) 38M->31M(57M) 2.222ms
[2026-06-17T09:52:18.598+0800][37.343s][info][gc,cpu         ] GC(1514) User=0.00s Sys=0.00s Real=0.00s
[2026-06-17T09:52:18.619+0800][37.365s][info][gc,start       ] GC(1515) Pause Young (Allocation Failure)
[2026-06-17T09:52:18.620+0800][37.366s][info][gc,heap        ] GC(1515) PSYoungGen: 7697K->3637K(14336K)
[2026-06-17T09:52:18.620+0800][37.366s][info][gc,heap        ] GC(1515) ParOldGen: 31658K->32184K(44032K)
[2026-06-17T09:52:18.621+0800][37.367s][info][gc,metaspace   ] GC(1515) Metaspace: 3161K(4864K)->3161K(4864K) NonClass: 2855K(4352K)->2855K(4352K) Class: 305K(512K)->305K(512K)
[2026-06-17T09:52:18.621+0800][37.367s][info][gc             ] GC(1515) Pause Young (Allocation Failure) 38M->34M(57M) 2.291ms
[2026-06-17T09:52:18.621+0800][37.367s][info][gc,cpu         ] GC(1515) User=0.00s Sys=0.00s Real=0.00s
[2026-06-17T09:52:18.643+0800][37.389s][info][gc,start       ] GC(1516) Pause Young (Allocation Failure)
[2026-06-17T09:52:18.644+0800][37.390s][info][gc,heap        ] GC(1516) PSYoungGen: 10791K->2346K(14336K)
[2026-06-17T09:52:18.644+0800][37.390s][info][gc,heap        ] GC(1516) ParOldGen: 32184K->33769K(44032K)
[2026-06-17T09:52:18.645+0800][37.391s][info][gc,metaspace   ] GC(1516) Metaspace: 3161K(4864K)->3161K(4864K) NonClass: 2855K(4352K)->2855K(4352K) Class: 305K(512K)->305K(512K)
[2026-06-17T09:52:18.645+0800][37.391s][info][gc             ] GC(1516) Pause Young (Allocation Failure) 41M->35M(57M) 2.205ms
[2026-06-17T09:52:18.645+0800][37.391s][info][gc,cpu         ] GC(1516) User=0.00s Sys=0.00s Real=0.00s
[2026-06-17T09:52:18.667+0800][37.412s][info][gc,start       ] GC(1517) Pause Young (Allocation Failure)
[2026-06-17T09:52:18.668+0800][37.414s][info][gc,heap        ] GC(1517) PSYoungGen: 9514K->180K(14336K)
[2026-06-17T09:52:18.668+0800][37.414s][info][gc,heap        ] GC(1517) ParOldGen: 33769K->35945K(44032K)
[2026-06-17T09:52:18.668+0800][37.414s][info][gc,metaspace   ] GC(1517) Metaspace: 3161K(4864K)->3161K(4864K) NonClass: 2855K(4352K)->2855K(4352K) Class: 305K(512K)->305K(512K)
[2026-06-17T09:52:18.669+0800][37.415s][info][gc             ] GC(1517) Pause Young (Allocation Failure) 42M->35M(57M) 2.195ms
[2026-06-17T09:52:18.669+0800][37.415s][info][gc,cpu         ] GC(1517) User=0.00s Sys=0.00s Real=0.00s
[2026-06-17T09:52:18.680+0800][37.426s][info][gc,start       ] GC(1518) Pause Young (Allocation Failure)
[2026-06-17T09:52:18.681+0800][37.427s][info][gc,heap        ] GC(1518) PSYoungGen: 7297K->4040K(14336K)
[2026-06-17T09:52:18.681+0800][37.427s][info][gc,heap        ] GC(1518) ParOldGen: 35945K->35945K(44032K)
[2026-06-17T09:52:18.681+0800][37.427s][info][gc,metaspace   ] GC(1518) Metaspace: 3161K(4864K)->3161K(4864K) NonClass: 2855K(4352K)->2855K(4352K) Class: 305K(512K)->305K(512K)
[2026-06-17T09:52:18.682+0800][37.428s][info][gc             ] GC(1518) Pause Young (Allocation Failure) 42M->39M(57M) 1.734ms
[2026-06-17T09:52:18.682+0800][37.428s][info][gc,cpu         ] GC(1518) User=0.00s Sys=0.00s Real=0.00s
[2026-06-17T09:52:18.703+0800][37.449s][info][gc,start       ] GC(1519) Pause Young (Allocation Failure)
[2026-06-17T09:52:18.704+0800][37.450s][info][gc,heap        ] GC(1519) PSYoungGen: 11161K->1468K(14336K)
[2026-06-17T09:52:18.705+0800][37.450s][info][gc,heap        ] GC(1519) ParOldGen: 35945K->38462K(44032K)
[2026-06-17T09:52:18.705+0800][37.451s][info][gc,metaspace   ] GC(1519) Metaspace: 3161K(4864K)->3161K(4864K) NonClass: 2855K(4352K)->2855K(4352K) Class: 305K(512K)->305K(512K)
[2026-06-17T09:52:18.705+0800][37.451s][info][gc             ] GC(1519) Pause Young (Allocation Failure) 46M->38M(57M) 2.014ms
[2026-06-17T09:52:18.705+0800][37.451s][info][gc,cpu         ] GC(1519) User=0.00s Sys=0.00s Real=0.00s
[2026-06-17T09:52:18.716+0800][37.462s][info][gc,start       ] GC(1520) Pause Young (Allocation Failure)
[2026-06-17T09:52:18.717+0800][37.463s][info][gc,heap        ] GC(1520) PSYoungGen: 8636K->5387K(14336K)
[2026-06-17T09:52:18.718+0800][37.464s][info][gc,heap        ] GC(1520) ParOldGen: 38462K->38462K(44032K)
[2026-06-17T09:52:18.718+0800][37.464s][info][gc,metaspace   ] GC(1520) Metaspace: 3161K(4864K)->3161K(4864K) NonClass: 2855K(4352K)->2855K(4352K) Class: 305K(512K)->305K(512K)
[2026-06-17T09:52:18.718+0800][37.464s][info][gc             ] GC(1520) Pause Young (Allocation Failure) 45M->42M(57M) 1.763ms
[2026-06-17T09:52:18.718+0800][37.464s][info][gc,cpu         ] GC(1520) User=0.00s Sys=0.00s Real=0.00s
[2026-06-17T09:52:18.740+0800][37.486s][info][gc,start       ] GC(1521) Pause Young (Allocation Failure)
[2026-06-17T09:52:18.741+0800][37.487s][info][gc,heap        ] GC(1521) PSYoungGen: 12520K->3279K(14336K)
[2026-06-17T09:52:18.741+0800][37.487s][info][gc,heap        ] GC(1521) ParOldGen: 38462K->40306K(44032K)
[2026-06-17T09:52:18.741+0800][37.487s][info][gc,metaspace   ] GC(1521) Metaspace: 3161K(4864K)->3161K(4864K) NonClass: 2855K(4352K)->2855K(4352K) Class: 305K(512K)->305K(512K)
[2026-06-17T09:52:18.742+0800][37.488s][info][gc             ] GC(1521) Pause Young (Allocation Failure) 49M->42M(57M) 2.121ms
[2026-06-17T09:52:18.742+0800][37.488s][info][gc,cpu         ] GC(1521) User=0.01s Sys=0.00s Real=0.00s
[2026-06-17T09:52:18.763+0800][37.509s][info][gc,start       ] GC(1522) Pause Young (Allocation Failure)
[2026-06-17T09:52:18.764+0800][37.510s][info][gc,heap        ] GC(1522) PSYoungGen: 10418K->1774K(14336K)
[2026-06-17T09:52:18.765+0800][37.511s][info][gc,heap        ] GC(1522) ParOldGen: 40306K->41327K(44032K)
[2026-06-17T09:52:18.765+0800][37.511s][info][gc,metaspace   ] GC(1522) Metaspace: 3161K(4864K)->3161K(4864K) NonClass: 2855K(4352K)->2855K(4352K) Class: 305K(512K)->305K(512K)
[2026-06-17T09:52:18.765+0800][37.511s][info][gc             ] GC(1522) Pause Young (Allocation Failure) 49M->42M(57M) 2.014ms
[2026-06-17T09:52:18.766+0800][37.511s][info][gc,cpu         ] GC(1522) User=0.00s Sys=0.00s Real=0.00s
[2026-06-17T09:52:18.766+0800][37.512s][info][gc,start       ] GC(1523) Pause Full (Ergonomics)
[2026-06-17T09:52:18.766+0800][37.512s][info][gc,phases,start] GC(1523) Marking Phase
[2026-06-17T09:52:18.768+0800][37.514s][info][gc,phases      ] GC(1523) Marking Phase 1.876ms
[2026-06-17T09:52:18.768+0800][37.514s][info][gc,phases,start] GC(1523) Summary Phase
[2026-06-17T09:52:18.768+0800][37.514s][info][gc,phases      ] GC(1523) Summary Phase 0.302ms
[2026-06-17T09:52:18.769+0800][37.515s][info][gc,phases,start] GC(1523) Adjust Roots
[2026-06-17T09:52:18.769+0800][37.515s][info][gc,phases      ] GC(1523) Adjust Roots 0.290ms
[2026-06-17T09:52:18.769+0800][37.515s][info][gc,phases,start] GC(1523) Compaction Phase
[2026-06-17T09:52:18.771+0800][37.517s][info][gc,phases      ] GC(1523) Compaction Phase 1.737ms
[2026-06-17T09:52:18.771+0800][37.517s][info][gc,phases,start] GC(1523) Post Compact
[2026-06-17T09:52:18.772+0800][37.518s][info][gc,phases      ] GC(1523) Post Compact 0.351ms
[2026-06-17T09:52:18.772+0800][37.518s][info][gc,heap        ] GC(1523) PSYoungGen: 1774K->0K(14336K)
[2026-06-17T09:52:18.772+0800][37.518s][info][gc,heap        ] GC(1523) ParOldGen: 41327K->30688K(44032K)
[2026-06-17T09:52:18.772+0800][37.518s][info][gc,metaspace   ] GC(1523) Metaspace: 3161K(4864K)->3161K(4864K) NonClass: 2855K(4352K)->2855K(4352K) Class: 305K(512K)->305K(512K)
[2026-06-17T09:52:18.772+0800][37.518s][info][gc             ] GC(1523) Pause Full (Ergonomics) 42M->29M(57M) 6.636ms
[2026-06-17T09:52:18.773+0800][37.518s][info][gc,cpu         ] GC(1523) User=0.00s Sys=0.00s Real=0.01s
[2026-06-17T09:52:18.783+0800][37.529s][info][gc,start       ] GC(1524) Pause Young (Allocation Failure)
[2026-06-17T09:52:18.784+0800][37.530s][info][gc,heap        ] GC(1524) PSYoungGen: 7084K->3823K(14336K)
[2026-06-17T09:52:18.785+0800][37.530s][info][gc,heap        ] GC(1524) ParOldGen: 30688K->30688K(44032K)
[2026-06-17T09:52:18.785+0800][37.531s][info][gc,metaspace   ] GC(1524) Metaspace: 3161K(4864K)->3161K(4864K) NonClass: 2855K(4352K)->2855K(4352K) Class: 305K(512K)->305K(512K)
[2026-06-17T09:52:18.785+0800][37.531s][info][gc             ] GC(1524) Pause Young (Allocation Failure) 36M->33M(57M) 1.658ms
[2026-06-17T09:52:18.785+0800][37.531s][info][gc,cpu         ] GC(1524) User=0.00s Sys=0.00s Real=0.00s
[2026-06-17T09:52:18.807+0800][37.552s][info][gc,start       ] GC(1525) Pause Young (Allocation Failure)
[2026-06-17T09:52:18.808+0800][37.554s][info][gc,heap        ] GC(1525) PSYoungGen: 10945K->3588K(14336K)
[2026-06-17T09:52:18.808+0800][37.554s][info][gc,heap        ] GC(1525) ParOldGen: 30688K->34471K(44032K)
[2026-06-17T09:52:18.809+0800][37.554s][info][gc,metaspace   ] GC(1525) Metaspace: 3161K(4864K)->3161K(4864K) NonClass: 2855K(4352K)->2855K(4352K) Class: 305K(512K)->305K(512K)
[2026-06-17T09:52:18.809+0800][37.555s][info][gc             ] GC(1525) Pause Young (Allocation Failure) 40M->37M(57M) 2.377ms
[2026-06-17T09:52:18.809+0800][37.555s][info][gc,cpu         ] GC(1525) User=0.01s Sys=0.00s Real=0.00s
[2026-06-17T09:52:18.831+0800][37.577s][info][gc,start       ] GC(1526) Pause Young (Allocation Failure)
[2026-06-17T09:52:18.832+0800][37.578s][info][gc,heap        ] GC(1526) PSYoungGen: 10738K->2356K(14336K)
[2026-06-17T09:52:18.833+0800][37.579s][info][gc,heap        ] GC(1526) ParOldGen: 34471K->35999K(44032K)
[2026-06-17T09:52:18.833+0800][37.579s][info][gc,metaspace   ] GC(1526) Metaspace: 3161K(4864K)->3161K(4864K) NonClass: 2855K(4352K)->2855K(4352K) Class: 305K(512K)->305K(512K)
[2026-06-17T09:52:18.834+0800][37.580s][info][gc             ] GC(1526) Pause Young (Allocation Failure) 44M->37M(57M) 2.873ms
[2026-06-17T09:52:18.834+0800][37.580s][info][gc,cpu         ] GC(1526) User=0.00s Sys=0.00s Real=0.00s
[2026-06-17T09:52:18.856+0800][37.602s][info][gc,start       ] GC(1527) Pause Young (Allocation Failure)
[2026-06-17T09:52:18.858+0800][37.604s][info][gc,heap        ] GC(1527) PSYoungGen: 9510K->425K(14848K)
[2026-06-17T09:52:18.858+0800][37.604s][info][gc,heap        ] GC(1527) ParOldGen: 35999K->38065K(44032K)
[2026-06-17T09:52:18.859+0800][37.605s][info][gc,metaspace   ] GC(1527) Metaspace: 3161K(4864K)->3161K(4864K) NonClass: 2855K(4352K)->2855K(4352K) Class: 305K(512K)->305K(512K)
[2026-06-17T09:52:18.860+0800][37.606s][info][gc             ] GC(1527) Pause Young (Allocation Failure) 44M->37M(57M) 3.595ms
[2026-06-17T09:52:18.861+0800][37.607s][info][gc,cpu         ] GC(1527) User=0.00s Sys=0.00s Real=0.00s
[2026-06-17T09:52:18.873+0800][37.618s][info][gc,start       ] GC(1528) Pause Young (Allocation Failure)
[2026-06-17T09:52:18.874+0800][37.620s][info][gc,heap        ] GC(1528) PSYoungGen: 8599K->5251K(13824K)
[2026-06-17T09:52:18.875+0800][37.621s][info][gc,heap        ] GC(1528) ParOldGen: 38065K->38065K(44032K)
[2026-06-17T09:52:18.875+0800][37.621s][info][gc,metaspace   ] GC(1528) Metaspace: 3161K(4864K)->3161K(4864K) NonClass: 2855K(4352K)->2855K(4352K) Class: 305K(512K)->305K(512K)
[2026-06-17T09:52:18.876+0800][37.622s][info][gc             ] GC(1528) Pause Young (Allocation Failure) 45M->42M(56M) 3.203ms
[2026-06-17T09:52:18.877+0800][37.623s][info][gc,cpu         ] GC(1528) User=0.00s Sys=0.00s Real=0.00s
[2026-06-17T09:52:18.899+0800][37.645s][info][gc,start       ] GC(1529) Pause Young (Allocation Failure)
[2026-06-17T09:52:18.901+0800][37.647s][info][gc,heap        ] GC(1529) PSYoungGen: 13192K->424K(14336K)
[2026-06-17T09:52:18.901+0800][37.647s][info][gc,heap        ] GC(1529) ParOldGen: 38065K->40317K(44032K)
[2026-06-17T09:52:18.902+0800][37.648s][info][gc,metaspace   ] GC(1529) Metaspace: 3161K(4864K)->3161K(4864K) NonClass: 2855K(4352K)->2855K(4352K) Class: 305K(512K)->305K(512K)
[2026-06-17T09:52:18.902+0800][37.648s][info][gc             ] GC(1529) Pause Young (Allocation Failure) 50M->39M(57M) 3.001ms
[2026-06-17T09:52:18.903+0800][37.649s][info][gc,cpu         ] GC(1529) User=0.01s Sys=0.00s Real=0.01s
[2026-06-17T09:52:18.903+0800][37.649s][info][gc,start       ] GC(1530) Pause Full (Ergonomics)
[2026-06-17T09:52:18.904+0800][37.650s][info][gc,phases,start] GC(1530) Marking Phase
[2026-06-17T09:52:18.906+0800][37.652s][info][gc,phases      ] GC(1530) Marking Phase 2.078ms
[2026-06-17T09:52:18.906+0800][37.652s][info][gc,phases,start] GC(1530) Summary Phase
[2026-06-17T09:52:18.907+0800][37.653s][info][gc,phases      ] GC(1530) Summary Phase 0.531ms
[2026-06-17T09:52:18.907+0800][37.653s][info][gc,phases,start] GC(1530) Adjust Roots
[2026-06-17T09:52:18.908+0800][37.653s][info][gc,phases      ] GC(1530) Adjust Roots 0.448ms
[2026-06-17T09:52:18.908+0800][37.654s][info][gc,phases,start] GC(1530) Compaction Phase
[2026-06-17T09:52:18.910+0800][37.656s][info][gc,phases      ] GC(1530) Compaction Phase 2.059ms
[2026-06-17T09:52:18.910+0800][37.656s][info][gc,phases,start] GC(1530) Post Compact
[2026-06-17T09:52:18.911+0800][37.657s][info][gc,phases      ] GC(1530) Post Compact 0.408ms
[2026-06-17T09:52:18.911+0800][37.657s][info][gc,heap        ] GC(1530) PSYoungGen: 424K->0K(14336K)
[2026-06-17T09:52:18.911+0800][37.657s][info][gc,heap        ] GC(1530) ParOldGen: 40317K->26999K(44032K)
[2026-06-17T09:52:18.911+0800][37.657s][info][gc,metaspace   ] GC(1530) Metaspace: 3161K(4864K)->3161K(4864K) NonClass: 2855K(4352K)->2855K(4352K) Class: 305K(512K)->305K(512K)
[2026-06-17T09:52:18.912+0800][37.658s][info][gc             ] GC(1530) Pause Full (Ergonomics) 39M->26M(57M) 8.407ms
[2026-06-17T09:52:18.912+0800][37.658s][info][gc,cpu         ] GC(1530) User=0.00s Sys=0.00s Real=0.01s
[2026-06-17T09:52:18.934+0800][37.679s][info][gc,start       ] GC(1531) Pause Young (Allocation Failure)
[2026-06-17T09:52:18.935+0800][37.681s][info][gc,heap        ] GC(1531) PSYoungGen: 7105K->3732K(14336K)
[2026-06-17T09:52:18.935+0800][37.681s][info][gc,heap        ] GC(1531) ParOldGen: 26999K->26999K(44032K)
[2026-06-17T09:52:18.936+0800][37.682s][info][gc,metaspace   ] GC(1531) Metaspace: 3161K(4864K)->3161K(4864K) NonClass: 2855K(4352K)->2855K(4352K) Class: 305K(512K)->305K(512K)
[2026-06-17T09:52:18.936+0800][37.682s][info][gc             ] GC(1531) Pause Young (Allocation Failure) 33M->30M(57M) 2.466ms
[2026-06-17T09:52:18.936+0800][37.682s][info][gc,cpu         ] GC(1531) User=0.01s Sys=0.00s Real=0.00s
[2026-06-17T09:52:18.958+0800][37.704s][info][gc,start       ] GC(1532) Pause Young (Allocation Failure)
[2026-06-17T09:52:18.959+0800][37.705s][info][gc,heap        ] GC(1532) PSYoungGen: 10872K->2651K(14336K)
[2026-06-17T09:52:18.960+0800][37.706s][info][gc,heap        ] GC(1532) ParOldGen: 26999K->28372K(44032K)
[2026-06-17T09:52:18.960+0800][37.706s][info][gc,metaspace   ] GC(1532) Metaspace: 3161K(4864K)->3161K(4864K) NonClass: 2855K(4352K)->2855K(4352K) Class: 305K(512K)->305K(512K)
[2026-06-17T09:52:18.960+0800][37.706s][info][gc             ] GC(1532) Pause Young (Allocation Failure) 36M->30M(57M) 2.320ms
[2026-06-17T09:52:18.961+0800][37.707s][info][gc,cpu         ] GC(1532) User=0.00s Sys=0.00s Real=0.00s
[2026-06-17T09:52:18.982+0800][37.728s][info][gc,start       ] GC(1533) Pause Young (Allocation Failure)
[2026-06-17T09:52:18.983+0800][37.729s][info][gc,heap        ] GC(1533) PSYoungGen: 9779K->1389K(14848K)
[2026-06-17T09:52:18.984+0800][37.730s][info][gc,heap        ] GC(1533) ParOldGen: 28372K->30175K(44032K)
[2026-06-17T09:52:18.984+0800][37.730s][info][gc,metaspace   ] GC(1533) Metaspace: 3161K(4864K)->3161K(4864K) NonClass: 2855K(4352K)->2855K(4352K) Class: 305K(512K)->305K(512K)
[2026-06-17T09:52:18.985+0800][37.731s][info][gc             ] GC(1533) Pause Young (Allocation Failure) 37M->30M(57M) 2.427ms
[2026-06-17T09:52:18.985+0800][37.731s][info][gc,cpu         ] GC(1533) User=0.00s Sys=0.00s Real=0.01s
[2026-06-17T09:52:18.997+0800][37.742s][info][gc,start       ] GC(1534) Pause Young (Allocation Failure)
[2026-06-17T09:52:18.998+0800][37.744s][info][gc,heap        ] GC(1534) PSYoungGen: 9069K->4385K(14336K)
[2026-06-17T09:52:18.998+0800][37.744s][info][gc,heap        ] GC(1534) ParOldGen: 30175K->31278K(44032K)
[2026-06-17T09:52:18.999+0800][37.745s][info][gc,metaspace   ] GC(1534) Metaspace: 3161K(4864K)->3161K(4864K) NonClass: 2855K(4352K)->2855K(4352K) Class: 305K(512K)->305K(512K)
[2026-06-17T09:52:18.999+0800][37.745s][info][gc             ] GC(1534) Pause Young (Allocation Failure) 38M->34M(57M) 2.625ms
[2026-06-17T09:52:19.000+0800][37.745s][info][gc,cpu         ] GC(1534) User=0.00s Sys=0.01s Real=0.00s
[2026-06-17T09:52:19.021+0800][37.767s][info][gc,start       ] GC(1535) Pause Young (Allocation Failure)
[2026-06-17T09:52:19.022+0800][37.768s][info][gc,heap        ] GC(1535) PSYoungGen: 11987K->32K(14336K)
[2026-06-17T09:52:19.023+0800][37.769s][info][gc,heap        ] GC(1535) ParOldGen: 31278K->33148K(44032K)
[2026-06-17T09:52:19.024+0800][37.769s][info][gc,metaspace   ] GC(1535) Metaspace: 3161K(4864K)->3161K(4864K) NonClass: 2855K(4352K)->2855K(4352K) Class: 305K(512K)->305K(512K)
[2026-06-17T09:52:19.024+0800][37.770s][info][gc             ] GC(1535) Pause Young (Allocation Failure) 42M->32M(57M) 2.795ms
[2026-06-17T09:52:19.024+0800][37.770s][info][gc,cpu         ] GC(1535) User=0.01s Sys=0.00s Real=0.01s
[2026-06-17T09:52:19.046+0800][37.792s][info][gc,start       ] GC(1536) Pause Young (Allocation Failure)
[2026-06-17T09:52:19.047+0800][37.793s][info][gc,heap        ] GC(1536) PSYoungGen: 7174K->3843K(14336K)
[2026-06-17T09:52:19.048+0800][37.793s][info][gc,heap        ] GC(1536) ParOldGen: 33148K->33156K(44032K)
[2026-06-17T09:52:19.048+0800][37.794s][info][gc,metaspace   ] GC(1536) Metaspace: 3161K(4864K)->3161K(4864K) NonClass: 2856K(4352K)->2856K(4352K) Class: 305K(512K)->305K(512K)
[2026-06-17T09:52:19.048+0800][37.794s][info][gc             ] GC(1536) Pause Young (Allocation Failure) 39M->36M(57M) 2.483ms
[2026-06-17T09:52:19.048+0800][37.794s][info][gc,cpu         ] GC(1536) User=0.00s Sys=0.00s Real=0.00s
[2026-06-17T09:52:19.060+0800][37.805s][info][gc,start       ] GC(1537) Pause Young (Allocation Failure)
[2026-06-17T09:52:19.061+0800][37.806s][info][gc,heap        ] GC(1537) PSYoungGen: 10768K->1840K(14848K)
[2026-06-17T09:52:19.061+0800][37.807s][info][gc,heap        ] GC(1537) ParOldGen: 33156K->35236K(44032K)
[2026-06-17T09:52:19.061+0800][37.807s][info][gc,metaspace   ] GC(1537) Metaspace: 3161K(4864K)->3161K(4864K) NonClass: 2856K(4352K)->2856K(4352K) Class: 305K(512K)->305K(512K)
[2026-06-17T09:52:19.062+0800][37.807s][info][gc             ] GC(1537) Pause Young (Allocation Failure) 42M->36M(57M) 1.992ms
[2026-06-17T09:52:19.062+0800][37.808s][info][gc,cpu         ] GC(1537) User=0.00s Sys=0.00s Real=0.00s
[2026-06-17T09:52:19.094+0800][37.840s][info][gc,start       ] GC(1538) Pause Young (Allocation Failure)
[2026-06-17T09:52:19.096+0800][37.842s][info][gc,heap        ] GC(1538) PSYoungGen: 9503K->860K(14336K)
[2026-06-17T09:52:19.097+0800][37.843s][info][gc,heap        ] GC(1538) ParOldGen: 35236K->37052K(44032K)
[2026-06-17T09:52:19.098+0800][37.843s][info][gc,metaspace   ] GC(1538) Metaspace: 3161K(4864K)->3161K(4864K) NonClass: 2856K(4352K)->2856K(4352K) Class: 305K(512K)->305K(512K)
[2026-06-17T09:52:19.098+0800][37.844s][info][gc             ] GC(1538) Pause Young (Allocation Failure) 43M->37M(57M) 4.232ms
[2026-06-17T09:52:19.099+0800][37.845s][info][gc,cpu         ] GC(1538) User=0.00s Sys=0.00s Real=0.00s
[2026-06-17T09:52:19.111+0800][37.857s][info][gc,start       ] GC(1539) Pause Young (Allocation Failure)
[2026-06-17T09:52:19.113+0800][37.859s][info][gc,heap        ] GC(1539) PSYoungGen: 8520K->4934K(13824K)
[2026-06-17T09:52:19.114+0800][37.860s][info][gc,heap        ] GC(1539) ParOldGen: 37052K->37348K(44032K)
[2026-06-17T09:52:19.114+0800][37.860s][info][gc,metaspace   ] GC(1539) Metaspace: 3161K(4864K)->3161K(4864K) NonClass: 2856K(4352K)->2856K(4352K) Class: 305K(512K)->305K(512K)
[2026-06-17T09:52:19.115+0800][37.861s][info][gc             ] GC(1539) Pause Young (Allocation Failure) 44M->41M(56M) 4.139ms
[2026-06-17T09:52:19.116+0800][37.861s][info][gc,cpu         ] GC(1539) User=0.00s Sys=0.00s Real=0.00s
[2026-06-17T09:52:19.138+0800][37.884s][info][gc,start       ] GC(1540) Pause Young (Allocation Failure)
[2026-06-17T09:52:19.140+0800][37.886s][info][gc,heap        ] GC(1540) PSYoungGen: 12078K->2384K(14336K)
[2026-06-17T09:52:19.140+0800][37.886s][info][gc,heap        ] GC(1540) ParOldGen: 37348K->39764K(44032K)
[2026-06-17T09:52:19.141+0800][37.886s][info][gc,metaspace   ] GC(1540) Metaspace: 3161K(4864K)->3161K(4864K) NonClass: 2856K(4352K)->2856K(4352K) Class: 305K(512K)->305K(512K)
[2026-06-17T09:52:19.141+0800][37.887s][info][gc             ] GC(1540) Pause Young (Allocation Failure) 48M->41M(57M) 3.145ms
[2026-06-17T09:52:19.141+0800][37.887s][info][gc,cpu         ] GC(1540) User=0.00s Sys=0.00s Real=0.00s
[2026-06-17T09:52:19.163+0800][37.909s][info][gc,start       ] GC(1541) Pause Young (Allocation Failure)
[2026-06-17T09:52:19.165+0800][37.911s][info][gc,heap        ] GC(1541) PSYoungGen: 9538K->2652K(14848K)
[2026-06-17T09:52:19.166+0800][37.912s][info][gc,heap        ] GC(1541) ParOldGen: 39764K->39764K(44032K)
[2026-06-17T09:52:19.166+0800][37.912s][info][gc,metaspace   ] GC(1541) Metaspace: 3161K(4864K)->3161K(4864K) NonClass: 2856K(4352K)->2856K(4352K) Class: 305K(512K)->305K(512K)
[2026-06-17T09:52:19.167+0800][37.913s][info][gc             ] GC(1541) Pause Young (Allocation Failure) 48M->41M(57M) 3.945ms
[2026-06-17T09:52:19.168+0800][37.914s][info][gc,cpu         ] GC(1541) User=0.00s Sys=0.00s Real=0.00s
[2026-06-17T09:52:19.180+0800][37.925s][info][gc,start       ] GC(1542) Pause Young (Allocation Failure)
[2026-06-17T09:52:19.181+0800][37.927s][info][gc,heap        ] GC(1542) PSYoungGen: 10553K->1438K(14848K)
[2026-06-17T09:52:19.182+0800][37.927s][info][gc,heap        ] GC(1542) ParOldGen: 39764K->41774K(44032K)
[2026-06-17T09:52:19.182+0800][37.928s][info][gc,metaspace   ] GC(1542) Metaspace: 3161K(4864K)->3161K(4864K) NonClass: 2856K(4352K)->2856K(4352K) Class: 305K(512K)->305K(512K)
[2026-06-17T09:52:19.182+0800][37.928s][info][gc             ] GC(1542) Pause Young (Allocation Failure) 49M->42M(57M) 2.856ms
[2026-06-17T09:52:19.183+0800][37.929s][info][gc,cpu         ] GC(1542) User=0.00s Sys=0.00s Real=0.01s
[2026-06-17T09:52:19.183+0800][37.929s][info][gc,start       ] GC(1543) Pause Full (Ergonomics)
[2026-06-17T09:52:19.184+0800][37.930s][info][gc,phases,start] GC(1543) Marking Phase
[2026-06-17T09:52:19.185+0800][37.931s][info][gc,phases      ] GC(1543) Marking Phase 1.708ms
[2026-06-17T09:52:19.186+0800][37.932s][info][gc,phases,start] GC(1543) Summary Phase
[2026-06-17T09:52:19.186+0800][37.932s][info][gc,phases      ] GC(1543) Summary Phase 0.329ms
[2026-06-17T09:52:19.186+0800][37.932s][info][gc,phases,start] GC(1543) Adjust Roots
[2026-06-17T09:52:19.187+0800][37.933s][info][gc,phases      ] GC(1543) Adjust Roots 0.701ms
[2026-06-17T09:52:19.187+0800][37.933s][info][gc,phases,start] GC(1543) Compaction Phase
[2026-06-17T09:52:19.190+0800][37.936s][info][gc,phases      ] GC(1543) Compaction Phase 2.970ms
[2026-06-17T09:52:19.193+0800][37.938s][info][gc,phases,start] GC(1543) Post Compact
[2026-06-17T09:52:19.195+0800][37.941s][info][gc,phases      ] GC(1543) Post Compact 2.092ms
[2026-06-17T09:52:19.198+0800][37.944s][info][gc,heap        ] GC(1543) PSYoungGen: 1438K->0K(15360K)
[2026-06-17T09:52:19.200+0800][37.946s][info][gc,heap        ] GC(1543) ParOldGen: 41774K->26492K(44032K)
[2026-06-17T09:52:19.202+0800][37.948s][info][gc,metaspace   ] GC(1543) Metaspace: 3161K(4864K)->3161K(4864K) NonClass: 2856K(4352K)->2856K(4352K) Class: 305K(512K)->305K(512K)
[2026-06-17T09:52:19.203+0800][37.949s][info][gc             ] GC(1543) Pause Full (Ergonomics) 42M->25M(58M) 19.701ms
[2026-06-17T09:52:19.206+0800][37.951s][info][gc,cpu         ] GC(1543) User=0.01s Sys=0.00s Real=0.02s
[2026-06-17T09:52:19.238+0800][37.984s][info][gc,start       ] GC(1544) Pause Young (Allocation Failure)
[2026-06-17T09:52:19.240+0800][37.985s][info][gc,heap        ] GC(1544) PSYoungGen: 9216K->2362K(15360K)
[2026-06-17T09:52:19.240+0800][37.986s][info][gc,heap        ] GC(1544) ParOldGen: 26492K->26492K(44032K)
[2026-06-17T09:52:19.241+0800][37.986s][info][gc,metaspace   ] GC(1544) Metaspace: 3161K(4864K)->3161K(4864K) NonClass: 2856K(4352K)->2856K(4352K) Class: 305K(512K)->305K(512K)
[2026-06-17T09:52:19.241+0800][37.987s][info][gc             ] GC(1544) Pause Young (Allocation Failure) 34M->28M(58M) 3.085ms
[2026-06-17T09:52:19.242+0800][37.987s][info][gc,cpu         ] GC(1544) User=0.00s Sys=0.00s Real=0.00s
[2026-06-17T09:52:19.264+0800][38.010s][info][gc,start       ] GC(1545) Pause Young (Allocation Failure)
[2026-06-17T09:52:19.265+0800][38.011s][info][gc,heap        ] GC(1545) PSYoungGen: 11530K->2957K(15872K)
[2026-06-17T09:52:19.265+0800][38.011s][info][gc,heap        ] GC(1545) ParOldGen: 26492K->28192K(44032K)
[2026-06-17T09:52:19.266+0800][38.012s][info][gc,metaspace   ] GC(1545) Metaspace: 3161K(4864K)->3161K(4864K) NonClass: 2856K(4352K)->2856K(4352K) Class: 305K(512K)->305K(512K)
[2026-06-17T09:52:19.266+0800][38.012s][info][gc             ] GC(1545) Pause Young (Allocation Failure) 37M->30M(58M) 2.372ms
[2026-06-17T09:52:19.266+0800][38.012s][info][gc,cpu         ] GC(1545) User=0.00s Sys=0.00s Real=0.00s
[2026-06-17T09:52:19.288+0800][38.034s][info][gc,start       ] GC(1546) Pause Young (Allocation Failure)
[2026-06-17T09:52:19.290+0800][38.036s][info][gc,heap        ] GC(1546) PSYoungGen: 12676K->3809K(15360K)
[2026-06-17T09:52:19.290+0800][38.036s][info][gc,heap        ] GC(1546) ParOldGen: 28192K->30185K(44032K)
[2026-06-17T09:52:19.291+0800][38.037s][info][gc,metaspace   ] GC(1546) Metaspace: 3161K(4864K)->3161K(4864K) NonClass: 2856K(4352K)->2856K(4352K) Class: 305K(512K)->305K(512K)
[2026-06-17T09:52:19.291+0800][38.037s][info][gc             ] GC(1546) Pause Young (Allocation Failure) 39M->33M(58M) 3.512ms
[2026-06-17T09:52:19.292+0800][38.038s][info][gc,cpu         ] GC(1546) User=0.00s Sys=0.00s Real=0.01s
[2026-06-17T09:52:19.314+0800][38.060s][info][gc,start       ] GC(1547) Pause Young (Allocation Failure)
[2026-06-17T09:52:19.317+0800][38.062s][info][gc,heap        ] GC(1547) PSYoungGen: 13410K->1338K(15360K)
[2026-06-17T09:52:19.317+0800][38.063s][info][gc,heap        ] GC(1547) ParOldGen: 30185K->31910K(44032K)
[2026-06-17T09:52:19.318+0800][38.064s][info][gc,metaspace   ] GC(1547) Metaspace: 3161K(4864K)->3161K(4864K) NonClass: 2856K(4352K)->2856K(4352K) Class: 305K(512K)->305K(512K)
[2026-06-17T09:52:19.319+0800][38.064s][info][gc             ] GC(1547) Pause Young (Allocation Failure) 42M->32M(58M) 4.196ms
[2026-06-17T09:52:19.319+0800][38.065s][info][gc,cpu         ] GC(1547) User=0.00s Sys=0.00s Real=0.00s
[2026-06-17T09:52:19.352+0800][38.097s][info][gc,start       ] GC(1548) Pause Young (Allocation Failure)
[2026-06-17T09:52:19.354+0800][38.100s][info][gc,heap        ] GC(1548) PSYoungGen: 10510K->2882K(15360K)
[2026-06-17T09:52:19.358+0800][38.104s][info][gc,heap        ] GC(1548) ParOldGen: 31910K->33225K(44032K)
[2026-06-17T09:52:19.367+0800][38.113s][info][gc,metaspace   ] GC(1548) Metaspace: 3161K(4864K)->3161K(4864K) NonClass: 2856K(4352K)->2856K(4352K) Class: 305K(512K)->305K(512K)
[2026-06-17T09:52:19.407+0800][38.153s][info][gc             ] GC(1548) Pause Young (Allocation Failure) 41M->35M(58M) 55.479ms
[2026-06-17T09:52:19.408+0800][38.154s][info][gc,cpu         ] GC(1548) User=0.00s Sys=0.00s Real=0.05s
[2026-06-17T09:52:19.431+0800][38.177s][info][gc,start       ] GC(1549) Pause Young (Allocation Failure)
[2026-06-17T09:52:19.446+0800][38.192s][info][gc,heap        ] GC(1549) PSYoungGen: 12098K->4772K(14848K)
[2026-06-17T09:52:19.447+0800][38.193s][info][gc,heap        ] GC(1549) ParOldGen: 33225K->33500K(44032K)
[2026-06-17T09:52:19.449+0800][38.195s][info][gc,metaspace   ] GC(1549) Metaspace: 3161K(4864K)->3161K(4864K) NonClass: 2856K(4352K)->2856K(4352K) Class: 305K(512K)->305K(512K)
[2026-06-17T09:52:19.451+0800][38.197s][info][gc             ] GC(1549) Pause Young (Allocation Failure) 44M->37M(57M) 20.550ms
[2026-06-17T09:52:19.454+0800][38.200s][info][gc,cpu         ] GC(1549) User=0.00s Sys=0.00s Real=0.02s
[2026-06-17T09:52:19.478+0800][38.224s][info][gc,start       ] GC(1550) Pause Young (Allocation Failure)
[2026-06-17T09:52:19.480+0800][38.226s][info][gc,heap        ] GC(1550) PSYoungGen: 13981K->6110K(15360K)
[2026-06-17T09:52:19.481+0800][38.227s][info][gc,heap        ] GC(1550) ParOldGen: 33500K->34457K(44032K)
[2026-06-17T09:52:19.481+0800][38.227s][info][gc,metaspace   ] GC(1550) Metaspace: 3161K(4864K)->3161K(4864K) NonClass: 2856K(4352K)->2856K(4352K) Class: 305K(512K)->305K(512K)
[2026-06-17T09:52:19.482+0800][38.228s][info][gc             ] GC(1550) Pause Young (Allocation Failure) 46M->39M(58M) 4.008ms
[2026-06-17T09:52:19.483+0800][38.229s][info][gc,cpu         ] GC(1550) User=0.00s Sys=0.00s Real=0.01s
[2026-06-17T09:52:19.505+0800][38.251s][info][gc,start       ] GC(1551) Pause Young (Allocation Failure)
[2026-06-17T09:52:19.506+0800][38.252s][info][gc,heap        ] GC(1551) PSYoungGen: 15242K->4938K(13312K)
[2026-06-17T09:52:19.506+0800][38.252s][info][gc,heap        ] GC(1551) ParOldGen: 34457K->34457K(44032K)
[2026-06-17T09:52:19.507+0800][38.253s][info][gc,metaspace   ] GC(1551) Metaspace: 3161K(4864K)->3161K(4864K) NonClass: 2856K(4352K)->2856K(4352K) Class: 305K(512K)->305K(512K)
[2026-06-17T09:52:19.507+0800][38.253s][info][gc             ] GC(1551) Pause Young (Allocation Failure) 48M->38M(56M) 2.141ms
[2026-06-17T09:52:19.507+0800][38.253s][info][gc,cpu         ] GC(1551) User=0.00s Sys=0.00s Real=0.00s
[2026-06-17T09:52:19.528+0800][38.274s][info][gc,start       ] GC(1552) Pause Young (Allocation Failure)
[2026-06-17T09:52:19.530+0800][38.275s][info][gc,heap        ] GC(1552) PSYoungGen: 12096K->5742K(14336K)
[2026-06-17T09:52:19.530+0800][38.276s][info][gc,heap        ] GC(1552) ParOldGen: 34457K->37552K(44032K)
[2026-06-17T09:52:19.530+0800][38.276s][info][gc,metaspace   ] GC(1552) Metaspace: 3161K(4864K)->3161K(4864K) NonClass: 2856K(4352K)->2856K(4352K) Class: 305K(512K)->305K(512K)
[2026-06-17T09:52:19.531+0800][38.276s][info][gc             ] GC(1552) Pause Young (Allocation Failure) 45M->42M(57M) 2.268ms
[2026-06-17T09:52:19.531+0800][38.277s][info][gc,cpu         ] GC(1552) User=0.01s Sys=0.00s Real=0.01s
[2026-06-17T09:52:19.552+0800][38.298s][info][gc,start       ] GC(1553) Pause Young (Allocation Failure)
[2026-06-17T09:52:19.554+0800][38.300s][info][gc,heap        ] GC(1553) PSYoungGen: 12894K->2430K(14336K)
[2026-06-17T09:52:19.555+0800][38.300s][info][gc,heap        ] GC(1553) ParOldGen: 37552K->40929K(44032K)
[2026-06-17T09:52:19.555+0800][38.301s][info][gc,metaspace   ] GC(1553) Metaspace: 3161K(4864K)->3161K(4864K) NonClass: 2856K(4352K)->2856K(4352K) Class: 305K(512K)->305K(512K)
[2026-06-17T09:52:19.556+0800][38.302s][info][gc             ] GC(1553) Pause Young (Allocation Failure) 49M->42M(57M) 3.628ms
[2026-06-17T09:52:19.556+0800][38.302s][info][gc,cpu         ] GC(1553) User=0.00s Sys=0.00s Real=0.00s
[2026-06-17T09:52:19.557+0800][38.303s][info][gc,start       ] GC(1554) Pause Full (Ergonomics)
[2026-06-17T09:52:19.558+0800][38.303s][info][gc,phases,start] GC(1554) Marking Phase
[2026-06-17T09:52:19.559+0800][38.305s][info][gc,phases      ] GC(1554) Marking Phase 1.779ms
[2026-06-17T09:52:19.560+0800][38.306s][info][gc,phases,start] GC(1554) Summary Phase
[2026-06-17T09:52:19.560+0800][38.306s][info][gc,phases      ] GC(1554) Summary Phase 0.450ms
[2026-06-17T09:52:19.561+0800][38.307s][info][gc,phases,start] GC(1554) Adjust Roots
[2026-06-17T09:52:19.561+0800][38.307s][info][gc,phases      ] GC(1554) Adjust Roots 0.564ms
[2026-06-17T09:52:19.562+0800][38.308s][info][gc,phases,start] GC(1554) Compaction Phase
[2026-06-17T09:52:19.564+0800][38.310s][info][gc,phases      ] GC(1554) Compaction Phase 1.996ms
[2026-06-17T09:52:19.565+0800][38.311s][info][gc,phases,start] GC(1554) Post Compact
[2026-06-17T09:52:19.565+0800][38.311s][info][gc,phases      ] GC(1554) Post Compact 0.509ms
[2026-06-17T09:52:19.566+0800][38.311s][info][gc,heap        ] GC(1554) PSYoungGen: 2430K->0K(14336K)
[2026-06-17T09:52:19.566+0800][38.312s][info][gc,heap        ] GC(1554) ParOldGen: 40929K->23110K(44032K)
[2026-06-17T09:52:19.566+0800][38.312s][info][gc,metaspace   ] GC(1554) Metaspace: 3161K(4864K)->3161K(4864K) NonClass: 2856K(4352K)->2856K(4352K) Class: 305K(512K)->305K(512K)
[2026-06-17T09:52:19.566+0800][38.312s][info][gc             ] GC(1554) Pause Full (Ergonomics) 42M->22M(57M) 9.083ms
[2026-06-17T09:52:19.566+0800][38.312s][info][gc,cpu         ] GC(1554) User=0.00s Sys=0.00s Real=0.01s
[2026-06-17T09:52:19.588+0800][38.333s][info][gc,start       ] GC(1555) Pause Young (Allocation Failure)
[2026-06-17T09:52:19.589+0800][38.335s][info][gc,heap        ] GC(1555) PSYoungGen: 7158K->3668K(14336K)
[2026-06-17T09:52:19.589+0800][38.335s][info][gc,heap        ] GC(1555) ParOldGen: 23110K->23110K(44032K)
[2026-06-17T09:52:19.590+0800][38.336s][info][gc,metaspace   ] GC(1555) Metaspace: 3161K(4864K)->3161K(4864K) NonClass: 2856K(4352K)->2856K(4352K) Class: 305K(512K)->305K(512K)
[2026-06-17T09:52:19.590+0800][38.336s][info][gc             ] GC(1555) Pause Young (Allocation Failure) 29M->26M(57M) 2.457ms
[2026-06-17T09:52:19.591+0800][38.336s][info][gc,cpu         ] GC(1555) User=0.00s Sys=0.00s Real=0.01s
[2026-06-17T09:52:19.602+0800][38.348s][info][gc,start       ] GC(1556) Pause Young (Allocation Failure)
[2026-06-17T09:52:19.603+0800][38.349s][info][gc,heap        ] GC(1556) PSYoungGen: 10812K->4184K(14336K)
[2026-06-17T09:52:19.603+0800][38.349s][info][gc,heap        ] GC(1556) ParOldGen: 23110K->26224K(44032K)
[2026-06-17T09:52:19.604+0800][38.349s][info][gc,metaspace   ] GC(1556) Metaspace: 3161K(4864K)->3161K(4864K) NonClass: 2856K(4352K)->2856K(4352K) Class: 305K(512K)->305K(512K)
[2026-06-17T09:52:19.604+0800][38.350s][info][gc             ] GC(1556) Pause Young (Allocation Failure) 33M->29M(57M) 1.795ms
[2026-06-17T09:52:19.604+0800][38.350s][info][gc,cpu         ] GC(1556) User=0.00s Sys=0.00s Real=0.01s
[2026-06-17T09:52:19.625+0800][38.371s][info][gc,start       ] GC(1557) Pause Young (Allocation Failure)
[2026-06-17T09:52:19.626+0800][38.372s][info][gc,heap        ] GC(1557) PSYoungGen: 11325K->2893K(14336K)
[2026-06-17T09:52:19.627+0800][38.373s][info][gc,heap        ] GC(1557) ParOldGen: 26224K->28037K(44032K)
[2026-06-17T09:52:19.627+0800][38.373s][info][gc,metaspace   ] GC(1557) Metaspace: 3161K(4864K)->3161K(4864K) NonClass: 2856K(4352K)->2856K(4352K) Class: 305K(512K)->305K(512K)
[2026-06-17T09:52:19.627+0800][38.373s][info][gc             ] GC(1557) Pause Young (Allocation Failure) 36M->30M(57M) 2.344ms
[2026-06-17T09:52:19.628+0800][38.373s][info][gc,cpu         ] GC(1557) User=0.00s Sys=0.00s Real=0.00s
[2026-06-17T09:52:19.649+0800][38.395s][info][gc,start       ] GC(1558) Pause Young (Allocation Failure)
[2026-06-17T09:52:19.650+0800][38.396s][info][gc,heap        ] GC(1558) PSYoungGen: 10061K->2743K(14336K)
[2026-06-17T09:52:19.651+0800][38.396s][info][gc,heap        ] GC(1558) ParOldGen: 28037K->28037K(44032K)
[2026-06-17T09:52:19.651+0800][38.397s][info][gc,metaspace   ] GC(1558) Metaspace: 3161K(4864K)->3161K(4864K) NonClass: 2856K(4352K)->2856K(4352K) Class: 305K(512K)->305K(512K)
[2026-06-17T09:52:19.651+0800][38.397s][info][gc             ] GC(1558) Pause Young (Allocation Failure) 37M->30M(57M) 2.081ms
[2026-06-17T09:52:19.651+0800][38.397s][info][gc,cpu         ] GC(1558) User=0.00s Sys=0.00s Real=0.01s
[2026-06-17T09:52:19.663+0800][38.409s][info][gc,start       ] GC(1559) Pause Young (Allocation Failure)
[2026-06-17T09:52:19.664+0800][38.410s][info][gc,heap        ] GC(1559) PSYoungGen: 9765K->1397K(14848K)
[2026-06-17T09:52:19.664+0800][38.410s][info][gc,heap        ] GC(1559) ParOldGen: 28037K->29671K(44032K)
[2026-06-17T09:52:19.665+0800][38.410s][info][gc,metaspace   ] GC(1559) Metaspace: 3161K(4864K)->3161K(4864K) NonClass: 2856K(4352K)->2856K(4352K) Class: 305K(512K)->305K(512K)
[2026-06-17T09:52:19.665+0800][38.411s][info][gc             ] GC(1559) Pause Young (Allocation Failure) 36M->30M(57M) 2.172ms
[2026-06-17T09:52:19.665+0800][38.411s][info][gc,cpu         ] GC(1559) User=0.01s Sys=0.00s Real=0.00s
[2026-06-17T09:52:19.698+0800][38.443s][info][gc,start       ] GC(1560) Pause Young (Allocation Failure)
[2026-06-17T09:52:19.699+0800][38.445s][info][gc,heap        ] GC(1560) PSYoungGen: 9569K->1622K(14848K)
[2026-06-17T09:52:19.700+0800][38.446s][info][gc,heap        ] GC(1560) ParOldGen: 29671K->31044K(44032K)
[2026-06-17T09:52:19.700+0800][38.446s][info][gc,metaspace   ] GC(1560) Metaspace: 3161K(4864K)->3161K(4864K) NonClass: 2856K(4352K)->2856K(4352K) Class: 305K(512K)->305K(512K)
[2026-06-17T09:52:19.701+0800][38.446s][info][gc             ] GC(1560) Pause Young (Allocation Failure) 38M->31M(57M) 3.058ms
[2026-06-17T09:52:19.701+0800][38.447s][info][gc,cpu         ] GC(1560) User=0.00s Sys=0.00s Real=0.00s
[2026-06-17T09:52:19.713+0800][38.459s][info][gc,start       ] GC(1561) Pause Young (Allocation Failure)
[2026-06-17T09:52:19.715+0800][38.461s][info][gc,heap        ] GC(1561) PSYoungGen: 9065K->1988K(14848K)
[2026-06-17T09:52:19.715+0800][38.461s][info][gc,heap        ] GC(1561) ParOldGen: 31044K->31360K(44032K)
[2026-06-17T09:52:19.716+0800][38.462s][info][gc,metaspace   ] GC(1561) Metaspace: 3161K(4864K)->3161K(4864K) NonClass: 2856K(4352K)->2856K(4352K) Class: 305K(512K)->305K(512K)
[2026-06-17T09:52:19.716+0800][38.462s][info][gc             ] GC(1561) Pause Young (Allocation Failure) 39M->32M(57M) 3.489ms
[2026-06-17T09:52:19.717+0800][38.463s][info][gc,cpu         ] GC(1561) User=0.00s Sys=0.00s Real=0.00s
[2026-06-17T09:52:19.739+0800][38.485s][info][gc,start       ] GC(1562) Pause Young (Allocation Failure)
[2026-06-17T09:52:19.741+0800][38.487s][info][gc,heap        ] GC(1562) PSYoungGen: 10166K->4463K(14848K)
[2026-06-17T09:52:19.741+0800][38.487s][info][gc,heap        ] GC(1562) ParOldGen: 31360K->33324K(44032K)
[2026-06-17T09:52:19.742+0800][38.488s][info][gc,metaspace   ] GC(1562) Metaspace: 3161K(4864K)->3161K(4864K) NonClass: 2856K(4352K)->2856K(4352K) Class: 305K(512K)->305K(512K)
[2026-06-17T09:52:19.743+0800][38.489s][info][gc             ] GC(1562) Pause Young (Allocation Failure) 40M->36M(57M) 4.055ms
[2026-06-17T09:52:19.743+0800][38.489s][info][gc,cpu         ] GC(1562) User=0.01s Sys=0.00s Real=0.01s
[2026-06-17T09:52:19.765+0800][38.511s][info][gc,start       ] GC(1563) Pause Young (Allocation Failure)
[2026-06-17T09:52:19.767+0800][38.513s][info][gc,heap        ] GC(1563) PSYoungGen: 12635K->4495K(13824K)
[2026-06-17T09:52:19.768+0800][38.514s][info][gc,heap        ] GC(1563) ParOldGen: 33324K->34227K(44032K)
[2026-06-17T09:52:19.768+0800][38.514s][info][gc,metaspace   ] GC(1563) Metaspace: 3161K(4864K)->3161K(4864K) NonClass: 2856K(4352K)->2856K(4352K) Class: 305K(512K)->305K(512K)
[2026-06-17T09:52:19.769+0800][38.515s][info][gc             ] GC(1563) Pause Young (Allocation Failure) 44M->37M(56M) 3.612ms
[2026-06-17T09:52:19.769+0800][38.515s][info][gc,cpu         ] GC(1563) User=0.00s Sys=0.00s Real=0.00s
[2026-06-17T09:52:19.791+0800][38.537s][info][gc,start       ] GC(1564) Pause Young (Allocation Failure)
[2026-06-17T09:52:19.793+0800][38.539s][info][gc,heap        ] GC(1564) PSYoungGen: 11640K->2552K(14336K)
[2026-06-17T09:52:19.794+0800][38.540s][info][gc,heap        ] GC(1564) ParOldGen: 34227K->36216K(44032K)
[2026-06-17T09:52:19.795+0800][38.540s][info][gc,metaspace   ] GC(1564) Metaspace: 3161K(4864K)->3161K(4864K) NonClass: 2856K(4352K)->2856K(4352K) Class: 305K(512K)->305K(512K)
[2026-06-17T09:52:19.796+0800][38.542s][info][gc             ] GC(1564) Pause Young (Allocation Failure) 44M->37M(57M) 4.357ms
[2026-06-17T09:52:19.796+0800][38.542s][info][gc,cpu         ] GC(1564) User=0.01s Sys=0.00s Real=0.00s
[2026-06-17T09:52:19.818+0800][38.564s][info][gc,start       ] GC(1565) Pause Young (Allocation Failure)
[2026-06-17T09:52:19.820+0800][38.565s][info][gc,heap        ] GC(1565) PSYoungGen: 9697K->937K(14848K)
[2026-06-17T09:52:19.820+0800][38.566s][info][gc,heap        ] GC(1565) ParOldGen: 36216K->38032K(44032K)
[2026-06-17T09:52:19.821+0800][38.567s][info][gc,metaspace   ] GC(1565) Metaspace: 3161K(4864K)->3161K(4864K) NonClass: 2856K(4352K)->2856K(4352K) Class: 305K(512K)->305K(512K)
[2026-06-17T09:52:19.821+0800][38.567s][info][gc             ] GC(1565) Pause Young (Allocation Failure) 44M->38M(57M) 3.444ms
[2026-06-17T09:52:19.822+0800][38.568s][info][gc,cpu         ] GC(1565) User=0.00s Sys=0.00s Real=0.00s
[2026-06-17T09:52:19.844+0800][38.590s][info][gc,start       ] GC(1566) Pause Young (Allocation Failure)
[2026-06-17T09:52:19.845+0800][38.591s][info][gc,heap        ] GC(1566) PSYoungGen: 9112K->2189K(14848K)
[2026-06-17T09:52:19.846+0800][38.592s][info][gc,heap        ] GC(1566) ParOldGen: 38032K->38032K(44032K)
[2026-06-17T09:52:19.846+0800][38.592s][info][gc,metaspace   ] GC(1566) Metaspace: 3161K(4864K)->3161K(4864K) NonClass: 2856K(4352K)->2856K(4352K) Class: 305K(512K)->305K(512K)
[2026-06-17T09:52:19.847+0800][38.593s][info][gc             ] GC(1566) Pause Young (Allocation Failure) 46M->39M(57M) 3.184ms
[2026-06-17T09:52:19.848+0800][38.594s][info][gc,cpu         ] GC(1566) User=0.00s Sys=0.00s Real=0.00s
[2026-06-17T09:52:19.870+0800][38.616s][info][gc,start       ] GC(1567) Pause Young (Allocation Failure)
[2026-06-17T09:52:19.872+0800][38.618s][info][gc,heap        ] GC(1567) PSYoungGen: 10375K->1853K(14848K)
[2026-06-17T09:52:19.872+0800][38.618s][info][gc,heap        ] GC(1567) ParOldGen: 38032K->39751K(44032K)
[2026-06-17T09:52:19.873+0800][38.619s][info][gc,metaspace   ] GC(1567) Metaspace: 3161K(4864K)->3161K(4864K) NonClass: 2856K(4352K)->2856K(4352K) Class: 305K(512K)->305K(512K)
[2026-06-17T09:52:19.873+0800][38.619s][info][gc             ] GC(1567) Pause Young (Allocation Failure) 47M->40M(57M) 3.713ms
[2026-06-17T09:52:19.874+0800][38.620s][info][gc,cpu         ] GC(1567) User=0.01s Sys=0.00s Real=0.01s
[2026-06-17T09:52:19.895+0800][38.641s][info][gc,start       ] GC(1568) Pause Young (Allocation Failure)
[2026-06-17T09:52:19.897+0800][38.643s][info][gc,heap        ] GC(1568) PSYoungGen: 10028K->1211K(14848K)
[2026-06-17T09:52:19.900+0800][38.645s][info][gc,heap        ] GC(1568) ParOldGen: 39751K->41581K(44032K)
[2026-06-17T09:52:19.902+0800][38.647s][info][gc,metaspace   ] GC(1568) Metaspace: 3161K(4864K)->3161K(4864K) NonClass: 2856K(4352K)->2856K(4352K) Class: 305K(512K)->305K(512K)
[2026-06-17T09:52:19.905+0800][38.651s][info][gc             ] GC(1568) Pause Young (Allocation Failure) 48M->41M(57M) 9.472ms
[2026-06-17T09:52:19.905+0800][38.651s][info][gc,cpu         ] GC(1568) User=0.00s Sys=0.00s Real=0.01s
[2026-06-17T09:52:19.908+0800][38.653s][info][gc,start       ] GC(1569) Pause Full (Ergonomics)
[2026-06-17T09:52:19.911+0800][38.657s][info][gc,phases,start] GC(1569) Marking Phase
[2026-06-17T09:52:19.913+0800][38.659s][info][gc,phases      ] GC(1569) Marking Phase 1.866ms
[2026-06-17T09:52:19.914+0800][38.660s][info][gc,phases,start] GC(1569) Summary Phase
[2026-06-17T09:52:19.916+0800][38.662s][info][gc,phases      ] GC(1569) Summary Phase 1.883ms
[2026-06-17T09:52:19.918+0800][38.664s][info][gc,phases,start] GC(1569) Adjust Roots
[2026-06-17T09:52:19.919+0800][38.665s][info][gc,phases      ] GC(1569) Adjust Roots 1.223ms
[2026-06-17T09:52:19.922+0800][38.668s][info][gc,phases,start] GC(1569) Compaction Phase
[2026-06-17T09:52:19.928+0800][38.674s][info][gc,phases      ] GC(1569) Compaction Phase 6.269ms
[2026-06-17T09:52:19.929+0800][38.674s][info][gc,phases,start] GC(1569) Post Compact
[2026-06-17T09:52:19.929+0800][38.675s][info][gc,phases      ] GC(1569) Post Compact 0.435ms
[2026-06-17T09:52:19.929+0800][38.675s][info][gc,heap        ] GC(1569) PSYoungGen: 1211K->0K(15360K)
[2026-06-17T09:52:19.930+0800][38.675s][info][gc,heap        ] GC(1569) ParOldGen: 41581K->30005K(44032K)
[2026-06-17T09:52:19.930+0800][38.676s][info][gc,metaspace   ] GC(1569) Metaspace: 3161K(4864K)->3161K(4864K) NonClass: 2856K(4352K)->2856K(4352K) Class: 305K(512K)->305K(512K)
[2026-06-17T09:52:19.930+0800][38.676s][info][gc             ] GC(1569) Pause Full (Ergonomics) 41M->29M(58M) 22.536ms
[2026-06-17T09:52:19.930+0800][38.676s][info][gc,cpu         ] GC(1569) User=0.00s Sys=0.00s Real=0.02s
[2026-06-17T09:52:19.952+0800][38.698s][info][gc,start       ] GC(1570) Pause Young (Allocation Failure)
[2026-06-17T09:52:19.954+0800][38.700s][info][gc,heap        ] GC(1570) PSYoungGen: 9184K->5949K(15360K)
[2026-06-17T09:52:19.955+0800][38.700s][info][gc,heap        ] GC(1570) ParOldGen: 30005K->30005K(44032K)
[2026-06-17T09:52:19.955+0800][38.701s][info][gc,metaspace   ] GC(1570) Metaspace: 3161K(4864K)->3161K(4864K) NonClass: 2856K(4352K)->2856K(4352K) Class: 305K(512K)->305K(512K)
[2026-06-17T09:52:19.956+0800][38.701s][info][gc             ] GC(1570) Pause Young (Allocation Failure) 38M->35M(58M) 3.439ms
[2026-06-17T09:52:19.956+0800][38.702s][info][gc,cpu         ] GC(1570) User=0.00s Sys=0.00s Real=0.00s
[2026-06-17T09:52:19.979+0800][38.724s][info][gc,start       ] GC(1571) Pause Young (Allocation Failure)
[2026-06-17T09:52:19.982+0800][38.728s][info][gc,heap        ] GC(1571) PSYoungGen: 15152K->6080K(13312K)
[2026-06-17T09:52:19.985+0800][38.730s][info][gc,heap        ] GC(1571) ParOldGen: 30005K->31856K(44032K)
[2026-06-17T09:52:19.987+0800][38.732s][info][gc,metaspace   ] GC(1571) Metaspace: 3161K(4864K)->3161K(4864K) NonClass: 2856K(4352K)->2856K(4352K) Class: 305K(512K)->305K(512K)
[2026-06-17T09:52:19.989+0800][38.735s][info][gc             ] GC(1571) Pause Young (Allocation Failure) 44M->37M(56M) 10.075ms
[2026-06-17T09:52:19.991+0800][38.737s][info][gc,cpu         ] GC(1571) User=0.00s Sys=0.00s Real=0.02s
[2026-06-17T09:52:20.014+0800][38.760s][info][gc,start       ] GC(1572) Pause Young (Allocation Failure)
[2026-06-17T09:52:20.016+0800][38.762s][info][gc,heap        ] GC(1572) PSYoungGen: 13241K->1473K(14336K)
[2026-06-17T09:52:20.017+0800][38.763s][info][gc,heap        ] GC(1572) ParOldGen: 31856K->36738K(44032K)
[2026-06-17T09:52:20.018+0800][38.763s][info][gc,metaspace   ] GC(1572) Metaspace: 3161K(4864K)->3161K(4864K) NonClass: 2856K(4352K)->2856K(4352K) Class: 305K(512K)->305K(512K)
[2026-06-17T09:52:20.018+0800][38.764s][info][gc             ] GC(1572) Pause Young (Allocation Failure) 44M->37M(57M) 4.057ms
[2026-06-17T09:52:20.019+0800][38.765s][info][gc,cpu         ] GC(1572) User=0.01s Sys=0.00s Real=0.00s
[2026-06-17T09:52:20.031+0800][38.777s][info][gc,start       ] GC(1573) Pause Young (Allocation Failure)
[2026-06-17T09:52:20.033+0800][38.779s][info][gc,heap        ] GC(1573) PSYoungGen: 8630K->4972K(14336K)
[2026-06-17T09:52:20.034+0800][38.780s][info][gc,heap        ] GC(1573) ParOldGen: 36738K->36738K(44032K)
[2026-06-17T09:52:20.034+0800][38.780s][info][gc,metaspace   ] GC(1573) Metaspace: 3161K(4864K)->3161K(4864K) NonClass: 2856K(4352K)->2856K(4352K) Class: 305K(512K)->305K(512K)
[2026-06-17T09:52:20.035+0800][38.781s][info][gc             ] GC(1573) Pause Young (Allocation Failure) 44M->40M(57M) 4.101ms
[2026-06-17T09:52:20.036+0800][38.782s][info][gc,cpu         ] GC(1573) User=0.00s Sys=0.00s Real=0.00s
[2026-06-17T09:52:20.058+0800][38.804s][info][gc,start       ] GC(1574) Pause Young (Allocation Failure)
[2026-06-17T09:52:20.059+0800][38.805s][info][gc,heap        ] GC(1574) PSYoungGen: 12105K->2605K(14336K)
[2026-06-17T09:52:20.060+0800][38.806s][info][gc,heap        ] GC(1574) ParOldGen: 36738K->39064K(44032K)
[2026-06-17T09:52:20.060+0800][38.806s][info][gc,metaspace   ] GC(1574) Metaspace: 3161K(4864K)->3161K(4864K) NonClass: 2856K(4352K)->2856K(4352K) Class: 305K(512K)->305K(512K)
[2026-06-17T09:52:20.060+0800][38.806s][info][gc             ] GC(1574) Pause Young (Allocation Failure) 47M->40M(57M) 2.625ms
[2026-06-17T09:52:20.061+0800][38.806s][info][gc,cpu         ] GC(1574) User=0.00s Sys=0.00s Real=0.00s
[2026-06-17T09:52:20.082+0800][38.828s][info][gc,start       ] GC(1575) Pause Young (Allocation Failure)
[2026-06-17T09:52:20.084+0800][38.830s][info][gc,heap        ] GC(1575) PSYoungGen: 9753K->3005K(14336K)
[2026-06-17T09:52:20.085+0800][38.831s][info][gc,heap        ] GC(1575) ParOldGen: 39064K->39064K(44032K)
[2026-06-17T09:52:20.085+0800][38.831s][info][gc,metaspace   ] GC(1575) Metaspace: 3161K(4864K)->3161K(4864K) NonClass: 2856K(4352K)->2856K(4352K) Class: 305K(512K)->305K(512K)
[2026-06-17T09:52:20.086+0800][38.832s][info][gc             ] GC(1575) Pause Young (Allocation Failure) 47M->41M(57M) 3.592ms
[2026-06-17T09:52:20.086+0800][38.832s][info][gc,cpu         ] GC(1575) User=0.01s Sys=0.00s Real=0.01s
[2026-06-17T09:52:20.098+0800][38.844s][info][gc,start       ] GC(1576) Pause Young (Allocation Failure)
[2026-06-17T09:52:20.099+0800][38.845s][info][gc,heap        ] GC(1576) PSYoungGen: 10172K->1616K(14336K)
[2026-06-17T09:52:20.099+0800][38.845s][info][gc,heap        ] GC(1576) ParOldGen: 39064K->40809K(44032K)
[2026-06-17T09:52:20.099+0800][38.845s][info][gc,metaspace   ] GC(1576) Metaspace: 3161K(4864K)->3161K(4864K) NonClass: 2856K(4352K)->2856K(4352K) Class: 305K(512K)->305K(512K)
[2026-06-17T09:52:20.100+0800][38.846s][info][gc             ] GC(1576) Pause Young (Allocation Failure) 48M->41M(57M) 2.017ms
[2026-06-17T09:52:20.100+0800][38.846s][info][gc,cpu         ] GC(1576) User=0.00s Sys=0.00s Real=0.00s
[2026-06-17T09:52:20.100+0800][38.846s][info][gc,start       ] GC(1577) Pause Full (Ergonomics)
[2026-06-17T09:52:20.100+0800][38.846s][info][gc,phases,start] GC(1577) Marking Phase
[2026-06-17T09:52:20.102+0800][38.848s][info][gc,phases      ] GC(1577) Marking Phase 1.307ms
[2026-06-17T09:52:20.102+0800][38.848s][info][gc,phases,start] GC(1577) Summary Phase
[2026-06-17T09:52:20.102+0800][38.848s][info][gc,phases      ] GC(1577) Summary Phase 0.205ms
[2026-06-17T09:52:20.102+0800][38.848s][info][gc,phases,start] GC(1577) Adjust Roots
[2026-06-17T09:52:20.103+0800][38.848s][info][gc,phases      ] GC(1577) Adjust Roots 0.289ms
[2026-06-17T09:52:20.103+0800][38.849s][info][gc,phases,start] GC(1577) Compaction Phase
[2026-06-17T09:52:20.104+0800][38.850s][info][gc,phases      ] GC(1577) Compaction Phase 1.618ms
[2026-06-17T09:52:20.105+0800][38.851s][info][gc,phases,start] GC(1577) Post Compact
[2026-06-17T09:52:20.105+0800][38.851s][info][gc,phases      ] GC(1577) Post Compact 0.250ms
[2026-06-17T09:52:20.105+0800][38.851s][info][gc,heap        ] GC(1577) PSYoungGen: 1616K->0K(14336K)
[2026-06-17T09:52:20.105+0800][38.851s][info][gc,heap        ] GC(1577) ParOldGen: 40809K->29535K(44032K)
[2026-06-17T09:52:20.105+0800][38.851s][info][gc,metaspace   ] GC(1577) Metaspace: 3161K(4864K)->3161K(4864K) NonClass: 2856K(4352K)->2856K(4352K) Class: 305K(512K)->305K(512K)
[2026-06-17T09:52:20.106+0800][38.852s][info][gc             ] GC(1577) Pause Full (Ergonomics) 41M->28M(57M) 5.469ms
[2026-06-17T09:52:20.106+0800][38.852s][info][gc,cpu         ] GC(1577) User=0.00s Sys=0.00s Real=0.01s
[2026-06-17T09:52:20.127+0800][38.873s][info][gc,start       ] GC(1578) Pause Young (Allocation Failure)
[2026-06-17T09:52:20.129+0800][38.875s][info][gc,heap        ] GC(1578) PSYoungGen: 7131K->3308K(14336K)
[2026-06-17T09:52:20.129+0800][38.875s][info][gc,heap        ] GC(1578) ParOldGen: 29535K->29535K(44032K)
[2026-06-17T09:52:20.130+0800][38.875s][info][gc,metaspace   ] GC(1578) Metaspace: 3161K(4864K)->3161K(4864K) NonClass: 2856K(4352K)->2856K(4352K) Class: 305K(512K)->305K(512K)
[2026-06-17T09:52:20.130+0800][38.876s][info][gc             ] GC(1578) Pause Young (Allocation Failure) 35M->32M(57M) 2.886ms
[2026-06-17T09:52:20.131+0800][38.877s][info][gc,cpu         ] GC(1578) User=0.00s Sys=0.00s Real=0.01s
[2026-06-17T09:52:20.153+0800][38.899s][info][gc,start       ] GC(1579) Pause Young (Allocation Failure)
[2026-06-17T09:52:20.155+0800][38.901s][info][gc,heap        ] GC(1579) PSYoungGen: 10457K->2963K(14848K)
[2026-06-17T09:52:20.155+0800][38.901s][info][gc,heap        ] GC(1579) ParOldGen: 29535K->30034K(44032K)
[2026-06-17T09:52:20.156+0800][38.902s][info][gc,metaspace   ] GC(1579) Metaspace: 3161K(4864K)->3161K(4864K) NonClass: 2856K(4352K)->2856K(4352K) Class: 305K(512K)->305K(512K)
[2026-06-17T09:52:20.157+0800][38.903s][info][gc             ] GC(1579) Pause Young (Allocation Failure) 39M->32M(57M) 4.074ms
[2026-06-17T09:52:20.158+0800][38.903s][info][gc,cpu         ] GC(1579) User=0.00s Sys=0.00s Real=0.00s
[2026-06-17T09:52:20.180+0800][38.926s][info][gc,start       ] GC(1580) Pause Young (Allocation Failure)
[2026-06-17T09:52:20.182+0800][38.928s][info][gc,heap        ] GC(1580) PSYoungGen: 10597K->1752K(14336K)
[2026-06-17T09:52:20.183+0800][38.929s][info][gc,heap        ] GC(1580) ParOldGen: 30034K->31980K(44032K)
[2026-06-17T09:52:20.183+0800][38.929s][info][gc,metaspace   ] GC(1580) Metaspace: 3161K(4864K)->3161K(4864K) NonClass: 2856K(4352K)->2856K(4352K) Class: 305K(512K)->305K(512K)
[2026-06-17T09:52:20.184+0800][38.930s][info][gc             ] GC(1580) Pause Young (Allocation Failure) 39M->32M(57M) 4.030ms
[2026-06-17T09:52:20.184+0800][38.930s][info][gc,cpu         ] GC(1580) User=0.00s Sys=0.00s Real=0.01s
[2026-06-17T09:52:20.207+0800][38.953s][info][gc,start       ] GC(1581) Pause Young (Allocation Failure)
[2026-06-17T09:52:20.209+0800][38.954s][info][gc,heap        ] GC(1581) PSYoungGen: 9432K->2654K(15360K)
[2026-06-17T09:52:20.209+0800][38.955s][info][gc,heap        ] GC(1581) ParOldGen: 31980K->31980K(44032K)
[2026-06-17T09:52:20.210+0800][38.956s][info][gc,metaspace   ] GC(1581) Metaspace: 3161K(4864K)->3161K(4864K) NonClass: 2856K(4352K)->2856K(4352K) Class: 305K(512K)->305K(512K)
[2026-06-17T09:52:20.210+0800][38.956s][info][gc             ] GC(1581) Pause Young (Allocation Failure) 40M->33M(58M) 3.442ms
[2026-06-17T09:52:20.211+0800][38.957s][info][gc,cpu         ] GC(1581) User=0.00s Sys=0.00s Real=0.01s
[2026-06-17T09:52:20.223+0800][38.969s][info][gc,start       ] GC(1582) Pause Young (Allocation Failure)
[2026-06-17T09:52:20.225+0800][38.971s][info][gc,heap        ] GC(1582) PSYoungGen: 11269K->1921K(14848K)
[2026-06-17T09:52:20.225+0800][38.971s][info][gc,heap        ] GC(1582) ParOldGen: 31980K->34185K(44032K)
[2026-06-17T09:52:20.226+0800][38.972s][info][gc,metaspace   ] GC(1582) Metaspace: 3161K(4864K)->3161K(4864K) NonClass: 2856K(4352K)->2856K(4352K) Class: 305K(512K)->305K(512K)
[2026-06-17T09:52:20.227+0800][38.973s][info][gc             ] GC(1582) Pause Young (Allocation Failure) 42M->35M(57M) 3.864ms
[2026-06-17T09:52:20.227+0800][38.973s][info][gc,cpu         ] GC(1582) User=0.00s Sys=0.00s Real=0.00s
[2026-06-17T09:52:20.260+0800][39.006s][info][gc,start       ] GC(1583) Pause Young (Allocation Failure)
[2026-06-17T09:52:20.262+0800][39.008s][info][gc,heap        ] GC(1583) PSYoungGen: 10616K->1577K(15360K)
[2026-06-17T09:52:20.262+0800][39.008s][info][gc,heap        ] GC(1583) ParOldGen: 34185K->36082K(44032K)
[2026-06-17T09:52:20.263+0800][39.009s][info][gc,metaspace   ] GC(1583) Metaspace: 3161K(4864K)->3161K(4864K) NonClass: 2856K(4352K)->2856K(4352K) Class: 305K(512K)->305K(512K)
[2026-06-17T09:52:20.263+0800][39.009s][info][gc             ] GC(1583) Pause Young (Allocation Failure) 43M->36M(58M) 3.346ms
[2026-06-17T09:52:20.264+0800][39.010s][info][gc,cpu         ] GC(1583) User=0.00s Sys=0.00s Real=0.01s
[2026-06-17T09:52:20.285+0800][39.031s][info][gc,start       ] GC(1584) Pause Young (Allocation Failure)
[2026-06-17T09:52:20.287+0800][39.033s][info][gc,heap        ] GC(1584) PSYoungGen: 10776K->3147K(15360K)
[2026-06-17T09:52:20.288+0800][39.034s][info][gc,heap        ] GC(1584) ParOldGen: 36082K->36999K(44032K)
[2026-06-17T09:52:20.288+0800][39.034s][info][gc,metaspace   ] GC(1584) Metaspace: 3161K(4864K)->3161K(4864K) NonClass: 2856K(4352K)->2856K(4352K) Class: 305K(512K)->305K(512K)
[2026-06-17T09:52:20.289+0800][39.035s][info][gc             ] GC(1584) Pause Young (Allocation Failure) 45M->39M(58M) 3.722ms
[2026-06-17T09:52:20.290+0800][39.035s][info][gc,cpu         ] GC(1584) User=0.00s Sys=0.00s Real=0.00s
[2026-06-17T09:52:20.312+0800][39.058s][info][gc,start       ] GC(1585) Pause Young (Allocation Failure)
[2026-06-17T09:52:20.315+0800][39.061s][info][gc,heap        ] GC(1585) PSYoungGen: 12361K->3042K(15872K)
[2026-06-17T09:52:20.316+0800][39.062s][info][gc,heap        ] GC(1585) ParOldGen: 36999K->39448K(44032K)
[2026-06-17T09:52:20.317+0800][39.063s][info][gc,metaspace   ] GC(1585) Metaspace: 3161K(4864K)->3161K(4864K) NonClass: 2856K(4352K)->2856K(4352K) Class: 305K(512K)->305K(512K)
[2026-06-17T09:52:20.317+0800][39.063s][info][gc             ] GC(1585) Pause Young (Allocation Failure) 48M->41M(58M) 5.022ms
[2026-06-17T09:52:20.318+0800][39.064s][info][gc,cpu         ] GC(1585) User=0.00s Sys=0.00s Real=0.00s
[2026-06-17T09:52:20.341+0800][39.087s][info][gc,start       ] GC(1586) Pause Young (Allocation Failure)
[2026-06-17T09:52:20.343+0800][39.089s][info][gc,heap        ] GC(1586) PSYoungGen: 13045K->937K(15872K)
[2026-06-17T09:52:20.344+0800][39.090s][info][gc,heap        ] GC(1586) ParOldGen: 39448K->41346K(44032K)
[2026-06-17T09:52:20.345+0800][39.090s][info][gc,metaspace   ] GC(1586) Metaspace: 3161K(4864K)->3161K(4864K) NonClass: 2856K(4352K)->2856K(4352K) Class: 305K(512K)->305K(512K)
[2026-06-17T09:52:20.345+0800][39.091s][info][gc             ] GC(1586) Pause Young (Allocation Failure) 51M->41M(58M) 3.992ms
[2026-06-17T09:52:20.346+0800][39.092s][info][gc,cpu         ] GC(1586) User=0.00s Sys=0.00s Real=0.01s
[2026-06-17T09:52:20.346+0800][39.092s][info][gc,start       ] GC(1587) Pause Full (Ergonomics)
[2026-06-17T09:52:20.347+0800][39.093s][info][gc,phases,start] GC(1587) Marking Phase
[2026-06-17T09:52:20.349+0800][39.094s][info][gc,phases      ] GC(1587) Marking Phase 1.797ms
[2026-06-17T09:52:20.349+0800][39.095s][info][gc,phases,start] GC(1587) Summary Phase
[2026-06-17T09:52:20.350+0800][39.095s][info][gc,phases      ] GC(1587) Summary Phase 0.398ms
[2026-06-17T09:52:20.350+0800][39.096s][info][gc,phases,start] GC(1587) Adjust Roots
[2026-06-17T09:52:20.351+0800][39.097s][info][gc,phases      ] GC(1587) Adjust Roots 0.859ms
[2026-06-17T09:52:20.351+0800][39.097s][info][gc,phases,start] GC(1587) Compaction Phase
[2026-06-17T09:52:20.354+0800][39.100s][info][gc,phases      ] GC(1587) Compaction Phase 2.626ms
[2026-06-17T09:52:20.355+0800][39.101s][info][gc,phases,start] GC(1587) Post Compact
[2026-06-17T09:52:20.356+0800][39.102s][info][gc,phases      ] GC(1587) Post Compact 1.209ms
[2026-06-17T09:52:20.356+0800][39.102s][info][gc,heap        ] GC(1587) PSYoungGen: 937K->0K(15872K)
[2026-06-17T09:52:20.356+0800][39.102s][info][gc,heap        ] GC(1587) ParOldGen: 41346K->27702K(44032K)
[2026-06-17T09:52:20.357+0800][39.102s][info][gc,metaspace   ] GC(1587) Metaspace: 3161K(4864K)->3161K(4864K) NonClass: 2856K(4352K)->2856K(4352K) Class: 305K(512K)->305K(512K)
[2026-06-17T09:52:20.357+0800][39.103s][info][gc             ] GC(1587) Pause Full (Ergonomics) 41M->27M(58M) 10.335ms
[2026-06-17T09:52:20.357+0800][39.103s][info][gc,cpu         ] GC(1587) User=0.01s Sys=0.00s Real=0.01s
[2026-06-17T09:52:20.389+0800][39.135s][info][gc,start       ] GC(1588) Pause Young (Allocation Failure)
[2026-06-17T09:52:20.391+0800][39.137s][info][gc,heap        ] GC(1588) PSYoungGen: 10226K->3877K(14336K)
[2026-06-17T09:52:20.392+0800][39.138s][info][gc,heap        ] GC(1588) ParOldGen: 27702K->27702K(44032K)
[2026-06-17T09:52:20.394+0800][39.140s][info][gc,metaspace   ] GC(1588) Metaspace: 3161K(4864K)->3161K(4864K) NonClass: 2856K(4352K)->2856K(4352K) Class: 305K(512K)->305K(512K)
[2026-06-17T09:52:20.395+0800][39.141s][info][gc             ] GC(1588) Pause Young (Allocation Failure) 37M->30M(57M) 5.982ms
[2026-06-17T09:52:20.395+0800][39.141s][info][gc,cpu         ] GC(1588) User=0.00s Sys=0.00s Real=0.01s
[2026-06-17T09:52:20.428+0800][39.174s][info][gc,start       ] GC(1589) Pause Young (Allocation Failure)
[2026-06-17T09:52:20.430+0800][39.176s][info][gc,heap        ] GC(1589) PSYoungGen: 14096K->3045K(15872K)
[2026-06-17T09:52:20.431+0800][39.177s][info][gc,heap        ] GC(1589) ParOldGen: 27702K->28491K(44032K)
[2026-06-17T09:52:20.431+0800][39.177s][info][gc,metaspace   ] GC(1589) Metaspace: 3161K(4864K)->3161K(4864K) NonClass: 2856K(4352K)->2856K(4352K) Class: 305K(512K)->305K(512K)
[2026-06-17T09:52:20.432+0800][39.178s][info][gc             ] GC(1589) Pause Young (Allocation Failure) 40M->30M(58M) 3.824ms
[2026-06-17T09:52:20.433+0800][39.179s][info][gc,cpu         ] GC(1589) User=0.00s Sys=0.00s Real=0.01s
[2026-06-17T09:52:20.446+0800][39.192s][info][gc,start       ] GC(1590) Pause Young (Allocation Failure)
[2026-06-17T09:52:20.448+0800][39.193s][info][gc,heap        ] GC(1590) PSYoungGen: 11427K->2496K(15360K)
[2026-06-17T09:52:20.448+0800][39.194s][info][gc,heap        ] GC(1590) ParOldGen: 28491K->30649K(44032K)
[2026-06-17T09:52:20.449+0800][39.195s][info][gc,metaspace   ] GC(1590) Metaspace: 3161K(4864K)->3161K(4864K) NonClass: 2856K(4352K)->2856K(4352K) Class: 305K(512K)->305K(512K)
[2026-06-17T09:52:20.449+0800][39.195s][info][gc             ] GC(1590) Pause Young (Allocation Failure) 38M->32M(58M) 3.766ms
[2026-06-17T09:52:20.450+0800][39.196s][info][gc,cpu         ] GC(1590) User=0.00s Sys=0.00s Real=0.00s
[2026-06-17T09:52:20.472+0800][39.218s][info][gc,start       ] GC(1591) Pause Young (Allocation Failure)
[2026-06-17T09:52:20.473+0800][39.219s][info][gc,heap        ] GC(1591) PSYoungGen: 12050K->2844K(16384K)
[2026-06-17T09:52:20.474+0800][39.220s][info][gc,heap        ] GC(1591) ParOldGen: 30649K->33121K(44032K)
[2026-06-17T09:52:20.475+0800][39.221s][info][gc,metaspace   ] GC(1591) Metaspace: 3161K(4864K)->3161K(4864K) NonClass: 2856K(4352K)->2856K(4352K) Class: 305K(512K)->305K(512K)
[2026-06-17T09:52:20.475+0800][39.221s][info][gc             ] GC(1591) Pause Young (Allocation Failure) 41M->35M(59M) 3.344ms
[2026-06-17T09:52:20.476+0800][39.222s][info][gc,cpu         ] GC(1591) User=0.00s Sys=0.00s Real=0.00s
[2026-06-17T09:52:20.508+0800][39.254s][info][gc,start       ] GC(1592) Pause Young (Allocation Failure)
[2026-06-17T09:52:20.513+0800][39.259s][info][gc,heap        ] GC(1592) PSYoungGen: 13596K->3747K(15872K)
[2026-06-17T09:52:20.516+0800][39.261s][info][gc,heap        ] GC(1592) ParOldGen: 33121K->35941K(44032K)
[2026-06-17T09:52:20.516+0800][39.262s][info][gc,metaspace   ] GC(1592) Metaspace: 3161K(4864K)->3161K(4864K) NonClass: 2856K(4352K)->2856K(4352K) Class: 305K(512K)->305K(512K)
[2026-06-17T09:52:20.517+0800][39.263s][info][gc             ] GC(1592) Pause Young (Allocation Failure) 45M->38M(58M) 8.596ms
[2026-06-17T09:52:20.518+0800][39.263s][info][gc,cpu         ] GC(1592) User=0.00s Sys=0.00s Real=0.01s
[2026-06-17T09:52:20.551+0800][39.296s][info][gc,start       ] GC(1593) Pause Young (Allocation Failure)
[2026-06-17T09:52:20.553+0800][39.299s][info][gc,heap        ] GC(1593) PSYoungGen: 14499K->3086K(16384K)
[2026-06-17T09:52:20.555+0800][39.301s][info][gc,heap        ] GC(1593) ParOldGen: 35941K->36535K(44032K)
[2026-06-17T09:52:20.556+0800][39.301s][info][gc,metaspace   ] GC(1593) Metaspace: 3161K(4864K)->3161K(4864K) NonClass: 2856K(4352K)->2856K(4352K) Class: 305K(512K)->305K(512K)
[2026-06-17T09:52:20.556+0800][39.302s][info][gc             ] GC(1593) Pause Young (Allocation Failure) 49M->38M(59M) 5.577ms
[2026-06-17T09:52:20.557+0800][39.303s][info][gc,cpu         ] GC(1593) User=0.00s Sys=0.00s Real=0.00s
[2026-06-17T09:52:20.580+0800][39.326s][info][gc,start       ] GC(1594) Pause Young (Allocation Failure)
[2026-06-17T09:52:20.583+0800][39.329s][info][gc,heap        ] GC(1594) PSYoungGen: 13835K->4841K(15872K)
[2026-06-17T09:52:20.584+0800][39.329s][info][gc,heap        ] GC(1594) ParOldGen: 36535K->38560K(44032K)
[2026-06-17T09:52:20.584+0800][39.330s][info][gc,metaspace   ] GC(1594) Metaspace: 3161K(4864K)->3161K(4864K) NonClass: 2856K(4352K)->2856K(4352K) Class: 305K(512K)->305K(512K)
[2026-06-17T09:52:20.585+0800][39.331s][info][gc             ] GC(1594) Pause Young (Allocation Failure) 49M->42M(58M) 4.703ms
[2026-06-17T09:52:20.585+0800][39.331s][info][gc,cpu         ] GC(1594) User=0.00s Sys=0.00s Real=0.01s
[2026-06-17T09:52:20.619+0800][39.365s][info][gc,start       ] GC(1595) Pause Young (Allocation Failure)
[2026-06-17T09:52:20.621+0800][39.367s][info][gc,heap        ] GC(1595) PSYoungGen: 15573K->2822K(15872K)
[2026-06-17T09:52:20.621+0800][39.367s][info][gc,heap        ] GC(1595) ParOldGen: 38560K->40889K(44032K)
[2026-06-17T09:52:20.622+0800][39.367s][info][gc,metaspace   ] GC(1595) Metaspace: 3161K(4864K)->3161K(4864K) NonClass: 2856K(4352K)->2856K(4352K) Class: 305K(512K)->305K(512K)
[2026-06-17T09:52:20.622+0800][39.368s][info][gc             ] GC(1595) Pause Young (Allocation Failure) 52M->42M(58M) 3.420ms
[2026-06-17T09:52:20.623+0800][39.369s][info][gc,cpu         ] GC(1595) User=0.00s Sys=0.00s Real=0.01s
[2026-06-17T09:52:20.623+0800][39.369s][info][gc,start       ] GC(1596) Pause Full (Ergonomics)
[2026-06-17T09:52:20.624+0800][39.369s][info][gc,phases,start] GC(1596) Marking Phase
[2026-06-17T09:52:20.626+0800][39.371s][info][gc,phases      ] GC(1596) Marking Phase 1.957ms
[2026-06-17T09:52:20.626+0800][39.372s][info][gc,phases,start] GC(1596) Summary Phase
[2026-06-17T09:52:20.626+0800][39.372s][info][gc,phases      ] GC(1596) Summary Phase 0.268ms
[2026-06-17T09:52:20.626+0800][39.372s][info][gc,phases,start] GC(1596) Adjust Roots
[2026-06-17T09:52:20.627+0800][39.373s][info][gc,phases      ] GC(1596) Adjust Roots 0.389ms
[2026-06-17T09:52:20.627+0800][39.373s][info][gc,phases,start] GC(1596) Compaction Phase
[2026-06-17T09:52:20.629+0800][39.375s][info][gc,phases      ] GC(1596) Compaction Phase 1.950ms
[2026-06-17T09:52:20.629+0800][39.375s][info][gc,phases,start] GC(1596) Post Compact
[2026-06-17T09:52:20.630+0800][39.376s][info][gc,phases      ] GC(1596) Post Compact 0.285ms
[2026-06-17T09:52:20.630+0800][39.376s][info][gc,heap        ] GC(1596) PSYoungGen: 2822K->0K(15872K)
[2026-06-17T09:52:20.630+0800][39.376s][info][gc,heap        ] GC(1596) ParOldGen: 40889K->23699K(44032K)
[2026-06-17T09:52:20.631+0800][39.376s][info][gc,metaspace   ] GC(1596) Metaspace: 3161K(4864K)->3161K(4864K) NonClass: 2856K(4352K)->2856K(4352K) Class: 305K(512K)->305K(512K)
[2026-06-17T09:52:20.631+0800][39.377s][info][gc             ] GC(1596) Pause Full (Ergonomics) 42M->23M(58M) 7.594ms
[2026-06-17T09:52:20.631+0800][39.377s][info][gc,cpu         ] GC(1596) User=0.00s Sys=0.00s Real=0.01s
[2026-06-17T09:52:20.653+0800][39.399s][info][gc,start       ] GC(1597) Pause Young (Allocation Failure)
[2026-06-17T09:52:20.655+0800][39.401s][info][gc,heap        ] GC(1597) PSYoungGen: 10218K->5619K(13824K)
[2026-06-17T09:52:20.655+0800][39.401s][info][gc,heap        ] GC(1597) ParOldGen: 23699K->24680K(44032K)
[2026-06-17T09:52:20.656+0800][39.402s][info][gc,metaspace   ] GC(1597) Metaspace: 3161K(4864K)->3161K(4864K) NonClass: 2856K(4352K)->2856K(4352K) Class: 305K(512K)->305K(512K)
[2026-06-17T09:52:20.656+0800][39.402s][info][gc             ] GC(1597) Pause Young (Allocation Failure) 33M->29M(56M) 3.546ms
[2026-06-17T09:52:20.657+0800][39.402s][info][gc,cpu         ] GC(1597) User=0.00s Sys=0.00s Real=0.00s
[2026-06-17T09:52:20.679+0800][39.425s][info][gc,start       ] GC(1598) Pause Young (Allocation Failure)
[2026-06-17T09:52:20.681+0800][39.427s][info][gc,heap        ] GC(1598) PSYoungGen: 13785K->2858K(14848K)
[2026-06-17T09:52:20.682+0800][39.428s][info][gc,heap        ] GC(1598) ParOldGen: 24680K->28471K(44032K)
[2026-06-17T09:52:20.682+0800][39.428s][info][gc,metaspace   ] GC(1598) Metaspace: 3161K(4864K)->3161K(4864K) NonClass: 2856K(4352K)->2856K(4352K) Class: 305K(512K)->305K(512K)
[2026-06-17T09:52:20.683+0800][39.429s][info][gc             ] GC(1598) Pause Young (Allocation Failure) 37M->30M(57M) 4.125ms
[2026-06-17T09:52:20.683+0800][39.429s][info][gc,cpu         ] GC(1598) User=0.00s Sys=0.00s Real=0.01s
[2026-06-17T09:52:20.706+0800][39.451s][info][gc,start       ] GC(1599) Pause Young (Allocation Failure)
[2026-06-17T09:52:20.708+0800][39.453s][info][gc,heap        ] GC(1599) PSYoungGen: 11043K->4337K(14848K)
[2026-06-17T09:52:20.708+0800][39.454s][info][gc,heap        ] GC(1599) ParOldGen: 28471K->28471K(44032K)
[2026-06-17T09:52:20.709+0800][39.455s][info][gc,metaspace   ] GC(1599) Metaspace: 3161K(4864K)->3161K(4864K) NonClass: 2856K(4352K)->2856K(4352K) Class: 305K(512K)->305K(512K)
[2026-06-17T09:52:20.710+0800][39.456s][info][gc             ] GC(1599) Pause Young (Allocation Failure) 38M->32M(57M) 4.428ms
[2026-06-17T09:52:20.711+0800][39.456s][info][gc,cpu         ] GC(1599) User=0.01s Sys=0.00s Real=0.01s
[2026-06-17T09:52:20.733+0800][39.479s][info][gc,start       ] GC(1600) Pause Young (Allocation Failure)
[2026-06-17T09:52:20.735+0800][39.481s][info][gc,heap        ] GC(1600) PSYoungGen: 12527K->2206K(14848K)
[2026-06-17T09:52:20.736+0800][39.481s][info][gc,heap        ] GC(1600) ParOldGen: 28471K->31438K(44032K)
[2026-06-17T09:52:20.736+0800][39.482s][info][gc,metaspace   ] GC(1600) Metaspace: 3161K(4864K)->3161K(4864K) NonClass: 2856K(4352K)->2856K(4352K) Class: 305K(512K)->305K(512K)
[2026-06-17T09:52:20.737+0800][39.483s][info][gc             ] GC(1600) Pause Young (Allocation Failure) 40M->32M(57M) 3.835ms
[2026-06-17T09:52:20.737+0800][39.483s][info][gc,cpu         ] GC(1600) User=0.00s Sys=0.00s Real=0.00s
[2026-06-17T09:52:20.759+0800][39.505s][info][gc,start       ] GC(1601) Pause Young (Allocation Failure)
[2026-06-17T09:52:20.761+0800][39.507s][info][gc,heap        ] GC(1601) PSYoungGen: 10386K->1762K(14848K)
[2026-06-17T09:52:20.761+0800][39.507s][info][gc,heap        ] GC(1601) ParOldGen: 31438K->33283K(44032K)
[2026-06-17T09:52:20.762+0800][39.508s][info][gc,metaspace   ] GC(1601) Metaspace: 3161K(4864K)->3161K(4864K) NonClass: 2856K(4352K)->2856K(4352K) Class: 305K(512K)->305K(512K)
[2026-06-17T09:52:20.762+0800][39.508s][info][gc             ] GC(1601) Pause Young (Allocation Failure) 40M->34M(57M) 3.034ms
[2026-06-17T09:52:20.763+0800][39.508s][info][gc,cpu         ] GC(1601) User=0.00s Sys=0.00s Real=0.01s
[2026-06-17T09:52:20.785+0800][39.530s][info][gc,start       ] GC(1602) Pause Young (Allocation Failure)
[2026-06-17T09:52:20.787+0800][39.532s][info][gc,heap        ] GC(1602) PSYoungGen: 9954K->2725K(14848K)
[2026-06-17T09:52:20.787+0800][39.533s][info][gc,heap        ] GC(1602) ParOldGen: 33283K->33283K(44032K)
[2026-06-17T09:52:20.788+0800][39.534s][info][gc,metaspace   ] GC(1602) Metaspace: 3161K(4864K)->3161K(4864K) NonClass: 2856K(4352K)->2856K(4352K) Class: 305K(512K)->305K(512K)
[2026-06-17T09:52:20.788+0800][39.534s][info][gc             ] GC(1602) Pause Young (Allocation Failure) 42M->35M(57M) 3.804ms
[2026-06-17T09:52:20.789+0800][39.535s][info][gc,cpu         ] GC(1602) User=0.00s Sys=0.00s Real=0.00s
[2026-06-17T09:52:20.801+0800][39.547s][info][gc,start       ] GC(1603) Pause Young (Allocation Failure)
[2026-06-17T09:52:20.802+0800][39.548s][info][gc,heap        ] GC(1603) PSYoungGen: 10730K->2057K(15360K)
[2026-06-17T09:52:20.803+0800][39.549s][info][gc,heap        ] GC(1603) ParOldGen: 33283K->34998K(44032K)
[2026-06-17T09:52:20.803+0800][39.549s][info][gc,metaspace   ] GC(1603) Metaspace: 3161K(4864K)->3161K(4864K) NonClass: 2856K(4352K)->2856K(4352K) Class: 305K(512K)->305K(512K)
[2026-06-17T09:52:20.804+0800][39.550s][info][gc             ] GC(1603) Pause Young (Allocation Failure) 42M->36M(58M) 3.163ms
[2026-06-17T09:52:20.804+0800][39.550s][info][gc,cpu         ] GC(1603) User=0.00s Sys=0.00s Real=0.01s
[2026-06-17T09:52:20.837+0800][39.583s][info][gc,start       ] GC(1604) Pause Young (Allocation Failure)
[2026-06-17T09:52:20.839+0800][39.585s][info][gc,heap        ] GC(1604) PSYoungGen: 11216K->2045K(15360K)
[2026-06-17T09:52:20.840+0800][39.586s][info][gc,heap        ] GC(1604) ParOldGen: 34998K->37031K(44032K)
[2026-06-17T09:52:20.841+0800][39.586s][info][gc,metaspace   ] GC(1604) Metaspace: 3161K(4864K)->3161K(4864K) NonClass: 2856K(4352K)->2856K(4352K) Class: 305K(512K)->305K(512K)
[2026-06-17T09:52:20.841+0800][39.587s][info][gc             ] GC(1604) Pause Young (Allocation Failure) 45M->38M(58M) 4.047ms
[2026-06-17T09:52:20.842+0800][39.588s][info][gc,cpu         ] GC(1604) User=0.01s Sys=0.00s Real=0.00s
[2026-06-17T09:52:20.865+0800][39.610s][info][gc,start       ] GC(1605) Pause Young (Allocation Failure)
[2026-06-17T09:52:20.867+0800][39.613s][info][gc,heap        ] GC(1605) PSYoungGen: 11237K->3925K(15360K)
[2026-06-17T09:52:20.868+0800][39.613s][info][gc,heap        ] GC(1605) ParOldGen: 37031K->37406K(44032K)
[2026-06-17T09:52:20.868+0800][39.614s][info][gc,metaspace   ] GC(1605) Metaspace: 3161K(4864K)->3161K(4864K) NonClass: 2856K(4352K)->2856K(4352K) Class: 305K(512K)->305K(512K)
[2026-06-17T09:52:20.869+0800][39.615s][info][gc             ] GC(1605) Pause Young (Allocation Failure) 47M->40M(58M) 4.413ms
[2026-06-17T09:52:20.870+0800][39.615s][info][gc,cpu         ] GC(1605) User=0.00s Sys=0.00s Real=0.00s
[2026-06-17T09:52:20.893+0800][39.638s][info][gc,start       ] GC(1606) Pause Young (Allocation Failure)
[2026-06-17T09:52:20.895+0800][39.641s][info][gc,heap        ] GC(1606) PSYoungGen: 13107K->4089K(15360K)
[2026-06-17T09:52:20.896+0800][39.642s][info][gc,heap        ] GC(1606) ParOldGen: 37406K->39308K(44032K)
[2026-06-17T09:52:20.896+0800][39.642s][info][gc,metaspace   ] GC(1606) Metaspace: 3161K(4864K)->3161K(4864K) NonClass: 2856K(4352K)->2856K(4352K) Class: 305K(512K)->305K(512K)
[2026-06-17T09:52:20.899+0800][39.645s][info][gc             ] GC(1606) Pause Young (Allocation Failure) 49M->42M(58M) 6.358ms
[2026-06-17T09:52:20.903+0800][39.649s][info][gc,cpu         ] GC(1606) User=0.00s Sys=0.00s Real=0.01s
[2026-06-17T09:52:20.926+0800][39.672s][info][gc,start       ] GC(1607) Pause Young (Allocation Failure)
[2026-06-17T09:52:20.931+0800][39.677s][info][gc,heap        ] GC(1607) PSYoungGen: 13187K->1589K(15360K)
[2026-06-17T09:52:20.932+0800][39.678s][info][gc,heap        ] GC(1607) ParOldGen: 39308K->40925K(44032K)
[2026-06-17T09:52:20.932+0800][39.678s][info][gc,metaspace   ] GC(1607) Metaspace: 3161K(4864K)->3161K(4864K) NonClass: 2856K(4352K)->2856K(4352K) Class: 305K(512K)->305K(512K)
[2026-06-17T09:52:20.933+0800][39.679s][info][gc             ] GC(1607) Pause Young (Allocation Failure) 51M->41M(58M) 6.305ms
[2026-06-17T09:52:20.933+0800][39.679s][info][gc,cpu         ] GC(1607) User=0.00s Sys=0.00s Real=0.01s
[2026-06-17T09:52:20.934+0800][39.680s][info][gc,start       ] GC(1608) Pause Full (Ergonomics)
[2026-06-17T09:52:20.934+0800][39.680s][info][gc,phases,start] GC(1608) Marking Phase
[2026-06-17T09:52:20.936+0800][39.682s][info][gc,phases      ] GC(1608) Marking Phase 2.124ms
[2026-06-17T09:52:20.937+0800][39.683s][info][gc,phases,start] GC(1608) Summary Phase
[2026-06-17T09:52:20.937+0800][39.683s][info][gc,phases      ] GC(1608) Summary Phase 0.556ms
[2026-06-17T09:52:20.938+0800][39.683s][info][gc,phases,start] GC(1608) Adjust Roots
[2026-06-17T09:52:20.938+0800][39.684s][info][gc,phases      ] GC(1608) Adjust Roots 0.516ms
[2026-06-17T09:52:20.939+0800][39.684s][info][gc,phases,start] GC(1608) Compaction Phase
[2026-06-17T09:52:20.941+0800][39.687s][info][gc,phases      ] GC(1608) Compaction Phase 2.580ms
[2026-06-17T09:52:20.942+0800][39.687s][info][gc,phases,start] GC(1608) Post Compact
[2026-06-17T09:52:20.942+0800][39.688s][info][gc,phases      ] GC(1608) Post Compact 0.371ms
[2026-06-17T09:52:20.942+0800][39.688s][info][gc,heap        ] GC(1608) PSYoungGen: 1589K->0K(15360K)
[2026-06-17T09:52:20.942+0800][39.688s][info][gc,heap        ] GC(1608) ParOldGen: 40925K->28861K(44032K)
[2026-06-17T09:52:20.943+0800][39.689s][info][gc,metaspace   ] GC(1608) Metaspace: 3161K(4864K)->3161K(4864K) NonClass: 2856K(4352K)->2856K(4352K) Class: 305K(512K)->305K(512K)
[2026-06-17T09:52:20.943+0800][39.689s][info][gc             ] GC(1608) Pause Full (Ergonomics) 41M->28M(58M) 9.245ms
[2026-06-17T09:52:20.943+0800][39.689s][info][gc,cpu         ] GC(1608) User=0.01s Sys=0.00s Real=0.01s
[2026-06-17T09:52:20.976+0800][39.722s][info][gc,start       ] GC(1609) Pause Young (Allocation Failure)
[2026-06-17T09:52:20.978+0800][39.724s][info][gc,heap        ] GC(1609) PSYoungGen: 9213K->2233K(15360K)
[2026-06-17T09:52:20.979+0800][39.725s][info][gc,heap        ] GC(1609) ParOldGen: 28861K->28861K(44032K)
[2026-06-17T09:52:20.979+0800][39.725s][info][gc,metaspace   ] GC(1609) Metaspace: 3161K(4864K)->3161K(4864K) NonClass: 2856K(4352K)->2856K(4352K) Class: 305K(512K)->305K(512K)
[2026-06-17T09:52:20.980+0800][39.726s][info][gc             ] GC(1609) Pause Young (Allocation Failure) 37M->30M(58M) 4.095ms
[2026-06-17T09:52:20.980+0800][39.726s][info][gc,cpu         ] GC(1609) User=0.00s Sys=0.00s Real=0.00s
[2026-06-17T09:52:21.004+0800][39.750s][info][gc,start       ] GC(1610) Pause Young (Allocation Failure)
[2026-06-17T09:52:21.006+0800][39.752s][info][gc,heap        ] GC(1610) PSYoungGen: 11444K->3635K(15360K)
[2026-06-17T09:52:21.007+0800][39.753s][info][gc,heap        ] GC(1610) ParOldGen: 28861K->30064K(44032K)
[2026-06-17T09:52:21.008+0800][39.753s][info][gc,metaspace   ] GC(1610) Metaspace: 3161K(4864K)->3161K(4864K) NonClass: 2856K(4352K)->2856K(4352K) Class: 305K(512K)->305K(512K)
[2026-06-17T09:52:21.008+0800][39.754s][info][gc             ] GC(1610) Pause Young (Allocation Failure) 39M->32M(58M) 4.510ms
[2026-06-17T09:52:21.009+0800][39.755s][info][gc,cpu         ] GC(1610) User=0.00s Sys=0.00s Real=0.00s
[2026-06-17T09:52:21.031+0800][39.777s][info][gc,start       ] GC(1611) Pause Young (Allocation Failure)
[2026-06-17T09:52:21.034+0800][39.780s][info][gc,heap        ] GC(1611) PSYoungGen: 12834K->4197K(15360K)
[2026-06-17T09:52:21.037+0800][39.783s][info][gc,heap        ] GC(1611) ParOldGen: 30064K->31655K(44032K)
[2026-06-17T09:52:21.037+0800][39.783s][info][gc,metaspace   ] GC(1611) Metaspace: 3161K(4864K)->3161K(4864K) NonClass: 2856K(4352K)->2856K(4352K) Class: 305K(512K)->305K(512K)
[2026-06-17T09:52:21.038+0800][39.784s][info][gc             ] GC(1611) Pause Young (Allocation Failure) 41M->35M(58M) 6.811ms
[2026-06-17T09:52:21.039+0800][39.784s][info][gc,cpu         ] GC(1611) User=0.01s Sys=0.00s Real=0.00s
[2026-06-17T09:52:21.061+0800][39.807s][info][gc,start       ] GC(1612) Pause Young (Allocation Failure)
[2026-06-17T09:52:21.063+0800][39.809s][info][gc,heap        ] GC(1612) PSYoungGen: 13321K->829K(15360K)
[2026-06-17T09:52:21.064+0800][39.810s][info][gc,heap        ] GC(1612) ParOldGen: 31655K->33844K(44032K)
[2026-06-17T09:52:21.065+0800][39.811s][info][gc,metaspace   ] GC(1612) Metaspace: 3161K(4864K)->3161K(4864K) NonClass: 2856K(4352K)->2856K(4352K) Class: 305K(512K)->305K(512K)
[2026-06-17T09:52:21.066+0800][39.812s][info][gc             ] GC(1612) Pause Young (Allocation Failure) 43M->33M(58M) 4.481ms
[2026-06-17T09:52:21.067+0800][39.812s][info][gc,cpu         ] GC(1612) User=0.00s Sys=0.00s Real=0.01s
[2026-06-17T09:52:21.099+0800][39.845s][info][gc,start       ] GC(1613) Pause Young (Allocation Failure)
[2026-06-17T09:52:21.101+0800][39.847s][info][gc,heap        ] GC(1613) PSYoungGen: 10001K->2376K(15360K)
[2026-06-17T09:52:21.101+0800][39.847s][info][gc,heap        ] GC(1613) ParOldGen: 33844K->34650K(44032K)
[2026-06-17T09:52:21.102+0800][39.848s][info][gc,metaspace   ] GC(1613) Metaspace: 3161K(4864K)->3161K(4864K) NonClass: 2856K(4352K)->2856K(4352K) Class: 305K(512K)->305K(512K)
[2026-06-17T09:52:21.103+0800][39.848s][info][gc             ] GC(1613) Pause Young (Allocation Failure) 42M->36M(58M) 3.170ms
[2026-06-17T09:52:21.103+0800][39.849s][info][gc,cpu         ] GC(1613) User=0.00s Sys=0.00s Real=0.01s
[2026-06-17T09:52:21.125+0800][39.871s][info][gc,start       ] GC(1614) Pause Young (Allocation Failure)
[2026-06-17T09:52:21.127+0800][39.873s][info][gc,heap        ] GC(1614) PSYoungGen: 11558K->3595K(15360K)
[2026-06-17T09:52:21.128+0800][39.874s][info][gc,heap        ] GC(1614) ParOldGen: 34650K->36014K(44032K)
[2026-06-17T09:52:21.129+0800][39.875s][info][gc,metaspace   ] GC(1614) Metaspace: 3161K(4864K)->3161K(4864K) NonClass: 2856K(4352K)->2856K(4352K) Class: 305K(512K)->305K(512K)
[2026-06-17T09:52:21.129+0800][39.875s][info][gc             ] GC(1614) Pause Young (Allocation Failure) 45M->38M(58M) 4.421ms
[2026-06-17T09:52:21.130+0800][39.876s][info][gc,cpu         ] GC(1614) User=0.00s Sys=0.00s Real=0.00s
[2026-06-17T09:52:21.152+0800][39.898s][info][gc,start       ] GC(1615) Pause Young (Allocation Failure)
[2026-06-17T09:52:21.154+0800][39.900s][info][gc,heap        ] GC(1615) PSYoungGen: 12778K->4168K(15360K)
[2026-06-17T09:52:21.155+0800][39.900s][info][gc,heap        ] GC(1615) ParOldGen: 36014K->37759K(44032K)
[2026-06-17T09:52:21.155+0800][39.901s][info][gc,metaspace   ] GC(1615) Metaspace: 3161K(4864K)->3161K(4864K) NonClass: 2856K(4352K)->2856K(4352K) Class: 305K(512K)->305K(512K)
[2026-06-17T09:52:21.156+0800][39.902s][info][gc             ] GC(1615) Pause Young (Allocation Failure) 47M->40M(58M) 3.856ms
[2026-06-17T09:52:21.156+0800][39.902s][info][gc,cpu         ] GC(1615) User=0.00s Sys=0.00s Real=0.00s
[2026-06-17T09:52:21.179+0800][39.925s][info][gc,start       ] GC(1616) Pause Young (Allocation Failure)
[2026-06-17T09:52:21.181+0800][39.927s][info][gc,heap        ] GC(1616) PSYoungGen: 13359K->4043K(15360K)
[2026-06-17T09:52:21.184+0800][39.930s][info][gc,heap        ] GC(1616) ParOldGen: 37759K->39988K(44032K)
[2026-06-17T09:52:21.189+0800][39.934s][info][gc,metaspace   ] GC(1616) Metaspace: 3161K(4864K)->3161K(4864K) NonClass: 2856K(4352K)->2856K(4352K) Class: 305K(512K)->305K(512K)
[2026-06-17T09:52:21.189+0800][39.935s][info][gc             ] GC(1616) Pause Young (Allocation Failure) 49M->43M(58M) 10.216ms
[2026-06-17T09:52:21.190+0800][39.935s][info][gc,cpu         ] GC(1616) User=0.00s Sys=0.00s Real=0.01s
[2026-06-17T09:52:21.212+0800][39.958s][info][gc,start       ] GC(1617) Pause Young (Allocation Failure)
[2026-06-17T09:52:21.213+0800][39.959s][info][gc,heap        ] GC(1617) PSYoungGen: 13246K->4670K(14336K)
[2026-06-17T09:52:21.214+0800][39.960s][info][gc,heap        ] GC(1617) ParOldGen: 39988K->41426K(44032K)
[2026-06-17T09:52:21.214+0800][39.960s][info][gc,metaspace   ] GC(1617) Metaspace: 3161K(4864K)->3161K(4864K) NonClass: 2856K(4352K)->2856K(4352K) Class: 305K(512K)->305K(512K)
[2026-06-17T09:52:21.215+0800][39.961s][info][gc             ] GC(1617) Pause Young (Allocation Failure) 51M->45M(57M) 3.110ms
[2026-06-17T09:52:21.215+0800][39.961s][info][gc,cpu         ] GC(1617) User=0.00s Sys=0.00s Real=0.00s
[2026-06-17T09:52:21.216+0800][39.961s][info][gc,start       ] GC(1618) Pause Full (Ergonomics)
[2026-06-17T09:52:21.216+0800][39.962s][info][gc,phases,start] GC(1618) Marking Phase
[2026-06-17T09:52:21.217+0800][39.963s][info][gc,phases      ] GC(1618) Marking Phase 1.432ms
[2026-06-17T09:52:21.218+0800][39.964s][info][gc,phases,start] GC(1618) Summary Phase
[2026-06-17T09:52:21.218+0800][39.964s][info][gc,phases      ] GC(1618) Summary Phase 0.180ms
[2026-06-17T09:52:21.218+0800][39.964s][info][gc,phases,start] GC(1618) Adjust Roots
[2026-06-17T09:52:21.219+0800][39.964s][info][gc,phases      ] GC(1618) Adjust Roots 0.359ms
[2026-06-17T09:52:21.219+0800][39.965s][info][gc,phases,start] GC(1618) Compaction Phase
[2026-06-17T09:52:21.220+0800][39.966s][info][gc,phases      ] GC(1618) Compaction Phase 1.711ms
[2026-06-17T09:52:21.221+0800][39.967s][info][gc,phases,start] GC(1618) Post Compact
[2026-06-17T09:52:21.221+0800][39.967s][info][gc,phases      ] GC(1618) Post Compact 0.253ms
[2026-06-17T09:52:21.221+0800][39.967s][info][gc,heap        ] GC(1618) PSYoungGen: 4670K->0K(14848K)
[2026-06-17T09:52:21.221+0800][39.967s][info][gc,heap        ] GC(1618) ParOldGen: 41426K->26978K(44032K)
[2026-06-17T09:52:21.221+0800][39.967s][info][gc,metaspace   ] GC(1618) Metaspace: 3161K(4864K)->3161K(4864K) NonClass: 2856K(4352K)->2856K(4352K) Class: 305K(512K)->305K(512K)
[2026-06-17T09:52:21.222+0800][39.967s][info][gc             ] GC(1618) Pause Full (Ergonomics) 45M->26M(57M) 6.058ms
[2026-06-17T09:52:21.222+0800][39.968s][info][gc,cpu         ] GC(1618) User=0.00s Sys=0.00s Real=0.00s
[2026-06-17T09:52:21.243+0800][39.989s][info][gc,start       ] GC(1619) Pause Young (Allocation Failure)
[2026-06-17T09:52:21.246+0800][39.992s][info][gc,heap        ] GC(1619) PSYoungGen: 8184K->4590K(14848K)
[2026-06-17T09:52:21.247+0800][39.993s][info][gc,heap        ] GC(1619) ParOldGen: 26978K->26978K(44032K)
[2026-06-17T09:52:21.249+0800][39.995s][info][gc,metaspace   ] GC(1619) Metaspace: 3161K(4864K)->3161K(4864K) NonClass: 2856K(4352K)->2856K(4352K) Class: 305K(512K)->305K(512K)
[2026-06-17T09:52:21.252+0800][39.998s][info][gc             ] GC(1619) Pause Young (Allocation Failure) 34M->30M(57M) 8.535ms
[2026-06-17T09:52:21.252+0800][39.998s][info][gc,cpu         ] GC(1619) User=0.01s Sys=0.00s Real=0.01s
[2026-06-17T09:52:21.275+0800][40.021s][info][gc,start       ] GC(1620) Pause Young (Allocation Failure)
[2026-06-17T09:52:21.277+0800][40.023s][info][gc,heap        ] GC(1620) PSYoungGen: 12732K->2050K(14848K)
[2026-06-17T09:52:21.278+0800][40.023s][info][gc,heap        ] GC(1620) ParOldGen: 26978K->30406K(44032K)
[2026-06-17T09:52:21.278+0800][40.024s][info][gc,metaspace   ] GC(1620) Metaspace: 3161K(4864K)->3161K(4864K) NonClass: 2856K(4352K)->2856K(4352K) Class: 305K(512K)->305K(512K)
[2026-06-17T09:52:21.279+0800][40.024s][info][gc             ] GC(1620) Pause Young (Allocation Failure) 38M->31M(57M) 3.214ms
[2026-06-17T09:52:21.279+0800][40.025s][info][gc,cpu         ] GC(1620) User=0.00s Sys=0.00s Real=0.00s
[2026-06-17T09:52:21.301+0800][40.046s][info][gc,start       ] GC(1621) Pause Young (Allocation Failure)
[2026-06-17T09:52:21.301+0800][40.047s][info][gc,heap        ] GC(1621) PSYoungGen: 10240K->3397K(14848K)
[2026-06-17T09:52:21.302+0800][40.047s][info][gc,heap        ] GC(1621) ParOldGen: 30406K->30406K(44032K)
[2026-06-17T09:52:21.302+0800][40.048s][info][gc,metaspace   ] GC(1621) Metaspace: 3161K(4864K)->3161K(4864K) NonClass: 2856K(4352K)->2856K(4352K) Class: 305K(512K)->305K(512K)
[2026-06-17T09:52:21.302+0800][40.048s][info][gc             ] GC(1621) Pause Young (Allocation Failure) 39M->33M(57M) 1.451ms
[2026-06-17T09:52:21.302+0800][40.048s][info][gc,cpu         ] GC(1621) User=0.00s Sys=0.00s Real=0.00s
[2026-06-17T09:52:21.324+0800][40.070s][info][gc,start       ] GC(1622) Pause Young (Allocation Failure)
[2026-06-17T09:52:21.326+0800][40.072s][info][gc,heap        ] GC(1622) PSYoungGen: 11538K->3194K(14848K)
[2026-06-17T09:52:21.326+0800][40.072s][info][gc,heap        ] GC(1622) ParOldGen: 30406K->32018K(44032K)
[2026-06-17T09:52:21.327+0800][40.073s][info][gc,metaspace   ] GC(1622) Metaspace: 3161K(4864K)->3161K(4864K) NonClass: 2856K(4352K)->2856K(4352K) Class: 305K(512K)->305K(512K)
[2026-06-17T09:52:21.327+0800][40.073s][info][gc             ] GC(1622) Pause Young (Allocation Failure) 40M->34M(57M) 3.736ms
[2026-06-17T09:52:21.328+0800][40.074s][info][gc,cpu         ] GC(1622) User=0.00s Sys=0.00s Real=0.00s
[2026-06-17T09:52:21.352+0800][40.098s][info][gc,start       ] GC(1623) Pause Young (Allocation Failure)
[2026-06-17T09:52:21.353+0800][40.099s][info][gc,heap        ] GC(1623) PSYoungGen: 11357K->2925K(15360K)
[2026-06-17T09:52:21.354+0800][40.099s][info][gc,heap        ] GC(1623) ParOldGen: 32018K->33672K(44032K)
[2026-06-17T09:52:21.354+0800][40.100s][info][gc,metaspace   ] GC(1623) Metaspace: 3161K(4864K)->3161K(4864K) NonClass: 2856K(4352K)->2856K(4352K) Class: 305K(512K)->305K(512K)
[2026-06-17T09:52:21.354+0800][40.100s][info][gc             ] GC(1623) Pause Young (Allocation Failure) 42M->35M(58M) 2.252ms
[2026-06-17T09:52:21.355+0800][40.101s][info][gc,cpu         ] GC(1623) User=0.00s Sys=0.00s Real=0.00s
[2026-06-17T09:52:21.377+0800][40.122s][info][gc,start       ] GC(1624) Pause Young (Allocation Failure)
[2026-06-17T09:52:21.378+0800][40.124s][info][gc,heap        ] GC(1624) PSYoungGen: 12141K->5343K(14848K)
[2026-06-17T09:52:21.379+0800][40.125s][info][gc,heap        ] GC(1624) ParOldGen: 33672K->33672K(44032K)
[2026-06-17T09:52:21.379+0800][40.125s][info][gc,metaspace   ] GC(1624) Metaspace: 3161K(4864K)->3161K(4864K) NonClass: 2856K(4352K)->2856K(4352K) Class: 305K(512K)->305K(512K)
[2026-06-17T09:52:21.380+0800][40.126s][info][gc             ] GC(1624) Pause Young (Allocation Failure) 44M->38M(57M) 3.566ms
[2026-06-17T09:52:21.381+0800][40.126s][info][gc,cpu         ] GC(1624) User=0.00s Sys=0.00s Real=0.00s
[2026-06-17T09:52:21.403+0800][40.149s][info][gc,start       ] GC(1625) Pause Young (Allocation Failure)
[2026-06-17T09:52:21.406+0800][40.152s][info][gc,heap        ] GC(1625) PSYoungGen: 14541K->5424K(13824K)
[2026-06-17T09:52:21.407+0800][40.153s][info][gc,heap        ] GC(1625) ParOldGen: 33672K->35524K(44032K)
[2026-06-17T09:52:21.408+0800][40.153s][info][gc,metaspace   ] GC(1625) Metaspace: 3161K(4864K)->3161K(4864K) NonClass: 2856K(4352K)->2856K(4352K) Class: 305K(512K)->305K(512K)
[2026-06-17T09:52:21.408+0800][40.154s][info][gc             ] GC(1625) Pause Young (Allocation Failure) 47M->39M(56M) 4.912ms
[2026-06-17T09:52:21.409+0800][40.155s][info][gc,cpu         ] GC(1625) User=0.00s Sys=0.01s Real=0.00s
[2026-06-17T09:52:21.431+0800][40.177s][info][gc,start       ] GC(1626) Pause Young (Allocation Failure)
[2026-06-17T09:52:21.433+0800][40.179s][info][gc,heap        ] GC(1626) PSYoungGen: 12547K->2679K(14336K)
[2026-06-17T09:52:21.434+0800][40.179s][info][gc,heap        ] GC(1626) ParOldGen: 35524K->38543K(44032K)
[2026-06-17T09:52:21.434+0800][40.180s][info][gc,metaspace   ] GC(1626) Metaspace: 3161K(4864K)->3161K(4864K) NonClass: 2856K(4352K)->2856K(4352K) Class: 305K(512K)->305K(512K)
[2026-06-17T09:52:21.435+0800][40.181s][info][gc             ] GC(1626) Pause Young (Allocation Failure) 46M->40M(57M) 3.845ms
[2026-06-17T09:52:21.437+0800][40.183s][info][gc,cpu         ] GC(1626) User=0.00s Sys=0.00s Real=0.00s
[2026-06-17T09:52:21.460+0800][40.206s][info][gc,start       ] GC(1627) Pause Young (Allocation Failure)
[2026-06-17T09:52:21.461+0800][40.207s][info][gc,heap        ] GC(1627) PSYoungGen: 9825K->2750K(14848K)
[2026-06-17T09:52:21.461+0800][40.207s][info][gc,heap        ] GC(1627) ParOldGen: 38543K->38543K(44032K)
[2026-06-17T09:52:21.462+0800][40.208s][info][gc,metaspace   ] GC(1627) Metaspace: 3161K(4864K)->3161K(4864K) NonClass: 2856K(4352K)->2856K(4352K) Class: 305K(512K)->305K(512K)
[2026-06-17T09:52:21.463+0800][40.208s][info][gc             ] GC(1627) Pause Young (Allocation Failure) 47M->40M(57M) 2.878ms
[2026-06-17T09:52:21.463+0800][40.209s][info][gc,cpu         ] GC(1627) User=0.00s Sys=0.00s Real=0.01s
[2026-06-17T09:52:21.486+0800][40.232s][info][gc,start       ] GC(1628) Pause Young (Allocation Failure)
[2026-06-17T09:52:21.488+0800][40.234s][info][gc,heap        ] GC(1628) PSYoungGen: 10918K->2445K(14848K)
[2026-06-17T09:52:21.489+0800][40.234s][info][gc,heap        ] GC(1628) ParOldGen: 38543K->40084K(44032K)
[2026-06-17T09:52:21.489+0800][40.235s][info][gc,metaspace   ] GC(1628) Metaspace: 3161K(4864K)->3161K(4864K) NonClass: 2856K(4352K)->2856K(4352K) Class: 305K(512K)->305K(512K)
[2026-06-17T09:52:21.490+0800][40.236s][info][gc             ] GC(1628) Pause Young (Allocation Failure) 48M->41M(57M) 3.966ms
[2026-06-17T09:52:21.490+0800][40.236s][info][gc,cpu         ] GC(1628) User=0.00s Sys=0.00s Real=0.00s
[2026-06-17T09:52:21.513+0800][40.258s][info][gc,start       ] GC(1629) Pause Young (Allocation Failure)
[2026-06-17T09:52:21.514+0800][40.260s][info][gc,heap        ] GC(1629) PSYoungGen: 10594K->1237K(14848K)
[2026-06-17T09:52:21.514+0800][40.260s][info][gc,heap        ] GC(1629) ParOldGen: 40084K->42231K(44032K)
[2026-06-17T09:52:21.515+0800][40.261s][info][gc,metaspace   ] GC(1629) Metaspace: 3161K(4864K)->3161K(4864K) NonClass: 2856K(4352K)->2856K(4352K) Class: 305K(512K)->305K(512K)
[2026-06-17T09:52:21.516+0800][40.262s][info][gc             ] GC(1629) Pause Young (Allocation Failure) 49M->42M(57M) 3.197ms
[2026-06-17T09:52:21.516+0800][40.262s][info][gc,cpu         ] GC(1629) User=0.00s Sys=0.00s Real=0.00s
[2026-06-17T09:52:21.517+0800][40.262s][info][gc,start       ] GC(1630) Pause Full (Ergonomics)
[2026-06-17T09:52:21.517+0800][40.263s][info][gc,phases,start] GC(1630) Marking Phase
[2026-06-17T09:52:21.518+0800][40.264s][info][gc,phases      ] GC(1630) Marking Phase 1.283ms
[2026-06-17T09:52:21.519+0800][40.265s][info][gc,phases,start] GC(1630) Summary Phase
[2026-06-17T09:52:21.519+0800][40.265s][info][gc,phases      ] GC(1630) Summary Phase 0.198ms
[2026-06-17T09:52:21.519+0800][40.265s][info][gc,phases,start] GC(1630) Adjust Roots
[2026-06-17T09:52:21.520+0800][40.265s][info][gc,phases      ] GC(1630) Adjust Roots 0.509ms
[2026-06-17T09:52:21.520+0800][40.266s][info][gc,phases,start] GC(1630) Compaction Phase
[2026-06-17T09:52:21.522+0800][40.268s][info][gc,phases      ] GC(1630) Compaction Phase 2.225ms
[2026-06-17T09:52:21.522+0800][40.268s][info][gc,phases,start] GC(1630) Post Compact
[2026-06-17T09:52:21.523+0800][40.269s][info][gc,phases      ] GC(1630) Post Compact 0.228ms
[2026-06-17T09:52:21.523+0800][40.269s][info][gc,heap        ] GC(1630) PSYoungGen: 1237K->0K(14848K)
[2026-06-17T09:52:21.523+0800][40.269s][info][gc,heap        ] GC(1630) ParOldGen: 42231K->24508K(44032K)
[2026-06-17T09:52:21.523+0800][40.269s][info][gc,metaspace   ] GC(1630) Metaspace: 3161K(4864K)->3161K(4864K) NonClass: 2856K(4352K)->2856K(4352K) Class: 305K(512K)->305K(512K)
[2026-06-17T09:52:21.523+0800][40.269s][info][gc             ] GC(1630) Pause Full (Ergonomics) 42M->23M(57M) 6.566ms
[2026-06-17T09:52:21.523+0800][40.269s][info][gc,cpu         ] GC(1630) User=0.00s Sys=0.00s Real=0.01s
[2026-06-17T09:52:21.545+0800][40.291s][info][gc,start       ] GC(1631) Pause Young (Allocation Failure)
[2026-06-17T09:52:21.546+0800][40.292s][info][gc,heap        ] GC(1631) PSYoungGen: 8178K->4843K(14848K)
[2026-06-17T09:52:21.546+0800][40.292s][info][gc,heap        ] GC(1631) ParOldGen: 24508K->24508K(44032K)
[2026-06-17T09:52:21.547+0800][40.293s][info][gc,metaspace   ] GC(1631) Metaspace: 3161K(4864K)->3161K(4864K) NonClass: 2856K(4352K)->2856K(4352K) Class: 305K(512K)->305K(512K)
[2026-06-17T09:52:21.547+0800][40.293s][info][gc             ] GC(1631) Pause Young (Allocation Failure) 31M->28M(57M) 1.993ms
[2026-06-17T09:52:21.547+0800][40.293s][info][gc,cpu         ] GC(1631) User=0.00s Sys=0.00s Real=0.00s
[2026-06-17T09:52:21.569+0800][40.315s][info][gc,start       ] GC(1632) Pause Young (Allocation Failure)
[2026-06-17T09:52:21.571+0800][40.317s][info][gc,heap        ] GC(1632) PSYoungGen: 12998K->2125K(14848K)
[2026-06-17T09:52:21.571+0800][40.317s][info][gc,heap        ] GC(1632) ParOldGen: 24508K->28511K(44032K)
[2026-06-17T09:52:21.571+0800][40.317s][info][gc,metaspace   ] GC(1632) Metaspace: 3161K(4864K)->3161K(4864K) NonClass: 2856K(4352K)->2856K(4352K) Class: 305K(512K)->305K(512K)
[2026-06-17T09:52:21.572+0800][40.318s][info][gc             ] GC(1632) Pause Young (Allocation Failure) 36M->29M(57M) 2.671ms
[2026-06-17T09:52:21.572+0800][40.318s][info][gc,cpu         ] GC(1632) User=0.00s Sys=0.00s Real=0.01s
[2026-06-17T09:52:21.594+0800][40.340s][info][gc,start       ] GC(1633) Pause Young (Allocation Failure)
[2026-06-17T09:52:21.596+0800][40.342s][info][gc,heap        ] GC(1633) PSYoungGen: 10279K->2098K(14848K)
[2026-06-17T09:52:21.596+0800][40.342s][info][gc,heap        ] GC(1633) ParOldGen: 28511K->29891K(44032K)
[2026-06-17T09:52:21.597+0800][40.343s][info][gc,metaspace   ] GC(1633) Metaspace: 3161K(4864K)->3161K(4864K) NonClass: 2856K(4352K)->2856K(4352K) Class: 305K(512K)->305K(512K)
[2026-06-17T09:52:21.598+0800][40.343s][info][gc             ] GC(1633) Pause Young (Allocation Failure) 37M->31M(57M) 3.730ms
[2026-06-17T09:52:21.598+0800][40.344s][info][gc,cpu         ] GC(1633) User=0.00s Sys=0.00s Real=0.00s
[2026-06-17T09:52:21.620+0800][40.366s][info][gc,start       ] GC(1634) Pause Young (Allocation Failure)
[2026-06-17T09:52:21.645+0800][40.391s][info][gc,heap        ] GC(1634) PSYoungGen: 10289K->3474K(14848K)
[2026-06-17T09:52:21.647+0800][40.393s][info][gc,heap        ] GC(1634) ParOldGen: 29891K->29891K(44032K)
[2026-06-17T09:52:21.659+0800][40.404s][info][gc,metaspace   ] GC(1634) Metaspace: 3161K(4864K)->3161K(4864K) NonClass: 2856K(4352K)->2856K(4352K) Class: 305K(512K)->305K(512K)
[2026-06-17T09:52:21.659+0800][40.405s][info][gc             ] GC(1634) Pause Young (Allocation Failure) 39M->32M(57M) 38.517ms
[2026-06-17T09:52:21.716+0800][40.462s][info][gc,cpu         ] GC(1634) User=0.00s Sys=0.00s Real=0.10s
[2026-06-17T09:52:21.728+0800][40.474s][info][gc,start       ] GC(1635) Pause Young (Allocation Failure)
[2026-06-17T09:52:21.756+0800][40.502s][info][gc,heap        ] GC(1635) PSYoungGen: 11545K->2367K(15360K)
[2026-06-17T09:52:21.758+0800][40.504s][info][gc,heap        ] GC(1635) ParOldGen: 29891K->31740K(44032K)
[2026-06-17T09:52:21.759+0800][40.505s][info][gc,metaspace   ] GC(1635) Metaspace: 3161K(4864K)->3161K(4864K) NonClass: 2856K(4352K)->2856K(4352K) Class: 305K(512K)->305K(512K)
[2026-06-17T09:52:21.760+0800][40.506s][info][gc             ] GC(1635) Pause Young (Allocation Failure) 40M->33M(58M) 31.865ms
[2026-06-17T09:52:21.762+0800][40.508s][info][gc,cpu         ] GC(1635) User=0.01s Sys=0.00s Real=0.03s
[2026-06-17T09:52:21.795+0800][40.541s][info][gc,start       ] GC(1636) Pause Young (Allocation Failure)
[2026-06-17T09:52:21.796+0800][40.542s][info][gc,heap        ] GC(1636) PSYoungGen: 11071K->1701K(14848K)
[2026-06-17T09:52:21.801+0800][40.547s][info][gc,heap        ] GC(1636) ParOldGen: 31740K->34083K(44032K)
[2026-06-17T09:52:21.806+0800][40.552s][info][gc,metaspace   ] GC(1636) Metaspace: 3161K(4864K)->3161K(4864K) NonClass: 2856K(4352K)->2856K(4352K) Class: 305K(512K)->305K(512K)
[2026-06-17T09:52:21.807+0800][40.553s][info][gc             ] GC(1636) Pause Young (Allocation Failure) 41M->34M(57M) 11.754ms
[2026-06-17T09:52:21.810+0800][40.556s][info][gc,cpu         ] GC(1636) User=0.00s Sys=0.00s Real=0.01s
[2026-06-17T09:52:21.832+0800][40.578s][info][gc,start       ] GC(1637) Pause Young (Allocation Failure)
[2026-06-17T09:52:21.843+0800][40.589s][info][gc,heap        ] GC(1637) PSYoungGen: 10403K->3318K(15360K)
[2026-06-17T09:52:21.844+0800][40.590s][info][gc,heap        ] GC(1637) ParOldGen: 34083K->34083K(44032K)
[2026-06-17T09:52:21.848+0800][40.594s][info][gc,metaspace   ] GC(1637) Metaspace: 3161K(4864K)->3161K(4864K) NonClass: 2856K(4352K)->2856K(4352K) Class: 305K(512K)->305K(512K)
[2026-06-17T09:52:21.853+0800][40.599s][info][gc             ] GC(1637) Pause Young (Allocation Failure) 43M->36M(58M) 20.853ms
[2026-06-17T09:52:21.855+0800][40.601s][info][gc,cpu         ] GC(1637) User=0.00s Sys=0.00s Real=0.02s
[2026-06-17T09:52:21.878+0800][40.624s][info][gc,start       ] GC(1638) Pause Young (Allocation Failure)
[2026-06-17T09:52:21.881+0800][40.627s][info][gc,heap        ] GC(1638) PSYoungGen: 12534K->5489K(14848K)
[2026-06-17T09:52:21.882+0800][40.628s][info][gc,heap        ] GC(1638) ParOldGen: 34083K->34083K(44032K)
[2026-06-17T09:52:21.884+0800][40.630s][info][gc,metaspace   ] GC(1638) Metaspace: 3161K(4864K)->3161K(4864K) NonClass: 2856K(4352K)->2856K(4352K) Class: 305K(512K)->305K(512K)
[2026-06-17T09:52:21.887+0800][40.633s][info][gc             ] GC(1638) Pause Young (Allocation Failure) 45M->38M(57M) 8.791ms
[2026-06-17T09:52:21.890+0800][40.636s][info][gc,cpu         ] GC(1638) User=0.00s Sys=0.00s Real=0.01s
[2026-06-17T09:52:21.915+0800][40.661s][info][gc,start       ] GC(1639) Pause Young (Allocation Failure)
[2026-06-17T09:52:21.918+0800][40.664s][info][gc,heap        ] GC(1639) PSYoungGen: 14705K->4739K(13824K)
[2026-06-17T09:52:21.920+0800][40.666s][info][gc,heap        ] GC(1639) ParOldGen: 34083K->34083K(44032K)
[2026-06-17T09:52:21.922+0800][40.668s][info][gc,metaspace   ] GC(1639) Metaspace: 3161K(4864K)->3161K(4864K) NonClass: 2856K(4352K)->2856K(4352K) Class: 305K(512K)->305K(512K)
[2026-06-17T09:52:21.923+0800][40.669s][info][gc             ] GC(1639) Pause Young (Allocation Failure) 47M->37M(56M) 8.001ms
[2026-06-17T09:52:21.924+0800][40.670s][info][gc,cpu         ] GC(1639) User=0.00s Sys=0.00s Real=0.01s
[2026-06-17T09:52:21.946+0800][40.692s][info][gc,start       ] GC(1640) Pause Young (Allocation Failure)
[2026-06-17T09:52:21.949+0800][40.695s][info][gc,heap        ] GC(1640) PSYoungGen: 11907K->7005K(14336K)
[2026-06-17T09:52:21.950+0800][40.696s][info][gc,heap        ] GC(1640) ParOldGen: 34083K->35455K(44032K)
[2026-06-17T09:52:21.951+0800][40.696s][info][gc,metaspace   ] GC(1640) Metaspace: 3161K(4864K)->3161K(4864K) NonClass: 2856K(4352K)->2856K(4352K) Class: 305K(512K)->305K(512K)
[2026-06-17T09:52:21.951+0800][40.697s][info][gc             ] GC(1640) Pause Young (Allocation Failure) 44M->41M(57M) 4.898ms
[2026-06-17T09:52:21.952+0800][40.698s][info][gc,cpu         ] GC(1640) User=0.00s Sys=0.00s Real=0.01s
[2026-06-17T09:52:21.974+0800][40.720s][info][gc,start       ] GC(1641) Pause Young (Allocation Failure)
[2026-06-17T09:52:21.977+0800][40.722s][info][gc,heap        ] GC(1641) PSYoungGen: 14153K->4785K(14336K)
[2026-06-17T09:52:21.977+0800][40.723s][info][gc,heap        ] GC(1641) ParOldGen: 35455K->38002K(44032K)
[2026-06-17T09:52:21.978+0800][40.724s][info][gc,metaspace   ] GC(1641) Metaspace: 3161K(4864K)->3161K(4864K) NonClass: 2856K(4352K)->2856K(4352K) Class: 305K(512K)->305K(512K)
[2026-06-17T09:52:21.978+0800][40.724s][info][gc             ] GC(1641) Pause Young (Allocation Failure) 48M->41M(57M) 4.128ms
[2026-06-17T09:52:21.979+0800][40.725s][info][gc,cpu         ] GC(1641) User=0.00s Sys=0.01s Real=0.00s
[2026-06-17T09:52:22.001+0800][40.747s][info][gc,start       ] GC(1642) Pause Young (Allocation Failure)
[2026-06-17T09:52:22.003+0800][40.749s][info][gc,heap        ] GC(1642) PSYoungGen: 11952K->4016K(14336K)
[2026-06-17T09:52:22.004+0800][40.750s][info][gc,heap        ] GC(1642) ParOldGen: 38002K->38775K(44032K)
[2026-06-17T09:52:22.004+0800][40.750s][info][gc,metaspace   ] GC(1642) Metaspace: 3161K(4864K)->3161K(4864K) NonClass: 2856K(4352K)->2856K(4352K) Class: 305K(512K)->305K(512K)
[2026-06-17T09:52:22.005+0800][40.751s][info][gc             ] GC(1642) Pause Young (Allocation Failure) 48M->41M(57M) 3.856ms
[2026-06-17T09:52:22.005+0800][40.751s][info][gc,cpu         ] GC(1642) User=0.00s Sys=0.00s Real=0.01s
[2026-06-17T09:52:22.017+0800][40.763s][info][gc,start       ] GC(1643) Pause Young (Allocation Failure)
[2026-06-17T09:52:22.020+0800][40.765s][info][gc,heap        ] GC(1643) PSYoungGen: 11184K->4388K(14336K)
[2026-06-17T09:52:22.020+0800][40.766s][info][gc,heap        ] GC(1643) ParOldGen: 38775K->42330K(44032K)
[2026-06-17T09:52:22.021+0800][40.766s][info][gc,metaspace   ] GC(1643) Metaspace: 3161K(4864K)->3161K(4864K) NonClass: 2856K(4352K)->2856K(4352K) Class: 305K(512K)->305K(512K)
[2026-06-17T09:52:22.021+0800][40.767s][info][gc             ] GC(1643) Pause Young (Allocation Failure) 48M->45M(57M) 3.779ms
[2026-06-17T09:52:22.022+0800][40.767s][info][gc,cpu         ] GC(1643) User=0.01s Sys=0.00s Real=0.00s
[2026-06-17T09:52:22.022+0800][40.768s][info][gc,start       ] GC(1644) Pause Full (Ergonomics)
[2026-06-17T09:52:22.023+0800][40.768s][info][gc,phases,start] GC(1644) Marking Phase
[2026-06-17T09:52:22.025+0800][40.771s][info][gc,phases      ] GC(1644) Marking Phase 2.300ms
[2026-06-17T09:52:22.025+0800][40.771s][info][gc,phases,start] GC(1644) Summary Phase
[2026-06-17T09:52:22.026+0800][40.772s][info][gc,phases      ] GC(1644) Summary Phase 0.401ms
[2026-06-17T09:52:22.026+0800][40.772s][info][gc,phases,start] GC(1644) Adjust Roots
[2026-06-17T09:52:22.026+0800][40.772s][info][gc,phases      ] GC(1644) Adjust Roots 0.308ms
[2026-06-17T09:52:22.027+0800][40.773s][info][gc,phases,start] GC(1644) Compaction Phase
[2026-06-17T09:52:22.028+0800][40.774s][info][gc,phases      ] GC(1644) Compaction Phase 1.597ms
[2026-06-17T09:52:22.029+0800][40.774s][info][gc,phases,start] GC(1644) Post Compact
[2026-06-17T09:52:22.029+0800][40.775s][info][gc,phases      ] GC(1644) Post Compact 0.373ms
[2026-06-17T09:52:22.029+0800][40.775s][info][gc,heap        ] GC(1644) PSYoungGen: 4388K->0K(14336K)
[2026-06-17T09:52:22.029+0800][40.775s][info][gc,heap        ] GC(1644) ParOldGen: 42330K->25017K(44032K)
[2026-06-17T09:52:22.030+0800][40.775s][info][gc,metaspace   ] GC(1644) Metaspace: 3161K(4864K)->3161K(4864K) NonClass: 2856K(4352K)->2856K(4352K) Class: 305K(512K)->305K(512K)
[2026-06-17T09:52:22.030+0800][40.776s][info][gc             ] GC(1644) Pause Full (Ergonomics) 45M->24M(57M) 7.722ms
[2026-06-17T09:52:22.030+0800][40.776s][info][gc,cpu         ] GC(1644) User=0.00s Sys=0.00s Real=0.01s
[2026-06-17T09:52:22.051+0800][40.797s][info][gc,start       ] GC(1645) Pause Young (Allocation Failure)
[2026-06-17T09:52:22.054+0800][40.800s][info][gc,heap        ] GC(1645) PSYoungGen: 7158K->3919K(14336K)
[2026-06-17T09:52:22.054+0800][40.800s][info][gc,heap        ] GC(1645) ParOldGen: 25017K->25017K(44032K)
[2026-06-17T09:52:22.056+0800][40.802s][info][gc,metaspace   ] GC(1645) Metaspace: 3161K(4864K)->3161K(4864K) NonClass: 2856K(4352K)->2856K(4352K) Class: 305K(512K)->305K(512K)
[2026-06-17T09:52:22.057+0800][40.803s][info][gc             ] GC(1645) Pause Young (Allocation Failure) 31M->28M(57M) 5.621ms
[2026-06-17T09:52:22.058+0800][40.804s][info][gc,cpu         ] GC(1645) User=0.01s Sys=0.00s Real=0.00s
[2026-06-17T09:52:22.070+0800][40.816s][info][gc,start       ] GC(1646) Pause Young (Allocation Failure)
[2026-06-17T09:52:22.074+0800][40.820s][info][gc,heap        ] GC(1646) PSYoungGen: 11074K->5379K(14336K)
[2026-06-17T09:52:22.075+0800][40.821s][info][gc,heap        ] GC(1646) ParOldGen: 25017K->27310K(44032K)
[2026-06-17T09:52:22.076+0800][40.821s][info][gc,metaspace   ] GC(1646) Metaspace: 3161K(4864K)->3161K(4864K) NonClass: 2856K(4352K)->2856K(4352K) Class: 305K(512K)->305K(512K)
[2026-06-17T09:52:22.076+0800][40.822s][info][gc             ] GC(1646) Pause Young (Allocation Failure) 35M->31M(57M) 6.231ms
[2026-06-17T09:52:22.077+0800][40.823s][info][gc,cpu         ] GC(1646) User=0.00s Sys=0.00s Real=0.01s
[2026-06-17T09:52:22.099+0800][40.845s][info][gc,start       ] GC(1647) Pause Young (Allocation Failure)
[2026-06-17T09:52:22.102+0800][40.848s][info][gc,heap        ] GC(1647) PSYoungGen: 12391K->153K(14336K)
[2026-06-17T09:52:22.103+0800][40.849s][info][gc,heap        ] GC(1647) ParOldGen: 27310K->28887K(44032K)
[2026-06-17T09:52:22.104+0800][40.850s][info][gc,metaspace   ] GC(1647) Metaspace: 3161K(4864K)->3161K(4864K) NonClass: 2856K(4352K)->2856K(4352K) Class: 305K(512K)->305K(512K)
[2026-06-17T09:52:22.105+0800][40.851s][info][gc             ] GC(1647) Pause Young (Allocation Failure) 38M->28M(57M) 5.385ms
[2026-06-17T09:52:22.106+0800][40.851s][info][gc,cpu         ] GC(1647) User=0.00s Sys=0.00s Real=0.01s
[2026-06-17T09:52:22.128+0800][40.874s][info][gc,start       ] GC(1648) Pause Young (Allocation Failure)
[2026-06-17T09:52:22.130+0800][40.876s][info][gc,heap        ] GC(1648) PSYoungGen: 7305K->3583K(14336K)
[2026-06-17T09:52:22.131+0800][40.877s][info][gc,heap        ] GC(1648) ParOldGen: 28887K->29016K(44032K)
[2026-06-17T09:52:22.132+0800][40.878s][info][gc,metaspace   ] GC(1648) Metaspace: 3161K(4864K)->3161K(4864K) NonClass: 2856K(4352K)->2856K(4352K) Class: 305K(512K)->305K(512K)
[2026-06-17T09:52:22.133+0800][40.878s][info][gc             ] GC(1648) Pause Young (Allocation Failure) 35M->31M(57M) 4.537ms
[2026-06-17T09:52:22.134+0800][40.879s][info][gc,cpu         ] GC(1648) User=0.00s Sys=0.00s Real=0.01s
[2026-06-17T09:52:22.156+0800][40.902s][info][gc,start       ] GC(1649) Pause Young (Allocation Failure)
[2026-06-17T09:52:22.158+0800][40.904s][info][gc,heap        ] GC(1649) PSYoungGen: 10705K->2164K(14336K)
[2026-06-17T09:52:22.159+0800][40.905s][info][gc,heap        ] GC(1649) ParOldGen: 29016K->30582K(44032K)
[2026-06-17T09:52:22.160+0800][40.906s][info][gc,metaspace   ] GC(1649) Metaspace: 3161K(4864K)->3161K(4864K) NonClass: 2856K(4352K)->2856K(4352K) Class: 305K(512K)->305K(512K)
[2026-06-17T09:52:22.161+0800][40.906s][info][gc             ] GC(1649) Pause Young (Allocation Failure) 38M->31M(57M) 4.620ms
[2026-06-17T09:52:22.161+0800][40.907s][info][gc,cpu         ] GC(1649) User=0.00s Sys=0.00s Real=0.00s
[2026-06-17T09:52:22.184+0800][40.930s][info][gc,start       ] GC(1650) Pause Young (Allocation Failure)
[2026-06-17T09:52:22.186+0800][40.931s][info][gc,heap        ] GC(1650) PSYoungGen: 9316K->798K(14336K)
[2026-06-17T09:52:22.186+0800][40.932s][info][gc,heap        ] GC(1650) ParOldGen: 30582K->32086K(44032K)
[2026-06-17T09:52:22.187+0800][40.933s][info][gc,metaspace   ] GC(1650) Metaspace: 3161K(4864K)->3161K(4864K) NonClass: 2856K(4352K)->2856K(4352K) Class: 305K(512K)->305K(512K)
[2026-06-17T09:52:22.188+0800][40.934s][info][gc             ] GC(1650) Pause Young (Allocation Failure) 38M->32M(57M) 4.026ms
[2026-06-17T09:52:22.189+0800][40.934s][info][gc,cpu         ] GC(1650) User=0.00s Sys=0.00s Real=0.00s
[2026-06-17T09:52:22.201+0800][40.947s][info][gc,start       ] GC(1651) Pause Young (Allocation Failure)
[2026-06-17T09:52:22.203+0800][40.949s][info][gc,heap        ] GC(1651) PSYoungGen: 7946K->4519K(14336K)
[2026-06-17T09:52:22.203+0800][40.949s][info][gc,heap        ] GC(1651) ParOldGen: 32086K->32086K(44032K)
[2026-06-17T09:52:22.204+0800][40.950s][info][gc,metaspace   ] GC(1651) Metaspace: 3161K(4864K)->3161K(4864K) NonClass: 2856K(4352K)->2856K(4352K) Class: 305K(512K)->305K(512K)
[2026-06-17T09:52:22.204+0800][40.950s][info][gc             ] GC(1651) Pause Young (Allocation Failure) 39M->35M(57M) 3.712ms
[2026-06-17T09:52:22.205+0800][40.951s][info][gc,cpu         ] GC(1651) User=0.00s Sys=0.00s Real=0.01s
[2026-06-17T09:52:22.227+0800][40.973s][info][gc,start       ] GC(1652) Pause Young (Allocation Failure)
[2026-06-17T09:52:22.229+0800][40.975s][info][gc,heap        ] GC(1652) PSYoungGen: 11645K->2811K(14336K)
[2026-06-17T09:52:22.230+0800][40.976s][info][gc,heap        ] GC(1652) ParOldGen: 32086K->33903K(44032K)
[2026-06-17T09:52:22.231+0800][40.976s][info][gc,metaspace   ] GC(1652) Metaspace: 3161K(4864K)->3161K(4864K) NonClass: 2856K(4352K)->2856K(4352K) Class: 305K(512K)->305K(512K)
[2026-06-17T09:52:22.231+0800][40.977s][info][gc             ] GC(1652) Pause Young (Allocation Failure) 42M->35M(57M) 4.032ms
[2026-06-17T09:52:22.232+0800][40.978s][info][gc,cpu         ] GC(1652) User=0.00s Sys=0.00s Real=0.01s
[2026-06-17T09:52:22.254+0800][41.000s][info][gc,start       ] GC(1653) Pause Young (Allocation Failure)
[2026-06-17T09:52:22.256+0800][41.002s][info][gc,heap        ] GC(1653) PSYoungGen: 9979K->3188K(14848K)
[2026-06-17T09:52:22.258+0800][41.003s][info][gc,heap        ] GC(1653) ParOldGen: 33903K->33903K(44032K)
[2026-06-17T09:52:22.258+0800][41.004s][info][gc,metaspace   ] GC(1653) Metaspace: 3161K(4864K)->3161K(4864K) NonClass: 2856K(4352K)->2856K(4352K) Class: 305K(512K)->305K(512K)
[2026-06-17T09:52:22.259+0800][41.004s][info][gc             ] GC(1653) Pause Young (Allocation Failure) 42M->36M(57M) 4.337ms
[2026-06-17T09:52:22.259+0800][41.005s][info][gc,cpu         ] GC(1653) User=0.01s Sys=0.00s Real=0.00s
[2026-06-17T09:52:22.271+0800][41.017s][info][gc,start       ] GC(1654) Pause Young (Allocation Failure)
[2026-06-17T09:52:22.272+0800][41.018s][info][gc,heap        ] GC(1654) PSYoungGen: 10664K->2323K(14336K)
[2026-06-17T09:52:22.273+0800][41.019s][info][gc,heap        ] GC(1654) ParOldGen: 33903K->35730K(44032K)
[2026-06-17T09:52:22.273+0800][41.019s][info][gc,metaspace   ] GC(1654) Metaspace: 3161K(4864K)->3161K(4864K) NonClass: 2856K(4352K)->2856K(4352K) Class: 305K(512K)->305K(512K)
[2026-06-17T09:52:22.274+0800][41.020s][info][gc             ] GC(1654) Pause Young (Allocation Failure) 43M->37M(57M) 3.154ms
[2026-06-17T09:52:22.275+0800][41.021s][info][gc,cpu         ] GC(1654) User=0.00s Sys=0.00s Real=0.00s
[2026-06-17T09:52:22.299+0800][41.045s][info][gc,start       ] GC(1655) Pause Young (Allocation Failure)
[2026-06-17T09:52:22.302+0800][41.047s][info][gc,heap        ] GC(1655) PSYoungGen: 9975K->3885K(14848K)
[2026-06-17T09:52:22.302+0800][41.048s][info][gc,heap        ] GC(1655) ParOldGen: 35730K->38029K(44032K)
[2026-06-17T09:52:22.303+0800][41.049s][info][gc,metaspace   ] GC(1655) Metaspace: 3161K(4864K)->3161K(4864K) NonClass: 2856K(4352K)->2856K(4352K) Class: 305K(512K)->305K(512K)
[2026-06-17T09:52:22.304+0800][41.050s][info][gc             ] GC(1655) Pause Young (Allocation Failure) 44M->40M(57M) 4.878ms
[2026-06-17T09:52:22.305+0800][41.050s][info][gc,cpu         ] GC(1655) User=0.00s Sys=0.00s Real=0.01s
[2026-06-17T09:52:22.327+0800][41.073s][info][gc,start       ] GC(1656) Pause Young (Allocation Failure)
[2026-06-17T09:52:22.329+0800][41.075s][info][gc,heap        ] GC(1656) PSYoungGen: 12074K->4162K(14848K)
[2026-06-17T09:52:22.330+0800][41.075s][info][gc,heap        ] GC(1656) ParOldGen: 38029K->38870K(44032K)
[2026-06-17T09:52:22.330+0800][41.076s][info][gc,metaspace   ] GC(1656) Metaspace: 3161K(4864K)->3161K(4864K) NonClass: 2856K(4352K)->2856K(4352K) Class: 305K(512K)->305K(512K)
[2026-06-17T09:52:22.331+0800][41.076s][info][gc             ] GC(1656) Pause Young (Allocation Failure) 48M->42M(57M) 3.725ms
[2026-06-17T09:52:22.331+0800][41.077s][info][gc,cpu         ] GC(1656) User=0.01s Sys=0.00s Real=0.01s
[2026-06-17T09:52:22.353+0800][41.099s][info][gc,start       ] GC(1657) Pause Young (Allocation Failure)
[2026-06-17T09:52:22.354+0800][41.100s][info][gc,heap        ] GC(1657) PSYoungGen: 12282K->347K(14848K)
[2026-06-17T09:52:22.354+0800][41.100s][info][gc,heap        ] GC(1657) ParOldGen: 38870K->40501K(44032K)
[2026-06-17T09:52:22.354+0800][41.100s][info][gc,metaspace   ] GC(1657) Metaspace: 3161K(4864K)->3161K(4864K) NonClass: 2856K(4352K)->2856K(4352K) Class: 305K(512K)->305K(512K)
[2026-06-17T09:52:22.354+0800][41.100s][info][gc             ] GC(1657) Pause Young (Allocation Failure) 49M->39M(57M) 1.485ms
[2026-06-17T09:52:22.355+0800][41.101s][info][gc,cpu         ] GC(1657) User=0.00s Sys=0.00s Real=0.00s
[2026-06-17T09:52:22.376+0800][41.122s][info][gc,start       ] GC(1658) Pause Young (Allocation Failure)
[2026-06-17T09:52:22.378+0800][41.124s][info][gc,heap        ] GC(1658) PSYoungGen: 8525K->4858K(13312K)
[2026-06-17T09:52:22.379+0800][41.125s][info][gc,heap        ] GC(1658) ParOldGen: 40501K->40824K(44032K)
[2026-06-17T09:52:22.379+0800][41.125s][info][gc,metaspace   ] GC(1658) Metaspace: 3161K(4864K)->3161K(4864K) NonClass: 2856K(4352K)->2856K(4352K) Class: 305K(512K)->305K(512K)
[2026-06-17T09:52:22.380+0800][41.126s][info][gc             ] GC(1658) Pause Young (Allocation Failure) 47M->44M(56M) 3.324ms
[2026-06-17T09:52:22.380+0800][41.126s][info][gc,cpu         ] GC(1658) User=0.00s Sys=0.00s Real=0.00s
[2026-06-17T09:52:22.402+0800][41.148s][info][gc,start       ] GC(1659) Pause Young (Allocation Failure)
[2026-06-17T09:52:22.404+0800][41.150s][info][gc,heap        ] GC(1659) PSYoungGen: 13001K->4149K(14336K)
[2026-06-17T09:52:22.405+0800][41.150s][info][gc,heap        ] GC(1659) ParOldGen: 40824K->42457K(44032K)
[2026-06-17T09:52:22.405+0800][41.151s][info][gc,metaspace   ] GC(1659) Metaspace: 3161K(4864K)->3161K(4864K) NonClass: 2856K(4352K)->2856K(4352K) Class: 305K(512K)->305K(512K)
[2026-06-17T09:52:22.406+0800][41.151s][info][gc             ] GC(1659) Pause Young (Allocation Failure) 52M->45M(57M) 3.404ms
[2026-06-17T09:52:22.406+0800][41.152s][info][gc,cpu         ] GC(1659) User=0.01s Sys=0.00s Real=0.01s
[2026-06-17T09:52:22.406+0800][41.152s][info][gc,start       ] GC(1660) Pause Full (Ergonomics)
[2026-06-17T09:52:22.407+0800][41.153s][info][gc,phases,start] GC(1660) Marking Phase
[2026-06-17T09:52:22.409+0800][41.155s][info][gc,phases      ] GC(1660) Marking Phase 2.038ms
[2026-06-17T09:52:22.409+0800][41.155s][info][gc,phases,start] GC(1660) Summary Phase
[2026-06-17T09:52:22.409+0800][41.155s][info][gc,phases      ] GC(1660) Summary Phase 0.271ms
[2026-06-17T09:52:22.410+0800][41.156s][info][gc,phases,start] GC(1660) Adjust Roots
[2026-06-17T09:52:22.410+0800][41.156s][info][gc,phases      ] GC(1660) Adjust Roots 0.400ms
[2026-06-17T09:52:22.410+0800][41.156s][info][gc,phases,start] GC(1660) Compaction Phase
[2026-06-17T09:52:22.413+0800][41.158s][info][gc,phases      ] GC(1660) Compaction Phase 2.126ms
[2026-06-17T09:52:22.413+0800][41.159s][info][gc,phases,start] GC(1660) Post Compact
[2026-06-17T09:52:22.413+0800][41.159s][info][gc,phases      ] GC(1660) Post Compact 0.430ms
[2026-06-17T09:52:22.414+0800][41.160s][info][gc,heap        ] GC(1660) PSYoungGen: 4149K->0K(14336K)
[2026-06-17T09:52:22.415+0800][41.161s][info][gc,heap        ] GC(1660) ParOldGen: 42457K->25126K(44032K)
[2026-06-17T09:52:22.416+0800][41.162s][info][gc,metaspace   ] GC(1660) Metaspace: 3161K(4864K)->3161K(4864K) NonClass: 2856K(4352K)->2856K(4352K) Class: 305K(512K)->305K(512K)
[2026-06-17T09:52:22.416+0800][41.162s][info][gc             ] GC(1660) Pause Full (Ergonomics) 45M->24M(57M) 9.835ms
[2026-06-17T09:52:22.417+0800][41.163s][info][gc,cpu         ] GC(1660) User=0.00s Sys=0.01s Real=0.01s
[2026-06-17T09:52:22.439+0800][41.184s][info][gc,start       ] GC(1661) Pause Young (Allocation Failure)
[2026-06-17T09:52:22.440+0800][41.186s][info][gc,heap        ] GC(1661) PSYoungGen: 7168K->3784K(14336K)
[2026-06-17T09:52:22.441+0800][41.187s][info][gc,heap        ] GC(1661) ParOldGen: 25126K->25126K(44032K)
[2026-06-17T09:52:22.441+0800][41.187s][info][gc,metaspace   ] GC(1661) Metaspace: 3161K(4864K)->3161K(4864K) NonClass: 2856K(4352K)->2856K(4352K) Class: 305K(512K)->305K(512K)
[2026-06-17T09:52:22.442+0800][41.188s][info][gc             ] GC(1661) Pause Young (Allocation Failure) 31M->28M(57M) 3.241ms
[2026-06-17T09:52:22.442+0800][41.188s][info][gc,cpu         ] GC(1661) User=0.00s Sys=0.00s Real=0.00s
[2026-06-17T09:52:22.464+0800][41.210s][info][gc,start       ] GC(1662) Pause Young (Allocation Failure)
[2026-06-17T09:52:22.467+0800][41.212s][info][gc,heap        ] GC(1662) PSYoungGen: 10940K->2252K(14336K)
[2026-06-17T09:52:22.467+0800][41.213s][info][gc,heap        ] GC(1662) ParOldGen: 25126K->26417K(44032K)
[2026-06-17T09:52:22.468+0800][41.214s][info][gc,metaspace   ] GC(1662) Metaspace: 3161K(4864K)->3161K(4864K) NonClass: 2856K(4352K)->2856K(4352K) Class: 305K(512K)->305K(512K)
[2026-06-17T09:52:22.469+0800][41.215s][info][gc             ] GC(1662) Pause Young (Allocation Failure) 35M->27M(57M) 4.570ms
[2026-06-17T09:52:22.469+0800][41.215s][info][gc,cpu         ] GC(1662) User=0.00s Sys=0.00s Real=0.00s
[2026-06-17T09:52:22.481+0800][41.227s][info][gc,start       ] GC(1663) Pause Young (Allocation Failure)
[2026-06-17T09:52:22.483+0800][41.228s][info][gc,heap        ] GC(1663) PSYoungGen: 9196K->32K(13824K)
[2026-06-17T09:52:22.483+0800][41.229s][info][gc,heap        ] GC(1663) ParOldGen: 26417K->28459K(44032K)
[2026-06-17T09:52:22.484+0800][41.230s][info][gc,metaspace   ] GC(1663) Metaspace: 3161K(4864K)->3161K(4864K) NonClass: 2856K(4352K)->2856K(4352K) Class: 305K(512K)->305K(512K)
[2026-06-17T09:52:22.485+0800][41.230s][info][gc             ] GC(1663) Pause Young (Allocation Failure) 34M->27M(56M) 3.564ms
[2026-06-17T09:52:22.485+0800][41.231s][info][gc,cpu         ] GC(1663) User=0.01s Sys=0.00s Real=0.01s
[2026-06-17T09:52:22.507+0800][41.253s][info][gc,start       ] GC(1664) Pause Young (Allocation Failure)
[2026-06-17T09:52:22.509+0800][41.255s][info][gc,heap        ] GC(1664) PSYoungGen: 7176K->3677K(14336K)
[2026-06-17T09:52:22.511+0800][41.257s][info][gc,heap        ] GC(1664) ParOldGen: 28459K->28467K(44032K)
[2026-06-17T09:52:22.514+0800][41.259s][info][gc,metaspace   ] GC(1664) Metaspace: 3161K(4864K)->3161K(4864K) NonClass: 2856K(4352K)->2856K(4352K) Class: 305K(512K)->305K(512K)
[2026-06-17T09:52:22.515+0800][41.261s][info][gc             ] GC(1664) Pause Young (Allocation Failure) 34M->31M(57M) 8.395ms
[2026-06-17T09:52:22.516+0800][41.262s][info][gc,cpu         ] GC(1664) User=0.00s Sys=0.00s Real=0.01s
[2026-06-17T09:52:22.530+0800][41.275s][info][gc,start       ] GC(1665) Pause Young (Allocation Failure)
[2026-06-17T09:52:22.533+0800][41.279s][info][gc,heap        ] GC(1665) PSYoungGen: 10841K->1448K(14848K)
[2026-06-17T09:52:22.536+0800][41.282s][info][gc,heap        ] GC(1665) ParOldGen: 28467K->30886K(44032K)
[2026-06-17T09:52:22.537+0800][41.283s][info][gc,metaspace   ] GC(1665) Metaspace: 3161K(4864K)->3161K(4864K) NonClass: 2856K(4352K)->2856K(4352K) Class: 305K(512K)->305K(512K)
[2026-06-17T09:52:22.537+0800][41.283s][info][gc             ] GC(1665) Pause Young (Allocation Failure) 38M->31M(57M) 7.774ms
[2026-06-17T09:52:22.538+0800][41.284s][info][gc,cpu         ] GC(1665) User=0.00s Sys=0.00s Real=0.01s
[2026-06-17T09:52:22.560+0800][41.306s][info][gc,start       ] GC(1666) Pause Young (Allocation Failure)
[2026-06-17T09:52:22.563+0800][41.309s][info][gc,heap        ] GC(1666) PSYoungGen: 9119K->4344K(14336K)
[2026-06-17T09:52:22.564+0800][41.310s][info][gc,heap        ] GC(1666) ParOldGen: 30886K->32310K(44032K)
[2026-06-17T09:52:22.564+0800][41.310s][info][gc,metaspace   ] GC(1666) Metaspace: 3161K(4864K)->3161K(4864K) NonClass: 2856K(4352K)->2856K(4352K) Class: 305K(512K)->305K(512K)
[2026-06-17T09:52:22.565+0800][41.311s][info][gc             ] GC(1666) Pause Young (Allocation Failure) 39M->35M(57M) 4.668ms
[2026-06-17T09:52:22.566+0800][41.312s][info][gc,cpu         ] GC(1666) User=0.01s Sys=0.00s Real=0.01s
[2026-06-17T09:52:22.588+0800][41.334s][info][gc,start       ] GC(1667) Pause Young (Allocation Failure)
[2026-06-17T09:52:22.590+0800][41.336s][info][gc,heap        ] GC(1667) PSYoungGen: 12018K->3073K(14848K)
[2026-06-17T09:52:22.591+0800][41.336s][info][gc,heap        ] GC(1667) ParOldGen: 32310K->34129K(44032K)
[2026-06-17T09:52:22.591+0800][41.337s][info][gc,metaspace   ] GC(1667) Metaspace: 3161K(4864K)->3161K(4864K) NonClass: 2856K(4352K)->2856K(4352K) Class: 305K(512K)->305K(512K)
[2026-06-17T09:52:22.592+0800][41.338s][info][gc             ] GC(1667) Pause Young (Allocation Failure) 43M->36M(57M) 3.924ms
[2026-06-17T09:52:22.592+0800][41.338s][info][gc,cpu         ] GC(1667) User=0.00s Sys=0.00s Real=0.01s
[2026-06-17T09:52:22.615+0800][41.360s][info][gc,start       ] GC(1668) Pause Young (Allocation Failure)
[2026-06-17T09:52:22.617+0800][41.363s][info][gc,heap        ] GC(1668) PSYoungGen: 10714K->2198K(14336K)
[2026-06-17T09:52:22.618+0800][41.363s][info][gc,heap        ] GC(1668) ParOldGen: 34129K->35912K(44032K)
[2026-06-17T09:52:22.618+0800][41.364s][info][gc,metaspace   ] GC(1668) Metaspace: 3161K(4864K)->3161K(4864K) NonClass: 2856K(4352K)->2856K(4352K) Class: 305K(512K)->305K(512K)
[2026-06-17T09:52:22.619+0800][41.365s][info][gc             ] GC(1668) Pause Young (Allocation Failure) 43M->37M(57M) 4.205ms
[2026-06-17T09:52:22.619+0800][41.365s][info][gc,cpu         ] GC(1668) User=0.00s Sys=0.00s Real=0.00s
[2026-06-17T09:52:22.642+0800][41.388s][info][gc,start       ] GC(1669) Pause Young (Allocation Failure)
[2026-06-17T09:52:22.644+0800][41.389s][info][gc,heap        ] GC(1669) PSYoungGen: 9838K->2945K(15360K)
[2026-06-17T09:52:22.644+0800][41.390s][info][gc,heap        ] GC(1669) ParOldGen: 35912K->35912K(44032K)
[2026-06-17T09:52:22.645+0800][41.391s][info][gc,metaspace   ] GC(1669) Metaspace: 3161K(4864K)->3161K(4864K) NonClass: 2856K(4352K)->2856K(4352K) Class: 305K(512K)->305K(512K)
[2026-06-17T09:52:22.646+0800][41.392s][info][gc             ] GC(1669) Pause Young (Allocation Failure) 44M->37M(58M) 4.569ms
[2026-06-17T09:52:22.647+0800][41.393s][info][gc,cpu         ] GC(1669) User=0.00s Sys=0.00s Real=0.01s
[2026-06-17T09:52:22.670+0800][41.415s][info][gc,start       ] GC(1670) Pause Young (Allocation Failure)
[2026-06-17T09:52:22.671+0800][41.417s][info][gc,heap        ] GC(1670) PSYoungGen: 11619K->3112K(14848K)
[2026-06-17T09:52:22.672+0800][41.418s][info][gc,heap        ] GC(1670) ParOldGen: 35912K->37847K(44032K)
[2026-06-17T09:52:22.672+0800][41.418s][info][gc,metaspace   ] GC(1670) Metaspace: 3161K(4864K)->3161K(4864K) NonClass: 2856K(4352K)->2856K(4352K) Class: 305K(512K)->305K(512K)
[2026-06-17T09:52:22.673+0800][41.419s][info][gc             ] GC(1670) Pause Young (Allocation Failure) 46M->39M(57M) 3.346ms
[2026-06-17T09:52:22.674+0800][41.419s][info][gc,cpu         ] GC(1670) User=0.00s Sys=0.00s Real=0.01s
[2026-06-17T09:52:22.695+0800][41.441s][info][gc,start       ] GC(1671) Pause Young (Allocation Failure)
[2026-06-17T09:52:22.697+0800][41.443s][info][gc,heap        ] GC(1671) PSYoungGen: 11801K->2470K(15872K)
[2026-06-17T09:52:22.697+0800][41.443s][info][gc,heap        ] GC(1671) ParOldGen: 37847K->39994K(44032K)
[2026-06-17T09:52:22.698+0800][41.444s][info][gc,metaspace   ] GC(1671) Metaspace: 3161K(4864K)->3161K(4864K) NonClass: 2856K(4352K)->2856K(4352K) Class: 305K(512K)->305K(512K)
[2026-06-17T09:52:22.698+0800][41.444s][info][gc             ] GC(1671) Pause Young (Allocation Failure) 48M->41M(58M) 2.741ms
[2026-06-17T09:52:22.699+0800][41.444s][info][gc,cpu         ] GC(1671) User=0.00s Sys=0.00s Real=0.00s
[2026-06-17T09:52:22.721+0800][41.467s][info][gc,start       ] GC(1672) Pause Young (Allocation Failure)
[2026-06-17T09:52:22.723+0800][41.469s][info][gc,heap        ] GC(1672) PSYoungGen: 12183K->5410K(15360K)
[2026-06-17T09:52:22.723+0800][41.469s][info][gc,heap        ] GC(1672) ParOldGen: 39994K->39994K(44032K)
[2026-06-17T09:52:22.724+0800][41.470s][info][gc,metaspace   ] GC(1672) Metaspace: 3161K(4864K)->3161K(4864K) NonClass: 2856K(4352K)->2856K(4352K) Class: 305K(512K)->305K(512K)
[2026-06-17T09:52:22.724+0800][41.470s][info][gc             ] GC(1672) Pause Young (Allocation Failure) 50M->44M(58M) 3.574ms
[2026-06-17T09:52:22.725+0800][41.471s][info][gc,cpu         ] GC(1672) User=0.00s Sys=0.00s Real=0.01s
[2026-06-17T09:52:22.748+0800][41.494s][info][gc,start       ] GC(1673) Pause Young (Allocation Failure)
[2026-06-17T09:52:22.750+0800][41.496s][info][gc,heap        ] GC(1673) PSYoungGen: 14846K->2037K(15360K)
[2026-06-17T09:52:22.751+0800][41.497s][info][gc,heap        ] GC(1673) ParOldGen: 39994K->41975K(44032K)
[2026-06-17T09:52:22.751+0800][41.497s][info][gc,metaspace   ] GC(1673) Metaspace: 3161K(4864K)->3161K(4864K) NonClass: 2856K(4352K)->2856K(4352K) Class: 305K(512K)->305K(512K)
[2026-06-17T09:52:22.752+0800][41.498s][info][gc             ] GC(1673) Pause Young (Allocation Failure) 53M->42M(58M) 3.462ms
[2026-06-17T09:52:22.752+0800][41.498s][info][gc,cpu         ] GC(1673) User=0.01s Sys=0.00s Real=0.01s
[2026-06-17T09:52:22.753+0800][41.498s][info][gc,start       ] GC(1674) Pause Full (Ergonomics)
[2026-06-17T09:52:22.753+0800][41.499s][info][gc,phases,start] GC(1674) Marking Phase
[2026-06-17T09:52:22.755+0800][41.501s][info][gc,phases      ] GC(1674) Marking Phase 2.110ms
[2026-06-17T09:52:22.755+0800][41.501s][info][gc,phases,start] GC(1674) Summary Phase
[2026-06-17T09:52:22.756+0800][41.502s][info][gc,phases      ] GC(1674) Summary Phase 0.874ms
[2026-06-17T09:52:22.757+0800][41.502s][info][gc,phases,start] GC(1674) Adjust Roots
[2026-06-17T09:52:22.757+0800][41.503s][info][gc,phases      ] GC(1674) Adjust Roots 0.451ms
[2026-06-17T09:52:22.757+0800][41.503s][info][gc,phases,start] GC(1674) Compaction Phase
[2026-06-17T09:52:22.759+0800][41.505s][info][gc,phases      ] GC(1674) Compaction Phase 2.129ms
[2026-06-17T09:52:22.760+0800][41.506s][info][gc,phases,start] GC(1674) Post Compact
[2026-06-17T09:52:22.760+0800][41.506s][info][gc,phases      ] GC(1674) Post Compact 0.291ms
[2026-06-17T09:52:22.760+0800][41.506s][info][gc,heap        ] GC(1674) PSYoungGen: 2037K->0K(15360K)
[2026-06-17T09:52:22.761+0800][41.506s][info][gc,heap        ] GC(1674) ParOldGen: 41975K->31049K(44032K)
[2026-06-17T09:52:22.761+0800][41.507s][info][gc,metaspace   ] GC(1674) Metaspace: 3161K(4864K)->3161K(4864K) NonClass: 2856K(4352K)->2856K(4352K) Class: 305K(512K)->305K(512K)
[2026-06-17T09:52:22.761+0800][41.507s][info][gc             ] GC(1674) Pause Full (Ergonomics) 42M->30M(58M) 8.305ms
[2026-06-17T09:52:22.761+0800][41.507s][info][gc,cpu         ] GC(1674) User=0.00s Sys=0.01s Real=0.00s
[2026-06-17T09:52:22.783+0800][41.529s][info][gc,start       ] GC(1675) Pause Young (Allocation Failure)
[2026-06-17T09:52:22.784+0800][41.530s][info][gc,heap        ] GC(1675) PSYoungGen: 9021K->2339K(15360K)
[2026-06-17T09:52:22.785+0800][41.531s][info][gc,heap        ] GC(1675) ParOldGen: 31049K->31049K(44032K)
[2026-06-17T09:52:22.785+0800][41.531s][info][gc,metaspace   ] GC(1675) Metaspace: 3161K(4864K)->3161K(4864K) NonClass: 2856K(4352K)->2856K(4352K) Class: 305K(512K)->305K(512K)
[2026-06-17T09:52:22.785+0800][41.531s][info][gc             ] GC(1675) Pause Young (Allocation Failure) 39M->32M(58M) 2.383ms
[2026-06-17T09:52:22.786+0800][41.532s][info][gc,cpu         ] GC(1675) User=0.00s Sys=0.00s Real=0.00s
[2026-06-17T09:52:22.819+0800][41.564s][info][gc,start       ] GC(1676) Pause Young (Allocation Failure)
[2026-06-17T09:52:22.821+0800][41.567s][info][gc,heap        ] GC(1676) PSYoungGen: 11532K->2230K(15360K)
[2026-06-17T09:52:22.821+0800][41.567s][info][gc,heap        ] GC(1676) ParOldGen: 31049K->33364K(44032K)
[2026-06-17T09:52:22.822+0800][41.568s][info][gc,metaspace   ] GC(1676) Metaspace: 3161K(4864K)->3161K(4864K) NonClass: 2856K(4352K)->2856K(4352K) Class: 305K(512K)->305K(512K)
[2026-06-17T09:52:22.822+0800][41.568s][info][gc             ] GC(1676) Pause Young (Allocation Failure) 41M->34M(58M) 3.749ms
[2026-06-17T09:52:22.823+0800][41.569s][info][gc,cpu         ] GC(1676) User=0.00s Sys=0.00s Real=0.01s
[2026-06-17T09:52:22.845+0800][41.591s][info][gc,start       ] GC(1677) Pause Young (Allocation Failure)
[2026-06-17T09:52:22.847+0800][41.593s][info][gc,heap        ] GC(1677) PSYoungGen: 11434K->3066K(15872K)
[2026-06-17T09:52:22.848+0800][41.594s][info][gc,heap        ] GC(1677) ParOldGen: 33364K->34586K(44032K)
[2026-06-17T09:52:22.848+0800][41.594s][info][gc,metaspace   ] GC(1677) Metaspace: 3161K(4864K)->3161K(4864K) NonClass: 2856K(4352K)->2856K(4352K) Class: 305K(512K)->305K(512K)
[2026-06-17T09:52:22.849+0800][41.595s][info][gc             ] GC(1677) Pause Young (Allocation Failure) 43M->36M(58M) 3.610ms
[2026-06-17T09:52:22.850+0800][41.595s][info][gc,cpu         ] GC(1677) User=0.00s Sys=0.00s Real=0.00s
[2026-06-17T09:52:22.872+0800][41.618s][info][gc,start       ] GC(1678) Pause Young (Allocation Failure)
[2026-06-17T09:52:22.874+0800][41.620s][info][gc,heap        ] GC(1678) PSYoungGen: 12782K->3593K(15360K)
[2026-06-17T09:52:22.875+0800][41.621s][info][gc,heap        ] GC(1678) ParOldGen: 34586K->36993K(44032K)
[2026-06-17T09:52:22.876+0800][41.622s][info][gc,metaspace   ] GC(1678) Metaspace: 3161K(4864K)->3161K(4864K) NonClass: 2856K(4352K)->2856K(4352K) Class: 305K(512K)->305K(512K)
[2026-06-17T09:52:22.876+0800][41.622s][info][gc             ] GC(1678) Pause Young (Allocation Failure) 46M->39M(58M) 3.984ms
[2026-06-17T09:52:22.877+0800][41.623s][info][gc,cpu         ] GC(1678) User=0.00s Sys=0.00s Real=0.00s
[2026-06-17T09:52:22.899+0800][41.645s][info][gc,start       ] GC(1679) Pause Young (Allocation Failure)
[2026-06-17T09:52:22.900+0800][41.646s][info][gc,heap        ] GC(1679) PSYoungGen: 13141K->1019K(15872K)
[2026-06-17T09:52:22.901+0800][41.647s][info][gc,heap        ] GC(1679) ParOldGen: 36993K->38893K(44032K)
[2026-06-17T09:52:22.901+0800][41.647s][info][gc,metaspace   ] GC(1679) Metaspace: 3161K(4864K)->3161K(4864K) NonClass: 2856K(4352K)->2856K(4352K) Class: 305K(512K)->305K(512K)
[2026-06-17T09:52:22.902+0800][41.648s][info][gc             ] GC(1679) Pause Young (Allocation Failure) 48M->38M(58M) 2.770ms
[2026-06-17T09:52:22.902+0800][41.648s][info][gc,cpu         ] GC(1679) User=0.00s Sys=0.00s Real=0.00s
[2026-06-17T09:52:22.935+0800][41.681s][info][gc,start       ] GC(1680) Pause Young (Allocation Failure)
[2026-06-17T09:52:22.937+0800][41.683s][info][gc,heap        ] GC(1680) PSYoungGen: 11229K->3590K(15872K)
[2026-06-17T09:52:22.938+0800][41.683s][info][gc,heap        ] GC(1680) ParOldGen: 38893K->39889K(44032K)
[2026-06-17T09:52:22.939+0800][41.684s][info][gc,metaspace   ] GC(1680) Metaspace: 3161K(4864K)->3161K(4864K) NonClass: 2856K(4352K)->2856K(4352K) Class: 305K(512K)->305K(512K)
[2026-06-17T09:52:22.939+0800][41.685s][info][gc             ] GC(1680) Pause Young (Allocation Failure) 48M->42M(58M) 4.051ms
[2026-06-17T09:52:22.939+0800][41.685s][info][gc,cpu         ] GC(1680) User=0.00s Sys=0.00s Real=0.00s
[2026-06-17T09:52:22.972+0800][41.718s][info][gc,start       ] GC(1681) Pause Young (Allocation Failure)
[2026-06-17T09:52:22.975+0800][41.721s][info][gc,heap        ] GC(1681) PSYoungGen: 13791K->2335K(15872K)
[2026-06-17T09:52:22.978+0800][41.724s][info][gc,heap        ] GC(1681) ParOldGen: 39889K->40922K(44032K)
[2026-06-17T09:52:22.982+0800][41.728s][info][gc,metaspace   ] GC(1681) Metaspace: 3161K(4864K)->3161K(4864K) NonClass: 2856K(4352K)->2856K(4352K) Class: 305K(512K)->305K(512K)
[2026-06-17T09:52:22.986+0800][41.732s][info][gc             ] GC(1681) Pause Young (Allocation Failure) 52M->42M(58M) 14.088ms
[2026-06-17T09:52:22.988+0800][41.733s][info][gc,cpu         ] GC(1681) User=0.01s Sys=0.00s Real=0.01s
[2026-06-17T09:52:22.990+0800][41.736s][info][gc,start       ] GC(1682) Pause Full (Ergonomics)
[2026-06-17T09:52:22.992+0800][41.738s][info][gc,phases,start] GC(1682) Marking Phase
[2026-06-17T09:52:22.997+0800][41.743s][info][gc,phases      ] GC(1682) Marking Phase 4.752ms
[2026-06-17T09:52:22.999+0800][41.745s][info][gc,phases,start] GC(1682) Summary Phase
[2026-06-17T09:52:23.000+0800][41.746s][info][gc,phases      ] GC(1682) Summary Phase 0.457ms
[2026-06-17T09:52:23.000+0800][41.746s][info][gc,phases,start] GC(1682) Adjust Roots
[2026-06-17T09:52:23.001+0800][41.747s][info][gc,phases      ] GC(1682) Adjust Roots 1.193ms
[2026-06-17T09:52:23.002+0800][41.748s][info][gc,phases,start] GC(1682) Compaction Phase
[2026-06-17T09:52:23.006+0800][41.752s][info][gc,phases      ] GC(1682) Compaction Phase 4.302ms
[2026-06-17T09:52:23.007+0800][41.753s][info][gc,phases,start] GC(1682) Post Compact
[2026-06-17T09:52:23.007+0800][41.753s][info][gc,phases      ] GC(1682) Post Compact 0.578ms
[2026-06-17T09:52:23.008+0800][41.754s][info][gc,heap        ] GC(1682) PSYoungGen: 2335K->0K(15872K)
[2026-06-17T09:52:23.008+0800][41.754s][info][gc,heap        ] GC(1682) ParOldGen: 40922K->26504K(44032K)
[2026-06-17T09:52:23.009+0800][41.755s][info][gc,metaspace   ] GC(1682) Metaspace: 3161K(4864K)->3161K(4864K) NonClass: 2856K(4352K)->2856K(4352K) Class: 305K(512K)->305K(512K)
[2026-06-17T09:52:23.009+0800][41.755s][info][gc             ] GC(1682) Pause Full (Ergonomics) 42M->25M(58M) 19.180ms
[2026-06-17T09:52:23.009+0800][41.755s][info][gc,cpu         ] GC(1682) User=0.01s Sys=0.00s Real=0.02s
[2026-06-17T09:52:23.031+0800][41.777s][info][gc,start       ] GC(1683) Pause Young (Allocation Failure)
[2026-06-17T09:52:23.034+0800][41.779s][info][gc,heap        ] GC(1683) PSYoungGen: 10205K->5370K(14848K)
[2026-06-17T09:52:23.034+0800][41.780s][info][gc,heap        ] GC(1683) ParOldGen: 26504K->27815K(44032K)
[2026-06-17T09:52:23.035+0800][41.780s][info][gc,metaspace   ] GC(1683) Metaspace: 3161K(4864K)->3161K(4864K) NonClass: 2856K(4352K)->2856K(4352K) Class: 305K(512K)->305K(512K)
[2026-06-17T09:52:23.035+0800][41.781s][info][gc             ] GC(1683) Pause Young (Allocation Failure) 35M->32M(57M) 3.988ms
[2026-06-17T09:52:23.036+0800][41.782s][info][gc,cpu         ] GC(1683) User=0.00s Sys=0.00s Real=0.00s
[2026-06-17T09:52:23.058+0800][41.804s][info][gc,start       ] GC(1684) Pause Young (Allocation Failure)
[2026-06-17T09:52:23.061+0800][41.806s][info][gc,heap        ] GC(1684) PSYoungGen: 14566K->2539K(15360K)
[2026-06-17T09:52:23.061+0800][41.807s][info][gc,heap        ] GC(1684) ParOldGen: 27815K->32881K(44032K)
[2026-06-17T09:52:23.061+0800][41.807s][info][gc,metaspace   ] GC(1684) Metaspace: 3161K(4864K)->3161K(4864K) NonClass: 2856K(4352K)->2856K(4352K) Class: 305K(512K)->305K(512K)
[2026-06-17T09:52:23.062+0800][41.808s][info][gc             ] GC(1684) Pause Young (Allocation Failure) 41M->34M(58M) 3.623ms
[2026-06-17T09:52:23.062+0800][41.808s][info][gc,cpu         ] GC(1684) User=0.01s Sys=0.00s Real=0.00s
[2026-06-17T09:52:23.084+0800][41.830s][info][gc,start       ] GC(1685) Pause Young (Allocation Failure)
[2026-06-17T09:52:23.086+0800][41.832s][info][gc,heap        ] GC(1685) PSYoungGen: 11718K->2584K(15360K)
[2026-06-17T09:52:23.089+0800][41.835s][info][gc,heap        ] GC(1685) ParOldGen: 32881K->34846K(44032K)
[2026-06-17T09:52:23.090+0800][41.836s][info][gc,metaspace   ] GC(1685) Metaspace: 3161K(4864K)->3161K(4864K) NonClass: 2856K(4352K)->2856K(4352K) Class: 305K(512K)->305K(512K)
[2026-06-17T09:52:23.092+0800][41.838s][info][gc             ] GC(1685) Pause Young (Allocation Failure) 43M->36M(58M) 7.427ms
[2026-06-17T09:52:23.094+0800][41.840s][info][gc,cpu         ] GC(1685) User=0.00s Sys=0.00s Real=0.01s
[2026-06-17T09:52:23.118+0800][41.864s][info][gc,start       ] GC(1686) Pause Young (Allocation Failure)
[2026-06-17T09:52:23.120+0800][41.866s][info][gc,heap        ] GC(1686) PSYoungGen: 11788K->5038K(14336K)
[2026-06-17T09:52:23.121+0800][41.866s][info][gc,heap        ] GC(1686) ParOldGen: 34846K->34846K(44032K)
[2026-06-17T09:52:23.121+0800][41.867s][info][gc,metaspace   ] GC(1686) Metaspace: 3161K(4864K)->3161K(4864K) NonClass: 2856K(4352K)->2856K(4352K) Class: 305K(512K)->305K(512K)
[2026-06-17T09:52:23.122+0800][41.868s][info][gc             ] GC(1686) Pause Young (Allocation Failure) 45M->38M(57M) 3.543ms
[2026-06-17T09:52:23.122+0800][41.868s][info][gc,cpu         ] GC(1686) User=0.00s Sys=0.00s Real=0.00s
[2026-06-17T09:52:23.155+0800][41.901s][info][gc,start       ] GC(1687) Pause Young (Allocation Failure)
[2026-06-17T09:52:23.157+0800][41.903s][info][gc,heap        ] GC(1687) PSYoungGen: 14213K->2207K(15360K)
[2026-06-17T09:52:23.158+0800][41.904s][info][gc,heap        ] GC(1687) ParOldGen: 34846K->36518K(44032K)
[2026-06-17T09:52:23.159+0800][41.904s][info][gc,metaspace   ] GC(1687) Metaspace: 3161K(4864K)->3161K(4864K) NonClass: 2856K(4352K)->2856K(4352K) Class: 305K(512K)->305K(512K)
[2026-06-17T09:52:23.159+0800][41.905s][info][gc             ] GC(1687) Pause Young (Allocation Failure) 47M->37M(58M) 4.469ms
[2026-06-17T09:52:23.160+0800][41.906s][info][gc,cpu         ] GC(1687) User=0.01s Sys=0.00s Real=0.00s
[2026-06-17T09:52:23.172+0800][41.918s][info][gc,start       ] GC(1688) Pause Young (Allocation Failure)
[2026-06-17T09:52:23.174+0800][41.920s][info][gc,heap        ] GC(1688) PSYoungGen: 10830K->1820K(14848K)
[2026-06-17T09:52:23.175+0800][41.921s][info][gc,heap        ] GC(1688) ParOldGen: 36518K->38383K(44032K)
[2026-06-17T09:52:23.176+0800][41.921s][info][gc,metaspace   ] GC(1688) Metaspace: 3161K(4864K)->3161K(4864K) NonClass: 2856K(4352K)->2856K(4352K) Class: 305K(512K)->305K(512K)
[2026-06-17T09:52:23.176+0800][41.922s][info][gc             ] GC(1688) Pause Young (Allocation Failure) 46M->39M(57M) 3.923ms
[2026-06-17T09:52:23.177+0800][41.922s][info][gc,cpu         ] GC(1688) User=0.00s Sys=0.00s Real=0.00s
[2026-06-17T09:52:23.208+0800][41.954s][info][gc,start       ] GC(1689) Pause Young (Allocation Failure)
[2026-06-17T09:52:23.210+0800][41.955s][info][gc,heap        ] GC(1689) PSYoungGen: 10514K->1838K(15360K)
[2026-06-17T09:52:23.210+0800][41.956s][info][gc,heap        ] GC(1689) ParOldGen: 38383K->40180K(44032K)
[2026-06-17T09:52:23.211+0800][41.957s][info][gc,metaspace   ] GC(1689) Metaspace: 3161K(4864K)->3161K(4864K) NonClass: 2856K(4352K)->2856K(4352K) Class: 305K(512K)->305K(512K)
[2026-06-17T09:52:23.212+0800][41.958s][info][gc             ] GC(1689) Pause Young (Allocation Failure) 47M->41M(58M) 3.570ms
[2026-06-17T09:52:23.213+0800][41.958s][info][gc,cpu         ] GC(1689) User=0.00s Sys=0.00s Real=0.01s
[2026-06-17T09:52:23.235+0800][41.981s][info][gc,start       ] GC(1690) Pause Young (Allocation Failure)
[2026-06-17T09:52:23.237+0800][41.983s][info][gc,heap        ] GC(1690) PSYoungGen: 11028K->3636K(15360K)
[2026-06-17T09:52:23.238+0800][41.984s][info][gc,heap        ] GC(1690) ParOldGen: 40180K->40548K(44032K)
[2026-06-17T09:52:23.239+0800][41.985s][info][gc,metaspace   ] GC(1690) Metaspace: 3161K(4864K)->3161K(4864K) NonClass: 2856K(4352K)->2856K(4352K) Class: 305K(512K)->305K(512K)
[2026-06-17T09:52:23.240+0800][41.986s][info][gc             ] GC(1690) Pause Young (Allocation Failure) 50M->43M(58M) 5.169ms
[2026-06-17T09:52:23.241+0800][41.986s][info][gc,cpu         ] GC(1690) User=0.00s Sys=0.01s Real=0.00s
[2026-06-17T09:52:23.263+0800][42.009s][info][gc,start       ] GC(1691) Pause Young (Allocation Failure)
[2026-06-17T09:52:23.265+0800][42.011s][info][gc,heap        ] GC(1691) PSYoungGen: 12832K->3555K(15360K)
[2026-06-17T09:52:23.266+0800][42.012s][info][gc,heap        ] GC(1691) ParOldGen: 40548K->42891K(44032K)
[2026-06-17T09:52:23.267+0800][42.013s][info][gc,metaspace   ] GC(1691) Metaspace: 3161K(4864K)->3161K(4864K) NonClass: 2856K(4352K)->2856K(4352K) Class: 305K(512K)->305K(512K)
[2026-06-17T09:52:23.268+0800][42.013s][info][gc             ] GC(1691) Pause Young (Allocation Failure) 52M->45M(58M) 4.220ms
[2026-06-17T09:52:23.268+0800][42.014s][info][gc,cpu         ] GC(1691) User=0.00s Sys=0.00s Real=0.00s
[2026-06-17T09:52:23.269+0800][42.015s][info][gc,start       ] GC(1692) Pause Full (Ergonomics)
[2026-06-17T09:52:23.270+0800][42.016s][info][gc,phases,start] GC(1692) Marking Phase
[2026-06-17T09:52:23.272+0800][42.018s][info][gc,phases      ] GC(1692) Marking Phase 2.105ms
[2026-06-17T09:52:23.273+0800][42.019s][info][gc,phases,start] GC(1692) Summary Phase
[2026-06-17T09:52:23.274+0800][42.019s][info][gc,phases      ] GC(1692) Summary Phase 0.673ms
[2026-06-17T09:52:23.274+0800][42.020s][info][gc,phases,start] GC(1692) Adjust Roots
[2026-06-17T09:52:23.275+0800][42.021s][info][gc,phases      ] GC(1692) Adjust Roots 0.840ms
[2026-06-17T09:52:23.276+0800][42.022s][info][gc,phases,start] GC(1692) Compaction Phase
[2026-06-17T09:52:23.278+0800][42.024s][info][gc,phases      ] GC(1692) Compaction Phase 2.153ms
[2026-06-17T09:52:23.279+0800][42.024s][info][gc,phases,start] GC(1692) Post Compact
[2026-06-17T09:52:23.279+0800][42.025s][info][gc,phases      ] GC(1692) Post Compact 0.764ms
[2026-06-17T09:52:23.280+0800][42.026s][info][gc,heap        ] GC(1692) PSYoungGen: 3555K->0K(15360K)
[2026-06-17T09:52:23.281+0800][42.026s][info][gc,heap        ] GC(1692) ParOldGen: 42891K->22483K(44032K)
[2026-06-17T09:52:23.281+0800][42.027s][info][gc,metaspace   ] GC(1692) Metaspace: 3161K(4864K)->3161K(4864K) NonClass: 2856K(4352K)->2856K(4352K) Class: 305K(512K)->305K(512K)
[2026-06-17T09:52:23.282+0800][42.028s][info][gc             ] GC(1692) Pause Full (Ergonomics) 45M->21M(58M) 12.426ms
[2026-06-17T09:52:23.282+0800][42.028s][info][gc,cpu         ] GC(1692) User=0.01s Sys=0.00s Real=0.01s
[2026-06-17T09:52:23.304+0800][42.049s][info][gc,start       ] GC(1693) Pause Young (Allocation Failure)
[2026-06-17T09:52:23.305+0800][42.051s][info][gc,heap        ] GC(1693) PSYoungGen: 9178K->5408K(14336K)
[2026-06-17T09:52:23.305+0800][42.051s][info][gc,heap        ] GC(1693) ParOldGen: 22483K->22483K(44032K)
[2026-06-17T09:52:23.306+0800][42.052s][info][gc,metaspace   ] GC(1693) Metaspace: 3161K(4864K)->3161K(4864K) NonClass: 2856K(4352K)->2856K(4352K) Class: 305K(512K)->305K(512K)
[2026-06-17T09:52:23.306+0800][42.052s][info][gc             ] GC(1693) Pause Young (Allocation Failure) 30M->27M(57M) 2.736ms
[2026-06-17T09:52:23.307+0800][42.053s][info][gc,cpu         ] GC(1693) User=0.00s Sys=0.00s Real=0.00s
[2026-06-17T09:52:23.329+0800][42.074s][info][gc,start       ] GC(1694) Pause Young (Allocation Failure)
[2026-06-17T09:52:23.331+0800][42.077s][info][gc,heap        ] GC(1694) PSYoungGen: 13560K->3587K(14848K)
[2026-06-17T09:52:23.332+0800][42.077s][info][gc,heap        ] GC(1694) ParOldGen: 22483K->25286K(44032K)
[2026-06-17T09:52:23.332+0800][42.078s][info][gc,metaspace   ] GC(1694) Metaspace: 3161K(4864K)->3161K(4864K) NonClass: 2856K(4352K)->2856K(4352K) Class: 305K(512K)->305K(512K)
[2026-06-17T09:52:23.333+0800][42.079s][info][gc             ] GC(1694) Pause Young (Allocation Failure) 35M->28M(57M) 4.494ms
[2026-06-17T09:52:23.334+0800][42.080s][info][gc,cpu         ] GC(1694) User=0.00s Sys=0.00s Real=0.01s
[2026-06-17T09:52:23.356+0800][42.102s][info][gc,start       ] GC(1695) Pause Young (Allocation Failure)
[2026-06-17T09:52:23.357+0800][42.103s][info][gc,heap        ] GC(1695) PSYoungGen: 11777K->2414K(15360K)
[2026-06-17T09:52:23.357+0800][42.103s][info][gc,heap        ] GC(1695) ParOldGen: 25286K->27555K(44032K)
[2026-06-17T09:52:23.358+0800][42.104s][info][gc,metaspace   ] GC(1695) Metaspace: 3161K(4864K)->3161K(4864K) NonClass: 2856K(4352K)->2856K(4352K) Class: 305K(512K)->305K(512K)
[2026-06-17T09:52:23.359+0800][42.104s][info][gc             ] GC(1695) Pause Young (Allocation Failure) 36M->29M(58M) 2.531ms
[2026-06-17T09:52:23.359+0800][42.105s][info][gc,cpu         ] GC(1695) User=0.01s Sys=0.00s Real=0.00s
[2026-06-17T09:52:23.381+0800][42.127s][info][gc,start       ] GC(1696) Pause Young (Allocation Failure)
[2026-06-17T09:52:23.383+0800][42.129s][info][gc,heap        ] GC(1696) PSYoungGen: 11115K->1875K(14848K)
[2026-06-17T09:52:23.384+0800][42.129s][info][gc,heap        ] GC(1696) ParOldGen: 27555K->29641K(44032K)
[2026-06-17T09:52:23.384+0800][42.130s][info][gc,metaspace   ] GC(1696) Metaspace: 3161K(4864K)->3161K(4864K) NonClass: 2856K(4352K)->2856K(4352K) Class: 305K(512K)->305K(512K)
[2026-06-17T09:52:23.384+0800][42.130s][info][gc             ] GC(1696) Pause Young (Allocation Failure) 37M->30M(57M) 3.529ms
[2026-06-17T09:52:23.385+0800][42.130s][info][gc,cpu         ] GC(1696) User=0.00s Sys=0.00s Real=0.01s
[2026-06-17T09:52:23.407+0800][42.152s][info][gc,start       ] GC(1697) Pause Young (Allocation Failure)
[2026-06-17T09:52:23.409+0800][42.154s][info][gc,heap        ] GC(1697) PSYoungGen: 10524K->3595K(15360K)
[2026-06-17T09:52:23.409+0800][42.155s][info][gc,heap        ] GC(1697) ParOldGen: 29641K->29641K(44032K)
[2026-06-17T09:52:23.409+0800][42.155s][info][gc,metaspace   ] GC(1697) Metaspace: 3161K(4864K)->3161K(4864K) NonClass: 2856K(4352K)->2856K(4352K) Class: 305K(512K)->305K(512K)
[2026-06-17T09:52:23.410+0800][42.156s][info][gc             ] GC(1697) Pause Young (Allocation Failure) 39M->32M(58M) 3.249ms
[2026-06-17T09:52:23.410+0800][42.156s][info][gc,cpu         ] GC(1697) User=0.00s Sys=0.00s Real=0.00s
[2026-06-17T09:52:23.433+0800][42.179s][info][gc,start       ] GC(1698) Pause Young (Allocation Failure)
[2026-06-17T09:52:23.435+0800][42.180s][info][gc,heap        ] GC(1698) PSYoungGen: 12794K->3634K(15360K)
[2026-06-17T09:52:23.435+0800][42.181s][info][gc,heap        ] GC(1698) ParOldGen: 29641K->31719K(44032K)
[2026-06-17T09:52:23.436+0800][42.182s][info][gc,metaspace   ] GC(1698) Metaspace: 3161K(4864K)->3161K(4864K) NonClass: 2856K(4352K)->2856K(4352K) Class: 305K(512K)->305K(512K)
[2026-06-17T09:52:23.436+0800][42.182s][info][gc             ] GC(1698) Pause Young (Allocation Failure) 41M->34M(58M) 3.168ms
[2026-06-17T09:52:23.437+0800][42.182s][info][gc,cpu         ] GC(1698) User=0.00s Sys=0.00s Real=0.00s
[2026-06-17T09:52:23.459+0800][42.205s][info][gc,start       ] GC(1699) Pause Young (Allocation Failure)
[2026-06-17T09:52:23.461+0800][42.207s][info][gc,heap        ] GC(1699) PSYoungGen: 12675K->354K(15360K)
[2026-06-17T09:52:23.461+0800][42.207s][info][gc,heap        ] GC(1699) ParOldGen: 31719K->33582K(44032K)
[2026-06-17T09:52:23.462+0800][42.208s][info][gc,metaspace   ] GC(1699) Metaspace: 3161K(4864K)->3161K(4864K) NonClass: 2856K(4352K)->2856K(4352K) Class: 305K(512K)->305K(512K)
[2026-06-17T09:52:23.463+0800][42.209s][info][gc             ] GC(1699) Pause Young (Allocation Failure) 43M->33M(58M) 3.918ms
[2026-06-17T09:52:23.463+0800][42.209s][info][gc,cpu         ] GC(1699) User=0.01s Sys=0.00s Real=0.01s
[2026-06-17T09:52:23.486+0800][42.232s][info][gc,start       ] GC(1700) Pause Young (Allocation Failure)
[2026-06-17T09:52:23.489+0800][42.234s][info][gc,heap        ] GC(1700) PSYoungGen: 9560K->5783K(15360K)
[2026-06-17T09:52:23.489+0800][42.235s][info][gc,heap        ] GC(1700) ParOldGen: 33582K->33912K(44032K)
[2026-06-17T09:52:23.490+0800][42.236s][info][gc,metaspace   ] GC(1700) Metaspace: 3161K(4864K)->3161K(4864K) NonClass: 2856K(4352K)->2856K(4352K) Class: 305K(512K)->305K(512K)
[2026-06-17T09:52:23.491+0800][42.237s][info][gc             ] GC(1700) Pause Young (Allocation Failure) 42M->38M(58M) 4.794ms
[2026-06-17T09:52:23.491+0800][42.237s][info][gc,cpu         ] GC(1700) User=0.00s Sys=0.00s Real=0.01s
[2026-06-17T09:52:23.514+0800][42.260s][info][gc,start       ] GC(1701) Pause Young (Allocation Failure)
[2026-06-17T09:52:23.516+0800][42.262s][info][gc,heap        ] GC(1701) PSYoungGen: 14999K->4809K(13312K)
[2026-06-17T09:52:23.517+0800][42.263s][info][gc,heap        ] GC(1701) ParOldGen: 33912K->36616K(44032K)
[2026-06-17T09:52:23.518+0800][42.264s][info][gc,metaspace   ] GC(1701) Metaspace: 3161K(4864K)->3161K(4864K) NonClass: 2856K(4352K)->2856K(4352K) Class: 305K(512K)->305K(512K)
[2026-06-17T09:52:23.518+0800][42.264s][info][gc             ] GC(1701) Pause Young (Allocation Failure) 47M->40M(56M) 4.120ms
[2026-06-17T09:52:23.519+0800][42.265s][info][gc,cpu         ] GC(1701) User=0.00s Sys=0.01s Real=0.00s
[2026-06-17T09:52:23.541+0800][42.287s][info][gc,start       ] GC(1702) Pause Young (Allocation Failure)
[2026-06-17T09:52:23.543+0800][42.289s][info][gc,heap        ] GC(1702) PSYoungGen: 11863K->32K(14336K)
[2026-06-17T09:52:23.544+0800][42.290s][info][gc,heap        ] GC(1702) ParOldGen: 36616K->38610K(44032K)
[2026-06-17T09:52:23.546+0800][42.292s][info][gc,metaspace   ] GC(1702) Metaspace: 3161K(4864K)->3161K(4864K) NonClass: 2856K(4352K)->2856K(4352K) Class: 305K(512K)->305K(512K)
[2026-06-17T09:52:23.548+0800][42.294s][info][gc             ] GC(1702) Pause Young (Allocation Failure) 47M->37M(57M) 7.192ms
[2026-06-17T09:52:23.550+0800][42.296s][info][gc,cpu         ] GC(1702) User=0.00s Sys=0.00s Real=0.01s
[2026-06-17T09:52:23.573+0800][42.319s][info][gc,start       ] GC(1703) Pause Young (Allocation Failure)
[2026-06-17T09:52:23.575+0800][42.321s][info][gc,heap        ] GC(1703) PSYoungGen: 7153K->3652K(14336K)
[2026-06-17T09:52:23.576+0800][42.321s][info][gc,heap        ] GC(1703) ParOldGen: 38610K->38618K(44032K)
[2026-06-17T09:52:23.576+0800][42.322s][info][gc,metaspace   ] GC(1703) Metaspace: 3161K(4864K)->3161K(4864K) NonClass: 2856K(4352K)->2856K(4352K) Class: 305K(512K)->305K(512K)
[2026-06-17T09:52:23.576+0800][42.322s][info][gc             ] GC(1703) Pause Young (Allocation Failure) 44M->41M(57M) 3.171ms
[2026-06-17T09:52:23.577+0800][42.323s][info][gc,cpu         ] GC(1703) User=0.01s Sys=0.00s Real=0.00s
[2026-06-17T09:52:23.599+0800][42.345s][info][gc,start       ] GC(1704) Pause Young (Allocation Failure)
[2026-06-17T09:52:23.600+0800][42.346s][info][gc,heap        ] GC(1704) PSYoungGen: 10805K->2245K(14336K)
[2026-06-17T09:52:23.601+0800][42.347s][info][gc,heap        ] GC(1704) ParOldGen: 38618K->40275K(44032K)
[2026-06-17T09:52:23.602+0800][42.348s][info][gc,metaspace   ] GC(1704) Metaspace: 3161K(4864K)->3161K(4864K) NonClass: 2856K(4352K)->2856K(4352K) Class: 305K(512K)->305K(512K)
[2026-06-17T09:52:23.602+0800][42.348s][info][gc             ] GC(1704) Pause Young (Allocation Failure) 48M->41M(57M) 3.021ms
[2026-06-17T09:52:23.602+0800][42.348s][info][gc,cpu         ] GC(1704) User=0.00s Sys=0.00s Real=0.01s
[2026-06-17T09:52:23.624+0800][42.370s][info][gc,start       ] GC(1705) Pause Young (Allocation Failure)
[2026-06-17T09:52:23.626+0800][42.372s][info][gc,heap        ] GC(1705) PSYoungGen: 9354K->823K(14336K)
[2026-06-17T09:52:23.627+0800][42.372s][info][gc,heap        ] GC(1705) ParOldGen: 40275K->41983K(44032K)
[2026-06-17T09:52:23.627+0800][42.373s][info][gc,metaspace   ] GC(1705) Metaspace: 3161K(4864K)->3161K(4864K) NonClass: 2856K(4352K)->2856K(4352K) Class: 305K(512K)->305K(512K)
[2026-06-17T09:52:23.628+0800][42.373s][info][gc             ] GC(1705) Pause Young (Allocation Failure) 48M->41M(57M) 3.176ms
[2026-06-17T09:52:23.628+0800][42.374s][info][gc,cpu         ] GC(1705) User=0.00s Sys=0.00s Real=0.00s
[2026-06-17T09:52:23.629+0800][42.374s][info][gc,start       ] GC(1706) Pause Full (Ergonomics)
[2026-06-17T09:52:23.629+0800][42.375s][info][gc,phases,start] GC(1706) Marking Phase
[2026-06-17T09:52:23.631+0800][42.377s][info][gc,phases      ] GC(1706) Marking Phase 1.872ms
[2026-06-17T09:52:23.631+0800][42.377s][info][gc,phases,start] GC(1706) Summary Phase
[2026-06-17T09:52:23.632+0800][42.378s][info][gc,phases      ] GC(1706) Summary Phase 0.393ms
[2026-06-17T09:52:23.632+0800][42.378s][info][gc,phases,start] GC(1706) Adjust Roots
[2026-06-17T09:52:23.633+0800][42.378s][info][gc,phases      ] GC(1706) Adjust Roots 0.424ms
[2026-06-17T09:52:23.633+0800][42.379s][info][gc,phases,start] GC(1706) Compaction Phase
[2026-06-17T09:52:23.635+0800][42.381s][info][gc,phases      ] GC(1706) Compaction Phase 1.914ms
[2026-06-17T09:52:23.635+0800][42.381s][info][gc,phases,start] GC(1706) Post Compact
[2026-06-17T09:52:23.636+0800][42.382s][info][gc,phases      ] GC(1706) Post Compact 0.410ms
[2026-06-17T09:52:23.636+0800][42.382s][info][gc,heap        ] GC(1706) PSYoungGen: 823K->0K(14336K)
[2026-06-17T09:52:23.636+0800][42.382s][info][gc,heap        ] GC(1706) ParOldGen: 41983K->29387K(44032K)
[2026-06-17T09:52:23.636+0800][42.382s][info][gc,metaspace   ] GC(1706) Metaspace: 3161K(4864K)->3161K(4864K) NonClass: 2856K(4352K)->2856K(4352K) Class: 305K(512K)->305K(512K)
[2026-06-17T09:52:23.636+0800][42.382s][info][gc             ] GC(1706) Pause Full (Ergonomics) 41M->28M(57M) 7.878ms
[2026-06-17T09:52:23.637+0800][42.383s][info][gc,cpu         ] GC(1706) User=0.01s Sys=0.00s Real=0.01s
[2026-06-17T09:52:23.648+0800][42.394s][info][gc,start       ] GC(1707) Pause Young (Allocation Failure)
[2026-06-17T09:52:23.649+0800][42.395s][info][gc,heap        ] GC(1707) PSYoungGen: 7167K->6933K(14336K)
[2026-06-17T09:52:23.649+0800][42.395s][info][gc,heap        ] GC(1707) ParOldGen: 29387K->29677K(44032K)
[2026-06-17T09:52:23.650+0800][42.396s][info][gc,metaspace   ] GC(1707) Metaspace: 3161K(4864K)->3161K(4864K) NonClass: 2856K(4352K)->2856K(4352K) Class: 305K(512K)->305K(512K)
[2026-06-17T09:52:23.650+0800][42.396s][info][gc             ] GC(1707) Pause Young (Allocation Failure) 35M->35M(57M) 2.361ms
[2026-06-17T09:52:23.650+0800][42.396s][info][gc,cpu         ] GC(1707) User=0.00s Sys=0.00s Real=0.00s
[2026-06-17T09:52:23.672+0800][42.418s][info][gc,start       ] GC(1708) Pause Young (Allocation Failure)
[2026-06-17T09:52:23.674+0800][42.420s][info][gc,heap        ] GC(1708) PSYoungGen: 14101K->2423K(14336K)
[2026-06-17T09:52:23.674+0800][42.420s][info][gc,heap        ] GC(1708) ParOldGen: 29677K->34351K(44032K)
[2026-06-17T09:52:23.675+0800][42.420s][info][gc,metaspace   ] GC(1708) Metaspace: 3161K(4864K)->3161K(4864K) NonClass: 2856K(4352K)->2856K(4352K) Class: 305K(512K)->305K(512K)
[2026-06-17T09:52:23.675+0800][42.421s][info][gc             ] GC(1708) Pause Young (Allocation Failure) 42M->35M(57M) 3.264ms
[2026-06-17T09:52:23.675+0800][42.421s][info][gc,cpu         ] GC(1708) User=0.01s Sys=0.00s Real=0.00s
[2026-06-17T09:52:23.697+0800][42.443s][info][gc,start       ] GC(1709) Pause Young (Allocation Failure)
[2026-06-17T09:52:23.699+0800][42.445s][info][gc,heap        ] GC(1709) PSYoungGen: 9587K->3220K(14336K)
[2026-06-17T09:52:23.700+0800][42.446s][info][gc,heap        ] GC(1709) ParOldGen: 34351K->34351K(44032K)
[2026-06-17T09:52:23.701+0800][42.447s][info][gc,metaspace   ] GC(1709) Metaspace: 3161K(4864K)->3161K(4864K) NonClass: 2856K(4352K)->2856K(4352K) Class: 305K(512K)->305K(512K)
[2026-06-17T09:52:23.702+0800][42.448s][info][gc             ] GC(1709) Pause Young (Allocation Failure) 42M->36M(57M) 4.140ms
[2026-06-17T09:52:23.702+0800][42.448s][info][gc,cpu         ] GC(1709) User=0.00s Sys=0.00s Real=0.00s
[2026-06-17T09:52:23.714+0800][42.460s][info][gc,start       ] GC(1710) Pause Young (Allocation Failure)
[2026-06-17T09:52:23.715+0800][42.461s][info][gc,heap        ] GC(1710) PSYoungGen: 10378K->1540K(14336K)
[2026-06-17T09:52:23.716+0800][42.462s][info][gc,heap        ] GC(1710) ParOldGen: 34351K->36100K(44032K)
[2026-06-17T09:52:23.716+0800][42.462s][info][gc,metaspace   ] GC(1710) Metaspace: 3161K(4864K)->3161K(4864K) NonClass: 2856K(4352K)->2856K(4352K) Class: 305K(512K)->305K(512K)
[2026-06-17T09:52:23.717+0800][42.463s][info][gc             ] GC(1710) Pause Young (Allocation Failure) 43M->36M(57M) 2.753ms
[2026-06-17T09:52:23.717+0800][42.463s][info][gc,cpu         ] GC(1710) User=0.00s Sys=0.00s Real=0.00s
[2026-06-17T09:52:23.739+0800][42.485s][info][gc,start       ] GC(1711) Pause Young (Allocation Failure)
[2026-06-17T09:52:23.741+0800][42.487s][info][gc,heap        ] GC(1711) PSYoungGen: 8691K->3537K(14336K)
[2026-06-17T09:52:23.742+0800][42.488s][info][gc,heap        ] GC(1711) ParOldGen: 36100K->37616K(44032K)
[2026-06-17T09:52:23.742+0800][42.488s][info][gc,metaspace   ] GC(1711) Metaspace: 3161K(4864K)->3161K(4864K) NonClass: 2856K(4352K)->2856K(4352K) Class: 305K(512K)->305K(512K)
[2026-06-17T09:52:23.743+0800][42.489s][info][gc             ] GC(1711) Pause Young (Allocation Failure) 43M->40M(57M) 4.019ms
[2026-06-17T09:52:23.744+0800][42.490s][info][gc,cpu         ] GC(1711) User=0.01s Sys=0.00s Real=0.01s
[2026-06-17T09:52:23.766+0800][42.511s][info][gc,start       ] GC(1712) Pause Young (Allocation Failure)
[2026-06-17T09:52:23.767+0800][42.513s][info][gc,heap        ] GC(1712) PSYoungGen: 10698K->2594K(14336K)
[2026-06-17T09:52:23.767+0800][42.513s][info][gc,heap        ] GC(1712) ParOldGen: 37616K->39126K(44032K)
[2026-06-17T09:52:23.767+0800][42.513s][info][gc,metaspace   ] GC(1712) Metaspace: 3161K(4864K)->3161K(4864K) NonClass: 2856K(4352K)->2856K(4352K) Class: 305K(512K)->305K(512K)
[2026-06-17T09:52:23.768+0800][42.514s][info][gc             ] GC(1712) Pause Young (Allocation Failure) 47M->40M(57M) 2.065ms
[2026-06-17T09:52:23.768+0800][42.514s][info][gc,cpu         ] GC(1712) User=0.00s Sys=0.00s Real=0.00s
[2026-06-17T09:52:23.789+0800][42.535s][info][gc,start       ] GC(1713) Pause Young (Allocation Failure)
[2026-06-17T09:52:23.791+0800][42.537s][info][gc,heap        ] GC(1713) PSYoungGen: 9742K->758K(14848K)
[2026-06-17T09:52:23.791+0800][42.537s][info][gc,heap        ] GC(1713) ParOldGen: 39126K->41191K(44032K)
[2026-06-17T09:52:23.792+0800][42.538s][info][gc,metaspace   ] GC(1713) Metaspace: 3161K(4864K)->3161K(4864K) NonClass: 2856K(4352K)->2856K(4352K) Class: 305K(512K)->305K(512K)
[2026-06-17T09:52:23.792+0800][42.538s][info][gc             ] GC(1713) Pause Young (Allocation Failure) 47M->40M(57M) 2.506ms
[2026-06-17T09:52:23.792+0800][42.538s][info][gc,cpu         ] GC(1713) User=0.00s Sys=0.00s Real=0.01s
[2026-06-17T09:52:23.793+0800][42.539s][info][gc,start       ] GC(1714) Pause Full (Ergonomics)
[2026-06-17T09:52:23.793+0800][42.539s][info][gc,phases,start] GC(1714) Marking Phase
[2026-06-17T09:52:23.795+0800][42.541s][info][gc,phases      ] GC(1714) Marking Phase 1.682ms
[2026-06-17T09:52:23.795+0800][42.541s][info][gc,phases,start] GC(1714) Summary Phase
[2026-06-17T09:52:23.795+0800][42.541s][info][gc,phases      ] GC(1714) Summary Phase 0.264ms
[2026-06-17T09:52:23.796+0800][42.542s][info][gc,phases,start] GC(1714) Adjust Roots
[2026-06-17T09:52:23.796+0800][42.542s][info][gc,phases      ] GC(1714) Adjust Roots 0.319ms
[2026-06-17T09:52:23.796+0800][42.542s][info][gc,phases,start] GC(1714) Compaction Phase
[2026-06-17T09:52:23.798+0800][42.544s][info][gc,phases      ] GC(1714) Compaction Phase 1.784ms
[2026-06-17T09:52:23.798+0800][42.544s][info][gc,phases,start] GC(1714) Post Compact
[2026-06-17T09:52:23.799+0800][42.545s][info][gc,phases      ] GC(1714) Post Compact 0.338ms
[2026-06-17T09:52:23.799+0800][42.545s][info][gc,heap        ] GC(1714) PSYoungGen: 758K->0K(14848K)
[2026-06-17T09:52:23.799+0800][42.545s][info][gc,heap        ] GC(1714) ParOldGen: 41191K->28110K(44032K)
[2026-06-17T09:52:23.800+0800][42.545s][info][gc,metaspace   ] GC(1714) Metaspace: 3161K(4864K)->3161K(4864K) NonClass: 2856K(4352K)->2856K(4352K) Class: 305K(512K)->305K(512K)
[2026-06-17T09:52:23.800+0800][42.546s][info][gc             ] GC(1714) Pause Full (Ergonomics) 40M->27M(57M) 7.068ms
[2026-06-17T09:52:23.800+0800][42.546s][info][gc,cpu         ] GC(1714) User=0.01s Sys=0.00s Real=0.00s
[2026-06-17T09:52:23.821+0800][42.567s][info][gc,start       ] GC(1715) Pause Young (Allocation Failure)
[2026-06-17T09:52:23.822+0800][42.568s][info][gc,heap        ] GC(1715) PSYoungGen: 8192K->4734K(13824K)
[2026-06-17T09:52:23.823+0800][42.569s][info][gc,heap        ] GC(1715) ParOldGen: 28110K->28110K(44032K)
[2026-06-17T09:52:23.824+0800][42.569s][info][gc,metaspace   ] GC(1715) Metaspace: 3161K(4864K)->3161K(4864K) NonClass: 2856K(4352K)->2856K(4352K) Class: 305K(512K)->305K(512K)
[2026-06-17T09:52:23.824+0800][42.570s][info][gc             ] GC(1715) Pause Young (Allocation Failure) 35M->32M(56M) 2.680ms
[2026-06-17T09:52:23.824+0800][42.570s][info][gc,cpu         ] GC(1715) User=0.00s Sys=0.00s Real=0.01s
[2026-06-17T09:52:23.835+0800][42.581s][info][gc,start       ] GC(1716) Pause Young (Allocation Failure)
[2026-06-17T09:52:23.837+0800][42.583s][info][gc,heap        ] GC(1716) PSYoungGen: 11612K->563K(14336K)
[2026-06-17T09:52:23.837+0800][42.583s][info][gc,heap        ] GC(1716) ParOldGen: 28110K->32411K(44032K)
[2026-06-17T09:52:23.838+0800][42.584s][info][gc,metaspace   ] GC(1716) Metaspace: 3161K(4864K)->3161K(4864K) NonClass: 2856K(4352K)->2856K(4352K) Class: 305K(512K)->305K(512K)
[2026-06-17T09:52:23.838+0800][42.584s][info][gc             ] GC(1716) Pause Young (Allocation Failure) 38M->32M(57M) 2.683ms
[2026-06-17T09:52:23.838+0800][42.584s][info][gc,cpu         ] GC(1716) User=0.00s Sys=0.00s Real=0.00s
[2026-06-17T09:52:23.860+0800][42.606s][info][gc,start       ] GC(1717) Pause Young (Allocation Failure)
[2026-06-17T09:52:23.862+0800][42.608s][info][gc,heap        ] GC(1717) PSYoungGen: 7724K->3948K(14336K)
[2026-06-17T09:52:23.863+0800][42.609s][info][gc,heap        ] GC(1717) ParOldGen: 32411K->32950K(44032K)
[2026-06-17T09:52:23.863+0800][42.609s][info][gc,metaspace   ] GC(1717) Metaspace: 3161K(4864K)->3161K(4864K) NonClass: 2856K(4352K)->2856K(4352K) Class: 305K(512K)->305K(512K)
[2026-06-17T09:52:23.864+0800][42.610s][info][gc             ] GC(1717) Pause Young (Allocation Failure) 39M->36M(57M) 3.659ms
[2026-06-17T09:52:23.864+0800][42.610s][info][gc,cpu         ] GC(1717) User=0.00s Sys=0.00s Real=0.01s
[2026-06-17T09:52:23.876+0800][42.622s][info][gc,start       ] GC(1718) Pause Young (Allocation Failure)
[2026-06-17T09:52:23.878+0800][42.624s][info][gc,heap        ] GC(1718) PSYoungGen: 10994K->2153K(14336K)
[2026-06-17T09:52:23.878+0800][42.624s][info][gc,heap        ] GC(1718) ParOldGen: 32950K->34933K(44032K)
[2026-06-17T09:52:23.879+0800][42.625s][info][gc,metaspace   ] GC(1718) Metaspace: 3161K(4864K)->3161K(4864K) NonClass: 2856K(4352K)->2856K(4352K) Class: 305K(512K)->305K(512K)
[2026-06-17T09:52:23.879+0800][42.625s][info][gc             ] GC(1718) Pause Young (Allocation Failure) 42M->36M(57M) 3.323ms
[2026-06-17T09:52:23.880+0800][42.626s][info][gc,cpu         ] GC(1718) User=0.00s Sys=0.00s Real=0.00s
[2026-06-17T09:52:23.902+0800][42.648s][info][gc,start       ] GC(1719) Pause Young (Allocation Failure)
[2026-06-17T09:52:23.904+0800][42.650s][info][gc,heap        ] GC(1719) PSYoungGen: 9274K->3563K(14848K)
[2026-06-17T09:52:23.904+0800][42.650s][info][gc,heap        ] GC(1719) ParOldGen: 34933K->37062K(44032K)
[2026-06-17T09:52:23.905+0800][42.651s][info][gc,metaspace   ] GC(1719) Metaspace: 3161K(4864K)->3161K(4864K) NonClass: 2856K(4352K)->2856K(4352K) Class: 305K(512K)->305K(512K)
[2026-06-17T09:52:23.905+0800][42.651s][info][gc             ] GC(1719) Pause Young (Allocation Failure) 43M->39M(57M) 3.535ms
[2026-06-17T09:52:23.906+0800][42.652s][info][gc,cpu         ] GC(1719) User=0.00s Sys=0.00s Real=0.01s
[2026-06-17T09:52:23.928+0800][42.674s][info][gc,start       ] GC(1720) Pause Young (Allocation Failure)
[2026-06-17T09:52:23.932+0800][42.677s][info][gc,heap        ] GC(1720) PSYoungGen: 11734K->4525K(12800K)
[2026-06-17T09:52:23.934+0800][42.679s][info][gc,heap        ] GC(1720) ParOldGen: 37062K->37426K(44032K)
[2026-06-17T09:52:23.936+0800][42.682s][info][gc,metaspace   ] GC(1720) Metaspace: 3161K(4864K)->3161K(4864K) NonClass: 2856K(4352K)->2856K(4352K) Class: 305K(512K)->305K(512K)
[2026-06-17T09:52:23.936+0800][42.682s][info][gc             ] GC(1720) Pause Young (Allocation Failure) 47M->40M(55M) 8.814ms
[2026-06-17T09:52:23.939+0800][42.684s][info][gc,cpu         ] GC(1720) User=0.00s Sys=0.00s Real=0.01s
[2026-06-17T09:52:23.964+0800][42.710s][info][gc,start       ] GC(1721) Pause Young (Allocation Failure)
[2026-06-17T09:52:24.008+0800][42.754s][info][gc,heap        ] GC(1721) PSYoungGen: 12717K->4456K(14336K)
[2026-06-17T09:52:24.024+0800][42.769s][info][gc,heap        ] GC(1721) ParOldGen: 37426K->39323K(44032K)
[2026-06-17T09:52:24.043+0800][42.789s][info][gc,metaspace   ] GC(1721) Metaspace: 3161K(4864K)->3161K(4864K) NonClass: 2856K(4352K)->2856K(4352K) Class: 305K(512K)->305K(512K)
[2026-06-17T09:52:24.053+0800][42.798s][info][gc             ] GC(1721) Pause Young (Allocation Failure) 48M->42M(57M) 88.526ms
[2026-06-17T09:52:24.054+0800][42.799s][info][gc,cpu         ] GC(1721) User=0.00s Sys=0.00s Real=0.09s
[2026-06-17T09:52:24.090+0800][42.835s][info][gc,start       ] GC(1722) Pause Young (Allocation Failure)
[2026-06-17T09:52:24.091+0800][42.837s][info][gc,heap        ] GC(1722) PSYoungGen: 11624K->3314K(14336K)
[2026-06-17T09:52:24.094+0800][42.839s][info][gc,heap        ] GC(1722) ParOldGen: 39323K->40846K(44032K)
[2026-06-17T09:52:24.097+0800][42.843s][info][gc,metaspace   ] GC(1722) Metaspace: 3161K(4864K)->3161K(4864K) NonClass: 2856K(4352K)->2856K(4352K) Class: 305K(512K)->305K(512K)
[2026-06-17T09:52:24.100+0800][42.846s][info][gc             ] GC(1722) Pause Young (Allocation Failure) 49M->43M(57M) 10.464ms
[2026-06-17T09:52:24.105+0800][42.851s][info][gc,cpu         ] GC(1722) User=0.00s Sys=0.00s Real=0.02s
[2026-06-17T09:52:24.114+0800][42.860s][info][gc,start       ] GC(1723) Pause Full (Ergonomics)
[2026-06-17T09:52:24.115+0800][42.861s][info][gc,phases,start] GC(1723) Marking Phase
[2026-06-17T09:52:24.117+0800][42.863s][info][gc,phases      ] GC(1723) Marking Phase 2.302ms
[2026-06-17T09:52:24.119+0800][42.865s][info][gc,phases,start] GC(1723) Summary Phase
[2026-06-17T09:52:24.120+0800][42.865s][info][gc,phases      ] GC(1723) Summary Phase 0.801ms
[2026-06-17T09:52:24.122+0800][42.867s][info][gc,phases,start] GC(1723) Adjust Roots
[2026-06-17T09:52:24.123+0800][42.869s][info][gc,phases      ] GC(1723) Adjust Roots 1.887ms
[2026-06-17T09:52:24.125+0800][42.871s][info][gc,phases,start] GC(1723) Compaction Phase
[2026-06-17T09:52:24.131+0800][42.877s][info][gc,phases      ] GC(1723) Compaction Phase 5.858ms
[2026-06-17T09:52:24.132+0800][42.878s][info][gc,phases,start] GC(1723) Post Compact
[2026-06-17T09:52:24.135+0800][42.881s][info][gc,phases      ] GC(1723) Post Compact 3.249ms
[2026-06-17T09:52:24.139+0800][42.884s][info][gc,heap        ] GC(1723) PSYoungGen: 3314K->0K(14848K)
[2026-06-17T09:52:24.141+0800][42.887s][info][gc,heap        ] GC(1723) ParOldGen: 40846K->25031K(44032K)
[2026-06-17T09:52:24.142+0800][42.888s][info][gc,metaspace   ] GC(1723) Metaspace: 3161K(4864K)->3161K(4864K) NonClass: 2856K(4352K)->2856K(4352K) Class: 305K(512K)->305K(512K)
[2026-06-17T09:52:24.143+0800][42.889s][info][gc             ] GC(1723) Pause Full (Ergonomics) 43M->24M(57M) 28.806ms
[2026-06-17T09:52:24.147+0800][42.893s][info][gc,cpu         ] GC(1723) User=0.01s Sys=0.00s Real=0.03s
[2026-06-17T09:52:24.169+0800][42.915s][info][gc,start       ] GC(1724) Pause Young (Allocation Failure)
[2026-06-17T09:52:24.171+0800][42.917s][info][gc,heap        ] GC(1724) PSYoungGen: 8181K->4742K(13312K)
[2026-06-17T09:52:24.172+0800][42.918s][info][gc,heap        ] GC(1724) ParOldGen: 25031K->25031K(44032K)
[2026-06-17T09:52:24.173+0800][42.919s][info][gc,metaspace   ] GC(1724) Metaspace: 3161K(4864K)->3161K(4864K) NonClass: 2856K(4352K)->2856K(4352K) Class: 305K(512K)->305K(512K)
[2026-06-17T09:52:24.174+0800][42.920s][info][gc             ] GC(1724) Pause Young (Allocation Failure) 32M->29M(56M) 4.560ms
[2026-06-17T09:52:24.175+0800][42.921s][info][gc,cpu         ] GC(1724) User=0.00s Sys=0.00s Real=0.01s
[2026-06-17T09:52:24.197+0800][42.943s][info][gc,start       ] GC(1725) Pause Young (Allocation Failure)
[2026-06-17T09:52:24.199+0800][42.945s][info][gc,heap        ] GC(1725) PSYoungGen: 12933K->6021K(14336K)
[2026-06-17T09:52:24.200+0800][42.946s][info][gc,heap        ] GC(1725) ParOldGen: 25031K->25031K(44032K)
[2026-06-17T09:52:24.201+0800][42.947s][info][gc,metaspace   ] GC(1725) Metaspace: 3161K(4864K)->3161K(4864K) NonClass: 2856K(4352K)->2856K(4352K) Class: 305K(512K)->305K(512K)
[2026-06-17T09:52:24.202+0800][42.948s][info][gc             ] GC(1725) Pause Young (Allocation Failure) 37M->30M(57M) 4.577ms
[2026-06-17T09:52:24.203+0800][42.949s][info][gc,cpu         ] GC(1725) User=0.01s Sys=0.00s Real=0.01s
[2026-06-17T09:52:24.215+0800][42.961s][info][gc,start       ] GC(1726) Pause Young (Allocation Failure)
[2026-06-17T09:52:24.218+0800][42.964s][info][gc,heap        ] GC(1726) PSYoungGen: 13146K->5940K(14336K)
[2026-06-17T09:52:24.219+0800][42.965s][info][gc,heap        ] GC(1726) ParOldGen: 25031K->28985K(44032K)
[2026-06-17T09:52:24.220+0800][42.966s][info][gc,metaspace   ] GC(1726) Metaspace: 3161K(4864K)->3161K(4864K) NonClass: 2856K(4352K)->2856K(4352K) Class: 305K(512K)->305K(512K)
[2026-06-17T09:52:24.221+0800][42.967s][info][gc             ] GC(1726) Pause Young (Allocation Failure) 37M->34M(57M) 6.056ms
[2026-06-17T09:52:24.222+0800][42.968s][info][gc,cpu         ] GC(1726) User=0.00s Sys=0.00s Real=0.00s
[2026-06-17T09:52:24.246+0800][42.992s][info][gc,start       ] GC(1727) Pause Young (Allocation Failure)
[2026-06-17T09:52:24.248+0800][42.994s][info][gc,heap        ] GC(1727) PSYoungGen: 13078K->301K(14336K)
[2026-06-17T09:52:24.248+0800][42.994s][info][gc,heap        ] GC(1727) ParOldGen: 28985K->31333K(44032K)
[2026-06-17T09:52:24.249+0800][42.995s][info][gc,metaspace   ] GC(1727) Metaspace: 3161K(4864K)->3161K(4864K) NonClass: 2856K(4352K)->2856K(4352K) Class: 305K(512K)->305K(512K)
[2026-06-17T09:52:24.250+0800][42.995s][info][gc             ] GC(1727) Pause Young (Allocation Failure) 41M->30M(57M) 3.585ms
[2026-06-17T09:52:24.250+0800][42.996s][info][gc,cpu         ] GC(1727) User=0.00s Sys=0.00s Real=0.00s
[2026-06-17T09:52:24.273+0800][43.019s][info][gc,start       ] GC(1728) Pause Young (Allocation Failure)
[2026-06-17T09:52:24.275+0800][43.021s][info][gc,heap        ] GC(1728) PSYoungGen: 7412K->3465K(14336K)
[2026-06-17T09:52:24.276+0800][43.022s][info][gc,heap        ] GC(1728) ParOldGen: 31333K->31610K(44032K)
[2026-06-17T09:52:24.276+0800][43.022s][info][gc,metaspace   ] GC(1728) Metaspace: 3161K(4864K)->3161K(4864K) NonClass: 2856K(4352K)->2856K(4352K) Class: 305K(512K)->305K(512K)
[2026-06-17T09:52:24.277+0800][43.023s][info][gc             ] GC(1728) Pause Young (Allocation Failure) 37M->34M(57M) 4.451ms
[2026-06-17T09:52:24.278+0800][43.024s][info][gc,cpu         ] GC(1728) User=0.00s Sys=0.00s Real=0.00s
[2026-06-17T09:52:24.290+0800][43.036s][info][gc,start       ] GC(1729) Pause Young (Allocation Failure)
[2026-06-17T09:52:24.291+0800][43.037s][info][gc,heap        ] GC(1729) PSYoungGen: 10361K->1871K(14336K)
[2026-06-17T09:52:24.292+0800][43.038s][info][gc,heap        ] GC(1729) ParOldGen: 31610K->33203K(44032K)
[2026-06-17T09:52:24.292+0800][43.038s][info][gc,metaspace   ] GC(1729) Metaspace: 3161K(4864K)->3161K(4864K) NonClass: 2856K(4352K)->2856K(4352K) Class: 305K(512K)->305K(512K)
[2026-06-17T09:52:24.293+0800][43.039s][info][gc             ] GC(1729) Pause Young (Allocation Failure) 40M->34M(57M) 3.115ms
[2026-06-17T09:52:24.293+0800][43.039s][info][gc,cpu         ] GC(1729) User=0.00s Sys=0.00s Real=0.01s
[2026-06-17T09:52:24.315+0800][43.061s][info][gc,start       ] GC(1730) Pause Young (Allocation Failure)
[2026-06-17T09:52:24.316+0800][43.062s][info][gc,heap        ] GC(1730) PSYoungGen: 9022K->3674K(14336K)
[2026-06-17T09:52:24.317+0800][43.063s][info][gc,heap        ] GC(1730) ParOldGen: 33203K->35050K(44032K)
[2026-06-17T09:52:24.317+0800][43.063s][info][gc,metaspace   ] GC(1730) Metaspace: 3161K(4864K)->3161K(4864K) NonClass: 2856K(4352K)->2856K(4352K) Class: 305K(512K)->305K(512K)
[2026-06-17T09:52:24.318+0800][43.064s][info][gc             ] GC(1730) Pause Young (Allocation Failure) 41M->37M(57M) 2.706ms
[2026-06-17T09:52:24.318+0800][43.064s][info][gc,cpu         ] GC(1730) User=0.00s Sys=0.00s Real=0.00s
[2026-06-17T09:52:24.339+0800][43.085s][info][gc,start       ] GC(1731) Pause Young (Allocation Failure)
[2026-06-17T09:52:24.341+0800][43.086s][info][gc,heap        ] GC(1731) PSYoungGen: 10826K->3405K(14336K)
[2026-06-17T09:52:24.341+0800][43.087s][info][gc,heap        ] GC(1731) ParOldGen: 35050K->35379K(44032K)
[2026-06-17T09:52:24.341+0800][43.087s][info][gc,metaspace   ] GC(1731) Metaspace: 3161K(4864K)->3161K(4864K) NonClass: 2856K(4352K)->2856K(4352K) Class: 305K(512K)->305K(512K)
[2026-06-17T09:52:24.342+0800][43.088s][info][gc             ] GC(1731) Pause Young (Allocation Failure) 44M->37M(57M) 2.358ms
[2026-06-17T09:52:24.342+0800][43.088s][info][gc,cpu         ] GC(1731) User=0.01s Sys=0.00s Real=0.00s
[2026-06-17T09:52:24.364+0800][43.109s][info][gc,start       ] GC(1732) Pause Young (Allocation Failure)
[2026-06-17T09:52:24.365+0800][43.111s][info][gc,heap        ] GC(1732) PSYoungGen: 10551K->3633K(14336K)
[2026-06-17T09:52:24.365+0800][43.111s][info][gc,heap        ] GC(1732) ParOldGen: 35379K->35379K(44032K)
[2026-06-17T09:52:24.365+0800][43.111s][info][gc,metaspace   ] GC(1732) Metaspace: 3161K(4864K)->3161K(4864K) NonClass: 2856K(4352K)->2856K(4352K) Class: 305K(512K)->305K(512K)
[2026-06-17T09:52:24.365+0800][43.111s][info][gc             ] GC(1732) Pause Young (Allocation Failure) 44M->38M(57M) 1.905ms
[2026-06-17T09:52:24.366+0800][43.111s][info][gc,cpu         ] GC(1732) User=0.00s Sys=0.00s Real=0.00s
[2026-06-17T09:52:24.377+0800][43.122s][info][gc,start       ] GC(1733) Pause Young (Allocation Failure)
[2026-06-17T09:52:24.378+0800][43.124s][info][gc,heap        ] GC(1733) PSYoungGen: 10799K->6371K(13824K)
[2026-06-17T09:52:24.378+0800][43.124s][info][gc,heap        ] GC(1733) ParOldGen: 35379K->36391K(44032K)
[2026-06-17T09:52:24.378+0800][43.124s][info][gc,metaspace   ] GC(1733) Metaspace: 3161K(4864K)->3161K(4864K) NonClass: 2856K(4352K)->2856K(4352K) Class: 305K(512K)->305K(512K)
[2026-06-17T09:52:24.379+0800][43.125s][info][gc             ] GC(1733) Pause Young (Allocation Failure) 45M->41M(56M) 2.089ms
[2026-06-17T09:52:24.379+0800][43.125s][info][gc,cpu         ] GC(1733) User=0.00s Sys=0.00s Real=0.00s
[2026-06-17T09:52:24.401+0800][43.146s][info][gc,start       ] GC(1734) Pause Young (Allocation Failure)
[2026-06-17T09:52:24.402+0800][43.148s][info][gc,heap        ] GC(1734) PSYoungGen: 13486K->1759K(14336K)
[2026-06-17T09:52:24.402+0800][43.148s][info][gc,heap        ] GC(1734) ParOldGen: 36391K->37797K(44032K)
[2026-06-17T09:52:24.403+0800][43.149s][info][gc,metaspace   ] GC(1734) Metaspace: 3161K(4864K)->3161K(4864K) NonClass: 2856K(4352K)->2856K(4352K) Class: 305K(512K)->305K(512K)
[2026-06-17T09:52:24.403+0800][43.149s][info][gc             ] GC(1734) Pause Young (Allocation Failure) 48M->38M(57M) 2.634ms
[2026-06-17T09:52:24.404+0800][43.150s][info][gc,cpu         ] GC(1734) User=0.00s Sys=0.00s Real=0.01s
[2026-06-17T09:52:24.425+0800][43.171s][info][gc,start       ] GC(1735) Pause Young (Allocation Failure)
[2026-06-17T09:52:24.426+0800][43.172s][info][gc,heap        ] GC(1735) PSYoungGen: 8927K->3616K(14336K)
[2026-06-17T09:52:24.427+0800][43.172s][info][gc,heap        ] GC(1735) ParOldGen: 37797K->39540K(44032K)
[2026-06-17T09:52:24.427+0800][43.173s][info][gc,metaspace   ] GC(1735) Metaspace: 3161K(4864K)->3161K(4864K) NonClass: 2856K(4352K)->2856K(4352K) Class: 305K(512K)->305K(512K)
[2026-06-17T09:52:24.427+0800][43.173s][info][gc             ] GC(1735) Pause Young (Allocation Failure) 45M->42M(57M) 1.787ms
[2026-06-17T09:52:24.427+0800][43.173s][info][gc,cpu         ] GC(1735) User=0.00s Sys=0.00s Real=0.00s
[2026-06-17T09:52:24.438+0800][43.184s][info][gc,start       ] GC(1736) Pause Young (Allocation Failure)
[2026-06-17T09:52:24.439+0800][43.185s][info][gc,heap        ] GC(1736) PSYoungGen: 10569K->3538K(14336K)
[2026-06-17T09:52:24.439+0800][43.185s][info][gc,heap        ] GC(1736) ParOldGen: 39540K->39540K(44032K)
[2026-06-17T09:52:24.440+0800][43.186s][info][gc,metaspace   ] GC(1736) Metaspace: 3161K(4864K)->3161K(4864K) NonClass: 2856K(4352K)->2856K(4352K) Class: 305K(512K)->305K(512K)
[2026-06-17T09:52:24.440+0800][43.186s][info][gc             ] GC(1736) Pause Young (Allocation Failure) 48M->42M(57M) 1.822ms
[2026-06-17T09:52:24.440+0800][43.186s][info][gc,cpu         ] GC(1736) User=0.00s Sys=0.00s Real=0.00s
[2026-06-17T09:52:24.461+0800][43.207s][info][gc,start       ] GC(1737) Pause Young (Allocation Failure)
[2026-06-17T09:52:24.463+0800][43.209s][info][gc,heap        ] GC(1737) PSYoungGen: 10690K->4853K(14336K)
[2026-06-17T09:52:24.463+0800][43.209s][info][gc,heap        ] GC(1737) ParOldGen: 39540K->41954K(44032K)
[2026-06-17T09:52:24.464+0800][43.210s][info][gc,metaspace   ] GC(1737) Metaspace: 3161K(4864K)->3161K(4864K) NonClass: 2856K(4352K)->2856K(4352K) Class: 305K(512K)->305K(512K)
[2026-06-17T09:52:24.464+0800][43.210s][info][gc             ] GC(1737) Pause Young (Allocation Failure) 49M->45M(57M) 2.683ms
[2026-06-17T09:52:24.464+0800][43.210s][info][gc,cpu         ] GC(1737) User=0.00s Sys=0.00s Real=0.01s
[2026-06-17T09:52:24.465+0800][43.210s][info][gc,start       ] GC(1738) Pause Full (Ergonomics)
[2026-06-17T09:52:24.465+0800][43.211s][info][gc,phases,start] GC(1738) Marking Phase
[2026-06-17T09:52:24.467+0800][43.212s][info][gc,phases      ] GC(1738) Marking Phase 1.680ms
[2026-06-17T09:52:24.467+0800][43.213s][info][gc,phases,start] GC(1738) Summary Phase
[2026-06-17T09:52:24.467+0800][43.213s][info][gc,phases      ] GC(1738) Summary Phase 0.340ms
[2026-06-17T09:52:24.468+0800][43.213s][info][gc,phases,start] GC(1738) Adjust Roots
[2026-06-17T09:52:24.468+0800][43.214s][info][gc,phases      ] GC(1738) Adjust Roots 0.281ms
[2026-06-17T09:52:24.468+0800][43.214s][info][gc,phases,start] GC(1738) Compaction Phase
[2026-06-17T09:52:24.470+0800][43.216s][info][gc,phases      ] GC(1738) Compaction Phase 1.714ms
[2026-06-17T09:52:24.470+0800][43.216s][info][gc,phases,start] GC(1738) Post Compact
[2026-06-17T09:52:24.470+0800][43.216s][info][gc,phases      ] GC(1738) Post Compact 0.328ms
[2026-06-17T09:52:24.471+0800][43.216s][info][gc,heap        ] GC(1738) PSYoungGen: 4853K->0K(14336K)
[2026-06-17T09:52:24.471+0800][43.217s][info][gc,heap        ] GC(1738) ParOldGen: 41954K->23312K(44032K)
[2026-06-17T09:52:24.471+0800][43.217s][info][gc,metaspace   ] GC(1738) Metaspace: 3161K(4864K)->3161K(4864K) NonClass: 2856K(4352K)->2856K(4352K) Class: 305K(512K)->305K(512K)
[2026-06-17T09:52:24.471+0800][43.217s][info][gc             ] GC(1738) Pause Full (Ergonomics) 45M->22M(57M) 6.706ms
[2026-06-17T09:52:24.471+0800][43.217s][info][gc,cpu         ] GC(1738) User=0.01s Sys=0.00s Real=0.01s
[2026-06-17T09:52:24.493+0800][43.239s][info][gc,start       ] GC(1739) Pause Young (Allocation Failure)
[2026-06-17T09:52:24.494+0800][43.240s][info][gc,heap        ] GC(1739) PSYoungGen: 7167K->3539K(14848K)
[2026-06-17T09:52:24.494+0800][43.240s][info][gc,heap        ] GC(1739) ParOldGen: 23312K->23312K(44032K)
[2026-06-17T09:52:24.495+0800][43.240s][info][gc,metaspace   ] GC(1739) Metaspace: 3161K(4864K)->3161K(4864K) NonClass: 2856K(4352K)->2856K(4352K) Class: 305K(512K)->305K(512K)
[2026-06-17T09:52:24.495+0800][43.241s][info][gc             ] GC(1739) Pause Young (Allocation Failure) 29M->26M(57M) 2.760ms
[2026-06-17T09:52:24.496+0800][43.242s][info][gc,cpu         ] GC(1739) User=0.00s Sys=0.00s Real=0.00s
[2026-06-17T09:52:24.517+0800][43.263s][info][gc,start       ] GC(1740) Pause Young (Allocation Failure)
[2026-06-17T09:52:24.519+0800][43.265s][info][gc,heap        ] GC(1740) PSYoungGen: 11198K->4163K(14336K)
[2026-06-17T09:52:24.520+0800][43.266s][info][gc,heap        ] GC(1740) ParOldGen: 23312K->23312K(44032K)
[2026-06-17T09:52:24.521+0800][43.267s][info][gc,metaspace   ] GC(1740) Metaspace: 3161K(4864K)->3161K(4864K) NonClass: 2856K(4352K)->2856K(4352K) Class: 305K(512K)->305K(512K)
[2026-06-17T09:52:24.524+0800][43.270s][info][gc             ] GC(1740) Pause Young (Allocation Failure) 33M->26M(57M) 6.936ms
[2026-06-17T09:52:24.526+0800][43.272s][info][gc,cpu         ] GC(1740) User=0.00s Sys=0.00s Real=0.01s
[2026-06-17T09:52:24.539+0800][43.285s][info][gc,start       ] GC(1741) Pause Young (Allocation Failure)
[2026-06-17T09:52:24.540+0800][43.286s][info][gc,heap        ] GC(1741) PSYoungGen: 11843K->5863K(13824K)
[2026-06-17T09:52:24.541+0800][43.287s][info][gc,heap        ] GC(1741) ParOldGen: 23312K->25914K(44032K)
[2026-06-17T09:52:24.541+0800][43.287s][info][gc,metaspace   ] GC(1741) Metaspace: 3161K(4864K)->3161K(4864K) NonClass: 2856K(4352K)->2856K(4352K) Class: 305K(512K)->305K(512K)
[2026-06-17T09:52:24.542+0800][43.288s][info][gc             ] GC(1741) Pause Young (Allocation Failure) 34M->31M(56M) 3.030ms
[2026-06-17T09:52:24.542+0800][43.288s][info][gc,cpu         ] GC(1741) User=0.00s Sys=0.00s Real=0.00s
[2026-06-17T09:52:24.564+0800][43.309s][info][gc,start       ] GC(1742) Pause Young (Allocation Failure)
[2026-06-17T09:52:24.566+0800][43.312s][info][gc,heap        ] GC(1742) PSYoungGen: 13005K->3263K(14336K)
[2026-06-17T09:52:24.566+0800][43.312s][info][gc,heap        ] GC(1742) ParOldGen: 25914K->28092K(44032K)
[2026-06-17T09:52:24.569+0800][43.315s][info][gc,metaspace   ] GC(1742) Metaspace: 3161K(4864K)->3161K(4864K) NonClass: 2856K(4352K)->2856K(4352K) Class: 305K(512K)->305K(512K)
[2026-06-17T09:52:24.571+0800][43.317s][info][gc             ] GC(1742) Pause Young (Allocation Failure) 38M->30M(57M) 7.596ms
[2026-06-17T09:52:24.575+0800][43.321s][info][gc,cpu         ] GC(1742) User=0.01s Sys=0.00s Real=0.01s
[2026-06-17T09:52:24.600+0800][43.346s][info][gc,start       ] GC(1743) Pause Young (Allocation Failure)
[2026-06-17T09:52:24.602+0800][43.347s][info][gc,heap        ] GC(1743) PSYoungGen: 10378K->3395K(14848K)
[2026-06-17T09:52:24.602+0800][43.348s][info][gc,heap        ] GC(1743) ParOldGen: 28092K->28092K(44032K)
[2026-06-17T09:52:24.602+0800][43.348s][info][gc,metaspace   ] GC(1743) Metaspace: 3161K(4864K)->3161K(4864K) NonClass: 2856K(4352K)->2856K(4352K) Class: 305K(512K)->305K(512K)
[2026-06-17T09:52:24.603+0800][43.349s][info][gc             ] GC(1743) Pause Young (Allocation Failure) 37M->30M(57M) 2.503ms
[2026-06-17T09:52:24.603+0800][43.349s][info][gc,cpu         ] GC(1743) User=0.00s Sys=0.00s Real=0.01s
[2026-06-17T09:52:24.615+0800][43.361s][info][gc,start       ] GC(1744) Pause Young (Allocation Failure)
[2026-06-17T09:52:24.616+0800][43.362s][info][gc,heap        ] GC(1744) PSYoungGen: 10758K->1090K(14336K)
[2026-06-17T09:52:24.617+0800][43.363s][info][gc,heap        ] GC(1744) ParOldGen: 28092K->31105K(44032K)
[2026-06-17T09:52:24.617+0800][43.363s][info][gc,metaspace   ] GC(1744) Metaspace: 3161K(4864K)->3161K(4864K) NonClass: 2856K(4352K)->2856K(4352K) Class: 305K(512K)->305K(512K)
[2026-06-17T09:52:24.618+0800][43.364s][info][gc             ] GC(1744) Pause Young (Allocation Failure) 37M->31M(57M) 2.974ms
[2026-06-17T09:52:24.618+0800][43.364s][info][gc,cpu         ] GC(1744) User=0.00s Sys=0.00s Real=0.00s
[2026-06-17T09:52:24.640+0800][43.386s][info][gc,start       ] GC(1745) Pause Young (Allocation Failure)
[2026-06-17T09:52:24.642+0800][43.388s][info][gc,heap        ] GC(1745) PSYoungGen: 8747K->4329K(14336K)
[2026-06-17T09:52:24.643+0800][43.388s][info][gc,heap        ] GC(1745) ParOldGen: 31105K->32171K(44032K)
[2026-06-17T09:52:24.643+0800][43.389s][info][gc,metaspace   ] GC(1745) Metaspace: 3161K(4864K)->3161K(4864K) NonClass: 2856K(4352K)->2856K(4352K) Class: 305K(512K)->305K(512K)
[2026-06-17T09:52:24.644+0800][43.390s][info][gc             ] GC(1745) Pause Young (Allocation Failure) 38M->35M(57M) 3.939ms
[2026-06-17T09:52:24.644+0800][43.390s][info][gc,cpu         ] GC(1745) User=0.00s Sys=0.00s Real=0.01s
[2026-06-17T09:52:24.667+0800][43.412s][info][gc,start       ] GC(1746) Pause Young (Allocation Failure)
[2026-06-17T09:52:24.668+0800][43.414s][info][gc,heap        ] GC(1746) PSYoungGen: 11495K->3561K(14336K)
[2026-06-17T09:52:24.669+0800][43.415s][info][gc,heap        ] GC(1746) ParOldGen: 32171K->33199K(44032K)
[2026-06-17T09:52:24.669+0800][43.415s][info][gc,metaspace   ] GC(1746) Metaspace: 3161K(4864K)->3161K(4864K) NonClass: 2856K(4352K)->2856K(4352K) Class: 305K(512K)->305K(512K)
[2026-06-17T09:52:24.670+0800][43.416s][info][gc             ] GC(1746) Pause Young (Allocation Failure) 42M->35M(57M) 3.173ms
[2026-06-17T09:52:24.670+0800][43.416s][info][gc,cpu         ] GC(1746) User=0.00s Sys=0.00s Real=0.00s
[2026-06-17T09:52:24.692+0800][43.438s][info][gc,start       ] GC(1747) Pause Young (Allocation Failure)
[2026-06-17T09:52:24.694+0800][43.440s][info][gc,heap        ] GC(1747) PSYoungGen: 10711K->1363K(14848K)
[2026-06-17T09:52:24.694+0800][43.440s][info][gc,heap        ] GC(1747) ParOldGen: 33199K->35295K(44032K)
[2026-06-17T09:52:24.695+0800][43.441s][info][gc,metaspace   ] GC(1747) Metaspace: 3161K(4864K)->3161K(4864K) NonClass: 2856K(4352K)->2856K(4352K) Class: 305K(512K)->305K(512K)
[2026-06-17T09:52:24.695+0800][43.441s][info][gc             ] GC(1747) Pause Young (Allocation Failure) 42M->35M(57M) 3.468ms
[2026-06-17T09:52:24.696+0800][43.442s][info][gc,cpu         ] GC(1747) User=0.00s Sys=0.00s Real=0.00s
[2026-06-17T09:52:24.718+0800][43.464s][info][gc,start       ] GC(1748) Pause Young (Allocation Failure)
[2026-06-17T09:52:24.720+0800][43.465s][info][gc,heap        ] GC(1748) PSYoungGen: 9508K->2814K(14848K)
[2026-06-17T09:52:24.720+0800][43.466s][info][gc,heap        ] GC(1748) ParOldGen: 35295K->35295K(44032K)
[2026-06-17T09:52:24.721+0800][43.467s][info][gc,metaspace   ] GC(1748) Metaspace: 3161K(4864K)->3161K(4864K) NonClass: 2856K(4352K)->2856K(4352K) Class: 305K(512K)->305K(512K)
[2026-06-17T09:52:24.721+0800][43.467s][info][gc             ] GC(1748) Pause Young (Allocation Failure) 43M->37M(57M) 3.333ms
[2026-06-17T09:52:24.722+0800][43.468s][info][gc,cpu         ] GC(1748) User=0.00s Sys=0.00s Real=0.00s
[2026-06-17T09:52:24.744+0800][43.490s][info][gc,start       ] GC(1749) Pause Young (Allocation Failure)
[2026-06-17T09:52:24.746+0800][43.491s][info][gc,heap        ] GC(1749) PSYoungGen: 10987K->2023K(14848K)
[2026-06-17T09:52:24.746+0800][43.492s][info][gc,heap        ] GC(1749) ParOldGen: 35295K->37307K(44032K)
[2026-06-17T09:52:24.746+0800][43.492s][info][gc,metaspace   ] GC(1749) Metaspace: 3161K(4864K)->3161K(4864K) NonClass: 2856K(4352K)->2856K(4352K) Class: 305K(512K)->305K(512K)
[2026-06-17T09:52:24.747+0800][43.493s][info][gc             ] GC(1749) Pause Young (Allocation Failure) 45M->38M(57M) 2.713ms
[2026-06-17T09:52:24.747+0800][43.493s][info][gc,cpu         ] GC(1749) User=0.00s Sys=0.00s Real=0.00s
[2026-06-17T09:52:24.769+0800][43.515s][info][gc,start       ] GC(1750) Pause Young (Allocation Failure)
[2026-06-17T09:52:24.771+0800][43.517s][info][gc,heap        ] GC(1750) PSYoungGen: 10175K->1441K(14848K)
[2026-06-17T09:52:24.771+0800][43.517s][info][gc,heap        ] GC(1750) ParOldGen: 37307K->39065K(44032K)
[2026-06-17T09:52:24.772+0800][43.518s][info][gc,metaspace   ] GC(1750) Metaspace: 3161K(4864K)->3161K(4864K) NonClass: 2856K(4352K)->2856K(4352K) Class: 305K(512K)->305K(512K)
[2026-06-17T09:52:24.773+0800][43.518s][info][gc             ] GC(1750) Pause Young (Allocation Failure) 46M->39M(57M) 3.353ms
[2026-06-17T09:52:24.773+0800][43.519s][info][gc,cpu         ] GC(1750) User=0.00s Sys=0.00s Real=0.01s
[2026-06-17T09:52:24.795+0800][43.541s][info][gc,start       ] GC(1751) Pause Young (Allocation Failure)
[2026-06-17T09:52:24.797+0800][43.543s][info][gc,heap        ] GC(1751) PSYoungGen: 9616K->3141K(15360K)
[2026-06-17T09:52:24.797+0800][43.543s][info][gc,heap        ] GC(1751) ParOldGen: 39065K->39065K(44032K)
[2026-06-17T09:52:24.798+0800][43.544s][info][gc,metaspace   ] GC(1751) Metaspace: 3161K(4864K)->3161K(4864K) NonClass: 2856K(4352K)->2856K(4352K) Class: 305K(512K)->305K(512K)
[2026-06-17T09:52:24.798+0800][43.544s][info][gc             ] GC(1751) Pause Young (Allocation Failure) 47M->41M(58M) 3.303ms
[2026-06-17T09:52:24.799+0800][43.545s][info][gc,cpu         ] GC(1751) User=0.01s Sys=0.00s Real=0.00s
[2026-06-17T09:52:24.821+0800][43.567s][info][gc,start       ] GC(1752) Pause Young (Allocation Failure)
[2026-06-17T09:52:24.823+0800][43.569s][info][gc,heap        ] GC(1752) PSYoungGen: 11831K->3372K(14848K)
[2026-06-17T09:52:24.824+0800][43.570s][info][gc,heap        ] GC(1752) ParOldGen: 39065K->40799K(44032K)
[2026-06-17T09:52:24.824+0800][43.570s][info][gc,metaspace   ] GC(1752) Metaspace: 3161K(4864K)->3161K(4864K) NonClass: 2856K(4352K)->2856K(4352K) Class: 305K(512K)->305K(512K)
[2026-06-17T09:52:24.825+0800][43.571s][info][gc             ] GC(1752) Pause Young (Allocation Failure) 49M->43M(57M) 3.410ms
[2026-06-17T09:52:24.825+0800][43.571s][info][gc,cpu         ] GC(1752) User=0.00s Sys=0.00s Real=0.01s
[2026-06-17T09:52:24.826+0800][43.572s][info][gc,start       ] GC(1753) Pause Full (Ergonomics)
[2026-06-17T09:52:24.826+0800][43.572s][info][gc,phases,start] GC(1753) Marking Phase
[2026-06-17T09:52:24.828+0800][43.574s][info][gc,phases      ] GC(1753) Marking Phase 1.978ms
[2026-06-17T09:52:24.828+0800][43.574s][info][gc,phases,start] GC(1753) Summary Phase
[2026-06-17T09:52:24.829+0800][43.574s][info][gc,phases      ] GC(1753) Summary Phase 0.326ms
[2026-06-17T09:52:24.829+0800][43.575s][info][gc,phases,start] GC(1753) Adjust Roots
[2026-06-17T09:52:24.829+0800][43.575s][info][gc,phases      ] GC(1753) Adjust Roots 0.435ms
[2026-06-17T09:52:24.830+0800][43.576s][info][gc,phases,start] GC(1753) Compaction Phase
[2026-06-17T09:52:24.832+0800][43.578s][info][gc,phases      ] GC(1753) Compaction Phase 2.280ms
[2026-06-17T09:52:24.832+0800][43.578s][info][gc,phases,start] GC(1753) Post Compact
[2026-06-17T09:52:24.833+0800][43.579s][info][gc,phases      ] GC(1753) Post Compact 0.383ms
[2026-06-17T09:52:24.833+0800][43.579s][info][gc,heap        ] GC(1753) PSYoungGen: 3372K->0K(15360K)
[2026-06-17T09:52:24.833+0800][43.579s][info][gc,heap        ] GC(1753) ParOldGen: 40799K->31120K(44032K)
[2026-06-17T09:52:24.833+0800][43.579s][info][gc,metaspace   ] GC(1753) Metaspace: 3161K(4864K)->3161K(4864K) NonClass: 2856K(4352K)->2856K(4352K) Class: 305K(512K)->305K(512K)
[2026-06-17T09:52:24.834+0800][43.579s][info][gc             ] GC(1753) Pause Full (Ergonomics) 43M->30M(58M) 7.964ms
[2026-06-17T09:52:24.834+0800][43.580s][info][gc,cpu         ] GC(1753) User=0.01s Sys=0.00s Real=0.01s
[2026-06-17T09:52:24.855+0800][43.601s][info][gc,start       ] GC(1754) Pause Young (Allocation Failure)
[2026-06-17T09:52:24.857+0800][43.603s][info][gc,heap        ] GC(1754) PSYoungGen: 9196K->5730K(15360K)
[2026-06-17T09:52:24.857+0800][43.603s][info][gc,heap        ] GC(1754) ParOldGen: 31120K->31120K(44032K)
[2026-06-17T09:52:24.858+0800][43.604s][info][gc,metaspace   ] GC(1754) Metaspace: 3161K(4864K)->3161K(4864K) NonClass: 2856K(4352K)->2856K(4352K) Class: 305K(512K)->305K(512K)
[2026-06-17T09:52:24.858+0800][43.604s][info][gc             ] GC(1754) Pause Young (Allocation Failure) 39M->35M(58M) 2.711ms
[2026-06-17T09:52:24.858+0800][43.604s][info][gc,cpu         ] GC(1754) User=0.00s Sys=0.00s Real=0.00s
[2026-06-17T09:52:24.880+0800][43.626s][info][gc,start       ] GC(1755) Pause Young (Allocation Failure)
[2026-06-17T09:52:24.882+0800][43.628s][info][gc,heap        ] GC(1755) PSYoungGen: 14946K->4689K(13312K)
[2026-06-17T09:52:24.883+0800][43.629s][info][gc,heap        ] GC(1755) ParOldGen: 31120K->34421K(44032K)
[2026-06-17T09:52:24.883+0800][43.629s][info][gc,metaspace   ] GC(1755) Metaspace: 3161K(4864K)->3161K(4864K) NonClass: 2856K(4352K)->2856K(4352K) Class: 305K(512K)->305K(512K)
[2026-06-17T09:52:24.884+0800][43.630s][info][gc             ] GC(1755) Pause Young (Allocation Failure) 44M->38M(56M) 3.378ms
[2026-06-17T09:52:24.884+0800][43.630s][info][gc,cpu         ] GC(1755) User=0.00s Sys=0.00s Real=0.01s
[2026-06-17T09:52:24.906+0800][43.652s][info][gc,start       ] GC(1756) Pause Young (Allocation Failure)
[2026-06-17T09:52:24.908+0800][43.654s][info][gc,heap        ] GC(1756) PSYoungGen: 11857K->3559K(14336K)
[2026-06-17T09:52:24.909+0800][43.655s][info][gc,heap        ] GC(1756) ParOldGen: 34421K->36122K(44032K)
[2026-06-17T09:52:24.910+0800][43.655s][info][gc,metaspace   ] GC(1756) Metaspace: 3161K(4864K)->3161K(4864K) NonClass: 2856K(4352K)->2856K(4352K) Class: 305K(512K)->305K(512K)
[2026-06-17T09:52:24.911+0800][43.657s][info][gc             ] GC(1756) Pause Young (Allocation Failure) 45M->38M(57M) 5.181ms
[2026-06-17T09:52:24.912+0800][43.658s][info][gc,cpu         ] GC(1756) User=0.00s Sys=0.00s Real=0.01s
[2026-06-17T09:52:24.934+0800][43.680s][info][gc,start       ] GC(1757) Pause Young (Allocation Failure)
[2026-06-17T09:52:24.936+0800][43.681s][info][gc,heap        ] GC(1757) PSYoungGen: 10712K->2182K(14848K)
[2026-06-17T09:52:24.936+0800][43.682s][info][gc,heap        ] GC(1757) ParOldGen: 36122K->37831K(44032K)
[2026-06-17T09:52:24.937+0800][43.682s][info][gc,metaspace   ] GC(1757) Metaspace: 3161K(4864K)->3161K(4864K) NonClass: 2856K(4352K)->2856K(4352K) Class: 305K(512K)->305K(512K)
[2026-06-17T09:52:24.937+0800][43.683s][info][gc             ] GC(1757) Pause Young (Allocation Failure) 45M->39M(57M) 3.279ms
[2026-06-17T09:52:24.937+0800][43.683s][info][gc,cpu         ] GC(1757) User=0.00s Sys=0.00s Real=0.00s
[2026-06-17T09:52:24.960+0800][43.706s][info][gc,start       ] GC(1758) Pause Young (Allocation Failure)
[2026-06-17T09:52:24.962+0800][43.708s][info][gc,heap        ] GC(1758) PSYoungGen: 10349K->3581K(14848K)
[2026-06-17T09:52:24.963+0800][43.708s][info][gc,heap        ] GC(1758) ParOldGen: 37831K->37831K(44032K)
[2026-06-17T09:52:24.963+0800][43.709s][info][gc,metaspace   ] GC(1758) Metaspace: 3161K(4864K)->3161K(4864K) NonClass: 2856K(4352K)->2856K(4352K) Class: 305K(512K)->305K(512K)
[2026-06-17T09:52:24.964+0800][43.710s][info][gc             ] GC(1758) Pause Young (Allocation Failure) 47M->40M(57M) 4.016ms
[2026-06-17T09:52:24.964+0800][43.710s][info][gc,cpu         ] GC(1758) User=0.01s Sys=0.00s Real=0.01s
[2026-06-17T09:52:24.987+0800][43.733s][info][gc,start       ] GC(1759) Pause Young (Allocation Failure)
[2026-06-17T09:52:24.989+0800][43.735s][info][gc,heap        ] GC(1759) PSYoungGen: 11773K->2996K(15360K)
[2026-06-17T09:52:24.990+0800][43.736s][info][gc,heap        ] GC(1759) ParOldGen: 37831K->39820K(44032K)
[2026-06-17T09:52:24.990+0800][43.736s][info][gc,metaspace   ] GC(1759) Metaspace: 3161K(4864K)->3161K(4864K) NonClass: 2856K(4352K)->2856K(4352K) Class: 305K(512K)->305K(512K)
[2026-06-17T09:52:24.991+0800][43.737s][info][gc             ] GC(1759) Pause Young (Allocation Failure) 48M->41M(58M) 4.164ms
[2026-06-17T09:52:24.992+0800][43.737s][info][gc,cpu         ] GC(1759) User=0.00s Sys=0.00s Real=0.01s
[2026-06-17T09:52:25.014+0800][43.760s][info][gc,start       ] GC(1760) Pause Young (Allocation Failure)
[2026-06-17T09:52:25.016+0800][43.762s][info][gc,heap        ] GC(1760) PSYoungGen: 12209K->3021K(15360K)
[2026-06-17T09:52:25.016+0800][43.762s][info][gc,heap        ] GC(1760) ParOldGen: 39820K->41936K(44032K)
[2026-06-17T09:52:25.017+0800][43.763s][info][gc,metaspace   ] GC(1760) Metaspace: 3161K(4864K)->3161K(4864K) NonClass: 2856K(4352K)->2856K(4352K) Class: 305K(512K)->305K(512K)
[2026-06-17T09:52:25.017+0800][43.763s][info][gc             ] GC(1760) Pause Young (Allocation Failure) 50M->43M(58M) 3.115ms
[2026-06-17T09:52:25.018+0800][43.764s][info][gc,cpu         ] GC(1760) User=0.00s Sys=0.00s Real=0.00s
[2026-06-17T09:52:25.018+0800][43.764s][info][gc,start       ] GC(1761) Pause Full (Ergonomics)
[2026-06-17T09:52:25.018+0800][43.764s][info][gc,phases,start] GC(1761) Marking Phase
[2026-06-17T09:52:25.020+0800][43.766s][info][gc,phases      ] GC(1761) Marking Phase 1.913ms
[2026-06-17T09:52:25.021+0800][43.767s][info][gc,phases,start] GC(1761) Summary Phase
[2026-06-17T09:52:25.021+0800][43.767s][info][gc,phases      ] GC(1761) Summary Phase 0.431ms
[2026-06-17T09:52:25.022+0800][43.767s][info][gc,phases,start] GC(1761) Adjust Roots
[2026-06-17T09:52:25.022+0800][43.768s][info][gc,phases      ] GC(1761) Adjust Roots 0.439ms
[2026-06-17T09:52:25.022+0800][43.768s][info][gc,phases,start] GC(1761) Compaction Phase
[2026-06-17T09:52:25.024+0800][43.770s][info][gc,phases      ] GC(1761) Compaction Phase 2.011ms
[2026-06-17T09:52:25.025+0800][43.770s][info][gc,phases,start] GC(1761) Post Compact
[2026-06-17T09:52:25.025+0800][43.771s][info][gc,phases      ] GC(1761) Post Compact 0.325ms
[2026-06-17T09:52:25.025+0800][43.771s][info][gc,heap        ] GC(1761) PSYoungGen: 3021K->0K(15360K)
[2026-06-17T09:52:25.026+0800][43.771s][info][gc,heap        ] GC(1761) ParOldGen: 41936K->31222K(44032K)
[2026-06-17T09:52:25.026+0800][43.772s][info][gc,metaspace   ] GC(1761) Metaspace: 3161K(4864K)->3161K(4864K) NonClass: 2856K(4352K)->2856K(4352K) Class: 305K(512K)->305K(512K)
[2026-06-17T09:52:25.026+0800][43.772s][info][gc             ] GC(1761) Pause Full (Ergonomics) 43M->30M(58M) 7.873ms
[2026-06-17T09:52:25.026+0800][43.772s][info][gc,cpu         ] GC(1761) User=0.01s Sys=0.00s Real=0.01s
[2026-06-17T09:52:25.048+0800][43.794s][info][gc,start       ] GC(1762) Pause Young (Allocation Failure)
[2026-06-17T09:52:25.049+0800][43.795s][info][gc,heap        ] GC(1762) PSYoungGen: 9205K->5683K(15360K)
[2026-06-17T09:52:25.050+0800][43.795s][info][gc,heap        ] GC(1762) ParOldGen: 31222K->31222K(44032K)
[2026-06-17T09:52:25.050+0800][43.796s][info][gc,metaspace   ] GC(1762) Metaspace: 3161K(4864K)->3161K(4864K) NonClass: 2856K(4352K)->2856K(4352K) Class: 305K(512K)->305K(512K)
[2026-06-17T09:52:25.050+0800][43.796s][info][gc             ] GC(1762) Pause Young (Allocation Failure) 39M->36M(58M) 2.644ms
[2026-06-17T09:52:25.051+0800][43.797s][info][gc,cpu         ] GC(1762) User=0.00s Sys=0.00s Real=0.01s
[2026-06-17T09:52:25.073+0800][43.818s][info][gc,start       ] GC(1763) Pause Young (Allocation Failure)
[2026-06-17T09:52:25.075+0800][43.821s][info][gc,heap        ] GC(1763) PSYoungGen: 14860K->4812K(14336K)
[2026-06-17T09:52:25.075+0800][43.821s][info][gc,heap        ] GC(1763) ParOldGen: 31222K->34093K(44032K)
[2026-06-17T09:52:25.076+0800][43.822s][info][gc,metaspace   ] GC(1763) Metaspace: 3161K(4864K)->3161K(4864K) NonClass: 2856K(4352K)->2856K(4352K) Class: 305K(512K)->305K(512K)
[2026-06-17T09:52:25.076+0800][43.822s][info][gc             ] GC(1763) Pause Young (Allocation Failure) 45M->37M(57M) 3.581ms
[2026-06-17T09:52:25.077+0800][43.822s][info][gc,cpu         ] GC(1763) User=0.00s Sys=0.00s Real=0.00s
[2026-06-17T09:52:25.099+0800][43.845s][info][gc,start       ] GC(1764) Pause Young (Allocation Failure)
[2026-06-17T09:52:25.100+0800][43.846s][info][gc,heap        ] GC(1764) PSYoungGen: 13000K->737K(9216K)
[2026-06-17T09:52:25.101+0800][43.847s][info][gc,heap        ] GC(1764) ParOldGen: 34093K->35861K(44032K)
[2026-06-17T09:52:25.102+0800][43.848s][info][gc,metaspace   ] GC(1764) Metaspace: 3161K(4864K)->3161K(4864K) NonClass: 2856K(4352K)->2856K(4352K) Class: 305K(512K)->305K(512K)
[2026-06-17T09:52:25.103+0800][43.848s][info][gc             ] GC(1764) Pause Young (Allocation Failure) 45M->35M(52M) 3.793ms
[2026-06-17T09:52:25.103+0800][43.849s][info][gc,cpu         ] GC(1764) User=0.01s Sys=0.00s Real=0.01s
[2026-06-17T09:52:25.135+0800][43.881s][info][gc,start       ] GC(1765) Pause Young (Allocation Failure)
[2026-06-17T09:52:25.137+0800][43.883s][info][gc,heap        ] GC(1765) PSYoungGen: 8913K->1456K(14336K)
[2026-06-17T09:52:25.138+0800][43.883s][info][gc,heap        ] GC(1765) ParOldGen: 35861K->36574K(44032K)
[2026-06-17T09:52:25.138+0800][43.884s][info][gc,metaspace   ] GC(1765) Metaspace: 3161K(4864K)->3161K(4864K) NonClass: 2856K(4352K)->2856K(4352K) Class: 305K(512K)->305K(512K)
[2026-06-17T09:52:25.139+0800][43.884s][info][gc             ] GC(1765) Pause Young (Allocation Failure) 43M->37M(57M) 3.201ms
[2026-06-17T09:52:25.139+0800][43.885s][info][gc,cpu         ] GC(1765) User=0.00s Sys=0.00s Real=0.00s
[2026-06-17T09:52:25.150+0800][43.896s][info][gc,start       ] GC(1766) Pause Young (Allocation Failure)
[2026-06-17T09:52:25.152+0800][43.898s][info][gc,heap        ] GC(1766) PSYoungGen: 8604K->4083K(14336K)
[2026-06-17T09:52:25.153+0800][43.899s][info][gc,heap        ] GC(1766) ParOldGen: 36574K->37604K(44032K)
[2026-06-17T09:52:25.154+0800][43.899s][info][gc,metaspace   ] GC(1766) Metaspace: 3161K(4864K)->3161K(4864K) NonClass: 2856K(4352K)->2856K(4352K) Class: 305K(512K)->305K(512K)
[2026-06-17T09:52:25.154+0800][43.900s][info][gc             ] GC(1766) Pause Young (Allocation Failure) 44M->40M(57M) 3.756ms
[2026-06-17T09:52:25.155+0800][43.901s][info][gc,cpu         ] GC(1766) User=0.00s Sys=0.00s Real=0.00s
[2026-06-17T09:52:25.177+0800][43.923s][info][gc,start       ] GC(1767) Pause Young (Allocation Failure)
[2026-06-17T09:52:25.179+0800][43.925s][info][gc,heap        ] GC(1767) PSYoungGen: 11239K->1987K(14848K)
[2026-06-17T09:52:25.179+0800][43.925s][info][gc,heap        ] GC(1767) ParOldGen: 37604K->39454K(44032K)
[2026-06-17T09:52:25.180+0800][43.926s][info][gc,metaspace   ] GC(1767) Metaspace: 3161K(4864K)->3161K(4864K) NonClass: 2856K(4352K)->2856K(4352K) Class: 305K(512K)->305K(512K)
[2026-06-17T09:52:25.181+0800][43.927s][info][gc             ] GC(1767) Pause Young (Allocation Failure) 47M->40M(57M) 3.856ms
[2026-06-17T09:52:25.181+0800][43.927s][info][gc,cpu         ] GC(1767) User=0.00s Sys=0.00s Real=0.00s
[2026-06-17T09:52:25.203+0800][43.949s][info][gc,start       ] GC(1768) Pause Young (Allocation Failure)
[2026-06-17T09:52:25.205+0800][43.951s][info][gc,heap        ] GC(1768) PSYoungGen: 9632K->2762K(14336K)
[2026-06-17T09:52:25.206+0800][43.952s][info][gc,heap        ] GC(1768) ParOldGen: 39454K->39454K(44032K)
[2026-06-17T09:52:25.207+0800][43.952s][info][gc,metaspace   ] GC(1768) Metaspace: 3161K(4864K)->3161K(4864K) NonClass: 2856K(4352K)->2856K(4352K) Class: 305K(512K)->305K(512K)
[2026-06-17T09:52:25.207+0800][43.953s][info][gc             ] GC(1768) Pause Young (Allocation Failure) 47M->41M(57M) 3.690ms
[2026-06-17T09:52:25.208+0800][43.953s][info][gc,cpu         ] GC(1768) User=0.01s Sys=0.00s Real=0.00s
[2026-06-17T09:52:25.230+0800][43.976s][info][gc,start       ] GC(1769) Pause Young (Allocation Failure)
[2026-06-17T09:52:25.232+0800][43.977s][info][gc,heap        ] GC(1769) PSYoungGen: 10402K->1955K(14848K)
[2026-06-17T09:52:25.232+0800][43.978s][info][gc,heap        ] GC(1769) ParOldGen: 39454K->41138K(44032K)
[2026-06-17T09:52:25.233+0800][43.978s][info][gc,metaspace   ] GC(1769) Metaspace: 3161K(4864K)->3161K(4864K) NonClass: 2856K(4352K)->2856K(4352K) Class: 305K(512K)->305K(512K)
[2026-06-17T09:52:25.233+0800][43.979s][info][gc             ] GC(1769) Pause Young (Allocation Failure) 48M->42M(57M) 3.234ms
[2026-06-17T09:52:25.234+0800][43.979s][info][gc,cpu         ] GC(1769) User=0.00s Sys=0.00s Real=0.01s
[2026-06-17T09:52:25.234+0800][43.980s][info][gc,start       ] GC(1770) Pause Full (Ergonomics)
[2026-06-17T09:52:25.235+0800][43.981s][info][gc,phases,start] GC(1770) Marking Phase
[2026-06-17T09:52:25.237+0800][43.983s][info][gc,phases      ] GC(1770) Marking Phase 2.137ms
[2026-06-17T09:52:25.237+0800][43.983s][info][gc,phases,start] GC(1770) Summary Phase
[2026-06-17T09:52:25.238+0800][43.983s][info][gc,phases      ] GC(1770) Summary Phase 0.307ms
[2026-06-17T09:52:25.238+0800][43.984s][info][gc,phases,start] GC(1770) Adjust Roots
[2026-06-17T09:52:25.239+0800][43.985s][info][gc,phases      ] GC(1770) Adjust Roots 1.096ms
[2026-06-17T09:52:25.239+0800][43.985s][info][gc,phases,start] GC(1770) Compaction Phase
[2026-06-17T09:52:25.242+0800][43.988s][info][gc,phases      ] GC(1770) Compaction Phase 2.248ms
[2026-06-17T09:52:25.242+0800][43.988s][info][gc,phases,start] GC(1770) Post Compact
[2026-06-17T09:52:25.242+0800][43.988s][info][gc,phases      ] GC(1770) Post Compact 0.334ms
[2026-06-17T09:52:25.243+0800][43.989s][info][gc,heap        ] GC(1770) PSYoungGen: 1955K->0K(14848K)
[2026-06-17T09:52:25.243+0800][43.989s][info][gc,heap        ] GC(1770) ParOldGen: 41138K->30099K(44032K)
[2026-06-17T09:52:25.243+0800][43.989s][info][gc,metaspace   ] GC(1770) Metaspace: 3161K(4864K)->3161K(4864K) NonClass: 2856K(4352K)->2856K(4352K) Class: 305K(512K)->305K(512K)
[2026-06-17T09:52:25.243+0800][43.989s][info][gc             ] GC(1770) Pause Full (Ergonomics) 42M->29M(57M) 9.419ms
[2026-06-17T09:52:25.244+0800][43.990s][info][gc,cpu         ] GC(1770) User=0.00s Sys=0.00s Real=0.01s
[2026-06-17T09:52:25.265+0800][44.011s][info][gc,start       ] GC(1771) Pause Young (Allocation Failure)
[2026-06-17T09:52:25.267+0800][44.013s][info][gc,heap        ] GC(1771) PSYoungGen: 8182K->4912K(14848K)
[2026-06-17T09:52:25.268+0800][44.013s][info][gc,heap        ] GC(1771) ParOldGen: 30099K->30099K(44032K)
[2026-06-17T09:52:25.268+0800][44.014s][info][gc,metaspace   ] GC(1771) Metaspace: 3161K(4864K)->3161K(4864K) NonClass: 2856K(4352K)->2856K(4352K) Class: 305K(512K)->305K(512K)
[2026-06-17T09:52:25.268+0800][44.014s][info][gc             ] GC(1771) Pause Young (Allocation Failure) 37M->34M(57M) 2.999ms
[2026-06-17T09:52:25.269+0800][44.015s][info][gc,cpu         ] GC(1771) User=0.00s Sys=0.00s Real=0.00s
[2026-06-17T09:52:25.291+0800][44.036s][info][gc,start       ] GC(1772) Pause Young (Allocation Failure)
[2026-06-17T09:52:25.292+0800][44.038s][info][gc,heap        ] GC(1772) PSYoungGen: 13071K->2693K(14848K)
[2026-06-17T09:52:25.293+0800][44.039s][info][gc,heap        ] GC(1772) ParOldGen: 30099K->33480K(44032K)
[2026-06-17T09:52:25.293+0800][44.039s][info][gc,metaspace   ] GC(1772) Metaspace: 3161K(4864K)->3161K(4864K) NonClass: 2856K(4352K)->2856K(4352K) Class: 305K(512K)->305K(512K)
[2026-06-17T09:52:25.293+0800][44.039s][info][gc             ] GC(1772) Pause Young (Allocation Failure) 42M->35M(57M) 2.888ms
[2026-06-17T09:52:25.294+0800][44.040s][info][gc,cpu         ] GC(1772) User=0.00s Sys=0.00s Real=0.00s
[2026-06-17T09:52:25.305+0800][44.051s][info][gc,start       ] GC(1773) Pause Young (Allocation Failure)
[2026-06-17T09:52:25.306+0800][44.052s][info][gc,heap        ] GC(1773) PSYoungGen: 10755K->664K(14848K)
[2026-06-17T09:52:25.307+0800][44.052s][info][gc,heap        ] GC(1773) ParOldGen: 33480K->36105K(44032K)
[2026-06-17T09:52:25.307+0800][44.053s][info][gc,metaspace   ] GC(1773) Metaspace: 3161K(4864K)->3161K(4864K) NonClass: 2856K(4352K)->2856K(4352K) Class: 305K(512K)->305K(512K)
[2026-06-17T09:52:25.307+0800][44.053s][info][gc             ] GC(1773) Pause Young (Allocation Failure) 43M->35M(57M) 2.183ms
[2026-06-17T09:52:25.308+0800][44.054s][info][gc,cpu         ] GC(1773) User=0.00s Sys=0.00s Real=0.00s
[2026-06-17T09:52:25.329+0800][44.075s][info][gc,start       ] GC(1774) Pause Young (Allocation Failure)
[2026-06-17T09:52:25.331+0800][44.077s][info][gc,heap        ] GC(1774) PSYoungGen: 8832K->4397K(14848K)
[2026-06-17T09:52:25.331+0800][44.077s][info][gc,heap        ] GC(1774) ParOldGen: 36105K->36745K(44032K)
[2026-06-17T09:52:25.332+0800][44.078s][info][gc,metaspace   ] GC(1774) Metaspace: 3161K(4864K)->3161K(4864K) NonClass: 2856K(4352K)->2856K(4352K) Class: 305K(512K)->305K(512K)
[2026-06-17T09:52:25.332+0800][44.078s][info][gc             ] GC(1774) Pause Young (Allocation Failure) 43M->40M(57M) 2.995ms
[2026-06-17T09:52:25.333+0800][44.079s][info][gc,cpu         ] GC(1774) User=0.01s Sys=0.00s Real=0.01s
[2026-06-17T09:52:25.354+0800][44.100s][info][gc,start       ] GC(1775) Pause Young (Allocation Failure)
[2026-06-17T09:52:25.355+0800][44.101s][info][gc,heap        ] GC(1775) PSYoungGen: 12573K->4286K(13824K)
[2026-06-17T09:52:25.355+0800][44.101s][info][gc,heap        ] GC(1775) ParOldGen: 36745K->37950K(44032K)
[2026-06-17T09:52:25.356+0800][44.101s][info][gc,metaspace   ] GC(1775) Metaspace: 3161K(4864K)->3161K(4864K) NonClass: 2856K(4352K)->2856K(4352K) Class: 305K(512K)->305K(512K)
[2026-06-17T09:52:25.356+0800][44.102s][info][gc             ] GC(1775) Pause Young (Allocation Failure) 48M->41M(56M) 1.777ms
[2026-06-17T09:52:25.356+0800][44.102s][info][gc,cpu         ] GC(1775) User=0.00s Sys=0.00s Real=0.00s
[2026-06-17T09:52:25.377+0800][44.123s][info][gc,start       ] GC(1776) Pause Young (Allocation Failure)
[2026-06-17T09:52:25.379+0800][44.124s][info][gc,heap        ] GC(1776) PSYoungGen: 11453K->2785K(14336K)
[2026-06-17T09:52:25.379+0800][44.125s][info][gc,heap        ] GC(1776) ParOldGen: 37950K->39960K(44032K)
[2026-06-17T09:52:25.379+0800][44.125s][info][gc,metaspace   ] GC(1776) Metaspace: 3161K(4864K)->3161K(4864K) NonClass: 2856K(4352K)->2856K(4352K) Class: 305K(512K)->305K(512K)
[2026-06-17T09:52:25.380+0800][44.126s][info][gc             ] GC(1776) Pause Young (Allocation Failure) 48M->41M(57M) 2.272ms
[2026-06-17T09:52:25.380+0800][44.126s][info][gc,cpu         ] GC(1776) User=0.00s Sys=0.00s Real=0.00s
[2026-06-17T09:52:25.402+0800][44.148s][info][gc,start       ] GC(1777) Pause Young (Allocation Failure)
[2026-06-17T09:52:25.404+0800][44.149s][info][gc,heap        ] GC(1777) PSYoungGen: 9938K->3291K(14848K)
[2026-06-17T09:52:25.404+0800][44.150s][info][gc,heap        ] GC(1777) ParOldGen: 39960K->39960K(44032K)
[2026-06-17T09:52:25.405+0800][44.151s][info][gc,metaspace   ] GC(1777) Metaspace: 3161K(4864K)->3161K(4864K) NonClass: 2856K(4352K)->2856K(4352K) Class: 305K(512K)->305K(512K)
[2026-06-17T09:52:25.405+0800][44.151s][info][gc             ] GC(1777) Pause Young (Allocation Failure) 48M->42M(57M) 3.453ms
[2026-06-17T09:52:25.406+0800][44.152s][info][gc,cpu         ] GC(1777) User=0.00s Sys=0.00s Real=0.01s
[2026-06-17T09:52:25.429+0800][44.175s][info][gc,start       ] GC(1778) Pause Young (Allocation Failure)
[2026-06-17T09:52:25.432+0800][44.178s][info][gc,heap        ] GC(1778) PSYoungGen: 11479K->2554K(14848K)
[2026-06-17T09:52:25.432+0800][44.178s][info][gc,heap        ] GC(1778) ParOldGen: 39960K->42039K(44032K)
[2026-06-17T09:52:25.433+0800][44.179s][info][gc,metaspace   ] GC(1778) Metaspace: 3161K(4864K)->3161K(4864K) NonClass: 2856K(4352K)->2856K(4352K) Class: 305K(512K)->305K(512K)
[2026-06-17T09:52:25.434+0800][44.179s][info][gc             ] GC(1778) Pause Young (Allocation Failure) 50M->43M(57M) 4.931ms
[2026-06-17T09:52:25.434+0800][44.180s][info][gc,cpu         ] GC(1778) User=0.01s Sys=0.00s Real=0.01s
[2026-06-17T09:52:25.435+0800][44.181s][info][gc,start       ] GC(1779) Pause Full (Ergonomics)
[2026-06-17T09:52:25.436+0800][44.181s][info][gc,phases,start] GC(1779) Marking Phase
[2026-06-17T09:52:25.438+0800][44.184s][info][gc,phases      ] GC(1779) Marking Phase 2.226ms
[2026-06-17T09:52:25.438+0800][44.184s][info][gc,phases,start] GC(1779) Summary Phase
[2026-06-17T09:52:25.439+0800][44.184s][info][gc,phases      ] GC(1779) Summary Phase 0.442ms
[2026-06-17T09:52:25.439+0800][44.185s][info][gc,phases,start] GC(1779) Adjust Roots
[2026-06-17T09:52:25.440+0800][44.186s][info][gc,phases      ] GC(1779) Adjust Roots 0.828ms
[2026-06-17T09:52:25.440+0800][44.186s][info][gc,phases,start] GC(1779) Compaction Phase
[2026-06-17T09:52:25.443+0800][44.189s][info][gc,phases      ] GC(1779) Compaction Phase 3.003ms
[2026-06-17T09:52:25.444+0800][44.189s][info][gc,phases,start] GC(1779) Post Compact
[2026-06-17T09:52:25.444+0800][44.190s][info][gc,phases      ] GC(1779) Post Compact 0.314ms
[2026-06-17T09:52:25.444+0800][44.190s][info][gc,heap        ] GC(1779) PSYoungGen: 2554K->0K(15360K)
[2026-06-17T09:52:25.444+0800][44.190s][info][gc,heap        ] GC(1779) ParOldGen: 42039K->26116K(44032K)
[2026-06-17T09:52:25.444+0800][44.190s][info][gc,metaspace   ] GC(1779) Metaspace: 3161K(4864K)->3161K(4864K) NonClass: 2856K(4352K)->2856K(4352K) Class: 305K(512K)->305K(512K)
[2026-06-17T09:52:25.445+0800][44.190s][info][gc             ] GC(1779) Pause Full (Ergonomics) 43M->25M(58M) 9.658ms
[2026-06-17T09:52:25.445+0800][44.191s][info][gc,cpu         ] GC(1779) User=0.01s Sys=0.00s Real=0.01s
[2026-06-17T09:52:25.466+0800][44.212s][info][gc,start       ] GC(1780) Pause Young (Allocation Failure)
[2026-06-17T09:52:25.468+0800][44.214s][info][gc,heap        ] GC(1780) PSYoungGen: 9170K->5720K(15360K)
[2026-06-17T09:52:25.468+0800][44.214s][info][gc,heap        ] GC(1780) ParOldGen: 26116K->26116K(44032K)
[2026-06-17T09:52:25.468+0800][44.214s][info][gc,metaspace   ] GC(1780) Metaspace: 3161K(4864K)->3161K(4864K) NonClass: 2856K(4352K)->2856K(4352K) Class: 305K(512K)->305K(512K)
[2026-06-17T09:52:25.469+0800][44.215s][info][gc             ] GC(1780) Pause Young (Allocation Failure) 34M->31M(58M) 2.441ms
[2026-06-17T09:52:25.469+0800][44.215s][info][gc,cpu         ] GC(1780) User=0.00s Sys=0.00s Real=0.00s
[2026-06-17T09:52:25.491+0800][44.237s][info][gc,start       ] GC(1781) Pause Young (Allocation Failure)
[2026-06-17T09:52:25.494+0800][44.240s][info][gc,heap        ] GC(1781) PSYoungGen: 14902K->5333K(13312K)
[2026-06-17T09:52:25.495+0800][44.241s][info][gc,heap        ] GC(1781) ParOldGen: 26116K->28834K(44032K)
[2026-06-17T09:52:25.497+0800][44.243s][info][gc,metaspace   ] GC(1781) Metaspace: 3161K(4864K)->3161K(4864K) NonClass: 2856K(4352K)->2856K(4352K) Class: 305K(512K)->305K(512K)
[2026-06-17T09:52:25.499+0800][44.245s][info][gc             ] GC(1781) Pause Young (Allocation Failure) 40M->33M(56M) 8.276ms
[2026-06-17T09:52:25.500+0800][44.246s][info][gc,cpu         ] GC(1781) User=0.00s Sys=0.00s Real=0.00s
[2026-06-17T09:52:25.533+0800][44.279s][info][gc,start       ] GC(1782) Pause Young (Allocation Failure)
[2026-06-17T09:52:25.535+0800][44.280s][info][gc,heap        ] GC(1782) PSYoungGen: 12365K->3015K(14336K)
[2026-06-17T09:52:25.535+0800][44.281s][info][gc,heap        ] GC(1782) ParOldGen: 28834K->30659K(44032K)
[2026-06-17T09:52:25.540+0800][44.286s][info][gc,metaspace   ] GC(1782) Metaspace: 3161K(4864K)->3161K(4864K) NonClass: 2856K(4352K)->2856K(4352K) Class: 305K(512K)->305K(512K)
[2026-06-17T09:52:25.544+0800][44.290s][info][gc             ] GC(1782) Pause Young (Allocation Failure) 40M->32M(57M) 11.158ms
[2026-06-17T09:52:25.548+0800][44.294s][info][gc,cpu         ] GC(1782) User=0.00s Sys=0.01s Real=0.01s
[2026-06-17T09:52:25.571+0800][44.317s][info][gc,start       ] GC(1783) Pause Young (Allocation Failure)
[2026-06-17T09:52:25.574+0800][44.319s][info][gc,heap        ] GC(1783) PSYoungGen: 10127K->3410K(14848K)
[2026-06-17T09:52:25.574+0800][44.320s][info][gc,heap        ] GC(1783) ParOldGen: 30659K->33650K(44032K)
[2026-06-17T09:52:25.575+0800][44.321s][info][gc,metaspace   ] GC(1783) Metaspace: 3161K(4864K)->3161K(4864K) NonClass: 2856K(4352K)->2856K(4352K) Class: 305K(512K)->305K(512K)
[2026-06-17T09:52:25.575+0800][44.321s][info][gc             ] GC(1783) Pause Young (Allocation Failure) 39M->36M(57M) 3.956ms
[2026-06-17T09:52:25.576+0800][44.322s][info][gc,cpu         ] GC(1783) User=0.01s Sys=0.00s Real=0.00s
[2026-06-17T09:52:25.598+0800][44.344s][info][gc,start       ] GC(1784) Pause Young (Allocation Failure)
[2026-06-17T09:52:25.600+0800][44.346s][info][gc,heap        ] GC(1784) PSYoungGen: 11057K->3805K(14336K)
[2026-06-17T09:52:25.600+0800][44.346s][info][gc,heap        ] GC(1784) ParOldGen: 33650K->33824K(44032K)
[2026-06-17T09:52:25.601+0800][44.347s][info][gc,metaspace   ] GC(1784) Metaspace: 3161K(4864K)->3161K(4864K) NonClass: 2856K(4352K)->2856K(4352K) Class: 305K(512K)->305K(512K)
[2026-06-17T09:52:25.602+0800][44.347s][info][gc             ] GC(1784) Pause Young (Allocation Failure) 43M->36M(57M) 3.159ms
[2026-06-17T09:52:25.602+0800][44.348s][info][gc,cpu         ] GC(1784) User=0.00s Sys=0.00s Real=0.00s
[2026-06-17T09:52:25.624+0800][44.369s][info][gc,start       ] GC(1785) Pause Young (Allocation Failure)
[2026-06-17T09:52:25.625+0800][44.371s][info][gc,heap        ] GC(1785) PSYoungGen: 11481K->2721K(14848K)
[2026-06-17T09:52:25.625+0800][44.371s][info][gc,heap        ] GC(1785) ParOldGen: 33824K->35524K(44032K)
[2026-06-17T09:52:25.626+0800][44.372s][info][gc,metaspace   ] GC(1785) Metaspace: 3161K(4864K)->3161K(4864K) NonClass: 2856K(4352K)->2856K(4352K) Class: 305K(512K)->305K(512K)
[2026-06-17T09:52:25.626+0800][44.372s][info][gc             ] GC(1785) Pause Young (Allocation Failure) 44M->37M(57M) 2.658ms
[2026-06-17T09:52:25.627+0800][44.372s][info][gc,cpu         ] GC(1785) User=0.00s Sys=0.00s Real=0.00s
[2026-06-17T09:52:25.648+0800][44.394s][info][gc,start       ] GC(1786) Pause Young (Allocation Failure)
[2026-06-17T09:52:25.649+0800][44.395s][info][gc,heap        ] GC(1786) PSYoungGen: 10862K->3861K(14848K)
[2026-06-17T09:52:25.650+0800][44.395s][info][gc,heap        ] GC(1786) ParOldGen: 35524K->35524K(44032K)
[2026-06-17T09:52:25.650+0800][44.396s][info][gc,metaspace   ] GC(1786) Metaspace: 3161K(4864K)->3161K(4864K) NonClass: 2856K(4352K)->2856K(4352K) Class: 305K(512K)->305K(512K)
[2026-06-17T09:52:25.650+0800][44.396s][info][gc             ] GC(1786) Pause Young (Allocation Failure) 45M->38M(57M) 1.978ms
[2026-06-17T09:52:25.650+0800][44.396s][info][gc,cpu         ] GC(1786) User=0.00s Sys=0.00s Real=0.00s
[2026-06-17T09:52:25.672+0800][44.418s][info][gc,start       ] GC(1787) Pause Young (Allocation Failure)
[2026-06-17T09:52:25.673+0800][44.419s][info][gc,heap        ] GC(1787) PSYoungGen: 12045K->5511K(14336K)
[2026-06-17T09:52:25.673+0800][44.419s][info][gc,heap        ] GC(1787) ParOldGen: 35524K->35524K(44032K)
[2026-06-17T09:52:25.674+0800][44.420s][info][gc,metaspace   ] GC(1787) Metaspace: 3161K(4864K)->3161K(4864K) NonClass: 2856K(4352K)->2856K(4352K) Class: 305K(512K)->305K(512K)
[2026-06-17T09:52:25.674+0800][44.420s][info][gc             ] GC(1787) Pause Young (Allocation Failure) 46M->40M(57M) 2.666ms
[2026-06-17T09:52:25.675+0800][44.421s][info][gc,cpu         ] GC(1787) User=0.01s Sys=0.00s Real=0.00s
[2026-06-17T09:52:25.696+0800][44.442s][info][gc,start       ] GC(1788) Pause Young (Allocation Failure)
[2026-06-17T09:52:25.697+0800][44.443s][info][gc,heap        ] GC(1788) PSYoungGen: 13698K->6636K(14848K)
[2026-06-17T09:52:25.698+0800][44.444s][info][gc,heap        ] GC(1788) ParOldGen: 35524K->36049K(44032K)
[2026-06-17T09:52:25.698+0800][44.444s][info][gc,metaspace   ] GC(1788) Metaspace: 3161K(4864K)->3161K(4864K) NonClass: 2856K(4352K)->2856K(4352K) Class: 305K(512K)->305K(512K)
[2026-06-17T09:52:25.698+0800][44.444s][info][gc             ] GC(1788) Pause Young (Allocation Failure) 48M->41M(57M) 1.811ms
[2026-06-17T09:52:25.698+0800][44.444s][info][gc,cpu         ] GC(1788) User=0.00s Sys=0.00s Real=0.00s
[2026-06-17T09:52:25.720+0800][44.466s][info][gc,start       ] GC(1789) Pause Young (Allocation Failure)
[2026-06-17T09:52:25.721+0800][44.467s][info][gc,heap        ] GC(1789) PSYoungGen: 14805K->4610K(13824K)
[2026-06-17T09:52:25.721+0800][44.467s][info][gc,heap        ] GC(1789) ParOldGen: 36049K->39110K(44032K)
[2026-06-17T09:52:25.722+0800][44.468s][info][gc,metaspace   ] GC(1789) Metaspace: 3162K(4864K)->3162K(4864K) NonClass: 2857K(4352K)->2857K(4352K) Class: 305K(512K)->305K(512K)
[2026-06-17T09:52:25.722+0800][44.468s][info][gc             ] GC(1789) Pause Young (Allocation Failure) 49M->42M(56M) 2.436ms
[2026-06-17T09:52:25.722+0800][44.468s][info][gc,cpu         ] GC(1789) User=0.00s Sys=0.00s Real=0.00s
[2026-06-17T09:52:25.743+0800][44.489s][info][gc,start       ] GC(1790) Pause Young (Allocation Failure)
[2026-06-17T09:52:25.744+0800][44.490s][info][gc,heap        ] GC(1790) PSYoungGen: 11736K->3273K(14336K)
[2026-06-17T09:52:25.745+0800][44.491s][info][gc,heap        ] GC(1790) ParOldGen: 39110K->40707K(44032K)
[2026-06-17T09:52:25.745+0800][44.491s][info][gc,metaspace   ] GC(1790) Metaspace: 3162K(4864K)->3162K(4864K) NonClass: 2857K(4352K)->2857K(4352K) Class: 305K(512K)->305K(512K)
[2026-06-17T09:52:25.745+0800][44.491s][info][gc             ] GC(1790) Pause Young (Allocation Failure) 49M->42M(57M) 1.980ms
[2026-06-17T09:52:25.746+0800][44.491s][info][gc,cpu         ] GC(1790) User=0.00s Sys=0.00s Real=0.00s
[2026-06-17T09:52:25.746+0800][44.492s][info][gc,start       ] GC(1791) Pause Full (Ergonomics)
[2026-06-17T09:52:25.746+0800][44.492s][info][gc,phases,start] GC(1791) Marking Phase
[2026-06-17T09:52:25.747+0800][44.493s][info][gc,phases      ] GC(1791) Marking Phase 1.030ms
[2026-06-17T09:52:25.747+0800][44.493s][info][gc,phases,start] GC(1791) Summary Phase
[2026-06-17T09:52:25.748+0800][44.493s][info][gc,phases      ] GC(1791) Summary Phase 0.181ms
[2026-06-17T09:52:25.748+0800][44.494s][info][gc,phases,start] GC(1791) Adjust Roots
[2026-06-17T09:52:25.748+0800][44.494s][info][gc,phases      ] GC(1791) Adjust Roots 0.210ms
[2026-06-17T09:52:25.748+0800][44.494s][info][gc,phases,start] GC(1791) Compaction Phase
[2026-06-17T09:52:25.749+0800][44.495s][info][gc,phases      ] GC(1791) Compaction Phase 1.258ms
[2026-06-17T09:52:25.750+0800][44.495s][info][gc,phases,start] GC(1791) Post Compact
[2026-06-17T09:52:25.750+0800][44.496s][info][gc,phases      ] GC(1791) Post Compact 0.233ms
[2026-06-17T09:52:25.750+0800][44.496s][info][gc,heap        ] GC(1791) PSYoungGen: 3273K->0K(14336K)
[2026-06-17T09:52:25.750+0800][44.496s][info][gc,heap        ] GC(1791) ParOldGen: 40707K->22313K(44032K)
[2026-06-17T09:52:25.750+0800][44.496s][info][gc,metaspace   ] GC(1791) Metaspace: 3162K(4864K)->3162K(4864K) NonClass: 2857K(4352K)->2857K(4352K) Class: 305K(512K)->305K(512K)
[2026-06-17T09:52:25.750+0800][44.496s][info][gc             ] GC(1791) Pause Full (Ergonomics) 42M->21M(57M) 4.648ms
[2026-06-17T09:52:25.751+0800][44.496s][info][gc,cpu         ] GC(1791) User=0.01s Sys=0.00s Real=0.01s
[2026-06-17T09:52:25.772+0800][44.518s][info][gc,start       ] GC(1792) Pause Young (Allocation Failure)
[2026-06-17T09:52:25.773+0800][44.519s][info][gc,heap        ] GC(1792) PSYoungGen: 7168K->3624K(14336K)
[2026-06-17T09:52:25.774+0800][44.520s][info][gc,heap        ] GC(1792) ParOldGen: 22313K->22313K(44032K)
[2026-06-17T09:52:25.774+0800][44.520s][info][gc,metaspace   ] GC(1792) Metaspace: 3162K(4864K)->3162K(4864K) NonClass: 2857K(4352K)->2857K(4352K) Class: 305K(512K)->305K(512K)
[2026-06-17T09:52:25.775+0800][44.521s][info][gc             ] GC(1792) Pause Young (Allocation Failure) 28M->25M(57M) 3.079ms
[2026-06-17T09:52:25.776+0800][44.521s][info][gc,cpu         ] GC(1792) User=0.00s Sys=0.00s Real=0.00s
[2026-06-17T09:52:25.787+0800][44.533s][info][gc,start       ] GC(1793) Pause Young (Allocation Failure)
[2026-06-17T09:52:25.789+0800][44.535s][info][gc,heap        ] GC(1793) PSYoungGen: 10771K->7098K(14336K)
[2026-06-17T09:52:25.789+0800][44.535s][info][gc,heap        ] GC(1793) ParOldGen: 22313K->22489K(44032K)
[2026-06-17T09:52:25.790+0800][44.536s][info][gc,metaspace   ] GC(1793) Metaspace: 3162K(4864K)->3162K(4864K) NonClass: 2857K(4352K)->2857K(4352K) Class: 305K(512K)->305K(512K)
[2026-06-17T09:52:25.791+0800][44.536s][info][gc             ] GC(1793) Pause Young (Allocation Failure) 32M->28M(57M) 3.399ms
[2026-06-17T09:52:25.791+0800][44.537s][info][gc,cpu         ] GC(1793) User=0.00s Sys=0.00s Real=0.01s
[2026-06-17T09:52:25.813+0800][44.559s][info][gc,start       ] GC(1794) Pause Young (Allocation Failure)
[2026-06-17T09:52:25.815+0800][44.561s][info][gc,heap        ] GC(1794) PSYoungGen: 14211K->2154K(14336K)
[2026-06-17T09:52:25.816+0800][44.561s][info][gc,heap        ] GC(1794) ParOldGen: 22489K->27540K(44032K)
[2026-06-17T09:52:25.816+0800][44.562s][info][gc,metaspace   ] GC(1794) Metaspace: 3162K(4864K)->3162K(4864K) NonClass: 2857K(4352K)->2857K(4352K) Class: 305K(512K)->305K(512K)
[2026-06-17T09:52:25.816+0800][44.562s][info][gc             ] GC(1794) Pause Young (Allocation Failure) 35M->28M(57M) 3.775ms
[2026-06-17T09:52:25.817+0800][44.563s][info][gc,cpu         ] GC(1794) User=0.00s Sys=0.00s Real=0.00s
[2026-06-17T09:52:25.828+0800][44.574s][info][gc,start       ] GC(1795) Pause Young (Allocation Failure)
[2026-06-17T09:52:25.830+0800][44.576s][info][gc,heap        ] GC(1795) PSYoungGen: 9264K->5598K(14336K)
[2026-06-17T09:52:25.831+0800][44.577s][info][gc,heap        ] GC(1795) ParOldGen: 27540K->27540K(44032K)
[2026-06-17T09:52:25.831+0800][44.577s][info][gc,metaspace   ] GC(1795) Metaspace: 3162K(4864K)->3162K(4864K) NonClass: 2857K(4352K)->2857K(4352K) Class: 305K(512K)->305K(512K)
[2026-06-17T09:52:25.832+0800][44.578s][info][gc             ] GC(1795) Pause Young (Allocation Failure) 35M->32M(57M) 3.229ms
[2026-06-17T09:52:25.832+0800][44.578s][info][gc,cpu         ] GC(1795) User=0.01s Sys=0.00s Real=0.01s
[2026-06-17T09:52:25.854+0800][44.600s][info][gc,start       ] GC(1796) Pause Young (Allocation Failure)
[2026-06-17T09:52:25.856+0800][44.602s][info][gc,heap        ] GC(1796) PSYoungGen: 12729K->3396K(14336K)
[2026-06-17T09:52:25.857+0800][44.603s][info][gc,heap        ] GC(1796) ParOldGen: 27540K->29700K(44032K)
[2026-06-17T09:52:25.857+0800][44.603s][info][gc,metaspace   ] GC(1796) Metaspace: 3162K(4864K)->3162K(4864K) NonClass: 2857K(4352K)->2857K(4352K) Class: 305K(512K)->305K(512K)
[2026-06-17T09:52:25.858+0800][44.604s][info][gc             ] GC(1796) Pause Young (Allocation Failure) 39M->32M(57M) 3.955ms
[2026-06-17T09:52:25.860+0800][44.606s][info][gc,cpu         ] GC(1796) User=0.00s Sys=0.00s Real=0.00s
[2026-06-17T09:52:25.882+0800][44.628s][info][gc,start       ] GC(1797) Pause Young (Allocation Failure)
[2026-06-17T09:52:25.885+0800][44.630s][info][gc,heap        ] GC(1797) PSYoungGen: 10551K->2874K(14336K)
[2026-06-17T09:52:25.885+0800][44.631s][info][gc,heap        ] GC(1797) ParOldGen: 29700K->29700K(44032K)
[2026-06-17T09:52:25.886+0800][44.632s][info][gc,metaspace   ] GC(1797) Metaspace: 3162K(4864K)->3162K(4864K) NonClass: 2857K(4352K)->2857K(4352K) Class: 305K(512K)->305K(512K)
[2026-06-17T09:52:25.887+0800][44.633s][info][gc             ] GC(1797) Pause Young (Allocation Failure) 39M->31M(57M) 4.398ms
[2026-06-17T09:52:25.887+0800][44.633s][info][gc,cpu         ] GC(1797) User=0.00s Sys=0.00s Real=0.01s
[2026-06-17T09:52:25.900+0800][44.645s][info][gc,start       ] GC(1798) Pause Young (Allocation Failure)
[2026-06-17T09:52:25.901+0800][44.647s][info][gc,heap        ] GC(1798) PSYoungGen: 9668K->447K(14336K)
[2026-06-17T09:52:25.902+0800][44.648s][info][gc,heap        ] GC(1798) ParOldGen: 29700K->31910K(44032K)
[2026-06-17T09:52:25.903+0800][44.648s][info][gc,metaspace   ] GC(1798) Metaspace: 3162K(4864K)->3162K(4864K) NonClass: 2857K(4352K)->2857K(4352K) Class: 305K(512K)->305K(512K)
[2026-06-17T09:52:25.903+0800][44.649s][info][gc             ] GC(1798) Pause Young (Allocation Failure) 38M->31M(57M) 3.548ms
[2026-06-17T09:52:25.904+0800][44.649s][info][gc,cpu         ] GC(1798) User=0.01s Sys=0.01s Real=0.01s
[2026-06-17T09:52:25.926+0800][44.671s][info][gc,start       ] GC(1799) Pause Young (Allocation Failure)
[2026-06-17T09:52:25.927+0800][44.673s][info][gc,heap        ] GC(1799) PSYoungGen: 7597K->3811K(14336K)
[2026-06-17T09:52:25.927+0800][44.673s][info][gc,heap        ] GC(1799) ParOldGen: 31910K->32333K(44032K)
[2026-06-17T09:52:25.928+0800][44.673s][info][gc,metaspace   ] GC(1799) Metaspace: 3162K(4864K)->3162K(4864K) NonClass: 2857K(4352K)->2857K(4352K) Class: 305K(512K)->305K(512K)
[2026-06-17T09:52:25.928+0800][44.674s][info][gc             ] GC(1799) Pause Young (Allocation Failure) 38M->35M(57M) 2.351ms
[2026-06-17T09:52:25.928+0800][44.674s][info][gc,cpu         ] GC(1799) User=0.00s Sys=0.00s Real=0.00s
[2026-06-17T09:52:25.939+0800][44.685s][info][gc,start       ] GC(1800) Pause Young (Allocation Failure)
[2026-06-17T09:52:25.940+0800][44.686s][info][gc,heap        ] GC(1800) PSYoungGen: 10880K->1846K(14336K)
[2026-06-17T09:52:25.941+0800][44.687s][info][gc,heap        ] GC(1800) ParOldGen: 32333K->34190K(44032K)
[2026-06-17T09:52:25.941+0800][44.687s][info][gc,metaspace   ] GC(1800) Metaspace: 3162K(4864K)->3162K(4864K) NonClass: 2857K(4352K)->2857K(4352K) Class: 305K(512K)->305K(512K)
[2026-06-17T09:52:25.941+0800][44.687s][info][gc             ] GC(1800) Pause Young (Allocation Failure) 42M->35M(57M) 1.957ms
[2026-06-17T09:52:25.941+0800][44.687s][info][gc,cpu         ] GC(1800) User=0.00s Sys=0.00s Real=0.00s
[2026-06-17T09:52:25.973+0800][44.719s][info][gc,start       ] GC(1801) Pause Young (Allocation Failure)
[2026-06-17T09:52:25.975+0800][44.721s][info][gc,heap        ] GC(1801) PSYoungGen: 9008K->620K(14336K)
[2026-06-17T09:52:25.975+0800][44.721s][info][gc,heap        ] GC(1801) ParOldGen: 34190K->36012K(44032K)
[2026-06-17T09:52:25.975+0800][44.721s][info][gc,metaspace   ] GC(1801) Metaspace: 3162K(4864K)->3162K(4864K) NonClass: 2857K(4352K)->2857K(4352K) Class: 305K(512K)->305K(512K)
[2026-06-17T09:52:25.976+0800][44.722s][info][gc             ] GC(1801) Pause Young (Allocation Failure) 42M->35M(57M) 2.489ms
[2026-06-17T09:52:25.976+0800][44.722s][info][gc,cpu         ] GC(1801) User=0.00s Sys=0.00s Real=0.00s
[2026-06-17T09:52:25.987+0800][44.733s][info][gc,start       ] GC(1802) Pause Young (Allocation Failure)
[2026-06-17T09:52:25.988+0800][44.734s][info][gc,heap        ] GC(1802) PSYoungGen: 7743K->3731K(14336K)
[2026-06-17T09:52:25.988+0800][44.734s][info][gc,heap        ] GC(1802) ParOldGen: 36012K->36355K(44032K)
[2026-06-17T09:52:25.988+0800][44.734s][info][gc,metaspace   ] GC(1802) Metaspace: 3162K(4864K)->3162K(4864K) NonClass: 2857K(4352K)->2857K(4352K) Class: 305K(512K)->305K(512K)
[2026-06-17T09:52:25.989+0800][44.734s][info][gc             ] GC(1802) Pause Young (Allocation Failure) 42M->39M(57M) 1.672ms
[2026-06-17T09:52:25.989+0800][44.735s][info][gc,cpu         ] GC(1802) User=0.00s Sys=0.00s Real=0.00s
[2026-06-17T09:52:26.010+0800][44.756s][info][gc,start       ] GC(1803) Pause Young (Allocation Failure)
[2026-06-17T09:52:26.012+0800][44.758s][info][gc,heap        ] GC(1803) PSYoungGen: 10880K->753K(14336K)
[2026-06-17T09:52:26.013+0800][44.759s][info][gc,heap        ] GC(1803) ParOldGen: 36355K->39506K(44032K)
[2026-06-17T09:52:26.013+0800][44.759s][info][gc,metaspace   ] GC(1803) Metaspace: 3162K(4864K)->3162K(4864K) NonClass: 2857K(4352K)->2857K(4352K) Class: 305K(512K)->305K(512K)
[2026-06-17T09:52:26.014+0800][44.760s][info][gc             ] GC(1803) Pause Young (Allocation Failure) 46M->39M(57M) 3.613ms
[2026-06-17T09:52:26.014+0800][44.760s][info][gc,cpu         ] GC(1803) User=0.01s Sys=0.00s Real=0.01s
[2026-06-17T09:52:26.026+0800][44.772s][info][gc,start       ] GC(1804) Pause Young (Allocation Failure)
[2026-06-17T09:52:26.028+0800][44.774s][info][gc,heap        ] GC(1804) PSYoungGen: 7914K->4371K(14336K)
[2026-06-17T09:52:26.028+0800][44.774s][info][gc,heap        ] GC(1804) ParOldGen: 39506K->39506K(44032K)
[2026-06-17T09:52:26.029+0800][44.775s][info][gc,metaspace   ] GC(1804) Metaspace: 3162K(4864K)->3162K(4864K) NonClass: 2857K(4352K)->2857K(4352K) Class: 305K(512K)->305K(512K)
[2026-06-17T09:52:26.029+0800][44.775s][info][gc             ] GC(1804) Pause Young (Allocation Failure) 46M->42M(57M) 3.142ms
[2026-06-17T09:52:26.030+0800][44.776s][info][gc,cpu         ] GC(1804) User=0.00s Sys=0.00s Real=0.00s
[2026-06-17T09:52:26.052+0800][44.797s][info][gc,start       ] GC(1805) Pause Young (Allocation Failure)
[2026-06-17T09:52:26.054+0800][44.800s][info][gc,heap        ] GC(1805) PSYoungGen: 11525K->2318K(14336K)
[2026-06-17T09:52:26.057+0800][44.803s][info][gc,heap        ] GC(1805) ParOldGen: 39506K->41520K(44032K)
[2026-06-17T09:52:26.059+0800][44.805s][info][gc,metaspace   ] GC(1805) Metaspace: 3162K(4864K)->3162K(4864K) NonClass: 2857K(4352K)->2857K(4352K) Class: 305K(512K)->305K(512K)
[2026-06-17T09:52:26.061+0800][44.807s][info][gc             ] GC(1805) Pause Young (Allocation Failure) 49M->42M(57M) 9.366ms
[2026-06-17T09:52:26.063+0800][44.809s][info][gc,cpu         ] GC(1805) User=0.00s Sys=0.00s Real=0.01s
[2026-06-17T09:52:26.065+0800][44.811s][info][gc,start       ] GC(1806) Pause Full (Ergonomics)
[2026-06-17T09:52:26.066+0800][44.812s][info][gc,phases,start] GC(1806) Marking Phase
[2026-06-17T09:52:26.069+0800][44.815s][info][gc,phases      ] GC(1806) Marking Phase 3.544ms
[2026-06-17T09:52:26.070+0800][44.816s][info][gc,phases,start] GC(1806) Summary Phase
[2026-06-17T09:52:26.071+0800][44.817s][info][gc,phases      ] GC(1806) Summary Phase 1.035ms
[2026-06-17T09:52:26.072+0800][44.818s][info][gc,phases,start] GC(1806) Adjust Roots
[2026-06-17T09:52:26.073+0800][44.819s][info][gc,phases      ] GC(1806) Adjust Roots 0.593ms
[2026-06-17T09:52:26.073+0800][44.819s][info][gc,phases,start] GC(1806) Compaction Phase
[2026-06-17T09:52:26.076+0800][44.822s][info][gc,phases      ] GC(1806) Compaction Phase 2.541ms
[2026-06-17T09:52:26.077+0800][44.822s][info][gc,phases,start] GC(1806) Post Compact
[2026-06-17T09:52:26.077+0800][44.823s][info][gc,phases      ] GC(1806) Post Compact 0.526ms
[2026-06-17T09:52:26.077+0800][44.823s][info][gc,heap        ] GC(1806) PSYoungGen: 2318K->0K(14336K)
[2026-06-17T09:52:26.078+0800][44.824s][info][gc,heap        ] GC(1806) ParOldGen: 41520K->31427K(44032K)
[2026-06-17T09:52:26.078+0800][44.824s][info][gc,metaspace   ] GC(1806) Metaspace: 3162K(4864K)->3162K(4864K) NonClass: 2857K(4352K)->2857K(4352K) Class: 305K(512K)->305K(512K)
[2026-06-17T09:52:26.079+0800][44.824s][info][gc             ] GC(1806) Pause Full (Ergonomics) 42M->30M(57M) 13.457ms
[2026-06-17T09:52:26.079+0800][44.825s][info][gc,cpu         ] GC(1806) User=0.01s Sys=0.00s Real=0.01s
[2026-06-17T09:52:26.101+0800][44.847s][info][gc,start       ] GC(1807) Pause Young (Allocation Failure)
[2026-06-17T09:52:26.102+0800][44.848s][info][gc,heap        ] GC(1807) PSYoungGen: 7127K->3712K(14336K)
[2026-06-17T09:52:26.102+0800][44.848s][info][gc,heap        ] GC(1807) ParOldGen: 31427K->31427K(44032K)
[2026-06-17T09:52:26.103+0800][44.849s][info][gc,metaspace   ] GC(1807) Metaspace: 3162K(4864K)->3162K(4864K) NonClass: 2857K(4352K)->2857K(4352K) Class: 305K(512K)->305K(512K)
[2026-06-17T09:52:26.103+0800][44.849s][info][gc             ] GC(1807) Pause Young (Allocation Failure) 37M->34M(57M) 2.284ms
[2026-06-17T09:52:26.103+0800][44.849s][info][gc,cpu         ] GC(1807) User=0.00s Sys=0.00s Real=0.01s
[2026-06-17T09:52:26.114+0800][44.860s][info][gc,start       ] GC(1808) Pause Young (Allocation Failure)
[2026-06-17T09:52:26.116+0800][44.862s][info][gc,heap        ] GC(1808) PSYoungGen: 10879K->776K(14336K)
[2026-06-17T09:52:26.116+0800][44.862s][info][gc,heap        ] GC(1808) ParOldGen: 31427K->34712K(44032K)
[2026-06-17T09:52:26.116+0800][44.862s][info][gc,metaspace   ] GC(1808) Metaspace: 3162K(4864K)->3162K(4864K) NonClass: 2857K(4352K)->2857K(4352K) Class: 305K(512K)->305K(512K)
[2026-06-17T09:52:26.117+0800][44.863s][info][gc             ] GC(1808) Pause Young (Allocation Failure) 41M->34M(57M) 2.499ms
[2026-06-17T09:52:26.117+0800][44.863s][info][gc,cpu         ] GC(1808) User=0.01s Sys=0.00s Real=0.00s
[2026-06-17T09:52:26.139+0800][44.885s][info][gc,start       ] GC(1809) Pause Young (Allocation Failure)
[2026-06-17T09:52:26.141+0800][44.887s][info][gc,heap        ] GC(1809) PSYoungGen: 7922K->3611K(14336K)
[2026-06-17T09:52:26.142+0800][44.887s][info][gc,heap        ] GC(1809) ParOldGen: 34712K->35464K(44032K)
[2026-06-17T09:52:26.142+0800][44.888s][info][gc,metaspace   ] GC(1809) Metaspace: 3162K(4864K)->3162K(4864K) NonClass: 2857K(4352K)->2857K(4352K) Class: 305K(512K)->305K(512K)
[2026-06-17T09:52:26.143+0800][44.889s][info][gc             ] GC(1809) Pause Young (Allocation Failure) 41M->38M(57M) 3.244ms
[2026-06-17T09:52:26.143+0800][44.889s][info][gc,cpu         ] GC(1809) User=0.00s Sys=0.00s Real=0.01s
[2026-06-17T09:52:26.165+0800][44.911s][info][gc,start       ] GC(1810) Pause Young (Allocation Failure)
[2026-06-17T09:52:26.167+0800][44.913s][info][gc,heap        ] GC(1810) PSYoungGen: 10772K->3403K(14336K)
[2026-06-17T09:52:26.168+0800][44.914s][info][gc,heap        ] GC(1810) ParOldGen: 35464K->36323K(44032K)
[2026-06-17T09:52:26.169+0800][44.914s][info][gc,metaspace   ] GC(1810) Metaspace: 3162K(4864K)->3162K(4864K) NonClass: 2857K(4352K)->2857K(4352K) Class: 305K(512K)->305K(512K)
[2026-06-17T09:52:26.169+0800][44.915s][info][gc             ] GC(1810) Pause Young (Allocation Failure) 45M->38M(57M) 3.924ms
[2026-06-17T09:52:26.170+0800][44.916s][info][gc,cpu         ] GC(1810) User=0.00s Sys=0.00s Real=0.00s
[2026-06-17T09:52:26.192+0800][44.938s][info][gc,start       ] GC(1811) Pause Young (Allocation Failure)
[2026-06-17T09:52:26.194+0800][44.940s][info][gc,heap        ] GC(1811) PSYoungGen: 10520K->1693K(14848K)
[2026-06-17T09:52:26.195+0800][44.941s][info][gc,heap        ] GC(1811) ParOldGen: 36323K->38190K(44032K)
[2026-06-17T09:52:26.196+0800][44.941s][info][gc,metaspace   ] GC(1811) Metaspace: 3162K(4864K)->3162K(4864K) NonClass: 2857K(4352K)->2857K(4352K) Class: 305K(512K)->305K(512K)
[2026-06-17T09:52:26.196+0800][44.942s][info][gc             ] GC(1811) Pause Young (Allocation Failure) 45M->38M(57M) 4.325ms
[2026-06-17T09:52:26.197+0800][44.942s][info][gc,cpu         ] GC(1811) User=0.01s Sys=0.00s Real=0.00s
[2026-06-17T09:52:26.219+0800][44.965s][info][gc,start       ] GC(1812) Pause Young (Allocation Failure)
[2026-06-17T09:52:26.243+0800][44.989s][info][gc,heap        ] GC(1812) PSYoungGen: 9862K->2595K(14848K)
[2026-06-17T09:52:26.273+0800][45.018s][info][gc,heap        ] GC(1812) ParOldGen: 38190K->38190K(44032K)
[2026-06-17T09:52:26.289+0800][45.035s][info][gc,metaspace   ] GC(1812) Metaspace: 3162K(4864K)->3162K(4864K) NonClass: 2857K(4352K)->2857K(4352K) Class: 305K(512K)->305K(512K)
[2026-06-17T09:52:26.290+0800][45.036s][info][gc             ] GC(1812) Pause Young (Allocation Failure) 46M->39M(57M) 71.013ms
[2026-06-17T09:52:26.294+0800][45.040s][info][gc,cpu         ] GC(1812) User=0.00s Sys=0.00s Real=0.08s
[2026-06-17T09:52:26.315+0800][45.061s][info][gc,start       ] GC(1813) Pause Young (Allocation Failure)
[2026-06-17T09:52:26.340+0800][45.086s][info][gc,heap        ] GC(1813) PSYoungGen: 10752K->1830K(15360K)
[2026-06-17T09:52:26.341+0800][45.087s][info][gc,heap        ] GC(1813) ParOldGen: 38190K->39952K(44032K)
[2026-06-17T09:52:26.341+0800][45.087s][info][gc,metaspace   ] GC(1813) Metaspace: 3162K(4864K)->3162K(4864K) NonClass: 2857K(4352K)->2857K(4352K) Class: 305K(512K)->305K(512K)
[2026-06-17T09:52:26.342+0800][45.088s][info][gc             ] GC(1813) Pause Young (Allocation Failure) 47M->40M(58M) 26.656ms
[2026-06-17T09:52:26.342+0800][45.088s][info][gc,cpu         ] GC(1813) User=0.00s Sys=0.00s Real=0.02s
[2026-06-17T09:52:26.379+0800][45.125s][info][gc,start       ] GC(1814) Pause Young (Allocation Failure)
[2026-06-17T09:52:26.382+0800][45.127s][info][gc,heap        ] GC(1814) PSYoungGen: 11033K->2027K(15360K)
[2026-06-17T09:52:26.383+0800][45.128s][info][gc,heap        ] GC(1814) ParOldGen: 39952K->41758K(44032K)
[2026-06-17T09:52:26.389+0800][45.135s][info][gc,metaspace   ] GC(1814) Metaspace: 3162K(4864K)->3162K(4864K) NonClass: 2857K(4352K)->2857K(4352K) Class: 305K(512K)->305K(512K)
[2026-06-17T09:52:26.390+0800][45.135s][info][gc             ] GC(1814) Pause Young (Allocation Failure) 49M->42M(58M) 10.563ms
[2026-06-17T09:52:26.390+0800][45.136s][info][gc,cpu         ] GC(1814) User=0.00s Sys=0.00s Real=0.01s
[2026-06-17T09:52:26.390+0800][45.136s][info][gc,start       ] GC(1815) Pause Full (Ergonomics)
[2026-06-17T09:52:26.390+0800][45.136s][info][gc,phases,start] GC(1815) Marking Phase
[2026-06-17T09:52:26.393+0800][45.139s][info][gc,phases      ] GC(1815) Marking Phase 2.331ms
[2026-06-17T09:52:26.395+0800][45.141s][info][gc,phases,start] GC(1815) Summary Phase
[2026-06-17T09:52:26.395+0800][45.141s][info][gc,phases      ] GC(1815) Summary Phase 0.404ms
[2026-06-17T09:52:26.396+0800][45.142s][info][gc,phases,start] GC(1815) Adjust Roots
[2026-06-17T09:52:26.399+0800][45.144s][info][gc,phases      ] GC(1815) Adjust Roots 2.449ms
[2026-06-17T09:52:26.402+0800][45.148s][info][gc,phases,start] GC(1815) Compaction Phase
[2026-06-17T09:52:26.404+0800][45.150s][info][gc,phases      ] GC(1815) Compaction Phase 2.032ms
[2026-06-17T09:52:26.405+0800][45.151s][info][gc,phases,start] GC(1815) Post Compact
[2026-06-17T09:52:26.407+0800][45.153s][info][gc,phases      ] GC(1815) Post Compact 2.455ms
[2026-06-17T09:52:26.408+0800][45.154s][info][gc,heap        ] GC(1815) PSYoungGen: 2027K->0K(15360K)
[2026-06-17T09:52:26.409+0800][45.155s][info][gc,heap        ] GC(1815) ParOldGen: 41758K->30685K(44032K)
[2026-06-17T09:52:26.413+0800][45.159s][info][gc,metaspace   ] GC(1815) Metaspace: 3162K(4864K)->3162K(4864K) NonClass: 2857K(4352K)->2857K(4352K) Class: 305K(512K)->305K(512K)
[2026-06-17T09:52:26.421+0800][45.167s][info][gc             ] GC(1815) Pause Full (Ergonomics) 42M->29M(58M) 31.014ms
[2026-06-17T09:52:26.422+0800][45.168s][info][gc,cpu         ] GC(1815) User=0.01s Sys=0.00s Real=0.03s
[2026-06-17T09:52:26.444+0800][45.190s][info][gc,start       ] GC(1816) Pause Young (Allocation Failure)
[2026-06-17T09:52:26.446+0800][45.192s][info][gc,heap        ] GC(1816) PSYoungGen: 9200K->5736K(15360K)
[2026-06-17T09:52:26.448+0800][45.194s][info][gc,heap        ] GC(1816) ParOldGen: 30685K->30685K(44032K)
[2026-06-17T09:52:26.448+0800][45.194s][info][gc,metaspace   ] GC(1816) Metaspace: 3162K(4864K)->3162K(4864K) NonClass: 2857K(4352K)->2857K(4352K) Class: 305K(512K)->305K(512K)
[2026-06-17T09:52:26.451+0800][45.197s][info][gc             ] GC(1816) Pause Young (Allocation Failure) 38M->35M(58M) 6.654ms
[2026-06-17T09:52:26.452+0800][45.198s][info][gc,cpu         ] GC(1816) User=0.00s Sys=0.00s Real=0.01s
[2026-06-17T09:52:26.475+0800][45.221s][info][gc,start       ] GC(1817) Pause Young (Allocation Failure)
[2026-06-17T09:52:26.478+0800][45.224s][info][gc,heap        ] GC(1817) PSYoungGen: 14934K->6125K(13312K)
[2026-06-17T09:52:26.479+0800][45.225s][info][gc,heap        ] GC(1817) ParOldGen: 30685K->32528K(44032K)
[2026-06-17T09:52:26.480+0800][45.225s][info][gc,metaspace   ] GC(1817) Metaspace: 3162K(4864K)->3162K(4864K) NonClass: 2857K(4352K)->2857K(4352K) Class: 305K(512K)->305K(512K)
[2026-06-17T09:52:26.480+0800][45.226s][info][gc             ] GC(1817) Pause Young (Allocation Failure) 44M->37M(56M) 5.343ms
[2026-06-17T09:52:26.481+0800][45.227s][info][gc,cpu         ] GC(1817) User=0.00s Sys=0.00s Real=0.00s
[2026-06-17T09:52:26.505+0800][45.251s][info][gc,start       ] GC(1818) Pause Young (Allocation Failure)
[2026-06-17T09:52:26.508+0800][45.254s][info][gc,heap        ] GC(1818) PSYoungGen: 13269K->3034K(14336K)
[2026-06-17T09:52:26.509+0800][45.254s][info][gc,heap        ] GC(1818) ParOldGen: 32528K->35880K(44032K)
[2026-06-17T09:52:26.509+0800][45.255s][info][gc,metaspace   ] GC(1818) Metaspace: 3162K(4864K)->3162K(4864K) NonClass: 2857K(4352K)->2857K(4352K) Class: 305K(512K)->305K(512K)
[2026-06-17T09:52:26.510+0800][45.256s][info][gc             ] GC(1818) Pause Young (Allocation Failure) 44M->38M(57M) 4.453ms
[2026-06-17T09:52:26.511+0800][45.257s][info][gc,cpu         ] GC(1818) User=0.00s Sys=0.00s Real=0.01s
[2026-06-17T09:52:26.522+0800][45.268s][info][gc,start       ] GC(1819) Pause Young (Allocation Failure)
[2026-06-17T09:52:26.524+0800][45.270s][info][gc,heap        ] GC(1819) PSYoungGen: 10170K->6751K(14336K)
[2026-06-17T09:52:26.524+0800][45.270s][info][gc,heap        ] GC(1819) ParOldGen: 35880K->35880K(44032K)
[2026-06-17T09:52:26.525+0800][45.271s][info][gc,metaspace   ] GC(1819) Metaspace: 3162K(4864K)->3162K(4864K) NonClass: 2857K(4352K)->2857K(4352K) Class: 305K(512K)->305K(512K)
[2026-06-17T09:52:26.525+0800][45.271s][info][gc             ] GC(1819) Pause Young (Allocation Failure) 44M->41M(57M) 2.784ms
[2026-06-17T09:52:26.526+0800][45.271s][info][gc,cpu         ] GC(1819) User=0.00s Sys=0.00s Real=0.01s
[2026-06-17T09:52:26.548+0800][45.294s][info][gc,start       ] GC(1820) Pause Young (Allocation Failure)
[2026-06-17T09:52:26.550+0800][45.295s][info][gc,heap        ] GC(1820) PSYoungGen: 13919K->5303K(14336K)
[2026-06-17T09:52:26.550+0800][45.296s][info][gc,heap        ] GC(1820) ParOldGen: 35880K->37806K(44032K)
[2026-06-17T09:52:26.551+0800][45.297s][info][gc,metaspace   ] GC(1820) Metaspace: 3162K(4864K)->3162K(4864K) NonClass: 2857K(4352K)->2857K(4352K) Class: 305K(512K)->305K(512K)
[2026-06-17T09:52:26.551+0800][45.297s][info][gc             ] GC(1820) Pause Young (Allocation Failure) 48M->42M(57M) 3.681ms
[2026-06-17T09:52:26.552+0800][45.298s][info][gc,cpu         ] GC(1820) User=0.00s Sys=0.00s Real=0.01s
[2026-06-17T09:52:26.574+0800][45.320s][info][gc,start       ] GC(1821) Pause Young (Allocation Failure)
[2026-06-17T09:52:26.576+0800][45.322s][info][gc,heap        ] GC(1821) PSYoungGen: 12444K->3356K(14336K)
[2026-06-17T09:52:26.577+0800][45.323s][info][gc,heap        ] GC(1821) ParOldGen: 37806K->39815K(44032K)
[2026-06-17T09:52:26.577+0800][45.323s][info][gc,metaspace   ] GC(1821) Metaspace: 3162K(4864K)->3162K(4864K) NonClass: 2857K(4352K)->2857K(4352K) Class: 305K(512K)->305K(512K)
[2026-06-17T09:52:26.578+0800][45.324s][info][gc             ] GC(1821) Pause Young (Allocation Failure) 49M->42M(57M) 4.262ms
[2026-06-17T09:52:26.579+0800][45.325s][info][gc,cpu         ] GC(1821) User=0.00s Sys=0.00s Real=0.00s
[2026-06-17T09:52:26.590+0800][45.336s][info][gc,start       ] GC(1822) Pause Young (Allocation Failure)
[2026-06-17T09:52:26.594+0800][45.340s][info][gc,heap        ] GC(1822) PSYoungGen: 10405K->1140K(14336K)
[2026-06-17T09:52:26.595+0800][45.341s][info][gc,heap        ] GC(1822) ParOldGen: 39815K->41817K(44032K)
[2026-06-17T09:52:26.597+0800][45.343s][info][gc,metaspace   ] GC(1822) Metaspace: 3162K(4864K)->3162K(4864K) NonClass: 2857K(4352K)->2857K(4352K) Class: 305K(512K)->305K(512K)
[2026-06-17T09:52:26.600+0800][45.346s][info][gc             ] GC(1822) Pause Young (Allocation Failure) 49M->41M(57M) 9.545ms
[2026-06-17T09:52:26.600+0800][45.346s][info][gc,cpu         ] GC(1822) User=0.00s Sys=0.00s Real=0.01s
[2026-06-17T09:52:26.604+0800][45.350s][info][gc,start       ] GC(1823) Pause Full (Ergonomics)
[2026-06-17T09:52:26.604+0800][45.350s][info][gc,phases,start] GC(1823) Marking Phase
[2026-06-17T09:52:26.607+0800][45.352s][info][gc,phases      ] GC(1823) Marking Phase 2.386ms
[2026-06-17T09:52:26.609+0800][45.355s][info][gc,phases,start] GC(1823) Summary Phase
[2026-06-17T09:52:26.611+0800][45.356s][info][gc,phases      ] GC(1823) Summary Phase 1.812ms
[2026-06-17T09:52:26.611+0800][45.357s][info][gc,phases,start] GC(1823) Adjust Roots
[2026-06-17T09:52:26.613+0800][45.359s][info][gc,phases      ] GC(1823) Adjust Roots 1.529ms
[2026-06-17T09:52:26.615+0800][45.360s][info][gc,phases,start] GC(1823) Compaction Phase
[2026-06-17T09:52:26.619+0800][45.365s][info][gc,phases      ] GC(1823) Compaction Phase 4.960ms
[2026-06-17T09:52:26.620+0800][45.366s][info][gc,phases,start] GC(1823) Post Compact
[2026-06-17T09:52:26.622+0800][45.368s][info][gc,phases      ] GC(1823) Post Compact 1.975ms
[2026-06-17T09:52:26.623+0800][45.369s][info][gc,heap        ] GC(1823) PSYoungGen: 1140K->0K(14336K)
[2026-06-17T09:52:26.630+0800][45.376s][info][gc,heap        ] GC(1823) ParOldGen: 41817K->29011K(44032K)
[2026-06-17T09:52:26.631+0800][45.377s][info][gc,metaspace   ] GC(1823) Metaspace: 3162K(4864K)->3162K(4864K) NonClass: 2857K(4352K)->2857K(4352K) Class: 305K(512K)->305K(512K)
[2026-06-17T09:52:26.634+0800][45.379s][info][gc             ] GC(1823) Pause Full (Ergonomics) 41M->28M(57M) 29.793ms
[2026-06-17T09:52:26.635+0800][45.381s][info][gc,cpu         ] GC(1823) User=0.01s Sys=0.00s Real=0.03s
[2026-06-17T09:52:26.661+0800][45.406s][info][gc,start       ] GC(1824) Pause Young (Allocation Failure)
[2026-06-17T09:52:26.664+0800][45.409s][info][gc,heap        ] GC(1824) PSYoungGen: 7157K->3673K(14336K)
[2026-06-17T09:52:26.664+0800][45.410s][info][gc,heap        ] GC(1824) ParOldGen: 29011K->29011K(44032K)
[2026-06-17T09:52:26.665+0800][45.411s][info][gc,metaspace   ] GC(1824) Metaspace: 3162K(4864K)->3162K(4864K) NonClass: 2857K(4352K)->2857K(4352K) Class: 305K(512K)->305K(512K)
[2026-06-17T09:52:26.666+0800][45.412s][info][gc             ] GC(1824) Pause Young (Allocation Failure) 35M->31M(57M) 5.564ms
[2026-06-17T09:52:26.667+0800][45.412s][info][gc,cpu         ] GC(1824) User=0.00s Sys=0.00s Real=0.01s
[2026-06-17T09:52:26.680+0800][45.425s][info][gc,start       ] GC(1825) Pause Young (Allocation Failure)
[2026-06-17T09:52:26.681+0800][45.427s][info][gc,heap        ] GC(1825) PSYoungGen: 10779K->1738K(14336K)
[2026-06-17T09:52:26.682+0800][45.428s][info][gc,heap        ] GC(1825) ParOldGen: 29011K->31093K(44032K)
[2026-06-17T09:52:26.683+0800][45.429s][info][gc,metaspace   ] GC(1825) Metaspace: 3162K(4864K)->3162K(4864K) NonClass: 2857K(4352K)->2857K(4352K) Class: 305K(512K)->305K(512K)
[2026-06-17T09:52:26.686+0800][45.432s][info][gc             ] GC(1825) Pause Young (Allocation Failure) 38M->32M(57M) 6.603ms
[2026-06-17T09:52:26.687+0800][45.433s][info][gc,cpu         ] GC(1825) User=0.00s Sys=0.00s Real=0.01s
[2026-06-17T09:52:26.721+0800][45.466s][info][gc,start       ] GC(1826) Pause Young (Allocation Failure)
[2026-06-17T09:52:26.723+0800][45.469s][info][gc,heap        ] GC(1826) PSYoungGen: 8904K->711K(14336K)
[2026-06-17T09:52:26.724+0800][45.469s][info][gc,heap        ] GC(1826) ParOldGen: 31093K->32807K(44032K)
[2026-06-17T09:52:26.725+0800][45.471s][info][gc,metaspace   ] GC(1826) Metaspace: 3162K(4864K)->3162K(4864K) NonClass: 2857K(4352K)->2857K(4352K) Class: 305K(512K)->305K(512K)
[2026-06-17T09:52:26.726+0800][45.472s][info][gc             ] GC(1826) Pause Young (Allocation Failure) 39M->32M(57M) 5.513ms
[2026-06-17T09:52:26.727+0800][45.472s][info][gc,cpu         ] GC(1826) User=0.01s Sys=0.00s Real=0.01s
[2026-06-17T09:52:26.740+0800][45.486s][info][gc,start       ] GC(1827) Pause Young (Allocation Failure)
[2026-06-17T09:52:26.743+0800][45.489s][info][gc,heap        ] GC(1827) PSYoungGen: 7875K->4245K(14336K)
[2026-06-17T09:52:26.744+0800][45.490s][info][gc,heap        ] GC(1827) ParOldGen: 32807K->33186K(44032K)
[2026-06-17T09:52:26.746+0800][45.492s][info][gc,metaspace   ] GC(1827) Metaspace: 3162K(4864K)->3162K(4864K) NonClass: 2857K(4352K)->2857K(4352K) Class: 305K(512K)->305K(512K)
[2026-06-17T09:52:26.748+0800][45.494s][info][gc             ] GC(1827) Pause Young (Allocation Failure) 39M->36M(57M) 7.917ms
[2026-06-17T09:52:26.750+0800][45.496s][info][gc,cpu         ] GC(1827) User=0.00s Sys=0.00s Real=0.01s
[2026-06-17T09:52:26.772+0800][45.518s][info][gc,start       ] GC(1828) Pause Young (Allocation Failure)
[2026-06-17T09:52:26.774+0800][45.520s][info][gc,heap        ] GC(1828) PSYoungGen: 11394K->2605K(14336K)
[2026-06-17T09:52:26.777+0800][45.523s][info][gc,heap        ] GC(1828) ParOldGen: 33186K->34675K(44032K)
[2026-06-17T09:52:26.781+0800][45.527s][info][gc,metaspace   ] GC(1828) Metaspace: 3162K(4864K)->3162K(4864K) NonClass: 2857K(4352K)->2857K(4352K) Class: 305K(512K)->305K(512K)
[2026-06-17T09:52:26.784+0800][45.530s][info][gc             ] GC(1828) Pause Young (Allocation Failure) 43M->36M(57M) 12.536ms
[2026-06-17T09:52:26.787+0800][45.533s][info][gc,cpu         ] GC(1828) User=0.00s Sys=0.00s Real=0.01s
[2026-06-17T09:52:26.813+0800][45.559s][info][gc,start       ] GC(1829) Pause Young (Allocation Failure)
[2026-06-17T09:52:26.815+0800][45.560s][info][gc,heap        ] GC(1829) PSYoungGen: 9771K->2887K(14336K)
[2026-06-17T09:52:26.815+0800][45.561s][info][gc,heap        ] GC(1829) ParOldGen: 34675K->34675K(44032K)
[2026-06-17T09:52:26.816+0800][45.562s][info][gc,metaspace   ] GC(1829) Metaspace: 3162K(4864K)->3162K(4864K) NonClass: 2857K(4352K)->2857K(4352K) Class: 305K(512K)->305K(512K)
[2026-06-17T09:52:26.816+0800][45.562s][info][gc             ] GC(1829) Pause Young (Allocation Failure) 43M->36M(57M) 3.772ms
[2026-06-17T09:52:26.817+0800][45.563s][info][gc,cpu         ] GC(1829) User=0.00s Sys=0.00s Real=0.00s
[2026-06-17T09:52:26.830+0800][45.576s][info][gc,start       ] GC(1830) Pause Young (Allocation Failure)
[2026-06-17T09:52:26.832+0800][45.577s][info][gc,heap        ] GC(1830) PSYoungGen: 10018K->3186K(14336K)
[2026-06-17T09:52:26.832+0800][45.578s][info][gc,heap        ] GC(1830) ParOldGen: 34675K->34675K(44032K)
[2026-06-17T09:52:26.833+0800][45.579s][info][gc,metaspace   ] GC(1830) Metaspace: 3162K(4864K)->3162K(4864K) NonClass: 2857K(4352K)->2857K(4352K) Class: 305K(512K)->305K(512K)
[2026-06-17T09:52:26.834+0800][45.580s][info][gc             ] GC(1830) Pause Young (Allocation Failure) 43M->36M(57M) 3.877ms
[2026-06-17T09:52:26.834+0800][45.580s][info][gc,cpu         ] GC(1830) User=0.00s Sys=0.00s Real=0.01s
[2026-06-17T09:52:26.857+0800][45.603s][info][gc,start       ] GC(1831) Pause Young (Allocation Failure)
[2026-06-17T09:52:26.859+0800][45.605s][info][gc,heap        ] GC(1831) PSYoungGen: 10351K->6563K(13824K)
[2026-06-17T09:52:26.860+0800][45.606s][info][gc,heap        ] GC(1831) ParOldGen: 34675K->34953K(44032K)
[2026-06-17T09:52:26.861+0800][45.607s][info][gc,metaspace   ] GC(1831) Metaspace: 3162K(4864K)->3162K(4864K) NonClass: 2857K(4352K)->2857K(4352K) Class: 305K(512K)->305K(512K)
[2026-06-17T09:52:26.861+0800][45.607s][info][gc             ] GC(1831) Pause Young (Allocation Failure) 43M->40M(56M) 4.536ms
[2026-06-17T09:52:26.862+0800][45.608s][info][gc,cpu         ] GC(1831) User=0.01s Sys=0.00s Real=0.00s
[2026-06-17T09:52:26.884+0800][45.630s][info][gc,start       ] GC(1832) Pause Young (Allocation Failure)
[2026-06-17T09:52:26.886+0800][45.632s][info][gc,heap        ] GC(1832) PSYoungGen: 13691K->4683K(14336K)
[2026-06-17T09:52:26.887+0800][45.633s][info][gc,heap        ] GC(1832) ParOldGen: 34953K->37084K(44032K)
[2026-06-17T09:52:26.887+0800][45.633s][info][gc,metaspace   ] GC(1832) Metaspace: 3162K(4864K)->3162K(4864K) NonClass: 2857K(4352K)->2857K(4352K) Class: 305K(512K)->305K(512K)
[2026-06-17T09:52:26.888+0800][45.633s][info][gc             ] GC(1832) Pause Young (Allocation Failure) 47M->40M(57M) 3.366ms
[2026-06-17T09:52:26.888+0800][45.634s][info][gc,cpu         ] GC(1832) User=0.00s Sys=0.00s Real=0.00s
[2026-06-17T09:52:26.910+0800][45.655s][info][gc,start       ] GC(1833) Pause Young (Allocation Failure)
[2026-06-17T09:52:26.912+0800][45.658s][info][gc,heap        ] GC(1833) PSYoungGen: 11839K->3732K(14336K)
[2026-06-17T09:52:26.912+0800][45.658s][info][gc,heap        ] GC(1833) ParOldGen: 37084K->38519K(44032K)
[2026-06-17T09:52:26.913+0800][45.658s][info][gc,metaspace   ] GC(1833) Metaspace: 3162K(4864K)->3162K(4864K) NonClass: 2857K(4352K)->2857K(4352K) Class: 305K(512K)->305K(512K)
[2026-06-17T09:52:26.913+0800][45.659s][info][gc             ] GC(1833) Pause Young (Allocation Failure) 47M->41M(57M) 3.555ms
[2026-06-17T09:52:26.914+0800][45.660s][info][gc,cpu         ] GC(1833) User=0.00s Sys=0.00s Real=0.01s
[2026-06-17T09:52:26.926+0800][45.671s][info][gc,start       ] GC(1834) Pause Young (Allocation Failure)
[2026-06-17T09:52:26.928+0800][45.674s][info][gc,heap        ] GC(1834) PSYoungGen: 10894K->5455K(14336K)
[2026-06-17T09:52:26.929+0800][45.675s][info][gc,heap        ] GC(1834) ParOldGen: 38519K->40378K(44032K)
[2026-06-17T09:52:26.929+0800][45.675s][info][gc,metaspace   ] GC(1834) Metaspace: 3162K(4864K)->3162K(4864K) NonClass: 2857K(4352K)->2857K(4352K) Class: 305K(512K)->305K(512K)
[2026-06-17T09:52:26.930+0800][45.676s][info][gc             ] GC(1834) Pause Young (Allocation Failure) 48M->44M(57M) 4.232ms
[2026-06-17T09:52:26.930+0800][45.676s][info][gc,cpu         ] GC(1834) User=0.00s Sys=0.00s Real=0.00s
[2026-06-17T09:52:26.952+0800][45.698s][info][gc,start       ] GC(1835) Pause Young (Allocation Failure)
[2026-06-17T09:52:26.955+0800][45.701s][info][gc,heap        ] GC(1835) PSYoungGen: 12583K->2441K(14336K)
[2026-06-17T09:52:26.956+0800][45.701s][info][gc,heap        ] GC(1835) ParOldGen: 40378K->43585K(44032K)
[2026-06-17T09:52:26.956+0800][45.702s][info][gc,metaspace   ] GC(1835) Metaspace: 3162K(4864K)->3162K(4864K) NonClass: 2857K(4352K)->2857K(4352K) Class: 305K(512K)->305K(512K)
[2026-06-17T09:52:26.957+0800][45.702s][info][gc             ] GC(1835) Pause Young (Allocation Failure) 51M->44M(57M) 4.202ms
[2026-06-17T09:52:26.957+0800][45.703s][info][gc,cpu         ] GC(1835) User=0.00s Sys=0.00s Real=0.00s
[2026-06-17T09:52:26.958+0800][45.704s][info][gc,start       ] GC(1836) Pause Full (Ergonomics)
[2026-06-17T09:52:26.959+0800][45.705s][info][gc,phases,start] GC(1836) Marking Phase
[2026-06-17T09:52:26.961+0800][45.707s][info][gc,phases      ] GC(1836) Marking Phase 1.979ms
[2026-06-17T09:52:26.961+0800][45.707s][info][gc,phases,start] GC(1836) Summary Phase
[2026-06-17T09:52:26.962+0800][45.708s][info][gc,phases      ] GC(1836) Summary Phase 0.524ms
[2026-06-17T09:52:26.962+0800][45.708s][info][gc,phases,start] GC(1836) Adjust Roots
[2026-06-17T09:52:26.963+0800][45.709s][info][gc,phases      ] GC(1836) Adjust Roots 0.884ms
[2026-06-17T09:52:26.963+0800][45.709s][info][gc,phases,start] GC(1836) Compaction Phase
[2026-06-17T09:52:26.966+0800][45.712s][info][gc,phases      ] GC(1836) Compaction Phase 2.865ms
[2026-06-17T09:52:26.967+0800][45.712s][info][gc,phases,start] GC(1836) Post Compact
[2026-06-17T09:52:26.967+0800][45.713s][info][gc,phases      ] GC(1836) Post Compact 0.415ms
[2026-06-17T09:52:26.967+0800][45.713s][info][gc,heap        ] GC(1836) PSYoungGen: 2441K->0K(14336K)
[2026-06-17T09:52:26.967+0800][45.713s][info][gc,heap        ] GC(1836) ParOldGen: 43585K->30933K(44032K)
[2026-06-17T09:52:26.968+0800][45.713s][info][gc,metaspace   ] GC(1836) Metaspace: 3162K(4864K)->3162K(4864K) NonClass: 2857K(4352K)->2857K(4352K) Class: 305K(512K)->305K(512K)
[2026-06-17T09:52:26.968+0800][45.714s][info][gc             ] GC(1836) Pause Full (Ergonomics) 44M->30M(57M) 9.774ms
[2026-06-17T09:52:26.968+0800][45.714s][info][gc,cpu         ] GC(1836) User=0.01s Sys=0.00s Real=0.01s
[2026-06-17T09:52:26.989+0800][45.735s][info][gc,start       ] GC(1837) Pause Young (Allocation Failure)
[2026-06-17T09:52:26.992+0800][45.738s][info][gc,heap        ] GC(1837) PSYoungGen: 7168K->3916K(14336K)
[2026-06-17T09:52:26.994+0800][45.740s][info][gc,heap        ] GC(1837) ParOldGen: 30933K->30933K(44032K)
[2026-06-17T09:52:26.995+0800][45.740s][info][gc,metaspace   ] GC(1837) Metaspace: 3162K(4864K)->3162K(4864K) NonClass: 2857K(4352K)->2857K(4352K) Class: 305K(512K)->305K(512K)
[2026-06-17T09:52:26.997+0800][45.743s][info][gc             ] GC(1837) Pause Young (Allocation Failure) 37M->34M(57M) 8.020ms
[2026-06-17T09:52:26.999+0800][45.745s][info][gc,cpu         ] GC(1837) User=0.00s Sys=0.00s Real=0.01s
[2026-06-17T09:52:27.011+0800][45.757s][info][gc,start       ] GC(1838) Pause Young (Allocation Failure)
[2026-06-17T09:52:27.012+0800][45.758s][info][gc,heap        ] GC(1838) PSYoungGen: 11048K->1443K(14336K)
[2026-06-17T09:52:27.012+0800][45.758s][info][gc,heap        ] GC(1838) ParOldGen: 30933K->33539K(44032K)
[2026-06-17T09:52:27.012+0800][45.758s][info][gc,metaspace   ] GC(1838) Metaspace: 3162K(4864K)->3162K(4864K) NonClass: 2857K(4352K)->2857K(4352K) Class: 305K(512K)->305K(512K)
[2026-06-17T09:52:27.013+0800][45.758s][info][gc             ] GC(1838) Pause Young (Allocation Failure) 40M->34M(57M) 1.291ms
[2026-06-17T09:52:27.013+0800][45.759s][info][gc,cpu         ] GC(1838) User=0.00s Sys=0.00s Real=0.00s
[2026-06-17T09:52:27.034+0800][45.780s][info][gc,start       ] GC(1839) Pause Young (Allocation Failure)
[2026-06-17T09:52:27.035+0800][45.781s][info][gc,heap        ] GC(1839) PSYoungGen: 8586K->3563K(14336K)
[2026-06-17T09:52:27.035+0800][45.781s][info][gc,heap        ] GC(1839) ParOldGen: 33539K->34958K(44032K)
[2026-06-17T09:52:27.035+0800][45.781s][info][gc,metaspace   ] GC(1839) Metaspace: 3162K(4864K)->3162K(4864K) NonClass: 2857K(4352K)->2857K(4352K) Class: 305K(512K)->305K(512K)
[2026-06-17T09:52:27.036+0800][45.781s][info][gc             ] GC(1839) Pause Young (Allocation Failure) 41M->37M(57M) 1.850ms
[2026-06-17T09:52:27.036+0800][45.782s][info][gc,cpu         ] GC(1839) User=0.01s Sys=0.00s Real=0.00s
[2026-06-17T09:52:27.057+0800][45.803s][info][gc,start       ] GC(1840) Pause Young (Allocation Failure)
[2026-06-17T09:52:27.058+0800][45.804s][info][gc,heap        ] GC(1840) PSYoungGen: 10726K->3846K(14336K)
[2026-06-17T09:52:27.058+0800][45.804s][info][gc,heap        ] GC(1840) ParOldGen: 34958K->34958K(44032K)
[2026-06-17T09:52:27.058+0800][45.804s][info][gc,metaspace   ] GC(1840) Metaspace: 3162K(4864K)->3162K(4864K) NonClass: 2857K(4352K)->2857K(4352K) Class: 305K(512K)->305K(512K)
[2026-06-17T09:52:27.059+0800][45.804s][info][gc             ] GC(1840) Pause Young (Allocation Failure) 44M->37M(57M) 1.695ms
[2026-06-17T09:52:27.059+0800][45.805s][info][gc,cpu         ] GC(1840) User=0.00s Sys=0.00s Real=0.00s
[2026-06-17T09:52:27.080+0800][45.826s][info][gc,start       ] GC(1841) Pause Young (Allocation Failure)
[2026-06-17T09:52:27.084+0800][45.830s][info][gc,heap        ] GC(1841) PSYoungGen: 11000K->4153K(14848K)
[2026-06-17T09:52:27.085+0800][45.831s][info][gc,heap        ] GC(1841) ParOldGen: 34958K->34958K(44032K)
[2026-06-17T09:52:27.085+0800][45.831s][info][gc,metaspace   ] GC(1841) Metaspace: 3162K(4864K)->3162K(4864K) NonClass: 2857K(4352K)->2857K(4352K) Class: 305K(512K)->305K(512K)
[2026-06-17T09:52:27.086+0800][45.832s][info][gc             ] GC(1841) Pause Young (Allocation Failure) 44M->38M(57M) 6.244ms
[2026-06-17T09:52:27.087+0800][45.833s][info][gc,cpu         ] GC(1841) User=0.00s Sys=0.00s Real=0.01s
[2026-06-17T09:52:27.108+0800][45.854s][info][gc,start       ] GC(1842) Pause Young (Allocation Failure)
[2026-06-17T09:52:27.111+0800][45.856s][info][gc,heap        ] GC(1842) PSYoungGen: 12296K->5116K(13312K)
[2026-06-17T09:52:27.111+0800][45.857s][info][gc,heap        ] GC(1842) ParOldGen: 34958K->34958K(44032K)
[2026-06-17T09:52:27.111+0800][45.857s][info][gc,metaspace   ] GC(1842) Metaspace: 3162K(4864K)->3162K(4864K) NonClass: 2857K(4352K)->2857K(4352K) Class: 305K(512K)->305K(512K)
[2026-06-17T09:52:27.112+0800][45.857s][info][gc             ] GC(1842) Pause Young (Allocation Failure) 46M->39M(56M) 3.162ms
[2026-06-17T09:52:27.112+0800][45.858s][info][gc,cpu         ] GC(1842) User=0.00s Sys=0.00s Real=0.01s
[2026-06-17T09:52:27.124+0800][45.870s][info][gc,start       ] GC(1843) Pause Young (Allocation Failure)
[2026-06-17T09:52:27.129+0800][45.874s][info][gc,heap        ] GC(1843) PSYoungGen: 13099K->5850K(14336K)
[2026-06-17T09:52:27.130+0800][45.875s][info][gc,heap        ] GC(1843) ParOldGen: 34958K->34958K(44032K)
[2026-06-17T09:52:27.130+0800][45.876s][info][gc,metaspace   ] GC(1843) Metaspace: 3162K(4864K)->3162K(4864K) NonClass: 2857K(4352K)->2857K(4352K) Class: 305K(512K)->305K(512K)
[2026-06-17T09:52:27.131+0800][45.877s][info][gc             ] GC(1843) Pause Young (Allocation Failure) 46M->39M(57M) 7.385ms
[2026-06-17T09:52:27.132+0800][45.878s][info][gc,cpu         ] GC(1843) User=0.00s Sys=0.00s Real=0.01s
[2026-06-17T09:52:27.156+0800][45.902s][info][gc,start       ] GC(1844) Pause Young (Allocation Failure)
[2026-06-17T09:52:27.158+0800][45.904s][info][gc,heap        ] GC(1844) PSYoungGen: 13011K->6851K(14336K)
[2026-06-17T09:52:27.158+0800][45.904s][info][gc,heap        ] GC(1844) ParOldGen: 34958K->37333K(44032K)
[2026-06-17T09:52:27.159+0800][45.905s][info][gc,metaspace   ] GC(1844) Metaspace: 3162K(4864K)->3162K(4864K) NonClass: 2857K(4352K)->2857K(4352K) Class: 305K(512K)->305K(512K)
[2026-06-17T09:52:27.159+0800][45.905s][info][gc             ] GC(1844) Pause Young (Allocation Failure) 46M->43M(57M) 3.113ms
[2026-06-17T09:52:27.160+0800][45.906s][info][gc,cpu         ] GC(1844) User=0.00s Sys=0.00s Real=0.00s
[2026-06-17T09:52:27.171+0800][45.917s][info][gc,start       ] GC(1845) Pause Young (Allocation Failure)
[2026-06-17T09:52:27.174+0800][45.920s][info][gc,heap        ] GC(1845) PSYoungGen: 13854K->4552K(14336K)
[2026-06-17T09:52:27.176+0800][45.922s][info][gc,heap        ] GC(1845) ParOldGen: 37333K->39161K(44032K)
[2026-06-17T09:52:27.178+0800][45.924s][info][gc,metaspace   ] GC(1845) Metaspace: 3162K(4864K)->3162K(4864K) NonClass: 2857K(4352K)->2857K(4352K) Class: 305K(512K)->305K(512K)
[2026-06-17T09:52:27.180+0800][45.926s][info][gc             ] GC(1845) Pause Young (Allocation Failure) 49M->42M(57M) 9.003ms
[2026-06-17T09:52:27.181+0800][45.927s][info][gc,cpu         ] GC(1845) User=0.00s Sys=0.00s Real=0.00s
[2026-06-17T09:52:27.205+0800][45.950s][info][gc,start       ] GC(1846) Pause Young (Allocation Failure)
[2026-06-17T09:52:27.206+0800][45.952s][info][gc,heap        ] GC(1846) PSYoungGen: 11720K->6010K(14336K)
[2026-06-17T09:52:27.206+0800][45.952s][info][gc,heap        ] GC(1846) ParOldGen: 39161K->41279K(44032K)
[2026-06-17T09:52:27.207+0800][45.952s][info][gc,metaspace   ] GC(1846) Metaspace: 3162K(4864K)->3162K(4864K) NonClass: 2857K(4352K)->2857K(4352K) Class: 305K(512K)->305K(512K)
[2026-06-17T09:52:27.207+0800][45.953s][info][gc             ] GC(1846) Pause Young (Allocation Failure) 49M->46M(57M) 2.130ms
[2026-06-17T09:52:27.207+0800][45.953s][info][gc,cpu         ] GC(1846) User=0.00s Sys=0.00s Real=0.00s
[2026-06-17T09:52:27.207+0800][45.953s][info][gc,start       ] GC(1847) Pause Full (Ergonomics)
[2026-06-17T09:52:27.207+0800][45.953s][info][gc,phases,start] GC(1847) Marking Phase
[2026-06-17T09:52:27.208+0800][45.954s][info][gc,phases      ] GC(1847) Marking Phase 0.787ms
[2026-06-17T09:52:27.208+0800][45.954s][info][gc,phases,start] GC(1847) Summary Phase
[2026-06-17T09:52:27.208+0800][45.954s][info][gc,phases      ] GC(1847) Summary Phase 0.183ms
[2026-06-17T09:52:27.209+0800][45.954s][info][gc,phases,start] GC(1847) Adjust Roots
[2026-06-17T09:52:27.209+0800][45.955s][info][gc,phases      ] GC(1847) Adjust Roots 0.268ms
[2026-06-17T09:52:27.209+0800][45.955s][info][gc,phases,start] GC(1847) Compaction Phase
[2026-06-17T09:52:27.210+0800][45.956s][info][gc,phases      ] GC(1847) Compaction Phase 1.376ms
[2026-06-17T09:52:27.211+0800][45.957s][info][gc,phases,start] GC(1847) Post Compact
[2026-06-17T09:52:27.211+0800][45.957s][info][gc,phases      ] GC(1847) Post Compact 0.242ms
[2026-06-17T09:52:27.211+0800][45.957s][info][gc,heap        ] GC(1847) PSYoungGen: 6010K->0K(14336K)
[2026-06-17T09:52:27.211+0800][45.957s][info][gc,heap        ] GC(1847) ParOldGen: 41279K->25165K(44032K)
[2026-06-17T09:52:27.211+0800][45.957s][info][gc,metaspace   ] GC(1847) Metaspace: 3162K(4864K)->3162K(4864K) NonClass: 2857K(4352K)->2857K(4352K) Class: 305K(512K)->305K(512K)
[2026-06-17T09:52:27.211+0800][45.957s][info][gc             ] GC(1847) Pause Full (Ergonomics) 46M->24M(57M) 4.338ms
[2026-06-17T09:52:27.212+0800][45.957s][info][gc,cpu         ] GC(1847) User=0.00s Sys=0.01s Real=0.01s
[2026-06-17T09:52:27.232+0800][45.978s][info][gc,start       ] GC(1848) Pause Young (Allocation Failure)
[2026-06-17T09:52:27.233+0800][45.979s][info][gc,heap        ] GC(1848) PSYoungGen: 7153K->3654K(14336K)
[2026-06-17T09:52:27.234+0800][45.980s][info][gc,heap        ] GC(1848) ParOldGen: 25165K->25165K(44032K)
[2026-06-17T09:52:27.234+0800][45.980s][info][gc,metaspace   ] GC(1848) Metaspace: 3162K(4864K)->3162K(4864K) NonClass: 2857K(4352K)->2857K(4352K) Class: 305K(512K)->305K(512K)
[2026-06-17T09:52:27.234+0800][45.980s][info][gc             ] GC(1848) Pause Young (Allocation Failure) 31M->28M(57M) 1.775ms
[2026-06-17T09:52:27.235+0800][45.980s][info][gc,cpu         ] GC(1848) User=0.00s Sys=0.00s Real=0.00s
[2026-06-17T09:52:27.256+0800][46.002s][info][gc,start       ] GC(1849) Pause Young (Allocation Failure)
[2026-06-17T09:52:27.257+0800][46.003s][info][gc,heap        ] GC(1849) PSYoungGen: 10822K->1728K(14336K)
[2026-06-17T09:52:27.257+0800][46.003s][info][gc,heap        ] GC(1849) ParOldGen: 25165K->27128K(44032K)
[2026-06-17T09:52:27.258+0800][46.003s][info][gc,metaspace   ] GC(1849) Metaspace: 3162K(4864K)->3162K(4864K) NonClass: 2857K(4352K)->2857K(4352K) Class: 305K(512K)->305K(512K)
[2026-06-17T09:52:27.258+0800][46.004s][info][gc             ] GC(1849) Pause Young (Allocation Failure) 35M->28M(57M) 1.416ms
[2026-06-17T09:52:27.258+0800][46.004s][info][gc,cpu         ] GC(1849) User=0.01s Sys=0.00s Real=0.00s
[2026-06-17T09:52:27.279+0800][46.025s][info][gc,start       ] GC(1850) Pause Young (Allocation Failure)
[2026-06-17T09:52:27.280+0800][46.026s][info][gc,heap        ] GC(1850) PSYoungGen: 8875K->2379K(14336K)
[2026-06-17T09:52:27.280+0800][46.026s][info][gc,heap        ] GC(1850) ParOldGen: 27128K->27128K(44032K)
[2026-06-17T09:52:27.280+0800][46.026s][info][gc,metaspace   ] GC(1850) Metaspace: 3162K(4864K)->3162K(4864K) NonClass: 2857K(4352K)->2857K(4352K) Class: 305K(512K)->305K(512K)
[2026-06-17T09:52:27.281+0800][46.026s][info][gc             ] GC(1850) Pause Young (Allocation Failure) 35M->28M(57M) 1.593ms
[2026-06-17T09:52:27.281+0800][46.027s][info][gc,cpu         ] GC(1850) User=0.00s Sys=0.00s Real=0.00s
[2026-06-17T09:52:27.292+0800][46.038s][info][gc,start       ] GC(1851) Pause Young (Allocation Failure)
[2026-06-17T09:52:27.292+0800][46.038s][info][gc,heap        ] GC(1851) PSYoungGen: 9451K->409K(14336K)
[2026-06-17T09:52:27.293+0800][46.039s][info][gc,heap        ] GC(1851) ParOldGen: 27128K->29359K(44032K)
[2026-06-17T09:52:27.293+0800][46.039s][info][gc,metaspace   ] GC(1851) Metaspace: 3162K(4864K)->3162K(4864K) NonClass: 2857K(4352K)->2857K(4352K) Class: 305K(512K)->305K(512K)
[2026-06-17T09:52:27.293+0800][46.039s][info][gc             ] GC(1851) Pause Young (Allocation Failure) 35M->29M(57M) 1.585ms
[2026-06-17T09:52:27.294+0800][46.039s][info][gc,cpu         ] GC(1851) User=0.00s Sys=0.00s Real=0.00s
[2026-06-17T09:52:27.315+0800][46.060s][info][gc,start       ] GC(1852) Pause Young (Allocation Failure)
[2026-06-17T09:52:27.315+0800][46.061s][info][gc,heap        ] GC(1852) PSYoungGen: 7570K->3532K(14336K)
[2026-06-17T09:52:27.316+0800][46.062s][info][gc,heap        ] GC(1852) ParOldGen: 29359K->29744K(44032K)
[2026-06-17T09:52:27.316+0800][46.062s][info][gc,metaspace   ] GC(1852) Metaspace: 3162K(4864K)->3162K(4864K) NonClass: 2857K(4352K)->2857K(4352K) Class: 305K(512K)->305K(512K)
[2026-06-17T09:52:27.316+0800][46.062s][info][gc             ] GC(1852) Pause Young (Allocation Failure) 36M->32M(57M) 1.531ms
[2026-06-17T09:52:27.316+0800][46.062s][info][gc,cpu         ] GC(1852) User=0.00s Sys=0.00s Real=0.00s
[2026-06-17T09:52:27.337+0800][46.083s][info][gc,start       ] GC(1853) Pause Young (Allocation Failure)
[2026-06-17T09:52:27.339+0800][46.085s][info][gc,heap        ] GC(1853) PSYoungGen: 10680K->2025K(14336K)
[2026-06-17T09:52:27.346+0800][46.092s][info][gc,heap        ] GC(1853) ParOldGen: 29744K->31404K(44032K)
[2026-06-17T09:52:27.347+0800][46.092s][info][gc,metaspace   ] GC(1853) Metaspace: 3162K(4864K)->3162K(4864K) NonClass: 2857K(4352K)->2857K(4352K) Class: 305K(512K)->305K(512K)
[2026-06-17T09:52:27.347+0800][46.093s][info][gc             ] GC(1853) Pause Young (Allocation Failure) 39M->32M(57M) 9.618ms
[2026-06-17T09:52:27.349+0800][46.095s][info][gc,cpu         ] GC(1853) User=0.00s Sys=0.00s Real=0.01s
[2026-06-17T09:52:27.370+0800][46.116s][info][gc,start       ] GC(1854) Pause Young (Allocation Failure)
[2026-06-17T09:52:27.371+0800][46.117s][info][gc,heap        ] GC(1854) PSYoungGen: 9170K->73K(14336K)
[2026-06-17T09:52:27.371+0800][46.117s][info][gc,heap        ] GC(1854) ParOldGen: 31404K->33405K(44032K)
[2026-06-17T09:52:27.371+0800][46.117s][info][gc,metaspace   ] GC(1854) Metaspace: 3162K(4864K)->3162K(4864K) NonClass: 2857K(4352K)->2857K(4352K) Class: 305K(512K)->305K(512K)
[2026-06-17T09:52:27.371+0800][46.117s][info][gc             ] GC(1854) Pause Young (Allocation Failure) 39M->32M(57M) 1.508ms
[2026-06-17T09:52:27.372+0800][46.117s][info][gc,cpu         ] GC(1854) User=0.00s Sys=0.00s Real=0.01s
[2026-06-17T09:52:27.382+0800][46.128s][info][gc,start       ] GC(1855) Pause Young (Allocation Failure)
[2026-06-17T09:52:27.383+0800][46.129s][info][gc,heap        ] GC(1855) PSYoungGen: 7193K->3290K(14336K)
[2026-06-17T09:52:27.384+0800][46.130s][info][gc,heap        ] GC(1855) ParOldGen: 33405K->33405K(44032K)
[2026-06-17T09:52:27.384+0800][46.130s][info][gc,metaspace   ] GC(1855) Metaspace: 3162K(4864K)->3162K(4864K) NonClass: 2857K(4352K)->2857K(4352K) Class: 305K(512K)->305K(512K)
[2026-06-17T09:52:27.384+0800][46.130s][info][gc             ] GC(1855) Pause Young (Allocation Failure) 39M->35M(57M) 1.732ms
[2026-06-17T09:52:27.384+0800][46.130s][info][gc,cpu         ] GC(1855) User=0.00s Sys=0.00s Real=0.00s
[2026-06-17T09:52:27.406+0800][46.151s][info][gc,start       ] GC(1856) Pause Young (Allocation Failure)
[2026-06-17T09:52:27.406+0800][46.152s][info][gc,heap        ] GC(1856) PSYoungGen: 10458K->1532K(14336K)
[2026-06-17T09:52:27.407+0800][46.153s][info][gc,heap        ] GC(1856) ParOldGen: 33405K->35666K(44032K)
[2026-06-17T09:52:27.407+0800][46.153s][info][gc,metaspace   ] GC(1856) Metaspace: 3162K(4864K)->3162K(4864K) NonClass: 2857K(4352K)->2857K(4352K) Class: 305K(512K)->305K(512K)
[2026-06-17T09:52:27.407+0800][46.153s][info][gc             ] GC(1856) Pause Young (Allocation Failure) 42M->36M(57M) 1.572ms
[2026-06-17T09:52:27.408+0800][46.153s][info][gc,cpu         ] GC(1856) User=0.00s Sys=0.00s Real=0.00s
[2026-06-17T09:52:27.419+0800][46.165s][info][gc,start       ] GC(1857) Pause Young (Allocation Failure)
[2026-06-17T09:52:27.420+0800][46.166s][info][gc,heap        ] GC(1857) PSYoungGen: 8671K->5050K(14336K)
[2026-06-17T09:52:27.420+0800][46.166s][info][gc,heap        ] GC(1857) ParOldGen: 35666K->35666K(44032K)
[2026-06-17T09:52:27.420+0800][46.166s][info][gc,metaspace   ] GC(1857) Metaspace: 3162K(4864K)->3162K(4864K) NonClass: 2857K(4352K)->2857K(4352K) Class: 305K(512K)->305K(512K)
[2026-06-17T09:52:27.420+0800][46.166s][info][gc             ] GC(1857) Pause Young (Allocation Failure) 43M->39M(57M) 1.524ms
[2026-06-17T09:52:27.420+0800][46.166s][info][gc,cpu         ] GC(1857) User=0.00s Sys=0.00s Real=0.00s
[2026-06-17T09:52:27.442+0800][46.187s][info][gc,start       ] GC(1858) Pause Young (Allocation Failure)
[2026-06-17T09:52:27.443+0800][46.189s][info][gc,heap        ] GC(1858) PSYoungGen: 12215K->1465K(14336K)
[2026-06-17T09:52:27.444+0800][46.189s][info][gc,heap        ] GC(1858) ParOldGen: 35666K->39527K(44032K)
[2026-06-17T09:52:27.444+0800][46.190s][info][gc,metaspace   ] GC(1858) Metaspace: 3162K(4864K)->3162K(4864K) NonClass: 2857K(4352K)->2857K(4352K) Class: 305K(512K)->305K(512K)
[2026-06-17T09:52:27.444+0800][46.190s][info][gc             ] GC(1858) Pause Young (Allocation Failure) 46M->40M(57M) 2.550ms
[2026-06-17T09:52:27.444+0800][46.190s][info][gc,cpu         ] GC(1858) User=0.00s Sys=0.00s Real=0.01s
[2026-06-17T09:52:27.455+0800][46.201s][info][gc,start       ] GC(1859) Pause Young (Allocation Failure)
[2026-06-17T09:52:27.456+0800][46.202s][info][gc,heap        ] GC(1859) PSYoungGen: 8617K->5258K(14336K)
[2026-06-17T09:52:27.456+0800][46.202s][info][gc,heap        ] GC(1859) ParOldGen: 39527K->39527K(44032K)
[2026-06-17T09:52:27.457+0800][46.202s][info][gc,metaspace   ] GC(1859) Metaspace: 3162K(4864K)->3162K(4864K) NonClass: 2857K(4352K)->2857K(4352K) Class: 305K(512K)->305K(512K)
[2026-06-17T09:52:27.457+0800][46.203s][info][gc             ] GC(1859) Pause Young (Allocation Failure) 47M->43M(57M) 1.560ms
[2026-06-17T09:52:27.457+0800][46.203s][info][gc,cpu         ] GC(1859) User=0.00s Sys=0.00s Real=0.00s
[2026-06-17T09:52:27.478+0800][46.224s][info][gc,start       ] GC(1860) Pause Young (Allocation Failure)
[2026-06-17T09:52:27.481+0800][46.227s][info][gc,heap        ] GC(1860) PSYoungGen: 12423K->3537K(14336K)
[2026-06-17T09:52:27.483+0800][46.229s][info][gc,heap        ] GC(1860) ParOldGen: 39527K->41300K(44032K)
[2026-06-17T09:52:27.486+0800][46.232s][info][gc,metaspace   ] GC(1860) Metaspace: 3162K(4864K)->3162K(4864K) NonClass: 2857K(4352K)->2857K(4352K) Class: 305K(512K)->305K(512K)
[2026-06-17T09:52:27.486+0800][46.232s][info][gc             ] GC(1860) Pause Young (Allocation Failure) 50M->43M(57M) 8.429ms
[2026-06-17T09:52:27.487+0800][46.233s][info][gc,cpu         ] GC(1860) User=0.00s Sys=0.00s Real=0.01s
[2026-06-17T09:52:27.488+0800][46.233s][info][gc,start       ] GC(1861) Pause Full (Ergonomics)
[2026-06-17T09:52:27.488+0800][46.234s][info][gc,phases,start] GC(1861) Marking Phase
[2026-06-17T09:52:27.489+0800][46.235s][info][gc,phases      ] GC(1861) Marking Phase 1.056ms
[2026-06-17T09:52:27.489+0800][46.235s][info][gc,phases,start] GC(1861) Summary Phase
[2026-06-17T09:52:27.490+0800][46.236s][info][gc,phases      ] GC(1861) Summary Phase 0.403ms
[2026-06-17T09:52:27.490+0800][46.236s][info][gc,phases,start] GC(1861) Adjust Roots
[2026-06-17T09:52:27.491+0800][46.236s][info][gc,phases      ] GC(1861) Adjust Roots 0.539ms
[2026-06-17T09:52:27.491+0800][46.237s][info][gc,phases,start] GC(1861) Compaction Phase
[2026-06-17T09:52:27.493+0800][46.239s][info][gc,phases      ] GC(1861) Compaction Phase 1.908ms
[2026-06-17T09:52:27.494+0800][46.240s][info][gc,phases,start] GC(1861) Post Compact
[2026-06-17T09:52:27.495+0800][46.241s][info][gc,phases      ] GC(1861) Post Compact 1.751ms
[2026-06-17T09:52:27.499+0800][46.245s][info][gc,heap        ] GC(1861) PSYoungGen: 3537K->0K(14336K)
[2026-06-17T09:52:27.499+0800][46.245s][info][gc,heap        ] GC(1861) ParOldGen: 41300K->32143K(44032K)
[2026-06-17T09:52:27.499+0800][46.245s][info][gc,metaspace   ] GC(1861) Metaspace: 3162K(4864K)->3162K(4864K) NonClass: 2857K(4352K)->2857K(4352K) Class: 305K(512K)->305K(512K)
[2026-06-17T09:52:27.499+0800][46.245s][info][gc             ] GC(1861) Pause Full (Ergonomics) 43M->31M(57M) 11.774ms
[2026-06-17T09:52:27.500+0800][46.245s][info][gc,cpu         ] GC(1861) User=0.01s Sys=0.00s Real=0.01s
[2026-06-17T09:52:27.521+0800][46.267s][info][gc,start       ] GC(1862) Pause Young (Allocation Failure)
[2026-06-17T09:52:27.522+0800][46.268s][info][gc,heap        ] GC(1862) PSYoungGen: 7153K->3694K(14336K)
[2026-06-17T09:52:27.522+0800][46.268s][info][gc,heap        ] GC(1862) ParOldGen: 32143K->32143K(44032K)
[2026-06-17T09:52:27.522+0800][46.268s][info][gc,metaspace   ] GC(1862) Metaspace: 3162K(4864K)->3162K(4864K) NonClass: 2857K(4352K)->2857K(4352K) Class: 305K(512K)->305K(512K)
[2026-06-17T09:52:27.522+0800][46.268s][info][gc             ] GC(1862) Pause Young (Allocation Failure) 38M->34M(57M) 1.586ms
[2026-06-17T09:52:27.522+0800][46.268s][info][gc,cpu         ] GC(1862) User=0.00s Sys=0.00s Real=0.01s
[2026-06-17T09:52:27.533+0800][46.279s][info][gc,start       ] GC(1863) Pause Young (Allocation Failure)
[2026-06-17T09:52:27.534+0800][46.280s][info][gc,heap        ] GC(1863) PSYoungGen: 10827K->4354K(14336K)
[2026-06-17T09:52:27.535+0800][46.280s][info][gc,heap        ] GC(1863) ParOldGen: 32143K->32143K(44032K)
[2026-06-17T09:52:27.535+0800][46.281s][info][gc,metaspace   ] GC(1863) Metaspace: 3162K(4864K)->3162K(4864K) NonClass: 2857K(4352K)->2857K(4352K) Class: 305K(512K)->305K(512K)
[2026-06-17T09:52:27.535+0800][46.281s][info][gc             ] GC(1863) Pause Young (Allocation Failure) 41M->35M(57M) 1.478ms
[2026-06-17T09:52:27.535+0800][46.281s][info][gc,cpu         ] GC(1863) User=0.00s Sys=0.00s Real=0.00s
[2026-06-17T09:52:27.556+0800][46.302s][info][gc,start       ] GC(1864) Pause Young (Allocation Failure)
[2026-06-17T09:52:27.557+0800][46.303s][info][gc,heap        ] GC(1864) PSYoungGen: 11490K->7125K(14336K)
[2026-06-17T09:52:27.557+0800][46.303s][info][gc,heap        ] GC(1864) ParOldGen: 32143K->32945K(44032K)
[2026-06-17T09:52:27.558+0800][46.304s][info][gc,metaspace   ] GC(1864) Metaspace: 3162K(4864K)->3162K(4864K) NonClass: 2857K(4352K)->2857K(4352K) Class: 305K(512K)->305K(512K)
[2026-06-17T09:52:27.558+0800][46.304s][info][gc             ] GC(1864) Pause Young (Allocation Failure) 42M->39M(57M) 1.723ms
[2026-06-17T09:52:27.558+0800][46.304s][info][gc,cpu         ] GC(1864) User=0.00s Sys=0.00s Real=0.00s
[2026-06-17T09:52:27.579+0800][46.325s][info][gc,start       ] GC(1865) Pause Young (Allocation Failure)
[2026-06-17T09:52:27.582+0800][46.328s][info][gc,heap        ] GC(1865) PSYoungGen: 14262K->4080K(14336K)
[2026-06-17T09:52:27.584+0800][46.330s][info][gc,heap        ] GC(1865) ParOldGen: 32945K->36449K(44032K)
[2026-06-17T09:52:27.586+0800][46.331s][info][gc,metaspace   ] GC(1865) Metaspace: 3162K(4864K)->3162K(4864K) NonClass: 2857K(4352K)->2857K(4352K) Class: 305K(512K)->305K(512K)
[2026-06-17T09:52:27.587+0800][46.333s][info][gc             ] GC(1865) Pause Young (Allocation Failure) 46M->39M(57M) 7.493ms
[2026-06-17T09:52:27.589+0800][46.334s][info][gc,cpu         ] GC(1865) User=0.00s Sys=0.00s Real=0.01s
[2026-06-17T09:52:27.612+0800][46.358s][info][gc,start       ] GC(1866) Pause Young (Allocation Failure)
[2026-06-17T09:52:27.614+0800][46.360s][info][gc,heap        ] GC(1866) PSYoungGen: 11244K->1744K(14336K)
[2026-06-17T09:52:27.614+0800][46.360s][info][gc,heap        ] GC(1866) ParOldGen: 36449K->38886K(44032K)
[2026-06-17T09:52:27.615+0800][46.361s][info][gc,metaspace   ] GC(1866) Metaspace: 3162K(4864K)->3162K(4864K) NonClass: 2857K(4352K)->2857K(4352K) Class: 305K(512K)->305K(512K)
[2026-06-17T09:52:27.615+0800][46.361s][info][gc             ] GC(1866) Pause Young (Allocation Failure) 46M->39M(57M) 3.336ms
[2026-06-17T09:52:27.616+0800][46.362s][info][gc,cpu         ] GC(1866) User=0.01s Sys=0.00s Real=0.00s
[2026-06-17T09:52:27.628+0800][46.374s][info][gc,start       ] GC(1867) Pause Young (Allocation Failure)
[2026-06-17T09:52:27.630+0800][46.376s][info][gc,heap        ] GC(1867) PSYoungGen: 8864K->5703K(14336K)
[2026-06-17T09:52:27.631+0800][46.376s][info][gc,heap        ] GC(1867) ParOldGen: 38886K->38886K(44032K)
[2026-06-17T09:52:27.631+0800][46.377s][info][gc,metaspace   ] GC(1867) Metaspace: 3162K(4864K)->3162K(4864K) NonClass: 2857K(4352K)->2857K(4352K) Class: 305K(512K)->305K(512K)
[2026-06-17T09:52:27.632+0800][46.378s][info][gc             ] GC(1867) Pause Young (Allocation Failure) 46M->43M(57M) 3.908ms
[2026-06-17T09:52:27.632+0800][46.378s][info][gc,cpu         ] GC(1867) User=0.00s Sys=0.00s Real=0.01s
[2026-06-17T09:52:27.655+0800][46.400s][info][gc,start       ] GC(1868) Pause Young (Allocation Failure)
[2026-06-17T09:52:27.657+0800][46.402s][info][gc,heap        ] GC(1868) PSYoungGen: 12851K->2958K(14336K)
[2026-06-17T09:52:27.657+0800][46.403s][info][gc,heap        ] GC(1868) ParOldGen: 38886K->41898K(44032K)
[2026-06-17T09:52:27.658+0800][46.404s][info][gc,metaspace   ] GC(1868) Metaspace: 3162K(4864K)->3162K(4864K) NonClass: 2857K(4352K)->2857K(4352K) Class: 305K(512K)->305K(512K)
[2026-06-17T09:52:27.659+0800][46.404s][info][gc             ] GC(1868) Pause Young (Allocation Failure) 50M->43M(57M) 4.072ms
[2026-06-17T09:52:27.659+0800][46.405s][info][gc,cpu         ] GC(1868) User=0.00s Sys=0.00s Real=0.00s
[2026-06-17T09:52:27.660+0800][46.406s][info][gc,start       ] GC(1869) Pause Full (Ergonomics)
[2026-06-17T09:52:27.660+0800][46.406s][info][gc,phases,start] GC(1869) Marking Phase
[2026-06-17T09:52:27.662+0800][46.407s][info][gc,phases      ] GC(1869) Marking Phase 1.488ms
[2026-06-17T09:52:27.662+0800][46.408s][info][gc,phases,start] GC(1869) Summary Phase
[2026-06-17T09:52:27.662+0800][46.408s][info][gc,phases      ] GC(1869) Summary Phase 0.319ms
[2026-06-17T09:52:27.663+0800][46.408s][info][gc,phases,start] GC(1869) Adjust Roots
[2026-06-17T09:52:27.663+0800][46.409s][info][gc,phases      ] GC(1869) Adjust Roots 0.324ms
[2026-06-17T09:52:27.663+0800][46.409s][info][gc,phases,start] GC(1869) Compaction Phase
[2026-06-17T09:52:27.665+0800][46.411s][info][gc,phases      ] GC(1869) Compaction Phase 1.772ms
[2026-06-17T09:52:27.665+0800][46.411s][info][gc,phases,start] GC(1869) Post Compact
[2026-06-17T09:52:27.666+0800][46.412s][info][gc,phases      ] GC(1869) Post Compact 0.335ms
[2026-06-17T09:52:27.666+0800][46.412s][info][gc,heap        ] GC(1869) PSYoungGen: 2958K->0K(14336K)
[2026-06-17T09:52:27.666+0800][46.412s][info][gc,heap        ] GC(1869) ParOldGen: 41898K->31190K(44032K)
[2026-06-17T09:52:27.666+0800][46.412s][info][gc,metaspace   ] GC(1869) Metaspace: 3162K(4864K)->3162K(4864K) NonClass: 2857K(4352K)->2857K(4352K) Class: 305K(512K)->305K(512K)
[2026-06-17T09:52:27.666+0800][46.412s][info][gc             ] GC(1869) Pause Full (Ergonomics) 43M->30M(57M) 6.704ms
[2026-06-17T09:52:27.667+0800][46.413s][info][gc,cpu         ] GC(1869) User=0.01s Sys=0.01s Real=0.01s
[2026-06-17T09:52:27.688+0800][46.434s][info][gc,start       ] GC(1870) Pause Young (Allocation Failure)
[2026-06-17T09:52:27.690+0800][46.436s][info][gc,heap        ] GC(1870) PSYoungGen: 7166K->3990K(14336K)
[2026-06-17T09:52:27.690+0800][46.436s][info][gc,heap        ] GC(1870) ParOldGen: 31190K->31190K(44032K)
[2026-06-17T09:52:27.691+0800][46.437s][info][gc,metaspace   ] GC(1870) Metaspace: 3162K(4864K)->3162K(4864K) NonClass: 2857K(4352K)->2857K(4352K) Class: 305K(512K)->305K(512K)
[2026-06-17T09:52:27.691+0800][46.437s][info][gc             ] GC(1870) Pause Young (Allocation Failure) 37M->34M(57M) 3.144ms
[2026-06-17T09:52:27.692+0800][46.437s][info][gc,cpu         ] GC(1870) User=0.00s Sys=0.00s Real=0.01s
[2026-06-17T09:52:27.703+0800][46.449s][info][gc,start       ] GC(1871) Pause Young (Allocation Failure)
[2026-06-17T09:52:27.704+0800][46.450s][info][gc,heap        ] GC(1871) PSYoungGen: 11094K->1457K(14336K)
[2026-06-17T09:52:27.705+0800][46.451s][info][gc,heap        ] GC(1871) ParOldGen: 31190K->34102K(44032K)
[2026-06-17T09:52:27.705+0800][46.451s][info][gc,metaspace   ] GC(1871) Metaspace: 3162K(4864K)->3162K(4864K) NonClass: 2857K(4352K)->2857K(4352K) Class: 305K(512K)->305K(512K)
[2026-06-17T09:52:27.706+0800][46.452s][info][gc             ] GC(1871) Pause Young (Allocation Failure) 41M->34M(57M) 2.783ms
[2026-06-17T09:52:27.706+0800][46.452s][info][gc,cpu         ] GC(1871) User=0.00s Sys=0.00s Real=0.00s
[2026-06-17T09:52:27.728+0800][46.474s][info][gc,start       ] GC(1872) Pause Young (Allocation Failure)
[2026-06-17T09:52:27.730+0800][46.475s][info][gc,heap        ] GC(1872) PSYoungGen: 8602K->3506K(14336K)
[2026-06-17T09:52:27.730+0800][46.476s][info][gc,heap        ] GC(1872) ParOldGen: 34102K->35535K(44032K)
[2026-06-17T09:52:27.731+0800][46.476s][info][gc,metaspace   ] GC(1872) Metaspace: 3162K(4864K)->3162K(4864K) NonClass: 2857K(4352K)->2857K(4352K) Class: 305K(512K)->305K(512K)
[2026-06-17T09:52:27.731+0800][46.477s][info][gc             ] GC(1872) Pause Young (Allocation Failure) 41M->38M(57M) 2.875ms
[2026-06-17T09:52:27.731+0800][46.477s][info][gc,cpu         ] GC(1872) User=0.01s Sys=0.00s Real=0.01s
[2026-06-17T09:52:27.753+0800][46.499s][info][gc,start       ] GC(1873) Pause Young (Allocation Failure)
[2026-06-17T09:52:27.755+0800][46.501s][info][gc,heap        ] GC(1873) PSYoungGen: 10674K->3043K(14336K)
[2026-06-17T09:52:27.755+0800][46.501s][info][gc,heap        ] GC(1873) ParOldGen: 35535K->35915K(44032K)
[2026-06-17T09:52:27.756+0800][46.502s][info][gc,metaspace   ] GC(1873) Metaspace: 3162K(4864K)->3162K(4864K) NonClass: 2857K(4352K)->2857K(4352K) Class: 305K(512K)->305K(512K)
[2026-06-17T09:52:27.757+0800][46.503s][info][gc             ] GC(1873) Pause Young (Allocation Failure) 45M->38M(57M) 3.408ms
[2026-06-17T09:52:27.758+0800][46.504s][info][gc,cpu         ] GC(1873) User=0.00s Sys=0.00s Real=0.00s
[2026-06-17T09:52:27.781+0800][46.527s][info][gc,start       ] GC(1874) Pause Young (Allocation Failure)
[2026-06-17T09:52:27.782+0800][46.528s][info][gc,heap        ] GC(1874) PSYoungGen: 10193K->1705K(14336K)
[2026-06-17T09:52:27.783+0800][46.529s][info][gc,heap        ] GC(1874) ParOldGen: 35915K->37712K(44032K)
[2026-06-17T09:52:27.784+0800][46.529s][info][gc,metaspace   ] GC(1874) Metaspace: 3162K(4864K)->3162K(4864K) NonClass: 2857K(4352K)->2857K(4352K) Class: 305K(512K)->305K(512K)
[2026-06-17T09:52:27.784+0800][46.530s][info][gc             ] GC(1874) Pause Young (Allocation Failure) 45M->38M(57M) 3.052ms
[2026-06-17T09:52:27.784+0800][46.530s][info][gc,cpu         ] GC(1874) User=0.00s Sys=0.00s Real=0.01s
[2026-06-17T09:52:27.806+0800][46.552s][info][gc,start       ] GC(1875) Pause Young (Allocation Failure)
[2026-06-17T09:52:27.807+0800][46.553s][info][gc,heap        ] GC(1875) PSYoungGen: 8837K->2048K(14336K)
[2026-06-17T09:52:27.808+0800][46.554s][info][gc,heap        ] GC(1875) ParOldGen: 37712K->37712K(44032K)
[2026-06-17T09:52:27.809+0800][46.554s][info][gc,metaspace   ] GC(1875) Metaspace: 3162K(4864K)->3162K(4864K) NonClass: 2857K(4352K)->2857K(4352K) Class: 305K(512K)->305K(512K)
[2026-06-17T09:52:27.809+0800][46.555s][info][gc             ] GC(1875) Pause Young (Allocation Failure) 45M->38M(57M) 3.118ms
[2026-06-17T09:52:27.810+0800][46.556s][info][gc,cpu         ] GC(1875) User=0.00s Sys=0.00s Real=0.00s
[2026-06-17T09:52:27.822+0800][46.568s][info][gc,start       ] GC(1876) Pause Young (Allocation Failure)
[2026-06-17T09:52:27.824+0800][46.570s][info][gc,heap        ] GC(1876) PSYoungGen: 9159K->564K(14336K)
[2026-06-17T09:52:27.825+0800][46.571s][info][gc,heap        ] GC(1876) ParOldGen: 37712K->39650K(44032K)
[2026-06-17T09:52:27.826+0800][46.572s][info][gc,metaspace   ] GC(1876) Metaspace: 3162K(4864K)->3162K(4864K) NonClass: 2857K(4352K)->2857K(4352K) Class: 305K(512K)->305K(512K)
[2026-06-17T09:52:27.827+0800][46.573s][info][gc             ] GC(1876) Pause Young (Allocation Failure) 45M->39M(57M) 4.844ms
[2026-06-17T09:52:27.828+0800][46.574s][info][gc,cpu         ] GC(1876) User=0.01s Sys=0.00s Real=0.01s
[2026-06-17T09:52:27.850+0800][46.596s][info][gc,start       ] GC(1877) Pause Young (Allocation Failure)
[2026-06-17T09:52:27.852+0800][46.598s][info][gc,heap        ] GC(1877) PSYoungGen: 7728K->3842K(14336K)
[2026-06-17T09:52:27.853+0800][46.599s][info][gc,heap        ] GC(1877) ParOldGen: 39650K->40190K(44032K)
[2026-06-17T09:52:27.854+0800][46.600s][info][gc,metaspace   ] GC(1877) Metaspace: 3162K(4864K)->3162K(4864K) NonClass: 2857K(4352K)->2857K(4352K) Class: 305K(512K)->305K(512K)
[2026-06-17T09:52:27.855+0800][46.601s][info][gc             ] GC(1877) Pause Young (Allocation Failure) 46M->43M(57M) 4.630ms
[2026-06-17T09:52:27.856+0800][46.601s][info][gc,cpu         ] GC(1877) User=0.00s Sys=0.00s Real=0.01s
[2026-06-17T09:52:27.857+0800][46.602s][info][gc,start       ] GC(1878) Pause Full (Ergonomics)
[2026-06-17T09:52:27.857+0800][46.603s][info][gc,phases,start] GC(1878) Marking Phase
[2026-06-17T09:52:27.860+0800][46.606s][info][gc,phases      ] GC(1878) Marking Phase 2.774ms
[2026-06-17T09:52:27.861+0800][46.607s][info][gc,phases,start] GC(1878) Summary Phase
[2026-06-17T09:52:27.861+0800][46.607s][info][gc,phases      ] GC(1878) Summary Phase 0.487ms
[2026-06-17T09:52:27.862+0800][46.608s][info][gc,phases,start] GC(1878) Adjust Roots
[2026-06-17T09:52:27.863+0800][46.609s][info][gc,phases      ] GC(1878) Adjust Roots 0.977ms
[2026-06-17T09:52:27.864+0800][46.610s][info][gc,phases,start] GC(1878) Compaction Phase
[2026-06-17T09:52:27.867+0800][46.613s][info][gc,phases      ] GC(1878) Compaction Phase 2.792ms
[2026-06-17T09:52:27.868+0800][46.613s][info][gc,phases,start] GC(1878) Post Compact
[2026-06-17T09:52:27.868+0800][46.614s][info][gc,phases      ] GC(1878) Post Compact 0.855ms
[2026-06-17T09:52:27.869+0800][46.615s][info][gc,heap        ] GC(1878) PSYoungGen: 3842K->0K(14336K)
[2026-06-17T09:52:27.870+0800][46.616s][info][gc,heap        ] GC(1878) ParOldGen: 40190K->29800K(44032K)
[2026-06-17T09:52:27.871+0800][46.617s][info][gc,metaspace   ] GC(1878) Metaspace: 3162K(4864K)->3162K(4864K) NonClass: 2857K(4352K)->2857K(4352K) Class: 305K(512K)->305K(512K)
[2026-06-17T09:52:27.871+0800][46.617s][info][gc             ] GC(1878) Pause Full (Ergonomics) 43M->29M(57M) 14.784ms
[2026-06-17T09:52:27.872+0800][46.618s][info][gc,cpu         ] GC(1878) User=0.01s Sys=0.00s Real=0.02s
[2026-06-17T09:52:27.884+0800][46.630s][info][gc,start       ] GC(1879) Pause Young (Allocation Failure)
[2026-06-17T09:52:27.885+0800][46.631s][info][gc,heap        ] GC(1879) PSYoungGen: 7050K->3515K(14848K)
[2026-06-17T09:52:27.886+0800][46.632s][info][gc,heap        ] GC(1879) ParOldGen: 29800K->29800K(44032K)
[2026-06-17T09:52:27.886+0800][46.632s][info][gc,metaspace   ] GC(1879) Metaspace: 3162K(4864K)->3162K(4864K) NonClass: 2857K(4352K)->2857K(4352K) Class: 305K(512K)->305K(512K)
[2026-06-17T09:52:27.887+0800][46.632s][info][gc             ] GC(1879) Pause Young (Allocation Failure) 35M->32M(57M) 2.689ms
[2026-06-17T09:52:27.887+0800][46.633s][info][gc,cpu         ] GC(1879) User=0.00s Sys=0.00s Real=0.00s
[2026-06-17T09:52:27.918+0800][46.664s][info][gc,start       ] GC(1880) Pause Young (Allocation Failure)
[2026-06-17T09:52:27.919+0800][46.665s][info][gc,heap        ] GC(1880) PSYoungGen: 11156K->4185K(14336K)
[2026-06-17T09:52:27.920+0800][46.665s][info][gc,heap        ] GC(1880) ParOldGen: 29800K->29800K(44032K)
[2026-06-17T09:52:27.920+0800][46.666s][info][gc,metaspace   ] GC(1880) Metaspace: 3162K(4864K)->3162K(4864K) NonClass: 2857K(4352K)->2857K(4352K) Class: 305K(512K)->305K(512K)
[2026-06-17T09:52:27.920+0800][46.666s][info][gc             ] GC(1880) Pause Young (Allocation Failure) 39M->33M(57M) 1.417ms
[2026-06-17T09:52:27.920+0800][46.666s][info][gc,cpu         ] GC(1880) User=0.00s Sys=0.00s Real=0.00s
[2026-06-17T09:52:27.931+0800][46.677s][info][gc,start       ] GC(1881) Pause Young (Allocation Failure)
[2026-06-17T09:52:27.932+0800][46.678s][info][gc,heap        ] GC(1881) PSYoungGen: 11863K->6654K(13824K)
[2026-06-17T09:52:27.932+0800][46.678s][info][gc,heap        ] GC(1881) ParOldGen: 29800K->31698K(44032K)
[2026-06-17T09:52:27.932+0800][46.678s][info][gc,metaspace   ] GC(1881) Metaspace: 3162K(4864K)->3162K(4864K) NonClass: 2857K(4352K)->2857K(4352K) Class: 305K(512K)->305K(512K)
[2026-06-17T09:52:27.932+0800][46.678s][info][gc             ] GC(1881) Pause Young (Allocation Failure) 40M->37M(56M) 1.628ms
[2026-06-17T09:52:27.933+0800][46.678s][info][gc,cpu         ] GC(1881) User=0.00s Sys=0.00s Real=0.00s
[2026-06-17T09:52:27.954+0800][46.700s][info][gc,start       ] GC(1882) Pause Young (Allocation Failure)
[2026-06-17T09:52:27.955+0800][46.701s][info][gc,heap        ] GC(1882) PSYoungGen: 13782K->4101K(14336K)
[2026-06-17T09:52:27.956+0800][46.702s][info][gc,heap        ] GC(1882) ParOldGen: 31698K->34435K(44032K)
[2026-06-17T09:52:27.956+0800][46.702s][info][gc,metaspace   ] GC(1882) Metaspace: 3162K(4864K)->3162K(4864K) NonClass: 2857K(4352K)->2857K(4352K) Class: 305K(512K)->305K(512K)
[2026-06-17T09:52:27.957+0800][46.702s][info][gc             ] GC(1882) Pause Young (Allocation Failure) 44M->37M(57M) 2.851ms
[2026-06-17T09:52:27.957+0800][46.703s][info][gc,cpu         ] GC(1882) User=0.00s Sys=0.00s Real=0.00s
[2026-06-17T09:52:27.979+0800][46.725s][info][gc,start       ] GC(1883) Pause Young (Allocation Failure)
[2026-06-17T09:52:27.981+0800][46.727s][info][gc,heap        ] GC(1883) PSYoungGen: 11265K->2446K(14336K)
[2026-06-17T09:52:27.982+0800][46.728s][info][gc,heap        ] GC(1883) ParOldGen: 34435K->35813K(44032K)
[2026-06-17T09:52:27.983+0800][46.729s][info][gc,metaspace   ] GC(1883) Metaspace: 3162K(4864K)->3162K(4864K) NonClass: 2857K(4352K)->2857K(4352K) Class: 305K(512K)->305K(512K)
[2026-06-17T09:52:27.983+0800][46.729s][info][gc             ] GC(1883) Pause Young (Allocation Failure) 44M->37M(57M) 4.407ms
[2026-06-17T09:52:27.984+0800][46.730s][info][gc,cpu         ] GC(1883) User=0.00s Sys=0.00s Real=0.01s
[2026-06-17T09:52:27.995+0800][46.741s][info][gc,start       ] GC(1884) Pause Young (Allocation Failure)
[2026-06-17T09:52:27.996+0800][46.742s][info][gc,heap        ] GC(1884) PSYoungGen: 9614K->1144K(14336K)
[2026-06-17T09:52:27.997+0800][46.743s][info][gc,heap        ] GC(1884) ParOldGen: 35813K->37679K(44032K)
[2026-06-17T09:52:27.997+0800][46.743s][info][gc,metaspace   ] GC(1884) Metaspace: 3162K(4864K)->3162K(4864K) NonClass: 2857K(4352K)->2857K(4352K) Class: 305K(512K)->305K(512K)
[2026-06-17T09:52:27.997+0800][46.743s][info][gc             ] GC(1884) Pause Young (Allocation Failure) 44M->37M(57M) 2.348ms
[2026-06-17T09:52:27.998+0800][46.744s][info][gc,cpu         ] GC(1884) User=0.00s Sys=0.00s Real=0.00s
[2026-06-17T09:52:28.020+0800][46.765s][info][gc,start       ] GC(1885) Pause Young (Allocation Failure)
[2026-06-17T09:52:28.021+0800][46.767s][info][gc,heap        ] GC(1885) PSYoungGen: 8282K->3558K(14336K)
[2026-06-17T09:52:28.021+0800][46.767s][info][gc,heap        ] GC(1885) ParOldGen: 37679K->38799K(44032K)
[2026-06-17T09:52:28.022+0800][46.768s][info][gc,metaspace   ] GC(1885) Metaspace: 3162K(4864K)->3162K(4864K) NonClass: 2857K(4352K)->2857K(4352K) Class: 305K(512K)->305K(512K)
[2026-06-17T09:52:28.022+0800][46.768s][info][gc             ] GC(1885) Pause Young (Allocation Failure) 44M->41M(57M) 2.787ms
[2026-06-17T09:52:28.023+0800][46.769s][info][gc,cpu         ] GC(1885) User=0.01s Sys=0.00s Real=0.01s
[2026-06-17T09:52:28.045+0800][46.791s][info][gc,start       ] GC(1886) Pause Young (Allocation Failure)
[2026-06-17T09:52:28.047+0800][46.792s][info][gc,heap        ] GC(1886) PSYoungGen: 10726K->3252K(14336K)
[2026-06-17T09:52:28.047+0800][46.793s][info][gc,heap        ] GC(1886) ParOldGen: 38799K->39284K(44032K)
[2026-06-17T09:52:28.048+0800][46.794s][info][gc,metaspace   ] GC(1886) Metaspace: 3162K(4864K)->3162K(4864K) NonClass: 2857K(4352K)->2857K(4352K) Class: 305K(512K)->305K(512K)
[2026-06-17T09:52:28.048+0800][46.794s][info][gc             ] GC(1886) Pause Young (Allocation Failure) 48M->41M(57M) 3.551ms
[2026-06-17T09:52:28.049+0800][46.795s][info][gc,cpu         ] GC(1886) User=0.00s Sys=0.00s Real=0.00s
[2026-06-17T09:52:28.071+0800][46.816s][info][gc,start       ] GC(1887) Pause Young (Allocation Failure)
[2026-06-17T09:52:28.073+0800][46.819s][info][gc,heap        ] GC(1887) PSYoungGen: 10361K->1068K(14336K)
[2026-06-17T09:52:28.073+0800][46.819s][info][gc,heap        ] GC(1887) ParOldGen: 39284K->41239K(44032K)
[2026-06-17T09:52:28.074+0800][46.820s][info][gc,metaspace   ] GC(1887) Metaspace: 3162K(4864K)->3162K(4864K) NonClass: 2857K(4352K)->2857K(4352K) Class: 305K(512K)->305K(512K)
[2026-06-17T09:52:28.074+0800][46.820s][info][gc             ] GC(1887) Pause Young (Allocation Failure) 48M->41M(57M) 3.810ms
[2026-06-17T09:52:28.075+0800][46.821s][info][gc,cpu         ] GC(1887) User=0.00s Sys=0.00s Real=0.00s
[2026-06-17T09:52:28.075+0800][46.821s][info][gc,start       ] GC(1888) Pause Full (Ergonomics)
[2026-06-17T09:52:28.076+0800][46.822s][info][gc,phases,start] GC(1888) Marking Phase
[2026-06-17T09:52:28.078+0800][46.823s][info][gc,phases      ] GC(1888) Marking Phase 1.945ms
[2026-06-17T09:52:28.078+0800][46.824s][info][gc,phases,start] GC(1888) Summary Phase
[2026-06-17T09:52:28.078+0800][46.824s][info][gc,phases      ] GC(1888) Summary Phase 0.313ms
[2026-06-17T09:52:28.079+0800][46.824s][info][gc,phases,start] GC(1888) Adjust Roots
[2026-06-17T09:52:28.079+0800][46.825s][info][gc,phases      ] GC(1888) Adjust Roots 0.386ms
[2026-06-17T09:52:28.079+0800][46.825s][info][gc,phases,start] GC(1888) Compaction Phase
[2026-06-17T09:52:28.081+0800][46.827s][info][gc,phases      ] GC(1888) Compaction Phase 2.307ms
[2026-06-17T09:52:28.082+0800][46.828s][info][gc,phases,start] GC(1888) Post Compact
[2026-06-17T09:52:28.082+0800][46.828s][info][gc,phases      ] GC(1888) Post Compact 0.348ms
[2026-06-17T09:52:28.082+0800][46.828s][info][gc,heap        ] GC(1888) PSYoungGen: 1068K->0K(14336K)
[2026-06-17T09:52:28.083+0800][46.828s][info][gc,heap        ] GC(1888) ParOldGen: 41239K->22156K(44032K)
[2026-06-17T09:52:28.083+0800][46.829s][info][gc,metaspace   ] GC(1888) Metaspace: 3162K(4864K)->3162K(4864K) NonClass: 2857K(4352K)->2857K(4352K) Class: 305K(512K)->305K(512K)
[2026-06-17T09:52:28.083+0800][46.829s][info][gc             ] GC(1888) Pause Full (Ergonomics) 41M->21M(57M) 7.902ms
[2026-06-17T09:52:28.083+0800][46.829s][info][gc,cpu         ] GC(1888) User=0.00s Sys=0.00s Real=0.01s
[2026-06-17T09:52:28.094+0800][46.840s][info][gc,start       ] GC(1889) Pause Young (Allocation Failure)
[2026-06-17T09:52:28.096+0800][46.842s][info][gc,heap        ] GC(1889) PSYoungGen: 7158K->6907K(14336K)
[2026-06-17T09:52:28.096+0800][46.842s][info][gc,heap        ] GC(1889) ParOldGen: 22156K->22461K(44032K)
[2026-06-17T09:52:28.096+0800][46.842s][info][gc,metaspace   ] GC(1889) Metaspace: 3162K(4864K)->3162K(4864K) NonClass: 2857K(4352K)->2857K(4352K) Class: 305K(512K)->305K(512K)
[2026-06-17T09:52:28.097+0800][46.843s][info][gc             ] GC(1889) Pause Young (Allocation Failure) 28M->28M(57M) 2.259ms
[2026-06-17T09:52:28.097+0800][46.843s][info][gc,cpu         ] GC(1889) User=0.01s Sys=0.00s Real=0.00s
[2026-06-17T09:52:28.118+0800][46.864s][info][gc,start       ] GC(1890) Pause Young (Allocation Failure)
[2026-06-17T09:52:28.119+0800][46.865s][info][gc,heap        ] GC(1890) PSYoungGen: 14039K->2482K(14336K)
[2026-06-17T09:52:28.120+0800][46.866s][info][gc,heap        ] GC(1890) ParOldGen: 22461K->26893K(44032K)
[2026-06-17T09:52:28.120+0800][46.866s][info][gc,metaspace   ] GC(1890) Metaspace: 3162K(4864K)->3162K(4864K) NonClass: 2857K(4352K)->2857K(4352K) Class: 305K(512K)->305K(512K)
[2026-06-17T09:52:28.120+0800][46.866s][info][gc             ] GC(1890) Pause Young (Allocation Failure) 35M->28M(57M) 1.960ms
[2026-06-17T09:52:28.121+0800][46.866s][info][gc,cpu         ] GC(1890) User=0.00s Sys=0.00s Real=0.00s
[2026-06-17T09:52:28.132+0800][46.877s][info][gc,start       ] GC(1891) Pause Young (Allocation Failure)
[2026-06-17T09:52:28.133+0800][46.879s][info][gc,heap        ] GC(1891) PSYoungGen: 9634K->4762K(14336K)
[2026-06-17T09:52:28.133+0800][46.879s][info][gc,heap        ] GC(1891) ParOldGen: 26893K->28404K(44032K)
[2026-06-17T09:52:28.134+0800][46.879s][info][gc,metaspace   ] GC(1891) Metaspace: 3162K(4864K)->3162K(4864K) NonClass: 2857K(4352K)->2857K(4352K) Class: 305K(512K)->305K(512K)
[2026-06-17T09:52:28.134+0800][46.880s][info][gc             ] GC(1891) Pause Young (Allocation Failure) 35M->32M(57M) 2.281ms
[2026-06-17T09:52:28.134+0800][46.880s][info][gc,cpu         ] GC(1891) User=0.00s Sys=0.01s Real=0.00s
[2026-06-17T09:52:28.156+0800][46.902s][info][gc,start       ] GC(1892) Pause Young (Allocation Failure)
[2026-06-17T09:52:28.158+0800][46.903s][info][gc,heap        ] GC(1892) PSYoungGen: 11915K->3529K(14336K)
[2026-06-17T09:52:28.158+0800][46.904s][info][gc,heap        ] GC(1892) ParOldGen: 28404K->29986K(44032K)
[2026-06-17T09:52:28.159+0800][46.905s][info][gc,metaspace   ] GC(1892) Metaspace: 3162K(4864K)->3162K(4864K) NonClass: 2857K(4352K)->2857K(4352K) Class: 305K(512K)->305K(512K)
[2026-06-17T09:52:28.160+0800][46.906s][info][gc             ] GC(1892) Pause Young (Allocation Failure) 39M->32M(57M) 3.803ms
[2026-06-17T09:52:28.160+0800][46.906s][info][gc,cpu         ] GC(1892) User=0.00s Sys=0.00s Real=0.00s
[2026-06-17T09:52:28.182+0800][46.928s][info][gc,start       ] GC(1893) Pause Young (Allocation Failure)
[2026-06-17T09:52:28.183+0800][46.929s][info][gc,heap        ] GC(1893) PSYoungGen: 10693K->3386K(14336K)
[2026-06-17T09:52:28.184+0800][46.929s][info][gc,heap        ] GC(1893) ParOldGen: 29986K->29986K(44032K)
[2026-06-17T09:52:28.184+0800][46.930s][info][gc,metaspace   ] GC(1893) Metaspace: 3162K(4864K)->3162K(4864K) NonClass: 2857K(4352K)->2857K(4352K) Class: 305K(512K)->305K(512K)
[2026-06-17T09:52:28.184+0800][46.930s][info][gc             ] GC(1893) Pause Young (Allocation Failure) 39M->32M(57M) 2.462ms
[2026-06-17T09:52:28.184+0800][46.930s][info][gc,cpu         ] GC(1893) User=0.01s Sys=0.00s Real=0.01s
[2026-06-17T09:52:28.196+0800][46.941s][info][gc,start       ] GC(1894) Pause Young (Allocation Failure)
[2026-06-17T09:52:28.197+0800][46.943s][info][gc,heap        ] GC(1894) PSYoungGen: 10537K->1542K(14336K)
[2026-06-17T09:52:28.197+0800][46.943s][info][gc,heap        ] GC(1894) ParOldGen: 29986K->31971K(44032K)
[2026-06-17T09:52:28.197+0800][46.943s][info][gc,metaspace   ] GC(1894) Metaspace: 3162K(4864K)->3162K(4864K) NonClass: 2857K(4352K)->2857K(4352K) Class: 305K(512K)->305K(512K)
[2026-06-17T09:52:28.198+0800][46.944s][info][gc             ] GC(1894) Pause Young (Allocation Failure) 39M->32M(57M) 2.217ms
[2026-06-17T09:52:28.198+0800][46.944s][info][gc,cpu         ] GC(1894) User=0.00s Sys=0.00s Real=0.00s
[2026-06-17T09:52:28.220+0800][46.966s][info][gc,start       ] GC(1895) Pause Young (Allocation Failure)
[2026-06-17T09:52:28.222+0800][46.967s][info][gc,heap        ] GC(1895) PSYoungGen: 8710K->3742K(14336K)
[2026-06-17T09:52:28.223+0800][46.969s][info][gc,heap        ] GC(1895) ParOldGen: 31971K->33489K(44032K)
[2026-06-17T09:52:28.223+0800][46.969s][info][gc,metaspace   ] GC(1895) Metaspace: 3162K(4864K)->3162K(4864K) NonClass: 2857K(4352K)->2857K(4352K) Class: 305K(512K)->305K(512K)
[2026-06-17T09:52:28.224+0800][46.970s][info][gc             ] GC(1895) Pause Young (Allocation Failure) 39M->36M(57M) 4.056ms
[2026-06-17T09:52:28.224+0800][46.970s][info][gc,cpu         ] GC(1895) User=0.00s Sys=0.00s Real=0.01s
[2026-06-17T09:52:28.247+0800][46.993s][info][gc,start       ] GC(1896) Pause Young (Allocation Failure)
[2026-06-17T09:52:28.248+0800][46.994s][info][gc,heap        ] GC(1896) PSYoungGen: 10897K->3582K(14336K)
[2026-06-17T09:52:28.249+0800][46.995s][info][gc,heap        ] GC(1896) ParOldGen: 33489K->33861K(44032K)
[2026-06-17T09:52:28.249+0800][46.995s][info][gc,metaspace   ] GC(1896) Metaspace: 3162K(4864K)->3162K(4864K) NonClass: 2857K(4352K)->2857K(4352K) Class: 305K(512K)->305K(512K)
[2026-06-17T09:52:28.250+0800][46.995s][info][gc             ] GC(1896) Pause Young (Allocation Failure) 43M->36M(57M) 2.906ms
[2026-06-17T09:52:28.250+0800][46.996s][info][gc,cpu         ] GC(1896) User=0.00s Sys=0.00s Real=0.00s
[2026-06-17T09:52:28.272+0800][47.018s][info][gc,start       ] GC(1897) Pause Young (Allocation Failure)
[2026-06-17T09:52:28.273+0800][47.019s][info][gc,heap        ] GC(1897) PSYoungGen: 10748K->2189K(14848K)
[2026-06-17T09:52:28.273+0800][47.019s][info][gc,heap        ] GC(1897) ParOldGen: 33861K->35629K(44032K)
[2026-06-17T09:52:28.274+0800][47.020s][info][gc,metaspace   ] GC(1897) Metaspace: 3162K(4864K)->3162K(4864K) NonClass: 2857K(4352K)->2857K(4352K) Class: 305K(512K)->305K(512K)
[2026-06-17T09:52:28.274+0800][47.020s][info][gc             ] GC(1897) Pause Young (Allocation Failure) 43M->36M(57M) 2.543ms
[2026-06-17T09:52:28.275+0800][47.020s][info][gc,cpu         ] GC(1897) User=0.00s Sys=0.00s Real=0.00s
[2026-06-17T09:52:28.297+0800][47.042s][info][gc,start       ] GC(1898) Pause Young (Allocation Failure)
[2026-06-17T09:52:28.299+0800][47.044s][info][gc,heap        ] GC(1898) PSYoungGen: 10381K->3702K(14848K)
[2026-06-17T09:52:28.300+0800][47.045s][info][gc,heap        ] GC(1898) ParOldGen: 35629K->35629K(44032K)
[2026-06-17T09:52:28.301+0800][47.047s][info][gc,metaspace   ] GC(1898) Metaspace: 3162K(4864K)->3162K(4864K) NonClass: 2857K(4352K)->2857K(4352K) Class: 305K(512K)->305K(512K)
[2026-06-17T09:52:28.306+0800][47.051s][info][gc             ] GC(1898) Pause Young (Allocation Failure) 44M->38M(57M) 8.995ms
[2026-06-17T09:52:28.306+0800][47.052s][info][gc,cpu         ] GC(1898) User=0.01s Sys=0.00s Real=0.01s
[2026-06-17T09:52:28.317+0800][47.063s][info][gc,start       ] GC(1899) Pause Young (Allocation Failure)
[2026-06-17T09:52:28.318+0800][47.064s][info][gc,heap        ] GC(1899) PSYoungGen: 10814K->1857K(14848K)
[2026-06-17T09:52:28.318+0800][47.064s][info][gc,heap        ] GC(1899) ParOldGen: 35629K->37357K(44032K)
[2026-06-17T09:52:28.318+0800][47.064s][info][gc,metaspace   ] GC(1899) Metaspace: 3162K(4864K)->3162K(4864K) NonClass: 2857K(4352K)->2857K(4352K) Class: 305K(512K)->305K(512K)
[2026-06-17T09:52:28.319+0800][47.065s][info][gc             ] GC(1899) Pause Young (Allocation Failure) 45M->38M(57M) 1.428ms
[2026-06-17T09:52:28.319+0800][47.065s][info][gc,cpu         ] GC(1899) User=0.00s Sys=0.00s Real=0.00s
[2026-06-17T09:52:28.341+0800][47.087s][info][gc,start       ] GC(1900) Pause Young (Allocation Failure)
[2026-06-17T09:52:28.342+0800][47.088s][info][gc,heap        ] GC(1900) PSYoungGen: 10024K->4731K(14848K)
[2026-06-17T09:52:28.342+0800][47.088s][info][gc,heap        ] GC(1900) ParOldGen: 37357K->39190K(44032K)
[2026-06-17T09:52:28.343+0800][47.088s][info][gc,metaspace   ] GC(1900) Metaspace: 3162K(4864K)->3162K(4864K) NonClass: 2857K(4352K)->2857K(4352K) Class: 305K(512K)->305K(512K)
[2026-06-17T09:52:28.343+0800][47.089s][info][gc             ] GC(1900) Pause Young (Allocation Failure) 46M->42M(57M) 2.104ms
[2026-06-17T09:52:28.343+0800][47.089s][info][gc,cpu         ] GC(1900) User=0.00s Sys=0.00s Real=0.01s
[2026-06-17T09:52:28.364+0800][47.110s][info][gc,start       ] GC(1901) Pause Young (Allocation Failure)
[2026-06-17T09:52:28.366+0800][47.111s][info][gc,heap        ] GC(1901) PSYoungGen: 12912K->4391K(14848K)
[2026-06-17T09:52:28.366+0800][47.112s][info][gc,heap        ] GC(1901) ParOldGen: 39190K->40550K(44032K)
[2026-06-17T09:52:28.366+0800][47.112s][info][gc,metaspace   ] GC(1901) Metaspace: 3162K(4864K)->3162K(4864K) NonClass: 2857K(4352K)->2857K(4352K) Class: 305K(512K)->305K(512K)
[2026-06-17T09:52:28.367+0800][47.112s][info][gc             ] GC(1901) Pause Young (Allocation Failure) 50M->43M(57M) 2.186ms
[2026-06-17T09:52:28.367+0800][47.113s][info][gc,cpu         ] GC(1901) User=0.00s Sys=0.00s Real=0.00s
[2026-06-17T09:52:28.388+0800][47.134s][info][gc,start       ] GC(1902) Pause Young (Allocation Failure)
[2026-06-17T09:52:28.390+0800][47.136s][info][gc,heap        ] GC(1902) PSYoungGen: 12477K->2225K(14848K)
[2026-06-17T09:52:28.390+0800][47.136s][info][gc,heap        ] GC(1902) ParOldGen: 40550K->40550K(44032K)
[2026-06-17T09:52:28.391+0800][47.137s][info][gc,metaspace   ] GC(1902) Metaspace: 3162K(4864K)->3162K(4864K) NonClass: 2857K(4352K)->2857K(4352K) Class: 305K(512K)->305K(512K)
[2026-06-17T09:52:28.392+0800][47.138s][info][gc             ] GC(1902) Pause Young (Allocation Failure) 51M->41M(57M) 3.820ms
[2026-06-17T09:52:28.393+0800][47.139s][info][gc,cpu         ] GC(1902) User=0.01s Sys=0.00s Real=0.01s
[2026-06-17T09:52:28.415+0800][47.161s][info][gc,start       ] GC(1903) Pause Young (Allocation Failure)
[2026-06-17T09:52:28.419+0800][47.165s][info][gc,heap        ] GC(1903) PSYoungGen: 10404K->6536K(13824K)
[2026-06-17T09:52:28.422+0800][47.168s][info][gc,heap        ] GC(1903) ParOldGen: 40550K->41014K(44032K)
[2026-06-17T09:52:28.425+0800][47.171s][info][gc,metaspace   ] GC(1903) Metaspace: 3162K(4864K)->3162K(4864K) NonClass: 2857K(4352K)->2857K(4352K) Class: 305K(512K)->305K(512K)
[2026-06-17T09:52:28.427+0800][47.172s][info][gc             ] GC(1903) Pause Young (Allocation Failure) 49M->46M(56M) 11.244ms
[2026-06-17T09:52:28.427+0800][47.173s][info][gc,cpu         ] GC(1903) User=0.00s Sys=0.00s Real=0.01s
[2026-06-17T09:52:28.450+0800][47.195s][info][gc,start       ] GC(1904) Pause Young (Allocation Failure)
[2026-06-17T09:52:28.451+0800][47.197s][info][gc,heap        ] GC(1904) PSYoungGen: 13673K->5099K(14336K)
[2026-06-17T09:52:28.451+0800][47.197s][info][gc,heap        ] GC(1904) ParOldGen: 41014K->42719K(44032K)
[2026-06-17T09:52:28.453+0800][47.198s][info][gc,metaspace   ] GC(1904) Metaspace: 3162K(4864K)->3162K(4864K) NonClass: 2857K(4352K)->2857K(4352K) Class: 305K(512K)->305K(512K)
[2026-06-17T09:52:28.453+0800][47.199s][info][gc             ] GC(1904) Pause Young (Allocation Failure) 53M->46M(57M) 3.384ms
[2026-06-17T09:52:28.454+0800][47.200s][info][gc,cpu         ] GC(1904) User=0.00s Sys=0.00s Real=0.01s
[2026-06-17T09:52:28.455+0800][47.201s][info][gc,start       ] GC(1905) Pause Full (Ergonomics)
[2026-06-17T09:52:28.456+0800][47.201s][info][gc,phases,start] GC(1905) Marking Phase
[2026-06-17T09:52:28.457+0800][47.202s][info][gc,phases      ] GC(1905) Marking Phase 1.021ms
[2026-06-17T09:52:28.459+0800][47.205s][info][gc,phases,start] GC(1905) Summary Phase
[2026-06-17T09:52:28.459+0800][47.205s][info][gc,phases      ] GC(1905) Summary Phase 0.216ms
[2026-06-17T09:52:28.459+0800][47.205s][info][gc,phases,start] GC(1905) Adjust Roots
[2026-06-17T09:52:28.459+0800][47.205s][info][gc,phases      ] GC(1905) Adjust Roots 0.282ms
[2026-06-17T09:52:28.460+0800][47.205s][info][gc,phases,start] GC(1905) Compaction Phase
[2026-06-17T09:52:28.462+0800][47.207s][info][gc,phases      ] GC(1905) Compaction Phase 1.936ms
[2026-06-17T09:52:28.462+0800][47.208s][info][gc,phases,start] GC(1905) Post Compact
[2026-06-17T09:52:28.467+0800][47.213s][info][gc,phases      ] GC(1905) Post Compact 5.001ms
[2026-06-17T09:52:28.471+0800][47.217s][info][gc,heap        ] GC(1905) PSYoungGen: 5099K->0K(14336K)
[2026-06-17T09:52:28.471+0800][47.217s][info][gc,heap        ] GC(1905) ParOldGen: 42719K->25117K(44032K)
[2026-06-17T09:52:28.472+0800][47.218s][info][gc,metaspace   ] GC(1905) Metaspace: 3162K(4864K)->3162K(4864K) NonClass: 2857K(4352K)->2857K(4352K) Class: 305K(512K)->305K(512K)
[2026-06-17T09:52:28.472+0800][47.218s][info][gc             ] GC(1905) Pause Full (Ergonomics) 46M->24M(57M) 17.227ms
[2026-06-17T09:52:28.474+0800][47.220s][info][gc,cpu         ] GC(1905) User=0.00s Sys=0.00s Real=0.02s
[2026-06-17T09:52:28.497+0800][47.242s][info][gc,start       ] GC(1906) Pause Young (Allocation Failure)
[2026-06-17T09:52:28.498+0800][47.243s][info][gc,heap        ] GC(1906) PSYoungGen: 7145K->3813K(14336K)
[2026-06-17T09:52:28.498+0800][47.244s][info][gc,heap        ] GC(1906) ParOldGen: 25117K->25117K(44032K)
[2026-06-17T09:52:28.499+0800][47.244s][info][gc,metaspace   ] GC(1906) Metaspace: 3162K(4864K)->3162K(4864K) NonClass: 2857K(4352K)->2857K(4352K) Class: 305K(512K)->305K(512K)
[2026-06-17T09:52:28.499+0800][47.245s][info][gc             ] GC(1906) Pause Young (Allocation Failure) 31M->28M(57M) 2.360ms
[2026-06-17T09:52:28.499+0800][47.245s][info][gc,cpu         ] GC(1906) User=0.00s Sys=0.00s Real=0.00s
[2026-06-17T09:52:28.521+0800][47.267s][info][gc,start       ] GC(1907) Pause Young (Allocation Failure)
[2026-06-17T09:52:28.522+0800][47.268s][info][gc,heap        ] GC(1907) PSYoungGen: 10971K->4472K(14336K)
[2026-06-17T09:52:28.522+0800][47.268s][info][gc,heap        ] GC(1907) ParOldGen: 25117K->25117K(44032K)
[2026-06-17T09:52:28.523+0800][47.269s][info][gc,metaspace   ] GC(1907) Metaspace: 3162K(4864K)->3162K(4864K) NonClass: 2857K(4352K)->2857K(4352K) Class: 305K(512K)->305K(512K)
[2026-06-17T09:52:28.523+0800][47.269s][info][gc             ] GC(1907) Pause Young (Allocation Failure) 35M->28M(57M) 2.341ms
[2026-06-17T09:52:28.523+0800][47.269s][info][gc,cpu         ] GC(1907) User=0.00s Sys=0.00s Real=0.01s
[2026-06-17T09:52:28.535+0800][47.280s][info][gc,start       ] GC(1908) Pause Young (Allocation Failure)
[2026-06-17T09:52:28.536+0800][47.282s][info][gc,heap        ] GC(1908) PSYoungGen: 11636K->4894K(14336K)
[2026-06-17T09:52:28.536+0800][47.282s][info][gc,heap        ] GC(1908) ParOldGen: 25117K->25117K(44032K)
[2026-06-17T09:52:28.537+0800][47.283s][info][gc,metaspace   ] GC(1908) Metaspace: 3162K(4864K)->3162K(4864K) NonClass: 2857K(4352K)->2857K(4352K) Class: 305K(512K)->305K(512K)
[2026-06-17T09:52:28.537+0800][47.283s][info][gc             ] GC(1908) Pause Young (Allocation Failure) 35M->29M(57M) 2.556ms
[2026-06-17T09:52:28.538+0800][47.283s][info][gc,cpu         ] GC(1908) User=0.00s Sys=0.00s Real=0.00s
[2026-06-17T09:52:28.559+0800][47.305s][info][gc,start       ] GC(1909) Pause Young (Allocation Failure)
[2026-06-17T09:52:28.562+0800][47.308s][info][gc,heap        ] GC(1909) PSYoungGen: 12062K->7064K(14336K)
[2026-06-17T09:52:28.571+0800][47.317s][info][gc,heap        ] GC(1909) ParOldGen: 25117K->26570K(44032K)
[2026-06-17T09:52:28.581+0800][47.327s][info][gc,metaspace   ] GC(1909) Metaspace: 3162K(4864K)->3162K(4864K) NonClass: 2857K(4352K)->2857K(4352K) Class: 305K(512K)->305K(512K)
[2026-06-17T09:52:28.587+0800][47.333s][info][gc             ] GC(1909) Pause Young (Allocation Failure) 36M->32M(57M) 27.813ms
[2026-06-17T09:52:28.589+0800][47.335s][info][gc,cpu         ] GC(1909) User=0.00s Sys=0.00s Real=0.03s
[2026-06-17T09:52:28.603+0800][47.349s][info][gc,start       ] GC(1910) Pause Young (Allocation Failure)
[2026-06-17T09:52:28.607+0800][47.353s][info][gc,heap        ] GC(1910) PSYoungGen: 14141K->3574K(14336K)
[2026-06-17T09:52:28.610+0800][47.356s][info][gc,heap        ] GC(1910) ParOldGen: 26570K->29953K(44032K)
[2026-06-17T09:52:28.613+0800][47.359s][info][gc,metaspace   ] GC(1910) Metaspace: 3162K(4864K)->3162K(4864K) NonClass: 2857K(4352K)->2857K(4352K) Class: 305K(512K)->305K(512K)
[2026-06-17T09:52:28.614+0800][47.360s][info][gc             ] GC(1910) Pause Young (Allocation Failure) 39M->32M(57M) 11.076ms
[2026-06-17T09:52:28.614+0800][47.360s][info][gc,cpu         ] GC(1910) User=0.01s Sys=0.00s Real=0.01s
[2026-06-17T09:52:28.635+0800][47.381s][info][gc,start       ] GC(1911) Pause Young (Allocation Failure)
[2026-06-17T09:52:28.645+0800][47.391s][info][gc,heap        ] GC(1911) PSYoungGen: 10703K->6450K(14336K)
[2026-06-17T09:52:28.647+0800][47.393s][info][gc,heap        ] GC(1911) ParOldGen: 29953K->30865K(44032K)
[2026-06-17T09:52:28.649+0800][47.395s][info][gc,metaspace   ] GC(1911) Metaspace: 3162K(4864K)->3162K(4864K) NonClass: 2857K(4352K)->2857K(4352K) Class: 305K(512K)->305K(512K)
[2026-06-17T09:52:28.650+0800][47.396s][info][gc             ] GC(1911) Pause Young (Allocation Failure) 39M->36M(57M) 14.872ms
[2026-06-17T09:52:28.652+0800][47.398s][info][gc,cpu         ] GC(1911) User=0.00s Sys=0.00s Real=0.02s
[2026-06-17T09:52:28.675+0800][47.420s][info][gc,start       ] GC(1912) Pause Young (Allocation Failure)
[2026-06-17T09:52:28.677+0800][47.422s][info][gc,heap        ] GC(1912) PSYoungGen: 13582K->4041K(14336K)
[2026-06-17T09:52:28.681+0800][47.427s][info][gc,heap        ] GC(1912) ParOldGen: 30865K->33729K(44032K)
[2026-06-17T09:52:28.683+0800][47.429s][info][gc,metaspace   ] GC(1912) Metaspace: 3162K(4864K)->3162K(4864K) NonClass: 2857K(4352K)->2857K(4352K) Class: 305K(512K)->305K(512K)
[2026-06-17T09:52:28.684+0800][47.430s][info][gc             ] GC(1912) Pause Young (Allocation Failure) 43M->36M(57M) 9.168ms
[2026-06-17T09:52:28.685+0800][47.431s][info][gc,cpu         ] GC(1912) User=0.00s Sys=0.00s Real=0.01s
[2026-06-17T09:52:28.708+0800][47.453s][info][gc,start       ] GC(1913) Pause Young (Allocation Failure)
[2026-06-17T09:52:28.716+0800][47.462s][info][gc,heap        ] GC(1913) PSYoungGen: 11162K->2075K(14336K)
[2026-06-17T09:52:28.721+0800][47.467s][info][gc,heap        ] GC(1913) ParOldGen: 33729K->36000K(44032K)
[2026-06-17T09:52:28.725+0800][47.471s][info][gc,metaspace   ] GC(1913) Metaspace: 3162K(4864K)->3162K(4864K) NonClass: 2857K(4352K)->2857K(4352K) Class: 305K(512K)->305K(512K)
[2026-06-17T09:52:28.726+0800][47.472s][info][gc             ] GC(1913) Pause Young (Allocation Failure) 43M->37M(57M) 18.623ms
[2026-06-17T09:52:28.728+0800][47.474s][info][gc,cpu         ] GC(1913) User=0.00s Sys=0.00s Real=0.02s
[2026-06-17T09:52:28.751+0800][47.497s][info][gc,start       ] GC(1914) Pause Young (Allocation Failure)
[2026-06-17T09:52:28.752+0800][47.498s][info][gc,heap        ] GC(1914) PSYoungGen: 9230K->2401K(14336K)
[2026-06-17T09:52:28.754+0800][47.500s][info][gc,heap        ] GC(1914) ParOldGen: 36000K->36000K(44032K)
[2026-06-17T09:52:28.757+0800][47.503s][info][gc,metaspace   ] GC(1914) Metaspace: 3162K(4864K)->3162K(4864K) NonClass: 2857K(4352K)->2857K(4352K) Class: 305K(512K)->305K(512K)
[2026-06-17T09:52:28.759+0800][47.505s][info][gc             ] GC(1914) Pause Young (Allocation Failure) 44M->37M(57M) 8.597ms
[2026-06-17T09:52:28.761+0800][47.507s][info][gc,cpu         ] GC(1914) User=0.00s Sys=0.00s Real=0.00s
[2026-06-17T09:52:28.775+0800][47.520s][info][gc,start       ] GC(1915) Pause Young (Allocation Failure)
[2026-06-17T09:52:28.777+0800][47.523s][info][gc,heap        ] GC(1915) PSYoungGen: 9350K->873K(14336K)
[2026-06-17T09:52:28.780+0800][47.526s][info][gc,heap        ] GC(1915) ParOldGen: 36000K->37901K(44032K)
[2026-06-17T09:52:28.783+0800][47.529s][info][gc,metaspace   ] GC(1915) Metaspace: 3162K(4864K)->3162K(4864K) NonClass: 2857K(4352K)->2857K(4352K) Class: 305K(512K)->305K(512K)
[2026-06-17T09:52:28.784+0800][47.530s][info][gc             ] GC(1915) Pause Young (Allocation Failure) 44M->37M(57M) 9.327ms
[2026-06-17T09:52:28.784+0800][47.530s][info][gc,cpu         ] GC(1915) User=0.01s Sys=0.00s Real=0.01s
[2026-06-17T09:52:28.806+0800][47.552s][info][gc,start       ] GC(1916) Pause Young (Allocation Failure)
[2026-06-17T09:52:28.807+0800][47.553s][info][gc,heap        ] GC(1916) PSYoungGen: 8034K->3621K(14336K)
[2026-06-17T09:52:28.807+0800][47.553s][info][gc,heap        ] GC(1916) ParOldGen: 37901K->38750K(44032K)
[2026-06-17T09:52:28.808+0800][47.553s][info][gc,metaspace   ] GC(1916) Metaspace: 3162K(4864K)->3162K(4864K) NonClass: 2857K(4352K)->2857K(4352K) Class: 305K(512K)->305K(512K)
[2026-06-17T09:52:28.808+0800][47.554s][info][gc             ] GC(1916) Pause Young (Allocation Failure) 44M->41M(57M) 2.016ms
[2026-06-17T09:52:28.808+0800][47.554s][info][gc,cpu         ] GC(1916) User=0.00s Sys=0.00s Real=0.00s
[2026-06-17T09:52:28.829+0800][47.575s][info][gc,start       ] GC(1917) Pause Young (Allocation Failure)
[2026-06-17T09:52:28.831+0800][47.577s][info][gc,heap        ] GC(1917) PSYoungGen: 10770K->3110K(14336K)
[2026-06-17T09:52:28.831+0800][47.577s][info][gc,heap        ] GC(1917) ParOldGen: 38750K->39649K(44032K)
[2026-06-17T09:52:28.832+0800][47.577s][info][gc,metaspace   ] GC(1917) Metaspace: 3162K(4864K)->3162K(4864K) NonClass: 2857K(4352K)->2857K(4352K) Class: 305K(512K)->305K(512K)
[2026-06-17T09:52:28.832+0800][47.578s][info][gc             ] GC(1917) Pause Young (Allocation Failure) 48M->41M(57M) 2.544ms
[2026-06-17T09:52:28.832+0800][47.578s][info][gc,cpu         ] GC(1917) User=0.00s Sys=0.00s Real=0.01s
[2026-06-17T09:52:28.854+0800][47.600s][info][gc,start       ] GC(1918) Pause Young (Allocation Failure)
[2026-06-17T09:52:28.855+0800][47.601s][info][gc,heap        ] GC(1918) PSYoungGen: 10221K->1702K(14336K)
[2026-06-17T09:52:28.856+0800][47.601s][info][gc,heap        ] GC(1918) ParOldGen: 39649K->41155K(44032K)
[2026-06-17T09:52:28.856+0800][47.602s][info][gc,metaspace   ] GC(1918) Metaspace: 3162K(4864K)->3162K(4864K) NonClass: 2857K(4352K)->2857K(4352K) Class: 305K(512K)->305K(512K)
[2026-06-17T09:52:28.856+0800][47.602s][info][gc             ] GC(1918) Pause Young (Allocation Failure) 48M->41M(57M) 2.504ms
[2026-06-17T09:52:28.857+0800][47.603s][info][gc,cpu         ] GC(1918) User=0.00s Sys=0.00s Real=0.00s
[2026-06-17T09:52:28.857+0800][47.603s][info][gc,start       ] GC(1919) Pause Full (Ergonomics)
[2026-06-17T09:52:28.857+0800][47.603s][info][gc,phases,start] GC(1919) Marking Phase
[2026-06-17T09:52:28.859+0800][47.605s][info][gc,phases      ] GC(1919) Marking Phase 1.969ms
[2026-06-17T09:52:28.860+0800][47.606s][info][gc,phases,start] GC(1919) Summary Phase
[2026-06-17T09:52:28.860+0800][47.606s][info][gc,phases      ] GC(1919) Summary Phase 0.375ms
[2026-06-17T09:52:28.861+0800][47.606s][info][gc,phases,start] GC(1919) Adjust Roots
[2026-06-17T09:52:28.861+0800][47.607s][info][gc,phases      ] GC(1919) Adjust Roots 0.415ms
[2026-06-17T09:52:28.861+0800][47.607s][info][gc,phases,start] GC(1919) Compaction Phase
[2026-06-17T09:52:28.863+0800][47.609s][info][gc,phases      ] GC(1919) Compaction Phase 2.039ms
[2026-06-17T09:52:28.864+0800][47.610s][info][gc,phases,start] GC(1919) Post Compact
[2026-06-17T09:52:28.864+0800][47.610s][info][gc,phases      ] GC(1919) Post Compact 0.288ms
[2026-06-17T09:52:28.864+0800][47.610s][info][gc,heap        ] GC(1919) PSYoungGen: 1702K->0K(14336K)
[2026-06-17T09:52:28.865+0800][47.610s][info][gc,heap        ] GC(1919) ParOldGen: 41155K->30239K(44032K)
[2026-06-17T09:52:28.865+0800][47.611s][info][gc,metaspace   ] GC(1919) Metaspace: 3162K(4864K)->3162K(4864K) NonClass: 2857K(4352K)->2857K(4352K) Class: 305K(512K)->305K(512K)
[2026-06-17T09:52:28.865+0800][47.611s][info][gc             ] GC(1919) Pause Full (Ergonomics) 41M->29M(57M) 8.167ms
[2026-06-17T09:52:28.865+0800][47.611s][info][gc,cpu         ] GC(1919) User=0.01s Sys=0.00s Real=0.01s
[2026-06-17T09:52:28.877+0800][47.622s][info][gc,start       ] GC(1920) Pause Young (Allocation Failure)
[2026-06-17T09:52:28.878+0800][47.624s][info][gc,heap        ] GC(1920) PSYoungGen: 7162K->7153K(14336K)
[2026-06-17T09:52:28.878+0800][47.624s][info][gc,heap        ] GC(1920) ParOldGen: 30239K->30289K(44032K)
[2026-06-17T09:52:28.879+0800][47.625s][info][gc,metaspace   ] GC(1920) Metaspace: 3162K(4864K)->3162K(4864K) NonClass: 2857K(4352K)->2857K(4352K) Class: 305K(512K)->305K(512K)
[2026-06-17T09:52:28.879+0800][47.625s][info][gc             ] GC(1920) Pause Young (Allocation Failure) 36M->36M(57M) 2.400ms
[2026-06-17T09:52:28.879+0800][47.625s][info][gc,cpu         ] GC(1920) User=0.00s Sys=0.00s Real=0.00s
[2026-06-17T09:52:28.901+0800][47.647s][info][gc,start       ] GC(1921) Pause Young (Allocation Failure)
[2026-06-17T09:52:28.903+0800][47.649s][info][gc,heap        ] GC(1921) PSYoungGen: 14321K->3660K(14336K)
[2026-06-17T09:52:28.903+0800][47.649s][info][gc,heap        ] GC(1921) ParOldGen: 30289K->33911K(44032K)
[2026-06-17T09:52:28.904+0800][47.649s][info][gc,metaspace   ] GC(1921) Metaspace: 3162K(4864K)->3162K(4864K) NonClass: 2857K(4352K)->2857K(4352K) Class: 305K(512K)->305K(512K)
[2026-06-17T09:52:28.904+0800][47.650s][info][gc             ] GC(1921) Pause Young (Allocation Failure) 43M->36M(57M) 3.221ms
[2026-06-17T09:52:28.904+0800][47.650s][info][gc,cpu         ] GC(1921) User=0.01s Sys=0.00s Real=0.01s
[2026-06-17T09:52:28.926+0800][47.672s][info][gc,start       ] GC(1922) Pause Young (Allocation Failure)
[2026-06-17T09:52:28.928+0800][47.673s][info][gc,heap        ] GC(1922) PSYoungGen: 10828K->2394K(14336K)
[2026-06-17T09:52:28.928+0800][47.674s][info][gc,heap        ] GC(1922) ParOldGen: 33911K->34859K(44032K)
[2026-06-17T09:52:28.928+0800][47.674s][info][gc,metaspace   ] GC(1922) Metaspace: 3166K(4864K)->3166K(4864K) NonClass: 2861K(4352K)->2861K(4352K) Class: 305K(512K)->305K(512K)
[2026-06-17T09:52:28.929+0800][47.675s][info][gc             ] GC(1922) Pause Young (Allocation Failure) 43M->36M(57M) 2.665ms
[2026-06-17T09:52:28.929+0800][47.675s][info][gc,cpu         ] GC(1922) User=0.00s Sys=0.00s Real=0.00s
[2026-06-17T09:52:28.940+0800][47.686s][info][gc,start       ] GC(1923) Pause Young (Allocation Failure)
[2026-06-17T09:52:28.942+0800][47.688s][info][gc,heap        ] GC(1923) PSYoungGen: 9337K->303K(14336K)
[2026-06-17T09:52:28.942+0800][47.688s][info][gc,heap        ] GC(1923) ParOldGen: 34859K->36808K(44032K)
[2026-06-17T09:52:28.943+0800][47.689s][info][gc,metaspace   ] GC(1923) Metaspace: 3166K(4864K)->3166K(4864K) NonClass: 2861K(4352K)->2861K(4352K) Class: 305K(512K)->305K(512K)
[2026-06-17T09:52:28.943+0800][47.689s][info][gc             ] GC(1923) Pause Young (Allocation Failure) 43M->36M(57M) 2.687ms
[2026-06-17T09:52:28.944+0800][47.689s][info][gc,cpu         ] GC(1923) User=0.01s Sys=0.00s Real=0.01s
[2026-06-17T09:52:28.965+0800][47.711s][info][gc,start       ] GC(1924) Pause Young (Allocation Failure)
[2026-06-17T09:52:28.967+0800][47.713s][info][gc,heap        ] GC(1924) PSYoungGen: 7457K->3578K(14336K)
[2026-06-17T09:52:28.967+0800][47.713s][info][gc,heap        ] GC(1924) ParOldGen: 36808K->37087K(44032K)
[2026-06-17T09:52:28.969+0800][47.714s][info][gc,metaspace   ] GC(1924) Metaspace: 3166K(4864K)->3166K(4864K) NonClass: 2861K(4352K)->2861K(4352K) Class: 305K(512K)->305K(512K)
[2026-06-17T09:52:28.969+0800][47.715s][info][gc             ] GC(1924) Pause Young (Allocation Failure) 43M->39M(57M) 3.770ms
[2026-06-17T09:52:28.969+0800][47.715s][info][gc,cpu         ] GC(1924) User=0.00s Sys=0.00s Real=0.00s
[2026-06-17T09:52:28.991+0800][47.737s][info][gc,start       ] GC(1925) Pause Young (Allocation Failure)
[2026-06-17T09:52:28.993+0800][47.739s][info][gc,heap        ] GC(1925) PSYoungGen: 10720K->2122K(14336K)
[2026-06-17T09:52:28.994+0800][47.740s][info][gc,heap        ] GC(1925) ParOldGen: 37087K->38793K(44032K)
[2026-06-17T09:52:28.994+0800][47.740s][info][gc,metaspace   ] GC(1925) Metaspace: 3166K(4864K)->3166K(4864K) NonClass: 2861K(4352K)->2861K(4352K) Class: 305K(512K)->305K(512K)
[2026-06-17T09:52:28.995+0800][47.740s][info][gc             ] GC(1925) Pause Young (Allocation Failure) 46M->39M(57M) 3.352ms
[2026-06-17T09:52:28.995+0800][47.741s][info][gc,cpu         ] GC(1925) User=0.00s Sys=0.00s Real=0.00s
[2026-06-17T09:52:29.017+0800][47.762s][info][gc,start       ] GC(1926) Pause Young (Allocation Failure)
[2026-06-17T09:52:29.018+0800][47.764s][info][gc,heap        ] GC(1926) PSYoungGen: 9248K->989K(14336K)
[2026-06-17T09:52:29.018+0800][47.764s][info][gc,heap        ] GC(1926) ParOldGen: 38793K->40456K(44032K)
[2026-06-17T09:52:29.019+0800][47.765s][info][gc,metaspace   ] GC(1926) Metaspace: 3166K(4864K)->3166K(4864K) NonClass: 2861K(4352K)->2861K(4352K) Class: 305K(512K)->305K(512K)
[2026-06-17T09:52:29.019+0800][47.765s][info][gc             ] GC(1926) Pause Young (Allocation Failure) 46M->40M(57M) 2.626ms
[2026-06-17T09:52:29.020+0800][47.765s][info][gc,cpu         ] GC(1926) User=0.00s Sys=0.00s Real=0.00s
[2026-06-17T09:52:29.031+0800][47.777s][info][gc,start       ] GC(1927) Pause Young (Allocation Failure)
[2026-06-17T09:52:29.033+0800][47.778s][info][gc,heap        ] GC(1927) PSYoungGen: 8109K->4878K(14336K)
[2026-06-17T09:52:29.033+0800][47.779s][info][gc,heap        ] GC(1927) ParOldGen: 40456K->40456K(44032K)
[2026-06-17T09:52:29.033+0800][47.779s][info][gc,metaspace   ] GC(1927) Metaspace: 3166K(4864K)->3166K(4864K) NonClass: 2861K(4352K)->2861K(4352K) Class: 305K(512K)->305K(512K)
[2026-06-17T09:52:29.034+0800][47.779s][info][gc             ] GC(1927) Pause Young (Allocation Failure) 47M->44M(57M) 2.573ms
[2026-06-17T09:52:29.034+0800][47.780s][info][gc,cpu         ] GC(1927) User=0.00s Sys=0.00s Real=0.00s
[2026-06-17T09:52:29.056+0800][47.802s][info][gc,start       ] GC(1928) Pause Young (Allocation Failure)
[2026-06-17T09:52:29.058+0800][47.804s][info][gc,heap        ] GC(1928) PSYoungGen: 12038K->3000K(14336K)
[2026-06-17T09:52:29.058+0800][47.804s][info][gc,heap        ] GC(1928) ParOldGen: 40456K->42411K(44032K)
[2026-06-17T09:52:29.059+0800][47.804s][info][gc,metaspace   ] GC(1928) Metaspace: 3166K(4864K)->3166K(4864K) NonClass: 2861K(4352K)->2861K(4352K) Class: 305K(512K)->305K(512K)
[2026-06-17T09:52:29.059+0800][47.805s][info][gc             ] GC(1928) Pause Young (Allocation Failure) 51M->44M(57M) 3.463ms
[2026-06-17T09:52:29.060+0800][47.806s][info][gc,cpu         ] GC(1928) User=0.00s Sys=0.00s Real=0.00s
[2026-06-17T09:52:29.060+0800][47.806s][info][gc,start       ] GC(1929) Pause Full (Ergonomics)
[2026-06-17T09:52:29.061+0800][47.807s][info][gc,phases,start] GC(1929) Marking Phase
[2026-06-17T09:52:29.063+0800][47.809s][info][gc,phases      ] GC(1929) Marking Phase 2.196ms
[2026-06-17T09:52:29.064+0800][47.809s][info][gc,phases,start] GC(1929) Summary Phase
[2026-06-17T09:52:29.064+0800][47.810s][info][gc,phases      ] GC(1929) Summary Phase 0.310ms
[2026-06-17T09:52:29.064+0800][47.810s][info][gc,phases,start] GC(1929) Adjust Roots
[2026-06-17T09:52:29.065+0800][47.811s][info][gc,phases      ] GC(1929) Adjust Roots 0.513ms
[2026-06-17T09:52:29.065+0800][47.811s][info][gc,phases,start] GC(1929) Compaction Phase
[2026-06-17T09:52:29.067+0800][47.813s][info][gc,phases      ] GC(1929) Compaction Phase 2.467ms
[2026-06-17T09:52:29.068+0800][47.814s][info][gc,phases,start] GC(1929) Post Compact
[2026-06-17T09:52:29.068+0800][47.814s][info][gc,phases      ] GC(1929) Post Compact 0.395ms
[2026-06-17T09:52:29.069+0800][47.814s][info][gc,heap        ] GC(1929) PSYoungGen: 3000K->0K(14336K)
[2026-06-17T09:52:29.069+0800][47.815s][info][gc,heap        ] GC(1929) ParOldGen: 42411K->32425K(44032K)
[2026-06-17T09:52:29.069+0800][47.815s][info][gc,metaspace   ] GC(1929) Metaspace: 3166K(4864K)->3166K(4864K) NonClass: 2861K(4352K)->2861K(4352K) Class: 305K(512K)->305K(512K)
[2026-06-17T09:52:29.069+0800][47.815s][info][gc             ] GC(1929) Pause Full (Ergonomics) 44M->31M(57M) 9.164ms
[2026-06-17T09:52:29.069+0800][47.815s][info][gc,cpu         ] GC(1929) User=0.01s Sys=0.00s Real=0.01s
[2026-06-17T09:52:29.091+0800][47.837s][info][gc,start       ] GC(1930) Pause Young (Allocation Failure)
[2026-06-17T09:52:29.092+0800][47.838s][info][gc,heap        ] GC(1930) PSYoungGen: 7137K->3472K(14336K)
[2026-06-17T09:52:29.093+0800][47.839s][info][gc,heap        ] GC(1930) ParOldGen: 32425K->32425K(44032K)
[2026-06-17T09:52:29.093+0800][47.839s][info][gc,metaspace   ] GC(1930) Metaspace: 3166K(4864K)->3166K(4864K) NonClass: 2861K(4352K)->2861K(4352K) Class: 305K(512K)->305K(512K)
[2026-06-17T09:52:29.094+0800][47.839s][info][gc             ] GC(1930) Pause Young (Allocation Failure) 38M->35M(57M) 2.600ms
[2026-06-17T09:52:29.094+0800][47.840s][info][gc,cpu         ] GC(1930) User=0.00s Sys=0.00s Real=0.00s
[2026-06-17T09:52:29.105+0800][47.851s][info][gc,start       ] GC(1931) Pause Young (Allocation Failure)
[2026-06-17T09:52:29.106+0800][47.852s][info][gc,heap        ] GC(1931) PSYoungGen: 10535K->1557K(14336K)
[2026-06-17T09:52:29.107+0800][47.853s][info][gc,heap        ] GC(1931) ParOldGen: 32425K->34498K(44032K)
[2026-06-17T09:52:29.108+0800][47.853s][info][gc,metaspace   ] GC(1931) Metaspace: 3166K(4864K)->3166K(4864K) NonClass: 2861K(4352K)->2861K(4352K) Class: 305K(512K)->305K(512K)
[2026-06-17T09:52:29.108+0800][47.854s][info][gc             ] GC(1931) Pause Young (Allocation Failure) 41M->35M(57M) 2.891ms
[2026-06-17T09:52:29.109+0800][47.855s][info][gc,cpu         ] GC(1931) User=0.01s Sys=0.00s Real=0.00s
[2026-06-17T09:52:29.131+0800][47.876s][info][gc,start       ] GC(1932) Pause Young (Allocation Failure)
[2026-06-17T09:52:29.132+0800][47.878s][info][gc,heap        ] GC(1932) PSYoungGen: 8719K->3568K(14336K)
[2026-06-17T09:52:29.133+0800][47.879s][info][gc,heap        ] GC(1932) ParOldGen: 34498K->36031K(44032K)
[2026-06-17T09:52:29.135+0800][47.881s][info][gc,metaspace   ] GC(1932) Metaspace: 3166K(4864K)->3166K(4864K) NonClass: 2861K(4352K)->2861K(4352K) Class: 305K(512K)->305K(512K)
[2026-06-17T09:52:29.137+0800][47.883s][info][gc             ] GC(1932) Pause Young (Allocation Failure) 42M->38M(57M) 6.604ms
[2026-06-17T09:52:29.138+0800][47.884s][info][gc,cpu         ] GC(1932) User=0.00s Sys=0.00s Real=0.00s
[2026-06-17T09:52:29.151+0800][47.896s][info][gc,start       ] GC(1933) Pause Young (Allocation Failure)
[2026-06-17T09:52:29.152+0800][47.898s][info][gc,heap        ] GC(1933) PSYoungGen: 10426K->1529K(14848K)
[2026-06-17T09:52:29.152+0800][47.898s][info][gc,heap        ] GC(1933) ParOldGen: 36031K->37792K(44032K)
[2026-06-17T09:52:29.153+0800][47.899s][info][gc,metaspace   ] GC(1933) Metaspace: 3166K(4864K)->3166K(4864K) NonClass: 2861K(4352K)->2861K(4352K) Class: 305K(512K)->305K(512K)
[2026-06-17T09:52:29.153+0800][47.899s][info][gc             ] GC(1933) Pause Young (Allocation Failure) 45M->38M(57M) 2.474ms
[2026-06-17T09:52:29.153+0800][47.899s][info][gc,cpu         ] GC(1933) User=0.00s Sys=0.00s Real=0.00s
[2026-06-17T09:52:29.186+0800][47.932s][info][gc,start       ] GC(1934) Pause Young (Allocation Failure)
[2026-06-17T09:52:29.188+0800][47.934s][info][gc,heap        ] GC(1934) PSYoungGen: 9721K->1373K(14848K)
[2026-06-17T09:52:29.189+0800][47.935s][info][gc,heap        ] GC(1934) ParOldGen: 37792K->39297K(44032K)
[2026-06-17T09:52:29.190+0800][47.935s][info][gc,metaspace   ] GC(1934) Metaspace: 3166K(4864K)->3166K(4864K) NonClass: 2861K(4352K)->2861K(4352K) Class: 305K(512K)->305K(512K)
[2026-06-17T09:52:29.190+0800][47.936s][info][gc             ] GC(1934) Pause Young (Allocation Failure) 46M->39M(57M) 4.421ms
[2026-06-17T09:52:29.191+0800][47.937s][info][gc,cpu         ] GC(1934) User=0.00s Sys=0.00s Real=0.01s
[2026-06-17T09:52:29.204+0800][47.949s][info][gc,start       ] GC(1935) Pause Young (Allocation Failure)
[2026-06-17T09:52:29.206+0800][47.952s][info][gc,heap        ] GC(1935) PSYoungGen: 9521K->5130K(13824K)
[2026-06-17T09:52:29.207+0800][47.952s][info][gc,heap        ] GC(1935) ParOldGen: 39297K->40332K(44032K)
[2026-06-17T09:52:29.207+0800][47.953s][info][gc,metaspace   ] GC(1935) Metaspace: 3166K(4864K)->3166K(4864K) NonClass: 2861K(4352K)->2861K(4352K) Class: 305K(512K)->305K(512K)
[2026-06-17T09:52:29.208+0800][47.954s][info][gc             ] GC(1935) Pause Young (Allocation Failure) 47M->44M(56M) 4.167ms
[2026-06-17T09:52:29.208+0800][47.954s][info][gc,cpu         ] GC(1935) User=0.00s Sys=0.00s Real=0.00s
[2026-06-17T09:52:29.231+0800][47.976s][info][gc,start       ] GC(1936) Pause Young (Allocation Failure)
[2026-06-17T09:52:29.233+0800][47.979s][info][gc,heap        ] GC(1936) PSYoungGen: 12263K->3471K(14336K)
[2026-06-17T09:52:29.233+0800][47.979s][info][gc,heap        ] GC(1936) ParOldGen: 40332K->42272K(44032K)
[2026-06-17T09:52:29.234+0800][47.980s][info][gc,metaspace   ] GC(1936) Metaspace: 3166K(4864K)->3166K(4864K) NonClass: 2861K(4352K)->2861K(4352K) Class: 305K(512K)->305K(512K)
[2026-06-17T09:52:29.235+0800][47.980s][info][gc             ] GC(1936) Pause Young (Allocation Failure) 51M->44M(57M) 3.980ms
[2026-06-17T09:52:29.235+0800][47.981s][info][gc,cpu         ] GC(1936) User=0.00s Sys=0.00s Real=0.00s
[2026-06-17T09:52:29.236+0800][47.982s][info][gc,start       ] GC(1937) Pause Full (Ergonomics)
[2026-06-17T09:52:29.236+0800][47.982s][info][gc,phases,start] GC(1937) Marking Phase
[2026-06-17T09:52:29.238+0800][47.984s][info][gc,phases      ] GC(1937) Marking Phase 2.028ms
[2026-06-17T09:52:29.239+0800][47.985s][info][gc,phases,start] GC(1937) Summary Phase
[2026-06-17T09:52:29.239+0800][47.985s][info][gc,phases      ] GC(1937) Summary Phase 0.320ms
[2026-06-17T09:52:29.239+0800][47.985s][info][gc,phases,start] GC(1937) Adjust Roots
[2026-06-17T09:52:29.240+0800][47.986s][info][gc,phases      ] GC(1937) Adjust Roots 0.824ms
[2026-06-17T09:52:29.240+0800][47.986s][info][gc,phases,start] GC(1937) Compaction Phase
[2026-06-17T09:52:29.244+0800][47.989s][info][gc,phases      ] GC(1937) Compaction Phase 3.302ms
[2026-06-17T09:52:29.244+0800][47.990s][info][gc,phases,start] GC(1937) Post Compact
[2026-06-17T09:52:29.244+0800][47.990s][info][gc,phases      ] GC(1937) Post Compact 0.266ms
[2026-06-17T09:52:29.244+0800][47.990s][info][gc,heap        ] GC(1937) PSYoungGen: 3471K->0K(14336K)
[2026-06-17T09:52:29.245+0800][47.990s][info][gc,heap        ] GC(1937) ParOldGen: 42272K->26348K(44032K)
[2026-06-17T09:52:29.245+0800][47.991s][info][gc,metaspace   ] GC(1937) Metaspace: 3166K(4864K)->3166K(4864K) NonClass: 2861K(4352K)->2861K(4352K) Class: 305K(512K)->305K(512K)
[2026-06-17T09:52:29.245+0800][47.991s][info][gc             ] GC(1937) Pause Full (Ergonomics) 44M->25M(57M) 9.262ms
[2026-06-17T09:52:29.245+0800][47.991s][info][gc,cpu         ] GC(1937) User=0.01s Sys=0.00s Real=0.01s
[2026-06-17T09:52:29.267+0800][48.013s][info][gc,start       ] GC(1938) Pause Young (Allocation Failure)
[2026-06-17T09:52:29.268+0800][48.014s][info][gc,heap        ] GC(1938) PSYoungGen: 7125K->3965K(14336K)
[2026-06-17T09:52:29.269+0800][48.014s][info][gc,heap        ] GC(1938) ParOldGen: 26348K->26348K(44032K)
[2026-06-17T09:52:29.269+0800][48.015s][info][gc,metaspace   ] GC(1938) Metaspace: 3166K(4864K)->3166K(4864K) NonClass: 2861K(4352K)->2861K(4352K) Class: 305K(512K)->305K(512K)
[2026-06-17T09:52:29.269+0800][48.015s][info][gc             ] GC(1938) Pause Young (Allocation Failure) 32M->29M(57M) 2.490ms
[2026-06-17T09:52:29.270+0800][48.015s][info][gc,cpu         ] GC(1938) User=0.00s Sys=0.00s Real=0.00s
[2026-06-17T09:52:29.281+0800][48.027s][info][gc,start       ] GC(1939) Pause Young (Allocation Failure)
[2026-06-17T09:52:29.283+0800][48.029s][info][gc,heap        ] GC(1939) PSYoungGen: 10886K->1347K(14848K)
[2026-06-17T09:52:29.283+0800][48.029s][info][gc,heap        ] GC(1939) ParOldGen: 26348K->28940K(44032K)
[2026-06-17T09:52:29.284+0800][48.030s][info][gc,metaspace   ] GC(1939) Metaspace: 3166K(4864K)->3166K(4864K) NonClass: 2861K(4352K)->2861K(4352K) Class: 305K(512K)->305K(512K)
[2026-06-17T09:52:29.284+0800][48.030s][info][gc             ] GC(1939) Pause Young (Allocation Failure) 36M->29M(57M) 3.243ms
[2026-06-17T09:52:29.285+0800][48.031s][info][gc,cpu         ] GC(1939) User=0.00s Sys=0.00s Real=0.01s
[2026-06-17T09:52:29.317+0800][48.063s][info][gc,start       ] GC(1940) Pause Young (Allocation Failure)
[2026-06-17T09:52:29.318+0800][48.064s][info][gc,heap        ] GC(1940) PSYoungGen: 9027K->1206K(14336K)
[2026-06-17T09:52:29.318+0800][48.064s][info][gc,heap        ] GC(1940) ParOldGen: 28940K->30263K(44032K)
[2026-06-17T09:52:29.319+0800][48.065s][info][gc,metaspace   ] GC(1940) Metaspace: 3166K(4864K)->3166K(4864K) NonClass: 2861K(4352K)->2861K(4352K) Class: 305K(512K)->305K(512K)
[2026-06-17T09:52:29.319+0800][48.065s][info][gc             ] GC(1940) Pause Young (Allocation Failure) 37M->30M(57M) 2.589ms
[2026-06-17T09:52:29.320+0800][48.066s][info][gc,cpu         ] GC(1940) User=0.00s Sys=0.00s Real=0.00s
[2026-06-17T09:52:29.331+0800][48.077s][info][gc,start       ] GC(1941) Pause Young (Allocation Failure)
[2026-06-17T09:52:29.332+0800][48.078s][info][gc,heap        ] GC(1941) PSYoungGen: 8866K->5018K(13824K)
[2026-06-17T09:52:29.333+0800][48.079s][info][gc,heap        ] GC(1941) ParOldGen: 30263K->30769K(44032K)
[2026-06-17T09:52:29.333+0800][48.079s][info][gc,metaspace   ] GC(1941) Metaspace: 3166K(4864K)->3166K(4864K) NonClass: 2861K(4352K)->2861K(4352K) Class: 305K(512K)->305K(512K)
[2026-06-17T09:52:29.333+0800][48.079s][info][gc             ] GC(1941) Pause Young (Allocation Failure) 38M->34M(56M) 1.731ms
[2026-06-17T09:52:29.333+0800][48.079s][info][gc,cpu         ] GC(1941) User=0.00s Sys=0.00s Real=0.00s
[2026-06-17T09:52:29.354+0800][48.100s][info][gc,start       ] GC(1942) Pause Young (Allocation Failure)
[2026-06-17T09:52:29.355+0800][48.101s][info][gc,heap        ] GC(1942) PSYoungGen: 12149K->3130K(14336K)
[2026-06-17T09:52:29.355+0800][48.101s][info][gc,heap        ] GC(1942) ParOldGen: 30769K->32495K(44032K)
[2026-06-17T09:52:29.356+0800][48.102s][info][gc,metaspace   ] GC(1942) Metaspace: 3166K(4864K)->3166K(4864K) NonClass: 2861K(4352K)->2861K(4352K) Class: 305K(512K)->305K(512K)
[2026-06-17T09:52:29.356+0800][48.102s][info][gc             ] GC(1942) Pause Young (Allocation Failure) 41M->34M(57M) 1.649ms
[2026-06-17T09:52:29.356+0800][48.102s][info][gc,cpu         ] GC(1942) User=0.00s Sys=0.00s Real=0.00s
[2026-06-17T09:52:29.377+0800][48.123s][info][gc,start       ] GC(1943) Pause Young (Allocation Failure)
[2026-06-17T09:52:29.378+0800][48.124s][info][gc,heap        ] GC(1943) PSYoungGen: 10272K->2268K(14848K)
[2026-06-17T09:52:29.378+0800][48.124s][info][gc,heap        ] GC(1943) ParOldGen: 32495K->33802K(44032K)
[2026-06-17T09:52:29.378+0800][48.124s][info][gc,metaspace   ] GC(1943) Metaspace: 3166K(4864K)->3166K(4864K) NonClass: 2861K(4352K)->2861K(4352K) Class: 305K(512K)->305K(512K)
[2026-06-17T09:52:29.379+0800][48.125s][info][gc             ] GC(1943) Pause Young (Allocation Failure) 41M->35M(57M) 1.679ms
[2026-06-17T09:52:29.379+0800][48.125s][info][gc,cpu         ] GC(1943) User=0.00s Sys=0.00s Real=0.00s
[2026-06-17T09:52:29.390+0800][48.136s][info][gc,start       ] GC(1944) Pause Young (Allocation Failure)
[2026-06-17T09:52:29.392+0800][48.138s][info][gc,heap        ] GC(1944) PSYoungGen: 10232K->3538K(14848K)
[2026-06-17T09:52:29.393+0800][48.138s][info][gc,heap        ] GC(1944) ParOldGen: 33802K->33802K(44032K)
[2026-06-17T09:52:29.394+0800][48.140s][info][gc,metaspace   ] GC(1944) Metaspace: 3166K(4864K)->3166K(4864K) NonClass: 2861K(4352K)->2861K(4352K) Class: 305K(512K)->305K(512K)
[2026-06-17T09:52:29.394+0800][48.140s][info][gc             ] GC(1944) Pause Young (Allocation Failure) 43M->36M(57M) 4.254ms
[2026-06-17T09:52:29.395+0800][48.141s][info][gc,cpu         ] GC(1944) User=0.00s Sys=0.00s Real=0.01s
[2026-06-17T09:52:29.426+0800][48.172s][info][gc,start       ] GC(1945) Pause Young (Allocation Failure)
[2026-06-17T09:52:29.428+0800][48.173s][info][gc,heap        ] GC(1945) PSYoungGen: 11695K->2259K(15360K)
[2026-06-17T09:52:29.429+0800][48.175s][info][gc,heap        ] GC(1945) ParOldGen: 33802K->35931K(44032K)
[2026-06-17T09:52:29.430+0800][48.175s][info][gc,metaspace   ] GC(1945) Metaspace: 3166K(4864K)->3166K(4864K) NonClass: 2861K(4352K)->2861K(4352K) Class: 305K(512K)->305K(512K)
[2026-06-17T09:52:29.430+0800][48.176s][info][gc             ] GC(1945) Pause Young (Allocation Failure) 44M->37M(58M) 3.528ms
[2026-06-17T09:52:29.430+0800][48.176s][info][gc,cpu         ] GC(1945) User=0.00s Sys=0.00s Real=0.00s
[2026-06-17T09:52:29.441+0800][48.187s][info][gc,start       ] GC(1946) Pause Young (Allocation Failure)
[2026-06-17T09:52:29.443+0800][48.188s][info][gc,heap        ] GC(1946) PSYoungGen: 10939K->6059K(14848K)
[2026-06-17T09:52:29.443+0800][48.189s][info][gc,heap        ] GC(1946) ParOldGen: 35931K->37285K(44032K)
[2026-06-17T09:52:29.443+0800][48.189s][info][gc,metaspace   ] GC(1946) Metaspace: 3166K(4864K)->3166K(4864K) NonClass: 2861K(4352K)->2861K(4352K) Class: 305K(512K)->305K(512K)
[2026-06-17T09:52:29.444+0800][48.189s][info][gc             ] GC(1946) Pause Young (Allocation Failure) 45M->42M(57M) 2.185ms
[2026-06-17T09:52:29.444+0800][48.190s][info][gc,cpu         ] GC(1946) User=0.00s Sys=0.00s Real=0.01s
[2026-06-17T09:52:29.465+0800][48.211s][info][gc,start       ] GC(1947) Pause Young (Allocation Failure)
[2026-06-17T09:52:29.466+0800][48.212s][info][gc,heap        ] GC(1947) PSYoungGen: 14730K->4107K(13824K)
[2026-06-17T09:52:29.467+0800][48.213s][info][gc,heap        ] GC(1947) ParOldGen: 37285K->37285K(44032K)
[2026-06-17T09:52:29.467+0800][48.213s][info][gc,metaspace   ] GC(1947) Metaspace: 3166K(4864K)->3166K(4864K) NonClass: 2861K(4352K)->2861K(4352K) Class: 305K(512K)->305K(512K)
[2026-06-17T09:52:29.468+0800][48.214s][info][gc             ] GC(1947) Pause Young (Allocation Failure) 50M->40M(56M) 2.970ms
[2026-06-17T09:52:29.469+0800][48.215s][info][gc,cpu         ] GC(1947) User=0.00s Sys=0.00s Real=0.00s
[2026-06-17T09:52:29.490+0800][48.236s][info][gc,start       ] GC(1948) Pause Young (Allocation Failure)
[2026-06-17T09:52:29.491+0800][48.237s][info][gc,heap        ] GC(1948) PSYoungGen: 11226K->7159K(14336K)
[2026-06-17T09:52:29.492+0800][48.238s][info][gc,heap        ] GC(1948) ParOldGen: 37285K->37789K(44032K)
[2026-06-17T09:52:29.492+0800][48.238s][info][gc,metaspace   ] GC(1948) Metaspace: 3166K(4864K)->3166K(4864K) NonClass: 2861K(4352K)->2861K(4352K) Class: 305K(512K)->305K(512K)
[2026-06-17T09:52:29.493+0800][48.239s][info][gc             ] GC(1948) Pause Young (Allocation Failure) 47M->43M(57M) 2.756ms
[2026-06-17T09:52:29.493+0800][48.239s][info][gc,cpu         ] GC(1948) User=0.00s Sys=0.00s Real=0.01s
[2026-06-17T09:52:29.515+0800][48.261s][info][gc,start       ] GC(1949) Pause Young (Allocation Failure)
[2026-06-17T09:52:29.516+0800][48.262s][info][gc,heap        ] GC(1949) PSYoungGen: 14320K->6637K(14336K)
[2026-06-17T09:52:29.516+0800][48.262s][info][gc,heap        ] GC(1949) ParOldGen: 37789K->38163K(44032K)
[2026-06-17T09:52:29.517+0800][48.263s][info][gc,metaspace   ] GC(1949) Metaspace: 3166K(4864K)->3166K(4864K) NonClass: 2861K(4352K)->2861K(4352K) Class: 305K(512K)->305K(512K)
[2026-06-17T09:52:29.517+0800][48.263s][info][gc             ] GC(1949) Pause Young (Allocation Failure) 50M->43M(57M) 2.612ms
[2026-06-17T09:52:29.518+0800][48.264s][info][gc,cpu         ] GC(1949) User=0.00s Sys=0.00s Real=0.00s
[2026-06-17T09:52:29.539+0800][48.285s][info][gc,start       ] GC(1950) Pause Young (Allocation Failure)
[2026-06-17T09:52:29.540+0800][48.286s][info][gc,heap        ] GC(1950) PSYoungGen: 13759K->3164K(14336K)
[2026-06-17T09:52:29.540+0800][48.286s][info][gc,heap        ] GC(1950) ParOldGen: 38163K->41344K(44032K)
[2026-06-17T09:52:29.540+0800][48.286s][info][gc,metaspace   ] GC(1950) Metaspace: 3166K(4864K)->3166K(4864K) NonClass: 2861K(4352K)->2861K(4352K) Class: 305K(512K)->305K(512K)
[2026-06-17T09:52:29.540+0800][48.286s][info][gc             ] GC(1950) Pause Young (Allocation Failure) 50M->43M(57M) 1.286ms
[2026-06-17T09:52:29.541+0800][48.286s][info][gc,cpu         ] GC(1950) User=0.00s Sys=0.00s Real=0.00s
[2026-06-17T09:52:29.541+0800][48.287s][info][gc,start       ] GC(1951) Pause Full (Ergonomics)
[2026-06-17T09:52:29.541+0800][48.287s][info][gc,phases,start] GC(1951) Marking Phase
[2026-06-17T09:52:29.542+0800][48.287s][info][gc,phases      ] GC(1951) Marking Phase 0.757ms
[2026-06-17T09:52:29.542+0800][48.288s][info][gc,phases,start] GC(1951) Summary Phase
[2026-06-17T09:52:29.542+0800][48.288s][info][gc,phases      ] GC(1951) Summary Phase 0.075ms
[2026-06-17T09:52:29.542+0800][48.288s][info][gc,phases,start] GC(1951) Adjust Roots
[2026-06-17T09:52:29.542+0800][48.288s][info][gc,phases      ] GC(1951) Adjust Roots 0.145ms
[2026-06-17T09:52:29.542+0800][48.288s][info][gc,phases,start] GC(1951) Compaction Phase
[2026-06-17T09:52:29.543+0800][48.289s][info][gc,phases      ] GC(1951) Compaction Phase 1.208ms
[2026-06-17T09:52:29.544+0800][48.289s][info][gc,phases,start] GC(1951) Post Compact
[2026-06-17T09:52:29.544+0800][48.290s][info][gc,phases      ] GC(1951) Post Compact 0.295ms
[2026-06-17T09:52:29.544+0800][48.290s][info][gc,heap        ] GC(1951) PSYoungGen: 3164K->0K(14336K)
[2026-06-17T09:52:29.544+0800][48.290s][info][gc,heap        ] GC(1951) ParOldGen: 41344K->21349K(44032K)
[2026-06-17T09:52:29.544+0800][48.290s][info][gc,metaspace   ] GC(1951) Metaspace: 3166K(4864K)->3166K(4864K) NonClass: 2861K(4352K)->2861K(4352K) Class: 305K(512K)->305K(512K)
[2026-06-17T09:52:29.544+0800][48.290s][info][gc             ] GC(1951) Pause Full (Ergonomics) 43M->20M(57M) 3.574ms
[2026-06-17T09:52:29.544+0800][48.290s][info][gc,cpu         ] GC(1951) User=0.00s Sys=0.00s Real=0.01s
[2026-06-17T09:52:29.555+0800][48.301s][info][gc,start       ] GC(1952) Pause Young (Allocation Failure)
[2026-06-17T09:52:29.556+0800][48.302s][info][gc,heap        ] GC(1952) PSYoungGen: 7145K->7141K(14336K)
[2026-06-17T09:52:29.557+0800][48.302s][info][gc,heap        ] GC(1952) ParOldGen: 21349K->21479K(44032K)
[2026-06-17T09:52:29.557+0800][48.303s][info][gc,metaspace   ] GC(1952) Metaspace: 3166K(4864K)->3166K(4864K) NonClass: 2861K(4352K)->2861K(4352K) Class: 305K(512K)->305K(512K)
[2026-06-17T09:52:29.557+0800][48.303s][info][gc             ] GC(1952) Pause Young (Allocation Failure) 27M->27M(57M) 1.589ms
[2026-06-17T09:52:29.557+0800][48.303s][info][gc,cpu         ] GC(1952) User=0.01s Sys=0.00s Real=0.00s
[2026-06-17T09:52:29.578+0800][48.324s][info][gc,start       ] GC(1953) Pause Young (Allocation Failure)
[2026-06-17T09:52:29.584+0800][48.330s][info][gc,heap        ] GC(1953) PSYoungGen: 14262K->3136K(14336K)
[2026-06-17T09:52:29.587+0800][48.333s][info][gc,heap        ] GC(1953) ParOldGen: 21479K->25881K(44032K)
[2026-06-17T09:52:29.591+0800][48.337s][info][gc,metaspace   ] GC(1953) Metaspace: 3166K(4864K)->3166K(4864K) NonClass: 2861K(4352K)->2861K(4352K) Class: 305K(512K)->305K(512K)
[2026-06-17T09:52:29.598+0800][48.344s][info][gc             ] GC(1953) Pause Young (Allocation Failure) 34M->28M(57M) 20.327ms
[2026-06-17T09:52:29.604+0800][48.350s][info][gc,cpu         ] GC(1953) User=0.00s Sys=0.00s Real=0.03s
[2026-06-17T09:52:29.629+0800][48.375s][info][gc,start       ] GC(1954) Pause Young (Allocation Failure)
[2026-06-17T09:52:29.631+0800][48.377s][info][gc,heap        ] GC(1954) PSYoungGen: 10291K->2423K(14336K)
[2026-06-17T09:52:29.631+0800][48.377s][info][gc,heap        ] GC(1954) ParOldGen: 25881K->26926K(44032K)
[2026-06-17T09:52:29.632+0800][48.378s][info][gc,metaspace   ] GC(1954) Metaspace: 3166K(4864K)->3166K(4864K) NonClass: 2861K(4352K)->2861K(4352K) Class: 305K(512K)->305K(512K)
[2026-06-17T09:52:29.636+0800][48.382s][info][gc             ] GC(1954) Pause Young (Allocation Failure) 35M->28M(57M) 6.740ms
[2026-06-17T09:52:29.640+0800][48.386s][info][gc,cpu         ] GC(1954) User=0.00s Sys=0.00s Real=0.01s
[2026-06-17T09:52:29.653+0800][48.398s][info][gc,start       ] GC(1955) Pause Young (Allocation Failure)
[2026-06-17T09:52:29.656+0800][48.401s][info][gc,heap        ] GC(1955) PSYoungGen: 9384K->396K(14336K)
[2026-06-17T09:52:29.656+0800][48.402s][info][gc,heap        ] GC(1955) ParOldGen: 26926K->29293K(44032K)
[2026-06-17T09:52:29.656+0800][48.402s][info][gc,metaspace   ] GC(1955) Metaspace: 3166K(4864K)->3166K(4864K) NonClass: 2861K(4352K)->2861K(4352K) Class: 305K(512K)->305K(512K)
[2026-06-17T09:52:29.659+0800][48.405s][info][gc             ] GC(1955) Pause Young (Allocation Failure) 35M->28M(57M) 6.431ms
[2026-06-17T09:52:29.663+0800][48.409s][info][gc,cpu         ] GC(1955) User=0.00s Sys=0.00s Real=0.01s
[2026-06-17T09:52:29.686+0800][48.432s][info][gc,start       ] GC(1956) Pause Young (Allocation Failure)
[2026-06-17T09:52:29.687+0800][48.433s][info][gc,heap        ] GC(1956) PSYoungGen: 7524K->3398K(14336K)
[2026-06-17T09:52:29.688+0800][48.434s][info][gc,heap        ] GC(1956) ParOldGen: 29293K->29665K(44032K)
[2026-06-17T09:52:29.688+0800][48.434s][info][gc,metaspace   ] GC(1956) Metaspace: 3166K(4864K)->3166K(4864K) NonClass: 2861K(4352K)->2861K(4352K) Class: 305K(512K)->305K(512K)
[2026-06-17T09:52:29.689+0800][48.435s][info][gc             ] GC(1956) Pause Young (Allocation Failure) 35M->32M(57M) 2.529ms
[2026-06-17T09:52:29.689+0800][48.435s][info][gc,cpu         ] GC(1956) User=0.00s Sys=0.00s Real=0.00s
[2026-06-17T09:52:29.711+0800][48.457s][info][gc,start       ] GC(1957) Pause Young (Allocation Failure)
[2026-06-17T09:52:29.712+0800][48.458s][info][gc,heap        ] GC(1957) PSYoungGen: 10555K->2288K(14336K)
[2026-06-17T09:52:29.712+0800][48.458s][info][gc,heap        ] GC(1957) ParOldGen: 29665K->30947K(44032K)
[2026-06-17T09:52:29.712+0800][48.458s][info][gc,metaspace   ] GC(1957) Metaspace: 3166K(4864K)->3166K(4864K) NonClass: 2861K(4352K)->2861K(4352K) Class: 305K(512K)->305K(512K)
[2026-06-17T09:52:29.713+0800][48.459s][info][gc             ] GC(1957) Pause Young (Allocation Failure) 39M->32M(57M) 1.951ms
[2026-06-17T09:52:29.713+0800][48.459s][info][gc,cpu         ] GC(1957) User=0.01s Sys=0.00s Real=0.00s
[2026-06-17T09:52:29.735+0800][48.480s][info][gc,start       ] GC(1958) Pause Young (Allocation Failure)
[2026-06-17T09:52:29.736+0800][48.481s][info][gc,heap        ] GC(1958) PSYoungGen: 9427K->674K(14336K)
[2026-06-17T09:52:29.736+0800][48.482s][info][gc,heap        ] GC(1958) ParOldGen: 30947K->32390K(44032K)
[2026-06-17T09:52:29.736+0800][48.482s][info][gc,metaspace   ] GC(1958) Metaspace: 3166K(4864K)->3166K(4864K) NonClass: 2861K(4352K)->2861K(4352K) Class: 305K(512K)->305K(512K)
[2026-06-17T09:52:29.737+0800][48.483s][info][gc             ] GC(1958) Pause Young (Allocation Failure) 39M->32M(57M) 2.115ms
[2026-06-17T09:52:29.737+0800][48.483s][info][gc,cpu         ] GC(1958) User=0.00s Sys=0.00s Real=0.00s
[2026-06-17T09:52:29.748+0800][48.494s][info][gc,start       ] GC(1959) Pause Young (Allocation Failure)
[2026-06-17T09:52:29.750+0800][48.495s][info][gc,heap        ] GC(1959) PSYoungGen: 7836K->3911K(14336K)
[2026-06-17T09:52:29.750+0800][48.496s][info][gc,heap        ] GC(1959) ParOldGen: 32390K->32390K(44032K)
[2026-06-17T09:52:29.750+0800][48.496s][info][gc,metaspace   ] GC(1959) Metaspace: 3166K(4864K)->3166K(4864K) NonClass: 2861K(4352K)->2861K(4352K) Class: 305K(512K)->305K(512K)
[2026-06-17T09:52:29.751+0800][48.497s][info][gc             ] GC(1959) Pause Young (Allocation Failure) 39M->35M(57M) 2.364ms
[2026-06-17T09:52:29.751+0800][48.497s][info][gc,cpu         ] GC(1959) User=0.00s Sys=0.00s Real=0.01s
[2026-06-17T09:52:29.773+0800][48.518s][info][gc,start       ] GC(1960) Pause Young (Allocation Failure)
[2026-06-17T09:52:29.774+0800][48.520s][info][gc,heap        ] GC(1960) PSYoungGen: 11073K->1857K(14336K)
[2026-06-17T09:52:29.775+0800][48.520s][info][gc,heap        ] GC(1960) ParOldGen: 32390K->34584K(44032K)
[2026-06-17T09:52:29.775+0800][48.521s][info][gc,metaspace   ] GC(1960) Metaspace: 3166K(4864K)->3166K(4864K) NonClass: 2861K(4352K)->2861K(4352K) Class: 305K(512K)->305K(512K)
[2026-06-17T09:52:29.776+0800][48.521s][info][gc             ] GC(1960) Pause Young (Allocation Failure) 42M->35M(57M) 3.029ms
[2026-06-17T09:52:29.776+0800][48.522s][info][gc,cpu         ] GC(1960) User=0.00s Sys=0.00s Real=0.00s
[2026-06-17T09:52:29.797+0800][48.543s][info][gc,start       ] GC(1961) Pause Young (Allocation Failure)
[2026-06-17T09:52:29.799+0800][48.545s][info][gc,heap        ] GC(1961) PSYoungGen: 9009K->2005K(14336K)
[2026-06-17T09:52:29.799+0800][48.545s][info][gc,heap        ] GC(1961) ParOldGen: 34584K->34584K(44032K)
[2026-06-17T09:52:29.800+0800][48.545s][info][gc,metaspace   ] GC(1961) Metaspace: 3166K(4864K)->3166K(4864K) NonClass: 2861K(4352K)->2861K(4352K) Class: 305K(512K)->305K(512K)
[2026-06-17T09:52:29.800+0800][48.546s][info][gc             ] GC(1961) Pause Young (Allocation Failure) 42M->35M(57M) 2.686ms
[2026-06-17T09:52:29.800+0800][48.546s][info][gc,cpu         ] GC(1961) User=0.00s Sys=0.00s Real=0.00s
[2026-06-17T09:52:29.812+0800][48.558s][info][gc,start       ] GC(1962) Pause Young (Allocation Failure)
[2026-06-17T09:52:29.814+0800][48.559s][info][gc,heap        ] GC(1962) PSYoungGen: 9069K->32K(14336K)
[2026-06-17T09:52:29.814+0800][48.560s][info][gc,heap        ] GC(1962) ParOldGen: 34584K->36565K(44032K)
[2026-06-17T09:52:29.815+0800][48.560s][info][gc,metaspace   ] GC(1962) Metaspace: 3166K(4864K)->3166K(4864K) NonClass: 2861K(4352K)->2861K(4352K) Class: 305K(512K)->305K(512K)
[2026-06-17T09:52:29.815+0800][48.561s][info][gc             ] GC(1962) Pause Young (Allocation Failure) 42M->35M(57M) 3.201ms
[2026-06-17T09:52:29.816+0800][48.561s][info][gc,cpu         ] GC(1962) User=0.00s Sys=0.00s Real=0.00s
[2026-06-17T09:52:29.838+0800][48.583s][info][gc,start       ] GC(1963) Pause Young (Allocation Failure)
[2026-06-17T09:52:29.840+0800][48.586s][info][gc,heap        ] GC(1963) PSYoungGen: 7183K->3990K(14336K)
[2026-06-17T09:52:29.841+0800][48.586s][info][gc,heap        ] GC(1963) ParOldGen: 36565K->36573K(44032K)
[2026-06-17T09:52:29.841+0800][48.587s][info][gc,metaspace   ] GC(1963) Metaspace: 3166K(4864K)->3166K(4864K) NonClass: 2861K(4352K)->2861K(4352K) Class: 305K(512K)->305K(512K)
[2026-06-17T09:52:29.842+0800][48.588s][info][gc             ] GC(1963) Pause Young (Allocation Failure) 42M->39M(57M) 4.492ms
[2026-06-17T09:52:29.843+0800][48.588s][info][gc,cpu         ] GC(1963) User=0.00s Sys=0.00s Real=0.01s
[2026-06-17T09:52:29.855+0800][48.601s][info][gc,start       ] GC(1964) Pause Young (Allocation Failure)
[2026-06-17T09:52:29.857+0800][48.602s][info][gc,heap        ] GC(1964) PSYoungGen: 11021K->243K(14336K)
[2026-06-17T09:52:29.857+0800][48.603s][info][gc,heap        ] GC(1964) ParOldGen: 36573K->40054K(44032K)
[2026-06-17T09:52:29.858+0800][48.604s][info][gc,metaspace   ] GC(1964) Metaspace: 3166K(4864K)->3166K(4864K) NonClass: 2861K(4352K)->2861K(4352K) Class: 305K(512K)->305K(512K)
[2026-06-17T09:52:29.858+0800][48.604s][info][gc             ] GC(1964) Pause Young (Allocation Failure) 46M->39M(57M) 3.602ms
[2026-06-17T09:52:29.859+0800][48.605s][info][gc,cpu         ] GC(1964) User=0.00s Sys=0.00s Real=0.00s
[2026-06-17T09:52:29.860+0800][48.606s][info][gc,start       ] GC(1965) Pause Full (Ergonomics)
[2026-06-17T09:52:29.861+0800][48.606s][info][gc,phases,start] GC(1965) Marking Phase
[2026-06-17T09:52:29.863+0800][48.609s][info][gc,phases      ] GC(1965) Marking Phase 2.290ms
[2026-06-17T09:52:29.863+0800][48.609s][info][gc,phases,start] GC(1965) Summary Phase
[2026-06-17T09:52:29.864+0800][48.609s][info][gc,phases      ] GC(1965) Summary Phase 0.323ms
[2026-06-17T09:52:29.864+0800][48.610s][info][gc,phases,start] GC(1965) Adjust Roots
[2026-06-17T09:52:29.864+0800][48.610s][info][gc,phases      ] GC(1965) Adjust Roots 0.519ms
[2026-06-17T09:52:29.865+0800][48.611s][info][gc,phases,start] GC(1965) Compaction Phase
[2026-06-17T09:52:29.867+0800][48.613s][info][gc,phases      ] GC(1965) Compaction Phase 2.330ms
[2026-06-17T09:52:29.868+0800][48.613s][info][gc,phases,start] GC(1965) Post Compact
[2026-06-17T09:52:29.868+0800][48.614s][info][gc,phases      ] GC(1965) Post Compact 0.349ms
[2026-06-17T09:52:29.868+0800][48.614s][info][gc,heap        ] GC(1965) PSYoungGen: 243K->0K(14336K)
[2026-06-17T09:52:29.868+0800][48.614s][info][gc,heap        ] GC(1965) ParOldGen: 40054K->26927K(44032K)
[2026-06-17T09:52:29.869+0800][48.614s][info][gc,metaspace   ] GC(1965) Metaspace: 3166K(4864K)->3166K(4864K) NonClass: 2861K(4352K)->2861K(4352K) Class: 305K(512K)->305K(512K)
[2026-06-17T09:52:29.869+0800][48.615s][info][gc             ] GC(1965) Pause Full (Ergonomics) 39M->26M(57M) 8.668ms
[2026-06-17T09:52:29.869+0800][48.615s][info][gc,cpu         ] GC(1965) User=0.01s Sys=0.00s Real=0.01s
[2026-06-17T09:52:29.891+0800][48.637s][info][gc,start       ] GC(1966) Pause Young (Allocation Failure)
[2026-06-17T09:52:29.893+0800][48.639s][info][gc,heap        ] GC(1966) PSYoungGen: 7138K->3357K(14336K)
[2026-06-17T09:52:29.893+0800][48.639s][info][gc,heap        ] GC(1966) ParOldGen: 26927K->26927K(44032K)
[2026-06-17T09:52:29.894+0800][48.640s][info][gc,metaspace   ] GC(1966) Metaspace: 3166K(4864K)->3166K(4864K) NonClass: 2861K(4352K)->2861K(4352K) Class: 305K(512K)->305K(512K)
[2026-06-17T09:52:29.895+0800][48.640s][info][gc             ] GC(1966) Pause Young (Allocation Failure) 33M->29M(57M) 3.730ms
[2026-06-17T09:52:29.895+0800][48.641s][info][gc,cpu         ] GC(1966) User=0.00s Sys=0.00s Real=0.00s
[2026-06-17T09:52:29.907+0800][48.653s][info][gc,start       ] GC(1967) Pause Young (Allocation Failure)
[2026-06-17T09:52:29.909+0800][48.654s][info][gc,heap        ] GC(1967) PSYoungGen: 10258K->1398K(14336K)
[2026-06-17T09:52:29.909+0800][48.655s][info][gc,heap        ] GC(1967) ParOldGen: 26927K->28690K(44032K)
[2026-06-17T09:52:29.909+0800][48.655s][info][gc,metaspace   ] GC(1967) Metaspace: 3166K(4864K)->3166K(4864K) NonClass: 2861K(4352K)->2861K(4352K) Class: 305K(512K)->305K(512K)
[2026-06-17T09:52:29.910+0800][48.656s][info][gc             ] GC(1967) Pause Young (Allocation Failure) 36M->29M(57M) 2.716ms
[2026-06-17T09:52:29.910+0800][48.656s][info][gc,cpu         ] GC(1967) User=0.01s Sys=0.00s Real=0.00s
[2026-06-17T09:52:29.933+0800][48.678s][info][gc,start       ] GC(1968) Pause Young (Allocation Failure)
[2026-06-17T09:52:29.935+0800][48.680s][info][gc,heap        ] GC(1968) PSYoungGen: 8552K->3624K(14336K)
[2026-06-17T09:52:29.935+0800][48.681s][info][gc,heap        ] GC(1968) ParOldGen: 28690K->30064K(44032K)
[2026-06-17T09:52:29.936+0800][48.682s][info][gc,metaspace   ] GC(1968) Metaspace: 3166K(4864K)->3166K(4864K) NonClass: 2861K(4352K)->2861K(4352K) Class: 305K(512K)->305K(512K)
[2026-06-17T09:52:29.937+0800][48.683s][info][gc             ] GC(1968) Pause Young (Allocation Failure) 36M->32M(57M) 4.110ms
[2026-06-17T09:52:29.938+0800][48.684s][info][gc,cpu         ] GC(1968) User=0.00s Sys=0.01s Real=0.00s
[2026-06-17T09:52:29.960+0800][48.706s][info][gc,start       ] GC(1969) Pause Young (Allocation Failure)
[2026-06-17T09:52:29.962+0800][48.708s][info][gc,heap        ] GC(1969) PSYoungGen: 10765K->3050K(14848K)
[2026-06-17T09:52:29.963+0800][48.708s][info][gc,heap        ] GC(1969) ParOldGen: 30064K->30960K(44032K)
[2026-06-17T09:52:29.963+0800][48.709s][info][gc,metaspace   ] GC(1969) Metaspace: 3166K(4864K)->3166K(4864K) NonClass: 2861K(4352K)->2861K(4352K) Class: 305K(512K)->305K(512K)
[2026-06-17T09:52:29.963+0800][48.709s][info][gc             ] GC(1969) Pause Young (Allocation Failure) 39M->33M(57M) 3.277ms
[2026-06-17T09:52:29.964+0800][48.710s][info][gc,cpu         ] GC(1969) User=0.00s Sys=0.00s Real=0.01s
[2026-06-17T09:52:29.986+0800][48.732s][info][gc,start       ] GC(1970) Pause Young (Allocation Failure)
[2026-06-17T09:52:29.988+0800][48.733s][info][gc,heap        ] GC(1970) PSYoungGen: 10719K->1400K(14336K)
[2026-06-17T09:52:29.988+0800][48.734s][info][gc,heap        ] GC(1970) ParOldGen: 30960K->33169K(44032K)
[2026-06-17T09:52:29.989+0800][48.734s][info][gc,metaspace   ] GC(1970) Metaspace: 3166K(4864K)->3166K(4864K) NonClass: 2861K(4352K)->2861K(4352K) Class: 305K(512K)->305K(512K)
[2026-06-17T09:52:29.989+0800][48.735s][info][gc             ] GC(1970) Pause Young (Allocation Failure) 40M->33M(57M) 2.980ms
[2026-06-17T09:52:29.989+0800][48.735s][info][gc,cpu         ] GC(1970) User=0.00s Sys=0.00s Real=0.00s
[2026-06-17T09:52:30.001+0800][48.747s][info][gc,start       ] GC(1971) Pause Young (Allocation Failure)
[2026-06-17T09:52:30.003+0800][48.749s][info][gc,heap        ] GC(1971) PSYoungGen: 9046K->5350K(13824K)
[2026-06-17T09:52:30.003+0800][48.749s][info][gc,heap        ] GC(1971) ParOldGen: 33169K->33169K(44032K)
[2026-06-17T09:52:30.004+0800][48.750s][info][gc,metaspace   ] GC(1971) Metaspace: 3166K(4864K)->3166K(4864K) NonClass: 2861K(4352K)->2861K(4352K) Class: 305K(512K)->305K(512K)
[2026-06-17T09:52:30.004+0800][48.750s][info][gc             ] GC(1971) Pause Young (Allocation Failure) 41M->37M(56M) 3.281ms
[2026-06-17T09:52:30.005+0800][48.751s][info][gc,cpu         ] GC(1971) User=0.01s Sys=0.00s Real=0.01s
[2026-06-17T09:52:30.026+0800][48.772s][info][gc,start       ] GC(1972) Pause Young (Allocation Failure)
[2026-06-17T09:52:30.027+0800][48.773s][info][gc,heap        ] GC(1972) PSYoungGen: 12472K->301K(14336K)
[2026-06-17T09:52:30.029+0800][48.775s][info][gc,heap        ] GC(1972) ParOldGen: 33169K->35196K(44032K)
[2026-06-17T09:52:30.030+0800][48.776s][info][gc,metaspace   ] GC(1972) Metaspace: 3166K(4864K)->3166K(4864K) NonClass: 2861K(4352K)->2861K(4352K) Class: 305K(512K)->305K(512K)
[2026-06-17T09:52:30.031+0800][48.777s][info][gc             ] GC(1972) Pause Young (Allocation Failure) 44M->34M(57M) 4.750ms
[2026-06-17T09:52:30.033+0800][48.779s][info][gc,cpu         ] GC(1972) User=0.00s Sys=0.00s Real=0.01s
[2026-06-17T09:52:30.056+0800][48.802s][info][gc,start       ] GC(1973) Pause Young (Allocation Failure)
[2026-06-17T09:52:30.058+0800][48.804s][info][gc,heap        ] GC(1973) PSYoungGen: 7442K->3753K(14336K)
[2026-06-17T09:52:30.058+0800][48.804s][info][gc,heap        ] GC(1973) ParOldGen: 35196K->35473K(44032K)
[2026-06-17T09:52:30.059+0800][48.805s][info][gc,metaspace   ] GC(1973) Metaspace: 3166K(4864K)->3166K(4864K) NonClass: 2861K(4352K)->2861K(4352K) Class: 305K(512K)->305K(512K)
[2026-06-17T09:52:30.059+0800][48.805s][info][gc             ] GC(1973) Pause Young (Allocation Failure) 41M->38M(57M) 3.396ms
[2026-06-17T09:52:30.060+0800][48.806s][info][gc,cpu         ] GC(1973) User=0.00s Sys=0.00s Real=0.00s
[2026-06-17T09:52:30.071+0800][48.817s][info][gc,start       ] GC(1974) Pause Young (Allocation Failure)
[2026-06-17T09:52:30.073+0800][48.819s][info][gc,heap        ] GC(1974) PSYoungGen: 10690K->1759K(14336K)
[2026-06-17T09:52:30.074+0800][48.820s][info][gc,heap        ] GC(1974) ParOldGen: 35473K->37280K(44032K)
[2026-06-17T09:52:30.074+0800][48.820s][info][gc,metaspace   ] GC(1974) Metaspace: 3166K(4864K)->3166K(4864K) NonClass: 2861K(4352K)->2861K(4352K) Class: 305K(512K)->305K(512K)
[2026-06-17T09:52:30.075+0800][48.821s][info][gc             ] GC(1974) Pause Young (Allocation Failure) 45M->38M(57M) 3.746ms
[2026-06-17T09:52:30.076+0800][48.821s][info][gc,cpu         ] GC(1974) User=0.00s Sys=0.00s Real=0.00s
[2026-06-17T09:52:30.098+0800][48.843s][info][gc,start       ] GC(1975) Pause Young (Allocation Failure)
[2026-06-17T09:52:30.099+0800][48.845s][info][gc,heap        ] GC(1975) PSYoungGen: 8927K->3819K(14336K)
[2026-06-17T09:52:30.100+0800][48.846s][info][gc,heap        ] GC(1975) ParOldGen: 37280K->39015K(44032K)
[2026-06-17T09:52:30.100+0800][48.846s][info][gc,metaspace   ] GC(1975) Metaspace: 3166K(4864K)->3166K(4864K) NonClass: 2861K(4352K)->2861K(4352K) Class: 305K(512K)->305K(512K)
[2026-06-17T09:52:30.101+0800][48.847s][info][gc             ] GC(1975) Pause Young (Allocation Failure) 45M->41M(57M) 3.296ms
[2026-06-17T09:52:30.101+0800][48.847s][info][gc,cpu         ] GC(1975) User=0.01s Sys=0.00s Real=0.00s
[2026-06-17T09:52:30.124+0800][48.869s][info][gc,start       ] GC(1976) Pause Young (Allocation Failure)
[2026-06-17T09:52:30.125+0800][48.871s][info][gc,heap        ] GC(1976) PSYoungGen: 10983K->2403K(14336K)
[2026-06-17T09:52:30.126+0800][48.872s][info][gc,heap        ] GC(1976) ParOldGen: 39015K->40599K(44032K)
[2026-06-17T09:52:30.127+0800][48.872s][info][gc,metaspace   ] GC(1976) Metaspace: 3166K(4864K)->3166K(4864K) NonClass: 2861K(4352K)->2861K(4352K) Class: 305K(512K)->305K(512K)
[2026-06-17T09:52:30.127+0800][48.873s][info][gc             ] GC(1976) Pause Young (Allocation Failure) 48M->41M(57M) 3.660ms
[2026-06-17T09:52:30.128+0800][48.874s][info][gc,cpu         ] GC(1976) User=0.00s Sys=0.00s Real=0.00s
[2026-06-17T09:52:30.150+0800][48.896s][info][gc,start       ] GC(1977) Pause Young (Allocation Failure)
[2026-06-17T09:52:30.151+0800][48.897s][info][gc,heap        ] GC(1977) PSYoungGen: 9563K->483K(14848K)
[2026-06-17T09:52:30.152+0800][48.898s][info][gc,heap        ] GC(1977) ParOldGen: 40599K->42467K(44032K)
[2026-06-17T09:52:30.152+0800][48.898s][info][gc,metaspace   ] GC(1977) Metaspace: 3166K(4864K)->3166K(4864K) NonClass: 2861K(4352K)->2861K(4352K) Class: 305K(512K)->305K(512K)
[2026-06-17T09:52:30.152+0800][48.898s][info][gc             ] GC(1977) Pause Young (Allocation Failure) 48M->41M(57M) 2.742ms
[2026-06-17T09:52:30.153+0800][48.899s][info][gc,cpu         ] GC(1977) User=0.00s Sys=0.00s Real=0.01s
[2026-06-17T09:52:30.153+0800][48.899s][info][gc,start       ] GC(1978) Pause Full (Ergonomics)
[2026-06-17T09:52:30.154+0800][48.899s][info][gc,phases,start] GC(1978) Marking Phase
[2026-06-17T09:52:30.156+0800][48.901s][info][gc,phases      ] GC(1978) Marking Phase 1.989ms
[2026-06-17T09:52:30.156+0800][48.902s][info][gc,phases,start] GC(1978) Summary Phase
[2026-06-17T09:52:30.156+0800][48.902s][info][gc,phases      ] GC(1978) Summary Phase 0.491ms
[2026-06-17T09:52:30.157+0800][48.903s][info][gc,phases,start] GC(1978) Adjust Roots
[2026-06-17T09:52:30.157+0800][48.903s][info][gc,phases      ] GC(1978) Adjust Roots 0.499ms
[2026-06-17T09:52:30.158+0800][48.903s][info][gc,phases,start] GC(1978) Compaction Phase
[2026-06-17T09:52:30.160+0800][48.906s][info][gc,phases      ] GC(1978) Compaction Phase 2.186ms
[2026-06-17T09:52:30.160+0800][48.906s][info][gc,phases,start] GC(1978) Post Compact
[2026-06-17T09:52:30.160+0800][48.906s][info][gc,phases      ] GC(1978) Post Compact 0.264ms
[2026-06-17T09:52:30.160+0800][48.906s][info][gc,heap        ] GC(1978) PSYoungGen: 483K->0K(14848K)
[2026-06-17T09:52:30.161+0800][48.906s][info][gc,heap        ] GC(1978) ParOldGen: 42467K->33812K(44032K)
[2026-06-17T09:52:30.161+0800][48.907s][info][gc,metaspace   ] GC(1978) Metaspace: 3166K(4864K)->3166K(4864K) NonClass: 2861K(4352K)->2861K(4352K) Class: 305K(512K)->305K(512K)
[2026-06-17T09:52:30.161+0800][48.907s][info][gc             ] GC(1978) Pause Full (Ergonomics) 41M->33M(57M) 7.849ms
[2026-06-17T09:52:30.161+0800][48.907s][info][gc,cpu         ] GC(1978) User=0.01s Sys=0.00s Real=0.00s
[2026-06-17T09:52:30.173+0800][48.918s][info][gc,start       ] GC(1979) Pause Young (Allocation Failure)
[2026-06-17T09:52:30.174+0800][48.920s][info][gc,heap        ] GC(1979) PSYoungGen: 8191K->6643K(13824K)
[2026-06-17T09:52:30.174+0800][48.920s][info][gc,heap        ] GC(1979) ParOldGen: 33812K->35451K(44032K)
[2026-06-17T09:52:30.175+0800][48.921s][info][gc,metaspace   ] GC(1979) Metaspace: 3166K(4864K)->3166K(4864K) NonClass: 2861K(4352K)->2861K(4352K) Class: 305K(512K)->305K(512K)
[2026-06-17T09:52:30.175+0800][48.921s][info][gc             ] GC(1979) Pause Young (Allocation Failure) 41M->41M(56M) 2.448ms
[2026-06-17T09:52:30.175+0800][48.921s][info][gc,cpu         ] GC(1979) User=0.00s Sys=0.00s Real=0.00s
[2026-06-17T09:52:30.197+0800][48.943s][info][gc,start       ] GC(1980) Pause Young (Allocation Failure)
[2026-06-17T09:52:30.199+0800][48.944s][info][gc,heap        ] GC(1980) PSYoungGen: 13797K->2506K(14336K)
[2026-06-17T09:52:30.199+0800][48.945s][info][gc,heap        ] GC(1980) ParOldGen: 35451K->39446K(44032K)
[2026-06-17T09:52:30.199+0800][48.945s][info][gc,metaspace   ] GC(1980) Metaspace: 3166K(4864K)->3166K(4864K) NonClass: 2861K(4352K)->2861K(4352K) Class: 305K(512K)->305K(512K)
[2026-06-17T09:52:30.200+0800][48.946s][info][gc             ] GC(1980) Pause Young (Allocation Failure) 48M->40M(57M) 2.996ms
[2026-06-17T09:52:30.200+0800][48.946s][info][gc,cpu         ] GC(1980) User=0.00s Sys=0.00s Real=0.00s
[2026-06-17T09:52:30.222+0800][48.968s][info][gc,start       ] GC(1981) Pause Young (Allocation Failure)
[2026-06-17T09:52:30.224+0800][48.970s][info][gc,heap        ] GC(1981) PSYoungGen: 9647K->3027K(14336K)
[2026-06-17T09:52:30.224+0800][48.970s][info][gc,heap        ] GC(1981) ParOldGen: 39446K->39446K(44032K)
[2026-06-17T09:52:30.225+0800][48.970s][info][gc,metaspace   ] GC(1981) Metaspace: 3166K(4864K)->3166K(4864K) NonClass: 2861K(4352K)->2861K(4352K) Class: 305K(512K)->305K(512K)
[2026-06-17T09:52:30.225+0800][48.971s][info][gc             ] GC(1981) Pause Young (Allocation Failure) 47M->41M(57M) 3.143ms
[2026-06-17T09:52:30.225+0800][48.971s][info][gc,cpu         ] GC(1981) User=0.00s Sys=0.01s Real=0.01s
[2026-06-17T09:52:30.237+0800][48.983s][info][gc,start       ] GC(1982) Pause Young (Allocation Failure)
[2026-06-17T09:52:30.239+0800][48.984s][info][gc,heap        ] GC(1982) PSYoungGen: 10190K->1116K(14336K)
[2026-06-17T09:52:30.239+0800][48.985s][info][gc,heap        ] GC(1982) ParOldGen: 39446K->41519K(44032K)
[2026-06-17T09:52:30.239+0800][48.985s][info][gc,metaspace   ] GC(1982) Metaspace: 3166K(4864K)->3166K(4864K) NonClass: 2861K(4352K)->2861K(4352K) Class: 305K(512K)->305K(512K)
[2026-06-17T09:52:30.240+0800][48.986s][info][gc             ] GC(1982) Pause Young (Allocation Failure) 48M->41M(57M) 2.711ms
[2026-06-17T09:52:30.240+0800][48.986s][info][gc,cpu         ] GC(1982) User=0.00s Sys=0.00s Real=0.00s
[2026-06-17T09:52:30.241+0800][48.987s][info][gc,start       ] GC(1983) Pause Full (Ergonomics)
[2026-06-17T09:52:30.242+0800][48.988s][info][gc,phases,start] GC(1983) Marking Phase
[2026-06-17T09:52:30.243+0800][48.989s][info][gc,phases      ] GC(1983) Marking Phase 1.745ms
[2026-06-17T09:52:30.244+0800][48.990s][info][gc,phases,start] GC(1983) Summary Phase
[2026-06-17T09:52:30.244+0800][48.990s][info][gc,phases      ] GC(1983) Summary Phase 0.284ms
[2026-06-17T09:52:30.244+0800][48.990s][info][gc,phases,start] GC(1983) Adjust Roots
[2026-06-17T09:52:30.245+0800][48.990s][info][gc,phases      ] GC(1983) Adjust Roots 0.315ms
[2026-06-17T09:52:30.245+0800][48.991s][info][gc,phases,start] GC(1983) Compaction Phase
[2026-06-17T09:52:30.247+0800][48.993s][info][gc,phases      ] GC(1983) Compaction Phase 1.818ms
[2026-06-17T09:52:30.247+0800][48.993s][info][gc,phases,start] GC(1983) Post Compact
[2026-06-17T09:52:30.247+0800][48.993s][info][gc,phases      ] GC(1983) Post Compact 0.309ms
[2026-06-17T09:52:30.248+0800][48.993s][info][gc,heap        ] GC(1983) PSYoungGen: 1116K->0K(14336K)
[2026-06-17T09:52:30.248+0800][48.994s][info][gc,heap        ] GC(1983) ParOldGen: 41519K->28231K(44032K)
[2026-06-17T09:52:30.248+0800][48.994s][info][gc,metaspace   ] GC(1983) Metaspace: 3166K(4864K)->3166K(4864K) NonClass: 2861K(4352K)->2861K(4352K) Class: 305K(512K)->305K(512K)
[2026-06-17T09:52:30.248+0800][48.994s][info][gc             ] GC(1983) Pause Full (Ergonomics) 41M->27M(57M) 6.855ms
[2026-06-17T09:52:30.248+0800][48.994s][info][gc,cpu         ] GC(1983) User=0.00s Sys=0.00s Real=0.01s
[2026-06-17T09:52:30.270+0800][49.015s][info][gc,start       ] GC(1984) Pause Young (Allocation Failure)
[2026-06-17T09:52:30.271+0800][49.017s][info][gc,heap        ] GC(1984) PSYoungGen: 7122K->3814K(14336K)
[2026-06-17T09:52:30.271+0800][49.017s][info][gc,heap        ] GC(1984) ParOldGen: 28231K->28231K(44032K)
[2026-06-17T09:52:30.272+0800][49.018s][info][gc,metaspace   ] GC(1984) Metaspace: 3166K(4864K)->3166K(4864K) NonClass: 2861K(4352K)->2861K(4352K) Class: 305K(512K)->305K(512K)
[2026-06-17T09:52:30.272+0800][49.018s][info][gc             ] GC(1984) Pause Young (Allocation Failure) 34M->31M(57M) 2.423ms
[2026-06-17T09:52:30.272+0800][49.018s][info][gc,cpu         ] GC(1984) User=0.01s Sys=0.00s Real=0.01s
[2026-06-17T09:52:30.294+0800][49.040s][info][gc,start       ] GC(1985) Pause Young (Allocation Failure)
[2026-06-17T09:52:30.299+0800][49.045s][info][gc,heap        ] GC(1985) PSYoungGen: 10982K->3265K(14848K)
[2026-06-17T09:52:30.300+0800][49.046s][info][gc,heap        ] GC(1985) ParOldGen: 28231K->28890K(44032K)
[2026-06-17T09:52:30.300+0800][49.046s][info][gc,metaspace   ] GC(1985) Metaspace: 3166K(4864K)->3166K(4864K) NonClass: 2861K(4352K)->2861K(4352K) Class: 305K(512K)->305K(512K)
[2026-06-17T09:52:30.301+0800][49.047s][info][gc             ] GC(1985) Pause Young (Allocation Failure) 38M->31M(57M) 6.786ms
[2026-06-17T09:52:30.301+0800][49.047s][info][gc,cpu         ] GC(1985) User=0.00s Sys=0.00s Real=0.00s
[2026-06-17T09:52:30.323+0800][49.069s][info][gc,start       ] GC(1986) Pause Young (Allocation Failure)
[2026-06-17T09:52:30.325+0800][49.071s][info][gc,heap        ] GC(1986) PSYoungGen: 10921K->2038K(14336K)
[2026-06-17T09:52:30.327+0800][49.073s][info][gc,heap        ] GC(1986) ParOldGen: 28890K->30503K(44032K)
[2026-06-17T09:52:30.330+0800][49.075s][info][gc,metaspace   ] GC(1986) Metaspace: 3166K(4864K)->3166K(4864K) NonClass: 2861K(4352K)->2861K(4352K) Class: 305K(512K)->305K(512K)
[2026-06-17T09:52:30.331+0800][49.077s][info][gc             ] GC(1986) Pause Young (Allocation Failure) 38M->31M(57M) 8.063ms
[2026-06-17T09:52:30.332+0800][49.078s][info][gc,cpu         ] GC(1986) User=0.00s Sys=0.00s Real=0.01s
[2026-06-17T09:52:30.356+0800][49.102s][info][gc,start       ] GC(1987) Pause Young (Allocation Failure)
[2026-06-17T09:52:30.357+0800][49.103s][info][gc,heap        ] GC(1987) PSYoungGen: 9708K->1712K(15360K)
[2026-06-17T09:52:30.357+0800][49.103s][info][gc,heap        ] GC(1987) ParOldGen: 30503K->32004K(44032K)
[2026-06-17T09:52:30.357+0800][49.103s][info][gc,metaspace   ] GC(1987) Metaspace: 3166K(4864K)->3166K(4864K) NonClass: 2861K(4352K)->2861K(4352K) Class: 305K(512K)->305K(512K)
[2026-06-17T09:52:30.358+0800][49.103s][info][gc             ] GC(1987) Pause Young (Allocation Failure) 39M->32M(58M) 1.498ms
[2026-06-17T09:52:30.358+0800][49.104s][info][gc,cpu         ] GC(1987) User=0.01s Sys=0.00s Real=0.00s
[2026-06-17T09:52:30.379+0800][49.125s][info][gc,start       ] GC(1988) Pause Young (Allocation Failure)
[2026-06-17T09:52:30.381+0800][49.127s][info][gc,heap        ] GC(1988) PSYoungGen: 10396K->2043K(14848K)
[2026-06-17T09:52:30.381+0800][49.127s][info][gc,heap        ] GC(1988) ParOldGen: 32004K->33565K(44032K)
[2026-06-17T09:52:30.382+0800][49.128s][info][gc,metaspace   ] GC(1988) Metaspace: 3166K(4864K)->3166K(4864K) NonClass: 2861K(4352K)->2861K(4352K) Class: 305K(512K)->305K(512K)
[2026-06-17T09:52:30.382+0800][49.128s][info][gc             ] GC(1988) Pause Young (Allocation Failure) 41M->34M(57M) 3.039ms
[2026-06-17T09:52:30.383+0800][49.129s][info][gc,cpu         ] GC(1988) User=0.00s Sys=0.00s Real=0.01s
[2026-06-17T09:52:30.405+0800][49.151s][info][gc,start       ] GC(1989) Pause Young (Allocation Failure)
[2026-06-17T09:52:30.407+0800][49.152s][info][gc,heap        ] GC(1989) PSYoungGen: 10747K->1798K(15360K)
[2026-06-17T09:52:30.407+0800][49.153s][info][gc,heap        ] GC(1989) ParOldGen: 33565K->35270K(44032K)
[2026-06-17T09:52:30.408+0800][49.153s][info][gc,metaspace   ] GC(1989) Metaspace: 3166K(4864K)->3166K(4864K) NonClass: 2861K(4352K)->2861K(4352K) Class: 305K(512K)->305K(512K)
[2026-06-17T09:52:30.408+0800][49.154s][info][gc             ] GC(1989) Pause Young (Allocation Failure) 43M->36M(58M) 3.511ms
[2026-06-17T09:52:30.409+0800][49.155s][info][gc,cpu         ] GC(1989) User=0.00s Sys=0.00s Real=0.00s
[2026-06-17T09:52:30.431+0800][49.177s][info][gc,start       ] GC(1990) Pause Young (Allocation Failure)
[2026-06-17T09:52:30.433+0800][49.179s][info][gc,heap        ] GC(1990) PSYoungGen: 11014K->4387K(15360K)
[2026-06-17T09:52:30.434+0800][49.180s][info][gc,heap        ] GC(1990) ParOldGen: 35270K->35270K(44032K)
[2026-06-17T09:52:30.434+0800][49.180s][info][gc,metaspace   ] GC(1990) Metaspace: 3166K(4864K)->3166K(4864K) NonClass: 2861K(4352K)->2861K(4352K) Class: 305K(512K)->305K(512K)
[2026-06-17T09:52:30.435+0800][49.181s][info][gc             ] GC(1990) Pause Young (Allocation Failure) 45M->38M(58M) 3.814ms
[2026-06-17T09:52:30.435+0800][49.181s][info][gc,cpu         ] GC(1990) User=0.01s Sys=0.00s Real=0.00s
[2026-06-17T09:52:30.458+0800][49.204s][info][gc,start       ] GC(1991) Pause Young (Allocation Failure)
[2026-06-17T09:52:30.460+0800][49.206s][info][gc,heap        ] GC(1991) PSYoungGen: 13600K->5288K(13312K)
[2026-06-17T09:52:30.461+0800][49.206s][info][gc,heap        ] GC(1991) ParOldGen: 35270K->37060K(44032K)
[2026-06-17T09:52:30.461+0800][49.207s][info][gc,metaspace   ] GC(1991) Metaspace: 3166K(4864K)->3166K(4864K) NonClass: 2861K(4352K)->2861K(4352K) Class: 305K(512K)->305K(512K)
[2026-06-17T09:52:30.462+0800][49.207s][info][gc             ] GC(1991) Pause Young (Allocation Failure) 47M->41M(56M) 3.849ms
[2026-06-17T09:52:30.462+0800][49.208s][info][gc,cpu         ] GC(1991) User=0.00s Sys=0.00s Real=0.00s
[2026-06-17T09:52:30.484+0800][49.230s][info][gc,start       ] GC(1992) Pause Young (Allocation Failure)
[2026-06-17T09:52:30.485+0800][49.231s][info][gc,heap        ] GC(1992) PSYoungGen: 12402K->32K(14336K)
[2026-06-17T09:52:30.485+0800][49.231s][info][gc,heap        ] GC(1992) ParOldGen: 37060K->39302K(44032K)
[2026-06-17T09:52:30.486+0800][49.232s][info][gc,metaspace   ] GC(1992) Metaspace: 3166K(4864K)->3166K(4864K) NonClass: 2861K(4352K)->2861K(4352K) Class: 305K(512K)->305K(512K)
[2026-06-17T09:52:30.486+0800][49.232s][info][gc             ] GC(1992) Pause Young (Allocation Failure) 48M->38M(57M) 2.144ms
[2026-06-17T09:52:30.486+0800][49.232s][info][gc,cpu         ] GC(1992) User=0.00s Sys=0.00s Real=0.00s
[2026-06-17T09:52:30.508+0800][49.254s][info][gc,start       ] GC(1993) Pause Young (Allocation Failure)
[2026-06-17T09:52:30.509+0800][49.255s][info][gc,heap        ] GC(1993) PSYoungGen: 7165K->3784K(14336K)
[2026-06-17T09:52:30.509+0800][49.255s][info][gc,heap        ] GC(1993) ParOldGen: 39302K->39310K(44032K)
[2026-06-17T09:52:30.510+0800][49.256s][info][gc,metaspace   ] GC(1993) Metaspace: 3166K(4864K)->3166K(4864K) NonClass: 2861K(4352K)->2861K(4352K) Class: 305K(512K)->305K(512K)
[2026-06-17T09:52:30.510+0800][49.256s][info][gc             ] GC(1993) Pause Young (Allocation Failure) 45M->42M(57M) 2.573ms
[2026-06-17T09:52:30.511+0800][49.257s][info][gc,cpu         ] GC(1993) User=0.01s Sys=0.00s Real=0.01s
[2026-06-17T09:52:30.522+0800][49.268s][info][gc,start       ] GC(1994) Pause Young (Allocation Failure)
[2026-06-17T09:52:30.523+0800][49.269s][info][gc,heap        ] GC(1994) PSYoungGen: 10644K->1627K(14336K)
[2026-06-17T09:52:30.524+0800][49.270s][info][gc,heap        ] GC(1994) ParOldGen: 39310K->41139K(44032K)
[2026-06-17T09:52:30.524+0800][49.270s][info][gc,metaspace   ] GC(1994) Metaspace: 3166K(4864K)->3166K(4864K) NonClass: 2861K(4352K)->2861K(4352K) Class: 305K(512K)->305K(512K)
[2026-06-17T09:52:30.525+0800][49.270s][info][gc             ] GC(1994) Pause Young (Allocation Failure) 48M->41M(57M) 2.348ms
[2026-06-17T09:52:30.525+0800][49.271s][info][gc,cpu         ] GC(1994) User=0.00s Sys=0.00s Real=0.01s
[2026-06-17T09:52:30.525+0800][49.271s][info][gc,start       ] GC(1995) Pause Full (Ergonomics)
[2026-06-17T09:52:30.526+0800][49.272s][info][gc,phases,start] GC(1995) Marking Phase
[2026-06-17T09:52:30.528+0800][49.273s][info][gc,phases      ] GC(1995) Marking Phase 1.456ms
[2026-06-17T09:52:30.528+0800][49.274s][info][gc,phases,start] GC(1995) Summary Phase
[2026-06-17T09:52:30.528+0800][49.274s][info][gc,phases      ] GC(1995) Summary Phase 0.222ms
[2026-06-17T09:52:30.528+0800][49.274s][info][gc,phases,start] GC(1995) Adjust Roots
[2026-06-17T09:52:30.529+0800][49.275s][info][gc,phases      ] GC(1995) Adjust Roots 0.593ms
[2026-06-17T09:52:30.529+0800][49.275s][info][gc,phases,start] GC(1995) Compaction Phase
[2026-06-17T09:52:30.532+0800][49.277s][info][gc,phases      ] GC(1995) Compaction Phase 2.403ms
[2026-06-17T09:52:30.532+0800][49.278s][info][gc,phases,start] GC(1995) Post Compact
[2026-06-17T09:52:30.532+0800][49.278s][info][gc,phases      ] GC(1995) Post Compact 0.293ms
[2026-06-17T09:52:30.532+0800][49.278s][info][gc,heap        ] GC(1995) PSYoungGen: 1627K->0K(14848K)
[2026-06-17T09:52:30.532+0800][49.278s][info][gc,heap        ] GC(1995) ParOldGen: 41139K->26922K(44032K)
[2026-06-17T09:52:30.533+0800][49.278s][info][gc,metaspace   ] GC(1995) Metaspace: 3166K(4864K)->3166K(4864K) NonClass: 2861K(4352K)->2861K(4352K) Class: 305K(512K)->305K(512K)
[2026-06-17T09:52:30.533+0800][49.279s][info][gc             ] GC(1995) Pause Full (Ergonomics) 41M->26M(57M) 7.401ms
[2026-06-17T09:52:30.533+0800][49.279s][info][gc,cpu         ] GC(1995) User=0.00s Sys=0.00s Real=0.01s
[2026-06-17T09:52:30.564+0800][49.310s][info][gc,start       ] GC(1996) Pause Young (Allocation Failure)
[2026-06-17T09:52:30.565+0800][49.311s][info][gc,heap        ] GC(1996) PSYoungGen: 8155K->1472K(14848K)
[2026-06-17T09:52:30.566+0800][49.311s][info][gc,heap        ] GC(1996) ParOldGen: 26922K->26922K(44032K)
[2026-06-17T09:52:30.566+0800][49.312s][info][gc,metaspace   ] GC(1996) Metaspace: 3166K(4864K)->3166K(4864K) NonClass: 2861K(4352K)->2861K(4352K) Class: 305K(512K)->305K(512K)
[2026-06-17T09:52:30.566+0800][49.312s][info][gc             ] GC(1996) Pause Young (Allocation Failure) 34M->27M(57M) 1.958ms
[2026-06-17T09:52:30.566+0800][49.312s][info][gc,cpu         ] GC(1996) User=0.00s Sys=0.00s Real=0.00s
[2026-06-17T09:52:30.578+0800][49.323s][info][gc,start       ] GC(1997) Pause Young (Allocation Failure)
[2026-06-17T09:52:30.579+0800][49.325s][info][gc,heap        ] GC(1997) PSYoungGen: 9659K->4883K(13824K)
[2026-06-17T09:52:30.579+0800][49.325s][info][gc,heap        ] GC(1997) ParOldGen: 26922K->28262K(44032K)
[2026-06-17T09:52:30.580+0800][49.325s][info][gc,metaspace   ] GC(1997) Metaspace: 3166K(4864K)->3166K(4864K) NonClass: 2861K(4352K)->2861K(4352K) Class: 305K(512K)->305K(512K)
[2026-06-17T09:52:30.580+0800][49.326s][info][gc             ] GC(1997) Pause Young (Allocation Failure) 35M->32M(56M) 2.405ms
[2026-06-17T09:52:30.580+0800][49.326s][info][gc,cpu         ] GC(1997) User=0.00s Sys=0.00s Real=0.00s
[2026-06-17T09:52:30.602+0800][49.348s][info][gc,start       ] GC(1998) Pause Young (Allocation Failure)
[2026-06-17T09:52:30.604+0800][49.350s][info][gc,heap        ] GC(1998) PSYoungGen: 12040K->3397K(14336K)
[2026-06-17T09:52:30.605+0800][49.351s][info][gc,heap        ] GC(1998) ParOldGen: 28262K->30239K(44032K)
[2026-06-17T09:52:30.606+0800][49.352s][info][gc,metaspace   ] GC(1998) Metaspace: 3166K(4864K)->3166K(4864K) NonClass: 2861K(4352K)->2861K(4352K) Class: 305K(512K)->305K(512K)
[2026-06-17T09:52:30.607+0800][49.352s][info][gc             ] GC(1998) Pause Young (Allocation Failure) 39M->32M(57M) 4.503ms
[2026-06-17T09:52:30.607+0800][49.353s][info][gc,cpu         ] GC(1998) User=0.00s Sys=0.00s Real=0.01s
[2026-06-17T09:52:30.629+0800][49.375s][info][gc,start       ] GC(1999) Pause Young (Allocation Failure)
[2026-06-17T09:52:30.631+0800][49.377s][info][gc,heap        ] GC(1999) PSYoungGen: 10539K->3547K(14848K)
[2026-06-17T09:52:30.631+0800][49.377s][info][gc,heap        ] GC(1999) ParOldGen: 30239K->30239K(44032K)
[2026-06-17T09:52:30.632+0800][49.378s][info][gc,metaspace   ] GC(1999) Metaspace: 3166K(4864K)->3166K(4864K) NonClass: 2861K(4352K)->2861K(4352K) Class: 305K(512K)->305K(512K)
[2026-06-17T09:52:30.632+0800][49.378s][info][gc             ] GC(1999) Pause Young (Allocation Failure) 39M->32M(57M) 3.465ms
[2026-06-17T09:52:30.633+0800][49.378s][info][gc,cpu         ] GC(1999) User=0.01s Sys=0.00s Real=0.01s
[2026-06-17T09:52:30.655+0800][49.401s][info][gc,start       ] GC(2000) Pause Young (Allocation Failure)
[2026-06-17T09:52:30.657+0800][49.403s][info][gc,heap        ] GC(2000) PSYoungGen: 11211K->2685K(14336K)
[2026-06-17T09:52:30.659+0800][49.405s][info][gc,heap        ] GC(2000) ParOldGen: 30239K->32305K(44032K)
[2026-06-17T09:52:30.663+0800][49.408s][info][gc,metaspace   ] GC(2000) Metaspace: 3166K(4864K)->3166K(4864K) NonClass: 2861K(4352K)->2861K(4352K) Class: 305K(512K)->305K(512K)
[2026-06-17T09:52:30.667+0800][49.412s][info][gc             ] GC(2000) Pause Young (Allocation Failure) 40M->34M(57M) 11.838ms
[2026-06-17T09:52:30.667+0800][49.413s][info][gc,cpu         ] GC(2000) User=0.00s Sys=0.00s Real=0.01s
[2026-06-17T09:52:30.690+0800][49.436s][info][gc,start       ] GC(2001) Pause Young (Allocation Failure)
[2026-06-17T09:52:30.691+0800][49.437s][info][gc,heap        ] GC(2001) PSYoungGen: 10362K->1554K(14848K)
[2026-06-17T09:52:30.691+0800][49.437s][info][gc,heap        ] GC(2001) ParOldGen: 32305K->33945K(44032K)
[2026-06-17T09:52:30.692+0800][49.438s][info][gc,metaspace   ] GC(2001) Metaspace: 3166K(4864K)->3166K(4864K) NonClass: 2861K(4352K)->2861K(4352K) Class: 305K(512K)->305K(512K)
[2026-06-17T09:52:30.692+0800][49.438s][info][gc             ] GC(2001) Pause Young (Allocation Failure) 41M->34M(57M) 2.397ms
[2026-06-17T09:52:30.693+0800][49.438s][info][gc,cpu         ] GC(2001) User=0.00s Sys=0.00s Real=0.01s
[2026-06-17T09:52:30.715+0800][49.460s][info][gc,start       ] GC(2002) Pause Young (Allocation Failure)
[2026-06-17T09:52:30.716+0800][49.462s][info][gc,heap        ] GC(2002) PSYoungGen: 9710K->2746K(14848K)
[2026-06-17T09:52:30.717+0800][49.463s][info][gc,heap        ] GC(2002) ParOldGen: 33945K->33945K(44032K)
[2026-06-17T09:52:30.717+0800][49.463s][info][gc,metaspace   ] GC(2002) Metaspace: 3166K(4864K)->3166K(4864K) NonClass: 2861K(4352K)->2861K(4352K) Class: 305K(512K)->305K(512K)
[2026-06-17T09:52:30.718+0800][49.464s][info][gc             ] GC(2002) Pause Young (Allocation Failure) 42M->35M(57M) 3.419ms
[2026-06-17T09:52:30.719+0800][49.464s][info][gc,cpu         ] GC(2002) User=0.01s Sys=0.00s Real=0.00s
[2026-06-17T09:52:30.741+0800][49.487s][info][gc,start       ] GC(2003) Pause Young (Allocation Failure)
[2026-06-17T09:52:30.743+0800][49.489s][info][gc,heap        ] GC(2003) PSYoungGen: 10937K->2632K(15872K)
[2026-06-17T09:52:30.743+0800][49.489s][info][gc,heap        ] GC(2003) ParOldGen: 33945K->35681K(44032K)
[2026-06-17T09:52:30.744+0800][49.490s][info][gc,metaspace   ] GC(2003) Metaspace: 3166K(4864K)->3166K(4864K) NonClass: 2861K(4352K)->2861K(4352K) Class: 305K(512K)->305K(512K)
[2026-06-17T09:52:30.747+0800][49.493s][info][gc             ] GC(2003) Pause Young (Allocation Failure) 43M->37M(58M) 6.153ms
[2026-06-17T09:52:30.748+0800][49.493s][info][gc,cpu         ] GC(2003) User=0.00s Sys=0.00s Real=0.01s
[2026-06-17T09:52:30.770+0800][49.516s][info][gc,start       ] GC(2004) Pause Young (Allocation Failure)
[2026-06-17T09:52:30.773+0800][49.518s][info][gc,heap        ] GC(2004) PSYoungGen: 12360K->3034K(15360K)
[2026-06-17T09:52:30.773+0800][49.519s][info][gc,heap        ] GC(2004) ParOldGen: 35681K->37991K(44032K)
[2026-06-17T09:52:30.774+0800][49.520s][info][gc,metaspace   ] GC(2004) Metaspace: 3166K(4864K)->3166K(4864K) NonClass: 2861K(4352K)->2861K(4352K) Class: 305K(512K)->305K(512K)
[2026-06-17T09:52:30.775+0800][49.520s][info][gc             ] GC(2004) Pause Young (Allocation Failure) 46M->40M(58M) 4.777ms
[2026-06-17T09:52:30.775+0800][49.521s][info][gc,cpu         ] GC(2004) User=0.00s Sys=0.00s Real=0.01s
[2026-06-17T09:52:30.797+0800][49.543s][info][gc,start       ] GC(2005) Pause Young (Allocation Failure)
[2026-06-17T09:52:30.824+0800][49.570s][info][gc,heap        ] GC(2005) PSYoungGen: 12761K->5394K(14848K)
[2026-06-17T09:52:30.825+0800][49.571s][info][gc,heap        ] GC(2005) ParOldGen: 37991K->39064K(44032K)
[2026-06-17T09:52:30.826+0800][49.572s][info][gc,metaspace   ] GC(2005) Metaspace: 3166K(4864K)->3166K(4864K) NonClass: 2861K(4352K)->2861K(4352K) Class: 305K(512K)->305K(512K)
[2026-06-17T09:52:30.827+0800][49.573s][info][gc             ] GC(2005) Pause Young (Allocation Failure) 49M->43M(57M) 29.231ms
[2026-06-17T09:52:30.827+0800][49.573s][info][gc,cpu         ] GC(2005) User=0.00s Sys=0.00s Real=0.03s
[2026-06-17T09:52:30.860+0800][49.606s][info][gc,start       ] GC(2006) Pause Young (Allocation Failure)
[2026-06-17T09:52:30.863+0800][49.609s][info][gc,heap        ] GC(2006) PSYoungGen: 14580K->2081K(15360K)
[2026-06-17T09:52:30.866+0800][49.612s][info][gc,heap        ] GC(2006) ParOldGen: 39064K->41095K(44032K)
[2026-06-17T09:52:30.903+0800][49.649s][info][gc,metaspace   ] GC(2006) Metaspace: 3166K(4864K)->3166K(4864K) NonClass: 2861K(4352K)->2861K(4352K) Class: 305K(512K)->305K(512K)
[2026-06-17T09:52:30.904+0800][49.650s][info][gc             ] GC(2006) Pause Young (Allocation Failure) 52M->42M(58M) 43.390ms
[2026-06-17T09:52:30.919+0800][49.665s][info][gc,cpu         ] GC(2006) User=0.00s Sys=0.00s Real=0.06s
[2026-06-17T09:52:30.923+0800][49.669s][info][gc,start       ] GC(2007) Pause Full (Ergonomics)
[2026-06-17T09:52:30.928+0800][49.674s][info][gc,phases,start] GC(2007) Marking Phase
[2026-06-17T09:52:30.932+0800][49.678s][info][gc,phases      ] GC(2007) Marking Phase 3.674ms
[2026-06-17T09:52:30.933+0800][49.679s][info][gc,phases,start] GC(2007) Summary Phase
[2026-06-17T09:52:30.933+0800][49.679s][info][gc,phases      ] GC(2007) Summary Phase 0.628ms
[2026-06-17T09:52:30.934+0800][49.680s][info][gc,phases,start] GC(2007) Adjust Roots
[2026-06-17T09:52:30.935+0800][49.681s][info][gc,phases      ] GC(2007) Adjust Roots 0.677ms
[2026-06-17T09:52:30.936+0800][49.681s][info][gc,phases,start] GC(2007) Compaction Phase
[2026-06-17T09:52:30.938+0800][49.684s][info][gc,phases      ] GC(2007) Compaction Phase 2.829ms
[2026-06-17T09:52:30.939+0800][49.685s][info][gc,phases,start] GC(2007) Post Compact
[2026-06-17T09:52:30.939+0800][49.685s][info][gc,phases      ] GC(2007) Post Compact 0.558ms
[2026-06-17T09:52:30.940+0800][49.686s][info][gc,heap        ] GC(2007) PSYoungGen: 2081K->0K(15360K)
[2026-06-17T09:52:30.940+0800][49.686s][info][gc,heap        ] GC(2007) ParOldGen: 41095K->24532K(44032K)
[2026-06-17T09:52:30.941+0800][49.687s][info][gc,metaspace   ] GC(2007) Metaspace: 3166K(4864K)->3166K(4864K) NonClass: 2861K(4352K)->2861K(4352K) Class: 305K(512K)->305K(512K)
[2026-06-17T09:52:30.941+0800][49.687s][info][gc             ] GC(2007) Pause Full (Ergonomics) 42M->23M(58M) 18.096ms
[2026-06-17T09:52:30.941+0800][49.687s][info][gc,cpu         ] GC(2007) User=0.01s Sys=0.00s Real=0.01s
[2026-06-17T09:52:30.963+0800][49.709s][info][gc,start       ] GC(2008) Pause Young (Allocation Failure)
[2026-06-17T09:52:30.964+0800][49.710s][info][gc,heap        ] GC(2008) PSYoungGen: 9173K->5846K(15360K)
[2026-06-17T09:52:30.965+0800][49.711s][info][gc,heap        ] GC(2008) ParOldGen: 24532K->24532K(44032K)
[2026-06-17T09:52:30.965+0800][49.711s][info][gc,metaspace   ] GC(2008) Metaspace: 3166K(4864K)->3166K(4864K) NonClass: 2861K(4352K)->2861K(4352K) Class: 305K(512K)->305K(512K)
[2026-06-17T09:52:30.966+0800][49.712s][info][gc             ] GC(2008) Pause Young (Allocation Failure) 32M->29M(58M) 3.309ms
[2026-06-17T09:52:30.967+0800][49.712s][info][gc,cpu         ] GC(2008) User=0.00s Sys=0.00s Real=0.00s
[2026-06-17T09:52:30.988+0800][49.734s][info][gc,start       ] GC(2009) Pause Young (Allocation Failure)
[2026-06-17T09:52:30.990+0800][49.736s][info][gc,heap        ] GC(2009) PSYoungGen: 15060K->6131K(13312K)
[2026-06-17T09:52:30.991+0800][49.736s][info][gc,heap        ] GC(2009) ParOldGen: 24532K->26662K(44032K)
[2026-06-17T09:52:30.991+0800][49.737s][info][gc,metaspace   ] GC(2009) Metaspace: 3166K(4864K)->3166K(4864K) NonClass: 2861K(4352K)->2861K(4352K) Class: 305K(512K)->305K(512K)
[2026-06-17T09:52:30.992+0800][49.738s][info][gc             ] GC(2009) Pause Young (Allocation Failure) 38M->32M(56M) 3.571ms
[2026-06-17T09:52:30.993+0800][49.738s][info][gc,cpu         ] GC(2009) User=0.01s Sys=0.00s Real=0.01s
[2026-06-17T09:52:31.014+0800][49.760s][info][gc,start       ] GC(2010) Pause Young (Allocation Failure)
[2026-06-17T09:52:31.022+0800][49.768s][info][gc,heap        ] GC(2010) PSYoungGen: 13240K->3596K(14336K)
[2026-06-17T09:52:31.024+0800][49.770s][info][gc,heap        ] GC(2010) ParOldGen: 26662K->30043K(44032K)
[2026-06-17T09:52:31.027+0800][49.773s][info][gc,metaspace   ] GC(2010) Metaspace: 3166K(4864K)->3166K(4864K) NonClass: 2861K(4352K)->2861K(4352K) Class: 305K(512K)->305K(512K)
[2026-06-17T09:52:31.028+0800][49.774s][info][gc             ] GC(2010) Pause Young (Allocation Failure) 38M->32M(57M) 13.317ms
[2026-06-17T09:52:31.029+0800][49.775s][info][gc,cpu         ] GC(2010) User=0.00s Sys=0.00s Real=0.01s
[2026-06-17T09:52:31.041+0800][49.787s][info][gc,start       ] GC(2011) Pause Young (Allocation Failure)
[2026-06-17T09:52:31.045+0800][49.791s][info][gc,heap        ] GC(2011) PSYoungGen: 10489K->1365K(14336K)
[2026-06-17T09:52:31.046+0800][49.792s][info][gc,heap        ] GC(2011) ParOldGen: 30043K->31992K(44032K)
[2026-06-17T09:52:31.048+0800][49.794s][info][gc,metaspace   ] GC(2011) Metaspace: 3166K(4864K)->3166K(4864K) NonClass: 2861K(4352K)->2861K(4352K) Class: 305K(512K)->305K(512K)
[2026-06-17T09:52:31.050+0800][49.796s][info][gc             ] GC(2011) Pause Young (Allocation Failure) 39M->32M(57M) 8.789ms
[2026-06-17T09:52:31.052+0800][49.798s][info][gc,cpu         ] GC(2011) User=0.00s Sys=0.00s Real=0.02s
[2026-06-17T09:52:31.076+0800][49.821s][info][gc,start       ] GC(2012) Pause Young (Allocation Failure)
[2026-06-17T09:52:31.078+0800][49.824s][info][gc,heap        ] GC(2012) PSYoungGen: 8501K->3625K(14336K)
[2026-06-17T09:52:31.081+0800][49.827s][info][gc,heap        ] GC(2012) ParOldGen: 31992K->33333K(44032K)
[2026-06-17T09:52:31.083+0800][49.829s][info][gc,metaspace   ] GC(2012) Metaspace: 3166K(4864K)->3166K(4864K) NonClass: 2861K(4352K)->2861K(4352K) Class: 305K(512K)->305K(512K)
[2026-06-17T09:52:31.084+0800][49.830s][info][gc             ] GC(2012) Pause Young (Allocation Failure) 39M->36M(57M) 8.489ms
[2026-06-17T09:52:31.085+0800][49.831s][info][gc,cpu         ] GC(2012) User=0.01s Sys=0.00s Real=0.01s
[2026-06-17T09:52:31.107+0800][49.853s][info][gc,start       ] GC(2013) Pause Young (Allocation Failure)
[2026-06-17T09:52:31.109+0800][49.855s][info][gc,heap        ] GC(2013) PSYoungGen: 10755K->2803K(14336K)
[2026-06-17T09:52:31.110+0800][49.856s][info][gc,heap        ] GC(2013) ParOldGen: 33333K->34019K(44032K)
[2026-06-17T09:52:31.111+0800][49.856s][info][gc,metaspace   ] GC(2013) Metaspace: 3166K(4864K)->3166K(4864K) NonClass: 2861K(4352K)->2861K(4352K) Class: 305K(512K)->305K(512K)
[2026-06-17T09:52:31.111+0800][49.857s][info][gc             ] GC(2013) Pause Young (Allocation Failure) 43M->35M(57M) 3.726ms
[2026-06-17T09:52:31.112+0800][49.858s][info][gc,cpu         ] GC(2013) User=0.00s Sys=0.00s Real=0.01s
[2026-06-17T09:52:31.123+0800][49.869s][info][gc,start       ] GC(2014) Pause Young (Allocation Failure)
[2026-06-17T09:52:31.125+0800][49.871s][info][gc,heap        ] GC(2014) PSYoungGen: 9938K->4715K(14336K)
[2026-06-17T09:52:31.125+0800][49.871s][info][gc,heap        ] GC(2014) ParOldGen: 34019K->35820K(44032K)
[2026-06-17T09:52:31.126+0800][49.872s][info][gc,metaspace   ] GC(2014) Metaspace: 3166K(4864K)->3166K(4864K) NonClass: 2861K(4352K)->2861K(4352K) Class: 305K(512K)->305K(512K)
[2026-06-17T09:52:31.126+0800][49.872s][info][gc             ] GC(2014) Pause Young (Allocation Failure) 42M->39M(57M) 3.013ms
[2026-06-17T09:52:31.127+0800][49.873s][info][gc,cpu         ] GC(2014) User=0.00s Sys=0.00s Real=0.00s
[2026-06-17T09:52:31.149+0800][49.894s][info][gc,start       ] GC(2015) Pause Young (Allocation Failure)
[2026-06-17T09:52:31.151+0800][49.897s][info][gc,heap        ] GC(2015) PSYoungGen: 11877K->3861K(14336K)
[2026-06-17T09:52:31.152+0800][49.898s][info][gc,heap        ] GC(2015) ParOldGen: 35820K->37157K(44032K)
[2026-06-17T09:52:31.152+0800][49.898s][info][gc,metaspace   ] GC(2015) Metaspace: 3166K(4864K)->3166K(4864K) NonClass: 2861K(4352K)->2861K(4352K) Class: 305K(512K)->305K(512K)
[2026-06-17T09:52:31.153+0800][49.899s][info][gc             ] GC(2015) Pause Young (Allocation Failure) 46M->40M(57M) 4.181ms
[2026-06-17T09:52:31.153+0800][49.899s][info][gc,cpu         ] GC(2015) User=0.01s Sys=0.00s Real=0.01s
[2026-06-17T09:52:31.175+0800][49.921s][info][gc,start       ] GC(2016) Pause Young (Allocation Failure)
[2026-06-17T09:52:31.177+0800][49.923s][info][gc,heap        ] GC(2016) PSYoungGen: 11018K->2117K(14336K)
[2026-06-17T09:52:31.177+0800][49.923s][info][gc,heap        ] GC(2016) ParOldGen: 37157K->39140K(44032K)
[2026-06-17T09:52:31.178+0800][49.924s][info][gc,metaspace   ] GC(2016) Metaspace: 3166K(4864K)->3166K(4864K) NonClass: 2861K(4352K)->2861K(4352K) Class: 305K(512K)->305K(512K)
[2026-06-17T09:52:31.178+0800][49.924s][info][gc             ] GC(2016) Pause Young (Allocation Failure) 47M->40M(57M) 3.172ms
[2026-06-17T09:52:31.179+0800][49.925s][info][gc,cpu         ] GC(2016) User=0.00s Sys=0.00s Real=0.00s
[2026-06-17T09:52:31.201+0800][49.947s][info][gc,start       ] GC(2017) Pause Young (Allocation Failure)
[2026-06-17T09:52:31.202+0800][49.948s][info][gc,heap        ] GC(2017) PSYoungGen: 9250K->2095K(14336K)
[2026-06-17T09:52:31.202+0800][49.948s][info][gc,heap        ] GC(2017) ParOldGen: 39140K->39140K(44032K)
[2026-06-17T09:52:31.203+0800][49.949s][info][gc,metaspace   ] GC(2017) Metaspace: 3166K(4864K)->3166K(4864K) NonClass: 2861K(4352K)->2861K(4352K) Class: 305K(512K)->305K(512K)
[2026-06-17T09:52:31.203+0800][49.949s][info][gc             ] GC(2017) Pause Young (Allocation Failure) 47M->40M(57M) 2.615ms
[2026-06-17T09:52:31.204+0800][49.949s][info][gc,cpu         ] GC(2017) User=0.00s Sys=0.00s Real=0.01s
[2026-06-17T09:52:31.215+0800][49.961s][info][gc,start       ] GC(2018) Pause Young (Allocation Failure)
[2026-06-17T09:52:31.217+0800][49.963s][info][gc,heap        ] GC(2018) PSYoungGen: 9115K->294K(14336K)
[2026-06-17T09:52:31.217+0800][49.963s][info][gc,heap        ] GC(2018) ParOldGen: 39140K->40686K(44032K)
[2026-06-17T09:52:31.218+0800][49.964s][info][gc,metaspace   ] GC(2018) Metaspace: 3166K(4864K)->3166K(4864K) NonClass: 2861K(4352K)->2861K(4352K) Class: 305K(512K)->305K(512K)
[2026-06-17T09:52:31.218+0800][49.964s][info][gc             ] GC(2018) Pause Young (Allocation Failure) 47M->40M(57M) 3.192ms
[2026-06-17T09:52:31.219+0800][49.965s][info][gc,cpu         ] GC(2018) User=0.00s Sys=0.00s Real=0.00s
[2026-06-17T09:52:31.241+0800][49.987s][info][gc,start       ] GC(2019) Pause Young (Allocation Failure)
[2026-06-17T09:52:31.243+0800][49.989s][info][gc,heap        ] GC(2019) PSYoungGen: 7411K->3897K(14336K)
[2026-06-17T09:52:31.244+0800][49.990s][info][gc,heap        ] GC(2019) ParOldGen: 40686K->40956K(44032K)
[2026-06-17T09:52:31.244+0800][49.990s][info][gc,metaspace   ] GC(2019) Metaspace: 3166K(4864K)->3166K(4864K) NonClass: 2861K(4352K)->2861K(4352K) Class: 305K(512K)->305K(512K)
[2026-06-17T09:52:31.245+0800][49.991s][info][gc             ] GC(2019) Pause Young (Allocation Failure) 46M->43M(57M) 3.717ms
[2026-06-17T09:52:31.246+0800][49.992s][info][gc,cpu         ] GC(2019) User=0.01s Sys=0.00s Real=0.01s
[2026-06-17T09:52:31.268+0800][50.014s][info][gc,start       ] GC(2020) Pause Young (Allocation Failure)
[2026-06-17T09:52:31.271+0800][50.017s][info][gc,heap        ] GC(2020) PSYoungGen: 11026K->2372K(14336K)
[2026-06-17T09:52:31.275+0800][50.020s][info][gc,heap        ] GC(2020) ParOldGen: 40956K->42900K(44032K)
[2026-06-17T09:52:31.277+0800][50.023s][info][gc,metaspace   ] GC(2020) Metaspace: 3166K(4864K)->3166K(4864K) NonClass: 2861K(4352K)->2861K(4352K) Class: 305K(512K)->305K(512K)
[2026-06-17T09:52:31.280+0800][50.026s][info][gc             ] GC(2020) Pause Young (Allocation Failure) 50M->44M(57M) 11.590ms
[2026-06-17T09:52:31.280+0800][50.026s][info][gc,cpu         ] GC(2020) User=0.00s Sys=0.00s Real=0.01s
[2026-06-17T09:52:31.281+0800][50.026s][info][gc,start       ] GC(2021) Pause Full (Ergonomics)
[2026-06-17T09:52:31.281+0800][50.027s][info][gc,phases,start] GC(2021) Marking Phase
[2026-06-17T09:52:31.283+0800][50.029s][info][gc,phases      ] GC(2021) Marking Phase 2.253ms
[2026-06-17T09:52:31.284+0800][50.030s][info][gc,phases,start] GC(2021) Summary Phase
[2026-06-17T09:52:31.285+0800][50.030s][info][gc,phases      ] GC(2021) Summary Phase 0.443ms
[2026-06-17T09:52:31.285+0800][50.031s][info][gc,phases,start] GC(2021) Adjust Roots
[2026-06-17T09:52:31.285+0800][50.031s][info][gc,phases      ] GC(2021) Adjust Roots 0.499ms
[2026-06-17T09:52:31.286+0800][50.032s][info][gc,phases,start] GC(2021) Compaction Phase
[2026-06-17T09:52:31.288+0800][50.034s][info][gc,phases      ] GC(2021) Compaction Phase 2.368ms
[2026-06-17T09:52:31.289+0800][50.034s][info][gc,phases,start] GC(2021) Post Compact
[2026-06-17T09:52:31.290+0800][50.036s][info][gc,phases      ] GC(2021) Post Compact 1.214ms
[2026-06-17T09:52:31.290+0800][50.036s][info][gc,heap        ] GC(2021) PSYoungGen: 2372K->0K(14848K)
[2026-06-17T09:52:31.290+0800][50.036s][info][gc,heap        ] GC(2021) ParOldGen: 42900K->31051K(44032K)
[2026-06-17T09:52:31.291+0800][50.036s][info][gc,metaspace   ] GC(2021) Metaspace: 3166K(4864K)->3166K(4864K) NonClass: 2861K(4352K)->2861K(4352K) Class: 305K(512K)->305K(512K)
[2026-06-17T09:52:31.291+0800][50.037s][info][gc             ] GC(2021) Pause Full (Ergonomics) 44M->30M(57M) 10.115ms
[2026-06-17T09:52:31.291+0800][50.037s][info][gc,cpu         ] GC(2021) User=0.01s Sys=0.00s Real=0.02s
[2026-06-17T09:52:31.312+0800][50.058s][info][gc,start       ] GC(2022) Pause Young (Allocation Failure)
[2026-06-17T09:52:31.314+0800][50.060s][info][gc,heap        ] GC(2022) PSYoungGen: 8154K->5200K(13824K)
[2026-06-17T09:52:31.315+0800][50.061s][info][gc,heap        ] GC(2022) ParOldGen: 31051K->31051K(44032K)
[2026-06-17T09:52:31.315+0800][50.061s][info][gc,metaspace   ] GC(2022) Metaspace: 3166K(4864K)->3166K(4864K) NonClass: 2861K(4352K)->2861K(4352K) Class: 305K(512K)->305K(512K)
[2026-06-17T09:52:31.316+0800][50.062s][info][gc             ] GC(2022) Pause Young (Allocation Failure) 38M->35M(56M) 3.683ms
[2026-06-17T09:52:31.317+0800][50.062s][info][gc,cpu         ] GC(2022) User=0.00s Sys=0.00s Real=0.00s
[2026-06-17T09:52:31.339+0800][50.085s][info][gc,start       ] GC(2023) Pause Young (Allocation Failure)
[2026-06-17T09:52:31.342+0800][50.087s][info][gc,heap        ] GC(2023) PSYoungGen: 13353K->3127K(14336K)
[2026-06-17T09:52:31.342+0800][50.088s][info][gc,heap        ] GC(2023) ParOldGen: 31051K->34355K(44032K)
[2026-06-17T09:52:31.342+0800][50.088s][info][gc,metaspace   ] GC(2023) Metaspace: 3166K(4864K)->3166K(4864K) NonClass: 2861K(4352K)->2861K(4352K) Class: 305K(512K)->305K(512K)
[2026-06-17T09:52:31.342+0800][50.088s][info][gc             ] GC(2023) Pause Young (Allocation Failure) 43M->36M(57M) 3.363ms
[2026-06-17T09:52:31.343+0800][50.089s][info][gc,cpu         ] GC(2023) User=0.01s Sys=0.00s Real=0.01s
[2026-06-17T09:52:31.355+0800][50.101s][info][gc,start       ] GC(2024) Pause Young (Allocation Failure)
[2026-06-17T09:52:31.356+0800][50.102s][info][gc,heap        ] GC(2024) PSYoungGen: 10279K->1406K(14336K)
[2026-06-17T09:52:31.356+0800][50.102s][info][gc,heap        ] GC(2024) ParOldGen: 34355K->36246K(44032K)
[2026-06-17T09:52:31.356+0800][50.102s][info][gc,metaspace   ] GC(2024) Metaspace: 3166K(4864K)->3166K(4864K) NonClass: 2861K(4352K)->2861K(4352K) Class: 305K(512K)->305K(512K)
[2026-06-17T09:52:31.357+0800][50.102s][info][gc             ] GC(2024) Pause Young (Allocation Failure) 43M->36M(57M) 1.451ms
[2026-06-17T09:52:31.357+0800][50.103s][info][gc,cpu         ] GC(2024) User=0.00s Sys=0.00s Real=0.00s
[2026-06-17T09:52:31.378+0800][50.124s][info][gc,start       ] GC(2025) Pause Young (Allocation Failure)
[2026-06-17T09:52:31.381+0800][50.126s][info][gc,heap        ] GC(2025) PSYoungGen: 8530K->3574K(14848K)
[2026-06-17T09:52:31.384+0800][50.129s][info][gc,heap        ] GC(2025) ParOldGen: 36246K->37628K(44032K)
[2026-06-17T09:52:31.387+0800][50.132s][info][gc,metaspace   ] GC(2025) Metaspace: 3166K(4864K)->3166K(4864K) NonClass: 2861K(4352K)->2861K(4352K) Class: 305K(512K)->305K(512K)
[2026-06-17T09:52:31.387+0800][50.133s][info][gc             ] GC(2025) Pause Young (Allocation Failure) 43M->40M(57M) 9.114ms
[2026-06-17T09:52:31.388+0800][50.134s][info][gc,cpu         ] GC(2025) User=0.00s Sys=0.00s Real=0.01s
[2026-06-17T09:52:31.409+0800][50.155s][info][gc,start       ] GC(2026) Pause Young (Allocation Failure)
[2026-06-17T09:52:31.410+0800][50.156s][info][gc,heap        ] GC(2026) PSYoungGen: 11213K->2008K(14336K)
[2026-06-17T09:52:31.411+0800][50.157s][info][gc,heap        ] GC(2026) ParOldGen: 37628K->39728K(44032K)
[2026-06-17T09:52:31.411+0800][50.157s][info][gc,metaspace   ] GC(2026) Metaspace: 3166K(4864K)->3166K(4864K) NonClass: 2861K(4352K)->2861K(4352K) Class: 305K(512K)->305K(512K)
[2026-06-17T09:52:31.411+0800][50.157s][info][gc             ] GC(2026) Pause Young (Allocation Failure) 47M->40M(57M) 2.271ms
[2026-06-17T09:52:31.412+0800][50.158s][info][gc,cpu         ] GC(2026) User=0.00s Sys=0.00s Real=0.01s
[2026-06-17T09:52:31.433+0800][50.179s][info][gc,start       ] GC(2027) Pause Young (Allocation Failure)
[2026-06-17T09:52:31.435+0800][50.181s][info][gc,heap        ] GC(2027) PSYoungGen: 9660K->428K(14848K)
[2026-06-17T09:52:31.436+0800][50.182s][info][gc,heap        ] GC(2027) ParOldGen: 39728K->41622K(44032K)
[2026-06-17T09:52:31.436+0800][50.182s][info][gc,metaspace   ] GC(2027) Metaspace: 3166K(4864K)->3166K(4864K) NonClass: 2861K(4352K)->2861K(4352K) Class: 305K(512K)->305K(512K)
[2026-06-17T09:52:31.437+0800][50.183s][info][gc             ] GC(2027) Pause Young (Allocation Failure) 48M->41M(57M) 3.359ms
[2026-06-17T09:52:31.437+0800][50.183s][info][gc,cpu         ] GC(2027) User=0.00s Sys=0.00s Real=0.00s
[2026-06-17T09:52:31.438+0800][50.184s][info][gc,start       ] GC(2028) Pause Full (Ergonomics)
[2026-06-17T09:52:31.438+0800][50.184s][info][gc,phases,start] GC(2028) Marking Phase
[2026-06-17T09:52:31.440+0800][50.186s][info][gc,phases      ] GC(2028) Marking Phase 2.118ms
[2026-06-17T09:52:31.441+0800][50.187s][info][gc,phases,start] GC(2028) Summary Phase
[2026-06-17T09:52:31.441+0800][50.187s][info][gc,phases      ] GC(2028) Summary Phase 0.336ms
[2026-06-17T09:52:31.441+0800][50.187s][info][gc,phases,start] GC(2028) Adjust Roots
[2026-06-17T09:52:31.442+0800][50.188s][info][gc,phases      ] GC(2028) Adjust Roots 0.431ms
[2026-06-17T09:52:31.442+0800][50.188s][info][gc,phases,start] GC(2028) Compaction Phase
[2026-06-17T09:52:31.444+0800][50.190s][info][gc,phases      ] GC(2028) Compaction Phase 2.029ms
[2026-06-17T09:52:31.445+0800][50.190s][info][gc,phases,start] GC(2028) Post Compact
[2026-06-17T09:52:31.445+0800][50.191s][info][gc,phases      ] GC(2028) Post Compact 0.345ms
[2026-06-17T09:52:31.445+0800][50.191s][info][gc,heap        ] GC(2028) PSYoungGen: 428K->0K(14848K)
[2026-06-17T09:52:31.445+0800][50.191s][info][gc,heap        ] GC(2028) ParOldGen: 41622K->29502K(44032K)
[2026-06-17T09:52:31.446+0800][50.191s][info][gc,metaspace   ] GC(2028) Metaspace: 3166K(4864K)->3166K(4864K) NonClass: 2861K(4352K)->2861K(4352K) Class: 305K(512K)->305K(512K)
[2026-06-17T09:52:31.446+0800][50.192s][info][gc             ] GC(2028) Pause Full (Ergonomics) 41M->28M(57M) 8.170ms
[2026-06-17T09:52:31.446+0800][50.192s][info][gc,cpu         ] GC(2028) User=0.00s Sys=0.01s Real=0.01s
[2026-06-17T09:52:31.458+0800][50.203s][info][gc,start       ] GC(2029) Pause Young (Allocation Failure)
[2026-06-17T09:52:31.459+0800][50.205s][info][gc,heap        ] GC(2029) PSYoungGen: 8168K->6645K(13824K)
[2026-06-17T09:52:31.460+0800][50.206s][info][gc,heap        ] GC(2029) ParOldGen: 29502K->31076K(44032K)
[2026-06-17T09:52:31.460+0800][50.206s][info][gc,metaspace   ] GC(2029) Metaspace: 3166K(4864K)->3166K(4864K) NonClass: 2861K(4352K)->2861K(4352K) Class: 305K(512K)->305K(512K)
[2026-06-17T09:52:31.461+0800][50.206s][info][gc             ] GC(2029) Pause Young (Allocation Failure) 36M->36M(56M) 3.041ms
[2026-06-17T09:52:31.461+0800][50.207s][info][gc,cpu         ] GC(2029) User=0.01s Sys=0.00s Real=0.00s
[2026-06-17T09:52:31.483+0800][50.229s][info][gc,start       ] GC(2030) Pause Young (Allocation Failure)
[2026-06-17T09:52:31.485+0800][50.231s][info][gc,heap        ] GC(2030) PSYoungGen: 13808K->3143K(14336K)
[2026-06-17T09:52:31.485+0800][50.231s][info][gc,heap        ] GC(2030) ParOldGen: 31076K->34726K(44032K)
[2026-06-17T09:52:31.486+0800][50.232s][info][gc,metaspace   ] GC(2030) Metaspace: 3166K(4864K)->3166K(4864K) NonClass: 2861K(4352K)->2861K(4352K) Class: 305K(512K)->305K(512K)
[2026-06-17T09:52:31.486+0800][50.232s][info][gc             ] GC(2030) Pause Young (Allocation Failure) 43M->36M(57M) 3.721ms
[2026-06-17T09:52:31.487+0800][50.233s][info][gc,cpu         ] GC(2030) User=0.00s Sys=0.00s Real=0.00s
[2026-06-17T09:52:31.509+0800][50.255s][info][gc,start       ] GC(2031) Pause Young (Allocation Failure)
[2026-06-17T09:52:31.511+0800][50.256s][info][gc,heap        ] GC(2031) PSYoungGen: 10286K->3431K(14336K)
[2026-06-17T09:52:31.511+0800][50.257s][info][gc,heap        ] GC(2031) ParOldGen: 34726K->34726K(44032K)
[2026-06-17T09:52:31.512+0800][50.258s][info][gc,metaspace   ] GC(2031) Metaspace: 3166K(4864K)->3166K(4864K) NonClass: 2861K(4352K)->2861K(4352K) Class: 305K(512K)->305K(512K)
[2026-06-17T09:52:31.512+0800][50.258s][info][gc             ] GC(2031) Pause Young (Allocation Failure) 43M->37M(57M) 3.208ms
[2026-06-17T09:52:31.512+0800][50.258s][info][gc,cpu         ] GC(2031) User=0.00s Sys=0.00s Real=0.01s
[2026-06-17T09:52:31.534+0800][50.280s][info][gc,start       ] GC(2032) Pause Young (Allocation Failure)
[2026-06-17T09:52:31.537+0800][50.283s][info][gc,heap        ] GC(2032) PSYoungGen: 10589K->1774K(14336K)
[2026-06-17T09:52:31.538+0800][50.284s][info][gc,heap        ] GC(2032) ParOldGen: 34726K->36607K(44032K)
[2026-06-17T09:52:31.541+0800][50.286s][info][gc,metaspace   ] GC(2032) Metaspace: 3166K(4864K)->3166K(4864K) NonClass: 2861K(4352K)->2861K(4352K) Class: 305K(512K)->305K(512K)
[2026-06-17T09:52:31.545+0800][50.290s][info][gc             ] GC(2032) Pause Young (Allocation Failure) 44M->37M(57M) 10.057ms
[2026-06-17T09:52:31.546+0800][50.292s][info][gc,cpu         ] GC(2032) User=0.00s Sys=0.00s Real=0.01s
[2026-06-17T09:52:31.569+0800][50.314s][info][gc,start       ] GC(2033) Pause Young (Allocation Failure)
[2026-06-17T09:52:31.570+0800][50.316s][info][gc,heap        ] GC(2033) PSYoungGen: 8906K->60K(14336K)
[2026-06-17T09:52:31.571+0800][50.317s][info][gc,heap        ] GC(2033) ParOldGen: 36607K->38357K(44032K)
[2026-06-17T09:52:31.571+0800][50.317s][info][gc,metaspace   ] GC(2033) Metaspace: 3166K(4864K)->3166K(4864K) NonClass: 2861K(4352K)->2861K(4352K) Class: 305K(512K)->305K(512K)
[2026-06-17T09:52:31.572+0800][50.318s][info][gc             ] GC(2033) Pause Young (Allocation Failure) 44M->37M(57M) 3.279ms
[2026-06-17T09:52:31.572+0800][50.318s][info][gc,cpu         ] GC(2033) User=0.00s Sys=0.01s Real=0.01s
[2026-06-17T09:52:31.584+0800][50.330s][info][gc,start       ] GC(2034) Pause Young (Allocation Failure)
[2026-06-17T09:52:31.586+0800][50.332s][info][gc,heap        ] GC(2034) PSYoungGen: 7217K->3869K(14336K)
[2026-06-17T09:52:31.587+0800][50.332s][info][gc,heap        ] GC(2034) ParOldGen: 38357K->38357K(44032K)
[2026-06-17T09:52:31.587+0800][50.333s][info][gc,metaspace   ] GC(2034) Metaspace: 3166K(4864K)->3166K(4864K) NonClass: 2861K(4352K)->2861K(4352K) Class: 305K(512K)->305K(512K)
[2026-06-17T09:52:31.588+0800][50.334s][info][gc             ] GC(2034) Pause Young (Allocation Failure) 44M->41M(57M) 3.634ms
[2026-06-17T09:52:31.588+0800][50.334s][info][gc,cpu         ] GC(2034) User=0.00s Sys=0.00s Real=0.00s
[2026-06-17T09:52:31.610+0800][50.356s][info][gc,start       ] GC(2035) Pause Young (Allocation Failure)
[2026-06-17T09:52:31.615+0800][50.361s][info][gc,heap        ] GC(2035) PSYoungGen: 10994K->2106K(14848K)
[2026-06-17T09:52:31.617+0800][50.363s][info][gc,heap        ] GC(2035) ParOldGen: 38357K->40200K(44032K)
[2026-06-17T09:52:31.618+0800][50.364s][info][gc,metaspace   ] GC(2035) Metaspace: 3166K(4864K)->3166K(4864K) NonClass: 2861K(4352K)->2861K(4352K) Class: 305K(512K)->305K(512K)
[2026-06-17T09:52:31.618+0800][50.364s][info][gc             ] GC(2035) Pause Young (Allocation Failure) 48M->41M(57M) 8.007ms
[2026-06-17T09:52:31.619+0800][50.364s][info][gc,cpu         ] GC(2035) User=0.01s Sys=0.00s Real=0.01s
[2026-06-17T09:52:31.630+0800][50.376s][info][gc,start       ] GC(2036) Pause Young (Allocation Failure)
[2026-06-17T09:52:31.631+0800][50.377s][info][gc,heap        ] GC(2036) PSYoungGen: 9772K->5009K(14336K)
[2026-06-17T09:52:31.632+0800][50.378s][info][gc,heap        ] GC(2036) ParOldGen: 40200K->41615K(44032K)
[2026-06-17T09:52:31.632+0800][50.378s][info][gc,metaspace   ] GC(2036) Metaspace: 3166K(4864K)->3166K(4864K) NonClass: 2861K(4352K)->2861K(4352K) Class: 305K(512K)->305K(512K)
[2026-06-17T09:52:31.633+0800][50.379s][info][gc             ] GC(2036) Pause Young (Allocation Failure) 48M->45M(57M) 2.615ms
[2026-06-17T09:52:31.633+0800][50.379s][info][gc,cpu         ] GC(2036) User=0.00s Sys=0.00s Real=0.01s
[2026-06-17T09:52:31.633+0800][50.379s][info][gc,start       ] GC(2037) Pause Full (Ergonomics)
[2026-06-17T09:52:31.634+0800][50.379s][info][gc,phases,start] GC(2037) Marking Phase
[2026-06-17T09:52:31.635+0800][50.380s][info][gc,phases      ] GC(2037) Marking Phase 1.059ms
[2026-06-17T09:52:31.635+0800][50.381s][info][gc,phases,start] GC(2037) Summary Phase
[2026-06-17T09:52:31.635+0800][50.381s][info][gc,phases      ] GC(2037) Summary Phase 0.161ms
[2026-06-17T09:52:31.635+0800][50.381s][info][gc,phases,start] GC(2037) Adjust Roots
[2026-06-17T09:52:31.635+0800][50.381s][info][gc,phases      ] GC(2037) Adjust Roots 0.293ms
[2026-06-17T09:52:31.636+0800][50.382s][info][gc,phases,start] GC(2037) Compaction Phase
[2026-06-17T09:52:31.638+0800][50.383s][info][gc,phases      ] GC(2037) Compaction Phase 1.801ms
[2026-06-17T09:52:31.638+0800][50.384s][info][gc,phases,start] GC(2037) Post Compact
[2026-06-17T09:52:31.638+0800][50.384s][info][gc,phases      ] GC(2037) Post Compact 0.223ms
[2026-06-17T09:52:31.638+0800][50.384s][info][gc,heap        ] GC(2037) PSYoungGen: 5009K->0K(14336K)
[2026-06-17T09:52:31.638+0800][50.384s][info][gc,heap        ] GC(2037) ParOldGen: 41615K->26924K(44032K)
[2026-06-17T09:52:31.638+0800][50.384s][info][gc,metaspace   ] GC(2037) Metaspace: 3166K(4864K)->3166K(4864K) NonClass: 2861K(4352K)->2861K(4352K) Class: 305K(512K)->305K(512K)
[2026-06-17T09:52:31.639+0800][50.384s][info][gc             ] GC(2037) Pause Full (Ergonomics) 45M->26M(57M) 5.267ms
[2026-06-17T09:52:31.639+0800][50.385s][info][gc,cpu         ] GC(2037) User=0.00s Sys=0.00s Real=0.00s
[2026-06-17T09:52:31.660+0800][50.406s][info][gc,start       ] GC(2038) Pause Young (Allocation Failure)
[2026-06-17T09:52:31.661+0800][50.406s][info][gc,heap        ] GC(2038) PSYoungGen: 7148K->239K(14336K)
[2026-06-17T09:52:31.661+0800][50.407s][info][gc,heap        ] GC(2038) ParOldGen: 26924K->26924K(44032K)
[2026-06-17T09:52:31.661+0800][50.407s][info][gc,metaspace   ] GC(2038) Metaspace: 3166K(4864K)->3166K(4864K) NonClass: 2861K(4352K)->2861K(4352K) Class: 305K(512K)->305K(512K)
[2026-06-17T09:52:31.662+0800][50.407s][info][gc             ] GC(2038) Pause Young (Allocation Failure) 33M->26M(57M) 1.728ms
[2026-06-17T09:52:31.662+0800][50.408s][info][gc,cpu         ] GC(2038) User=0.00s Sys=0.00s Real=0.00s
[2026-06-17T09:52:31.683+0800][50.429s][info][gc,start       ] GC(2039) Pause Young (Allocation Failure)
[2026-06-17T09:52:31.684+0800][50.430s][info][gc,heap        ] GC(2039) PSYoungGen: 7400K->3509K(14336K)
[2026-06-17T09:52:31.684+0800][50.430s][info][gc,heap        ] GC(2039) ParOldGen: 26924K->27146K(44032K)
[2026-06-17T09:52:31.685+0800][50.430s][info][gc,metaspace   ] GC(2039) Metaspace: 3166K(4864K)->3166K(4864K) NonClass: 2861K(4352K)->2861K(4352K) Class: 305K(512K)->305K(512K)
[2026-06-17T09:52:31.685+0800][50.431s][info][gc             ] GC(2039) Pause Young (Allocation Failure) 33M->29M(57M) 1.643ms
[2026-06-17T09:52:31.685+0800][50.431s][info][gc,cpu         ] GC(2039) User=0.00s Sys=0.00s Real=0.00s
[2026-06-17T09:52:31.696+0800][50.442s][info][gc,start       ] GC(2040) Pause Young (Allocation Failure)
[2026-06-17T09:52:31.697+0800][50.443s][info][gc,heap        ] GC(2040) PSYoungGen: 10533K->1742K(14336K)
[2026-06-17T09:52:31.697+0800][50.443s][info][gc,heap        ] GC(2040) ParOldGen: 27146K->29010K(44032K)
[2026-06-17T09:52:31.697+0800][50.443s][info][gc,metaspace   ] GC(2040) Metaspace: 3166K(4864K)->3166K(4864K) NonClass: 2861K(4352K)->2861K(4352K) Class: 305K(512K)->305K(512K)
[2026-06-17T09:52:31.697+0800][50.443s][info][gc             ] GC(2040) Pause Young (Allocation Failure) 36M->30M(57M) 1.327ms
[2026-06-17T09:52:31.698+0800][50.443s][info][gc,cpu         ] GC(2040) User=0.00s Sys=0.00s Real=0.00s
[2026-06-17T09:52:31.719+0800][50.465s][info][gc,start       ] GC(2041) Pause Young (Allocation Failure)
[2026-06-17T09:52:31.720+0800][50.466s][info][gc,heap        ] GC(2041) PSYoungGen: 8882K->3457K(14848K)
[2026-06-17T09:52:31.721+0800][50.466s][info][gc,heap        ] GC(2041) ParOldGen: 29010K->30728K(44032K)
[2026-06-17T09:52:31.721+0800][50.467s][info][gc,metaspace   ] GC(2041) Metaspace: 3166K(4864K)->3166K(4864K) NonClass: 2861K(4352K)->2861K(4352K) Class: 305K(512K)->305K(512K)
[2026-06-17T09:52:31.721+0800][50.467s][info][gc             ] GC(2041) Pause Young (Allocation Failure) 37M->33M(57M) 2.459ms
[2026-06-17T09:52:31.722+0800][50.467s][info][gc,cpu         ] GC(2041) User=0.00s Sys=0.00s Real=0.00s
[2026-06-17T09:52:31.743+0800][50.489s][info][gc,start       ] GC(2042) Pause Young (Allocation Failure)
[2026-06-17T09:52:31.745+0800][50.491s][info][gc,heap        ] GC(2042) PSYoungGen: 11110K->3345K(14336K)
[2026-06-17T09:52:31.746+0800][50.492s][info][gc,heap        ] GC(2042) ParOldGen: 30728K->31432K(44032K)
[2026-06-17T09:52:31.746+0800][50.492s][info][gc,metaspace   ] GC(2042) Metaspace: 3166K(4864K)->3166K(4864K) NonClass: 2861K(4352K)->2861K(4352K) Class: 305K(512K)->305K(512K)
[2026-06-17T09:52:31.747+0800][50.493s][info][gc             ] GC(2042) Pause Young (Allocation Failure) 40M->33M(57M) 3.472ms
[2026-06-17T09:52:31.747+0800][50.493s][info][gc,cpu         ] GC(2042) User=0.00s Sys=0.00s Real=0.00s
[2026-06-17T09:52:31.769+0800][50.515s][info][gc,start       ] GC(2043) Pause Young (Allocation Failure)
[2026-06-17T09:52:31.771+0800][50.517s][info][gc,heap        ] GC(2043) PSYoungGen: 11004K->2203K(14848K)
[2026-06-17T09:52:31.776+0800][50.522s][info][gc,heap        ] GC(2043) ParOldGen: 31432K->33219K(44032K)
[2026-06-17T09:52:31.777+0800][50.523s][info][gc,metaspace   ] GC(2043) Metaspace: 3166K(4864K)->3166K(4864K) NonClass: 2861K(4352K)->2861K(4352K) Class: 305K(512K)->305K(512K)
[2026-06-17T09:52:31.778+0800][50.524s][info][gc             ] GC(2043) Pause Young (Allocation Failure) 41M->34M(57M) 8.804ms
[2026-06-17T09:52:31.780+0800][50.526s][info][gc,cpu         ] GC(2043) User=0.00s Sys=0.01s Real=0.01s
[2026-06-17T09:52:31.807+0800][50.552s][info][gc,start       ] GC(2044) Pause Young (Allocation Failure)
[2026-06-17T09:52:31.808+0800][50.554s][info][gc,heap        ] GC(2044) PSYoungGen: 10382K->3298K(14848K)
[2026-06-17T09:52:31.809+0800][50.554s][info][gc,heap        ] GC(2044) ParOldGen: 33219K->33219K(44032K)
[2026-06-17T09:52:31.809+0800][50.555s][info][gc,metaspace   ] GC(2044) Metaspace: 3166K(4864K)->3166K(4864K) NonClass: 2861K(4352K)->2861K(4352K) Class: 305K(512K)->305K(512K)
[2026-06-17T09:52:31.810+0800][50.555s][info][gc             ] GC(2044) Pause Young (Allocation Failure) 42M->35M(57M) 2.972ms
[2026-06-17T09:52:31.810+0800][50.556s][info][gc,cpu         ] GC(2044) User=0.00s Sys=0.00s Real=0.00s
[2026-06-17T09:52:31.832+0800][50.578s][info][gc,start       ] GC(2045) Pause Young (Allocation Failure)
[2026-06-17T09:52:31.835+0800][50.580s][info][gc,heap        ] GC(2045) PSYoungGen: 11475K->2315K(15360K)
[2026-06-17T09:52:31.836+0800][50.582s][info][gc,heap        ] GC(2045) ParOldGen: 33219K->35060K(44032K)
[2026-06-17T09:52:31.837+0800][50.583s][info][gc,metaspace   ] GC(2045) Metaspace: 3166K(4864K)->3166K(4864K) NonClass: 2861K(4352K)->2861K(4352K) Class: 305K(512K)->305K(512K)
[2026-06-17T09:52:31.837+0800][50.583s][info][gc             ] GC(2045) Pause Young (Allocation Failure) 43M->36M(58M) 5.008ms
[2026-06-17T09:52:31.838+0800][50.584s][info][gc,cpu         ] GC(2045) User=0.01s Sys=0.00s Real=0.00s
[2026-06-17T09:52:31.860+0800][50.606s][info][gc,start       ] GC(2046) Pause Young (Allocation Failure)
[2026-06-17T09:52:31.862+0800][50.608s][info][gc,heap        ] GC(2046) PSYoungGen: 11522K->3138K(15360K)
[2026-06-17T09:52:31.863+0800][50.609s][info][gc,heap        ] GC(2046) ParOldGen: 35060K->36937K(44032K)
[2026-06-17T09:52:31.863+0800][50.609s][info][gc,metaspace   ] GC(2046) Metaspace: 3166K(4864K)->3166K(4864K) NonClass: 2861K(4352K)->2861K(4352K) Class: 305K(512K)->305K(512K)
[2026-06-17T09:52:31.864+0800][50.610s][info][gc             ] GC(2046) Pause Young (Allocation Failure) 45M->39M(58M) 3.964ms
[2026-06-17T09:52:31.865+0800][50.611s][info][gc,cpu         ] GC(2046) User=0.00s Sys=0.00s Real=0.01s
[2026-06-17T09:52:31.888+0800][50.634s][info][gc,start       ] GC(2047) Pause Young (Allocation Failure)
[2026-06-17T09:52:31.891+0800][50.637s][info][gc,heap        ] GC(2047) PSYoungGen: 12349K->3837K(14848K)
[2026-06-17T09:52:31.891+0800][50.637s][info][gc,heap        ] GC(2047) ParOldGen: 36937K->38448K(44032K)
[2026-06-17T09:52:31.894+0800][50.640s][info][gc,metaspace   ] GC(2047) Metaspace: 3166K(4864K)->3166K(4864K) NonClass: 2861K(4352K)->2861K(4352K) Class: 305K(512K)->305K(512K)
[2026-06-17T09:52:31.896+0800][50.642s][info][gc             ] GC(2047) Pause Young (Allocation Failure) 48M->41M(57M) 7.877ms
[2026-06-17T09:52:31.897+0800][50.642s][info][gc,cpu         ] GC(2047) User=0.01s Sys=0.00s Real=0.01s
[2026-06-17T09:52:31.920+0800][50.666s][info][gc,start       ] GC(2048) Pause Young (Allocation Failure)
[2026-06-17T09:52:31.923+0800][50.668s][info][gc,heap        ] GC(2048) PSYoungGen: 13032K->4572K(15360K)
[2026-06-17T09:52:31.923+0800][50.669s][info][gc,heap        ] GC(2048) ParOldGen: 38448K->40146K(44032K)
[2026-06-17T09:52:31.924+0800][50.669s][info][gc,metaspace   ] GC(2048) Metaspace: 3166K(4864K)->3166K(4864K) NonClass: 2861K(4352K)->2861K(4352K) Class: 305K(512K)->305K(512K)
[2026-06-17T09:52:31.924+0800][50.670s][info][gc             ] GC(2048) Pause Young (Allocation Failure) 50M->43M(58M) 3.519ms
[2026-06-17T09:52:31.924+0800][50.670s][info][gc,cpu         ] GC(2048) User=0.00s Sys=0.00s Real=0.01s
[2026-06-17T09:52:31.946+0800][50.692s][info][gc,start       ] GC(2049) Pause Young (Allocation Failure)
[2026-06-17T09:52:31.948+0800][50.694s][info][gc,heap        ] GC(2049) PSYoungGen: 13582K->1009K(15360K)
[2026-06-17T09:52:31.948+0800][50.694s][info][gc,heap        ] GC(2049) ParOldGen: 40146K->42483K(44032K)
[2026-06-17T09:52:31.949+0800][50.694s][info][gc,metaspace   ] GC(2049) Metaspace: 3166K(4864K)->3166K(4864K) NonClass: 2861K(4352K)->2861K(4352K) Class: 305K(512K)->305K(512K)
[2026-06-17T09:52:31.949+0800][50.695s][info][gc             ] GC(2049) Pause Young (Allocation Failure) 52M->42M(58M) 2.631ms
[2026-06-17T09:52:31.949+0800][50.695s][info][gc,cpu         ] GC(2049) User=0.00s Sys=0.00s Real=0.00s
[2026-06-17T09:52:31.950+0800][50.696s][info][gc,start       ] GC(2050) Pause Full (Ergonomics)
[2026-06-17T09:52:31.950+0800][50.696s][info][gc,phases,start] GC(2050) Marking Phase
[2026-06-17T09:52:31.952+0800][50.698s][info][gc,phases      ] GC(2050) Marking Phase 1.915ms
[2026-06-17T09:52:31.953+0800][50.698s][info][gc,phases,start] GC(2050) Summary Phase
[2026-06-17T09:52:31.953+0800][50.699s][info][gc,phases      ] GC(2050) Summary Phase 0.302ms
[2026-06-17T09:52:31.953+0800][50.699s][info][gc,phases,start] GC(2050) Adjust Roots
[2026-06-17T09:52:31.954+0800][50.699s][info][gc,phases      ] GC(2050) Adjust Roots 0.390ms
[2026-06-17T09:52:31.954+0800][50.700s][info][gc,phases,start] GC(2050) Compaction Phase
[2026-06-17T09:52:31.956+0800][50.702s][info][gc,phases      ] GC(2050) Compaction Phase 2.412ms
[2026-06-17T09:52:31.957+0800][50.702s][info][gc,phases,start] GC(2050) Post Compact
[2026-06-17T09:52:31.957+0800][50.703s][info][gc,phases      ] GC(2050) Post Compact 0.335ms
[2026-06-17T09:52:31.957+0800][50.703s][info][gc,heap        ] GC(2050) PSYoungGen: 1009K->0K(15360K)
[2026-06-17T09:52:31.957+0800][50.703s][info][gc,heap        ] GC(2050) ParOldGen: 42483K->30464K(44032K)
[2026-06-17T09:52:31.958+0800][50.703s][info][gc,metaspace   ] GC(2050) Metaspace: 3166K(4864K)->3166K(4864K) NonClass: 2861K(4352K)->2861K(4352K) Class: 305K(512K)->305K(512K)
[2026-06-17T09:52:31.958+0800][50.704s][info][gc             ] GC(2050) Pause Full (Ergonomics) 42M->29M(58M) 7.823ms
[2026-06-17T09:52:31.958+0800][50.704s][info][gc,cpu         ] GC(2050) User=0.01s Sys=0.00s Real=0.01s
[2026-06-17T09:52:31.990+0800][50.736s][info][gc,start       ] GC(2051) Pause Young (Allocation Failure)
[2026-06-17T09:52:31.992+0800][50.738s][info][gc,heap        ] GC(2051) PSYoungGen: 9157K->2282K(15360K)
[2026-06-17T09:52:31.992+0800][50.738s][info][gc,heap        ] GC(2051) ParOldGen: 30464K->30464K(44032K)
[2026-06-17T09:52:31.993+0800][50.739s][info][gc,metaspace   ] GC(2051) Metaspace: 3166K(4864K)->3166K(4864K) NonClass: 2861K(4352K)->2861K(4352K) Class: 305K(512K)->305K(512K)
[2026-06-17T09:52:31.993+0800][50.739s][info][gc             ] GC(2051) Pause Young (Allocation Failure) 38M->31M(58M) 3.235ms
[2026-06-17T09:52:31.994+0800][50.740s][info][gc,cpu         ] GC(2051) User=0.00s Sys=0.00s Real=0.01s
[2026-06-17T09:52:32.016+0800][50.762s][info][gc,start       ] GC(2052) Pause Young (Allocation Failure)
[2026-06-17T09:52:32.019+0800][50.764s][info][gc,heap        ] GC(2052) PSYoungGen: 11462K->4093K(15360K)
[2026-06-17T09:52:32.019+0800][50.765s][info][gc,heap        ] GC(2052) ParOldGen: 30464K->31140K(44032K)
[2026-06-17T09:52:32.020+0800][50.765s][info][gc,metaspace   ] GC(2052) Metaspace: 3166K(4864K)->3166K(4864K) NonClass: 2861K(4352K)->2861K(4352K) Class: 305K(512K)->305K(512K)
[2026-06-17T09:52:32.020+0800][50.766s][info][gc             ] GC(2052) Pause Young (Allocation Failure) 40M->34M(58M) 3.803ms
[2026-06-17T09:52:32.021+0800][50.767s][info][gc,cpu         ] GC(2052) User=0.00s Sys=0.00s Real=0.00s
[2026-06-17T09:52:32.043+0800][50.789s][info][gc,start       ] GC(2053) Pause Young (Allocation Failure)
[2026-06-17T09:52:32.046+0800][50.791s][info][gc,heap        ] GC(2053) PSYoungGen: 13300K->4281K(14336K)
[2026-06-17T09:52:32.046+0800][50.792s][info][gc,heap        ] GC(2053) ParOldGen: 31140K->33093K(44032K)
[2026-06-17T09:52:32.047+0800][50.792s][info][gc,metaspace   ] GC(2053) Metaspace: 3166K(4864K)->3166K(4864K) NonClass: 2861K(4352K)->2861K(4352K) Class: 305K(512K)->305K(512K)
[2026-06-17T09:52:32.047+0800][50.793s][info][gc             ] GC(2053) Pause Young (Allocation Failure) 43M->36M(57M) 3.674ms
[2026-06-17T09:52:32.047+0800][50.793s][info][gc,cpu         ] GC(2053) User=0.01s Sys=0.00s Real=0.00s
[2026-06-17T09:52:32.069+0800][50.815s][info][gc,start       ] GC(2054) Pause Young (Allocation Failure)
[2026-06-17T09:52:32.070+0800][50.816s][info][gc,heap        ] GC(2054) PSYoungGen: 12412K->32K(14848K)
[2026-06-17T09:52:32.071+0800][50.817s][info][gc,heap        ] GC(2054) ParOldGen: 33093K->34669K(44032K)
[2026-06-17T09:52:32.071+0800][50.817s][info][gc,metaspace   ] GC(2054) Metaspace: 3166K(4864K)->3166K(4864K) NonClass: 2861K(4352K)->2861K(4352K) Class: 305K(512K)->305K(512K)
[2026-06-17T09:52:32.072+0800][50.818s][info][gc             ] GC(2054) Pause Young (Allocation Failure) 44M->33M(57M) 2.758ms
[2026-06-17T09:52:32.072+0800][50.818s][info][gc,cpu         ] GC(2054) User=0.00s Sys=0.01s Real=0.01s
[2026-06-17T09:52:32.094+0800][50.840s][info][gc,start       ] GC(2055) Pause Young (Allocation Failure)
[2026-06-17T09:52:32.097+0800][50.843s][info][gc,heap        ] GC(2055) PSYoungGen: 8208K->4747K(13824K)
[2026-06-17T09:52:32.098+0800][50.844s][info][gc,heap        ] GC(2055) ParOldGen: 34669K->34677K(44032K)
[2026-06-17T09:52:32.098+0800][50.844s][info][gc,metaspace   ] GC(2055) Metaspace: 3166K(4864K)->3166K(4864K) NonClass: 2861K(4352K)->2861K(4352K) Class: 305K(512K)->305K(512K)
[2026-06-17T09:52:32.099+0800][50.845s][info][gc             ] GC(2055) Pause Young (Allocation Failure) 41M->38M(56M) 4.815ms
[2026-06-17T09:52:32.099+0800][50.845s][info][gc,cpu         ] GC(2055) User=0.00s Sys=0.00s Real=0.00s
[2026-06-17T09:52:32.121+0800][50.867s][info][gc,start       ] GC(2056) Pause Young (Allocation Failure)
[2026-06-17T09:52:32.123+0800][50.869s][info][gc,heap        ] GC(2056) PSYoungGen: 11876K->2137K(14336K)
[2026-06-17T09:52:32.124+0800][50.869s][info][gc,heap        ] GC(2056) ParOldGen: 34677K->37777K(44032K)
[2026-06-17T09:52:32.124+0800][50.870s][info][gc,metaspace   ] GC(2056) Metaspace: 3166K(4864K)->3166K(4864K) NonClass: 2861K(4352K)->2861K(4352K) Class: 305K(512K)->305K(512K)
[2026-06-17T09:52:32.124+0800][50.870s][info][gc             ] GC(2056) Pause Young (Allocation Failure) 45M->38M(57M) 3.067ms
[2026-06-17T09:52:32.125+0800][50.871s][info][gc,cpu         ] GC(2056) User=0.01s Sys=0.00s Real=0.01s
[2026-06-17T09:52:32.147+0800][50.893s][info][gc,start       ] GC(2057) Pause Young (Allocation Failure)
[2026-06-17T09:52:32.149+0800][50.894s][info][gc,heap        ] GC(2057) PSYoungGen: 9301K->547K(14848K)
[2026-06-17T09:52:32.149+0800][50.895s][info][gc,heap        ] GC(2057) ParOldGen: 37777K->39650K(44032K)
[2026-06-17T09:52:32.150+0800][50.896s][info][gc,metaspace   ] GC(2057) Metaspace: 3166K(4864K)->3166K(4864K) NonClass: 2861K(4352K)->2861K(4352K) Class: 305K(512K)->305K(512K)
[2026-06-17T09:52:32.151+0800][50.897s][info][gc             ] GC(2057) Pause Young (Allocation Failure) 45M->39M(57M) 4.065ms
[2026-06-17T09:52:32.152+0800][50.897s][info][gc,cpu         ] GC(2057) User=0.00s Sys=0.00s Real=0.01s
[2026-06-17T09:52:32.164+0800][50.909s][info][gc,start       ] GC(2058) Pause Young (Allocation Failure)
[2026-06-17T09:52:32.166+0800][50.912s][info][gc,heap        ] GC(2058) PSYoungGen: 8691K->5321K(13824K)
[2026-06-17T09:52:32.166+0800][50.912s][info][gc,heap        ] GC(2058) ParOldGen: 39650K->39650K(44032K)
[2026-06-17T09:52:32.166+0800][50.912s][info][gc,metaspace   ] GC(2058) Metaspace: 3166K(4864K)->3166K(4864K) NonClass: 2861K(4352K)->2861K(4352K) Class: 305K(512K)->305K(512K)
[2026-06-17T09:52:32.167+0800][50.913s][info][gc             ] GC(2058) Pause Young (Allocation Failure) 47M->43M(56M) 3.308ms
[2026-06-17T09:52:32.167+0800][50.913s][info][gc,cpu         ] GC(2058) User=0.00s Sys=0.00s Real=0.00s
[2026-06-17T09:52:32.189+0800][50.935s][info][gc,start       ] GC(2059) Pause Young (Allocation Failure)
[2026-06-17T09:52:32.192+0800][50.938s][info][gc,heap        ] GC(2059) PSYoungGen: 13428K->1120K(14336K)
[2026-06-17T09:52:32.194+0800][50.940s][info][gc,heap        ] GC(2059) ParOldGen: 39650K->41827K(44032K)
[2026-06-17T09:52:32.198+0800][50.944s][info][gc,metaspace   ] GC(2059) Metaspace: 3166K(4864K)->3166K(4864K) NonClass: 2861K(4352K)->2861K(4352K) Class: 305K(512K)->305K(512K)
[2026-06-17T09:52:32.202+0800][50.948s][info][gc             ] GC(2059) Pause Young (Allocation Failure) 51M->41M(57M) 12.719ms
[2026-06-17T09:52:32.204+0800][50.950s][info][gc,cpu         ] GC(2059) User=0.01s Sys=0.00s Real=0.02s
[2026-06-17T09:52:32.206+0800][50.952s][info][gc,start       ] GC(2060) Pause Full (Ergonomics)
[2026-06-17T09:52:32.210+0800][50.956s][info][gc,phases,start] GC(2060) Marking Phase
[2026-06-17T09:52:32.213+0800][50.959s][info][gc,phases      ] GC(2060) Marking Phase 2.934ms
[2026-06-17T09:52:32.215+0800][50.961s][info][gc,phases,start] GC(2060) Summary Phase
[2026-06-17T09:52:32.219+0800][50.965s][info][gc,phases      ] GC(2060) Summary Phase 3.962ms
[2026-06-17T09:52:32.223+0800][50.969s][info][gc,phases,start] GC(2060) Adjust Roots
[2026-06-17T09:52:32.225+0800][50.971s][info][gc,phases      ] GC(2060) Adjust Roots 2.196ms
[2026-06-17T09:52:32.227+0800][50.972s][info][gc,phases,start] GC(2060) Compaction Phase
[2026-06-17T09:52:32.229+0800][50.975s][info][gc,phases      ] GC(2060) Compaction Phase 2.347ms
[2026-06-17T09:52:32.229+0800][50.975s][info][gc,phases,start] GC(2060) Post Compact
[2026-06-17T09:52:32.230+0800][50.976s][info][gc,phases      ] GC(2060) Post Compact 0.649ms
[2026-06-17T09:52:32.231+0800][50.977s][info][gc,heap        ] GC(2060) PSYoungGen: 1120K->0K(14336K)
[2026-06-17T09:52:32.231+0800][50.977s][info][gc,heap        ] GC(2060) ParOldGen: 41827K->23515K(44032K)
[2026-06-17T09:52:32.232+0800][50.978s][info][gc,metaspace   ] GC(2060) Metaspace: 3166K(4864K)->3166K(4864K) NonClass: 2861K(4352K)->2861K(4352K) Class: 305K(512K)->305K(512K)
[2026-06-17T09:52:32.233+0800][50.978s][info][gc             ] GC(2060) Pause Full (Ergonomics) 41M->22M(57M) 26.543ms
[2026-06-17T09:52:32.233+0800][50.979s][info][gc,cpu         ] GC(2060) User=0.00s Sys=0.00s Real=0.03s
[2026-06-17T09:52:32.266+0800][51.012s][info][gc,start       ] GC(2061) Pause Young (Allocation Failure)
[2026-06-17T09:52:32.268+0800][51.013s][info][gc,heap        ] GC(2061) PSYoungGen: 7142K->431K(14336K)
[2026-06-17T09:52:32.268+0800][51.014s][info][gc,heap        ] GC(2061) ParOldGen: 23515K->23515K(44032K)
[2026-06-17T09:52:32.269+0800][51.015s][info][gc,metaspace   ] GC(2061) Metaspace: 3166K(4864K)->3166K(4864K) NonClass: 2861K(4352K)->2861K(4352K) Class: 305K(512K)->305K(512K)
[2026-06-17T09:52:32.269+0800][51.015s][info][gc             ] GC(2061) Pause Young (Allocation Failure) 29M->23M(57M) 2.888ms
[2026-06-17T09:52:32.269+0800][51.015s][info][gc,cpu         ] GC(2061) User=0.00s Sys=0.00s Real=0.00s
[2026-06-17T09:52:32.281+0800][51.027s][info][gc,start       ] GC(2062) Pause Young (Allocation Failure)
[2026-06-17T09:52:32.282+0800][51.028s][info][gc,heap        ] GC(2062) PSYoungGen: 7568K->3882K(14336K)
[2026-06-17T09:52:32.283+0800][51.029s][info][gc,heap        ] GC(2062) ParOldGen: 23515K->23515K(44032K)
[2026-06-17T09:52:32.283+0800][51.029s][info][gc,metaspace   ] GC(2062) Metaspace: 3166K(4864K)->3166K(4864K) NonClass: 2861K(4352K)->2861K(4352K) Class: 305K(512K)->305K(512K)
[2026-06-17T09:52:32.284+0800][51.030s][info][gc             ] GC(2062) Pause Young (Allocation Failure) 30M->26M(57M) 2.859ms
[2026-06-17T09:52:32.284+0800][51.030s][info][gc,cpu         ] GC(2062) User=0.00s Sys=0.00s Real=0.01s
[2026-06-17T09:52:32.306+0800][51.052s][info][gc,start       ] GC(2063) Pause Young (Allocation Failure)
[2026-06-17T09:52:32.308+0800][51.053s][info][gc,heap        ] GC(2063) PSYoungGen: 11041K->3310K(14336K)
[2026-06-17T09:52:32.308+0800][51.054s][info][gc,heap        ] GC(2063) ParOldGen: 23515K->23914K(44032K)
[2026-06-17T09:52:32.309+0800][51.054s][info][gc,metaspace   ] GC(2063) Metaspace: 3166K(4864K)->3166K(4864K) NonClass: 2861K(4352K)->2861K(4352K) Class: 305K(512K)->305K(512K)
[2026-06-17T09:52:32.309+0800][51.055s][info][gc             ] GC(2063) Pause Young (Allocation Failure) 33M->26M(57M) 3.271ms
[2026-06-17T09:52:32.310+0800][51.055s][info][gc,cpu         ] GC(2063) User=0.00s Sys=0.00s Real=0.00s
[2026-06-17T09:52:32.321+0800][51.067s][info][gc,start       ] GC(2064) Pause Young (Allocation Failure)
[2026-06-17T09:52:32.323+0800][51.069s][info][gc,heap        ] GC(2064) PSYoungGen: 10478K->5192K(14336K)
[2026-06-17T09:52:32.324+0800][51.070s][info][gc,heap        ] GC(2064) ParOldGen: 23914K->25533K(44032K)
[2026-06-17T09:52:32.325+0800][51.070s][info][gc,metaspace   ] GC(2064) Metaspace: 3166K(4864K)->3166K(4864K) NonClass: 2861K(4352K)->2861K(4352K) Class: 305K(512K)->305K(512K)
[2026-06-17T09:52:32.325+0800][51.071s][info][gc             ] GC(2064) Pause Young (Allocation Failure) 33M->30M(57M) 4.056ms
[2026-06-17T09:52:32.326+0800][51.072s][info][gc,cpu         ] GC(2064) User=0.00s Sys=0.00s Real=0.01s
[2026-06-17T09:52:32.348+0800][51.093s][info][gc,start       ] GC(2065) Pause Young (Allocation Failure)
[2026-06-17T09:52:32.349+0800][51.094s][info][gc,heap        ] GC(2065) PSYoungGen: 12330K->3228K(14336K)
[2026-06-17T09:52:32.349+0800][51.095s][info][gc,heap        ] GC(2065) ParOldGen: 25533K->27940K(44032K)
[2026-06-17T09:52:32.349+0800][51.095s][info][gc,metaspace   ] GC(2065) Metaspace: 3166K(4864K)->3166K(4864K) NonClass: 2861K(4352K)->2861K(4352K) Class: 305K(512K)->305K(512K)
[2026-06-17T09:52:32.349+0800][51.095s][info][gc             ] GC(2065) Pause Young (Allocation Failure) 36M->30M(57M) 1.602ms
[2026-06-17T09:52:32.349+0800][51.095s][info][gc,cpu         ] GC(2065) User=0.00s Sys=0.00s Real=0.00s
[2026-06-17T09:52:32.370+0800][51.116s][info][gc,start       ] GC(2066) Pause Young (Allocation Failure)
[2026-06-17T09:52:32.371+0800][51.117s][info][gc,heap        ] GC(2066) PSYoungGen: 10341K->1831K(14336K)
[2026-06-17T09:52:32.371+0800][51.117s][info][gc,heap        ] GC(2066) ParOldGen: 27940K->29302K(44032K)
[2026-06-17T09:52:32.372+0800][51.118s][info][gc,metaspace   ] GC(2066) Metaspace: 3166K(4864K)->3166K(4864K) NonClass: 2861K(4352K)->2861K(4352K) Class: 305K(512K)->305K(512K)
[2026-06-17T09:52:32.372+0800][51.118s][info][gc             ] GC(2066) Pause Young (Allocation Failure) 37M->30M(57M) 1.611ms
[2026-06-17T09:52:32.372+0800][51.118s][info][gc,cpu         ] GC(2066) User=0.00s Sys=0.00s Real=0.01s
[2026-06-17T09:52:32.383+0800][51.129s][info][gc,start       ] GC(2067) Pause Young (Allocation Failure)
[2026-06-17T09:52:32.384+0800][51.130s][info][gc,heap        ] GC(2067) PSYoungGen: 8859K->416K(14336K)
[2026-06-17T09:52:32.384+0800][51.130s][info][gc,heap        ] GC(2067) ParOldGen: 29302K->30989K(44032K)
[2026-06-17T09:52:32.384+0800][51.130s][info][gc,metaspace   ] GC(2067) Metaspace: 3166K(4864K)->3166K(4864K) NonClass: 2861K(4352K)->2861K(4352K) Class: 305K(512K)->305K(512K)
[2026-06-17T09:52:32.385+0800][51.131s][info][gc             ] GC(2067) Pause Young (Allocation Failure) 37M->30M(57M) 1.369ms
[2026-06-17T09:52:32.385+0800][51.131s][info][gc,cpu         ] GC(2067) User=0.01s Sys=0.00s Real=0.00s
[2026-06-17T09:52:32.406+0800][51.152s][info][gc,start       ] GC(2068) Pause Young (Allocation Failure)
[2026-06-17T09:52:32.408+0800][51.154s][info][gc,heap        ] GC(2068) PSYoungGen: 7563K->3984K(14336K)
[2026-06-17T09:52:32.408+0800][51.154s][info][gc,heap        ] GC(2068) ParOldGen: 30989K->30989K(44032K)
[2026-06-17T09:52:32.409+0800][51.155s][info][gc,metaspace   ] GC(2068) Metaspace: 3166K(4864K)->3166K(4864K) NonClass: 2861K(4352K)->2861K(4352K) Class: 305K(512K)->305K(512K)
[2026-06-17T09:52:32.409+0800][51.155s][info][gc             ] GC(2068) Pause Young (Allocation Failure) 37M->34M(57M) 3.137ms
[2026-06-17T09:52:32.410+0800][51.156s][info][gc,cpu         ] GC(2068) User=0.00s Sys=0.00s Real=0.00s
[2026-06-17T09:52:32.432+0800][51.178s][info][gc,start       ] GC(2069) Pause Young (Allocation Failure)
[2026-06-17T09:52:32.434+0800][51.180s][info][gc,heap        ] GC(2069) PSYoungGen: 11130K->4002K(14336K)
[2026-06-17T09:52:32.435+0800][51.181s][info][gc,heap        ] GC(2069) ParOldGen: 30989K->31381K(44032K)
[2026-06-17T09:52:32.436+0800][51.181s][info][gc,metaspace   ] GC(2069) Metaspace: 3166K(4864K)->3166K(4864K) NonClass: 2861K(4352K)->2861K(4352K) Class: 305K(512K)->305K(512K)
[2026-06-17T09:52:32.436+0800][51.182s][info][gc             ] GC(2069) Pause Young (Allocation Failure) 41M->34M(57M) 4.305ms
[2026-06-17T09:52:32.437+0800][51.183s][info][gc,cpu         ] GC(2069) User=0.00s Sys=0.00s Real=0.00s
[2026-06-17T09:52:32.459+0800][51.205s][info][gc,start       ] GC(2070) Pause Young (Allocation Failure)
[2026-06-17T09:52:32.461+0800][51.206s][info][gc,heap        ] GC(2070) PSYoungGen: 11169K->3307K(14336K)
[2026-06-17T09:52:32.461+0800][51.207s][info][gc,heap        ] GC(2070) ParOldGen: 31381K->32430K(44032K)
[2026-06-17T09:52:32.462+0800][51.208s][info][gc,metaspace   ] GC(2070) Metaspace: 3166K(4864K)->3166K(4864K) NonClass: 2861K(4352K)->2861K(4352K) Class: 305K(512K)->305K(512K)
[2026-06-17T09:52:32.462+0800][51.208s][info][gc             ] GC(2070) Pause Young (Allocation Failure) 41M->34M(57M) 3.058ms
[2026-06-17T09:52:32.463+0800][51.209s][info][gc,cpu         ] GC(2070) User=0.00s Sys=0.00s Real=0.01s
[2026-06-17T09:52:32.484+0800][51.230s][info][gc,start       ] GC(2071) Pause Young (Allocation Failure)
[2026-06-17T09:52:32.486+0800][51.232s][info][gc,heap        ] GC(2071) PSYoungGen: 10460K->2111K(14848K)
[2026-06-17T09:52:32.487+0800][51.232s][info][gc,heap        ] GC(2071) ParOldGen: 32430K->33716K(44032K)
[2026-06-17T09:52:32.487+0800][51.233s][info][gc,metaspace   ] GC(2071) Metaspace: 3166K(4864K)->3166K(4864K) NonClass: 2861K(4352K)->2861K(4352K) Class: 305K(512K)->305K(512K)
[2026-06-17T09:52:32.488+0800][51.234s][info][gc             ] GC(2071) Pause Young (Allocation Failure) 41M->34M(57M) 3.723ms
[2026-06-17T09:52:32.489+0800][51.234s][info][gc,cpu         ] GC(2071) User=0.00s Sys=0.00s Real=0.00s
[2026-06-17T09:52:32.500+0800][51.246s][info][gc,start       ] GC(2072) Pause Young (Allocation Failure)
[2026-06-17T09:52:32.503+0800][51.248s][info][gc,heap        ] GC(2072) PSYoungGen: 9561K->2742K(14336K)
[2026-06-17T09:52:32.504+0800][51.249s][info][gc,heap        ] GC(2072) ParOldGen: 33716K->33716K(44032K)
[2026-06-17T09:52:32.505+0800][51.250s][info][gc,metaspace   ] GC(2072) Metaspace: 3166K(4864K)->3166K(4864K) NonClass: 2861K(4352K)->2861K(4352K) Class: 305K(512K)->305K(512K)
[2026-06-17T09:52:32.506+0800][51.251s][info][gc             ] GC(2072) Pause Young (Allocation Failure) 42M->35M(57M) 5.079ms
[2026-06-17T09:52:32.506+0800][51.252s][info][gc,cpu         ] GC(2072) User=0.00s Sys=0.01s Real=0.01s
[2026-06-17T09:52:32.528+0800][51.274s][info][gc,start       ] GC(2073) Pause Young (Allocation Failure)
[2026-06-17T09:52:32.530+0800][51.276s][info][gc,heap        ] GC(2073) PSYoungGen: 10422K->4753K(14336K)
[2026-06-17T09:52:32.530+0800][51.276s][info][gc,heap        ] GC(2073) ParOldGen: 33716K->35720K(44032K)
[2026-06-17T09:52:32.531+0800][51.277s][info][gc,metaspace   ] GC(2073) Metaspace: 3166K(4864K)->3166K(4864K) NonClass: 2861K(4352K)->2861K(4352K) Class: 305K(512K)->305K(512K)
[2026-06-17T09:52:32.532+0800][51.278s][info][gc             ] GC(2073) Pause Young (Allocation Failure) 43M->39M(57M) 3.352ms
[2026-06-17T09:52:32.532+0800][51.278s][info][gc,cpu         ] GC(2073) User=0.00s Sys=0.00s Real=0.01s
[2026-06-17T09:52:32.554+0800][51.300s][info][gc,start       ] GC(2074) Pause Young (Allocation Failure)
[2026-06-17T09:52:32.555+0800][51.301s][info][gc,heap        ] GC(2074) PSYoungGen: 12919K->5414K(13824K)
[2026-06-17T09:52:32.558+0800][51.303s][info][gc,heap        ] GC(2074) ParOldGen: 35720K->36410K(44032K)
[2026-06-17T09:52:32.560+0800][51.305s][info][gc,metaspace   ] GC(2074) Metaspace: 3166K(4864K)->3166K(4864K) NonClass: 2861K(4352K)->2861K(4352K) Class: 305K(512K)->305K(512K)
[2026-06-17T09:52:32.563+0800][51.309s][info][gc             ] GC(2074) Pause Young (Allocation Failure) 47M->40M(56M) 9.339ms
[2026-06-17T09:52:32.564+0800][51.310s][info][gc,cpu         ] GC(2074) User=0.00s Sys=0.00s Real=0.01s
[2026-06-17T09:52:32.587+0800][51.333s][info][gc,start       ] GC(2075) Pause Young (Allocation Failure)
[2026-06-17T09:52:32.589+0800][51.335s][info][gc,heap        ] GC(2075) PSYoungGen: 13602K->5447K(14336K)
[2026-06-17T09:52:32.590+0800][51.335s][info][gc,heap        ] GC(2075) ParOldGen: 36410K->37699K(44032K)
[2026-06-17T09:52:32.590+0800][51.336s][info][gc,metaspace   ] GC(2075) Metaspace: 3166K(4864K)->3166K(4864K) NonClass: 2861K(4352K)->2861K(4352K) Class: 305K(512K)->305K(512K)
[2026-06-17T09:52:32.591+0800][51.337s][info][gc             ] GC(2075) Pause Young (Allocation Failure) 48M->42M(57M) 4.027ms
[2026-06-17T09:52:32.591+0800][51.337s][info][gc,cpu         ] GC(2075) User=0.00s Sys=0.00s Real=0.01s
[2026-06-17T09:52:32.613+0800][51.359s][info][gc,start       ] GC(2076) Pause Young (Allocation Failure)
[2026-06-17T09:52:32.616+0800][51.362s][info][gc,heap        ] GC(2076) PSYoungGen: 12568K->3004K(14336K)
[2026-06-17T09:52:32.616+0800][51.362s][info][gc,heap        ] GC(2076) ParOldGen: 37699K->40403K(44032K)
[2026-06-17T09:52:32.617+0800][51.363s][info][gc,metaspace   ] GC(2076) Metaspace: 3166K(4864K)->3166K(4864K) NonClass: 2861K(4352K)->2861K(4352K) Class: 305K(512K)->305K(512K)
[2026-06-17T09:52:32.617+0800][51.363s][info][gc             ] GC(2076) Pause Young (Allocation Failure) 49M->42M(57M) 3.898ms
[2026-06-17T09:52:32.618+0800][51.364s][info][gc,cpu         ] GC(2076) User=0.00s Sys=0.00s Real=0.00s
[2026-06-17T09:52:32.630+0800][51.376s][info][gc,start       ] GC(2077) Pause Young (Allocation Failure)
[2026-06-17T09:52:32.631+0800][51.377s][info][gc,heap        ] GC(2077) PSYoungGen: 10010K->873K(14336K)
[2026-06-17T09:52:32.632+0800][51.378s][info][gc,heap        ] GC(2077) ParOldGen: 40403K->42133K(44032K)
[2026-06-17T09:52:32.632+0800][51.378s][info][gc,metaspace   ] GC(2077) Metaspace: 3166K(4864K)->3166K(4864K) NonClass: 2861K(4352K)->2861K(4352K) Class: 305K(512K)->305K(512K)
[2026-06-17T09:52:32.633+0800][51.379s][info][gc             ] GC(2077) Pause Young (Allocation Failure) 49M->41M(57M) 3.239ms
[2026-06-17T09:52:32.633+0800][51.379s][info][gc,cpu         ] GC(2077) User=0.01s Sys=0.00s Real=0.01s
[2026-06-17T09:52:32.634+0800][51.380s][info][gc,start       ] GC(2078) Pause Full (Ergonomics)
[2026-06-17T09:52:32.634+0800][51.380s][info][gc,phases,start] GC(2078) Marking Phase
[2026-06-17T09:52:32.636+0800][51.382s][info][gc,phases      ] GC(2078) Marking Phase 1.878ms
[2026-06-17T09:52:32.636+0800][51.382s][info][gc,phases,start] GC(2078) Summary Phase
[2026-06-17T09:52:32.637+0800][51.382s][info][gc,phases      ] GC(2078) Summary Phase 0.249ms
[2026-06-17T09:52:32.637+0800][51.383s][info][gc,phases,start] GC(2078) Adjust Roots
[2026-06-17T09:52:32.637+0800][51.383s][info][gc,phases      ] GC(2078) Adjust Roots 0.358ms
[2026-06-17T09:52:32.637+0800][51.383s][info][gc,phases,start] GC(2078) Compaction Phase
[2026-06-17T09:52:32.639+0800][51.385s][info][gc,phases      ] GC(2078) Compaction Phase 1.585ms
[2026-06-17T09:52:32.639+0800][51.385s][info][gc,phases,start] GC(2078) Post Compact
[2026-06-17T09:52:32.640+0800][51.385s][info][gc,phases      ] GC(2078) Post Compact 0.278ms
[2026-06-17T09:52:32.640+0800][51.386s][info][gc,heap        ] GC(2078) PSYoungGen: 873K->0K(14336K)
[2026-06-17T09:52:32.640+0800][51.386s][info][gc,heap        ] GC(2078) ParOldGen: 42133K->24633K(44032K)
[2026-06-17T09:52:32.640+0800][51.386s][info][gc,metaspace   ] GC(2078) Metaspace: 3166K(4864K)->3166K(4864K) NonClass: 2861K(4352K)->2861K(4352K) Class: 305K(512K)->305K(512K)
[2026-06-17T09:52:32.640+0800][51.386s][info][gc             ] GC(2078) Pause Full (Ergonomics) 41M->24M(57M) 6.776ms
[2026-06-17T09:52:32.641+0800][51.386s][info][gc,cpu         ] GC(2078) User=0.00s Sys=0.00s Real=0.00s
[2026-06-17T09:52:32.662+0800][51.408s][info][gc,start       ] GC(2079) Pause Young (Allocation Failure)
[2026-06-17T09:52:32.664+0800][51.410s][info][gc,heap        ] GC(2079) PSYoungGen: 7142K->3819K(14336K)
[2026-06-17T09:52:32.664+0800][51.410s][info][gc,heap        ] GC(2079) ParOldGen: 24633K->24633K(44032K)
[2026-06-17T09:52:32.665+0800][51.411s][info][gc,metaspace   ] GC(2079) Metaspace: 3166K(4864K)->3166K(4864K) NonClass: 2861K(4352K)->2861K(4352K) Class: 305K(512K)->305K(512K)
[2026-06-17T09:52:32.665+0800][51.411s][info][gc             ] GC(2079) Pause Young (Allocation Failure) 31M->27M(57M) 3.233ms
[2026-06-17T09:52:32.666+0800][51.412s][info][gc,cpu         ] GC(2079) User=0.01s Sys=0.00s Real=0.01s
[2026-06-17T09:52:32.688+0800][51.433s][info][gc,start       ] GC(2080) Pause Young (Allocation Failure)
[2026-06-17T09:52:32.689+0800][51.435s][info][gc,heap        ] GC(2080) PSYoungGen: 10952K->3175K(14336K)
[2026-06-17T09:52:32.689+0800][51.435s][info][gc,heap        ] GC(2080) ParOldGen: 24633K->25665K(44032K)
[2026-06-17T09:52:32.690+0800][51.435s][info][gc,metaspace   ] GC(2080) Metaspace: 3166K(4864K)->3166K(4864K) NonClass: 2861K(4352K)->2861K(4352K) Class: 305K(512K)->305K(512K)
[2026-06-17T09:52:32.690+0800][51.436s][info][gc             ] GC(2080) Pause Young (Allocation Failure) 34M->28M(57M) 2.279ms
[2026-06-17T09:52:32.690+0800][51.436s][info][gc,cpu         ] GC(2080) User=0.00s Sys=0.00s Real=0.00s
[2026-06-17T09:52:32.712+0800][51.458s][info][gc,start       ] GC(2081) Pause Young (Allocation Failure)
[2026-06-17T09:52:32.713+0800][51.459s][info][gc,heap        ] GC(2081) PSYoungGen: 10316K->1128K(14336K)
[2026-06-17T09:52:32.714+0800][51.460s][info][gc,heap        ] GC(2081) ParOldGen: 25665K->27942K(44032K)
[2026-06-17T09:52:32.714+0800][51.460s][info][gc,metaspace   ] GC(2081) Metaspace: 3166K(4864K)->3166K(4864K) NonClass: 2861K(4352K)->2861K(4352K) Class: 305K(512K)->305K(512K)
[2026-06-17T09:52:32.715+0800][51.461s][info][gc             ] GC(2081) Pause Young (Allocation Failure) 35M->28M(57M) 3.232ms
[2026-06-17T09:52:32.715+0800][51.461s][info][gc,cpu         ] GC(2081) User=0.00s Sys=0.00s Real=0.00s
[2026-06-17T09:52:32.737+0800][51.483s][info][gc,start       ] GC(2082) Pause Young (Allocation Failure)
[2026-06-17T09:52:32.742+0800][51.487s][info][gc,heap        ] GC(2082) PSYoungGen: 8294K->1943K(14336K)
[2026-06-17T09:52:32.742+0800][51.488s][info][gc,heap        ] GC(2082) ParOldGen: 27942K->27942K(44032K)
[2026-06-17T09:52:32.742+0800][51.488s][info][gc,metaspace   ] GC(2082) Metaspace: 3166K(4864K)->3166K(4864K) NonClass: 2861K(4352K)->2861K(4352K) Class: 305K(512K)->305K(512K)
[2026-06-17T09:52:32.743+0800][51.489s][info][gc             ] GC(2082) Pause Young (Allocation Failure) 35M->29M(57M) 5.480ms
[2026-06-17T09:52:32.743+0800][51.489s][info][gc,cpu         ] GC(2082) User=0.00s Sys=0.00s Real=0.01s
[2026-06-17T09:52:32.755+0800][51.501s][info][gc,start       ] GC(2083) Pause Young (Allocation Failure)
[2026-06-17T09:52:32.757+0800][51.503s][info][gc,heap        ] GC(2083) PSYoungGen: 8831K->309K(14848K)
[2026-06-17T09:52:32.757+0800][51.503s][info][gc,heap        ] GC(2083) ParOldGen: 27942K->29508K(44032K)
[2026-06-17T09:52:32.758+0800][51.504s][info][gc,metaspace   ] GC(2083) Metaspace: 3166K(4864K)->3166K(4864K) NonClass: 2861K(4352K)->2861K(4352K) Class: 305K(512K)->305K(512K)
[2026-06-17T09:52:32.758+0800][51.504s][info][gc             ] GC(2083) Pause Young (Allocation Failure) 35M->29M(57M) 2.749ms
[2026-06-17T09:52:32.758+0800][51.504s][info][gc,cpu         ] GC(2083) User=0.01s Sys=0.00s Real=0.00s
[2026-06-17T09:52:32.781+0800][51.527s][info][gc,start       ] GC(2084) Pause Young (Allocation Failure)
[2026-06-17T09:52:32.783+0800][51.529s][info][gc,heap        ] GC(2084) PSYoungGen: 8467K->4747K(13312K)
[2026-06-17T09:52:32.784+0800][51.530s][info][gc,heap        ] GC(2084) ParOldGen: 29508K->29793K(44032K)
[2026-06-17T09:52:32.784+0800][51.530s][info][gc,metaspace   ] GC(2084) Metaspace: 3166K(4864K)->3166K(4864K) NonClass: 2861K(4352K)->2861K(4352K) Class: 305K(512K)->305K(512K)
[2026-06-17T09:52:32.785+0800][51.531s][info][gc             ] GC(2084) Pause Young (Allocation Failure) 37M->33M(56M) 4.318ms
[2026-06-17T09:52:32.786+0800][51.532s][info][gc,cpu         ] GC(2084) User=0.00s Sys=0.00s Real=0.01s
[2026-06-17T09:52:32.808+0800][51.554s][info][gc,start       ] GC(2085) Pause Young (Allocation Failure)
[2026-06-17T09:52:32.810+0800][51.556s][info][gc,heap        ] GC(2085) PSYoungGen: 12916K->4122K(14336K)
[2026-06-17T09:52:32.811+0800][51.557s][info][gc,heap        ] GC(2085) ParOldGen: 29793K->31628K(44032K)
[2026-06-17T09:52:32.811+0800][51.557s][info][gc,metaspace   ] GC(2085) Metaspace: 3166K(4864K)->3166K(4864K) NonClass: 2861K(4352K)->2861K(4352K) Class: 305K(512K)->305K(512K)
[2026-06-17T09:52:32.812+0800][51.558s][info][gc             ] GC(2085) Pause Young (Allocation Failure) 41M->34M(57M) 3.653ms
[2026-06-17T09:52:32.812+0800][51.558s][info][gc,cpu         ] GC(2085) User=0.00s Sys=0.00s Real=0.01s
[2026-06-17T09:52:32.835+0800][51.581s][info][gc,start       ] GC(2086) Pause Young (Allocation Failure)
[2026-06-17T09:52:32.839+0800][51.584s][info][gc,heap        ] GC(2086) PSYoungGen: 11257K->1172K(14336K)
[2026-06-17T09:52:32.839+0800][51.585s][info][gc,heap        ] GC(2086) ParOldGen: 31628K->34897K(44032K)
[2026-06-17T09:52:32.840+0800][51.586s][info][gc,metaspace   ] GC(2086) Metaspace: 3166K(4864K)->3166K(4864K) NonClass: 2861K(4352K)->2861K(4352K) Class: 305K(512K)->305K(512K)
[2026-06-17T09:52:32.841+0800][51.586s][info][gc             ] GC(2086) Pause Young (Allocation Failure) 41M->35M(57M) 5.568ms
[2026-06-17T09:52:32.841+0800][51.587s][info][gc,cpu         ] GC(2086) User=0.00s Sys=0.00s Real=0.00s
[2026-06-17T09:52:32.853+0800][51.599s][info][gc,start       ] GC(2087) Pause Young (Allocation Failure)
[2026-06-17T09:52:32.855+0800][51.601s][info][gc,heap        ] GC(2087) PSYoungGen: 8298K->4762K(14336K)
[2026-06-17T09:52:32.855+0800][51.601s][info][gc,heap        ] GC(2087) ParOldGen: 34897K->34897K(44032K)
[2026-06-17T09:52:32.856+0800][51.602s][info][gc,metaspace   ] GC(2087) Metaspace: 3166K(4864K)->3166K(4864K) NonClass: 2861K(4352K)->2861K(4352K) Class: 305K(512K)->305K(512K)
[2026-06-17T09:52:32.856+0800][51.602s][info][gc             ] GC(2087) Pause Young (Allocation Failure) 42M->38M(57M) 3.113ms
[2026-06-17T09:52:32.856+0800][51.602s][info][gc,cpu         ] GC(2087) User=0.00s Sys=0.00s Real=0.00s
[2026-06-17T09:52:32.879+0800][51.624s][info][gc,start       ] GC(2088) Pause Young (Allocation Failure)
[2026-06-17T09:52:32.880+0800][51.626s][info][gc,heap        ] GC(2088) PSYoungGen: 11906K->3178K(14336K)
[2026-06-17T09:52:32.881+0800][51.627s][info][gc,heap        ] GC(2088) ParOldGen: 34897K->36791K(44032K)
[2026-06-17T09:52:32.882+0800][51.628s][info][gc,metaspace   ] GC(2088) Metaspace: 3166K(4864K)->3166K(4864K) NonClass: 2861K(4352K)->2861K(4352K) Class: 305K(512K)->305K(512K)
[2026-06-17T09:52:32.883+0800][51.629s][info][gc             ] GC(2088) Pause Young (Allocation Failure) 45M->39M(57M) 4.151ms
[2026-06-17T09:52:32.883+0800][51.629s][info][gc,cpu         ] GC(2088) User=0.01s Sys=0.00s Real=0.01s
[2026-06-17T09:52:32.905+0800][51.651s][info][gc,start       ] GC(2089) Pause Young (Allocation Failure)
[2026-06-17T09:52:32.907+0800][51.652s][info][gc,heap        ] GC(2089) PSYoungGen: 10340K->3625K(14336K)
[2026-06-17T09:52:32.907+0800][51.653s][info][gc,heap        ] GC(2089) ParOldGen: 36791K->36791K(44032K)
[2026-06-17T09:52:32.907+0800][51.653s][info][gc,metaspace   ] GC(2089) Metaspace: 3166K(4864K)->3166K(4864K) NonClass: 2861K(4352K)->2861K(4352K) Class: 305K(512K)->305K(512K)
[2026-06-17T09:52:32.908+0800][51.654s][info][gc             ] GC(2089) Pause Young (Allocation Failure) 46M->39M(57M) 2.521ms
[2026-06-17T09:52:32.908+0800][51.654s][info][gc,cpu         ] GC(2089) User=0.00s Sys=0.00s Real=0.00s
[2026-06-17T09:52:32.930+0800][51.676s][info][gc,start       ] GC(2090) Pause Young (Allocation Failure)
[2026-06-17T09:52:32.932+0800][51.678s][info][gc,heap        ] GC(2090) PSYoungGen: 10789K->1980K(14336K)
[2026-06-17T09:52:32.932+0800][51.678s][info][gc,heap        ] GC(2090) ParOldGen: 36791K->38639K(44032K)
[2026-06-17T09:52:32.933+0800][51.679s][info][gc,metaspace   ] GC(2090) Metaspace: 3166K(4864K)->3166K(4864K) NonClass: 2861K(4352K)->2861K(4352K) Class: 305K(512K)->305K(512K)
[2026-06-17T09:52:32.934+0800][51.680s][info][gc             ] GC(2090) Pause Young (Allocation Failure) 46M->39M(57M) 3.804ms
[2026-06-17T09:52:32.934+0800][51.680s][info][gc,cpu         ] GC(2090) User=0.00s Sys=0.00s Real=0.01s
[2026-06-17T09:52:32.957+0800][51.702s][info][gc,start       ] GC(2091) Pause Young (Allocation Failure)
[2026-06-17T09:52:32.959+0800][51.705s][info][gc,heap        ] GC(2091) PSYoungGen: 9145K->602K(14848K)
[2026-06-17T09:52:32.959+0800][51.705s][info][gc,heap        ] GC(2091) ParOldGen: 38639K->40164K(44032K)
[2026-06-17T09:52:32.960+0800][51.706s][info][gc,metaspace   ] GC(2091) Metaspace: 3166K(4864K)->3166K(4864K) NonClass: 2861K(4352K)->2861K(4352K) Class: 305K(512K)->305K(512K)
[2026-06-17T09:52:32.961+0800][51.707s][info][gc             ] GC(2091) Pause Young (Allocation Failure) 46M->39M(57M) 4.390ms
[2026-06-17T09:52:32.962+0800][51.707s][info][gc,cpu         ] GC(2091) User=0.01s Sys=0.00s Real=0.00s
[2026-06-17T09:52:32.974+0800][51.720s][info][gc,start       ] GC(2092) Pause Young (Allocation Failure)
[2026-06-17T09:52:32.976+0800][51.722s][info][gc,heap        ] GC(2092) PSYoungGen: 8778K->5017K(13312K)
[2026-06-17T09:52:32.977+0800][51.723s][info][gc,heap        ] GC(2092) ParOldGen: 40164K->40164K(44032K)
[2026-06-17T09:52:32.978+0800][51.724s][info][gc,metaspace   ] GC(2092) Metaspace: 3166K(4864K)->3166K(4864K) NonClass: 2861K(4352K)->2861K(4352K) Class: 305K(512K)->305K(512K)
[2026-06-17T09:52:32.978+0800][51.724s][info][gc             ] GC(2092) Pause Young (Allocation Failure) 47M->44M(56M) 4.452ms
[2026-06-17T09:52:32.980+0800][51.725s][info][gc,cpu         ] GC(2092) User=0.00s Sys=0.00s Real=0.00s
[2026-06-17T09:52:33.002+0800][51.748s][info][gc,start       ] GC(2093) Pause Young (Allocation Failure)
[2026-06-17T09:52:33.004+0800][51.749s][info][gc,heap        ] GC(2093) PSYoungGen: 13076K->567K(14336K)
[2026-06-17T09:52:33.004+0800][51.750s][info][gc,heap        ] GC(2093) ParOldGen: 40164K->42202K(44032K)
[2026-06-17T09:52:33.004+0800][51.750s][info][gc,metaspace   ] GC(2093) Metaspace: 3166K(4864K)->3166K(4864K) NonClass: 2861K(4352K)->2861K(4352K) Class: 305K(512K)->305K(512K)
[2026-06-17T09:52:33.005+0800][51.751s][info][gc             ] GC(2093) Pause Young (Allocation Failure) 51M->41M(57M) 3.317ms
[2026-06-17T09:52:33.005+0800][51.751s][info][gc,cpu         ] GC(2093) User=0.00s Sys=0.01s Real=0.01s
[2026-06-17T09:52:33.006+0800][51.752s][info][gc,start       ] GC(2094) Pause Full (Ergonomics)
[2026-06-17T09:52:33.006+0800][51.752s][info][gc,phases,start] GC(2094) Marking Phase
[2026-06-17T09:52:33.008+0800][51.753s][info][gc,phases      ] GC(2094) Marking Phase 1.299ms
[2026-06-17T09:52:33.008+0800][51.754s][info][gc,phases,start] GC(2094) Summary Phase
[2026-06-17T09:52:33.009+0800][51.754s][info][gc,phases      ] GC(2094) Summary Phase 0.415ms
[2026-06-17T09:52:33.009+0800][51.755s][info][gc,phases,start] GC(2094) Adjust Roots
[2026-06-17T09:52:33.010+0800][51.756s][info][gc,phases      ] GC(2094) Adjust Roots 1.027ms
[2026-06-17T09:52:33.011+0800][51.756s][info][gc,phases,start] GC(2094) Compaction Phase
[2026-06-17T09:52:33.013+0800][51.759s][info][gc,phases      ] GC(2094) Compaction Phase 2.613ms
[2026-06-17T09:52:33.014+0800][51.759s][info][gc,phases,start] GC(2094) Post Compact
[2026-06-17T09:52:33.014+0800][51.760s][info][gc,phases      ] GC(2094) Post Compact 0.249ms
[2026-06-17T09:52:33.014+0800][51.760s][info][gc,heap        ] GC(2094) PSYoungGen: 567K->0K(14336K)
[2026-06-17T09:52:33.014+0800][51.760s][info][gc,heap        ] GC(2094) ParOldGen: 42202K->27690K(44032K)
[2026-06-17T09:52:33.014+0800][51.760s][info][gc,metaspace   ] GC(2094) Metaspace: 3166K(4864K)->3166K(4864K) NonClass: 2861K(4352K)->2861K(4352K) Class: 305K(512K)->305K(512K)
[2026-06-17T09:52:33.014+0800][51.760s][info][gc             ] GC(2094) Pause Full (Ergonomics) 41M->27M(57M) 8.523ms
[2026-06-17T09:52:33.015+0800][51.760s][info][gc,cpu         ] GC(2094) User=0.01s Sys=0.00s Real=0.01s
[2026-06-17T09:52:33.036+0800][51.782s][info][gc,start       ] GC(2095) Pause Young (Allocation Failure)
[2026-06-17T09:52:33.038+0800][51.784s][info][gc,heap        ] GC(2095) PSYoungGen: 7160K->3763K(14336K)
[2026-06-17T09:52:33.039+0800][51.784s][info][gc,heap        ] GC(2095) ParOldGen: 27690K->27690K(44032K)
[2026-06-17T09:52:33.039+0800][51.785s][info][gc,metaspace   ] GC(2095) Metaspace: 3166K(4864K)->3166K(4864K) NonClass: 2861K(4352K)->2861K(4352K) Class: 305K(512K)->305K(512K)
[2026-06-17T09:52:33.040+0800][51.786s][info][gc             ] GC(2095) Pause Young (Allocation Failure) 34M->30M(57M) 3.581ms
[2026-06-17T09:52:33.040+0800][51.786s][info][gc,cpu         ] GC(2095) User=0.00s Sys=0.00s Real=0.00s
[2026-06-17T09:52:33.052+0800][51.798s][info][gc,start       ] GC(2096) Pause Young (Allocation Failure)
[2026-06-17T09:52:33.054+0800][51.800s][info][gc,heap        ] GC(2096) PSYoungGen: 10844K->2132K(14336K)
[2026-06-17T09:52:33.055+0800][51.800s][info][gc,heap        ] GC(2096) ParOldGen: 27690K->29486K(44032K)
[2026-06-17T09:52:33.057+0800][51.802s][info][gc,metaspace   ] GC(2096) Metaspace: 3166K(4864K)->3166K(4864K) NonClass: 2861K(4352K)->2861K(4352K) Class: 305K(512K)->305K(512K)
[2026-06-17T09:52:33.061+0800][51.806s][info][gc             ] GC(2096) Pause Young (Allocation Failure) 37M->30M(57M) 8.538ms
[2026-06-17T09:52:33.063+0800][51.808s][info][gc,cpu         ] GC(2096) User=0.00s Sys=0.00s Real=0.01s
[2026-06-17T09:52:33.086+0800][51.832s][info][gc,start       ] GC(2097) Pause Young (Allocation Failure)
[2026-06-17T09:52:33.139+0800][51.885s][info][gc,heap        ] GC(2097) PSYoungGen: 9282K->3718K(14336K)
[2026-06-17T09:52:33.142+0800][51.887s][info][gc,heap        ] GC(2097) ParOldGen: 29486K->31594K(44032K)
[2026-06-17T09:52:33.142+0800][51.888s][info][gc,metaspace   ] GC(2097) Metaspace: 3166K(4864K)->3166K(4864K) NonClass: 2861K(4352K)->2861K(4352K) Class: 305K(512K)->305K(512K)
[2026-06-17T09:52:33.149+0800][51.895s][info][gc             ] GC(2097) Pause Young (Allocation Failure) 37M->34M(57M) 62.819ms
[2026-06-17T09:52:33.150+0800][51.896s][info][gc,cpu         ] GC(2097) User=0.00s Sys=0.00s Real=0.06s
[2026-06-17T09:52:33.173+0800][51.919s][info][gc,start       ] GC(2098) Pause Young (Allocation Failure)
[2026-06-17T09:52:33.198+0800][51.944s][info][gc,heap        ] GC(2098) PSYoungGen: 10886K->2692K(14336K)
[2026-06-17T09:52:33.227+0800][51.973s][info][gc,heap        ] GC(2098) ParOldGen: 31594K->32772K(44032K)
[2026-06-17T09:52:33.235+0800][51.981s][info][gc,metaspace   ] GC(2098) Metaspace: 3166K(4864K)->3166K(4864K) NonClass: 2861K(4352K)->2861K(4352K) Class: 305K(512K)->305K(512K)
[2026-06-17T09:52:33.238+0800][51.984s][info][gc             ] GC(2098) Pause Young (Allocation Failure) 41M->34M(57M) 64.978ms
[2026-06-17T09:52:33.238+0800][51.984s][info][gc,cpu         ] GC(2098) User=0.00s Sys=0.00s Real=0.06s
[2026-06-17T09:52:33.260+0800][52.006s][info][gc,start       ] GC(2099) Pause Young (Allocation Failure)
[2026-06-17T09:52:33.265+0800][52.010s][info][gc,heap        ] GC(2099) PSYoungGen: 9860K->1129K(14848K)
[2026-06-17T09:52:33.267+0800][52.013s][info][gc,heap        ] GC(2099) ParOldGen: 32772K->34582K(44032K)
[2026-06-17T09:52:33.267+0800][52.013s][info][gc,metaspace   ] GC(2099) Metaspace: 3166K(4864K)->3166K(4864K) NonClass: 2861K(4352K)->2861K(4352K) Class: 305K(512K)->305K(512K)
[2026-06-17T09:52:33.268+0800][52.014s][info][gc             ] GC(2099) Pause Young (Allocation Failure) 41M->34M(57M) 7.957ms
[2026-06-17T09:52:33.269+0800][52.015s][info][gc,cpu         ] GC(2099) User=0.00s Sys=0.00s Real=0.01s
[2026-06-17T09:52:33.291+0800][52.037s][info][gc,start       ] GC(2100) Pause Young (Allocation Failure)
[2026-06-17T09:52:33.292+0800][52.038s][info][gc,heap        ] GC(2100) PSYoungGen: 9321K->2500K(14848K)
[2026-06-17T09:52:33.293+0800][52.039s][info][gc,heap        ] GC(2100) ParOldGen: 34582K->34582K(44032K)
[2026-06-17T09:52:33.294+0800][52.039s][info][gc,metaspace   ] GC(2100) Metaspace: 3166K(4864K)->3166K(4864K) NonClass: 2861K(4352K)->2861K(4352K) Class: 305K(512K)->305K(512K)
[2026-06-17T09:52:33.294+0800][52.040s][info][gc             ] GC(2100) Pause Young (Allocation Failure) 42M->36M(57M) 3.227ms
[2026-06-17T09:52:33.295+0800][52.041s][info][gc,cpu         ] GC(2100) User=0.00s Sys=0.00s Real=0.00s
[2026-06-17T09:52:33.317+0800][52.063s][info][gc,start       ] GC(2101) Pause Young (Allocation Failure)
[2026-06-17T09:52:33.318+0800][52.064s][info][gc,heap        ] GC(2101) PSYoungGen: 10683K->3907K(15360K)
[2026-06-17T09:52:33.319+0800][52.065s][info][gc,heap        ] GC(2101) ParOldGen: 34582K->34582K(44032K)
[2026-06-17T09:52:33.320+0800][52.065s][info][gc,metaspace   ] GC(2101) Metaspace: 3166K(4864K)->3166K(4864K) NonClass: 2861K(4352K)->2861K(4352K) Class: 305K(512K)->305K(512K)
[2026-06-17T09:52:33.320+0800][52.066s][info][gc             ] GC(2101) Pause Young (Allocation Failure) 44M->37M(58M) 3.624ms
[2026-06-17T09:52:33.321+0800][52.067s][info][gc,cpu         ] GC(2101) User=0.00s Sys=0.00s Real=0.00s
[2026-06-17T09:52:33.343+0800][52.089s][info][gc,start       ] GC(2102) Pause Young (Allocation Failure)
[2026-06-17T09:52:33.346+0800][52.092s][info][gc,heap        ] GC(2102) PSYoungGen: 13117K->6075K(15360K)
[2026-06-17T09:52:33.347+0800][52.093s][info][gc,heap        ] GC(2102) ParOldGen: 34582K->34582K(44032K)
[2026-06-17T09:52:33.348+0800][52.093s][info][gc,metaspace   ] GC(2102) Metaspace: 3166K(4864K)->3166K(4864K) NonClass: 2861K(4352K)->2861K(4352K) Class: 305K(512K)->305K(512K)
[2026-06-17T09:52:33.348+0800][52.094s][info][gc             ] GC(2102) Pause Young (Allocation Failure) 46M->39M(58M) 5.158ms
[2026-06-17T09:52:33.350+0800][52.095s][info][gc,cpu         ] GC(2102) User=0.01s Sys=0.00s Real=0.00s
[2026-06-17T09:52:33.373+0800][52.119s][info][gc,start       ] GC(2103) Pause Young (Allocation Failure)
[2026-06-17T09:52:33.376+0800][52.122s][info][gc,heap        ] GC(2103) PSYoungGen: 15261K->6110K(13312K)
[2026-06-17T09:52:33.378+0800][52.124s][info][gc,heap        ] GC(2103) ParOldGen: 34582K->37095K(44032K)
[2026-06-17T09:52:33.380+0800][52.126s][info][gc,metaspace   ] GC(2103) Metaspace: 3166K(4864K)->3166K(4864K) NonClass: 2861K(4352K)->2861K(4352K) Class: 305K(512K)->305K(512K)
[2026-06-17T09:52:33.382+0800][52.128s][info][gc             ] GC(2103) Pause Young (Allocation Failure) 48M->42M(56M) 8.584ms
[2026-06-17T09:52:33.383+0800][52.129s][info][gc,cpu         ] GC(2103) User=0.00s Sys=0.00s Real=0.01s
[2026-06-17T09:52:33.405+0800][52.151s][info][gc,start       ] GC(2104) Pause Young (Allocation Failure)
[2026-06-17T09:52:33.409+0800][52.155s][info][gc,heap        ] GC(2104) PSYoungGen: 13252K->3306K(14336K)
[2026-06-17T09:52:33.411+0800][52.156s][info][gc,heap        ] GC(2104) ParOldGen: 37095K->40125K(44032K)
[2026-06-17T09:52:33.411+0800][52.157s][info][gc,metaspace   ] GC(2104) Metaspace: 3166K(4864K)->3166K(4864K) NonClass: 2861K(4352K)->2861K(4352K) Class: 305K(512K)->305K(512K)
[2026-06-17T09:52:33.412+0800][52.158s][info][gc             ] GC(2104) Pause Young (Allocation Failure) 49M->42M(57M) 6.715ms
[2026-06-17T09:52:33.413+0800][52.159s][info][gc,cpu         ] GC(2104) User=0.00s Sys=0.00s Real=0.01s
[2026-06-17T09:52:33.424+0800][52.170s][info][gc,start       ] GC(2105) Pause Young (Allocation Failure)
[2026-06-17T09:52:33.426+0800][52.171s][info][gc,heap        ] GC(2105) PSYoungGen: 10470K->6086K(14336K)
[2026-06-17T09:52:33.426+0800][52.172s][info][gc,heap        ] GC(2105) ParOldGen: 40125K->41003K(44032K)
[2026-06-17T09:52:33.427+0800][52.173s][info][gc,metaspace   ] GC(2105) Metaspace: 3166K(4864K)->3166K(4864K) NonClass: 2861K(4352K)->2861K(4352K) Class: 305K(512K)->305K(512K)
[2026-06-17T09:52:33.427+0800][52.173s][info][gc             ] GC(2105) Pause Young (Allocation Failure) 49M->45M(57M) 3.117ms
[2026-06-17T09:52:33.428+0800][52.174s][info][gc,cpu         ] GC(2105) User=0.00s Sys=0.00s Real=0.00s
[2026-06-17T09:52:33.428+0800][52.174s][info][gc,start       ] GC(2106) Pause Full (Ergonomics)
[2026-06-17T09:52:33.429+0800][52.175s][info][gc,phases,start] GC(2106) Marking Phase
[2026-06-17T09:52:33.430+0800][52.176s][info][gc,phases      ] GC(2106) Marking Phase 1.087ms
[2026-06-17T09:52:33.431+0800][52.176s][info][gc,phases,start] GC(2106) Summary Phase
[2026-06-17T09:52:33.431+0800][52.177s][info][gc,phases      ] GC(2106) Summary Phase 0.522ms
[2026-06-17T09:52:33.431+0800][52.177s][info][gc,phases,start] GC(2106) Adjust Roots
[2026-06-17T09:52:33.432+0800][52.178s][info][gc,phases      ] GC(2106) Adjust Roots 0.488ms
[2026-06-17T09:52:33.432+0800][52.178s][info][gc,phases,start] GC(2106) Compaction Phase
[2026-06-17T09:52:33.434+0800][52.180s][info][gc,phases      ] GC(2106) Compaction Phase 1.916ms
[2026-06-17T09:52:33.435+0800][52.180s][info][gc,phases,start] GC(2106) Post Compact
[2026-06-17T09:52:33.435+0800][52.181s][info][gc,phases      ] GC(2106) Post Compact 0.375ms
[2026-06-17T09:52:33.435+0800][52.181s][info][gc,heap        ] GC(2106) PSYoungGen: 6086K->0K(14336K)
[2026-06-17T09:52:33.436+0800][52.182s][info][gc,heap        ] GC(2106) ParOldGen: 41003K->28436K(44032K)
[2026-06-17T09:52:33.436+0800][52.182s][info][gc,metaspace   ] GC(2106) Metaspace: 3166K(4864K)->3166K(4864K) NonClass: 2861K(4352K)->2861K(4352K) Class: 305K(512K)->305K(512K)
[2026-06-17T09:52:33.437+0800][52.182s][info][gc             ] GC(2106) Pause Full (Ergonomics) 45M->27M(57M) 8.244ms
[2026-06-17T09:52:33.437+0800][52.183s][info][gc,cpu         ] GC(2106) User=0.01s Sys=0.00s Real=0.01s
[2026-06-17T09:52:33.458+0800][52.204s][info][gc,start       ] GC(2107) Pause Young (Allocation Failure)
[2026-06-17T09:52:33.459+0800][52.205s][info][gc,heap        ] GC(2107) PSYoungGen: 7155K->3864K(14336K)
[2026-06-17T09:52:33.459+0800][52.205s][info][gc,heap        ] GC(2107) ParOldGen: 28436K->28436K(44032K)
[2026-06-17T09:52:33.460+0800][52.206s][info][gc,metaspace   ] GC(2107) Metaspace: 3166K(4864K)->3166K(4864K) NonClass: 2861K(4352K)->2861K(4352K) Class: 305K(512K)->305K(512K)
[2026-06-17T09:52:33.460+0800][52.206s][info][gc             ] GC(2107) Pause Young (Allocation Failure) 34M->31M(57M) 1.532ms
[2026-06-17T09:52:33.460+0800][52.206s][info][gc,cpu         ] GC(2107) User=0.00s Sys=0.00s Real=0.00s
[2026-06-17T09:52:33.481+0800][52.227s][info][gc,start       ] GC(2108) Pause Young (Allocation Failure)
[2026-06-17T09:52:33.484+0800][52.229s][info][gc,heap        ] GC(2108) PSYoungGen: 11032K->825K(14336K)
[2026-06-17T09:52:33.484+0800][52.230s][info][gc,heap        ] GC(2108) ParOldGen: 28436K->31364K(44032K)
[2026-06-17T09:52:33.485+0800][52.231s][info][gc,metaspace   ] GC(2108) Metaspace: 3166K(4864K)->3166K(4864K) NonClass: 2861K(4352K)->2861K(4352K) Class: 305K(512K)->305K(512K)
[2026-06-17T09:52:33.486+0800][52.231s][info][gc             ] GC(2108) Pause Young (Allocation Failure) 38M->31M(57M) 4.068ms
[2026-06-17T09:52:33.486+0800][52.232s][info][gc,cpu         ] GC(2108) User=0.00s Sys=0.01s Real=0.01s
[2026-06-17T09:52:33.498+0800][52.244s][info][gc,start       ] GC(2109) Pause Young (Allocation Failure)
[2026-06-17T09:52:33.500+0800][52.246s][info][gc,heap        ] GC(2109) PSYoungGen: 7983K->4445K(14336K)
[2026-06-17T09:52:33.501+0800][52.247s][info][gc,heap        ] GC(2109) ParOldGen: 31364K->31364K(44032K)
[2026-06-17T09:52:33.502+0800][52.247s][info][gc,metaspace   ] GC(2109) Metaspace: 3166K(4864K)->3166K(4864K) NonClass: 2861K(4352K)->2861K(4352K) Class: 305K(512K)->305K(512K)
[2026-06-17T09:52:33.502+0800][52.248s][info][gc             ] GC(2109) Pause Young (Allocation Failure) 38M->34M(57M) 4.119ms
[2026-06-17T09:52:33.503+0800][52.249s][info][gc,cpu         ] GC(2109) User=0.00s Sys=0.00s Real=0.01s
[2026-06-17T09:52:33.525+0800][52.271s][info][gc,start       ] GC(2110) Pause Young (Allocation Failure)
[2026-06-17T09:52:33.527+0800][52.273s][info][gc,heap        ] GC(2110) PSYoungGen: 11611K->2957K(14336K)
[2026-06-17T09:52:33.527+0800][52.273s][info][gc,heap        ] GC(2110) ParOldGen: 31364K->33219K(44032K)
[2026-06-17T09:52:33.528+0800][52.274s][info][gc,metaspace   ] GC(2110) Metaspace: 3166K(4864K)->3166K(4864K) NonClass: 2861K(4352K)->2861K(4352K) Class: 305K(512K)->305K(512K)
[2026-06-17T09:52:33.528+0800][52.274s][info][gc             ] GC(2110) Pause Young (Allocation Failure) 41M->35M(57M) 3.212ms
[2026-06-17T09:52:33.529+0800][52.275s][info][gc,cpu         ] GC(2110) User=0.00s Sys=0.00s Real=0.00s
[2026-06-17T09:52:33.550+0800][52.296s][info][gc,start       ] GC(2111) Pause Young (Allocation Failure)
[2026-06-17T09:52:33.551+0800][52.297s][info][gc,heap        ] GC(2111) PSYoungGen: 10112K->3240K(14336K)
[2026-06-17T09:52:33.552+0800][52.298s][info][gc,heap        ] GC(2111) ParOldGen: 33219K->33219K(44032K)
[2026-06-17T09:52:33.552+0800][52.298s][info][gc,metaspace   ] GC(2111) Metaspace: 3166K(4864K)->3166K(4864K) NonClass: 2861K(4352K)->2861K(4352K) Class: 305K(512K)->305K(512K)
[2026-06-17T09:52:33.553+0800][52.298s][info][gc             ] GC(2111) Pause Young (Allocation Failure) 42M->35M(57M) 2.237ms
[2026-06-17T09:52:33.553+0800][52.299s][info][gc,cpu         ] GC(2111) User=0.00s Sys=0.00s Real=0.01s
[2026-06-17T09:52:33.564+0800][52.310s][info][gc,start       ] GC(2112) Pause Young (Allocation Failure)
[2026-06-17T09:52:33.565+0800][52.311s][info][gc,heap        ] GC(2112) PSYoungGen: 10405K->1127K(14336K)
[2026-06-17T09:52:33.565+0800][52.311s][info][gc,heap        ] GC(2112) ParOldGen: 33219K->35410K(44032K)
[2026-06-17T09:52:33.566+0800][52.312s][info][gc,metaspace   ] GC(2112) Metaspace: 3166K(4864K)->3166K(4864K) NonClass: 2861K(4352K)->2861K(4352K) Class: 305K(512K)->305K(512K)
[2026-06-17T09:52:33.566+0800][52.312s][info][gc             ] GC(2112) Pause Young (Allocation Failure) 42M->35M(57M) 2.032ms
[2026-06-17T09:52:33.566+0800][52.312s][info][gc,cpu         ] GC(2112) User=0.00s Sys=0.00s Real=0.00s
[2026-06-17T09:52:33.588+0800][52.334s][info][gc,start       ] GC(2113) Pause Young (Allocation Failure)
[2026-06-17T09:52:33.591+0800][52.337s][info][gc,heap        ] GC(2113) PSYoungGen: 8292K->3556K(14336K)
[2026-06-17T09:52:33.593+0800][52.339s][info][gc,heap        ] GC(2113) ParOldGen: 35410K->36513K(44032K)
[2026-06-17T09:52:33.594+0800][52.340s][info][gc,metaspace   ] GC(2113) Metaspace: 3166K(4864K)->3166K(4864K) NonClass: 2861K(4352K)->2861K(4352K) Class: 305K(512K)->305K(512K)
[2026-06-17T09:52:33.596+0800][52.342s][info][gc             ] GC(2113) Pause Young (Allocation Failure) 42M->39M(57M) 8.166ms
[2026-06-17T09:52:33.599+0800][52.345s][info][gc,cpu         ] GC(2113) User=0.01s Sys=0.00s Real=0.01s
[2026-06-17T09:52:33.622+0800][52.368s][info][gc,start       ] GC(2114) Pause Young (Allocation Failure)
[2026-06-17T09:52:33.625+0800][52.370s][info][gc,heap        ] GC(2114) PSYoungGen: 10724K->2756K(14336K)
[2026-06-17T09:52:33.625+0800][52.371s][info][gc,heap        ] GC(2114) ParOldGen: 36513K->37544K(44032K)
[2026-06-17T09:52:33.626+0800][52.372s][info][gc,metaspace   ] GC(2114) Metaspace: 3166K(4864K)->3166K(4864K) NonClass: 2861K(4352K)->2861K(4352K) Class: 305K(512K)->305K(512K)
[2026-06-17T09:52:33.627+0800][52.373s][info][gc             ] GC(2114) Pause Young (Allocation Failure) 46M->39M(57M) 4.369ms
[2026-06-17T09:52:33.627+0800][52.373s][info][gc,cpu         ] GC(2114) User=0.00s Sys=0.01s Real=0.01s
[2026-06-17T09:52:33.650+0800][52.396s][info][gc,start       ] GC(2115) Pause Young (Allocation Failure)
[2026-06-17T09:52:33.652+0800][52.398s][info][gc,heap        ] GC(2115) PSYoungGen: 9923K->1096K(14848K)
[2026-06-17T09:52:33.653+0800][52.399s][info][gc,heap        ] GC(2115) ParOldGen: 37544K->39436K(44032K)
[2026-06-17T09:52:33.654+0800][52.400s][info][gc,metaspace   ] GC(2115) Metaspace: 3166K(4864K)->3166K(4864K) NonClass: 2861K(4352K)->2861K(4352K) Class: 305K(512K)->305K(512K)
[2026-06-17T09:52:33.655+0800][52.400s][info][gc             ] GC(2115) Pause Young (Allocation Failure) 46M->39M(57M) 4.025ms
[2026-06-17T09:52:33.655+0800][52.401s][info][gc,cpu         ] GC(2115) User=0.00s Sys=0.00s Real=0.00s
[2026-06-17T09:52:33.667+0800][52.413s][info][gc,start       ] GC(2116) Pause Young (Allocation Failure)
[2026-06-17T09:52:33.670+0800][52.415s][info][gc,heap        ] GC(2116) PSYoungGen: 9243K->5854K(14336K)
[2026-06-17T09:52:33.670+0800][52.416s][info][gc,heap        ] GC(2116) ParOldGen: 39436K->39436K(44032K)
[2026-06-17T09:52:33.671+0800][52.416s][info][gc,metaspace   ] GC(2116) Metaspace: 3166K(4864K)->3166K(4864K) NonClass: 2861K(4352K)->2861K(4352K) Class: 305K(512K)->305K(512K)
[2026-06-17T09:52:33.671+0800][52.417s][info][gc             ] GC(2116) Pause Young (Allocation Failure) 47M->44M(57M) 4.182ms
[2026-06-17T09:52:33.672+0800][52.418s][info][gc,cpu         ] GC(2116) User=0.00s Sys=0.00s Real=0.01s
[2026-06-17T09:52:33.695+0800][52.441s][info][gc,start       ] GC(2117) Pause Young (Allocation Failure)
[2026-06-17T09:52:33.697+0800][52.443s][info][gc,heap        ] GC(2117) PSYoungGen: 13816K->32K(14336K)
[2026-06-17T09:52:33.698+0800][52.444s][info][gc,heap        ] GC(2117) ParOldGen: 39436K->43072K(44032K)
[2026-06-17T09:52:33.699+0800][52.445s][info][gc,metaspace   ] GC(2117) Metaspace: 3166K(4864K)->3166K(4864K) NonClass: 2861K(4352K)->2861K(4352K) Class: 305K(512K)->305K(512K)
[2026-06-17T09:52:33.699+0800][52.445s][info][gc             ] GC(2117) Pause Young (Allocation Failure) 52M->42M(57M) 4.157ms
[2026-06-17T09:52:33.700+0800][52.446s][info][gc,cpu         ] GC(2117) User=0.00s Sys=0.00s Real=0.00s
[2026-06-17T09:52:33.701+0800][52.446s][info][gc,start       ] GC(2118) Pause Full (Ergonomics)
[2026-06-17T09:52:33.701+0800][52.447s][info][gc,phases,start] GC(2118) Marking Phase
[2026-06-17T09:52:33.703+0800][52.449s][info][gc,phases      ] GC(2118) Marking Phase 2.098ms
[2026-06-17T09:52:33.704+0800][52.450s][info][gc,phases,start] GC(2118) Summary Phase
[2026-06-17T09:52:33.704+0800][52.450s][info][gc,phases      ] GC(2118) Summary Phase 0.411ms
[2026-06-17T09:52:33.705+0800][52.450s][info][gc,phases,start] GC(2118) Adjust Roots
[2026-06-17T09:52:33.705+0800][52.451s][info][gc,phases      ] GC(2118) Adjust Roots 0.430ms
[2026-06-17T09:52:33.705+0800][52.451s][info][gc,phases,start] GC(2118) Compaction Phase
[2026-06-17T09:52:33.707+0800][52.453s][info][gc,phases      ] GC(2118) Compaction Phase 2.113ms
[2026-06-17T09:52:33.708+0800][52.454s][info][gc,phases,start] GC(2118) Post Compact
[2026-06-17T09:52:33.708+0800][52.454s][info][gc,phases      ] GC(2118) Post Compact 0.359ms
[2026-06-17T09:52:33.709+0800][52.454s][info][gc,heap        ] GC(2118) PSYoungGen: 32K->0K(14336K)
[2026-06-17T09:52:33.709+0800][52.455s][info][gc,heap        ] GC(2118) ParOldGen: 43072K->29020K(44032K)
[2026-06-17T09:52:33.709+0800][52.455s][info][gc,metaspace   ] GC(2118) Metaspace: 3166K(4864K)->3166K(4864K) NonClass: 2861K(4352K)->2861K(4352K) Class: 305K(512K)->305K(512K)
[2026-06-17T09:52:33.709+0800][52.455s][info][gc             ] GC(2118) Pause Full (Ergonomics) 42M->28M(57M) 8.637ms
[2026-06-17T09:52:33.709+0800][52.455s][info][gc,cpu         ] GC(2118) User=0.01s Sys=0.00s Real=0.01s
[2026-06-17T09:52:33.731+0800][52.477s][info][gc,start       ] GC(2119) Pause Young (Allocation Failure)
[2026-06-17T09:52:33.733+0800][52.479s][info][gc,heap        ] GC(2119) PSYoungGen: 7150K->3542K(14336K)
[2026-06-17T09:52:33.734+0800][52.480s][info][gc,heap        ] GC(2119) ParOldGen: 29020K->29020K(44032K)
[2026-06-17T09:52:33.736+0800][52.482s][info][gc,metaspace   ] GC(2119) Metaspace: 3166K(4864K)->3166K(4864K) NonClass: 2861K(4352K)->2861K(4352K) Class: 305K(512K)->305K(512K)
[2026-06-17T09:52:33.737+0800][52.483s][info][gc             ] GC(2119) Pause Young (Allocation Failure) 35M->31M(57M) 5.899ms
[2026-06-17T09:52:33.738+0800][52.484s][info][gc,cpu         ] GC(2119) User=0.00s Sys=0.00s Real=0.00s
[2026-06-17T09:52:33.752+0800][52.498s][info][gc,start       ] GC(2120) Pause Young (Allocation Failure)
[2026-06-17T09:52:33.754+0800][52.500s][info][gc,heap        ] GC(2120) PSYoungGen: 10643K->1648K(14336K)
[2026-06-17T09:52:33.754+0800][52.500s][info][gc,heap        ] GC(2120) ParOldGen: 29020K->30830K(44032K)
[2026-06-17T09:52:33.756+0800][52.502s][info][gc,metaspace   ] GC(2120) Metaspace: 3166K(4864K)->3166K(4864K) NonClass: 2861K(4352K)->2861K(4352K) Class: 305K(512K)->305K(512K)
[2026-06-17T09:52:33.758+0800][52.504s][info][gc             ] GC(2120) Pause Young (Allocation Failure) 38M->31M(57M) 5.903ms
[2026-06-17T09:52:33.760+0800][52.506s][info][gc,cpu         ] GC(2120) User=0.01s Sys=0.00s Real=0.00s
[2026-06-17T09:52:33.784+0800][52.530s][info][gc,start       ] GC(2121) Pause Young (Allocation Failure)
[2026-06-17T09:52:33.787+0800][52.533s][info][gc,heap        ] GC(2121) PSYoungGen: 8801K->3518K(14336K)
[2026-06-17T09:52:33.787+0800][52.533s][info][gc,heap        ] GC(2121) ParOldGen: 30830K->32454K(44032K)
[2026-06-17T09:52:33.788+0800][52.534s][info][gc,metaspace   ] GC(2121) Metaspace: 3166K(4864K)->3166K(4864K) NonClass: 2861K(4352K)->2861K(4352K) Class: 305K(512K)->305K(512K)
[2026-06-17T09:52:33.789+0800][52.535s][info][gc             ] GC(2121) Pause Young (Allocation Failure) 38M->35M(57M) 4.367ms
[2026-06-17T09:52:33.789+0800][52.535s][info][gc,cpu         ] GC(2121) User=0.00s Sys=0.00s Real=0.00s
[2026-06-17T09:52:33.812+0800][52.558s][info][gc,start       ] GC(2122) Pause Young (Allocation Failure)
[2026-06-17T09:52:33.813+0800][52.559s][info][gc,heap        ] GC(2122) PSYoungGen: 10672K->3571K(14336K)
[2026-06-17T09:52:33.814+0800][52.560s][info][gc,heap        ] GC(2122) ParOldGen: 32454K->32677K(44032K)
[2026-06-17T09:52:33.814+0800][52.560s][info][gc,metaspace   ] GC(2122) Metaspace: 3166K(4864K)->3166K(4864K) NonClass: 2861K(4352K)->2861K(4352K) Class: 305K(512K)->305K(512K)
[2026-06-17T09:52:33.815+0800][52.561s][info][gc             ] GC(2122) Pause Young (Allocation Failure) 42M->35M(57M) 3.557ms
[2026-06-17T09:52:33.816+0800][52.562s][info][gc,cpu         ] GC(2122) User=0.00s Sys=0.00s Real=0.00s
[2026-06-17T09:52:33.838+0800][52.584s][info][gc,start       ] GC(2123) Pause Young (Allocation Failure)
[2026-06-17T09:52:33.840+0800][52.586s][info][gc,heap        ] GC(2123) PSYoungGen: 10709K->1652K(14848K)
[2026-06-17T09:52:33.841+0800][52.586s][info][gc,heap        ] GC(2123) ParOldGen: 32677K->34817K(44032K)
[2026-06-17T09:52:33.841+0800][52.587s][info][gc,metaspace   ] GC(2123) Metaspace: 3166K(4864K)->3166K(4864K) NonClass: 2861K(4352K)->2861K(4352K) Class: 305K(512K)->305K(512K)
[2026-06-17T09:52:33.842+0800][52.588s][info][gc             ] GC(2123) Pause Young (Allocation Failure) 42M->35M(57M) 3.950ms
[2026-06-17T09:52:33.843+0800][52.589s][info][gc,cpu         ] GC(2123) User=0.00s Sys=0.00s Real=0.01s
[2026-06-17T09:52:33.865+0800][52.611s][info][gc,start       ] GC(2124) Pause Young (Allocation Failure)
[2026-06-17T09:52:33.867+0800][52.613s][info][gc,heap        ] GC(2124) PSYoungGen: 9835K->3001K(14848K)
[2026-06-17T09:52:33.868+0800][52.613s][info][gc,heap        ] GC(2124) ParOldGen: 34817K->34817K(44032K)
[2026-06-17T09:52:33.868+0800][52.614s][info][gc,metaspace   ] GC(2124) Metaspace: 3166K(4864K)->3166K(4864K) NonClass: 2861K(4352K)->2861K(4352K) Class: 305K(512K)->305K(512K)
[2026-06-17T09:52:33.869+0800][52.615s][info][gc             ] GC(2124) Pause Young (Allocation Failure) 43M->36M(57M) 3.281ms
[2026-06-17T09:52:33.869+0800][52.615s][info][gc,cpu         ] GC(2124) User=0.00s Sys=0.00s Real=0.00s
[2026-06-17T09:52:33.891+0800][52.637s][info][gc,start       ] GC(2125) Pause Young (Allocation Failure)
[2026-06-17T09:52:33.893+0800][52.639s][info][gc,heap        ] GC(2125) PSYoungGen: 11193K->2179K(15360K)
[2026-06-17T09:52:33.894+0800][52.640s][info][gc,heap        ] GC(2125) ParOldGen: 34817K->36894K(44032K)
[2026-06-17T09:52:33.895+0800][52.641s][info][gc,metaspace   ] GC(2125) Metaspace: 3166K(4864K)->3166K(4864K) NonClass: 2861K(4352K)->2861K(4352K) Class: 305K(512K)->305K(512K)
[2026-06-17T09:52:33.895+0800][52.641s][info][gc             ] GC(2125) Pause Young (Allocation Failure) 44M->38M(58M) 3.884ms
[2026-06-17T09:52:33.896+0800][52.642s][info][gc,cpu         ] GC(2125) User=0.00s Sys=0.00s Real=0.00s
[2026-06-17T09:52:33.918+0800][52.664s][info][gc,start       ] GC(2126) Pause Young (Allocation Failure)
[2026-06-17T09:52:33.920+0800][52.666s][info][gc,heap        ] GC(2126) PSYoungGen: 10845K->2385K(14848K)
[2026-06-17T09:52:33.921+0800][52.667s][info][gc,heap        ] GC(2126) ParOldGen: 36894K->38553K(44032K)
[2026-06-17T09:52:33.921+0800][52.667s][info][gc,metaspace   ] GC(2126) Metaspace: 3166K(4864K)->3166K(4864K) NonClass: 2861K(4352K)->2861K(4352K) Class: 305K(512K)->305K(512K)
[2026-06-17T09:52:33.922+0800][52.668s][info][gc             ] GC(2126) Pause Young (Allocation Failure) 46M->39M(57M) 3.760ms
[2026-06-17T09:52:33.922+0800][52.668s][info][gc,cpu         ] GC(2126) User=0.00s Sys=0.00s Real=0.00s
[2026-06-17T09:52:33.944+0800][52.690s][info][gc,start       ] GC(2127) Pause Young (Allocation Failure)
[2026-06-17T09:52:33.946+0800][52.692s][info][gc,heap        ] GC(2127) PSYoungGen: 11089K->2474K(15872K)
[2026-06-17T09:52:33.947+0800][52.693s][info][gc,heap        ] GC(2127) ParOldGen: 38553K->39869K(44032K)
[2026-06-17T09:52:33.947+0800][52.693s][info][gc,metaspace   ] GC(2127) Metaspace: 3166K(4864K)->3166K(4864K) NonClass: 2861K(4352K)->2861K(4352K) Class: 305K(512K)->305K(512K)
[2026-06-17T09:52:33.948+0800][52.694s][info][gc             ] GC(2127) Pause Young (Allocation Failure) 48M->41M(58M) 3.682ms
[2026-06-17T09:52:33.948+0800][52.694s][info][gc,cpu         ] GC(2127) User=0.00s Sys=0.00s Real=0.00s
[2026-06-17T09:52:33.970+0800][52.716s][info][gc,start       ] GC(2128) Pause Young (Allocation Failure)
[2026-06-17T09:52:33.972+0800][52.718s][info][gc,heap        ] GC(2128) PSYoungGen: 12161K->3029K(15360K)
[2026-06-17T09:52:33.973+0800][52.719s][info][gc,heap        ] GC(2128) ParOldGen: 39869K->41800K(44032K)
[2026-06-17T09:52:33.973+0800][52.719s][info][gc,metaspace   ] GC(2128) Metaspace: 3166K(4864K)->3166K(4864K) NonClass: 2861K(4352K)->2861K(4352K) Class: 305K(512K)->305K(512K)
[2026-06-17T09:52:33.974+0800][52.720s][info][gc             ] GC(2128) Pause Young (Allocation Failure) 50M->43M(58M) 3.837ms
[2026-06-17T09:52:33.974+0800][52.720s][info][gc,cpu         ] GC(2128) User=0.01s Sys=0.00s Real=0.01s
[2026-06-17T09:52:33.974+0800][52.720s][info][gc,start       ] GC(2129) Pause Full (Ergonomics)
[2026-06-17T09:52:33.975+0800][52.721s][info][gc,phases,start] GC(2129) Marking Phase
[2026-06-17T09:52:33.976+0800][52.722s][info][gc,phases      ] GC(2129) Marking Phase 1.415ms
[2026-06-17T09:52:33.977+0800][52.722s][info][gc,phases,start] GC(2129) Summary Phase
[2026-06-17T09:52:33.977+0800][52.723s][info][gc,phases      ] GC(2129) Summary Phase 0.235ms
[2026-06-17T09:52:33.977+0800][52.723s][info][gc,phases,start] GC(2129) Adjust Roots
[2026-06-17T09:52:33.977+0800][52.723s][info][gc,phases      ] GC(2129) Adjust Roots 0.324ms
[2026-06-17T09:52:33.978+0800][52.723s][info][gc,phases,start] GC(2129) Compaction Phase
[2026-06-17T09:52:33.979+0800][52.725s][info][gc,phases      ] GC(2129) Compaction Phase 1.925ms
[2026-06-17T09:52:33.980+0800][52.726s][info][gc,phases,start] GC(2129) Post Compact
[2026-06-17T09:52:33.980+0800][52.726s][info][gc,phases      ] GC(2129) Post Compact 0.306ms
[2026-06-17T09:52:33.980+0800][52.726s][info][gc,heap        ] GC(2129) PSYoungGen: 3029K->0K(15872K)
[2026-06-17T09:52:33.981+0800][52.726s][info][gc,heap        ] GC(2129) ParOldGen: 41800K->34376K(44032K)
[2026-06-17T09:52:33.981+0800][52.727s][info][gc,metaspace   ] GC(2129) Metaspace: 3166K(4864K)->3166K(4864K) NonClass: 2861K(4352K)->2861K(4352K) Class: 305K(512K)->305K(512K)
[2026-06-17T09:52:33.981+0800][52.727s][info][gc             ] GC(2129) Pause Full (Ergonomics) 43M->33M(58M) 6.541ms
[2026-06-17T09:52:33.981+0800][52.727s][info][gc,cpu         ] GC(2129) User=0.00s Sys=0.00s Real=0.00s
[2026-06-17T09:52:34.003+0800][52.749s][info][gc,start       ] GC(2130) Pause Young (Allocation Failure)
[2026-06-17T09:52:34.004+0800][52.750s][info][gc,heap        ] GC(2130) PSYoungGen: 10133K->3309K(15872K)
[2026-06-17T09:52:34.004+0800][52.750s][info][gc,heap        ] GC(2130) ParOldGen: 34376K->34376K(44032K)
[2026-06-17T09:52:34.005+0800][52.751s][info][gc,metaspace   ] GC(2130) Metaspace: 3166K(4864K)->3166K(4864K) NonClass: 2861K(4352K)->2861K(4352K) Class: 305K(512K)->305K(512K)
[2026-06-17T09:52:34.005+0800][52.751s][info][gc             ] GC(2130) Pause Young (Allocation Failure) 43M->36M(58M) 2.326ms
[2026-06-17T09:52:34.005+0800][52.751s][info][gc,cpu         ] GC(2130) User=0.00s Sys=0.00s Real=0.00s
[2026-06-17T09:52:34.038+0800][52.784s][info][gc,start       ] GC(2131) Pause Young (Allocation Failure)
[2026-06-17T09:52:34.040+0800][52.786s][info][gc,heap        ] GC(2131) PSYoungGen: 13527K->3068K(16384K)
[2026-06-17T09:52:34.041+0800][52.787s][info][gc,heap        ] GC(2131) ParOldGen: 34376K->37655K(44032K)
[2026-06-17T09:52:34.041+0800][52.787s][info][gc,metaspace   ] GC(2131) Metaspace: 3166K(4864K)->3166K(4864K) NonClass: 2861K(4352K)->2861K(4352K) Class: 305K(512K)->305K(512K)
[2026-06-17T09:52:34.042+0800][52.788s][info][gc             ] GC(2131) Pause Young (Allocation Failure) 46M->39M(59M) 3.989ms
[2026-06-17T09:52:34.043+0800][52.789s][info][gc,cpu         ] GC(2131) User=0.00s Sys=0.00s Real=0.01s
[2026-06-17T09:52:34.075+0800][52.821s][info][gc,start       ] GC(2132) Pause Young (Allocation Failure)
[2026-06-17T09:52:34.078+0800][52.823s][info][gc,heap        ] GC(2132) PSYoungGen: 13800K->2406K(15872K)
[2026-06-17T09:52:34.079+0800][52.825s][info][gc,heap        ] GC(2132) ParOldGen: 37655K->38496K(44032K)
[2026-06-17T09:52:34.079+0800][52.825s][info][gc,metaspace   ] GC(2132) Metaspace: 3166K(4864K)->3166K(4864K) NonClass: 2861K(4352K)->2861K(4352K) Class: 305K(512K)->305K(512K)
[2026-06-17T09:52:34.080+0800][52.826s][info][gc             ] GC(2132) Pause Young (Allocation Failure) 50M->39M(58M) 4.592ms
[2026-06-17T09:52:34.081+0800][52.826s][info][gc,cpu         ] GC(2132) User=0.00s Sys=0.00s Real=0.00s
[2026-06-17T09:52:34.103+0800][52.849s][info][gc,start       ] GC(2133) Pause Young (Allocation Failure)
[2026-06-17T09:52:34.105+0800][52.851s][info][gc,heap        ] GC(2133) PSYoungGen: 13158K->4003K(15360K)
[2026-06-17T09:52:34.106+0800][52.852s][info][gc,heap        ] GC(2133) ParOldGen: 38496K->40590K(44032K)
[2026-06-17T09:52:34.107+0800][52.853s][info][gc,metaspace   ] GC(2133) Metaspace: 3166K(4864K)->3166K(4864K) NonClass: 2861K(4352K)->2861K(4352K) Class: 305K(512K)->305K(512K)
[2026-06-17T09:52:34.108+0800][52.853s][info][gc             ] GC(2133) Pause Young (Allocation Failure) 50M->43M(58M) 4.519ms
[2026-06-17T09:52:34.108+0800][52.854s][info][gc,cpu         ] GC(2133) User=0.01s Sys=0.00s Real=0.00s
[2026-06-17T09:52:34.109+0800][52.855s][info][gc,start       ] GC(2134) Pause Full (Ergonomics)
[2026-06-17T09:52:34.109+0800][52.855s][info][gc,phases,start] GC(2134) Marking Phase
[2026-06-17T09:52:34.112+0800][52.857s][info][gc,phases      ] GC(2134) Marking Phase 2.418ms
[2026-06-17T09:52:34.112+0800][52.858s][info][gc,phases,start] GC(2134) Summary Phase
[2026-06-17T09:52:34.112+0800][52.858s][info][gc,phases      ] GC(2134) Summary Phase 0.380ms
[2026-06-17T09:52:34.113+0800][52.859s][info][gc,phases,start] GC(2134) Adjust Roots
[2026-06-17T09:52:34.113+0800][52.859s][info][gc,phases      ] GC(2134) Adjust Roots 0.549ms
[2026-06-17T09:52:34.114+0800][52.859s][info][gc,phases,start] GC(2134) Compaction Phase
[2026-06-17T09:52:34.116+0800][52.862s][info][gc,phases      ] GC(2134) Compaction Phase 2.275ms
[2026-06-17T09:52:34.116+0800][52.862s][info][gc,phases,start] GC(2134) Post Compact
[2026-06-17T09:52:34.117+0800][52.862s][info][gc,phases      ] GC(2134) Post Compact 0.350ms
[2026-06-17T09:52:34.117+0800][52.863s][info][gc,heap        ] GC(2134) PSYoungGen: 4003K->0K(15872K)
[2026-06-17T09:52:34.117+0800][52.863s][info][gc,heap        ] GC(2134) ParOldGen: 40590K->30882K(44032K)
[2026-06-17T09:52:34.117+0800][52.863s][info][gc,metaspace   ] GC(2134) Metaspace: 3166K(4864K)->3166K(4864K) NonClass: 2861K(4352K)->2861K(4352K) Class: 305K(512K)->305K(512K)
[2026-06-17T09:52:34.118+0800][52.863s][info][gc             ] GC(2134) Pause Full (Ergonomics) 43M->30M(58M) 8.714ms
[2026-06-17T09:52:34.118+0800][52.864s][info][gc,cpu         ] GC(2134) User=0.00s Sys=0.00s Real=0.01s
[2026-06-17T09:52:34.140+0800][52.886s][info][gc,start       ] GC(2135) Pause Young (Allocation Failure)
[2026-06-17T09:52:34.142+0800][52.888s][info][gc,heap        ] GC(2135) PSYoungGen: 10231K->5607K(14848K)
[2026-06-17T09:52:34.143+0800][52.889s][info][gc,heap        ] GC(2135) ParOldGen: 30882K->32260K(44032K)
[2026-06-17T09:52:34.144+0800][52.890s][info][gc,metaspace   ] GC(2135) Metaspace: 3166K(4864K)->3166K(4864K) NonClass: 2861K(4352K)->2861K(4352K) Class: 305K(512K)->305K(512K)
[2026-06-17T09:52:34.145+0800][52.891s][info][gc             ] GC(2135) Pause Young (Allocation Failure) 40M->36M(57M) 4.941ms
[2026-06-17T09:52:34.145+0800][52.891s][info][gc,cpu         ] GC(2135) User=0.00s Sys=0.00s Real=0.01s
[2026-06-17T09:52:34.167+0800][52.913s][info][gc,start       ] GC(2136) Pause Young (Allocation Failure)
[2026-06-17T09:52:34.168+0800][52.914s][info][gc,heap        ] GC(2136) PSYoungGen: 14640K->2345K(15360K)
[2026-06-17T09:52:34.169+0800][52.915s][info][gc,heap        ] GC(2136) ParOldGen: 32260K->34639K(44032K)
[2026-06-17T09:52:34.169+0800][52.915s][info][gc,metaspace   ] GC(2136) Metaspace: 3166K(4864K)->3166K(4864K) NonClass: 2861K(4352K)->2861K(4352K) Class: 305K(512K)->305K(512K)
[2026-06-17T09:52:34.170+0800][52.916s][info][gc             ] GC(2136) Pause Young (Allocation Failure) 45M->36M(58M) 2.488ms
[2026-06-17T09:52:34.170+0800][52.916s][info][gc,cpu         ] GC(2136) User=0.00s Sys=0.00s Real=0.00s
[2026-06-17T09:52:34.202+0800][52.948s][info][gc,start       ] GC(2137) Pause Young (Allocation Failure)
[2026-06-17T09:52:34.204+0800][52.950s][info][gc,heap        ] GC(2137) PSYoungGen: 11561K->2035K(15360K)
[2026-06-17T09:52:34.205+0800][52.951s][info][gc,heap        ] GC(2137) ParOldGen: 34639K->36960K(44032K)
[2026-06-17T09:52:34.205+0800][52.951s][info][gc,metaspace   ] GC(2137) Metaspace: 3166K(4864K)->3166K(4864K) NonClass: 2861K(4352K)->2861K(4352K) Class: 305K(512K)->305K(512K)
[2026-06-17T09:52:34.206+0800][52.952s][info][gc             ] GC(2137) Pause Young (Allocation Failure) 45M->38M(58M) 3.908ms
[2026-06-17T09:52:34.206+0800][52.952s][info][gc,cpu         ] GC(2137) User=0.01s Sys=0.00s Real=0.01s
[2026-06-17T09:52:34.229+0800][52.975s][info][gc,start       ] GC(2138) Pause Young (Allocation Failure)
[2026-06-17T09:52:34.231+0800][52.977s][info][gc,heap        ] GC(2138) PSYoungGen: 11251K->3433K(15360K)
[2026-06-17T09:52:34.232+0800][52.978s][info][gc,heap        ] GC(2138) ParOldGen: 36960K->37603K(44032K)
[2026-06-17T09:52:34.233+0800][52.979s][info][gc,metaspace   ] GC(2138) Metaspace: 3166K(4864K)->3166K(4864K) NonClass: 2861K(4352K)->2861K(4352K) Class: 305K(512K)->305K(512K)
[2026-06-17T09:52:34.234+0800][52.979s][info][gc             ] GC(2138) Pause Young (Allocation Failure) 47M->40M(58M) 4.804ms
[2026-06-17T09:52:34.234+0800][52.980s][info][gc,cpu         ] GC(2138) User=0.00s Sys=0.00s Real=0.01s
[2026-06-17T09:52:34.257+0800][53.003s][info][gc,start       ] GC(2139) Pause Young (Allocation Failure)
[2026-06-17T09:52:34.260+0800][53.006s][info][gc,heap        ] GC(2139) PSYoungGen: 12646K->4142K(14848K)
[2026-06-17T09:52:34.261+0800][53.006s][info][gc,heap        ] GC(2139) ParOldGen: 37603K->39310K(44032K)
[2026-06-17T09:52:34.261+0800][53.007s][info][gc,metaspace   ] GC(2139) Metaspace: 3166K(4864K)->3166K(4864K) NonClass: 2861K(4352K)->2861K(4352K) Class: 305K(512K)->305K(512K)
[2026-06-17T09:52:34.262+0800][53.008s][info][gc             ] GC(2139) Pause Young (Allocation Failure) 49M->42M(57M) 4.659ms
[2026-06-17T09:52:34.263+0800][53.009s][info][gc,cpu         ] GC(2139) User=0.00s Sys=0.01s Real=0.01s
[2026-06-17T09:52:34.286+0800][53.032s][info][gc,start       ] GC(2140) Pause Young (Allocation Failure)
[2026-06-17T09:52:34.288+0800][53.034s][info][gc,heap        ] GC(2140) PSYoungGen: 13237K->868K(15360K)
[2026-06-17T09:52:34.289+0800][53.035s][info][gc,heap        ] GC(2140) ParOldGen: 39310K->41230K(44032K)
[2026-06-17T09:52:34.289+0800][53.035s][info][gc,metaspace   ] GC(2140) Metaspace: 3166K(4864K)->3166K(4864K) NonClass: 2861K(4352K)->2861K(4352K) Class: 305K(512K)->305K(512K)
[2026-06-17T09:52:34.290+0800][53.036s][info][gc             ] GC(2140) Pause Young (Allocation Failure) 51M->41M(58M) 4.179ms
[2026-06-17T09:52:34.291+0800][53.036s][info][gc,cpu         ] GC(2140) User=0.01s Sys=0.00s Real=0.01s
[2026-06-17T09:52:34.291+0800][53.037s][info][gc,start       ] GC(2141) Pause Full (Ergonomics)
[2026-06-17T09:52:34.292+0800][53.038s][info][gc,phases,start] GC(2141) Marking Phase
[2026-06-17T09:52:34.294+0800][53.040s][info][gc,phases      ] GC(2141) Marking Phase 2.272ms
[2026-06-17T09:52:34.295+0800][53.041s][info][gc,phases,start] GC(2141) Summary Phase
[2026-06-17T09:52:34.296+0800][53.041s][info][gc,phases      ] GC(2141) Summary Phase 0.790ms
[2026-06-17T09:52:34.296+0800][53.042s][info][gc,phases,start] GC(2141) Adjust Roots
[2026-06-17T09:52:34.297+0800][53.042s][info][gc,phases      ] GC(2141) Adjust Roots 0.611ms
[2026-06-17T09:52:34.297+0800][53.043s][info][gc,phases,start] GC(2141) Compaction Phase
[2026-06-17T09:52:34.299+0800][53.045s][info][gc,phases      ] GC(2141) Compaction Phase 2.144ms
[2026-06-17T09:52:34.300+0800][53.045s][info][gc,phases,start] GC(2141) Post Compact
[2026-06-17T09:52:34.300+0800][53.046s][info][gc,phases      ] GC(2141) Post Compact 0.330ms
[2026-06-17T09:52:34.300+0800][53.046s][info][gc,heap        ] GC(2141) PSYoungGen: 868K->0K(15360K)
[2026-06-17T09:52:34.300+0800][53.046s][info][gc,heap        ] GC(2141) ParOldGen: 41230K->22339K(44032K)
[2026-06-17T09:52:34.300+0800][53.046s][info][gc,metaspace   ] GC(2141) Metaspace: 3166K(4864K)->3166K(4864K) NonClass: 2861K(4352K)->2861K(4352K) Class: 305K(512K)->305K(512K)
[2026-06-17T09:52:34.301+0800][53.047s][info][gc             ] GC(2141) Pause Full (Ergonomics) 41M->21M(58M) 9.388ms
[2026-06-17T09:52:34.301+0800][53.047s][info][gc,cpu         ] GC(2141) User=0.00s Sys=0.00s Real=0.00s
[2026-06-17T09:52:34.333+0800][53.079s][info][gc,start       ] GC(2142) Pause Young (Allocation Failure)
[2026-06-17T09:52:34.335+0800][53.080s][info][gc,heap        ] GC(2142) PSYoungGen: 9216K->2354K(15360K)
[2026-06-17T09:52:34.335+0800][53.081s][info][gc,heap        ] GC(2142) ParOldGen: 22339K->22339K(44032K)
[2026-06-17T09:52:34.336+0800][53.081s][info][gc,metaspace   ] GC(2142) Metaspace: 3166K(4864K)->3166K(4864K) NonClass: 2861K(4352K)->2861K(4352K) Class: 305K(512K)->305K(512K)
[2026-06-17T09:52:34.336+0800][53.082s][info][gc             ] GC(2142) Pause Young (Allocation Failure) 30M->24M(58M) 2.916ms
[2026-06-17T09:52:34.336+0800][53.082s][info][gc,cpu         ] GC(2142) User=0.01s Sys=0.00s Real=0.00s
[2026-06-17T09:52:34.358+0800][53.104s][info][gc,start       ] GC(2143) Pause Young (Allocation Failure)
[2026-06-17T09:52:34.359+0800][53.105s][info][gc,heap        ] GC(2143) PSYoungGen: 11570K->3039K(15872K)
[2026-06-17T09:52:34.360+0800][53.106s][info][gc,heap        ] GC(2143) ParOldGen: 22339K->23746K(44032K)
[2026-06-17T09:52:34.360+0800][53.106s][info][gc,metaspace   ] GC(2143) Metaspace: 3166K(4864K)->3166K(4864K) NonClass: 2861K(4352K)->2861K(4352K) Class: 305K(512K)->305K(512K)
[2026-06-17T09:52:34.360+0800][53.106s][info][gc             ] GC(2143) Pause Young (Allocation Failure) 33M->26M(58M) 2.289ms
[2026-06-17T09:52:34.360+0800][53.106s][info][gc,cpu         ] GC(2143) User=0.00s Sys=0.00s Real=0.00s
[2026-06-17T09:52:34.382+0800][53.128s][info][gc,start       ] GC(2144) Pause Young (Allocation Failure)
[2026-06-17T09:52:34.384+0800][53.130s][info][gc,heap        ] GC(2144) PSYoungGen: 12767K->3772K(15360K)
[2026-06-17T09:52:34.384+0800][53.130s][info][gc,heap        ] GC(2144) ParOldGen: 23746K->25705K(44032K)
[2026-06-17T09:52:34.384+0800][53.130s][info][gc,metaspace   ] GC(2144) Metaspace: 3166K(4864K)->3166K(4864K) NonClass: 2861K(4352K)->2861K(4352K) Class: 305K(512K)->305K(512K)
[2026-06-17T09:52:34.385+0800][53.131s][info][gc             ] GC(2144) Pause Young (Allocation Failure) 35M->28M(58M) 2.646ms
[2026-06-17T09:52:34.385+0800][53.131s][info][gc,cpu         ] GC(2144) User=0.00s Sys=0.00s Real=0.01s
[2026-06-17T09:52:34.407+0800][53.153s][info][gc,start       ] GC(2145) Pause Young (Allocation Failure)
[2026-06-17T09:52:34.408+0800][53.154s][info][gc,heap        ] GC(2145) PSYoungGen: 13344K->32K(14848K)
[2026-06-17T09:52:34.409+0800][53.154s][info][gc,heap        ] GC(2145) ParOldGen: 25705K->28623K(44032K)
[2026-06-17T09:52:34.409+0800][53.155s][info][gc,metaspace   ] GC(2145) Metaspace: 3166K(4864K)->3166K(4864K) NonClass: 2861K(4352K)->2861K(4352K) Class: 305K(512K)->305K(512K)
[2026-06-17T09:52:34.409+0800][53.155s][info][gc             ] GC(2145) Pause Young (Allocation Failure) 38M->27M(57M) 2.263ms
[2026-06-17T09:52:34.409+0800][53.155s][info][gc,cpu         ] GC(2145) User=0.00s Sys=0.00s Real=0.00s
[2026-06-17T09:52:34.442+0800][53.188s][info][gc,start       ] GC(2146) Pause Young (Allocation Failure)
[2026-06-17T09:52:34.444+0800][53.189s][info][gc,heap        ] GC(2146) PSYoungGen: 9234K->2273K(15360K)
[2026-06-17T09:52:34.444+0800][53.190s][info][gc,heap        ] GC(2146) ParOldGen: 28623K->28631K(44032K)
[2026-06-17T09:52:34.445+0800][53.191s][info][gc,metaspace   ] GC(2146) Metaspace: 3166K(4864K)->3166K(4864K) NonClass: 2861K(4352K)->2861K(4352K) Class: 305K(512K)->305K(512K)
[2026-06-17T09:52:34.445+0800][53.191s][info][gc             ] GC(2146) Pause Young (Allocation Failure) 36M->30M(58M) 3.428ms
[2026-06-17T09:52:34.446+0800][53.192s][info][gc,cpu         ] GC(2146) User=0.00s Sys=0.00s Real=0.01s
[2026-06-17T09:52:34.469+0800][53.214s][info][gc,start       ] GC(2147) Pause Young (Allocation Failure)
[2026-06-17T09:52:34.471+0800][53.216s][info][gc,heap        ] GC(2147) PSYoungGen: 11469K->2460K(15872K)
[2026-06-17T09:52:34.471+0800][53.217s][info][gc,heap        ] GC(2147) ParOldGen: 28631K->30760K(44032K)
[2026-06-17T09:52:34.472+0800][53.218s][info][gc,metaspace   ] GC(2147) Metaspace: 3166K(4864K)->3166K(4864K) NonClass: 2861K(4352K)->2861K(4352K) Class: 305K(512K)->305K(512K)
[2026-06-17T09:52:34.472+0800][53.218s][info][gc             ] GC(2147) Pause Young (Allocation Failure) 39M->32M(58M) 3.817ms
[2026-06-17T09:52:34.473+0800][53.219s][info][gc,cpu         ] GC(2147) User=0.00s Sys=0.00s Real=0.01s
[2026-06-17T09:52:34.496+0800][53.242s][info][gc,start       ] GC(2148) Pause Young (Allocation Failure)
[2026-06-17T09:52:34.498+0800][53.244s][info][gc,heap        ] GC(2148) PSYoungGen: 12673K->3989K(15872K)
[2026-06-17T09:52:34.499+0800][53.244s][info][gc,heap        ] GC(2148) ParOldGen: 30760K->32636K(44032K)
[2026-06-17T09:52:34.499+0800][53.245s][info][gc,metaspace   ] GC(2148) Metaspace: 3166K(4864K)->3166K(4864K) NonClass: 2861K(4352K)->2861K(4352K) Class: 305K(512K)->305K(512K)
[2026-06-17T09:52:34.500+0800][53.246s][info][gc             ] GC(2148) Pause Young (Allocation Failure) 42M->35M(58M) 3.932ms
[2026-06-17T09:52:34.501+0800][53.246s][info][gc,cpu         ] GC(2148) User=0.00s Sys=0.00s Real=0.00s
[2026-06-17T09:52:34.523+0800][53.268s][info][gc,start       ] GC(2149) Pause Young (Allocation Failure)
[2026-06-17T09:52:34.524+0800][53.270s][info][gc,heap        ] GC(2149) PSYoungGen: 14094K->1277K(15872K)
[2026-06-17T09:52:34.524+0800][53.270s][info][gc,heap        ] GC(2149) ParOldGen: 32636K->34937K(44032K)
[2026-06-17T09:52:34.524+0800][53.270s][info][gc,metaspace   ] GC(2149) Metaspace: 3166K(4864K)->3166K(4864K) NonClass: 2861K(4352K)->2861K(4352K) Class: 305K(512K)->305K(512K)
[2026-06-17T09:52:34.525+0800][53.271s][info][gc             ] GC(2149) Pause Young (Allocation Failure) 45M->35M(58M) 2.125ms
[2026-06-17T09:52:34.525+0800][53.271s][info][gc,cpu         ] GC(2149) User=0.00s Sys=0.00s Real=0.00s
[2026-06-17T09:52:34.557+0800][53.303s][info][gc,start       ] GC(2150) Pause Young (Allocation Failure)
[2026-06-17T09:52:34.558+0800][53.304s][info][gc,heap        ] GC(2150) PSYoungGen: 11517K->3391K(15872K)
[2026-06-17T09:52:34.559+0800][53.305s][info][gc,heap        ] GC(2150) ParOldGen: 34937K->36190K(44032K)
[2026-06-17T09:52:34.560+0800][53.305s][info][gc,metaspace   ] GC(2150) Metaspace: 3166K(4864K)->3166K(4864K) NonClass: 2861K(4352K)->2861K(4352K) Class: 305K(512K)->305K(512K)
[2026-06-17T09:52:34.560+0800][53.306s][info][gc             ] GC(2150) Pause Young (Allocation Failure) 45M->38M(58M) 3.136ms
[2026-06-17T09:52:34.561+0800][53.307s][info][gc,cpu         ] GC(2150) User=0.00s Sys=0.00s Real=0.00s
[2026-06-17T09:52:34.583+0800][53.329s][info][gc,start       ] GC(2151) Pause Young (Allocation Failure)
[2026-06-17T09:52:34.585+0800][53.330s][info][gc,heap        ] GC(2151) PSYoungGen: 12832K->2705K(15872K)
[2026-06-17T09:52:34.585+0800][53.331s][info][gc,heap        ] GC(2151) ParOldGen: 36190K->36190K(44032K)
[2026-06-17T09:52:34.586+0800][53.332s][info][gc,metaspace   ] GC(2151) Metaspace: 3166K(4864K)->3166K(4864K) NonClass: 2861K(4352K)->2861K(4352K) Class: 305K(512K)->305K(512K)
[2026-06-17T09:52:34.587+0800][53.332s][info][gc             ] GC(2151) Pause Young (Allocation Failure) 47M->37M(58M) 3.745ms
[2026-06-17T09:52:34.587+0800][53.333s][info][gc,cpu         ] GC(2151) User=0.00s Sys=0.00s Real=0.00s
[2026-06-17T09:52:34.609+0800][53.355s][info][gc,start       ] GC(2152) Pause Young (Allocation Failure)
[2026-06-17T09:52:34.611+0800][53.357s][info][gc,heap        ] GC(2152) PSYoungGen: 12904K->5602K(15872K)
[2026-06-17T09:52:34.612+0800][53.358s][info][gc,heap        ] GC(2152) ParOldGen: 36190K->40054K(44032K)
[2026-06-17T09:52:34.613+0800][53.358s][info][gc,metaspace   ] GC(2152) Metaspace: 3166K(4864K)->3166K(4864K) NonClass: 2861K(4352K)->2861K(4352K) Class: 305K(512K)->305K(512K)
[2026-06-17T09:52:34.613+0800][53.359s][info][gc             ] GC(2152) Pause Young (Allocation Failure) 47M->44M(58M) 3.686ms
[2026-06-17T09:52:34.614+0800][53.360s][info][gc,cpu         ] GC(2152) User=0.00s Sys=0.00s Real=0.01s
[2026-06-17T09:52:34.615+0800][53.361s][info][gc,start       ] GC(2153) Pause Full (Ergonomics)
[2026-06-17T09:52:34.615+0800][53.361s][info][gc,phases,start] GC(2153) Marking Phase
[2026-06-17T09:52:34.617+0800][53.363s][info][gc,phases      ] GC(2153) Marking Phase 1.902ms
[2026-06-17T09:52:34.618+0800][53.364s][info][gc,phases,start] GC(2153) Summary Phase
[2026-06-17T09:52:34.619+0800][53.364s][info][gc,phases      ] GC(2153) Summary Phase 0.589ms
[2026-06-17T09:52:34.619+0800][53.365s][info][gc,phases,start] GC(2153) Adjust Roots
[2026-06-17T09:52:34.620+0800][53.366s][info][gc,phases      ] GC(2153) Adjust Roots 0.693ms
[2026-06-17T09:52:34.620+0800][53.366s][info][gc,phases,start] GC(2153) Compaction Phase
[2026-06-17T09:52:34.623+0800][53.369s][info][gc,phases      ] GC(2153) Compaction Phase 2.542ms
[2026-06-17T09:52:34.624+0800][53.369s][info][gc,phases,start] GC(2153) Post Compact
[2026-06-17T09:52:34.626+0800][53.372s][info][gc,phases      ] GC(2153) Post Compact 2.900ms
[2026-06-17T09:52:34.627+0800][53.373s][info][gc,heap        ] GC(2153) PSYoungGen: 5602K->0K(12800K)
[2026-06-17T09:52:34.628+0800][53.374s][info][gc,heap        ] GC(2153) ParOldGen: 40054K->26017K(44032K)
[2026-06-17T09:52:34.629+0800][53.375s][info][gc,metaspace   ] GC(2153) Metaspace: 3166K(4864K)->3166K(4864K) NonClass: 2861K(4352K)->2861K(4352K) Class: 305K(512K)->305K(512K)
[2026-06-17T09:52:34.630+0800][53.375s][info][gc             ] GC(2153) Pause Full (Ergonomics) 44M->25M(55M) 14.918ms
[2026-06-17T09:52:34.630+0800][53.376s][info][gc,cpu         ] GC(2153) User=0.01s Sys=0.00s Real=0.01s
[2026-06-17T09:52:34.652+0800][53.398s][info][gc,start       ] GC(2154) Pause Young (Allocation Failure)
[2026-06-17T09:52:34.653+0800][53.399s][info][gc,heap        ] GC(2154) PSYoungGen: 7162K->461K(14336K)
[2026-06-17T09:52:34.654+0800][53.400s][info][gc,heap        ] GC(2154) ParOldGen: 26017K->26017K(44032K)
[2026-06-17T09:52:34.654+0800][53.400s][info][gc,metaspace   ] GC(2154) Metaspace: 3166K(4864K)->3166K(4864K) NonClass: 2861K(4352K)->2861K(4352K) Class: 305K(512K)->305K(512K)
[2026-06-17T09:52:34.655+0800][53.401s][info][gc             ] GC(2154) Pause Young (Allocation Failure) 32M->25M(57M) 2.652ms
[2026-06-17T09:52:34.656+0800][53.401s][info][gc,cpu         ] GC(2154) User=0.00s Sys=0.00s Real=0.00s
[2026-06-17T09:52:34.677+0800][53.423s][info][gc,start       ] GC(2155) Pause Young (Allocation Failure)
[2026-06-17T09:52:34.678+0800][53.424s][info][gc,heap        ] GC(2155) PSYoungGen: 7600K->3443K(14336K)
[2026-06-17T09:52:34.679+0800][53.425s][info][gc,heap        ] GC(2155) ParOldGen: 26017K->26454K(44032K)
[2026-06-17T09:52:34.679+0800][53.425s][info][gc,metaspace   ] GC(2155) Metaspace: 3166K(4864K)->3166K(4864K) NonClass: 2861K(4352K)->2861K(4352K) Class: 305K(512K)->305K(512K)
[2026-06-17T09:52:34.680+0800][53.426s][info][gc             ] GC(2155) Pause Young (Allocation Failure) 32M->29M(57M) 2.943ms
[2026-06-17T09:52:34.680+0800][53.426s][info][gc,cpu         ] GC(2155) User=0.00s Sys=0.00s Real=0.00s
[2026-06-17T09:52:34.692+0800][53.438s][info][gc,start       ] GC(2156) Pause Young (Allocation Failure)
[2026-06-17T09:52:34.693+0800][53.439s][info][gc,heap        ] GC(2156) PSYoungGen: 10507K->1804K(14336K)
[2026-06-17T09:52:34.693+0800][53.439s][info][gc,heap        ] GC(2156) ParOldGen: 26454K->28079K(44032K)
[2026-06-17T09:52:34.694+0800][53.440s][info][gc,metaspace   ] GC(2156) Metaspace: 3166K(4864K)->3166K(4864K) NonClass: 2861K(4352K)->2861K(4352K) Class: 305K(512K)->305K(512K)
[2026-06-17T09:52:34.694+0800][53.440s][info][gc             ] GC(2156) Pause Young (Allocation Failure) 36M->29M(57M) 2.588ms
[2026-06-17T09:52:34.695+0800][53.441s][info][gc,cpu         ] GC(2156) User=0.01s Sys=0.00s Real=0.00s
[2026-06-17T09:52:34.717+0800][53.462s][info][gc,start       ] GC(2157) Pause Young (Allocation Failure)
[2026-06-17T09:52:34.718+0800][53.464s][info][gc,heap        ] GC(2157) PSYoungGen: 8946K->5413K(14336K)
[2026-06-17T09:52:34.718+0800][53.464s][info][gc,heap        ] GC(2157) ParOldGen: 28079K->28079K(44032K)
[2026-06-17T09:52:34.718+0800][53.464s][info][gc,metaspace   ] GC(2157) Metaspace: 3166K(4864K)->3166K(4864K) NonClass: 2861K(4352K)->2861K(4352K) Class: 305K(512K)->305K(512K)
[2026-06-17T09:52:34.718+0800][53.464s][info][gc             ] GC(2157) Pause Young (Allocation Failure) 36M->32M(57M) 1.832ms
[2026-06-17T09:52:34.719+0800][53.465s][info][gc,cpu         ] GC(2157) User=0.00s Sys=0.00s Real=0.00s
[2026-06-17T09:52:34.740+0800][53.486s][info][gc,start       ] GC(2158) Pause Young (Allocation Failure)
[2026-06-17T09:52:34.741+0800][53.487s][info][gc,heap        ] GC(2158) PSYoungGen: 12565K->3264K(14336K)
[2026-06-17T09:52:34.741+0800][53.487s][info][gc,heap        ] GC(2158) ParOldGen: 28079K->30507K(44032K)
[2026-06-17T09:52:34.741+0800][53.487s][info][gc,metaspace   ] GC(2158) Metaspace: 3166K(4864K)->3166K(4864K) NonClass: 2861K(4352K)->2861K(4352K) Class: 305K(512K)->305K(512K)
[2026-06-17T09:52:34.742+0800][53.487s][info][gc             ] GC(2158) Pause Young (Allocation Failure) 39M->32M(57M) 1.634ms
[2026-06-17T09:52:34.742+0800][53.488s][info][gc,cpu         ] GC(2158) User=0.00s Sys=0.00s Real=0.00s
[2026-06-17T09:52:34.763+0800][53.509s][info][gc,start       ] GC(2159) Pause Young (Allocation Failure)
[2026-06-17T09:52:34.764+0800][53.510s][info][gc,heap        ] GC(2159) PSYoungGen: 10421K->3462K(14336K)
[2026-06-17T09:52:34.765+0800][53.511s][info][gc,heap        ] GC(2159) ParOldGen: 30507K->30507K(44032K)
[2026-06-17T09:52:34.765+0800][53.511s][info][gc,metaspace   ] GC(2159) Metaspace: 3166K(4864K)->3166K(4864K) NonClass: 2861K(4352K)->2861K(4352K) Class: 305K(512K)->305K(512K)
[2026-06-17T09:52:34.766+0800][53.512s][info][gc             ] GC(2159) Pause Young (Allocation Failure) 39M->33M(57M) 2.870ms
[2026-06-17T09:52:34.766+0800][53.512s][info][gc,cpu         ] GC(2159) User=0.00s Sys=0.00s Real=0.00s
[2026-06-17T09:52:34.778+0800][53.524s][info][gc,start       ] GC(2160) Pause Young (Allocation Failure)
[2026-06-17T09:52:34.780+0800][53.526s][info][gc,heap        ] GC(2160) PSYoungGen: 10630K->7083K(14336K)
[2026-06-17T09:52:34.780+0800][53.526s][info][gc,heap        ] GC(2160) ParOldGen: 30507K->30732K(44032K)
[2026-06-17T09:52:34.781+0800][53.527s][info][gc,metaspace   ] GC(2160) Metaspace: 3166K(4864K)->3166K(4864K) NonClass: 2861K(4352K)->2861K(4352K) Class: 305K(512K)->305K(512K)
[2026-06-17T09:52:34.782+0800][53.528s][info][gc             ] GC(2160) Pause Young (Allocation Failure) 40M->36M(57M) 4.144ms
[2026-06-17T09:52:34.782+0800][53.528s][info][gc,cpu         ] GC(2160) User=0.01s Sys=0.00s Real=0.00s
[2026-06-17T09:52:34.804+0800][53.550s][info][gc,start       ] GC(2161) Pause Young (Allocation Failure)
[2026-06-17T09:52:34.806+0800][53.552s][info][gc,heap        ] GC(2161) PSYoungGen: 14000K->1804K(14336K)
[2026-06-17T09:52:34.806+0800][53.552s][info][gc,heap        ] GC(2161) ParOldGen: 30732K->32958K(44032K)
[2026-06-17T09:52:34.807+0800][53.552s][info][gc,metaspace   ] GC(2161) Metaspace: 3166K(4864K)->3166K(4864K) NonClass: 2861K(4352K)->2861K(4352K) Class: 305K(512K)->305K(512K)
[2026-06-17T09:52:34.807+0800][53.553s][info][gc             ] GC(2161) Pause Young (Allocation Failure) 43M->33M(57M) 2.750ms
[2026-06-17T09:52:34.807+0800][53.553s][info][gc,cpu         ] GC(2161) User=0.00s Sys=0.00s Real=0.00s
[2026-06-17T09:52:34.829+0800][53.575s][info][gc,start       ] GC(2162) Pause Young (Allocation Failure)
[2026-06-17T09:52:34.831+0800][53.577s][info][gc,heap        ] GC(2162) PSYoungGen: 8926K->3452K(14336K)
[2026-06-17T09:52:34.831+0800][53.577s][info][gc,heap        ] GC(2162) ParOldGen: 32958K->34746K(44032K)
[2026-06-17T09:52:34.832+0800][53.577s][info][gc,metaspace   ] GC(2162) Metaspace: 3166K(4864K)->3166K(4864K) NonClass: 2861K(4352K)->2861K(4352K) Class: 305K(512K)->305K(512K)
[2026-06-17T09:52:34.832+0800][53.578s][info][gc             ] GC(2162) Pause Young (Allocation Failure) 40M->37M(57M) 2.796ms
[2026-06-17T09:52:34.832+0800][53.578s][info][gc,cpu         ] GC(2162) User=0.00s Sys=0.00s Real=0.01s
[2026-06-17T09:52:34.843+0800][53.589s][info][gc,start       ] GC(2163) Pause Young (Allocation Failure)
[2026-06-17T09:52:34.845+0800][53.591s][info][gc,heap        ] GC(2163) PSYoungGen: 10272K->433K(14336K)
[2026-06-17T09:52:34.845+0800][53.591s][info][gc,heap        ] GC(2163) ParOldGen: 34746K->37627K(44032K)
[2026-06-17T09:52:34.846+0800][53.592s][info][gc,metaspace   ] GC(2163) Metaspace: 3166K(4864K)->3166K(4864K) NonClass: 2861K(4352K)->2861K(4352K) Class: 305K(512K)->305K(512K)
[2026-06-17T09:52:34.846+0800][53.592s][info][gc             ] GC(2163) Pause Young (Allocation Failure) 43M->37M(57M) 2.812ms
[2026-06-17T09:52:34.847+0800][53.593s][info][gc,cpu         ] GC(2163) User=0.00s Sys=0.00s Real=0.00s
[2026-06-17T09:52:34.868+0800][53.614s][info][gc,start       ] GC(2164) Pause Young (Allocation Failure)
[2026-06-17T09:52:34.870+0800][53.616s][info][gc,heap        ] GC(2164) PSYoungGen: 7561K->3766K(14336K)
[2026-06-17T09:52:34.871+0800][53.617s][info][gc,heap        ] GC(2164) ParOldGen: 37627K->38036K(44032K)
[2026-06-17T09:52:34.871+0800][53.617s][info][gc,metaspace   ] GC(2164) Metaspace: 3166K(4864K)->3166K(4864K) NonClass: 2861K(4352K)->2861K(4352K) Class: 305K(512K)->305K(512K)
[2026-06-17T09:52:34.872+0800][53.618s][info][gc             ] GC(2164) Pause Young (Allocation Failure) 44M->40M(57M) 3.508ms
[2026-06-17T09:52:34.872+0800][53.618s][info][gc,cpu         ] GC(2164) User=0.00s Sys=0.00s Real=0.01s
[2026-06-17T09:52:34.894+0800][53.640s][info][gc,start       ] GC(2165) Pause Young (Allocation Failure)
[2026-06-17T09:52:34.897+0800][53.643s][info][gc,heap        ] GC(2165) PSYoungGen: 10933K->2993K(14336K)
[2026-06-17T09:52:34.897+0800][53.643s][info][gc,heap        ] GC(2165) ParOldGen: 38036K->39605K(44032K)
[2026-06-17T09:52:34.898+0800][53.644s][info][gc,metaspace   ] GC(2165) Metaspace: 3166K(4864K)->3166K(4864K) NonClass: 2861K(4352K)->2861K(4352K) Class: 305K(512K)->305K(512K)
[2026-06-17T09:52:34.898+0800][53.644s][info][gc             ] GC(2165) Pause Young (Allocation Failure) 47M->41M(57M) 4.028ms
[2026-06-17T09:52:34.899+0800][53.644s][info][gc,cpu         ] GC(2165) User=0.00s Sys=0.00s Real=0.00s
[2026-06-17T09:52:34.920+0800][53.666s][info][gc,start       ] GC(2166) Pause Young (Allocation Failure)
[2026-06-17T09:52:34.922+0800][53.668s][info][gc,heap        ] GC(2166) PSYoungGen: 10107K->656K(14336K)
[2026-06-17T09:52:34.923+0800][53.669s][info][gc,heap        ] GC(2166) ParOldGen: 39605K->41601K(44032K)
[2026-06-17T09:52:34.923+0800][53.669s][info][gc,metaspace   ] GC(2166) Metaspace: 3166K(4864K)->3166K(4864K) NonClass: 2861K(4352K)->2861K(4352K) Class: 305K(512K)->305K(512K)
[2026-06-17T09:52:34.924+0800][53.670s][info][gc             ] GC(2166) Pause Young (Allocation Failure) 48M->41M(57M) 3.650ms
[2026-06-17T09:52:34.924+0800][53.670s][info][gc,cpu         ] GC(2166) User=0.01s Sys=0.00s Real=0.01s
[2026-06-17T09:52:34.925+0800][53.671s][info][gc,start       ] GC(2167) Pause Full (Ergonomics)
[2026-06-17T09:52:34.926+0800][53.672s][info][gc,phases,start] GC(2167) Marking Phase
[2026-06-17T09:52:34.928+0800][53.674s][info][gc,phases      ] GC(2167) Marking Phase 2.395ms
[2026-06-17T09:52:34.929+0800][53.675s][info][gc,phases,start] GC(2167) Summary Phase
[2026-06-17T09:52:34.929+0800][53.675s][info][gc,phases      ] GC(2167) Summary Phase 0.349ms
[2026-06-17T09:52:34.929+0800][53.675s][info][gc,phases,start] GC(2167) Adjust Roots
[2026-06-17T09:52:34.930+0800][53.676s][info][gc,phases      ] GC(2167) Adjust Roots 0.426ms
[2026-06-17T09:52:34.930+0800][53.676s][info][gc,phases,start] GC(2167) Compaction Phase
[2026-06-17T09:52:34.933+0800][53.678s][info][gc,phases      ] GC(2167) Compaction Phase 2.453ms
[2026-06-17T09:52:34.933+0800][53.679s][info][gc,phases,start] GC(2167) Post Compact
[2026-06-17T09:52:34.933+0800][53.679s][info][gc,phases      ] GC(2167) Post Compact 0.435ms
[2026-06-17T09:52:34.934+0800][53.680s][info][gc,heap        ] GC(2167) PSYoungGen: 656K->0K(14336K)
[2026-06-17T09:52:34.934+0800][53.680s][info][gc,heap        ] GC(2167) ParOldGen: 41601K->28406K(44032K)
[2026-06-17T09:52:34.934+0800][53.680s][info][gc,metaspace   ] GC(2167) Metaspace: 3166K(4864K)->3166K(4864K) NonClass: 2861K(4352K)->2861K(4352K) Class: 305K(512K)->305K(512K)
[2026-06-17T09:52:34.934+0800][53.680s][info][gc             ] GC(2167) Pause Full (Ergonomics) 41M->27M(57M) 9.191ms
[2026-06-17T09:52:34.935+0800][53.681s][info][gc,cpu         ] GC(2167) User=0.00s Sys=0.00s Real=0.01s
[2026-06-17T09:52:34.946+0800][53.692s][info][gc,start       ] GC(2168) Pause Young (Allocation Failure)
[2026-06-17T09:52:34.947+0800][53.693s][info][gc,heap        ] GC(2168) PSYoungGen: 7149K->6839K(14336K)
[2026-06-17T09:52:34.948+0800][53.694s][info][gc,heap        ] GC(2168) ParOldGen: 28406K->28789K(44032K)
[2026-06-17T09:52:34.948+0800][53.694s][info][gc,metaspace   ] GC(2168) Metaspace: 3166K(4864K)->3166K(4864K) NonClass: 2861K(4352K)->2861K(4352K) Class: 305K(512K)->305K(512K)
[2026-06-17T09:52:34.948+0800][53.694s][info][gc             ] GC(2168) Pause Young (Allocation Failure) 34M->34M(57M) 2.544ms
[2026-06-17T09:52:34.949+0800][53.695s][info][gc,cpu         ] GC(2168) User=0.01s Sys=0.00s Real=0.00s
[2026-06-17T09:52:34.971+0800][53.716s][info][gc,start       ] GC(2169) Pause Young (Allocation Failure)
[2026-06-17T09:52:34.973+0800][53.718s][info][gc,heap        ] GC(2169) PSYoungGen: 14001K->2320K(14336K)
[2026-06-17T09:52:34.973+0800][53.719s][info][gc,heap        ] GC(2169) ParOldGen: 28789K->33319K(44032K)
[2026-06-17T09:52:34.974+0800][53.720s][info][gc,metaspace   ] GC(2169) Metaspace: 3166K(4864K)->3166K(4864K) NonClass: 2861K(4352K)->2861K(4352K) Class: 305K(512K)->305K(512K)
[2026-06-17T09:52:34.975+0800][53.720s][info][gc             ] GC(2169) Pause Young (Allocation Failure) 41M->34M(57M) 3.970ms
[2026-06-17T09:52:34.975+0800][53.721s][info][gc,cpu         ] GC(2169) User=0.00s Sys=0.01s Real=0.00s
[2026-06-17T09:52:34.997+0800][53.743s][info][gc,start       ] GC(2170) Pause Young (Allocation Failure)
[2026-06-17T09:52:34.999+0800][53.745s][info][gc,heap        ] GC(2170) PSYoungGen: 9444K->2636K(14336K)
[2026-06-17T09:52:34.999+0800][53.745s][info][gc,heap        ] GC(2170) ParOldGen: 33319K->33319K(44032K)
[2026-06-17T09:52:35.000+0800][53.746s][info][gc,metaspace   ] GC(2170) Metaspace: 3166K(4864K)->3166K(4864K) NonClass: 2861K(4352K)->2861K(4352K) Class: 305K(512K)->305K(512K)
[2026-06-17T09:52:35.001+0800][53.747s][info][gc             ] GC(2170) Pause Young (Allocation Failure) 41M->35M(57M) 3.572ms
[2026-06-17T09:52:35.001+0800][53.747s][info][gc,cpu         ] GC(2170) User=0.00s Sys=0.00s Real=0.00s
[2026-06-17T09:52:35.013+0800][53.759s][info][gc,start       ] GC(2171) Pause Young (Allocation Failure)
[2026-06-17T09:52:35.014+0800][53.760s][info][gc,heap        ] GC(2171) PSYoungGen: 9736K->32K(14336K)
[2026-06-17T09:52:35.015+0800][53.760s][info][gc,heap        ] GC(2171) ParOldGen: 33319K->35630K(44032K)
[2026-06-17T09:52:35.015+0800][53.761s][info][gc,metaspace   ] GC(2171) Metaspace: 3166K(4864K)->3166K(4864K) NonClass: 2861K(4352K)->2861K(4352K) Class: 305K(512K)->305K(512K)
[2026-06-17T09:52:35.015+0800][53.761s][info][gc             ] GC(2171) Pause Young (Allocation Failure) 42M->34M(57M) 2.511ms
[2026-06-17T09:52:35.016+0800][53.762s][info][gc,cpu         ] GC(2171) User=0.00s Sys=0.00s Real=0.00s
[2026-06-17T09:52:35.037+0800][53.783s][info][gc,start       ] GC(2172) Pause Young (Allocation Failure)
[2026-06-17T09:52:35.039+0800][53.785s][info][gc,heap        ] GC(2172) PSYoungGen: 7200K->3826K(14336K)
[2026-06-17T09:52:35.039+0800][53.785s][info][gc,heap        ] GC(2172) ParOldGen: 35630K->35638K(44032K)
[2026-06-17T09:52:35.040+0800][53.786s][info][gc,metaspace   ] GC(2172) Metaspace: 3166K(4864K)->3166K(4864K) NonClass: 2861K(4352K)->2861K(4352K) Class: 305K(512K)->305K(512K)
[2026-06-17T09:52:35.041+0800][53.786s][info][gc             ] GC(2172) Pause Young (Allocation Failure) 41M->38M(57M) 3.213ms
[2026-06-17T09:52:35.041+0800][53.787s][info][gc,cpu         ] GC(2172) User=0.01s Sys=0.00s Real=0.00s
[2026-06-17T09:52:35.053+0800][53.798s][info][gc,start       ] GC(2173) Pause Young (Allocation Failure)
[2026-06-17T09:52:35.054+0800][53.800s][info][gc,heap        ] GC(2173) PSYoungGen: 10901K->2031K(14336K)
[2026-06-17T09:52:35.055+0800][53.800s][info][gc,heap        ] GC(2173) ParOldGen: 35638K->37745K(44032K)
[2026-06-17T09:52:35.055+0800][53.801s][info][gc,metaspace   ] GC(2173) Metaspace: 3166K(4864K)->3166K(4864K) NonClass: 2861K(4352K)->2861K(4352K) Class: 305K(512K)->305K(512K)
[2026-06-17T09:52:35.055+0800][53.801s][info][gc             ] GC(2173) Pause Young (Allocation Failure) 45M->38M(57M) 2.889ms
[2026-06-17T09:52:35.056+0800][53.802s][info][gc,cpu         ] GC(2173) User=0.00s Sys=0.00s Real=0.00s
[2026-06-17T09:52:35.078+0800][53.823s][info][gc,start       ] GC(2174) Pause Young (Allocation Failure)
[2026-06-17T09:52:35.080+0800][53.826s][info][gc,heap        ] GC(2174) PSYoungGen: 9171K->3877K(14336K)
[2026-06-17T09:52:35.081+0800][53.827s][info][gc,heap        ] GC(2174) ParOldGen: 37745K->39753K(44032K)
[2026-06-17T09:52:35.081+0800][53.827s][info][gc,metaspace   ] GC(2174) Metaspace: 3166K(4864K)->3166K(4864K) NonClass: 2861K(4352K)->2861K(4352K) Class: 305K(512K)->305K(512K)
[2026-06-17T09:52:35.082+0800][53.828s][info][gc             ] GC(2174) Pause Young (Allocation Failure) 45M->42M(57M) 4.298ms
[2026-06-17T09:52:35.082+0800][53.828s][info][gc,cpu         ] GC(2174) User=0.00s Sys=0.00s Real=0.00s
[2026-06-17T09:52:35.083+0800][53.829s][info][gc,start       ] GC(2175) Pause Full (Ergonomics)
[2026-06-17T09:52:35.083+0800][53.829s][info][gc,phases,start] GC(2175) Marking Phase
[2026-06-17T09:52:35.085+0800][53.831s][info][gc,phases      ] GC(2175) Marking Phase 1.884ms
[2026-06-17T09:52:35.086+0800][53.832s][info][gc,phases,start] GC(2175) Summary Phase
[2026-06-17T09:52:35.086+0800][53.832s][info][gc,phases      ] GC(2175) Summary Phase 0.291ms
[2026-06-17T09:52:35.086+0800][53.832s][info][gc,phases,start] GC(2175) Adjust Roots
[2026-06-17T09:52:35.087+0800][53.832s][info][gc,phases      ] GC(2175) Adjust Roots 0.384ms
[2026-06-17T09:52:35.087+0800][53.833s][info][gc,phases,start] GC(2175) Compaction Phase
[2026-06-17T09:52:35.089+0800][53.835s][info][gc,phases      ] GC(2175) Compaction Phase 2.042ms
[2026-06-17T09:52:35.089+0800][53.835s][info][gc,phases,start] GC(2175) Post Compact
[2026-06-17T09:52:35.090+0800][53.835s][info][gc,phases      ] GC(2175) Post Compact 0.332ms
[2026-06-17T09:52:35.090+0800][53.836s][info][gc,heap        ] GC(2175) PSYoungGen: 3877K->0K(14336K)
[2026-06-17T09:52:35.090+0800][53.836s][info][gc,heap        ] GC(2175) ParOldGen: 39753K->29688K(44032K)
[2026-06-17T09:52:35.090+0800][53.836s][info][gc,metaspace   ] GC(2175) Metaspace: 3166K(4864K)->3166K(4864K) NonClass: 2861K(4352K)->2861K(4352K) Class: 305K(512K)->305K(512K)
[2026-06-17T09:52:35.090+0800][53.836s][info][gc             ] GC(2175) Pause Full (Ergonomics) 42M->28M(57M) 7.330ms
[2026-06-17T09:52:35.091+0800][53.836s][info][gc,cpu         ] GC(2175) User=0.01s Sys=0.00s Real=0.01s
[2026-06-17T09:52:35.112+0800][53.858s][info][gc,start       ] GC(2176) Pause Young (Allocation Failure)
[2026-06-17T09:52:35.113+0800][53.859s][info][gc,heap        ] GC(2176) PSYoungGen: 7123K->3611K(14336K)
[2026-06-17T09:52:35.114+0800][53.860s][info][gc,heap        ] GC(2176) ParOldGen: 29688K->29688K(44032K)
[2026-06-17T09:52:35.114+0800][53.860s][info][gc,metaspace   ] GC(2176) Metaspace: 3166K(4864K)->3166K(4864K) NonClass: 2861K(4352K)->2861K(4352K) Class: 305K(512K)->305K(512K)
[2026-06-17T09:52:35.114+0800][53.860s][info][gc             ] GC(2176) Pause Young (Allocation Failure) 35M->32M(57M) 2.256ms
[2026-06-17T09:52:35.114+0800][53.860s][info][gc,cpu         ] GC(2176) User=0.00s Sys=0.00s Real=0.00s
[2026-06-17T09:52:35.136+0800][53.881s][info][gc,start       ] GC(2177) Pause Young (Allocation Failure)
[2026-06-17T09:52:35.137+0800][53.882s][info][gc,heap        ] GC(2177) PSYoungGen: 10744K->427K(14336K)
[2026-06-17T09:52:35.137+0800][53.883s][info][gc,heap        ] GC(2177) ParOldGen: 29688K->33015K(44032K)
[2026-06-17T09:52:35.137+0800][53.883s][info][gc,metaspace   ] GC(2177) Metaspace: 3166K(4864K)->3166K(4864K) NonClass: 2861K(4352K)->2861K(4352K) Class: 305K(512K)->305K(512K)
[2026-06-17T09:52:35.137+0800][53.883s][info][gc             ] GC(2177) Pause Young (Allocation Failure) 39M->32M(57M) 1.801ms
[2026-06-17T09:52:35.138+0800][53.883s][info][gc,cpu         ] GC(2177) User=0.01s Sys=0.00s Real=0.00s
[2026-06-17T09:52:35.149+0800][53.894s][info][gc,start       ] GC(2178) Pause Young (Allocation Failure)
[2026-06-17T09:52:35.150+0800][53.896s][info][gc,heap        ] GC(2178) PSYoungGen: 7595K->4060K(14336K)
[2026-06-17T09:52:35.150+0800][53.896s][info][gc,heap        ] GC(2178) ParOldGen: 33015K->33015K(44032K)
[2026-06-17T09:52:35.151+0800][53.897s][info][gc,metaspace   ] GC(2178) Metaspace: 3166K(4864K)->3166K(4864K) NonClass: 2861K(4352K)->2861K(4352K) Class: 305K(512K)->305K(512K)
[2026-06-17T09:52:35.151+0800][53.897s][info][gc             ] GC(2178) Pause Young (Allocation Failure) 39M->36M(57M) 2.600ms
[2026-06-17T09:52:35.152+0800][53.898s][info][gc,cpu         ] GC(2178) User=0.00s Sys=0.00s Real=0.01s
[2026-06-17T09:52:35.173+0800][53.919s][info][gc,start       ] GC(2179) Pause Young (Allocation Failure)
[2026-06-17T09:52:35.174+0800][53.920s][info][gc,heap        ] GC(2179) PSYoungGen: 11228K->2164K(14336K)
[2026-06-17T09:52:35.175+0800][53.921s][info][gc,heap        ] GC(2179) ParOldGen: 33015K->34862K(44032K)
[2026-06-17T09:52:35.177+0800][53.923s][info][gc,metaspace   ] GC(2179) Metaspace: 3166K(4864K)->3166K(4864K) NonClass: 2861K(4352K)->2861K(4352K) Class: 305K(512K)->305K(512K)
[2026-06-17T09:52:35.177+0800][53.923s][info][gc             ] GC(2179) Pause Young (Allocation Failure) 43M->36M(57M) 3.943ms
[2026-06-17T09:52:35.177+0800][53.923s][info][gc,cpu         ] GC(2179) User=0.00s Sys=0.00s Real=0.00s
[2026-06-17T09:52:35.199+0800][53.944s][info][gc,start       ] GC(2180) Pause Young (Allocation Failure)
[2026-06-17T09:52:35.200+0800][53.946s][info][gc,heap        ] GC(2180) PSYoungGen: 9322K->2240K(14336K)
[2026-06-17T09:52:35.200+0800][53.946s][info][gc,heap        ] GC(2180) ParOldGen: 34862K->34862K(44032K)
[2026-06-17T09:52:35.201+0800][53.947s][info][gc,metaspace   ] GC(2180) Metaspace: 3166K(4864K)->3166K(4864K) NonClass: 2861K(4352K)->2861K(4352K) Class: 305K(512K)->305K(512K)
[2026-06-17T09:52:35.202+0800][53.947s][info][gc             ] GC(2180) Pause Young (Allocation Failure) 43M->36M(57M) 2.940ms
[2026-06-17T09:52:35.203+0800][53.948s][info][gc,cpu         ] GC(2180) User=0.00s Sys=0.00s Real=0.01s
[2026-06-17T09:52:35.214+0800][53.960s][info][gc,start       ] GC(2181) Pause Young (Allocation Failure)
[2026-06-17T09:52:35.215+0800][53.961s][info][gc,heap        ] GC(2181) PSYoungGen: 9319K->2834K(15360K)
[2026-06-17T09:52:35.215+0800][53.961s][info][gc,heap        ] GC(2181) ParOldGen: 34862K->34862K(44032K)
[2026-06-17T09:52:35.216+0800][53.961s][info][gc,metaspace   ] GC(2181) Metaspace: 3166K(4864K)->3166K(4864K) NonClass: 2861K(4352K)->2861K(4352K) Class: 305K(512K)->305K(512K)
[2026-06-17T09:52:35.216+0800][53.962s][info][gc             ] GC(2181) Pause Young (Allocation Failure) 43M->36M(58M) 2.634ms
[2026-06-17T09:52:35.217+0800][53.963s][info][gc,cpu         ] GC(2181) User=0.00s Sys=0.00s Real=0.00s
[2026-06-17T09:52:35.238+0800][53.984s][info][gc,start       ] GC(2182) Pause Young (Allocation Failure)
[2026-06-17T09:52:35.240+0800][53.986s][info][gc,heap        ] GC(2182) PSYoungGen: 11521K->5728K(14848K)
[2026-06-17T09:52:35.240+0800][53.986s][info][gc,heap        ] GC(2182) ParOldGen: 34862K->36940K(44032K)
[2026-06-17T09:52:35.241+0800][53.987s][info][gc,metaspace   ] GC(2182) Metaspace: 3166K(4864K)->3166K(4864K) NonClass: 2861K(4352K)->2861K(4352K) Class: 305K(512K)->305K(512K)
[2026-06-17T09:52:35.241+0800][53.987s][info][gc             ] GC(2182) Pause Young (Allocation Failure) 45M->41M(57M) 3.244ms
[2026-06-17T09:52:35.242+0800][53.988s][info][gc,cpu         ] GC(2182) User=0.01s Sys=0.00s Real=0.00s
[2026-06-17T09:52:35.274+0800][54.020s][info][gc,start       ] GC(2183) Pause Young (Allocation Failure)
[2026-06-17T09:52:35.275+0800][54.021s][info][gc,heap        ] GC(2183) PSYoungGen: 14421K->3589K(13824K)
[2026-06-17T09:52:35.276+0800][54.022s][info][gc,heap        ] GC(2183) ParOldGen: 36940K->37648K(44032K)
[2026-06-17T09:52:35.277+0800][54.023s][info][gc,metaspace   ] GC(2183) Metaspace: 3166K(4864K)->3166K(4864K) NonClass: 2861K(4352K)->2861K(4352K) Class: 305K(512K)->305K(512K)
[2026-06-17T09:52:35.278+0800][54.023s][info][gc             ] GC(2183) Pause Young (Allocation Failure) 50M->40M(56M) 3.731ms
[2026-06-17T09:52:35.278+0800][54.024s][info][gc,cpu         ] GC(2183) User=0.00s Sys=0.00s Real=0.00s
[2026-06-17T09:52:35.290+0800][54.036s][info][gc,start       ] GC(2184) Pause Young (Allocation Failure)
[2026-06-17T09:52:35.294+0800][54.040s][info][gc,heap        ] GC(2184) PSYoungGen: 10750K->5889K(14336K)
[2026-06-17T09:52:35.295+0800][54.041s][info][gc,heap        ] GC(2184) ParOldGen: 37648K->39091K(44032K)
[2026-06-17T09:52:35.299+0800][54.045s][info][gc,metaspace   ] GC(2184) Metaspace: 3166K(4864K)->3166K(4864K) NonClass: 2861K(4352K)->2861K(4352K) Class: 305K(512K)->305K(512K)
[2026-06-17T09:52:35.301+0800][54.047s][info][gc             ] GC(2184) Pause Young (Allocation Failure) 47M->43M(57M) 11.635ms
[2026-06-17T09:52:35.302+0800][54.048s][info][gc,cpu         ] GC(2184) User=0.00s Sys=0.00s Real=0.01s
[2026-06-17T09:52:35.326+0800][54.072s][info][gc,start       ] GC(2185) Pause Young (Allocation Failure)
[2026-06-17T09:52:35.328+0800][54.074s][info][gc,heap        ] GC(2185) PSYoungGen: 13034K->3297K(14336K)
[2026-06-17T09:52:35.328+0800][54.074s][info][gc,heap        ] GC(2185) ParOldGen: 39091K->42004K(44032K)
[2026-06-17T09:52:35.329+0800][54.075s][info][gc,metaspace   ] GC(2185) Metaspace: 3166K(4864K)->3166K(4864K) NonClass: 2861K(4352K)->2861K(4352K) Class: 305K(512K)->305K(512K)
[2026-06-17T09:52:35.329+0800][54.075s][info][gc             ] GC(2185) Pause Young (Allocation Failure) 50M->44M(57M) 3.811ms
[2026-06-17T09:52:35.330+0800][54.076s][info][gc,cpu         ] GC(2185) User=0.00s Sys=0.00s Real=0.00s
[2026-06-17T09:52:35.331+0800][54.077s][info][gc,start       ] GC(2186) Pause Full (Ergonomics)
[2026-06-17T09:52:35.331+0800][54.077s][info][gc,phases,start] GC(2186) Marking Phase
[2026-06-17T09:52:35.333+0800][54.079s][info][gc,phases      ] GC(2186) Marking Phase 2.013ms
[2026-06-17T09:52:35.334+0800][54.080s][info][gc,phases,start] GC(2186) Summary Phase
[2026-06-17T09:52:35.334+0800][54.080s][info][gc,phases      ] GC(2186) Summary Phase 0.374ms
[2026-06-17T09:52:35.334+0800][54.080s][info][gc,phases,start] GC(2186) Adjust Roots
[2026-06-17T09:52:35.335+0800][54.081s][info][gc,phases      ] GC(2186) Adjust Roots 0.448ms
[2026-06-17T09:52:35.335+0800][54.081s][info][gc,phases,start] GC(2186) Compaction Phase
[2026-06-17T09:52:35.338+0800][54.084s][info][gc,phases      ] GC(2186) Compaction Phase 2.765ms
[2026-06-17T09:52:35.338+0800][54.084s][info][gc,phases,start] GC(2186) Post Compact
[2026-06-17T09:52:35.339+0800][54.085s][info][gc,phases      ] GC(2186) Post Compact 0.495ms
[2026-06-17T09:52:35.339+0800][54.085s][info][gc,heap        ] GC(2186) PSYoungGen: 3297K->0K(14336K)
[2026-06-17T09:52:35.340+0800][54.085s][info][gc,heap        ] GC(2186) ParOldGen: 42004K->24780K(44032K)
[2026-06-17T09:52:35.340+0800][54.086s][info][gc,metaspace   ] GC(2186) Metaspace: 3166K(4864K)->3166K(4864K) NonClass: 2861K(4352K)->2861K(4352K) Class: 305K(512K)->305K(512K)
[2026-06-17T09:52:35.340+0800][54.086s][info][gc             ] GC(2186) Pause Full (Ergonomics) 44M->24M(57M) 9.581ms
[2026-06-17T09:52:35.341+0800][54.086s][info][gc,cpu         ] GC(2186) User=0.01s Sys=0.00s Real=0.00s
[2026-06-17T09:52:35.352+0800][54.097s][info][gc,start       ] GC(2187) Pause Young (Allocation Failure)
[2026-06-17T09:52:35.352+0800][54.098s][info][gc,heap        ] GC(2187) PSYoungGen: 6933K->3377K(14848K)
[2026-06-17T09:52:35.353+0800][54.098s][info][gc,heap        ] GC(2187) ParOldGen: 24780K->24780K(44032K)
[2026-06-17T09:52:35.353+0800][54.099s][info][gc,metaspace   ] GC(2187) Metaspace: 3166K(4864K)->3166K(4864K) NonClass: 2861K(4352K)->2861K(4352K) Class: 305K(512K)->305K(512K)
[2026-06-17T09:52:35.353+0800][54.099s][info][gc             ] GC(2187) Pause Young (Allocation Failure) 30M->27M(57M) 1.192ms
[2026-06-17T09:52:35.353+0800][54.099s][info][gc,cpu         ] GC(2187) User=0.00s Sys=0.00s Real=0.00s
[2026-06-17T09:52:35.384+0800][54.130s][info][gc,start       ] GC(2188) Pause Young (Allocation Failure)
[2026-06-17T09:52:35.386+0800][54.132s][info][gc,heap        ] GC(2188) PSYoungGen: 11027K->666K(14336K)
[2026-06-17T09:52:35.386+0800][54.132s][info][gc,heap        ] GC(2188) ParOldGen: 24780K->28156K(44032K)
[2026-06-17T09:52:35.387+0800][54.133s][info][gc,metaspace   ] GC(2188) Metaspace: 3166K(4864K)->3166K(4864K) NonClass: 2861K(4352K)->2861K(4352K) Class: 305K(512K)->305K(512K)
[2026-06-17T09:52:35.387+0800][54.133s][info][gc             ] GC(2188) Pause Young (Allocation Failure) 34M->28M(57M) 2.800ms
[2026-06-17T09:52:35.387+0800][54.133s][info][gc,cpu         ] GC(2188) User=0.00s Sys=0.00s Real=0.00s
[2026-06-17T09:52:35.399+0800][54.145s][info][gc,start       ] GC(2189) Pause Young (Allocation Failure)
[2026-06-17T09:52:35.400+0800][54.146s][info][gc,heap        ] GC(2189) PSYoungGen: 8346K->4589K(14336K)
[2026-06-17T09:52:35.400+0800][54.146s][info][gc,heap        ] GC(2189) ParOldGen: 28156K->28471K(44032K)
[2026-06-17T09:52:35.400+0800][54.146s][info][gc,metaspace   ] GC(2189) Metaspace: 3166K(4864K)->3166K(4864K) NonClass: 2861K(4352K)->2861K(4352K) Class: 305K(512K)->305K(512K)
[2026-06-17T09:52:35.400+0800][54.146s][info][gc             ] GC(2189) Pause Young (Allocation Failure) 35M->32M(57M) 1.813ms
[2026-06-17T09:52:35.401+0800][54.147s][info][gc,cpu         ] GC(2189) User=0.01s Sys=0.00s Real=0.00s
[2026-06-17T09:52:35.422+0800][54.168s][info][gc,start       ] GC(2190) Pause Young (Allocation Failure)
[2026-06-17T09:52:35.424+0800][54.169s][info][gc,heap        ] GC(2190) PSYoungGen: 11752K->2612K(14336K)
[2026-06-17T09:52:35.424+0800][54.170s][info][gc,heap        ] GC(2190) ParOldGen: 28471K->30436K(44032K)
[2026-06-17T09:52:35.424+0800][54.170s][info][gc,metaspace   ] GC(2190) Metaspace: 3166K(4864K)->3166K(4864K) NonClass: 2861K(4352K)->2861K(4352K) Class: 305K(512K)->305K(512K)
[2026-06-17T09:52:35.425+0800][54.171s][info][gc             ] GC(2190) Pause Young (Allocation Failure) 39M->32M(57M) 2.643ms
[2026-06-17T09:52:35.425+0800][54.171s][info][gc,cpu         ] GC(2190) User=0.00s Sys=0.00s Real=0.01s
[2026-06-17T09:52:35.448+0800][54.194s][info][gc,start       ] GC(2191) Pause Young (Allocation Failure)
[2026-06-17T09:52:35.458+0800][54.204s][info][gc,heap        ] GC(2191) PSYoungGen: 9769K->2573K(14848K)
[2026-06-17T09:52:35.459+0800][54.205s][info][gc,heap        ] GC(2191) ParOldGen: 30436K->30436K(44032K)
[2026-06-17T09:52:35.463+0800][54.209s][info][gc,metaspace   ] GC(2191) Metaspace: 3166K(4864K)->3166K(4864K) NonClass: 2861K(4352K)->2861K(4352K) Class: 305K(512K)->305K(512K)
[2026-06-17T09:52:35.465+0800][54.211s][info][gc             ] GC(2191) Pause Young (Allocation Failure) 39M->32M(57M) 17.167ms
[2026-06-17T09:52:35.466+0800][54.212s][info][gc,cpu         ] GC(2191) User=0.00s Sys=0.00s Real=0.02s
[2026-06-17T09:52:35.509+0800][54.255s][info][gc,start       ] GC(2192) Pause Young (Allocation Failure)
[2026-06-17T09:52:35.511+0800][54.257s][info][gc,heap        ] GC(2192) PSYoungGen: 10230K->1624K(14336K)
[2026-06-17T09:52:35.513+0800][54.259s][info][gc,heap        ] GC(2192) ParOldGen: 30436K->32351K(44032K)
[2026-06-17T09:52:35.513+0800][54.259s][info][gc,metaspace   ] GC(2192) Metaspace: 3166K(4864K)->3166K(4864K) NonClass: 2861K(4352K)->2861K(4352K) Class: 305K(512K)->305K(512K)
[2026-06-17T09:52:35.514+0800][54.260s][info][gc             ] GC(2192) Pause Young (Allocation Failure) 39M->33M(57M) 4.644ms
[2026-06-17T09:52:35.516+0800][54.262s][info][gc,cpu         ] GC(2192) User=0.00s Sys=0.00s Real=0.01s
[2026-06-17T09:52:35.539+0800][54.285s][info][gc,start       ] GC(2193) Pause Young (Allocation Failure)
[2026-06-17T09:52:35.560+0800][54.305s][info][gc,heap        ] GC(2193) PSYoungGen: 9288K->1892K(14848K)
[2026-06-17T09:52:35.567+0800][54.312s][info][gc,heap        ] GC(2193) ParOldGen: 32351K->32351K(44032K)
[2026-06-17T09:52:35.573+0800][54.319s][info][gc,metaspace   ] GC(2193) Metaspace: 3166K(4864K)->3166K(4864K) NonClass: 2861K(4352K)->2861K(4352K) Class: 305K(512K)->305K(512K)
[2026-06-17T09:52:35.574+0800][54.320s][info][gc             ] GC(2193) Pause Young (Allocation Failure) 40M->33M(57M) 35.526ms
[2026-06-17T09:52:35.576+0800][54.322s][info][gc,cpu         ] GC(2193) User=0.00s Sys=0.00s Real=0.04s
[2026-06-17T09:52:35.590+0800][54.336s][info][gc,start       ] GC(2194) Pause Young (Allocation Failure)
[2026-06-17T09:52:35.592+0800][54.338s][info][gc,heap        ] GC(2194) PSYoungGen: 10067K->6470K(14848K)
[2026-06-17T09:52:35.593+0800][54.339s][info][gc,heap        ] GC(2194) ParOldGen: 32351K->32617K(44032K)
[2026-06-17T09:52:35.593+0800][54.339s][info][gc,metaspace   ] GC(2194) Metaspace: 3166K(4864K)->3166K(4864K) NonClass: 2861K(4352K)->2861K(4352K) Class: 305K(512K)->305K(512K)
[2026-06-17T09:52:35.594+0800][54.340s][info][gc             ] GC(2194) Pause Young (Allocation Failure) 41M->38M(57M) 3.560ms
[2026-06-17T09:52:35.594+0800][54.340s][info][gc,cpu         ] GC(2194) User=0.00s Sys=0.00s Real=0.01s
[2026-06-17T09:52:35.616+0800][54.362s][info][gc,start       ] GC(2195) Pause Young (Allocation Failure)
[2026-06-17T09:52:35.617+0800][54.363s][info][gc,heap        ] GC(2195) PSYoungGen: 14627K->6026K(13824K)
[2026-06-17T09:52:35.618+0800][54.364s][info][gc,heap        ] GC(2195) ParOldGen: 32617K->33994K(44032K)
[2026-06-17T09:52:35.618+0800][54.364s][info][gc,metaspace   ] GC(2195) Metaspace: 3166K(4864K)->3166K(4864K) NonClass: 2861K(4352K)->2861K(4352K) Class: 305K(512K)->305K(512K)
[2026-06-17T09:52:35.619+0800][54.364s][info][gc             ] GC(2195) Pause Young (Allocation Failure) 46M->39M(56M) 2.549ms
[2026-06-17T09:52:35.619+0800][54.365s][info][gc,cpu         ] GC(2195) User=0.00s Sys=0.00s Real=0.00s
[2026-06-17T09:52:35.651+0800][54.397s][info][gc,start       ] GC(2196) Pause Young (Allocation Failure)
[2026-06-17T09:52:35.654+0800][54.400s][info][gc,heap        ] GC(2196) PSYoungGen: 13182K->2597K(14336K)
[2026-06-17T09:52:35.657+0800][54.403s][info][gc,heap        ] GC(2196) ParOldGen: 33994K->37493K(44032K)
[2026-06-17T09:52:35.659+0800][54.405s][info][gc,metaspace   ] GC(2196) Metaspace: 3166K(4864K)->3166K(4864K) NonClass: 2861K(4352K)->2861K(4352K) Class: 305K(512K)->305K(512K)
[2026-06-17T09:52:35.661+0800][54.407s][info][gc             ] GC(2196) Pause Young (Allocation Failure) 46M->39M(57M) 10.219ms
[2026-06-17T09:52:35.663+0800][54.409s][info][gc,cpu         ] GC(2196) User=0.00s Sys=0.00s Real=0.01s
[2026-06-17T09:52:35.676+0800][54.422s][info][gc,start       ] GC(2197) Pause Young (Allocation Failure)
[2026-06-17T09:52:35.678+0800][54.424s][info][gc,heap        ] GC(2197) PSYoungGen: 9629K->130K(14336K)
[2026-06-17T09:52:35.679+0800][54.425s][info][gc,heap        ] GC(2197) ParOldGen: 37493K->39697K(44032K)
[2026-06-17T09:52:35.681+0800][54.427s][info][gc,metaspace   ] GC(2197) Metaspace: 3166K(4864K)->3166K(4864K) NonClass: 2861K(4352K)->2861K(4352K) Class: 305K(512K)->305K(512K)
[2026-06-17T09:52:35.683+0800][54.429s][info][gc             ] GC(2197) Pause Young (Allocation Failure) 46M->38M(57M) 7.127ms
[2026-06-17T09:52:35.686+0800][54.432s][info][gc,cpu         ] GC(2197) User=0.00s Sys=0.00s Real=0.01s
[2026-06-17T09:52:35.708+0800][54.454s][info][gc,start       ] GC(2198) Pause Young (Allocation Failure)
[2026-06-17T09:52:35.710+0800][54.456s][info][gc,heap        ] GC(2198) PSYoungGen: 7293K->3561K(14336K)
[2026-06-17T09:52:35.711+0800][54.457s][info][gc,heap        ] GC(2198) ParOldGen: 39697K->39803K(44032K)
[2026-06-17T09:52:35.713+0800][54.458s][info][gc,metaspace   ] GC(2198) Metaspace: 3166K(4864K)->3166K(4864K) NonClass: 2861K(4352K)->2861K(4352K) Class: 305K(512K)->305K(512K)
[2026-06-17T09:52:35.714+0800][54.460s][info][gc             ] GC(2198) Pause Young (Allocation Failure) 45M->42M(57M) 5.598ms
[2026-06-17T09:52:35.716+0800][54.461s][info][gc,cpu         ] GC(2198) User=0.00s Sys=0.00s Real=0.01s
[2026-06-17T09:52:35.718+0800][54.464s][info][gc,start       ] GC(2199) Pause Full (Ergonomics)
[2026-06-17T09:52:35.719+0800][54.465s][info][gc,phases,start] GC(2199) Marking Phase
[2026-06-17T09:52:35.721+0800][54.467s][info][gc,phases      ] GC(2199) Marking Phase 1.731ms
[2026-06-17T09:52:35.723+0800][54.469s][info][gc,phases,start] GC(2199) Summary Phase
[2026-06-17T09:52:35.725+0800][54.471s][info][gc,phases      ] GC(2199) Summary Phase 2.070ms
[2026-06-17T09:52:35.726+0800][54.471s][info][gc,phases,start] GC(2199) Adjust Roots
[2026-06-17T09:52:35.727+0800][54.472s][info][gc,phases      ] GC(2199) Adjust Roots 1.028ms
[2026-06-17T09:52:35.728+0800][54.474s][info][gc,phases,start] GC(2199) Compaction Phase
[2026-06-17T09:52:35.730+0800][54.476s][info][gc,phases      ] GC(2199) Compaction Phase 2.754ms
[2026-06-17T09:52:35.731+0800][54.477s][info][gc,phases,start] GC(2199) Post Compact
[2026-06-17T09:52:35.731+0800][54.477s][info][gc,phases      ] GC(2199) Post Compact 0.424ms
[2026-06-17T09:52:35.732+0800][54.477s][info][gc,heap        ] GC(2199) PSYoungGen: 3561K->0K(14336K)
[2026-06-17T09:52:35.732+0800][54.478s][info][gc,heap        ] GC(2199) ParOldGen: 39803K->29444K(44032K)
[2026-06-17T09:52:35.732+0800][54.478s][info][gc,metaspace   ] GC(2199) Metaspace: 3166K(4864K)->3166K(4864K) NonClass: 2861K(4352K)->2861K(4352K) Class: 305K(512K)->305K(512K)
[2026-06-17T09:52:35.732+0800][54.478s][info][gc             ] GC(2199) Pause Full (Ergonomics) 42M->28M(57M) 14.464ms
[2026-06-17T09:52:35.732+0800][54.478s][info][gc,cpu         ] GC(2199) User=0.01s Sys=0.00s Real=0.02s
[2026-06-17T09:52:35.754+0800][54.500s][info][gc,start       ] GC(2200) Pause Young (Allocation Failure)
[2026-06-17T09:52:35.755+0800][54.501s][info][gc,heap        ] GC(2200) PSYoungGen: 7168K->3881K(14336K)
[2026-06-17T09:52:35.756+0800][54.502s][info][gc,heap        ] GC(2200) ParOldGen: 29444K->29444K(44032K)
[2026-06-17T09:52:35.756+0800][54.502s][info][gc,metaspace   ] GC(2200) Metaspace: 3166K(4864K)->3166K(4864K) NonClass: 2861K(4352K)->2861K(4352K) Class: 305K(512K)->305K(512K)
[2026-06-17T09:52:35.756+0800][54.502s][info][gc             ] GC(2200) Pause Young (Allocation Failure) 35M->32M(57M) 2.557ms
[2026-06-17T09:52:35.757+0800][54.503s][info][gc,cpu         ] GC(2200) User=0.00s Sys=0.00s Real=0.00s
[2026-06-17T09:52:35.778+0800][54.524s][info][gc,start       ] GC(2201) Pause Young (Allocation Failure)
[2026-06-17T09:52:35.779+0800][54.525s][info][gc,heap        ] GC(2201) PSYoungGen: 11019K->215K(14336K)
[2026-06-17T09:52:35.779+0800][54.525s][info][gc,heap        ] GC(2201) ParOldGen: 29444K->33137K(44032K)
[2026-06-17T09:52:35.780+0800][54.526s][info][gc,metaspace   ] GC(2201) Metaspace: 3166K(4864K)->3166K(4864K) NonClass: 2861K(4352K)->2861K(4352K) Class: 305K(512K)->305K(512K)
[2026-06-17T09:52:35.780+0800][54.526s][info][gc             ] GC(2201) Pause Young (Allocation Failure) 39M->32M(57M) 1.805ms
[2026-06-17T09:52:35.780+0800][54.526s][info][gc,cpu         ] GC(2201) User=0.00s Sys=0.00s Real=0.00s
[2026-06-17T09:52:35.791+0800][54.537s][info][gc,start       ] GC(2202) Pause Young (Allocation Failure)
[2026-06-17T09:52:35.792+0800][54.538s][info][gc,heap        ] GC(2202) PSYoungGen: 7363K->3904K(14336K)
[2026-06-17T09:52:35.792+0800][54.538s][info][gc,heap        ] GC(2202) ParOldGen: 33137K->33137K(44032K)
[2026-06-17T09:52:35.793+0800][54.539s][info][gc,metaspace   ] GC(2202) Metaspace: 3166K(4864K)->3166K(4864K) NonClass: 2861K(4352K)->2861K(4352K) Class: 305K(512K)->305K(512K)
[2026-06-17T09:52:35.793+0800][54.539s][info][gc             ] GC(2202) Pause Young (Allocation Failure) 39M->36M(57M) 2.076ms
[2026-06-17T09:52:35.794+0800][54.540s][info][gc,cpu         ] GC(2202) User=0.00s Sys=0.00s Real=0.00s
[2026-06-17T09:52:35.815+0800][54.561s][info][gc,start       ] GC(2203) Pause Young (Allocation Failure)
[2026-06-17T09:52:35.816+0800][54.562s][info][gc,heap        ] GC(2203) PSYoungGen: 11029K->2286K(14336K)
[2026-06-17T09:52:35.816+0800][54.562s][info][gc,heap        ] GC(2203) ParOldGen: 33137K->34928K(44032K)
[2026-06-17T09:52:35.817+0800][54.563s][info][gc,metaspace   ] GC(2203) Metaspace: 3166K(4864K)->3166K(4864K) NonClass: 2861K(4352K)->2861K(4352K) Class: 305K(512K)->305K(512K)
[2026-06-17T09:52:35.817+0800][54.563s][info][gc             ] GC(2203) Pause Young (Allocation Failure) 43M->36M(57M) 2.223ms
[2026-06-17T09:52:35.817+0800][54.563s][info][gc,cpu         ] GC(2203) User=0.00s Sys=0.00s Real=0.00s
[2026-06-17T09:52:35.839+0800][54.585s][info][gc,start       ] GC(2204) Pause Young (Allocation Failure)
[2026-06-17T09:52:35.840+0800][54.586s][info][gc,heap        ] GC(2204) PSYoungGen: 9412K->2509K(14336K)
[2026-06-17T09:52:35.841+0800][54.586s][info][gc,heap        ] GC(2204) ParOldGen: 34928K->34928K(44032K)
[2026-06-17T09:52:35.841+0800][54.587s][info][gc,metaspace   ] GC(2204) Metaspace: 3166K(4864K)->3166K(4864K) NonClass: 2861K(4352K)->2861K(4352K) Class: 305K(512K)->305K(512K)
[2026-06-17T09:52:35.841+0800][54.587s][info][gc             ] GC(2204) Pause Young (Allocation Failure) 43M->36M(57M) 2.822ms
[2026-06-17T09:52:35.842+0800][54.588s][info][gc,cpu         ] GC(2204) User=0.00s Sys=0.00s Real=0.00s
[2026-06-17T09:52:35.853+0800][54.599s][info][gc,start       ] GC(2205) Pause Young (Allocation Failure)
[2026-06-17T09:52:35.856+0800][54.601s][info][gc,heap        ] GC(2205) PSYoungGen: 9495K->3046K(14848K)
[2026-06-17T09:52:35.856+0800][54.602s][info][gc,heap        ] GC(2205) ParOldGen: 34928K->34928K(44032K)
[2026-06-17T09:52:35.858+0800][54.603s][info][gc,metaspace   ] GC(2205) Metaspace: 3166K(4864K)->3166K(4864K) NonClass: 2861K(4352K)->2861K(4352K) Class: 305K(512K)->305K(512K)
[2026-06-17T09:52:35.858+0800][54.604s][info][gc             ] GC(2205) Pause Young (Allocation Failure) 43M->37M(57M) 4.620ms
[2026-06-17T09:52:35.859+0800][54.605s][info][gc,cpu         ] GC(2205) User=0.00s Sys=0.00s Real=0.00s
[2026-06-17T09:52:35.881+0800][54.627s][info][gc,start       ] GC(2206) Pause Young (Allocation Failure)
[2026-06-17T09:52:35.883+0800][54.629s][info][gc,heap        ] GC(2206) PSYoungGen: 11192K->6639K(14848K)
[2026-06-17T09:52:35.884+0800][54.630s][info][gc,heap        ] GC(2206) ParOldGen: 34928K->35915K(44032K)
[2026-06-17T09:52:35.884+0800][54.630s][info][gc,metaspace   ] GC(2206) Metaspace: 3166K(4864K)->3166K(4864K) NonClass: 2861K(4352K)->2861K(4352K) Class: 305K(512K)->305K(512K)
[2026-06-17T09:52:35.886+0800][54.632s][info][gc             ] GC(2206) Pause Young (Allocation Failure) 45M->41M(57M) 4.668ms
[2026-06-17T09:52:35.886+0800][54.632s][info][gc,cpu         ] GC(2206) User=0.01s Sys=0.00s Real=0.01s
[2026-06-17T09:52:35.909+0800][54.655s][info][gc,start       ] GC(2207) Pause Young (Allocation Failure)
[2026-06-17T09:52:35.911+0800][54.657s][info][gc,heap        ] GC(2207) PSYoungGen: 14831K->4947K(13824K)
[2026-06-17T09:52:35.912+0800][54.658s][info][gc,heap        ] GC(2207) ParOldGen: 35915K->38905K(44032K)
[2026-06-17T09:52:35.912+0800][54.658s][info][gc,metaspace   ] GC(2207) Metaspace: 3166K(4864K)->3166K(4864K) NonClass: 2861K(4352K)->2861K(4352K) Class: 305K(512K)->305K(512K)
[2026-06-17T09:52:35.913+0800][54.658s][info][gc             ] GC(2207) Pause Young (Allocation Failure) 49M->42M(56M) 3.776ms
[2026-06-17T09:52:35.913+0800][54.659s][info][gc,cpu         ] GC(2207) User=0.00s Sys=0.00s Real=0.01s
[2026-06-17T09:52:35.935+0800][54.681s][info][gc,start       ] GC(2208) Pause Young (Allocation Failure)
[2026-06-17T09:52:35.937+0800][54.683s][info][gc,heap        ] GC(2208) PSYoungGen: 12113K->2324K(14336K)
[2026-06-17T09:52:35.938+0800][54.684s][info][gc,heap        ] GC(2208) ParOldGen: 38905K->41806K(44032K)
[2026-06-17T09:52:35.939+0800][54.685s][info][gc,metaspace   ] GC(2208) Metaspace: 3166K(4864K)->3166K(4864K) NonClass: 2861K(4352K)->2861K(4352K) Class: 305K(512K)->305K(512K)
[2026-06-17T09:52:35.939+0800][54.685s][info][gc             ] GC(2208) Pause Young (Allocation Failure) 49M->43M(57M) 4.198ms
[2026-06-17T09:52:35.940+0800][54.686s][info][gc,cpu         ] GC(2208) User=0.01s Sys=0.00s Real=0.00s
[2026-06-17T09:52:35.941+0800][54.686s][info][gc,start       ] GC(2209) Pause Full (Ergonomics)
[2026-06-17T09:52:35.941+0800][54.687s][info][gc,phases,start] GC(2209) Marking Phase
[2026-06-17T09:52:35.943+0800][54.689s][info][gc,phases      ] GC(2209) Marking Phase 2.305ms
[2026-06-17T09:52:35.944+0800][54.690s][info][gc,phases,start] GC(2209) Summary Phase
[2026-06-17T09:52:35.944+0800][54.690s][info][gc,phases      ] GC(2209) Summary Phase 0.375ms
[2026-06-17T09:52:35.945+0800][54.690s][info][gc,phases,start] GC(2209) Adjust Roots
[2026-06-17T09:52:35.945+0800][54.691s][info][gc,phases      ] GC(2209) Adjust Roots 0.941ms
[2026-06-17T09:52:35.946+0800][54.692s][info][gc,phases,start] GC(2209) Compaction Phase
[2026-06-17T09:52:35.950+0800][54.695s][info][gc,phases      ] GC(2209) Compaction Phase 3.674ms
[2026-06-17T09:52:35.950+0800][54.696s][info][gc,phases,start] GC(2209) Post Compact
[2026-06-17T09:52:35.950+0800][54.696s][info][gc,phases      ] GC(2209) Post Compact 0.258ms
[2026-06-17T09:52:35.950+0800][54.696s][info][gc,heap        ] GC(2209) PSYoungGen: 2324K->0K(14336K)
[2026-06-17T09:52:35.951+0800][54.696s][info][gc,heap        ] GC(2209) ParOldGen: 41806K->31673K(44032K)
[2026-06-17T09:52:35.951+0800][54.697s][info][gc,metaspace   ] GC(2209) Metaspace: 3166K(4864K)->3166K(4864K) NonClass: 2861K(4352K)->2861K(4352K) Class: 305K(512K)->305K(512K)
[2026-06-17T09:52:35.951+0800][54.697s][info][gc             ] GC(2209) Pause Full (Ergonomics) 43M->30M(57M) 10.229ms
[2026-06-17T09:52:35.951+0800][54.697s][info][gc,cpu         ] GC(2209) User=0.01s Sys=0.00s Real=0.02s
[2026-06-17T09:52:35.972+0800][54.718s][info][gc,start       ] GC(2210) Pause Young (Allocation Failure)
[2026-06-17T09:52:35.974+0800][54.720s][info][gc,heap        ] GC(2210) PSYoungGen: 7134K->3420K(14336K)
[2026-06-17T09:52:35.975+0800][54.720s][info][gc,heap        ] GC(2210) ParOldGen: 31673K->31673K(44032K)
[2026-06-17T09:52:35.975+0800][54.721s][info][gc,metaspace   ] GC(2210) Metaspace: 3166K(4864K)->3166K(4864K) NonClass: 2861K(4352K)->2861K(4352K) Class: 305K(512K)->305K(512K)
[2026-06-17T09:52:35.976+0800][54.721s][info][gc             ] GC(2210) Pause Young (Allocation Failure) 37M->34M(57M) 3.143ms
[2026-06-17T09:52:35.976+0800][54.722s][info][gc,cpu         ] GC(2210) User=0.00s Sys=0.00s Real=0.00s
[2026-06-17T09:52:35.988+0800][54.734s][info][gc,start       ] GC(2211) Pause Young (Allocation Failure)
[2026-06-17T09:52:35.989+0800][54.735s][info][gc,heap        ] GC(2211) PSYoungGen: 10350K->520K(14336K)
[2026-06-17T09:52:35.990+0800][54.736s][info][gc,heap        ] GC(2211) ParOldGen: 31673K->34850K(44032K)
[2026-06-17T09:52:35.991+0800][54.736s][info][gc,metaspace   ] GC(2211) Metaspace: 3166K(4864K)->3166K(4864K) NonClass: 2861K(4352K)->2861K(4352K) Class: 305K(512K)->305K(512K)
[2026-06-17T09:52:35.991+0800][54.737s][info][gc             ] GC(2211) Pause Young (Allocation Failure) 41M->34M(57M) 3.585ms
[2026-06-17T09:52:35.992+0800][54.738s][info][gc,cpu         ] GC(2211) User=0.00s Sys=0.00s Real=0.01s
[2026-06-17T09:52:36.014+0800][54.760s][info][gc,start       ] GC(2212) Pause Young (Allocation Failure)
[2026-06-17T09:52:36.016+0800][54.762s][info][gc,heap        ] GC(2212) PSYoungGen: 7683K->3657K(14336K)
[2026-06-17T09:52:36.017+0800][54.763s][info][gc,heap        ] GC(2212) ParOldGen: 34850K->35346K(44032K)
[2026-06-17T09:52:36.018+0800][54.763s][info][gc,metaspace   ] GC(2212) Metaspace: 3166K(4864K)->3166K(4864K) NonClass: 2861K(4352K)->2861K(4352K) Class: 305K(512K)->305K(512K)
[2026-06-17T09:52:36.018+0800][54.764s][info][gc             ] GC(2212) Pause Young (Allocation Failure) 41M->38M(57M) 3.708ms
[2026-06-17T09:52:36.019+0800][54.764s][info][gc,cpu         ] GC(2212) User=0.00s Sys=0.00s Real=0.00s
[2026-06-17T09:52:36.040+0800][54.786s][info][gc,start       ] GC(2213) Pause Young (Allocation Failure)
[2026-06-17T09:52:36.041+0800][54.787s][info][gc,heap        ] GC(2213) PSYoungGen: 10821K->2295K(14336K)
[2026-06-17T09:52:36.042+0800][54.788s][info][gc,heap        ] GC(2213) ParOldGen: 35346K->36856K(44032K)
[2026-06-17T09:52:36.042+0800][54.788s][info][gc,metaspace   ] GC(2213) Metaspace: 3166K(4864K)->3166K(4864K) NonClass: 2861K(4352K)->2861K(4352K) Class: 305K(512K)->305K(512K)
[2026-06-17T09:52:36.043+0800][54.788s][info][gc             ] GC(2213) Pause Young (Allocation Failure) 45M->38M(57M) 2.110ms
[2026-06-17T09:52:36.043+0800][54.789s][info][gc,cpu         ] GC(2213) User=0.01s Sys=0.00s Real=0.01s
[2026-06-17T09:52:36.064+0800][54.810s][info][gc,start       ] GC(2214) Pause Young (Allocation Failure)
[2026-06-17T09:52:36.066+0800][54.812s][info][gc,heap        ] GC(2214) PSYoungGen: 9448K->874K(14336K)
[2026-06-17T09:52:36.067+0800][54.813s][info][gc,heap        ] GC(2214) ParOldGen: 36856K->39062K(44032K)
[2026-06-17T09:52:36.067+0800][54.813s][info][gc,metaspace   ] GC(2214) Metaspace: 3166K(4864K)->3166K(4864K) NonClass: 2861K(4352K)->2861K(4352K) Class: 305K(512K)->305K(512K)
[2026-06-17T09:52:36.068+0800][54.814s][info][gc             ] GC(2214) Pause Young (Allocation Failure) 45M->39M(57M) 3.801ms
[2026-06-17T09:52:36.068+0800][54.814s][info][gc,cpu         ] GC(2214) User=0.00s Sys=0.00s Real=0.00s
[2026-06-17T09:52:36.080+0800][54.826s][info][gc,start       ] GC(2215) Pause Young (Allocation Failure)
[2026-06-17T09:52:36.082+0800][54.828s][info][gc,heap        ] GC(2215) PSYoungGen: 8042K->4305K(14336K)
[2026-06-17T09:52:36.082+0800][54.828s][info][gc,heap        ] GC(2215) ParOldGen: 39062K->39062K(44032K)
[2026-06-17T09:52:36.083+0800][54.829s][info][gc,metaspace   ] GC(2215) Metaspace: 3166K(4864K)->3166K(4864K) NonClass: 2861K(4352K)->2861K(4352K) Class: 305K(512K)->305K(512K)
[2026-06-17T09:52:36.084+0800][54.830s][info][gc             ] GC(2215) Pause Young (Allocation Failure) 46M->42M(57M) 3.435ms
[2026-06-17T09:52:36.084+0800][54.830s][info][gc,cpu         ] GC(2215) User=0.00s Sys=0.00s Real=0.01s
[2026-06-17T09:52:36.106+0800][54.852s][info][gc,start       ] GC(2216) Pause Young (Allocation Failure)
[2026-06-17T09:52:36.108+0800][54.854s][info][gc,heap        ] GC(2216) PSYoungGen: 11454K->2736K(14336K)
[2026-06-17T09:52:36.109+0800][54.855s][info][gc,heap        ] GC(2216) ParOldGen: 39062K->40794K(44032K)
[2026-06-17T09:52:36.111+0800][54.857s][info][gc,metaspace   ] GC(2216) Metaspace: 3166K(4864K)->3166K(4864K) NonClass: 2861K(4352K)->2861K(4352K) Class: 305K(512K)->305K(512K)
[2026-06-17T09:52:36.114+0800][54.859s][info][gc             ] GC(2216) Pause Young (Allocation Failure) 49M->42M(57M) 7.570ms
[2026-06-17T09:52:36.116+0800][54.861s][info][gc,cpu         ] GC(2216) User=0.00s Sys=0.00s Real=0.01s
[2026-06-17T09:52:36.117+0800][54.862s][info][gc,start       ] GC(2217) Pause Full (Ergonomics)
[2026-06-17T09:52:36.117+0800][54.863s][info][gc,phases,start] GC(2217) Marking Phase
[2026-06-17T09:52:36.119+0800][54.865s][info][gc,phases      ] GC(2217) Marking Phase 1.437ms
[2026-06-17T09:52:36.119+0800][54.865s][info][gc,phases,start] GC(2217) Summary Phase
[2026-06-17T09:52:36.119+0800][54.865s][info][gc,phases      ] GC(2217) Summary Phase 0.273ms
[2026-06-17T09:52:36.120+0800][54.865s][info][gc,phases,start] GC(2217) Adjust Roots
[2026-06-17T09:52:36.120+0800][54.866s][info][gc,phases      ] GC(2217) Adjust Roots 0.427ms
[2026-06-17T09:52:36.120+0800][54.866s][info][gc,phases,start] GC(2217) Compaction Phase
[2026-06-17T09:52:36.123+0800][54.869s][info][gc,phases      ] GC(2217) Compaction Phase 2.731ms
[2026-06-17T09:52:36.124+0800][54.870s][info][gc,phases,start] GC(2217) Post Compact
[2026-06-17T09:52:36.124+0800][54.870s][info][gc,phases      ] GC(2217) Post Compact 0.420ms
[2026-06-17T09:52:36.125+0800][54.870s][info][gc,heap        ] GC(2217) PSYoungGen: 2736K->0K(14848K)
[2026-06-17T09:52:36.125+0800][54.871s][info][gc,heap        ] GC(2217) ParOldGen: 40794K->30264K(44032K)
[2026-06-17T09:52:36.125+0800][54.871s][info][gc,metaspace   ] GC(2217) Metaspace: 3166K(4864K)->3166K(4864K) NonClass: 2861K(4352K)->2861K(4352K) Class: 305K(512K)->305K(512K)
[2026-06-17T09:52:36.126+0800][54.872s][info][gc             ] GC(2217) Pause Full (Ergonomics) 42M->29M(57M) 9.117ms
[2026-06-17T09:52:36.126+0800][54.872s][info][gc,cpu         ] GC(2217) User=0.01s Sys=0.00s Real=0.01s
[2026-06-17T09:52:36.148+0800][54.894s][info][gc,start       ] GC(2218) Pause Young (Allocation Failure)
[2026-06-17T09:52:36.150+0800][54.895s][info][gc,heap        ] GC(2218) PSYoungGen: 8190K->4765K(13312K)
[2026-06-17T09:52:36.150+0800][54.896s][info][gc,heap        ] GC(2218) ParOldGen: 30264K->30264K(44032K)
[2026-06-17T09:52:36.151+0800][54.897s][info][gc,metaspace   ] GC(2218) Metaspace: 3166K(4864K)->3166K(4864K) NonClass: 2861K(4352K)->2861K(4352K) Class: 305K(512K)->305K(512K)
[2026-06-17T09:52:36.151+0800][54.897s][info][gc             ] GC(2218) Pause Young (Allocation Failure) 37M->34M(56M) 3.359ms
[2026-06-17T09:52:36.152+0800][54.897s][info][gc,cpu         ] GC(2218) User=0.00s Sys=0.00s Real=0.01s
[2026-06-17T09:52:36.174+0800][54.920s][info][gc,start       ] GC(2219) Pause Young (Allocation Failure)
[2026-06-17T09:52:36.176+0800][54.922s][info][gc,heap        ] GC(2219) PSYoungGen: 12926K->3169K(14848K)
[2026-06-17T09:52:36.177+0800][54.922s][info][gc,heap        ] GC(2219) ParOldGen: 30264K->33082K(44032K)
[2026-06-17T09:52:36.177+0800][54.923s][info][gc,metaspace   ] GC(2219) Metaspace: 3166K(4864K)->3166K(4864K) NonClass: 2861K(4352K)->2861K(4352K) Class: 305K(512K)->305K(512K)
[2026-06-17T09:52:36.178+0800][54.924s][info][gc             ] GC(2219) Pause Young (Allocation Failure) 42M->35M(57M) 4.008ms
[2026-06-17T09:52:36.178+0800][54.924s][info][gc,cpu         ] GC(2219) User=0.00s Sys=0.00s Real=0.00s
[2026-06-17T09:52:36.201+0800][54.947s][info][gc,start       ] GC(2220) Pause Young (Allocation Failure)
[2026-06-17T09:52:36.203+0800][54.949s][info][gc,heap        ] GC(2220) PSYoungGen: 10847K->1967K(14336K)
[2026-06-17T09:52:36.203+0800][54.949s][info][gc,heap        ] GC(2220) ParOldGen: 33082K->34843K(44032K)
[2026-06-17T09:52:36.204+0800][54.950s][info][gc,metaspace   ] GC(2220) Metaspace: 3166K(4864K)->3166K(4864K) NonClass: 2861K(4352K)->2861K(4352K) Class: 305K(512K)->305K(512K)
[2026-06-17T09:52:36.205+0800][54.950s][info][gc             ] GC(2220) Pause Young (Allocation Failure) 42M->35M(57M) 3.694ms
[2026-06-17T09:52:36.205+0800][54.951s][info][gc,cpu         ] GC(2220) User=0.00s Sys=0.00s Real=0.01s
[2026-06-17T09:52:36.227+0800][54.973s][info][gc,start       ] GC(2221) Pause Young (Allocation Failure)
[2026-06-17T09:52:36.229+0800][54.975s][info][gc,heap        ] GC(2221) PSYoungGen: 9647K->2560K(15360K)
[2026-06-17T09:52:36.229+0800][54.975s][info][gc,heap        ] GC(2221) ParOldGen: 34843K->34843K(44032K)
[2026-06-17T09:52:36.230+0800][54.976s][info][gc,metaspace   ] GC(2221) Metaspace: 3166K(4864K)->3166K(4864K) NonClass: 2861K(4352K)->2861K(4352K) Class: 305K(512K)->305K(512K)
[2026-06-17T09:52:36.230+0800][54.976s][info][gc             ] GC(2221) Pause Young (Allocation Failure) 43M->36M(58M) 2.882ms
[2026-06-17T09:52:36.231+0800][54.976s][info][gc,cpu         ] GC(2221) User=0.00s Sys=0.00s Real=0.01s
[2026-06-17T09:52:36.252+0800][54.998s][info][gc,start       ] GC(2222) Pause Young (Allocation Failure)
[2026-06-17T09:52:36.254+0800][55.000s][info][gc,heap        ] GC(2222) PSYoungGen: 11220K->2591K(14848K)
[2026-06-17T09:52:36.255+0800][55.001s][info][gc,heap        ] GC(2222) ParOldGen: 34843K->36661K(44032K)
[2026-06-17T09:52:36.255+0800][55.001s][info][gc,metaspace   ] GC(2222) Metaspace: 3166K(4864K)->3166K(4864K) NonClass: 2861K(4352K)->2861K(4352K) Class: 305K(512K)->305K(512K)
[2026-06-17T09:52:36.256+0800][55.001s][info][gc             ] GC(2222) Pause Young (Allocation Failure) 44M->38M(57M) 3.188ms
[2026-06-17T09:52:36.256+0800][55.002s][info][gc,cpu         ] GC(2222) User=0.00s Sys=0.00s Real=0.00s
[2026-06-17T09:52:36.278+0800][55.024s][info][gc,start       ] GC(2223) Pause Young (Allocation Failure)
[2026-06-17T09:52:36.279+0800][55.025s][info][gc,heap        ] GC(2223) PSYoungGen: 11265K->2415K(15872K)
[2026-06-17T09:52:36.280+0800][55.026s][info][gc,heap        ] GC(2223) ParOldGen: 36661K->38584K(44032K)
[2026-06-17T09:52:36.280+0800][55.026s][info][gc,metaspace   ] GC(2223) Metaspace: 3166K(4864K)->3166K(4864K) NonClass: 2861K(4352K)->2861K(4352K) Class: 305K(512K)->305K(512K)
[2026-06-17T09:52:36.281+0800][55.027s][info][gc             ] GC(2223) Pause Young (Allocation Failure) 46M->40M(58M) 2.951ms
[2026-06-17T09:52:36.281+0800][55.027s][info][gc,cpu         ] GC(2223) User=0.00s Sys=0.00s Real=0.00s
[2026-06-17T09:52:36.303+0800][55.049s][info][gc,start       ] GC(2224) Pause Young (Allocation Failure)
[2026-06-17T09:52:36.305+0800][55.051s][info][gc,heap        ] GC(2224) PSYoungGen: 12103K->5050K(14848K)
[2026-06-17T09:52:36.306+0800][55.052s][info][gc,heap        ] GC(2224) ParOldGen: 38584K->38584K(44032K)
[2026-06-17T09:52:36.307+0800][55.052s][info][gc,metaspace   ] GC(2224) Metaspace: 3166K(4864K)->3166K(4864K) NonClass: 2861K(4352K)->2861K(4352K) Class: 305K(512K)->305K(512K)
[2026-06-17T09:52:36.307+0800][55.053s][info][gc             ] GC(2224) Pause Young (Allocation Failure) 49M->42M(57M) 3.740ms
[2026-06-17T09:52:36.307+0800][55.053s][info][gc,cpu         ] GC(2224) User=0.00s Sys=0.00s Real=0.00s
[2026-06-17T09:52:36.330+0800][55.076s][info][gc,start       ] GC(2225) Pause Young (Allocation Failure)
[2026-06-17T09:52:36.332+0800][55.078s][info][gc,heap        ] GC(2225) PSYoungGen: 14556K->1850K(15360K)
[2026-06-17T09:52:36.332+0800][55.078s][info][gc,heap        ] GC(2225) ParOldGen: 38584K->40748K(44032K)
[2026-06-17T09:52:36.333+0800][55.079s][info][gc,metaspace   ] GC(2225) Metaspace: 3166K(4864K)->3166K(4864K) NonClass: 2861K(4352K)->2861K(4352K) Class: 305K(512K)->305K(512K)
[2026-06-17T09:52:36.333+0800][55.079s][info][gc             ] GC(2225) Pause Young (Allocation Failure) 51M->41M(58M) 3.611ms
[2026-06-17T09:52:36.334+0800][55.080s][info][gc,cpu         ] GC(2225) User=0.00s Sys=0.00s Real=0.01s
[2026-06-17T09:52:36.334+0800][55.080s][info][gc,start       ] GC(2226) Pause Full (Ergonomics)
[2026-06-17T09:52:36.336+0800][55.082s][info][gc,phases,start] GC(2226) Marking Phase
[2026-06-17T09:52:36.338+0800][55.084s][info][gc,phases      ] GC(2226) Marking Phase 1.864ms
[2026-06-17T09:52:36.338+0800][55.084s][info][gc,phases,start] GC(2226) Summary Phase
[2026-06-17T09:52:36.339+0800][55.085s][info][gc,phases      ] GC(2226) Summary Phase 0.515ms
[2026-06-17T09:52:36.339+0800][55.085s][info][gc,phases,start] GC(2226) Adjust Roots
[2026-06-17T09:52:36.340+0800][55.086s][info][gc,phases      ] GC(2226) Adjust Roots 0.425ms
[2026-06-17T09:52:36.340+0800][55.086s][info][gc,phases,start] GC(2226) Compaction Phase
[2026-06-17T09:52:36.342+0800][55.088s][info][gc,phases      ] GC(2226) Compaction Phase 1.861ms
[2026-06-17T09:52:36.342+0800][55.088s][info][gc,phases,start] GC(2226) Post Compact
[2026-06-17T09:52:36.343+0800][55.088s][info][gc,phases      ] GC(2226) Post Compact 0.282ms
[2026-06-17T09:52:36.343+0800][55.089s][info][gc,heap        ] GC(2226) PSYoungGen: 1850K->0K(14848K)
[2026-06-17T09:52:36.343+0800][55.089s][info][gc,heap        ] GC(2226) ParOldGen: 40748K->29368K(44032K)
[2026-06-17T09:52:36.344+0800][55.090s][info][gc,metaspace   ] GC(2226) Metaspace: 3166K(4864K)->3166K(4864K) NonClass: 2861K(4352K)->2861K(4352K) Class: 305K(512K)->305K(512K)
[2026-06-17T09:52:36.344+0800][55.090s][info][gc             ] GC(2226) Pause Full (Ergonomics) 41M->28M(57M) 9.698ms
[2026-06-17T09:52:36.344+0800][55.090s][info][gc,cpu         ] GC(2226) User=0.01s Sys=0.00s Real=0.01s
[2026-06-17T09:52:36.366+0800][55.112s][info][gc,start       ] GC(2227) Pause Young (Allocation Failure)
[2026-06-17T09:52:36.369+0800][55.114s][info][gc,heap        ] GC(2227) PSYoungGen: 8673K->1703K(15360K)
[2026-06-17T09:52:36.369+0800][55.115s][info][gc,heap        ] GC(2227) ParOldGen: 29368K->29368K(44032K)
[2026-06-17T09:52:36.369+0800][55.115s][info][gc,metaspace   ] GC(2227) Metaspace: 3166K(4864K)->3166K(4864K) NonClass: 2861K(4352K)->2861K(4352K) Class: 305K(512K)->305K(512K)
[2026-06-17T09:52:36.370+0800][55.115s][info][gc             ] GC(2227) Pause Young (Allocation Failure) 37M->30M(58M) 3.449ms
[2026-06-17T09:52:36.370+0800][55.116s][info][gc,cpu         ] GC(2227) User=0.00s Sys=0.01s Real=0.00s
[2026-06-17T09:52:36.402+0800][55.148s][info][gc,start       ] GC(2228) Pause Young (Allocation Failure)
[2026-06-17T09:52:36.403+0800][55.149s][info][gc,heap        ] GC(2228) PSYoungGen: 10902K->2154K(15360K)
[2026-06-17T09:52:36.403+0800][55.149s][info][gc,heap        ] GC(2228) ParOldGen: 29368K->31047K(44032K)
[2026-06-17T09:52:36.404+0800][55.150s][info][gc,metaspace   ] GC(2228) Metaspace: 3166K(4864K)->3166K(4864K) NonClass: 2861K(4352K)->2861K(4352K) Class: 305K(512K)->305K(512K)
[2026-06-17T09:52:36.404+0800][55.150s][info][gc             ] GC(2228) Pause Young (Allocation Failure) 39M->32M(58M) 2.206ms
[2026-06-17T09:52:36.405+0800][55.150s][info][gc,cpu         ] GC(2228) User=0.00s Sys=0.00s Real=0.01s
[2026-06-17T09:52:36.427+0800][55.172s][info][gc,start       ] GC(2229) Pause Young (Allocation Failure)
[2026-06-17T09:52:36.429+0800][55.175s][info][gc,heap        ] GC(2229) PSYoungGen: 11333K->4749K(14336K)
[2026-06-17T09:52:36.430+0800][55.176s][info][gc,heap        ] GC(2229) ParOldGen: 31047K->31047K(44032K)
[2026-06-17T09:52:36.431+0800][55.177s][info][gc,metaspace   ] GC(2229) Metaspace: 3166K(4864K)->3166K(4864K) NonClass: 2861K(4352K)->2861K(4352K) Class: 305K(512K)->305K(512K)
[2026-06-17T09:52:36.432+0800][55.178s][info][gc             ] GC(2229) Pause Young (Allocation Failure) 41M->34M(57M) 5.329ms
[2026-06-17T09:52:36.432+0800][55.178s][info][gc,cpu         ] GC(2229) User=0.00s Sys=0.00s Real=0.01s
[2026-06-17T09:52:36.455+0800][55.201s][info][gc,start       ] GC(2230) Pause Young (Allocation Failure)
[2026-06-17T09:52:36.457+0800][55.203s][info][gc,heap        ] GC(2230) PSYoungGen: 12934K->4838K(14848K)
[2026-06-17T09:52:36.458+0800][55.204s][info][gc,heap        ] GC(2230) ParOldGen: 31047K->32295K(44032K)
[2026-06-17T09:52:36.459+0800][55.205s][info][gc,metaspace   ] GC(2230) Metaspace: 3166K(4864K)->3166K(4864K) NonClass: 2861K(4352K)->2861K(4352K) Class: 305K(512K)->305K(512K)
[2026-06-17T09:52:36.460+0800][55.206s][info][gc             ] GC(2230) Pause Young (Allocation Failure) 42M->36M(57M) 4.616ms
[2026-06-17T09:52:36.460+0800][55.206s][info][gc,cpu         ] GC(2230) User=0.00s Sys=0.00s Real=0.00s
[2026-06-17T09:52:36.483+0800][55.229s][info][gc,start       ] GC(2231) Pause Young (Allocation Failure)
[2026-06-17T09:52:36.486+0800][55.231s][info][gc,heap        ] GC(2231) PSYoungGen: 13021K->2055K(14848K)
[2026-06-17T09:52:36.486+0800][55.232s][info][gc,heap        ] GC(2231) ParOldGen: 32295K->36108K(44032K)
[2026-06-17T09:52:36.487+0800][55.233s][info][gc,metaspace   ] GC(2231) Metaspace: 3166K(4864K)->3166K(4864K) NonClass: 2861K(4352K)->2861K(4352K) Class: 305K(512K)->305K(512K)
[2026-06-17T09:52:36.488+0800][55.234s][info][gc             ] GC(2231) Pause Young (Allocation Failure) 44M->37M(57M) 4.480ms
[2026-06-17T09:52:36.488+0800][55.234s][info][gc,cpu         ] GC(2231) User=0.00s Sys=0.00s Real=0.00s
[2026-06-17T09:52:36.511+0800][55.257s][info][gc,start       ] GC(2232) Pause Young (Allocation Failure)
[2026-06-17T09:52:36.513+0800][55.259s][info][gc,heap        ] GC(2232) PSYoungGen: 10243K->3175K(14848K)
[2026-06-17T09:52:36.514+0800][55.260s][info][gc,heap        ] GC(2232) ParOldGen: 36108K->36108K(44032K)
[2026-06-17T09:52:36.515+0800][55.260s][info][gc,metaspace   ] GC(2232) Metaspace: 3166K(4864K)->3166K(4864K) NonClass: 2861K(4352K)->2861K(4352K) Class: 305K(512K)->305K(512K)
[2026-06-17T09:52:36.515+0800][55.261s][info][gc             ] GC(2232) Pause Young (Allocation Failure) 45M->38M(57M) 4.517ms
[2026-06-17T09:52:36.516+0800][55.262s][info][gc,cpu         ] GC(2232) User=0.01s Sys=0.00s Real=0.00s
[2026-06-17T09:52:36.528+0800][55.274s][info][gc,start       ] GC(2233) Pause Young (Allocation Failure)
[2026-06-17T09:52:36.529+0800][55.275s][info][gc,heap        ] GC(2233) PSYoungGen: 11174K->1775K(15360K)
[2026-06-17T09:52:36.530+0800][55.276s][info][gc,heap        ] GC(2233) ParOldGen: 36108K->38231K(44032K)
[2026-06-17T09:52:36.530+0800][55.276s][info][gc,metaspace   ] GC(2233) Metaspace: 3166K(4864K)->3166K(4864K) NonClass: 2861K(4352K)->2861K(4352K) Class: 305K(512K)->305K(512K)
[2026-06-17T09:52:36.531+0800][55.277s][info][gc             ] GC(2233) Pause Young (Allocation Failure) 46M->39M(58M) 2.910ms
[2026-06-17T09:52:36.531+0800][55.277s][info][gc,cpu         ] GC(2233) User=0.00s Sys=0.00s Real=0.01s
[2026-06-17T09:52:36.564+0800][55.309s][info][gc,start       ] GC(2234) Pause Young (Allocation Failure)
[2026-06-17T09:52:36.565+0800][55.311s][info][gc,heap        ] GC(2234) PSYoungGen: 10946K->2161K(15360K)
[2026-06-17T09:52:36.566+0800][55.312s][info][gc,heap        ] GC(2234) ParOldGen: 38231K->39982K(44032K)
[2026-06-17T09:52:36.567+0800][55.312s][info][gc,metaspace   ] GC(2234) Metaspace: 3166K(4864K)->3166K(4864K) NonClass: 2861K(4352K)->2861K(4352K) Class: 305K(512K)->305K(512K)
[2026-06-17T09:52:36.567+0800][55.313s][info][gc             ] GC(2234) Pause Young (Allocation Failure) 48M->41M(58M) 3.322ms
[2026-06-17T09:52:36.569+0800][55.315s][info][gc,cpu         ] GC(2234) User=0.00s Sys=0.00s Real=0.00s
[2026-06-17T09:52:36.590+0800][55.336s][info][gc,start       ] GC(2235) Pause Young (Allocation Failure)
[2026-06-17T09:52:36.591+0800][55.337s][info][gc,heap        ] GC(2235) PSYoungGen: 11344K->3826K(15360K)
[2026-06-17T09:52:36.591+0800][55.337s][info][gc,heap        ] GC(2235) ParOldGen: 39982K->40204K(44032K)
[2026-06-17T09:52:36.591+0800][55.337s][info][gc,metaspace   ] GC(2235) Metaspace: 3166K(4864K)->3166K(4864K) NonClass: 2861K(4352K)->2861K(4352K) Class: 305K(512K)->305K(512K)
[2026-06-17T09:52:36.592+0800][55.337s][info][gc             ] GC(2235) Pause Young (Allocation Failure) 50M->42M(58M) 1.350ms
[2026-06-17T09:52:36.592+0800][55.338s][info][gc,cpu         ] GC(2235) User=0.00s Sys=0.00s Real=0.01s
[2026-06-17T09:52:36.613+0800][55.359s][info][gc,start       ] GC(2236) Pause Young (Allocation Failure)
[2026-06-17T09:52:36.615+0800][55.360s][info][gc,heap        ] GC(2236) PSYoungGen: 12982K->2478K(15360K)
[2026-06-17T09:52:36.615+0800][55.361s][info][gc,heap        ] GC(2236) ParOldGen: 40204K->43471K(44032K)
[2026-06-17T09:52:36.615+0800][55.361s][info][gc,metaspace   ] GC(2236) Metaspace: 3166K(4864K)->3166K(4864K) NonClass: 2861K(4352K)->2861K(4352K) Class: 305K(512K)->305K(512K)
[2026-06-17T09:52:36.616+0800][55.362s][info][gc             ] GC(2236) Pause Young (Allocation Failure) 51M->44M(58M) 2.924ms
[2026-06-17T09:52:36.616+0800][55.362s][info][gc,cpu         ] GC(2236) User=0.00s Sys=0.00s Real=0.00s
[2026-06-17T09:52:36.617+0800][55.362s][info][gc,start       ] GC(2237) Pause Full (Ergonomics)
[2026-06-17T09:52:36.617+0800][55.363s][info][gc,phases,start] GC(2237) Marking Phase
[2026-06-17T09:52:36.618+0800][55.364s][info][gc,phases      ] GC(2237) Marking Phase 1.476ms
[2026-06-17T09:52:36.619+0800][55.365s][info][gc,phases,start] GC(2237) Summary Phase
[2026-06-17T09:52:36.619+0800][55.365s][info][gc,phases      ] GC(2237) Summary Phase 0.221ms
[2026-06-17T09:52:36.619+0800][55.365s][info][gc,phases,start] GC(2237) Adjust Roots
[2026-06-17T09:52:36.619+0800][55.365s][info][gc,phases      ] GC(2237) Adjust Roots 0.356ms
[2026-06-17T09:52:36.620+0800][55.366s][info][gc,phases,start] GC(2237) Compaction Phase
[2026-06-17T09:52:36.622+0800][55.368s][info][gc,phases      ] GC(2237) Compaction Phase 1.996ms
[2026-06-17T09:52:36.622+0800][55.368s][info][gc,phases,start] GC(2237) Post Compact
[2026-06-17T09:52:36.623+0800][55.368s][info][gc,phases      ] GC(2237) Post Compact 0.442ms
[2026-06-17T09:52:36.623+0800][55.369s][info][gc,heap        ] GC(2237) PSYoungGen: 2478K->0K(15360K)
[2026-06-17T09:52:36.623+0800][55.369s][info][gc,heap        ] GC(2237) ParOldGen: 43471K->21527K(44032K)
[2026-06-17T09:52:36.623+0800][55.369s][info][gc,metaspace   ] GC(2237) Metaspace: 3166K(4864K)->3166K(4864K) NonClass: 2861K(4352K)->2861K(4352K) Class: 305K(512K)->305K(512K)
[2026-06-17T09:52:36.623+0800][55.369s][info][gc             ] GC(2237) Pause Full (Ergonomics) 44M->21M(58M) 6.725ms
[2026-06-17T09:52:36.623+0800][55.369s][info][gc,cpu         ] GC(2237) User=0.01s Sys=0.00s Real=0.01s
[2026-06-17T09:52:36.645+0800][55.391s][info][gc,start       ] GC(2238) Pause Young (Allocation Failure)
[2026-06-17T09:52:36.648+0800][55.394s][info][gc,heap        ] GC(2238) PSYoungGen: 9197K->5846K(15360K)
[2026-06-17T09:52:36.648+0800][55.394s][info][gc,heap        ] GC(2238) ParOldGen: 21527K->21527K(44032K)
[2026-06-17T09:52:36.649+0800][55.394s][info][gc,metaspace   ] GC(2238) Metaspace: 3166K(4864K)->3166K(4864K) NonClass: 2861K(4352K)->2861K(4352K) Class: 305K(512K)->305K(512K)
[2026-06-17T09:52:36.649+0800][55.395s][info][gc             ] GC(2238) Pause Young (Allocation Failure) 30M->26M(58M) 3.735ms
[2026-06-17T09:52:36.650+0800][55.395s][info][gc,cpu         ] GC(2238) User=0.00s Sys=0.00s Real=0.00s
[2026-06-17T09:52:36.682+0800][55.428s][info][gc,start       ] GC(2239) Pause Young (Allocation Failure)
[2026-06-17T09:52:36.685+0800][55.430s][info][gc,heap        ] GC(2239) PSYoungGen: 15027K->1837K(14336K)
[2026-06-17T09:52:36.687+0800][55.433s][info][gc,heap        ] GC(2239) ParOldGen: 21527K->24418K(44032K)
[2026-06-17T09:52:36.690+0800][55.436s][info][gc,metaspace   ] GC(2239) Metaspace: 3166K(4864K)->3166K(4864K) NonClass: 2861K(4352K)->2861K(4352K) Class: 305K(512K)->305K(512K)
[2026-06-17T09:52:36.693+0800][55.439s][info][gc             ] GC(2239) Pause Young (Allocation Failure) 35M->25M(57M) 11.107ms
[2026-06-17T09:52:36.694+0800][55.440s][info][gc,cpu         ] GC(2239) User=0.00s Sys=0.00s Real=0.02s
[2026-06-17T09:52:36.707+0800][55.453s][info][gc,start       ] GC(2240) Pause Young (Allocation Failure)
[2026-06-17T09:52:36.708+0800][55.454s][info][gc,heap        ] GC(2240) PSYoungGen: 9981K->4549K(14848K)
[2026-06-17T09:52:36.709+0800][55.455s][info][gc,heap        ] GC(2240) ParOldGen: 24418K->26101K(44032K)
[2026-06-17T09:52:36.709+0800][55.455s][info][gc,metaspace   ] GC(2240) Metaspace: 3166K(4864K)->3166K(4864K) NonClass: 2861K(4352K)->2861K(4352K) Class: 305K(512K)->305K(512K)
[2026-06-17T09:52:36.710+0800][55.456s][info][gc             ] GC(2240) Pause Young (Allocation Failure) 33M->29M(57M) 3.057ms
[2026-06-17T09:52:36.710+0800][55.456s][info][gc,cpu         ] GC(2240) User=0.00s Sys=0.00s Real=0.00s
[2026-06-17T09:52:36.732+0800][55.478s][info][gc,start       ] GC(2241) Pause Young (Allocation Failure)
[2026-06-17T09:52:36.733+0800][55.479s][info][gc,heap        ] GC(2241) PSYoungGen: 12610K->32K(13824K)
[2026-06-17T09:52:36.734+0800][55.480s][info][gc,heap        ] GC(2241) ParOldGen: 26101K->28063K(44032K)
[2026-06-17T09:52:36.735+0800][55.480s][info][gc,metaspace   ] GC(2241) Metaspace: 3166K(4864K)->3166K(4864K) NonClass: 2861K(4352K)->2861K(4352K) Class: 305K(512K)->305K(512K)
[2026-06-17T09:52:36.735+0800][55.481s][info][gc             ] GC(2241) Pause Young (Allocation Failure) 37M->27M(56M) 3.226ms
[2026-06-17T09:52:36.736+0800][55.482s][info][gc,cpu         ] GC(2241) User=0.00s Sys=0.01s Real=0.00s
[2026-06-17T09:52:36.759+0800][55.504s][info][gc,start       ] GC(2242) Pause Young (Allocation Failure)
[2026-06-17T09:52:36.761+0800][55.506s][info][gc,heap        ] GC(2242) PSYoungGen: 7160K->3639K(14336K)
[2026-06-17T09:52:36.761+0800][55.507s][info][gc,heap        ] GC(2242) ParOldGen: 28063K->28071K(44032K)
[2026-06-17T09:52:36.762+0800][55.508s][info][gc,metaspace   ] GC(2242) Metaspace: 3166K(4864K)->3166K(4864K) NonClass: 2861K(4352K)->2861K(4352K) Class: 305K(512K)->305K(512K)
[2026-06-17T09:52:36.763+0800][55.509s][info][gc             ] GC(2242) Pause Young (Allocation Failure) 34M->30M(57M) 4.094ms
[2026-06-17T09:52:36.763+0800][55.509s][info][gc,cpu         ] GC(2242) User=0.00s Sys=0.00s Real=0.01s
[2026-06-17T09:52:36.775+0800][55.521s][info][gc,start       ] GC(2243) Pause Young (Allocation Failure)
[2026-06-17T09:52:36.777+0800][55.523s][info][gc,heap        ] GC(2243) PSYoungGen: 10635K->1691K(14848K)
[2026-06-17T09:52:36.778+0800][55.524s][info][gc,heap        ] GC(2243) ParOldGen: 28071K->30196K(44032K)
[2026-06-17T09:52:36.779+0800][55.524s][info][gc,metaspace   ] GC(2243) Metaspace: 3166K(4864K)->3166K(4864K) NonClass: 2861K(4352K)->2861K(4352K) Class: 305K(512K)->305K(512K)
[2026-06-17T09:52:36.779+0800][55.525s][info][gc             ] GC(2243) Pause Young (Allocation Failure) 37M->31M(57M) 3.622ms
[2026-06-17T09:52:36.780+0800][55.525s][info][gc,cpu         ] GC(2243) User=0.00s Sys=0.00s Real=0.00s
[2026-06-17T09:52:36.802+0800][55.548s][info][gc,start       ] GC(2244) Pause Young (Allocation Failure)
[2026-06-17T09:52:36.804+0800][55.550s][info][gc,heap        ] GC(2244) PSYoungGen: 9005K->595K(14336K)
[2026-06-17T09:52:36.805+0800][55.550s][info][gc,heap        ] GC(2244) ParOldGen: 30196K->31863K(44032K)
[2026-06-17T09:52:36.805+0800][55.551s][info][gc,metaspace   ] GC(2244) Metaspace: 3166K(4864K)->3166K(4864K) NonClass: 2861K(4352K)->2861K(4352K) Class: 305K(512K)->305K(512K)
[2026-06-17T09:52:36.806+0800][55.551s][info][gc             ] GC(2244) Pause Young (Allocation Failure) 38M->31M(57M) 3.627ms
[2026-06-17T09:52:36.806+0800][55.552s][info][gc,cpu         ] GC(2244) User=0.00s Sys=0.00s Real=0.01s
[2026-06-17T09:52:36.829+0800][55.575s][info][gc,start       ] GC(2245) Pause Young (Allocation Failure)
[2026-06-17T09:52:36.832+0800][55.577s][info][gc,heap        ] GC(2245) PSYoungGen: 8264K->4167K(13824K)
[2026-06-17T09:52:36.833+0800][55.578s][info][gc,heap        ] GC(2245) ParOldGen: 31863K->32458K(44032K)
[2026-06-17T09:52:36.835+0800][55.581s][info][gc,metaspace   ] GC(2245) Metaspace: 3166K(4864K)->3166K(4864K) NonClass: 2861K(4352K)->2861K(4352K) Class: 305K(512K)->305K(512K)
[2026-06-17T09:52:36.838+0800][55.584s][info][gc             ] GC(2245) Pause Young (Allocation Failure) 39M->35M(56M) 9.005ms
[2026-06-17T09:52:36.841+0800][55.587s][info][gc,cpu         ] GC(2245) User=0.00s Sys=0.00s Real=0.01s
[2026-06-17T09:52:36.866+0800][55.612s][info][gc,start       ] GC(2246) Pause Young (Allocation Failure)
[2026-06-17T09:52:36.868+0800][55.614s][info][gc,heap        ] GC(2246) PSYoungGen: 11321K->1008K(14336K)
[2026-06-17T09:52:36.869+0800][55.615s][info][gc,heap        ] GC(2246) ParOldGen: 32458K->35854K(44032K)
[2026-06-17T09:52:36.869+0800][55.615s][info][gc,metaspace   ] GC(2246) Metaspace: 3166K(4864K)->3166K(4864K) NonClass: 2861K(4352K)->2861K(4352K) Class: 305K(512K)->305K(512K)
[2026-06-17T09:52:36.869+0800][55.615s][info][gc             ] GC(2246) Pause Young (Allocation Failure) 42M->35M(57M) 3.358ms
[2026-06-17T09:52:36.870+0800][55.616s][info][gc,cpu         ] GC(2246) User=0.00s Sys=0.00s Real=0.00s
[2026-06-17T09:52:36.882+0800][55.628s][info][gc,start       ] GC(2247) Pause Young (Allocation Failure)
[2026-06-17T09:52:36.884+0800][55.630s][info][gc,heap        ] GC(2247) PSYoungGen: 8170K->4708K(13824K)
[2026-06-17T09:52:36.885+0800][55.630s][info][gc,heap        ] GC(2247) ParOldGen: 35854K->35854K(44032K)
[2026-06-17T09:52:36.885+0800][55.631s][info][gc,metaspace   ] GC(2247) Metaspace: 3166K(4864K)->3166K(4864K) NonClass: 2861K(4352K)->2861K(4352K) Class: 305K(512K)->305K(512K)
[2026-06-17T09:52:36.886+0800][55.632s][info][gc             ] GC(2247) Pause Young (Allocation Failure) 42M->39M(56M) 3.915ms
[2026-06-17T09:52:36.886+0800][55.632s][info][gc,cpu         ] GC(2247) User=0.01s Sys=0.00s Real=0.01s
[2026-06-17T09:52:36.909+0800][55.655s][info][gc,start       ] GC(2248) Pause Young (Allocation Failure)
[2026-06-17T09:52:36.911+0800][55.657s][info][gc,heap        ] GC(2248) PSYoungGen: 11876K->3234K(14336K)
[2026-06-17T09:52:36.911+0800][55.657s][info][gc,heap        ] GC(2248) ParOldGen: 35854K->37799K(44032K)
[2026-06-17T09:52:36.912+0800][55.658s][info][gc,metaspace   ] GC(2248) Metaspace: 3166K(4864K)->3166K(4864K) NonClass: 2861K(4352K)->2861K(4352K) Class: 305K(512K)->305K(512K)
[2026-06-17T09:52:36.913+0800][55.659s][info][gc             ] GC(2248) Pause Young (Allocation Failure) 46M->40M(57M) 4.216ms
[2026-06-17T09:52:36.914+0800][55.659s][info][gc,cpu         ] GC(2248) User=0.00s Sys=0.00s Real=0.01s
[2026-06-17T09:52:36.936+0800][55.682s][info][gc,start       ] GC(2249) Pause Young (Allocation Failure)
[2026-06-17T09:52:36.938+0800][55.683s][info][gc,heap        ] GC(2249) PSYoungGen: 10399K->3297K(14848K)
[2026-06-17T09:52:36.938+0800][55.684s][info][gc,heap        ] GC(2249) ParOldGen: 37799K->37799K(44032K)
[2026-06-17T09:52:36.939+0800][55.685s][info][gc,metaspace   ] GC(2249) Metaspace: 3166K(4864K)->3166K(4864K) NonClass: 2861K(4352K)->2861K(4352K) Class: 305K(512K)->305K(512K)
[2026-06-17T09:52:36.939+0800][55.685s][info][gc             ] GC(2249) Pause Young (Allocation Failure) 47M->40M(57M) 3.679ms
[2026-06-17T09:52:36.940+0800][55.686s][info][gc,cpu         ] GC(2249) User=0.01s Sys=0.00s Real=0.00s
[2026-06-17T09:52:36.962+0800][55.708s][info][gc,start       ] GC(2250) Pause Young (Allocation Failure)
[2026-06-17T09:52:36.964+0800][55.710s][info][gc,heap        ] GC(2250) PSYoungGen: 10946K->2638K(14336K)
[2026-06-17T09:52:36.965+0800][55.710s][info][gc,heap        ] GC(2250) ParOldGen: 37799K->39380K(44032K)
[2026-06-17T09:52:36.965+0800][55.711s][info][gc,metaspace   ] GC(2250) Metaspace: 3166K(4864K)->3166K(4864K) NonClass: 2861K(4352K)->2861K(4352K) Class: 305K(512K)->305K(512K)
[2026-06-17T09:52:36.966+0800][55.712s][info][gc             ] GC(2250) Pause Young (Allocation Failure) 47M->41M(57M) 3.408ms
[2026-06-17T09:52:36.966+0800][55.712s][info][gc,cpu         ] GC(2250) User=0.00s Sys=0.00s Real=0.01s
[2026-06-17T09:52:36.988+0800][55.734s][info][gc,start       ] GC(2251) Pause Young (Allocation Failure)
[2026-06-17T09:52:36.990+0800][55.736s][info][gc,heap        ] GC(2251) PSYoungGen: 10304K->1578K(15360K)
[2026-06-17T09:52:36.993+0800][55.739s][info][gc,heap        ] GC(2251) ParOldGen: 39380K->41129K(44032K)
[2026-06-17T09:52:36.994+0800][55.740s][info][gc,metaspace   ] GC(2251) Metaspace: 3166K(4864K)->3166K(4864K) NonClass: 2861K(4352K)->2861K(4352K) Class: 305K(512K)->305K(512K)
[2026-06-17T09:52:36.995+0800][55.741s][info][gc             ] GC(2251) Pause Young (Allocation Failure) 48M->41M(58M) 6.584ms
[2026-06-17T09:52:36.995+0800][55.741s][info][gc,cpu         ] GC(2251) User=0.00s Sys=0.00s Real=0.01s
[2026-06-17T09:52:36.995+0800][55.741s][info][gc,start       ] GC(2252) Pause Full (Ergonomics)
[2026-06-17T09:52:36.996+0800][55.741s][info][gc,phases,start] GC(2252) Marking Phase
[2026-06-17T09:52:36.997+0800][55.743s][info][gc,phases      ] GC(2252) Marking Phase 1.645ms
[2026-06-17T09:52:36.998+0800][55.743s][info][gc,phases,start] GC(2252) Summary Phase
[2026-06-17T09:52:36.998+0800][55.744s][info][gc,phases      ] GC(2252) Summary Phase 0.216ms
[2026-06-17T09:52:36.998+0800][55.744s][info][gc,phases,start] GC(2252) Adjust Roots
[2026-06-17T09:52:36.998+0800][55.744s][info][gc,phases      ] GC(2252) Adjust Roots 0.313ms
[2026-06-17T09:52:36.999+0800][55.744s][info][gc,phases,start] GC(2252) Compaction Phase
[2026-06-17T09:52:37.000+0800][55.746s][info][gc,phases      ] GC(2252) Compaction Phase 1.819ms
[2026-06-17T09:52:37.001+0800][55.747s][info][gc,phases,start] GC(2252) Post Compact
[2026-06-17T09:52:37.001+0800][55.747s][info][gc,phases      ] GC(2252) Post Compact 0.306ms
[2026-06-17T09:52:37.001+0800][55.747s][info][gc,heap        ] GC(2252) PSYoungGen: 1578K->0K(14848K)
[2026-06-17T09:52:37.001+0800][55.747s][info][gc,heap        ] GC(2252) ParOldGen: 41129K->29275K(44032K)
[2026-06-17T09:52:37.002+0800][55.747s][info][gc,metaspace   ] GC(2252) Metaspace: 3166K(4864K)->3166K(4864K) NonClass: 2861K(4352K)->2861K(4352K) Class: 305K(512K)->305K(512K)
[2026-06-17T09:52:37.002+0800][55.748s][info][gc             ] GC(2252) Pause Full (Ergonomics) 41M->28M(57M) 6.336ms
[2026-06-17T09:52:37.002+0800][55.748s][info][gc,cpu         ] GC(2252) User=0.01s Sys=0.00s Real=0.00s
[2026-06-17T09:52:37.023+0800][55.769s][info][gc,start       ] GC(2253) Pause Young (Allocation Failure)
[2026-06-17T09:52:37.025+0800][55.770s][info][gc,heap        ] GC(2253) PSYoungGen: 8697K->5542K(13312K)
[2026-06-17T09:52:37.025+0800][55.771s][info][gc,heap        ] GC(2253) ParOldGen: 29275K->29275K(44032K)
[2026-06-17T09:52:37.025+0800][55.771s][info][gc,metaspace   ] GC(2253) Metaspace: 3166K(4864K)->3166K(4864K) NonClass: 2861K(4352K)->2861K(4352K) Class: 305K(512K)->305K(512K)
[2026-06-17T09:52:37.026+0800][55.772s][info][gc             ] GC(2253) Pause Young (Allocation Failure) 37M->34M(56M) 2.711ms
[2026-06-17T09:52:37.026+0800][55.772s][info][gc,cpu         ] GC(2253) User=0.00s Sys=0.00s Real=0.00s
[2026-06-17T09:52:37.048+0800][55.794s][info][gc,start       ] GC(2254) Pause Young (Allocation Failure)
[2026-06-17T09:52:37.049+0800][55.795s][info][gc,heap        ] GC(2254) PSYoungGen: 12661K->1983K(14336K)
[2026-06-17T09:52:37.050+0800][55.796s][info][gc,heap        ] GC(2254) ParOldGen: 29275K->32924K(44032K)
[2026-06-17T09:52:37.050+0800][55.796s][info][gc,metaspace   ] GC(2254) Metaspace: 3166K(4864K)->3166K(4864K) NonClass: 2861K(4352K)->2861K(4352K) Class: 305K(512K)->305K(512K)
[2026-06-17T09:52:37.051+0800][55.797s][info][gc             ] GC(2254) Pause Young (Allocation Failure) 40M->34M(57M) 3.092ms
[2026-06-17T09:52:37.051+0800][55.797s][info][gc,cpu         ] GC(2254) User=0.00s Sys=0.01s Real=0.01s
[2026-06-17T09:52:37.066+0800][55.812s][info][gc,start       ] GC(2255) Pause Young (Allocation Failure)
[2026-06-17T09:52:37.068+0800][55.814s][info][gc,heap        ] GC(2255) PSYoungGen: 9107K->3642K(14848K)
[2026-06-17T09:52:37.078+0800][55.823s][info][gc,heap        ] GC(2255) ParOldGen: 32924K->34823K(44032K)
[2026-06-17T09:52:37.080+0800][55.826s][info][gc,metaspace   ] GC(2255) Metaspace: 3166K(4864K)->3166K(4864K) NonClass: 2861K(4352K)->2861K(4352K) Class: 305K(512K)->305K(512K)
[2026-06-17T09:52:37.082+0800][55.828s][info][gc             ] GC(2255) Pause Young (Allocation Failure) 41M->37M(57M) 16.467ms
[2026-06-17T09:52:37.085+0800][55.831s][info][gc,cpu         ] GC(2255) User=0.00s Sys=0.00s Real=0.02s
[2026-06-17T09:52:37.107+0800][55.853s][info][gc,start       ] GC(2256) Pause Young (Allocation Failure)
[2026-06-17T09:52:37.113+0800][55.859s][info][gc,heap        ] GC(2256) PSYoungGen: 11820K->4207K(14848K)
[2026-06-17T09:52:37.114+0800][55.860s][info][gc,heap        ] GC(2256) ParOldGen: 34823K->35878K(44032K)
[2026-06-17T09:52:37.115+0800][55.861s][info][gc,metaspace   ] GC(2256) Metaspace: 3166K(4864K)->3166K(4864K) NonClass: 2861K(4352K)->2861K(4352K) Class: 305K(512K)->305K(512K)
[2026-06-17T09:52:37.115+0800][55.861s][info][gc             ] GC(2256) Pause Young (Allocation Failure) 45M->39M(57M) 8.246ms
[2026-06-17T09:52:37.119+0800][55.865s][info][gc,cpu         ] GC(2256) User=0.00s Sys=0.00s Real=0.01s
[2026-06-17T09:52:37.148+0800][55.894s][info][gc,start       ] GC(2257) Pause Young (Allocation Failure)
[2026-06-17T09:52:37.154+0800][55.899s][info][gc,heap        ] GC(2257) PSYoungGen: 12383K->549K(13824K)
[2026-06-17T09:52:37.159+0800][55.905s][info][gc,heap        ] GC(2257) ParOldGen: 35878K->37886K(44032K)
[2026-06-17T09:52:37.165+0800][55.911s][info][gc,metaspace   ] GC(2257) Metaspace: 3166K(4864K)->3166K(4864K) NonClass: 2861K(4352K)->2861K(4352K) Class: 305K(512K)->305K(512K)
[2026-06-17T09:52:37.165+0800][55.911s][info][gc             ] GC(2257) Pause Young (Allocation Failure) 47M->37M(56M) 17.235ms
[2026-06-17T09:52:37.166+0800][55.912s][info][gc,cpu         ] GC(2257) User=0.00s Sys=0.00s Real=0.02s
[2026-06-17T09:52:37.193+0800][55.939s][info][gc,start       ] GC(2258) Pause Young (Allocation Failure)
[2026-06-17T09:52:37.203+0800][55.949s][info][gc,heap        ] GC(2258) PSYoungGen: 7694K->3748K(14336K)
[2026-06-17T09:52:37.205+0800][55.951s][info][gc,heap        ] GC(2258) ParOldGen: 37886K->38411K(44032K)
[2026-06-17T09:52:37.207+0800][55.953s][info][gc,metaspace   ] GC(2258) Metaspace: 3166K(4864K)->3166K(4864K) NonClass: 2861K(4352K)->2861K(4352K) Class: 305K(512K)->305K(512K)
[2026-06-17T09:52:37.207+0800][55.953s][info][gc             ] GC(2258) Pause Young (Allocation Failure) 44M->41M(57M) 14.373ms
[2026-06-17T09:52:37.208+0800][55.953s][info][gc,cpu         ] GC(2258) User=0.01s Sys=0.00s Real=0.01s
[2026-06-17T09:52:37.229+0800][55.975s][info][gc,start       ] GC(2259) Pause Young (Allocation Failure)
[2026-06-17T09:52:37.230+0800][55.976s][info][gc,heap        ] GC(2259) PSYoungGen: 10906K->4145K(13824K)
[2026-06-17T09:52:37.230+0800][55.976s][info][gc,heap        ] GC(2259) ParOldGen: 38411K->38411K(44032K)
[2026-06-17T09:52:37.230+0800][55.976s][info][gc,metaspace   ] GC(2259) Metaspace: 3166K(4864K)->3166K(4864K) NonClass: 2861K(4352K)->2861K(4352K) Class: 305K(512K)->305K(512K)
[2026-06-17T09:52:37.231+0800][55.976s][info][gc             ] GC(2259) Pause Young (Allocation Failure) 48M->41M(56M) 1.885ms
[2026-06-17T09:52:37.231+0800][55.977s][info][gc,cpu         ] GC(2259) User=0.00s Sys=0.00s Real=0.01s
[2026-06-17T09:52:37.252+0800][55.998s][info][gc,start       ] GC(2260) Pause Young (Allocation Failure)
[2026-06-17T09:52:37.253+0800][55.999s][info][gc,heap        ] GC(2260) PSYoungGen: 11304K->4513K(14336K)
[2026-06-17T09:52:37.253+0800][55.999s][info][gc,heap        ] GC(2260) ParOldGen: 38411K->38411K(44032K)
[2026-06-17T09:52:37.254+0800][56.000s][info][gc,metaspace   ] GC(2260) Metaspace: 3166K(4864K)->3166K(4864K) NonClass: 2861K(4352K)->2861K(4352K) Class: 305K(512K)->305K(512K)
[2026-06-17T09:52:37.254+0800][56.000s][info][gc             ] GC(2260) Pause Young (Allocation Failure) 48M->41M(57M) 2.102ms
[2026-06-17T09:52:37.254+0800][56.000s][info][gc,cpu         ] GC(2260) User=0.00s Sys=0.00s Real=0.00s
[2026-06-17T09:52:37.265+0800][56.011s][info][gc,start       ] GC(2261) Pause Young (Allocation Failure)
[2026-06-17T09:52:37.267+0800][56.013s][info][gc,heap        ] GC(2261) PSYoungGen: 11661K->7067K(14336K)
[2026-06-17T09:52:37.267+0800][56.013s][info][gc,heap        ] GC(2261) ParOldGen: 38411K->39671K(44032K)
[2026-06-17T09:52:37.268+0800][56.014s][info][gc,metaspace   ] GC(2261) Metaspace: 3166K(4864K)->3166K(4864K) NonClass: 2861K(4352K)->2861K(4352K) Class: 305K(512K)->305K(512K)
[2026-06-17T09:52:37.268+0800][56.014s][info][gc             ] GC(2261) Pause Young (Allocation Failure) 48M->45M(57M) 2.543ms
[2026-06-17T09:52:37.268+0800][56.014s][info][gc,cpu         ] GC(2261) User=0.00s Sys=0.00s Real=0.00s
[2026-06-17T09:52:37.289+0800][56.035s][info][gc,start       ] GC(2262) Pause Young (Allocation Failure)
[2026-06-17T09:52:37.290+0800][56.036s][info][gc,heap        ] GC(2262) PSYoungGen: 14194K->5094K(14336K)
[2026-06-17T09:52:37.291+0800][56.036s][info][gc,heap        ] GC(2262) ParOldGen: 39671K->41665K(44032K)
[2026-06-17T09:52:37.291+0800][56.037s][info][gc,metaspace   ] GC(2262) Metaspace: 3166K(4864K)->3166K(4864K) NonClass: 2861K(4352K)->2861K(4352K) Class: 305K(512K)->305K(512K)
[2026-06-17T09:52:37.291+0800][56.037s][info][gc             ] GC(2262) Pause Young (Allocation Failure) 52M->45M(57M) 1.598ms
[2026-06-17T09:52:37.291+0800][56.037s][info][gc,cpu         ] GC(2262) User=0.00s Sys=0.00s Real=0.01s
[2026-06-17T09:52:37.291+0800][56.037s][info][gc,start       ] GC(2263) Pause Full (Ergonomics)
[2026-06-17T09:52:37.291+0800][56.037s][info][gc,phases,start] GC(2263) Marking Phase
[2026-06-17T09:52:37.292+0800][56.038s][info][gc,phases      ] GC(2263) Marking Phase 0.716ms
[2026-06-17T09:52:37.292+0800][56.038s][info][gc,phases,start] GC(2263) Summary Phase
[2026-06-17T09:52:37.292+0800][56.038s][info][gc,phases      ] GC(2263) Summary Phase 0.159ms
[2026-06-17T09:52:37.293+0800][56.038s][info][gc,phases,start] GC(2263) Adjust Roots
[2026-06-17T09:52:37.293+0800][56.039s][info][gc,phases      ] GC(2263) Adjust Roots 0.189ms
[2026-06-17T09:52:37.293+0800][56.039s][info][gc,phases,start] GC(2263) Compaction Phase
[2026-06-17T09:52:37.294+0800][56.040s][info][gc,phases      ] GC(2263) Compaction Phase 1.334ms
[2026-06-17T09:52:37.295+0800][56.040s][info][gc,phases,start] GC(2263) Post Compact
[2026-06-17T09:52:37.295+0800][56.041s][info][gc,phases      ] GC(2263) Post Compact 0.342ms
[2026-06-17T09:52:37.295+0800][56.041s][info][gc,heap        ] GC(2263) PSYoungGen: 5094K->0K(14336K)
[2026-06-17T09:52:37.295+0800][56.041s][info][gc,heap        ] GC(2263) ParOldGen: 41665K->23676K(44032K)
[2026-06-17T09:52:37.295+0800][56.041s][info][gc,metaspace   ] GC(2263) Metaspace: 3166K(4864K)->3166K(4864K) NonClass: 2861K(4352K)->2861K(4352K) Class: 305K(512K)->305K(512K)
[2026-06-17T09:52:37.295+0800][56.041s][info][gc             ] GC(2263) Pause Full (Ergonomics) 45M->23M(57M) 4.212ms
[2026-06-17T09:52:37.296+0800][56.042s][info][gc,cpu         ] GC(2263) User=0.01s Sys=0.00s Real=0.00s
[2026-06-17T09:52:37.317+0800][56.063s][info][gc,start       ] GC(2264) Pause Young (Allocation Failure)
[2026-06-17T09:52:37.318+0800][56.064s][info][gc,heap        ] GC(2264) PSYoungGen: 7165K->3713K(14336K)
[2026-06-17T09:52:37.318+0800][56.064s][info][gc,heap        ] GC(2264) ParOldGen: 23676K->23676K(44032K)
[2026-06-17T09:52:37.318+0800][56.064s][info][gc,metaspace   ] GC(2264) Metaspace: 3166K(4864K)->3166K(4864K) NonClass: 2861K(4352K)->2861K(4352K) Class: 305K(512K)->305K(512K)
[2026-06-17T09:52:37.318+0800][56.064s][info][gc             ] GC(2264) Pause Young (Allocation Failure) 30M->26M(57M) 1.325ms
[2026-06-17T09:52:37.318+0800][56.064s][info][gc,cpu         ] GC(2264) User=0.00s Sys=0.00s Real=0.00s
[2026-06-17T09:52:37.330+0800][56.075s][info][gc,start       ] GC(2265) Pause Young (Allocation Failure)
[2026-06-17T09:52:37.330+0800][56.076s][info][gc,heap        ] GC(2265) PSYoungGen: 10860K->1560K(14336K)
[2026-06-17T09:52:37.331+0800][56.076s][info][gc,heap        ] GC(2265) ParOldGen: 23676K->26306K(44032K)
[2026-06-17T09:52:37.331+0800][56.077s][info][gc,metaspace   ] GC(2265) Metaspace: 3166K(4864K)->3166K(4864K) NonClass: 2861K(4352K)->2861K(4352K) Class: 305K(512K)->305K(512K)
[2026-06-17T09:52:37.331+0800][56.077s][info][gc             ] GC(2265) Pause Young (Allocation Failure) 33M->27M(57M) 1.606ms
[2026-06-17T09:52:37.331+0800][56.077s][info][gc,cpu         ] GC(2265) User=0.00s Sys=0.00s Real=0.01s
[2026-06-17T09:52:37.352+0800][56.098s][info][gc,start       ] GC(2266) Pause Young (Allocation Failure)
[2026-06-17T09:52:37.359+0800][56.105s][info][gc,heap        ] GC(2266) PSYoungGen: 8705K->3698K(14336K)
[2026-06-17T09:52:37.359+0800][56.105s][info][gc,heap        ] GC(2266) ParOldGen: 26306K->27842K(44032K)
[2026-06-17T09:52:37.360+0800][56.106s][info][gc,metaspace   ] GC(2266) Metaspace: 3166K(4864K)->3166K(4864K) NonClass: 2861K(4352K)->2861K(4352K) Class: 305K(512K)->305K(512K)
[2026-06-17T09:52:37.364+0800][56.110s][info][gc             ] GC(2266) Pause Young (Allocation Failure) 34M->30M(57M) 11.623ms
[2026-06-17T09:52:37.377+0800][56.123s][info][gc,cpu         ] GC(2266) User=0.00s Sys=0.00s Real=0.02s
[2026-06-17T09:52:37.389+0800][56.135s][info][gc,start       ] GC(2267) Pause Young (Allocation Failure)
[2026-06-17T09:52:37.390+0800][56.136s][info][gc,heap        ] GC(2267) PSYoungGen: 10709K->1622K(14336K)
[2026-06-17T09:52:37.391+0800][56.136s][info][gc,heap        ] GC(2267) ParOldGen: 27842K->30023K(44032K)
[2026-06-17T09:52:37.391+0800][56.137s][info][gc,metaspace   ] GC(2267) Metaspace: 3166K(4864K)->3166K(4864K) NonClass: 2861K(4352K)->2861K(4352K) Class: 305K(512K)->305K(512K)
[2026-06-17T09:52:37.391+0800][56.137s][info][gc             ] GC(2267) Pause Young (Allocation Failure) 37M->30M(57M) 1.785ms
[2026-06-17T09:52:37.391+0800][56.137s][info][gc,cpu         ] GC(2267) User=0.00s Sys=0.00s Real=0.01s
[2026-06-17T09:52:37.412+0800][56.158s][info][gc,start       ] GC(2268) Pause Young (Allocation Failure)
[2026-06-17T09:52:37.413+0800][56.159s][info][gc,heap        ] GC(2268) PSYoungGen: 8767K->3307K(14336K)
[2026-06-17T09:52:37.413+0800][56.159s][info][gc,heap        ] GC(2268) ParOldGen: 30023K->31621K(44032K)
[2026-06-17T09:52:37.414+0800][56.159s][info][gc,metaspace   ] GC(2268) Metaspace: 3166K(4864K)->3166K(4864K) NonClass: 2861K(4352K)->2861K(4352K) Class: 305K(512K)->305K(512K)
[2026-06-17T09:52:37.414+0800][56.160s][info][gc             ] GC(2268) Pause Young (Allocation Failure) 37M->34M(57M) 1.544ms
[2026-06-17T09:52:37.414+0800][56.160s][info][gc,cpu         ] GC(2268) User=0.00s Sys=0.00s Real=0.00s
[2026-06-17T09:52:37.435+0800][56.181s][info][gc,start       ] GC(2269) Pause Young (Allocation Failure)
[2026-06-17T09:52:37.436+0800][56.182s][info][gc,heap        ] GC(2269) PSYoungGen: 10472K->3081K(14848K)
[2026-06-17T09:52:37.436+0800][56.182s][info][gc,heap        ] GC(2269) ParOldGen: 31621K->32166K(44032K)
[2026-06-17T09:52:37.437+0800][56.182s][info][gc,metaspace   ] GC(2269) Metaspace: 3166K(4864K)->3166K(4864K) NonClass: 2861K(4352K)->2861K(4352K) Class: 305K(512K)->305K(512K)
[2026-06-17T09:52:37.437+0800][56.183s][info][gc             ] GC(2269) Pause Young (Allocation Failure) 41M->34M(57M) 2.053ms
[2026-06-17T09:52:37.437+0800][56.183s][info][gc,cpu         ] GC(2269) User=0.00s Sys=0.00s Real=0.00s
[2026-06-17T09:52:37.459+0800][56.205s][info][gc,start       ] GC(2270) Pause Young (Allocation Failure)
[2026-06-17T09:52:37.466+0800][56.211s][info][gc,heap        ] GC(2270) PSYoungGen: 10761K->1307K(14336K)
[2026-06-17T09:52:37.468+0800][56.214s][info][gc,heap        ] GC(2270) ParOldGen: 32166K->34694K(44032K)
[2026-06-17T09:52:37.469+0800][56.215s][info][gc,metaspace   ] GC(2270) Metaspace: 3166K(4864K)->3166K(4864K) NonClass: 2861K(4352K)->2861K(4352K) Class: 305K(512K)->305K(512K)
[2026-06-17T09:52:37.470+0800][56.216s][info][gc             ] GC(2270) Pause Young (Allocation Failure) 41M->35M(57M) 11.113ms
[2026-06-17T09:52:37.471+0800][56.216s][info][gc,cpu         ] GC(2270) User=0.00s Sys=0.00s Real=0.02s
[2026-06-17T09:52:37.493+0800][56.238s][info][gc,start       ] GC(2271) Pause Young (Allocation Failure)
[2026-06-17T09:52:37.494+0800][56.240s][info][gc,heap        ] GC(2271) PSYoungGen: 8973K->2514K(14848K)
[2026-06-17T09:52:37.494+0800][56.240s][info][gc,heap        ] GC(2271) ParOldGen: 34694K->34694K(44032K)
[2026-06-17T09:52:37.495+0800][56.241s][info][gc,metaspace   ] GC(2271) Metaspace: 3166K(4864K)->3166K(4864K) NonClass: 2861K(4352K)->2861K(4352K) Class: 305K(512K)->305K(512K)
[2026-06-17T09:52:37.496+0800][56.242s][info][gc             ] GC(2271) Pause Young (Allocation Failure) 42M->36M(57M) 3.218ms
[2026-06-17T09:52:37.496+0800][56.242s][info][gc,cpu         ] GC(2271) User=0.00s Sys=0.00s Real=0.00s
[2026-06-17T09:52:37.508+0800][56.254s][info][gc,start       ] GC(2272) Pause Young (Allocation Failure)
[2026-06-17T09:52:37.509+0800][56.255s][info][gc,heap        ] GC(2272) PSYoungGen: 10691K->2009K(14848K)
[2026-06-17T09:52:37.509+0800][56.255s][info][gc,heap        ] GC(2272) ParOldGen: 34694K->36708K(44032K)
[2026-06-17T09:52:37.509+0800][56.255s][info][gc,metaspace   ] GC(2272) Metaspace: 3166K(4864K)->3166K(4864K) NonClass: 2861K(4352K)->2861K(4352K) Class: 305K(512K)->305K(512K)
[2026-06-17T09:52:37.510+0800][56.256s][info][gc             ] GC(2272) Pause Young (Allocation Failure) 44M->37M(57M) 1.989ms
[2026-06-17T09:52:37.510+0800][56.256s][info][gc,cpu         ] GC(2272) User=0.00s Sys=0.00s Real=0.00s
[2026-06-17T09:52:37.542+0800][56.288s][info][gc,start       ] GC(2273) Pause Young (Allocation Failure)
[2026-06-17T09:52:37.543+0800][56.288s][info][gc,heap        ] GC(2273) PSYoungGen: 10200K->1408K(15360K)
[2026-06-17T09:52:37.543+0800][56.289s][info][gc,heap        ] GC(2273) ParOldGen: 36708K->38694K(44032K)
[2026-06-17T09:52:37.543+0800][56.289s][info][gc,metaspace   ] GC(2273) Metaspace: 3166K(4864K)->3166K(4864K) NonClass: 2861K(4352K)->2861K(4352K) Class: 305K(512K)->305K(512K)
[2026-06-17T09:52:37.543+0800][56.289s][info][gc             ] GC(2273) Pause Young (Allocation Failure) 45M->39M(58M) 1.343ms
[2026-06-17T09:52:37.543+0800][56.289s][info][gc,cpu         ] GC(2273) User=0.00s Sys=0.00s Real=0.01s
[2026-06-17T09:52:37.564+0800][56.310s][info][gc,start       ] GC(2274) Pause Young (Allocation Failure)
[2026-06-17T09:52:37.565+0800][56.311s][info][gc,heap        ] GC(2274) PSYoungGen: 10072K->2776K(14848K)
[2026-06-17T09:52:37.565+0800][56.311s][info][gc,heap        ] GC(2274) ParOldGen: 38694K->39017K(44032K)
[2026-06-17T09:52:37.565+0800][56.311s][info][gc,metaspace   ] GC(2274) Metaspace: 3166K(4864K)->3166K(4864K) NonClass: 2861K(4352K)->2861K(4352K) Class: 305K(512K)->305K(512K)
[2026-06-17T09:52:37.566+0800][56.311s][info][gc             ] GC(2274) Pause Young (Allocation Failure) 47M->40M(57M) 1.406ms
[2026-06-17T09:52:37.566+0800][56.312s][info][gc,cpu         ] GC(2274) User=0.00s Sys=0.00s Real=0.00s
[2026-06-17T09:52:37.577+0800][56.323s][info][gc,start       ] GC(2275) Pause Young (Allocation Failure)
[2026-06-17T09:52:37.578+0800][56.324s][info][gc,heap        ] GC(2275) PSYoungGen: 11360K->2161K(15872K)
[2026-06-17T09:52:37.579+0800][56.325s][info][gc,heap        ] GC(2275) ParOldGen: 39017K->41147K(44032K)
[2026-06-17T09:52:37.580+0800][56.326s][info][gc,metaspace   ] GC(2275) Metaspace: 3166K(4864K)->3166K(4864K) NonClass: 2861K(4352K)->2861K(4352K) Class: 305K(512K)->305K(512K)
[2026-06-17T09:52:37.581+0800][56.327s][info][gc             ] GC(2275) Pause Young (Allocation Failure) 49M->42M(58M) 4.214ms
[2026-06-17T09:52:37.584+0800][56.330s][info][gc,cpu         ] GC(2275) User=0.00s Sys=0.00s Real=0.01s
[2026-06-17T09:52:37.584+0800][56.330s][info][gc,start       ] GC(2276) Pause Full (Ergonomics)
[2026-06-17T09:52:37.584+0800][56.330s][info][gc,phases,start] GC(2276) Marking Phase
[2026-06-17T09:52:37.585+0800][56.331s][info][gc,phases      ] GC(2276) Marking Phase 0.850ms
[2026-06-17T09:52:37.585+0800][56.331s][info][gc,phases,start] GC(2276) Summary Phase
[2026-06-17T09:52:37.586+0800][56.332s][info][gc,phases      ] GC(2276) Summary Phase 0.236ms
[2026-06-17T09:52:37.586+0800][56.332s][info][gc,phases,start] GC(2276) Adjust Roots
[2026-06-17T09:52:37.586+0800][56.332s][info][gc,phases      ] GC(2276) Adjust Roots 0.274ms
[2026-06-17T09:52:37.586+0800][56.332s][info][gc,phases,start] GC(2276) Compaction Phase
[2026-06-17T09:52:37.588+0800][56.334s][info][gc,phases      ] GC(2276) Compaction Phase 1.521ms
[2026-06-17T09:52:37.588+0800][56.334s][info][gc,phases,start] GC(2276) Post Compact
[2026-06-17T09:52:37.588+0800][56.334s][info][gc,phases      ] GC(2276) Post Compact 0.267ms
[2026-06-17T09:52:37.589+0800][56.335s][info][gc,heap        ] GC(2276) PSYoungGen: 2161K->0K(15360K)
[2026-06-17T09:52:37.589+0800][56.335s][info][gc,heap        ] GC(2276) ParOldGen: 41147K->30483K(44032K)
[2026-06-17T09:52:37.589+0800][56.335s][info][gc,metaspace   ] GC(2276) Metaspace: 3166K(4864K)->3166K(4864K) NonClass: 2861K(4352K)->2861K(4352K) Class: 305K(512K)->305K(512K)
[2026-06-17T09:52:37.589+0800][56.335s][info][gc             ] GC(2276) Pause Full (Ergonomics) 42M->29M(58M) 5.097ms
[2026-06-17T09:52:37.589+0800][56.335s][info][gc,cpu         ] GC(2276) User=0.00s Sys=0.00s Real=0.00s
[2026-06-17T09:52:37.621+0800][56.367s][info][gc,start       ] GC(2277) Pause Young (Allocation Failure)
[2026-06-17T09:52:37.623+0800][56.369s][info][gc,heap        ] GC(2277) PSYoungGen: 9710K->2832K(15872K)
[2026-06-17T09:52:37.623+0800][56.369s][info][gc,heap        ] GC(2277) ParOldGen: 30483K->30483K(44032K)
[2026-06-17T09:52:37.624+0800][56.370s][info][gc,metaspace   ] GC(2277) Metaspace: 3166K(4864K)->3166K(4864K) NonClass: 2861K(4352K)->2861K(4352K) Class: 305K(512K)->305K(512K)
[2026-06-17T09:52:37.625+0800][56.371s][info][gc             ] GC(2277) Pause Young (Allocation Failure) 39M->32M(58M) 3.464ms
[2026-06-17T09:52:37.625+0800][56.371s][info][gc,cpu         ] GC(2277) User=0.00s Sys=0.00s Real=0.01s
[2026-06-17T09:52:37.648+0800][56.394s][info][gc,start       ] GC(2278) Pause Young (Allocation Failure)
[2026-06-17T09:52:37.650+0800][56.396s][info][gc,heap        ] GC(2278) PSYoungGen: 13050K->4688K(15360K)
[2026-06-17T09:52:37.651+0800][56.397s][info][gc,heap        ] GC(2278) ParOldGen: 30483K->31751K(44032K)
[2026-06-17T09:52:37.651+0800][56.397s][info][gc,metaspace   ] GC(2278) Metaspace: 3166K(4864K)->3166K(4864K) NonClass: 2861K(4352K)->2861K(4352K) Class: 305K(512K)->305K(512K)
[2026-06-17T09:52:37.652+0800][56.398s][info][gc             ] GC(2278) Pause Young (Allocation Failure) 42M->35M(58M) 4.373ms
[2026-06-17T09:52:37.653+0800][56.399s][info][gc,cpu         ] GC(2278) User=0.00s Sys=0.00s Real=0.01s
[2026-06-17T09:52:37.686+0800][56.431s][info][gc,start       ] GC(2279) Pause Young (Allocation Failure)
[2026-06-17T09:52:37.687+0800][56.433s][info][gc,heap        ] GC(2279) PSYoungGen: 14920K->2222K(15360K)
[2026-06-17T09:52:37.688+0800][56.434s][info][gc,heap        ] GC(2279) ParOldGen: 31751K->33881K(44032K)
[2026-06-17T09:52:37.688+0800][56.434s][info][gc,metaspace   ] GC(2279) Metaspace: 3166K(4864K)->3166K(4864K) NonClass: 2861K(4352K)->2861K(4352K) Class: 305K(512K)->305K(512K)
[2026-06-17T09:52:37.689+0800][56.434s][info][gc             ] GC(2279) Pause Young (Allocation Failure) 45M->35M(58M) 2.952ms
[2026-06-17T09:52:37.689+0800][56.435s][info][gc,cpu         ] GC(2279) User=0.00s Sys=0.00s Real=0.00s
[2026-06-17T09:52:37.710+0800][56.456s][info][gc,start       ] GC(2280) Pause Young (Allocation Failure)
[2026-06-17T09:52:37.713+0800][56.459s][info][gc,heap        ] GC(2280) PSYoungGen: 11406K->2227K(15360K)
[2026-06-17T09:52:37.714+0800][56.460s][info][gc,heap        ] GC(2280) ParOldGen: 33881K->35621K(44032K)
[2026-06-17T09:52:37.716+0800][56.462s][info][gc,metaspace   ] GC(2280) Metaspace: 3166K(4864K)->3166K(4864K) NonClass: 2861K(4352K)->2861K(4352K) Class: 305K(512K)->305K(512K)
[2026-06-17T09:52:37.718+0800][56.464s][info][gc             ] GC(2280) Pause Young (Allocation Failure) 44M->36M(58M) 7.624ms
[2026-06-17T09:52:37.719+0800][56.465s][info][gc,cpu         ] GC(2280) User=0.00s Sys=0.00s Real=0.01s
[2026-06-17T09:52:37.741+0800][56.487s][info][gc,start       ] GC(2281) Pause Young (Allocation Failure)
[2026-06-17T09:52:37.784+0800][56.530s][info][gc,heap        ] GC(2281) PSYoungGen: 11439K->2067K(15872K)
[2026-06-17T09:52:37.828+0800][56.574s][info][gc,heap        ] GC(2281) ParOldGen: 35621K->37769K(44032K)
[2026-06-17T09:52:37.829+0800][56.575s][info][gc,metaspace   ] GC(2281) Metaspace: 3166K(4864K)->3166K(4864K) NonClass: 2861K(4352K)->2861K(4352K) Class: 305K(512K)->305K(512K)
[2026-06-17T09:52:37.830+0800][56.575s][info][gc             ] GC(2281) Pause Young (Allocation Failure) 45M->38M(58M) 88.146ms
[2026-06-17T09:52:37.831+0800][56.576s][info][gc,cpu         ] GC(2281) User=0.00s Sys=0.00s Real=0.10s
[2026-06-17T09:52:37.857+0800][56.603s][info][gc,start       ] GC(2282) Pause Young (Allocation Failure)
[2026-06-17T09:52:37.876+0800][56.622s][info][gc,heap        ] GC(2282) PSYoungGen: 12299K->5334K(15872K)
[2026-06-17T09:52:37.877+0800][56.623s][info][gc,heap        ] GC(2282) ParOldGen: 37769K->37769K(44032K)
[2026-06-17T09:52:37.878+0800][56.623s][info][gc,metaspace   ] GC(2282) Metaspace: 3166K(4864K)->3166K(4864K) NonClass: 2861K(4352K)->2861K(4352K) Class: 305K(512K)->305K(512K)
[2026-06-17T09:52:37.878+0800][56.624s][info][gc             ] GC(2282) Pause Young (Allocation Failure) 48M->42M(58M) 21.121ms
[2026-06-17T09:52:37.879+0800][56.625s][info][gc,cpu         ] GC(2282) User=0.00s Sys=0.00s Real=0.02s
[2026-06-17T09:52:37.911+0800][56.657s][info][gc,start       ] GC(2283) Pause Young (Allocation Failure)
[2026-06-17T09:52:37.913+0800][56.658s][info][gc,heap        ] GC(2283) PSYoungGen: 15574K->2980K(14848K)
[2026-06-17T09:52:37.917+0800][56.663s][info][gc,heap        ] GC(2283) ParOldGen: 37769K->39791K(44032K)
[2026-06-17T09:52:37.918+0800][56.664s][info][gc,metaspace   ] GC(2283) Metaspace: 3166K(4864K)->3166K(4864K) NonClass: 2861K(4352K)->2861K(4352K) Class: 305K(512K)->305K(512K)
[2026-06-17T09:52:37.919+0800][56.665s][info][gc             ] GC(2283) Pause Young (Allocation Failure) 52M->41M(57M) 8.197ms
[2026-06-17T09:52:37.920+0800][56.666s][info][gc,cpu         ] GC(2283) User=0.01s Sys=0.00s Real=0.00s
[2026-06-17T09:52:37.943+0800][56.689s][info][gc,start       ] GC(2284) Pause Young (Allocation Failure)
[2026-06-17T09:52:37.946+0800][56.692s][info][gc,heap        ] GC(2284) PSYoungGen: 12196K->2361K(15360K)
[2026-06-17T09:52:37.953+0800][56.699s][info][gc,heap        ] GC(2284) ParOldGen: 39791K->42559K(44032K)
[2026-06-17T09:52:37.954+0800][56.699s][info][gc,metaspace   ] GC(2284) Metaspace: 3166K(4864K)->3166K(4864K) NonClass: 2861K(4352K)->2861K(4352K) Class: 305K(512K)->305K(512K)
[2026-06-17T09:52:37.955+0800][56.701s][info][gc             ] GC(2284) Pause Young (Allocation Failure) 50M->43M(58M) 11.270ms
[2026-06-17T09:52:37.956+0800][56.702s][info][gc,cpu         ] GC(2284) User=0.00s Sys=0.00s Real=0.01s
[2026-06-17T09:52:37.957+0800][56.703s][info][gc,start       ] GC(2285) Pause Full (Ergonomics)
[2026-06-17T09:52:37.958+0800][56.704s][info][gc,phases,start] GC(2285) Marking Phase
[2026-06-17T09:52:37.961+0800][56.707s][info][gc,phases      ] GC(2285) Marking Phase 2.827ms
[2026-06-17T09:52:37.962+0800][56.708s][info][gc,phases,start] GC(2285) Summary Phase
[2026-06-17T09:52:37.963+0800][56.709s][info][gc,phases      ] GC(2285) Summary Phase 0.781ms
[2026-06-17T09:52:37.964+0800][56.710s][info][gc,phases,start] GC(2285) Adjust Roots
[2026-06-17T09:52:37.966+0800][56.712s][info][gc,phases      ] GC(2285) Adjust Roots 1.535ms
[2026-06-17T09:52:37.967+0800][56.713s][info][gc,phases,start] GC(2285) Compaction Phase
[2026-06-17T09:52:37.972+0800][56.718s][info][gc,phases      ] GC(2285) Compaction Phase 5.164ms
[2026-06-17T09:52:37.973+0800][56.719s][info][gc,phases,start] GC(2285) Post Compact
[2026-06-17T09:52:37.974+0800][56.720s][info][gc,phases      ] GC(2285) Post Compact 1.280ms
[2026-06-17T09:52:37.976+0800][56.722s][info][gc,heap        ] GC(2285) PSYoungGen: 2361K->0K(15872K)
[2026-06-17T09:52:37.978+0800][56.724s][info][gc,heap        ] GC(2285) ParOldGen: 42559K->28266K(44032K)
[2026-06-17T09:52:37.980+0800][56.726s][info][gc,metaspace   ] GC(2285) Metaspace: 3166K(4864K)->3166K(4864K) NonClass: 2861K(4352K)->2861K(4352K) Class: 305K(512K)->305K(512K)
[2026-06-17T09:52:37.982+0800][56.728s][info][gc             ] GC(2285) Pause Full (Ergonomics) 43M->27M(58M) 25.035ms
[2026-06-17T09:52:37.984+0800][56.730s][info][gc,cpu         ] GC(2285) User=0.01s Sys=0.00s Real=0.03s
[2026-06-17T09:52:38.007+0800][56.753s][info][gc,start       ] GC(2286) Pause Young (Allocation Failure)
[2026-06-17T09:52:38.009+0800][56.755s][info][gc,heap        ] GC(2286) PSYoungGen: 10205K->3589K(15872K)
[2026-06-17T09:52:38.010+0800][56.756s][info][gc,heap        ] GC(2286) ParOldGen: 28266K->28266K(44032K)
[2026-06-17T09:52:38.011+0800][56.757s][info][gc,metaspace   ] GC(2286) Metaspace: 3166K(4864K)->3166K(4864K) NonClass: 2861K(4352K)->2861K(4352K) Class: 305K(512K)->305K(512K)
[2026-06-17T09:52:38.013+0800][56.759s][info][gc             ] GC(2286) Pause Young (Allocation Failure) 37M->31M(58M) 5.769ms
[2026-06-17T09:52:38.015+0800][56.761s][info][gc,cpu         ] GC(2286) User=0.00s Sys=0.00s Real=0.01s
[2026-06-17T09:52:38.049+0800][56.795s][info][gc,start       ] GC(2287) Pause Young (Allocation Failure)
[2026-06-17T09:52:38.051+0800][56.797s][info][gc,heap        ] GC(2287) PSYoungGen: 13829K->5626K(12800K)
[2026-06-17T09:52:38.051+0800][56.797s][info][gc,heap        ] GC(2287) ParOldGen: 28266K->29889K(44032K)
[2026-06-17T09:52:38.052+0800][56.797s][info][gc,metaspace   ] GC(2287) Metaspace: 3166K(4864K)->3166K(4864K) NonClass: 2861K(4352K)->2861K(4352K) Class: 305K(512K)->305K(512K)
[2026-06-17T09:52:38.052+0800][56.798s][info][gc             ] GC(2287) Pause Young (Allocation Failure) 41M->34M(55M) 3.298ms
[2026-06-17T09:52:38.052+0800][56.798s][info][gc,cpu         ] GC(2287) User=0.00s Sys=0.00s Real=0.01s
[2026-06-17T09:52:38.074+0800][56.820s][info][gc,start       ] GC(2288) Pause Young (Allocation Failure)
[2026-06-17T09:52:38.077+0800][56.823s][info][gc,heap        ] GC(2288) PSYoungGen: 12784K->2331K(14336K)
[2026-06-17T09:52:38.078+0800][56.823s][info][gc,heap        ] GC(2288) ParOldGen: 29889K->33398K(44032K)
[2026-06-17T09:52:38.081+0800][56.827s][info][gc,metaspace   ] GC(2288) Metaspace: 3166K(4864K)->3166K(4864K) NonClass: 2861K(4352K)->2861K(4352K) Class: 305K(512K)->305K(512K)
[2026-06-17T09:52:38.088+0800][56.833s][info][gc             ] GC(2288) Pause Young (Allocation Failure) 41M->34M(57M) 13.208ms
[2026-06-17T09:52:38.088+0800][56.834s][info][gc,cpu         ] GC(2288) User=0.00s Sys=0.00s Real=0.01s
[2026-06-17T09:52:38.100+0800][56.846s][info][gc,start       ] GC(2289) Pause Young (Allocation Failure)
[2026-06-17T09:52:38.103+0800][56.848s][info][gc,heap        ] GC(2289) PSYoungGen: 9482K->3891K(14848K)
[2026-06-17T09:52:38.104+0800][56.850s][info][gc,heap        ] GC(2289) ParOldGen: 33398K->35492K(44032K)
[2026-06-17T09:52:38.105+0800][56.851s][info][gc,metaspace   ] GC(2289) Metaspace: 3166K(4864K)->3166K(4864K) NonClass: 2861K(4352K)->2861K(4352K) Class: 305K(512K)->305K(512K)
[2026-06-17T09:52:38.106+0800][56.852s][info][gc             ] GC(2289) Pause Young (Allocation Failure) 41M->38M(57M) 5.531ms
[2026-06-17T09:52:38.106+0800][56.852s][info][gc,cpu         ] GC(2289) User=0.01s Sys=0.00s Real=0.01s
[2026-06-17T09:52:38.129+0800][56.875s][info][gc,start       ] GC(2290) Pause Young (Allocation Failure)
[2026-06-17T09:52:38.131+0800][56.877s][info][gc,heap        ] GC(2290) PSYoungGen: 11548K->4077K(14336K)
[2026-06-17T09:52:38.132+0800][56.878s][info][gc,heap        ] GC(2290) ParOldGen: 35492K->35492K(44032K)
[2026-06-17T09:52:38.132+0800][56.878s][info][gc,metaspace   ] GC(2290) Metaspace: 3166K(4864K)->3166K(4864K) NonClass: 2861K(4352K)->2861K(4352K) Class: 305K(512K)->305K(512K)
[2026-06-17T09:52:38.133+0800][56.879s][info][gc             ] GC(2290) Pause Young (Allocation Failure) 45M->38M(57M) 4.280ms
[2026-06-17T09:52:38.134+0800][56.879s][info][gc,cpu         ] GC(2290) User=0.00s Sys=0.00s Real=0.01s
[2026-06-17T09:52:38.157+0800][56.902s][info][gc,start       ] GC(2291) Pause Young (Allocation Failure)
[2026-06-17T09:52:38.159+0800][56.905s][info][gc,heap        ] GC(2291) PSYoungGen: 11734K->2464K(14848K)
[2026-06-17T09:52:38.159+0800][56.905s][info][gc,heap        ] GC(2291) ParOldGen: 35492K->37722K(44032K)
[2026-06-17T09:52:38.160+0800][56.906s][info][gc,metaspace   ] GC(2291) Metaspace: 3166K(4864K)->3166K(4864K) NonClass: 2861K(4352K)->2861K(4352K) Class: 305K(512K)->305K(512K)
[2026-06-17T09:52:38.161+0800][56.906s][info][gc             ] GC(2291) Pause Young (Allocation Failure) 46M->39M(57M) 3.965ms
[2026-06-17T09:52:38.161+0800][56.907s][info][gc,cpu         ] GC(2291) User=0.00s Sys=0.00s Real=0.00s
[2026-06-17T09:52:38.183+0800][56.929s][info][gc,start       ] GC(2292) Pause Young (Allocation Failure)
[2026-06-17T09:52:38.185+0800][56.931s][info][gc,heap        ] GC(2292) PSYoungGen: 10637K->1574K(14848K)
[2026-06-17T09:52:38.186+0800][56.932s][info][gc,heap        ] GC(2292) ParOldGen: 37722K->39774K(44032K)
[2026-06-17T09:52:38.186+0800][56.932s][info][gc,metaspace   ] GC(2292) Metaspace: 3166K(4864K)->3166K(4864K) NonClass: 2861K(4352K)->2861K(4352K) Class: 305K(512K)->305K(512K)
[2026-06-17T09:52:38.187+0800][56.932s][info][gc             ] GC(2292) Pause Young (Allocation Failure) 47M->40M(57M) 3.181ms
[2026-06-17T09:52:38.187+0800][56.933s][info][gc,cpu         ] GC(2292) User=0.00s Sys=0.00s Real=0.00s
[2026-06-17T09:52:38.199+0800][56.945s][info][gc,start       ] GC(2293) Pause Young (Allocation Failure)
[2026-06-17T09:52:38.201+0800][56.947s][info][gc,heap        ] GC(2293) PSYoungGen: 9764K->6447K(13824K)
[2026-06-17T09:52:38.201+0800][56.947s][info][gc,heap        ] GC(2293) ParOldGen: 39774K->39774K(44032K)
[2026-06-17T09:52:38.202+0800][56.948s][info][gc,metaspace   ] GC(2293) Metaspace: 3166K(4864K)->3166K(4864K) NonClass: 2861K(4352K)->2861K(4352K) Class: 305K(512K)->305K(512K)
[2026-06-17T09:52:38.202+0800][56.948s][info][gc             ] GC(2293) Pause Young (Allocation Failure) 48M->45M(56M) 3.367ms
[2026-06-17T09:52:38.203+0800][56.949s][info][gc,cpu         ] GC(2293) User=0.00s Sys=0.00s Real=0.01s
[2026-06-17T09:52:38.225+0800][56.971s][info][gc,start       ] GC(2294) Pause Young (Allocation Failure)
[2026-06-17T09:52:38.228+0800][56.974s][info][gc,heap        ] GC(2294) PSYoungGen: 13608K->3473K(14336K)
[2026-06-17T09:52:38.229+0800][56.975s][info][gc,heap        ] GC(2294) ParOldGen: 39774K->43016K(44032K)
[2026-06-17T09:52:38.230+0800][56.975s][info][gc,metaspace   ] GC(2294) Metaspace: 3166K(4864K)->3166K(4864K) NonClass: 2861K(4352K)->2861K(4352K) Class: 305K(512K)->305K(512K)
[2026-06-17T09:52:38.230+0800][56.976s][info][gc             ] GC(2294) Pause Young (Allocation Failure) 52M->45M(57M) 5.130ms
[2026-06-17T09:52:38.231+0800][56.977s][info][gc,cpu         ] GC(2294) User=0.00s Sys=0.01s Real=0.01s
[2026-06-17T09:52:38.232+0800][56.978s][info][gc,start       ] GC(2295) Pause Full (Ergonomics)
[2026-06-17T09:52:38.233+0800][56.979s][info][gc,phases,start] GC(2295) Marking Phase
[2026-06-17T09:52:38.235+0800][56.981s][info][gc,phases      ] GC(2295) Marking Phase 2.209ms
[2026-06-17T09:52:38.236+0800][56.982s][info][gc,phases,start] GC(2295) Summary Phase
[2026-06-17T09:52:38.236+0800][56.982s][info][gc,phases      ] GC(2295) Summary Phase 0.628ms
[2026-06-17T09:52:38.237+0800][56.983s][info][gc,phases,start] GC(2295) Adjust Roots
[2026-06-17T09:52:38.238+0800][56.983s][info][gc,phases      ] GC(2295) Adjust Roots 0.749ms
[2026-06-17T09:52:38.238+0800][56.984s][info][gc,phases,start] GC(2295) Compaction Phase
[2026-06-17T09:52:38.241+0800][56.987s][info][gc,phases      ] GC(2295) Compaction Phase 2.930ms
[2026-06-17T09:52:38.242+0800][56.988s][info][gc,phases,start] GC(2295) Post Compact
[2026-06-17T09:52:38.243+0800][56.989s][info][gc,phases      ] GC(2295) Post Compact 0.749ms
[2026-06-17T09:52:38.243+0800][56.989s][info][gc,heap        ] GC(2295) PSYoungGen: 3473K->0K(14336K)
[2026-06-17T09:52:38.244+0800][56.990s][info][gc,heap        ] GC(2295) ParOldGen: 43016K->32285K(44032K)
[2026-06-17T09:52:38.245+0800][56.990s][info][gc,metaspace   ] GC(2295) Metaspace: 3166K(4864K)->3166K(4864K) NonClass: 2861K(4352K)->2861K(4352K) Class: 305K(512K)->305K(512K)
[2026-06-17T09:52:38.245+0800][56.991s][info][gc             ] GC(2295) Pause Full (Ergonomics) 45M->31M(57M) 13.257ms
[2026-06-17T09:52:38.246+0800][56.992s][info][gc,cpu         ] GC(2295) User=0.00s Sys=0.00s Real=0.01s
[2026-06-17T09:52:38.268+0800][57.014s][info][gc,start       ] GC(2296) Pause Young (Allocation Failure)
[2026-06-17T09:52:38.269+0800][57.015s][info][gc,heap        ] GC(2296) PSYoungGen: 7133K->3546K(14336K)
[2026-06-17T09:52:38.270+0800][57.016s][info][gc,heap        ] GC(2296) ParOldGen: 32285K->32285K(44032K)
[2026-06-17T09:52:38.271+0800][57.017s][info][gc,metaspace   ] GC(2296) Metaspace: 3166K(4864K)->3166K(4864K) NonClass: 2861K(4352K)->2861K(4352K) Class: 305K(512K)->305K(512K)
[2026-06-17T09:52:38.271+0800][57.017s][info][gc             ] GC(2296) Pause Young (Allocation Failure) 38M->34M(57M) 3.716ms
[2026-06-17T09:52:38.272+0800][57.018s][info][gc,cpu         ] GC(2296) User=0.00s Sys=0.00s Real=0.01s
[2026-06-17T09:52:38.294+0800][57.040s][info][gc,start       ] GC(2297) Pause Young (Allocation Failure)
[2026-06-17T09:52:38.296+0800][57.042s][info][gc,heap        ] GC(2297) PSYoungGen: 10689K->1822K(14848K)
[2026-06-17T09:52:38.296+0800][57.042s][info][gc,heap        ] GC(2297) ParOldGen: 32285K->34050K(44032K)
[2026-06-17T09:52:38.297+0800][57.043s][info][gc,metaspace   ] GC(2297) Metaspace: 3166K(4864K)->3166K(4864K) NonClass: 2861K(4352K)->2861K(4352K) Class: 305K(512K)->305K(512K)
[2026-06-17T09:52:38.298+0800][57.044s][info][gc             ] GC(2297) Pause Young (Allocation Failure) 41M->35M(57M) 3.533ms
[2026-06-17T09:52:38.298+0800][57.044s][info][gc,cpu         ] GC(2297) User=0.00s Sys=0.00s Real=0.00s
[2026-06-17T09:52:38.321+0800][57.066s][info][gc,start       ] GC(2298) Pause Young (Allocation Failure)
[2026-06-17T09:52:38.323+0800][57.069s][info][gc,heap        ] GC(2298) PSYoungGen: 9960K->1182K(14848K)
[2026-06-17T09:52:38.323+0800][57.069s][info][gc,heap        ] GC(2298) ParOldGen: 34050K->35848K(44032K)
[2026-06-17T09:52:38.324+0800][57.070s][info][gc,metaspace   ] GC(2298) Metaspace: 3166K(4864K)->3166K(4864K) NonClass: 2861K(4352K)->2861K(4352K) Class: 305K(512K)->305K(512K)
[2026-06-17T09:52:38.324+0800][57.070s][info][gc             ] GC(2298) Pause Young (Allocation Failure) 42M->36M(57M) 3.901ms
[2026-06-17T09:52:38.325+0800][57.071s][info][gc,cpu         ] GC(2298) User=0.01s Sys=0.00s Real=0.01s
[2026-06-17T09:52:38.347+0800][57.092s][info][gc,start       ] GC(2299) Pause Young (Allocation Failure)
[2026-06-17T09:52:38.347+0800][57.093s][info][gc,heap        ] GC(2299) PSYoungGen: 9374K->2443K(14848K)
[2026-06-17T09:52:38.348+0800][57.093s][info][gc,heap        ] GC(2299) ParOldGen: 35848K->35848K(44032K)
[2026-06-17T09:52:38.348+0800][57.094s][info][gc,metaspace   ] GC(2299) Metaspace: 3166K(4864K)->3166K(4864K) NonClass: 2861K(4352K)->2861K(4352K) Class: 305K(512K)->305K(512K)
[2026-06-17T09:52:38.348+0800][57.094s][info][gc             ] GC(2299) Pause Young (Allocation Failure) 44M->37M(57M) 1.435ms
[2026-06-17T09:52:38.348+0800][57.094s][info][gc,cpu         ] GC(2299) User=0.00s Sys=0.00s Real=0.00s
[2026-06-17T09:52:38.359+0800][57.105s][info][gc,start       ] GC(2300) Pause Young (Allocation Failure)
[2026-06-17T09:52:38.360+0800][57.106s][info][gc,heap        ] GC(2300) PSYoungGen: 10528K->1709K(14848K)
[2026-06-17T09:52:38.360+0800][57.106s][info][gc,heap        ] GC(2300) ParOldGen: 35848K->37547K(44032K)
[2026-06-17T09:52:38.360+0800][57.106s][info][gc,metaspace   ] GC(2300) Metaspace: 3166K(4864K)->3166K(4864K) NonClass: 2861K(4352K)->2861K(4352K) Class: 305K(512K)->305K(512K)
[2026-06-17T09:52:38.360+0800][57.106s][info][gc             ] GC(2300) Pause Young (Allocation Failure) 45M->38M(57M) 1.385ms
[2026-06-17T09:52:38.361+0800][57.106s][info][gc,cpu         ] GC(2300) User=0.00s Sys=0.00s Real=0.00s
[2026-06-17T09:52:38.392+0800][57.138s][info][gc,start       ] GC(2301) Pause Young (Allocation Failure)
[2026-06-17T09:52:38.394+0800][57.140s][info][gc,heap        ] GC(2301) PSYoungGen: 9873K->1221K(14848K)
[2026-06-17T09:52:38.394+0800][57.140s][info][gc,heap        ] GC(2301) ParOldGen: 37547K->39232K(44032K)
[2026-06-17T09:52:38.395+0800][57.141s][info][gc,metaspace   ] GC(2301) Metaspace: 3166K(4864K)->3166K(4864K) NonClass: 2861K(4352K)->2861K(4352K) Class: 305K(512K)->305K(512K)
[2026-06-17T09:52:38.395+0800][57.141s][info][gc             ] GC(2301) Pause Young (Allocation Failure) 46M->39M(57M) 2.886ms
[2026-06-17T09:52:38.396+0800][57.142s][info][gc,cpu         ] GC(2301) User=0.00s Sys=0.00s Real=0.00s
[2026-06-17T09:52:38.417+0800][57.163s][info][gc,start       ] GC(2302) Pause Young (Allocation Failure)
[2026-06-17T09:52:38.419+0800][57.164s][info][gc,heap        ] GC(2302) PSYoungGen: 9413K->2519K(14848K)
[2026-06-17T09:52:38.419+0800][57.165s][info][gc,heap        ] GC(2302) ParOldGen: 39232K->39412K(44032K)
[2026-06-17T09:52:38.420+0800][57.166s][info][gc,metaspace   ] GC(2302) Metaspace: 3166K(4864K)->3166K(4864K) NonClass: 2861K(4352K)->2861K(4352K) Class: 305K(512K)->305K(512K)
[2026-06-17T09:52:38.420+0800][57.166s][info][gc             ] GC(2302) Pause Young (Allocation Failure) 47M->40M(57M) 3.010ms
[2026-06-17T09:52:38.421+0800][57.167s][info][gc,cpu         ] GC(2302) User=0.00s Sys=0.00s Real=0.00s
[2026-06-17T09:52:38.432+0800][57.178s][info][gc,start       ] GC(2303) Pause Young (Allocation Failure)
[2026-06-17T09:52:38.434+0800][57.179s][info][gc,heap        ] GC(2303) PSYoungGen: 10711K->1949K(15360K)
[2026-06-17T09:52:38.434+0800][57.180s][info][gc,heap        ] GC(2303) ParOldGen: 39412K->41213K(44032K)
[2026-06-17T09:52:38.434+0800][57.180s][info][gc,metaspace   ] GC(2303) Metaspace: 3166K(4864K)->3166K(4864K) NonClass: 2861K(4352K)->2861K(4352K) Class: 305K(512K)->305K(512K)
[2026-06-17T09:52:38.435+0800][57.181s][info][gc             ] GC(2303) Pause Young (Allocation Failure) 48M->42M(58M) 2.530ms
[2026-06-17T09:52:38.436+0800][57.182s][info][gc,cpu         ] GC(2303) User=0.01s Sys=0.00s Real=0.00s
[2026-06-17T09:52:38.436+0800][57.182s][info][gc,start       ] GC(2304) Pause Full (Ergonomics)
[2026-06-17T09:52:38.437+0800][57.183s][info][gc,phases,start] GC(2304) Marking Phase
[2026-06-17T09:52:38.439+0800][57.184s][info][gc,phases      ] GC(2304) Marking Phase 1.784ms
[2026-06-17T09:52:38.439+0800][57.185s][info][gc,phases,start] GC(2304) Summary Phase
[2026-06-17T09:52:38.440+0800][57.185s][info][gc,phases      ] GC(2304) Summary Phase 0.470ms
[2026-06-17T09:52:38.440+0800][57.186s][info][gc,phases,start] GC(2304) Adjust Roots
[2026-06-17T09:52:38.441+0800][57.186s][info][gc,phases      ] GC(2304) Adjust Roots 0.491ms
[2026-06-17T09:52:38.441+0800][57.187s][info][gc,phases,start] GC(2304) Compaction Phase
[2026-06-17T09:52:38.443+0800][57.189s][info][gc,phases      ] GC(2304) Compaction Phase 2.253ms
[2026-06-17T09:52:38.444+0800][57.190s][info][gc,phases,start] GC(2304) Post Compact
[2026-06-17T09:52:38.444+0800][57.190s][info][gc,phases      ] GC(2304) Post Compact 0.554ms
[2026-06-17T09:52:38.445+0800][57.191s][info][gc,heap        ] GC(2304) PSYoungGen: 1949K->0K(15360K)
[2026-06-17T09:52:38.445+0800][57.191s][info][gc,heap        ] GC(2304) ParOldGen: 41213K->29721K(44032K)
[2026-06-17T09:52:38.446+0800][57.191s][info][gc,metaspace   ] GC(2304) Metaspace: 3166K(4864K)->3166K(4864K) NonClass: 2861K(4352K)->2861K(4352K) Class: 305K(512K)->305K(512K)
[2026-06-17T09:52:38.446+0800][57.192s][info][gc             ] GC(2304) Pause Full (Ergonomics) 42M->29M(58M) 9.718ms
[2026-06-17T09:52:38.446+0800][57.192s][info][gc,cpu         ] GC(2304) User=0.00s Sys=0.00s Real=0.01s
[2026-06-17T09:52:38.479+0800][57.225s][info][gc,start       ] GC(2305) Pause Young (Allocation Failure)
[2026-06-17T09:52:38.481+0800][57.226s][info][gc,heap        ] GC(2305) PSYoungGen: 9211K->2466K(15872K)
[2026-06-17T09:52:38.481+0800][57.227s][info][gc,heap        ] GC(2305) ParOldGen: 29721K->29721K(44032K)
[2026-06-17T09:52:38.482+0800][57.228s][info][gc,metaspace   ] GC(2305) Metaspace: 3166K(4864K)->3166K(4864K) NonClass: 2861K(4352K)->2861K(4352K) Class: 305K(512K)->305K(512K)
[2026-06-17T09:52:38.483+0800][57.229s][info][gc             ] GC(2305) Pause Young (Allocation Failure) 38M->31M(58M) 3.900ms
[2026-06-17T09:52:38.484+0800][57.230s][info][gc,cpu         ] GC(2305) User=0.01s Sys=0.00s Real=0.01s
[2026-06-17T09:52:38.507+0800][57.253s][info][gc,start       ] GC(2306) Pause Young (Allocation Failure)
[2026-06-17T09:52:38.510+0800][57.255s][info][gc,heap        ] GC(2306) PSYoungGen: 12192K->5591K(15360K)
[2026-06-17T09:52:38.511+0800][57.257s][info][gc,heap        ] GC(2306) ParOldGen: 29721K->29721K(44032K)
[2026-06-17T09:52:38.512+0800][57.258s][info][gc,metaspace   ] GC(2306) Metaspace: 3166K(4864K)->3166K(4864K) NonClass: 2861K(4352K)->2861K(4352K) Class: 305K(512K)->305K(512K)
[2026-06-17T09:52:38.513+0800][57.258s][info][gc             ] GC(2306) Pause Young (Allocation Failure) 40M->34M(58M) 5.657ms
[2026-06-17T09:52:38.514+0800][57.259s][info][gc,cpu         ] GC(2306) User=0.00s Sys=0.00s Real=0.01s
[2026-06-17T09:52:38.537+0800][57.282s][info][gc,start       ] GC(2307) Pause Young (Allocation Failure)
[2026-06-17T09:52:38.539+0800][57.285s][info][gc,heap        ] GC(2307) PSYoungGen: 15319K->6059K(13312K)
[2026-06-17T09:52:38.539+0800][57.285s][info][gc,heap        ] GC(2307) ParOldGen: 29721K->31996K(44032K)
[2026-06-17T09:52:38.540+0800][57.286s][info][gc,metaspace   ] GC(2307) Metaspace: 3166K(4864K)->3166K(4864K) NonClass: 2861K(4352K)->2861K(4352K) Class: 305K(512K)->305K(512K)
[2026-06-17T09:52:38.541+0800][57.286s][info][gc             ] GC(2307) Pause Young (Allocation Failure) 43M->37M(56M) 4.038ms
[2026-06-17T09:52:38.541+0800][57.287s][info][gc,cpu         ] GC(2307) User=0.00s Sys=0.00s Real=0.00s
[2026-06-17T09:52:38.563+0800][57.309s][info][gc,start       ] GC(2308) Pause Young (Allocation Failure)
[2026-06-17T09:52:38.566+0800][57.311s][info][gc,heap        ] GC(2308) PSYoungGen: 13200K->3087K(14336K)
[2026-06-17T09:52:38.566+0800][57.312s][info][gc,heap        ] GC(2308) ParOldGen: 31996K->35202K(44032K)
[2026-06-17T09:52:38.567+0800][57.313s][info][gc,metaspace   ] GC(2308) Metaspace: 3166K(4864K)->3166K(4864K) NonClass: 2861K(4352K)->2861K(4352K) Class: 305K(512K)->305K(512K)
[2026-06-17T09:52:38.568+0800][57.313s][info][gc             ] GC(2308) Pause Young (Allocation Failure) 44M->37M(57M) 4.187ms
[2026-06-17T09:52:38.568+0800][57.314s][info][gc,cpu         ] GC(2308) User=0.00s Sys=0.00s Real=0.00s
[2026-06-17T09:52:38.590+0800][57.336s][info][gc,start       ] GC(2309) Pause Young (Allocation Failure)
[2026-06-17T09:52:38.592+0800][57.338s][info][gc,heap        ] GC(2309) PSYoungGen: 10250K->3254K(14848K)
[2026-06-17T09:52:38.592+0800][57.338s][info][gc,heap        ] GC(2309) ParOldGen: 35202K->35202K(44032K)
[2026-06-17T09:52:38.593+0800][57.339s][info][gc,metaspace   ] GC(2309) Metaspace: 3166K(4864K)->3166K(4864K) NonClass: 2861K(4352K)->2861K(4352K) Class: 305K(512K)->305K(512K)
[2026-06-17T09:52:38.594+0800][57.339s][info][gc             ] GC(2309) Pause Young (Allocation Failure) 44M->37M(57M) 3.470ms
[2026-06-17T09:52:38.594+0800][57.340s][info][gc,cpu         ] GC(2309) User=0.00s Sys=0.00s Real=0.01s
[2026-06-17T09:52:38.616+0800][57.362s][info][gc,start       ] GC(2310) Pause Young (Allocation Failure)
[2026-06-17T09:52:38.618+0800][57.364s][info][gc,heap        ] GC(2310) PSYoungGen: 10934K->1943K(14336K)
[2026-06-17T09:52:38.619+0800][57.364s][info][gc,heap        ] GC(2310) ParOldGen: 35202K->37300K(44032K)
[2026-06-17T09:52:38.620+0800][57.366s][info][gc,metaspace   ] GC(2310) Metaspace: 3166K(4864K)->3166K(4864K) NonClass: 2861K(4352K)->2861K(4352K) Class: 305K(512K)->305K(512K)
[2026-06-17T09:52:38.621+0800][57.366s][info][gc             ] GC(2310) Pause Young (Allocation Failure) 45M->38M(57M) 4.151ms
[2026-06-17T09:52:38.621+0800][57.367s][info][gc,cpu         ] GC(2310) User=0.00s Sys=0.00s Real=0.00s
[2026-06-17T09:52:38.643+0800][57.389s][info][gc,start       ] GC(2311) Pause Young (Allocation Failure)
[2026-06-17T09:52:38.646+0800][57.391s][info][gc,heap        ] GC(2311) PSYoungGen: 9575K->1083K(14848K)
[2026-06-17T09:52:38.646+0800][57.392s][info][gc,heap        ] GC(2311) ParOldGen: 37300K->39019K(44032K)
[2026-06-17T09:52:38.647+0800][57.392s][info][gc,metaspace   ] GC(2311) Metaspace: 3166K(4864K)->3166K(4864K) NonClass: 2861K(4352K)->2861K(4352K) Class: 305K(512K)->305K(512K)
[2026-06-17T09:52:38.647+0800][57.393s][info][gc             ] GC(2311) Pause Young (Allocation Failure) 45M->39M(57M) 3.750ms
[2026-06-17T09:52:38.647+0800][57.393s][info][gc,cpu         ] GC(2311) User=0.00s Sys=0.00s Real=0.00s
[2026-06-17T09:52:38.659+0800][57.405s][info][gc,start       ] GC(2312) Pause Young (Allocation Failure)
[2026-06-17T09:52:38.660+0800][57.406s][info][gc,heap        ] GC(2312) PSYoungGen: 8527K->1723K(14848K)
[2026-06-17T09:52:38.661+0800][57.407s][info][gc,heap        ] GC(2312) ParOldGen: 39019K->39019K(44032K)
[2026-06-17T09:52:38.662+0800][57.407s][info][gc,metaspace   ] GC(2312) Metaspace: 3166K(4864K)->3166K(4864K) NonClass: 2861K(4352K)->2861K(4352K) Class: 305K(512K)->305K(512K)
[2026-06-17T09:52:38.662+0800][57.408s][info][gc             ] GC(2312) Pause Young (Allocation Failure) 46M->39M(57M) 3.002ms
[2026-06-17T09:52:38.662+0800][57.408s][info][gc,cpu         ] GC(2312) User=0.00s Sys=0.00s Real=0.00s
[2026-06-17T09:52:38.684+0800][57.430s][info][gc,start       ] GC(2313) Pause Young (Allocation Failure)
[2026-06-17T09:52:38.686+0800][57.432s][info][gc,heap        ] GC(2313) PSYoungGen: 9701K->1014K(15360K)
[2026-06-17T09:52:38.686+0800][57.432s][info][gc,heap        ] GC(2313) ParOldGen: 39019K->40718K(44032K)
[2026-06-17T09:52:38.687+0800][57.433s][info][gc,metaspace   ] GC(2313) Metaspace: 3166K(4864K)->3166K(4864K) NonClass: 2861K(4352K)->2861K(4352K) Class: 305K(512K)->305K(512K)
[2026-06-17T09:52:38.687+0800][57.433s][info][gc             ] GC(2313) Pause Young (Allocation Failure) 47M->40M(58M) 2.983ms
[2026-06-17T09:52:38.687+0800][57.433s][info][gc,cpu         ] GC(2313) User=0.00s Sys=0.00s Real=0.00s
[2026-06-17T09:52:38.688+0800][57.434s][info][gc,start       ] GC(2314) Pause Full (Ergonomics)
[2026-06-17T09:52:38.688+0800][57.434s][info][gc,phases,start] GC(2314) Marking Phase
[2026-06-17T09:52:38.691+0800][57.436s][info][gc,phases      ] GC(2314) Marking Phase 2.290ms
[2026-06-17T09:52:38.691+0800][57.437s][info][gc,phases,start] GC(2314) Summary Phase
[2026-06-17T09:52:38.691+0800][57.437s][info][gc,phases      ] GC(2314) Summary Phase 0.382ms
[2026-06-17T09:52:38.692+0800][57.437s][info][gc,phases,start] GC(2314) Adjust Roots
[2026-06-17T09:52:38.692+0800][57.438s][info][gc,phases      ] GC(2314) Adjust Roots 0.362ms
[2026-06-17T09:52:38.692+0800][57.438s][info][gc,phases,start] GC(2314) Compaction Phase
[2026-06-17T09:52:38.694+0800][57.440s][info][gc,phases      ] GC(2314) Compaction Phase 1.915ms
[2026-06-17T09:52:38.695+0800][57.440s][info][gc,phases,start] GC(2314) Post Compact
[2026-06-17T09:52:38.695+0800][57.441s][info][gc,phases      ] GC(2314) Post Compact 0.338ms
[2026-06-17T09:52:38.695+0800][57.441s][info][gc,heap        ] GC(2314) PSYoungGen: 1014K->0K(14848K)
[2026-06-17T09:52:38.695+0800][57.441s][info][gc,heap        ] GC(2314) ParOldGen: 40718K->22530K(44032K)
[2026-06-17T09:52:38.696+0800][57.442s][info][gc,metaspace   ] GC(2314) Metaspace: 3166K(4864K)->3166K(4864K) NonClass: 2861K(4352K)->2861K(4352K) Class: 305K(512K)->305K(512K)
[2026-06-17T09:52:38.696+0800][57.442s][info][gc             ] GC(2314) Pause Full (Ergonomics) 40M->22M(57M) 8.037ms
[2026-06-17T09:52:38.696+0800][57.442s][info][gc,cpu         ] GC(2314) User=0.01s Sys=0.00s Real=0.01s
[2026-06-17T09:52:38.728+0800][57.474s][info][gc,start       ] GC(2315) Pause Young (Allocation Failure)
[2026-06-17T09:52:38.729+0800][57.475s][info][gc,heap        ] GC(2315) PSYoungGen: 8684K->1812K(15360K)
[2026-06-17T09:52:38.730+0800][57.476s][info][gc,heap        ] GC(2315) ParOldGen: 22530K->22530K(44032K)
[2026-06-17T09:52:38.730+0800][57.476s][info][gc,metaspace   ] GC(2315) Metaspace: 3166K(4864K)->3166K(4864K) NonClass: 2861K(4352K)->2861K(4352K) Class: 305K(512K)->305K(512K)
[2026-06-17T09:52:38.731+0800][57.477s][info][gc             ] GC(2315) Pause Young (Allocation Failure) 30M->23M(58M) 3.037ms
[2026-06-17T09:52:38.731+0800][57.477s][info][gc,cpu         ] GC(2315) User=0.00s Sys=0.00s Real=0.01s
[2026-06-17T09:52:38.753+0800][57.499s][info][gc,start       ] GC(2316) Pause Young (Allocation Failure)
[2026-06-17T09:52:38.756+0800][57.502s][info][gc,heap        ] GC(2316) PSYoungGen: 11026K->2483K(15360K)
[2026-06-17T09:52:38.759+0800][57.505s][info][gc,heap        ] GC(2316) ParOldGen: 22530K->24206K(44032K)
[2026-06-17T09:52:38.760+0800][57.506s][info][gc,metaspace   ] GC(2316) Metaspace: 3166K(4864K)->3166K(4864K) NonClass: 2861K(4352K)->2861K(4352K) Class: 305K(512K)->305K(512K)
[2026-06-17T09:52:38.760+0800][57.506s][info][gc             ] GC(2316) Pause Young (Allocation Failure) 32M->26M(58M) 6.967ms
[2026-06-17T09:52:38.761+0800][57.507s][info][gc,cpu         ] GC(2316) User=0.01s Sys=0.00s Real=0.00s
[2026-06-17T09:52:38.783+0800][57.529s][info][gc,start       ] GC(2317) Pause Young (Allocation Failure)
[2026-06-17T09:52:38.785+0800][57.531s][info][gc,heap        ] GC(2317) PSYoungGen: 11683K->2862K(15872K)
[2026-06-17T09:52:38.786+0800][57.532s][info][gc,heap        ] GC(2317) ParOldGen: 24206K->25817K(44032K)
[2026-06-17T09:52:38.787+0800][57.532s][info][gc,metaspace   ] GC(2317) Metaspace: 3166K(4864K)->3166K(4864K) NonClass: 2861K(4352K)->2861K(4352K) Class: 305K(512K)->305K(512K)
[2026-06-17T09:52:38.787+0800][57.533s][info][gc             ] GC(2317) Pause Young (Allocation Failure) 35M->28M(58M) 4.083ms
[2026-06-17T09:52:38.788+0800][57.534s][info][gc,cpu         ] GC(2317) User=0.00s Sys=0.00s Real=0.00s
[2026-06-17T09:52:38.810+0800][57.556s][info][gc,start       ] GC(2318) Pause Young (Allocation Failure)
[2026-06-17T09:52:38.812+0800][57.558s][info][gc,heap        ] GC(2318) PSYoungGen: 12866K->613K(15872K)
[2026-06-17T09:52:38.813+0800][57.559s][info][gc,heap        ] GC(2318) ParOldGen: 25817K->27739K(44032K)
[2026-06-17T09:52:38.813+0800][57.559s][info][gc,metaspace   ] GC(2318) Metaspace: 3166K(4864K)->3166K(4864K) NonClass: 2861K(4352K)->2861K(4352K) Class: 305K(512K)->305K(512K)
[2026-06-17T09:52:38.814+0800][57.560s][info][gc             ] GC(2318) Pause Young (Allocation Failure) 37M->27M(58M) 3.442ms
[2026-06-17T09:52:38.814+0800][57.560s][info][gc,cpu         ] GC(2318) User=0.00s Sys=0.00s Real=0.01s
[2026-06-17T09:52:38.847+0800][57.593s][info][gc,start       ] GC(2319) Pause Young (Allocation Failure)
[2026-06-17T09:52:38.849+0800][57.595s][info][gc,heap        ] GC(2319) PSYoungGen: 10850K->3257K(15872K)
[2026-06-17T09:52:38.850+0800][57.596s][info][gc,heap        ] GC(2319) ParOldGen: 27739K->28328K(44032K)
[2026-06-17T09:52:38.851+0800][57.596s][info][gc,metaspace   ] GC(2319) Metaspace: 3166K(4864K)->3166K(4864K) NonClass: 2861K(4352K)->2861K(4352K) Class: 305K(512K)->305K(512K)
[2026-06-17T09:52:38.851+0800][57.597s][info][gc             ] GC(2319) Pause Young (Allocation Failure) 37M->30M(58M) 3.932ms
[2026-06-17T09:52:38.852+0800][57.598s][info][gc,cpu         ] GC(2319) User=0.01s Sys=0.00s Real=0.01s
[2026-06-17T09:52:38.885+0800][57.631s][info][gc,start       ] GC(2320) Pause Young (Allocation Failure)
[2026-06-17T09:52:38.887+0800][57.633s][info][gc,heap        ] GC(2320) PSYoungGen: 13497K->2361K(15872K)
[2026-06-17T09:52:38.888+0800][57.633s][info][gc,heap        ] GC(2320) ParOldGen: 28328K->29390K(44032K)
[2026-06-17T09:52:38.888+0800][57.634s][info][gc,metaspace   ] GC(2320) Metaspace: 3166K(4864K)->3166K(4864K) NonClass: 2861K(4352K)->2861K(4352K) Class: 305K(512K)->305K(512K)
[2026-06-17T09:52:38.889+0800][57.635s][info][gc             ] GC(2320) Pause Young (Allocation Failure) 40M->31M(58M) 3.540ms
[2026-06-17T09:52:38.889+0800][57.635s][info][gc,cpu         ] GC(2320) User=0.00s Sys=0.00s Real=0.00s
[2026-06-17T09:52:38.912+0800][57.658s][info][gc,start       ] GC(2321) Pause Young (Allocation Failure)
[2026-06-17T09:52:38.914+0800][57.660s][info][gc,heap        ] GC(2321) PSYoungGen: 12595K->3926K(15872K)
[2026-06-17T09:52:38.915+0800][57.661s][info][gc,heap        ] GC(2321) ParOldGen: 29390K->31091K(44032K)
[2026-06-17T09:52:38.915+0800][57.661s][info][gc,metaspace   ] GC(2321) Metaspace: 3166K(4864K)->3166K(4864K) NonClass: 2861K(4352K)->2861K(4352K) Class: 305K(512K)->305K(512K)
[2026-06-17T09:52:38.916+0800][57.662s][info][gc             ] GC(2321) Pause Young (Allocation Failure) 41M->34M(58M) 4.481ms
[2026-06-17T09:52:38.917+0800][57.663s][info][gc,cpu         ] GC(2321) User=0.01s Sys=0.00s Real=0.00s
[2026-06-17T09:52:38.940+0800][57.686s][info][gc,start       ] GC(2322) Pause Young (Allocation Failure)
[2026-06-17T09:52:38.943+0800][57.689s][info][gc,heap        ] GC(2322) PSYoungGen: 14138K->3217K(15872K)
[2026-06-17T09:52:38.944+0800][57.690s][info][gc,heap        ] GC(2322) ParOldGen: 31091K->34994K(44032K)
[2026-06-17T09:52:38.945+0800][57.691s][info][gc,metaspace   ] GC(2322) Metaspace: 3166K(4864K)->3166K(4864K) NonClass: 2861K(4352K)->2861K(4352K) Class: 305K(512K)->305K(512K)
[2026-06-17T09:52:38.945+0800][57.691s][info][gc             ] GC(2322) Pause Young (Allocation Failure) 44M->37M(58M) 5.088ms
[2026-06-17T09:52:38.946+0800][57.692s][info][gc,cpu         ] GC(2322) User=0.00s Sys=0.00s Real=0.01s
[2026-06-17T09:52:38.969+0800][57.714s][info][gc,start       ] GC(2323) Pause Young (Allocation Failure)
[2026-06-17T09:52:38.970+0800][57.716s][info][gc,heap        ] GC(2323) PSYoungGen: 13338K->448K(15872K)
[2026-06-17T09:52:38.971+0800][57.717s][info][gc,heap        ] GC(2323) ParOldGen: 34994K->37189K(44032K)
[2026-06-17T09:52:38.972+0800][57.717s][info][gc,metaspace   ] GC(2323) Metaspace: 3166K(4864K)->3166K(4864K) NonClass: 2861K(4352K)->2861K(4352K) Class: 305K(512K)->305K(512K)
[2026-06-17T09:52:38.973+0800][57.719s][info][gc             ] GC(2323) Pause Young (Allocation Failure) 47M->36M(58M) 4.538ms
[2026-06-17T09:52:38.974+0800][57.720s][info][gc,cpu         ] GC(2323) User=0.00s Sys=0.00s Real=0.01s
[2026-06-17T09:52:39.007+0800][57.753s][info][gc,start       ] GC(2324) Pause Young (Allocation Failure)
[2026-06-17T09:52:39.009+0800][57.755s][info][gc,heap        ] GC(2324) PSYoungGen: 10686K->3588K(15872K)
[2026-06-17T09:52:39.009+0800][57.755s][info][gc,heap        ] GC(2324) ParOldGen: 37189K->37613K(44032K)
[2026-06-17T09:52:39.010+0800][57.756s][info][gc,metaspace   ] GC(2324) Metaspace: 3166K(4864K)->3166K(4864K) NonClass: 2861K(4352K)->2861K(4352K) Class: 305K(512K)->305K(512K)
[2026-06-17T09:52:39.010+0800][57.756s][info][gc             ] GC(2324) Pause Young (Allocation Failure) 46M->40M(58M) 3.282ms
[2026-06-17T09:52:39.011+0800][57.757s][info][gc,cpu         ] GC(2324) User=0.00s Sys=0.00s Real=0.01s
[2026-06-17T09:52:39.033+0800][57.779s][info][gc,start       ] GC(2325) Pause Young (Allocation Failure)
[2026-06-17T09:52:39.035+0800][57.781s][info][gc,heap        ] GC(2325) PSYoungGen: 13821K->5303K(13824K)
[2026-06-17T09:52:39.036+0800][57.782s][info][gc,heap        ] GC(2325) ParOldGen: 37613K->39172K(44032K)
[2026-06-17T09:52:39.037+0800][57.783s][info][gc,metaspace   ] GC(2325) Metaspace: 3166K(4864K)->3166K(4864K) NonClass: 2861K(4352K)->2861K(4352K) Class: 305K(512K)->305K(512K)
[2026-06-17T09:52:39.038+0800][57.784s][info][gc             ] GC(2325) Pause Young (Allocation Failure) 50M->43M(56M) 4.991ms
[2026-06-17T09:52:39.038+0800][57.784s][info][gc,cpu         ] GC(2325) User=0.00s Sys=0.00s Real=0.00s
[2026-06-17T09:52:39.060+0800][57.806s][info][gc,start       ] GC(2326) Pause Young (Allocation Failure)
[2026-06-17T09:52:39.063+0800][57.808s][info][gc,heap        ] GC(2326) PSYoungGen: 13486K->3983K(14848K)
[2026-06-17T09:52:39.063+0800][57.809s][info][gc,heap        ] GC(2326) ParOldGen: 39172K->41566K(44032K)
[2026-06-17T09:52:39.064+0800][57.810s][info][gc,metaspace   ] GC(2326) Metaspace: 3166K(4864K)->3166K(4864K) NonClass: 2861K(4352K)->2861K(4352K) Class: 305K(512K)->305K(512K)
[2026-06-17T09:52:39.064+0800][57.810s][info][gc             ] GC(2326) Pause Young (Allocation Failure) 51M->44M(57M) 3.691ms
[2026-06-17T09:52:39.065+0800][57.811s][info][gc,cpu         ] GC(2326) User=0.00s Sys=0.01s Real=0.01s
[2026-06-17T09:52:39.065+0800][57.811s][info][gc,start       ] GC(2327) Pause Full (Ergonomics)
[2026-06-17T09:52:39.066+0800][57.812s][info][gc,phases,start] GC(2327) Marking Phase
[2026-06-17T09:52:39.068+0800][57.814s][info][gc,phases      ] GC(2327) Marking Phase 2.024ms
[2026-06-17T09:52:39.068+0800][57.814s][info][gc,phases,start] GC(2327) Summary Phase
[2026-06-17T09:52:39.068+0800][57.814s][info][gc,phases      ] GC(2327) Summary Phase 0.304ms
[2026-06-17T09:52:39.069+0800][57.815s][info][gc,phases,start] GC(2327) Adjust Roots
[2026-06-17T09:52:39.069+0800][57.815s][info][gc,phases      ] GC(2327) Adjust Roots 0.517ms
[2026-06-17T09:52:39.070+0800][57.816s][info][gc,phases,start] GC(2327) Compaction Phase
[2026-06-17T09:52:39.072+0800][57.817s][info][gc,phases      ] GC(2327) Compaction Phase 1.930ms
[2026-06-17T09:52:39.072+0800][57.818s][info][gc,phases,start] GC(2327) Post Compact
[2026-06-17T09:52:39.072+0800][57.818s][info][gc,phases      ] GC(2327) Post Compact 0.322ms
[2026-06-17T09:52:39.072+0800][57.818s][info][gc,heap        ] GC(2327) PSYoungGen: 3983K->0K(14848K)
[2026-06-17T09:52:39.073+0800][57.819s][info][gc,heap        ] GC(2327) ParOldGen: 41566K->27060K(44032K)
[2026-06-17T09:52:39.073+0800][57.819s][info][gc,metaspace   ] GC(2327) Metaspace: 3166K(4864K)->3166K(4864K) NonClass: 2861K(4352K)->2861K(4352K) Class: 305K(512K)->305K(512K)
[2026-06-17T09:52:39.073+0800][57.819s][info][gc             ] GC(2327) Pause Full (Ergonomics) 44M->26M(57M) 7.893ms
[2026-06-17T09:52:39.073+0800][57.819s][info][gc,cpu         ] GC(2327) User=0.01s Sys=0.00s Real=0.01s
[2026-06-17T09:52:39.095+0800][57.841s][info][gc,start       ] GC(2328) Pause Young (Allocation Failure)
[2026-06-17T09:52:39.096+0800][57.842s][info][gc,heap        ] GC(2328) PSYoungGen: 8016K->1401K(14848K)
[2026-06-17T09:52:39.097+0800][57.843s][info][gc,heap        ] GC(2328) ParOldGen: 27060K->27060K(44032K)
[2026-06-17T09:52:39.097+0800][57.843s][info][gc,metaspace   ] GC(2328) Metaspace: 3166K(4864K)->3166K(4864K) NonClass: 2861K(4352K)->2861K(4352K) Class: 305K(512K)->305K(512K)
[2026-06-17T09:52:39.098+0800][57.843s][info][gc             ] GC(2328) Pause Young (Allocation Failure) 34M->27M(57M) 2.622ms
[2026-06-17T09:52:39.098+0800][57.844s][info][gc,cpu         ] GC(2328) User=0.00s Sys=0.00s Real=0.00s
[2026-06-17T09:52:39.120+0800][57.866s][info][gc,start       ] GC(2329) Pause Young (Allocation Failure)
[2026-06-17T09:52:39.122+0800][57.868s][info][gc,heap        ] GC(2329) PSYoungGen: 9590K->4681K(13824K)
[2026-06-17T09:52:39.123+0800][57.868s][info][gc,heap        ] GC(2329) ParOldGen: 27060K->28432K(44032K)
[2026-06-17T09:52:39.123+0800][57.869s][info][gc,metaspace   ] GC(2329) Metaspace: 3166K(4864K)->3166K(4864K) NonClass: 2861K(4352K)->2861K(4352K) Class: 305K(512K)->305K(512K)
[2026-06-17T09:52:39.124+0800][57.869s][info][gc             ] GC(2329) Pause Young (Allocation Failure) 35M->32M(56M) 3.520ms
[2026-06-17T09:52:39.124+0800][57.870s][info][gc,cpu         ] GC(2329) User=0.01s Sys=0.00s Real=0.01s
[2026-06-17T09:52:39.146+0800][57.891s][info][gc,start       ] GC(2330) Pause Young (Allocation Failure)
[2026-06-17T09:52:39.148+0800][57.893s][info][gc,heap        ] GC(2330) PSYoungGen: 11797K->2954K(14336K)
[2026-06-17T09:52:39.148+0800][57.894s][info][gc,heap        ] GC(2330) ParOldGen: 28432K->30259K(44032K)
[2026-06-17T09:52:39.150+0800][57.896s][info][gc,metaspace   ] GC(2330) Metaspace: 3166K(4864K)->3166K(4864K) NonClass: 2861K(4352K)->2861K(4352K) Class: 305K(512K)->305K(512K)
[2026-06-17T09:52:39.151+0800][57.897s][info][gc             ] GC(2330) Pause Young (Allocation Failure) 39M->32M(57M) 5.751ms
[2026-06-17T09:52:39.153+0800][57.899s][info][gc,cpu         ] GC(2330) User=0.00s Sys=0.00s Real=0.01s
[2026-06-17T09:52:39.178+0800][57.923s][info][gc,start       ] GC(2331) Pause Young (Allocation Failure)
[2026-06-17T09:52:39.180+0800][57.925s][info][gc,heap        ] GC(2331) PSYoungGen: 10060K->236K(14848K)
[2026-06-17T09:52:39.180+0800][57.926s][info][gc,heap        ] GC(2331) ParOldGen: 30259K->32835K(44032K)
[2026-06-17T09:52:39.181+0800][57.927s][info][gc,metaspace   ] GC(2331) Metaspace: 3166K(4864K)->3166K(4864K) NonClass: 2861K(4352K)->2861K(4352K) Class: 305K(512K)->305K(512K)
[2026-06-17T09:52:39.182+0800][57.928s][info][gc             ] GC(2331) Pause Young (Allocation Failure) 39M->32M(57M) 4.276ms
[2026-06-17T09:52:39.183+0800][57.928s][info][gc,cpu         ] GC(2331) User=0.00s Sys=0.00s Real=0.01s
[2026-06-17T09:52:39.195+0800][57.941s][info][gc,start       ] GC(2332) Pause Young (Allocation Failure)
[2026-06-17T09:52:39.197+0800][57.942s][info][gc,heap        ] GC(2332) PSYoungGen: 8401K->4816K(13312K)
[2026-06-17T09:52:39.197+0800][57.943s][info][gc,heap        ] GC(2332) ParOldGen: 32835K->32835K(44032K)
[2026-06-17T09:52:39.198+0800][57.944s][info][gc,metaspace   ] GC(2332) Metaspace: 3166K(4864K)->3166K(4864K) NonClass: 2861K(4352K)->2861K(4352K) Class: 305K(512K)->305K(512K)
[2026-06-17T09:52:39.198+0800][57.944s][info][gc             ] GC(2332) Pause Young (Allocation Failure) 40M->36M(56M) 3.619ms
[2026-06-17T09:52:39.199+0800][57.945s][info][gc,cpu         ] GC(2332) User=0.01s Sys=0.00s Real=0.00s
[2026-06-17T09:52:39.221+0800][57.967s][info][gc,start       ] GC(2333) Pause Young (Allocation Failure)
[2026-06-17T09:52:39.222+0800][57.968s][info][gc,heap        ] GC(2333) PSYoungGen: 12939K->1050K(14336K)
[2026-06-17T09:52:39.222+0800][57.968s][info][gc,heap        ] GC(2333) ParOldGen: 32835K->34523K(44032K)
[2026-06-17T09:52:39.222+0800][57.968s][info][gc,metaspace   ] GC(2333) Metaspace: 3166K(4864K)->3166K(4864K) NonClass: 2861K(4352K)->2861K(4352K) Class: 305K(512K)->305K(512K)
[2026-06-17T09:52:39.223+0800][57.968s][info][gc             ] GC(2333) Pause Young (Allocation Failure) 44M->34M(57M) 1.688ms
[2026-06-17T09:52:39.223+0800][57.969s][info][gc,cpu         ] GC(2333) User=0.00s Sys=0.00s Real=0.01s
[2026-06-17T09:52:39.244+0800][57.990s][info][gc,start       ] GC(2334) Pause Young (Allocation Failure)
[2026-06-17T09:52:39.245+0800][57.991s][info][gc,heap        ] GC(2334) PSYoungGen: 8216K->3610K(14336K)
[2026-06-17T09:52:39.246+0800][57.992s][info][gc,heap        ] GC(2334) ParOldGen: 34523K->35549K(44032K)
[2026-06-17T09:52:39.246+0800][57.992s][info][gc,metaspace   ] GC(2334) Metaspace: 3166K(4864K)->3166K(4864K) NonClass: 2861K(4352K)->2861K(4352K) Class: 305K(512K)->305K(512K)
[2026-06-17T09:52:39.247+0800][57.992s][info][gc             ] GC(2334) Pause Young (Allocation Failure) 41M->38M(57M) 2.360ms
[2026-06-17T09:52:39.247+0800][57.993s][info][gc,cpu         ] GC(2334) User=0.00s Sys=0.00s Real=0.00s
[2026-06-17T09:52:39.269+0800][58.014s][info][gc,start       ] GC(2335) Pause Young (Allocation Failure)
[2026-06-17T09:52:39.270+0800][58.016s][info][gc,heap        ] GC(2335) PSYoungGen: 10773K->2907K(14848K)
[2026-06-17T09:52:39.271+0800][58.016s][info][gc,heap        ] GC(2335) ParOldGen: 35549K->36556K(44032K)
[2026-06-17T09:52:39.271+0800][58.017s][info][gc,metaspace   ] GC(2335) Metaspace: 3166K(4864K)->3166K(4864K) NonClass: 2861K(4352K)->2861K(4352K) Class: 305K(512K)->305K(512K)
[2026-06-17T09:52:39.271+0800][58.017s][info][gc             ] GC(2335) Pause Young (Allocation Failure) 45M->38M(57M) 2.881ms
[2026-06-17T09:52:39.272+0800][58.018s][info][gc,cpu         ] GC(2335) User=0.00s Sys=0.00s Real=0.01s
[2026-06-17T09:52:39.294+0800][58.039s][info][gc,start       ] GC(2336) Pause Young (Allocation Failure)
[2026-06-17T09:52:39.295+0800][58.041s][info][gc,heap        ] GC(2336) PSYoungGen: 10580K->1568K(14336K)
[2026-06-17T09:52:39.297+0800][58.043s][info][gc,heap        ] GC(2336) ParOldGen: 36556K->38516K(44032K)
[2026-06-17T09:52:39.298+0800][58.043s][info][gc,metaspace   ] GC(2336) Metaspace: 3166K(4864K)->3166K(4864K) NonClass: 2861K(4352K)->2861K(4352K) Class: 305K(512K)->305K(512K)
[2026-06-17T09:52:39.298+0800][58.044s][info][gc             ] GC(2336) Pause Young (Allocation Failure) 46M->39M(57M) 4.619ms
[2026-06-17T09:52:39.299+0800][58.045s][info][gc,cpu         ] GC(2336) User=0.01s Sys=0.00s Real=0.00s
[2026-06-17T09:52:39.321+0800][58.067s][info][gc,start       ] GC(2337) Pause Young (Allocation Failure)
[2026-06-17T09:52:39.323+0800][58.069s][info][gc,heap        ] GC(2337) PSYoungGen: 9222K->2118K(15360K)
[2026-06-17T09:52:39.324+0800][58.070s][info][gc,heap        ] GC(2337) ParOldGen: 38516K->38516K(44032K)
[2026-06-17T09:52:39.325+0800][58.071s][info][gc,metaspace   ] GC(2337) Metaspace: 3166K(4864K)->3166K(4864K) NonClass: 2861K(4352K)->2861K(4352K) Class: 305K(512K)->305K(512K)
[2026-06-17T09:52:39.325+0800][58.071s][info][gc             ] GC(2337) Pause Young (Allocation Failure) 46M->39M(58M) 4.055ms
[2026-06-17T09:52:39.326+0800][58.072s][info][gc,cpu         ] GC(2337) User=0.00s Sys=0.00s Real=0.01s
[2026-06-17T09:52:39.348+0800][58.094s][info][gc,start       ] GC(2338) Pause Young (Allocation Failure)
[2026-06-17T09:52:39.349+0800][58.095s][info][gc,heap        ] GC(2338) PSYoungGen: 10787K->1735K(14848K)
[2026-06-17T09:52:39.350+0800][58.096s][info][gc,heap        ] GC(2338) ParOldGen: 38516K->40610K(44032K)
[2026-06-17T09:52:39.350+0800][58.096s][info][gc,metaspace   ] GC(2338) Metaspace: 3166K(4864K)->3166K(4864K) NonClass: 2861K(4352K)->2861K(4352K) Class: 305K(512K)->305K(512K)
[2026-06-17T09:52:39.350+0800][58.096s][info][gc             ] GC(2338) Pause Young (Allocation Failure) 48M->41M(57M) 2.216ms
[2026-06-17T09:52:39.351+0800][58.096s][info][gc,cpu         ] GC(2338) User=0.00s Sys=0.00s Real=0.01s
[2026-06-17T09:52:39.372+0800][58.118s][info][gc,start       ] GC(2339) Pause Young (Allocation Failure)
[2026-06-17T09:52:39.373+0800][58.119s][info][gc,heap        ] GC(2339) PSYoungGen: 10431K->1586K(15872K)
[2026-06-17T09:52:39.374+0800][58.120s][info][gc,heap        ] GC(2339) ParOldGen: 40610K->42322K(44032K)
[2026-06-17T09:52:39.375+0800][58.121s][info][gc,metaspace   ] GC(2339) Metaspace: 3166K(4864K)->3166K(4864K) NonClass: 2861K(4352K)->2861K(4352K) Class: 305K(512K)->305K(512K)
[2026-06-17T09:52:39.375+0800][58.121s][info][gc             ] GC(2339) Pause Young (Allocation Failure) 49M->42M(58M) 3.552ms
[2026-06-17T09:52:39.376+0800][58.122s][info][gc,cpu         ] GC(2339) User=0.00s Sys=0.00s Real=0.00s
[2026-06-17T09:52:39.377+0800][58.122s][info][gc,start       ] GC(2340) Pause Full (Ergonomics)
[2026-06-17T09:52:39.377+0800][58.123s][info][gc,phases,start] GC(2340) Marking Phase
[2026-06-17T09:52:39.379+0800][58.125s][info][gc,phases      ] GC(2340) Marking Phase 2.014ms
[2026-06-17T09:52:39.379+0800][58.125s][info][gc,phases,start] GC(2340) Summary Phase
[2026-06-17T09:52:39.380+0800][58.126s][info][gc,phases      ] GC(2340) Summary Phase 0.343ms
[2026-06-17T09:52:39.380+0800][58.126s][info][gc,phases,start] GC(2340) Adjust Roots
[2026-06-17T09:52:39.380+0800][58.126s][info][gc,phases      ] GC(2340) Adjust Roots 0.381ms
[2026-06-17T09:52:39.381+0800][58.127s][info][gc,phases,start] GC(2340) Compaction Phase
[2026-06-17T09:52:39.383+0800][58.129s][info][gc,phases      ] GC(2340) Compaction Phase 2.245ms
[2026-06-17T09:52:39.383+0800][58.129s][info][gc,phases,start] GC(2340) Post Compact
[2026-06-17T09:52:39.384+0800][58.129s][info][gc,phases      ] GC(2340) Post Compact 0.289ms
[2026-06-17T09:52:39.384+0800][58.130s][info][gc,heap        ] GC(2340) PSYoungGen: 1586K->0K(15360K)
[2026-06-17T09:52:39.384+0800][58.130s][info][gc,heap        ] GC(2340) ParOldGen: 42322K->23396K(44032K)
[2026-06-17T09:52:39.384+0800][58.130s][info][gc,metaspace   ] GC(2340) Metaspace: 3166K(4864K)->3166K(4864K) NonClass: 2861K(4352K)->2861K(4352K) Class: 305K(512K)->305K(512K)
[2026-06-17T09:52:39.384+0800][58.130s][info][gc             ] GC(2340) Pause Full (Ergonomics) 42M->22M(58M) 7.825ms
[2026-06-17T09:52:39.385+0800][58.130s][info][gc,cpu         ] GC(2340) User=0.01s Sys=0.00s Real=0.01s
[2026-06-17T09:52:39.406+0800][58.152s][info][gc,start       ] GC(2341) Pause Young (Allocation Failure)
[2026-06-17T09:52:39.407+0800][58.153s][info][gc,heap        ] GC(2341) PSYoungGen: 9706K->5582K(13824K)
[2026-06-17T09:52:39.408+0800][58.153s][info][gc,heap        ] GC(2341) ParOldGen: 23396K->24302K(44032K)
[2026-06-17T09:52:39.408+0800][58.154s][info][gc,metaspace   ] GC(2341) Metaspace: 3166K(4864K)->3166K(4864K) NonClass: 2861K(4352K)->2861K(4352K) Class: 305K(512K)->305K(512K)
[2026-06-17T09:52:39.408+0800][58.154s][info][gc             ] GC(2341) Pause Young (Allocation Failure) 32M->29M(56M) 2.262ms
[2026-06-17T09:52:39.408+0800][58.154s][info][gc,cpu         ] GC(2341) User=0.00s Sys=0.01s Real=0.00s
[2026-06-17T09:52:39.430+0800][58.176s][info][gc,start       ] GC(2342) Pause Young (Allocation Failure)
[2026-06-17T09:52:39.431+0800][58.177s][info][gc,heap        ] GC(2342) PSYoungGen: 13766K->2943K(14848K)
[2026-06-17T09:52:39.431+0800][58.177s][info][gc,heap        ] GC(2342) ParOldGen: 24302K->28030K(44032K)
[2026-06-17T09:52:39.432+0800][58.177s][info][gc,metaspace   ] GC(2342) Metaspace: 3166K(4864K)->3166K(4864K) NonClass: 2861K(4352K)->2861K(4352K) Class: 305K(512K)->305K(512K)
[2026-06-17T09:52:39.432+0800][58.178s][info][gc             ] GC(2342) Pause Young (Allocation Failure) 37M->30M(57M) 2.113ms
[2026-06-17T09:52:39.432+0800][58.178s][info][gc,cpu         ] GC(2342) User=0.00s Sys=0.00s Real=0.01s
[2026-06-17T09:52:39.454+0800][58.199s][info][gc,start       ] GC(2343) Pause Young (Allocation Failure)
[2026-06-17T09:52:39.455+0800][58.201s][info][gc,heap        ] GC(2343) PSYoungGen: 11123K->2214K(15360K)
[2026-06-17T09:52:39.456+0800][58.202s][info][gc,heap        ] GC(2343) ParOldGen: 28030K->30009K(44032K)
[2026-06-17T09:52:39.456+0800][58.202s][info][gc,metaspace   ] GC(2343) Metaspace: 3166K(4864K)->3166K(4864K) NonClass: 2861K(4352K)->2861K(4352K) Class: 305K(512K)->305K(512K)
[2026-06-17T09:52:39.457+0800][58.203s][info][gc             ] GC(2343) Pause Young (Allocation Failure) 38M->31M(58M) 3.318ms
[2026-06-17T09:52:39.457+0800][58.203s][info][gc,cpu         ] GC(2343) User=0.00s Sys=0.00s Real=0.00s
[2026-06-17T09:52:39.479+0800][58.225s][info][gc,start       ] GC(2344) Pause Young (Allocation Failure)
[2026-06-17T09:52:39.481+0800][58.227s][info][gc,heap        ] GC(2344) PSYoungGen: 10918K->3701K(14848K)
[2026-06-17T09:52:39.481+0800][58.227s][info][gc,heap        ] GC(2344) ParOldGen: 30009K->30009K(44032K)
[2026-06-17T09:52:39.482+0800][58.228s][info][gc,metaspace   ] GC(2344) Metaspace: 3166K(4864K)->3166K(4864K) NonClass: 2861K(4352K)->2861K(4352K) Class: 305K(512K)->305K(512K)
[2026-06-17T09:52:39.482+0800][58.228s][info][gc             ] GC(2344) Pause Young (Allocation Failure) 39M->32M(57M) 2.858ms
[2026-06-17T09:52:39.483+0800][58.229s][info][gc,cpu         ] GC(2344) User=0.01s Sys=0.00s Real=0.01s
[2026-06-17T09:52:39.506+0800][58.252s][info][gc,start       ] GC(2345) Pause Young (Allocation Failure)
[2026-06-17T09:52:39.508+0800][58.254s][info][gc,heap        ] GC(2345) PSYoungGen: 12398K->3164K(15360K)
[2026-06-17T09:52:39.509+0800][58.254s][info][gc,heap        ] GC(2345) ParOldGen: 30009K->32125K(44032K)
[2026-06-17T09:52:39.509+0800][58.255s][info][gc,metaspace   ] GC(2345) Metaspace: 3166K(4864K)->3166K(4864K) NonClass: 2861K(4352K)->2861K(4352K) Class: 305K(512K)->305K(512K)
[2026-06-17T09:52:39.510+0800][58.255s][info][gc             ] GC(2345) Pause Young (Allocation Failure) 41M->34M(58M) 3.908ms
[2026-06-17T09:52:39.510+0800][58.256s][info][gc,cpu         ] GC(2345) User=0.00s Sys=0.00s Real=0.00s
[2026-06-17T09:52:39.532+0800][58.278s][info][gc,start       ] GC(2346) Pause Young (Allocation Failure)
[2026-06-17T09:52:39.533+0800][58.279s][info][gc,heap        ] GC(2346) PSYoungGen: 12371K->164K(15360K)
[2026-06-17T09:52:39.534+0800][58.280s][info][gc,heap        ] GC(2346) ParOldGen: 32125K->34025K(44032K)
[2026-06-17T09:52:39.534+0800][58.280s][info][gc,metaspace   ] GC(2346) Metaspace: 3166K(4864K)->3166K(4864K) NonClass: 2861K(4352K)->2861K(4352K) Class: 305K(512K)->305K(512K)
[2026-06-17T09:52:39.535+0800][58.281s][info][gc             ] GC(2346) Pause Young (Allocation Failure) 43M->33M(58M) 2.656ms
[2026-06-17T09:52:39.535+0800][58.281s][info][gc,cpu         ] GC(2346) User=0.00s Sys=0.00s Real=0.00s
[2026-06-17T09:52:39.568+0800][58.313s][info][gc,start       ] GC(2347) Pause Young (Allocation Failure)
[2026-06-17T09:52:39.569+0800][58.315s][info][gc,heap        ] GC(2347) PSYoungGen: 9324K->2449K(15872K)
[2026-06-17T09:52:39.570+0800][58.316s][info][gc,heap        ] GC(2347) ParOldGen: 34025K->34165K(44032K)
[2026-06-17T09:52:39.570+0800][58.316s][info][gc,metaspace   ] GC(2347) Metaspace: 3166K(4864K)->3166K(4864K) NonClass: 2861K(4352K)->2861K(4352K) Class: 305K(512K)->305K(512K)
[2026-06-17T09:52:39.571+0800][58.317s][info][gc             ] GC(2347) Pause Young (Allocation Failure) 42M->35M(58M) 3.307ms
[2026-06-17T09:52:39.572+0800][58.317s][info][gc,cpu         ] GC(2347) User=0.00s Sys=0.00s Real=0.01s
[2026-06-17T09:52:39.594+0800][58.340s][info][gc,start       ] GC(2348) Pause Young (Allocation Failure)
[2026-06-17T09:52:39.596+0800][58.342s][info][gc,heap        ] GC(2348) PSYoungGen: 12148K->3443K(15360K)
[2026-06-17T09:52:39.596+0800][58.342s][info][gc,heap        ] GC(2348) ParOldGen: 34165K->35792K(44032K)
[2026-06-17T09:52:39.597+0800][58.343s][info][gc,metaspace   ] GC(2348) Metaspace: 3166K(4864K)->3166K(4864K) NonClass: 2861K(4352K)->2861K(4352K) Class: 305K(512K)->305K(512K)
[2026-06-17T09:52:39.598+0800][58.344s][info][gc             ] GC(2348) Pause Young (Allocation Failure) 45M->38M(58M) 4.274ms
[2026-06-17T09:52:39.599+0800][58.344s][info][gc,cpu         ] GC(2348) User=0.01s Sys=0.00s Real=0.00s
[2026-06-17T09:52:39.621+0800][58.367s][info][gc,start       ] GC(2349) Pause Young (Allocation Failure)
[2026-06-17T09:52:39.623+0800][58.369s][info][gc,heap        ] GC(2349) PSYoungGen: 13171K->3494K(15360K)
[2026-06-17T09:52:39.624+0800][58.370s][info][gc,heap        ] GC(2349) ParOldGen: 35792K->38865K(44032K)
[2026-06-17T09:52:39.624+0800][58.370s][info][gc,metaspace   ] GC(2349) Metaspace: 3166K(4864K)->3166K(4864K) NonClass: 2861K(4352K)->2861K(4352K) Class: 305K(512K)->305K(512K)
[2026-06-17T09:52:39.625+0800][58.371s][info][gc             ] GC(2349) Pause Young (Allocation Failure) 47M->41M(58M) 4.069ms
[2026-06-17T09:52:39.626+0800][58.371s][info][gc,cpu         ] GC(2349) User=0.00s Sys=0.00s Real=0.01s
[2026-06-17T09:52:39.648+0800][58.394s][info][gc,start       ] GC(2350) Pause Young (Allocation Failure)
[2026-06-17T09:52:39.651+0800][58.397s][info][gc,heap        ] GC(2350) PSYoungGen: 12700K->611K(15360K)
[2026-06-17T09:52:39.653+0800][58.399s][info][gc,heap        ] GC(2350) ParOldGen: 38865K->40660K(44032K)
[2026-06-17T09:52:39.655+0800][58.401s][info][gc,metaspace   ] GC(2350) Metaspace: 3166K(4864K)->3166K(4864K) NonClass: 2861K(4352K)->2861K(4352K) Class: 305K(512K)->305K(512K)
[2026-06-17T09:52:39.658+0800][58.404s][info][gc             ] GC(2350) Pause Young (Allocation Failure) 50M->40M(58M) 10.236ms
[2026-06-17T09:52:39.659+0800][58.405s][info][gc,cpu         ] GC(2350) User=0.00s Sys=0.00s Real=0.01s
[2026-06-17T09:52:39.661+0800][58.407s][info][gc,start       ] GC(2351) Pause Full (Ergonomics)
[2026-06-17T09:52:39.661+0800][58.407s][info][gc,phases,start] GC(2351) Marking Phase
[2026-06-17T09:52:39.664+0800][58.410s][info][gc,phases      ] GC(2351) Marking Phase 2.416ms
[2026-06-17T09:52:39.665+0800][58.411s][info][gc,phases,start] GC(2351) Summary Phase
[2026-06-17T09:52:39.665+0800][58.411s][info][gc,phases      ] GC(2351) Summary Phase 0.387ms
[2026-06-17T09:52:39.666+0800][58.412s][info][gc,phases,start] GC(2351) Adjust Roots
[2026-06-17T09:52:39.666+0800][58.412s][info][gc,phases      ] GC(2351) Adjust Roots 0.478ms
[2026-06-17T09:52:39.667+0800][58.412s][info][gc,phases,start] GC(2351) Compaction Phase
[2026-06-17T09:52:39.669+0800][58.415s][info][gc,phases      ] GC(2351) Compaction Phase 2.635ms
[2026-06-17T09:52:39.670+0800][58.415s][info][gc,phases,start] GC(2351) Post Compact
[2026-06-17T09:52:39.671+0800][58.416s][info][gc,phases      ] GC(2351) Post Compact 0.906ms
[2026-06-17T09:52:39.671+0800][58.417s][info][gc,heap        ] GC(2351) PSYoungGen: 611K->0K(15360K)
[2026-06-17T09:52:39.671+0800][58.417s][info][gc,heap        ] GC(2351) ParOldGen: 40660K->28797K(44032K)
[2026-06-17T09:52:39.671+0800][58.417s][info][gc,metaspace   ] GC(2351) Metaspace: 3166K(4864K)->3166K(4864K) NonClass: 2861K(4352K)->2861K(4352K) Class: 305K(512K)->305K(512K)
[2026-06-17T09:52:39.672+0800][58.417s][info][gc             ] GC(2351) Pause Full (Ergonomics) 40M->28M(58M) 10.640ms
[2026-06-17T09:52:39.672+0800][58.418s][info][gc,cpu         ] GC(2351) User=0.01s Sys=0.00s Real=0.02s
[2026-06-17T09:52:39.704+0800][58.450s][info][gc,start       ] GC(2352) Pause Young (Allocation Failure)
[2026-06-17T09:52:39.705+0800][58.451s][info][gc,heap        ] GC(2352) PSYoungGen: 9205K->2313K(15360K)
[2026-06-17T09:52:39.705+0800][58.451s][info][gc,heap        ] GC(2352) ParOldGen: 28797K->28797K(44032K)
[2026-06-17T09:52:39.706+0800][58.452s][info][gc,metaspace   ] GC(2352) Metaspace: 3166K(4864K)->3166K(4864K) NonClass: 2861K(4352K)->2861K(4352K) Class: 305K(512K)->305K(512K)
[2026-06-17T09:52:39.706+0800][58.452s][info][gc             ] GC(2352) Pause Young (Allocation Failure) 37M->30M(58M) 2.385ms
[2026-06-17T09:52:39.707+0800][58.453s][info][gc,cpu         ] GC(2352) User=0.00s Sys=0.00s Real=0.00s
[2026-06-17T09:52:39.729+0800][58.475s][info][gc,start       ] GC(2353) Pause Young (Allocation Failure)
[2026-06-17T09:52:39.731+0800][58.477s][info][gc,heap        ] GC(2353) PSYoungGen: 11502K->3417K(15872K)
[2026-06-17T09:52:39.731+0800][58.477s][info][gc,heap        ] GC(2353) ParOldGen: 28797K->29781K(44032K)
[2026-06-17T09:52:39.732+0800][58.478s][info][gc,metaspace   ] GC(2353) Metaspace: 3166K(4864K)->3166K(4864K) NonClass: 2861K(4352K)->2861K(4352K) Class: 305K(512K)->305K(512K)
[2026-06-17T09:52:39.732+0800][58.478s][info][gc             ] GC(2353) Pause Young (Allocation Failure) 39M->32M(58M) 3.334ms
[2026-06-17T09:52:39.733+0800][58.478s][info][gc,cpu         ] GC(2353) User=0.00s Sys=0.00s Real=0.01s
[2026-06-17T09:52:39.755+0800][58.501s][info][gc,start       ] GC(2354) Pause Young (Allocation Failure)
[2026-06-17T09:52:39.757+0800][58.503s][info][gc,heap        ] GC(2354) PSYoungGen: 13653K->5088K(15360K)
[2026-06-17T09:52:39.758+0800][58.504s][info][gc,heap        ] GC(2354) ParOldGen: 29781K->31727K(44032K)
[2026-06-17T09:52:39.759+0800][58.504s][info][gc,metaspace   ] GC(2354) Metaspace: 3166K(4864K)->3166K(4864K) NonClass: 2861K(4352K)->2861K(4352K) Class: 305K(512K)->305K(512K)
[2026-06-17T09:52:39.759+0800][58.505s][info][gc             ] GC(2354) Pause Young (Allocation Failure) 42M->35M(58M) 3.862ms
[2026-06-17T09:52:39.759+0800][58.505s][info][gc,cpu         ] GC(2354) User=0.00s Sys=0.00s Real=0.00s
[2026-06-17T09:52:39.791+0800][58.537s][info][gc,start       ] GC(2355) Pause Young (Allocation Failure)
[2026-06-17T09:52:39.793+0800][58.539s][info][gc,heap        ] GC(2355) PSYoungGen: 15319K->3473K(15360K)
[2026-06-17T09:52:39.793+0800][58.539s][info][gc,heap        ] GC(2355) ParOldGen: 31727K->33638K(44032K)
[2026-06-17T09:52:39.794+0800][58.540s][info][gc,metaspace   ] GC(2355) Metaspace: 3166K(4864K)->3166K(4864K) NonClass: 2861K(4352K)->2861K(4352K) Class: 305K(512K)->305K(512K)
[2026-06-17T09:52:39.794+0800][58.540s][info][gc             ] GC(2355) Pause Young (Allocation Failure) 45M->36M(58M) 2.865ms
[2026-06-17T09:52:39.795+0800][58.540s][info][gc,cpu         ] GC(2355) User=0.00s Sys=0.00s Real=0.00s
[2026-06-17T09:52:39.817+0800][58.563s][info][gc,start       ] GC(2356) Pause Young (Allocation Failure)
[2026-06-17T09:52:39.819+0800][58.564s][info][gc,heap        ] GC(2356) PSYoungGen: 12678K->3757K(15360K)
[2026-06-17T09:52:39.819+0800][58.565s][info][gc,heap        ] GC(2356) ParOldGen: 33638K->35440K(44032K)
[2026-06-17T09:52:39.820+0800][58.565s][info][gc,metaspace   ] GC(2356) Metaspace: 3166K(4864K)->3166K(4864K) NonClass: 2861K(4352K)->2861K(4352K) Class: 305K(512K)->305K(512K)
[2026-06-17T09:52:39.820+0800][58.566s][info][gc             ] GC(2356) Pause Young (Allocation Failure) 45M->38M(58M) 3.191ms
[2026-06-17T09:52:39.820+0800][58.566s][info][gc,cpu         ] GC(2356) User=0.00s Sys=0.00s Real=0.00s
[2026-06-17T09:52:39.843+0800][58.589s][info][gc,start       ] GC(2357) Pause Young (Allocation Failure)
[2026-06-17T09:52:39.845+0800][58.591s][info][gc,heap        ] GC(2357) PSYoungGen: 12958K->4823K(14336K)
[2026-06-17T09:52:39.846+0800][58.592s][info][gc,heap        ] GC(2357) ParOldGen: 35440K->36532K(44032K)
[2026-06-17T09:52:39.847+0800][58.592s][info][gc,metaspace   ] GC(2357) Metaspace: 3166K(4864K)->3166K(4864K) NonClass: 2861K(4352K)->2861K(4352K) Class: 305K(512K)->305K(512K)
[2026-06-17T09:52:39.847+0800][58.593s][info][gc             ] GC(2357) Pause Young (Allocation Failure) 47M->40M(57M) 4.317ms
[2026-06-17T09:52:39.847+0800][58.593s][info][gc,cpu         ] GC(2357) User=0.00s Sys=0.00s Real=0.00s
[2026-06-17T09:52:39.870+0800][58.615s][info][gc,start       ] GC(2358) Pause Young (Allocation Failure)
[2026-06-17T09:52:39.873+0800][58.618s][info][gc,heap        ] GC(2358) PSYoungGen: 13006K->4285K(14848K)
[2026-06-17T09:52:39.873+0800][58.619s][info][gc,heap        ] GC(2358) ParOldGen: 36532K->38582K(44032K)
[2026-06-17T09:52:39.874+0800][58.620s][info][gc,metaspace   ] GC(2358) Metaspace: 3166K(4864K)->3166K(4864K) NonClass: 2861K(4352K)->2861K(4352K) Class: 305K(512K)->305K(512K)
[2026-06-17T09:52:39.875+0800][58.621s][info][gc             ] GC(2358) Pause Young (Allocation Failure) 48M->41M(57M) 5.196ms
[2026-06-17T09:52:39.875+0800][58.621s][info][gc,cpu         ] GC(2358) User=0.01s Sys=0.00s Real=0.01s
[2026-06-17T09:52:39.897+0800][58.643s][info][gc,start       ] GC(2359) Pause Young (Allocation Failure)
[2026-06-17T09:52:39.898+0800][58.644s][info][gc,heap        ] GC(2359) PSYoungGen: 12477K->3057K(14848K)
[2026-06-17T09:52:39.899+0800][58.645s][info][gc,heap        ] GC(2359) ParOldGen: 38582K->40627K(44032K)
[2026-06-17T09:52:39.899+0800][58.645s][info][gc,metaspace   ] GC(2359) Metaspace: 3166K(4864K)->3166K(4864K) NonClass: 2861K(4352K)->2861K(4352K) Class: 305K(512K)->305K(512K)
[2026-06-17T09:52:39.900+0800][58.646s][info][gc             ] GC(2359) Pause Young (Allocation Failure) 49M->42M(57M) 2.623ms
[2026-06-17T09:52:39.900+0800][58.646s][info][gc,cpu         ] GC(2359) User=0.00s Sys=0.00s Real=0.00s
[2026-06-17T09:52:39.922+0800][58.667s][info][gc,start       ] GC(2360) Pause Young (Allocation Failure)
[2026-06-17T09:52:39.923+0800][58.669s][info][gc,heap        ] GC(2360) PSYoungGen: 11203K->4489K(14848K)
[2026-06-17T09:52:39.924+0800][58.669s][info][gc,heap        ] GC(2360) ParOldGen: 40627K->40627K(44032K)
[2026-06-17T09:52:39.924+0800][58.670s][info][gc,metaspace   ] GC(2360) Metaspace: 3166K(4864K)->3166K(4864K) NonClass: 2861K(4352K)->2861K(4352K) Class: 305K(512K)->305K(512K)
[2026-06-17T09:52:39.924+0800][58.670s][info][gc             ] GC(2360) Pause Young (Allocation Failure) 50M->44M(57M) 2.499ms
[2026-06-17T09:52:39.924+0800][58.670s][info][gc,cpu         ] GC(2360) User=0.00s Sys=0.00s Real=0.01s
[2026-06-17T09:52:39.946+0800][58.692s][info][gc,start       ] GC(2361) Pause Young (Allocation Failure)
[2026-06-17T09:52:39.948+0800][58.694s][info][gc,heap        ] GC(2361) PSYoungGen: 12634K->3789K(14848K)
[2026-06-17T09:52:39.949+0800][58.695s][info][gc,heap        ] GC(2361) ParOldGen: 40627K->42447K(44032K)
[2026-06-17T09:52:39.949+0800][58.695s][info][gc,metaspace   ] GC(2361) Metaspace: 3166K(4864K)->3166K(4864K) NonClass: 2861K(4352K)->2861K(4352K) Class: 305K(512K)->305K(512K)
[2026-06-17T09:52:39.950+0800][58.696s][info][gc             ] GC(2361) Pause Young (Allocation Failure) 52M->45M(57M) 3.498ms
[2026-06-17T09:52:39.950+0800][58.696s][info][gc,cpu         ] GC(2361) User=0.00s Sys=0.00s Real=0.00s
[2026-06-17T09:52:39.951+0800][58.696s][info][gc,start       ] GC(2362) Pause Full (Ergonomics)
[2026-06-17T09:52:39.951+0800][58.697s][info][gc,phases,start] GC(2362) Marking Phase
[2026-06-17T09:52:39.953+0800][58.699s][info][gc,phases      ] GC(2362) Marking Phase 1.949ms
[2026-06-17T09:52:39.953+0800][58.699s][info][gc,phases,start] GC(2362) Summary Phase
[2026-06-17T09:52:39.953+0800][58.699s][info][gc,phases      ] GC(2362) Summary Phase 0.228ms
[2026-06-17T09:52:39.954+0800][58.699s][info][gc,phases,start] GC(2362) Adjust Roots
[2026-06-17T09:52:39.954+0800][58.700s][info][gc,phases      ] GC(2362) Adjust Roots 0.280ms
[2026-06-17T09:52:39.954+0800][58.700s][info][gc,phases,start] GC(2362) Compaction Phase
[2026-06-17T09:52:39.956+0800][58.702s][info][gc,phases      ] GC(2362) Compaction Phase 1.800ms
[2026-06-17T09:52:39.956+0800][58.702s][info][gc,phases,start] GC(2362) Post Compact
[2026-06-17T09:52:39.956+0800][58.702s][info][gc,phases      ] GC(2362) Post Compact 0.243ms
[2026-06-17T09:52:39.957+0800][58.702s][info][gc,heap        ] GC(2362) PSYoungGen: 3789K->0K(14848K)
[2026-06-17T09:52:39.957+0800][58.703s][info][gc,heap        ] GC(2362) ParOldGen: 42447K->27164K(44032K)
[2026-06-17T09:52:39.957+0800][58.703s][info][gc,metaspace   ] GC(2362) Metaspace: 3166K(4864K)->3166K(4864K) NonClass: 2861K(4352K)->2861K(4352K) Class: 305K(512K)->305K(512K)
[2026-06-17T09:52:39.957+0800][58.703s][info][gc             ] GC(2362) Pause Full (Ergonomics) 45M->26M(57M) 6.540ms
[2026-06-17T09:52:39.957+0800][58.703s][info][gc,cpu         ] GC(2362) User=0.01s Sys=0.00s Real=0.00s
[2026-06-17T09:52:39.979+0800][58.725s][info][gc,start       ] GC(2363) Pause Young (Allocation Failure)
[2026-06-17T09:52:39.980+0800][58.726s][info][gc,heap        ] GC(2363) PSYoungGen: 8192K->4867K(14848K)
[2026-06-17T09:52:39.981+0800][58.727s][info][gc,heap        ] GC(2363) ParOldGen: 27164K->27164K(44032K)
[2026-06-17T09:52:39.982+0800][58.728s][info][gc,metaspace   ] GC(2363) Metaspace: 3166K(4864K)->3166K(4864K) NonClass: 2861K(4352K)->2861K(4352K) Class: 305K(512K)->305K(512K)
[2026-06-17T09:52:39.982+0800][58.728s][info][gc             ] GC(2363) Pause Young (Allocation Failure) 34M->31M(57M) 3.531ms
[2026-06-17T09:52:39.983+0800][58.729s][info][gc,cpu         ] GC(2363) User=0.00s Sys=0.00s Real=0.01s
[2026-06-17T09:52:40.005+0800][58.751s][info][gc,start       ] GC(2364) Pause Young (Allocation Failure)
[2026-06-17T09:52:40.007+0800][58.753s][info][gc,heap        ] GC(2364) PSYoungGen: 13056K->4703K(14848K)
[2026-06-17T09:52:40.007+0800][58.753s][info][gc,heap        ] GC(2364) ParOldGen: 27164K->28821K(44032K)
[2026-06-17T09:52:40.008+0800][58.754s][info][gc,metaspace   ] GC(2364) Metaspace: 3166K(4864K)->3166K(4864K) NonClass: 2861K(4352K)->2861K(4352K) Class: 305K(512K)->305K(512K)
[2026-06-17T09:52:40.008+0800][58.754s][info][gc             ] GC(2364) Pause Young (Allocation Failure) 39M->32M(57M) 3.343ms
[2026-06-17T09:52:40.009+0800][58.754s][info][gc,cpu         ] GC(2364) User=0.01s Sys=0.00s Real=0.00s
[2026-06-17T09:52:40.030+0800][58.776s][info][gc,start       ] GC(2365) Pause Young (Allocation Failure)
[2026-06-17T09:52:40.080+0800][58.826s][info][gc,heap        ] GC(2365) PSYoungGen: 12865K->3733K(14848K)
[2026-06-17T09:52:40.093+0800][58.839s][info][gc,heap        ] GC(2365) ParOldGen: 28821K->30923K(44032K)
[2026-06-17T09:52:40.094+0800][58.840s][info][gc,metaspace   ] GC(2365) Metaspace: 3166K(4864K)->3166K(4864K) NonClass: 2861K(4352K)->2861K(4352K) Class: 305K(512K)->305K(512K)
[2026-06-17T09:52:40.122+0800][58.868s][info][gc             ] GC(2365) Pause Young (Allocation Failure) 40M->33M(57M) 91.412ms
[2026-06-17T09:52:40.153+0800][58.898s][info][gc,cpu         ] GC(2365) User=0.00s Sys=0.00s Real=0.13s
[2026-06-17T09:52:40.175+0800][58.921s][info][gc,start       ] GC(2366) Pause Young (Allocation Failure)
[2026-06-17T09:52:40.177+0800][58.923s][info][gc,heap        ] GC(2366) PSYoungGen: 11914K->2698K(14848K)
[2026-06-17T09:52:40.178+0800][58.924s][info][gc,heap        ] GC(2366) ParOldGen: 30923K->33231K(44032K)
[2026-06-17T09:52:40.179+0800][58.925s][info][gc,metaspace   ] GC(2366) Metaspace: 3166K(4864K)->3166K(4864K) NonClass: 2861K(4352K)->2861K(4352K) Class: 305K(512K)->305K(512K)
[2026-06-17T09:52:40.183+0800][58.928s][info][gc             ] GC(2366) Pause Young (Allocation Failure) 41M->35M(57M) 7.405ms
[2026-06-17T09:52:40.186+0800][58.932s][info][gc,cpu         ] GC(2366) User=0.00s Sys=0.00s Real=0.01s
[2026-06-17T09:52:40.220+0800][58.966s][info][gc,start       ] GC(2367) Pause Young (Allocation Failure)
[2026-06-17T09:52:40.222+0800][58.968s][info][gc,heap        ] GC(2367) PSYoungGen: 10855K->2725K(15360K)
[2026-06-17T09:52:40.227+0800][58.972s][info][gc,heap        ] GC(2367) ParOldGen: 33231K->34324K(44032K)
[2026-06-17T09:52:40.227+0800][58.973s][info][gc,metaspace   ] GC(2367) Metaspace: 3166K(4864K)->3166K(4864K) NonClass: 2861K(4352K)->2861K(4352K) Class: 305K(512K)->305K(512K)
[2026-06-17T09:52:40.234+0800][58.980s][info][gc             ] GC(2367) Pause Young (Allocation Failure) 43M->36M(58M) 13.981ms
[2026-06-17T09:52:40.235+0800][58.981s][info][gc,cpu         ] GC(2367) User=0.00s Sys=0.00s Real=0.02s
[2026-06-17T09:52:40.258+0800][59.004s][info][gc,start       ] GC(2368) Pause Young (Allocation Failure)
[2026-06-17T09:52:40.265+0800][59.011s][info][gc,heap        ] GC(2368) PSYoungGen: 11425K->3213K(14848K)
[2026-06-17T09:52:40.270+0800][59.016s][info][gc,heap        ] GC(2368) ParOldGen: 34324K->36102K(44032K)
[2026-06-17T09:52:40.273+0800][59.019s][info][gc,metaspace   ] GC(2368) Metaspace: 3166K(4864K)->3166K(4864K) NonClass: 2861K(4352K)->2861K(4352K) Class: 305K(512K)->305K(512K)
[2026-06-17T09:52:40.275+0800][59.021s][info][gc             ] GC(2368) Pause Young (Allocation Failure) 44M->38M(57M) 16.806ms
[2026-06-17T09:52:40.275+0800][59.021s][info][gc,cpu         ] GC(2368) User=0.01s Sys=0.00s Real=0.02s
[2026-06-17T09:52:40.298+0800][59.044s][info][gc,start       ] GC(2369) Pause Young (Allocation Failure)
[2026-06-17T09:52:40.299+0800][59.045s][info][gc,heap        ] GC(2369) PSYoungGen: 11900K->3596K(15360K)
[2026-06-17T09:52:40.301+0800][59.047s][info][gc,heap        ] GC(2369) ParOldGen: 36102K->37865K(44032K)
[2026-06-17T09:52:40.303+0800][59.049s][info][gc,metaspace   ] GC(2369) Metaspace: 3166K(4864K)->3166K(4864K) NonClass: 2861K(4352K)->2861K(4352K) Class: 305K(512K)->305K(512K)
[2026-06-17T09:52:40.307+0800][59.052s][info][gc             ] GC(2369) Pause Young (Allocation Failure) 46M->40M(58M) 8.627ms
[2026-06-17T09:52:40.309+0800][59.054s][info][gc,cpu         ] GC(2369) User=0.00s Sys=0.00s Real=0.01s
[2026-06-17T09:52:40.345+0800][59.090s][info][gc,start       ] GC(2370) Pause Young (Allocation Failure)
[2026-06-17T09:52:40.346+0800][59.092s][info][gc,heap        ] GC(2370) PSYoungGen: 12787K->2238K(15360K)
[2026-06-17T09:52:40.347+0800][59.092s][info][gc,heap        ] GC(2370) ParOldGen: 37865K->37865K(44032K)
[2026-06-17T09:52:40.347+0800][59.093s][info][gc,metaspace   ] GC(2370) Metaspace: 3166K(4864K)->3166K(4864K) NonClass: 2861K(4352K)->2861K(4352K) Class: 305K(512K)->305K(512K)
[2026-06-17T09:52:40.348+0800][59.093s][info][gc             ] GC(2370) Pause Young (Allocation Failure) 49M->39M(58M) 2.996ms
[2026-06-17T09:52:40.348+0800][59.094s][info][gc,cpu         ] GC(2370) User=0.00s Sys=0.00s Real=0.00s
[2026-06-17T09:52:40.370+0800][59.116s][info][gc,start       ] GC(2371) Pause Young (Allocation Failure)
[2026-06-17T09:52:40.372+0800][59.118s][info][gc,heap        ] GC(2371) PSYoungGen: 11427K->4321K(15360K)
[2026-06-17T09:52:40.372+0800][59.118s][info][gc,heap        ] GC(2371) ParOldGen: 37865K->37865K(44032K)
[2026-06-17T09:52:40.373+0800][59.119s][info][gc,metaspace   ] GC(2371) Metaspace: 3166K(4864K)->3166K(4864K) NonClass: 2861K(4352K)->2861K(4352K) Class: 305K(512K)->305K(512K)
[2026-06-17T09:52:40.373+0800][59.119s][info][gc             ] GC(2371) Pause Young (Allocation Failure) 48M->41M(58M) 3.398ms
[2026-06-17T09:52:40.374+0800][59.120s][info][gc,cpu         ] GC(2371) User=0.00s Sys=0.00s Real=0.01s
[2026-06-17T09:52:40.396+0800][59.142s][info][gc,start       ] GC(2372) Pause Young (Allocation Failure)
[2026-06-17T09:52:40.398+0800][59.144s][info][gc,heap        ] GC(2372) PSYoungGen: 13505K->4454K(15360K)
[2026-06-17T09:52:40.399+0800][59.145s][info][gc,heap        ] GC(2372) ParOldGen: 37865K->40079K(44032K)
[2026-06-17T09:52:40.399+0800][59.145s][info][gc,metaspace   ] GC(2372) Metaspace: 3166K(4864K)->3166K(4864K) NonClass: 2861K(4352K)->2861K(4352K) Class: 305K(512K)->305K(512K)
[2026-06-17T09:52:40.400+0800][59.146s][info][gc             ] GC(2372) Pause Young (Allocation Failure) 50M->43M(58M) 3.753ms
[2026-06-17T09:52:40.400+0800][59.146s][info][gc,cpu         ] GC(2372) User=0.01s Sys=0.00s Real=0.00s
[2026-06-17T09:52:40.423+0800][59.169s][info][gc,start       ] GC(2373) Pause Young (Allocation Failure)
[2026-06-17T09:52:40.425+0800][59.170s][info][gc,heap        ] GC(2373) PSYoungGen: 13631K->2907K(15360K)
[2026-06-17T09:52:40.425+0800][59.171s][info][gc,heap        ] GC(2373) ParOldGen: 40079K->43697K(44032K)
[2026-06-17T09:52:40.425+0800][59.171s][info][gc,metaspace   ] GC(2373) Metaspace: 3166K(4864K)->3166K(4864K) NonClass: 2861K(4352K)->2861K(4352K) Class: 305K(512K)->305K(512K)
[2026-06-17T09:52:40.426+0800][59.172s][info][gc             ] GC(2373) Pause Young (Allocation Failure) 52M->45M(58M) 3.051ms
[2026-06-17T09:52:40.426+0800][59.172s][info][gc,cpu         ] GC(2373) User=0.00s Sys=0.00s Real=0.00s
[2026-06-17T09:52:40.427+0800][59.172s][info][gc,start       ] GC(2374) Pause Full (Ergonomics)
[2026-06-17T09:52:40.427+0800][59.173s][info][gc,phases,start] GC(2374) Marking Phase
[2026-06-17T09:52:40.429+0800][59.175s][info][gc,phases      ] GC(2374) Marking Phase 1.752ms
[2026-06-17T09:52:40.431+0800][59.177s][info][gc,phases,start] GC(2374) Summary Phase
[2026-06-17T09:52:40.431+0800][59.177s][info][gc,phases      ] GC(2374) Summary Phase 0.417ms
[2026-06-17T09:52:40.432+0800][59.177s][info][gc,phases,start] GC(2374) Adjust Roots
[2026-06-17T09:52:40.432+0800][59.178s][info][gc,phases      ] GC(2374) Adjust Roots 0.416ms
[2026-06-17T09:52:40.432+0800][59.178s][info][gc,phases,start] GC(2374) Compaction Phase
[2026-06-17T09:52:40.434+0800][59.180s][info][gc,phases      ] GC(2374) Compaction Phase 2.194ms
[2026-06-17T09:52:40.435+0800][59.181s][info][gc,phases,start] GC(2374) Post Compact
[2026-06-17T09:52:40.435+0800][59.181s][info][gc,phases      ] GC(2374) Post Compact 0.322ms
[2026-06-17T09:52:40.435+0800][59.181s][info][gc,heap        ] GC(2374) PSYoungGen: 2907K->0K(15360K)
[2026-06-17T09:52:40.436+0800][59.181s][info][gc,heap        ] GC(2374) ParOldGen: 43697K->33722K(44032K)
[2026-06-17T09:52:40.436+0800][59.182s][info][gc,metaspace   ] GC(2374) Metaspace: 3166K(4864K)->3166K(4864K) NonClass: 2861K(4352K)->2861K(4352K) Class: 305K(512K)->305K(512K)
[2026-06-17T09:52:40.436+0800][59.182s][info][gc             ] GC(2374) Pause Full (Ergonomics) 45M->32M(58M) 9.357ms
[2026-06-17T09:52:40.436+0800][59.182s][info][gc,cpu         ] GC(2374) User=0.00s Sys=0.01s Real=0.01s
[2026-06-17T09:52:40.458+0800][59.204s][info][gc,start       ] GC(2375) Pause Young (Allocation Failure)
[2026-06-17T09:52:40.460+0800][59.205s][info][gc,heap        ] GC(2375) PSYoungGen: 9212K->5753K(14336K)
[2026-06-17T09:52:40.460+0800][59.206s][info][gc,heap        ] GC(2375) ParOldGen: 33722K->33722K(44032K)
[2026-06-17T09:52:40.460+0800][59.206s][info][gc,metaspace   ] GC(2375) Metaspace: 3166K(4864K)->3166K(4864K) NonClass: 2861K(4352K)->2861K(4352K) Class: 305K(512K)->305K(512K)
[2026-06-17T09:52:40.460+0800][59.206s][info][gc             ] GC(2375) Pause Young (Allocation Failure) 41M->38M(57M) 2.100ms
[2026-06-17T09:52:40.461+0800][59.206s][info][gc,cpu         ] GC(2375) User=0.00s Sys=0.00s Real=0.00s
[2026-06-17T09:52:40.482+0800][59.228s][info][gc,start       ] GC(2376) Pause Young (Allocation Failure)
[2026-06-17T09:52:40.484+0800][59.230s][info][gc,heap        ] GC(2376) PSYoungGen: 13896K->3480K(14848K)
[2026-06-17T09:52:40.485+0800][59.231s][info][gc,heap        ] GC(2376) ParOldGen: 33722K->37223K(44032K)
[2026-06-17T09:52:40.485+0800][59.231s][info][gc,metaspace   ] GC(2376) Metaspace: 3166K(4864K)->3166K(4864K) NonClass: 2861K(4352K)->2861K(4352K) Class: 305K(512K)->305K(512K)
[2026-06-17T09:52:40.486+0800][59.232s][info][gc             ] GC(2376) Pause Young (Allocation Failure) 46M->39M(57M) 3.524ms
[2026-06-17T09:52:40.486+0800][59.232s][info][gc,cpu         ] GC(2376) User=0.01s Sys=0.00s Real=0.01s
[2026-06-17T09:52:40.508+0800][59.254s][info][gc,start       ] GC(2377) Pause Young (Allocation Failure)
[2026-06-17T09:52:40.510+0800][59.256s][info][gc,heap        ] GC(2377) PSYoungGen: 11658K->2824K(15360K)
[2026-06-17T09:52:40.511+0800][59.257s][info][gc,heap        ] GC(2377) ParOldGen: 37223K->39126K(44032K)
[2026-06-17T09:52:40.511+0800][59.257s][info][gc,metaspace   ] GC(2377) Metaspace: 3166K(4864K)->3166K(4864K) NonClass: 2861K(4352K)->2861K(4352K) Class: 305K(512K)->305K(512K)
[2026-06-17T09:52:40.512+0800][59.258s][info][gc             ] GC(2377) Pause Young (Allocation Failure) 47M->40M(58M) 3.484ms
[2026-06-17T09:52:40.512+0800][59.258s][info][gc,cpu         ] GC(2377) User=0.00s Sys=0.00s Real=0.01s
[2026-06-17T09:52:40.534+0800][59.280s][info][gc,start       ] GC(2378) Pause Young (Allocation Failure)
[2026-06-17T09:52:40.535+0800][59.281s][info][gc,heap        ] GC(2378) PSYoungGen: 11482K->4781K(14848K)
[2026-06-17T09:52:40.536+0800][59.281s][info][gc,heap        ] GC(2378) ParOldGen: 39126K->39126K(44032K)
[2026-06-17T09:52:40.536+0800][59.282s][info][gc,metaspace   ] GC(2378) Metaspace: 3166K(4864K)->3166K(4864K) NonClass: 2861K(4352K)->2861K(4352K) Class: 305K(512K)->305K(512K)
[2026-06-17T09:52:40.536+0800][59.282s][info][gc             ] GC(2378) Pause Young (Allocation Failure) 49M->42M(57M) 1.806ms
[2026-06-17T09:52:40.536+0800][59.282s][info][gc,cpu         ] GC(2378) User=0.00s Sys=0.00s Real=0.00s
[2026-06-17T09:52:40.557+0800][59.303s][info][gc,start       ] GC(2379) Pause Young (Allocation Failure)
[2026-06-17T09:52:40.558+0800][59.304s][info][gc,heap        ] GC(2379) PSYoungGen: 13485K->4107K(14848K)
[2026-06-17T09:52:40.559+0800][59.305s][info][gc,heap        ] GC(2379) ParOldGen: 39126K->41504K(44032K)
[2026-06-17T09:52:40.559+0800][59.305s][info][gc,metaspace   ] GC(2379) Metaspace: 3166K(4864K)->3166K(4864K) NonClass: 2861K(4352K)->2861K(4352K) Class: 305K(512K)->305K(512K)
[2026-06-17T09:52:40.559+0800][59.305s][info][gc             ] GC(2379) Pause Young (Allocation Failure) 51M->44M(57M) 1.736ms
[2026-06-17T09:52:40.559+0800][59.305s][info][gc,cpu         ] GC(2379) User=0.00s Sys=0.00s Real=0.00s
[2026-06-17T09:52:40.559+0800][59.305s][info][gc,start       ] GC(2380) Pause Full (Ergonomics)
[2026-06-17T09:52:40.560+0800][59.305s][info][gc,phases,start] GC(2380) Marking Phase
[2026-06-17T09:52:40.561+0800][59.306s][info][gc,phases      ] GC(2380) Marking Phase 1.010ms
[2026-06-17T09:52:40.561+0800][59.307s][info][gc,phases,start] GC(2380) Summary Phase
[2026-06-17T09:52:40.561+0800][59.307s][info][gc,phases      ] GC(2380) Summary Phase 0.177ms
[2026-06-17T09:52:40.561+0800][59.307s][info][gc,phases,start] GC(2380) Adjust Roots
[2026-06-17T09:52:40.562+0800][59.308s][info][gc,phases      ] GC(2380) Adjust Roots 0.511ms
[2026-06-17T09:52:40.562+0800][59.308s][info][gc,phases,start] GC(2380) Compaction Phase
[2026-06-17T09:52:40.564+0800][59.310s][info][gc,phases      ] GC(2380) Compaction Phase 2.200ms
[2026-06-17T09:52:40.565+0800][59.311s][info][gc,phases,start] GC(2380) Post Compact
[2026-06-17T09:52:40.565+0800][59.311s][info][gc,phases      ] GC(2380) Post Compact 0.321ms
[2026-06-17T09:52:40.565+0800][59.311s][info][gc,heap        ] GC(2380) PSYoungGen: 4107K->0K(14848K)
[2026-06-17T09:52:40.565+0800][59.311s][info][gc,heap        ] GC(2380) ParOldGen: 41504K->26399K(44032K)
[2026-06-17T09:52:40.566+0800][59.311s][info][gc,metaspace   ] GC(2380) Metaspace: 3166K(4864K)->3166K(4864K) NonClass: 2861K(4352K)->2861K(4352K) Class: 305K(512K)->305K(512K)
[2026-06-17T09:52:40.566+0800][59.311s][info][gc             ] GC(2380) Pause Full (Ergonomics) 44M->25M(57M) 6.241ms
[2026-06-17T09:52:40.566+0800][59.312s][info][gc,cpu         ] GC(2380) User=0.01s Sys=0.00s Real=0.01s
[2026-06-17T09:52:40.587+0800][59.333s][info][gc,start       ] GC(2381) Pause Young (Allocation Failure)
[2026-06-17T09:52:40.588+0800][59.334s][info][gc,heap        ] GC(2381) PSYoungGen: 8186K->4758K(14848K)
[2026-06-17T09:52:40.588+0800][59.334s][info][gc,heap        ] GC(2381) ParOldGen: 26399K->26399K(44032K)
[2026-06-17T09:52:40.588+0800][59.334s][info][gc,metaspace   ] GC(2381) Metaspace: 3166K(4864K)->3166K(4864K) NonClass: 2861K(4352K)->2861K(4352K) Class: 305K(512K)->305K(512K)
[2026-06-17T09:52:40.588+0800][59.334s][info][gc             ] GC(2381) Pause Young (Allocation Failure) 33M->30M(57M) 1.480ms
[2026-06-17T09:52:40.589+0800][59.334s][info][gc,cpu         ] GC(2381) User=0.00s Sys=0.00s Real=0.00s
[2026-06-17T09:52:40.610+0800][59.355s][info][gc,start       ] GC(2382) Pause Young (Allocation Failure)
[2026-06-17T09:52:40.611+0800][59.357s][info][gc,heap        ] GC(2382) PSYoungGen: 12897K->4146K(14848K)
[2026-06-17T09:52:40.611+0800][59.357s][info][gc,heap        ] GC(2382) ParOldGen: 26399K->28092K(44032K)
[2026-06-17T09:52:40.611+0800][59.357s][info][gc,metaspace   ] GC(2382) Metaspace: 3166K(4864K)->3166K(4864K) NonClass: 2861K(4352K)->2861K(4352K) Class: 305K(512K)->305K(512K)
[2026-06-17T09:52:40.611+0800][59.357s][info][gc             ] GC(2382) Pause Young (Allocation Failure) 38M->31M(57M) 1.601ms
[2026-06-17T09:52:40.611+0800][59.357s][info][gc,cpu         ] GC(2382) User=0.00s Sys=0.00s Real=0.01s
[2026-06-17T09:52:40.632+0800][59.378s][info][gc,start       ] GC(2383) Pause Young (Allocation Failure)
[2026-06-17T09:52:40.633+0800][59.379s][info][gc,heap        ] GC(2383) PSYoungGen: 12319K->3593K(15360K)
[2026-06-17T09:52:40.634+0800][59.379s][info][gc,heap        ] GC(2383) ParOldGen: 28092K->30075K(44032K)
[2026-06-17T09:52:40.634+0800][59.380s][info][gc,metaspace   ] GC(2383) Metaspace: 3166K(4864K)->3166K(4864K) NonClass: 2861K(4352K)->2861K(4352K) Class: 305K(512K)->305K(512K)
[2026-06-17T09:52:40.634+0800][59.380s][info][gc             ] GC(2383) Pause Young (Allocation Failure) 39M->32M(58M) 2.115ms
[2026-06-17T09:52:40.635+0800][59.380s][info][gc,cpu         ] GC(2383) User=0.00s Sys=0.00s Real=0.00s
[2026-06-17T09:52:40.656+0800][59.401s][info][gc,start       ] GC(2384) Pause Young (Allocation Failure)
[2026-06-17T09:52:40.657+0800][59.403s][info][gc,heap        ] GC(2384) PSYoungGen: 12272K->3869K(14848K)
[2026-06-17T09:52:40.657+0800][59.403s][info][gc,heap        ] GC(2384) ParOldGen: 30075K->31516K(44032K)
[2026-06-17T09:52:40.658+0800][59.404s][info][gc,metaspace   ] GC(2384) Metaspace: 3166K(4864K)->3166K(4864K) NonClass: 2861K(4352K)->2861K(4352K) Class: 305K(512K)->305K(512K)
[2026-06-17T09:52:40.659+0800][59.405s][info][gc             ] GC(2384) Pause Young (Allocation Failure) 41M->34M(57M) 3.064ms
[2026-06-17T09:52:40.659+0800][59.405s][info][gc,cpu         ] GC(2384) User=0.01s Sys=0.00s Real=0.00s
[2026-06-17T09:52:40.680+0800][59.426s][info][gc,start       ] GC(2385) Pause Young (Allocation Failure)
[2026-06-17T09:52:40.682+0800][59.428s][info][gc,heap        ] GC(2385) PSYoungGen: 12533K->4849K(15360K)
[2026-06-17T09:52:40.684+0800][59.430s][info][gc,heap        ] GC(2385) ParOldGen: 31516K->32717K(44032K)
[2026-06-17T09:52:40.687+0800][59.433s][info][gc,metaspace   ] GC(2385) Metaspace: 3166K(4864K)->3166K(4864K) NonClass: 2861K(4352K)->2861K(4352K) Class: 305K(512K)->305K(512K)
[2026-06-17T09:52:40.688+0800][59.434s][info][gc             ] GC(2385) Pause Young (Allocation Failure) 43M->36M(58M) 7.489ms
[2026-06-17T09:52:40.688+0800][59.434s][info][gc,cpu         ] GC(2385) User=0.00s Sys=0.00s Real=0.01s
[2026-06-17T09:52:40.710+0800][59.455s][info][gc,start       ] GC(2386) Pause Young (Allocation Failure)
[2026-06-17T09:52:40.711+0800][59.457s][info][gc,heap        ] GC(2386) PSYoungGen: 14055K->4800K(15360K)
[2026-06-17T09:52:40.711+0800][59.457s][info][gc,heap        ] GC(2386) ParOldGen: 32717K->34750K(44032K)
[2026-06-17T09:52:40.712+0800][59.458s][info][gc,metaspace   ] GC(2386) Metaspace: 3166K(4864K)->3166K(4864K) NonClass: 2861K(4352K)->2861K(4352K) Class: 305K(512K)->305K(512K)
[2026-06-17T09:52:40.712+0800][59.458s][info][gc             ] GC(2386) Pause Young (Allocation Failure) 45M->38M(58M) 2.482ms
[2026-06-17T09:52:40.712+0800][59.458s][info][gc,cpu         ] GC(2386) User=0.00s Sys=0.00s Real=0.01s
[2026-06-17T09:52:40.735+0800][59.480s][info][gc,start       ] GC(2387) Pause Young (Allocation Failure)
[2026-06-17T09:52:40.737+0800][59.483s][info][gc,heap        ] GC(2387) PSYoungGen: 14015K->1186K(14336K)
[2026-06-17T09:52:40.737+0800][59.483s][info][gc,heap        ] GC(2387) ParOldGen: 34750K->37116K(44032K)
[2026-06-17T09:52:40.738+0800][59.484s][info][gc,metaspace   ] GC(2387) Metaspace: 3166K(4864K)->3166K(4864K) NonClass: 2861K(4352K)->2861K(4352K) Class: 305K(512K)->305K(512K)
[2026-06-17T09:52:40.739+0800][59.485s][info][gc             ] GC(2387) Pause Young (Allocation Failure) 47M->37M(57M) 4.053ms
[2026-06-17T09:52:40.739+0800][59.485s][info][gc,cpu         ] GC(2387) User=0.01s Sys=0.00s Real=0.00s
[2026-06-17T09:52:40.772+0800][59.518s][info][gc,start       ] GC(2388) Pause Young (Allocation Failure)
[2026-06-17T09:52:40.774+0800][59.520s][info][gc,heap        ] GC(2388) PSYoungGen: 9330K->1330K(14848K)
[2026-06-17T09:52:40.775+0800][59.520s][info][gc,heap        ] GC(2388) ParOldGen: 37116K->38278K(44032K)
[2026-06-17T09:52:40.775+0800][59.521s][info][gc,metaspace   ] GC(2388) Metaspace: 3166K(4864K)->3166K(4864K) NonClass: 2861K(4352K)->2861K(4352K) Class: 305K(512K)->305K(512K)
[2026-06-17T09:52:40.776+0800][59.522s][info][gc             ] GC(2388) Pause Young (Allocation Failure) 45M->38M(57M) 4.393ms
[2026-06-17T09:52:40.777+0800][59.523s][info][gc,cpu         ] GC(2388) User=0.00s Sys=0.00s Real=0.00s
[2026-06-17T09:52:40.789+0800][59.534s][info][gc,start       ] GC(2389) Pause Young (Allocation Failure)
[2026-06-17T09:52:40.790+0800][59.536s][info][gc,heap        ] GC(2389) PSYoungGen: 9502K->5106K(13824K)
[2026-06-17T09:52:40.791+0800][59.537s][info][gc,heap        ] GC(2389) ParOldGen: 38278K->39389K(44032K)
[2026-06-17T09:52:40.791+0800][59.537s][info][gc,metaspace   ] GC(2389) Metaspace: 3166K(4864K)->3166K(4864K) NonClass: 2861K(4352K)->2861K(4352K) Class: 305K(512K)->305K(512K)
[2026-06-17T09:52:40.792+0800][59.538s][info][gc             ] GC(2389) Pause Young (Allocation Failure) 46M->43M(56M) 3.183ms
[2026-06-17T09:52:40.792+0800][59.538s][info][gc,cpu         ] GC(2389) User=0.00s Sys=0.00s Real=0.01s
[2026-06-17T09:52:40.814+0800][59.560s][info][gc,start       ] GC(2390) Pause Young (Allocation Failure)
[2026-06-17T09:52:40.817+0800][59.562s][info][gc,heap        ] GC(2390) PSYoungGen: 12238K->3219K(14336K)
[2026-06-17T09:52:40.817+0800][59.563s][info][gc,heap        ] GC(2390) ParOldGen: 39389K->41452K(44032K)
[2026-06-17T09:52:40.818+0800][59.564s][info][gc,metaspace   ] GC(2390) Metaspace: 3166K(4864K)->3166K(4864K) NonClass: 2861K(4352K)->2861K(4352K) Class: 305K(512K)->305K(512K)
[2026-06-17T09:52:40.819+0800][59.564s][info][gc             ] GC(2390) Pause Young (Allocation Failure) 50M->43M(57M) 4.271ms
[2026-06-17T09:52:40.819+0800][59.565s][info][gc,cpu         ] GC(2390) User=0.01s Sys=0.00s Real=0.00s
[2026-06-17T09:52:40.820+0800][59.566s][info][gc,start       ] GC(2391) Pause Full (Ergonomics)
[2026-06-17T09:52:40.820+0800][59.566s][info][gc,phases,start] GC(2391) Marking Phase
[2026-06-17T09:52:40.822+0800][59.568s][info][gc,phases      ] GC(2391) Marking Phase 1.778ms
[2026-06-17T09:52:40.823+0800][59.568s][info][gc,phases,start] GC(2391) Summary Phase
[2026-06-17T09:52:40.823+0800][59.569s][info][gc,phases      ] GC(2391) Summary Phase 0.380ms
[2026-06-17T09:52:40.824+0800][59.569s][info][gc,phases,start] GC(2391) Adjust Roots
[2026-06-17T09:52:40.824+0800][59.570s][info][gc,phases      ] GC(2391) Adjust Roots 0.433ms
[2026-06-17T09:52:40.824+0800][59.570s][info][gc,phases,start] GC(2391) Compaction Phase
[2026-06-17T09:52:40.827+0800][59.572s][info][gc,phases      ] GC(2391) Compaction Phase 2.157ms
[2026-06-17T09:52:40.827+0800][59.573s][info][gc,phases,start] GC(2391) Post Compact
[2026-06-17T09:52:40.828+0800][59.573s][info][gc,phases      ] GC(2391) Post Compact 0.451ms
[2026-06-17T09:52:40.828+0800][59.574s][info][gc,heap        ] GC(2391) PSYoungGen: 3219K->0K(14848K)
[2026-06-17T09:52:40.828+0800][59.574s][info][gc,heap        ] GC(2391) ParOldGen: 41452K->31871K(44032K)
[2026-06-17T09:52:40.828+0800][59.574s][info][gc,metaspace   ] GC(2391) Metaspace: 3166K(4864K)->3166K(4864K) NonClass: 2861K(4352K)->2861K(4352K) Class: 305K(512K)->305K(512K)
[2026-06-17T09:52:40.829+0800][59.574s][info][gc             ] GC(2391) Pause Full (Ergonomics) 43M->31M(57M) 8.698ms
[2026-06-17T09:52:40.829+0800][59.575s][info][gc,cpu         ] GC(2391) User=0.00s Sys=0.00s Real=0.01s
[2026-06-17T09:52:40.850+0800][59.596s][info][gc,start       ] GC(2392) Pause Young (Allocation Failure)
[2026-06-17T09:52:40.852+0800][59.597s][info][gc,heap        ] GC(2392) PSYoungGen: 8168K->4577K(14848K)
[2026-06-17T09:52:40.852+0800][59.598s][info][gc,heap        ] GC(2392) ParOldGen: 31871K->31871K(44032K)
[2026-06-17T09:52:40.852+0800][59.598s][info][gc,metaspace   ] GC(2392) Metaspace: 3166K(4864K)->3166K(4864K) NonClass: 2861K(4352K)->2861K(4352K) Class: 305K(512K)->305K(512K)
[2026-06-17T09:52:40.853+0800][59.599s][info][gc             ] GC(2392) Pause Young (Allocation Failure) 39M->35M(57M) 2.939ms
[2026-06-17T09:52:40.853+0800][59.599s][info][gc,cpu         ] GC(2392) User=0.01s Sys=0.00s Real=0.01s
[2026-06-17T09:52:40.875+0800][59.621s][info][gc,start       ] GC(2393) Pause Young (Allocation Failure)
[2026-06-17T09:52:40.877+0800][59.622s][info][gc,heap        ] GC(2393) PSYoungGen: 12752K->3573K(14848K)
[2026-06-17T09:52:40.877+0800][59.623s][info][gc,heap        ] GC(2393) ParOldGen: 31871K->34135K(44032K)
[2026-06-17T09:52:40.878+0800][59.624s][info][gc,metaspace   ] GC(2393) Metaspace: 3166K(4864K)->3166K(4864K) NonClass: 2861K(4352K)->2861K(4352K) Class: 305K(512K)->305K(512K)
[2026-06-17T09:52:40.878+0800][59.624s][info][gc             ] GC(2393) Pause Young (Allocation Failure) 43M->36M(57M) 3.281ms
[2026-06-17T09:52:40.879+0800][59.625s][info][gc,cpu         ] GC(2393) User=0.00s Sys=0.00s Real=0.00s
[2026-06-17T09:52:40.900+0800][59.646s][info][gc,start       ] GC(2394) Pause Young (Allocation Failure)
[2026-06-17T09:52:40.902+0800][59.647s][info][gc,heap        ] GC(2394) PSYoungGen: 11754K->3099K(14848K)
[2026-06-17T09:52:40.902+0800][59.648s][info][gc,heap        ] GC(2394) ParOldGen: 34135K->36118K(44032K)
[2026-06-17T09:52:40.902+0800][59.648s][info][gc,metaspace   ] GC(2394) Metaspace: 3166K(4864K)->3166K(4864K) NonClass: 2861K(4352K)->2861K(4352K) Class: 305K(512K)->305K(512K)
[2026-06-17T09:52:40.903+0800][59.648s][info][gc             ] GC(2394) Pause Young (Allocation Failure) 44M->38M(57M) 2.343ms
[2026-06-17T09:52:40.903+0800][59.649s][info][gc,cpu         ] GC(2394) User=0.00s Sys=0.00s Real=0.01s
[2026-06-17T09:52:40.924+0800][59.670s][info][gc,start       ] GC(2395) Pause Young (Allocation Failure)
[2026-06-17T09:52:40.926+0800][59.672s][info][gc,heap        ] GC(2395) PSYoungGen: 11291K->3561K(15360K)
[2026-06-17T09:52:40.926+0800][59.672s][info][gc,heap        ] GC(2395) ParOldGen: 36118K->37044K(44032K)
[2026-06-17T09:52:40.926+0800][59.672s][info][gc,metaspace   ] GC(2395) Metaspace: 3166K(4864K)->3166K(4864K) NonClass: 2861K(4352K)->2861K(4352K) Class: 305K(512K)->305K(512K)
[2026-06-17T09:52:40.927+0800][59.672s][info][gc             ] GC(2395) Pause Young (Allocation Failure) 46M->39M(58M) 2.246ms
[2026-06-17T09:52:40.927+0800][59.673s][info][gc,cpu         ] GC(2395) User=0.00s Sys=0.00s Real=0.00s
[2026-06-17T09:52:40.948+0800][59.694s][info][gc,start       ] GC(2396) Pause Young (Allocation Failure)
[2026-06-17T09:52:40.950+0800][59.696s][info][gc,heap        ] GC(2396) PSYoungGen: 12225K->3438K(14848K)
[2026-06-17T09:52:40.950+0800][59.696s][info][gc,heap        ] GC(2396) ParOldGen: 37044K->38766K(44032K)
[2026-06-17T09:52:40.951+0800][59.697s][info][gc,metaspace   ] GC(2396) Metaspace: 3166K(4864K)->3166K(4864K) NonClass: 2861K(4352K)->2861K(4352K) Class: 305K(512K)->305K(512K)
[2026-06-17T09:52:40.951+0800][59.697s][info][gc             ] GC(2396) Pause Young (Allocation Failure) 48M->41M(57M) 2.916ms
[2026-06-17T09:52:40.951+0800][59.697s][info][gc,cpu         ] GC(2396) User=0.00s Sys=0.00s Real=0.01s
[2026-06-17T09:52:40.973+0800][59.719s][info][gc,start       ] GC(2397) Pause Young (Allocation Failure)
[2026-06-17T09:52:40.975+0800][59.721s][info][gc,heap        ] GC(2397) PSYoungGen: 12128K->3103K(15872K)
[2026-06-17T09:52:40.976+0800][59.722s][info][gc,heap        ] GC(2397) ParOldGen: 38766K->40854K(44032K)
[2026-06-17T09:52:40.977+0800][59.723s][info][gc,metaspace   ] GC(2397) Metaspace: 3166K(4864K)->3166K(4864K) NonClass: 2861K(4352K)->2861K(4352K) Class: 305K(512K)->305K(512K)
[2026-06-17T09:52:40.977+0800][59.723s][info][gc             ] GC(2397) Pause Young (Allocation Failure) 49M->42M(58M) 4.059ms
[2026-06-17T09:52:40.978+0800][59.724s][info][gc,cpu         ] GC(2397) User=0.00s Sys=0.00s Real=0.00s
[2026-06-17T09:52:41.010+0800][59.756s][info][gc,start       ] GC(2398) Pause Young (Allocation Failure)
[2026-06-17T09:52:41.011+0800][59.756s][info][gc,heap        ] GC(2398) PSYoungGen: 12821K->1875K(15360K)
[2026-06-17T09:52:41.011+0800][59.757s][info][gc,heap        ] GC(2398) ParOldGen: 40854K->40854K(44032K)
[2026-06-17T09:52:41.011+0800][59.757s][info][gc,metaspace   ] GC(2398) Metaspace: 3166K(4864K)->3166K(4864K) NonClass: 2861K(4352K)->2861K(4352K) Class: 305K(512K)->305K(512K)
[2026-06-17T09:52:41.012+0800][59.757s][info][gc             ] GC(2398) Pause Young (Allocation Failure) 52M->41M(58M) 1.815ms
[2026-06-17T09:52:41.012+0800][59.758s][info][gc,cpu         ] GC(2398) User=0.00s Sys=0.00s Real=0.01s
[2026-06-17T09:52:41.033+0800][59.779s][info][gc,start       ] GC(2399) Pause Young (Allocation Failure)
[2026-06-17T09:52:41.034+0800][59.780s][info][gc,heap        ] GC(2399) PSYoungGen: 11546K->2841K(15872K)
[2026-06-17T09:52:41.035+0800][59.781s][info][gc,heap        ] GC(2399) ParOldGen: 40854K->42446K(44032K)
[2026-06-17T09:52:41.035+0800][59.781s][info][gc,metaspace   ] GC(2399) Metaspace: 3166K(4864K)->3166K(4864K) NonClass: 2861K(4352K)->2861K(4352K) Class: 305K(512K)->305K(512K)
[2026-06-17T09:52:41.035+0800][59.781s][info][gc             ] GC(2399) Pause Young (Allocation Failure) 51M->44M(58M) 2.122ms
[2026-06-17T09:52:41.036+0800][59.781s][info][gc,cpu         ] GC(2399) User=0.00s Sys=0.00s Real=0.00s
[2026-06-17T09:52:41.036+0800][59.782s][info][gc,start       ] GC(2400) Pause Full (Ergonomics)
[2026-06-17T09:52:41.036+0800][59.782s][info][gc,phases,start] GC(2400) Marking Phase
[2026-06-17T09:52:41.038+0800][59.783s][info][gc,phases      ] GC(2400) Marking Phase 1.416ms
[2026-06-17T09:52:41.038+0800][59.784s][info][gc,phases,start] GC(2400) Summary Phase
[2026-06-17T09:52:41.038+0800][59.784s][info][gc,phases      ] GC(2400) Summary Phase 0.252ms
[2026-06-17T09:52:41.038+0800][59.784s][info][gc,phases,start] GC(2400) Adjust Roots
[2026-06-17T09:52:41.039+0800][59.785s][info][gc,phases      ] GC(2400) Adjust Roots 0.310ms
[2026-06-17T09:52:41.039+0800][59.785s][info][gc,phases,start] GC(2400) Compaction Phase
[2026-06-17T09:52:41.040+0800][59.786s][info][gc,phases      ] GC(2400) Compaction Phase 1.423ms
[2026-06-17T09:52:41.041+0800][59.787s][info][gc,phases,start] GC(2400) Post Compact
[2026-06-17T09:52:41.041+0800][59.787s][info][gc,phases      ] GC(2400) Post Compact 0.351ms
[2026-06-17T09:52:41.041+0800][59.787s][info][gc,heap        ] GC(2400) PSYoungGen: 2841K->0K(15360K)
[2026-06-17T09:52:41.041+0800][59.787s][info][gc,heap        ] GC(2400) ParOldGen: 42446K->21282K(44032K)
[2026-06-17T09:52:41.042+0800][59.787s][info][gc,metaspace   ] GC(2400) Metaspace: 3166K(4864K)->3166K(4864K) NonClass: 2861K(4352K)->2861K(4352K) Class: 305K(512K)->305K(512K)
[2026-06-17T09:52:41.042+0800][59.788s][info][gc             ] GC(2400) Pause Full (Ergonomics) 44M->20M(58M) 5.850ms
[2026-06-17T09:52:41.042+0800][59.788s][info][gc,cpu         ] GC(2400) User=0.01s Sys=0.00s Real=0.00s
[2026-06-17T09:52:41.063+0800][59.809s][info][gc,start       ] GC(2401) Pause Young (Allocation Failure)
[2026-06-17T09:52:41.065+0800][59.811s][info][gc,heap        ] GC(2401) PSYoungGen: 9705K->5596K(13824K)
[2026-06-17T09:52:41.066+0800][59.812s][info][gc,heap        ] GC(2401) ParOldGen: 21282K->22235K(44032K)
[2026-06-17T09:52:41.066+0800][59.812s][info][gc,metaspace   ] GC(2401) Metaspace: 3166K(4864K)->3166K(4864K) NonClass: 2861K(4352K)->2861K(4352K) Class: 305K(512K)->305K(512K)
[2026-06-17T09:52:41.067+0800][59.812s][info][gc             ] GC(2401) Pause Young (Allocation Failure) 30M->27M(56M) 3.102ms
[2026-06-17T09:52:41.067+0800][59.813s][info][gc,cpu         ] GC(2401) User=0.00s Sys=0.00s Real=0.00s
[2026-06-17T09:52:41.089+0800][59.835s][info][gc,start       ] GC(2402) Pause Young (Allocation Failure)
[2026-06-17T09:52:41.091+0800][59.837s][info][gc,heap        ] GC(2402) PSYoungGen: 13752K->3109K(14848K)
[2026-06-17T09:52:41.092+0800][59.838s][info][gc,heap        ] GC(2402) ParOldGen: 22235K->25471K(44032K)
[2026-06-17T09:52:41.092+0800][59.838s][info][gc,metaspace   ] GC(2402) Metaspace: 3166K(4864K)->3166K(4864K) NonClass: 2861K(4352K)->2861K(4352K) Class: 305K(512K)->305K(512K)
[2026-06-17T09:52:41.093+0800][59.839s][info][gc             ] GC(2402) Pause Young (Allocation Failure) 35M->27M(57M) 4.353ms
[2026-06-17T09:52:41.094+0800][59.840s][info][gc,cpu         ] GC(2402) User=0.01s Sys=0.00s Real=0.01s
[2026-06-17T09:52:41.117+0800][59.863s][info][gc,start       ] GC(2403) Pause Young (Allocation Failure)
[2026-06-17T09:52:41.119+0800][59.865s][info][gc,heap        ] GC(2403) PSYoungGen: 11288K->4263K(15360K)
[2026-06-17T09:52:41.120+0800][59.866s][info][gc,heap        ] GC(2403) ParOldGen: 25471K->25471K(44032K)
[2026-06-17T09:52:41.121+0800][59.867s][info][gc,metaspace   ] GC(2403) Metaspace: 3166K(4864K)->3166K(4864K) NonClass: 2861K(4352K)->2861K(4352K) Class: 305K(512K)->305K(512K)
[2026-06-17T09:52:41.121+0800][59.867s][info][gc             ] GC(2403) Pause Young (Allocation Failure) 35M->29M(58M) 4.329ms
[2026-06-17T09:52:41.122+0800][59.868s][info][gc,cpu         ] GC(2403) User=0.00s Sys=0.00s Real=0.00s
[2026-06-17T09:52:41.145+0800][59.891s][info][gc,start       ] GC(2404) Pause Young (Allocation Failure)
[2026-06-17T09:52:41.147+0800][59.893s][info][gc,heap        ] GC(2404) PSYoungGen: 13461K->3515K(15360K)
[2026-06-17T09:52:41.148+0800][59.894s][info][gc,heap        ] GC(2404) ParOldGen: 25471K->28777K(44032K)
[2026-06-17T09:52:41.149+0800][59.894s][info][gc,metaspace   ] GC(2404) Metaspace: 3166K(4864K)->3166K(4864K) NonClass: 2861K(4352K)->2861K(4352K) Class: 305K(512K)->305K(512K)
[2026-06-17T09:52:41.149+0800][59.895s][info][gc             ] GC(2404) Pause Young (Allocation Failure) 38M->31M(58M) 4.527ms
[2026-06-17T09:52:41.150+0800][59.896s][info][gc,cpu         ] GC(2404) User=0.01s Sys=0.00s Real=0.00s
[2026-06-17T09:52:41.173+0800][59.919s][info][gc,start       ] GC(2405) Pause Young (Allocation Failure)
[2026-06-17T09:52:41.175+0800][59.921s][info][gc,heap        ] GC(2405) PSYoungGen: 12593K->1517K(15360K)
[2026-06-17T09:52:41.176+0800][59.922s][info][gc,heap        ] GC(2405) ParOldGen: 28777K->30051K(44032K)
[2026-06-17T09:52:41.177+0800][59.922s][info][gc,metaspace   ] GC(2405) Metaspace: 3166K(4864K)->3166K(4864K) NonClass: 2861K(4352K)->2861K(4352K) Class: 305K(512K)->305K(512K)
[2026-06-17T09:52:41.177+0800][59.923s][info][gc             ] GC(2405) Pause Young (Allocation Failure) 40M->30M(58M) 4.318ms
[2026-06-17T09:52:41.178+0800][59.924s][info][gc,cpu         ] GC(2405) User=0.00s Sys=0.00s Real=0.00s
[2026-06-17T09:52:41.210+0800][59.956s][info][gc,start       ] GC(2406) Pause Young (Allocation Failure)
[2026-06-17T09:52:41.212+0800][59.957s][info][gc,heap        ] GC(2406) PSYoungGen: 10709K->2291K(15360K)
[2026-06-17T09:52:41.212+0800][59.958s][info][gc,heap        ] GC(2406) ParOldGen: 30051K->31544K(44032K)
[2026-06-17T09:52:41.212+0800][59.958s][info][gc,metaspace   ] GC(2406) Metaspace: 3166K(4864K)->3166K(4864K) NonClass: 2861K(4352K)->2861K(4352K) Class: 305K(512K)->305K(512K)
[2026-06-17T09:52:41.213+0800][59.959s][info][gc             ] GC(2406) Pause Young (Allocation Failure) 39M->33M(58M) 2.370ms
[2026-06-17T09:52:41.213+0800][59.959s][info][gc,cpu         ] GC(2406) User=0.00s Sys=0.00s Real=0.01s
[2026-06-17T09:52:41.235+0800][59.981s][info][gc,start       ] GC(2407) Pause Young (Allocation Failure)
[2026-06-17T09:52:41.237+0800][59.983s][info][gc,heap        ] GC(2407) PSYoungGen: 11507K->3934K(15360K)
[2026-06-17T09:52:41.237+0800][59.983s][info][gc,heap        ] GC(2407) ParOldGen: 31544K->32237K(44032K)
[2026-06-17T09:52:41.238+0800][59.984s][info][gc,metaspace   ] GC(2407) Metaspace: 3166K(4864K)->3166K(4864K) NonClass: 2861K(4352K)->2861K(4352K) Class: 305K(512K)->305K(512K)
[2026-06-17T09:52:41.238+0800][59.984s][info][gc             ] GC(2407) Pause Young (Allocation Failure) 42M->35M(58M) 3.449ms
[2026-06-17T09:52:41.239+0800][59.985s][info][gc,cpu         ] GC(2407) User=0.01s Sys=0.00s Real=0.00s
[2026-06-17T09:52:41.261+0800][60.007s][info][gc,start       ] GC(2408) Pause Young (Allocation Failure)
[2026-06-17T09:52:41.263+0800][60.009s][info][gc,heap        ] GC(2408) PSYoungGen: 13118K->4170K(15360K)
[2026-06-17T09:52:41.263+0800][60.009s][info][gc,heap        ] GC(2408) ParOldGen: 32237K->34191K(44032K)
[2026-06-17T09:52:41.264+0800][60.009s][info][gc,metaspace   ] GC(2408) Metaspace: 3166K(4864K)->3166K(4864K) NonClass: 2861K(4352K)->2861K(4352K) Class: 305K(512K)->305K(512K)
[2026-06-17T09:52:41.264+0800][60.010s][info][gc             ] GC(2408) Pause Young (Allocation Failure) 44M->37M(58M) 3.167ms
[2026-06-17T09:52:41.265+0800][60.011s][info][gc,cpu         ] GC(2408) User=0.00s Sys=0.00s Real=0.01s
[2026-06-17T09:52:41.287+0800][60.033s][info][gc,start       ] GC(2409) Pause Young (Allocation Failure)
[2026-06-17T09:52:41.288+0800][60.034s][info][gc,heap        ] GC(2409) PSYoungGen: 13205K->1220K(15360K)
[2026-06-17T09:52:41.289+0800][60.035s][info][gc,heap        ] GC(2409) ParOldGen: 34191K->36076K(44032K)
[2026-06-17T09:52:41.292+0800][60.037s][info][gc,metaspace   ] GC(2409) Metaspace: 3166K(4864K)->3166K(4864K) NonClass: 2861K(4352K)->2861K(4352K) Class: 305K(512K)->305K(512K)
[2026-06-17T09:52:41.293+0800][60.039s][info][gc             ] GC(2409) Pause Young (Allocation Failure) 46M->36M(58M) 6.115ms
[2026-06-17T09:52:41.294+0800][60.040s][info][gc,cpu         ] GC(2409) User=0.00s Sys=0.00s Real=0.01s
[2026-06-17T09:52:42.310+0800][61.055s][info][gc,heap,exit   ] Heap
[2026-06-17T09:52:42.310+0800][61.056s][info][gc,heap,exit   ]  PSYoungGen      total 15360K, used 2128K [0x00000000feb00000, 0x0000000100000000, 0x0000000100000000)
[2026-06-17T09:52:42.311+0800][61.057s][info][gc,heap,exit   ]   eden space 9216K, 9% used [0x00000000feb00000,0x00000000febe3280,0x00000000ff400000)
[2026-06-17T09:52:42.312+0800][61.057s][info][gc,heap,exit   ]   from space 6144K, 19% used [0x00000000ffa00000,0x00000000ffb31050,0x0000000100000000)
[2026-06-17T09:52:42.312+0800][61.058s][info][gc,heap,exit   ]   to   space 6144K, 0% used [0x00000000ff400000,0x00000000ff400000,0x00000000ffa00000)
[2026-06-17T09:52:42.313+0800][61.059s][info][gc,heap,exit   ]  ParOldGen       total 44032K, used 36076K [0x00000000fc000000, 0x00000000feb00000, 0x00000000feb00000)
[2026-06-17T09:52:42.313+0800][61.059s][info][gc,heap,exit   ]   object space 44032K, 81% used [0x00000000fc000000,0x00000000fe33b390,0x00000000feb00000)
[2026-06-17T09:52:42.314+0800][61.060s][info][gc,heap,exit   ]  Metaspace       used 3175K, capacity 4498K, committed 4864K, reserved 1056768K
[2026-06-17T09:52:42.314+0800][61.060s][info][gc,heap,exit   ]   class space    used 306K, capacity 386K, committed 512K, reserved 1048576K
