OpenJDK 64-Bit Server VM (25.492-b09) for linux-amd64 JRE (1.8.0_492-b09), built on Apr 26 2026 11:46:09 by "jenkins" with gcc 7.5.0
Memory: 4k page, physical 16236576k(13253612k free), swap 4194304k(4194304k free)
CommandLine flags: -XX:InitialHeapSize=67108864 -XX:MaxHeapSize=67108864 -XX:+PrintGC -XX:+PrintGCDateStamps -XX:+PrintGCDetails -XX:+PrintGCTimeStamps -XX:+UseCompressedClassPointers -XX:+UseCompressedOops -XX:+UseSerialGC 
2026-06-17T09:46:35.436+0800: 0.084: [GC (Allocation Failure) 2026-06-17T09:46:35.439+0800: 0.087: [DefNew: 17425K->2176K(19648K), 0.0081597 secs] 17425K->6928K(63360K), 0.0112922 secs] [Times: user=0.00 sys=0.01, real=0.01 secs] 
2026-06-17T09:46:35.493+0800: 0.141: [GC (Allocation Failure) 2026-06-17T09:46:35.495+0800: 0.143: [DefNew: 19648K->2175K(19648K), 0.0061817 secs] 24400K->11343K(63360K), 0.0092025 secs] [Times: user=0.01 sys=0.01, real=0.01 secs] 
2026-06-17T09:46:35.558+0800: 0.206: [GC (Allocation Failure) 2026-06-17T09:46:35.558+0800: 0.206: [DefNew: 19604K->2157K(19648K), 0.0016128 secs] 28772K->11326K(63360K), 0.0032877 secs] [Times: user=0.00 sys=0.00, real=0.00 secs] 
2026-06-17T09:46:35.607+0800: 0.255: [GC (Allocation Failure) 2026-06-17T09:46:35.608+0800: 0.256: [DefNew: 19629K->2135K(19648K), 0.0042806 secs] 28798K->14801K(63360K), 0.0057861 secs] [Times: user=0.01 sys=0.00, real=0.01 secs] 
2026-06-17T09:46:35.656+0800: 0.304: [GC (Allocation Failure) 2026-06-17T09:46:35.657+0800: 0.305: [DefNew: 19587K->2123K(19648K), 0.0020272 secs] 32252K->18812K(63360K), 0.0031751 secs] [Times: user=0.00 sys=0.00, real=0.00 secs] 
2026-06-17T09:46:35.705+0800: 0.353: [GC (Allocation Failure) 2026-06-17T09:46:35.706+0800: 0.354: [DefNew: 19595K->2104K(19648K), 0.0033849 secs] 36284K->22365K(63360K), 0.0048495 secs] [Times: user=0.00 sys=0.00, real=0.00 secs] 
2026-06-17T09:46:35.755+0800: 0.403: [GC (Allocation Failure) 2026-06-17T09:46:35.756+0800: 0.404: [DefNew: 19516K->2159K(19648K), 0.0037107 secs] 39778K->25831K(63360K), 0.0051076 secs] [Times: user=0.00 sys=0.00, real=0.00 secs] 
2026-06-17T09:46:35.821+0800: 0.469: [GC (Allocation Failure) 2026-06-17T09:46:35.822+0800: 0.470: [DefNew: 19631K->2032K(19648K), 0.0017938 secs] 43303K->25871K(63360K), 0.0031732 secs] [Times: user=0.00 sys=0.00, real=0.01 secs] 
2026-06-17T09:46:35.859+0800: 0.507: [GC (Allocation Failure) 2026-06-17T09:46:35.861+0800: 0.509: [DefNew: 19472K->2103K(19648K), 0.0043886 secs] 43311K->29630K(63360K), 0.0066137 secs] [Times: user=0.00 sys=0.00, real=0.01 secs] 
2026-06-17T09:46:35.922+0800: 0.570: [GC (Allocation Failure) 2026-06-17T09:46:35.923+0800: 0.571: [DefNew: 19572K->2107K(19648K), 0.0069029 secs] 47099K->33620K(63360K), 0.0086326 secs] [Times: user=0.00 sys=0.01, real=0.02 secs] 
2026-06-17T09:46:35.976+0800: 0.624: [GC (Allocation Failure) 2026-06-17T09:46:35.977+0800: 0.625: [DefNew: 19556K->2089K(19648K), 0.0041360 secs] 51068K->36864K(63360K), 0.0056013 secs] [Times: user=0.00 sys=0.00, real=0.00 secs] 
2026-06-17T09:46:36.027+0800: 0.675: [GC (Allocation Failure) 2026-06-17T09:46:36.027+0800: 0.675: [DefNew: 19549K->2089K(19648K), 0.0060829 secs] 54324K->40630K(63360K), 0.0074155 secs] [Times: user=0.00 sys=0.01, real=0.01 secs] 
2026-06-17T09:46:36.079+0800: 0.728: [GC (Allocation Failure) 2026-06-17T09:46:36.080+0800: 0.728: [DefNew: 19543K->19543K(19648K), 0.0007862 secs]2026-06-17T09:46:36.082+0800: 0.730: [Tenured: 38541K->24492K(43712K), 0.0063374 secs] 58084K->24492K(63360K), [Metaspace: 2702K->2702K(1056768K)], 0.0097097 secs] [Times: user=0.01 sys=0.00, real=0.01 secs] 
2026-06-17T09:46:36.135+0800: 0.783: [GC (Allocation Failure) 2026-06-17T09:46:36.136+0800: 0.784: [DefNew: 17465K->2171K(19648K), 0.0025071 secs] 41957K->31237K(63360K), 0.0041627 secs] [Times: user=0.00 sys=0.00, real=0.00 secs] 
2026-06-17T09:46:36.184+0800: 0.832: [GC (Allocation Failure) 2026-06-17T09:46:36.185+0800: 0.833: [DefNew: 19643K->2173K(19648K), 0.0026094 secs] 48709K->36449K(63360K), 0.0041190 secs] [Times: user=0.00 sys=0.00, real=0.00 secs] 
2026-06-17T09:46:36.244+0800: 0.892: [GC (Allocation Failure) 2026-06-17T09:46:36.244+0800: 0.893: [DefNew: 19642K->2152K(19648K), 0.0012456 secs] 53918K->37071K(63360K), 0.0025129 secs] [Times: user=0.00 sys=0.00, real=0.00 secs] 
2026-06-17T09:46:36.281+0800: 0.929: [GC (Allocation Failure) 2026-06-17T09:46:36.282+0800: 0.930: [DefNew: 19562K->2160K(19648K), 0.0019754 secs] 54480K->40259K(63360K), 0.0038440 secs] [Times: user=0.00 sys=0.00, real=0.01 secs] 
2026-06-17T09:46:36.340+0800: 0.988: [GC (Allocation Failure) 2026-06-17T09:46:36.341+0800: 0.989: [DefNew: 19632K->19632K(19648K), 0.0014474 secs]2026-06-17T09:46:36.343+0800: 0.991: [Tenured: 38099K->28167K(43712K), 0.0068613 secs] 57731K->28167K(63360K), [Metaspace: 2702K->2702K(1056768K)], 0.0113925 secs] [Times: user=0.01 sys=0.00, real=0.02 secs] 
2026-06-17T09:46:36.394+0800: 1.042: [GC (Allocation Failure) 2026-06-17T09:46:36.395+0800: 1.043: [DefNew: 17411K->2173K(19648K), 0.0011130 secs] 45578K->34992K(63360K), 0.0018604 secs] [Times: user=0.00 sys=0.00, real=0.00 secs] 
2026-06-17T09:46:36.440+0800: 1.088: [GC (Allocation Failure) 2026-06-17T09:46:36.440+0800: 1.088: [DefNew: 19645K->2175K(19648K), 0.0025396 secs] 52464K->40144K(63360K), 0.0038223 secs] [Times: user=0.01 sys=0.00, real=0.01 secs] 
2026-06-17T09:46:36.488+0800: 1.136: [GC (Allocation Failure) 2026-06-17T09:46:36.489+0800: 1.137: [DefNew: 19637K->19637K(19648K), 0.0007113 secs]2026-06-17T09:46:36.490+0800: 1.138: [Tenured: 37969K->28578K(43712K), 0.0064271 secs] 57606K->28578K(63360K), [Metaspace: 2702K->2702K(1056768K)], 0.0093856 secs] [Times: user=0.00 sys=0.00, real=0.01 secs] 
2026-06-17T09:46:36.542+0800: 1.190: [GC (Allocation Failure) 2026-06-17T09:46:36.543+0800: 1.191: [DefNew: 17241K->2108K(19648K), 0.0013579 secs] 45819K->32066K(63360K), 0.0026036 secs] [Times: user=0.00 sys=0.00, real=0.01 secs] 
2026-06-17T09:46:36.590+0800: 1.238: [GC (Allocation Failure) 2026-06-17T09:46:36.591+0800: 1.239: [DefNew: 19575K->2175K(19648K), 0.0029051 secs] 49533K->38875K(63360K), 0.0046979 secs] [Times: user=0.00 sys=0.00, real=0.01 secs] 
2026-06-17T09:46:36.651+0800: 1.299: [GC (Allocation Failure) 2026-06-17T09:46:36.652+0800: 1.300: [DefNew: 19647K->19647K(19648K), 0.0007537 secs]2026-06-17T09:46:36.653+0800: 1.301: [Tenured: 36700K->24627K(43712K), 0.0068476 secs] 56347K->24627K(63360K), [Metaspace: 2702K->2702K(1056768K)], 0.0097159 secs] [Times: user=0.00 sys=0.00, real=0.00 secs] 
2026-06-17T09:46:36.706+0800: 1.354: [GC (Allocation Failure) 2026-06-17T09:46:36.707+0800: 1.355: [DefNew: 17472K->2172K(19648K), 0.0038727 secs] 42099K->31902K(63360K), 0.0062721 secs] [Times: user=0.00 sys=0.00, real=0.01 secs] 
2026-06-17T09:46:36.761+0800: 1.409: [GC (Allocation Failure) 2026-06-17T09:46:36.762+0800: 1.410: [DefNew: 19633K->2164K(19648K), 0.0023105 secs] 49363K->35978K(63360K), 0.0038308 secs] [Times: user=0.00 sys=0.00, real=0.01 secs] 
2026-06-17T09:46:36.810+0800: 1.458: [GC (Allocation Failure) 2026-06-17T09:46:36.811+0800: 1.460: [DefNew: 19396K->1916K(19648K), 0.0027900 secs] 53210K->36044K(63360K), 0.0047514 secs] [Times: user=0.00 sys=0.00, real=0.01 secs] 
2026-06-17T09:46:36.870+0800: 1.518: [GC (Allocation Failure) 2026-06-17T09:46:36.876+0800: 1.524: [DefNew: 19386K->2170K(19648K), 0.0096350 secs] 53514K->42761K(63360K), 0.0174415 secs] [Times: user=0.00 sys=0.00, real=0.02 secs] 
2026-06-17T09:46:36.944+0800: 1.592: [GC (Allocation Failure) 2026-06-17T09:46:36.951+0800: 1.599: [DefNew: 19618K->19618K(19648K), 0.0034601 secs]2026-06-17T09:46:36.955+0800: 1.603: [Tenured: 40590K->29088K(43712K), 0.0038397 secs] 60209K->29088K(63360K), [Metaspace: 2705K->2705K(1056768K)], 0.0173148 secs] [Times: user=0.01 sys=0.00, real=0.02 secs] 
2026-06-17T09:46:36.995+0800: 1.643: [GC (Allocation Failure) 2026-06-17T09:46:36.995+0800: 1.643: [DefNew: 17272K->2175K(19648K), 0.0010905 secs] 46361K->35749K(63360K), 0.0019516 secs] [Times: user=0.00 sys=0.00, real=0.00 secs] 
2026-06-17T09:46:37.049+0800: 1.697: [GC (Allocation Failure) 2026-06-17T09:46:37.050+0800: 1.698: [DefNew: 19647K->2008K(19648K), 0.0013304 secs] 53221K->39355K(63360K), 0.0023113 secs] [Times: user=0.00 sys=0.00, real=0.01 secs] 
2026-06-17T09:46:37.094+0800: 1.742: [GC (Allocation Failure) 2026-06-17T09:46:37.094+0800: 1.742: [DefNew: 19463K->19463K(19648K), 0.0002281 secs]2026-06-17T09:46:37.094+0800: 1.742: [Tenured: 37346K->29366K(43712K), 0.0028764 secs] 56810K->29366K(63360K), [Metaspace: 2705K->2705K(1056768K)], 0.0038905 secs] [Times: user=0.01 sys=0.00, real=0.00 secs] 
2026-06-17T09:46:37.140+0800: 1.788: [GC (Allocation Failure) 2026-06-17T09:46:37.141+0800: 1.789: [DefNew: 17445K->2173K(19648K), 0.0013096 secs] 46812K->36273K(63360K), 0.0023181 secs] [Times: user=0.00 sys=0.00, real=0.00 secs] 
2026-06-17T09:46:37.185+0800: 1.833: [GC (Allocation Failure) 2026-06-17T09:46:37.185+0800: 1.833: [DefNew: 19645K->2168K(19648K), 0.0012680 secs] 53745K->40617K(63360K), 0.0021708 secs] [Times: user=0.00 sys=0.00, real=0.00 secs] 
2026-06-17T09:46:37.230+0800: 1.878: [GC (Allocation Failure) 2026-06-17T09:46:37.233+0800: 1.881: [DefNew: 19558K->19558K(19648K), 0.0038709 secs]2026-06-17T09:46:37.239+0800: 1.887: [Tenured: 38448K->27119K(43712K), 0.0056066 secs] 58007K->27119K(63360K), [Metaspace: 2705K->2705K(1056768K)], 0.0151339 secs] [Times: user=0.01 sys=0.00, real=0.02 secs] 
2026-06-17T09:46:37.301+0800: 1.950: [GC (Allocation Failure) 2026-06-17T09:46:37.303+0800: 1.951: [DefNew: 17472K->2175K(19648K), 0.0007782 secs] 44591K->30928K(63360K), 0.0029327 secs] [Times: user=0.00 sys=0.00, real=0.01 secs] 
2026-06-17T09:46:37.348+0800: 1.996: [GC (Allocation Failure) 2026-06-17T09:46:37.360+0800: 2.008: [DefNew: 19595K->2172K(19648K), 0.0014706 secs] 48348K->34445K(63360K), 0.0146072 secs] [Times: user=0.00 sys=0.00, real=0.02 secs] 
2026-06-17T09:46:37.406+0800: 2.054: [GC (Allocation Failure) 2026-06-17T09:46:37.409+0800: 2.057: [DefNew: 19644K->2171K(19648K), 0.0025389 secs] 51917K->37678K(63360K), 0.0060018 secs] [Times: user=0.01 sys=0.00, real=0.01 secs] 
2026-06-17T09:46:37.458+0800: 2.106: [GC (Allocation Failure) 2026-06-17T09:46:37.458+0800: 2.106: [DefNew: 19643K->2049K(19648K), 0.0012030 secs] 55150K->41185K(63360K), 0.0120919 secs] [Times: user=0.00 sys=0.00, real=0.02 secs] 
2026-06-17T09:46:37.519+0800: 2.167: [GC (Allocation Failure) 2026-06-17T09:46:37.520+0800: 2.168: [DefNew: 19515K->19515K(19648K), 0.0005835 secs]2026-06-17T09:46:37.521+0800: 2.169: [Tenured: 39136K->33434K(43712K), 0.0065808 secs] 58652K->33434K(63360K), [Metaspace: 2705K->2705K(1056768K)], 0.0090962 secs] [Times: user=0.01 sys=0.00, real=0.01 secs] 
2026-06-17T09:46:37.572+0800: 2.220: [GC (Allocation Failure) 2026-06-17T09:46:37.573+0800: 2.221: [DefNew: 17472K->2171K(19648K), 0.0041944 secs] 50906K->40528K(63360K), 0.0067093 secs] [Times: user=0.00 sys=0.00, real=0.00 secs] 
2026-06-17T09:46:37.637+0800: 2.285: [GC (Allocation Failure) 2026-06-17T09:46:37.637+0800: 2.286: [DefNew: 19640K->19640K(19648K), 0.0012985 secs]2026-06-17T09:46:37.639+0800: 2.287: [Tenured: 38357K->23380K(43712K), 0.0060134 secs] 57998K->23380K(63360K), [Metaspace: 2706K->2706K(1056768K)], 0.0090683 secs] [Times: user=0.00 sys=0.00, real=0.01 secs] 
2026-06-17T09:46:37.680+0800: 2.328: [GC (Allocation Failure) 2026-06-17T09:46:37.681+0800: 2.329: [DefNew: 17415K->2168K(19648K), 0.0020852 secs] 40796K->30158K(63360K), 0.0035928 secs] [Times: user=0.00 sys=0.00, real=0.01 secs] 
2026-06-17T09:46:37.738+0800: 2.386: [GC (Allocation Failure) 2026-06-17T09:46:37.739+0800: 2.387: [DefNew: 19640K->2057K(19648K), 0.0017817 secs] 47630K->33947K(63360K), 0.0032641 secs] [Times: user=0.00 sys=0.00, real=0.00 secs] 
2026-06-17T09:46:37.787+0800: 2.435: [GC (Allocation Failure) 2026-06-17T09:46:37.788+0800: 2.436: [DefNew: 19529K->2159K(19648K), 0.0019323 secs] 51419K->36981K(63360K), 0.0033113 secs] [Times: user=0.01 sys=0.00, real=0.01 secs] 
2026-06-17T09:46:37.836+0800: 2.484: [GC (Allocation Failure) 2026-06-17T09:46:37.837+0800: 2.485: [DefNew: 19597K->2171K(19648K), 0.0021801 secs] 54419K->40631K(63360K), 0.0036601 secs] [Times: user=0.00 sys=0.00, real=0.00 secs] 
2026-06-17T09:46:37.885+0800: 2.533: [GC (Allocation Failure) 2026-06-17T09:46:37.888+0800: 2.536: [DefNew: 19601K->19601K(19648K), 0.0015786 secs]2026-06-17T09:46:37.890+0800: 2.538: [Tenured: 38460K->31260K(43712K), 0.0081705 secs] 58062K->31260K(63360K), [Metaspace: 2706K->2706K(1056768K)], 0.0140432 secs] [Times: user=0.01 sys=0.00, real=0.01 secs] 
2026-06-17T09:46:37.947+0800: 2.595: [GC (Allocation Failure) 2026-06-17T09:46:37.948+0800: 2.596: [DefNew: 17451K->2122K(19648K), 0.0017568 secs] 48712K->34587K(63360K), 0.0033890 secs] [Times: user=0.00 sys=0.00, real=0.01 secs] 
2026-06-17T09:46:38.007+0800: 2.655: [GC (Allocation Failure) 2026-06-17T09:46:38.008+0800: 2.656: [DefNew: 19594K->2156K(19648K), 0.0022878 secs] 52059K->38252K(63360K), 0.0040885 secs] [Times: user=0.00 sys=0.00, real=0.01 secs] 
2026-06-17T09:46:38.056+0800: 2.704: [GC (Allocation Failure) 2026-06-17T09:46:38.057+0800: 2.705: [DefNew: 19628K->2170K(19648K), 0.0021805 secs] 55724K->41745K(63360K), 0.0035252 secs] [Times: user=0.00 sys=0.00, real=0.00 secs] 
2026-06-17T09:46:38.105+0800: 2.753: [GC (Allocation Failure) 2026-06-17T09:46:38.106+0800: 2.754: [DefNew: 19642K->19642K(19648K), 0.0006508 secs]2026-06-17T09:46:38.107+0800: 2.755: [Tenured: 39574K->22506K(43712K), 0.0048571 secs] 59217K->22506K(63360K), [Metaspace: 2706K->2706K(1056768K)], 0.0078589 secs] [Times: user=0.01 sys=0.00, real=0.01 secs] 
2026-06-17T09:46:38.158+0800: 2.806: [GC (Allocation Failure) 2026-06-17T09:46:38.159+0800: 2.807: [DefNew: 17472K->2172K(19648K), 0.0023308 secs] 39978K->29552K(63360K), 0.0042980 secs] [Times: user=0.00 sys=0.00, real=0.01 secs] 
2026-06-17T09:46:38.208+0800: 2.856: [GC (Allocation Failure) 2026-06-17T09:46:38.209+0800: 2.857: [DefNew: 19358K->2112K(19648K), 0.0020834 secs] 46738K->31664K(63360K), 0.0037507 secs] [Times: user=0.00 sys=0.00, real=0.01 secs] 
2026-06-17T09:46:38.258+0800: 2.906: [GC (Allocation Failure) 2026-06-17T09:46:38.259+0800: 2.907: [DefNew: 19582K->2172K(19648K), 0.0028200 secs] 49134K->39015K(63360K), 0.0042204 secs] [Times: user=0.00 sys=0.00, real=0.01 secs] 
2026-06-17T09:46:38.319+0800: 2.967: [GC (Allocation Failure) 2026-06-17T09:46:38.319+0800: 2.967: [DefNew: 19644K->19644K(19648K), 0.0007321 secs]2026-06-17T09:46:38.321+0800: 2.969: [Tenured: 36842K->21775K(43712K), 0.0061080 secs] 56487K->21775K(63360K), [Metaspace: 2706K->2706K(1056768K)], 0.0090149 secs] [Times: user=0.00 sys=0.00, real=0.01 secs] 
2026-06-17T09:46:38.362+0800: 3.010: [GC (Allocation Failure) 2026-06-17T09:46:38.362+0800: 3.011: [DefNew: 17398K->2170K(19648K), 0.0011310 secs] 39174K->28208K(63360K), 0.0033698 secs] [Times: user=0.01 sys=0.00, real=0.01 secs] 
2026-06-17T09:46:38.423+0800: 3.071: [GC (Allocation Failure) 2026-06-17T09:46:38.423+0800: 3.071: [DefNew: 19616K->2159K(19648K), 0.0017942 secs] 45655K->31473K(63360K), 0.0031474 secs] [Times: user=0.00 sys=0.00, real=0.00 secs] 
2026-06-17T09:46:38.469+0800: 3.117: [GC (Allocation Failure) 2026-06-17T09:46:38.469+0800: 3.117: [DefNew: 19615K->2174K(19648K), 0.0009688 secs] 48929K->35409K(63360K), 0.0017137 secs] [Times: user=0.00 sys=0.00, real=0.01 secs] 
2026-06-17T09:46:38.514+0800: 3.162: [GC (Allocation Failure) 2026-06-17T09:46:38.517+0800: 3.165: [DefNew: 19646K->2140K(19648K), 0.0022104 secs] 52881K->39701K(63360K), 0.0071231 secs] [Times: user=0.01 sys=0.00, real=0.01 secs] 
2026-06-17T09:46:38.568+0800: 3.216: [GC (Allocation Failure) 2026-06-17T09:46:38.569+0800: 3.217: [DefNew: 19595K->19595K(19648K), 0.0007010 secs]2026-06-17T09:46:38.570+0800: 3.218: [Tenured: 37561K->30867K(43712K), 0.0058782 secs] 57156K->30867K(63360K), [Metaspace: 2706K->2706K(1056768K)], 0.0085650 secs] [Times: user=0.00 sys=0.00, real=0.01 secs] 
2026-06-17T09:46:38.622+0800: 3.270: [GC (Allocation Failure) 2026-06-17T09:46:38.622+0800: 3.271: [DefNew: 17319K->2140K(19648K), 0.0013854 secs] 48186K->34393K(63360K), 0.0026529 secs] [Times: user=0.00 sys=0.00, real=0.01 secs] 
2026-06-17T09:46:38.670+0800: 3.318: [GC (Allocation Failure) 2026-06-17T09:46:38.671+0800: 3.319: [DefNew: 19612K->2174K(19648K), 0.0021529 secs] 51865K->41079K(63360K), 0.0033033 secs] [Times: user=0.00 sys=0.00, real=0.01 secs] 
2026-06-17T09:46:38.728+0800: 3.376: [GC (Allocation Failure) 2026-06-17T09:46:38.729+0800: 3.377: [DefNew: 19642K->19642K(19648K), 0.0009138 secs]2026-06-17T09:46:38.731+0800: 3.379: [Tenured: 38904K->20996K(43712K), 0.0050307 secs] 58546K->20996K(63360K), [Metaspace: 2706K->2706K(1056768K)], 0.0077643 secs] [Times: user=0.01 sys=0.00, real=0.01 secs] 
2026-06-17T09:46:38.781+0800: 3.429: [GC (Allocation Failure) 2026-06-17T09:46:38.781+0800: 3.429: [DefNew: 17471K->2170K(19648K), 0.0026170 secs] 38468K->28241K(63360K), 0.0039163 secs] [Times: user=0.00 sys=0.00, real=0.01 secs] 
2026-06-17T09:46:38.831+0800: 3.479: [GC (Allocation Failure) 2026-06-17T09:46:38.831+0800: 3.479: [DefNew: 19642K->2175K(19648K), 0.0025684 secs] 45713K->32989K(63360K), 0.0040875 secs] [Times: user=0.00 sys=0.00, real=0.00 secs] 
2026-06-17T09:46:38.880+0800: 3.528: [GC (Allocation Failure) 2026-06-17T09:46:38.881+0800: 3.529: [DefNew: 19647K->2171K(19648K), 0.0023845 secs] 50461K->37103K(63360K), 0.0041552 secs] [Times: user=0.01 sys=0.00, real=0.01 secs] 
2026-06-17T09:46:38.928+0800: 3.576: [GC (Allocation Failure) 2026-06-17T09:46:38.930+0800: 3.578: [DefNew: 19594K->2172K(19648K), 0.0040197 secs] 54525K->42959K(63360K), 0.0075145 secs] [Times: user=0.00 sys=0.00, real=0.01 secs] 
2026-06-17T09:46:38.992+0800: 3.640: [GC (Allocation Failure) 2026-06-17T09:46:38.992+0800: 3.640: [DefNew: 19644K->19644K(19648K), 0.0006323 secs]2026-06-17T09:46:38.993+0800: 3.641: [Tenured: 40787K->25667K(43712K), 0.0050216 secs] 60431K->25667K(63360K), [Metaspace: 2706K->2706K(1056768K)], 0.0073406 secs] [Times: user=0.00 sys=0.01, real=0.00 secs] 
2026-06-17T09:46:39.043+0800: 3.691: [GC (Allocation Failure) 2026-06-17T09:46:39.044+0800: 3.692: [DefNew: 17472K->2174K(19648K), 0.0017391 secs] 43139K->32557K(63360K), 0.0034466 secs] [Times: user=0.00 sys=0.00, real=0.00 secs] 
2026-06-17T09:46:39.091+0800: 3.739: [GC (Allocation Failure) 2026-06-17T09:46:39.092+0800: 3.740: [DefNew: 19646K->2170K(19648K), 0.0024538 secs] 50029K->36925K(63360K), 0.0041694 secs] [Times: user=0.00 sys=0.00, real=0.00 secs] 
2026-06-17T09:46:39.141+0800: 3.789: [GC (Allocation Failure) 2026-06-17T09:46:39.142+0800: 3.790: [DefNew: 19557K->2175K(19648K), 0.0016503 secs] 54312K->38396K(63360K), 0.0032475 secs] [Times: user=0.00 sys=0.00, real=0.01 secs] 
2026-06-17T09:46:39.190+0800: 3.838: [GC (Allocation Failure) 2026-06-17T09:46:39.191+0800: 3.839: [DefNew: 19647K->19647K(19648K), 0.0006745 secs]2026-06-17T09:46:39.193+0800: 3.841: [Tenured: 36220K->31005K(43712K), 0.0059787 secs] 55868K->31005K(63360K), [Metaspace: 2706K->2706K(1056768K)], 0.0096757 secs] [Times: user=0.00 sys=0.00, real=0.01 secs] 
2026-06-17T09:46:39.254+0800: 3.902: [GC (Allocation Failure) 2026-06-17T09:46:39.254+0800: 3.902: [DefNew: 17472K->2167K(19648K), 0.0011146 secs] 48477K->35259K(63360K), 0.0019883 secs] [Times: user=0.00 sys=0.00, real=0.00 secs] 
2026-06-17T09:46:39.300+0800: 3.948: [GC (Allocation Failure) 2026-06-17T09:46:39.300+0800: 3.948: [DefNew: 19639K->2060K(19648K), 0.0018481 secs] 52731K->38691K(63360K), 0.0029535 secs] [Times: user=0.00 sys=0.00, real=0.01 secs] 
2026-06-17T09:46:39.346+0800: 3.994: [GC (Allocation Failure) 2026-06-17T09:46:39.347+0800: 3.995: [DefNew: 19529K->2160K(19648K), 0.0014933 secs] 56161K->41981K(63360K), 0.0040599 secs] [Times: user=0.01 sys=0.00, real=0.01 secs] 
2026-06-17T09:46:39.395+0800: 4.043: [GC (Allocation Failure) 2026-06-17T09:46:39.396+0800: 4.044: [DefNew: 19632K->19632K(19648K), 0.0004597 secs]2026-06-17T09:46:39.396+0800: 4.045: [Tenured: 39821K->34390K(43712K), 0.0039133 secs] 59453K->34390K(63360K), [Metaspace: 2706K->2706K(1056768K)], 0.0060433 secs] [Times: user=0.00 sys=0.00, real=0.00 secs] 
2026-06-17T09:46:39.444+0800: 4.092: [GC (Allocation Failure) 2026-06-17T09:46:39.444+0800: 4.092: [DefNew: 17472K->2170K(19648K), 0.0014411 secs] 51862K->41236K(63360K), 0.0023309 secs] [Times: user=0.00 sys=0.00, real=0.00 secs] 
2026-06-17T09:46:39.489+0800: 4.137: [GC (Allocation Failure) 2026-06-17T09:46:39.490+0800: 4.138: [DefNew: 18646K->18646K(19648K), 0.0006512 secs]2026-06-17T09:46:39.491+0800: 4.139: [Tenured: 39065K->27786K(43712K), 0.0044690 secs] 57711K->27786K(63360K), [Metaspace: 2706K->2706K(1056768K)], 0.0069869 secs] [Times: user=0.01 sys=0.00, real=0.01 secs] 
2026-06-17T09:46:39.539+0800: 4.187: [GC (Allocation Failure) 2026-06-17T09:46:39.540+0800: 4.188: [DefNew: 17376K->2167K(19648K), 0.0032715 secs] 45163K->31554K(63360K), 0.0065218 secs] [Times: user=0.00 sys=0.00, real=0.01 secs] 
2026-06-17T09:46:39.605+0800: 4.253: [GC (Allocation Failure) 2026-06-17T09:46:39.635+0800: 4.284: [DefNew: 19598K->2143K(19648K), 0.0091288 secs] 48986K->34786K(63360K), 0.0421806 secs] [Times: user=0.00 sys=0.00, real=0.07 secs] 
2026-06-17T09:46:39.740+0800: 4.388: [GC (Allocation Failure) 2026-06-17T09:46:39.757+0800: 4.405: [DefNew: 19578K->2169K(19648K), 0.0048384 secs] 52221K->38623K(63360K), 0.0233294 secs] [Times: user=0.00 sys=0.00, real=0.03 secs] 
2026-06-17T09:46:39.808+0800: 4.456: [GC (Allocation Failure) 2026-06-17T09:46:39.809+0800: 4.457: [DefNew: 19641K->2170K(19648K), 0.0064795 secs] 56095K->43104K(63360K), 0.0089599 secs] [Times: user=0.00 sys=0.00, real=0.01 secs] 
2026-06-17T09:46:39.875+0800: 4.523: [GC (Allocation Failure) 2026-06-17T09:46:39.876+0800: 4.524: [DefNew: 19642K->19642K(19648K), 0.0012767 secs]2026-06-17T09:46:39.878+0800: 4.526: [Tenured: 40934K->25916K(43712K), 0.0056032 secs] 60576K->25916K(63360K), [Metaspace: 2706K->2706K(1056768K)], 0.0091665 secs] [Times: user=0.00 sys=0.01, real=0.01 secs] 
2026-06-17T09:46:39.929+0800: 4.577: [GC (Allocation Failure) 2026-06-17T09:46:39.929+0800: 4.577: [DefNew: 17459K->2173K(19648K), 0.0013069 secs] 43375K->33204K(63360K), 0.0020837 secs] [Times: user=0.00 sys=0.00, real=0.01 secs] 
2026-06-17T09:46:39.973+0800: 4.621: [GC (Allocation Failure) 2026-06-17T09:46:39.974+0800: 4.622: [DefNew: 19645K->2172K(19648K), 0.0009076 secs] 50676K->36902K(63360K), 0.0015679 secs] [Times: user=0.00 sys=0.00, real=0.00 secs] 
2026-06-17T09:46:40.017+0800: 4.665: [GC (Allocation Failure) 2026-06-17T09:46:40.018+0800: 4.666: [DefNew: 19622K->1642K(19648K), 0.0006262 secs] 54353K->36815K(63360K), 0.0013527 secs] [Times: user=0.00 sys=0.00, real=0.00 secs] 
2026-06-17T09:46:40.061+0800: 4.709: [GC (Allocation Failure) 2026-06-17T09:46:40.062+0800: 4.710: [DefNew: 19114K->2172K(19648K), 0.0024530 secs] 54287K->43901K(63360K), 0.0038407 secs] [Times: user=0.01 sys=0.00, real=0.01 secs] 
2026-06-17T09:46:40.118+0800: 4.766: [GC (Allocation Failure) 2026-06-17T09:46:40.119+0800: 4.767: [DefNew: 19644K->19644K(19648K), 0.0003498 secs]2026-06-17T09:46:40.119+0800: 4.767: [Tenured: 41729K->21748K(43712K), 0.0035742 secs] 61373K->21748K(63360K), [Metaspace: 2706K->2706K(1056768K)], 0.0051489 secs] [Times: user=0.00 sys=0.00, real=0.01 secs] 
2026-06-17T09:46:40.167+0800: 4.815: [GC (Allocation Failure) 2026-06-17T09:46:40.167+0800: 4.815: [DefNew: 17421K->2175K(19648K), 0.0028189 secs] 39170K->28570K(63360K), 0.0038273 secs] [Times: user=0.01 sys=0.00, real=0.01 secs] 
2026-06-17T09:46:40.215+0800: 4.863: [GC (Allocation Failure) 2026-06-17T09:46:40.216+0800: 4.864: [DefNew: 19647K->2174K(19648K), 0.0029860 secs] 46042K->36003K(63360K), 0.0046059 secs] [Times: user=0.00 sys=0.00, real=0.00 secs] 
2026-06-17T09:46:40.263+0800: 4.911: [GC (Allocation Failure) 2026-06-17T09:46:40.264+0800: 4.912: [DefNew: 19646K->2175K(19648K), 0.0013304 secs] 53475K->41325K(63360K), 0.0020956 secs] [Times: user=0.00 sys=0.00, real=0.00 secs] 
2026-06-17T09:46:40.308+0800: 4.956: [GC (Allocation Failure) 2026-06-17T09:46:40.309+0800: 4.957: [DefNew: 19644K->19644K(19648K), 0.0003953 secs]2026-06-17T09:46:40.309+0800: 4.957: [Tenured: 39149K->27070K(43712K), 0.0042386 secs] 58793K->27070K(63360K), [Metaspace: 2706K->2706K(1056768K)], 0.0060937 secs] [Times: user=0.00 sys=0.00, real=0.01 secs] 
2026-06-17T09:46:40.368+0800: 5.016: [GC (Allocation Failure) 2026-06-17T09:46:40.368+0800: 5.017: [DefNew: 17472K->2138K(19648K), 0.0006315 secs] 44542K->30452K(63360K), 0.0012783 secs] [Times: user=0.00 sys=0.00, real=0.00 secs] 
2026-06-17T09:46:40.402+0800: 5.050: [GC (Allocation Failure) 2026-06-17T09:46:40.407+0800: 5.055: [DefNew: 19418K->2166K(19648K), 0.0014573 secs] 47732K->33305K(63360K), 0.0118457 secs] [Times: user=0.01 sys=0.00, real=0.02 secs] 
2026-06-17T09:46:40.460+0800: 5.108: [GC (Allocation Failure) 2026-06-17T09:46:40.461+0800: 5.109: [DefNew: 19628K->2170K(19648K), 0.0028683 secs] 50767K->40548K(63360K), 0.0043811 secs] [Times: user=0.00 sys=0.00, real=0.01 secs] 
2026-06-17T09:46:40.521+0800: 5.169: [GC (Allocation Failure) 2026-06-17T09:46:40.521+0800: 5.169: [DefNew: 19601K->19601K(19648K), 0.0007584 secs]2026-06-17T09:46:40.523+0800: 5.171: [Tenured: 38377K->27443K(43712K), 0.0066846 secs] 57979K->27443K(63360K), [Metaspace: 2707K->2707K(1056768K)], 0.0098395 secs] [Times: user=0.00 sys=0.00, real=0.02 secs] 
2026-06-17T09:46:40.564+0800: 5.212: [GC (Allocation Failure) 2026-06-17T09:46:40.565+0800: 5.213: [DefNew: 17240K->2171K(19648K), 0.0018254 secs] 44684K->34343K(63360K), 0.0028028 secs] [Times: user=0.00 sys=0.00, real=0.00 secs] 
2026-06-17T09:46:40.621+0800: 5.269: [GC (Allocation Failure) 2026-06-17T09:46:40.621+0800: 5.270: [DefNew: 19643K->2070K(19648K), 0.0016591 secs] 51815K->37531K(63360K), 0.0029607 secs] [Times: user=0.00 sys=0.00, real=0.01 secs] 
2026-06-17T09:46:40.668+0800: 5.316: [GC (Allocation Failure) 2026-06-17T09:46:40.669+0800: 5.317: [DefNew: 19532K->2171K(19648K), 0.0012556 secs] 54994K->41447K(63360K), 0.0026067 secs] [Times: user=0.00 sys=0.00, real=0.01 secs] 
2026-06-17T09:46:40.713+0800: 5.361: [GC (Allocation Failure) 2026-06-17T09:46:40.714+0800: 5.362: [DefNew: 19643K->19643K(19648K), 0.0004099 secs]2026-06-17T09:46:40.715+0800: 5.363: [Tenured: 39275K->31537K(43712K), 0.0034221 secs] 58919K->31537K(63360K), [Metaspace: 2707K->2707K(1056768K)], 0.0055940 secs] [Times: user=0.01 sys=0.00, real=0.00 secs] 
2026-06-17T09:46:40.763+0800: 5.411: [GC (Allocation Failure) 2026-06-17T09:46:40.763+0800: 5.411: [DefNew: 17472K->2172K(19648K), 0.0015239 secs] 49009K->38242K(63360K), 0.0026079 secs] [Times: user=0.00 sys=0.00, real=0.00 secs] 
2026-06-17T09:46:40.809+0800: 5.457: [GC (Allocation Failure) 2026-06-17T09:46:40.812+0800: 5.460: [DefNew: 19337K->19337K(19648K), 0.0020793 secs]2026-06-17T09:46:40.815+0800: 5.463: [Tenured: 36069K->23939K(43712K), 0.0060641 secs] 55407K->23939K(63360K), [Metaspace: 2707K->2707K(1056768K)], 0.0123413 secs] [Times: user=0.00 sys=0.00, real=0.02 secs] 
2026-06-17T09:46:40.869+0800: 5.517: [GC (Allocation Failure) 2026-06-17T09:46:40.869+0800: 5.517: [DefNew: 17472K->2168K(19648K), 0.0016120 secs] 41411K->30942K(63360K), 0.0027014 secs] [Times: user=0.00 sys=0.00, real=0.01 secs] 
2026-06-17T09:46:40.925+0800: 5.573: [GC (Allocation Failure) 2026-06-17T09:46:40.926+0800: 5.574: [DefNew: 19640K->2109K(19648K), 0.0011287 secs] 48414K->33108K(63360K), 0.0021221 secs] [Times: user=0.00 sys=0.00, real=0.00 secs] 
2026-06-17T09:46:40.971+0800: 5.619: [GC (Allocation Failure) 2026-06-17T09:46:40.971+0800: 5.620: [DefNew: 19551K->2167K(19648K), 0.0016370 secs] 50550K->36344K(63360K), 0.0027885 secs] [Times: user=0.00 sys=0.00, real=0.00 secs] 
2026-06-17T09:46:41.018+0800: 5.666: [GC (Allocation Failure) 2026-06-17T09:46:41.019+0800: 5.667: [DefNew: 19589K->2175K(19648K), 0.0029590 secs] 53766K->39605K(63360K), 0.0071243 secs] [Times: user=0.00 sys=0.00, real=0.01 secs] 
2026-06-17T09:46:41.072+0800: 5.720: [GC (Allocation Failure) 2026-06-17T09:46:41.072+0800: 5.721: [DefNew: 19624K->19624K(19648K), 0.0004394 secs]2026-06-17T09:46:41.073+0800: 5.721: [Tenured: 37429K->25669K(43712K), 0.0040380 secs] 57054K->25669K(63360K), [Metaspace: 2707K->2707K(1056768K)], 0.0062819 secs] [Times: user=0.00 sys=0.00, real=0.00 secs] 
2026-06-17T09:46:41.121+0800: 5.769: [GC (Allocation Failure) 2026-06-17T09:46:41.122+0800: 5.770: [DefNew: 17472K->2171K(19648K), 0.0016226 secs] 43141K->33153K(63360K), 0.0027862 secs] [Times: user=0.00 sys=0.00, real=0.01 secs] 
2026-06-17T09:46:41.177+0800: 5.825: [GC (Allocation Failure) 2026-06-17T09:46:41.184+0800: 5.832: [DefNew: 19626K->2078K(19648K), 0.0023919 secs] 50608K->34308K(63360K), 0.0093137 secs] [Times: user=0.00 sys=0.00, real=0.01 secs] 
2026-06-17T09:46:41.229+0800: 5.877: [GC (Allocation Failure) 2026-06-17T09:46:41.229+0800: 5.878: [DefNew: 19550K->2151K(19648K), 0.0007849 secs] 51780K->37810K(63360K), 0.0013520 secs] [Times: user=0.00 sys=0.00, real=0.01 secs] 
2026-06-17T09:46:41.273+0800: 5.921: [GC (Allocation Failure) 2026-06-17T09:46:41.273+0800: 5.921: [DefNew: 19612K->2167K(19648K), 0.0007972 secs] 55271K->41590K(63360K), 0.0015268 secs] [Times: user=0.00 sys=0.00, real=0.00 secs] 
2026-06-17T09:46:41.317+0800: 5.965: [GC (Allocation Failure) 2026-06-17T09:46:41.317+0800: 5.965: [DefNew: 19633K->19633K(19648K), 0.0003227 secs]2026-06-17T09:46:41.318+0800: 5.966: [Tenured: 39422K->27951K(43712K), 0.0031787 secs] 59056K->27951K(63360K), [Metaspace: 2707K->2707K(1056768K)], 0.0048052 secs] [Times: user=0.01 sys=0.00, real=0.00 secs] 
2026-06-17T09:46:41.364+0800: 6.012: [GC (Allocation Failure) 2026-06-17T09:46:41.364+0800: 6.012: [DefNew: 17472K->2172K(19648K), 0.0008988 secs] 45423K->34893K(63360K), 0.0014683 secs] [Times: user=0.00 sys=0.00, real=0.00 secs] 
2026-06-17T09:46:41.418+0800: 6.066: [GC (Allocation Failure) 2026-06-17T09:46:41.418+0800: 6.066: [DefNew: 19644K->2130K(19648K), 0.0008000 secs] 52365K->37461K(63360K), 0.0015115 secs] [Times: user=0.00 sys=0.00, real=0.00 secs] 
2026-06-17T09:46:41.452+0800: 6.100: [GC (Allocation Failure) 2026-06-17T09:46:41.453+0800: 6.101: [DefNew: 19259K->2114K(19648K), 0.0014138 secs] 54589K->40671K(63360K), 0.0050536 secs] [Times: user=0.00 sys=0.00, real=0.00 secs] 
2026-06-17T09:46:41.512+0800: 6.160: [GC (Allocation Failure) 2026-06-17T09:46:41.513+0800: 6.161: [DefNew: 19586K->19586K(19648K), 0.0002345 secs]2026-06-17T09:46:41.513+0800: 6.161: [Tenured: 38557K->22797K(43712K), 0.0025103 secs] 58143K->22797K(63360K), [Metaspace: 2707K->2707K(1056768K)], 0.0036418 secs] [Times: user=0.00 sys=0.00, real=0.00 secs] 
2026-06-17T09:46:41.558+0800: 6.206: [GC (Allocation Failure) 2026-06-17T09:46:41.559+0800: 6.207: [DefNew: 17471K->2171K(19648K), 0.0014227 secs] 40268K->29328K(63360K), 0.0022245 secs] [Times: user=0.00 sys=0.00, real=0.00 secs] 
2026-06-17T09:46:41.604+0800: 6.252: [GC (Allocation Failure) 2026-06-17T09:46:41.604+0800: 6.252: [DefNew: 19643K->2134K(19648K), 0.0013135 secs] 46800K->34542K(63360K), 0.0020844 secs] [Times: user=0.00 sys=0.01, real=0.00 secs] 
2026-06-17T09:46:41.648+0800: 6.296: [GC (Allocation Failure) 2026-06-17T09:46:41.648+0800: 6.297: [DefNew: 19606K->2174K(19648K), 0.0009874 secs] 52014K->37858K(63360K), 0.0022876 secs] [Times: user=0.00 sys=0.00, real=0.01 secs] 
2026-06-17T09:46:41.693+0800: 6.341: [GC (Allocation Failure) 2026-06-17T09:46:41.694+0800: 6.342: [DefNew: 19646K->2172K(19648K), 0.0014638 secs] 55330K->41619K(63360K), 0.0023999 secs] [Times: user=0.01 sys=0.00, real=0.00 secs] 
2026-06-17T09:46:41.739+0800: 6.387: [GC (Allocation Failure) 2026-06-17T09:46:41.739+0800: 6.388: [DefNew: 19644K->19644K(19648K), 0.0004010 secs]2026-06-17T09:46:41.740+0800: 6.388: [Tenured: 39446K->29698K(43712K), 0.0043204 secs] 59091K->29698K(63360K), [Metaspace: 2707K->2707K(1056768K)], 0.0063832 secs] [Times: user=0.00 sys=0.00, real=0.01 secs] 
2026-06-17T09:46:41.799+0800: 6.447: [GC (Allocation Failure) 2026-06-17T09:46:41.800+0800: 6.448: [DefNew: 17469K->2118K(19648K), 0.0011823 secs] 47168K->33373K(63360K), 0.0023697 secs] [Times: user=0.00 sys=0.00, real=0.00 secs] 
2026-06-17T09:46:41.835+0800: 6.483: [GC (Allocation Failure) 2026-06-17T09:46:41.836+0800: 6.484: [DefNew: 18768K->2058K(19648K), 0.0014065 secs] 50022K->36295K(63360K), 0.0026540 secs] [Times: user=0.00 sys=0.00, real=0.00 secs] 
2026-06-17T09:46:41.892+0800: 6.540: [GC (Allocation Failure) 2026-06-17T09:46:41.892+0800: 6.540: [DefNew: 19530K->2141K(19648K), 0.0017172 secs] 53767K->40462K(63360K), 0.0027332 secs] [Times: user=0.00 sys=0.00, real=0.00 secs] 
2026-06-17T09:46:41.939+0800: 6.587: [GC (Allocation Failure) 2026-06-17T09:46:41.940+0800: 6.588: [DefNew: 19613K->19613K(19648K), 0.0008154 secs]2026-06-17T09:46:41.941+0800: 6.589: [Tenured: 38320K->25742K(43712K), 0.0050254 secs] 57934K->25742K(63360K), [Metaspace: 2707K->2707K(1056768K)], 0.0083827 secs] [Times: user=0.00 sys=0.00, real=0.01 secs] 
2026-06-17T09:46:41.991+0800: 6.639: [GC (Allocation Failure) 2026-06-17T09:46:41.992+0800: 6.640: [DefNew: 17472K->2169K(19648K), 0.0019650 secs] 43214K->32638K(63360K), 0.0037293 secs] [Times: user=0.01 sys=0.00, real=0.00 secs] 
2026-06-17T09:46:42.040+0800: 6.688: [GC (Allocation Failure) 2026-06-17T09:46:42.042+0800: 6.690: [DefNew: 19622K->2168K(19648K), 0.0104592 secs] 50091K->37327K(63360K), 0.0143966 secs] [Times: user=0.00 sys=0.00, real=0.02 secs] 
2026-06-17T09:46:42.098+0800: 6.746: [GC (Allocation Failure) 2026-06-17T09:46:42.099+0800: 6.747: [DefNew: 19640K->1922K(19648K), 0.0007950 secs] 54799K->37970K(63360K), 0.0018578 secs] [Times: user=0.00 sys=0.00, real=0.00 secs] 
2026-06-17T09:46:42.144+0800: 6.792: [GC (Allocation Failure) 2026-06-17T09:46:42.145+0800: 6.793: [DefNew: 19394K->2174K(19648K), 0.0031802 secs] 55442K->44982K(63360K), 0.0043132 secs] [Times: user=0.00 sys=0.00, real=0.00 secs] 
2026-06-17T09:46:42.202+0800: 6.850: [GC (Allocation Failure) 2026-06-17T09:46:42.203+0800: 6.851: [DefNew: 19646K->19646K(19648K), 0.0003748 secs]2026-06-17T09:46:42.203+0800: 6.852: [Tenured: 42808K->30233K(43712K), 0.0033137 secs] 62454K->30233K(63360K), [Metaspace: 2707K->2707K(1056768K)], 0.0054384 secs] [Times: user=0.00 sys=0.00, real=0.01 secs] 
2026-06-17T09:46:42.250+0800: 6.899: [GC (Allocation Failure) 2026-06-17T09:46:42.251+0800: 6.899: [DefNew: 17466K->2171K(19648K), 0.0015607 secs] 47700K->37357K(63360K), 0.0031034 secs] [Times: user=0.00 sys=0.01, real=0.00 secs] 
2026-06-17T09:46:42.297+0800: 6.945: [GC (Allocation Failure) 2026-06-17T09:46:42.298+0800: 6.946: [DefNew: 19643K->2173K(19648K), 0.0016735 secs] 54829K->41816K(63360K), 0.0028560 secs] [Times: user=0.00 sys=0.00, real=0.00 secs] 
2026-06-17T09:46:42.345+0800: 6.993: [GC (Allocation Failure) 2026-06-17T09:46:42.346+0800: 6.994: [DefNew: 19630K->19630K(19648K), 0.0006634 secs]2026-06-17T09:46:42.349+0800: 6.997: [Tenured: 39642K->30596K(43712K), 0.0050412 secs] 59272K->30596K(63360K), [Metaspace: 2707K->2707K(1056768K)], 0.0101977 secs] [Times: user=0.00 sys=0.00, real=0.01 secs] 
2026-06-17T09:46:42.409+0800: 7.057: [GC (Allocation Failure) 2026-06-17T09:46:42.410+0800: 7.058: [DefNew: 17472K->2119K(19648K), 0.0012047 secs] 48068K->34196K(63360K), 0.0025077 secs] [Times: user=0.00 sys=0.00, real=0.01 secs] 
2026-06-17T09:46:42.455+0800: 7.103: [GC (Allocation Failure) 2026-06-17T09:46:42.455+0800: 7.103: [DefNew: 19586K->2100K(19648K), 0.0010809 secs] 51663K->37408K(63360K), 0.0039176 secs] [Times: user=0.00 sys=0.00, real=0.00 secs] 
2026-06-17T09:46:42.492+0800: 7.140: [GC (Allocation Failure) 2026-06-17T09:46:42.493+0800: 7.141: [DefNew: 19473K->2167K(19648K), 0.0015553 secs] 54780K->40549K(63360K), 0.0028643 secs] [Times: user=0.00 sys=0.00, real=0.00 secs] 
2026-06-17T09:46:42.548+0800: 7.197: [GC (Allocation Failure) 2026-06-17T09:46:42.549+0800: 7.197: [DefNew: 19633K->19633K(19648K), 0.0006207 secs]2026-06-17T09:46:42.550+0800: 7.199: [Tenured: 38382K->31332K(43712K), 0.0035454 secs] 58016K->31332K(63360K), [Metaspace: 2707K->2707K(1056768K)], 0.0062216 secs] [Times: user=0.00 sys=0.00, real=0.01 secs] 
2026-06-17T09:46:42.598+0800: 7.246: [GC (Allocation Failure) 2026-06-17T09:46:42.599+0800: 7.247: [DefNew: 17472K->2171K(19648K), 0.0011560 secs] 48804K->38102K(63360K), 0.0025992 secs] [Times: user=0.00 sys=0.00, real=0.00 secs] 
2026-06-17T09:46:42.644+0800: 7.292: [GC (Allocation Failure) 2026-06-17T09:46:42.645+0800: 7.293: [DefNew: 19643K->2175K(19648K), 0.0019006 secs] 55574K->44439K(63360K), 0.0034155 secs] [Times: user=0.00 sys=0.00, real=0.00 secs] 
2026-06-17T09:46:42.691+0800: 7.339: [GC (Allocation Failure) 2026-06-17T09:46:42.692+0800: 7.340: [DefNew: 19635K->19635K(19648K), 0.0006861 secs]2026-06-17T09:46:42.693+0800: 7.341: [Tenured: 42263K->32016K(43712K), 0.0037528 secs] 61899K->32016K(63360K), [Metaspace: 2707K->2707K(1056768K)], 0.0062715 secs] [Times: user=0.00 sys=0.00, real=0.00 secs] 
2026-06-17T09:46:42.741+0800: 7.389: [GC (Allocation Failure) 2026-06-17T09:46:42.742+0800: 7.390: [DefNew: 17472K->2169K(19648K), 0.0013640 secs] 49488K->38217K(63360K), 0.0027933 secs] [Times: user=0.00 sys=0.00, real=0.01 secs] 
2026-06-17T09:46:42.787+0800: 7.435: [GC (Allocation Failure) 2026-06-17T09:46:42.788+0800: 7.436: [DefNew: 19601K->2118K(19648K), 0.0014930 secs] 55649K->43100K(63360K), 0.0028918 secs] [Times: user=0.00 sys=0.00, real=0.01 secs] 
2026-06-17T09:46:42.844+0800: 7.492: [GC (Allocation Failure) 2026-06-17T09:46:42.844+0800: 7.492: [DefNew: 19590K->19590K(19648K), 0.0006348 secs]2026-06-17T09:46:42.846+0800: 7.494: [Tenured: 40982K->28158K(43712K), 0.0036512 secs] 60572K->28158K(63360K), [Metaspace: 2707K->2707K(1056768K)], 0.0062909 secs] [Times: user=0.00 sys=0.00, real=0.01 secs] 
2026-06-17T09:46:42.884+0800: 7.532: [GC (Allocation Failure) 2026-06-17T09:46:42.885+0800: 7.533: [DefNew: 17116K->2170K(19648K), 0.0016122 secs] 45274K->34556K(63360K), 0.0048804 secs] [Times: user=0.00 sys=0.00, real=0.00 secs] 
2026-06-17T09:46:42.932+0800: 7.580: [GC (Allocation Failure) 2026-06-17T09:46:42.933+0800: 7.581: [DefNew: 19617K->2175K(19648K), 0.0016971 secs] 52004K->41734K(63360K), 0.0029458 secs] [Times: user=0.00 sys=0.00, real=0.00 secs] 
2026-06-17T09:46:42.988+0800: 7.636: [GC (Allocation Failure) 2026-06-17T09:46:42.990+0800: 7.638: [DefNew: 19647K->19647K(19648K), 0.0006413 secs]2026-06-17T09:46:42.991+0800: 7.639: [Tenured: 39558K->22076K(43712K), 0.0036966 secs] 59206K->22076K(63360K), [Metaspace: 2707K->2707K(1056768K)], 0.0070759 secs] [Times: user=0.01 sys=0.00, real=0.01 secs] 
2026-06-17T09:46:43.038+0800: 7.686: [GC (Allocation Failure) 2026-06-17T09:46:43.039+0800: 7.687: [DefNew: 17465K->2162K(19648K), 0.0012115 secs] 39542K->29234K(63360K), 0.0019755 secs] [Times: user=0.00 sys=0.00, real=0.00 secs] 
2026-06-17T09:46:43.082+0800: 7.730: [GC (Allocation Failure) 2026-06-17T09:46:43.083+0800: 7.731: [DefNew: 19634K->2173K(19648K), 0.0009812 secs] 46706K->33143K(63360K), 0.0017577 secs] [Times: user=0.00 sys=0.00, real=0.01 secs] 
2026-06-17T09:46:43.127+0800: 7.775: [GC (Allocation Failure) 2026-06-17T09:46:43.127+0800: 7.775: [DefNew: 19645K->2175K(19648K), 0.0010508 secs] 50615K->37912K(63360K), 0.0017752 secs] [Times: user=0.00 sys=0.00, real=0.00 secs] 
2026-06-17T09:46:43.171+0800: 7.819: [GC (Allocation Failure) 2026-06-17T09:46:43.172+0800: 7.820: [DefNew: 19611K->19611K(19648K), 0.0005434 secs]2026-06-17T09:46:43.173+0800: 7.821: [Tenured: 35737K->26981K(43712K), 0.0036072 secs] 55349K->26981K(63360K), [Metaspace: 2707K->2707K(1056768K)], 0.0060109 secs] [Times: user=0.00 sys=0.00, real=0.00 secs] 
2026-06-17T09:46:43.230+0800: 7.878: [GC (Allocation Failure) 2026-06-17T09:46:43.230+0800: 7.878: [DefNew: 17452K->2142K(19648K), 0.0007958 secs] 44434K->30945K(63360K), 0.0016236 secs] [Times: user=0.00 sys=0.00, real=0.01 secs] 
2026-06-17T09:46:43.264+0800: 7.912: [GC (Allocation Failure) 2026-06-17T09:46:43.265+0800: 7.913: [DefNew: 19497K->2144K(19648K), 0.0013863 secs] 48301K->34235K(63360K), 0.0022283 secs] [Times: user=0.00 sys=0.00, real=0.00 secs] 
2026-06-17T09:46:43.319+0800: 7.967: [GC (Allocation Failure) 2026-06-17T09:46:43.320+0800: 7.968: [DefNew: 19610K->2141K(19648K), 0.0008633 secs] 51701K->37910K(63360K), 0.0015198 secs] [Times: user=0.00 sys=0.00, real=0.00 secs] 
2026-06-17T09:46:43.363+0800: 8.011: [GC (Allocation Failure) 2026-06-17T09:46:43.363+0800: 8.011: [DefNew: 19613K->2164K(19648K), 0.0007624 secs] 55382K->41615K(63360K), 0.0013895 secs] [Times: user=0.00 sys=0.00, real=0.00 secs] 
2026-06-17T09:46:43.407+0800: 8.055: [GC (Allocation Failure) 2026-06-17T09:46:43.407+0800: 8.055: [DefNew: 19636K->19636K(19648K), 0.0003640 secs]2026-06-17T09:46:43.408+0800: 8.056: [Tenured: 39450K->31620K(43712K), 0.0036180 secs] 59087K->31620K(63360K), [Metaspace: 2707K->2707K(1056768K)], 0.0051679 secs] [Times: user=0.00 sys=0.00, real=0.01 secs] 
2026-06-17T09:46:43.454+0800: 8.102: [GC (Allocation Failure) 2026-06-17T09:46:43.455+0800: 8.103: [DefNew: 17453K->2173K(19648K), 0.0012210 secs] 49074K->39075K(63360K), 0.0020542 secs] [Times: user=0.00 sys=0.00, real=0.00 secs] 
2026-06-17T09:46:43.499+0800: 8.147: [GC (Allocation Failure) 2026-06-17T09:46:43.499+0800: 8.147: [DefNew: 19496K->19496K(19648K), 0.0002872 secs]2026-06-17T09:46:43.500+0800: 8.148: [Tenured: 36901K->25763K(43712K), 0.0028788 secs] 56397K->25763K(63360K), [Metaspace: 2707K->2707K(1056768K)], 0.0041702 secs] [Times: user=0.00 sys=0.00, real=0.01 secs] 
2026-06-17T09:46:43.556+0800: 8.204: [GC (Allocation Failure) 2026-06-17T09:46:43.557+0800: 8.205: [DefNew: 17442K->2167K(19648K), 0.0015087 secs] 43206K->29796K(63360K), 0.0029939 secs] [Times: user=0.00 sys=0.00, real=0.00 secs] 
2026-06-17T09:46:43.602+0800: 8.250: [GC (Allocation Failure) 2026-06-17T09:46:43.602+0800: 8.250: [DefNew: 19508K->1967K(19648K), 0.0005939 secs] 47137K->30187K(63360K), 0.0012121 secs] [Times: user=0.00 sys=0.00, real=0.01 secs] 
2026-06-17T09:46:43.645+0800: 8.293: [GC (Allocation Failure) 2026-06-17T09:46:43.646+0800: 8.294: [DefNew: 19439K->2169K(19648K), 0.0011950 secs] 47659K->37029K(63360K), 0.0018349 secs] [Times: user=0.00 sys=0.00, real=0.00 secs] 
2026-06-17T09:46:43.700+0800: 8.348: [GC (Allocation Failure) 2026-06-17T09:46:43.700+0800: 8.348: [DefNew: 19597K->2033K(19648K), 0.0008105 secs] 54457K->38314K(63360K), 0.0014501 secs] [Times: user=0.00 sys=0.00, real=0.00 secs] 
2026-06-17T09:46:43.733+0800: 8.381: [GC (Allocation Failure) 2026-06-17T09:46:43.734+0800: 8.382: [DefNew: 19488K->19488K(19648K), 0.0002093 secs]2026-06-17T09:46:43.734+0800: 8.382: [Tenured: 36281K->32078K(43712K), 0.0029561 secs] 55769K->32078K(63360K), [Metaspace: 2707K->2707K(1056768K)], 0.0040796 secs] [Times: user=0.00 sys=0.00, real=0.00 secs] 
2026-06-17T09:46:43.790+0800: 8.438: [GC (Allocation Failure) 2026-06-17T09:46:43.790+0800: 8.438: [DefNew: 17466K->2170K(19648K), 0.0011125 secs] 49544K->36109K(63360K), 0.0018652 secs] [Times: user=0.01 sys=0.00, real=0.01 secs] 
2026-06-17T09:46:43.835+0800: 8.483: [GC (Allocation Failure) 2026-06-17T09:46:43.836+0800: 8.484: [DefNew: 19642K->2175K(19648K), 0.0022206 secs] 53581K->40302K(63360K), 0.0037211 secs] [Times: user=0.00 sys=0.00, real=0.00 secs] 
2026-06-17T09:46:43.884+0800: 8.532: [GC (Allocation Failure) 2026-06-17T09:46:43.885+0800: 8.533: [DefNew: 19647K->19647K(19648K), 0.0007994 secs]2026-06-17T09:46:43.887+0800: 8.535: [Tenured: 38126K->27860K(43712K), 0.0072728 secs] 57774K->27860K(63360K), [Metaspace: 2707K->2707K(1056768K)], 0.0104413 secs] [Times: user=0.01 sys=0.00, real=0.01 secs] 
2026-06-17T09:46:43.948+0800: 8.596: [GC (Allocation Failure) 2026-06-17T09:46:43.949+0800: 8.597: [DefNew: 17462K->2120K(19648K), 0.0016450 secs] 45323K->32012K(63360K), 0.0027234 secs] [Times: user=0.00 sys=0.00, real=0.01 secs] 
2026-06-17T09:46:43.984+0800: 8.632: [GC (Allocation Failure) 2026-06-17T09:46:43.985+0800: 8.633: [DefNew: 19280K->2124K(19648K), 0.0010957 secs] 49172K->34898K(63360K), 0.0019982 secs] [Times: user=0.00 sys=0.00, real=0.00 secs] 
2026-06-17T09:46:44.028+0800: 8.677: [GC (Allocation Failure) 2026-06-17T09:46:44.029+0800: 8.677: [DefNew: 18811K->2121K(19648K), 0.0008591 secs] 51585K->37607K(63360K), 0.0016244 secs] [Times: user=0.00 sys=0.00, real=0.00 secs] 
2026-06-17T09:46:44.083+0800: 8.731: [GC (Allocation Failure) 2026-06-17T09:46:44.083+0800: 8.731: [DefNew: 19593K->2103K(19648K), 0.0009179 secs] 55079K->40849K(63360K), 0.0016135 secs] [Times: user=0.00 sys=0.00, real=0.00 secs] 
2026-06-17T09:46:44.127+0800: 8.775: [GC (Allocation Failure) 2026-06-17T09:46:44.127+0800: 8.776: [DefNew: 19563K->19563K(19648K), 0.0015255 secs]2026-06-17T09:46:44.130+0800: 8.778: [Tenured: 38745K->20858K(43712K), 0.0029221 secs] 58308K->20858K(63360K), [Metaspace: 2707K->2707K(1056768K)], 0.0075267 secs] [Times: user=0.00 sys=0.00, real=0.01 secs] 
2026-06-17T09:46:44.178+0800: 8.826: [GC (Allocation Failure) 2026-06-17T09:46:44.179+0800: 8.827: [DefNew: 17446K->2171K(19648K), 0.0022600 secs] 38304K->27745K(63360K), 0.0041902 secs] [Times: user=0.00 sys=0.00, real=0.01 secs] 
2026-06-17T09:46:44.227+0800: 8.875: [GC (Allocation Failure) 2026-06-17T09:46:44.227+0800: 8.875: [DefNew: 19530K->2129K(19648K), 0.0022771 secs] 45104K->29874K(63360K), 0.0036938 secs] [Times: user=0.00 sys=0.00, real=0.01 secs] 
2026-06-17T09:46:44.275+0800: 8.923: [GC (Allocation Failure) 2026-06-17T09:46:44.275+0800: 8.923: [DefNew: 19601K->2174K(19648K), 0.0012992 secs] 47346K->36628K(63360K), 0.0023754 secs] [Times: user=0.00 sys=0.00, real=0.00 secs] 
2026-06-17T09:46:44.331+0800: 8.979: [GC (Allocation Failure) 2026-06-17T09:46:44.331+0800: 8.979: [DefNew: 19633K->1893K(19648K), 0.0008550 secs] 54087K->37822K(63360K), 0.0024336 secs] [Times: user=0.01 sys=0.00, real=0.00 secs] 
2026-06-17T09:46:44.377+0800: 9.025: [GC (Allocation Failure) 2026-06-17T09:46:44.378+0800: 9.026: [DefNew: 19365K->2140K(19648K), 0.0011897 secs] 55294K->42032K(63360K), 0.0023896 secs] [Times: user=0.00 sys=0.00, real=0.00 secs] 
2026-06-17T09:46:44.423+0800: 9.071: [GC (Allocation Failure) 2026-06-17T09:46:44.424+0800: 9.072: [DefNew: 19564K->19564K(19648K), 0.0026071 secs]2026-06-17T09:46:44.428+0800: 9.076: [Tenured: 39891K->29527K(43712K), 0.0061621 secs] 59456K->29527K(63360K), [Metaspace: 2707K->2707K(1056768K)], 0.0116679 secs] [Times: user=0.00 sys=0.00, real=0.01 secs] 
2026-06-17T09:46:44.480+0800: 9.128: [GC (Allocation Failure) 2026-06-17T09:46:44.480+0800: 9.128: [DefNew: 17433K->2174K(19648K), 0.0014108 secs] 46960K->36883K(63360K), 0.0022111 secs] [Times: user=0.00 sys=0.00, real=0.01 secs] 
2026-06-17T09:46:44.525+0800: 9.173: [GC (Allocation Failure) 2026-06-17T09:46:44.526+0800: 9.174: [DefNew: 19632K->2161K(19648K), 0.0031970 secs] 54341K->42294K(63360K), 0.0058753 secs] [Times: user=0.00 sys=0.00, real=0.01 secs] 
2026-06-17T09:46:44.586+0800: 9.234: [GC (Allocation Failure) 2026-06-17T09:46:44.587+0800: 9.235: [DefNew: 19630K->19630K(19648K), 0.0003073 secs]2026-06-17T09:46:44.587+0800: 9.235: [Tenured: 40133K->29304K(43712K), 0.0035751 secs] 59763K->29304K(63360K), [Metaspace: 2707K->2707K(1056768K)], 0.0051026 secs] [Times: user=0.00 sys=0.00, real=0.01 secs] 
2026-06-17T09:46:44.635+0800: 9.283: [GC (Allocation Failure) 2026-06-17T09:46:44.636+0800: 9.284: [DefNew: 17472K->2170K(19648K), 0.0021369 secs] 46776K->36053K(63360K), 0.0046156 secs] [Times: user=0.00 sys=0.00, real=0.00 secs] 
2026-06-17T09:46:44.683+0800: 9.331: [GC (Allocation Failure) 2026-06-17T09:46:44.684+0800: 9.332: [DefNew: 19634K->2128K(19648K), 0.0017755 secs] 53517K->40075K(63360K), 0.0032584 secs] [Times: user=0.00 sys=0.00, real=0.00 secs] 
2026-06-17T09:46:44.731+0800: 9.379: [GC (Allocation Failure) 2026-06-17T09:46:44.732+0800: 9.380: [DefNew: 19574K->19574K(19648K), 0.0011158 secs]2026-06-17T09:46:44.734+0800: 9.383: [Tenured: 37946K->27529K(43712K), 0.0063985 secs] 57521K->27529K(63360K), [Metaspace: 2707K->2707K(1056768K)], 0.0106650 secs] [Times: user=0.00 sys=0.00, real=0.01 secs] 
2026-06-17T09:46:44.787+0800: 9.436: [GC (Allocation Failure) 2026-06-17T09:46:44.788+0800: 9.436: [DefNew: 17426K->2173K(19648K), 0.0028452 secs] 44956K->34729K(63360K), 0.0044492 secs] [Times: user=0.01 sys=0.00, real=0.01 secs] 
2026-06-17T09:46:44.848+0800: 9.496: [GC (Allocation Failure) 2026-06-17T09:46:44.850+0800: 9.498: [DefNew: 19645K->1712K(19648K), 0.0017474 secs] 52201K->35935K(63360K), 0.0040235 secs] [Times: user=0.00 sys=0.00, real=0.01 secs] 
2026-06-17T09:46:44.886+0800: 9.534: [GC (Allocation Failure) 2026-06-17T09:46:44.887+0800: 9.535: [DefNew: 19075K->2156K(19648K), 0.0015494 secs] 53298K->39090K(63360K), 0.0027137 secs] [Times: user=0.01 sys=0.00, real=0.00 secs] 
2026-06-17T09:46:44.942+0800: 9.590: [GC (Allocation Failure) 2026-06-17T09:46:44.943+0800: 9.591: [DefNew: 19628K->19628K(19648K), 0.0008510 secs]2026-06-17T09:46:44.947+0800: 9.595: [Tenured: 36934K->22111K(43712K), 0.0042952 secs] 56562K->22111K(63360K), [Metaspace: 2708K->2708K(1056768K)], 0.0095444 secs] [Times: user=0.00 sys=0.00, real=0.02 secs] 
2026-06-17T09:46:44.996+0800: 9.644: [GC (Allocation Failure) 2026-06-17T09:46:44.996+0800: 9.644: [DefNew: 17450K->2173K(19648K), 0.0012072 secs] 39562K->29256K(63360K), 0.0020109 secs] [Times: user=0.00 sys=0.00, real=0.00 secs] 
2026-06-17T09:46:45.040+0800: 9.688: [GC (Allocation Failure) 2026-06-17T09:46:45.041+0800: 9.689: [DefNew: 19631K->2152K(19648K), 0.0012827 secs] 46714K->34675K(63360K), 0.0020402 secs] [Times: user=0.00 sys=0.00, real=0.01 secs] 
2026-06-17T09:46:45.085+0800: 9.733: [GC (Allocation Failure) 2026-06-17T09:46:45.085+0800: 9.733: [DefNew: 19579K->2169K(19648K), 0.0013780 secs] 52103K->38284K(63360K), 0.0022375 secs] [Times: user=0.00 sys=0.00, real=0.00 secs] 
2026-06-17T09:46:45.131+0800: 9.779: [GC (Allocation Failure) 2026-06-17T09:46:45.137+0800: 9.785: [DefNew: 19641K->1705K(19648K), 0.0014181 secs] 55756K->39039K(63360K), 0.0083057 secs] [Times: user=0.00 sys=0.00, real=0.00 secs] 
2026-06-17T09:46:45.193+0800: 9.841: [GC (Allocation Failure) 2026-06-17T09:46:45.194+0800: 9.842: [DefNew: 19177K->19177K(19648K), 0.0006131 secs]2026-06-17T09:46:45.195+0800: 9.843: [Tenured: 37334K->27485K(43712K), 0.0049373 secs] 56511K->27485K(63360K), [Metaspace: 2708K->2708K(1056768K)], 0.0073431 secs] [Times: user=0.00 sys=0.00, real=0.00 secs] 
2026-06-17T09:46:45.244+0800: 9.892: [GC (Allocation Failure) 2026-06-17T09:46:45.245+0800: 9.893: [DefNew: 17472K->2174K(19648K), 0.0026612 secs] 44957K->34445K(63360K), 0.0041479 secs] [Times: user=0.01 sys=0.00, real=0.00 secs] 
2026-06-17T09:46:45.293+0800: 9.941: [GC (Allocation Failure) 2026-06-17T09:46:45.293+0800: 9.941: [DefNew: 19646K->2110K(19648K), 0.0016665 secs] 51917K->40657K(63360K), 0.0028760 secs] [Times: user=0.00 sys=0.00, real=0.00 secs] 
2026-06-17T09:46:45.339+0800: 9.987: [GC (Allocation Failure) 2026-06-17T09:46:45.340+0800: 9.988: [DefNew: 19552K->19552K(19648K), 0.0004983 secs]2026-06-17T09:46:45.341+0800: 9.989: [Tenured: 38547K->28887K(43712K), 0.0053958 secs] 58100K->28887K(63360K), [Metaspace: 2709K->2709K(1056768K)], 0.0072892 secs] [Times: user=0.01 sys=0.00, real=0.01 secs] 
2026-06-17T09:46:45.389+0800: 10.037: [GC (Allocation Failure) 2026-06-17T09:46:45.390+0800: 10.038: [DefNew: 17359K->2062K(19648K), 0.0010803 secs] 46246K->32737K(63360K), 0.0021173 secs] [Times: user=0.00 sys=0.00, real=0.01 secs] 
2026-06-17T09:46:45.448+0800: 10.096: [GC (Allocation Failure) 2026-06-17T09:46:45.449+0800: 10.097: [DefNew: 19530K->2165K(19648K), 0.0020855 secs] 50204K->36121K(63360K), 0.0035654 secs] [Times: user=0.00 sys=0.00, real=0.01 secs] 
2026-06-17T09:46:45.496+0800: 10.145: [GC (Allocation Failure) 2026-06-17T09:46:45.497+0800: 10.145: [DefNew: 19607K->2169K(19648K), 0.0025318 secs] 53562K->40280K(63360K), 0.0041474 secs] [Times: user=0.00 sys=0.00, real=0.00 secs] 
2026-06-17T09:46:45.545+0800: 10.193: [GC (Allocation Failure) 2026-06-17T09:46:45.546+0800: 10.194: [DefNew: 19607K->19607K(19648K), 0.0007935 secs]2026-06-17T09:46:45.547+0800: 10.195: [Tenured: 38111K->32179K(43712K), 0.0058270 secs] 57719K->32179K(63360K), [Metaspace: 2709K->2709K(1056768K)], 0.0084125 secs] [Times: user=0.01 sys=0.00, real=0.01 secs] 
2026-06-17T09:46:45.598+0800: 10.246: [GC (Allocation Failure) 2026-06-17T09:46:45.598+0800: 10.246: [DefNew: 17460K->2174K(19648K), 0.0019491 secs] 49640K->39216K(63360K), 0.0030900 secs] [Times: user=0.00 sys=0.00, real=0.00 secs] 
2026-06-17T09:46:45.644+0800: 10.293: [GC (Allocation Failure) 2026-06-17T09:46:45.645+0800: 10.293: [DefNew: 19580K->19580K(19648K), 0.0006634 secs]2026-06-17T09:46:45.646+0800: 10.294: [Tenured: 37041K->25610K(43712K), 0.0039473 secs] 56621K->25610K(63360K), [Metaspace: 2709K->2709K(1056768K)], 0.0061171 secs] [Times: user=0.01 sys=0.00, real=0.01 secs] 
2026-06-17T09:46:45.704+0800: 10.352: [GC (Allocation Failure) 2026-06-17T09:46:45.705+0800: 10.353: [DefNew: 17457K->2070K(19648K), 0.0014462 secs] 43067K->29055K(63360K), 0.0024865 secs] [Times: user=0.00 sys=0.00, real=0.00 secs] 
2026-06-17T09:46:45.751+0800: 10.399: [GC (Allocation Failure) 2026-06-17T09:46:45.751+0800: 10.399: [DefNew: 19531K->2087K(19648K), 0.0017182 secs] 46516K->32326K(63360K), 0.0032197 secs] [Times: user=0.00 sys=0.00, real=0.00 secs] 
2026-06-17T09:46:45.798+0800: 10.446: [GC (Allocation Failure) 2026-06-17T09:46:45.799+0800: 10.447: [DefNew: 19557K->2123K(19648K), 0.0020493 secs] 49796K->35885K(63360K), 0.0036646 secs] [Times: user=0.00 sys=0.00, real=0.01 secs] 
2026-06-17T09:46:45.845+0800: 10.493: [GC (Allocation Failure) 2026-06-17T09:46:45.846+0800: 10.494: [DefNew: 19582K->2173K(19648K), 0.0012263 secs] 53345K->38716K(63360K), 0.0023729 secs] [Times: user=0.00 sys=0.00, real=0.00 secs] 
2026-06-17T09:46:45.891+0800: 10.539: [GC (Allocation Failure) 2026-06-17T09:46:45.892+0800: 10.540: [DefNew: 19481K->1953K(19648K), 0.0013597 secs] 56024K->39687K(63360K), 0.0027506 secs] [Times: user=0.00 sys=0.00, real=0.00 secs] 
2026-06-17T09:46:45.938+0800: 10.586: [GC (Allocation Failure) 2026-06-17T09:46:45.939+0800: 10.587: [DefNew: 19402K->19402K(19648K), 0.0004890 secs]2026-06-17T09:46:45.940+0800: 10.588: [Tenured: 37733K->21864K(43712K), 0.0038405 secs] 57135K->21864K(63360K), [Metaspace: 2709K->2709K(1056768K)], 0.0061786 secs] [Times: user=0.01 sys=0.00, real=0.01 secs] 
2026-06-17T09:46:45.997+0800: 10.646: [GC (Allocation Failure) 2026-06-17T09:46:45.998+0800: 10.646: [DefNew: 17461K->2117K(19648K), 0.0011142 secs] 39325K->25301K(63360K), 0.0023278 secs] [Times: user=0.00 sys=0.00, real=0.00 secs] 
2026-06-17T09:46:46.043+0800: 10.691: [GC (Allocation Failure) 2026-06-17T09:46:46.043+0800: 10.691: [DefNew: 19554K->2162K(19648K), 0.0011038 secs] 42739K->29174K(63360K), 0.0018799 secs] [Times: user=0.00 sys=0.00, real=0.00 secs] 
2026-06-17T09:46:46.088+0800: 10.736: [GC (Allocation Failure) 2026-06-17T09:46:46.089+0800: 10.737: [DefNew: 19625K->2165K(19648K), 0.0021215 secs] 46637K->32773K(63360K), 0.0033429 secs] [Times: user=0.01 sys=0.00, real=0.01 secs] 
2026-06-17T09:46:46.136+0800: 10.784: [GC (Allocation Failure) 2026-06-17T09:46:46.136+0800: 10.784: [DefNew: 19637K->2174K(19648K), 0.0019320 secs] 50245K->36659K(63360K), 0.0029876 secs] [Times: user=0.00 sys=0.00, real=0.00 secs] 
2026-06-17T09:46:46.182+0800: 10.830: [GC (Allocation Failure) 2026-06-17T09:46:46.183+0800: 10.831: [DefNew: 19588K->2170K(19648K), 0.0019427 secs] 54073K->41487K(63360K), 0.0033184 secs] [Times: user=0.00 sys=0.00, real=0.01 secs] 
2026-06-17T09:46:46.239+0800: 10.887: [GC (Allocation Failure) 2026-06-17T09:46:46.240+0800: 10.888: [DefNew: 19630K->19630K(19648K), 0.0006935 secs]2026-06-17T09:46:46.241+0800: 10.889: [Tenured: 39316K->26345K(43712K), 0.0057747 secs] 58947K->26345K(63360K), [Metaspace: 2709K->2709K(1056768K)], 0.0088863 secs] [Times: user=0.00 sys=0.00, real=0.01 secs] 
2026-06-17T09:46:46.282+0800: 10.930: [GC (Allocation Failure) 2026-06-17T09:46:46.283+0800: 10.931: [DefNew: 17388K->2170K(19648K), 0.0020649 secs] 43733K->32947K(63360K), 0.0034705 secs] [Times: user=0.01 sys=0.00, real=0.01 secs] 
2026-06-17T09:46:46.339+0800: 10.988: [GC (Allocation Failure) 2026-06-17T09:46:46.340+0800: 10.988: [DefNew: 19642K->2078K(19648K), 0.0012015 secs] 50419K->35989K(63360K), 0.0026357 secs] [Times: user=0.00 sys=0.00, real=0.01 secs] 
2026-06-17T09:46:46.385+0800: 11.034: [GC (Allocation Failure) 2026-06-17T09:46:46.386+0800: 11.035: [DefNew: 19525K->2117K(19648K), 0.0021477 secs] 53437K->39880K(63360K), 0.0037614 secs] [Times: user=0.00 sys=0.00, real=0.00 secs] 
2026-06-17T09:46:46.433+0800: 11.081: [GC (Allocation Failure) 2026-06-17T09:46:46.435+0800: 11.083: [DefNew: 19581K->19581K(19648K), 0.0007056 secs]2026-06-17T09:46:46.436+0800: 11.084: [Tenured: 37763K->30958K(43712K), 0.0038255 secs] 57345K->30958K(63360K), [Metaspace: 2709K->2709K(1056768K)], 0.0087788 secs] [Times: user=0.01 sys=0.00, real=0.01 secs] 
2026-06-17T09:46:46.486+0800: 11.134: [GC (Allocation Failure) 2026-06-17T09:46:46.496+0800: 11.144: [DefNew: 17465K->2174K(19648K), 0.0024443 secs] 48424K->38069K(63360K), 0.0304043 secs] [Times: user=0.00 sys=0.00, real=0.03 secs] 
2026-06-17T09:46:46.560+0800: 11.208: [GC (Allocation Failure) 2026-06-17T09:46:46.561+0800: 11.209: [DefNew: 19447K->2138K(19648K), 0.0008188 secs] 55342K->40024K(63360K), 0.0022677 secs] [Times: user=0.00 sys=0.00, real=0.00 secs] 
2026-06-17T09:46:46.615+0800: 11.263: [GC (Allocation Failure) 2026-06-17T09:46:46.620+0800: 11.268: [DefNew: 19555K->19555K(19648K), 0.0037714 secs]2026-06-17T09:46:46.624+0800: 11.272: [Tenured: 37886K->27364K(43712K), 0.0044390 secs] 57441K->27364K(63360K), [Metaspace: 2709K->2709K(1056768K)], 0.0151591 secs] [Times: user=0.01 sys=0.00, real=0.02 secs] 
2026-06-17T09:46:46.675+0800: 11.323: [GC (Allocation Failure) 2026-06-17T09:46:46.676+0800: 11.325: [DefNew: 17472K->2175K(19648K), 0.0050838 secs] 44836K->34241K(63360K), 0.0093607 secs] [Times: user=0.00 sys=0.00, real=0.01 secs] 
2026-06-17T09:46:46.732+0800: 11.380: [GC (Allocation Failure) 2026-06-17T09:46:46.733+0800: 11.381: [DefNew: 19615K->2071K(19648K), 0.0012367 secs] 51681K->39777K(63360K), 0.0021849 secs] [Times: user=0.00 sys=0.00, real=0.00 secs] 
2026-06-17T09:46:46.777+0800: 11.425: [GC (Allocation Failure) 2026-06-17T09:46:46.782+0800: 11.430: [DefNew: 19531K->19531K(19648K), 0.0004080 secs]2026-06-17T09:46:46.783+0800: 11.431: [Tenured: 37705K->28282K(43712K), 0.0036668 secs] 57236K->28282K(63360K), [Metaspace: 2709K->2709K(1056768K)], 0.0130339 secs] [Times: user=0.01 sys=0.00, real=0.02 secs] 
2026-06-17T09:46:46.836+0800: 11.484: [GC (Allocation Failure) 2026-06-17T09:46:46.837+0800: 11.485: [DefNew: 17437K->2114K(19648K), 0.0006806 secs] 45719K->32069K(63360K), 0.0012270 secs] [Times: user=0.00 sys=0.00, real=0.00 secs] 
2026-06-17T09:46:46.880+0800: 11.528: [GC (Allocation Failure) 2026-06-17T09:46:46.881+0800: 11.529: [DefNew: 19586K->2173K(19648K), 0.0044575 secs] 49541K->38837K(63360K), 0.0081227 secs] [Times: user=0.00 sys=0.00, real=0.01 secs] 
2026-06-17T09:46:46.930+0800: 11.579: [GC (Allocation Failure) 2026-06-17T09:46:46.939+0800: 11.587: [DefNew: 19025K->19025K(19648K), 0.0016576 secs]2026-06-17T09:46:46.941+0800: 11.589: [Tenured: 36664K->24865K(43712K), 0.0025245 secs] 55689K->24865K(63360K), [Metaspace: 2709K->2709K(1056768K)], 0.0168282 secs] [Times: user=0.00 sys=0.00, real=0.01 secs] 
2026-06-17T09:46:46.992+0800: 11.640: [GC (Allocation Failure) 2026-06-17T09:46:46.993+0800: 11.641: [DefNew: 17386K->2160K(19648K), 0.0009842 secs] 42252K->28274K(63360K), 0.0019440 secs] [Times: user=0.00 sys=0.00, real=0.00 secs] 
2026-06-17T09:46:47.047+0800: 11.695: [GC (Allocation Failure) 2026-06-17T09:46:47.047+0800: 11.695: [DefNew: 19632K->2072K(19648K), 0.0009883 secs] 45746K->32048K(63360K), 0.0019868 secs] [Times: user=0.00 sys=0.00, real=0.00 secs] 
2026-06-17T09:46:47.091+0800: 11.740: [GC (Allocation Failure) 2026-06-17T09:46:47.092+0800: 11.740: [DefNew: 19544K->2172K(19648K), 0.0007558 secs] 49520K->35447K(63360K), 0.0028387 secs] [Times: user=0.00 sys=0.00, real=0.00 secs] 
2026-06-17T09:46:47.137+0800: 11.785: [GC (Allocation Failure) 2026-06-17T09:46:47.146+0800: 11.794: [DefNew: 19644K->2122K(19648K), 0.0016162 secs] 52919K->39060K(63360K), 0.0131261 secs] [Times: user=0.00 sys=0.00, real=0.02 secs] 
2026-06-17T09:46:47.198+0800: 11.846: [GC (Allocation Failure) 2026-06-17T09:46:47.201+0800: 11.849: [DefNew: 19594K->19594K(19648K), 0.0005052 secs]2026-06-17T09:46:47.202+0800: 11.850: [Tenured: 36938K->27449K(43712K), 0.0064580 secs] 56532K->27449K(63360K), [Metaspace: 2709K->2709K(1056768K)], 0.0116974 secs] [Times: user=0.01 sys=0.00, real=0.01 secs] 
2026-06-17T09:46:47.252+0800: 11.900: [GC (Allocation Failure) 2026-06-17T09:46:47.254+0800: 11.902: [DefNew: 17179K->2101K(19648K), 0.0024106 secs] 44628K->31076K(63360K), 0.0065774 secs] [Times: user=0.00 sys=0.00, real=0.00 secs] 
2026-06-17T09:46:47.316+0800: 11.964: [GC (Allocation Failure) 2026-06-17T09:46:47.317+0800: 11.965: [DefNew: 19546K->2018K(19648K), 0.0012652 secs] 48521K->34949K(63360K), 0.0021072 secs] [Times: user=0.00 sys=0.00, real=0.00 secs] 
2026-06-17T09:46:47.360+0800: 12.008: [GC (Allocation Failure) 2026-06-17T09:46:47.361+0800: 12.009: [DefNew: 19477K->2173K(19648K), 0.0008556 secs] 52408K->38949K(63360K), 0.0015738 secs] [Times: user=0.00 sys=0.00, real=0.01 secs] 
2026-06-17T09:46:47.408+0800: 12.056: [GC (Allocation Failure) 2026-06-17T09:46:47.409+0800: 12.058: [DefNew: 19645K->2170K(19648K), 0.0019311 secs] 56421K->43500K(63360K), 0.0039051 secs] [Times: user=0.00 sys=0.00, real=0.01 secs] 
2026-06-17T09:46:47.456+0800: 12.104: [GC (Allocation Failure) 2026-06-17T09:46:47.457+0800: 12.105: [DefNew: 19638K->19638K(19648K), 0.0013063 secs]2026-06-17T09:46:47.460+0800: 12.108: [Tenured: 41330K->23738K(43712K), 0.0055432 secs] 60969K->23738K(63360K), [Metaspace: 2709K->2709K(1056768K)], 0.0101005 secs] [Times: user=0.01 sys=0.00, real=0.01 secs] 
2026-06-17T09:46:47.511+0800: 12.159: [GC (Allocation Failure) 2026-06-17T09:46:47.512+0800: 12.160: [DefNew: 17287K->2123K(19648K), 0.0018416 secs] 41026K->27156K(63360K), 0.0033797 secs] [Times: user=0.00 sys=0.00, real=0.00 secs] 
2026-06-17T09:46:47.569+0800: 12.217: [GC (Allocation Failure) 2026-06-17T09:46:47.570+0800: 12.218: [DefNew: 19549K->2085K(19648K), 0.0013284 secs] 44582K->30909K(63360K), 0.0035686 secs] [Times: user=0.00 sys=0.00, real=0.01 secs] 
2026-06-17T09:46:47.621+0800: 12.269: [GC (Allocation Failure) 2026-06-17T09:46:47.622+0800: 12.270: [DefNew: 19531K->2174K(19648K), 0.0022497 secs] 48356K->34400K(63360K), 0.0039862 secs] [Times: user=0.00 sys=0.00, real=0.01 secs] 
2026-06-17T09:46:47.670+0800: 12.318: [GC (Allocation Failure) 2026-06-17T09:46:47.670+0800: 12.318: [DefNew: 19635K->2154K(19648K), 0.0012695 secs] 51861K->38934K(63360K), 0.0023239 secs] [Times: user=0.00 sys=0.00, real=0.01 secs] 
2026-06-17T09:46:47.725+0800: 12.373: [GC (Allocation Failure) 2026-06-17T09:46:47.726+0800: 12.374: [DefNew: 19626K->1869K(19648K), 0.0006694 secs] 56406K->39263K(63360K), 0.0013836 secs] [Times: user=0.00 sys=0.00, real=0.00 secs] 
2026-06-17T09:46:47.769+0800: 12.417: [GC (Allocation Failure) 2026-06-17T09:46:47.770+0800: 12.418: [DefNew: 19341K->19341K(19648K), 0.0004585 secs]2026-06-17T09:46:47.771+0800: 12.419: [Tenured: 37393K->29343K(43712K), 0.0041256 secs] 56735K->29343K(63360K), [Metaspace: 2709K->2709K(1056768K)], 0.0059311 secs] [Times: user=0.00 sys=0.00, real=0.01 secs] 
2026-06-17T09:46:47.818+0800: 12.466: [GC (Allocation Failure) 2026-06-17T09:46:47.818+0800: 12.466: [DefNew: 17445K->2170K(19648K), 0.0014166 secs] 46789K->36399K(63360K), 0.0022396 secs] [Times: user=0.00 sys=0.00, real=0.00 secs] 
2026-06-17T09:46:47.862+0800: 12.510: [GC (Allocation Failure) 2026-06-17T09:46:47.863+0800: 12.511: [DefNew: 19642K->2174K(19648K), 0.0016521 secs] 53871K->41223K(63360K), 0.0025888 secs] [Times: user=0.00 sys=0.00, real=0.01 secs] 
2026-06-17T09:46:47.909+0800: 12.557: [GC (Allocation Failure) 2026-06-17T09:46:47.912+0800: 12.560: [DefNew: 19627K->19627K(19648K), 0.0004299 secs]2026-06-17T09:46:47.913+0800: 12.561: [Tenured: 39049K->31016K(43712K), 0.0056130 secs] 58676K->31016K(63360K), [Metaspace: 2709K->2709K(1056768K)], 0.0098845 secs] [Times: user=0.01 sys=0.00, real=0.01 secs] 
2026-06-17T09:46:47.973+0800: 12.621: [GC (Allocation Failure) 2026-06-17T09:46:47.973+0800: 12.621: [DefNew: 17472K->2132K(19648K), 0.0015538 secs] 48488K->34592K(63360K), 0.0027171 secs] [Times: user=0.00 sys=0.00, real=0.00 secs] 
2026-06-17T09:46:48.009+0800: 12.657: [GC (Allocation Failure) 2026-06-17T09:46:48.010+0800: 12.658: [DefNew: 19401K->2153K(19648K), 0.0020086 secs] 51862K->38322K(63360K), 0.0031199 secs] [Times: user=0.00 sys=0.00, real=0.01 secs] 
2026-06-17T09:46:48.066+0800: 12.714: [GC (Allocation Failure) 2026-06-17T09:46:48.067+0800: 12.715: [DefNew: 19625K->2114K(19648K), 0.0019764 secs] 55794K->41304K(63360K), 0.0031338 secs] [Times: user=0.00 sys=0.00, real=0.00 secs] 
2026-06-17T09:46:48.114+0800: 12.762: [GC (Allocation Failure) 2026-06-17T09:46:48.114+0800: 12.762: [DefNew: 19556K->19556K(19648K), 0.0004781 secs]2026-06-17T09:46:48.115+0800: 12.763: [Tenured: 39189K->26549K(43712K), 0.0069156 secs] 58746K->26549K(63360K), [Metaspace: 2709K->2709K(1056768K)], 0.0092499 secs] [Times: user=0.01 sys=0.00, real=0.01 secs] 
2026-06-17T09:46:48.166+0800: 12.814: [GC (Allocation Failure) 2026-06-17T09:46:48.167+0800: 12.815: [DefNew: 17436K->2171K(19648K), 0.0014966 secs] 43985K->33803K(63360K), 0.0029102 secs] [Times: user=0.00 sys=0.00, real=0.00 secs] 
2026-06-17T09:46:48.213+0800: 12.862: [GC (Allocation Failure) 2026-06-17T09:46:48.214+0800: 12.862: [DefNew: 19590K->2175K(19648K), 0.0013613 secs] 51222K->38758K(63360K), 0.0028170 secs] [Times: user=0.00 sys=0.00, real=0.00 secs] 
2026-06-17T09:46:48.260+0800: 12.908: [GC (Allocation Failure) 2026-06-17T09:46:48.262+0800: 12.910: [DefNew: 19491K->19491K(19648K), 0.0007992 secs]2026-06-17T09:46:48.263+0800: 12.911: [Tenured: 36582K->24321K(43712K), 0.0034998 secs] 56074K->24321K(63360K), [Metaspace: 2709K->2709K(1056768K)], 0.0074488 secs] [Times: user=0.00 sys=0.00, real=0.01 secs] 
2026-06-17T09:46:48.321+0800: 12.969: [GC (Allocation Failure) 2026-06-17T09:46:48.322+0800: 12.970: [DefNew: 17455K->2070K(19648K), 0.0011936 secs] 41777K->27814K(63360K), 0.0024113 secs] [Times: user=0.00 sys=0.00, real=0.01 secs] 
2026-06-17T09:46:48.367+0800: 13.015: [GC (Allocation Failure) 2026-06-17T09:46:48.367+0800: 13.015: [DefNew: 19542K->2169K(19648K), 0.0011944 secs] 45286K->31226K(63360K), 0.0023964 secs] [Times: user=0.00 sys=0.00, real=0.00 secs] 
2026-06-17T09:46:48.413+0800: 13.061: [GC (Allocation Failure) 2026-06-17T09:46:48.414+0800: 13.062: [DefNew: 19641K->2122K(19648K), 0.0015002 secs] 48698K->34476K(63360K), 0.0033608 secs] [Times: user=0.00 sys=0.00, real=0.00 secs] 
2026-06-17T09:46:48.461+0800: 13.109: [GC (Allocation Failure) 2026-06-17T09:46:48.462+0800: 13.110: [DefNew: 19554K->2168K(19648K), 0.0022176 secs] 51908K->38367K(63360K), 0.0035931 secs] [Times: user=0.01 sys=0.00, real=0.01 secs] 
2026-06-17T09:46:48.508+0800: 13.156: [GC (Allocation Failure) 2026-06-17T09:46:48.508+0800: 13.156: [DefNew: 19544K->1919K(19648K), 0.0007200 secs] 55743K->38118K(63360K), 0.0019010 secs] [Times: user=0.00 sys=0.00, real=0.00 secs] 
2026-06-17T09:46:48.563+0800: 13.211: [GC (Allocation Failure) 2026-06-17T09:46:48.563+0800: 13.211: [DefNew: 19391K->2136K(19648K), 0.0010850 secs] 55590K->41947K(63360K), 0.0020970 secs] [Times: user=0.00 sys=0.00, real=0.00 secs] 
2026-06-17T09:46:48.607+0800: 13.256: [GC (Allocation Failure) 2026-06-17T09:46:48.608+0800: 13.256: [DefNew: 19597K->19597K(19648K), 0.0002687 secs]2026-06-17T09:46:48.608+0800: 13.256: [Tenured: 39810K->27603K(43712K), 0.0028468 secs] 59407K->27603K(63360K), [Metaspace: 2709K->2709K(1056768K)], 0.0038815 secs] [Times: user=0.00 sys=0.00, real=0.01 secs] 
2026-06-17T09:46:48.654+0800: 13.302: [GC (Allocation Failure) 2026-06-17T09:46:48.654+0800: 13.302: [DefNew: 17435K->2171K(19648K), 0.0011160 secs] 45039K->34689K(63360K), 0.0017535 secs] [Times: user=0.00 sys=0.00, real=0.00 secs] 
2026-06-17T09:46:48.698+0800: 13.346: [GC (Allocation Failure) 2026-06-17T09:46:48.699+0800: 13.347: [DefNew: 19597K->2171K(19648K), 0.0015996 secs] 52115K->39450K(63360K), 0.0027739 secs] [Times: user=0.00 sys=0.00, real=0.00 secs] 
2026-06-17T09:46:48.743+0800: 13.391: [GC (Allocation Failure) 2026-06-17T09:46:48.744+0800: 13.392: [DefNew: 19343K->19343K(19648K), 0.0002328 secs]2026-06-17T09:46:48.744+0800: 13.392: [Tenured: 37278K->25010K(43712K), 0.0029669 secs] 56622K->25010K(63360K), [Metaspace: 2709K->2709K(1056768K)], 0.0041548 secs] [Times: user=0.00 sys=0.00, real=0.00 secs] 
2026-06-17T09:46:48.791+0800: 13.439: [GC (Allocation Failure) 2026-06-17T09:46:48.791+0800: 13.439: [DefNew: 17472K->2171K(19648K), 0.0020240 secs] 42482K->32236K(63360K), 0.0040392 secs] [Times: user=0.00 sys=0.00, real=0.00 secs] 
2026-06-17T09:46:48.849+0800: 13.497: [GC (Allocation Failure) 2026-06-17T09:46:48.856+0800: 13.504: [DefNew: 19632K->2125K(19648K), 0.0328000 secs] 49697K->36109K(63360K), 0.0439948 secs] [Times: user=0.01 sys=0.00, real=0.07 secs] 
2026-06-17T09:46:48.965+0800: 13.613: [GC (Allocation Failure) 2026-06-17T09:46:48.971+0800: 13.620: [DefNew: 19577K->2170K(19648K), 0.0013914 secs] 53561K->39392K(63360K), 0.0081786 secs] [Times: user=0.00 sys=0.00, real=0.01 secs] 
2026-06-17T09:46:49.023+0800: 13.671: [GC (Allocation Failure) 2026-06-17T09:46:49.029+0800: 13.677: [DefNew: 19606K->19606K(19648K), 0.0015300 secs]2026-06-17T09:46:49.031+0800: 13.680: [Tenured: 37222K->30919K(43712K), 0.0073133 secs] 56828K->30919K(63360K), [Metaspace: 2709K->2709K(1056768K)], 0.0193970 secs] [Times: user=0.00 sys=0.00, real=0.02 secs] 
2026-06-17T09:46:49.091+0800: 13.739: [GC (Allocation Failure) 2026-06-17T09:46:49.094+0800: 13.742: [DefNew: 17443K->2173K(19648K), 0.0026539 secs] 48362K->37818K(63360K), 0.0077242 secs] [Times: user=0.01 sys=0.00, real=0.00 secs] 
2026-06-17T09:46:49.145+0800: 13.794: [GC (Allocation Failure) 2026-06-17T09:46:49.151+0800: 13.800: [DefNew: 19645K->2087K(19648K), 0.0046118 secs] 55290K->42263K(63360K), 0.0132574 secs] [Times: user=0.00 sys=0.00, real=0.01 secs] 
2026-06-17T09:46:49.216+0800: 13.864: [GC (Allocation Failure) 2026-06-17T09:46:49.219+0800: 13.867: [DefNew: 19559K->19559K(19648K), 0.0019853 secs]2026-06-17T09:46:49.222+0800: 13.870: [Tenured: 40175K->21981K(43712K), 0.0067643 secs] 59735K->21981K(63360K), [Metaspace: 2709K->2709K(1056768K)], 0.0168072 secs] [Times: user=0.01 sys=0.00, real=0.02 secs] 
2026-06-17T09:46:49.273+0800: 13.921: [GC (Allocation Failure) 2026-06-17T09:46:49.273+0800: 13.921: [DefNew: 17368K->2173K(19648K), 0.0027070 secs] 39349K->28585K(63360K), 0.0040756 secs] [Times: user=0.00 sys=0.00, real=0.00 secs] 
2026-06-17T09:46:49.331+0800: 13.979: [GC (Allocation Failure) 2026-06-17T09:46:49.331+0800: 13.979: [DefNew: 19645K->2175K(19648K), 0.0014302 secs] 46057K->32812K(63360K), 0.0025119 secs] [Times: user=0.00 sys=0.00, real=0.00 secs] 
2026-06-17T09:46:49.376+0800: 14.024: [GC (Allocation Failure) 2026-06-17T09:46:49.377+0800: 14.025: [DefNew: 19647K->2160K(19648K), 0.0009083 secs] 50284K->36695K(63360K), 0.0015631 secs] [Times: user=0.00 sys=0.00, real=0.00 secs] 
2026-06-17T09:46:49.421+0800: 14.069: [GC (Allocation Failure) 2026-06-17T09:46:49.467+0800: 14.115: [DefNew: 19632K->2081K(19648K), 0.0142451 secs] 54167K->40161K(63360K), 0.0601693 secs] [Times: user=0.00 sys=0.00, real=0.20 secs] 
2026-06-17T09:46:49.656+0800: 14.305: [GC (Allocation Failure) 2026-06-17T09:46:49.659+0800: 14.307: [DefNew: 19515K->19515K(19648K), 0.0004247 secs]2026-06-17T09:46:49.660+0800: 14.308: [Tenured: 38080K->29323K(43712K), 0.0033842 secs] 57596K->29323K(63360K), [Metaspace: 2709K->2709K(1056768K)], 0.0070947 secs] [Times: user=0.01 sys=0.01, real=0.01 secs] 
2026-06-17T09:46:49.706+0800: 14.354: [GC (Allocation Failure) 2026-06-17T09:46:49.707+0800: 14.355: [DefNew: 17470K->2162K(19648K), 0.0007906 secs] 46793K->32973K(63360K), 0.0015420 secs] [Times: user=0.00 sys=0.00, real=0.00 secs] 
2026-06-17T09:46:49.750+0800: 14.398: [GC (Allocation Failure) 2026-06-17T09:46:49.753+0800: 14.401: [DefNew: 19634K->2173K(19648K), 0.0017111 secs] 50445K->40257K(63360K), 0.0067136 secs] [Times: user=0.00 sys=0.00, real=0.01 secs] 
2026-06-17T09:46:49.812+0800: 14.461: [GC (Allocation Failure) 2026-06-17T09:46:49.814+0800: 14.462: [DefNew: 19634K->19634K(19648K), 0.0002603 secs]2026-06-17T09:46:49.815+0800: 14.463: [Tenured: 38083K->27619K(43712K), 0.0033836 secs] 57718K->27619K(63360K), [Metaspace: 2709K->2709K(1056768K)], 0.0069695 secs] [Times: user=0.00 sys=0.00, real=0.00 secs] 
2026-06-17T09:46:49.864+0800: 14.512: [GC (Allocation Failure) 2026-06-17T09:46:49.870+0800: 14.518: [DefNew: 17468K->2175K(19648K), 0.0041015 secs] 45087K->34985K(63360K), 0.0166921 secs] [Times: user=0.01 sys=0.00, real=0.01 secs] 
2026-06-17T09:46:49.937+0800: 14.585: [GC (Allocation Failure) 2026-06-17T09:46:49.945+0800: 14.593: [DefNew: 19640K->2170K(19648K), 0.0065382 secs] 52450K->39712K(63360K), 0.0148770 secs] [Times: user=0.00 sys=0.00, real=0.02 secs] 
2026-06-17T09:46:49.998+0800: 14.646: [GC (Allocation Failure) 2026-06-17T09:46:49.999+0800: 14.647: [DefNew: 19642K->19642K(19648K), 0.0002961 secs]2026-06-17T09:46:49.999+0800: 14.647: [Tenured: 37541K->24485K(43712K), 0.0025759 secs] 57184K->24485K(63360K), [Metaspace: 2709K->2709K(1056768K)], 0.0039368 secs] [Times: user=0.00 sys=0.00, real=0.00 secs] 
2026-06-17T09:46:50.045+0800: 14.693: [GC (Allocation Failure) 2026-06-17T09:46:50.048+0800: 14.696: [DefNew: 17424K->2175K(19648K), 0.0042160 secs] 41910K->31518K(63360K), 0.0131817 secs] [Times: user=0.00 sys=0.00, real=0.01 secs] 
2026-06-17T09:46:50.117+0800: 14.765: [GC (Allocation Failure) 2026-06-17T09:46:50.118+0800: 14.766: [DefNew: 19623K->2159K(19648K), 0.0053366 secs] 48966K->34726K(63360K), 0.0078440 secs] [Times: user=0.00 sys=0.00, real=0.01 secs] 
2026-06-17T09:46:50.169+0800: 14.817: [GC (Allocation Failure) 2026-06-17T09:46:50.170+0800: 14.818: [DefNew: 19594K->2160K(19648K), 0.0013140 secs] 52161K->37965K(63360K), 0.0026438 secs] [Times: user=0.00 sys=0.00, real=0.01 secs] 
2026-06-17T09:46:50.216+0800: 14.864: [GC (Allocation Failure) 2026-06-17T09:46:50.218+0800: 14.866: [DefNew: 19608K->2131K(19648K), 0.0014264 secs] 55412K->41128K(63360K), 0.0043915 secs] [Times: user=0.00 sys=0.00, real=0.00 secs] 
2026-06-17T09:46:50.263+0800: 14.911: [GC (Allocation Failure) 2026-06-17T09:46:50.267+0800: 14.915: [DefNew: 19374K->19374K(19648K), 0.0006881 secs]2026-06-17T09:46:50.268+0800: 14.916: [Tenured: 38996K->28761K(43712K), 0.0081211 secs] 58371K->28761K(63360K), [Metaspace: 2709K->2709K(1056768K)], 0.0160129 secs] [Times: user=0.00 sys=0.00, real=0.02 secs] 
2026-06-17T09:46:50.325+0800: 14.973: [GC (Allocation Failure) 2026-06-17T09:46:50.327+0800: 14.975: [DefNew: 17452K->2171K(19648K), 0.0025105 secs] 46213K->35214K(63360K), 0.0061647 secs] [Times: user=0.00 sys=0.00, real=0.01 secs] 
2026-06-17T09:46:50.379+0800: 15.027: [GC (Allocation Failure) 2026-06-17T09:46:50.380+0800: 15.028: [DefNew: 19092K->1352K(19648K), 0.0125962 secs] 52135K->36395K(63360K), 0.0287600 secs] [Times: user=0.00 sys=0.00, real=0.04 secs] 
2026-06-17T09:46:50.471+0800: 15.119: [GC (Allocation Failure) 2026-06-17T09:46:50.472+0800: 15.120: [DefNew: 18767K->2166K(19648K), 0.0025678 secs] 53810K->40512K(63360K), 0.0042093 secs] [Times: user=0.00 sys=0.00, real=0.00 secs] 
2026-06-17T09:46:50.529+0800: 15.177: [GC (Allocation Failure) 2026-06-17T09:46:50.530+0800: 15.178: [DefNew: 19638K->19638K(19648K), 0.0004327 secs]2026-06-17T09:46:50.531+0800: 15.179: [Tenured: 38346K->27183K(43712K), 0.0043622 secs] 57984K->27183K(63360K), [Metaspace: 2709K->2709K(1056768K)], 0.0059452 secs] [Times: user=0.01 sys=0.00, real=0.01 secs] 
2026-06-17T09:46:50.578+0800: 15.226: [GC (Allocation Failure) 2026-06-17T09:46:50.579+0800: 15.227: [DefNew: 17454K->2168K(19648K), 0.0015574 secs] 44637K->34526K(63360K), 0.0026457 secs] [Times: user=0.00 sys=0.00, real=0.00 secs] 
2026-06-17T09:46:50.624+0800: 15.272: [GC (Allocation Failure) 2026-06-17T09:46:50.625+0800: 15.273: [DefNew: 19585K->2092K(19648K), 0.0023677 secs] 51943K->38058K(63360K), 0.0045281 secs] [Times: user=0.00 sys=0.00, real=0.00 secs] 
2026-06-17T09:46:50.682+0800: 15.330: [GC (Allocation Failure) 2026-06-17T09:46:50.683+0800: 15.331: [DefNew: 19532K->2084K(19648K), 0.0015219 secs] 55499K->41630K(63360K), 0.0027786 secs] [Times: user=0.00 sys=0.00, real=0.01 secs] 
2026-06-17T09:46:50.728+0800: 15.376: [GC (Allocation Failure) 2026-06-17T09:46:50.729+0800: 15.377: [DefNew: 19527K->19527K(19648K), 0.0011386 secs]2026-06-17T09:46:50.730+0800: 15.379: [Tenured: 39545K->19423K(43712K), 0.0023738 secs] 59072K->19423K(63360K), [Metaspace: 2709K->2709K(1056768K)], 0.0050311 secs] [Times: user=0.00 sys=0.00, real=0.01 secs] 
2026-06-17T09:46:50.776+0800: 15.424: [GC (Allocation Failure) 2026-06-17T09:46:50.778+0800: 15.426: [DefNew: 17458K->2172K(19648K), 0.0017146 secs] 36882K->25698K(63360K), 0.0038936 secs] [Times: user=0.00 sys=0.00, real=0.00 secs] 
2026-06-17T09:46:50.825+0800: 15.473: [GC (Allocation Failure) 2026-06-17T09:46:50.825+0800: 15.473: [DefNew: 19622K->2170K(19648K), 0.0014934 secs] 43148K->30070K(63360K), 0.0025451 secs] [Times: user=0.00 sys=0.01, real=0.00 secs] 
2026-06-17T09:46:50.870+0800: 15.518: [GC (Allocation Failure) 2026-06-17T09:46:50.871+0800: 15.519: [DefNew: 19639K->2171K(19648K), 0.0012608 secs] 47539K->34834K(63360K), 0.0020558 secs] [Times: user=0.00 sys=0.00, real=0.01 secs] 
2026-06-17T09:46:50.915+0800: 15.563: [GC (Allocation Failure) 2026-06-17T09:46:50.916+0800: 15.564: [DefNew: 19614K->2173K(19648K), 0.0013703 secs] 52278K->39124K(63360K), 0.0023313 secs] [Times: user=0.00 sys=0.00, real=0.00 secs] 
2026-06-17T09:46:50.960+0800: 15.608: [GC (Allocation Failure) 2026-06-17T09:46:50.960+0800: 15.608: [DefNew: 19508K->19508K(19648K), 0.0001908 secs]2026-06-17T09:46:50.960+0800: 15.608: [Tenured: 36950K->24606K(43712K), 0.0026479 secs] 56458K->24606K(63360K), [Metaspace: 2709K->2709K(1056768K)], 0.0037148 secs] [Times: user=0.00 sys=0.00, real=0.01 secs] 
2026-06-17T09:46:51.016+0800: 15.664: [GC (Allocation Failure) 2026-06-17T09:46:51.019+0800: 15.668: [DefNew: 17418K->2099K(19648K), 0.0019600 secs] 42025K->28343K(63360K), 0.0060858 secs] [Times: user=0.00 sys=0.00, real=0.01 secs] 
2026-06-17T09:46:51.073+0800: 15.721: [GC (Allocation Failure) 2026-06-17T09:46:51.081+0800: 15.730: [DefNew: 19548K->2173K(19648K), 0.0013005 secs] 45793K->31834K(63360K), 0.0203717 secs] [Times: user=0.00 sys=0.00, real=0.02 secs] 
2026-06-17T09:46:51.137+0800: 15.785: [GC (Allocation Failure) 2026-06-17T09:46:51.139+0800: 15.787: [DefNew: 19632K->2082K(19648K), 0.0024728 secs] 49292K->36261K(63360K), 0.0060197 secs] [Times: user=0.00 sys=0.00, real=0.01 secs] 
2026-06-17T09:46:51.189+0800: 15.837: [GC (Allocation Failure) 2026-06-17T09:46:51.221+0800: 15.869: [DefNew: 19554K->2172K(19648K), 0.0065504 secs] 53733K->40151K(63360K), 0.0401296 secs] [Times: user=0.00 sys=0.00, real=0.05 secs] 
2026-06-17T09:46:51.279+0800: 15.927: [GC (Allocation Failure) 2026-06-17T09:46:51.280+0800: 15.928: [DefNew: 19354K->19354K(19648K), 0.0031462 secs]2026-06-17T09:46:51.292+0800: 15.940: [Tenured: 37979K->31236K(43712K), 0.0098723 secs] 57333K->31236K(63360K), [Metaspace: 2709K->2709K(1056768K)], 0.0232403 secs] [Times: user=0.01 sys=0.00, real=0.03 secs] 
2026-06-17T09:46:51.346+0800: 15.994: [GC (Allocation Failure) 2026-06-17T09:46:51.349+0800: 15.997: [DefNew: 17472K->2172K(19648K), 0.0028903 secs] 48708K->38511K(63360K), 0.0070718 secs] [Times: user=0.00 sys=0.00, real=0.01 secs] 
2026-06-17T09:46:51.411+0800: 16.059: [GC (Allocation Failure) 2026-06-17T09:46:51.411+0800: 16.060: [DefNew: 19633K->2162K(19648K), 0.0022978 secs] 55972K->40725K(63360K), 0.0037386 secs] [Times: user=0.01 sys=0.00, real=0.00 secs] 
2026-06-17T09:46:51.460+0800: 16.108: [GC (Allocation Failure) 2026-06-17T09:46:51.461+0800: 16.109: [DefNew: 19616K->19616K(19648K), 0.0007603 secs]2026-06-17T09:46:51.462+0800: 16.110: [Tenured: 38562K->33515K(43712K), 0.0065447 secs] 58178K->33515K(63360K), [Metaspace: 2709K->2709K(1056768K)], 0.0093324 secs] [Times: user=0.01 sys=0.00, real=0.01 secs] 
2026-06-17T09:46:51.514+0800: 16.162: [GC (Allocation Failure) 2026-06-17T09:46:51.515+0800: 16.163: [DefNew: 17456K->2173K(19648K), 0.0025151 secs] 50972K->40438K(63360K), 0.0039202 secs] [Times: user=0.00 sys=0.00, real=0.00 secs] 
2026-06-17T09:46:51.563+0800: 16.212: [GC (Allocation Failure) 2026-06-17T09:46:51.564+0800: 16.212: [DefNew: 19643K->19643K(19648K), 0.0006452 secs]2026-06-17T09:46:51.565+0800: 16.214: [Tenured: 38265K->22915K(43712K), 0.0058995 secs] 57909K->22915K(63360K), [Metaspace: 2709K->2709K(1056768K)], 0.0084247 secs] [Times: user=0.01 sys=0.00, real=0.01 secs] 
2026-06-17T09:46:51.616+0800: 16.264: [GC (Allocation Failure) 2026-06-17T09:46:51.617+0800: 16.265: [DefNew: 17430K->2168K(19648K), 0.0026037 secs] 40345K->29792K(63360K), 0.0041758 secs] [Times: user=0.00 sys=0.00, real=0.00 secs] 
2026-06-17T09:46:51.675+0800: 16.324: [GC (Allocation Failure) 2026-06-17T09:46:51.676+0800: 16.324: [DefNew: 19640K->2160K(19648K), 0.0015392 secs] 47264K->30581K(63360K), 0.0029361 secs] [Times: user=0.00 sys=0.00, real=0.00 secs] 
2026-06-17T09:46:51.723+0800: 16.371: [GC (Allocation Failure) 2026-06-17T09:46:51.726+0800: 16.374: [DefNew: 19579K->2175K(19648K), 0.0015477 secs] 48000K->34430K(63360K), 0.0044988 secs] [Times: user=0.00 sys=0.00, real=0.00 secs] 
2026-06-17T09:46:51.771+0800: 16.419: [GC (Allocation Failure) 2026-06-17T09:46:51.773+0800: 16.421: [DefNew: 19597K->2168K(19648K), 0.0024495 secs] 51852K->38165K(63360K), 0.0052896 secs] [Times: user=0.00 sys=0.00, real=0.00 secs] 
2026-06-17T09:46:51.821+0800: 16.469: [GC (Allocation Failure) 2026-06-17T09:46:51.822+0800: 16.470: [DefNew: 19553K->2075K(19648K), 0.0014519 secs] 55550K->39328K(63360K), 0.0025951 secs] [Times: user=0.00 sys=0.00, real=0.01 secs] 
2026-06-17T09:46:51.878+0800: 16.526: [GC (Allocation Failure) 2026-06-17T09:46:51.878+0800: 16.526: [DefNew: 19547K->19547K(19648K), 0.0004521 secs]2026-06-17T09:46:51.879+0800: 16.527: [Tenured: 37252K->28333K(43712K), 0.0042664 secs] 56800K->28333K(63360K), [Metaspace: 2709K->2709K(1056768K)], 0.0066780 secs] [Times: user=0.01 sys=0.00, real=0.01 secs] 
2026-06-17T09:46:51.928+0800: 16.576: [GC (Allocation Failure) 2026-06-17T09:46:51.929+0800: 16.577: [DefNew: 17438K->2173K(19648K), 0.0012374 secs] 45772K->34898K(63360K), 0.0021303 secs] [Times: user=0.00 sys=0.00, real=0.01 secs] 
2026-06-17T09:46:51.973+0800: 16.621: [GC (Allocation Failure) 2026-06-17T09:46:51.974+0800: 16.622: [DefNew: 19642K->2151K(19648K), 0.0011401 secs] 52367K->40294K(63360K), 0.0018708 secs] [Times: user=0.00 sys=0.00, real=0.00 secs] 
2026-06-17T09:46:52.018+0800: 16.666: [GC (Allocation Failure) 2026-06-17T09:46:52.018+0800: 16.666: [DefNew: 19589K->19589K(19648K), 0.0003333 secs]2026-06-17T09:46:52.019+0800: 16.667: [Tenured: 38142K->31163K(43712K), 0.0042452 secs] 57731K->31163K(63360K), [Metaspace: 2709K->2709K(1056768K)], 0.0060452 secs] [Times: user=0.01 sys=0.00, real=0.01 secs] 
2026-06-17T09:46:52.067+0800: 16.715: [GC (Allocation Failure) 2026-06-17T09:46:52.068+0800: 16.716: [DefNew: 17271K->2113K(19648K), 0.0016471 secs] 48435K->34720K(63360K), 0.0028194 secs] [Times: user=0.00 sys=0.00, real=0.00 secs] 
2026-06-17T09:46:52.124+0800: 16.772: [GC (Allocation Failure) 2026-06-17T09:46:52.125+0800: 16.773: [DefNew: 19568K->2090K(19648K), 0.0022550 secs] 52174K->38112K(63360K), 0.0033533 secs] [Times: user=0.01 sys=0.00, real=0.00 secs] 
2026-06-17T09:46:52.172+0800: 16.820: [GC (Allocation Failure) 2026-06-17T09:46:52.173+0800: 16.821: [DefNew: 19550K->2171K(19648K), 0.0011846 secs] 55571K->41853K(63360K), 0.0041831 secs] [Times: user=0.00 sys=0.00, real=0.00 secs] 
2026-06-17T09:46:52.220+0800: 16.868: [GC (Allocation Failure) 2026-06-17T09:46:52.220+0800: 16.869: [DefNew: 19598K->19598K(19648K), 0.0006321 secs]2026-06-17T09:46:52.222+0800: 16.870: [Tenured: 39681K->32460K(43712K), 0.0040583 secs] 59280K->32460K(63360K), [Metaspace: 2709K->2709K(1056768K)], 0.0065415 secs] [Times: user=0.00 sys=0.00, real=0.01 secs] 
2026-06-17T09:46:52.269+0800: 16.917: [GC (Allocation Failure) 2026-06-17T09:46:52.269+0800: 16.918: [DefNew: 17472K->2175K(19648K), 0.0010811 secs] 49932K->39813K(63360K), 0.0017523 secs] [Times: user=0.00 sys=0.00, real=0.01 secs] 
2026-06-17T09:46:52.314+0800: 16.962: [GC (Allocation Failure) 2026-06-17T09:46:52.314+0800: 16.962: [DefNew: 19515K->19515K(19648K), 0.0004619 secs]2026-06-17T09:46:52.315+0800: 16.963: [Tenured: 37637K->26958K(43712K), 0.0037013 secs] 57153K->26958K(63360K), [Metaspace: 2709K->2709K(1056768K)], 0.0055535 secs] [Times: user=0.00 sys=0.00, real=0.00 secs] 
2026-06-17T09:46:52.362+0800: 17.010: [GC (Allocation Failure) 2026-06-17T09:46:52.362+0800: 17.010: [DefNew: 17472K->2170K(19648K), 0.0009593 secs] 44430K->34091K(63360K), 0.0017311 secs] [Times: user=0.01 sys=0.00, real=0.01 secs] 
2026-06-17T09:46:52.416+0800: 17.064: [GC (Allocation Failure) 2026-06-17T09:46:52.417+0800: 17.065: [DefNew: 19607K->2034K(19648K), 0.0009951 secs] 51529K->37318K(63360K), 0.0019526 secs] [Times: user=0.00 sys=0.00, real=0.00 secs] 
2026-06-17T09:46:52.461+0800: 17.109: [GC (Allocation Failure) 2026-06-17T09:46:52.462+0800: 17.110: [DefNew: 19452K->2127K(19648K), 0.0017876 secs] 54736K->40759K(63360K), 0.0032360 secs] [Times: user=0.00 sys=0.00, real=0.01 secs] 
2026-06-17T09:46:52.507+0800: 17.155: [GC (Allocation Failure) 2026-06-17T09:46:52.508+0800: 17.156: [DefNew: 19599K->19599K(19648K), 0.0006564 secs]2026-06-17T09:46:52.509+0800: 17.157: [Tenured: 38631K->30119K(43712K), 0.0037465 secs] 58231K->30119K(63360K), [Metaspace: 2709K->2709K(1056768K)], 0.0064613 secs] [Times: user=0.01 sys=0.00, real=0.01 secs] 
2026-06-17T09:46:52.557+0800: 17.205: [GC (Allocation Failure) 2026-06-17T09:46:52.558+0800: 17.206: [DefNew: 17458K->2164K(19648K), 0.0014296 secs] 47577K->36954K(63360K), 0.0025343 secs] [Times: user=0.00 sys=0.00, real=0.00 secs] 
2026-06-17T09:46:52.602+0800: 17.250: [GC (Allocation Failure) 2026-06-17T09:46:52.603+0800: 17.251: [DefNew: 19592K->2151K(19648K), 0.0013427 secs] 54382K->41347K(63360K), 0.0022897 secs] [Times: user=0.00 sys=0.00, real=0.01 secs] 
2026-06-17T09:46:52.648+0800: 17.296: [GC (Allocation Failure) 2026-06-17T09:46:52.648+0800: 17.296: [DefNew: 19609K->19609K(19648K), 0.0003258 secs]2026-06-17T09:46:52.649+0800: 17.297: [Tenured: 39196K->25146K(43712K), 0.0035345 secs] 58805K->25146K(63360K), [Metaspace: 2709K->2709K(1056768K)], 0.0049770 secs] [Times: user=0.01 sys=0.00, real=0.01 secs] 
2026-06-17T09:46:52.695+0800: 17.343: [GC (Allocation Failure) 2026-06-17T09:46:52.696+0800: 17.344: [DefNew: 17188K->2131K(19648K), 0.0006395 secs] 42334K->28388K(63360K), 0.0013444 secs] [Times: user=0.00 sys=0.00, real=0.00 secs] 
2026-06-17T09:46:52.749+0800: 17.397: [GC (Allocation Failure) 2026-06-17T09:46:52.750+0800: 17.398: [DefNew: 19599K->2147K(19648K), 0.0009032 secs] 45856K->31904K(63360K), 0.0016916 secs] [Times: user=0.00 sys=0.00, real=0.01 secs] 
2026-06-17T09:46:52.793+0800: 17.441: [GC (Allocation Failure) 2026-06-17T09:46:52.794+0800: 17.442: [DefNew: 19601K->2114K(19648K), 0.0012333 secs] 49358K->35667K(63360K), 0.0021360 secs] [Times: user=0.00 sys=0.00, real=0.00 secs] 
2026-06-17T09:46:52.838+0800: 17.486: [GC (Allocation Failure) 2026-06-17T09:46:52.839+0800: 17.487: [DefNew: 19586K->2120K(19648K), 0.0012350 secs] 53139K->39461K(63360K), 0.0022266 secs] [Times: user=0.00 sys=0.00, real=0.00 secs] 
2026-06-17T09:46:52.883+0800: 17.531: [GC (Allocation Failure) 2026-06-17T09:46:52.884+0800: 17.532: [DefNew: 19590K->19590K(19648K), 0.0004196 secs]2026-06-17T09:46:52.884+0800: 17.532: [Tenured: 37340K->28857K(43712K), 0.0037656 secs] 56930K->28857K(63360K), [Metaspace: 2709K->2709K(1056768K)], 0.0052849 secs] [Times: user=0.00 sys=0.00, real=0.00 secs] 
2026-06-17T09:46:52.931+0800: 17.579: [GC (Allocation Failure) 2026-06-17T09:46:52.931+0800: 17.579: [DefNew: 17461K->2173K(19648K), 0.0011257 secs] 46318K->35469K(63360K), 0.0018620 secs] [Times: user=0.01 sys=0.00, real=0.00 secs] 
2026-06-17T09:46:52.976+0800: 17.624: [GC (Allocation Failure) 2026-06-17T09:46:52.977+0800: 17.625: [DefNew: 19645K->2171K(19648K), 0.0030114 secs] 52941K->41923K(63360K), 0.0043158 secs] [Times: user=0.00 sys=0.00, real=0.00 secs] 
2026-06-17T09:46:53.035+0800: 17.683: [GC (Allocation Failure) 2026-06-17T09:46:53.036+0800: 17.684: [DefNew: 19622K->19622K(19648K), 0.0010364 secs]2026-06-17T09:46:53.039+0800: 17.687: [Tenured: 39751K->26008K(43712K), 0.0049013 secs] 59374K->26008K(63360K), [Metaspace: 2709K->2709K(1056768K)], 0.0090146 secs] [Times: user=0.01 sys=0.00, real=0.01 secs] 
2026-06-17T09:46:53.077+0800: 17.725: [GC (Allocation Failure) 2026-06-17T09:46:53.078+0800: 17.726: [DefNew: 17296K->2165K(19648K), 0.0018404 secs] 43305K->32617K(63360K), 0.0030206 secs] [Times: user=0.00 sys=0.00, real=0.00 secs] 
2026-06-17T09:46:53.135+0800: 17.783: [GC (Allocation Failure) 2026-06-17T09:46:53.135+0800: 17.784: [DefNew: 19609K->2172K(19648K), 0.0022306 secs] 50062K->36688K(63360K), 0.0035360 secs] [Times: user=0.00 sys=0.00, real=0.00 secs] 
2026-06-17T09:46:53.182+0800: 17.830: [GC (Allocation Failure) 2026-06-17T09:46:53.184+0800: 17.832: [DefNew: 19644K->2175K(19648K), 0.0033764 secs] 54160K->40061K(63360K), 0.0067130 secs] [Times: user=0.00 sys=0.00, real=0.01 secs] 
2026-06-17T09:46:53.235+0800: 17.883: [GC (Allocation Failure) 2026-06-17T09:46:53.236+0800: 17.884: [DefNew: 19647K->19647K(19648K), 0.0008396 secs]2026-06-17T09:46:53.238+0800: 17.886: [Tenured: 37885K->29816K(43712K), 0.0065980 secs] 57533K->29816K(63360K), [Metaspace: 2709K->2709K(1056768K)], 0.0100094 secs] [Times: user=0.01 sys=0.00, real=0.01 secs] 
2026-06-17T09:46:53.301+0800: 17.949: [GC (Allocation Failure) 2026-06-17T09:46:53.302+0800: 17.950: [DefNew: 17458K->2155K(19648K), 0.0020212 secs] 47274K->33386K(63360K), 0.0035505 secs] [Times: user=0.00 sys=0.00, real=0.01 secs] 
2026-06-17T09:46:53.339+0800: 17.987: [GC (Allocation Failure) 2026-06-17T09:46:53.340+0800: 17.988: [DefNew: 19432K->2051K(19648K), 0.0022788 secs] 50664K->36754K(63360K), 0.0037559 secs] [Times: user=0.00 sys=0.00, real=0.01 secs] 
2026-06-17T09:46:53.397+0800: 18.045: [GC (Allocation Failure) 2026-06-17T09:46:53.398+0800: 18.046: [DefNew: 19482K->2086K(19648K), 0.0011145 secs] 54185K->41183K(63360K), 0.0018638 secs] [Times: user=0.01 sys=0.00, real=0.00 secs] 
2026-06-17T09:46:53.442+0800: 18.090: [GC (Allocation Failure) 2026-06-17T09:46:53.444+0800: 18.092: [DefNew: 19558K->19558K(19648K), 0.0006598 secs]2026-06-17T09:46:53.446+0800: 18.094: [Tenured: 39096K->31775K(43712K), 0.0057493 secs] 58655K->31775K(63360K), [Metaspace: 2709K->2709K(1056768K)], 0.0461846 secs] [Times: user=0.00 sys=0.00, real=0.06 secs] 
2026-06-17T09:46:53.548+0800: 18.196: [GC (Allocation Failure) 2026-06-17T09:46:53.550+0800: 18.198: [DefNew: 17439K->2170K(19648K), 0.0039002 secs] 49214K->39102K(63360K), 0.0078097 secs] [Times: user=0.00 sys=0.00, real=0.01 secs] 
2026-06-17T09:46:53.602+0800: 18.250: [GC (Allocation Failure) 2026-06-17T09:46:53.605+0800: 18.253: [DefNew: 18534K->18534K(19648K), 0.0024690 secs]2026-06-17T09:46:53.609+0800: 18.257: [Tenured: 36932K->27005K(43712K), 0.0052658 secs] 55466K->27005K(63360K), [Metaspace: 2709K->2709K(1056768K)], 0.0141588 secs] [Times: user=0.00 sys=0.00, real=0.02 secs] 
2026-06-17T09:46:53.663+0800: 18.312: [GC (Allocation Failure) 2026-06-17T09:46:53.664+0800: 18.312: [DefNew: 17472K->2169K(19648K), 0.0020203 secs] 44477K->33600K(63360K), 0.0037319 secs] [Times: user=0.01 sys=0.00, real=0.00 secs] 
2026-06-17T09:46:53.711+0800: 18.359: [GC (Allocation Failure) 2026-06-17T09:46:53.712+0800: 18.360: [DefNew: 19602K->2170K(19648K), 0.0022879 secs] 51033K->39842K(63360K), 0.0038590 secs] [Times: user=0.00 sys=0.00, real=0.00 secs] 
2026-06-17T09:46:53.769+0800: 18.417: [GC (Allocation Failure) 2026-06-17T09:46:53.769+0800: 18.418: [DefNew: 19642K->19642K(19648K), 0.0003920 secs]2026-06-17T09:46:53.770+0800: 18.418: [Tenured: 37672K->21020K(43712K), 0.0055088 secs] 57314K->21020K(63360K), [Metaspace: 2709K->2709K(1056768K)], 0.0071339 secs] [Times: user=0.00 sys=0.00, real=0.01 secs] 
2026-06-17T09:46:53.820+0800: 18.468: [GC (Allocation Failure) 2026-06-17T09:46:53.821+0800: 18.469: [DefNew: 17463K->2175K(19648K), 0.0016640 secs] 38483K->28168K(63360K), 0.0030362 secs] [Times: user=0.00 sys=0.00, real=0.01 secs] 
2026-06-17T09:46:53.867+0800: 18.515: [GC (Allocation Failure) 2026-06-17T09:46:53.867+0800: 18.515: [DefNew: 19604K->2165K(19648K), 0.0021019 secs] 45597K->32559K(63360K), 0.0032932 secs] [Times: user=0.00 sys=0.01, real=0.00 secs] 
2026-06-17T09:46:53.914+0800: 18.562: [GC (Allocation Failure) 2026-06-17T09:46:53.915+0800: 18.563: [DefNew: 19637K->2172K(19648K), 0.0019307 secs] 50031K->36885K(63360K), 0.0031293 secs] [Times: user=0.00 sys=0.00, real=0.00 secs] 
2026-06-17T09:46:53.961+0800: 18.609: [GC (Allocation Failure) 2026-06-17T09:46:53.961+0800: 18.609: [DefNew: 19627K->2169K(19648K), 0.0017057 secs] 54340K->41606K(63360K), 0.0027429 secs] [Times: user=0.01 sys=0.00, real=0.01 secs] 
2026-06-17T09:46:54.021+0800: 18.669: [GC (Allocation Failure) 2026-06-17T09:46:54.022+0800: 18.670: [DefNew: 19629K->19629K(19648K), 0.0006296 secs]2026-06-17T09:46:54.023+0800: 18.671: [Tenured: 39436K->25347K(43712K), 0.0045500 secs] 59065K->25347K(63360K), [Metaspace: 2709K->2709K(1056768K)], 0.0089996 secs] [Times: user=0.00 sys=0.00, real=0.02 secs] 
2026-06-17T09:46:54.064+0800: 18.712: [GC (Allocation Failure) 2026-06-17T09:46:54.064+0800: 18.712: [DefNew: 17309K->2173K(19648K), 0.0015636 secs] 42657K->31866K(63360K), 0.0024484 secs] [Times: user=0.00 sys=0.00, real=0.00 secs] 
2026-06-17T09:46:54.120+0800: 18.768: [GC (Allocation Failure) 2026-06-17T09:46:54.121+0800: 18.769: [DefNew: 19639K->2077K(19648K), 0.0019300 secs] 49333K->36091K(63360K), 0.0030590 secs] [Times: user=0.00 sys=0.00, real=0.01 secs] 
2026-06-17T09:46:54.166+0800: 18.814: [GC (Allocation Failure) 2026-06-17T09:46:54.167+0800: 18.815: [DefNew: 19549K->2173K(19648K), 0.0033264 secs] 53563K->39507K(63360K), 0.0086223 secs] [Times: user=0.00 sys=0.00, real=0.01 secs] 
2026-06-17T09:46:54.232+0800: 18.880: [GC (Allocation Failure) 2026-06-17T09:46:54.234+0800: 18.882: [DefNew: 19637K->19637K(19648K), 0.0016597 secs]2026-06-17T09:46:54.238+0800: 18.886: [Tenured: 37333K->29912K(43712K), 0.0071994 secs] 56971K->29912K(63360K), [Metaspace: 2709K->2709K(1056768K)], 0.0138589 secs] [Times: user=0.01 sys=0.00, real=0.02 secs] 
2026-06-17T09:46:54.316+0800: 18.964: [GC (Allocation Failure) 2026-06-17T09:46:54.317+0800: 18.965: [DefNew: 17447K->2171K(19648K), 0.0023972 secs] 47360K->36919K(63360K), 0.0032401 secs] [Times: user=0.00 sys=0.00, real=0.00 secs] 
2026-06-17T09:46:54.362+0800: 19.010: [GC (Allocation Failure) 2026-06-17T09:46:54.363+0800: 19.011: [DefNew: 19449K->2106K(19648K), 0.0007656 secs] 54197K->37754K(63360K), 0.0018339 secs] [Times: user=0.00 sys=0.00, real=0.01 secs] 
2026-06-17T09:46:54.417+0800: 19.066: [GC (Allocation Failure) 2026-06-17T09:46:54.420+0800: 19.068: [DefNew: 19538K->2143K(19648K), 0.0017148 secs] 55186K->41381K(63360K), 0.0043774 secs] [Times: user=0.00 sys=0.00, real=0.00 secs] 
2026-06-17T09:46:54.465+0800: 19.113: [GC (Allocation Failure) 2026-06-17T09:46:54.466+0800: 19.114: [DefNew: 19615K->19615K(19648K), 0.0002764 secs]2026-06-17T09:46:54.466+0800: 19.114: [Tenured: 39237K->30825K(43712K), 0.0035463 secs] 58853K->30825K(63360K), [Metaspace: 2709K->2709K(1056768K)], 0.0049128 secs] [Times: user=0.00 sys=0.00, real=0.00 secs] 
2026-06-17T09:46:54.512+0800: 19.160: [GC (Allocation Failure) 2026-06-17T09:46:54.513+0800: 19.161: [DefNew: 17472K->2160K(19648K), 0.0011449 secs] 48297K->37921K(63360K), 0.0022520 secs] [Times: user=0.00 sys=0.00, real=0.00 secs] 
2026-06-17T09:46:54.557+0800: 19.205: [GC (Allocation Failure) 2026-06-17T09:46:54.557+0800: 19.205: [DefNew: 19610K->2134K(19648K), 0.0009840 secs] 55371K->41390K(63360K), 0.0017780 secs] [Times: user=0.00 sys=0.00, real=0.00 secs] 
2026-06-17T09:46:54.601+0800: 19.249: [GC (Allocation Failure) 2026-06-17T09:46:54.602+0800: 19.250: [DefNew: 19606K->19606K(19648K), 0.0040508 secs]2026-06-17T09:46:54.607+0800: 19.255: [Tenured: 39256K->31259K(43712K), 0.0030815 secs] 58862K->31259K(63360K), [Metaspace: 2709K->2709K(1056768K)], 0.0090857 secs] [Times: user=0.00 sys=0.00, real=0.01 secs] 
2026-06-17T09:46:54.652+0800: 19.301: [GC (Allocation Failure) 2026-06-17T09:46:54.653+0800: 19.301: [DefNew: 17463K->2174K(19648K), 0.0014303 secs] 48722K->38519K(63360K), 0.0022829 secs] [Times: user=0.00 sys=0.00, real=0.00 secs] 
2026-06-17T09:46:54.698+0800: 19.346: [GC (Allocation Failure) 2026-06-17T09:46:54.698+0800: 19.346: [DefNew: 19646K->2170K(19648K), 0.0016420 secs] 55991K->43660K(63360K), 0.0026717 secs] [Times: user=0.00 sys=0.00, real=0.00 secs] 
2026-06-17T09:46:54.744+0800: 19.392: [GC (Allocation Failure) 2026-06-17T09:46:54.745+0800: 19.393: [DefNew: 19532K->19532K(19648K), 0.0004398 secs]2026-06-17T09:46:54.745+0800: 19.393: [Tenured: 41490K->23716K(43712K), 0.0058012 secs] 61022K->23716K(63360K), [Metaspace: 2709K->2709K(1056768K)], 0.0076637 secs] [Times: user=0.00 sys=0.00, real=0.01 secs] 
2026-06-17T09:46:54.806+0800: 19.454: [GC (Allocation Failure) 2026-06-17T09:46:54.807+0800: 19.455: [DefNew: 17443K->2048K(19648K), 0.0025822 secs] 41160K->27222K(63360K), 0.0041479 secs] [Times: user=0.00 sys=0.00, real=0.01 secs] 
2026-06-17T09:46:54.855+0800: 19.503: [GC (Allocation Failure) 2026-06-17T09:46:54.856+0800: 19.504: [DefNew: 19505K->1878K(19648K), 0.0013212 secs] 44680K->27819K(63360K), 0.0033976 secs] [Times: user=0.00 sys=0.00, real=0.00 secs] 
2026-06-17T09:46:54.901+0800: 19.549: [GC (Allocation Failure) 2026-06-17T09:46:54.902+0800: 19.550: [DefNew: 19345K->2168K(19648K), 0.0016754 secs] 45286K->34998K(63360K), 0.0025224 secs] [Times: user=0.00 sys=0.00, real=0.01 secs] 
2026-06-17T09:46:54.947+0800: 19.595: [GC (Allocation Failure) 2026-06-17T09:46:54.947+0800: 19.595: [DefNew: 19640K->2170K(19648K), 0.0024097 secs] 52470K->39630K(63360K), 0.0033126 secs] [Times: user=0.01 sys=0.00, real=0.00 secs] 
2026-06-17T09:46:54.993+0800: 19.641: [GC (Allocation Failure) 2026-06-17T09:46:54.993+0800: 19.641: [DefNew: 19428K->19428K(19648K), 0.0003526 secs]2026-06-17T09:46:54.994+0800: 19.642: [Tenured: 37460K->28231K(43712K), 0.0036411 secs] 56889K->28231K(63360K), [Metaspace: 2709K->2709K(1056768K)], 0.0051068 secs] [Times: user=0.00 sys=0.00, real=0.00 secs] 
2026-06-17T09:46:55.050+0800: 19.698: [GC (Allocation Failure) 2026-06-17T09:46:55.051+0800: 19.699: [DefNew: 17463K->2171K(19648K), 0.0010011 secs] 45694K->32176K(63360K), 0.0019402 secs] [Times: user=0.00 sys=0.01, real=0.01 secs] 
2026-06-17T09:46:55.096+0800: 19.744: [GC (Allocation Failure) 2026-06-17T09:46:55.097+0800: 19.745: [DefNew: 19614K->2169K(19648K), 0.0028967 secs] 49619K->35416K(63360K), 0.0046044 secs] [Times: user=0.00 sys=0.00, real=0.00 secs] 
2026-06-17T09:46:55.146+0800: 19.794: [GC (Allocation Failure) 2026-06-17T09:46:55.147+0800: 19.795: [DefNew: 19635K->2102K(19648K), 0.0021941 secs] 52882K->39350K(63360K), 0.0037504 secs] [Times: user=0.01 sys=0.00, real=0.01 secs] 
2026-06-17T09:46:55.196+0800: 19.844: [GC (Allocation Failure) 2026-06-17T09:46:55.197+0800: 19.845: [DefNew: 19567K->19567K(19648K), 0.0009163 secs]2026-06-17T09:46:55.198+0800: 19.846: [Tenured: 37247K->32813K(43712K), 0.0065326 secs] 56815K->32813K(63360K), [Metaspace: 2709K->2709K(1056768K)], 0.0099549 secs] [Times: user=0.00 sys=0.00, real=0.01 secs] 
2026-06-17T09:46:55.250+0800: 19.898: [GC (Allocation Failure) 2026-06-17T09:46:55.250+0800: 19.899: [DefNew: 17464K->2171K(19648K), 0.0026789 secs] 50278K->39730K(63360K), 0.0061739 secs] [Times: user=0.01 sys=0.00, real=0.01 secs] 
2026-06-17T09:46:55.304+0800: 19.952: [GC (Allocation Failure) 2026-06-17T09:46:55.304+0800: 19.952: [DefNew: 19643K->19643K(19648K), 0.0008401 secs]2026-06-17T09:46:55.306+0800: 19.954: [Tenured: 37558K->30108K(43712K), 0.0038614 secs] 57202K->30108K(63360K), [Metaspace: 2709K->2709K(1056768K)], 0.0066953 secs] [Times: user=0.00 sys=0.00, real=0.01 secs] 
2026-06-17T09:46:55.354+0800: 20.002: [GC (Allocation Failure) 2026-06-17T09:46:55.354+0800: 20.002: [DefNew: 17443K->2173K(19648K), 0.0014881 secs] 47552K->36985K(63360K), 0.0027312 secs] [Times: user=0.00 sys=0.00, real=0.00 secs] 
2026-06-17T09:46:55.399+0800: 20.047: [GC (Allocation Failure) 2026-06-17T09:46:55.400+0800: 20.048: [DefNew: 19456K->2166K(19648K), 0.0019318 secs] 54268K->39205K(63360K), 0.0028183 secs] [Times: user=0.01 sys=0.00, real=0.00 secs] 
2026-06-17T09:46:55.456+0800: 20.104: [GC (Allocation Failure) 2026-06-17T09:46:55.456+0800: 20.104: [DefNew: 19603K->19603K(19648K), 0.0004160 secs]2026-06-17T09:46:55.457+0800: 20.105: [Tenured: 37039K->26671K(43712K), 0.0032622 secs] 56642K->26671K(63360K), [Metaspace: 2709K->2709K(1056768K)], 0.0048714 secs] [Times: user=0.00 sys=0.00, real=0.00 secs] 
2026-06-17T09:46:55.503+0800: 20.151: [GC (Allocation Failure) 2026-06-17T09:46:55.503+0800: 20.152: [DefNew: 17472K->2175K(19648K), 0.0014573 secs] 44143K->33640K(63360K), 0.0022904 secs] [Times: user=0.00 sys=0.00, real=0.00 secs] 
2026-06-17T09:46:55.548+0800: 20.196: [GC (Allocation Failure) 2026-06-17T09:46:55.549+0800: 20.197: [DefNew: 19644K->2082K(19648K), 0.0013778 secs] 51108K->38077K(63360K), 0.0021565 secs] [Times: user=0.01 sys=0.00, real=0.01 secs] 
2026-06-17T09:46:55.593+0800: 20.241: [GC (Allocation Failure) 2026-06-17T09:46:55.594+0800: 20.242: [DefNew: 19539K->2173K(19648K), 0.0012969 secs] 55534K->41957K(63360K), 0.0023960 secs] [Times: user=0.00 sys=0.00, real=0.00 secs] 
2026-06-17T09:46:55.639+0800: 20.287: [GC (Allocation Failure) 2026-06-17T09:46:55.640+0800: 20.288: [DefNew: 19400K->19400K(19648K), 0.0005002 secs]2026-06-17T09:46:55.640+0800: 20.288: [Tenured: 39784K->27301K(43712K), 0.0037054 secs] 59184K->27301K(63360K), [Metaspace: 2709K->2709K(1056768K)], 0.0055197 secs] [Times: user=0.00 sys=0.00, real=0.01 secs] 
2026-06-17T09:46:55.688+0800: 20.336: [GC (Allocation Failure) 2026-06-17T09:46:55.713+0800: 20.361: [DefNew: 17390K->2053K(19648K), 0.0011639 secs] 44691K->30658K(63360K), 0.0264929 secs] [Times: user=0.00 sys=0.00, real=0.03 secs] 
2026-06-17T09:46:55.768+0800: 20.416: [GC (Allocation Failure) 2026-06-17T09:46:55.769+0800: 20.417: [DefNew: 19497K->2175K(19648K), 0.0024578 secs] 48103K->34775K(63360K), 0.0056647 secs] [Times: user=0.00 sys=0.00, real=0.01 secs] 
2026-06-17T09:46:55.817+0800: 20.465: [GC (Allocation Failure) 2026-06-17T09:46:55.817+0800: 20.465: [DefNew: 19630K->2098K(19648K), 0.0010634 secs] 52229K->38892K(63360K), 0.0019817 secs] [Times: user=0.00 sys=0.00, real=0.00 secs] 
2026-06-17T09:46:55.862+0800: 20.510: [GC (Allocation Failure) 2026-06-17T09:46:55.863+0800: 20.511: [DefNew: 19570K->19570K(19648K), 0.0013344 secs]2026-06-17T09:46:55.866+0800: 20.514: [Tenured: 36794K->26037K(43712K), 0.0051077 secs] 56364K->26037K(63360K), [Metaspace: 2709K->2709K(1056768K)], 0.0109876 secs] [Times: user=0.01 sys=0.00, real=0.02 secs] 
2026-06-17T09:46:55.920+0800: 20.568: [GC (Allocation Failure) 2026-06-17T09:46:55.921+0800: 20.569: [DefNew: 17208K->2123K(19648K), 0.0011718 secs] 43245K->29597K(63360K), 0.0024763 secs] [Times: user=0.00 sys=0.00, real=0.01 secs] 
2026-06-17T09:46:55.966+0800: 20.614: [GC (Allocation Failure) 2026-06-17T09:46:55.966+0800: 20.614: [DefNew: 19595K->2166K(19648K), 0.0017279 secs] 47069K->37033K(63360K), 0.0027782 secs] [Times: user=0.00 sys=0.00, real=0.00 secs] 
2026-06-17T09:46:56.021+0800: 20.669: [GC (Allocation Failure) 2026-06-17T09:46:56.022+0800: 20.670: [DefNew: 19607K->2137K(19648K), 0.0006923 secs] 54474K->38724K(63360K), 0.0011669 secs] [Times: user=0.01 sys=0.00, real=0.01 secs] 
2026-06-17T09:46:56.065+0800: 20.713: [GC (Allocation Failure) 2026-06-17T09:46:56.065+0800: 20.713: [DefNew: 19566K->19566K(19648K), 0.0002716 secs]2026-06-17T09:46:56.066+0800: 20.714: [Tenured: 36586K->28993K(43712K), 0.0038867 secs] 56153K->28993K(63360K), [Metaspace: 2709K->2709K(1056768K)], 0.0051165 secs] [Times: user=0.00 sys=0.00, real=0.00 secs] 
2026-06-17T09:46:56.112+0800: 20.760: [GC (Allocation Failure) 2026-06-17T09:46:56.112+0800: 20.760: [DefNew: 17442K->2175K(19648K), 0.0013180 secs] 46435K->36089K(63360K), 0.0020928 secs] [Times: user=0.00 sys=0.00, real=0.00 secs] 
2026-06-17T09:46:56.157+0800: 20.805: [GC (Allocation Failure) 2026-06-17T09:46:56.157+0800: 20.805: [DefNew: 19647K->2172K(19648K), 0.0019170 secs] 53561K->43274K(63360K), 0.0031737 secs] [Times: user=0.01 sys=0.00, real=0.00 secs] 
2026-06-17T09:46:56.202+0800: 20.850: [GC (Allocation Failure) 2026-06-17T09:46:56.203+0800: 20.851: [DefNew: 19644K->19644K(19648K), 0.0003945 secs]2026-06-17T09:46:56.203+0800: 20.851: [Tenured: 41102K->29143K(43712K), 0.0037602 secs] 60746K->29143K(63360K), [Metaspace: 2709K->2709K(1056768K)], 0.0052084 secs] [Times: user=0.00 sys=0.00, real=0.01 secs] 
2026-06-17T09:46:56.261+0800: 20.909: [GC (Allocation Failure) 2026-06-17T09:46:56.262+0800: 20.910: [DefNew: 17418K->2138K(19648K), 0.0021152 secs] 46561K->32510K(63360K), 0.0038481 secs] [Times: user=0.00 sys=0.00, real=0.01 secs] 
2026-06-17T09:46:56.308+0800: 20.956: [GC (Allocation Failure) 2026-06-17T09:46:56.309+0800: 20.957: [DefNew: 19610K->2135K(19648K), 0.0014945 secs] 49982K->36246K(63360K), 0.0027978 secs] [Times: user=0.01 sys=0.00, real=0.01 secs] 
2026-06-17T09:46:56.354+0800: 21.002: [GC (Allocation Failure) 2026-06-17T09:46:56.355+0800: 21.003: [DefNew: 19573K->2124K(19648K), 0.0009742 secs] 53684K->39708K(63360K), 0.0018889 secs] [Times: user=0.00 sys=0.00, real=0.00 secs] 
2026-06-17T09:46:56.398+0800: 21.046: [GC (Allocation Failure) 2026-06-17T09:46:56.399+0800: 21.047: [DefNew: 19592K->19592K(19648K), 0.0003976 secs]2026-06-17T09:46:56.399+0800: 21.047: [Tenured: 37583K->29370K(43712K), 0.0039262 secs] 57175K->29370K(63360K), [Metaspace: 2709K->2709K(1056768K)], 0.0055222 secs] [Times: user=0.00 sys=0.00, real=0.01 secs] 
2026-06-17T09:46:56.447+0800: 21.095: [GC (Allocation Failure) 2026-06-17T09:46:56.447+0800: 21.095: [DefNew: 17416K->2172K(19648K), 0.0017431 secs] 46786K->36499K(63360K), 0.0027379 secs] [Times: user=0.00 sys=0.00, real=0.00 secs] 
2026-06-17T09:46:56.503+0800: 21.151: [GC (Allocation Failure) 2026-06-17T09:46:56.504+0800: 21.152: [DefNew: 19644K->2050K(19648K), 0.0017843 secs] 53971K->37645K(63360K), 0.0031822 secs] [Times: user=0.00 sys=0.00, real=0.00 secs] 
2026-06-17T09:46:56.540+0800: 21.188: [GC (Allocation Failure) 2026-06-17T09:46:56.541+0800: 21.189: [DefNew: 19519K->2150K(19648K), 0.0013026 secs] 55113K->41274K(63360K), 0.0023518 secs] [Times: user=0.00 sys=0.00, real=0.01 secs] 
2026-06-17T09:46:56.597+0800: 21.245: [GC (Allocation Failure) 2026-06-17T09:46:56.598+0800: 21.246: [DefNew: 19584K->19584K(19648K), 0.0006915 secs]2026-06-17T09:46:56.599+0800: 21.247: [Tenured: 39123K->30890K(43712K), 0.0047682 secs] 58708K->30890K(63360K), [Metaspace: 2709K->2709K(1056768K)], 0.0074259 secs] [Times: user=0.00 sys=0.00, real=0.01 secs] 
2026-06-17T09:46:56.649+0800: 21.297: [GC (Allocation Failure) 2026-06-17T09:46:56.650+0800: 21.298: [DefNew: 17438K->2175K(19648K), 0.0028121 secs] 48329K->37733K(63360K), 0.0045159 secs] [Times: user=0.01 sys=0.00, real=0.01 secs] 
2026-06-17T09:46:56.699+0800: 21.347: [GC (Allocation Failure) 2026-06-17T09:46:56.700+0800: 21.348: [DefNew: 19600K->2175K(19648K), 0.0026899 secs] 55158K->44547K(63360K), 0.0042280 secs] [Times: user=0.00 sys=0.00, real=0.01 secs] 
2026-06-17T09:46:56.750+0800: 21.398: [GC (Allocation Failure) 2026-06-17T09:46:56.751+0800: 21.399: [DefNew: 19613K->19613K(19648K), 0.0007908 secs]2026-06-17T09:46:56.755+0800: 21.403: [Tenured: 42372K->24709K(43712K), 0.0064431 secs] 61985K->24709K(63360K), [Metaspace: 2709K->2709K(1056768K)], 0.0124814 secs] [Times: user=0.01 sys=0.00, real=0.02 secs] 
2026-06-17T09:46:56.807+0800: 21.455: [GC (Allocation Failure) 2026-06-17T09:46:56.807+0800: 21.455: [DefNew: 17439K->2121K(19648K), 0.0013322 secs] 42148K->27898K(63360K), 0.0026846 secs] [Times: user=0.00 sys=0.00, real=0.00 secs] 
2026-06-17T09:46:56.854+0800: 21.503: [GC (Allocation Failure) 2026-06-17T09:46:56.855+0800: 21.503: [DefNew: 19577K->2169K(19648K), 0.0029835 secs] 45355K->34461K(63360K), 0.0053955 secs] [Times: user=0.01 sys=0.00, real=0.01 secs] 
2026-06-17T09:46:56.917+0800: 21.565: [GC (Allocation Failure) 2026-06-17T09:46:56.918+0800: 21.566: [DefNew: 19638K->2133K(19648K), 0.0063231 secs] 51931K->34639K(63360K), 0.0080948 secs] [Times: user=0.00 sys=0.00, real=0.01 secs] 
2026-06-17T09:46:56.962+0800: 21.610: [GC (Allocation Failure) 2026-06-17T09:46:56.967+0800: 21.615: [DefNew: 19580K->1967K(19648K), 0.0014130 secs] 52085K->37876K(63360K), 0.0059394 secs] [Times: user=0.00 sys=0.00, real=0.01 secs] 
2026-06-17T09:46:57.021+0800: 21.669: [GC (Allocation Failure) 2026-06-17T09:46:57.021+0800: 21.669: [DefNew: 19439K->19439K(19648K), 0.0003305 secs]2026-06-17T09:46:57.022+0800: 21.670: [Tenured: 35909K->28389K(43712K), 0.0040239 secs] 55348K->28389K(63360K), [Metaspace: 2709K->2709K(1056768K)], 0.0073813 secs] [Times: user=0.00 sys=0.00, real=0.01 secs] 
2026-06-17T09:46:57.071+0800: 21.719: [GC (Allocation Failure) 2026-06-17T09:46:57.071+0800: 21.719: [DefNew: 17472K->2171K(19648K), 0.0012812 secs] 45861K->35415K(63360K), 0.0025123 secs] [Times: user=0.00 sys=0.00, real=0.00 secs] 
2026-06-17T09:46:57.116+0800: 21.764: [GC (Allocation Failure) 2026-06-17T09:46:57.117+0800: 21.765: [DefNew: 19592K->2145K(19648K), 0.0014943 secs] 52836K->41146K(63360K), 0.0027646 secs] [Times: user=0.00 sys=0.00, real=0.00 secs] 
2026-06-17T09:46:57.162+0800: 21.810: [GC (Allocation Failure) 2026-06-17T09:46:57.162+0800: 21.810: [DefNew: 19617K->19617K(19648K), 0.0004884 secs]2026-06-17T09:46:57.163+0800: 21.811: [Tenured: 39001K->30108K(43712K), 0.0036047 secs] 58618K->30108K(63360K), [Metaspace: 2709K->2709K(1056768K)], 0.0055048 secs] [Times: user=0.00 sys=0.00, real=0.01 secs] 
2026-06-17T09:46:57.210+0800: 21.858: [GC (Allocation Failure) 2026-06-17T09:46:57.211+0800: 21.860: [DefNew: 17276K->2117K(19648K), 0.0036174 secs] 47384K->33425K(63360K), 0.0132972 secs] [Times: user=0.00 sys=0.00, real=0.02 secs] 
2026-06-17T09:46:57.276+0800: 21.924: [GC (Allocation Failure) 2026-06-17T09:46:57.277+0800: 21.925: [DefNew: 19553K->2113K(19648K), 0.0009484 secs] 50860K->37347K(63360K), 0.0016382 secs] [Times: user=0.00 sys=0.00, real=0.00 secs] 
2026-06-17T09:46:57.320+0800: 21.968: [GC (Allocation Failure) 2026-06-17T09:46:57.321+0800: 21.969: [DefNew: 19570K->2007K(19648K), 0.0015128 secs] 54804K->40663K(63360K), 0.0027982 secs] [Times: user=0.00 sys=0.01, real=0.01 secs] 
2026-06-17T09:46:57.355+0800: 22.003: [GC (Allocation Failure) 2026-06-17T09:46:57.355+0800: 22.003: [DefNew: 19339K->19339K(19648K), 0.0002522 secs]2026-06-17T09:46:57.356+0800: 22.004: [Tenured: 38656K->30542K(43712K), 0.0033222 secs] 57996K->30542K(63360K), [Metaspace: 2709K->2709K(1056768K)], 0.0045483 secs] [Times: user=0.00 sys=0.00, real=0.00 secs] 
2026-06-17T09:46:57.412+0800: 22.060: [GC (Allocation Failure) 2026-06-17T09:46:57.413+0800: 22.061: [DefNew: 17459K->2058K(19648K), 0.0012587 secs] 48001K->33953K(63360K), 0.0021479 secs] [Times: user=0.00 sys=0.00, real=0.00 secs] 
2026-06-17T09:46:57.457+0800: 22.105: [GC (Allocation Failure) 2026-06-17T09:46:57.457+0800: 22.105: [DefNew: 19530K->2169K(19648K), 0.0012008 secs] 51425K->37115K(63360K), 0.0020542 secs] [Times: user=0.00 sys=0.00, real=0.00 secs] 
2026-06-17T09:46:57.502+0800: 22.150: [GC (Allocation Failure) 2026-06-17T09:46:57.502+0800: 22.150: [DefNew: 19584K->2174K(19648K), 0.0017633 secs] 54530K->41478K(63360K), 0.0028086 secs] [Times: user=0.00 sys=0.00, real=0.01 secs] 
2026-06-17T09:46:57.548+0800: 22.196: [GC (Allocation Failure) 2026-06-17T09:46:57.549+0800: 22.197: [DefNew: 19646K->19646K(19648K), 0.0007012 secs]2026-06-17T09:46:57.550+0800: 22.198: [Tenured: 39303K->34853K(43712K), 0.0045671 secs] 58950K->34853K(63360K), [Metaspace: 2709K->2709K(1056768K)], 0.0082116 secs] [Times: user=0.01 sys=0.00, real=0.01 secs] 
2026-06-17T09:46:57.603+0800: 22.251: [GC (Allocation Failure) 2026-06-17T09:46:57.604+0800: 22.252: [DefNew: 17367K->2119K(19648K), 0.0017259 secs] 52221K->38238K(63360K), 0.0033993 secs] [Times: user=0.00 sys=0.00, real=0.00 secs] 
2026-06-17T09:46:57.661+0800: 22.309: [GC (Allocation Failure) 2026-06-17T09:46:57.662+0800: 22.310: [DefNew: 19591K->2143K(19648K), 0.0021143 secs] 55710K->41683K(63360K), 0.0033703 secs] [Times: user=0.01 sys=0.00, real=0.01 secs] 
2026-06-17T09:46:57.709+0800: 22.357: [GC (Allocation Failure) 2026-06-17T09:46:57.710+0800: 22.358: [DefNew: 19615K->19615K(19648K), 0.0007845 secs]2026-06-17T09:46:57.711+0800: 22.360: [Tenured: 39539K->31486K(43712K), 0.0062080 secs] 59155K->31486K(63360K), [Metaspace: 2709K->2709K(1056768K)], 0.0093740 secs] [Times: user=0.00 sys=0.00, real=0.01 secs] 
2026-06-17T09:46:57.763+0800: 22.411: [GC (Allocation Failure) 2026-06-17T09:46:57.764+0800: 22.412: [DefNew: 17462K->2175K(19648K), 0.0034938 secs] 48948K->38877K(63360K), 0.0050931 secs] [Times: user=0.00 sys=0.00, real=0.00 secs] 
2026-06-17T09:46:57.812+0800: 22.460: [GC (Allocation Failure) 2026-06-17T09:46:57.812+0800: 22.460: [DefNew: 19613K->19613K(19648K), 0.0003870 secs]2026-06-17T09:46:57.813+0800: 22.461: [Tenured: 36701K->23695K(43712K), 0.0039786 secs] 56315K->23695K(63360K), [Metaspace: 2709K->2709K(1056768K)], 0.0059858 secs] [Times: user=0.01 sys=0.00, real=0.00 secs] 
2026-06-17T09:46:57.861+0800: 22.509: [GC (Allocation Failure) 2026-06-17T09:46:57.861+0800: 22.509: [DefNew: 17450K->2162K(19648K), 0.0014386 secs] 41145K->27521K(63360K), 0.0025467 secs] [Times: user=0.00 sys=0.00, real=0.01 secs] 
2026-06-17T09:46:57.916+0800: 22.564: [GC (Allocation Failure) 2026-06-17T09:46:57.922+0800: 22.570: [DefNew: 19580K->2122K(19648K), 0.0020758 secs] 44939K->30895K(63360K), 0.0087309 secs] [Times: user=0.00 sys=0.00, real=0.01 secs] 
2026-06-17T09:46:57.969+0800: 22.617: [GC (Allocation Failure) 2026-06-17T09:46:57.976+0800: 22.624: [DefNew: 19587K->2171K(19648K), 0.0011658 secs] 48361K->34368K(63360K), 0.0078802 secs] [Times: user=0.01 sys=0.00, real=0.01 secs] 
2026-06-17T09:46:58.020+0800: 22.668: [GC (Allocation Failure) 2026-06-17T09:46:58.020+0800: 22.668: [DefNew: 19637K->2048K(19648K), 0.0009697 secs] 51834K->38349K(63360K), 0.0017340 secs] [Times: user=0.00 sys=0.00, real=0.00 secs] 
2026-06-17T09:46:58.064+0800: 22.712: [GC (Allocation Failure) 2026-06-17T09:46:58.064+0800: 22.712: [DefNew: 19502K->2175K(19648K), 0.0009760 secs] 55803K->41843K(63360K), 0.0034057 secs] [Times: user=0.00 sys=0.00, real=0.00 secs] 
2026-06-17T09:46:58.110+0800: 22.758: [GC (Allocation Failure) 2026-06-17T09:46:58.111+0800: 22.759: [DefNew: 19640K->19640K(19648K), 0.0005045 secs]2026-06-17T09:46:58.113+0800: 22.761: [Tenured: 39668K->28355K(43712K), 0.0038965 secs] 59308K->28355K(63360K), [Metaspace: 2709K->2709K(1056768K)], 0.0073848 secs] [Times: user=0.01 sys=0.00, real=0.01 secs] 
2026-06-17T09:46:58.174+0800: 22.822: [GC (Allocation Failure) 2026-06-17T09:46:58.175+0800: 22.823: [DefNew: 17453K->2167K(19648K), 0.0013817 secs] 45809K->31822K(63360K), 0.0027236 secs] [Times: user=0.00 sys=0.00, real=0.00 secs] 
2026-06-17T09:46:58.221+0800: 22.869: [GC (Allocation Failure) 2026-06-17T09:46:58.222+0800: 22.870: [DefNew: 19639K->2172K(19648K), 0.0017989 secs] 49294K->36024K(63360K), 0.0029468 secs] [Times: user=0.00 sys=0.00, real=0.01 secs] 
2026-06-17T09:46:58.268+0800: 22.916: [GC (Allocation Failure) 2026-06-17T09:46:58.269+0800: 22.917: [DefNew: 19644K->2103K(19648K), 0.0022634 secs] 53496K->39820K(63360K), 0.0040907 secs] [Times: user=0.00 sys=0.00, real=0.01 secs] 
2026-06-17T09:46:58.326+0800: 22.974: [GC (Allocation Failure) 2026-06-17T09:46:58.327+0800: 22.975: [DefNew: 19568K->19568K(19648K), 0.0007687 secs]2026-06-17T09:46:58.329+0800: 22.977: [Tenured: 37717K->21374K(43712K), 0.0057810 secs] 57285K->21374K(63360K), [Metaspace: 2709K->2709K(1056768K)], 0.0090806 secs] [Times: user=0.01 sys=0.00, real=0.01 secs] 
2026-06-17T09:46:58.372+0800: 23.020: [GC (Allocation Failure) 2026-06-17T09:46:58.372+0800: 23.020: [DefNew: 17280K->2175K(19648K), 0.0012274 secs] 38654K->27890K(63360K), 0.0020533 secs] [Times: user=0.00 sys=0.00, real=0.00 secs] 
2026-06-17T09:46:58.427+0800: 23.075: [GC (Allocation Failure) 2026-06-17T09:46:58.428+0800: 23.076: [DefNew: 19631K->2091K(19648K), 0.0024656 secs] 45346K->31821K(63360K), 0.0040015 secs] [Times: user=0.00 sys=0.00, real=0.01 secs] 
2026-06-17T09:46:58.477+0800: 23.125: [GC (Allocation Failure) 2026-06-17T09:46:58.478+0800: 23.126: [DefNew: 19557K->2166K(19648K), 0.0022495 secs] 49287K->34936K(63360K), 0.0038878 secs] [Times: user=0.00 sys=0.00, real=0.00 secs] 
2026-06-17T09:46:58.527+0800: 23.175: [GC (Allocation Failure) 2026-06-17T09:46:58.528+0800: 23.176: [DefNew: 19638K->2120K(19648K), 0.0024188 secs] 52408K->38230K(63360K), 0.0041300 secs] [Times: user=0.00 sys=0.00, real=0.01 secs] 
2026-06-17T09:46:58.577+0800: 23.225: [GC (Allocation Failure) 2026-06-17T09:46:58.578+0800: 23.226: [DefNew: 19251K->1469K(19648K), 0.0015249 secs] 55361K->38486K(63360K), 0.0033295 secs] [Times: user=0.00 sys=0.00, real=0.00 secs] 
2026-06-17T09:46:58.626+0800: 23.274: [GC (Allocation Failure) 2026-06-17T09:46:58.627+0800: 23.275: [DefNew: 18831K->2096K(19648K), 0.0018899 secs] 55848K->41694K(63360K), 0.0032596 secs] [Times: user=0.00 sys=0.00, real=0.00 secs] 
2026-06-17T09:46:58.675+0800: 23.323: [GC (Allocation Failure) 2026-06-17T09:46:58.675+0800: 23.323: [DefNew: 19568K->19568K(19648K), 0.0005419 secs]2026-06-17T09:46:58.677+0800: 23.325: [Tenured: 39598K->25993K(43712K), 0.0048845 secs] 59166K->25993K(63360K), [Metaspace: 2709K->2709K(1056768K)], 0.0081246 secs] [Times: user=0.01 sys=0.00, real=0.01 secs] 
2026-06-17T09:46:58.737+0800: 23.385: [GC (Allocation Failure) 2026-06-17T09:46:58.739+0800: 23.387: [DefNew: 17438K->2137K(19648K), 0.0019319 secs] 43431K->29841K(63360K), 0.0039259 secs] [Times: user=0.00 sys=0.00, real=0.00 secs] 
2026-06-17T09:46:58.786+0800: 23.434: [GC (Allocation Failure) 2026-06-17T09:46:58.786+0800: 23.434: [DefNew: 19609K->2100K(19648K), 0.0018981 secs] 47313K->33693K(63360K), 0.0033721 secs] [Times: user=0.00 sys=0.00, real=0.00 secs] 
2026-06-17T09:46:58.833+0800: 23.481: [GC (Allocation Failure) 2026-06-17T09:46:58.833+0800: 23.481: [DefNew: 19554K->2175K(19648K), 0.0012561 secs] 51148K->37715K(63360K), 0.0024560 secs] [Times: user=0.00 sys=0.01, real=0.00 secs] 
2026-06-17T09:46:58.878+0800: 23.526: [GC (Allocation Failure) 2026-06-17T09:46:58.879+0800: 23.527: [DefNew: 19442K->2124K(19648K), 0.0009812 secs] 54982K->39147K(63360K), 0.0020662 secs] [Times: user=0.00 sys=0.00, real=0.00 secs] 
2026-06-17T09:46:58.923+0800: 23.571: [GC (Allocation Failure) 2026-06-17T09:46:58.924+0800: 23.572: [DefNew: 19580K->2172K(19648K), 0.0015489 secs] 56604K->45636K(63360K), 0.0022491 secs] [Times: user=0.00 sys=0.00, real=0.00 secs] 
2026-06-17T09:46:58.978+0800: 23.626: [GC (Allocation Failure) 2026-06-17T09:46:58.979+0800: 23.627: [DefNew: 19644K->19644K(19648K), 0.0003468 secs]2026-06-17T09:46:58.979+0800: 23.627: [Tenured: 43464K->26062K(43712K), 0.0042067 secs] 63108K->26062K(63360K), [Metaspace: 2709K->2709K(1056768K)], 0.0056011 secs] [Times: user=0.00 sys=0.00, real=0.01 secs] 
2026-06-17T09:46:59.016+0800: 23.664: [GC (Allocation Failure) 2026-06-17T09:46:59.017+0800: 23.665: [DefNew: 17417K->2172K(19648K), 0.0018020 secs] 43480K->32993K(63360K), 0.0029862 secs] [Times: user=0.01 sys=0.00, real=0.00 secs] 
2026-06-17T09:46:59.073+0800: 23.721: [GC (Allocation Failure) 2026-06-17T09:46:59.074+0800: 23.722: [DefNew: 19623K->2016K(19648K), 0.0013912 secs] 50444K->36265K(63360K), 0.0027531 secs] [Times: user=0.00 sys=0.00, real=0.00 secs] 
2026-06-17T09:46:59.119+0800: 23.767: [GC (Allocation Failure) 2026-06-17T09:46:59.121+0800: 23.769: [DefNew: 19462K->2109K(19648K), 0.0023606 secs] 53711K->39716K(63360K), 0.0053252 secs] [Times: user=0.00 sys=0.00, real=0.01 secs] 
2026-06-17T09:46:59.167+0800: 23.815: [GC (Allocation Failure) 2026-06-17T09:46:59.168+0800: 23.816: [DefNew: 19555K->19555K(19648K), 0.0003015 secs]2026-06-17T09:46:59.168+0800: 23.816: [Tenured: 37607K->31464K(43712K), 0.0038441 secs] 57162K->31464K(63360K), [Metaspace: 2709K->2709K(1056768K)], 0.0051964 secs] [Times: user=0.01 sys=0.00, real=0.01 secs] 
2026-06-17T09:46:59.215+0800: 23.863: [GC (Allocation Failure) 2026-06-17T09:46:59.215+0800: 23.863: [DefNew: 17439K->2175K(19648K), 0.0010500 secs] 48903K->38309K(63360K), 0.0017155 secs] [Times: user=0.00 sys=0.00, real=0.00 secs] 
2026-06-17T09:46:59.260+0800: 23.908: [GC (Allocation Failure) 2026-06-17T09:46:59.260+0800: 23.908: [DefNew: 19647K->2102K(19648K), 0.0015519 secs] 55781K->42503K(63360K), 0.0024621 secs] [Times: user=0.00 sys=0.00, real=0.01 secs] 
2026-06-17T09:46:59.305+0800: 23.953: [GC (Allocation Failure) 2026-06-17T09:46:59.305+0800: 23.953: [DefNew: 19562K->19562K(19648K), 0.0002321 secs]2026-06-17T09:46:59.306+0800: 23.954: [Tenured: 40401K->31775K(43712K), 0.0035676 secs] 59963K->31775K(63360K), [Metaspace: 2709K->2709K(1056768K)], 0.0053959 secs] [Times: user=0.00 sys=0.00, real=0.01 secs] 
2026-06-17T09:46:59.363+0800: 24.012: [GC (Allocation Failure) 2026-06-17T09:46:59.365+0800: 24.013: [DefNew: 17448K->2148K(19648K), 0.0008519 secs] 49224K->35582K(63360K), 0.0025897 secs] [Times: user=0.00 sys=0.00, real=0.00 secs] 
2026-06-17T09:46:59.408+0800: 24.056: [GC (Allocation Failure) 2026-06-17T09:46:59.409+0800: 24.057: [DefNew: 19607K->2154K(19648K), 0.0013555 secs] 53041K->39534K(63360K), 0.0027702 secs] [Times: user=0.00 sys=0.00, real=0.01 secs] 
2026-06-17T09:46:59.455+0800: 24.103: [GC (Allocation Failure) 2026-06-17T09:46:59.455+0800: 24.103: [DefNew: 19590K->19590K(19648K), 0.0007436 secs]2026-06-17T09:46:59.456+0800: 24.105: [Tenured: 37379K->26431K(43712K), 0.0049904 secs] 56969K->26431K(63360K), [Metaspace: 2709K->2709K(1056768K)], 0.0071925 secs] [Times: user=0.00 sys=0.00, real=0.00 secs] 
2026-06-17T09:46:59.505+0800: 24.153: [GC (Allocation Failure) 2026-06-17T09:46:59.505+0800: 24.153: [DefNew: 17467K->2175K(19648K), 0.0012135 secs] 43899K->33682K(63360K), 0.0021931 secs] [Times: user=0.00 sys=0.00, real=0.00 secs] 
2026-06-17T09:46:59.550+0800: 24.198: [GC (Allocation Failure) 2026-06-17T09:46:59.550+0800: 24.198: [DefNew: 19625K->2174K(19648K), 0.0010296 secs] 51132K->39644K(63360K), 0.0015020 secs] [Times: user=0.01 sys=0.00, real=0.01 secs] 
2026-06-17T09:46:59.604+0800: 24.252: [GC (Allocation Failure) 2026-06-17T09:46:59.604+0800: 24.252: [DefNew: 19646K->19646K(19648K), 0.0002455 secs]2026-06-17T09:46:59.604+0800: 24.252: [Tenured: 37469K->23979K(43712K), 0.0026571 secs] 57116K->23979K(63360K), [Metaspace: 2709K->2709K(1056768K)], 0.0036143 secs] [Times: user=0.00 sys=0.00, real=0.00 secs] 
2026-06-17T09:46:59.640+0800: 24.288: [GC (Allocation Failure) 2026-06-17T09:46:59.641+0800: 24.289: [DefNew: 17249K->2171K(19648K), 0.0022945 secs] 41229K->30684K(63360K), 0.0038790 secs] [Times: user=0.00 sys=0.00, real=0.01 secs] 
2026-06-17T09:46:59.696+0800: 24.345: [GC (Allocation Failure) 2026-06-17T09:46:59.697+0800: 24.345: [DefNew: 19619K->2155K(19648K), 0.0016021 secs] 48133K->33977K(63360K), 0.0025029 secs] [Times: user=0.01 sys=0.00, real=0.00 secs] 
2026-06-17T09:46:59.742+0800: 24.390: [GC (Allocation Failure) 2026-06-17T09:46:59.742+0800: 24.390: [DefNew: 19627K->2169K(19648K), 0.0013798 secs] 51449K->37859K(63360K), 0.0022871 secs] [Times: user=0.00 sys=0.00, real=0.01 secs] 
2026-06-17T09:46:59.788+0800: 24.436: [GC (Allocation Failure) 2026-06-17T09:46:59.789+0800: 24.437: [DefNew: 19617K->2175K(19648K), 0.0028117 secs] 55307K->42196K(63360K), 0.0044008 secs] [Times: user=0.00 sys=0.00, real=0.01 secs] 
2026-06-17T09:46:59.836+0800: 24.485: [GC (Allocation Failure) 2026-06-17T09:46:59.837+0800: 24.485: [DefNew: 19647K->19647K(19648K), 0.0004697 secs]2026-06-17T09:46:59.838+0800: 24.486: [Tenured: 40020K->26969K(43712K), 0.0050041 secs] 59668K->26969K(63360K), [Metaspace: 2709K->2709K(1056768K)], 0.0070052 secs] [Times: user=0.00 sys=0.00, real=0.01 secs] 
2026-06-17T09:46:59.888+0800: 24.536: [GC (Allocation Failure) 2026-06-17T09:46:59.889+0800: 24.537: [DefNew: 17299K->2106K(19648K), 0.0016125 secs] 44268K->30812K(63360K), 0.0029764 secs] [Times: user=0.01 sys=0.00, real=0.01 secs] 
2026-06-17T09:46:59.945+0800: 24.593: [GC (Allocation Failure) 2026-06-17T09:46:59.946+0800: 24.594: [DefNew: 19567K->2070K(19648K), 0.0013817 secs] 48273K->34711K(63360K), 0.0022242 secs] [Times: user=0.00 sys=0.00, real=0.00 secs] 
2026-06-17T09:46:59.990+0800: 24.638: [GC (Allocation Failure) 2026-06-17T09:46:59.991+0800: 24.639: [DefNew: 19534K->2128K(19648K), 0.0011855 secs] 52175K->37725K(63360K), 0.0020407 secs] [Times: user=0.00 sys=0.00, real=0.01 secs] 
2026-06-17T09:47:00.036+0800: 24.684: [GC (Allocation Failure) 2026-06-17T09:47:00.037+0800: 24.685: [DefNew: 19590K->2161K(19648K), 0.0020728 secs] 55186K->41510K(63360K), 0.0038003 secs] [Times: user=0.01 sys=0.00, real=0.00 secs] 
2026-06-17T09:47:00.085+0800: 24.734: [GC (Allocation Failure) 2026-06-17T09:47:00.086+0800: 24.735: [DefNew: 19633K->19633K(19648K), 0.0008583 secs]2026-06-17T09:47:00.088+0800: 24.736: [Tenured: 39348K->21691K(43712K), 0.0056789 secs] 58982K->21691K(63360K), [Metaspace: 2709K->2709K(1056768K)], 0.0088203 secs] [Times: user=0.00 sys=0.00, real=0.01 secs] 
2026-06-17T09:47:00.138+0800: 24.786: [GC (Allocation Failure) 2026-06-17T09:47:00.139+0800: 24.787: [DefNew: 17472K->2174K(19648K), 0.0019684 secs] 39163K->28744K(63360K), 0.0040733 secs] [Times: user=0.00 sys=0.00, real=0.01 secs] 
2026-06-17T09:47:00.187+0800: 24.836: [GC (Allocation Failure) 2026-06-17T09:47:00.192+0800: 24.841: [DefNew: 19594K->2062K(19648K), 0.0018074 secs] 46165K->34583K(63360K), 0.0078375 secs] [Times: user=0.00 sys=0.00, real=0.01 secs] 
2026-06-17T09:47:00.239+0800: 24.887: [GC (Allocation Failure) 2026-06-17T09:47:00.248+0800: 24.896: [DefNew: 19491K->2118K(19648K), 0.0164631 secs] 52012K->38477K(63360K), 0.0498987 secs] [Times: user=0.01 sys=0.00, real=0.05 secs] 
2026-06-17T09:47:00.341+0800: 24.989: [GC (Allocation Failure) 2026-06-17T09:47:00.342+0800: 24.990: [DefNew: 19587K->2153K(19648K), 0.0012185 secs] 55946K->38849K(63360K), 0.0064499 secs] [Times: user=0.00 sys=0.00, real=0.01 secs] 
2026-06-17T09:47:00.391+0800: 25.039: [GC (Allocation Failure) 2026-06-17T09:47:00.393+0800: 25.041: [DefNew: 19594K->19594K(19648K), 0.0019874 secs]2026-06-17T09:47:00.395+0800: 25.044: [Tenured: 36696K->30012K(43712K), 0.0064141 secs] 56291K->30012K(63360K), [Metaspace: 2709K->2709K(1056768K)], 0.0135684 secs] [Times: user=0.01 sys=0.00, real=0.01 secs] 
2026-06-17T09:47:00.466+0800: 25.114: [GC (Allocation Failure) 2026-06-17T09:47:00.467+0800: 25.115: [DefNew: 17472K->2175K(19648K), 0.0033341 secs] 47484K->34023K(63360K), 0.0049894 secs] [Times: user=0.00 sys=0.00, real=0.01 secs] 
2026-06-17T09:47:00.516+0800: 25.164: [GC (Allocation Failure) 2026-06-17T09:47:00.517+0800: 25.165: [DefNew: 19623K->2099K(19648K), 0.0023124 secs] 51470K->37956K(63360K), 0.0039416 secs] [Times: user=0.01 sys=0.00, real=0.00 secs] 
2026-06-17T09:47:00.565+0800: 25.213: [GC (Allocation Failure) 2026-06-17T09:47:00.566+0800: 25.214: [DefNew: 19571K->2093K(19648K), 0.0019394 secs] 55428K->41275K(63360K), 0.0033984 secs] [Times: user=0.00 sys=0.00, real=0.00 secs] 
2026-06-17T09:47:00.613+0800: 25.261: [GC (Allocation Failure) 2026-06-17T09:47:00.614+0800: 25.262: [DefNew: 19562K->19562K(19648K), 0.0010916 secs]2026-06-17T09:47:00.616+0800: 25.264: [Tenured: 39182K->27275K(43712K), 0.0061432 secs] 58744K->27275K(63360K), [Metaspace: 2709K->2709K(1056768K)], 0.0094287 secs] [Times: user=0.01 sys=0.00, real=0.01 secs] 
2026-06-17T09:47:00.667+0800: 25.315: [GC (Allocation Failure) 2026-06-17T09:47:00.669+0800: 25.317: [DefNew: 17186K->2146K(19648K), 0.0031104 secs] 44462K->30760K(63360K), 0.0069353 secs] [Times: user=0.00 sys=0.00, real=0.01 secs] 
2026-06-17T09:47:00.734+0800: 25.382: [GC (Allocation Failure) 2026-06-17T09:47:00.735+0800: 25.383: [DefNew: 19610K->2070K(19648K), 0.0024009 secs] 48224K->34294K(63360K), 0.0043358 secs] [Times: user=0.00 sys=0.00, real=0.00 secs] 
2026-06-17T09:47:00.783+0800: 25.431: [GC (Allocation Failure) 2026-06-17T09:47:00.784+0800: 25.432: [DefNew: 19524K->2165K(19648K), 0.0019886 secs] 51748K->37435K(63360K), 0.0034517 secs] [Times: user=0.00 sys=0.00, real=0.00 secs] 
2026-06-17T09:47:00.831+0800: 25.479: [GC (Allocation Failure) 2026-06-17T09:47:00.831+0800: 25.479: [DefNew: 19595K->2094K(19648K), 0.0013071 secs] 54864K->40621K(63360K), 0.0021752 secs] [Times: user=0.00 sys=0.00, real=0.00 secs] 
2026-06-17T09:47:00.878+0800: 25.526: [GC (Allocation Failure) 2026-06-17T09:47:00.879+0800: 25.527: [DefNew: 19560K->19560K(19648K), 0.0008507 secs]2026-06-17T09:47:00.881+0800: 25.529: [Tenured: 38527K->34248K(43712K), 0.0065970 secs] 58087K->34248K(63360K), [Metaspace: 2709K->2709K(1056768K)], 0.0098610 secs] [Times: user=0.01 sys=0.00, real=0.01 secs] 
2026-06-17T09:47:00.933+0800: 25.581: [GC (Allocation Failure) 2026-06-17T09:47:00.934+0800: 25.582: [DefNew: 17451K->2171K(19648K), 0.0026296 secs] 51700K->41272K(63360K), 0.0048404 secs] [Times: user=0.00 sys=0.00, real=0.00 secs] 
2026-06-17T09:47:00.985+0800: 25.634: [GC (Allocation Failure) 2026-06-17T09:47:00.986+0800: 25.634: [DefNew: 19643K->19643K(19648K), 0.0005208 secs]2026-06-17T09:47:00.987+0800: 25.635: [Tenured: 39100K->26028K(43712K), 0.0058721 secs] 58744K->26028K(63360K), [Metaspace: 2709K->2709K(1056768K)], 0.0082188 secs] [Times: user=0.01 sys=0.00, real=0.01 secs] 
2026-06-17T09:47:01.049+0800: 25.697: [GC (Allocation Failure) 2026-06-17T09:47:01.050+0800: 25.698: [DefNew: 17472K->2124K(19648K), 0.0019037 secs] 43500K->30302K(63360K), 0.0032732 secs] [Times: user=0.01 sys=0.00, real=0.01 secs] 
2026-06-17T09:47:01.097+0800: 25.745: [GC (Allocation Failure) 2026-06-17T09:47:01.098+0800: 25.747: [DefNew: 19564K->2141K(19648K), 0.0026276 secs] 47742K->34225K(63360K), 0.0042875 secs] [Times: user=0.00 sys=0.00, real=0.00 secs] 
2026-06-17T09:47:01.147+0800: 25.795: [GC (Allocation Failure) 2026-06-17T09:47:01.147+0800: 25.795: [DefNew: 19611K->2173K(19648K), 0.0018326 secs] 51695K->38117K(63360K), 0.0031750 secs] [Times: user=0.00 sys=0.00, real=0.01 secs] 
2026-06-17T09:47:01.194+0800: 25.842: [GC (Allocation Failure) 2026-06-17T09:47:01.194+0800: 25.842: [DefNew: 19645K->2173K(19648K), 0.0016400 secs] 55589K->43597K(63360K), 0.0040445 secs] [Times: user=0.00 sys=0.00, real=0.00 secs] 
2026-06-17T09:47:01.251+0800: 25.899: [GC (Allocation Failure) 2026-06-17T09:47:01.252+0800: 25.900: [DefNew: 19630K->19630K(19648K), 0.0003195 secs]2026-06-17T09:47:01.252+0800: 25.900: [Tenured: 41423K->28171K(43712K), 0.0037077 secs] 61054K->28171K(63360K), [Metaspace: 2709K->2709K(1056768K)], 0.0049789 secs] [Times: user=0.00 sys=0.00, real=0.00 secs] 
2026-06-17T09:47:01.289+0800: 25.937: [GC (Allocation Failure) 2026-06-17T09:47:01.289+0800: 25.937: [DefNew: 17421K->2174K(19648K), 0.0013906 secs] 45592K->35599K(63360K), 0.0021758 secs] [Times: user=0.00 sys=0.00, real=0.01 secs] 
2026-06-17T09:47:01.334+0800: 25.982: [GC (Allocation Failure) 2026-06-17T09:47:01.335+0800: 25.983: [DefNew: 19643K->2171K(19648K), 0.0022601 secs] 53068K->42873K(63360K), 0.0035561 secs] [Times: user=0.00 sys=0.00, real=0.00 secs] 
2026-06-17T09:47:01.391+0800: 26.039: [GC (Allocation Failure) 2026-06-17T09:47:01.391+0800: 26.039: [DefNew: 19583K->19583K(19648K), 0.0019798 secs]2026-06-17T09:47:01.395+0800: 26.043: [Tenured: 40701K->30416K(43712K), 0.0044893 secs] 60285K->30416K(63360K), [Metaspace: 2709K->2709K(1056768K)], 0.0096017 secs] [Times: user=0.00 sys=0.00, real=0.00 secs] 
2026-06-17T09:47:01.446+0800: 26.094: [GC (Allocation Failure) 2026-06-17T09:47:01.447+0800: 26.095: [DefNew: 17464K->2166K(19648K), 0.0028065 secs] 47880K->37245K(63360K), 0.0045163 secs] [Times: user=0.00 sys=0.00, real=0.01 secs] 
2026-06-17T09:47:01.495+0800: 26.144: [GC (Allocation Failure) 2026-06-17T09:47:01.496+0800: 26.144: [DefNew: 19613K->2166K(19648K), 0.0023673 secs] 54692K->41165K(63360K), 0.0036687 secs] [Times: user=0.00 sys=0.00, real=0.00 secs] 
2026-06-17T09:47:01.543+0800: 26.191: [GC (Allocation Failure) 2026-06-17T09:47:01.543+0800: 26.191: [DefNew: 19420K->19420K(19648K), 0.0003780 secs]2026-06-17T09:47:01.544+0800: 26.192: [Tenured: 38998K->27483K(43712K), 0.0037579 secs] 58418K->27483K(63360K), [Metaspace: 2709K->2709K(1056768K)], 0.0053832 secs] [Times: user=0.01 sys=0.00, real=0.00 secs] 
2026-06-17T09:47:01.592+0800: 26.240: [GC (Allocation Failure) 2026-06-17T09:47:01.592+0800: 26.240: [DefNew: 17453K->2168K(19648K), 0.0023070 secs] 44937K->34359K(63360K), 0.0033495 secs] [Times: user=0.00 sys=0.00, real=0.00 secs] 
2026-06-17T09:47:01.649+0800: 26.297: [GC (Allocation Failure) 2026-06-17T09:47:01.650+0800: 26.299: [DefNew: 19605K->2141K(19648K), 0.0014281 secs] 51796K->37547K(63360K), 0.0034693 secs] [Times: user=0.00 sys=0.00, real=0.01 secs] 
2026-06-17T09:47:01.696+0800: 26.344: [GC (Allocation Failure) 2026-06-17T09:47:01.696+0800: 26.344: [DefNew: 19604K->2105K(19648K), 0.0013015 secs] 55011K->41403K(63360K), 0.0021682 secs] [Times: user=0.00 sys=0.00, real=0.00 secs] 
2026-06-17T09:47:01.741+0800: 26.389: [GC (Allocation Failure) 2026-06-17T09:47:01.742+0800: 26.390: [DefNew: 19553K->19553K(19648K), 0.0004565 secs]2026-06-17T09:47:01.743+0800: 26.391: [Tenured: 39297K->30974K(43712K), 0.0040506 secs] 58851K->30974K(63360K), [Metaspace: 2709K->2709K(1056768K)], 0.0063644 secs] [Times: user=0.01 sys=0.00, real=0.01 secs] 
2026-06-17T09:47:01.790+0800: 26.439: [GC (Allocation Failure) 2026-06-17T09:47:01.791+0800: 26.439: [DefNew: 17472K->2171K(19648K), 0.0016004 secs] 48446K->38092K(63360K), 0.0027414 secs] [Times: user=0.00 sys=0.00, real=0.00 secs] 
2026-06-17T09:47:01.837+0800: 26.485: [GC (Allocation Failure) 2026-06-17T09:47:01.839+0800: 26.487: [DefNew: 19633K->2169K(19648K), 0.0016659 secs] 55554K->44469K(63360K), 0.0038603 secs] [Times: user=0.00 sys=0.00, real=0.00 secs] 
2026-06-17T09:47:01.894+0800: 26.542: [GC (Allocation Failure) 2026-06-17T09:47:01.894+0800: 26.542: [DefNew: 19601K->19601K(19648K), 0.0004971 secs]2026-06-17T09:47:01.895+0800: 26.543: [Tenured: 42300K->28563K(43712K), 0.0033354 secs] 61902K->28563K(63360K), [Metaspace: 2709K->2709K(1056768K)], 0.0054048 secs] [Times: user=0.00 sys=0.00, real=0.00 secs] 
2026-06-17T09:47:01.932+0800: 26.580: [GC (Allocation Failure) 2026-06-17T09:47:01.933+0800: 26.581: [DefNew: 17391K->2174K(19648K), 0.0010724 secs] 45954K->35040K(63360K), 0.0018392 secs] [Times: user=0.00 sys=0.00, real=0.00 secs] 
2026-06-17T09:47:01.977+0800: 26.625: [GC (Allocation Failure) 2026-06-17T09:47:01.977+0800: 26.625: [DefNew: 19602K->2173K(19648K), 0.0015838 secs] 52469K->42573K(63360K), 0.0026793 secs] [Times: user=0.00 sys=0.00, real=0.00 secs] 
2026-06-17T09:47:02.032+0800: 26.680: [GC (Allocation Failure) 2026-06-17T09:47:02.033+0800: 26.681: [DefNew: 19638K->19638K(19648K), 0.0003343 secs]2026-06-17T09:47:02.033+0800: 26.681: [Tenured: 40399K->22397K(43712K), 0.0033673 secs] 60038K->22397K(63360K), [Metaspace: 2709K->2709K(1056768K)], 0.0047729 secs] [Times: user=0.00 sys=0.00, real=0.00 secs] 
2026-06-17T09:47:02.080+0800: 26.728: [GC (Allocation Failure) 2026-06-17T09:47:02.080+0800: 26.728: [DefNew: 17445K->2175K(19648K), 0.0013405 secs] 39842K->29176K(63360K), 0.0022058 secs] [Times: user=0.00 sys=0.00, real=0.00 secs] 
2026-06-17T09:47:02.124+0800: 26.772: [GC (Allocation Failure) 2026-06-17T09:47:02.125+0800: 26.773: [DefNew: 19632K->2123K(19648K), 0.0011124 secs] 46633K->33037K(63360K), 0.0020601 secs] [Times: user=0.00 sys=0.00, real=0.00 secs] 
2026-06-17T09:47:02.169+0800: 26.817: [GC (Allocation Failure) 2026-06-17T09:47:02.169+0800: 26.817: [DefNew: 19595K->2120K(19648K), 0.0011926 secs] 50509K->36447K(63360K), 0.0020992 secs] [Times: user=0.00 sys=0.00, real=0.01 secs] 
2026-06-17T09:47:02.214+0800: 26.862: [GC (Allocation Failure) 2026-06-17T09:47:02.216+0800: 26.864: [DefNew: 19530K->2104K(19648K), 0.0013279 secs] 53857K->39902K(63360K), 0.0036508 secs] [Times: user=0.01 sys=0.00, real=0.00 secs] 
2026-06-17T09:47:02.271+0800: 26.920: [GC (Allocation Failure) 2026-06-17T09:47:02.272+0800: 26.920: [DefNew: 19518K->19518K(19648K), 0.0008493 secs]2026-06-17T09:47:02.274+0800: 26.922: [Tenured: 37797K->26221K(43712K), 0.0060086 secs] 57316K->26221K(63360K), [Metaspace: 2709K->2709K(1056768K)], 0.0087848 secs] [Times: user=0.00 sys=0.00, real=0.00 secs] 
2026-06-17T09:47:02.315+0800: 26.964: [GC (Allocation Failure) 2026-06-17T09:47:02.316+0800: 26.964: [DefNew: 17300K->2174K(19648K), 0.0020271 secs] 43522K->32995K(63360K), 0.0034700 secs] [Times: user=0.00 sys=0.00, real=0.00 secs] 
2026-06-17T09:47:02.373+0800: 27.021: [GC (Allocation Failure) 2026-06-17T09:47:02.373+0800: 27.021: [DefNew: 19646K->2139K(19648K), 0.0010296 secs] 50467K->36026K(63360K), 0.0017696 secs] [Times: user=0.00 sys=0.00, real=0.00 secs] 
2026-06-17T09:47:02.418+0800: 27.066: [GC (Allocation Failure) 2026-06-17T09:47:02.420+0800: 27.068: [DefNew: 19565K->2151K(19648K), 0.0025250 secs] 53452K->39574K(63360K), 0.0070029 secs] [Times: user=0.00 sys=0.00, real=0.01 secs] 
2026-06-17T09:47:02.470+0800: 27.118: [GC (Allocation Failure) 2026-06-17T09:47:02.470+0800: 27.118: [DefNew: 19581K->19581K(19648K), 0.0019107 secs]2026-06-17T09:47:02.473+0800: 27.121: [Tenured: 37423K->29693K(43712K), 0.0056601 secs] 57004K->29693K(63360K), [Metaspace: 2709K->2709K(1056768K)], 0.0105234 secs] [Times: user=0.00 sys=0.00, real=0.01 secs] 
2026-06-17T09:47:02.524+0800: 27.172: [GC (Allocation Failure) 2026-06-17T09:47:02.525+0800: 27.173: [DefNew: 17472K->2173K(19648K), 0.0012138 secs] 47165K->36875K(63360K), 0.0021030 secs] [Times: user=0.00 sys=0.00, real=0.00 secs] 
2026-06-17T09:47:02.569+0800: 27.217: [GC (Allocation Failure) 2026-06-17T09:47:02.570+0800: 27.218: [DefNew: 19579K->1998K(19648K), 0.0013944 secs] 54281K->38898K(63360K), 0.0038954 secs] [Times: user=0.00 sys=0.00, real=0.01 secs] 
2026-06-17T09:47:02.617+0800: 27.265: [GC (Allocation Failure) 2026-06-17T09:47:02.619+0800: 27.267: [DefNew: 19455K->2171K(19648K), 0.0068969 secs] 56355K->45793K(63360K), 0.0123957 secs] [Times: user=0.00 sys=0.00, real=0.02 secs] 
2026-06-17T09:47:02.691+0800: 27.340: [GC (Allocation Failure) 2026-06-17T09:47:02.695+0800: 27.343: [DefNew: 19643K->19643K(19648K), 0.0024917 secs]2026-06-17T09:47:02.702+0800: 27.350: [Tenured: 43622K->31816K(43712K), 0.0050570 secs] 63265K->31816K(63360K), [Metaspace: 2709K->2709K(1056768K)], 0.0162714 secs] [Times: user=0.01 sys=0.00, real=0.01 secs] 
2026-06-17T09:47:02.753+0800: 27.401: [GC (Allocation Failure) 2026-06-17T09:47:02.753+0800: 27.401: [DefNew: 17472K->2163K(19648K), 0.0035693 secs] 49288K->39240K(63360K), 0.0055088 secs] [Times: user=0.00 sys=0.00, real=0.00 secs] 
2026-06-17T09:47:02.803+0800: 27.451: [GC (Allocation Failure) 2026-06-17T09:47:02.803+0800: 27.451: [DefNew: 19594K->19594K(19648K), 0.0007216 secs]2026-06-17T09:47:02.805+0800: 27.453: [Tenured: 37076K->29521K(43712K), 0.0063643 secs] 56670K->29521K(63360K), [Metaspace: 2709K->2709K(1056768K)], 0.0089675 secs] [Times: user=0.01 sys=0.00, real=0.01 secs] 
2026-06-17T09:47:02.856+0800: 27.504: [GC (Allocation Failure) 2026-06-17T09:47:02.857+0800: 27.505: [DefNew: 17472K->2169K(19648K), 0.0022572 secs] 46993K->35955K(63360K), 0.0035525 secs] [Times: user=0.00 sys=0.00, real=0.00 secs] 
2026-06-17T09:47:02.905+0800: 27.553: [GC (Allocation Failure) 2026-06-17T09:47:02.906+0800: 27.554: [DefNew: 19608K->2069K(19648K), 0.0025602 secs] 53394K->41412K(63360K), 0.0053386 secs] [Times: user=0.00 sys=0.00, real=0.01 secs] 
2026-06-17T09:47:02.956+0800: 27.604: [GC (Allocation Failure) 2026-06-17T09:47:02.956+0800: 27.604: [DefNew: 19216K->19216K(19648K), 0.0006778 secs]2026-06-17T09:47:02.958+0800: 27.606: [Tenured: 39343K->25653K(43712K), 0.0045346 secs] 58559K->25653K(63360K), [Metaspace: 2709K->2709K(1056768K)], 0.0069310 secs] [Times: user=0.00 sys=0.00, real=0.01 secs] 
2026-06-17T09:47:03.008+0800: 27.656: [GC (Allocation Failure) 2026-06-17T09:47:03.009+0800: 27.657: [DefNew: 17429K->2176K(19648K), 0.0020625 secs] 43083K->32680K(63360K), 0.0035388 secs] [Times: user=0.00 sys=0.00, real=0.01 secs] 
2026-06-17T09:47:03.055+0800: 27.703: [GC (Allocation Failure) 2026-06-17T09:47:03.056+0800: 27.704: [DefNew: 19633K->2175K(19648K), 0.0016019 secs] 50137K->38623K(63360K), 0.0031764 secs] [Times: user=0.00 sys=0.00, real=0.00 secs] 
2026-06-17T09:47:03.113+0800: 27.761: [GC (Allocation Failure) 2026-06-17T09:47:03.113+0800: 27.761: [DefNew: 19647K->19647K(19648K), 0.0002507 secs]2026-06-17T09:47:03.114+0800: 27.762: [Tenured: 36448K->20784K(43712K), 0.0035138 secs] 56095K->20784K(63360K), [Metaspace: 2709K->2709K(1056768K)], 0.0048631 secs] [Times: user=0.01 sys=0.00, real=0.00 secs] 
2026-06-17T09:47:03.160+0800: 27.808: [GC (Allocation Failure) 2026-06-17T09:47:03.160+0800: 27.809: [DefNew: 17464K->2171K(19648K), 0.0012966 secs] 38248K->28067K(63360K), 0.0021499 secs] [Times: user=0.00 sys=0.00, real=0.01 secs] 
2026-06-17T09:47:03.205+0800: 27.853: [GC (Allocation Failure) 2026-06-17T09:47:03.206+0800: 27.854: [DefNew: 19643K->2175K(19648K), 0.0017846 secs] 45539K->33173K(63360K), 0.0027462 secs] [Times: user=0.00 sys=0.00, real=0.00 secs] 
2026-06-17T09:47:03.251+0800: 27.899: [GC (Allocation Failure) 2026-06-17T09:47:03.252+0800: 27.900: [DefNew: 19540K->2041K(19648K), 0.0014097 secs] 50539K->35283K(63360K), 0.0023989 secs] [Times: user=0.00 sys=0.00, real=0.00 secs] 
2026-06-17T09:47:03.308+0800: 27.956: [GC (Allocation Failure) 2026-06-17T09:47:03.309+0800: 27.957: [DefNew: 19481K->2148K(19648K), 0.0023350 secs] 52724K->38950K(63360K), 0.0037340 secs] [Times: user=0.00 sys=0.00, real=0.01 secs] 
2026-06-17T09:47:03.355+0800: 28.004: [GC (Allocation Failure) 2026-06-17T09:47:03.356+0800: 28.004: [DefNew: 19620K->19620K(19648K), 0.0004386 secs]2026-06-17T09:47:03.357+0800: 28.005: [Tenured: 36802K->25627K(43712K), 0.0030184 secs] 56422K->25627K(63360K), [Metaspace: 2709K->2709K(1056768K)], 0.0045137 secs] [Times: user=0.01 sys=0.00, real=0.00 secs] 
2026-06-17T09:47:03.402+0800: 28.050: [GC (Allocation Failure) 2026-06-17T09:47:03.403+0800: 28.051: [DefNew: 17454K->2175K(19648K), 0.0012051 secs] 43081K->32254K(63360K), 0.0020204 secs] [Times: user=0.00 sys=0.00, real=0.01 secs] 
2026-06-17T09:47:03.447+0800: 28.096: [GC (Allocation Failure) 2026-06-17T09:47:03.448+0800: 28.096: [DefNew: 19621K->2172K(19648K), 0.0034358 secs] 49700K->36448K(63360K), 0.0048010 secs] [Times: user=0.00 sys=0.00, real=0.01 secs] 
2026-06-17T09:47:03.497+0800: 28.145: [GC (Allocation Failure) 2026-06-17T09:47:03.497+0800: 28.145: [DefNew: 19513K->1988K(19648K), 0.0013682 secs] 53789K->36640K(63360K), 0.0024052 secs] [Times: user=0.00 sys=0.00, real=0.00 secs] 
2026-06-17T09:47:03.542+0800: 28.190: [GC (Allocation Failure) 2026-06-17T09:47:03.545+0800: 28.193: [DefNew: 19450K->2170K(19648K), 0.0025307 secs] 54102K->43008K(63360K), 0.0054683 secs] [Times: user=0.00 sys=0.00, real=0.01 secs] 
2026-06-17T09:47:03.591+0800: 28.239: [GC (Allocation Failure) 2026-06-17T09:47:03.591+0800: 28.239: [DefNew: 19642K->19642K(19648K), 0.0003329 secs]2026-06-17T09:47:03.592+0800: 28.240: [Tenured: 40837K->31634K(43712K), 0.0050379 secs] 60480K->31634K(63360K), [Metaspace: 2709K->2709K(1056768K)], 0.0067741 secs] [Times: user=0.00 sys=0.00, real=0.00 secs] 
2026-06-17T09:47:03.641+0800: 28.289: [GC (Allocation Failure) 2026-06-17T09:47:03.641+0800: 28.289: [DefNew: 17233K->2052K(19648K), 0.0015379 secs] 48868K->34988K(63360K), 0.0028897 secs] [Times: user=0.00 sys=0.00, real=0.01 secs] 
2026-06-17T09:47:03.697+0800: 28.345: [GC (Allocation Failure) 2026-06-17T09:47:03.699+0800: 28.347: [DefNew: 19524K->2162K(19648K), 0.0012903 secs] 52460K->38604K(63360K), 0.0032230 secs] [Times: user=0.00 sys=0.00, real=0.00 secs] 
2026-06-17T09:47:03.747+0800: 28.395: [GC (Allocation Failure) 2026-06-17T09:47:03.747+0800: 28.395: [DefNew: 19626K->19626K(19648K), 0.0002023 secs]2026-06-17T09:47:03.747+0800: 28.395: [Tenured: 36441K->29901K(43712K), 0.0028592 secs] 56067K->29901K(63360K), [Metaspace: 2709K->2709K(1056768K)], 0.0038128 secs] [Times: user=0.00 sys=0.00, real=0.01 secs] 
2026-06-17T09:47:03.793+0800: 28.441: [GC (Allocation Failure) 2026-06-17T09:47:03.794+0800: 28.442: [DefNew: 17469K->2170K(19648K), 0.0012725 secs] 47370K->36708K(63360K), 0.0027059 secs] [Times: user=0.00 sys=0.00, real=0.00 secs] 
2026-06-17T09:47:03.838+0800: 28.486: [GC (Allocation Failure) 2026-06-17T09:47:03.838+0800: 28.486: [DefNew: 19602K->2162K(19648K), 0.0009355 secs] 54140K->40946K(63360K), 0.0015639 secs] [Times: user=0.00 sys=0.00, real=0.00 secs] 
2026-06-17T09:47:03.882+0800: 28.530: [GC (Allocation Failure) 2026-06-17T09:47:03.882+0800: 28.530: [DefNew: 19454K->19454K(19648K), 0.0002112 secs]2026-06-17T09:47:03.882+0800: 28.530: [Tenured: 38783K->26593K(43712K), 0.0033862 secs] 58238K->26593K(63360K), [Metaspace: 2709K->2709K(1056768K)], 0.0044732 secs] [Times: user=0.00 sys=0.00, real=0.01 secs] 
2026-06-17T09:47:03.939+0800: 28.587: [GC (Allocation Failure) 2026-06-17T09:47:03.940+0800: 28.588: [DefNew: 17443K->2174K(19648K), 0.0011226 secs] 44036K->30640K(63360K), 0.0020072 secs] [Times: user=0.00 sys=0.00, real=0.00 secs] 
2026-06-17T09:47:03.985+0800: 28.633: [GC (Allocation Failure) 2026-06-17T09:47:03.986+0800: 28.634: [DefNew: 19614K->2154K(19648K), 0.0023963 secs] 48080K->34438K(63360K), 0.0038411 secs] [Times: user=0.00 sys=0.00, real=0.00 secs] 
2026-06-17T09:47:04.023+0800: 28.671: [GC (Allocation Failure) 2026-06-17T09:47:04.024+0800: 28.672: [DefNew: 19451K->2170K(19648K), 0.0030530 secs] 51735K->37166K(63360K), 0.0065053 secs] [Times: user=0.01 sys=0.00, real=0.01 secs] 
2026-06-17T09:47:04.085+0800: 28.733: [GC (Allocation Failure) 2026-06-17T09:47:04.086+0800: 28.734: [DefNew: 19622K->2030K(19648K), 0.0021041 secs] 54619K->40827K(63360K), 0.0052017 secs] [Times: user=0.00 sys=0.00, real=0.01 secs] 
2026-06-17T09:47:04.137+0800: 28.785: [GC (Allocation Failure) 2026-06-17T09:47:04.146+0800: 28.794: [DefNew: 19477K->19477K(19648K), 0.0005229 secs]2026-06-17T09:47:04.152+0800: 28.800: [Tenured: 38796K->29763K(43712K), 0.0160286 secs] 58274K->29763K(63360K), [Metaspace: 2709K->2709K(1056768K)], 0.0314284 secs] [Times: user=0.01 sys=0.00, real=0.03 secs] 
2026-06-17T09:47:04.213+0800: 28.861: [GC (Allocation Failure) 2026-06-17T09:47:04.215+0800: 28.863: [DefNew: 17431K->2165K(19648K), 0.0017610 secs] 47194K->37153K(63360K), 0.0060334 secs] [Times: user=0.00 sys=0.00, real=0.00 secs] 
2026-06-17T09:47:04.262+0800: 28.910: [GC (Allocation Failure) 2026-06-17T09:47:04.263+0800: 28.911: [DefNew: 19629K->2167K(19648K), 0.0046257 secs] 54616K->40945K(63360K), 0.0064141 secs] [Times: user=0.00 sys=0.00, real=0.02 secs] 
2026-06-17T09:47:04.318+0800: 28.966: [GC (Allocation Failure) 2026-06-17T09:47:04.320+0800: 28.968: [DefNew: 19599K->19599K(19648K), 0.0025809 secs]2026-06-17T09:47:04.323+0800: 28.971: [Tenured: 38777K->31353K(43712K), 0.0057577 secs] 58377K->31353K(63360K), [Metaspace: 2709K->2709K(1056768K)], 0.0125554 secs] [Times: user=0.01 sys=0.00, real=0.02 secs] 
2026-06-17T09:47:04.377+0800: 29.025: [GC (Allocation Failure) 2026-06-17T09:47:04.379+0800: 29.028: [DefNew: 17472K->2171K(19648K), 0.0021425 secs] 48825K->38765K(63360K), 0.0049200 secs] [Times: user=0.00 sys=0.00, real=0.01 secs] 
2026-06-17T09:47:04.437+0800: 29.085: [GC (Allocation Failure) 2026-06-17T09:47:04.486+0800: 29.134: [DefNew: 19608K->19608K(19648K), 0.0191806 secs]2026-06-17T09:47:04.506+0800: 29.154: [Tenured: 36593K->24556K(43712K), 0.0067862 secs] 56201K->24556K(63360K), [Metaspace: 2709K->2709K(1056768K)], 0.0768555 secs] [Times: user=0.00 sys=0.00, real=0.08 secs] 
2026-06-17T09:47:04.549+0800: 29.197: [GC (Allocation Failure) 2026-06-17T09:47:04.550+0800: 29.198: [DefNew: 17297K->2175K(19648K), 0.0009960 secs] 41853K->31434K(63360K), 0.0014721 secs] [Times: user=0.00 sys=0.00, real=0.01 secs] 
2026-06-17T09:47:04.604+0800: 29.252: [GC (Allocation Failure) 2026-06-17T09:47:04.693+0800: 29.341: [DefNew: 19647K->2145K(19648K), 0.0020783 secs] 48906K->35711K(63360K), 0.0981125 secs] [Times: user=0.00 sys=0.00, real=0.10 secs] 
2026-06-17T09:47:04.745+0800: 29.393: [GC (Allocation Failure) 2026-06-17T09:47:04.747+0800: 29.395: [DefNew: 19541K->1548K(19648K), 0.0010950 secs] 53107K->35491K(63360K), 0.0048796 secs] [Times: user=0.00 sys=0.00, real=0.01 secs] 
2026-06-17T09:47:04.793+0800: 29.441: [GC (Allocation Failure) 2026-06-17T09:47:04.793+0800: 29.441: [DefNew: 18974K->2175K(19648K), 0.0021609 secs] 52917K->42075K(63360K), 0.0037394 secs] [Times: user=0.00 sys=0.00, real=0.00 secs] 
2026-06-17T09:47:04.839+0800: 29.487: [GC (Allocation Failure) 2026-06-17T09:47:04.841+0800: 29.489: [DefNew: 19633K->19633K(19648K), 0.0032225 secs]2026-06-17T09:47:04.844+0800: 29.492: [Tenured: 39899K->32361K(43712K), 0.0030787 secs] 59533K->32361K(63360K), [Metaspace: 2709K->2709K(1056768K)], 0.0087602 secs] [Times: user=0.00 sys=0.00, real=0.01 secs] 
2026-06-17T09:47:04.890+0800: 29.538: [GC (Allocation Failure) 2026-06-17T09:47:04.891+0800: 29.539: [DefNew: 17258K->2131K(19648K), 0.0012725 secs] 49620K->35692K(63360K), 0.0026487 secs] [Times: user=0.00 sys=0.00, real=0.01 secs] 
2026-06-17T09:47:04.949+0800: 29.597: [GC (Allocation Failure) 2026-06-17T09:47:04.950+0800: 29.598: [DefNew: 19587K->2173K(19648K), 0.0009769 secs] 53148K->39525K(63360K), 0.0016247 secs] [Times: user=0.00 sys=0.00, real=0.01 secs] 
2026-06-17T09:47:04.994+0800: 29.642: [GC (Allocation Failure) 2026-06-17T09:47:04.999+0800: 29.647: [DefNew: 19641K->19641K(19648K), 0.0026096 secs]2026-06-17T09:47:05.003+0800: 29.651: [Tenured: 37352K->27700K(43712K), 0.0054368 secs] 56993K->27700K(63360K), [Metaspace: 2709K->2709K(1056768K)], 0.0168985 secs] [Times: user=0.01 sys=0.00, real=0.02 secs] 
2026-06-17T09:47:05.055+0800: 29.703: [GC (Allocation Failure) 2026-06-17T09:47:05.056+0800: 29.704: [DefNew: 17464K->2175K(19648K), 0.0010777 secs] 45164K->34623K(63360K), 0.0020038 secs] [Times: user=0.00 sys=0.00, real=0.00 secs] 
2026-06-17T09:47:05.100+0800: 29.748: [GC (Allocation Failure) 2026-06-17T09:47:05.104+0800: 29.752: [DefNew: 19635K->2154K(19648K), 0.0040909 secs] 52083K->38227K(63360K), 0.0089099 secs] [Times: user=0.00 sys=0.00, real=0.01 secs] 
2026-06-17T09:47:05.153+0800: 29.802: [GC (Allocation Failure) 2026-06-17T09:47:05.155+0800: 29.803: [DefNew: 19428K->1952K(19648K), 0.0010736 secs] 55502K->38025K(63360K), 0.0054923 secs] [Times: user=0.00 sys=0.00, real=0.00 secs] 
2026-06-17T09:47:05.205+0800: 29.853: [GC (Allocation Failure) 2026-06-17T09:47:05.206+0800: 29.854: [DefNew: 18974K->2126K(19648K), 0.0014791 secs] 55048K->41215K(63360K), 0.0028693 secs] [Times: user=0.00 sys=0.00, real=0.00 secs] 
2026-06-17T09:47:05.262+0800: 29.910: [GC (Allocation Failure) 2026-06-17T09:47:05.263+0800: 29.911: [DefNew: 19594K->19594K(19648K), 0.0005200 secs]2026-06-17T09:47:05.264+0800: 29.912: [Tenured: 39089K->26710K(43712K), 0.0054128 secs] 58684K->26710K(63360K), [Metaspace: 2709K->2709K(1056768K)], 0.0080523 secs] [Times: user=0.01 sys=0.00, real=0.01 secs] 
2026-06-17T09:47:05.313+0800: 29.961: [GC (Allocation Failure) 2026-06-17T09:47:05.313+0800: 29.961: [DefNew: 17442K->2173K(19648K), 0.0011813 secs] 44152K->33871K(63360K), 0.0020152 secs] [Times: user=0.00 sys=0.00, real=0.00 secs] 
2026-06-17T09:47:05.358+0800: 30.006: [GC (Allocation Failure) 2026-06-17T09:47:05.359+0800: 30.007: [DefNew: 19645K->2174K(19648K), 0.0010587 secs] 51343K->38416K(63360K), 0.0022858 secs] [Times: user=0.00 sys=0.00, real=0.00 secs] 
2026-06-17T09:47:05.403+0800: 30.051: [GC (Allocation Failure) 2026-06-17T09:47:05.403+0800: 30.051: [DefNew: 19598K->19598K(19648K), 0.0004701 secs]2026-06-17T09:47:05.404+0800: 30.052: [Tenured: 36241K->27811K(43712K), 0.0035756 secs] 55840K->27811K(63360K), [Metaspace: 2709K->2709K(1056768K)], 0.0055850 secs] [Times: user=0.00 sys=0.00, real=0.00 secs] 
2026-06-17T09:47:05.452+0800: 30.100: [GC (Allocation Failure) 2026-06-17T09:47:05.452+0800: 30.101: [DefNew: 17414K->2173K(19648K), 0.0011853 secs] 45226K->34605K(63360K), 0.0022426 secs] [Times: user=0.00 sys=0.00, real=0.00 secs] 
2026-06-17T09:47:05.507+0800: 30.155: [GC (Allocation Failure) 2026-06-17T09:47:05.508+0800: 30.156: [DefNew: 19645K->1938K(19648K), 0.0007208 secs] 52077K->36014K(63360K), 0.0014227 secs] [Times: user=0.00 sys=0.00, real=0.00 secs] 
2026-06-17T09:47:05.551+0800: 30.199: [GC (Allocation Failure) 2026-06-17T09:47:05.552+0800: 30.200: [DefNew: 19410K->2106K(19648K), 0.0017998 secs] 53486K->39761K(63360K), 0.0053020 secs] [Times: user=0.01 sys=0.00, real=0.00 secs] 
2026-06-17T09:47:05.601+0800: 30.249: [GC (Allocation Failure) 2026-06-17T09:47:05.601+0800: 30.249: [DefNew: 19578K->19578K(19648K), 0.0003626 secs]2026-06-17T09:47:05.602+0800: 30.250: [Tenured: 37655K->29393K(43712K), 0.0040891 secs] 57233K->29393K(63360K), [Metaspace: 2709K->2709K(1056768K)], 0.0056070 secs] [Times: user=0.00 sys=0.00, real=0.01 secs] 
2026-06-17T09:47:05.649+0800: 30.297: [GC (Allocation Failure) 2026-06-17T09:47:05.649+0800: 30.297: [DefNew: 17462K->2170K(19648K), 0.0021326 secs] 46855K->36407K(63360K), 0.0031018 secs] [Times: user=0.01 sys=0.00, real=0.01 secs] 
2026-06-17T09:47:05.696+0800: 30.344: [GC (Allocation Failure) 2026-06-17T09:47:05.696+0800: 30.344: [DefNew: 19642K->2137K(19648K), 0.0026187 secs] 53879K->41556K(63360K), 0.0038099 secs] [Times: user=0.00 sys=0.00, real=0.00 secs] 
2026-06-17T09:47:05.743+0800: 30.391: [GC (Allocation Failure) 2026-06-17T09:47:05.744+0800: 30.392: [DefNew: 19599K->19599K(19648K), 0.0005708 secs]2026-06-17T09:47:05.745+0800: 30.393: [Tenured: 39419K->30344K(43712K), 0.0068473 secs] 59018K->30344K(63360K), [Metaspace: 2709K->2709K(1056768K)], 0.0091053 secs] [Times: user=0.01 sys=0.00, real=0.01 secs] 
2026-06-17T09:47:05.797+0800: 30.445: [GC (Allocation Failure) 2026-06-17T09:47:05.797+0800: 30.445: [DefNew: 17221K->2132K(19648K), 0.0014699 secs] 47566K->33750K(63360K), 0.0024090 secs] [Times: user=0.00 sys=0.00, real=0.00 secs] 
2026-06-17T09:47:05.843+0800: 30.491: [GC (Allocation Failure) 2026-06-17T09:47:05.844+0800: 30.492: [DefNew: 19604K->2170K(19648K), 0.0018973 secs] 51222K->41256K(63360K), 0.0031188 secs] [Times: user=0.00 sys=0.00, real=0.00 secs] 
2026-06-17T09:47:05.900+0800: 30.548: [GC (Allocation Failure) 2026-06-17T09:47:05.901+0800: 30.549: [DefNew: 19637K->19637K(19648K), 0.0003851 secs]2026-06-17T09:47:05.901+0800: 30.549: [Tenured: 39085K->30556K(43712K), 0.0036311 secs] 58722K->30556K(63360K), [Metaspace: 2709K->2709K(1056768K)], 0.0052063 secs] [Times: user=0.00 sys=0.00, real=0.01 secs] 
2026-06-17T09:47:05.948+0800: 30.596: [GC (Allocation Failure) 2026-06-17T09:47:05.948+0800: 30.596: [DefNew: 17472K->2171K(19648K), 0.0011211 secs] 48028K->37197K(63360K), 0.0019115 secs] [Times: user=0.00 sys=0.00, real=0.00 secs] 
2026-06-17T09:47:05.992+0800: 30.640: [GC (Allocation Failure) 2026-06-17T09:47:05.993+0800: 30.641: [DefNew: 19637K->2172K(19648K), 0.0013439 secs] 54663K->41526K(63360K), 0.0022037 secs] [Times: user=0.00 sys=0.00, real=0.00 secs] 
2026-06-17T09:47:06.038+0800: 30.686: [GC (Allocation Failure) 2026-06-17T09:47:06.039+0800: 30.687: [DefNew: 19609K->19609K(19648K), 0.0011826 secs]2026-06-17T09:47:06.041+0800: 30.689: [Tenured: 39353K->30480K(43712K), 0.0057135 secs] 58963K->30480K(63360K), [Metaspace: 2709K->2709K(1056768K)], 0.0098008 secs] [Times: user=0.00 sys=0.00, real=0.01 secs] 
2026-06-17T09:47:06.093+0800: 30.741: [GC (Allocation Failure) 2026-06-17T09:47:06.094+0800: 30.742: [DefNew: 17445K->2173K(19648K), 0.0026393 secs] 47926K->37600K(63360K), 0.0042749 secs] [Times: user=0.00 sys=0.00, real=0.00 secs] 
2026-06-17T09:47:06.152+0800: 30.800: [GC (Allocation Failure) 2026-06-17T09:47:06.153+0800: 30.801: [DefNew: 19645K->19645K(19648K), 0.0003494 secs]2026-06-17T09:47:06.153+0800: 30.801: [Tenured: 35427K->34099K(43712K), 0.0017368 secs] 55072K->34099K(63360K), [Metaspace: 2709K->2709K(1056768K)], 0.0033423 secs] [Times: user=0.00 sys=0.00, real=0.00 secs] 
2026-06-17T09:47:06.199+0800: 30.847: [GC (Allocation Failure) 2026-06-17T09:47:06.200+0800: 30.848: [DefNew: 17472K->2168K(19648K), 0.0034752 secs] 51571K->41771K(63360K), 0.0085546 secs] [Times: user=0.00 sys=0.00, real=0.01 secs] 
2026-06-17T09:47:06.254+0800: 30.902: [GC (Allocation Failure) 2026-06-17T09:47:06.254+0800: 30.903: [DefNew: 19621K->19621K(19648K), 0.0007763 secs]2026-06-17T09:47:06.256+0800: 30.904: [Tenured: 39603K->24803K(43712K), 0.0061941 secs] 59225K->24803K(63360K), [Metaspace: 2709K->2709K(1056768K)], 0.0092716 secs] [Times: user=0.01 sys=0.00, real=0.01 secs] 
2026-06-17T09:47:06.310+0800: 30.958: [GC (Allocation Failure) 2026-06-17T09:47:06.310+0800: 30.959: [DefNew: 17432K->2172K(19648K), 0.0022669 secs] 42236K->31740K(63360K), 0.0040101 secs] [Times: user=0.00 sys=0.00, real=0.01 secs] 
2026-06-17T09:47:06.358+0800: 31.006: [GC (Allocation Failure) 2026-06-17T09:47:06.359+0800: 31.007: [DefNew: 19620K->2172K(19648K), 0.0016524 secs] 49187K->37853K(63360K), 0.0030359 secs] [Times: user=0.00 sys=0.00, real=0.00 secs] 
2026-06-17T09:47:06.415+0800: 31.063: [GC (Allocation Failure) 2026-06-17T09:47:06.415+0800: 31.063: [DefNew: 19644K->19644K(19648K), 0.0006667 secs]2026-06-17T09:47:06.416+0800: 31.065: [Tenured: 35681K->21455K(43712K), 0.0045827 secs] 55325K->21455K(63360K), [Metaspace: 2709K->2709K(1056768K)], 0.0072419 secs] [Times: user=0.00 sys=0.00, real=0.01 secs] 
2026-06-17T09:47:06.455+0800: 31.103: [GC (Allocation Failure) 2026-06-17T09:47:06.456+0800: 31.104: [DefNew: 17188K->2175K(19648K), 0.0016089 secs] 38644K->27795K(63360K), 0.0026597 secs] [Times: user=0.00 sys=0.00, real=0.00 secs] 
2026-06-17T09:47:06.501+0800: 31.149: [GC (Allocation Failure) 2026-06-17T09:47:06.501+0800: 31.149: [DefNew: 19596K->2175K(19648K), 0.0016639 secs] 45216K->34897K(63360K), 0.0025035 secs] [Times: user=0.01 sys=0.00, real=0.01 secs] 
2026-06-17T09:47:06.556+0800: 31.204: [GC (Allocation Failure) 2026-06-17T09:47:06.557+0800: 31.205: [DefNew: 19647K->2175K(19648K), 0.0009331 secs] 52369K->36198K(63360K), 0.0019943 secs] [Times: user=0.00 sys=0.00, real=0.00 secs] 
2026-06-17T09:47:06.602+0800: 31.250: [GC (Allocation Failure) 2026-06-17T09:47:06.602+0800: 31.250: [DefNew: 19624K->2101K(19648K), 0.0017605 secs] 53647K->39410K(63360K), 0.0028179 secs] [Times: user=0.00 sys=0.00, real=0.01 secs] 
2026-06-17T09:47:06.649+0800: 31.297: [GC (Allocation Failure) 2026-06-17T09:47:06.650+0800: 31.298: [DefNew: 19543K->19543K(19648K), 0.0008063 secs]2026-06-17T09:47:06.652+0800: 31.300: [Tenured: 37308K->29131K(43712K), 0.0060176 secs] 56852K->29131K(63360K), [Metaspace: 2709K->2709K(1056768K)], 0.0094550 secs] [Times: user=0.00 sys=0.00, real=0.01 secs] 
2026-06-17T09:47:06.702+0800: 31.350: [GC (Allocation Failure) 2026-06-17T09:47:06.703+0800: 31.351: [DefNew: 17226K->2168K(19648K), 0.0020218 secs] 46358K->32887K(63360K), 0.0033225 secs] [Times: user=0.01 sys=0.00, real=0.01 secs] 
2026-06-17T09:47:06.749+0800: 31.397: [GC (Allocation Failure) 2026-06-17T09:47:06.751+0800: 31.399: [DefNew: 19635K->2169K(19648K), 0.0020829 secs] 50354K->39775K(63360K), 0.0044264 secs] [Times: user=0.00 sys=0.00, real=0.01 secs] 
2026-06-17T09:47:06.808+0800: 31.456: [GC (Allocation Failure) 2026-06-17T09:47:06.809+0800: 31.458: [DefNew: 19641K->19641K(19648K), 0.0006920 secs]2026-06-17T09:47:06.812+0800: 31.460: [Tenured: 37606K->27540K(43712K), 0.0069601 secs] 57247K->27540K(63360K), [Metaspace: 2709K->2709K(1056768K)], 0.0116301 secs] [Times: user=0.01 sys=0.00, real=0.01 secs] 
2026-06-17T09:47:06.864+0800: 31.512: [GC (Allocation Failure) 2026-06-17T09:47:06.866+0800: 31.514: [DefNew: 17437K->2170K(19648K), 0.0017885 secs] 44977K->35013K(63360K), 0.0046079 secs] [Times: user=0.00 sys=0.00, real=0.00 secs] 
2026-06-17T09:47:06.911+0800: 31.559: [GC (Allocation Failure) 2026-06-17T09:47:06.917+0800: 31.565: [DefNew: 19629K->2105K(19648K), 0.0011962 secs] 52472K->38581K(63360K), 0.0072430 secs] [Times: user=0.01 sys=0.00, real=0.00 secs] 
2026-06-17T09:47:06.962+0800: 31.610: [GC (Allocation Failure) 2026-06-17T09:47:06.966+0800: 31.615: [DefNew: 19504K->19504K(19648K), 0.0045595 secs]2026-06-17T09:47:06.971+0800: 31.619: [Tenured: 36475K->25772K(43712K), 0.0028309 secs] 55980K->25772K(63360K), [Metaspace: 2709K->2709K(1056768K)], 0.0473275 secs] [Times: user=0.00 sys=0.00, real=0.08 secs] 
2026-06-17T09:47:07.082+0800: 31.730: [GC (Allocation Failure) 2026-06-17T09:47:07.082+0800: 31.730: [DefNew: 17430K->2175K(19648K), 0.0012448 secs] 43203K->32490K(63360K), 0.0022502 secs] [Times: user=0.00 sys=0.00, real=0.01 secs] 
2026-06-17T09:47:07.126+0800: 31.775: [GC (Allocation Failure) 2026-06-17T09:47:07.127+0800: 31.775: [DefNew: 19617K->2174K(19648K), 0.0027440 secs] 49931K->38558K(63360K), 0.0057895 secs] [Times: user=0.00 sys=0.01, real=0.01 secs] 
2026-06-17T09:47:07.175+0800: 31.823: [GC (Allocation Failure) 2026-06-17T09:47:07.176+0800: 31.824: [DefNew: 19568K->19568K(19648K), 0.0005146 secs]2026-06-17T09:47:07.177+0800: 31.825: [Tenured: 36384K->25714K(43712K), 0.0048926 secs] 55953K->25714K(63360K), [Metaspace: 2709K->2709K(1056768K)], 0.0071086 secs] [Times: user=0.00 sys=0.00, real=0.01 secs] 
2026-06-17T09:47:07.236+0800: 31.884: [GC (Allocation Failure) 2026-06-17T09:47:07.237+0800: 31.885: [DefNew: 17472K->2056K(19648K), 0.0007936 secs] 43186K->29257K(63360K), 0.0019781 secs] [Times: user=0.00 sys=0.00, real=0.00 secs] 
2026-06-17T09:47:07.281+0800: 31.929: [GC (Allocation Failure) 2026-06-17T09:47:07.281+0800: 31.929: [DefNew: 19528K->2173K(19648K), 0.0007542 secs] 46729K->32167K(63360K), 0.0013934 secs] [Times: user=0.00 sys=0.00, real=0.00 secs] 
2026-06-17T09:47:07.324+0800: 31.972: [GC (Allocation Failure) 2026-06-17T09:47:07.325+0800: 31.973: [DefNew: 19624K->2067K(19648K), 0.0008329 secs] 49619K->35358K(63360K), 0.0015513 secs] [Times: user=0.00 sys=0.00, real=0.00 secs] 
2026-06-17T09:47:07.368+0800: 32.016: [GC (Allocation Failure) 2026-06-17T09:47:07.369+0800: 32.017: [DefNew: 19521K->2161K(19648K), 0.0010075 secs] 52812K->38463K(63360K), 0.0019087 secs] [Times: user=0.00 sys=0.00, real=0.01 secs] 
2026-06-17T09:47:07.413+0800: 32.061: [GC (Allocation Failure) 2026-06-17T09:47:07.414+0800: 32.062: [DefNew: 19623K->2174K(19648K), 0.0018513 secs] 55925K->41662K(63360K), 0.0030997 secs] [Times: user=0.00 sys=0.00, real=0.00 secs] 
2026-06-17T09:47:07.461+0800: 32.109: [GC (Allocation Failure) 2026-06-17T09:47:07.462+0800: 32.110: [DefNew: 19642K->19642K(19648K), 0.0008743 secs]2026-06-17T09:47:07.463+0800: 32.111: [Tenured: 39488K->29231K(43712K), 0.0071815 secs] 59130K->29231K(63360K), [Metaspace: 2709K->2709K(1056768K)], 0.0101302 secs] [Times: user=0.01 sys=0.00, real=0.02 secs] 
2026-06-17T09:47:07.516+0800: 32.164: [GC (Allocation Failure) 2026-06-17T09:47:07.518+0800: 32.166: [DefNew: 17441K->2172K(19648K), 0.0023262 secs] 46672K->36073K(63360K), 0.0040720 secs] [Times: user=0.01 sys=0.00, real=0.00 secs] 
2026-06-17T09:47:07.565+0800: 32.213: [GC (Allocation Failure) 2026-06-17T09:47:07.565+0800: 32.213: [DefNew: 19644K->2165K(19648K), 0.0011188 secs] 53545K->38591K(63360K), 0.0021099 secs] [Times: user=0.00 sys=0.00, real=0.00 secs] 
2026-06-17T09:47:07.621+0800: 32.269: [GC (Allocation Failure) 2026-06-17T09:47:07.623+0800: 32.271: [DefNew: 19607K->2107K(19648K), 0.0036020 secs] 56033K->42270K(63360K), 0.0074863 secs] [Times: user=0.00 sys=0.00, real=0.02 secs] 
2026-06-17T09:47:07.675+0800: 32.323: [GC (Allocation Failure) 2026-06-17T09:47:07.675+0800: 32.324: [DefNew: 19559K->19559K(19648K), 0.0004382 secs]2026-06-17T09:47:07.676+0800: 32.324: [Tenured: 40162K->29530K(43712K), 0.0064645 secs] 59721K->29530K(63360K), [Metaspace: 2709K->2709K(1056768K)], 0.0085697 secs] [Times: user=0.01 sys=0.00, real=0.01 secs] 
2026-06-17T09:47:07.728+0800: 32.376: [GC (Allocation Failure) 2026-06-17T09:47:07.728+0800: 32.376: [DefNew: 17434K->2172K(19648K), 0.0018398 secs] 46965K->36912K(63360K), 0.0029739 secs] [Times: user=0.00 sys=0.00, real=0.01 secs] 
2026-06-17T09:47:07.775+0800: 32.423: [GC (Allocation Failure) 2026-06-17T09:47:07.776+0800: 32.424: [DefNew: 19644K->2174K(19648K), 0.0029038 secs] 54384K->42094K(63360K), 0.0049702 secs] [Times: user=0.01 sys=0.00, real=0.00 secs] 
2026-06-17T09:47:07.828+0800: 32.476: [GC (Allocation Failure) 2026-06-17T09:47:07.829+0800: 32.477: [DefNew: 19342K->19342K(19648K), 0.0008978 secs]2026-06-17T09:47:07.831+0800: 32.479: [Tenured: 39919K->26127K(43712K), 0.0047506 secs] 59262K->26127K(63360K), [Metaspace: 2709K->2709K(1056768K)], 0.0081626 secs] [Times: user=0.00 sys=0.00, real=0.01 secs] 
2026-06-17T09:47:07.881+0800: 32.529: [GC (Allocation Failure) 2026-06-17T09:47:07.881+0800: 32.529: [DefNew: 17435K->2175K(19648K), 0.0021999 secs] 43563K->33279K(63360K), 0.0036004 secs] [Times: user=0.00 sys=0.00, real=0.01 secs] 
2026-06-17T09:47:07.938+0800: 32.586: [GC (Allocation Failure) 2026-06-17T09:47:07.938+0800: 32.586: [DefNew: 19647K->2167K(19648K), 0.0009849 secs] 50751K->36288K(63360K), 0.0017631 secs] [Times: user=0.00 sys=0.00, real=0.00 secs] 
2026-06-17T09:47:07.972+0800: 32.620: [GC (Allocation Failure) 2026-06-17T09:47:07.973+0800: 32.621: [DefNew: 19578K->2167K(19648K), 0.0007965 secs] 53699K->39531K(63360K), 0.0013039 secs] [Times: user=0.00 sys=0.00, real=0.00 secs] 
2026-06-17T09:47:08.027+0800: 32.675: [GC (Allocation Failure) 2026-06-17T09:47:08.028+0800: 32.676: [DefNew: 19625K->19625K(19648K), 0.0004725 secs]2026-06-17T09:47:08.029+0800: 32.677: [Tenured: 37364K->31009K(43712K), 0.0053697 secs] 56990K->31009K(63360K), [Metaspace: 2709K->2709K(1056768K)], 0.0074812 secs] [Times: user=0.00 sys=0.00, real=0.01 secs] 
2026-06-17T09:47:08.078+0800: 32.726: [GC (Allocation Failure) 2026-06-17T09:47:08.079+0800: 32.727: [DefNew: 17472K->2173K(19648K), 0.0022758 secs] 48481K->37815K(63360K), 0.0033630 secs] [Times: user=0.00 sys=0.00, real=0.00 secs] 
2026-06-17T09:47:08.125+0800: 32.773: [GC (Allocation Failure) 2026-06-17T09:47:08.125+0800: 32.773: [DefNew: 19635K->2129K(19648K), 0.0022738 secs] 55277K->43917K(63360K), 0.0033023 secs] [Times: user=0.00 sys=0.00, real=0.00 secs] 
2026-06-17T09:47:08.172+0800: 32.820: [GC (Allocation Failure) 2026-06-17T09:47:08.173+0800: 32.821: [DefNew: 19601K->19601K(19648K), 0.0004259 secs]2026-06-17T09:47:08.173+0800: 32.821: [Tenured: 41788K->31841K(43712K), 0.0061020 secs] 61389K->31841K(63360K), [Metaspace: 2709K->2709K(1056768K)], 0.0081398 secs] [Times: user=0.01 sys=0.00, real=0.00 secs] 
2026-06-17T09:47:08.223+0800: 32.871: [GC (Allocation Failure) 2026-06-17T09:47:08.225+0800: 32.873: [DefNew: 17451K->2175K(19648K), 0.0020202 secs] 49293K->38885K(63360K), 0.0040950 secs] [Times: user=0.00 sys=0.00, real=0.00 secs] 
2026-06-17T09:47:08.271+0800: 32.919: [GC (Allocation Failure) 2026-06-17T09:47:08.272+0800: 32.920: [DefNew: 19601K->19601K(19648K), 0.0004575 secs]2026-06-17T09:47:08.273+0800: 32.921: [Tenured: 36710K->28880K(43712K), 0.0045638 secs] 56311K->28880K(63360K), [Metaspace: 2709K->2709K(1056768K)], 0.0073467 secs] [Times: user=0.01 sys=0.00, real=0.00 secs] 
2026-06-17T09:47:08.333+0800: 32.981: [GC (Allocation Failure) 2026-06-17T09:47:08.334+0800: 32.982: [DefNew: 17468K->2104K(19648K), 0.0015416 secs] 46348K->32475K(63360K), 0.0026256 secs] [Times: user=0.00 sys=0.00, real=0.00 secs] 
2026-06-17T09:47:08.369+0800: 33.017: [GC (Allocation Failure) 2026-06-17T09:47:08.370+0800: 33.018: [DefNew: 19513K->2083K(19648K), 0.0014765 secs] 49884K->36312K(63360K), 0.0031688 secs] [Times: user=0.01 sys=0.00, real=0.01 secs] 
2026-06-17T09:47:08.429+0800: 33.077: [GC (Allocation Failure) 2026-06-17T09:47:08.430+0800: 33.078: [DefNew: 19548K->2048K(19648K), 0.0018483 secs] 53778K->40341K(63360K), 0.0039340 secs] [Times: user=0.00 sys=0.00, real=0.01 secs] 
2026-06-17T09:47:08.478+0800: 33.126: [GC (Allocation Failure) 2026-06-17T09:47:08.479+0800: 33.127: [DefNew: 19347K->19347K(19648K), 0.0007327 secs]2026-06-17T09:47:08.480+0800: 33.129: [Tenured: 38292K->20496K(43712K), 0.0063193 secs] 57640K->20496K(63360K), [Metaspace: 2710K->2710K(1056768K)], 0.0094429 secs] [Times: user=0.01 sys=0.00, real=0.01 secs] 
2026-06-17T09:47:08.532+0800: 33.181: [GC (Allocation Failure) 2026-06-17T09:47:08.534+0800: 33.182: [DefNew: 17439K->2169K(19648K), 0.0019976 secs] 37935K->27283K(63360K), 0.0038058 secs] [Times: user=0.00 sys=0.00, real=0.00 secs] 
2026-06-17T09:47:08.581+0800: 33.229: [GC (Allocation Failure) 2026-06-17T09:47:08.581+0800: 33.229: [DefNew: 19641K->2175K(19648K), 0.0025965 secs] 44755K->33005K(63360K), 0.0042532 secs] [Times: user=0.00 sys=0.00, real=0.01 secs] 
2026-06-17T09:47:08.630+0800: 33.278: [GC (Allocation Failure) 2026-06-17T09:47:08.631+0800: 33.279: [DefNew: 19559K->2024K(19648K), 0.0016243 secs] 50389K->34795K(63360K), 0.0029402 secs] [Times: user=0.00 sys=0.00, real=0.01 secs] 
2026-06-17T09:47:08.688+0800: 33.336: [GC (Allocation Failure) 2026-06-17T09:47:08.689+0800: 33.337: [DefNew: 19496K->2089K(19648K), 0.0020376 secs] 52267K->38837K(63360K), 0.0035439 secs] [Times: user=0.00 sys=0.00, real=0.01 secs] 
2026-06-17T09:47:08.737+0800: 33.385: [GC (Allocation Failure) 2026-06-17T09:47:08.738+0800: 33.386: [DefNew: 19554K->19554K(19648K), 0.0007870 secs]2026-06-17T09:47:08.739+0800: 33.387: [Tenured: 36747K->28902K(43712K), 0.0065421 secs] 56302K->28902K(63360K), [Metaspace: 2710K->2710K(1056768K)], 0.0092292 secs] [Times: user=0.00 sys=0.00, real=0.01 secs] 
2026-06-17T09:47:08.791+0800: 33.439: [GC (Allocation Failure) 2026-06-17T09:47:08.792+0800: 33.440: [DefNew: 17460K->2173K(19648K), 0.0023470 secs] 46362K->36259K(63360K), 0.0041017 secs] [Times: user=0.00 sys=0.01, real=0.00 secs] 
2026-06-17T09:47:08.839+0800: 33.487: [GC (Allocation Failure) 2026-06-17T09:47:08.840+0800: 33.488: [DefNew: 19628K->2175K(19648K), 0.0010415 secs] 53714K->40939K(63360K), 0.0019923 secs] [Times: user=0.00 sys=0.00, real=0.00 secs] 
2026-06-17T09:47:08.884+0800: 33.533: [GC (Allocation Failure) 2026-06-17T09:47:08.885+0800: 33.533: [DefNew: 19609K->19609K(19648K), 0.0002504 secs]2026-06-17T09:47:08.885+0800: 33.533: [Tenured: 38763K->25968K(43712K), 0.0031208 secs] 58373K->25968K(63360K), [Metaspace: 2710K->2710K(1056768K)], 0.0049555 secs] [Times: user=0.00 sys=0.00, real=0.00 secs] 
2026-06-17T09:47:08.942+0800: 33.590: [GC (Allocation Failure) 2026-06-17T09:47:08.943+0800: 33.591: [DefNew: 17441K->2084K(19648K), 0.0026261 secs] 43410K->29734K(63360K), 0.0044536 secs] [Times: user=0.00 sys=0.00, real=0.01 secs] 
2026-06-17T09:47:08.992+0800: 33.640: [GC (Allocation Failure) 2026-06-17T09:47:08.993+0800: 33.641: [DefNew: 19552K->2170K(19648K), 0.0018815 secs] 47202K->33478K(63360K), 0.0033511 secs] [Times: user=0.00 sys=0.00, real=0.00 secs] 
2026-06-17T09:47:09.039+0800: 33.687: [GC (Allocation Failure) 2026-06-17T09:47:09.039+0800: 33.687: [DefNew: 19642K->2159K(19648K), 0.0015424 secs] 50950K->38197K(63360K), 0.0030516 secs] [Times: user=0.00 sys=0.00, real=0.00 secs] 
2026-06-17T09:47:09.095+0800: 33.743: [GC (Allocation Failure) 2026-06-17T09:47:09.096+0800: 33.744: [DefNew: 19628K->2029K(19648K), 0.0011071 secs] 55666K->38280K(63360K), 0.0027671 secs] [Times: user=0.01 sys=0.00, real=0.00 secs] 
2026-06-17T09:47:09.145+0800: 33.793: [GC (Allocation Failure) 2026-06-17T09:47:09.145+0800: 33.793: [DefNew: 19494K->2080K(19648K), 0.0010506 secs] 55745K->41867K(63360K), 0.0018473 secs] [Times: user=0.00 sys=0.00, real=0.00 secs] 
2026-06-17T09:47:09.190+0800: 33.838: [GC (Allocation Failure) 2026-06-17T09:47:09.191+0800: 33.839: [DefNew: 19544K->19544K(19648K), 0.0006795 secs]2026-06-17T09:47:09.192+0800: 33.840: [Tenured: 39786K->25103K(43712K), 0.0055909 secs] 59330K->25103K(63360K), [Metaspace: 2710K->2710K(1056768K)], 0.0124159 secs] [Times: user=0.00 sys=0.00, real=0.03 secs] 
2026-06-17T09:47:09.257+0800: 33.905: [GC (Allocation Failure) 2026-06-17T09:47:09.258+0800: 33.907: [DefNew: 17472K->2173K(19648K), 0.0120571 secs] 42575K->31640K(63360K), 0.0234277 secs] [Times: user=0.01 sys=0.00, real=0.04 secs] 
2026-06-17T09:47:09.342+0800: 33.990: [GC (Allocation Failure) 2026-06-17T09:47:09.358+0800: 34.006: [DefNew: 19638K->2153K(19648K), 0.0014841 secs] 49106K->37587K(63360K), 0.0209638 secs] [Times: user=0.00 sys=0.00, real=0.04 secs] 
2026-06-17T09:47:09.427+0800: 34.076: [GC (Allocation Failure) 2026-06-17T09:47:09.430+0800: 34.078: [DefNew: 19610K->2002K(19648K), 0.0012796 secs] 55044K->37436K(63360K), 0.0083405 secs] [Times: user=0.00 sys=0.00, real=0.01 secs] 
2026-06-17T09:47:09.474+0800: 34.122: [GC (Allocation Failure) 2026-06-17T09:47:09.477+0800: 34.125: [DefNew: 19390K->2153K(19648K), 0.0021092 secs] 54824K->40877K(63360K), 0.0060366 secs] [Times: user=0.00 sys=0.00, real=0.01 secs] 
2026-06-17T09:47:09.528+0800: 34.176: [GC (Allocation Failure) 2026-06-17T09:47:09.529+0800: 34.177: [DefNew: 19625K->19625K(19648K), 0.0038290 secs]2026-06-17T09:47:09.534+0800: 34.182: [Tenured: 38724K->27771K(43712K), 0.0059539 secs] 58349K->27771K(63360K), [Metaspace: 2710K->2710K(1056768K)], 0.0118299 secs] [Times: user=0.00 sys=0.00, real=0.01 secs] 
2026-06-17T09:47:09.595+0800: 34.243: [GC (Allocation Failure) 2026-06-17T09:47:09.596+0800: 34.244: [DefNew: 17470K->2158K(19648K), 0.0018212 secs] 45242K->31178K(63360K), 0.0033793 secs] [Times: user=0.00 sys=0.00, real=0.00 secs] 
2026-06-17T09:47:09.644+0800: 34.292: [GC (Allocation Failure) 2026-06-17T09:47:09.645+0800: 34.293: [DefNew: 19626K->2136K(19648K), 0.0022221 secs] 48647K->35863K(63360K), 0.0034902 secs] [Times: user=0.00 sys=0.00, real=0.00 secs] 
2026-06-17T09:47:09.693+0800: 34.341: [GC (Allocation Failure) 2026-06-17T09:47:09.693+0800: 34.341: [DefNew: 19608K->2173K(19648K), 0.0020398 secs] 53335K->39636K(63360K), 0.0036358 secs] [Times: user=0.00 sys=0.00, real=0.00 secs] 
2026-06-17T09:47:09.741+0800: 34.389: [GC (Allocation Failure) 2026-06-17T09:47:09.742+0800: 34.390: [DefNew: 19645K->19645K(19648K), 0.0005061 secs]2026-06-17T09:47:09.743+0800: 34.391: [Tenured: 37462K->26677K(43712K), 0.0062623 secs] 57108K->26677K(63360K), [Metaspace: 2710K->2710K(1056768K)], 0.0085592 secs] [Times: user=0.01 sys=0.00, real=0.01 secs] 
2026-06-17T09:47:09.793+0800: 34.441: [GC (Allocation Failure) 2026-06-17T09:47:09.794+0800: 34.443: [DefNew: 17470K->2169K(19648K), 0.0058221 secs] 44148K->33502K(63360K), 0.0074725 secs] [Times: user=0.00 sys=0.00, real=0.00 secs] 
2026-06-17T09:47:09.856+0800: 34.504: [GC (Allocation Failure) 2026-06-17T09:47:09.856+0800: 34.504: [DefNew: 19605K->2125K(19648K), 0.0012117 secs] 50938K->35985K(63360K), 0.0021214 secs] [Times: user=0.01 sys=0.00, real=0.00 secs] 
2026-06-17T09:47:09.890+0800: 34.538: [GC (Allocation Failure) 2026-06-17T09:47:09.891+0800: 34.539: [DefNew: 19391K->2124K(19648K), 0.0008082 secs] 53251K->39252K(63360K), 0.0014847 secs] [Times: user=0.00 sys=0.00, real=0.01 secs] 
2026-06-17T09:47:09.935+0800: 34.583: [GC (Allocation Failure) 2026-06-17T09:47:09.935+0800: 34.583: [DefNew: 19596K->19596K(19648K), 0.0002310 secs]2026-06-17T09:47:09.936+0800: 34.584: [Tenured: 37128K->33184K(43712K), 0.0034354 secs] 56724K->33184K(63360K), [Metaspace: 2710K->2710K(1056768K)], 0.0046077 secs] [Times: user=0.00 sys=0.00, real=0.00 secs] 
2026-06-17T09:47:09.992+0800: 34.640: [GC (Allocation Failure) 2026-06-17T09:47:09.993+0800: 34.641: [DefNew: 17416K->2157K(19648K), 0.0007450 secs] 50601K->36735K(63360K), 0.0015406 secs] [Times: user=0.00 sys=0.00, real=0.00 secs] 
2026-06-17T09:47:10.037+0800: 34.685: [GC (Allocation Failure) 2026-06-17T09:47:10.038+0800: 34.686: [DefNew: 19609K->2112K(19648K), 0.0023384 secs] 54187K->39738K(63360K), 0.0039734 secs] [Times: user=0.00 sys=0.00, real=0.00 secs] 
2026-06-17T09:47:10.084+0800: 34.732: [GC (Allocation Failure) 2026-06-17T09:47:10.085+0800: 34.733: [DefNew: 19584K->19584K(19648K), 0.0005606 secs]2026-06-17T09:47:10.086+0800: 34.734: [Tenured: 37625K->29280K(43712K), 0.0032869 secs] 57210K->29280K(63360K), [Metaspace: 2710K->2710K(1056768K)], 0.0056240 secs] [Times: user=0.00 sys=0.00, real=0.01 secs] 
2026-06-17T09:47:10.133+0800: 34.781: [GC (Allocation Failure) 2026-06-17T09:47:10.134+0800: 34.782: [DefNew: 17327K->2056K(19648K), 0.0008854 secs] 46607K->33048K(63360K), 0.0016453 secs] [Times: user=0.01 sys=0.00, real=0.00 secs] 
2026-06-17T09:47:10.178+0800: 34.826: [GC (Allocation Failure) 2026-06-17T09:47:10.178+0800: 34.826: [DefNew: 19516K->2168K(19648K), 0.0012139 secs] 50508K->40195K(63360K), 0.0021953 secs] [Times: user=0.00 sys=0.00, real=0.00 secs] 
2026-06-17T09:47:10.232+0800: 34.880: [GC (Allocation Failure) 2026-06-17T09:47:10.233+0800: 34.881: [DefNew: 19633K->19633K(19648K), 0.0002080 secs]2026-06-17T09:47:10.233+0800: 34.881: [Tenured: 38026K->27250K(43712K), 0.0029053 secs] 57660K->27250K(63360K), [Metaspace: 2710K->2710K(1056768K)], 0.0040615 secs] [Times: user=0.00 sys=0.00, real=0.00 secs] 
2026-06-17T09:47:10.279+0800: 34.927: [GC (Allocation Failure) 2026-06-17T09:47:10.279+0800: 34.927: [DefNew: 17460K->2168K(19648K), 0.0011409 secs] 44711K->34349K(63360K), 0.0018167 secs] [Times: user=0.00 sys=0.00, real=0.00 secs] 
2026-06-17T09:47:10.323+0800: 34.971: [GC (Allocation Failure) 2026-06-17T09:47:10.323+0800: 34.971: [DefNew: 19640K->2175K(19648K), 0.0014623 secs] 51821K->38512K(63360K), 0.0023170 secs] [Times: user=0.00 sys=0.00, real=0.00 secs] 
2026-06-17T09:47:10.368+0800: 35.016: [GC (Allocation Failure) 2026-06-17T09:47:10.368+0800: 35.016: [DefNew: 19628K->19628K(19648K), 0.0003433 secs]2026-06-17T09:47:10.369+0800: 35.017: [Tenured: 36336K->28491K(43712K), 0.0025280 secs] 55965K->28491K(63360K), [Metaspace: 2710K->2710K(1056768K)], 0.0037872 secs] [Times: user=0.00 sys=0.00, real=0.01 secs] 
2026-06-17T09:47:10.415+0800: 35.063: [GC (Allocation Failure) 2026-06-17T09:47:10.416+0800: 35.064: [DefNew: 17472K->2170K(19648K), 0.0026987 secs] 45963K->35638K(63360K), 0.0041583 secs] [Times: user=0.01 sys=0.00, real=0.00 secs] 
2026-06-17T09:47:10.475+0800: 35.123: [GC (Allocation Failure) 2026-06-17T09:47:10.475+0800: 35.123: [DefNew: 19642K->2158K(19648K), 0.0011755 secs] 53110K->37430K(63360K), 0.0023999 secs] [Times: user=0.00 sys=0.00, real=0.00 secs] 
2026-06-17T09:47:10.510+0800: 35.158: [GC (Allocation Failure) 2026-06-17T09:47:10.516+0800: 35.164: [DefNew: 19519K->2155K(19648K), 0.0010174 secs] 54791K->41037K(63360K), 0.0108820 secs] [Times: user=0.00 sys=0.00, real=0.02 secs] 
2026-06-17T09:47:10.579+0800: 35.227: [GC (Allocation Failure) 2026-06-17T09:47:10.580+0800: 35.228: [DefNew: 19572K->19572K(19648K), 0.0002580 secs]2026-06-17T09:47:10.580+0800: 35.228: [Tenured: 38882K->23767K(43712K), 0.0036281 secs] 58455K->23767K(63360K), [Metaspace: 2710K->2710K(1056768K)], 0.0049313 secs] [Times: user=0.01 sys=0.00, real=0.01 secs] 
2026-06-17T09:47:10.627+0800: 35.275: [GC (Allocation Failure) 2026-06-17T09:47:10.629+0800: 35.278: [DefNew: 17462K->2172K(19648K), 0.0021234 secs] 41229K->30952K(63360K), 0.0072837 secs] [Times: user=0.00 sys=0.00, real=0.01 secs] 
2026-06-17T09:47:10.680+0800: 35.328: [GC (Allocation Failure) 2026-06-17T09:47:10.680+0800: 35.328: [DefNew: 19644K->2168K(19648K), 0.0024818 secs] 48424K->37287K(63360K), 0.0036267 secs] [Times: user=0.00 sys=0.00, real=0.01 secs] 
2026-06-17T09:47:10.727+0800: 35.375: [GC (Allocation Failure) 2026-06-17T09:47:10.728+0800: 35.376: [DefNew: 19635K->2172K(19648K), 0.0020637 secs] 54754K->41675K(63360K), 0.0033025 secs] [Times: user=0.00 sys=0.00, real=0.01 secs] 
2026-06-17T09:47:10.775+0800: 35.423: [GC (Allocation Failure) 2026-06-17T09:47:10.776+0800: 35.424: [DefNew: 19631K->19631K(19648K), 0.0007870 secs]2026-06-17T09:47:10.777+0800: 35.425: [Tenured: 39502K->24475K(43712K), 0.0057173 secs] 59134K->24475K(63360K), [Metaspace: 2710K->2710K(1056768K)], 0.0086038 secs] [Times: user=0.00 sys=0.00, real=0.01 secs] 
2026-06-17T09:47:10.838+0800: 35.486: [GC (Allocation Failure) 2026-06-17T09:47:10.839+0800: 35.487: [DefNew: 17472K->2085K(19648K), 0.0013604 secs] 41947K->28489K(63360K), 0.0024077 secs] [Times: user=0.01 sys=0.00, real=0.00 secs] 
2026-06-17T09:47:10.884+0800: 35.532: [GC (Allocation Failure) 2026-06-17T09:47:10.885+0800: 35.533: [DefNew: 19557K->2170K(19648K), 0.0017945 secs] 45961K->31937K(63360K), 0.0028885 secs] [Times: user=0.00 sys=0.00, real=0.00 secs] 
2026-06-17T09:47:10.930+0800: 35.579: [GC (Allocation Failure) 2026-06-17T09:47:10.931+0800: 35.579: [DefNew: 19641K->2172K(19648K), 0.0020089 secs] 49409K->36774K(63360K), 0.0032198 secs] [Times: user=0.00 sys=0.00, real=0.01 secs] 
2026-06-17T09:47:10.988+0800: 35.636: [GC (Allocation Failure) 2026-06-17T09:47:10.990+0800: 35.638: [DefNew: 19637K->2168K(19648K), 0.0012645 secs] 54239K->37815K(63360K), 0.0036756 secs] [Times: user=0.00 sys=0.00, real=0.01 secs] 
2026-06-17T09:47:11.036+0800: 35.684: [GC (Allocation Failure) 2026-06-17T09:47:11.037+0800: 35.685: [DefNew: 19640K->2095K(19648K), 0.0021325 secs] 55287K->41238K(63360K), 0.0036139 secs] [Times: user=0.00 sys=0.00, real=0.00 secs] 
2026-06-17T09:47:11.085+0800: 35.733: [GC (Allocation Failure) 2026-06-17T09:47:11.085+0800: 35.734: [DefNew: 19536K->19536K(19648K), 0.0005189 secs]2026-06-17T09:47:11.086+0800: 35.734: [Tenured: 39142K->25162K(43712K), 0.0056070 secs] 58679K->25162K(63360K), [Metaspace: 2710K->2710K(1056768K)], 0.0076873 secs] [Times: user=0.01 sys=0.00, real=0.01 secs] 
2026-06-17T09:47:11.136+0800: 35.784: [GC (Allocation Failure) 2026-06-17T09:47:11.137+0800: 35.785: [DefNew: 17472K->2175K(19648K), 0.0016899 secs] 42634K->31746K(63360K), 0.0030090 secs] [Times: user=0.00 sys=0.00, real=0.00 secs] 
2026-06-17T09:47:11.183+0800: 35.831: [GC (Allocation Failure) 2026-06-17T09:47:11.183+0800: 35.832: [DefNew: 19622K->2165K(19648K), 0.0022763 secs] 49193K->37567K(63360K), 0.0033464 secs] [Times: user=0.00 sys=0.00, real=0.00 secs] 
2026-06-17T09:47:11.241+0800: 35.889: [GC (Allocation Failure) 2026-06-17T09:47:11.242+0800: 35.890: [DefNew: 19622K->2169K(19648K), 0.0018008 secs] 55024K->38333K(63360K), 0.0032634 secs] [Times: user=0.00 sys=0.00, real=0.01 secs] 
2026-06-17T09:47:11.279+0800: 35.927: [GC (Allocation Failure) 2026-06-17T09:47:11.280+0800: 35.928: [DefNew: 19553K->19553K(19648K), 0.0004903 secs]2026-06-17T09:47:11.281+0800: 35.929: [Tenured: 36163K->26667K(43712K), 0.0060025 secs] 55717K->26667K(63360K), [Metaspace: 2710K->2710K(1056768K)], 0.0081411 secs] [Times: user=0.00 sys=0.00, real=0.01 secs] 
2026-06-17T09:47:11.332+0800: 35.980: [GC (Allocation Failure) 2026-06-17T09:47:11.332+0800: 35.980: [DefNew: 17472K->2175K(19648K), 0.0015954 secs] 44139K->33661K(63360K), 0.0030002 secs] [Times: user=0.00 sys=0.00, real=0.00 secs] 
2026-06-17T09:47:11.388+0800: 36.036: [GC (Allocation Failure) 2026-06-17T09:47:11.389+0800: 36.037: [DefNew: 19647K->2135K(19648K), 0.0013778 secs] 51133K->36845K(63360K), 0.0022921 secs] [Times: user=0.00 sys=0.00, real=0.01 secs] 
2026-06-17T09:47:11.434+0800: 36.082: [GC (Allocation Failure) 2026-06-17T09:47:11.435+0800: 36.083: [DefNew: 19607K->2141K(19648K), 0.0026389 secs] 54317K->40815K(63360K), 0.0041169 secs] [Times: user=0.00 sys=0.00, real=0.00 secs] 
2026-06-17T09:47:11.483+0800: 36.131: [GC (Allocation Failure) 2026-06-17T09:47:11.484+0800: 36.132: [DefNew: 19600K->19600K(19648K), 0.0006886 secs]2026-06-17T09:47:11.485+0800: 36.133: [Tenured: 38674K->31819K(43712K), 0.0060332 secs] 58275K->31819K(63360K), [Metaspace: 2710K->2710K(1056768K)], 0.0088299 secs] [Times: user=0.00 sys=0.00, real=0.01 secs] 
2026-06-17T09:47:11.537+0800: 36.185: [GC (Allocation Failure) 2026-06-17T09:47:11.537+0800: 36.185: [DefNew: 17447K->2171K(19648K), 0.0016043 secs] 49266K->39000K(63360K), 0.0026602 secs] [Times: user=0.01 sys=0.00, real=0.00 secs] 
2026-06-17T09:47:11.583+0800: 36.231: [GC (Allocation Failure) 2026-06-17T09:47:11.674+0800: 36.322: [DefNew: 19643K->19643K(19648K), 0.0005008 secs]2026-06-17T09:47:11.683+0800: 36.331: [Tenured: 36828K->22056K(43712K), 0.0082170 secs] 56472K->22056K(63360K), [Metaspace: 2710K->2710K(1056768K)], 0.1084509 secs] [Times: user=0.00 sys=0.00, real=0.11 secs] 
2026-06-17T09:47:11.744+0800: 36.392: [GC (Allocation Failure) 2026-06-17T09:47:11.745+0800: 36.393: [DefNew: 17455K->2166K(19648K), 0.0088757 secs] 39511K->26228K(63360K), 0.0104728 secs] [Times: user=0.00 sys=0.00, real=0.01 secs] 
2026-06-17T09:47:11.799+0800: 36.447: [GC (Allocation Failure) 2026-06-17T09:47:11.800+0800: 36.448: [DefNew: 19616K->2065K(19648K), 0.0029554 secs] 43678K->29950K(63360K), 0.0058983 secs] [Times: user=0.00 sys=0.00, real=0.01 secs] 
2026-06-17T09:47:11.848+0800: 36.496: [GC (Allocation Failure) 2026-06-17T09:47:11.849+0800: 36.497: [DefNew: 19537K->2037K(19648K), 0.0010744 secs] 47422K->33292K(63360K), 0.0016900 secs] [Times: user=0.00 sys=0.00, real=0.00 secs] 
2026-06-17T09:47:11.893+0800: 36.541: [GC (Allocation Failure) 2026-06-17T09:47:11.893+0800: 36.541: [DefNew: 19509K->2154K(19648K), 0.0016610 secs] 50764K->36601K(63360K), 0.0025917 secs] [Times: user=0.00 sys=0.00, real=0.00 secs] 
2026-06-17T09:47:11.939+0800: 36.587: [GC (Allocation Failure) 2026-06-17T09:47:11.940+0800: 36.588: [DefNew: 19585K->2171K(19648K), 0.0017969 secs] 54032K->40331K(63360K), 0.0028823 secs] [Times: user=0.00 sys=0.00, real=0.00 secs] 
2026-06-17T09:47:11.986+0800: 36.634: [GC (Allocation Failure) 2026-06-17T09:47:11.987+0800: 36.635: [DefNew: 19631K->19631K(19648K), 0.0007052 secs]2026-06-17T09:47:11.988+0800: 36.636: [Tenured: 38160K->29705K(43712K), 0.0059265 secs] 57791K->29705K(63360K), [Metaspace: 2710K->2710K(1056768K)], 0.0085292 secs] [Times: user=0.00 sys=0.00, real=0.01 secs] 
2026-06-17T09:47:12.038+0800: 36.686: [GC (Allocation Failure) 2026-06-17T09:47:12.039+0800: 36.688: [DefNew: 17394K->2033K(19648K), 0.0022529 secs] 47100K->33168K(63360K), 0.0046374 secs] [Times: user=0.00 sys=0.00, real=0.01 secs] 
2026-06-17T09:47:12.091+0800: 36.739: [GC (Allocation Failure) 2026-06-17T09:47:12.092+0800: 36.740: [DefNew: 19478K->2171K(19648K), 0.0026978 secs] 50614K->39611K(63360K), 0.0039401 secs] [Times: user=0.00 sys=0.00, real=0.00 secs] 
2026-06-17T09:47:12.140+0800: 36.788: [GC (Allocation Failure) 2026-06-17T09:47:12.140+0800: 36.788: [DefNew: 19643K->19643K(19648K), 0.0004705 secs]2026-06-17T09:47:12.141+0800: 36.789: [Tenured: 37440K->29725K(43712K), 0.0062667 secs] 57083K->29725K(63360K), [Metaspace: 2710K->2710K(1056768K)], 0.0089535 secs] [Times: user=0.01 sys=0.00, real=0.01 secs] 
2026-06-17T09:47:12.193+0800: 36.841: [GC (Allocation Failure) 2026-06-17T09:47:12.194+0800: 36.842: [DefNew: 17220K->2096K(19648K), 0.0014837 secs] 46946K->32913K(63360K), 0.0025395 secs] [Times: user=0.00 sys=0.00, real=0.00 secs] 
2026-06-17T09:47:12.239+0800: 36.887: [GC (Allocation Failure) 2026-06-17T09:47:12.240+0800: 36.888: [DefNew: 19347K->2172K(19648K), 0.0021690 secs] 50164K->35899K(63360K), 0.0038963 secs] [Times: user=0.00 sys=0.00, real=0.01 secs] 
2026-06-17T09:47:12.299+0800: 36.947: [GC (Allocation Failure) 2026-06-17T09:47:12.300+0800: 36.948: [DefNew: 19608K->2102K(19648K), 0.0020324 secs] 53336K->39285K(63360K), 0.0033470 secs] [Times: user=0.00 sys=0.00, real=0.01 secs] 
2026-06-17T09:47:12.348+0800: 36.996: [GC (Allocation Failure) 2026-06-17T09:47:12.349+0800: 36.997: [DefNew: 19565K->2143K(19648K), 0.0036470 secs] 56749K->43066K(63360K), 0.0050455 secs] [Times: user=0.00 sys=0.00, real=0.01 secs] 
2026-06-17T09:47:12.397+0800: 37.045: [GC (Allocation Failure) 2026-06-17T09:47:12.397+0800: 37.045: [DefNew: 19590K->19590K(19648K), 0.0003722 secs]2026-06-17T09:47:12.398+0800: 37.046: [Tenured: 40923K->33146K(43712K), 0.0048453 secs] 60514K->33146K(63360K), [Metaspace: 2710K->2710K(1056768K)], 0.0064500 secs] [Times: user=0.00 sys=0.00, real=0.01 secs] 
2026-06-17T09:47:12.448+0800: 37.096: [GC (Allocation Failure) 2026-06-17T09:47:12.448+0800: 37.097: [DefNew: 17403K->2155K(19648K), 0.0021530 secs] 50549K->37078K(63360K), 0.0037167 secs] [Times: user=0.01 sys=0.00, real=0.01 secs] 
2026-06-17T09:47:12.496+0800: 37.144: [GC (Allocation Failure) 2026-06-17T09:47:12.497+0800: 37.145: [DefNew: 19598K->2169K(19648K), 0.0033884 secs] 54520K->44235K(63360K), 0.0049471 secs] [Times: user=0.00 sys=0.00, real=0.00 secs] 
2026-06-17T09:47:12.556+0800: 37.204: [GC (Allocation Failure) 2026-06-17T09:47:12.557+0800: 37.205: [DefNew: 19623K->19623K(19648K), 0.0007433 secs]2026-06-17T09:47:12.558+0800: 37.206: [Tenured: 42065K->30527K(43712K), 0.0045829 secs] 61688K->30527K(63360K), [Metaspace: 2710K->2710K(1056768K)], 0.0075611 secs] [Times: user=0.01 sys=0.00, real=0.01 secs] 
2026-06-17T09:47:12.613+0800: 37.261: [GC (Allocation Failure) 2026-06-17T09:47:12.614+0800: 37.262: [DefNew: 17471K->2169K(19648K), 0.0029542 secs] 47999K->37859K(63360K), 0.0045805 secs] [Times: user=0.00 sys=0.00, real=0.00 secs] 
2026-06-17T09:47:12.663+0800: 37.311: [GC (Allocation Failure) 2026-06-17T09:47:12.665+0800: 37.313: [DefNew: 19641K->2174K(19648K), 0.0026015 secs] 55331K->41872K(63360K), 0.0050626 secs] [Times: user=0.01 sys=0.00, real=0.00 secs] 
2026-06-17T09:47:12.713+0800: 37.361: [GC (Allocation Failure) 2026-06-17T09:47:12.714+0800: 37.362: [DefNew: 19598K->19598K(19648K), 0.0007755 secs]2026-06-17T09:47:12.715+0800: 37.364: [Tenured: 39698K->26696K(43712K), 0.0057277 secs] 59297K->26696K(63360K), [Metaspace: 2710K->2710K(1056768K)], 0.0090012 secs] [Times: user=0.00 sys=0.00, real=0.01 secs] 
2026-06-17T09:47:12.765+0800: 37.413: [GC (Allocation Failure) 2026-06-17T09:47:12.766+0800: 37.414: [DefNew: 17472K->2173K(19648K), 0.0013811 secs] 44168K->33919K(63360K), 0.0027171 secs] [Times: user=0.00 sys=0.00, real=0.00 secs] 
2026-06-17T09:47:12.822+0800: 37.470: [GC (Allocation Failure) 2026-06-17T09:47:12.822+0800: 37.470: [DefNew: 19645K->2095K(19648K), 0.0010624 secs] 51391K->34608K(63360K), 0.0020213 secs] [Times: user=0.00 sys=0.00, real=0.01 secs] 
2026-06-17T09:47:12.866+0800: 37.514: [GC (Allocation Failure) 2026-06-17T09:47:12.867+0800: 37.515: [DefNew: 19567K->2130K(19648K), 0.0011420 secs] 52080K->38174K(63360K), 0.0019844 secs] [Times: user=0.00 sys=0.00, real=0.00 secs] 
2026-06-17T09:47:12.911+0800: 37.559: [GC (Allocation Failure) 2026-06-17T09:47:12.911+0800: 37.559: [DefNew: 19602K->2173K(19648K), 0.0011192 secs] 55646K->42000K(63360K), 0.0029690 secs] [Times: user=0.00 sys=0.00, real=0.00 secs] 
2026-06-17T09:47:12.957+0800: 37.605: [GC (Allocation Failure) 2026-06-17T09:47:12.958+0800: 37.606: [DefNew: 19644K->19644K(19648K), 0.0005428 secs]2026-06-17T09:47:12.959+0800: 37.607: [Tenured: 39827K->31548K(43712K), 0.0059411 secs] 59471K->31548K(63360K), [Metaspace: 2710K->2710K(1056768K)], 0.0081205 secs] [Times: user=0.01 sys=0.00, real=0.01 secs] 
2026-06-17T09:47:13.009+0800: 37.657: [GC (Allocation Failure) 2026-06-17T09:47:13.009+0800: 37.657: [DefNew: 17472K->2175K(19648K), 0.0022796 secs] 49020K->38467K(63360K), 0.0034084 secs] [Times: user=0.00 sys=0.00, real=0.01 secs] 
2026-06-17T09:47:13.056+0800: 37.704: [GC (Allocation Failure) 2026-06-17T09:47:13.056+0800: 37.705: [DefNew: 19637K->2174K(19648K), 0.0021319 secs] 55929K->42486K(63360K), 0.0031907 secs] [Times: user=0.00 sys=0.00, real=0.00 secs] 
2026-06-17T09:47:13.103+0800: 37.752: [GC (Allocation Failure) 2026-06-17T09:47:13.104+0800: 37.752: [DefNew: 19609K->19609K(19648K), 0.0004906 secs]2026-06-17T09:47:13.105+0800: 37.753: [Tenured: 40311K->27686K(43712K), 0.0057130 secs] 59921K->27686K(63360K), [Metaspace: 2710K->2710K(1056768K)], 0.0078357 secs] [Times: user=0.01 sys=0.00, real=0.01 secs] 
2026-06-17T09:47:13.155+0800: 37.803: [GC (Allocation Failure) 2026-06-17T09:47:13.156+0800: 37.804: [DefNew: 17460K->2174K(19648K), 0.0025705 secs] 45147K->34871K(63360K), 0.0039636 secs] [Times: user=0.00 sys=0.00, real=0.00 secs] 
2026-06-17T09:47:13.212+0800: 37.861: [GC (Allocation Failure) 2026-06-17T09:47:13.214+0800: 37.863: [DefNew: 19646K->2103K(19648K), 0.0012394 secs] 52343K->37757K(63360K), 0.0036430 secs] [Times: user=0.00 sys=0.00, real=0.00 secs] 
2026-06-17T09:47:13.259+0800: 37.907: [GC (Allocation Failure) 2026-06-17T09:47:13.260+0800: 37.908: [DefNew: 19560K->2167K(19648K), 0.0012523 secs] 55215K->41667K(63360K), 0.0022040 secs] [Times: user=0.00 sys=0.00, real=0.00 secs] 
2026-06-17T09:47:13.304+0800: 37.952: [GC (Allocation Failure) 2026-06-17T09:47:13.304+0800: 37.953: [DefNew: 19600K->19600K(19648K), 0.0003009 secs]2026-06-17T09:47:13.305+0800: 37.953: [Tenured: 39500K->33055K(43712K), 0.0038716 secs] 59100K->33055K(63360K), [Metaspace: 2710K->2710K(1056768K)], 0.0051225 secs] [Times: user=0.00 sys=0.00, real=0.00 secs] 
2026-06-17T09:47:13.352+0800: 38.000: [GC (Allocation Failure) 2026-06-17T09:47:13.352+0800: 38.000: [DefNew: 17224K->2123K(19648K), 0.0007621 secs] 50280K->36771K(63360K), 0.0015653 secs] [Times: user=0.01 sys=0.00, real=0.00 secs] 
2026-06-17T09:47:13.406+0800: 38.054: [GC (Allocation Failure) 2026-06-17T09:47:13.407+0800: 38.055: [DefNew: 19534K->2149K(19648K), 0.0014036 secs] 54182K->40540K(63360K), 0.0022793 secs] [Times: user=0.00 sys=0.00, real=0.00 secs] 
2026-06-17T09:47:13.452+0800: 38.100: [GC (Allocation Failure) 2026-06-17T09:47:13.452+0800: 38.100: [DefNew: 19593K->19593K(19648K), 0.0005934 secs]2026-06-17T09:47:13.453+0800: 38.101: [Tenured: 38390K->30500K(43712K), 0.0033914 secs] 57983K->30500K(63360K), [Metaspace: 2710K->2710K(1056768K)], 0.0056835 secs] [Times: user=0.00 sys=0.00, real=0.00 secs] 
2026-06-17T09:47:13.501+0800: 38.149: [GC (Allocation Failure) 2026-06-17T09:47:13.501+0800: 38.149: [DefNew: 17467K->2172K(19648K), 0.0013366 secs] 47967K->37202K(63360K), 0.0024242 secs] [Times: user=0.00 sys=0.00, real=0.01 secs] 
2026-06-17T09:47:13.556+0800: 38.204: [GC (Allocation Failure) 2026-06-17T09:47:13.556+0800: 38.204: [DefNew: 19644K->1746K(19648K), 0.0010651 secs] 54674K->38710K(63360K), 0.0015975 secs] [Times: user=0.00 sys=0.00, real=0.00 secs] 
2026-06-17T09:47:13.590+0800: 38.238: [GC (Allocation Failure) 2026-06-17T09:47:13.590+0800: 38.238: [DefNew: 19217K->2052K(19648K), 0.0007713 secs] 56180K->41722K(63360K), 0.0014046 secs] [Times: user=0.00 sys=0.00, real=0.01 secs] 
2026-06-17T09:47:13.644+0800: 38.292: [GC (Allocation Failure) 2026-06-17T09:47:13.644+0800: 38.292: [DefNew: 19524K->19524K(19648K), 0.0002684 secs]2026-06-17T09:47:13.645+0800: 38.293: [Tenured: 39669K->31387K(43712K), 0.0034783 secs] 59194K->31387K(63360K), [Metaspace: 2710K->2710K(1056768K)], 0.0048254 secs] [Times: user=0.00 sys=0.00, real=0.00 secs] 
2026-06-17T09:47:13.691+0800: 38.339: [GC (Allocation Failure) 2026-06-17T09:47:13.691+0800: 38.339: [DefNew: 17472K->2168K(19648K), 0.0009547 secs] 48859K->38130K(63360K), 0.0016138 secs] [Times: user=0.00 sys=0.00, real=0.00 secs] 
2026-06-17T09:47:13.735+0800: 38.383: [GC (Allocation Failure) 2026-06-17T09:47:13.735+0800: 38.384: [DefNew: 19613K->2134K(19648K), 0.0016527 secs] 55575K->42940K(63360K), 0.0026296 secs] [Times: user=0.00 sys=0.00, real=0.00 secs] 
2026-06-17T09:47:13.791+0800: 38.439: [GC (Allocation Failure) 2026-06-17T09:47:13.792+0800: 38.440: [DefNew: 19602K->19602K(19648K), 0.0003843 secs]2026-06-17T09:47:13.793+0800: 38.441: [Tenured: 40806K->23628K(43712K), 0.0043998 secs] 60408K->23628K(63360K), [Metaspace: 2710K->2710K(1056768K)], 0.0060029 secs] [Times: user=0.01 sys=0.00, real=0.00 secs] 
2026-06-17T09:47:13.831+0800: 38.479: [GC (Allocation Failure) 2026-06-17T09:47:13.846+0800: 38.494: [DefNew: 17400K->2162K(19648K), 0.0112116 secs] 41028K->30577K(63360K), 0.0333644 secs] [Times: user=0.00 sys=0.00, real=0.06 secs] 
2026-06-17T09:47:13.939+0800: 38.587: [GC (Allocation Failure) 2026-06-17T09:47:13.957+0800: 38.605: [DefNew: 19620K->2170K(19648K), 0.0017994 secs] 48036K->37173K(63360K), 0.0200159 secs] [Times: user=0.00 sys=0.00, real=0.02 secs] 
2026-06-17T09:47:14.013+0800: 38.661: [GC (Allocation Failure) 2026-06-17T09:47:14.015+0800: 38.663: [DefNew: 19606K->2081K(19648K), 0.0040035 secs] 54609K->39327K(63360K), 0.0068934 secs] [Times: user=0.00 sys=0.00, real=0.00 secs] 
2026-06-17T09:47:14.068+0800: 38.716: [GC (Allocation Failure) 2026-06-17T09:47:14.069+0800: 38.717: [DefNew: 19524K->19524K(19648K), 0.0006946 secs]2026-06-17T09:47:14.070+0800: 38.718: [Tenured: 37246K->29821K(43712K), 0.0035154 secs] 56770K->29821K(63360K), [Metaspace: 2710K->2710K(1056768K)], 0.0057730 secs] [Times: user=0.00 sys=0.00, real=0.01 secs] 
2026-06-17T09:47:14.128+0800: 38.776: [GC (Allocation Failure) 2026-06-17T09:47:14.129+0800: 38.777: [DefNew: 17433K->2090K(19648K), 0.0021414 secs] 47254K->33354K(63360K), 0.0037075 secs] [Times: user=0.00 sys=0.00, real=0.01 secs] 
2026-06-17T09:47:14.166+0800: 38.814: [GC (Allocation Failure) 2026-06-17T09:47:14.167+0800: 38.815: [DefNew: 19420K->2144K(19648K), 0.0021573 secs] 50685K->36610K(63360K), 0.0040292 secs] [Times: user=0.00 sys=0.00, real=0.01 secs] 
2026-06-17T09:47:14.216+0800: 38.864: [GC (Allocation Failure) 2026-06-17T09:47:14.219+0800: 38.867: [DefNew: 19585K->2174K(19648K), 0.0046484 secs] 54051K->43382K(63360K), 0.0081160 secs] [Times: user=0.00 sys=0.00, real=0.01 secs] 
2026-06-17T09:47:14.282+0800: 38.930: [GC (Allocation Failure) 2026-06-17T09:47:14.286+0800: 38.934: [DefNew: 19646K->19646K(19648K), 0.0005623 secs]2026-06-17T09:47:14.287+0800: 38.935: [Tenured: 41208K->28143K(43712K), 0.0053137 secs] 60854K->28143K(63360K), [Metaspace: 2710K->2710K(1056768K)], 0.0108097 secs] [Times: user=0.01 sys=0.00, real=0.02 secs] 
2026-06-17T09:47:14.327+0800: 38.975: [GC (Allocation Failure) 2026-06-17T09:47:14.328+0800: 38.976: [DefNew: 17258K->2175K(19648K), 0.0020420 secs] 45401K->34820K(63360K), 0.0039052 secs] [Times: user=0.00 sys=0.00, real=0.01 secs] 
2026-06-17T09:47:14.375+0800: 39.023: [GC (Allocation Failure) 2026-06-17T09:47:14.376+0800: 39.024: [DefNew: 19642K->2176K(19648K), 0.0015096 secs] 52286K->42050K(63360K), 0.0027123 secs] [Times: user=0.00 sys=0.00, real=0.00 secs] 
2026-06-17T09:47:14.431+0800: 39.080: [GC (Allocation Failure) 2026-06-17T09:47:14.432+0800: 39.080: [DefNew: 19648K->19648K(19648K), 0.0003282 secs]2026-06-17T09:47:14.433+0800: 39.081: [Tenured: 39874K->29526K(43712K), 0.0041471 secs] 59522K->29526K(63360K), [Metaspace: 2710K->2710K(1056768K)], 0.0056408 secs] [Times: user=0.01 sys=0.00, real=0.00 secs] 
2026-06-17T09:47:14.480+0800: 39.128: [GC (Allocation Failure) 2026-06-17T09:47:14.480+0800: 39.128: [DefNew: 17472K->2169K(19648K), 0.0017458 secs] 46998K->36709K(63360K), 0.0027022 secs] [Times: user=0.00 sys=0.00, real=0.01 secs] 
2026-06-17T09:47:14.527+0800: 39.176: [GC (Allocation Failure) 2026-06-17T09:47:14.528+0800: 39.176: [DefNew: 19639K->2175K(19648K), 0.0011061 secs] 54179K->41416K(63360K), 0.0019923 secs] [Times: user=0.00 sys=0.00, real=0.00 secs] 
2026-06-17T09:47:14.573+0800: 39.221: [GC (Allocation Failure) 2026-06-17T09:47:14.573+0800: 39.221: [DefNew: 19598K->19598K(19648K), 0.0005209 secs]2026-06-17T09:47:14.574+0800: 39.222: [Tenured: 39240K->30725K(43712K), 0.0051456 secs] 58838K->30725K(63360K), [Metaspace: 2710K->2710K(1056768K)], 0.0086999 secs] [Times: user=0.00 sys=0.00, real=0.00 secs] 
2026-06-17T09:47:14.626+0800: 39.274: [GC (Allocation Failure) 2026-06-17T09:47:14.626+0800: 39.274: [DefNew: 17450K->2167K(19648K), 0.0026534 secs] 48176K->37472K(63360K), 0.0055568 secs] [Times: user=0.00 sys=0.00, real=0.01 secs] 
2026-06-17T09:47:14.677+0800: 39.325: [GC (Allocation Failure) 2026-06-17T09:47:14.677+0800: 39.325: [DefNew: 19629K->19629K(19648K), 0.0005558 secs]2026-06-17T09:47:14.678+0800: 39.326: [Tenured: 35305K->26994K(43712K), 0.0053527 secs] 54934K->26994K(63360K), [Metaspace: 2710K->2710K(1056768K)], 0.0074291 secs] [Times: user=0.00 sys=0.00, real=0.01 secs] 
2026-06-17T09:47:14.728+0800: 39.376: [GC (Allocation Failure) 2026-06-17T09:47:14.729+0800: 39.377: [DefNew: 17329K->2056K(19648K), 0.0015906 secs] 44324K->30608K(63360K), 0.0026941 secs] [Times: user=0.00 sys=0.00, real=0.01 secs] 
2026-06-17T09:47:14.774+0800: 39.422: [GC (Allocation Failure) 2026-06-17T09:47:14.774+0800: 39.423: [DefNew: 19025K->2085K(19648K), 0.0012937 secs] 47577K->33055K(63360K), 0.0021847 secs] [Times: user=0.00 sys=0.00, real=0.00 secs] 
2026-06-17T09:47:14.829+0800: 39.477: [GC (Allocation Failure) 2026-06-17T09:47:14.830+0800: 39.478: [DefNew: 19557K->2150K(19648K), 0.0016015 secs] 50527K->37027K(63360K), 0.0025905 secs] [Times: user=0.00 sys=0.00, real=0.01 secs] 
2026-06-17T09:47:14.876+0800: 39.524: [GC (Allocation Failure) 2026-06-17T09:47:14.877+0800: 39.525: [DefNew: 19616K->2171K(19648K), 0.0021099 secs] 54493K->40509K(63360K), 0.0033435 secs] [Times: user=0.01 sys=0.00, real=0.00 secs] 
2026-06-17T09:47:14.923+0800: 39.571: [GC (Allocation Failure) 2026-06-17T09:47:14.924+0800: 39.572: [DefNew: 19607K->19607K(19648K), 0.0006195 secs]2026-06-17T09:47:14.925+0800: 39.573: [Tenured: 38337K->25555K(43712K), 0.0055832 secs] 57945K->25555K(63360K), [Metaspace: 2710K->2710K(1056768K)], 0.0081349 secs] [Times: user=0.00 sys=0.00, real=0.01 secs] 
2026-06-17T09:47:14.974+0800: 39.622: [GC (Allocation Failure) 2026-06-17T09:47:14.975+0800: 39.623: [DefNew: 17337K->2069K(19648K), 0.0012369 secs] 42893K->29145K(63360K), 0.0026349 secs] [Times: user=0.00 sys=0.00, real=0.00 secs] 
2026-06-17T09:47:15.021+0800: 39.669: [GC (Allocation Failure) 2026-06-17T09:47:15.021+0800: 39.669: [DefNew: 19523K->2174K(19648K), 0.0020716 secs] 46599K->36456K(63360K), 0.0031651 secs] [Times: user=0.01 sys=0.00, real=0.01 secs] 
2026-06-17T09:47:15.077+0800: 39.725: [GC (Allocation Failure) 2026-06-17T09:47:15.078+0800: 39.726: [DefNew: 19646K->2110K(19648K), 0.0014285 secs] 53928K->38786K(63360K), 0.0028366 secs] [Times: user=0.00 sys=0.00, real=0.00 secs] 
2026-06-17T09:47:15.124+0800: 39.772: [GC (Allocation Failure) 2026-06-17T09:47:15.124+0800: 39.772: [DefNew: 19574K->19574K(19648K), 0.0007675 secs]2026-06-17T09:47:15.126+0800: 39.774: [Tenured: 36675K->26821K(43712K), 0.0041214 secs] 56250K->26821K(63360K), [Metaspace: 2710K->2710K(1056768K)], 0.0072808 secs] [Times: user=0.00 sys=0.00, real=0.01 secs] 
2026-06-17T09:47:15.174+0800: 39.822: [GC (Allocation Failure) 2026-06-17T09:47:15.175+0800: 39.823: [DefNew: 17445K->2172K(19648K), 0.0013328 secs] 44267K->33240K(63360K), 0.0022499 secs] [Times: user=0.00 sys=0.00, real=0.00 secs] 
2026-06-17T09:47:15.219+0800: 39.867: [GC (Allocation Failure) 2026-06-17T09:47:15.222+0800: 39.870: [DefNew: 19644K->2170K(19648K), 0.0050497 secs] 50712K->38166K(63360K), 0.0104220 secs] [Times: user=0.00 sys=0.00, real=0.02 secs] 
2026-06-17T09:47:15.276+0800: 39.924: [GC (Allocation Failure) 2026-06-17T09:47:15.277+0800: 39.925: [DefNew: 19642K->2137K(19648K), 0.0013425 secs] 55638K->42601K(63360K), 0.0024732 secs] [Times: user=0.00 sys=0.00, real=0.00 secs] 
2026-06-17T09:47:15.322+0800: 39.970: [GC (Allocation Failure) 2026-06-17T09:47:15.323+0800: 39.971: [DefNew: 19576K->19576K(19648K), 0.0005102 secs]2026-06-17T09:47:15.324+0800: 39.972: [Tenured: 40464K->31255K(43712K), 0.0042500 secs] 60040K->31255K(63360K), [Metaspace: 2710K->2710K(1056768K)], 0.0073516 secs] [Times: user=0.01 sys=0.00, real=0.01 secs] 
2026-06-17T09:47:15.372+0800: 40.020: [GC (Allocation Failure) 2026-06-17T09:47:15.372+0800: 40.020: [DefNew: 17406K->1960K(19648K), 0.0006035 secs] 48661K->33954K(63360K), 0.0011632 secs] [Times: user=0.00 sys=0.00, real=0.00 secs] 
2026-06-17T09:47:15.415+0800: 40.063: [GC (Allocation Failure) 2026-06-17T09:47:15.416+0800: 40.064: [DefNew: 19408K->2171K(19648K), 0.0015208 secs] 51402K->41062K(63360K), 0.0022638 secs] [Times: user=0.00 sys=0.00, real=0.00 secs] 
2026-06-17T09:47:15.461+0800: 40.109: [GC (Allocation Failure) 2026-06-17T09:47:15.461+0800: 40.109: [DefNew: 19643K->19643K(19648K), 0.0003021 secs]2026-06-17T09:47:15.462+0800: 40.110: [Tenured: 38890K->33535K(43712K), 0.0036451 secs] 58534K->33535K(63360K), [Metaspace: 2710K->2710K(1056768K)], 0.0050676 secs] [Times: user=0.00 sys=0.00, real=0.01 secs] 
2026-06-17T09:47:15.508+0800: 40.156: [GC (Allocation Failure) 2026-06-17T09:47:15.509+0800: 40.157: [DefNew: 17326K->2152K(19648K), 0.0008511 secs] 50862K->37052K(63360K), 0.0015242 secs] [Times: user=0.00 sys=0.00, real=0.00 secs] 
2026-06-17T09:47:15.562+0800: 40.210: [GC (Allocation Failure) 2026-06-17T09:47:15.563+0800: 40.211: [DefNew: 19624K->2172K(19648K), 0.0011839 secs] 54524K->40687K(63360K), 0.0023947 secs] [Times: user=0.00 sys=0.00, real=0.01 secs] 
2026-06-17T09:47:15.607+0800: 40.255: [GC (Allocation Failure) 2026-06-17T09:47:15.607+0800: 40.255: [DefNew: 19644K->19644K(19648K), 0.0001875 secs]2026-06-17T09:47:15.608+0800: 40.256: [Tenured: 38514K->29515K(43712K), 0.0028323 secs] 58159K->29515K(63360K), [Metaspace: 2710K->2710K(1056768K)], 0.0037808 secs] [Times: user=0.00 sys=0.00, real=0.01 secs] 
2026-06-17T09:47:15.653+0800: 40.301: [GC (Allocation Failure) 2026-06-17T09:47:15.654+0800: 40.302: [DefNew: 17472K->2174K(19648K), 0.0013865 secs] 46987K->37024K(63360K), 0.0022517 secs] [Times: user=0.00 sys=0.00, real=0.00 secs] 
2026-06-17T09:47:15.698+0800: 40.346: [GC (Allocation Failure) 2026-06-17T09:47:15.698+0800: 40.346: [DefNew: 19646K->2157K(19648K), 0.0010301 secs] 54496K->41270K(63360K), 0.0017620 secs] [Times: user=0.01 sys=0.00, real=0.00 secs] 
2026-06-17T09:47:15.742+0800: 40.390: [GC (Allocation Failure) 2026-06-17T09:47:15.743+0800: 40.391: [DefNew: 19349K->19349K(19648K), 0.0005220 secs]2026-06-17T09:47:15.744+0800: 40.392: [Tenured: 39113K->26457K(43712K), 0.0036413 secs] 58462K->26457K(63360K), [Metaspace: 2710K->2710K(1056768K)], 0.0055971 secs] [Times: user=0.00 sys=0.00, real=0.01 secs] 
2026-06-17T09:47:15.791+0800: 40.439: [GC (Allocation Failure) 2026-06-17T09:47:15.792+0800: 40.441: [DefNew: 17464K->2175K(19648K), 0.0040346 secs] 43921K->33437K(63360K), 0.0059810 secs] [Times: user=0.01 sys=0.00, real=0.00 secs] 
2026-06-17T09:47:15.852+0800: 40.500: [GC (Allocation Failure) 2026-06-17T09:47:15.853+0800: 40.501: [DefNew: 19647K->2132K(19648K), 0.0018017 secs] 50909K->36579K(63360K), 0.0030258 secs] [Times: user=0.00 sys=0.00, real=0.00 secs] 
2026-06-17T09:47:15.901+0800: 40.549: [GC (Allocation Failure) 2026-06-17T09:47:15.902+0800: 40.550: [DefNew: 19594K->2123K(19648K), 0.0024152 secs] 54041K->40002K(63360K), 0.0041612 secs] [Times: user=0.01 sys=0.00, real=0.01 secs] 
2026-06-17T09:47:15.950+0800: 40.598: [GC (Allocation Failure) 2026-06-17T09:47:15.951+0800: 40.599: [DefNew: 19595K->19595K(19648K), 0.0009065 secs]2026-06-17T09:47:15.953+0800: 40.601: [Tenured: 37879K->23163K(43712K), 0.0046833 secs] 57474K->23163K(63360K), [Metaspace: 2710K->2710K(1056768K)], 0.0076589 secs] [Times: user=0.00 sys=0.00, real=0.01 secs] 
2026-06-17T09:47:16.002+0800: 40.650: [GC (Allocation Failure) 2026-06-17T09:47:16.003+0800: 40.651: [DefNew: 17472K->2175K(19648K), 0.0023817 secs] 40635K->29656K(63360K), 0.0041256 secs] [Times: user=0.00 sys=0.00, real=0.01 secs] 
2026-06-17T09:47:16.050+0800: 40.698: [GC (Allocation Failure) 2026-06-17T09:47:16.051+0800: 40.699: [DefNew: 19636K->2082K(19648K), 0.0021587 secs] 47117K->34112K(63360K), 0.0032799 secs] [Times: user=0.00 sys=0.00, real=0.01 secs] 
2026-06-17T09:47:16.108+0800: 40.756: [GC (Allocation Failure) 2026-06-17T09:47:16.109+0800: 40.757: [DefNew: 19526K->2010K(19648K), 0.0009487 secs] 51556K->34040K(63360K), 0.0019877 secs] [Times: user=0.00 sys=0.00, real=0.01 secs] 
2026-06-17T09:47:16.154+0800: 40.802: [GC (Allocation Failure) 2026-06-17T09:47:16.154+0800: 40.802: [DefNew: 19479K->2138K(19648K), 0.0014704 secs] 51509K->37865K(63360K), 0.0024149 secs] [Times: user=0.00 sys=0.00, real=0.00 secs] 
2026-06-17T09:47:16.199+0800: 40.847: [GC (Allocation Failure) 2026-06-17T09:47:16.207+0800: 40.855: [DefNew: 19577K->2125K(19648K), 0.0052742 secs] 55304K->41194K(63360K), 0.0168603 secs] [Times: user=0.00 sys=0.01, real=0.02 secs] 
2026-06-17T09:47:16.265+0800: 40.913: [GC (Allocation Failure) 2026-06-17T09:47:16.266+0800: 40.914: [DefNew: 19550K->19550K(19648K), 0.0003721 secs]2026-06-17T09:47:16.266+0800: 40.915: [Tenured: 39068K->30782K(43712K), 0.0037725 secs] 58619K->30782K(63360K), [Metaspace: 2710K->2710K(1056768K)], 0.0078840 secs] [Times: user=0.01 sys=0.00, real=0.01 secs] 
2026-06-17T09:47:16.319+0800: 40.967: [GC (Allocation Failure) 2026-06-17T09:47:16.320+0800: 40.968: [DefNew: 17472K->2170K(19648K), 0.0025607 secs] 48254K->37921K(63360K), 0.0039729 secs] [Times: user=0.00 sys=0.00, real=0.01 secs] 
2026-06-17T09:47:16.377+0800: 41.025: [GC (Allocation Failure) 2026-06-17T09:47:16.378+0800: 41.026: [DefNew: 19623K->2088K(19648K), 0.0013411 secs] 55374K->39927K(63360K), 0.0024509 secs] [Times: user=0.00 sys=0.00, real=0.00 secs] 
2026-06-17T09:47:16.413+0800: 41.061: [GC (Allocation Failure) 2026-06-17T09:47:16.414+0800: 41.062: [DefNew: 19527K->19527K(19648K), 0.0003871 secs]2026-06-17T09:47:16.414+0800: 41.062: [Tenured: 37838K->29597K(43712K), 0.0048175 secs] 57366K->29597K(63360K), [Metaspace: 2710K->2710K(1056768K)], 0.0064638 secs] [Times: user=0.01 sys=0.00, real=0.00 secs] 
2026-06-17T09:47:16.473+0800: 41.121: [GC (Allocation Failure) 2026-06-17T09:47:16.474+0800: 41.122: [DefNew: 17424K->2075K(19648K), 0.0017655 secs] 47021K->33511K(63360K), 0.0034053 secs] [Times: user=0.00 sys=0.00, real=0.00 secs] 
2026-06-17T09:47:16.521+0800: 41.169: [GC (Allocation Failure) 2026-06-17T09:47:16.522+0800: 41.170: [DefNew: 19547K->2175K(19648K), 0.0020266 secs] 50983K->37294K(63360K), 0.0033312 secs] [Times: user=0.01 sys=0.00, real=0.01 secs] 
2026-06-17T09:47:16.579+0800: 41.227: [GC (Allocation Failure) 2026-06-17T09:47:16.580+0800: 41.228: [DefNew: 19639K->2144K(19648K), 0.0018823 secs] 54758K->38528K(63360K), 0.0034233 secs] [Times: user=0.00 sys=0.00, real=0.01 secs] 
2026-06-17T09:47:16.627+0800: 41.275: [GC (Allocation Failure) 2026-06-17T09:47:16.627+0800: 41.276: [DefNew: 19561K->2155K(19648K), 0.0017367 secs] 55945K->42077K(63360K), 0.0027723 secs] [Times: user=0.00 sys=0.00, real=0.00 secs] 
2026-06-17T09:47:16.663+0800: 41.311: [GC (Allocation Failure) 2026-06-17T09:47:16.663+0800: 41.311: [DefNew: 19491K->19491K(19648K), 0.0004483 secs]2026-06-17T09:47:16.664+0800: 41.312: [Tenured: 39921K->25405K(43712K), 0.0044511 secs] 59412K->25405K(63360K), [Metaspace: 2713K->2713K(1056768K)], 0.0061685 secs] [Times: user=0.00 sys=0.00, real=0.00 secs] 
2026-06-17T09:47:16.722+0800: 41.370: [GC (Allocation Failure) 2026-06-17T09:47:16.723+0800: 41.371: [DefNew: 17447K->2144K(19648K), 0.0011927 secs] 42852K->29265K(63360K), 0.0021913 secs] [Times: user=0.00 sys=0.00, real=0.01 secs] 
2026-06-17T09:47:16.768+0800: 41.416: [GC (Allocation Failure) 2026-06-17T09:47:16.771+0800: 41.419: [DefNew: 19616K->1947K(19648K), 0.0013267 secs] 46737K->29274K(63360K), 0.0044430 secs] [Times: user=0.00 sys=0.00, real=0.01 secs] 
2026-06-17T09:47:16.817+0800: 41.465: [GC (Allocation Failure) 2026-06-17T09:47:16.817+0800: 41.466: [DefNew: 19419K->2172K(19648K), 0.0011640 secs] 46746K->36082K(63360K), 0.0018850 secs] [Times: user=0.00 sys=0.00, real=0.00 secs] 
2026-06-17T09:47:16.861+0800: 41.509: [GC (Allocation Failure) 2026-06-17T09:47:16.868+0800: 41.516: [DefNew: 19597K->2171K(19648K), 0.0040199 secs] 53507K->40538K(63360K), 0.0113140 secs] [Times: user=0.00 sys=0.00, real=0.02 secs] 
2026-06-17T09:47:16.921+0800: 41.569: [GC (Allocation Failure) 2026-06-17T09:47:16.922+0800: 41.570: [DefNew: 19398K->19398K(19648K), 0.0003253 secs]2026-06-17T09:47:16.923+0800: 41.571: [Tenured: 38367K->23561K(43712K), 0.0033366 secs] 57765K->23561K(63360K), [Metaspace: 2713K->2713K(1056768K)], 0.0080002 secs] [Times: user=0.00 sys=0.00, real=0.02 secs] 
2026-06-17T09:47:16.991+0800: 41.639: [GC (Allocation Failure) 2026-06-17T09:47:16.991+0800: 41.640: [DefNew: 17445K->2135K(19648K), 0.0008195 secs] 41007K->27629K(63360K), 0.0019634 secs] [Times: user=0.00 sys=0.00, real=0.00 secs] 
2026-06-17T09:47:17.035+0800: 41.683: [GC (Allocation Failure) 2026-06-17T09:47:17.036+0800: 41.684: [DefNew: 19607K->2167K(19648K), 0.0009129 secs] 45101K->31273K(63360K), 0.0016949 secs] [Times: user=0.00 sys=0.00, real=0.00 secs] 
2026-06-17T09:47:17.080+0800: 41.728: [GC (Allocation Failure) 2026-06-17T09:47:17.081+0800: 41.729: [DefNew: 19616K->2175K(19648K), 0.0010587 secs] 48722K->35529K(63360K), 0.0020744 secs] [Times: user=0.00 sys=0.00, real=0.01 secs] 
2026-06-17T09:47:17.125+0800: 41.773: [GC (Allocation Failure) 2026-06-17T09:47:17.127+0800: 41.775: [DefNew: 19636K->2167K(19648K), 0.0034400 secs] 52989K->38624K(63360K), 0.0064781 secs] [Times: user=0.00 sys=0.00, real=0.01 secs] 
2026-06-17T09:47:17.174+0800: 41.822: [GC (Allocation Failure) 2026-06-17T09:47:17.175+0800: 41.823: [DefNew: 19618K->2171K(19648K), 0.0012187 secs] 56075K->41793K(63360K), 0.0025447 secs] [Times: user=0.00 sys=0.00, real=0.00 secs] 
2026-06-17T09:47:17.220+0800: 41.868: [GC (Allocation Failure) 2026-06-17T09:47:17.221+0800: 41.869: [DefNew: 19643K->19643K(19648K), 0.0001850 secs]2026-06-17T09:47:17.221+0800: 41.869: [Tenured: 39622K->24753K(43712K), 0.0035517 secs] 59265K->24753K(63360K), [Metaspace: 2713K->2713K(1056768K)], 0.0048590 secs] [Times: user=0.01 sys=0.00, real=0.01 secs] 
2026-06-17T09:47:17.278+0800: 41.926: [GC (Allocation Failure) 2026-06-17T09:47:17.279+0800: 41.927: [DefNew: 17472K->2075K(19648K), 0.0007420 secs] 42225K->28780K(63360K), 0.0015142 secs] [Times: user=0.00 sys=0.00, real=0.00 secs] 
2026-06-17T09:47:17.322+0800: 41.970: [GC (Allocation Failure) 2026-06-17T09:47:17.322+0800: 41.970: [DefNew: 19503K->2131K(19648K), 0.0008780 secs] 46208K->31932K(63360K), 0.0015824 secs] [Times: user=0.00 sys=0.00, real=0.01 secs] 
2026-06-17T09:47:17.366+0800: 42.014: [GC (Allocation Failure) 2026-06-17T09:47:17.366+0800: 42.014: [DefNew: 19590K->2046K(19648K), 0.0007077 secs] 49390K->34516K(63360K), 0.0014131 secs] [Times: user=0.00 sys=0.00, real=0.00 secs] 
2026-06-17T09:47:17.410+0800: 42.058: [GC (Allocation Failure) 2026-06-17T09:47:17.411+0800: 42.059: [DefNew: 19518K->2175K(19648K), 0.0017120 secs] 51988K->37940K(63360K), 0.0027303 secs] [Times: user=0.01 sys=0.00, real=0.01 secs] 
2026-06-17T09:47:17.457+0800: 42.105: [GC (Allocation Failure) 2026-06-17T09:47:17.458+0800: 42.107: [DefNew: 19633K->2136K(19648K), 0.0025409 secs] 55398K->41577K(63360K), 0.0042457 secs] [Times: user=0.00 sys=0.00, real=0.00 secs] 
2026-06-17T09:47:17.507+0800: 42.155: [GC (Allocation Failure) 2026-06-17T09:47:17.508+0800: 42.156: [DefNew: 19608K->19608K(19648K), 0.0008758 secs]2026-06-17T09:47:17.510+0800: 42.158: [Tenured: 39440K->31676K(43712K), 0.0062103 secs] 59049K->31676K(63360K), [Metaspace: 2713K->2713K(1056768K)], 0.0102486 secs] [Times: user=0.01 sys=0.00, real=0.01 secs] 
2026-06-17T09:47:17.561+0800: 42.209: [GC (Allocation Failure) 2026-06-17T09:47:17.562+0800: 42.210: [DefNew: 17472K->2175K(19648K), 0.0019922 secs] 49148K->38659K(63360K), 0.0036278 secs] [Times: user=0.00 sys=0.00, real=0.01 secs] 
2026-06-17T09:47:17.610+0800: 42.258: [GC (Allocation Failure) 2026-06-17T09:47:17.610+0800: 42.259: [DefNew (promotion failed) : 19647K->19643K(19648K), 0.0026384 secs]2026-06-17T09:47:17.614+0800: 42.262: [Tenured: 43564K->29713K(43712K), 0.0064119 secs] 56131K->29713K(63360K), [Metaspace: 2713K->2713K(1056768K)], 0.0112835 secs] [Times: user=0.01 sys=0.00, real=0.01 secs] 
2026-06-17T09:47:17.666+0800: 42.314: [GC (Allocation Failure) 2026-06-17T09:47:17.666+0800: 42.314: [DefNew: 17412K->2174K(19648K), 0.0020569 secs] 47125K->36750K(63360K), 0.0031408 secs] [Times: user=0.01 sys=0.00, real=0.00 secs] 
2026-06-17T09:47:17.713+0800: 42.361: [GC (Allocation Failure) 2026-06-17T09:47:17.714+0800: 42.362: [DefNew: 19618K->2174K(19648K), 0.0023079 secs] 54195K->41559K(63360K), 0.0037933 secs] [Times: user=0.00 sys=0.00, real=0.00 secs] 
2026-06-17T09:47:17.761+0800: 42.409: [GC (Allocation Failure) 2026-06-17T09:47:17.762+0800: 42.410: [DefNew: 19643K->19643K(19648K), 0.0005432 secs]2026-06-17T09:47:17.763+0800: 42.411: [Tenured: 39384K->29201K(43712K), 0.0049682 secs] 59028K->29201K(63360K), [Metaspace: 2713K->2713K(1056768K)], 0.0078346 secs] [Times: user=0.01 sys=0.00, real=0.01 secs] 
2026-06-17T09:47:17.823+0800: 42.471: [GC (Allocation Failure) 2026-06-17T09:47:17.824+0800: 42.472: [DefNew: 17425K->2116K(19648K), 0.0018765 secs] 46627K->32856K(63360K), 0.0039080 secs] [Times: user=0.00 sys=0.00, real=0.00 secs] 
2026-06-17T09:47:17.861+0800: 42.510: [GC (Allocation Failure) 2026-06-17T09:47:17.862+0800: 42.510: [DefNew: 19525K->2167K(19648K), 0.0018897 secs] 50265K->35988K(63360K), 0.0031200 secs] [Times: user=0.00 sys=0.00, real=0.01 secs] 
2026-06-17T09:47:17.920+0800: 42.568: [GC (Allocation Failure) 2026-06-17T09:47:17.920+0800: 42.568: [DefNew: 19632K->2154K(19648K), 0.0022116 secs] 53453K->40016K(63360K), 0.0034709 secs] [Times: user=0.01 sys=0.00, real=0.01 secs] 
2026-06-17T09:47:17.968+0800: 42.616: [GC (Allocation Failure) 2026-06-17T09:47:17.969+0800: 42.617: [DefNew: 19626K->19626K(19648K), 0.0005195 secs]2026-06-17T09:47:17.970+0800: 42.618: [Tenured: 37861K->21084K(43712K), 0.0047914 secs] 57488K->21084K(63360K), [Metaspace: 2713K->2713K(1056768K)], 0.0068968 secs] [Times: user=0.00 sys=0.00, real=0.01 secs] 
2026-06-17T09:47:18.018+0800: 42.666: [GC (Allocation Failure) 2026-06-17T09:47:18.019+0800: 42.667: [DefNew: 17472K->2173K(19648K), 0.0017045 secs] 38556K->28442K(63360K), 0.0027663 secs] [Times: user=0.00 sys=0.00, real=0.00 secs] 
2026-06-17T09:47:18.075+0800: 42.723: [GC (Allocation Failure) 2026-06-17T09:47:18.076+0800: 42.724: [DefNew: 19613K->2121K(19648K), 0.0024743 secs] 45882K->31599K(63360K), 0.0036591 secs] [Times: user=0.00 sys=0.00, real=0.00 secs] 
2026-06-17T09:47:18.122+0800: 42.770: [GC (Allocation Failure) 2026-06-17T09:47:18.123+0800: 42.771: [DefNew: 19582K->2079K(19648K), 0.0017457 secs] 49060K->35401K(63360K), 0.0031869 secs] [Times: user=0.00 sys=0.00, real=0.01 secs] 
2026-06-17T09:47:18.169+0800: 42.817: [GC (Allocation Failure) 2026-06-17T09:47:18.170+0800: 42.818: [DefNew: 19551K->2175K(19648K), 0.0019033 secs] 52873K->39386K(63360K), 0.0032370 secs] [Times: user=0.00 sys=0.00, real=0.01 secs] 
2026-06-17T09:47:18.218+0800: 42.866: [GC (Allocation Failure) 2026-06-17T09:47:18.219+0800: 42.867: [DefNew: 19474K->19474K(19648K), 0.0007461 secs]2026-06-17T09:47:18.220+0800: 42.868: [Tenured: 37210K->27037K(43712K), 0.0056320 secs] 56685K->27037K(63360K), [Metaspace: 2713K->2713K(1056768K)], 0.0085908 secs] [Times: user=0.01 sys=0.00, real=0.01 secs] 
2026-06-17T09:47:18.271+0800: 42.919: [GC (Allocation Failure) 2026-06-17T09:47:18.271+0800: 42.920: [DefNew: 17443K->2174K(19648K), 0.0023066 secs] 44480K->34368K(63360K), 0.0036102 secs] [Times: user=0.00 sys=0.00, real=0.00 secs] 
2026-06-17T09:47:18.328+0800: 42.977: [GC (Allocation Failure) 2026-06-17T09:47:18.336+0800: 42.984: [DefNew: 19646K->2104K(19648K), 0.0014954 secs] 51840K->36349K(63360K), 0.0160837 secs] [Times: user=0.00 sys=0.00, real=0.02 secs] 
2026-06-17T09:47:18.387+0800: 43.035: [GC (Allocation Failure) 2026-06-17T09:47:18.387+0800: 43.036: [DefNew: 19540K->2131K(19648K), 0.0009584 secs] 53785K->40160K(63360K), 0.0016321 secs] [Times: user=0.00 sys=0.00, real=0.00 secs] 
2026-06-17T09:47:18.431+0800: 43.080: [GC (Allocation Failure) 2026-06-17T09:47:18.432+0800: 43.080: [DefNew: 19603K->19603K(19648K), 0.0050211 secs]2026-06-17T09:47:18.439+0800: 43.087: [Tenured: 38029K->32185K(43712K), 0.0098652 secs] 57632K->32185K(63360K), [Metaspace: 2713K->2713K(1056768K)], 0.0180391 secs] [Times: user=0.00 sys=0.00, real=0.01 secs] 
2026-06-17T09:47:18.492+0800: 43.140: [GC (Allocation Failure) 2026-06-17T09:47:18.493+0800: 43.141: [DefNew: 17465K->2168K(19648K), 0.0024640 secs] 49650K->39071K(63360K), 0.0051396 secs] [Times: user=0.01 sys=0.00, real=0.00 secs] 
2026-06-17T09:47:18.543+0800: 43.191: [GC (Allocation Failure) 2026-06-17T09:47:18.544+0800: 43.192: [DefNew: 19598K->2171K(19648K), 0.0018120 secs] 56501K->45628K(63360K), 0.0028739 secs] [Times: user=0.00 sys=0.00, real=0.00 secs] 
2026-06-17T09:47:18.600+0800: 43.248: [GC (Allocation Failure) 2026-06-17T09:47:18.601+0800: 43.249: [DefNew: 19643K->19643K(19648K), 0.0007220 secs]2026-06-17T09:47:18.603+0800: 43.251: [Tenured: 43456K->29779K(43712K), 0.0061619 secs] 63100K->29779K(63360K), [Metaspace: 2713K->2713K(1056768K)], 0.0092224 secs] [Times: user=0.01 sys=0.00, real=0.01 secs] 
2026-06-17T09:47:18.654+0800: 43.303: [GC (Allocation Failure) 2026-06-17T09:47:18.655+0800: 43.303: [DefNew: 17451K->2172K(19648K), 0.0023864 secs] 47230K->37321K(63360K), 0.0040251 secs] [Times: user=0.00 sys=0.01, real=0.00 secs] 
2026-06-17T09:47:18.703+0800: 43.352: [GC (Allocation Failure) 2026-06-17T09:47:18.704+0800: 43.352: [DefNew: 19626K->2173K(19648K), 0.0019356 secs] 54776K->41882K(63360K), 0.0032300 secs] [Times: user=0.00 sys=0.00, real=0.00 secs] 
2026-06-17T09:47:18.752+0800: 43.400: [GC (Allocation Failure) 2026-06-17T09:47:18.752+0800: 43.400: [DefNew: 19614K->19614K(19648K), 0.0006801 secs]2026-06-17T09:47:18.754+0800: 43.402: [Tenured: 39708K->31088K(43712K), 0.0053764 secs] 59323K->31088K(63360K), [Metaspace: 2713K->2713K(1056768K)], 0.0078471 secs] [Times: user=0.01 sys=0.00, real=0.00 secs] 
2026-06-17T09:47:18.803+0800: 43.451: [GC (Allocation Failure) 2026-06-17T09:47:18.804+0800: 43.452: [DefNew: 17467K->2166K(19648K), 0.0020162 secs] 48556K->38041K(63360K), 0.0032462 secs] [Times: user=0.00 sys=0.00, real=0.00 secs] 
2026-06-17T09:47:18.851+0800: 43.499: [GC (Allocation Failure) 2026-06-17T09:47:18.852+0800: 43.500: [DefNew: 19619K->2175K(19648K), 0.0017653 secs] 55494K->42305K(63360K), 0.0030990 secs] [Times: user=0.01 sys=0.00, real=0.00 secs] 
2026-06-17T09:47:18.898+0800: 43.546: [GC (Allocation Failure) 2026-06-17T09:47:18.899+0800: 43.547: [DefNew: 19499K->19499K(19648K), 0.0009733 secs]2026-06-17T09:47:18.901+0800: 43.549: [Tenured: 40129K->21953K(43712K), 0.0062077 secs] 59629K->21953K(63360K), [Metaspace: 2713K->2713K(1056768K)], 0.0113198 secs] [Times: user=0.00 sys=0.00, real=0.02 secs] 
2026-06-17T09:47:18.970+0800: 43.618: [GC (Allocation Failure) 2026-06-17T09:47:18.970+0800: 43.619: [DefNew: 17472K->2097K(19648K), 0.0011499 secs] 39425K->25644K(63360K), 0.0020808 secs] [Times: user=0.00 sys=0.00, real=0.01 secs] 
2026-06-17T09:47:19.016+0800: 43.664: [GC (Allocation Failure) 2026-06-17T09:47:19.017+0800: 43.665: [DefNew: 19551K->2048K(19648K), 0.0021294 secs] 43098K->29085K(63360K), 0.0034597 secs] [Times: user=0.00 sys=0.00, real=0.00 secs] 
2026-06-17T09:47:19.063+0800: 43.711: [GC (Allocation Failure) 2026-06-17T09:47:19.064+0800: 43.712: [DefNew: 19520K->2087K(19648K), 0.0015897 secs] 46557K->32213K(63360K), 0.0031039 secs] [Times: user=0.00 sys=0.00, real=0.00 secs] 
2026-06-17T09:47:19.110+0800: 43.758: [GC (Allocation Failure) 2026-06-17T09:47:19.110+0800: 43.758: [DefNew: 19543K->2168K(19648K), 0.0015579 secs] 49669K->35826K(63360K), 0.0025778 secs] [Times: user=0.00 sys=0.00, real=0.01 secs] 
2026-06-17T09:47:19.156+0800: 43.804: [GC (Allocation Failure) 2026-06-17T09:47:19.157+0800: 43.805: [DefNew: 19625K->2175K(19648K), 0.0020883 secs] 53282K->39427K(63360K), 0.0035068 secs] [Times: user=0.00 sys=0.00, real=0.00 secs] 
2026-06-17T09:47:19.205+0800: 43.853: [GC (Allocation Failure) 2026-06-17T09:47:19.206+0800: 43.854: [DefNew: 19639K->2172K(19648K), 0.0024780 secs] 56891K->43748K(63360K), 0.0098613 secs] [Times: user=0.01 sys=0.00, real=0.02 secs] 
2026-06-17T09:47:19.281+0800: 43.929: [GC (Allocation Failure) 2026-06-17T09:47:19.282+0800: 43.931: [DefNew: 19644K->19644K(19648K), 0.0004065 secs]2026-06-17T09:47:19.283+0800: 43.932: [Tenured: 41576K->23730K(43712K), 0.0300685 secs] 61220K->23730K(63360K), [Metaspace: 2713K->2713K(1056768K)], 0.0583681 secs] [Times: user=0.00 sys=0.00, real=0.08 secs] 
2026-06-17T09:47:19.414+0800: 44.062: [GC (Allocation Failure) 2026-06-17T09:47:19.425+0800: 44.073: [DefNew: 17041K->2174K(19648K), 0.0036498 secs] 40771K->29877K(63360K), 0.0143845 secs] [Times: user=0.00 sys=0.00, real=0.01 secs] 
2026-06-17T09:47:19.483+0800: 44.131: [GC (Allocation Failure) 2026-06-17T09:47:19.484+0800: 44.132: [DefNew: 19641K->2140K(19648K), 0.0013094 secs] 47345K->33706K(63360K), 0.0258115 secs] [Times: user=0.00 sys=0.00, real=0.02 secs] 
2026-06-17T09:47:19.553+0800: 44.201: [GC (Allocation Failure) 2026-06-17T09:47:19.727+0800: 44.375: [DefNew: 19612K->2173K(19648K), 0.0102050 secs] 51178K->37606K(63360K), 0.1909538 secs] [Times: user=0.01 sys=0.00, real=0.20 secs] 
2026-06-17T09:47:19.801+0800: 44.449: [GC (Allocation Failure) 2026-06-17T09:47:19.801+0800: 44.449: [DefNew: 19636K->2173K(19648K), 0.0009105 secs] 55069K->41661K(63360K), 0.0016730 secs] [Times: user=0.00 sys=0.00, real=0.01 secs] 
2026-06-17T09:47:19.845+0800: 44.493: [GC (Allocation Failure) 2026-06-17T09:47:19.846+0800: 44.494: [DefNew: 19102K->19102K(19648K), 0.0004446 secs]2026-06-17T09:47:19.847+0800: 44.495: [Tenured: 39487K->27667K(43712K), 0.0030625 secs] 58590K->27667K(63360K), [Metaspace: 2713K->2713K(1056768K)], 0.0059072 secs] [Times: user=0.00 sys=0.00, real=0.01 secs] 
2026-06-17T09:47:19.895+0800: 44.543: [GC (Allocation Failure) 2026-06-17T09:47:19.895+0800: 44.543: [DefNew: 17284K->2104K(19648K), 0.0005608 secs] 44952K->31093K(63360K), 0.0010734 secs] [Times: user=0.00 sys=0.00, real=0.00 secs] 
2026-06-17T09:47:19.948+0800: 44.596: [GC (Allocation Failure) 2026-06-17T09:47:19.957+0800: 44.605: [DefNew: 19562K->2088K(19648K), 0.0034260 secs] 48551K->34735K(63360K), 0.0204233 secs] [Times: user=0.00 sys=0.00, real=0.03 secs] 
2026-06-17T09:47:20.020+0800: 44.668: [GC (Allocation Failure) 2026-06-17T09:47:20.022+0800: 44.670: [DefNew: 19549K->2174K(19648K), 0.0014795 secs] 52196K->38393K(63360K), 0.0054351 secs] [Times: user=0.01 sys=0.00, real=0.01 secs] 
2026-06-17T09:47:20.071+0800: 44.719: [GC (Allocation Failure) 2026-06-17T09:47:20.072+0800: 44.720: [DefNew: 19646K->2173K(19648K), 0.0013165 secs] 55865K->42664K(63360K), 0.0026781 secs] [Times: user=0.00 sys=0.00, real=0.00 secs] 
2026-06-17T09:47:20.126+0800: 44.774: [GC (Allocation Failure) 2026-06-17T09:47:20.136+0800: 44.784: [DefNew: 19639K->19639K(19648K), 0.0003436 secs]2026-06-17T09:47:20.136+0800: 44.784: [Tenured: 40491K->23595K(43712K), 0.0023538 secs] 60131K->23595K(63360K), [Metaspace: 2713K->2713K(1056768K)], 0.0127138 secs] [Times: user=0.00 sys=0.00, real=0.01 secs] 
2026-06-17T09:47:20.172+0800: 44.820: [GC (Allocation Failure) 2026-06-17T09:47:20.172+0800: 44.820: [DefNew: 17463K->2175K(19648K), 0.0137057 secs] 41058K->30946K(63360K), 0.0248233 secs] [Times: user=0.00 sys=0.00, real=0.02 secs] 
2026-06-17T09:47:20.263+0800: 44.911: [GC (Allocation Failure) 2026-06-17T09:47:20.265+0800: 44.913: [DefNew: 19584K->2153K(19648K), 0.0049899 secs] 48356K->35022K(63360K), 0.0129331 secs] [Times: user=0.00 sys=0.00, real=0.01 secs] 
2026-06-17T09:47:20.320+0800: 44.969: [GC (Allocation Failure) 2026-06-17T09:47:20.323+0800: 44.971: [DefNew: 19625K->2060K(19648K), 0.0017509 secs] 52494K->35121K(63360K), 0.0048808 secs] [Times: user=0.00 sys=0.00, real=0.01 secs] 
2026-06-17T09:47:20.370+0800: 45.018: [GC (Allocation Failure) 2026-06-17T09:47:20.371+0800: 45.019: [DefNew: 19532K->2174K(19648K), 0.0016846 secs] 52593K->42208K(63360K), 0.0029080 secs] [Times: user=0.00 sys=0.00, real=0.01 secs] 
2026-06-17T09:47:20.427+0800: 45.075: [GC (Allocation Failure) 2026-06-17T09:47:20.428+0800: 45.076: [DefNew: 19625K->19625K(19648K), 0.0008269 secs]2026-06-17T09:47:20.429+0800: 45.077: [Tenured: 40033K->24207K(43712K), 0.0064022 secs] 59659K->24207K(63360K), [Metaspace: 2713K->2713K(1056768K)], 0.0094304 secs] [Times: user=0.00 sys=0.00, real=0.01 secs] 
2026-06-17T09:47:20.483+0800: 45.131: [GC (Allocation Failure) 2026-06-17T09:47:20.484+0800: 45.132: [DefNew: 17472K->2174K(19648K), 0.0022458 secs] 41679K->30807K(63360K), 0.0048102 secs] [Times: user=0.00 sys=0.00, real=0.00 secs] 
2026-06-17T09:47:20.533+0800: 45.181: [GC (Allocation Failure) 2026-06-17T09:47:20.534+0800: 45.182: [DefNew: 19639K->2165K(19648K), 0.0025318 secs] 48272K->34604K(63360K), 0.0045553 secs] [Times: user=0.00 sys=0.00, real=0.00 secs] 
2026-06-17T09:47:20.581+0800: 45.230: [GC (Allocation Failure) 2026-06-17T09:47:20.584+0800: 45.232: [DefNew: 19593K->2175K(19648K), 0.0460747 secs] 52032K->38202K(63360K), 0.0619775 secs] [Times: user=0.00 sys=0.00, real=0.07 secs] 
2026-06-17T09:47:20.695+0800: 45.343: [GC (Allocation Failure) 2026-06-17T09:47:20.696+0800: 45.344: [DefNew: 19630K->2155K(19648K), 0.0013790 secs] 55657K->42675K(63360K), 0.0026513 secs] [Times: user=0.00 sys=0.00, real=0.00 secs] 
2026-06-17T09:47:20.742+0800: 45.390: [GC (Allocation Failure) 2026-06-17T09:47:20.752+0800: 45.401: [DefNew: 19626K->19626K(19648K), 0.0022597 secs]2026-06-17T09:47:20.756+0800: 45.404: [Tenured: 40519K->32257K(43712K), 0.0059797 secs] 60146K->32257K(63360K), [Metaspace: 2713K->2713K(1056768K)], 0.0211519 secs] [Times: user=0.00 sys=0.00, real=0.03 secs] 
2026-06-17T09:47:20.807+0800: 45.455: [GC (Allocation Failure) 2026-06-17T09:47:20.808+0800: 45.456: [DefNew: 17467K->2133K(19648K), 0.0018581 secs] 49725K->36115K(63360K), 0.0037147 secs] [Times: user=0.00 sys=0.00, real=0.01 secs] 
2026-06-17T09:47:20.856+0800: 45.504: [GC (Allocation Failure) 2026-06-17T09:47:20.856+0800: 45.504: [DefNew: 19595K->2173K(19648K), 0.0016873 secs] 53576K->42970K(63360K), 0.0029508 secs] [Times: user=0.00 sys=0.00, real=0.00 secs] 
2026-06-17T09:47:20.912+0800: 45.560: [GC (Allocation Failure) 2026-06-17T09:47:20.913+0800: 45.561: [DefNew: 19635K->19635K(19648K), 0.0004965 secs]2026-06-17T09:47:20.913+0800: 45.561: [Tenured: 40796K->30193K(43712K), 0.0036002 secs] 60431K->30193K(63360K), [Metaspace: 2713K->2713K(1056768K)], 0.0052054 secs] [Times: user=0.00 sys=0.00, real=0.00 secs] 
2026-06-17T09:47:20.961+0800: 45.609: [GC (Allocation Failure) 2026-06-17T09:47:20.963+0800: 45.611: [DefNew: 17461K->2164K(19648K), 0.0021050 secs] 47655K->36947K(63360K), 0.0063918 secs] [Times: user=0.01 sys=0.00, real=0.01 secs] 
2026-06-17T09:47:21.014+0800: 45.662: [GC (Allocation Failure) 2026-06-17T09:47:21.015+0800: 45.663: [DefNew: 19636K->2156K(19648K), 0.0016323 secs] 54419K->40627K(63360K), 0.0026116 secs] [Times: user=0.00 sys=0.00, real=0.00 secs] 
2026-06-17T09:47:21.062+0800: 45.710: [GC (Allocation Failure) 2026-06-17T09:47:21.063+0800: 45.711: [DefNew: 19615K->19615K(19648K), 0.0009251 secs]2026-06-17T09:47:21.064+0800: 45.712: [Tenured: 38471K->30626K(43712K), 0.0071344 secs] 58086K->30626K(63360K), [Metaspace: 2713K->2713K(1056768K)], 0.0104359 secs] [Times: user=0.01 sys=0.00, real=0.02 secs] 
2026-06-17T09:47:21.116+0800: 45.764: [GC (Allocation Failure) 2026-06-17T09:47:21.117+0800: 45.765: [DefNew: 17472K->2169K(19648K), 0.0012339 secs] 48098K->37339K(63360K), 0.0020127 secs] [Times: user=0.00 sys=0.00, real=0.00 secs] 
2026-06-17T09:47:21.161+0800: 45.809: [GC (Allocation Failure) 2026-06-17T09:47:21.161+0800: 45.809: [DefNew: 19611K->2166K(19648K), 0.0009113 secs] 54782K->41640K(63360K), 0.0017540 secs] [Times: user=0.00 sys=0.00, real=0.01 secs] 
2026-06-17T09:47:21.206+0800: 45.854: [GC (Allocation Failure) 2026-06-17T09:47:21.206+0800: 45.854: [DefNew: 19467K->19467K(19648K), 0.0005226 secs]2026-06-17T09:47:21.208+0800: 45.856: [Tenured: 39473K->27151K(43712K), 0.0040024 secs] 58941K->27151K(63360K), [Metaspace: 2713K->2713K(1056768K)], 0.0062511 secs] [Times: user=0.00 sys=0.01, real=0.01 secs] 
2026-06-17T09:47:21.255+0800: 45.903: [GC (Allocation Failure) 2026-06-17T09:47:21.256+0800: 45.904: [DefNew: 17457K->2174K(19648K), 0.0024029 secs] 44608K->34012K(63360K), 0.0039829 secs] [Times: user=0.00 sys=0.00, real=0.00 secs] 
2026-06-17T09:47:21.313+0800: 45.961: [GC (Allocation Failure) 2026-06-17T09:47:21.314+0800: 45.962: [DefNew: 19619K->2089K(19648K), 0.0010786 secs] 51457K->36161K(63360K), 0.0020374 secs] [Times: user=0.01 sys=0.00, real=0.00 secs] 
2026-06-17T09:47:21.358+0800: 46.006: [GC (Allocation Failure) 2026-06-17T09:47:21.359+0800: 46.007: [DefNew: 19552K->2120K(19648K), 0.0009158 secs] 53624K->39460K(63360K), 0.0020384 secs] [Times: user=0.00 sys=0.00, real=0.00 secs] 
2026-06-17T09:47:21.403+0800: 46.051: [GC (Allocation Failure) 2026-06-17T09:47:21.404+0800: 46.052: [DefNew: 19592K->19592K(19648K), 0.0004229 secs]2026-06-17T09:47:21.404+0800: 46.052: [Tenured: 37340K->30274K(43712K), 0.0040782 secs] 56932K->30274K(63360K), [Metaspace: 2713K->2713K(1056768K)], 0.0059063 secs] [Times: user=0.00 sys=0.00, real=0.00 secs] 
2026-06-17T09:47:21.452+0800: 46.100: [GC (Allocation Failure) 2026-06-17T09:47:21.453+0800: 46.101: [DefNew: 17472K->2168K(19648K), 0.0014791 secs] 47746K->37870K(63360K), 0.0024473 secs] [Times: user=0.01 sys=0.00, real=0.00 secs] 
2026-06-17T09:47:21.499+0800: 46.147: [GC (Allocation Failure) 2026-06-17T09:47:21.499+0800: 46.147: [DefNew: 19631K->2174K(19648K), 0.0014128 secs] 55333K->43279K(63360K), 0.0026787 secs] [Times: user=0.00 sys=0.00, real=0.00 secs] 
2026-06-17T09:47:21.554+0800: 46.202: [GC (Allocation Failure) 2026-06-17T09:47:21.555+0800: 46.203: [DefNew: 19635K->19635K(19648K), 0.0004979 secs]2026-06-17T09:47:21.556+0800: 46.204: [Tenured: 41104K->21593K(43712K), 0.0031892 secs] 60740K->21593K(63360K), [Metaspace: 2713K->2713K(1056768K)], 0.0048255 secs] [Times: user=0.00 sys=0.00, real=0.00 secs] 
2026-06-17T09:47:21.592+0800: 46.240: [GC (Allocation Failure) 2026-06-17T09:47:21.592+0800: 46.241: [DefNew: 17409K->2172K(19648K), 0.0013805 secs] 39003K->28756K(63360K), 0.0029955 secs] [Times: user=0.00 sys=0.00, real=0.00 secs] 
2026-06-17T09:47:21.639+0800: 46.287: [GC (Allocation Failure) 2026-06-17T09:47:21.640+0800: 46.288: [DefNew: 19622K->2172K(19648K), 0.0024400 secs] 46206K->35442K(63360K), 0.0041305 secs] [Times: user=0.01 sys=0.00, real=0.01 secs] 
2026-06-17T09:47:21.697+0800: 46.345: [GC (Allocation Failure) 2026-06-17T09:47:21.698+0800: 46.346: [DefNew: 19644K->2132K(19648K), 0.0012206 secs] 52914K->37840K(63360K), 0.0026876 secs] [Times: user=0.00 sys=0.00, real=0.00 secs] 
2026-06-17T09:47:21.745+0800: 46.393: [GC (Allocation Failure) 2026-06-17T09:47:21.746+0800: 46.394: [DefNew: 19604K->19604K(19648K), 0.0008293 secs]2026-06-17T09:47:21.748+0800: 46.396: [Tenured: 35708K->25956K(43712K), 0.0042812 secs] 55312K->25956K(63360K), [Metaspace: 2713K->2713K(1056768K)], 0.0078149 secs] [Times: user=0.01 sys=0.00, real=0.01 secs] 
2026-06-17T09:47:21.797+0800: 46.445: [GC (Allocation Failure) 2026-06-17T09:47:21.798+0800: 46.446: [DefNew: 17445K->2171K(19648K), 0.0015574 secs] 43401K->32967K(63360K), 0.0034623 secs] [Times: user=0.00 sys=0.00, real=0.00 secs] 
2026-06-17T09:47:21.844+0800: 46.492: [GC (Allocation Failure) 2026-06-17T09:47:21.845+0800: 46.493: [DefNew: 19639K->2171K(19648K), 0.0018206 secs] 50435K->39595K(63360K), 0.0032161 secs] [Times: user=0.00 sys=0.00, real=0.00 secs] 
2026-06-17T09:47:21.891+0800: 46.539: [GC (Allocation Failure) 2026-06-17T09:47:21.891+0800: 46.539: [DefNew: 19643K->19643K(19648K), 0.0005578 secs]2026-06-17T09:47:21.892+0800: 46.540: [Tenured: 37423K->27264K(43712K), 0.0044007 secs] 57067K->27264K(63360K), [Metaspace: 2713K->2713K(1056768K)], 0.0068884 secs] [Times: user=0.01 sys=0.00, real=0.00 secs] 
2026-06-17T09:47:21.952+0800: 46.600: [GC (Allocation Failure) 2026-06-17T09:47:21.952+0800: 46.600: [DefNew: 17470K->2106K(19648K), 0.0012959 secs] 44735K->30589K(63360K), 0.0027228 secs] [Times: user=0.00 sys=0.00, real=0.00 secs] 
2026-06-17T09:47:21.988+0800: 46.636: [GC (Allocation Failure) 2026-06-17T09:47:21.989+0800: 46.637: [DefNew: 19514K->2119K(19648K), 0.0012697 secs] 47997K->34268K(63360K), 0.0024440 secs] [Times: user=0.00 sys=0.00, real=0.01 secs] 
2026-06-17T09:47:22.044+0800: 46.692: [GC (Allocation Failure) 2026-06-17T09:47:22.045+0800: 46.693: [DefNew: 19591K->2147K(19648K), 0.0015630 secs] 51740K->38071K(63360K), 0.0031547 secs] [Times: user=0.01 sys=0.00, real=0.00 secs] 
2026-06-17T09:47:22.091+0800: 46.739: [GC (Allocation Failure) 2026-06-17T09:47:22.091+0800: 46.739: [DefNew: 19589K->2173K(19648K), 0.0017231 secs] 55513K->42109K(63360K), 0.0031274 secs] [Times: user=0.00 sys=0.00, real=0.00 secs] 
2026-06-17T09:47:22.138+0800: 46.786: [GC (Allocation Failure) 2026-06-17T09:47:22.139+0800: 46.787: [DefNew: 19645K->19645K(19648K), 0.0008090 secs]2026-06-17T09:47:22.140+0800: 46.788: [Tenured: 39936K->31459K(43712K), 0.0037919 secs] 59581K->31459K(63360K), [Metaspace: 2713K->2713K(1056768K)], 0.0067109 secs] [Times: user=0.00 sys=0.00, real=0.01 secs] 
2026-06-17T09:47:22.189+0800: 46.837: [GC (Allocation Failure) 2026-06-17T09:47:22.190+0800: 46.838: [DefNew: 17448K->2167K(19648K), 0.0022378 secs] 48908K->38436K(63360K), 0.0043058 secs] [Times: user=0.01 sys=0.00, real=0.01 secs] 
2026-06-17T09:47:22.238+0800: 46.886: [GC (Allocation Failure) 2026-06-17T09:47:22.239+0800: 46.887: [DefNew: 19564K->19564K(19648K), 0.0008593 secs]2026-06-17T09:47:22.240+0800: 46.888: [Tenured: 36269K->24294K(43712K), 0.0046773 secs] 55833K->24294K(63360K), [Metaspace: 2713K->2713K(1056768K)], 0.0077040 secs] [Times: user=0.00 sys=0.00, real=0.01 secs] 
2026-06-17T09:47:22.290+0800: 46.938: [GC (Allocation Failure) 2026-06-17T09:47:22.290+0800: 46.938: [DefNew: 17440K->2170K(19648K), 0.0014663 secs] 41734K->31320K(63360K), 0.0024628 secs] [Times: user=0.01 sys=0.00, real=0.01 secs] 
2026-06-17T09:47:22.346+0800: 46.994: [GC (Allocation Failure) 2026-06-17T09:47:22.346+0800: 46.994: [DefNew: 19642K->1895K(19648K), 0.0011174 secs] 48792K->32319K(63360K), 0.0020962 secs] [Times: user=0.00 sys=0.00, real=0.00 secs] 
2026-06-17T09:47:22.381+0800: 47.029: [GC (Allocation Failure) 2026-06-17T09:47:22.382+0800: 47.030: [DefNew: 19236K->2151K(19648K), 0.0023636 secs] 49660K->35997K(63360K), 0.0067135 secs] [Times: user=0.00 sys=0.00, real=0.02 secs] 
2026-06-17T09:47:22.453+0800: 47.101: [GC (Allocation Failure) 2026-06-17T09:47:22.454+0800: 47.102: [DefNew: 19604K->2171K(19648K), 0.0041335 secs] 53450K->39631K(63360K), 0.0061054 secs] [Times: user=0.00 sys=0.00, real=0.00 secs] 
2026-06-17T09:47:22.503+0800: 47.151: [GC (Allocation Failure) 2026-06-17T09:47:22.503+0800: 47.152: [DefNew: 19643K->19643K(19648K), 0.0002459 secs]2026-06-17T09:47:22.504+0800: 47.152: [Tenured: 37460K->24949K(43712K), 0.0033215 secs] 57103K->24949K(63360K), [Metaspace: 2713K->2713K(1056768K)], 0.0044475 secs] [Times: user=0.00 sys=0.00, real=0.00 secs] 
2026-06-17T09:47:22.550+0800: 47.198: [GC (Allocation Failure) 2026-06-17T09:47:22.551+0800: 47.199: [DefNew: 17456K->2172K(19648K), 0.0014275 secs] 42405K->31944K(63360K), 0.0029532 secs] [Times: user=0.00 sys=0.00, real=0.01 secs] 
2026-06-17T09:47:22.597+0800: 47.245: [GC (Allocation Failure) 2026-06-17T09:47:22.604+0800: 47.252: [DefNew: 19622K->2169K(19648K), 0.0043340 secs] 49394K->36223K(63360K), 0.0151202 secs] [Times: user=0.00 sys=0.00, real=0.02 secs] 
2026-06-17T09:47:22.664+0800: 47.312: [GC (Allocation Failure) 2026-06-17T09:47:22.668+0800: 47.316: [DefNew: 19562K->2068K(19648K), 0.0031810 secs] 53615K->37083K(63360K), 0.0078783 secs] [Times: user=0.01 sys=0.00, real=0.01 secs] 
2026-06-17T09:47:22.723+0800: 47.371: [GC (Allocation Failure) 2026-06-17T09:47:22.723+0800: 47.371: [DefNew: 19540K->2166K(19648K), 0.0013232 secs] 54555K->43791K(63360K), 0.0065628 secs] [Times: user=0.00 sys=0.00, real=0.01 secs] 
2026-06-17T09:47:22.793+0800: 47.441: [GC (Allocation Failure) 2026-06-17T09:47:22.794+0800: 47.442: [DefNew: 19638K->19638K(19648K), 0.0005501 secs]2026-06-17T09:47:22.796+0800: 47.444: [Tenured: 41625K->27490K(43712K), 0.0049499 secs] 61263K->27490K(63360K), [Metaspace: 2713K->2713K(1056768K)], 0.0076685 secs] [Times: user=0.00 sys=0.00, real=0.00 secs] 
2026-06-17T09:47:22.834+0800: 47.482: [GC (Allocation Failure) 2026-06-17T09:47:22.853+0800: 47.501: [DefNew: 17196K->2175K(19648K), 0.0203567 secs] 44686K->34030K(63360K), 0.0534715 secs] [Times: user=0.00 sys=0.00, real=0.05 secs] 
2026-06-17T09:47:22.943+0800: 47.591: [GC (Allocation Failure) 2026-06-17T09:47:22.959+0800: 47.607: [DefNew: 19647K->2157K(19648K), 0.0017740 secs] 51502K->37578K(63360K), 0.0233367 secs] [Times: user=0.00 sys=0.00, real=0.03 secs] 
2026-06-17T09:47:23.017+0800: 47.665: [GC (Allocation Failure) 2026-06-17T09:47:23.017+0800: 47.665: [DefNew: 19579K->2174K(19648K), 0.0034970 secs] 55000K->41614K(63360K), 0.0054321 secs] [Times: user=0.00 sys=0.00, real=0.01 secs] 
2026-06-17T09:47:23.071+0800: 47.719: [GC (Allocation Failure) 2026-06-17T09:47:23.073+0800: 47.721: [DefNew: 19642K->19642K(19648K), 0.0023837 secs]2026-06-17T09:47:23.076+0800: 47.724: [Tenured: 39439K->23283K(43712K), 0.0058417 secs] 59081K->23283K(63360K), [Metaspace: 2713K->2713K(1056768K)], 0.0137189 secs] [Times: user=0.01 sys=0.00, real=0.01 secs] 
2026-06-17T09:47:23.131+0800: 47.779: [GC (Allocation Failure) 2026-06-17T09:47:23.132+0800: 47.780: [DefNew: 17427K->2174K(19648K), 0.0034822 secs] 40710K->30490K(63360K), 0.0073776 secs] [Times: user=0.00 sys=0.01, real=0.00 secs] 
2026-06-17T09:47:23.186+0800: 47.834: [GC (Allocation Failure) 2026-06-17T09:47:23.187+0800: 47.835: [DefNew: 19596K->1922K(19648K), 0.0019220 secs] 47912K->33819K(63360K), 0.0038640 secs] [Times: user=0.00 sys=0.00, real=0.00 secs] 
2026-06-17T09:47:23.246+0800: 47.894: [GC (Allocation Failure) 2026-06-17T09:47:23.246+0800: 47.894: [DefNew: 19357K->2111K(19648K), 0.0025286 secs] 51254K->37338K(63360K), 0.0039212 secs] [Times: user=0.00 sys=0.00, real=0.00 secs] 
2026-06-17T09:47:23.295+0800: 47.943: [GC (Allocation Failure) 2026-06-17T09:47:23.296+0800: 47.944: [DefNew: 19572K->2171K(19648K), 0.0019335 secs] 54799K->40769K(63360K), 0.0038816 secs] [Times: user=0.00 sys=0.00, real=0.00 secs] 
2026-06-17T09:47:23.344+0800: 47.992: [GC (Allocation Failure) 2026-06-17T09:47:23.348+0800: 47.996: [DefNew: 19618K->19618K(19648K), 0.0006032 secs]2026-06-17T09:47:23.349+0800: 47.997: [Tenured: 38598K->27793K(43712K), 0.0041691 secs] 58217K->27793K(63360K), [Metaspace: 2713K->2713K(1056768K)], 0.0102948 secs] [Times: user=0.00 sys=0.00, real=0.01 secs] 
2026-06-17T09:47:23.408+0800: 48.056: [GC (Allocation Failure) 2026-06-17T09:47:23.409+0800: 48.057: [DefNew: 17448K->2059K(19648K), 0.0019638 secs] 45241K->30882K(63360K), 0.0040117 secs] [Times: user=0.00 sys=0.00, real=0.01 secs] 
2026-06-17T09:47:23.447+0800: 48.095: [GC (Allocation Failure) 2026-06-17T09:47:23.448+0800: 48.096: [DefNew: 19224K->2116K(19648K), 0.0021914 secs] 48047K->34231K(63360K), 0.0049931 secs] [Times: user=0.00 sys=0.00, real=0.01 secs] 
2026-06-17T09:47:23.507+0800: 48.155: [GC (Allocation Failure) 2026-06-17T09:47:23.508+0800: 48.156: [DefNew: 19588K->2171K(19648K), 0.0025341 secs] 51703K->37978K(63360K), 0.0041802 secs] [Times: user=0.00 sys=0.00, real=0.01 secs] 
2026-06-17T09:47:23.557+0800: 48.205: [GC (Allocation Failure) 2026-06-17T09:47:23.558+0800: 48.206: [DefNew: 19643K->2135K(19648K), 0.0025887 secs] 55450K->41412K(63360K), 0.0040073 secs] [Times: user=0.00 sys=0.00, real=0.00 secs] 
2026-06-17T09:47:23.606+0800: 48.254: [GC (Allocation Failure) 2026-06-17T09:47:23.607+0800: 48.255: [DefNew: 19607K->19607K(19648K), 0.0007844 secs]2026-06-17T09:47:23.609+0800: 48.257: [Tenured: 39277K->33851K(43712K), 0.0057270 secs] 58884K->33851K(63360K), [Metaspace: 2713K->2713K(1056768K)], 0.0087984 secs] [Times: user=0.01 sys=0.00, real=0.01 secs] 
2026-06-17T09:47:23.660+0800: 48.308: [GC (Allocation Failure) 2026-06-17T09:47:23.661+0800: 48.309: [DefNew: 17472K->2169K(19648K), 0.0017885 secs] 51323K->40186K(63360K), 0.0054497 secs] [Times: user=0.00 sys=0.00, real=0.01 secs] 
2026-06-17T09:47:23.709+0800: 48.357: [GC (Allocation Failure) 2026-06-17T09:47:23.710+0800: 48.358: [DefNew: 19635K->19635K(19648K), 0.0025728 secs]2026-06-17T09:47:23.713+0800: 48.361: [Tenured: 38016K->23306K(43712K), 0.0059395 secs] 57652K->23306K(63360K), [Metaspace: 2713K->2713K(1056768K)], 0.0142203 secs] [Times: user=0.01 sys=0.00, real=0.02 secs] 
2026-06-17T09:47:23.773+0800: 48.421: [GC (Allocation Failure) 2026-06-17T09:47:23.774+0800: 48.422: [DefNew: 17463K->2174K(19648K), 0.0024615 secs] 40769K->30194K(63360K), 0.0038747 secs] [Times: user=0.00 sys=0.00, real=0.00 secs] 
2026-06-17T09:47:23.833+0800: 48.481: [GC (Allocation Failure) 2026-06-17T09:47:23.834+0800: 48.482: [DefNew: 19634K->2125K(19648K), 0.0016346 secs] 47654K->31165K(63360K), 0.0029645 secs] [Times: user=0.00 sys=0.00, real=0.00 secs] 
2026-06-17T09:47:23.871+0800: 48.519: [GC (Allocation Failure) 2026-06-17T09:47:23.873+0800: 48.521: [DefNew: 19333K->2112K(19648K), 0.0019016 secs] 48373K->34705K(63360K), 0.0043787 secs] [Times: user=0.00 sys=0.00, real=0.00 secs] 
2026-06-17T09:47:23.919+0800: 48.567: [GC (Allocation Failure) 2026-06-17T09:47:23.921+0800: 48.569: [DefNew: 19584K->2166K(19648K), 0.0027046 secs] 52177K->41754K(63360K), 0.0049126 secs] [Times: user=0.00 sys=0.00, real=0.01 secs] 
2026-06-17T09:47:23.980+0800: 48.628: [GC (Allocation Failure) 2026-06-17T09:47:23.981+0800: 48.629: [DefNew: 19638K->19638K(19648K), 0.0007010 secs]2026-06-17T09:47:23.982+0800: 48.630: [Tenured: 39588K->27679K(43712K), 0.0061251 secs] 59226K->27679K(63360K), [Metaspace: 2713K->2713K(1056768K)], 0.0091195 secs] [Times: user=0.01 sys=0.00, real=0.01 secs] 
2026-06-17T09:47:24.034+0800: 48.682: [GC (Allocation Failure) 2026-06-17T09:47:24.035+0800: 48.683: [DefNew: 17472K->2171K(19648K), 0.0030327 secs] 45151K->34640K(63360K), 0.0062227 secs] [Times: user=0.00 sys=0.00, real=0.00 secs] 
2026-06-17T09:47:24.087+0800: 48.735: [GC (Allocation Failure) 2026-06-17T09:47:24.087+0800: 48.735: [DefNew: 19610K->2175K(19648K), 0.0022312 secs] 52079K->39569K(63360K), 0.0036363 secs] [Times: user=0.00 sys=0.00, real=0.01 secs] 
2026-06-17T09:47:24.136+0800: 48.784: [GC (Allocation Failure) 2026-06-17T09:47:24.137+0800: 48.785: [DefNew: 19641K->19641K(19648K), 0.0007565 secs]2026-06-17T09:47:24.138+0800: 48.787: [Tenured: 37394K->26220K(43712K), 0.0060718 secs] 57035K->26220K(63360K), [Metaspace: 2713K->2713K(1056768K)], 0.0093405 secs] [Times: user=0.01 sys=0.00, real=0.01 secs] 
2026-06-17T09:47:24.200+0800: 48.848: [GC (Allocation Failure) 2026-06-17T09:47:24.201+0800: 48.849: [DefNew: 17429K->2149K(19648K), 0.0014798 secs] 43650K->29959K(63360K), 0.0027586 secs] [Times: user=0.00 sys=0.00, real=0.01 secs] 
2026-06-17T09:47:24.246+0800: 48.894: [GC (Allocation Failure) 2026-06-17T09:47:24.247+0800: 48.895: [DefNew: 19602K->2167K(19648K), 0.0024611 secs] 47412K->33581K(63360K), 0.0046226 secs] [Times: user=0.00 sys=0.00, real=0.01 secs] 
2026-06-17T09:47:24.295+0800: 48.944: [GC (Allocation Failure) 2026-06-17T09:47:24.296+0800: 48.944: [DefNew: 19626K->2174K(19648K), 0.0038141 secs] 51041K->38571K(63360K), 0.0057090 secs] [Times: user=0.00 sys=0.00, real=0.00 secs] 
2026-06-17T09:47:24.347+0800: 48.995: [GC (Allocation Failure) 2026-06-17T09:47:24.347+0800: 48.995: [DefNew: 19632K->19632K(19648K), 0.0005407 secs]2026-06-17T09:47:24.348+0800: 48.997: [Tenured: 36396K->32145K(43712K), 0.0044640 secs] 56029K->32145K(63360K), [Metaspace: 2713K->2713K(1056768K)], 0.0065666 secs] [Times: user=0.00 sys=0.00, real=0.01 secs] 
2026-06-17T09:47:24.397+0800: 49.045: [GC (Allocation Failure) 2026-06-17T09:47:24.400+0800: 49.048: [DefNew: 17402K->2132K(19648K), 0.0017249 secs] 49547K->35748K(63360K), 0.0046194 secs] [Times: user=0.00 sys=0.00, real=0.01 secs] 
2026-06-17T09:47:24.447+0800: 49.095: [GC (Allocation Failure) 2026-06-17T09:47:24.449+0800: 49.098: [DefNew: 19604K->2172K(19648K), 0.0035464 secs] 53220K->43416K(63360K), 0.0079410 secs] [Times: user=0.00 sys=0.00, real=0.01 secs] 
2026-06-17T09:47:24.502+0800: 49.150: [GC (Allocation Failure) 2026-06-17T09:47:24.503+0800: 49.151: [DefNew: 18473K->18473K(19648K), 0.0006393 secs]2026-06-17T09:47:24.504+0800: 49.152: [Tenured: 41243K->28097K(43712K), 0.0060758 secs] 59717K->28097K(63360K), [Metaspace: 2713K->2713K(1056768K)], 0.0086883 secs] [Times: user=0.00 sys=0.00, real=0.02 secs] 
2026-06-17T09:47:24.555+0800: 49.203: [GC (Allocation Failure) 2026-06-17T09:47:24.556+0800: 49.204: [DefNew: 17192K->2129K(19648K), 0.0017199 secs] 45290K->31494K(63360K), 0.0032471 secs] [Times: user=0.01 sys=0.00, real=0.00 secs] 
2026-06-17T09:47:24.603+0800: 49.251: [GC (Allocation Failure) 2026-06-17T09:47:24.604+0800: 49.252: [DefNew: 19601K->2170K(19648K), 0.0027938 secs] 48966K->38359K(63360K), 0.0042455 secs] [Times: user=0.00 sys=0.00, real=0.00 secs] 
2026-06-17T09:47:24.664+0800: 49.312: [GC (Allocation Failure) 2026-06-17T09:47:24.665+0800: 49.313: [DefNew: 19642K->19642K(19648K), 0.0006179 secs]2026-06-17T09:47:24.666+0800: 49.314: [Tenured: 36189K->26479K(43712K), 0.0043492 secs] 55831K->26479K(63360K), [Metaspace: 2713K->2713K(1056768K)], 0.0079909 secs] [Times: user=0.01 sys=0.00, real=0.01 secs] 
2026-06-17T09:47:24.709+0800: 49.358: [GC (Allocation Failure) 2026-06-17T09:47:24.710+0800: 49.358: [DefNew: 17297K->2175K(19648K), 0.0026854 secs] 43777K->33183K(63360K), 0.0042023 secs] [Times: user=0.00 sys=0.00, real=0.01 secs] 
2026-06-17T09:47:24.769+0800: 49.417: [GC (Allocation Failure) 2026-06-17T09:47:24.770+0800: 49.418: [DefNew: 19647K->2096K(19648K), 0.0022355 secs] 50655K->36526K(63360K), 0.0036501 secs] [Times: user=0.00 sys=0.00, real=0.01 secs] 
2026-06-17T09:47:24.819+0800: 49.467: [GC (Allocation Failure) 2026-06-17T09:47:24.820+0800: 49.468: [DefNew: 19568K->2152K(19648K), 0.0027499 secs] 53998K->40664K(63360K), 0.0043784 secs] [Times: user=0.00 sys=0.00, real=0.01 secs] 
2026-06-17T09:47:24.868+0800: 49.516: [GC (Allocation Failure) 2026-06-17T09:47:24.868+0800: 49.517: [DefNew: 19596K->19596K(19648K), 0.0007912 secs]2026-06-17T09:47:24.870+0800: 49.518: [Tenured: 38511K->24444K(43712K), 0.0065700 secs] 58108K->24444K(63360K), [Metaspace: 2713K->2713K(1056768K)], 0.0092571 secs] [Times: user=0.00 sys=0.00, real=0.01 secs] 
2026-06-17T09:47:24.922+0800: 49.570: [GC (Allocation Failure) 2026-06-17T09:47:24.923+0800: 49.571: [DefNew: 17459K->2175K(19648K), 0.0021404 secs] 41903K->31378K(63360K), 0.0036898 secs] [Times: user=0.00 sys=0.00, real=0.01 secs] 
2026-06-17T09:47:24.971+0800: 49.619: [GC (Allocation Failure) 2026-06-17T09:47:24.972+0800: 49.620: [DefNew: 19647K->2171K(19648K), 0.0028606 secs] 48850K->37409K(63360K), 0.0049407 secs] [Times: user=0.00 sys=0.00, real=0.00 secs] 
2026-06-17T09:47:25.021+0800: 49.669: [GC (Allocation Failure) 2026-06-17T09:47:25.022+0800: 49.670: [DefNew: 19634K->19634K(19648K), 0.0010783 secs]2026-06-17T09:47:25.024+0800: 49.672: [Tenured: 35237K->24800K(43712K), 0.0057502 secs] 54872K->24800K(63360K), [Metaspace: 2713K->2713K(1056768K)], 0.0092095 secs] [Times: user=0.00 sys=0.00, real=0.02 secs] 
2026-06-17T09:47:25.085+0800: 49.733: [GC (Allocation Failure) 2026-06-17T09:47:25.086+0800: 49.735: [DefNew: 17440K->2113K(19648K), 0.0030486 secs] 42241K->27927K(63360K), 0.0061526 secs] [Times: user=0.00 sys=0.00, real=0.01 secs] 
2026-06-17T09:47:25.138+0800: 49.786: [GC (Allocation Failure) 2026-06-17T09:47:25.139+0800: 49.787: [DefNew: 19585K->2115K(19648K), 0.0018563 secs] 45399K->31619K(63360K), 0.0033140 secs] [Times: user=0.00 sys=0.00, real=0.00 secs] 
2026-06-17T09:47:25.186+0800: 49.834: [GC (Allocation Failure) 2026-06-17T09:47:25.190+0800: 49.838: [DefNew: 19587K->2170K(19648K), 0.0025312 secs] 49091K->35640K(63360K), 0.0159664 secs] [Times: user=0.00 sys=0.00, real=0.06 secs] 
2026-06-17T09:47:25.291+0800: 49.939: [GC (Allocation Failure) 2026-06-17T09:47:25.296+0800: 49.944: [DefNew: 19635K->2175K(19648K), 0.0020873 secs] 53105K->39822K(63360K), 0.0099140 secs] [Times: user=0.00 sys=0.00, real=0.02 secs] 
2026-06-17T09:47:25.360+0800: 50.008: [GC (Allocation Failure) 2026-06-17T09:47:25.362+0800: 50.010: [DefNew: 19598K->19598K(19648K), 0.0049645 secs]2026-06-17T09:47:25.368+0800: 50.016: [Tenured: 37646K->29217K(43712K), 0.0046482 secs] 57244K->29217K(63360K), [Metaspace: 2713K->2713K(1056768K)], 0.0143239 secs] [Times: user=0.00 sys=0.00, real=0.02 secs] 
2026-06-17T09:47:25.430+0800: 50.078: [GC (Allocation Failure) 2026-06-17T09:47:25.431+0800: 50.079: [DefNew: 17453K->2107K(19648K), 0.0024384 secs] 46670K->33035K(63360K), 0.0049195 secs] [Times: user=0.00 sys=0.00, real=0.01 secs] 
2026-06-17T09:47:25.485+0800: 50.133: [GC (Allocation Failure) 2026-06-17T09:47:25.486+0800: 50.134: [DefNew: 19567K->2124K(19648K), 0.0014853 secs] 50495K->36652K(63360K), 0.0039874 secs] [Times: user=0.00 sys=0.00, real=0.00 secs] 
2026-06-17T09:47:25.535+0800: 50.183: [GC (Allocation Failure) 2026-06-17T09:47:25.535+0800: 50.183: [DefNew: 19596K->2168K(19648K), 0.0014317 secs] 54124K->40328K(63360K), 0.0133403 secs] [Times: user=0.00 sys=0.00, real=0.02 secs] 
2026-06-17T09:47:25.607+0800: 50.255: [GC (Allocation Failure) 2026-06-17T09:47:25.609+0800: 50.257: [DefNew: 19531K->19531K(19648K), 0.0025139 secs]2026-06-17T09:47:25.614+0800: 50.262: [Tenured: 38160K->27692K(43712K), 0.0069769 secs] 57691K->27692K(63360K), [Metaspace: 2713K->2713K(1056768K)], 0.0147469 secs] [Times: user=0.01 sys=0.00, real=0.02 secs] 
2026-06-17T09:47:25.680+0800: 50.328: [GC (Allocation Failure) 2026-06-17T09:47:25.681+0800: 50.329: [DefNew: 17451K->2078K(19648K), 0.0018738 secs] 45144K->31464K(63360K), 0.0039208 secs] [Times: user=0.00 sys=0.00, real=0.01 secs] 
2026-06-17T09:47:25.733+0800: 50.381: [GC (Allocation Failure) 2026-06-17T09:47:25.734+0800: 50.382: [DefNew: 19526K->2055K(19648K), 0.0023556 secs] 48912K->34875K(63360K), 0.0044782 secs] [Times: user=0.00 sys=0.00, real=0.00 secs] 
2026-06-17T09:47:25.773+0800: 50.421: [GC (Allocation Failure) 2026-06-17T09:47:25.775+0800: 50.423: [DefNew: 19334K->2061K(19648K), 0.0030777 secs] 52155K->38054K(63360K), 0.0059299 secs] [Times: user=0.00 sys=0.00, real=0.01 secs] 
2026-06-17T09:47:25.839+0800: 50.487: [GC (Allocation Failure) 2026-06-17T09:47:25.840+0800: 50.488: [DefNew: 19533K->2120K(19648K), 0.0030022 secs] 55526K->41807K(63360K), 0.0064334 secs] [Times: user=0.00 sys=0.00, real=0.01 secs] 
2026-06-17T09:47:25.890+0800: 50.538: [GC (Allocation Failure) 2026-06-17T09:47:25.891+0800: 50.539: [DefNew: 19592K->19592K(19648K), 0.0019442 secs]2026-06-17T09:47:25.894+0800: 50.542: [Tenured: 39686K->29100K(43712K), 0.0080484 secs] 59279K->29100K(63360K), [Metaspace: 2713K->2713K(1056768K)], 0.0141844 secs] [Times: user=0.00 sys=0.00, real=0.02 secs] 
2026-06-17T09:47:25.952+0800: 50.600: [GC (Allocation Failure) 2026-06-17T09:47:25.953+0800: 50.601: [DefNew: 17472K->2166K(19648K), 0.0025561 secs] 46572K->36021K(63360K), 0.0039750 secs] [Times: user=0.01 sys=0.00, real=0.00 secs] 
2026-06-17T09:47:26.001+0800: 50.649: [GC (Allocation Failure) 2026-06-17T09:47:26.002+0800: 50.650: [DefNew: 19620K->2173K(19648K), 0.0023836 secs] 53475K->39541K(63360K), 0.0045410 secs] [Times: user=0.00 sys=0.00, real=0.01 secs] 
2026-06-17T09:47:26.051+0800: 50.699: [GC (Allocation Failure) 2026-06-17T09:47:26.052+0800: 50.700: [DefNew: 19363K->19363K(19648K), 0.0006299 secs]2026-06-17T09:47:26.053+0800: 50.701: [Tenured: 37368K->27406K(43712K), 0.0066836 secs] 56731K->27406K(63360K), [Metaspace: 2713K->2713K(1056768K)], 0.0096167 secs] [Times: user=0.01 sys=0.00, real=0.00 secs] 
2026-06-17T09:47:26.116+0800: 50.764: [GC (Allocation Failure) 2026-06-17T09:47:26.119+0800: 50.767: [DefNew: 17464K->2120K(19648K), 0.0049880 secs] 44871K->30668K(63360K), 0.0099531 secs] [Times: user=0.00 sys=0.00, real=0.01 secs] 
2026-06-17T09:47:26.175+0800: 50.824: [GC (Allocation Failure) 2026-06-17T09:47:26.176+0800: 50.825: [DefNew: 19560K->2099K(19648K), 0.0022066 secs] 48108K->33996K(63360K), 0.0040335 secs] [Times: user=0.00 sys=0.00, real=0.00 secs] 
2026-06-17T09:47:26.223+0800: 50.872: [GC (Allocation Failure) 2026-06-17T09:47:26.224+0800: 50.873: [DefNew: 19571K->2152K(19648K), 0.0017180 secs] 51468K->37593K(63360K), 0.0034908 secs] [Times: user=0.00 sys=0.00, real=0.00 secs] 
2026-06-17T09:47:26.271+0800: 50.919: [GC (Allocation Failure) 2026-06-17T09:47:26.272+0800: 50.920: [DefNew: 19594K->2031K(19648K), 0.0018816 secs] 55034K->40838K(63360K), 0.0035637 secs] [Times: user=0.00 sys=0.00, real=0.00 secs] 
2026-06-17T09:47:26.319+0800: 50.967: [GC (Allocation Failure) 2026-06-17T09:47:26.319+0800: 50.968: [DefNew: 19456K->19456K(19648K), 0.0009433 secs]2026-06-17T09:47:26.321+0800: 50.969: [Tenured: 38806K->24832K(43712K), 0.0056848 secs] 58263K->24832K(63360K), [Metaspace: 2713K->2713K(1056768K)], 0.0093626 secs] [Times: user=0.01 sys=0.00, real=0.01 secs] 
2026-06-17T09:47:26.372+0800: 51.020: [GC (Allocation Failure) 2026-06-17T09:47:26.373+0800: 51.021: [DefNew: 17471K->2173K(19648K), 0.0021842 secs] 42303K->32019K(63360K), 0.0039065 secs] [Times: user=0.00 sys=0.00, real=0.00 secs] 
2026-06-17T09:47:26.430+0800: 51.078: [GC (Allocation Failure) 2026-06-17T09:47:26.431+0800: 51.079: [DefNew: 19636K->2038K(19648K), 0.0008661 secs] 49482K->33636K(63360K), 0.0016270 secs] [Times: user=0.00 sys=0.00, real=0.01 secs] 
2026-06-17T09:47:26.475+0800: 51.123: [GC (Allocation Failure) 2026-06-17T09:47:26.475+0800: 51.123: [DefNew: 19488K->2111K(19648K), 0.0011223 secs] 51085K->37386K(63360K), 0.0021352 secs] [Times: user=0.00 sys=0.00, real=0.00 secs] 
2026-06-17T09:47:26.519+0800: 51.168: [GC (Allocation Failure) 2026-06-17T09:47:26.523+0800: 51.171: [DefNew: 19583K->2173K(19648K), 0.0070615 secs] 54858K->41328K(63360K), 0.0115600 secs] [Times: user=0.00 sys=0.00, real=0.02 secs] 
2026-06-17T09:47:26.574+0800: 51.223: [GC (Allocation Failure) 2026-06-17T09:47:26.583+0800: 51.231: [DefNew: 19635K->19635K(19648K), 0.0049060 secs]2026-06-17T09:47:26.592+0800: 51.240: [Tenured: 39155K->30326K(43712K), 0.0083659 secs] 58790K->30326K(63360K), [Metaspace: 2713K->2713K(1056768K)], 0.0304133 secs] [Times: user=0.00 sys=0.00, real=0.04 secs] 
2026-06-17T09:47:26.657+0800: 51.305: [GC (Allocation Failure) 2026-06-17T09:47:26.659+0800: 51.307: [DefNew: 17466K->2175K(19648K), 0.0029089 secs] 47793K->37735K(63360K), 0.0057638 secs] [Times: user=0.01 sys=0.00, real=0.01 secs] 
2026-06-17T09:47:26.716+0800: 51.364: [GC (Allocation Failure) 2026-06-17T09:47:26.719+0800: 51.367: [DefNew: 19631K->2072K(19648K), 0.0023161 secs] 55192K->38797K(63360K), 0.0067016 secs] [Times: user=0.00 sys=0.00, real=0.01 secs] 
2026-06-17T09:47:26.768+0800: 51.416: [GC (Allocation Failure) 2026-06-17T09:47:26.769+0800: 51.417: [DefNew: 19544K->2130K(19648K), 0.0015651 secs] 56269K->42534K(63360K), 0.0028841 secs] [Times: user=0.00 sys=0.00, real=0.01 secs] 
2026-06-17T09:47:26.815+0800: 51.463: [GC (Allocation Failure) 2026-06-17T09:47:26.815+0800: 51.463: [DefNew: 19597K->19597K(19648K), 0.0005983 secs]2026-06-17T09:47:26.816+0800: 51.464: [Tenured: 40404K->31910K(43712K), 0.0043391 secs] 60001K->31910K(63360K), [Metaspace: 2713K->2713K(1056768K)], 0.0064156 secs] [Times: user=0.01 sys=0.00, real=0.00 secs] 
2026-06-17T09:47:26.864+0800: 51.512: [GC (Allocation Failure) 2026-06-17T09:47:26.868+0800: 51.516: [DefNew: 17378K->2171K(19648K), 0.0035837 secs] 49289K->35740K(63360K), 0.0090267 secs] [Times: user=0.00 sys=0.00, real=0.01 secs] 
2026-06-17T09:47:26.917+0800: 51.565: [GC (Allocation Failure) 2026-06-17T09:47:26.919+0800: 51.567: [DefNew: 19643K->2174K(19648K), 0.0015438 secs] 53212K->42995K(63360K), 0.0105484 secs] [Times: user=0.00 sys=0.00, real=0.02 secs] 
2026-06-17T09:47:26.989+0800: 51.637: [GC (Allocation Failure) 2026-06-17T09:47:26.989+0800: 51.637: [DefNew: 19625K->19625K(19648K), 0.0002656 secs]2026-06-17T09:47:26.989+0800: 51.637: [Tenured: 40820K->30533K(43712K), 0.0030533 secs] 60446K->30533K(63360K), [Metaspace: 2713K->2713K(1056768K)], 0.0042872 secs] [Times: user=0.01 sys=0.00, real=0.01 secs] 
2026-06-17T09:47:27.035+0800: 51.683: [GC (Allocation Failure) 2026-06-17T09:47:27.039+0800: 51.687: [DefNew: 17472K->2165K(19648K), 0.0011819 secs] 48005K->37537K(63360K), 0.0048813 secs] [Times: user=0.00 sys=0.00, real=0.00 secs] 
2026-06-17T09:47:27.083+0800: 51.731: [GC (Allocation Failure) 2026-06-17T09:47:27.090+0800: 51.738: [DefNew: 19595K->2131K(19648K), 0.0012752 secs] 54967K->41490K(63360K), 0.0216337 secs] [Times: user=0.00 sys=0.00, real=0.02 secs] 
2026-06-17T09:47:27.155+0800: 51.803: [GC (Allocation Failure) 2026-06-17T09:47:27.156+0800: 51.804: [DefNew: 19586K->19586K(19648K), 0.0019904 secs]2026-06-17T09:47:27.159+0800: 51.807: [Tenured: 39359K->25361K(43712K), 0.0036614 secs] 58945K->25361K(63360K), [Metaspace: 2713K->2713K(1056768K)], 0.0084730 secs] [Times: user=0.01 sys=0.00, real=0.01 secs] 
2026-06-17T09:47:27.207+0800: 51.855: [GC (Allocation Failure) 2026-06-17T09:47:27.217+0800: 51.865: [DefNew: 17453K->2157K(19648K), 0.0123805 secs] 42814K->32458K(63360K), 0.0265691 secs] [Times: user=0.00 sys=0.00, real=0.03 secs] 
2026-06-17T09:47:27.290+0800: 51.938: [GC (Allocation Failure) 2026-06-17T09:47:27.291+0800: 51.940: [DefNew: 19629K->2132K(19648K), 0.0009210 secs] 49930K->33212K(63360K), 0.0046716 secs] [Times: user=0.00 sys=0.00, real=0.01 secs] 
2026-06-17T09:47:27.331+0800: 51.979: [GC (Allocation Failure) 2026-06-17T09:47:27.332+0800: 51.980: [DefNew: 19548K->2168K(19648K), 0.0011243 secs] 50628K->36837K(63360K), 0.0021132 secs] [Times: user=0.00 sys=0.00, real=0.00 secs] 
2026-06-17T09:47:27.386+0800: 52.035: [GC (Allocation Failure) 2026-06-17T09:47:27.387+0800: 52.035: [DefNew: 19640K->2128K(19648K), 0.0014507 secs] 54309K->40605K(63360K), 0.0026363 secs] [Times: user=0.01 sys=0.00, real=0.00 secs] 
2026-06-17T09:47:27.434+0800: 52.082: [GC (Allocation Failure) 2026-06-17T09:47:27.435+0800: 52.083: [DefNew: 19586K->19586K(19648K), 0.0007925 secs]2026-06-17T09:47:27.436+0800: 52.084: [Tenured: 38476K->30929K(43712K), 0.0065670 secs] 58062K->30929K(63360K), [Metaspace: 2713K->2713K(1056768K)], 0.0095377 secs] [Times: user=0.01 sys=0.00, real=0.01 secs] 
2026-06-17T09:47:27.488+0800: 52.136: [GC (Allocation Failure) 2026-06-17T09:47:27.489+0800: 52.137: [DefNew: 17460K->2170K(19648K), 0.0022983 secs] 48389K->37827K(63360K), 0.0037845 secs] [Times: user=0.00 sys=0.00, real=0.01 secs] 
2026-06-17T09:47:27.537+0800: 52.185: [GC (Allocation Failure) 2026-06-17T09:47:27.562+0800: 52.210: [DefNew: 19642K->2170K(19648K), 0.0026171 secs] 55299K->42345K(63360K), 0.0283717 secs] [Times: user=0.00 sys=0.00, real=0.03 secs] 
2026-06-17T09:47:27.613+0800: 52.261: [GC (Allocation Failure) 2026-06-17T09:47:27.626+0800: 52.274: [DefNew: 19457K->19457K(19648K), 0.0004863 secs]2026-06-17T09:47:27.628+0800: 52.276: [Tenured: 40175K->27459K(43712K), 0.0141129 secs] 59633K->27459K(63360K), [Metaspace: 2713K->2713K(1056768K)], 0.0316770 secs] [Times: user=0.00 sys=0.00, real=0.03 secs] 
2026-06-17T09:47:27.701+0800: 52.349: [GC (Allocation Failure) 2026-06-17T09:47:27.701+0800: 52.349: [DefNew: 17453K->2053K(19648K), 0.0009088 secs] 44913K->30625K(63360K), 0.0019215 secs] [Times: user=0.00 sys=0.00, real=0.01 secs] 
2026-06-17T09:47:27.746+0800: 52.394: [GC (Allocation Failure) 2026-06-17T09:47:27.747+0800: 52.395: [DefNew: 19497K->2148K(19648K), 0.0019260 secs] 48069K->34163K(63360K), 0.0041254 secs] [Times: user=0.00 sys=0.00, real=0.01 secs] 
2026-06-17T09:47:27.798+0800: 52.446: [GC (Allocation Failure) 2026-06-17T09:47:27.799+0800: 52.447: [DefNew: 19589K->2143K(19648K), 0.0022045 secs] 51604K->37922K(63360K), 0.0038373 secs] [Times: user=0.00 sys=0.00, real=0.00 secs] 
2026-06-17T09:47:27.846+0800: 52.495: [GC (Allocation Failure) 2026-06-17T09:47:27.847+0800: 52.495: [DefNew: 19602K->2163K(19648K), 0.0023912 secs] 55382K->42224K(63360K), 0.0038936 secs] [Times: user=0.01 sys=0.00, real=0.01 secs] 
2026-06-17T09:47:27.895+0800: 52.543: [GC (Allocation Failure) 2026-06-17T09:47:27.895+0800: 52.543: [DefNew: 19470K->19470K(19648K), 0.0005945 secs]2026-06-17T09:47:27.897+0800: 52.545: [Tenured: 40061K->22952K(43712K), 0.0047694 secs] 59531K->22952K(63360K), [Metaspace: 2713K->2713K(1056768K)], 0.0070923 secs] [Times: user=0.00 sys=0.00, real=0.00 secs] 
2026-06-17T09:47:27.956+0800: 52.604: [GC (Allocation Failure) 2026-06-17T09:47:27.956+0800: 52.604: [DefNew: 17472K->2095K(19648K), 0.0010926 secs] 40424K->26761K(63360K), 0.0021429 secs] [Times: user=0.01 sys=0.00, real=0.00 secs] 
2026-06-17T09:47:28.001+0800: 52.649: [GC (Allocation Failure) 2026-06-17T09:47:28.002+0800: 52.650: [DefNew: 19567K->2174K(19648K), 0.0021679 secs] 44233K->30208K(63360K), 0.0041079 secs] [Times: user=0.00 sys=0.00, real=0.01 secs] 
2026-06-17T09:47:28.049+0800: 52.698: [GC (Allocation Failure) 2026-06-17T09:47:28.050+0800: 52.698: [DefNew: 19605K->2149K(19648K), 0.0020451 secs] 47638K->33994K(63360K), 0.0036761 secs] [Times: user=0.00 sys=0.00, real=0.01 secs] 
2026-06-17T09:47:28.097+0800: 52.745: [GC (Allocation Failure) 2026-06-17T09:47:28.097+0800: 52.746: [DefNew: 19621K->2168K(19648K), 0.0008785 secs] 51466K->37850K(63360K), 0.0015766 secs] [Times: user=0.00 sys=0.00, real=0.00 secs] 
2026-06-17T09:47:28.141+0800: 52.789: [GC (Allocation Failure) 2026-06-17T09:47:28.142+0800: 52.790: [DefNew: 19381K->2151K(19648K), 0.0011220 secs] 55063K->37833K(63360K), 0.0021855 secs] [Times: user=0.00 sys=0.00, real=0.01 secs] 
2026-06-17T09:47:28.187+0800: 52.835: [GC (Allocation Failure) 2026-06-17T09:47:28.188+0800: 52.836: [DefNew: 19623K->2175K(19648K), 0.0021861 secs] 55305K->45529K(63360K), 0.0037826 secs] [Times: user=0.00 sys=0.00, real=0.01 secs] 
2026-06-17T09:47:28.245+0800: 52.893: [GC (Allocation Failure) 2026-06-17T09:47:28.246+0800: 52.894: [DefNew: 19602K->19602K(19648K), 0.0005667 secs]2026-06-17T09:47:28.247+0800: 52.895: [Tenured: 43353K->19693K(43712K), 0.0044597 secs] 62956K->19693K(63360K), [Metaspace: 2713K->2713K(1056768K)], 0.0070183 secs] [Times: user=0.01 sys=0.00, real=0.01 secs] 
2026-06-17T09:47:28.285+0800: 52.933: [GC (Allocation Failure) 2026-06-17T09:47:28.286+0800: 52.934: [DefNew: 17372K->2174K(19648K), 0.0018266 secs] 37066K->26448K(63360K), 0.0031217 secs] [Times: user=0.00 sys=0.00, real=0.00 secs] 
2026-06-17T09:47:28.342+0800: 52.990: [GC (Allocation Failure) 2026-06-17T09:47:28.343+0800: 52.991: [DefNew: 19605K->2129K(19648K), 0.0012209 secs] 43879K->29959K(63360K), 0.0025393 secs] [Times: user=0.00 sys=0.00, real=0.01 secs] 
2026-06-17T09:47:28.388+0800: 53.036: [GC (Allocation Failure) 2026-06-17T09:47:28.389+0800: 53.037: [DefNew: 19596K->2171K(19648K), 0.0018209 secs] 47426K->33947K(63360K), 0.0034991 secs] [Times: user=0.00 sys=0.00, real=0.01 secs] 
2026-06-17T09:47:28.435+0800: 53.083: [GC (Allocation Failure) 2026-06-17T09:47:28.436+0800: 53.084: [DefNew: 19629K->2168K(19648K), 0.0018982 secs] 51404K->39365K(63360K), 0.0035612 secs] [Times: user=0.00 sys=0.00, real=0.00 secs] 
2026-06-17T09:47:28.494+0800: 53.142: [GC (Allocation Failure) 2026-06-17T09:47:28.495+0800: 53.143: [DefNew: 19640K->19640K(19648K), 0.0012706 secs]2026-06-17T09:47:28.497+0800: 53.145: [Tenured: 37197K->22843K(43712K), 0.0055478 secs] 56837K->22843K(63360K), [Metaspace: 2713K->2713K(1056768K)], 0.0088791 secs] [Times: user=0.01 sys=0.00, real=0.01 secs] 
2026-06-17T09:47:28.547+0800: 53.195: [GC (Allocation Failure) 2026-06-17T09:47:28.548+0800: 53.197: [DefNew: 17472K->2166K(19648K), 0.0013009 secs] 40315K->29109K(63360K), 0.0028828 secs] [Times: user=0.00 sys=0.00, real=0.00 secs] 
2026-06-17T09:47:28.593+0800: 53.242: [GC (Allocation Failure) 2026-06-17T09:47:28.594+0800: 53.242: [DefNew: 19592K->2173K(19648K), 0.0011074 secs] 46534K->33252K(63360K), 0.0023574 secs] [Times: user=0.00 sys=0.00, real=0.00 secs] 
2026-06-17T09:47:28.639+0800: 53.287: [GC (Allocation Failure) 2026-06-17T09:47:28.639+0800: 53.287: [DefNew: 19645K->2172K(19648K), 0.0009155 secs] 50724K->36726K(63360K), 0.0016677 secs] [Times: user=0.00 sys=0.00, real=0.00 secs] 
2026-06-17T09:47:28.683+0800: 53.331: [GC (Allocation Failure) 2026-06-17T09:47:28.683+0800: 53.331: [DefNew: 19626K->2175K(19648K), 0.0009942 secs] 54180K->40086K(63360K), 0.0018099 secs] [Times: user=0.00 sys=0.00, real=0.00 secs] 
2026-06-17T09:47:28.738+0800: 53.386: [GC (Allocation Failure) 2026-06-17T09:47:28.738+0800: 53.386: [DefNew: 19647K->19647K(19648K), 0.0002641 secs]2026-06-17T09:47:28.738+0800: 53.387: [Tenured: 37910K->28632K(43712K), 0.0031440 secs] 57558K->28632K(63360K), [Metaspace: 2713K->2713K(1056768K)], 0.0043742 secs] [Times: user=0.01 sys=0.00, real=0.00 secs] 
2026-06-17T09:47:28.774+0800: 53.422: [GC (Allocation Failure) 2026-06-17T09:47:28.775+0800: 53.423: [DefNew: 17391K->2175K(19648K), 0.0012386 secs] 46024K->35371K(63360K), 0.0026905 secs] [Times: user=0.00 sys=0.00, real=0.00 secs] 
2026-06-17T09:47:28.830+0800: 53.478: [GC (Allocation Failure) 2026-06-17T09:47:28.831+0800: 53.479: [DefNew: 19638K->2094K(19648K), 0.0013951 secs] 52834K->39231K(63360K), 0.0022996 secs] [Times: user=0.00 sys=0.00, real=0.01 secs] 
2026-06-17T09:47:28.876+0800: 53.524: [GC (Allocation Failure) 2026-06-17T09:47:28.877+0800: 53.525: [DefNew: 19564K->19564K(19648K), 0.0004523 secs]2026-06-17T09:47:28.878+0800: 53.526: [Tenured: 37137K->30257K(43712K), 0.0054721 secs] 56701K->30257K(63360K), [Metaspace: 2713K->2713K(1056768K)], 0.0075703 secs] [Times: user=0.01 sys=0.00, real=0.01 secs] 
2026-06-17T09:47:28.927+0800: 53.575: [GC (Allocation Failure) 2026-06-17T09:47:28.928+0800: 53.576: [DefNew: 17450K->2175K(19648K), 0.0029439 secs] 47707K->37025K(63360K), 0.0050475 secs] [Times: user=0.00 sys=0.00, real=0.01 secs] 
2026-06-17T09:47:28.975+0800: 53.623: [GC (Allocation Failure) 2026-06-17T09:47:28.976+0800: 53.624: [DefNew: 19647K->2167K(19648K), 0.0019892 secs] 54497K->41073K(63360K), 0.0031440 secs] [Times: user=0.00 sys=0.00, real=0.00 secs] 
2026-06-17T09:47:29.023+0800: 53.671: [GC (Allocation Failure) 2026-06-17T09:47:29.023+0800: 53.671: [DefNew: 19628K->19628K(19648K), 0.0004137 secs]2026-06-17T09:47:29.024+0800: 53.672: [Tenured: 38905K->30168K(43712K), 0.0052483 secs] 58533K->30168K(63360K), [Metaspace: 2713K->2713K(1056768K)], 0.0071864 secs] [Times: user=0.00 sys=0.00, real=0.00 secs] 
2026-06-17T09:47:29.073+0800: 53.721: [GC (Allocation Failure) 2026-06-17T09:47:29.074+0800: 53.722: [DefNew: 17431K->2173K(19648K), 0.0016414 secs] 47600K->37441K(63360K), 0.0029376 secs] [Times: user=0.00 sys=0.00, real=0.00 secs] 
2026-06-17T09:47:29.129+0800: 53.778: [GC (Allocation Failure) 2026-06-17T09:47:29.134+0800: 53.782: [DefNew: 19610K->1977K(19648K), 0.0025655 secs] 54878K->39046K(63360K), 0.0071037 secs] [Times: user=0.00 sys=0.00, real=0.01 secs] 
2026-06-17T09:47:29.170+0800: 53.818: [GC (Allocation Failure) 2026-06-17T09:47:29.171+0800: 53.819: [DefNew: 19227K->19227K(19648K), 0.0007011 secs]2026-06-17T09:47:29.172+0800: 53.820: [Tenured: 37068K->22217K(43712K), 0.0032199 secs] 56296K->22217K(63360K), [Metaspace: 2713K->2713K(1056768K)], 0.0062284 secs] [Times: user=0.01 sys=0.00, real=0.01 secs] 
2026-06-17T09:47:29.231+0800: 53.879: [GC (Allocation Failure) 2026-06-17T09:47:29.232+0800: 53.880: [DefNew: 17472K->2102K(19648K), 0.0030130 secs] 39689K->25939K(63360K), 0.0047235 secs] [Times: user=0.00 sys=0.00, real=0.00 secs] 
2026-06-17T09:47:29.280+0800: 53.928: [GC (Allocation Failure) 2026-06-17T09:47:29.283+0800: 53.931: [DefNew: 19533K->2174K(19648K), 0.0020784 secs] 43369K->29537K(63360K), 0.0059076 secs] [Times: user=0.00 sys=0.00, real=0.01 secs] 
2026-06-17T09:47:29.330+0800: 53.978: [GC (Allocation Failure) 2026-06-17T09:47:29.331+0800: 53.979: [DefNew: 19637K->2116K(19648K), 0.0020062 secs] 47000K->33180K(63360K), 0.0033781 secs] [Times: user=0.00 sys=0.00, real=0.01 secs] 
2026-06-17T09:47:29.377+0800: 54.025: [GC (Allocation Failure) 2026-06-17T09:47:29.377+0800: 54.025: [DefNew: 19551K->2168K(19648K), 0.0015460 secs] 50615K->36543K(63360K), 0.0027007 secs] [Times: user=0.00 sys=0.00, real=0.00 secs] 
2026-06-17T09:47:29.424+0800: 54.072: [GC (Allocation Failure) 2026-06-17T09:47:29.425+0800: 54.073: [DefNew: 19473K->2043K(19648K), 0.0020906 secs] 53848K->38270K(63360K), 0.0035639 secs] [Times: user=0.01 sys=0.00, real=0.00 secs] 
2026-06-17T09:47:29.483+0800: 54.131: [GC (Allocation Failure) 2026-06-17T09:47:29.484+0800: 54.132: [DefNew: 19515K->2105K(19648K), 0.0020342 secs] 55742K->42019K(63360K), 0.0037175 secs] [Times: user=0.00 sys=0.00, real=0.00 secs] 
2026-06-17T09:47:29.531+0800: 54.179: [GC (Allocation Failure) 2026-06-17T09:47:29.532+0800: 54.180: [DefNew: 19577K->19577K(19648K), 0.0004542 secs]2026-06-17T09:47:29.533+0800: 54.181: [Tenured: 39913K->24518K(43712K), 0.0037497 secs] 59491K->24518K(63360K), [Metaspace: 2713K->2713K(1056768K)], 0.0056855 secs] [Times: user=0.01 sys=0.00, real=0.00 secs] 
2026-06-17T09:47:29.580+0800: 54.228: [GC (Allocation Failure) 2026-06-17T09:47:29.580+0800: 54.228: [DefNew: 17461K->2175K(19648K), 0.0010720 secs] 41980K->31780K(63360K), 0.0018237 secs] [Times: user=0.00 sys=0.00, real=0.00 secs] 
2026-06-17T09:47:29.624+0800: 54.272: [GC (Allocation Failure) 2026-06-17T09:47:29.625+0800: 54.273: [DefNew: 19631K->2164K(19648K), 0.0011551 secs] 49236K->35780K(63360K), 0.0020742 secs] [Times: user=0.00 sys=0.00, real=0.00 secs] 
2026-06-17T09:47:29.669+0800: 54.317: [GC (Allocation Failure) 2026-06-17T09:47:29.670+0800: 54.318: [DefNew: 19331K->2131K(19648K), 0.0011603 secs] 52947K->36079K(63360K), 0.0022766 secs] [Times: user=0.00 sys=0.00, real=0.01 secs] 
2026-06-17T09:47:29.725+0800: 54.373: [GC (Allocation Failure) 2026-06-17T09:47:29.726+0800: 54.374: [DefNew: 19573K->2053K(19648K), 0.0014539 secs] 53521K->40419K(63360K), 0.0024682 secs] [Times: user=0.00 sys=0.00, real=0.00 secs] 
2026-06-17T09:47:29.771+0800: 54.419: [GC (Allocation Failure) 2026-06-17T09:47:29.772+0800: 54.420: [DefNew: 19489K->19489K(19648K), 0.0019049 secs]2026-06-17T09:47:29.774+0800: 54.422: [Tenured: 38365K->31458K(43712K), 0.0043508 secs] 57854K->31458K(63360K), [Metaspace: 2713K->2713K(1056768K)], 0.0107299 secs] [Times: user=0.00 sys=0.00, real=0.01 secs] 
2026-06-17T09:47:29.828+0800: 54.476: [GC (Allocation Failure) 2026-06-17T09:47:29.838+0800: 54.486: [DefNew: 17472K->2171K(19648K), 0.0014520 secs] 48930K->38358K(63360K), 0.0346632 secs] [Times: user=0.01 sys=0.00, real=0.07 secs] 
2026-06-17T09:47:29.935+0800: 54.583: [GC (Allocation Failure) 2026-06-17T09:47:29.936+0800: 54.584: [DefNew: 19642K->2163K(19648K), 0.0019523 secs] 55828K->42754K(63360K), 0.0065568 secs] [Times: user=0.00 sys=0.00, real=0.00 secs] 
2026-06-17T09:47:29.984+0800: 54.632: [GC (Allocation Failure) 2026-06-17T09:47:29.985+0800: 54.633: [DefNew: 19547K->19547K(19648K), 0.0003800 secs]2026-06-17T09:47:29.986+0800: 54.634: [Tenured: 40590K->27953K(43712K), 0.0031922 secs] 60138K->27953K(63360K), [Metaspace: 2713K->2713K(1056768K)], 0.0048999 secs] [Times: user=0.00 sys=0.00, real=0.00 secs] 
2026-06-17T09:47:30.032+0800: 54.680: [GC (Allocation Failure) 2026-06-17T09:47:30.033+0800: 54.681: [DefNew: 17147K->2038K(19648K), 0.0011060 secs] 45101K->31048K(63360K), 0.0023207 secs] [Times: user=0.00 sys=0.00, real=0.00 secs] 
2026-06-17T09:47:30.077+0800: 54.726: [GC (Allocation Failure) 2026-06-17T09:47:30.078+0800: 54.726: [DefNew: 19507K->2175K(19648K), 0.0013709 secs] 48518K->37643K(63360K), 0.0021717 secs] [Times: user=0.00 sys=0.00, real=0.00 secs] 
2026-06-17T09:47:30.133+0800: 54.781: [GC (Allocation Failure) 2026-06-17T09:47:30.135+0800: 54.783: [DefNew: 19636K->2173K(19648K), 0.0014358 secs] 55104K->40335K(63360K), 0.0101675 secs] [Times: user=0.00 sys=0.00, real=0.01 secs] 
2026-06-17T09:47:30.193+0800: 54.841: [GC (Allocation Failure) 2026-06-17T09:47:30.198+0800: 54.846: [DefNew: 19611K->19611K(19648K), 0.0059150 secs]2026-06-17T09:47:30.205+0800: 54.853: [Tenured: 38162K->32453K(43712K), 0.0083842 secs] 57773K->32453K(63360K), [Metaspace: 2713K->2713K(1056768K)], 0.0226561 secs] [Times: user=0.01 sys=0.00, real=0.02 secs] 
2026-06-17T09:47:30.262+0800: 54.910: [GC (Allocation Failure) 2026-06-17T09:47:30.263+0800: 54.911: [DefNew: 17472K->2171K(19648K), 0.0020000 secs] 49925K->38947K(63360K), 0.0032931 secs] [Times: user=0.00 sys=0.00, real=0.01 secs] 
2026-06-17T09:47:30.310+0800: 54.958: [GC (Allocation Failure) 2026-06-17T09:47:30.311+0800: 54.959: [DefNew: 19633K->19633K(19648K), 0.0014874 secs]2026-06-17T09:47:30.315+0800: 54.963: [Tenured: 36776K->22515K(43712K), 0.0070348 secs] 56410K->22515K(63360K), [Metaspace: 2713K->2713K(1056768K)], 0.0134423 secs] [Times: user=0.01 sys=0.00, real=0.02 secs] 
2026-06-17T09:47:30.367+0800: 55.015: [GC (Allocation Failure) 2026-06-17T09:47:30.368+0800: 55.016: [DefNew: 17449K->2174K(19648K), 0.0012624 secs] 39964K->29911K(63360K), 0.0022016 secs] [Times: user=0.00 sys=0.00, real=0.00 secs] 
2026-06-17T09:47:30.413+0800: 55.061: [GC (Allocation Failure) 2026-06-17T09:47:30.414+0800: 55.062: [DefNew: 19503K->2142K(19648K), 0.0018163 secs] 47241K->32863K(63360K), 0.0032891 secs] [Times: user=0.00 sys=0.00, real=0.00 secs] 
2026-06-17T09:47:30.472+0800: 55.120: [GC (Allocation Failure) 2026-06-17T09:47:30.472+0800: 55.121: [DefNew: 19568K->2140K(19648K), 0.0011610 secs] 50289K->36667K(63360K), 0.0021915 secs] [Times: user=0.01 sys=0.00, real=0.00 secs] 
2026-06-17T09:47:30.518+0800: 55.166: [GC (Allocation Failure) 2026-06-17T09:47:30.518+0800: 55.166: [DefNew: 19612K->1977K(19648K), 0.0010487 secs] 54139K->39990K(63360K), 0.0021136 secs] [Times: user=0.00 sys=0.00, real=0.00 secs] 
2026-06-17T09:47:30.552+0800: 55.200: [GC (Allocation Failure) 2026-06-17T09:47:30.553+0800: 55.201: [DefNew: 19397K->19397K(19648K), 0.0006638 secs]2026-06-17T09:47:30.554+0800: 55.202: [Tenured: 38013K->29628K(43712K), 0.0051039 secs] 57410K->29628K(63360K), [Metaspace: 2713K->2713K(1056768K)], 0.0081524 secs] [Times: user=0.00 sys=0.00, real=0.00 secs] 
2026-06-17T09:47:30.615+0800: 55.263: [GC (Allocation Failure) 2026-06-17T09:47:30.615+0800: 55.263: [DefNew: 17421K->2170K(19648K), 0.0017924 secs] 47049K->33101K(63360K), 0.0030159 secs] [Times: user=0.00 sys=0.00, real=0.00 secs] 
2026-06-17T09:47:30.662+0800: 55.310: [GC (Allocation Failure) 2026-06-17T09:47:30.662+0800: 55.310: [DefNew: 19642K->1511K(19648K), 0.0010940 secs] 50573K->33175K(63360K), 0.0021501 secs] [Times: user=0.00 sys=0.00, real=0.01 secs] 
2026-06-17T09:47:30.708+0800: 55.356: [GC (Allocation Failure) 2026-06-17T09:47:30.708+0800: 55.356: [DefNew: 18962K->2174K(19648K), 0.0018085 secs] 50626K->40201K(63360K), 0.0040129 secs] [Times: user=0.00 sys=0.01, real=0.01 secs] 
2026-06-17T09:47:30.756+0800: 55.404: [GC (Allocation Failure) 2026-06-17T09:47:30.756+0800: 55.404: [DefNew: 19605K->19605K(19648K), 0.0005929 secs]2026-06-17T09:47:30.758+0800: 55.406: [Tenured: 38026K->31048K(43712K), 0.0056535 secs] 57632K->31048K(63360K), [Metaspace: 2713K->2713K(1056768K)], 0.0082354 secs] [Times: user=0.01 sys=0.00, real=0.01 secs] 
2026-06-17T09:47:30.819+0800: 55.467: [GC (Allocation Failure) 2026-06-17T09:47:30.820+0800: 55.468: [DefNew: 17455K->2111K(19648K), 0.0017986 secs] 48504K->34695K(63360K), 0.0033281 secs] [Times: user=0.00 sys=0.00, real=0.01 secs] 
2026-06-17T09:47:30.867+0800: 55.515: [GC (Allocation Failure) 2026-06-17T09:47:30.868+0800: 55.516: [DefNew: 19583K->2152K(19648K), 0.0052782 secs] 52167K->37708K(63360K), 0.0088310 secs] [Times: user=0.00 sys=0.00, real=0.01 secs] 
2026-06-17T09:47:30.923+0800: 55.571: [GC (Allocation Failure) 2026-06-17T09:47:30.924+0800: 55.572: [DefNew: 19618K->2174K(19648K), 0.0020367 secs] 55174K->41502K(63360K), 0.0034813 secs] [Times: user=0.00 sys=0.00, real=0.00 secs] 
2026-06-17T09:47:30.973+0800: 55.621: [GC (Allocation Failure) 2026-06-17T09:47:30.974+0800: 55.622: [DefNew: 19597K->19597K(19648K), 0.0009770 secs]2026-06-17T09:47:30.975+0800: 55.623: [Tenured: 39328K->30945K(43712K), 0.0057113 secs] 58925K->30945K(63360K), [Metaspace: 2713K->2713K(1056768K)], 0.0090149 secs] [Times: user=0.01 sys=0.00, real=0.00 secs] 
2026-06-17T09:47:31.037+0800: 55.685: [GC (Allocation Failure) 2026-06-17T09:47:31.037+0800: 55.685: [DefNew: 17426K->2151K(19648K), 0.0029444 secs] 48372K->34442K(63360K), 0.0042593 secs] [Times: user=0.00 sys=0.00, real=0.00 secs] 
2026-06-17T09:47:31.086+0800: 55.734: [GC (Allocation Failure) 2026-06-17T09:47:31.087+0800: 55.735: [DefNew: 19623K->2172K(19648K), 0.0023677 secs] 51914K->38199K(63360K), 0.0040622 secs] [Times: user=0.00 sys=0.00, real=0.01 secs] 
2026-06-17T09:47:31.135+0800: 55.783: [GC (Allocation Failure) 2026-06-17T09:47:31.136+0800: 55.784: [DefNew: 19616K->2173K(19648K), 0.0025835 secs] 55643K->41728K(63360K), 0.0042231 secs] [Times: user=0.00 sys=0.00, real=0.00 secs] 
2026-06-17T09:47:31.185+0800: 55.833: [GC (Allocation Failure) 2026-06-17T09:47:31.186+0800: 55.834: [DefNew: 19594K->19594K(19648K), 0.0006657 secs]2026-06-17T09:47:31.187+0800: 55.835: [Tenured: 39554K->29874K(43712K), 0.0055962 secs] 59149K->29874K(63360K), [Metaspace: 2713K->2713K(1056768K)], 0.0082214 secs] [Times: user=0.01 sys=0.00, real=0.01 secs] 
2026-06-17T09:47:31.247+0800: 55.895: [GC (Allocation Failure) 2026-06-17T09:47:31.248+0800: 55.896: [DefNew: 17472K->2124K(19648K), 0.0015589 secs] 47346K->33554K(63360K), 0.0027986 secs] [Times: user=0.00 sys=0.00, real=0.01 secs] 
2026-06-17T09:47:31.295+0800: 55.943: [GC (Allocation Failure) 2026-06-17T09:47:31.296+0800: 55.944: [DefNew: 19596K->2169K(19648K), 0.0023008 secs] 51026K->37623K(63360K), 0.0042002 secs] [Times: user=0.01 sys=0.00, real=0.00 secs] 
2026-06-17T09:47:31.345+0800: 55.993: [GC (Allocation Failure) 2026-06-17T09:47:31.345+0800: 55.994: [DefNew: 19638K->2167K(19648K), 0.0034194 secs] 55092K->42031K(63360K), 0.0047972 secs] [Times: user=0.00 sys=0.00, real=0.00 secs] 
2026-06-17T09:47:31.404+0800: 56.052: [GC (Allocation Failure) 2026-06-17T09:47:31.405+0800: 56.053: [DefNew: 19631K->19631K(19648K), 0.0006910 secs]2026-06-17T09:47:31.406+0800: 56.054: [Tenured: 39864K->18068K(43712K), 0.0056955 secs] 59496K->18068K(63360K), [Metaspace: 2713K->2713K(1056768K)], 0.0083564 secs] [Times: user=0.01 sys=0.00, real=0.01 secs] 
2026-06-17T09:47:31.458+0800: 56.106: [GC (Allocation Failure) 2026-06-17T09:47:31.459+0800: 56.108: [DefNew: 17472K->2175K(19648K), 0.0025264 secs] 35540K->25780K(63360K), 0.0055515 secs] [Times: user=0.00 sys=0.00, real=0.01 secs] 
2026-06-17T09:47:31.508+0800: 56.156: [GC (Allocation Failure) 2026-06-17T09:47:31.511+0800: 56.159: [DefNew: 19595K->2171K(19648K), 0.0063508 secs] 43200K->30283K(63360K), 0.0150409 secs] [Times: user=0.00 sys=0.00, real=0.02 secs] 
2026-06-17T09:47:31.574+0800: 56.222: [GC (Allocation Failure) 2026-06-17T09:47:31.574+0800: 56.223: [DefNew: 19625K->2173K(19648K), 0.0014210 secs] 47737K->34406K(63360K), 0.0023314 secs] [Times: user=0.00 sys=0.00, real=0.00 secs] 
2026-06-17T09:47:31.619+0800: 56.267: [GC (Allocation Failure) 2026-06-17T09:47:31.620+0800: 56.268: [DefNew: 19618K->2173K(19648K), 0.0018472 secs] 51851K->39835K(63360K), 0.0033412 secs] [Times: user=0.00 sys=0.00, real=0.01 secs] 
2026-06-17T09:47:31.677+0800: 56.325: [GC (Allocation Failure) 2026-06-17T09:47:31.677+0800: 56.326: [DefNew: 19598K->19598K(19648K), 0.0005830 secs]2026-06-17T09:47:31.679+0800: 56.327: [Tenured: 37662K->25113K(43712K), 0.0049541 secs] 57260K->25113K(63360K), [Metaspace: 2713K->2713K(1056768K)], 0.0074997 secs] [Times: user=0.00 sys=0.00, real=0.01 secs] 
2026-06-17T09:47:31.730+0800: 56.378: [GC (Allocation Failure) 2026-06-17T09:47:31.736+0800: 56.385: [DefNew: 17428K->2175K(19648K), 0.0133408 secs] 42541K->31715K(63360K), 0.0206139 secs] [Times: user=0.00 sys=0.00, real=0.03 secs] 
2026-06-17T09:47:31.795+0800: 56.443: [GC (Allocation Failure) 2026-06-17T09:47:31.796+0800: 56.444: [DefNew: 19635K->2164K(19648K), 0.0024571 secs] 49175K->35767K(63360K), 0.0045159 secs] [Times: user=0.00 sys=0.00, real=0.00 secs] 
2026-06-17T09:47:31.845+0800: 56.493: [GC (Allocation Failure) 2026-06-17T09:47:31.846+0800: 56.494: [DefNew: 19636K->2171K(19648K), 0.0020916 secs] 53239K->39718K(63360K), 0.0041454 secs] [Times: user=0.00 sys=0.00, real=0.00 secs] 
2026-06-17T09:47:31.894+0800: 56.542: [GC (Allocation Failure) 2026-06-17T09:47:31.895+0800: 56.543: [DefNew: 19643K->19643K(19648K), 0.0004421 secs]2026-06-17T09:47:31.895+0800: 56.543: [Tenured: 37546K->30342K(43712K), 0.0028212 secs] 57190K->30342K(63360K), [Metaspace: 2713K->2713K(1056768K)], 0.0052238 secs] [Times: user=0.00 sys=0.00, real=0.00 secs] 
2026-06-17T09:47:31.953+0800: 56.601: [GC (Allocation Failure) 2026-06-17T09:47:31.954+0800: 56.602: [DefNew: 17458K->2148K(19648K), 0.0011475 secs] 47801K->33730K(63360K), 0.0023051 secs] [Times: user=0.00 sys=0.00, real=0.00 secs] 
2026-06-17T09:47:31.990+0800: 56.638: [GC (Allocation Failure) 2026-06-17T09:47:31.991+0800: 56.639: [DefNew: 19490K->2120K(19648K), 0.0017128 secs] 51072K->37067K(63360K), 0.0029896 secs] [Times: user=0.00 sys=0.00, real=0.01 secs] 
2026-06-17T09:47:32.047+0800: 56.695: [GC (Allocation Failure) 2026-06-17T09:47:32.047+0800: 56.696: [DefNew: 19592K->2129K(19648K), 0.0012972 secs] 54539K->41012K(63360K), 0.0024180 secs] [Times: user=0.00 sys=0.00, real=0.01 secs] 
2026-06-17T09:47:32.095+0800: 56.743: [GC (Allocation Failure) 2026-06-17T09:47:32.096+0800: 56.744: [DefNew: 19553K->19553K(19648K), 0.0020466 secs]2026-06-17T09:47:32.100+0800: 56.748: [Tenured: 38883K->29407K(43712K), 0.0039120 secs] 58437K->29407K(63360K), [Metaspace: 2713K->2713K(1056768K)], 0.0118658 secs] [Times: user=0.01 sys=0.00, real=0.01 secs] 
2026-06-17T09:47:32.164+0800: 56.812: [GC (Allocation Failure) 2026-06-17T09:47:32.168+0800: 56.816: [DefNew: 17460K->2119K(19648K), 0.0082009 secs] 46867K->33135K(63360K), 0.0127588 secs] [Times: user=0.00 sys=0.00, real=0.03 secs] 
2026-06-17T09:47:32.238+0800: 56.886: [GC (Allocation Failure) 2026-06-17T09:47:32.238+0800: 56.886: [DefNew: 19577K->2173K(19648K), 0.0009572 secs] 50593K->36691K(63360K), 0.0018312 secs] [Times: user=0.00 sys=0.00, real=0.00 secs] 
2026-06-17T09:47:32.282+0800: 56.930: [GC (Allocation Failure) 2026-06-17T09:47:32.283+0800: 56.931: [DefNew: 19645K->2096K(19648K), 0.0025918 secs] 54163K->40153K(63360K), 0.0058141 secs] [Times: user=0.00 sys=0.00, real=0.01 secs] 
2026-06-17T09:47:32.335+0800: 56.983: [GC (Allocation Failure) 2026-06-17T09:47:32.336+0800: 56.985: [DefNew: 19568K->19568K(19648K), 0.0042416 secs]2026-06-17T09:47:32.342+0800: 56.990: [Tenured: 38056K->34229K(43712K), 0.0060739 secs] 57625K->34229K(63360K), [Metaspace: 2713K->2713K(1056768K)], 0.0210163 secs] [Times: user=0.00 sys=0.00, real=0.02 secs] 
2026-06-17T09:47:32.403+0800: 57.051: [GC (Allocation Failure) 2026-06-17T09:47:32.405+0800: 57.053: [DefNew: 17371K->2133K(19648K), 0.0030535 secs] 51601K->37843K(63360K), 0.0065384 secs] [Times: user=0.00 sys=0.00, real=0.00 secs] 
2026-06-17T09:47:32.456+0800: 57.104: [GC (Allocation Failure) 2026-06-17T09:47:32.457+0800: 57.105: [DefNew: 19598K->2170K(19648K), 0.0029876 secs] 55307K->45038K(63360K), 0.0045640 secs] [Times: user=0.00 sys=0.00, real=0.00 secs] 
2026-06-17T09:47:32.517+0800: 57.165: [GC (Allocation Failure) 2026-06-17T09:47:32.520+0800: 57.168: [DefNew: 19602K->19602K(19648K), 0.0011015 secs]2026-06-17T09:47:32.522+0800: 57.170: [Tenured: 42867K->25389K(43712K), 0.0072529 secs] 62469K->25389K(63360K), [Metaspace: 2713K->2713K(1056768K)], 0.0146977 secs] [Times: user=0.01 sys=0.00, real=0.02 secs] 
2026-06-17T09:47:32.576+0800: 57.224: [GC (Allocation Failure) 2026-06-17T09:47:32.576+0800: 57.224: [DefNew: 17456K->2175K(19648K), 0.0022811 secs] 42846K->32269K(63360K), 0.0036464 secs] [Times: user=0.00 sys=0.00, real=0.00 secs] 
2026-06-17T09:47:32.624+0800: 57.272: [GC (Allocation Failure) 2026-06-17T09:47:32.627+0800: 57.275: [DefNew: 19627K->2174K(19648K), 0.0030928 secs] 49720K->39356K(63360K), 0.0061598 secs] [Times: user=0.00 sys=0.01, real=0.01 secs] 
2026-06-17T09:47:32.676+0800: 57.324: [GC (Allocation Failure) 2026-06-17T09:47:32.676+0800: 57.324: [DefNew: 19646K->19646K(19648K), 0.0006892 secs]2026-06-17T09:47:32.680+0800: 57.328: [Tenured: 37181K->26169K(43712K), 0.0077948 secs] 56828K->26169K(63360K), [Metaspace: 2713K->2713K(1056768K)], 0.0145586 secs] [Times: user=0.01 sys=0.00, real=0.02 secs] 
2026-06-17T09:47:32.735+0800: 57.383: [GC (Allocation Failure) 2026-06-17T09:47:32.736+0800: 57.384: [DefNew: 17469K->2161K(19648K), 0.0020991 secs] 43638K->33154K(63360K), 0.0065386 secs] [Times: user=0.00 sys=0.00, real=0.01 secs] 
2026-06-17T09:47:32.788+0800: 57.436: [GC (Allocation Failure) 2026-06-17T09:47:32.789+0800: 57.437: [DefNew: 19633K->2172K(19648K), 0.0023587 secs] 50626K->37106K(63360K), 0.0042162 secs] [Times: user=0.01 sys=0.00, real=0.01 secs] 
2026-06-17T09:47:32.838+0800: 57.486: [GC (Allocation Failure) 2026-06-17T09:47:32.839+0800: 57.487: [DefNew: 19567K->2139K(19648K), 0.0014556 secs] 54502K->37767K(63360K), 0.0030796 secs] [Times: user=0.00 sys=0.00, real=0.00 secs] 
2026-06-17T09:47:32.887+0800: 57.535: [GC (Allocation Failure) 2026-06-17T09:47:32.889+0800: 57.537: [DefNew: 19561K->2172K(19648K), 0.0028818 secs] 55190K->44881K(63360K), 0.0051368 secs] [Times: user=0.00 sys=0.00, real=0.01 secs] 
2026-06-17T09:47:32.947+0800: 57.595: [GC (Allocation Failure) 2026-06-17T09:47:32.948+0800: 57.596: [DefNew: 19626K->19626K(19648K), 0.0010072 secs]2026-06-17T09:47:32.950+0800: 57.598: [Tenured: 42708K->30397K(43712K), 0.0068605 secs] 62334K->30397K(63360K), [Metaspace: 2713K->2713K(1056768K)], 0.0108107 secs] [Times: user=0.00 sys=0.00, real=0.01 secs] 
2026-06-17T09:47:33.003+0800: 57.651: [GC (Allocation Failure) 2026-06-17T09:47:33.005+0800: 57.653: [DefNew: 17472K->2174K(19648K), 0.0024795 secs] 47869K->37351K(63360K), 0.0056678 secs] [Times: user=0.00 sys=0.00, real=0.00 secs] 
2026-06-17T09:47:33.053+0800: 57.701: [GC (Allocation Failure) 2026-06-17T09:47:33.055+0800: 57.703: [DefNew: 19637K->19637K(19648K), 0.0007454 secs]2026-06-17T09:47:33.056+0800: 57.704: [Tenured: 35177K->27558K(43712K), 0.0043792 secs] 54814K->27558K(63360K), [Metaspace: 2713K->2713K(1056768K)], 0.0076169 secs] [Times: user=0.00 sys=0.00, real=0.00 secs] 
2026-06-17T09:47:33.106+0800: 57.754: [GC (Allocation Failure) 2026-06-17T09:47:33.107+0800: 57.755: [DefNew: 17439K->2172K(19648K), 0.0023132 secs] 44998K->34453K(63360K), 0.0041689 secs] [Times: user=0.01 sys=0.00, real=0.01 secs] 
2026-06-17T09:47:33.155+0800: 57.803: [GC (Allocation Failure) 2026-06-17T09:47:33.157+0800: 57.805: [DefNew: 19644K->2154K(19648K), 0.0027238 secs] 51925K->39310K(63360K), 0.0063075 secs] [Times: user=0.00 sys=0.00, real=0.00 secs] 
2026-06-17T09:47:33.206+0800: 57.854: [GC (Allocation Failure) 2026-06-17T09:47:33.206+0800: 57.854: [DefNew: 19600K->19600K(19648K), 0.0005333 secs]2026-06-17T09:47:33.207+0800: 57.855: [Tenured: 37156K->27920K(43712K), 0.0032164 secs] 56756K->27920K(63360K), [Metaspace: 2713K->2713K(1056768K)], 0.0051527 secs] [Times: user=0.01 sys=0.00, real=0.01 secs] 
2026-06-17T09:47:33.255+0800: 57.903: [GC (Allocation Failure) 2026-06-17T09:47:33.256+0800: 57.904: [DefNew: 17206K->2054K(19648K), 0.0015869 secs] 45127K->30747K(63360K), 0.0030199 secs] [Times: user=0.00 sys=0.00, real=0.00 secs] 
2026-06-17T09:47:33.303+0800: 57.951: [GC (Allocation Failure) 2026-06-17T09:47:33.306+0800: 57.954: [DefNew: 18910K->2154K(19648K), 0.0051384 secs] 47603K->34037K(63360K), 0.0090954 secs] [Times: user=0.00 sys=0.00, real=0.01 secs] 
2026-06-17T09:47:33.369+0800: 58.018: [GC (Allocation Failure) 2026-06-17T09:47:33.370+0800: 58.018: [DefNew: 19590K->2132K(19648K), 0.0010887 secs] 51473K->37110K(63360K), 0.0021027 secs] [Times: user=0.00 sys=0.00, real=0.01 secs] 
2026-06-17T09:47:33.416+0800: 58.064: [GC (Allocation Failure) 2026-06-17T09:47:33.417+0800: 58.065: [DefNew: 19588K->2060K(19648K), 0.0021818 secs] 54566K->40846K(63360K), 0.0036328 secs] [Times: user=0.00 sys=0.00, real=0.00 secs] 
2026-06-17T09:47:33.465+0800: 58.113: [GC (Allocation Failure) 2026-06-17T09:47:33.466+0800: 58.114: [DefNew: 19532K->19532K(19648K), 0.0042531 secs]2026-06-17T09:47:33.471+0800: 58.119: [Tenured: 38786K->31649K(43712K), 0.0060165 secs] 58318K->31649K(63360K), [Metaspace: 2713K->2713K(1056768K)], 0.0126764 secs] [Times: user=0.01 sys=0.00, real=0.01 secs] 
2026-06-17T09:47:33.522+0800: 58.170: [GC (Allocation Failure) 2026-06-17T09:47:33.523+0800: 58.171: [DefNew: 17438K->2172K(19648K), 0.0024571 secs] 49088K->38217K(63360K), 0.0040330 secs] [Times: user=0.01 sys=0.00, real=0.01 secs] 
2026-06-17T09:47:33.571+0800: 58.219: [GC (Allocation Failure) 2026-06-17T09:47:33.572+0800: 58.220: [DefNew: 19608K->2084K(19648K), 0.0027878 secs] 55652K->43490K(63360K), 0.0042219 secs] [Times: user=0.00 sys=0.00, real=0.00 secs] 
2026-06-17T09:47:33.621+0800: 58.269: [GC (Allocation Failure) 2026-06-17T09:47:33.622+0800: 58.270: [DefNew: 19535K->19535K(19648K), 0.0008616 secs]2026-06-17T09:47:33.624+0800: 58.272: [Tenured: 41406K->25697K(43712K), 0.0072512 secs] 60941K->25697K(63360K), [Metaspace: 2713K->2713K(1056768K)], 0.0114106 secs] [Times: user=0.01 sys=0.00, real=0.02 secs] 
2026-06-17T09:47:33.677+0800: 58.325: [GC (Allocation Failure) 2026-06-17T09:47:33.678+0800: 58.326: [DefNew: 17419K->2093K(19648K), 0.0015784 secs] 43116K->29178K(63360K), 0.0059558 secs] [Times: user=0.00 sys=0.00, real=0.01 secs] 
2026-06-17T09:47:33.743+0800: 58.391: [GC (Allocation Failure) 2026-06-17T09:47:33.744+0800: 58.392: [DefNew: 19534K->2135K(19648K), 0.0019974 secs] 46619K->32620K(63360K), 0.0037959 secs] [Times: user=0.00 sys=0.00, real=0.00 secs] 
2026-06-17T09:47:33.792+0800: 58.440: [GC (Allocation Failure) 2026-06-17T09:47:33.793+0800: 58.441: [DefNew: 19580K->2167K(19648K), 0.0021929 secs] 50065K->36360K(63360K), 0.0041958 secs] [Times: user=0.00 sys=0.00, real=0.00 secs] 
2026-06-17T09:47:33.842+0800: 58.490: [GC (Allocation Failure) 2026-06-17T09:47:33.843+0800: 58.491: [DefNew: 19603K->2083K(19648K), 0.0025381 secs] 53796K->39658K(63360K), 0.0050850 secs] [Times: user=0.00 sys=0.00, real=0.01 secs] 
2026-06-17T09:47:33.892+0800: 58.540: [GC (Allocation Failure) 2026-06-17T09:47:33.893+0800: 58.541: [DefNew: 19555K->19555K(19648K), 0.0006555 secs]2026-06-17T09:47:33.894+0800: 58.542: [Tenured: 37574K->30207K(43712K), 0.0067797 secs] 57130K->30207K(63360K), [Metaspace: 2713K->2713K(1056768K)], 0.0125929 secs] [Times: user=0.01 sys=0.00, real=0.01 secs] 
2026-06-17T09:47:33.951+0800: 58.599: [GC (Allocation Failure) 2026-06-17T09:47:33.952+0800: 58.600: [DefNew: 17472K->2171K(19648K), 0.0017992 secs] 47679K->37589K(63360K), 0.0031743 secs] [Times: user=0.00 sys=0.00, real=0.00 secs] 
2026-06-17T09:47:33.997+0800: 58.645: [GC (Allocation Failure) 2026-06-17T09:47:33.998+0800: 58.646: [DefNew: 19611K->2170K(19648K), 0.0013444 secs] 55029K->44154K(63360K), 0.0027912 secs] [Times: user=0.00 sys=0.00, real=0.00 secs] 
2026-06-17T09:47:34.044+0800: 58.692: [GC (Allocation Failure) 2026-06-17T09:47:34.045+0800: 58.693: [DefNew: 19642K->19642K(19648K), 0.0005356 secs]2026-06-17T09:47:34.046+0800: 58.694: [Tenured: 41983K->31086K(43712K), 0.0045437 secs] 61626K->31086K(63360K), [Metaspace: 2713K->2713K(1056768K)], 0.0111304 secs] [Times: user=0.01 sys=0.00, real=0.01 secs] 
2026-06-17T09:47:34.100+0800: 58.748: [GC (Allocation Failure) 2026-06-17T09:47:34.100+0800: 58.748: [DefNew: 17461K->2161K(19648K), 0.0014969 secs] 48548K->34552K(63360K), 0.0028441 secs] [Times: user=0.00 sys=0.00, real=0.01 secs] 
2026-06-17T09:47:34.158+0800: 58.806: [GC (Allocation Failure) 2026-06-17T09:47:34.159+0800: 58.807: [DefNew: 19611K->2048K(19648K), 0.0023903 secs] 52002K->38563K(63360K), 0.0039541 secs] [Times: user=0.00 sys=0.00, real=0.00 secs] 
2026-06-17T09:47:34.207+0800: 58.855: [GC (Allocation Failure) 2026-06-17T09:47:34.208+0800: 58.856: [DefNew: 19459K->19459K(19648K), 0.0007944 secs]2026-06-17T09:47:34.210+0800: 58.858: [Tenured: 36515K->28742K(43712K), 0.0058022 secs] 55974K->28742K(63360K), [Metaspace: 2713K->2713K(1056768K)], 0.0088976 secs] [Times: user=0.00 sys=0.01, real=0.01 secs] 
2026-06-17T09:47:34.261+0800: 58.909: [GC (Allocation Failure) 2026-06-17T09:47:34.262+0800: 58.910: [DefNew: 17472K->2172K(19648K), 0.0026282 secs] 46214K->35901K(63360K), 0.0042607 secs] [Times: user=0.00 sys=0.00, real=0.01 secs] 
2026-06-17T09:47:34.321+0800: 58.969: [GC (Allocation Failure) 2026-06-17T09:47:34.322+0800: 58.970: [DefNew: 19628K->2165K(19648K), 0.0017937 secs] 53357K->37383K(63360K), 0.0033844 secs] [Times: user=0.00 sys=0.00, real=0.01 secs] 
2026-06-17T09:47:34.369+0800: 59.017: [GC (Allocation Failure) 2026-06-17T09:47:34.375+0800: 59.023: [DefNew: 19590K->2066K(19648K), 0.0021817 secs] 54807K->40885K(63360K), 0.0316681 secs] [Times: user=0.01 sys=0.00, real=0.05 secs] 
2026-06-17T09:47:34.457+0800: 59.105: [GC (Allocation Failure) 2026-06-17T09:47:34.481+0800: 59.129: [DefNew: 19515K->19515K(19648K), 0.0006721 secs]2026-06-17T09:47:34.482+0800: 59.130: [Tenured: 38818K->29947K(43712K), 0.0046941 secs] 58333K->29947K(63360K), [Metaspace: 2713K->2713K(1056768K)], 0.0316512 secs] [Times: user=0.00 sys=0.00, real=0.03 secs] 
2026-06-17T09:47:34.533+0800: 59.181: [GC (Allocation Failure) 2026-06-17T09:47:34.535+0800: 59.183: [DefNew: 17472K->2171K(19648K), 0.0033684 secs] 47419K->36797K(63360K), 0.0063217 secs] [Times: user=0.01 sys=0.00, real=0.01 secs] 
2026-06-17T09:47:34.587+0800: 59.235: [GC (Allocation Failure) 2026-06-17T09:47:34.649+0800: 59.297: [DefNew: 19643K->2168K(19648K), 0.0026840 secs] 54269K->42160K(63360K), 0.0689252 secs] [Times: user=0.00 sys=0.00, real=0.07 secs] 
2026-06-17T09:47:34.700+0800: 59.348: [GC (Allocation Failure) 2026-06-17T09:47:34.701+0800: 59.349: [DefNew: 19640K->19640K(19648K), 0.0104098 secs]2026-06-17T09:47:34.713+0800: 59.361: [Tenured: 39991K->30669K(43712K), 0.0080105 secs] 59632K->30669K(63360K), [Metaspace: 2713K->2713K(1056768K)], 0.0277105 secs] [Times: user=0.01 sys=0.00, real=0.07 secs] 
2026-06-17T09:47:34.812+0800: 59.460: [GC (Allocation Failure) 2026-06-17T09:47:34.813+0800: 59.461: [DefNew: 17472K->2175K(19648K), 0.0025337 secs] 48141K->37421K(63360K), 0.0042011 secs] [Times: user=0.00 sys=0.00, real=0.00 secs] 
2026-06-17T09:47:34.860+0800: 59.509: [GC (Allocation Failure) 2026-06-17T09:47:34.862+0800: 59.510: [DefNew: 19645K->2169K(19648K), 0.0014549 secs] 54891K->43446K(63360K), 0.0045834 secs] [Times: user=0.00 sys=0.00, real=0.01 secs] 
2026-06-17T09:47:34.920+0800: 59.568: [GC (Allocation Failure) 2026-06-17T09:47:34.920+0800: 59.568: [DefNew: 19587K->19587K(19648K), 0.0003075 secs]2026-06-17T09:47:34.921+0800: 59.569: [Tenured: 41277K->21326K(43712K), 0.0044103 secs] 60864K->21326K(63360K), [Metaspace: 2713K->2713K(1056768K)], 0.0165859 secs] [Times: user=0.00 sys=0.00, real=0.02 secs] 
2026-06-17T09:47:34.979+0800: 59.627: [GC (Allocation Failure) 2026-06-17T09:47:34.980+0800: 59.628: [DefNew: 17461K->2169K(19648K), 0.0012324 secs] 38787K->28389K(63360K), 0.0018771 secs] [Times: user=0.00 sys=0.00, real=0.00 secs] 
2026-06-17T09:47:35.025+0800: 59.673: [GC (Allocation Failure) 2026-06-17T09:47:35.026+0800: 59.674: [DefNew: 19641K->2167K(19648K), 0.0017667 secs] 45861K->32715K(63360K), 0.0028631 secs] [Times: user=0.00 sys=0.00, real=0.00 secs] 
2026-06-17T09:47:35.072+0800: 59.720: [GC (Allocation Failure) 2026-06-17T09:47:35.074+0800: 59.722: [DefNew: 19602K->2175K(19648K), 0.0017160 secs] 50150K->36418K(63360K), 0.0044467 secs] [Times: user=0.00 sys=0.00, real=0.00 secs] 
2026-06-17T09:47:35.121+0800: 59.769: [GC (Allocation Failure) 2026-06-17T09:47:35.122+0800: 59.770: [DefNew: 19633K->2173K(19648K), 0.0025318 secs] 53876K->41040K(63360K), 0.0042495 secs] [Times: user=0.01 sys=0.00, real=0.01 secs] 
2026-06-17T09:47:35.181+0800: 59.829: [GC (Allocation Failure) 2026-06-17T09:47:35.182+0800: 59.830: [DefNew: 19611K->19611K(19648K), 0.0006252 secs]2026-06-17T09:47:35.183+0800: 59.831: [Tenured: 38867K->25546K(43712K), 0.0055972 secs] 58478K->25546K(63360K), [Metaspace: 2713K->2713K(1056768K)], 0.0090893 secs] [Times: user=0.00 sys=0.00, real=0.02 secs] 
2026-06-17T09:47:35.225+0800: 59.873: [GC (Allocation Failure) 2026-06-17T09:47:35.225+0800: 59.873: [DefNew: 17201K->2151K(19648K), 0.0013825 secs] 42747K->32084K(63360K), 0.0025714 secs] [Times: user=0.00 sys=0.00, real=0.00 secs] 
2026-06-17T09:47:35.280+0800: 59.929: [GC (Allocation Failure) 2026-06-17T09:47:35.281+0800: 59.929: [DefNew: 19580K->2159K(19648K), 0.0010086 secs] 49514K->35903K(63360K), 0.0019668 secs] [Times: user=0.00 sys=0.00, real=0.01 secs] 
2026-06-17T09:47:35.326+0800: 59.974: [GC (Allocation Failure) 2026-06-17T09:47:35.329+0800: 59.977: [DefNew: 19631K->2169K(19648K), 0.0020155 secs] 53375K->39102K(63360K), 0.0056855 secs] [Times: user=0.00 sys=0.00, real=0.01 secs] 
2026-06-17T09:47:35.375+0800: 60.024: [GC (Allocation Failure) 2026-06-17T09:47:35.376+0800: 60.024: [DefNew: 19620K->19620K(19648K), 0.0005193 secs]2026-06-17T09:47:35.377+0800: 60.025: [Tenured: 36933K->30133K(43712K), 0.0043456 secs] 56553K->30133K(63360K), [Metaspace: 2713K->2713K(1056768K)], 0.0065567 secs] [Times: user=0.00 sys=0.00, real=0.00 secs] 
Heap
 def new generation   total 19648K, used 1809K [0x00000000fc000000, 0x00000000fd550000, 0x00000000fd550000)
  eden space 17472K,  10% used [0x00000000fc000000, 0x00000000fc1c4718, 0x00000000fd110000)
  from space 2176K,   0% used [0x00000000fd110000, 0x00000000fd110000, 0x00000000fd330000)
  to   space 2176K,   0% used [0x00000000fd330000, 0x00000000fd330000, 0x00000000fd550000)
 tenured generation   total 43712K, used 30133K [0x00000000fd550000, 0x0000000100000000, 0x0000000100000000)
   the space 43712K,  68% used [0x00000000fd550000, 0x00000000ff2bd4c0, 0x00000000ff2bd600, 0x0000000100000000)
 Metaspace       used 2721K, capacity 4494K, committed 4864K, reserved 1056768K
  class space    used 282K, capacity 386K, committed 512K, reserved 1048576K
