[2026-06-17T10:00:01.147+0800][0.009s][info][gc,init] CardTable entry size: 512
[2026-06-17T10:00:01.149+0800][0.011s][info][gc     ] Using Serial
[2026-06-17T10:00:01.149+0800][0.012s][info][gc,init] Version: 21.0.11+10-LTS (release)
[2026-06-17T10:00:01.149+0800][0.012s][info][gc,init] CPUs: 24 total, 24 available
[2026-06-17T10:00:01.149+0800][0.012s][info][gc,init] Memory: 15856M
[2026-06-17T10:00:01.150+0800][0.012s][info][gc,init] Large Page Support: Disabled
[2026-06-17T10:00:01.150+0800][0.012s][info][gc,init] NUMA Support: Disabled
[2026-06-17T10:00:01.150+0800][0.013s][info][gc,init] Compressed Oops: Enabled (32-bit)
[2026-06-17T10:00:01.150+0800][0.013s][info][gc,init] Heap Min Capacity: 64M
[2026-06-17T10:00:01.150+0800][0.013s][info][gc,init] Heap Initial Capacity: 64M
[2026-06-17T10:00:01.150+0800][0.013s][info][gc,init] Heap Max Capacity: 64M
[2026-06-17T10:00:01.150+0800][0.013s][info][gc,init] Pre-touch: Disabled
[2026-06-17T10:00:01.156+0800][0.019s][info][gc,metaspace] CDS archive(s) mapped at: [0x00007bd78d000000-0x00007bd78dbad000-0x00007bd78dbad000), size 12242944, SharedBaseAddress: 0x00007bd78d000000, ArchiveRelocationMode: 1.
[2026-06-17T10:00:01.158+0800][0.021s][info][gc,metaspace] Compressed class space mapped at: 0x00007bd78e000000-0x00007bd7ce000000, reserved size: 1073741824
[2026-06-17T10:00:01.159+0800][0.021s][info][gc,metaspace] Narrow klass base: 0x00007bd78d000000, Narrow klass shift: 0, Narrow klass range: 0x100000000
[2026-06-17T10:00:01.382+0800][0.245s][info][gc,start    ] GC(0) Pause Young (Allocation Failure)
[2026-06-17T10:00:01.404+0800][0.267s][info][gc,heap     ] GC(0) DefNew: 17472K(19648K)->2176K(19648K) Eden: 17472K(17472K)->0K(17472K) From: 0K(2176K)->2176K(2176K)
[2026-06-17T10:00:01.410+0800][0.273s][info][gc,heap     ] GC(0) Tenured: 999K(43712K)->5258K(43712K)
[2026-06-17T10:00:01.411+0800][0.274s][info][gc,metaspace] GC(0) Metaspace: 98K(320K)->98K(320K) NonClass: 90K(192K)->90K(192K) Class: 7K(128K)->7K(128K)
[2026-06-17T10:00:01.460+0800][0.323s][info][gc          ] GC(0) Pause Young (Allocation Failure) 18M->7M(61M) 77.509ms
[2026-06-17T10:00:01.460+0800][0.323s][info][gc,cpu      ] GC(0) User=0.00s Sys=0.00s Real=0.08s
[2026-06-17T10:00:01.503+0800][0.366s][info][gc,start    ] GC(1) Pause Young (Allocation Failure)
[2026-06-17T10:00:01.510+0800][0.373s][info][gc,heap     ] GC(1) DefNew: 19622K(19648K)->2098K(19648K) Eden: 17446K(17472K)->0K(17472K) From: 2176K(2176K)->2098K(2176K)
[2026-06-17T10:00:01.517+0800][0.380s][info][gc,heap     ] GC(1) Tenured: 5258K(43712K)->9303K(43712K)
[2026-06-17T10:00:01.518+0800][0.380s][info][gc,metaspace] GC(1) Metaspace: 98K(320K)->98K(320K) NonClass: 90K(192K)->90K(192K) Class: 7K(128K)->7K(128K)
[2026-06-17T10:00:01.519+0800][0.381s][info][gc          ] GC(1) Pause Young (Allocation Failure) 24M->11M(61M) 15.474ms
[2026-06-17T10:00:01.519+0800][0.382s][info][gc,cpu      ] GC(1) User=0.00s Sys=0.00s Real=0.01s
[2026-06-17T10:00:01.571+0800][0.434s][info][gc,start    ] GC(2) Pause Young (Allocation Failure)
[2026-06-17T10:00:01.572+0800][0.435s][info][gc,heap     ] GC(2) DefNew: 19570K(19648K)->1857K(19648K) Eden: 17472K(17472K)->0K(17472K) From: 2098K(2176K)->1857K(2176K)
[2026-06-17T10:00:01.572+0800][0.435s][info][gc,heap     ] GC(2) Tenured: 9303K(43712K)->9303K(43712K)
[2026-06-17T10:00:01.572+0800][0.435s][info][gc,metaspace] GC(2) Metaspace: 98K(320K)->98K(320K) NonClass: 90K(192K)->90K(192K) Class: 7K(128K)->7K(128K)
[2026-06-17T10:00:01.573+0800][0.435s][info][gc          ] GC(2) Pause Young (Allocation Failure) 28M->10M(61M) 1.469ms
[2026-06-17T10:00:01.573+0800][0.436s][info][gc,cpu      ] GC(2) User=0.00s Sys=0.00s Real=0.00s
[2026-06-17T10:00:01.605+0800][0.468s][info][gc,start    ] GC(3) Pause Young (Allocation Failure)
[2026-06-17T10:00:01.609+0800][0.472s][info][gc,heap     ] GC(3) DefNew: 19312K(19648K)->2083K(19648K) Eden: 17455K(17472K)->0K(17472K) From: 1857K(2176K)->2083K(2176K)
[2026-06-17T10:00:01.610+0800][0.472s][info][gc,heap     ] GC(3) Tenured: 9303K(43712K)->12548K(43712K)
[2026-06-17T10:00:01.610+0800][0.473s][info][gc,metaspace] GC(3) Metaspace: 98K(320K)->98K(320K) NonClass: 90K(192K)->90K(192K) Class: 7K(128K)->7K(128K)
[2026-06-17T10:00:01.612+0800][0.475s][info][gc          ] GC(3) Pause Young (Allocation Failure) 27M->14M(61M) 7.094ms
[2026-06-17T10:00:01.613+0800][0.476s][info][gc,cpu      ] GC(3) User=0.01s Sys=0.00s Real=0.01s
[2026-06-17T10:00:01.667+0800][0.530s][info][gc,start    ] GC(4) Pause Young (Allocation Failure)
[2026-06-17T10:00:01.669+0800][0.532s][info][gc,heap     ] GC(4) DefNew: 19555K(19648K)->2103K(19648K) Eden: 17472K(17472K)->0K(17472K) From: 2083K(2176K)->2103K(2176K)
[2026-06-17T10:00:01.670+0800][0.533s][info][gc,heap     ] GC(4) Tenured: 12548K(43712K)->16495K(43712K)
[2026-06-17T10:00:01.671+0800][0.533s][info][gc,metaspace] GC(4) Metaspace: 98K(320K)->98K(320K) NonClass: 90K(192K)->90K(192K) Class: 7K(128K)->7K(128K)
[2026-06-17T10:00:01.671+0800][0.534s][info][gc          ] GC(4) Pause Young (Allocation Failure) 31M->18M(61M) 3.881ms
[2026-06-17T10:00:01.671+0800][0.534s][info][gc,cpu      ] GC(4) User=0.00s Sys=0.00s Real=0.01s
[2026-06-17T10:00:01.714+0800][0.576s][info][gc,start    ] GC(5) Pause Young (Allocation Failure)
[2026-06-17T10:00:01.716+0800][0.579s][info][gc,heap     ] GC(5) DefNew: 19575K(19648K)->2129K(19648K) Eden: 17472K(17472K)->0K(17472K) From: 2103K(2176K)->2129K(2176K)
[2026-06-17T10:00:01.716+0800][0.579s][info][gc,heap     ] GC(5) Tenured: 16495K(43712K)->20022K(43712K)
[2026-06-17T10:00:01.717+0800][0.580s][info][gc,metaspace] GC(5) Metaspace: 98K(320K)->98K(320K) NonClass: 90K(192K)->90K(192K) Class: 7K(128K)->7K(128K)
[2026-06-17T10:00:01.718+0800][0.581s][info][gc          ] GC(5) Pause Young (Allocation Failure) 35M->21M(61M) 4.711ms
[2026-06-17T10:00:01.719+0800][0.582s][info][gc,cpu      ] GC(5) User=0.00s Sys=0.01s Real=0.00s
[2026-06-17T10:00:01.761+0800][0.624s][info][gc,start    ] GC(6) Pause Young (Allocation Failure)
[2026-06-17T10:00:01.764+0800][0.626s][info][gc,heap     ] GC(6) DefNew: 19601K(19648K)->2144K(19648K) Eden: 17472K(17472K)->0K(17472K) From: 2129K(2176K)->2144K(2176K)
[2026-06-17T10:00:01.764+0800][0.627s][info][gc,heap     ] GC(6) Tenured: 20022K(43712K)->23492K(43712K)
[2026-06-17T10:00:01.764+0800][0.627s][info][gc,metaspace] GC(6) Metaspace: 98K(320K)->98K(320K) NonClass: 90K(192K)->90K(192K) Class: 7K(128K)->7K(128K)
[2026-06-17T10:00:01.764+0800][0.627s][info][gc          ] GC(6) Pause Young (Allocation Failure) 38M->25M(61M) 3.180ms
[2026-06-17T10:00:01.764+0800][0.627s][info][gc,cpu      ] GC(6) User=0.00s Sys=0.00s Real=0.01s
[2026-06-17T10:00:01.807+0800][0.669s][info][gc,start    ] GC(7) Pause Young (Allocation Failure)
[2026-06-17T10:00:01.809+0800][0.672s][info][gc,heap     ] GC(7) DefNew: 19604K(19648K)->2172K(19648K) Eden: 17460K(17472K)->0K(17472K) From: 2144K(2176K)->2172K(2176K)
[2026-06-17T10:00:01.810+0800][0.672s][info][gc,heap     ] GC(7) Tenured: 23492K(43712K)->26844K(43712K)
[2026-06-17T10:00:01.810+0800][0.673s][info][gc,metaspace] GC(7) Metaspace: 100K(320K)->100K(320K) NonClass: 92K(192K)->92K(192K) Class: 7K(128K)->7K(128K)
[2026-06-17T10:00:01.810+0800][0.673s][info][gc          ] GC(7) Pause Young (Allocation Failure) 42M->28M(61M) 3.393ms
[2026-06-17T10:00:01.810+0800][0.673s][info][gc,cpu      ] GC(7) User=0.01s Sys=0.00s Real=0.00s
[2026-06-17T10:00:01.852+0800][0.715s][info][gc,start    ] GC(8) Pause Young (Allocation Failure)
[2026-06-17T10:00:01.856+0800][0.719s][info][gc,heap     ] GC(8) DefNew: 19604K(19648K)->2172K(19648K) Eden: 17431K(17472K)->0K(17472K) From: 2172K(2176K)->2172K(2176K)
[2026-06-17T10:00:01.856+0800][0.719s][info][gc,heap     ] GC(8) Tenured: 26844K(43712K)->31931K(43712K)
[2026-06-17T10:00:01.857+0800][0.719s][info][gc,metaspace] GC(8) Metaspace: 100K(320K)->100K(320K) NonClass: 92K(192K)->92K(192K) Class: 7K(128K)->7K(128K)
[2026-06-17T10:00:01.857+0800][0.720s][info][gc          ] GC(8) Pause Young (Allocation Failure) 45M->33M(61M) 4.616ms
[2026-06-17T10:00:01.857+0800][0.720s][info][gc,cpu      ] GC(8) User=0.00s Sys=0.00s Real=0.00s
[2026-06-17T10:00:01.910+0800][0.773s][info][gc,start    ] GC(9) Pause Young (Allocation Failure)
[2026-06-17T10:00:01.912+0800][0.775s][info][gc,heap     ] GC(9) DefNew: 19629K(19648K)->2148K(19648K) Eden: 17456K(17472K)->0K(17472K) From: 2172K(2176K)->2148K(2176K)
[2026-06-17T10:00:01.912+0800][0.775s][info][gc,heap     ] GC(9) Tenured: 31931K(43712K)->35057K(43712K)
[2026-06-17T10:00:01.913+0800][0.775s][info][gc,metaspace] GC(9) Metaspace: 100K(320K)->100K(320K) NonClass: 92K(192K)->92K(192K) Class: 7K(128K)->7K(128K)
[2026-06-17T10:00:01.913+0800][0.776s][info][gc          ] GC(9) Pause Young (Allocation Failure) 50M->36M(61M) 2.974ms
[2026-06-17T10:00:01.913+0800][0.776s][info][gc,cpu      ] GC(9) User=0.00s Sys=0.00s Real=0.01s
[2026-06-17T10:00:01.955+0800][0.818s][info][gc,start    ] GC(10) Pause Young (Allocation Failure)
[2026-06-17T10:00:01.957+0800][0.820s][info][gc,heap     ] GC(10) DefNew: 19590K(19648K)->2169K(19648K) Eden: 17441K(17472K)->0K(17472K) From: 2148K(2176K)->2169K(2176K)
[2026-06-17T10:00:01.958+0800][0.821s][info][gc,heap     ] GC(10) Tenured: 35057K(43712K)->38267K(43712K)
[2026-06-17T10:00:01.958+0800][0.821s][info][gc,metaspace] GC(10) Metaspace: 100K(320K)->100K(320K) NonClass: 92K(192K)->92K(192K) Class: 7K(128K)->7K(128K)
[2026-06-17T10:00:01.958+0800][0.821s][info][gc          ] GC(10) Pause Young (Allocation Failure) 53M->39M(61M) 3.345ms
[2026-06-17T10:00:01.958+0800][0.821s][info][gc,cpu      ] GC(10) User=0.00s Sys=0.00s Real=0.00s
[2026-06-17T10:00:02.001+0800][0.864s][info][gc,start    ] GC(11) Pause Young (Allocation Failure)
[2026-06-17T10:00:02.007+0800][0.870s][info][gc,heap     ] GC(11) DefNew: 19603K(19648K)->2128K(19648K) Eden: 17434K(17472K)->0K(17472K) From: 2169K(2176K)->2128K(2176K)
[2026-06-17T10:00:02.016+0800][0.879s][info][gc,heap     ] GC(11) Tenured: 38267K(43712K)->42019K(43712K)
[2026-06-17T10:00:02.016+0800][0.879s][info][gc,metaspace] GC(11) Metaspace: 100K(320K)->100K(320K) NonClass: 92K(192K)->92K(192K) Class: 7K(128K)->7K(128K)
[2026-06-17T10:00:02.027+0800][0.889s][info][gc          ] GC(11) Pause Young (Allocation Failure) 56M->43M(61M) 25.613ms
[2026-06-17T10:00:02.027+0800][0.890s][info][gc,cpu      ] GC(11) User=0.01s Sys=0.00s Real=0.03s
[2026-06-17T10:00:02.070+0800][0.933s][info][gc,start    ] GC(12) Pause Young (Allocation Failure)
[2026-06-17T10:00:02.070+0800][0.933s][info][gc          ] GC(12) Pause Young (Allocation Failure) 60M->60M(61M) 0.423ms
[2026-06-17T10:00:02.071+0800][0.933s][info][gc,cpu      ] GC(12) User=0.00s Sys=0.00s Real=0.01s
[2026-06-17T10:00:02.071+0800][0.934s][info][gc,start    ] GC(13) Pause Full (Allocation Failure)
[2026-06-17T10:00:02.071+0800][0.934s][info][gc,phases,start] GC(13) Phase 1: Mark live objects
[2026-06-17T10:00:02.074+0800][0.937s][info][gc,phases      ] GC(13) Phase 1: Mark live objects 3.061ms
[2026-06-17T10:00:02.074+0800][0.937s][info][gc,phases,start] GC(13) Phase 2: Compute new object addresses
[2026-06-17T10:00:02.075+0800][0.938s][info][gc,phases      ] GC(13) Phase 2: Compute new object addresses 0.596ms
[2026-06-17T10:00:02.075+0800][0.938s][info][gc,phases,start] GC(13) Phase 3: Adjust pointers
[2026-06-17T10:00:02.076+0800][0.939s][info][gc,phases      ] GC(13) Phase 3: Adjust pointers 0.497ms
[2026-06-17T10:00:02.076+0800][0.939s][info][gc,phases,start] GC(13) Phase 4: Move objects
[2026-06-17T10:00:02.078+0800][0.941s][info][gc,phases      ] GC(13) Phase 4: Move objects 1.950ms
[2026-06-17T10:00:02.078+0800][0.941s][info][gc,heap        ] GC(13) DefNew: 19600K(19648K)->0K(19648K) Eden: 17472K(17472K)->0K(17472K) From: 2128K(2176K)->0K(2176K)
[2026-06-17T10:00:02.079+0800][0.942s][info][gc,heap        ] GC(13) Tenured: 42019K(43712K)->24412K(43712K)
[2026-06-17T10:00:02.080+0800][0.943s][info][gc,metaspace   ] GC(13) Metaspace: 100K(320K)->100K(320K) NonClass: 92K(192K)->92K(192K) Class: 7K(128K)->7K(128K)
[2026-06-17T10:00:02.080+0800][0.943s][info][gc             ] GC(13) Pause Full (Allocation Failure) 60M->23M(61M) 9.175ms
[2026-06-17T10:00:02.080+0800][0.943s][info][gc,cpu         ] GC(13) User=0.00s Sys=0.00s Real=0.00s
[2026-06-17T10:00:02.122+0800][0.985s][info][gc,start       ] GC(14) Pause Young (Allocation Failure)
[2026-06-17T10:00:02.124+0800][0.986s][info][gc,heap        ] GC(14) DefNew: 17447K(19648K)->2173K(19648K) Eden: 17447K(17472K)->0K(17472K) From: 0K(2176K)->2173K(2176K)
[2026-06-17T10:00:02.124+0800][0.987s][info][gc,heap        ] GC(14) Tenured: 24412K(43712K)->28990K(43712K)
[2026-06-17T10:00:02.124+0800][0.987s][info][gc,metaspace   ] GC(14) Metaspace: 100K(320K)->100K(320K) NonClass: 92K(192K)->92K(192K) Class: 7K(128K)->7K(128K)
[2026-06-17T10:00:02.124+0800][0.987s][info][gc             ] GC(14) Pause Young (Allocation Failure) 40M->30M(61M) 1.953ms
[2026-06-17T10:00:02.124+0800][0.987s][info][gc,cpu         ] GC(14) User=0.00s Sys=0.00s Real=0.01s
[2026-06-17T10:00:02.167+0800][1.029s][info][gc,start       ] GC(15) Pause Young (Allocation Failure)
[2026-06-17T10:00:02.168+0800][1.030s][info][gc,heap        ] GC(15) DefNew: 19642K(19648K)->2167K(19648K) Eden: 17468K(17472K)->0K(17472K) From: 2173K(2176K)->2167K(2176K)
[2026-06-17T10:00:02.168+0800][1.031s][info][gc,heap        ] GC(15) Tenured: 28990K(43712K)->34243K(43712K)
[2026-06-17T10:00:02.168+0800][1.031s][info][gc,metaspace   ] GC(15) Metaspace: 100K(320K)->100K(320K) NonClass: 92K(192K)->92K(192K) Class: 7K(128K)->7K(128K)
[2026-06-17T10:00:02.169+0800][1.031s][info][gc             ] GC(15) Pause Young (Allocation Failure) 47M->35M(61M) 2.118ms
[2026-06-17T10:00:02.169+0800][1.032s][info][gc,cpu         ] GC(15) User=0.00s Sys=0.00s Real=0.00s
[2026-06-17T10:00:02.221+0800][1.084s][info][gc,start       ] GC(16) Pause Young (Allocation Failure)
[2026-06-17T10:00:02.222+0800][1.085s][info][gc,heap        ] GC(16) DefNew: 19626K(19648K)->2074K(19648K) Eden: 17459K(17472K)->0K(17472K) From: 2167K(2176K)->2074K(2176K)
[2026-06-17T10:00:02.223+0800][1.085s][info][gc,heap        ] GC(16) Tenured: 34243K(43712K)->34618K(43712K)
[2026-06-17T10:00:02.223+0800][1.086s][info][gc,metaspace   ] GC(16) Metaspace: 100K(320K)->100K(320K) NonClass: 92K(192K)->92K(192K) Class: 7K(128K)->7K(128K)
[2026-06-17T10:00:02.223+0800][1.086s][info][gc             ] GC(16) Pause Young (Allocation Failure) 52M->35M(61M) 1.890ms
[2026-06-17T10:00:02.224+0800][1.086s][info][gc,cpu         ] GC(16) User=0.00s Sys=0.00s Real=0.01s
[2026-06-17T10:00:02.256+0800][1.119s][info][gc,start       ] GC(17) Pause Young (Allocation Failure)
[2026-06-17T10:00:02.257+0800][1.120s][info][gc,heap        ] GC(17) DefNew: 19489K(19648K)->2100K(19648K) Eden: 17414K(17472K)->0K(17472K) From: 2074K(2176K)->2100K(2176K)
[2026-06-17T10:00:02.258+0800][1.120s][info][gc,heap        ] GC(17) Tenured: 34618K(43712K)->37592K(43712K)
[2026-06-17T10:00:02.258+0800][1.121s][info][gc,metaspace   ] GC(17) Metaspace: 100K(320K)->100K(320K) NonClass: 92K(192K)->92K(192K) Class: 7K(128K)->7K(128K)
[2026-06-17T10:00:02.258+0800][1.121s][info][gc             ] GC(17) Pause Young (Allocation Failure) 52M->38M(61M) 2.182ms
[2026-06-17T10:00:02.259+0800][1.121s][info][gc,cpu         ] GC(17) User=0.00s Sys=0.00s Real=0.00s
[2026-06-17T10:00:02.301+0800][1.164s][info][gc,start       ] GC(18) Pause Young (Allocation Failure)
[2026-06-17T10:00:02.303+0800][1.166s][info][gc,promotion   ] GC(18) Promotion failed
[2026-06-17T10:00:02.305+0800][1.168s][info][gc             ] GC(18) Pause Young (Allocation Failure) 55M->61M(61M) 3.712ms
[2026-06-17T10:00:02.306+0800][1.168s][info][gc,cpu         ] GC(18) User=0.00s Sys=0.00s Real=0.01s
[2026-06-17T10:00:02.306+0800][1.169s][info][gc,start       ] GC(19) Pause Full (Allocation Failure)
[2026-06-17T10:00:02.307+0800][1.169s][info][gc,phases,start] GC(19) Phase 1: Mark live objects
[2026-06-17T10:00:02.308+0800][1.171s][info][gc,phases      ] GC(19) Phase 1: Mark live objects 1.231ms
[2026-06-17T10:00:02.308+0800][1.171s][info][gc,phases,start] GC(19) Phase 2: Compute new object addresses
[2026-06-17T10:00:02.309+0800][1.172s][info][gc,phases      ] GC(19) Phase 2: Compute new object addresses 0.809ms
[2026-06-17T10:00:02.310+0800][1.172s][info][gc,phases,start] GC(19) Phase 3: Adjust pointers
[2026-06-17T10:00:02.311+0800][1.173s][info][gc,phases      ] GC(19) Phase 3: Adjust pointers 0.852ms
[2026-06-17T10:00:02.311+0800][1.174s][info][gc,phases,start] GC(19) Phase 4: Move objects
[2026-06-17T10:00:02.314+0800][1.177s][info][gc,phases      ] GC(19) Phase 4: Move objects 2.870ms
[2026-06-17T10:00:02.315+0800][1.178s][info][gc,heap        ] GC(19) DefNew: 19557K(19648K)->0K(19648K) Eden: 17456K(17472K)->0K(17472K) From: 2100K(2176K)->0K(2176K)
[2026-06-17T10:00:02.315+0800][1.178s][info][gc,heap        ] GC(19) Tenured: 37592K(43712K)->31150K(43712K)
[2026-06-17T10:00:02.315+0800][1.178s][info][gc,metaspace   ] GC(19) Metaspace: 100K(320K)->100K(320K) NonClass: 92K(192K)->92K(192K) Class: 7K(128K)->7K(128K)
[2026-06-17T10:00:02.315+0800][1.178s][info][gc             ] GC(19) Pause Full (Allocation Failure) 61M->30M(61M) 9.158ms
[2026-06-17T10:00:02.315+0800][1.178s][info][gc,cpu         ] GC(19) User=0.01s Sys=0.00s Real=0.01s
[2026-06-17T10:00:02.368+0800][1.231s][info][gc,start       ] GC(20) Pause Young (Allocation Failure)
[2026-06-17T10:00:02.369+0800][1.232s][info][gc,heap        ] GC(20) DefNew: 17472K(19648K)->2130K(19648K) Eden: 17472K(17472K)->0K(17472K) From: 0K(2176K)->2130K(2176K)
[2026-06-17T10:00:02.369+0800][1.232s][info][gc,heap        ] GC(20) Tenured: 31150K(43712K)->32533K(43712K)
[2026-06-17T10:00:02.370+0800][1.233s][info][gc,metaspace   ] GC(20) Metaspace: 100K(320K)->100K(320K) NonClass: 92K(192K)->92K(192K) Class: 7K(128K)->7K(128K)
[2026-06-17T10:00:02.371+0800][1.234s][info][gc             ] GC(20) Pause Young (Allocation Failure) 47M->33M(61M) 2.923ms
[2026-06-17T10:00:02.371+0800][1.234s][info][gc,cpu         ] GC(20) User=0.00s Sys=0.00s Real=0.01s
[2026-06-17T10:00:02.414+0800][1.277s][info][gc,start       ] GC(21) Pause Young (Allocation Failure)
[2026-06-17T10:00:02.415+0800][1.278s][info][gc,heap        ] GC(21) DefNew: 19596K(19648K)->2165K(19648K) Eden: 17465K(17472K)->0K(17472K) From: 2130K(2176K)->2165K(2176K)
[2026-06-17T10:00:02.416+0800][1.279s][info][gc,heap        ] GC(21) Tenured: 32533K(43712K)->35826K(43712K)
[2026-06-17T10:00:02.416+0800][1.279s][info][gc,metaspace   ] GC(21) Metaspace: 100K(320K)->100K(320K) NonClass: 92K(192K)->92K(192K) Class: 7K(128K)->7K(128K)
[2026-06-17T10:00:02.417+0800][1.280s][info][gc             ] GC(21) Pause Young (Allocation Failure) 50M->37M(61M) 2.920ms
[2026-06-17T10:00:02.418+0800][1.280s][info][gc,cpu         ] GC(21) User=0.00s Sys=0.00s Real=0.00s
[2026-06-17T10:00:02.460+0800][1.323s][info][gc,start       ] GC(22) Pause Young (Allocation Failure)
[2026-06-17T10:00:02.461+0800][1.324s][info][gc,heap        ] GC(22) DefNew: 19629K(19648K)->2118K(19648K) Eden: 17463K(17472K)->0K(17472K) From: 2165K(2176K)->2118K(2176K)
[2026-06-17T10:00:02.461+0800][1.324s][info][gc,heap        ] GC(22) Tenured: 35826K(43712K)->39518K(43712K)
[2026-06-17T10:00:02.462+0800][1.324s][info][gc,metaspace   ] GC(22) Metaspace: 100K(320K)->100K(320K) NonClass: 92K(192K)->92K(192K) Class: 7K(128K)->7K(128K)
[2026-06-17T10:00:02.462+0800][1.325s][info][gc             ] GC(22) Pause Young (Allocation Failure) 54M->40M(61M) 1.516ms
[2026-06-17T10:00:02.462+0800][1.325s][info][gc,cpu         ] GC(22) User=0.00s Sys=0.00s Real=0.00s
[2026-06-17T10:00:02.504+0800][1.367s][info][gc,start       ] GC(23) Pause Young (Allocation Failure)
[2026-06-17T10:00:02.504+0800][1.367s][info][gc             ] GC(23) Pause Young (Allocation Failure) 57M->57M(61M) 0.409ms
[2026-06-17T10:00:02.505+0800][1.368s][info][gc,cpu         ] GC(23) User=0.00s Sys=0.00s Real=0.00s
[2026-06-17T10:00:02.505+0800][1.368s][info][gc,start       ] GC(24) Pause Full (Allocation Failure)
[2026-06-17T10:00:02.506+0800][1.369s][info][gc,phases,start] GC(24) Phase 1: Mark live objects
[2026-06-17T10:00:02.507+0800][1.369s][info][gc,phases      ] GC(24) Phase 1: Mark live objects 0.906ms
[2026-06-17T10:00:02.507+0800][1.370s][info][gc,phases,start] GC(24) Phase 2: Compute new object addresses
[2026-06-17T10:00:02.507+0800][1.370s][info][gc,phases      ] GC(24) Phase 2: Compute new object addresses 0.472ms
[2026-06-17T10:00:02.508+0800][1.370s][info][gc,phases,start] GC(24) Phase 3: Adjust pointers
[2026-06-17T10:00:02.508+0800][1.371s][info][gc,phases      ] GC(24) Phase 3: Adjust pointers 0.468ms
[2026-06-17T10:00:02.508+0800][1.371s][info][gc,phases,start] GC(24) Phase 4: Move objects
[2026-06-17T10:00:02.511+0800][1.373s][info][gc,phases      ] GC(24) Phase 4: Move objects 2.277ms
[2026-06-17T10:00:02.511+0800][1.374s][info][gc,heap        ] GC(24) DefNew: 19590K(19648K)->0K(19648K) Eden: 17472K(17472K)->0K(17472K) From: 2118K(2176K)->0K(2176K)
[2026-06-17T10:00:02.512+0800][1.374s][info][gc,heap        ] GC(24) Tenured: 39518K(43712K)->32016K(43712K)
[2026-06-17T10:00:02.512+0800][1.375s][info][gc,metaspace   ] GC(24) Metaspace: 100K(320K)->100K(320K) NonClass: 92K(192K)->92K(192K) Class: 7K(128K)->7K(128K)
[2026-06-17T10:00:02.512+0800][1.375s][info][gc             ] GC(24) Pause Full (Allocation Failure) 57M->31M(61M) 6.804ms
[2026-06-17T10:00:02.513+0800][1.375s][info][gc,cpu         ] GC(24) User=0.01s Sys=0.00s Real=0.01s
[2026-06-17T10:00:02.555+0800][1.417s][info][gc,start       ] GC(25) Pause Young (Allocation Failure)
[2026-06-17T10:00:02.556+0800][1.418s][info][gc,heap        ] GC(25) DefNew: 17433K(19648K)->2170K(19648K) Eden: 17433K(17472K)->0K(17472K) From: 0K(2176K)->2170K(2176K)
[2026-06-17T10:00:02.556+0800][1.419s][info][gc,heap        ] GC(25) Tenured: 32016K(43712K)->36629K(43712K)
[2026-06-17T10:00:02.557+0800][1.419s][info][gc,metaspace   ] GC(25) Metaspace: 100K(320K)->100K(320K) NonClass: 92K(192K)->92K(192K) Class: 7K(128K)->7K(128K)
[2026-06-17T10:00:02.557+0800][1.420s][info][gc             ] GC(25) Pause Young (Allocation Failure) 48M->37M(61M) 2.234ms
[2026-06-17T10:00:02.557+0800][1.420s][info][gc,cpu         ] GC(25) User=0.00s Sys=0.00s Real=0.00s
[2026-06-17T10:00:02.610+0800][1.472s][info][gc,start       ] GC(26) Pause Young (Allocation Failure)
[2026-06-17T10:00:02.611+0800][1.473s][info][gc,heap        ] GC(26) DefNew: 19641K(19648K)->2089K(19648K) Eden: 17470K(17472K)->0K(17472K) From: 2170K(2176K)->2089K(2176K)
[2026-06-17T10:00:02.611+0800][1.474s][info][gc,heap        ] GC(26) Tenured: 36629K(43712K)->37440K(43712K)
[2026-06-17T10:00:02.611+0800][1.474s][info][gc,metaspace   ] GC(26) Metaspace: 100K(320K)->100K(320K) NonClass: 92K(192K)->92K(192K) Class: 7K(128K)->7K(128K)
[2026-06-17T10:00:02.611+0800][1.474s][info][gc             ] GC(26) Pause Young (Allocation Failure) 54M->38M(61M) 1.738ms
[2026-06-17T10:00:02.612+0800][1.474s][info][gc,cpu         ] GC(26) User=0.00s Sys=0.00s Real=0.01s
[2026-06-17T10:00:02.644+0800][1.506s][info][gc,start       ] GC(27) Pause Young (Allocation Failure)
[2026-06-17T10:00:02.645+0800][1.508s][info][gc             ] GC(27) Pause Young (Allocation Failure) 55M->55M(61M) 1.331ms
[2026-06-17T10:00:02.647+0800][1.510s][info][gc,cpu         ] GC(27) User=0.00s Sys=0.00s Real=0.00s
[2026-06-17T10:00:02.648+0800][1.510s][info][gc,start       ] GC(28) Pause Full (Allocation Failure)
[2026-06-17T10:00:02.648+0800][1.511s][info][gc,phases,start] GC(28) Phase 1: Mark live objects
[2026-06-17T10:00:02.650+0800][1.513s][info][gc,phases      ] GC(28) Phase 1: Mark live objects 2.139ms
[2026-06-17T10:00:02.651+0800][1.514s][info][gc,phases,start] GC(28) Phase 2: Compute new object addresses
[2026-06-17T10:00:02.652+0800][1.515s][info][gc,phases      ] GC(28) Phase 2: Compute new object addresses 0.963ms
[2026-06-17T10:00:02.653+0800][1.516s][info][gc,phases,start] GC(28) Phase 3: Adjust pointers
[2026-06-17T10:00:02.654+0800][1.517s][info][gc,phases      ] GC(28) Phase 3: Adjust pointers 0.760ms
[2026-06-17T10:00:02.654+0800][1.517s][info][gc,phases,start] GC(28) Phase 4: Move objects
[2026-06-17T10:00:02.657+0800][1.520s][info][gc,phases      ] GC(28) Phase 4: Move objects 2.800ms
[2026-06-17T10:00:02.658+0800][1.520s][info][gc,heap        ] GC(28) DefNew: 18922K(19648K)->0K(19648K) Eden: 16832K(17472K)->0K(17472K) From: 2089K(2176K)->0K(2176K)
[2026-06-17T10:00:02.658+0800][1.521s][info][gc,heap        ] GC(28) Tenured: 37440K(43712K)->28205K(43712K)
[2026-06-17T10:00:02.658+0800][1.521s][info][gc,metaspace   ] GC(28) Metaspace: 100K(320K)->100K(320K) NonClass: 92K(192K)->92K(192K) Class: 7K(128K)->7K(128K)
[2026-06-17T10:00:02.658+0800][1.521s][info][gc             ] GC(28) Pause Full (Allocation Failure) 55M->27M(61M) 10.775ms
[2026-06-17T10:00:02.659+0800][1.521s][info][gc,cpu         ] GC(28) User=0.01s Sys=0.00s Real=0.01s
[2026-06-17T10:00:02.711+0800][1.574s][info][gc,start       ] GC(29) Pause Young (Allocation Failure)
[2026-06-17T10:00:02.712+0800][1.575s][info][gc,heap        ] GC(29) DefNew: 17448K(19648K)->2072K(19648K) Eden: 17448K(17472K)->0K(17472K) From: 0K(2176K)->2072K(2176K)
[2026-06-17T10:00:02.712+0800][1.575s][info][gc,heap        ] GC(29) Tenured: 28205K(43712K)->29880K(43712K)
[2026-06-17T10:00:02.712+0800][1.575s][info][gc,metaspace   ] GC(29) Metaspace: 102K(320K)->102K(320K) NonClass: 95K(192K)->95K(192K) Class: 7K(128K)->7K(128K)
[2026-06-17T10:00:02.713+0800][1.575s][info][gc             ] GC(29) Pause Young (Allocation Failure) 44M->31M(61M) 1.388ms
[2026-06-17T10:00:02.713+0800][1.575s][info][gc,cpu         ] GC(29) User=0.00s Sys=0.00s Real=0.00s
[2026-06-17T10:00:02.755+0800][1.618s][info][gc,start       ] GC(30) Pause Young (Allocation Failure)
[2026-06-17T10:00:02.757+0800][1.620s][info][gc,heap        ] GC(30) DefNew: 19510K(19648K)->2171K(19648K) Eden: 17438K(17472K)->0K(17472K) From: 2072K(2176K)->2171K(2176K)
[2026-06-17T10:00:02.759+0800][1.622s][info][gc,heap        ] GC(30) Tenured: 29880K(43712K)->33669K(43712K)
[2026-06-17T10:00:02.760+0800][1.623s][info][gc,metaspace   ] GC(30) Metaspace: 102K(320K)->102K(320K) NonClass: 95K(192K)->95K(192K) Class: 7K(128K)->7K(128K)
[2026-06-17T10:00:02.761+0800][1.623s][info][gc             ] GC(30) Pause Young (Allocation Failure) 48M->35M(61M) 5.644ms
[2026-06-17T10:00:02.763+0800][1.626s][info][gc,cpu         ] GC(30) User=0.00s Sys=0.00s Real=0.01s
[2026-06-17T10:00:02.806+0800][1.669s][info][gc,start       ] GC(31) Pause Young (Allocation Failure)
[2026-06-17T10:00:02.807+0800][1.670s][info][gc,heap        ] GC(31) DefNew: 19631K(19648K)->2158K(19648K) Eden: 17460K(17472K)->0K(17472K) From: 2171K(2176K)->2158K(2176K)
[2026-06-17T10:00:02.807+0800][1.670s][info][gc,heap        ] GC(31) Tenured: 33669K(43712K)->37506K(43712K)
[2026-06-17T10:00:02.808+0800][1.670s][info][gc,metaspace   ] GC(31) Metaspace: 102K(320K)->102K(320K) NonClass: 95K(192K)->95K(192K) Class: 7K(128K)->7K(128K)
[2026-06-17T10:00:02.808+0800][1.671s][info][gc             ] GC(31) Pause Young (Allocation Failure) 52M->38M(61M) 1.983ms
[2026-06-17T10:00:02.808+0800][1.671s][info][gc,cpu         ] GC(31) User=0.00s Sys=0.00s Real=0.00s
[2026-06-17T10:00:02.851+0800][1.713s][info][gc,start       ] GC(32) Pause Young (Allocation Failure)
[2026-06-17T10:00:02.852+0800][1.715s][info][gc,heap        ] GC(32) DefNew: 18774K(19648K)->1514K(19648K) Eden: 16616K(17472K)->0K(17472K) From: 2158K(2176K)->1514K(2176K)
[2026-06-17T10:00:02.852+0800][1.715s][info][gc,heap        ] GC(32) Tenured: 37506K(43712K)->37650K(43712K)
[2026-06-17T10:00:02.852+0800][1.715s][info][gc,metaspace   ] GC(32) Metaspace: 102K(320K)->102K(320K) NonClass: 95K(192K)->95K(192K) Class: 7K(128K)->7K(128K)
[2026-06-17T10:00:02.853+0800][1.715s][info][gc             ] GC(32) Pause Young (Allocation Failure) 54M->38M(61M) 1.952ms
[2026-06-17T10:00:02.853+0800][1.715s][info][gc,cpu         ] GC(32) User=0.00s Sys=0.00s Real=0.00s
[2026-06-17T10:00:02.895+0800][1.758s][info][gc,start       ] GC(33) Pause Young (Allocation Failure)
[2026-06-17T10:00:02.896+0800][1.758s][info][gc             ] GC(33) Pause Young (Allocation Failure) 55M->55M(61M) 0.401ms
[2026-06-17T10:00:02.896+0800][1.759s][info][gc,cpu         ] GC(33) User=0.00s Sys=0.00s Real=0.00s
[2026-06-17T10:00:02.896+0800][1.759s][info][gc,start       ] GC(34) Pause Full (Allocation Failure)
[2026-06-17T10:00:02.896+0800][1.759s][info][gc,phases,start] GC(34) Phase 1: Mark live objects
[2026-06-17T10:00:02.897+0800][1.760s][info][gc,phases      ] GC(34) Phase 1: Mark live objects 0.832ms
[2026-06-17T10:00:02.897+0800][1.760s][info][gc,phases,start] GC(34) Phase 2: Compute new object addresses
[2026-06-17T10:00:02.898+0800][1.760s][info][gc,phases      ] GC(34) Phase 2: Compute new object addresses 0.348ms
[2026-06-17T10:00:02.898+0800][1.761s][info][gc,phases,start] GC(34) Phase 3: Adjust pointers
[2026-06-17T10:00:02.898+0800][1.761s][info][gc,phases      ] GC(34) Phase 3: Adjust pointers 0.393ms
[2026-06-17T10:00:02.898+0800][1.761s][info][gc,phases,start] GC(34) Phase 4: Move objects
[2026-06-17T10:00:02.901+0800][1.763s][info][gc,phases      ] GC(34) Phase 4: Move objects 2.212ms
[2026-06-17T10:00:02.901+0800][1.764s][info][gc,heap        ] GC(34) DefNew: 18968K(19648K)->0K(19648K) Eden: 17454K(17472K)->0K(17472K) From: 1514K(2176K)->0K(2176K)
[2026-06-17T10:00:02.901+0800][1.764s][info][gc,heap        ] GC(34) Tenured: 37650K(43712K)->25433K(43712K)
[2026-06-17T10:00:02.901+0800][1.764s][info][gc,metaspace   ] GC(34) Metaspace: 102K(320K)->102K(320K) NonClass: 95K(192K)->95K(192K) Class: 7K(128K)->7K(128K)
[2026-06-17T10:00:02.901+0800][1.764s][info][gc             ] GC(34) Pause Full (Allocation Failure) 55M->24M(61M) 5.451ms
[2026-06-17T10:00:02.902+0800][1.764s][info][gc,cpu         ] GC(34) User=0.00s Sys=0.00s Real=0.00s
[2026-06-17T10:00:02.944+0800][1.807s][info][gc,start       ] GC(35) Pause Young (Allocation Failure)
[2026-06-17T10:00:02.945+0800][1.808s][info][gc,heap        ] GC(35) DefNew: 17448K(19648K)->2172K(19648K) Eden: 17448K(17472K)->0K(17472K) From: 0K(2176K)->2172K(2176K)
[2026-06-17T10:00:02.946+0800][1.808s][info][gc,heap        ] GC(35) Tenured: 25433K(43712K)->30322K(43712K)
[2026-06-17T10:00:02.946+0800][1.809s][info][gc,metaspace   ] GC(35) Metaspace: 102K(320K)->102K(320K) NonClass: 95K(192K)->95K(192K) Class: 7K(128K)->7K(128K)
[2026-06-17T10:00:02.946+0800][1.809s][info][gc             ] GC(35) Pause Young (Allocation Failure) 41M->31M(61M) 2.149ms
[2026-06-17T10:00:02.946+0800][1.809s][info][gc,cpu         ] GC(35) User=0.00s Sys=0.00s Real=0.00s
[2026-06-17T10:00:02.999+0800][1.862s][info][gc,start       ] GC(36) Pause Young (Allocation Failure)
[2026-06-17T10:00:03.000+0800][1.862s][info][gc,heap        ] GC(36) DefNew: 19644K(19648K)->2172K(19648K) Eden: 17472K(17472K)->0K(17472K) From: 2172K(2176K)->2172K(2176K)
[2026-06-17T10:00:03.000+0800][1.863s][info][gc,heap        ] GC(36) Tenured: 30322K(43712K)->31324K(43712K)
[2026-06-17T10:00:03.000+0800][1.863s][info][gc,metaspace   ] GC(36) Metaspace: 102K(320K)->102K(320K) NonClass: 95K(192K)->95K(192K) Class: 7K(128K)->7K(128K)
[2026-06-17T10:00:03.000+0800][1.863s][info][gc             ] GC(36) Pause Young (Allocation Failure) 48M->32M(61M) 1.513ms
[2026-06-17T10:00:03.001+0800][1.863s][info][gc,cpu         ] GC(36) User=0.00s Sys=0.00s Real=0.00s
[2026-06-17T10:00:03.033+0800][1.896s][info][gc,start       ] GC(37) Pause Young (Allocation Failure)
[2026-06-17T10:00:03.036+0800][1.899s][info][gc,heap        ] GC(37) DefNew: 19540K(19648K)->2160K(19648K) Eden: 17367K(17472K)->0K(17472K) From: 2172K(2176K)->2160K(2176K)
[2026-06-17T10:00:03.037+0800][1.900s][info][gc,heap        ] GC(37) Tenured: 31324K(43712K)->34296K(43712K)
[2026-06-17T10:00:03.037+0800][1.900s][info][gc,metaspace   ] GC(37) Metaspace: 102K(320K)->102K(320K) NonClass: 95K(192K)->95K(192K) Class: 7K(128K)->7K(128K)
[2026-06-17T10:00:03.037+0800][1.900s][info][gc             ] GC(37) Pause Young (Allocation Failure) 49M->35M(61M) 4.292ms
[2026-06-17T10:00:03.037+0800][1.900s][info][gc,cpu         ] GC(37) User=0.00s Sys=0.00s Real=0.00s
[2026-06-17T10:00:03.089+0800][1.952s][info][gc,start       ] GC(38) Pause Young (Allocation Failure)
[2026-06-17T10:00:03.092+0800][1.954s][info][gc,heap        ] GC(38) DefNew: 19612K(19648K)->2105K(19648K) Eden: 17452K(17472K)->0K(17472K) From: 2160K(2176K)->2105K(2176K)
[2026-06-17T10:00:03.092+0800][1.955s][info][gc,heap        ] GC(38) Tenured: 34296K(43712K)->38143K(43712K)
[2026-06-17T10:00:03.092+0800][1.955s][info][gc,metaspace   ] GC(38) Metaspace: 102K(320K)->102K(320K) NonClass: 95K(192K)->95K(192K) Class: 7K(128K)->7K(128K)
[2026-06-17T10:00:03.093+0800][1.956s][info][gc             ] GC(38) Pause Young (Allocation Failure) 52M->39M(61M) 3.538ms
[2026-06-17T10:00:03.093+0800][1.956s][info][gc,cpu         ] GC(38) User=0.00s Sys=0.00s Real=0.01s
[2026-06-17T10:00:03.136+0800][1.999s][info][gc,start       ] GC(39) Pause Young (Allocation Failure)
[2026-06-17T10:00:03.137+0800][2.000s][info][gc             ] GC(39) Pause Young (Allocation Failure) 56M->56M(61M) 0.548ms
[2026-06-17T10:00:03.137+0800][2.000s][info][gc,cpu         ] GC(39) User=0.00s Sys=0.00s Real=0.00s
[2026-06-17T10:00:03.137+0800][2.000s][info][gc,start       ] GC(40) Pause Full (Allocation Failure)
[2026-06-17T10:00:03.138+0800][2.000s][info][gc,phases,start] GC(40) Phase 1: Mark live objects
[2026-06-17T10:00:03.138+0800][2.001s][info][gc,phases      ] GC(40) Phase 1: Mark live objects 0.779ms
[2026-06-17T10:00:03.139+0800][2.001s][info][gc,phases,start] GC(40) Phase 2: Compute new object addresses
[2026-06-17T10:00:03.139+0800][2.002s][info][gc,phases      ] GC(40) Phase 2: Compute new object addresses 0.425ms
[2026-06-17T10:00:03.139+0800][2.002s][info][gc,phases,start] GC(40) Phase 3: Adjust pointers
[2026-06-17T10:00:03.140+0800][2.002s][info][gc,phases      ] GC(40) Phase 3: Adjust pointers 0.438ms
[2026-06-17T10:00:03.140+0800][2.003s][info][gc,phases,start] GC(40) Phase 4: Move objects
[2026-06-17T10:00:03.142+0800][2.005s][info][gc,phases      ] GC(40) Phase 4: Move objects 2.249ms
[2026-06-17T10:00:03.143+0800][2.005s][info][gc,heap        ] GC(40) DefNew: 19577K(19648K)->0K(19648K) Eden: 17472K(17472K)->0K(17472K) From: 2105K(2176K)->0K(2176K)
[2026-06-17T10:00:03.143+0800][2.006s][info][gc,heap        ] GC(40) Tenured: 38143K(43712K)->31562K(43712K)
[2026-06-17T10:00:03.143+0800][2.006s][info][gc,metaspace   ] GC(40) Metaspace: 102K(320K)->102K(320K) NonClass: 95K(192K)->95K(192K) Class: 7K(128K)->7K(128K)
[2026-06-17T10:00:03.143+0800][2.006s][info][gc             ] GC(40) Pause Full (Allocation Failure) 56M->30M(61M) 5.853ms
[2026-06-17T10:00:03.143+0800][2.006s][info][gc,cpu         ] GC(40) User=0.00s Sys=0.00s Real=0.01s
[2026-06-17T10:00:03.186+0800][2.049s][info][gc,start       ] GC(41) Pause Young (Allocation Failure)
[2026-06-17T10:00:03.187+0800][2.050s][info][gc,heap        ] GC(41) DefNew: 17463K(19648K)->2171K(19648K) Eden: 17463K(17472K)->0K(17472K) From: 0K(2176K)->2171K(2176K)
[2026-06-17T10:00:03.188+0800][2.050s][info][gc,heap        ] GC(41) Tenured: 31562K(43712K)->36640K(43712K)
[2026-06-17T10:00:03.188+0800][2.050s][info][gc,metaspace   ] GC(41) Metaspace: 102K(320K)->102K(320K) NonClass: 95K(192K)->95K(192K) Class: 7K(128K)->7K(128K)
[2026-06-17T10:00:03.188+0800][2.051s][info][gc             ] GC(41) Pause Young (Allocation Failure) 47M->37M(61M) 1.887ms
[2026-06-17T10:00:03.188+0800][2.051s][info][gc,cpu         ] GC(41) User=0.00s Sys=0.00s Real=0.00s
[2026-06-17T10:00:03.240+0800][2.103s][info][gc,start       ] GC(42) Pause Young (Allocation Failure)
[2026-06-17T10:00:03.241+0800][2.104s][info][gc,heap        ] GC(42) DefNew: 19643K(19648K)->2171K(19648K) Eden: 17472K(17472K)->0K(17472K) From: 2171K(2176K)->2171K(2176K)
[2026-06-17T10:00:03.241+0800][2.104s][info][gc,heap        ] GC(42) Tenured: 36640K(43712K)->38493K(43712K)
[2026-06-17T10:00:03.242+0800][2.104s][info][gc,metaspace   ] GC(42) Metaspace: 102K(320K)->102K(320K) NonClass: 95K(192K)->95K(192K) Class: 7K(128K)->7K(128K)
[2026-06-17T10:00:03.242+0800][2.104s][info][gc             ] GC(42) Pause Young (Allocation Failure) 54M->39M(61M) 1.329ms
[2026-06-17T10:00:03.242+0800][2.105s][info][gc,cpu         ] GC(42) User=0.00s Sys=0.00s Real=0.00s
[2026-06-17T10:00:03.274+0800][2.136s][info][gc,start       ] GC(43) Pause Young (Allocation Failure)
[2026-06-17T10:00:03.274+0800][2.137s][info][gc             ] GC(43) Pause Young (Allocation Failure) 56M->56M(61M) 0.529ms
[2026-06-17T10:00:03.274+0800][2.137s][info][gc,cpu         ] GC(43) User=0.00s Sys=0.00s Real=0.00s
[2026-06-17T10:00:03.275+0800][2.137s][info][gc,start       ] GC(44) Pause Full (Allocation Failure)
[2026-06-17T10:00:03.275+0800][2.138s][info][gc,phases,start] GC(44) Phase 1: Mark live objects
[2026-06-17T10:00:03.276+0800][2.139s][info][gc,phases      ] GC(44) Phase 1: Mark live objects 0.866ms
[2026-06-17T10:00:03.276+0800][2.139s][info][gc,phases,start] GC(44) Phase 2: Compute new object addresses
[2026-06-17T10:00:03.277+0800][2.139s][info][gc,phases      ] GC(44) Phase 2: Compute new object addresses 0.530ms
[2026-06-17T10:00:03.277+0800][2.140s][info][gc,phases,start] GC(44) Phase 3: Adjust pointers
[2026-06-17T10:00:03.278+0800][2.140s][info][gc,phases      ] GC(44) Phase 3: Adjust pointers 0.596ms
[2026-06-17T10:00:03.278+0800][2.141s][info][gc,phases,start] GC(44) Phase 4: Move objects
[2026-06-17T10:00:03.280+0800][2.142s][info][gc,phases      ] GC(44) Phase 4: Move objects 1.787ms
[2026-06-17T10:00:03.280+0800][2.143s][info][gc,heap        ] GC(44) DefNew: 19578K(19648K)->0K(19648K) Eden: 17407K(17472K)->0K(17472K) From: 2171K(2176K)->0K(2176K)
[2026-06-17T10:00:03.280+0800][2.143s][info][gc,heap        ] GC(44) Tenured: 38493K(43712K)->27700K(43712K)
[2026-06-17T10:00:03.280+0800][2.143s][info][gc,metaspace   ] GC(44) Metaspace: 102K(320K)->102K(320K) NonClass: 95K(192K)->95K(192K) Class: 7K(128K)->7K(128K)
[2026-06-17T10:00:03.280+0800][2.143s][info][gc             ] GC(44) Pause Full (Allocation Failure) 56M->27M(61M) 5.722ms
[2026-06-17T10:00:03.281+0800][2.143s][info][gc,cpu         ] GC(44) User=0.00s Sys=0.00s Real=0.00s
[2026-06-17T10:00:03.333+0800][2.196s][info][gc,start       ] GC(45) Pause Young (Allocation Failure)
[2026-06-17T10:00:03.334+0800][2.196s][info][gc,heap        ] GC(45) DefNew: 17433K(19648K)->2095K(19648K) Eden: 17433K(17472K)->0K(17472K) From: 0K(2176K)->2095K(2176K)
[2026-06-17T10:00:03.334+0800][2.197s][info][gc,heap        ] GC(45) Tenured: 27700K(43712K)->29121K(43712K)
[2026-06-17T10:00:03.334+0800][2.197s][info][gc,metaspace   ] GC(45) Metaspace: 102K(320K)->102K(320K) NonClass: 95K(192K)->95K(192K) Class: 7K(128K)->7K(128K)
[2026-06-17T10:00:03.334+0800][2.197s][info][gc             ] GC(45) Pause Young (Allocation Failure) 44M->30M(61M) 1.236ms
[2026-06-17T10:00:03.334+0800][2.197s][info][gc,cpu         ] GC(45) User=0.00s Sys=0.00s Real=0.00s
[2026-06-17T10:00:03.376+0800][2.239s][info][gc,start       ] GC(46) Pause Young (Allocation Failure)
[2026-06-17T10:00:03.377+0800][2.240s][info][gc,heap        ] GC(46) DefNew: 19506K(19648K)->2137K(19648K) Eden: 17410K(17472K)->0K(17472K) From: 2095K(2176K)->2137K(2176K)
[2026-06-17T10:00:03.378+0800][2.241s][info][gc,heap        ] GC(46) Tenured: 29121K(43712K)->32475K(43712K)
[2026-06-17T10:00:03.378+0800][2.241s][info][gc,metaspace   ] GC(46) Metaspace: 102K(320K)->102K(320K) NonClass: 95K(192K)->95K(192K) Class: 7K(128K)->7K(128K)
[2026-06-17T10:00:03.378+0800][2.241s][info][gc             ] GC(46) Pause Young (Allocation Failure) 47M->33M(61M) 1.868ms
[2026-06-17T10:00:03.379+0800][2.241s][info][gc,cpu         ] GC(46) User=0.00s Sys=0.00s Real=0.00s
[2026-06-17T10:00:03.421+0800][2.284s][info][gc,start       ] GC(47) Pause Young (Allocation Failure)
[2026-06-17T10:00:03.422+0800][2.285s][info][gc,heap        ] GC(47) DefNew: 19597K(19648K)->2164K(19648K) Eden: 17460K(17472K)->0K(17472K) From: 2137K(2176K)->2164K(2176K)
[2026-06-17T10:00:03.422+0800][2.285s][info][gc,heap        ] GC(47) Tenured: 32475K(43712K)->36210K(43712K)
[2026-06-17T10:00:03.423+0800][2.285s][info][gc,metaspace   ] GC(47) Metaspace: 102K(320K)->102K(320K) NonClass: 95K(192K)->95K(192K) Class: 7K(128K)->7K(128K)
[2026-06-17T10:00:03.423+0800][2.285s][info][gc             ] GC(47) Pause Young (Allocation Failure) 50M->37M(61M) 1.522ms
[2026-06-17T10:00:03.423+0800][2.286s][info][gc,cpu         ] GC(47) User=0.00s Sys=0.00s Real=0.01s
[2026-06-17T10:00:03.465+0800][2.328s][info][gc,start       ] GC(48) Pause Young (Allocation Failure)
[2026-06-17T10:00:03.466+0800][2.329s][info][gc,heap        ] GC(48) DefNew: 19636K(19648K)->2168K(19648K) Eden: 17472K(17472K)->0K(17472K) From: 2164K(2176K)->2168K(2176K)
[2026-06-17T10:00:03.466+0800][2.329s][info][gc,heap        ] GC(48) Tenured: 36210K(43712K)->39474K(43712K)
[2026-06-17T10:00:03.467+0800][2.329s][info][gc,metaspace   ] GC(48) Metaspace: 102K(320K)->102K(320K) NonClass: 95K(192K)->95K(192K) Class: 7K(128K)->7K(128K)
[2026-06-17T10:00:03.467+0800][2.330s][info][gc             ] GC(48) Pause Young (Allocation Failure) 54M->40M(61M) 1.712ms
[2026-06-17T10:00:03.467+0800][2.330s][info][gc,cpu         ] GC(48) User=0.00s Sys=0.00s Real=0.00s
[2026-06-17T10:00:03.509+0800][2.372s][info][gc,start       ] GC(49) Pause Young (Allocation Failure)
[2026-06-17T10:00:03.509+0800][2.372s][info][gc             ] GC(49) Pause Young (Allocation Failure) 57M->57M(61M) 0.407ms
[2026-06-17T10:00:03.510+0800][2.372s][info][gc,cpu         ] GC(49) User=0.00s Sys=0.00s Real=0.00s
[2026-06-17T10:00:03.510+0800][2.373s][info][gc,start       ] GC(50) Pause Full (Allocation Failure)
[2026-06-17T10:00:03.510+0800][2.373s][info][gc,phases,start] GC(50) Phase 1: Mark live objects
[2026-06-17T10:00:03.511+0800][2.373s][info][gc,phases      ] GC(50) Phase 1: Mark live objects 0.805ms
[2026-06-17T10:00:03.512+0800][2.375s][info][gc,phases,start] GC(50) Phase 2: Compute new object addresses
[2026-06-17T10:00:03.513+0800][2.376s][info][gc,phases      ] GC(50) Phase 2: Compute new object addresses 0.805ms
[2026-06-17T10:00:03.513+0800][2.376s][info][gc,phases,start] GC(50) Phase 3: Adjust pointers
[2026-06-17T10:00:03.514+0800][2.376s][info][gc,phases      ] GC(50) Phase 3: Adjust pointers 0.497ms
[2026-06-17T10:00:03.514+0800][2.377s][info][gc,phases,start] GC(50) Phase 4: Move objects
[2026-06-17T10:00:03.516+0800][2.379s][info][gc,phases      ] GC(50) Phase 4: Move objects 2.248ms
[2026-06-17T10:00:03.516+0800][2.379s][info][gc,heap        ] GC(50) DefNew: 19522K(19648K)->0K(19648K) Eden: 17354K(17472K)->0K(17472K) From: 2168K(2176K)->0K(2176K)
[2026-06-17T10:00:03.516+0800][2.379s][info][gc,heap        ] GC(50) Tenured: 39474K(43712K)->24753K(43712K)
[2026-06-17T10:00:03.517+0800][2.380s][info][gc,metaspace   ] GC(50) Metaspace: 102K(320K)->102K(320K) NonClass: 95K(192K)->95K(192K) Class: 7K(128K)->7K(128K)
[2026-06-17T10:00:03.517+0800][2.380s][info][gc             ] GC(50) Pause Full (Allocation Failure) 57M->24M(61M) 7.513ms
[2026-06-17T10:00:03.517+0800][2.380s][info][gc,cpu         ] GC(50) User=0.01s Sys=0.00s Real=0.01s
[2026-06-17T10:00:03.570+0800][2.433s][info][gc,start       ] GC(51) Pause Young (Allocation Failure)
[2026-06-17T10:00:03.571+0800][2.434s][info][gc,heap        ] GC(51) DefNew: 17414K(19648K)->2045K(19648K) Eden: 17414K(17472K)->0K(17472K) From: 0K(2176K)->2045K(2176K)
[2026-06-17T10:00:03.572+0800][2.434s][info][gc,heap        ] GC(51) Tenured: 24753K(43712K)->26473K(43712K)
[2026-06-17T10:00:03.572+0800][2.435s][info][gc,metaspace   ] GC(51) Metaspace: 103K(320K)->103K(320K) NonClass: 95K(192K)->95K(192K) Class: 7K(128K)->7K(128K)
[2026-06-17T10:00:03.573+0800][2.436s][info][gc             ] GC(51) Pause Young (Allocation Failure) 41M->27M(61M) 2.888ms
[2026-06-17T10:00:03.573+0800][2.436s][info][gc,cpu         ] GC(51) User=0.00s Sys=0.00s Real=0.01s
[2026-06-17T10:00:03.616+0800][2.479s][info][gc,start       ] GC(52) Pause Young (Allocation Failure)
[2026-06-17T10:00:03.617+0800][2.479s][info][gc,heap        ] GC(52) DefNew: 19517K(19648K)->2099K(19648K) Eden: 17472K(17472K)->0K(17472K) From: 2045K(2176K)->2099K(2176K)
[2026-06-17T10:00:03.617+0800][2.480s][info][gc,heap        ] GC(52) Tenured: 26473K(43712K)->29546K(43712K)
[2026-06-17T10:00:03.617+0800][2.480s][info][gc,metaspace   ] GC(52) Metaspace: 103K(320K)->103K(320K) NonClass: 95K(192K)->95K(192K) Class: 7K(128K)->7K(128K)
[2026-06-17T10:00:03.617+0800][2.480s][info][gc             ] GC(52) Pause Young (Allocation Failure) 44M->30M(61M) 1.463ms
[2026-06-17T10:00:03.617+0800][2.480s][info][gc,cpu         ] GC(52) User=0.00s Sys=0.00s Real=0.00s
[2026-06-17T10:00:03.659+0800][2.522s][info][gc,start       ] GC(53) Pause Young (Allocation Failure)
[2026-06-17T10:00:03.661+0800][2.523s][info][gc,heap        ] GC(53) DefNew: 19571K(19648K)->2049K(19648K) Eden: 17472K(17472K)->0K(17472K) From: 2099K(2176K)->2049K(2176K)
[2026-06-17T10:00:03.661+0800][2.524s][info][gc,heap        ] GC(53) Tenured: 29546K(43712K)->33318K(43712K)
[2026-06-17T10:00:03.661+0800][2.524s][info][gc,metaspace   ] GC(53) Metaspace: 103K(320K)->103K(320K) NonClass: 95K(192K)->95K(192K) Class: 7K(128K)->7K(128K)
[2026-06-17T10:00:03.662+0800][2.524s][info][gc             ] GC(53) Pause Young (Allocation Failure) 47M->34M(61M) 2.117ms
[2026-06-17T10:00:03.662+0800][2.524s][info][gc,cpu         ] GC(53) User=0.00s Sys=0.00s Real=0.00s
[2026-06-17T10:00:03.704+0800][2.567s][info][gc,start       ] GC(54) Pause Young (Allocation Failure)
[2026-06-17T10:00:03.735+0800][2.597s][info][gc,heap        ] GC(54) DefNew: 19474K(19648K)->2155K(19648K) Eden: 17425K(17472K)->0K(17472K) From: 2049K(2176K)->2155K(2176K)
[2026-06-17T10:00:03.758+0800][2.621s][info][gc,heap        ] GC(54) Tenured: 33318K(43712K)->37070K(43712K)
[2026-06-17T10:00:03.758+0800][2.621s][info][gc,metaspace   ] GC(54) Metaspace: 103K(320K)->103K(320K) NonClass: 95K(192K)->95K(192K) Class: 7K(128K)->7K(128K)
[2026-06-17T10:00:03.759+0800][2.621s][info][gc             ] GC(54) Pause Young (Allocation Failure) 51M->38M(61M) 54.741ms
[2026-06-17T10:00:03.759+0800][2.622s][info][gc,cpu         ] GC(54) User=0.00s Sys=0.00s Real=0.05s
[2026-06-17T10:00:03.803+0800][2.666s][info][gc,start       ] GC(55) Pause Young (Allocation Failure)
[2026-06-17T10:00:03.804+0800][2.667s][info][gc,heap        ] GC(55) DefNew: 19482K(19648K)->2031K(19648K) Eden: 17326K(17472K)->0K(17472K) From: 2155K(2176K)->2031K(2176K)
[2026-06-17T10:00:03.805+0800][2.668s][info][gc,heap        ] GC(55) Tenured: 37070K(43712K)->37209K(43712K)
[2026-06-17T10:00:03.806+0800][2.669s][info][gc,metaspace   ] GC(55) Metaspace: 103K(320K)->103K(320K) NonClass: 95K(192K)->95K(192K) Class: 7K(128K)->7K(128K)
[2026-06-17T10:00:03.808+0800][2.671s][info][gc             ] GC(55) Pause Young (Allocation Failure) 55M->38M(61M) 4.515ms
[2026-06-17T10:00:03.808+0800][2.671s][info][gc,cpu         ] GC(55) User=0.01s Sys=0.00s Real=0.00s
[2026-06-17T10:00:03.861+0800][2.724s][info][gc,start       ] GC(56) Pause Young (Allocation Failure)
[2026-06-17T10:00:03.863+0800][2.725s][info][gc,heap        ] GC(56) DefNew: 19469K(19648K)->2053K(19648K) Eden: 17438K(17472K)->0K(17472K) From: 2031K(2176K)->2053K(2176K)
[2026-06-17T10:00:03.863+0800][2.726s][info][gc,heap        ] GC(56) Tenured: 37209K(43712K)->40872K(43712K)
[2026-06-17T10:00:03.863+0800][2.726s][info][gc,metaspace   ] GC(56) Metaspace: 107K(320K)->107K(320K) NonClass: 99K(192K)->99K(192K) Class: 7K(128K)->7K(128K)
[2026-06-17T10:00:03.864+0800][2.726s][info][gc             ] GC(56) Pause Young (Allocation Failure) 55M->41M(61M) 2.218ms
[2026-06-17T10:00:03.864+0800][2.727s][info][gc,cpu         ] GC(56) User=0.00s Sys=0.00s Real=0.01s
[2026-06-17T10:00:03.906+0800][2.769s][info][gc,start       ] GC(57) Pause Young (Allocation Failure)
[2026-06-17T10:00:03.907+0800][2.770s][info][gc             ] GC(57) Pause Young (Allocation Failure) 58M->58M(61M) 0.423ms
[2026-06-17T10:00:03.907+0800][2.770s][info][gc,cpu         ] GC(57) User=0.00s Sys=0.00s Real=0.00s
[2026-06-17T10:00:03.907+0800][2.770s][info][gc,start       ] GC(58) Pause Full (Allocation Failure)
[2026-06-17T10:00:03.907+0800][2.770s][info][gc,phases,start] GC(58) Phase 1: Mark live objects
[2026-06-17T10:00:03.908+0800][2.771s][info][gc,phases      ] GC(58) Phase 1: Mark live objects 0.845ms
[2026-06-17T10:00:03.909+0800][2.772s][info][gc,phases,start] GC(58) Phase 2: Compute new object addresses
[2026-06-17T10:00:03.909+0800][2.772s][info][gc,phases      ] GC(58) Phase 2: Compute new object addresses 0.579ms
[2026-06-17T10:00:03.910+0800][2.772s][info][gc,phases,start] GC(58) Phase 3: Adjust pointers
[2026-06-17T10:00:03.910+0800][2.773s][info][gc,phases      ] GC(58) Phase 3: Adjust pointers 0.597ms
[2026-06-17T10:00:03.910+0800][2.773s][info][gc,phases,start] GC(58) Phase 4: Move objects
[2026-06-17T10:00:03.913+0800][2.775s][info][gc,phases      ] GC(58) Phase 4: Move objects 2.333ms
[2026-06-17T10:00:03.913+0800][2.776s][info][gc,heap        ] GC(58) DefNew: 19467K(19648K)->0K(19648K) Eden: 17413K(17472K)->0K(17472K) From: 2053K(2176K)->0K(2176K)
[2026-06-17T10:00:03.913+0800][2.776s][info][gc,heap        ] GC(58) Tenured: 40872K(43712K)->27573K(43712K)
[2026-06-17T10:00:03.913+0800][2.776s][info][gc,metaspace   ] GC(58) Metaspace: 107K(320K)->107K(320K) NonClass: 99K(192K)->99K(192K) Class: 7K(128K)->7K(128K)
[2026-06-17T10:00:03.913+0800][2.776s][info][gc             ] GC(58) Pause Full (Allocation Failure) 58M->26M(61M) 6.200ms
[2026-06-17T10:00:03.914+0800][2.776s][info][gc,cpu         ] GC(58) User=0.00s Sys=0.00s Real=0.01s
[2026-06-17T10:00:03.946+0800][2.808s][info][gc,start       ] GC(59) Pause Young (Allocation Failure)
[2026-06-17T10:00:03.947+0800][2.810s][info][gc,heap        ] GC(59) DefNew: 17148K(19648K)->2175K(19648K) Eden: 17148K(17472K)->0K(17472K) From: 0K(2176K)->2175K(2176K)
[2026-06-17T10:00:03.948+0800][2.810s][info][gc,heap        ] GC(59) Tenured: 27573K(43712K)->32126K(43712K)
[2026-06-17T10:00:03.949+0800][2.811s][info][gc,metaspace   ] GC(59) Metaspace: 107K(320K)->107K(320K) NonClass: 99K(192K)->99K(192K) Class: 7K(128K)->7K(128K)
[2026-06-17T10:00:03.950+0800][2.813s][info][gc             ] GC(59) Pause Young (Allocation Failure) 43M->33M(61M) 4.532ms
[2026-06-17T10:00:03.952+0800][2.815s][info][gc,cpu         ] GC(59) User=0.00s Sys=0.00s Real=0.01s
[2026-06-17T10:00:04.004+0800][2.867s][info][gc,start       ] GC(60) Pause Young (Allocation Failure)
[2026-06-17T10:00:04.006+0800][2.868s][info][gc,heap        ] GC(60) DefNew: 19635K(19648K)->2054K(19648K) Eden: 17459K(17472K)->0K(17472K) From: 2175K(2176K)->2054K(2176K)
[2026-06-17T10:00:04.006+0800][2.869s][info][gc,heap        ] GC(60) Tenured: 32126K(43712K)->35795K(43712K)
[2026-06-17T10:00:04.007+0800][2.869s][info][gc,metaspace   ] GC(60) Metaspace: 107K(320K)->107K(320K) NonClass: 99K(192K)->99K(192K) Class: 7K(128K)->7K(128K)
[2026-06-17T10:00:04.007+0800][2.870s][info][gc             ] GC(60) Pause Young (Allocation Failure) 50M->36M(61M) 2.604ms
[2026-06-17T10:00:04.007+0800][2.870s][info][gc,cpu         ] GC(60) User=0.00s Sys=0.00s Real=0.00s
[2026-06-17T10:00:04.050+0800][2.913s][info][gc,start       ] GC(61) Pause Young (Allocation Failure)
[2026-06-17T10:00:04.052+0800][2.914s][info][gc,heap        ] GC(61) DefNew: 19506K(19648K)->2175K(19648K) Eden: 17452K(17472K)->0K(17472K) From: 2054K(2176K)->2175K(2176K)
[2026-06-17T10:00:04.052+0800][2.915s][info][gc,heap        ] GC(61) Tenured: 35795K(43712K)->39028K(43712K)
[2026-06-17T10:00:04.053+0800][2.915s][info][gc,metaspace   ] GC(61) Metaspace: 107K(320K)->107K(320K) NonClass: 99K(192K)->99K(192K) Class: 7K(128K)->7K(128K)
[2026-06-17T10:00:04.053+0800][2.916s][info][gc             ] GC(61) Pause Young (Allocation Failure) 54M->40M(61M) 3.064ms
[2026-06-17T10:00:04.053+0800][2.916s][info][gc,cpu         ] GC(61) User=0.00s Sys=0.00s Real=0.01s
[2026-06-17T10:00:04.096+0800][2.959s][info][gc,start       ] GC(62) Pause Young (Allocation Failure)
[2026-06-17T10:00:04.102+0800][2.965s][info][gc             ] GC(62) Pause Young (Allocation Failure) 57M->57M(61M) 6.028ms
[2026-06-17T10:00:04.102+0800][2.965s][info][gc,cpu         ] GC(62) User=0.00s Sys=0.00s Real=0.00s
[2026-06-17T10:00:04.103+0800][2.965s][info][gc,start       ] GC(63) Pause Full (Allocation Failure)
[2026-06-17T10:00:04.103+0800][2.966s][info][gc,phases,start] GC(63) Phase 1: Mark live objects
[2026-06-17T10:00:04.104+0800][2.967s][info][gc,phases      ] GC(63) Phase 1: Mark live objects 0.934ms
[2026-06-17T10:00:04.104+0800][2.967s][info][gc,phases,start] GC(63) Phase 2: Compute new object addresses
[2026-06-17T10:00:04.105+0800][2.968s][info][gc,phases      ] GC(63) Phase 2: Compute new object addresses 0.569ms
[2026-06-17T10:00:04.105+0800][2.968s][info][gc,phases,start] GC(63) Phase 3: Adjust pointers
[2026-06-17T10:00:04.106+0800][2.969s][info][gc,phases      ] GC(63) Phase 3: Adjust pointers 0.923ms
[2026-06-17T10:00:04.111+0800][2.974s][info][gc,phases,start] GC(63) Phase 4: Move objects
[2026-06-17T10:00:04.114+0800][2.977s][info][gc,phases      ] GC(63) Phase 4: Move objects 3.216ms
[2026-06-17T10:00:04.115+0800][2.978s][info][gc,heap        ] GC(63) DefNew: 19601K(19648K)->0K(19648K) Eden: 17425K(17472K)->0K(17472K) From: 2175K(2176K)->0K(2176K)
[2026-06-17T10:00:04.115+0800][2.978s][info][gc,heap        ] GC(63) Tenured: 39028K(43712K)->31117K(43712K)
[2026-06-17T10:00:04.115+0800][2.978s][info][gc,metaspace   ] GC(63) Metaspace: 107K(320K)->107K(320K) NonClass: 99K(192K)->99K(192K) Class: 7K(128K)->7K(128K)
[2026-06-17T10:00:04.115+0800][2.978s][info][gc             ] GC(63) Pause Full (Allocation Failure) 57M->30M(61M) 12.694ms
[2026-06-17T10:00:04.116+0800][2.978s][info][gc,cpu         ] GC(63) User=0.00s Sys=0.00s Real=0.01s
[2026-06-17T10:00:04.158+0800][3.021s][info][gc,start       ] GC(64) Pause Young (Allocation Failure)
[2026-06-17T10:00:04.160+0800][3.023s][info][gc,heap        ] GC(64) DefNew: 17433K(19648K)->2173K(19648K) Eden: 17433K(17472K)->0K(17472K) From: 0K(2176K)->2173K(2176K)
[2026-06-17T10:00:04.161+0800][3.023s][info][gc,heap        ] GC(64) Tenured: 31117K(43712K)->36137K(43712K)
[2026-06-17T10:00:04.161+0800][3.024s][info][gc,metaspace   ] GC(64) Metaspace: 107K(320K)->107K(320K) NonClass: 99K(192K)->99K(192K) Class: 7K(128K)->7K(128K)
[2026-06-17T10:00:04.161+0800][3.024s][info][gc             ] GC(64) Pause Young (Allocation Failure) 47M->37M(61M) 3.052ms
[2026-06-17T10:00:04.162+0800][3.025s][info][gc,cpu         ] GC(64) User=0.01s Sys=0.00s Real=0.00s
[2026-06-17T10:00:04.204+0800][3.067s][info][gc,start       ] GC(65) Pause Young (Allocation Failure)
[2026-06-17T10:00:04.205+0800][3.068s][info][gc,heap        ] GC(65) DefNew: 19645K(19648K)->2095K(19648K) Eden: 17472K(17472K)->0K(17472K) From: 2173K(2176K)->2095K(2176K)
[2026-06-17T10:00:04.206+0800][3.069s][info][gc,heap        ] GC(65) Tenured: 36137K(43712K)->38792K(43712K)
[2026-06-17T10:00:04.206+0800][3.069s][info][gc,metaspace   ] GC(65) Metaspace: 107K(320K)->107K(320K) NonClass: 99K(192K)->99K(192K) Class: 7K(128K)->7K(128K)
[2026-06-17T10:00:04.207+0800][3.070s][info][gc             ] GC(65) Pause Young (Allocation Failure) 54M->39M(61M) 2.581ms
[2026-06-17T10:00:04.207+0800][3.070s][info][gc,cpu         ] GC(65) User=0.00s Sys=0.00s Real=0.00s
[2026-06-17T10:00:04.260+0800][3.122s][info][gc,start       ] GC(66) Pause Young (Allocation Failure)
[2026-06-17T10:00:04.260+0800][3.123s][info][gc             ] GC(66) Pause Young (Allocation Failure) 56M->56M(61M) 0.341ms
[2026-06-17T10:00:04.260+0800][3.123s][info][gc,cpu         ] GC(66) User=0.00s Sys=0.00s Real=0.00s
[2026-06-17T10:00:04.260+0800][3.123s][info][gc,start       ] GC(67) Pause Full (Allocation Failure)
[2026-06-17T10:00:04.260+0800][3.123s][info][gc,phases,start] GC(67) Phase 1: Mark live objects
[2026-06-17T10:00:04.261+0800][3.124s][info][gc,phases      ] GC(67) Phase 1: Mark live objects 0.875ms
[2026-06-17T10:00:04.262+0800][3.124s][info][gc,phases,start] GC(67) Phase 2: Compute new object addresses
[2026-06-17T10:00:04.262+0800][3.125s][info][gc,phases      ] GC(67) Phase 2: Compute new object addresses 0.629ms
[2026-06-17T10:00:04.263+0800][3.126s][info][gc,phases,start] GC(67) Phase 3: Adjust pointers
[2026-06-17T10:00:04.264+0800][3.127s][info][gc,phases      ] GC(67) Phase 3: Adjust pointers 0.575ms
[2026-06-17T10:00:04.264+0800][3.127s][info][gc,phases,start] GC(67) Phase 4: Move objects
[2026-06-17T10:00:04.266+0800][3.129s][info][gc,phases      ] GC(67) Phase 4: Move objects 1.847ms
[2026-06-17T10:00:04.266+0800][3.129s][info][gc,heap        ] GC(67) DefNew: 19548K(19648K)->0K(19648K) Eden: 17453K(17472K)->0K(17472K) From: 2095K(2176K)->0K(2176K)
[2026-06-17T10:00:04.266+0800][3.129s][info][gc,heap        ] GC(67) Tenured: 38792K(43712K)->28078K(43712K)
[2026-06-17T10:00:04.267+0800][3.129s][info][gc,metaspace   ] GC(67) Metaspace: 107K(320K)->107K(320K) NonClass: 99K(192K)->99K(192K) Class: 7K(128K)->7K(128K)
[2026-06-17T10:00:04.267+0800][3.130s][info][gc             ] GC(67) Pause Full (Allocation Failure) 56M->27M(61M) 6.563ms
[2026-06-17T10:00:04.267+0800][3.130s][info][gc,cpu         ] GC(67) User=0.00s Sys=0.00s Real=0.01s
[2026-06-17T10:00:04.309+0800][3.172s][info][gc,start       ] GC(68) Pause Young (Allocation Failure)
[2026-06-17T10:00:04.313+0800][3.175s][info][gc,heap        ] GC(68) DefNew: 17472K(19648K)->2173K(19648K) Eden: 17472K(17472K)->0K(17472K) From: 0K(2176K)->2173K(2176K)
[2026-06-17T10:00:04.314+0800][3.177s][info][gc,heap        ] GC(68) Tenured: 28078K(43712K)->33010K(43712K)
[2026-06-17T10:00:04.314+0800][3.177s][info][gc,metaspace   ] GC(68) Metaspace: 107K(320K)->107K(320K) NonClass: 99K(192K)->99K(192K) Class: 7K(128K)->7K(128K)
[2026-06-17T10:00:04.317+0800][3.180s][info][gc             ] GC(68) Pause Young (Allocation Failure) 44M->34M(61M) 8.288ms
[2026-06-17T10:00:04.318+0800][3.181s][info][gc,cpu         ] GC(68) User=0.00s Sys=0.00s Real=0.01s
[2026-06-17T10:00:04.361+0800][3.224s][info][gc,start       ] GC(69) Pause Young (Allocation Failure)
[2026-06-17T10:00:04.362+0800][3.225s][info][gc,heap        ] GC(69) DefNew: 19623K(19648K)->2120K(19648K) Eden: 17450K(17472K)->0K(17472K) From: 2173K(2176K)->2120K(2176K)
[2026-06-17T10:00:04.363+0800][3.225s][info][gc,heap        ] GC(69) Tenured: 33010K(43712K)->37795K(43712K)
[2026-06-17T10:00:04.363+0800][3.226s][info][gc,metaspace   ] GC(69) Metaspace: 107K(320K)->107K(320K) NonClass: 99K(192K)->99K(192K) Class: 7K(128K)->7K(128K)
[2026-06-17T10:00:04.363+0800][3.226s][info][gc             ] GC(69) Pause Young (Allocation Failure) 51M->38M(61M) 1.865ms
[2026-06-17T10:00:04.363+0800][3.226s][info][gc,cpu         ] GC(69) User=0.00s Sys=0.00s Real=0.01s
[2026-06-17T10:00:04.405+0800][3.268s][info][gc,start       ] GC(70) Pause Young (Allocation Failure)
[2026-06-17T10:00:04.406+0800][3.269s][info][gc             ] GC(70) Pause Young (Allocation Failure) 56M->56M(61M) 0.423ms
[2026-06-17T10:00:04.406+0800][3.269s][info][gc,cpu         ] GC(70) User=0.00s Sys=0.00s Real=0.00s
[2026-06-17T10:00:04.406+0800][3.269s][info][gc,start       ] GC(71) Pause Full (Allocation Failure)
[2026-06-17T10:00:04.406+0800][3.269s][info][gc,phases,start] GC(71) Phase 1: Mark live objects
[2026-06-17T10:00:04.407+0800][3.270s][info][gc,phases      ] GC(71) Phase 1: Mark live objects 0.750ms
[2026-06-17T10:00:04.407+0800][3.270s][info][gc,phases,start] GC(71) Phase 2: Compute new object addresses
[2026-06-17T10:00:04.408+0800][3.271s][info][gc,phases      ] GC(71) Phase 2: Compute new object addresses 0.474ms
[2026-06-17T10:00:04.408+0800][3.271s][info][gc,phases,start] GC(71) Phase 3: Adjust pointers
[2026-06-17T10:00:04.409+0800][3.271s][info][gc,phases      ] GC(71) Phase 3: Adjust pointers 0.488ms
[2026-06-17T10:00:04.409+0800][3.272s][info][gc,phases,start] GC(71) Phase 4: Move objects
[2026-06-17T10:00:04.411+0800][3.274s][info][gc,phases      ] GC(71) Phase 4: Move objects 2.430ms
[2026-06-17T10:00:04.412+0800][3.275s][info][gc,heap        ] GC(71) DefNew: 19567K(19648K)->0K(19648K) Eden: 17447K(17472K)->0K(17472K) From: 2120K(2176K)->0K(2176K)
[2026-06-17T10:00:04.412+0800][3.275s][info][gc,heap        ] GC(71) Tenured: 37795K(43712K)->29124K(43712K)
[2026-06-17T10:00:04.412+0800][3.275s][info][gc,metaspace   ] GC(71) Metaspace: 107K(320K)->107K(320K) NonClass: 99K(192K)->99K(192K) Class: 7K(128K)->7K(128K)
[2026-06-17T10:00:04.412+0800][3.275s][info][gc             ] GC(71) Pause Full (Allocation Failure) 56M->28M(61M) 6.124ms
[2026-06-17T10:00:04.413+0800][3.275s][info][gc,cpu         ] GC(71) User=0.00s Sys=0.00s Real=0.01s
[2026-06-17T10:00:04.455+0800][3.317s][info][gc,start       ] GC(72) Pause Young (Allocation Failure)
[2026-06-17T10:00:04.455+0800][3.318s][info][gc,heap        ] GC(72) DefNew: 17226K(19648K)->2076K(19648K) Eden: 17226K(17472K)->0K(17472K) From: 0K(2176K)->2076K(2176K)
[2026-06-17T10:00:04.456+0800][3.319s][info][gc,heap        ] GC(72) Tenured: 29124K(43712K)->30510K(43712K)
[2026-06-17T10:00:04.456+0800][3.319s][info][gc,metaspace   ] GC(72) Metaspace: 107K(320K)->107K(320K) NonClass: 99K(192K)->99K(192K) Class: 7K(128K)->7K(128K)
[2026-06-17T10:00:04.456+0800][3.319s][info][gc             ] GC(72) Pause Young (Allocation Failure) 45M->31M(61M) 1.407ms
[2026-06-17T10:00:04.456+0800][3.319s][info][gc,cpu         ] GC(72) User=0.00s Sys=0.00s Real=0.00s
[2026-06-17T10:00:04.499+0800][3.361s][info][gc,start       ] GC(73) Pause Young (Allocation Failure)
[2026-06-17T10:00:04.501+0800][3.364s][info][gc,heap        ] GC(73) DefNew: 19548K(19648K)->2174K(19648K) Eden: 17472K(17472K)->0K(17472K) From: 2076K(2176K)->2174K(2176K)
[2026-06-17T10:00:04.501+0800][3.364s][info][gc,heap        ] GC(73) Tenured: 30510K(43712K)->37115K(43712K)
[2026-06-17T10:00:04.501+0800][3.364s][info][gc,metaspace   ] GC(73) Metaspace: 110K(320K)->110K(320K) NonClass: 103K(192K)->103K(192K) Class: 7K(128K)->7K(128K)
[2026-06-17T10:00:04.502+0800][3.364s][info][gc             ] GC(73) Pause Young (Allocation Failure) 48M->38M(61M) 2.993ms
[2026-06-17T10:00:04.502+0800][3.365s][info][gc,cpu         ] GC(73) User=0.00s Sys=0.00s Real=0.00s
[2026-06-17T10:00:04.555+0800][3.417s][info][gc,start       ] GC(74) Pause Young (Allocation Failure)
[2026-06-17T10:00:04.555+0800][3.418s][info][gc             ] GC(74) Pause Young (Allocation Failure) 55M->55M(61M) 0.433ms
[2026-06-17T10:00:04.555+0800][3.418s][info][gc,cpu         ] GC(74) User=0.00s Sys=0.00s Real=0.00s
[2026-06-17T10:00:04.556+0800][3.418s][info][gc,start       ] GC(75) Pause Full (Allocation Failure)
[2026-06-17T10:00:04.556+0800][3.419s][info][gc,phases,start] GC(75) Phase 1: Mark live objects
[2026-06-17T10:00:04.557+0800][3.419s][info][gc,phases      ] GC(75) Phase 1: Mark live objects 0.757ms
[2026-06-17T10:00:04.557+0800][3.420s][info][gc,phases,start] GC(75) Phase 2: Compute new object addresses
[2026-06-17T10:00:04.557+0800][3.420s][info][gc,phases      ] GC(75) Phase 2: Compute new object addresses 0.441ms
[2026-06-17T10:00:04.558+0800][3.420s][info][gc,phases,start] GC(75) Phase 3: Adjust pointers
[2026-06-17T10:00:04.558+0800][3.421s][info][gc,phases      ] GC(75) Phase 3: Adjust pointers 0.425ms
[2026-06-17T10:00:04.558+0800][3.421s][info][gc,phases,start] GC(75) Phase 4: Move objects
[2026-06-17T10:00:04.560+0800][3.423s][info][gc,phases      ] GC(75) Phase 4: Move objects 2.184ms
[2026-06-17T10:00:04.561+0800][3.423s][info][gc,heap        ] GC(75) DefNew: 19608K(19648K)->0K(19648K) Eden: 17433K(17472K)->0K(17472K) From: 2174K(2176K)->0K(2176K)
[2026-06-17T10:00:04.561+0800][3.424s][info][gc,heap        ] GC(75) Tenured: 37115K(43712K)->21133K(43712K)
[2026-06-17T10:00:04.561+0800][3.424s][info][gc,metaspace   ] GC(75) Metaspace: 110K(320K)->110K(320K) NonClass: 103K(192K)->103K(192K) Class: 7K(128K)->7K(128K)
[2026-06-17T10:00:04.561+0800][3.424s][info][gc             ] GC(75) Pause Full (Allocation Failure) 55M->20M(61M) 5.407ms
[2026-06-17T10:00:04.561+0800][3.424s][info][gc,cpu         ] GC(75) User=0.00s Sys=0.00s Real=0.00s
[2026-06-17T10:00:04.603+0800][3.466s][info][gc,start       ] GC(76) Pause Young (Allocation Failure)
[2026-06-17T10:00:04.604+0800][3.467s][info][gc,heap        ] GC(76) DefNew: 17444K(19648K)->2176K(19648K) Eden: 17444K(17472K)->0K(17472K) From: 0K(2176K)->2176K(2176K)
[2026-06-17T10:00:04.605+0800][3.467s][info][gc,heap        ] GC(76) Tenured: 21133K(43712K)->26173K(43712K)
[2026-06-17T10:00:04.605+0800][3.468s][info][gc,metaspace   ] GC(76) Metaspace: 110K(320K)->110K(320K) NonClass: 103K(192K)->103K(192K) Class: 7K(128K)->7K(128K)
[2026-06-17T10:00:04.605+0800][3.468s][info][gc             ] GC(76) Pause Young (Allocation Failure) 37M->27M(61M) 1.587ms
[2026-06-17T10:00:04.605+0800][3.468s][info][gc,cpu         ] GC(76) User=0.00s Sys=0.00s Real=0.00s
[2026-06-17T10:00:04.647+0800][3.510s][info][gc,start       ] GC(77) Pause Young (Allocation Failure)
[2026-06-17T10:00:04.649+0800][3.512s][info][gc,heap        ] GC(77) DefNew: 19632K(19648K)->2167K(19648K) Eden: 17456K(17472K)->0K(17472K) From: 2176K(2176K)->2167K(2176K)
[2026-06-17T10:00:04.649+0800][3.512s][info][gc,heap        ] GC(77) Tenured: 26173K(43712K)->32995K(43712K)
[2026-06-17T10:00:04.649+0800][3.512s][info][gc,metaspace   ] GC(77) Metaspace: 110K(320K)->110K(320K) NonClass: 103K(192K)->103K(192K) Class: 7K(128K)->7K(128K)
[2026-06-17T10:00:04.650+0800][3.513s][info][gc             ] GC(77) Pause Young (Allocation Failure) 44M->34M(61M) 2.484ms
[2026-06-17T10:00:04.650+0800][3.513s][info][gc,cpu         ] GC(77) User=0.00s Sys=0.00s Real=0.00s
[2026-06-17T10:00:04.693+0800][3.556s][info][gc,start       ] GC(78) Pause Young (Allocation Failure)
[2026-06-17T10:00:04.694+0800][3.557s][info][gc,heap        ] GC(78) DefNew: 19639K(19648K)->2171K(19648K) Eden: 17472K(17472K)->0K(17472K) From: 2167K(2176K)->2171K(2176K)
[2026-06-17T10:00:04.695+0800][3.557s][info][gc,heap        ] GC(78) Tenured: 32995K(43712K)->38658K(43712K)
[2026-06-17T10:00:04.695+0800][3.558s][info][gc,metaspace   ] GC(78) Metaspace: 110K(320K)->110K(320K) NonClass: 103K(192K)->103K(192K) Class: 7K(128K)->7K(128K)
[2026-06-17T10:00:04.695+0800][3.558s][info][gc             ] GC(78) Pause Young (Allocation Failure) 51M->39M(61M) 2.050ms
[2026-06-17T10:00:04.695+0800][3.558s][info][gc,cpu         ] GC(78) User=0.00s Sys=0.00s Real=0.00s
[2026-06-17T10:00:04.737+0800][3.600s][info][gc,start       ] GC(79) Pause Young (Allocation Failure)
[2026-06-17T10:00:04.738+0800][3.600s][info][gc             ] GC(79) Pause Young (Allocation Failure) 56M->56M(61M) 0.337ms
[2026-06-17T10:00:04.738+0800][3.601s][info][gc,cpu         ] GC(79) User=0.00s Sys=0.00s Real=0.00s
[2026-06-17T10:00:04.738+0800][3.601s][info][gc,start       ] GC(80) Pause Full (Allocation Failure)
[2026-06-17T10:00:04.738+0800][3.601s][info][gc,phases,start] GC(80) Phase 1: Mark live objects
[2026-06-17T10:00:04.739+0800][3.602s][info][gc,phases      ] GC(80) Phase 1: Mark live objects 0.850ms
[2026-06-17T10:00:04.740+0800][3.602s][info][gc,phases,start] GC(80) Phase 2: Compute new object addresses
[2026-06-17T10:00:04.740+0800][3.603s][info][gc,phases      ] GC(80) Phase 2: Compute new object addresses 0.673ms
[2026-06-17T10:00:04.741+0800][3.603s][info][gc,phases,start] GC(80) Phase 3: Adjust pointers
[2026-06-17T10:00:04.741+0800][3.604s][info][gc,phases      ] GC(80) Phase 3: Adjust pointers 0.564ms
[2026-06-17T10:00:04.741+0800][3.604s][info][gc,phases,start] GC(80) Phase 4: Move objects
[2026-06-17T10:00:04.744+0800][3.606s][info][gc,phases      ] GC(80) Phase 4: Move objects 2.102ms
[2026-06-17T10:00:04.744+0800][3.607s][info][gc,heap        ] GC(80) DefNew: 19637K(19648K)->0K(19648K) Eden: 17465K(17472K)->0K(17472K) From: 2171K(2176K)->0K(2176K)
[2026-06-17T10:00:04.744+0800][3.607s][info][gc,heap        ] GC(80) Tenured: 38658K(43712K)->26078K(43712K)
[2026-06-17T10:00:04.745+0800][3.607s][info][gc,metaspace   ] GC(80) Metaspace: 110K(320K)->110K(320K) NonClass: 103K(192K)->103K(192K) Class: 7K(128K)->7K(128K)
[2026-06-17T10:00:04.745+0800][3.608s][info][gc             ] GC(80) Pause Full (Allocation Failure) 56M->25M(61M) 6.919ms
[2026-06-17T10:00:04.745+0800][3.608s][info][gc,cpu         ] GC(80) User=0.01s Sys=0.00s Real=0.01s
[2026-06-17T10:00:04.798+0800][3.661s][info][gc,start       ] GC(81) Pause Young (Allocation Failure)
[2026-06-17T10:00:04.799+0800][3.662s][info][gc,heap        ] GC(81) DefNew: 17472K(19648K)->2153K(19648K) Eden: 17472K(17472K)->0K(17472K) From: 0K(2176K)->2153K(2176K)
[2026-06-17T10:00:04.799+0800][3.662s][info][gc,heap        ] GC(81) Tenured: 26078K(43712K)->27341K(43712K)
[2026-06-17T10:00:04.799+0800][3.662s][info][gc,metaspace   ] GC(81) Metaspace: 110K(320K)->110K(320K) NonClass: 103K(192K)->103K(192K) Class: 7K(128K)->7K(128K)
[2026-06-17T10:00:04.800+0800][3.662s][info][gc             ] GC(81) Pause Young (Allocation Failure) 42M->28M(61M) 1.848ms
[2026-06-17T10:00:04.800+0800][3.663s][info][gc,cpu         ] GC(81) User=0.00s Sys=0.00s Real=0.00s
[2026-06-17T10:00:04.842+0800][3.705s][info][gc,start       ] GC(82) Pause Young (Allocation Failure)
[2026-06-17T10:00:04.843+0800][3.706s][info][gc,heap        ] GC(82) DefNew: 19599K(19648K)->2065K(19648K) Eden: 17445K(17472K)->0K(17472K) From: 2153K(2176K)->2065K(2176K)
[2026-06-17T10:00:04.844+0800][3.706s][info][gc,heap        ] GC(82) Tenured: 27341K(43712K)->30857K(43712K)
[2026-06-17T10:00:04.844+0800][3.707s][info][gc,metaspace   ] GC(82) Metaspace: 110K(320K)->110K(320K) NonClass: 103K(192K)->103K(192K) Class: 7K(128K)->7K(128K)
[2026-06-17T10:00:04.844+0800][3.707s][info][gc             ] GC(82) Pause Young (Allocation Failure) 45M->32M(61M) 1.953ms
[2026-06-17T10:00:04.844+0800][3.707s][info][gc,cpu         ] GC(82) User=0.00s Sys=0.00s Real=0.01s
[2026-06-17T10:00:04.886+0800][3.749s][info][gc,start       ] GC(83) Pause Young (Allocation Failure)
[2026-06-17T10:00:04.888+0800][3.750s][info][gc,heap        ] GC(83) DefNew: 19537K(19648K)->2161K(19648K) Eden: 17472K(17472K)->0K(17472K) From: 2065K(2176K)->2161K(2176K)
[2026-06-17T10:00:04.888+0800][3.751s][info][gc,heap        ] GC(83) Tenured: 30857K(43712K)->34534K(43712K)
[2026-06-17T10:00:04.888+0800][3.751s][info][gc,metaspace   ] GC(83) Metaspace: 110K(320K)->110K(320K) NonClass: 103K(192K)->103K(192K) Class: 7K(128K)->7K(128K)
[2026-06-17T10:00:04.888+0800][3.751s][info][gc             ] GC(83) Pause Young (Allocation Failure) 49M->35M(61M) 1.759ms
[2026-06-17T10:00:04.888+0800][3.751s][info][gc,cpu         ] GC(83) User=0.01s Sys=0.00s Real=0.00s
[2026-06-17T10:00:04.931+0800][3.793s][info][gc,start       ] GC(84) Pause Young (Allocation Failure)
[2026-06-17T10:00:04.932+0800][3.794s][info][gc,heap        ] GC(84) DefNew: 19600K(19648K)->2174K(19648K) Eden: 17438K(17472K)->0K(17472K) From: 2161K(2176K)->2174K(2176K)
[2026-06-17T10:00:04.932+0800][3.795s][info][gc,heap        ] GC(84) Tenured: 34534K(43712K)->38939K(43712K)
[2026-06-17T10:00:04.932+0800][3.795s][info][gc,metaspace   ] GC(84) Metaspace: 110K(320K)->110K(320K) NonClass: 103K(192K)->103K(192K) Class: 7K(128K)->7K(128K)
[2026-06-17T10:00:04.932+0800][3.795s][info][gc             ] GC(84) Pause Young (Allocation Failure) 52M->40M(61M) 1.435ms
[2026-06-17T10:00:04.932+0800][3.795s][info][gc,cpu         ] GC(84) User=0.00s Sys=0.00s Real=0.00s
[2026-06-17T10:00:04.974+0800][3.837s][info][gc,start       ] GC(85) Pause Young (Allocation Failure)
[2026-06-17T10:00:04.975+0800][3.837s][info][gc             ] GC(85) Pause Young (Allocation Failure) 57M->57M(61M) 0.469ms
[2026-06-17T10:00:04.975+0800][3.838s][info][gc,cpu         ] GC(85) User=0.00s Sys=0.00s Real=0.00s
[2026-06-17T10:00:04.975+0800][3.838s][info][gc,start       ] GC(86) Pause Full (Allocation Failure)
[2026-06-17T10:00:04.976+0800][3.838s][info][gc,phases,start] GC(86) Phase 1: Mark live objects
[2026-06-17T10:00:04.977+0800][3.839s][info][gc,phases      ] GC(86) Phase 1: Mark live objects 0.874ms
[2026-06-17T10:00:04.977+0800][3.840s][info][gc,phases,start] GC(86) Phase 2: Compute new object addresses
[2026-06-17T10:00:04.978+0800][3.841s][info][gc,phases      ] GC(86) Phase 2: Compute new object addresses 0.649ms
[2026-06-17T10:00:04.980+0800][3.842s][info][gc,phases,start] GC(86) Phase 3: Adjust pointers
[2026-06-17T10:00:04.981+0800][3.843s][info][gc,phases      ] GC(86) Phase 3: Adjust pointers 1.170ms
[2026-06-17T10:00:04.981+0800][3.844s][info][gc,phases,start] GC(86) Phase 4: Move objects
[2026-06-17T10:00:04.984+0800][3.847s][info][gc,phases      ] GC(86) Phase 4: Move objects 2.989ms
[2026-06-17T10:00:04.985+0800][3.848s][info][gc,heap        ] GC(86) DefNew: 19646K(19648K)->0K(19648K) Eden: 17472K(17472K)->0K(17472K) From: 2174K(2176K)->0K(2176K)
[2026-06-17T10:00:04.986+0800][3.849s][info][gc,heap        ] GC(86) Tenured: 38939K(43712K)->31492K(43712K)
[2026-06-17T10:00:04.986+0800][3.849s][info][gc,metaspace   ] GC(86) Metaspace: 110K(320K)->110K(320K) NonClass: 103K(192K)->103K(192K) Class: 7K(128K)->7K(128K)
[2026-06-17T10:00:04.987+0800][3.849s][info][gc             ] GC(86) Pause Full (Allocation Failure) 57M->30M(61M) 11.299ms
[2026-06-17T10:00:04.987+0800][3.850s][info][gc,cpu         ] GC(86) User=0.00s Sys=0.00s Real=0.01s
[2026-06-17T10:00:05.040+0800][3.902s][info][gc,start       ] GC(87) Pause Young (Allocation Failure)
[2026-06-17T10:00:05.041+0800][3.903s][info][gc,heap        ] GC(87) DefNew: 17472K(19648K)->2135K(19648K) Eden: 17472K(17472K)->0K(17472K) From: 0K(2176K)->2135K(2176K)
[2026-06-17T10:00:05.041+0800][3.904s][info][gc,heap        ] GC(87) Tenured: 31492K(43712K)->33628K(43712K)
[2026-06-17T10:00:05.042+0800][3.905s][info][gc,metaspace   ] GC(87) Metaspace: 110K(320K)->110K(320K) NonClass: 103K(192K)->103K(192K) Class: 7K(128K)->7K(128K)
[2026-06-17T10:00:05.042+0800][3.905s][info][gc             ] GC(87) Pause Young (Allocation Failure) 47M->34M(61M) 2.824ms
[2026-06-17T10:00:05.043+0800][3.906s][info][gc,cpu         ] GC(87) User=0.00s Sys=0.00s Real=0.01s
[2026-06-17T10:00:05.075+0800][3.938s][info][gc,start       ] GC(88) Pause Young (Allocation Failure)
[2026-06-17T10:00:05.077+0800][3.940s][info][gc,heap        ] GC(88) DefNew: 18346K(19648K)->2164K(19648K) Eden: 16210K(17472K)->0K(17472K) From: 2135K(2176K)->2164K(2176K)
[2026-06-17T10:00:05.079+0800][3.941s][info][gc,heap        ] GC(88) Tenured: 33628K(43712K)->35885K(43712K)
[2026-06-17T10:00:05.081+0800][3.944s][info][gc,metaspace   ] GC(88) Metaspace: 110K(320K)->110K(320K) NonClass: 103K(192K)->103K(192K) Class: 7K(128K)->7K(128K)
[2026-06-17T10:00:05.082+0800][3.945s][info][gc             ] GC(88) Pause Young (Allocation Failure) 50M->37M(61M) 6.946ms
[2026-06-17T10:00:05.082+0800][3.945s][info][gc,cpu         ] GC(88) User=0.00s Sys=0.00s Real=0.00s
[2026-06-17T10:00:05.135+0800][3.998s][info][gc,start       ] GC(89) Pause Young (Allocation Failure)
[2026-06-17T10:00:05.136+0800][3.999s][info][gc,heap        ] GC(89) DefNew: 19586K(19648K)->2165K(19648K) Eden: 17422K(17472K)->0K(17472K) From: 2164K(2176K)->2165K(2176K)
[2026-06-17T10:00:05.137+0800][3.999s][info][gc,heap        ] GC(89) Tenured: 35885K(43712K)->39197K(43712K)
[2026-06-17T10:00:05.137+0800][4.000s][info][gc,metaspace   ] GC(89) Metaspace: 110K(320K)->110K(320K) NonClass: 103K(192K)->103K(192K) Class: 7K(128K)->7K(128K)
[2026-06-17T10:00:05.137+0800][4.000s][info][gc             ] GC(89) Pause Young (Allocation Failure) 54M->40M(61M) 2.399ms
[2026-06-17T10:00:05.137+0800][4.000s][info][gc,cpu         ] GC(89) User=0.00s Sys=0.00s Real=0.00s
[2026-06-17T10:00:05.180+0800][4.042s][info][gc,start       ] GC(90) Pause Young (Allocation Failure)
[2026-06-17T10:00:05.180+0800][4.043s][info][gc             ] GC(90) Pause Young (Allocation Failure) 57M->57M(61M) 0.466ms
[2026-06-17T10:00:05.180+0800][4.043s][info][gc,cpu         ] GC(90) User=0.00s Sys=0.00s Real=0.00s
[2026-06-17T10:00:05.181+0800][4.043s][info][gc,start       ] GC(91) Pause Full (Allocation Failure)
[2026-06-17T10:00:05.181+0800][4.043s][info][gc,phases,start] GC(91) Phase 1: Mark live objects
[2026-06-17T10:00:05.181+0800][4.044s][info][gc,phases      ] GC(91) Phase 1: Mark live objects 0.768ms
[2026-06-17T10:00:05.182+0800][4.044s][info][gc,phases,start] GC(91) Phase 2: Compute new object addresses
[2026-06-17T10:00:05.182+0800][4.045s][info][gc,phases      ] GC(91) Phase 2: Compute new object addresses 0.405ms
[2026-06-17T10:00:05.182+0800][4.045s][info][gc,phases,start] GC(91) Phase 3: Adjust pointers
[2026-06-17T10:00:05.183+0800][4.046s][info][gc,phases      ] GC(91) Phase 3: Adjust pointers 0.619ms
[2026-06-17T10:00:05.183+0800][4.046s][info][gc,phases,start] GC(91) Phase 4: Move objects
[2026-06-17T10:00:05.186+0800][4.048s][info][gc,phases      ] GC(91) Phase 4: Move objects 2.515ms
[2026-06-17T10:00:05.186+0800][4.049s][info][gc,heap        ] GC(91) DefNew: 19632K(19648K)->0K(19648K) Eden: 17466K(17472K)->0K(17472K) From: 2165K(2176K)->0K(2176K)
[2026-06-17T10:00:05.186+0800][4.049s][info][gc,heap        ] GC(91) Tenured: 39197K(43712K)->31886K(43712K)
[2026-06-17T10:00:05.186+0800][4.049s][info][gc,metaspace   ] GC(91) Metaspace: 110K(320K)->110K(320K) NonClass: 103K(192K)->103K(192K) Class: 7K(128K)->7K(128K)
[2026-06-17T10:00:05.187+0800][4.049s][info][gc             ] GC(91) Pause Full (Allocation Failure) 57M->31M(61M) 6.112ms
[2026-06-17T10:00:05.187+0800][4.049s][info][gc,cpu         ] GC(91) User=0.00s Sys=0.00s Real=0.01s
[2026-06-17T10:00:05.229+0800][4.092s][info][gc,start       ] GC(92) Pause Young (Allocation Failure)
[2026-06-17T10:00:05.231+0800][4.094s][info][gc,heap        ] GC(92) DefNew: 17472K(19648K)->2173K(19648K) Eden: 17472K(17472K)->0K(17472K) From: 0K(2176K)->2173K(2176K)
[2026-06-17T10:00:05.234+0800][4.097s][info][gc,heap        ] GC(92) Tenured: 31886K(43712K)->36591K(43712K)
[2026-06-17T10:00:05.236+0800][4.099s][info][gc,metaspace   ] GC(92) Metaspace: 110K(320K)->110K(320K) NonClass: 103K(192K)->103K(192K) Class: 7K(128K)->7K(128K)
[2026-06-17T10:00:05.236+0800][4.099s][info][gc             ] GC(92) Pause Young (Allocation Failure) 48M->37M(61M) 7.386ms
[2026-06-17T10:00:05.237+0800][4.100s][info][gc,cpu         ] GC(92) User=0.00s Sys=0.00s Real=0.01s
[2026-06-17T10:00:05.280+0800][4.143s][info][gc,start       ] GC(93) Pause Young (Allocation Failure)
[2026-06-17T10:00:05.282+0800][4.144s][info][gc,heap        ] GC(93) DefNew: 19645K(19648K)->2174K(19648K) Eden: 17472K(17472K)->0K(17472K) From: 2173K(2176K)->2174K(2176K)
[2026-06-17T10:00:05.283+0800][4.146s][info][gc,heap        ] GC(93) Tenured: 36591K(43712K)->41534K(43712K)
[2026-06-17T10:00:05.285+0800][4.147s][info][gc,metaspace   ] GC(93) Metaspace: 110K(320K)->110K(320K) NonClass: 103K(192K)->103K(192K) Class: 7K(128K)->7K(128K)
[2026-06-17T10:00:05.288+0800][4.151s][info][gc             ] GC(93) Pause Young (Allocation Failure) 54M->42M(61M) 7.889ms
[2026-06-17T10:00:05.290+0800][4.153s][info][gc,cpu         ] GC(93) User=0.00s Sys=0.00s Real=0.01s
[2026-06-17T10:00:05.333+0800][4.196s][info][gc,start       ] GC(94) Pause Young (Allocation Failure)
[2026-06-17T10:00:05.336+0800][4.199s][info][gc             ] GC(94) Pause Young (Allocation Failure) 59M->59M(61M) 2.876ms
[2026-06-17T10:00:05.336+0800][4.199s][info][gc,cpu         ] GC(94) User=0.00s Sys=0.00s Real=0.00s
[2026-06-17T10:00:05.337+0800][4.200s][info][gc,start       ] GC(95) Pause Full (Allocation Failure)
[2026-06-17T10:00:05.337+0800][4.200s][info][gc,phases,start] GC(95) Phase 1: Mark live objects
[2026-06-17T10:00:05.338+0800][4.201s][info][gc,phases      ] GC(95) Phase 1: Mark live objects 1.211ms
[2026-06-17T10:00:05.339+0800][4.202s][info][gc,phases,start] GC(95) Phase 2: Compute new object addresses
[2026-06-17T10:00:05.340+0800][4.202s][info][gc,phases      ] GC(95) Phase 2: Compute new object addresses 0.717ms
[2026-06-17T10:00:05.340+0800][4.203s][info][gc,phases,start] GC(95) Phase 3: Adjust pointers
[2026-06-17T10:00:05.341+0800][4.204s][info][gc,phases      ] GC(95) Phase 3: Adjust pointers 0.760ms
[2026-06-17T10:00:05.342+0800][4.204s][info][gc,phases,start] GC(95) Phase 4: Move objects
[2026-06-17T10:00:05.344+0800][4.207s][info][gc,phases      ] GC(95) Phase 4: Move objects 2.622ms
[2026-06-17T10:00:05.345+0800][4.208s][info][gc,heap        ] GC(95) DefNew: 19426K(19648K)->0K(19648K) Eden: 17252K(17472K)->0K(17472K) From: 2174K(2176K)->0K(2176K)
[2026-06-17T10:00:05.345+0800][4.208s][info][gc,heap        ] GC(95) Tenured: 41534K(43712K)->29982K(43712K)
[2026-06-17T10:00:05.346+0800][4.208s][info][gc,metaspace   ] GC(95) Metaspace: 110K(320K)->110K(320K) NonClass: 103K(192K)->103K(192K) Class: 7K(128K)->7K(128K)
[2026-06-17T10:00:05.346+0800][4.209s][info][gc             ] GC(95) Pause Full (Allocation Failure) 59M->29M(61M) 9.302ms
[2026-06-17T10:00:05.346+0800][4.209s][info][gc,cpu         ] GC(95) User=0.00s Sys=0.00s Real=0.01s
[2026-06-17T10:00:05.389+0800][4.252s][info][gc,start       ] GC(96) Pause Young (Allocation Failure)
[2026-06-17T10:00:05.390+0800][4.253s][info][gc,heap        ] GC(96) DefNew: 17472K(19648K)->2171K(19648K) Eden: 17472K(17472K)->0K(17472K) From: 0K(2176K)->2171K(2176K)
[2026-06-17T10:00:05.391+0800][4.254s][info][gc,heap        ] GC(96) Tenured: 29982K(43712K)->34726K(43712K)
[2026-06-17T10:00:05.391+0800][4.254s][info][gc,metaspace   ] GC(96) Metaspace: 110K(320K)->110K(320K) NonClass: 103K(192K)->103K(192K) Class: 7K(128K)->7K(128K)
[2026-06-17T10:00:05.392+0800][4.254s][info][gc             ] GC(96) Pause Young (Allocation Failure) 46M->36M(61M) 2.424ms
[2026-06-17T10:00:05.392+0800][4.255s][info][gc,cpu         ] GC(96) User=0.00s Sys=0.00s Real=0.01s
[2026-06-17T10:00:05.444+0800][4.307s][info][gc,start       ] GC(97) Pause Young (Allocation Failure)
[2026-06-17T10:00:05.447+0800][4.310s][info][gc,heap        ] GC(97) DefNew: 19624K(19648K)->2059K(19648K) Eden: 17452K(17472K)->0K(17472K) From: 2171K(2176K)->2059K(2176K)
[2026-06-17T10:00:05.448+0800][4.311s][info][gc,heap        ] GC(97) Tenured: 34726K(43712K)->38335K(43712K)
[2026-06-17T10:00:05.451+0800][4.313s][info][gc,metaspace   ] GC(97) Metaspace: 110K(320K)->110K(320K) NonClass: 103K(192K)->103K(192K) Class: 7K(128K)->7K(128K)
[2026-06-17T10:00:05.451+0800][4.314s][info][gc             ] GC(97) Pause Young (Allocation Failure) 53M->39M(61M) 6.777ms
[2026-06-17T10:00:05.453+0800][4.315s][info][gc,cpu         ] GC(97) User=0.00s Sys=0.00s Real=0.01s
[2026-06-17T10:00:05.498+0800][4.361s][info][gc,start       ] GC(98) Pause Young (Allocation Failure)
[2026-06-17T10:00:05.501+0800][4.363s][info][gc             ] GC(98) Pause Young (Allocation Failure) 56M->56M(61M) 2.430ms
[2026-06-17T10:00:05.502+0800][4.365s][info][gc,cpu         ] GC(98) User=0.00s Sys=0.00s Real=0.00s
[2026-06-17T10:00:05.503+0800][4.366s][info][gc,start       ] GC(99) Pause Full (Allocation Failure)
[2026-06-17T10:00:05.503+0800][4.366s][info][gc,phases,start] GC(99) Phase 1: Mark live objects
[2026-06-17T10:00:05.504+0800][4.367s][info][gc,phases      ] GC(99) Phase 1: Mark live objects 0.868ms
[2026-06-17T10:00:05.507+0800][4.369s][info][gc,phases,start] GC(99) Phase 2: Compute new object addresses
[2026-06-17T10:00:05.507+0800][4.370s][info][gc,phases      ] GC(99) Phase 2: Compute new object addresses 0.823ms
[2026-06-17T10:00:05.510+0800][4.373s][info][gc,phases,start] GC(99) Phase 3: Adjust pointers
[2026-06-17T10:00:05.512+0800][4.374s][info][gc,phases      ] GC(99) Phase 3: Adjust pointers 1.523ms
[2026-06-17T10:00:05.516+0800][4.379s][info][gc,phases,start] GC(99) Phase 4: Move objects
[2026-06-17T10:00:05.519+0800][4.382s][info][gc,phases      ] GC(99) Phase 4: Move objects 3.453ms
[2026-06-17T10:00:05.520+0800][4.382s][info][gc,heap        ] GC(99) DefNew: 19471K(19648K)->0K(19648K) Eden: 17411K(17472K)->0K(17472K) From: 2059K(2176K)->0K(2176K)
[2026-06-17T10:00:05.520+0800][4.383s][info][gc,heap        ] GC(99) Tenured: 38335K(43712K)->32018K(43712K)
[2026-06-17T10:00:05.521+0800][4.384s][info][gc,metaspace   ] GC(99) Metaspace: 110K(320K)->110K(320K) NonClass: 103K(192K)->103K(192K) Class: 7K(128K)->7K(128K)
[2026-06-17T10:00:05.521+0800][4.384s][info][gc             ] GC(99) Pause Full (Allocation Failure) 56M->31M(61M) 18.209ms
[2026-06-17T10:00:05.522+0800][4.384s][info][gc,cpu         ] GC(99) User=0.00s Sys=0.00s Real=0.01s
[2026-06-17T10:00:05.564+0800][4.427s][info][gc,start       ] GC(100) Pause Young (Allocation Failure)
[2026-06-17T10:00:05.566+0800][4.429s][info][gc,heap        ] GC(100) DefNew: 17418K(19648K)->2170K(19648K) Eden: 17418K(17472K)->0K(17472K) From: 0K(2176K)->2170K(2176K)
[2026-06-17T10:00:05.567+0800][4.429s][info][gc,heap        ] GC(100) Tenured: 32018K(43712K)->36264K(43712K)
[2026-06-17T10:00:05.567+0800][4.430s][info][gc,metaspace   ] GC(100) Metaspace: 110K(320K)->110K(320K) NonClass: 103K(192K)->103K(192K) Class: 7K(128K)->7K(128K)
[2026-06-17T10:00:05.568+0800][4.430s][info][gc             ] GC(100) Pause Young (Allocation Failure) 48M->37M(61M) 3.281ms
[2026-06-17T10:00:05.568+0800][4.431s][info][gc,cpu         ] GC(100) User=0.00s Sys=0.00s Real=0.00s
[2026-06-17T10:00:05.622+0800][4.484s][info][gc,start       ] GC(101) Pause Young (Allocation Failure)
[2026-06-17T10:00:05.623+0800][4.486s][info][gc,heap        ] GC(101) DefNew: 19632K(19648K)->2174K(19648K) Eden: 17462K(17472K)->0K(17472K) From: 2170K(2176K)->2174K(2176K)
[2026-06-17T10:00:05.624+0800][4.486s][info][gc,heap        ] GC(101) Tenured: 36264K(43712K)->39173K(43712K)
[2026-06-17T10:00:05.624+0800][4.487s][info][gc,metaspace   ] GC(101) Metaspace: 110K(320K)->110K(320K) NonClass: 103K(192K)->103K(192K) Class: 7K(128K)->7K(128K)
[2026-06-17T10:00:05.625+0800][4.488s][info][gc             ] GC(101) Pause Young (Allocation Failure) 54M->40M(61M) 3.500ms
[2026-06-17T10:00:05.626+0800][4.489s][info][gc,cpu         ] GC(101) User=0.00s Sys=0.00s Real=0.01s
[2026-06-17T10:00:05.669+0800][4.531s][info][gc,start       ] GC(102) Pause Young (Allocation Failure)
[2026-06-17T10:00:05.669+0800][4.532s][info][gc             ] GC(102) Pause Young (Allocation Failure) 57M->57M(61M) 0.762ms
[2026-06-17T10:00:05.670+0800][4.533s][info][gc,cpu         ] GC(102) User=0.00s Sys=0.00s Real=0.00s
[2026-06-17T10:00:05.671+0800][4.533s][info][gc,start       ] GC(103) Pause Full (Allocation Failure)
[2026-06-17T10:00:05.671+0800][4.534s][info][gc,phases,start] GC(103) Phase 1: Mark live objects
[2026-06-17T10:00:05.672+0800][4.535s][info][gc,phases      ] GC(103) Phase 1: Mark live objects 1.110ms
[2026-06-17T10:00:05.673+0800][4.536s][info][gc,phases,start] GC(103) Phase 2: Compute new object addresses
[2026-06-17T10:00:05.674+0800][4.537s][info][gc,phases      ] GC(103) Phase 2: Compute new object addresses 0.876ms
[2026-06-17T10:00:05.674+0800][4.537s][info][gc,phases,start] GC(103) Phase 3: Adjust pointers
[2026-06-17T10:00:05.676+0800][4.539s][info][gc,phases      ] GC(103) Phase 3: Adjust pointers 1.542ms
[2026-06-17T10:00:05.677+0800][4.540s][info][gc,phases,start] GC(103) Phase 4: Move objects
[2026-06-17T10:00:05.681+0800][4.544s][info][gc,phases      ] GC(103) Phase 4: Move objects 4.022ms
[2026-06-17T10:00:05.682+0800][4.545s][info][gc,heap        ] GC(103) DefNew: 19626K(19648K)->0K(19648K) Eden: 17451K(17472K)->0K(17472K) From: 2174K(2176K)->0K(2176K)
[2026-06-17T10:00:05.683+0800][4.545s][info][gc,heap        ] GC(103) Tenured: 39173K(43712K)->23456K(43712K)
[2026-06-17T10:00:05.683+0800][4.546s][info][gc,metaspace   ] GC(103) Metaspace: 110K(320K)->110K(320K) NonClass: 103K(192K)->103K(192K) Class: 7K(128K)->7K(128K)
[2026-06-17T10:00:05.683+0800][4.546s][info][gc             ] GC(103) Pause Full (Allocation Failure) 57M->22M(61M) 12.962ms
[2026-06-17T10:00:05.684+0800][4.547s][info][gc,cpu         ] GC(103) User=0.00s Sys=0.00s Real=0.01s
[2026-06-17T10:00:05.727+0800][4.590s][info][gc,start       ] GC(104) Pause Young (Allocation Failure)
[2026-06-17T10:00:05.728+0800][4.591s][info][gc,heap        ] GC(104) DefNew: 17427K(19648K)->2174K(19648K) Eden: 17427K(17472K)->0K(17472K) From: 0K(2176K)->2174K(2176K)
[2026-06-17T10:00:05.728+0800][4.591s][info][gc,heap        ] GC(104) Tenured: 23456K(43712K)->28409K(43712K)
[2026-06-17T10:00:05.729+0800][4.591s][info][gc,metaspace   ] GC(104) Metaspace: 110K(320K)->110K(320K) NonClass: 103K(192K)->103K(192K) Class: 7K(128K)->7K(128K)
[2026-06-17T10:00:05.729+0800][4.592s][info][gc             ] GC(104) Pause Young (Allocation Failure) 39M->29M(61M) 2.183ms
[2026-06-17T10:00:05.730+0800][4.592s][info][gc,cpu         ] GC(104) User=0.00s Sys=0.00s Real=0.00s
[2026-06-17T10:00:05.772+0800][4.635s][info][gc,start       ] GC(105) Pause Young (Allocation Failure)
[2026-06-17T10:00:05.774+0800][4.637s][info][gc,heap        ] GC(105) DefNew: 19613K(19648K)->2172K(19648K) Eden: 17439K(17472K)->0K(17472K) From: 2174K(2176K)->2172K(2176K)
[2026-06-17T10:00:05.775+0800][4.638s][info][gc,heap        ] GC(105) Tenured: 28409K(43712K)->35336K(43712K)
[2026-06-17T10:00:05.775+0800][4.638s][info][gc,metaspace   ] GC(105) Metaspace: 110K(320K)->110K(320K) NonClass: 103K(192K)->103K(192K) Class: 7K(128K)->7K(128K)
[2026-06-17T10:00:05.776+0800][4.639s][info][gc             ] GC(105) Pause Young (Allocation Failure) 46M->36M(61M) 3.574ms
[2026-06-17T10:00:05.776+0800][4.639s][info][gc,cpu         ] GC(105) User=0.00s Sys=0.00s Real=0.00s
[2026-06-17T10:00:05.829+0800][4.692s][info][gc,start       ] GC(106) Pause Young (Allocation Failure)
[2026-06-17T10:00:05.832+0800][4.695s][info][gc,heap        ] GC(106) DefNew: 19624K(19648K)->2122K(19648K) Eden: 17452K(17472K)->0K(17472K) From: 2172K(2176K)->2122K(2176K)
[2026-06-17T10:00:05.834+0800][4.696s][info][gc,heap        ] GC(106) Tenured: 35336K(43712K)->36244K(43712K)
[2026-06-17T10:00:05.835+0800][4.698s][info][gc,metaspace   ] GC(106) Metaspace: 110K(320K)->110K(320K) NonClass: 103K(192K)->103K(192K) Class: 7K(128K)->7K(128K)
[2026-06-17T10:00:05.837+0800][4.700s][info][gc             ] GC(106) Pause Young (Allocation Failure) 53M->37M(61M) 8.065ms
[2026-06-17T10:00:05.839+0800][4.702s][info][gc,cpu         ] GC(106) User=0.00s Sys=0.00s Real=0.01s
[2026-06-17T10:00:05.882+0800][4.745s][info][gc,start       ] GC(107) Pause Young (Allocation Failure)
[2026-06-17T10:00:05.883+0800][4.746s][info][gc             ] GC(107) Pause Young (Allocation Failure) 54M->54M(61M) 0.608ms
[2026-06-17T10:00:05.883+0800][4.746s][info][gc,cpu         ] GC(107) User=0.01s Sys=0.00s Real=0.01s
[2026-06-17T10:00:05.884+0800][4.747s][info][gc,start       ] GC(108) Pause Full (Allocation Failure)
[2026-06-17T10:00:05.884+0800][4.747s][info][gc,phases,start] GC(108) Phase 1: Mark live objects
[2026-06-17T10:00:05.886+0800][4.748s][info][gc,phases      ] GC(108) Phase 1: Mark live objects 1.445ms
[2026-06-17T10:00:05.886+0800][4.749s][info][gc,phases,start] GC(108) Phase 2: Compute new object addresses
[2026-06-17T10:00:05.887+0800][4.750s][info][gc,phases      ] GC(108) Phase 2: Compute new object addresses 0.978ms
[2026-06-17T10:00:05.887+0800][4.750s][info][gc,phases,start] GC(108) Phase 3: Adjust pointers
[2026-06-17T10:00:05.888+0800][4.751s][info][gc,phases      ] GC(108) Phase 3: Adjust pointers 0.733ms
[2026-06-17T10:00:05.888+0800][4.751s][info][gc,phases,start] GC(108) Phase 4: Move objects
[2026-06-17T10:00:05.890+0800][4.753s][info][gc,phases      ] GC(108) Phase 4: Move objects 2.208ms
[2026-06-17T10:00:05.891+0800][4.754s][info][gc,heap        ] GC(108) DefNew: 19530K(19648K)->0K(19648K) Eden: 17408K(17472K)->0K(17472K) From: 2122K(2176K)->0K(2176K)
[2026-06-17T10:00:05.891+0800][4.754s][info][gc,heap        ] GC(108) Tenured: 36244K(43712K)->26007K(43712K)
[2026-06-17T10:00:05.892+0800][4.755s][info][gc,metaspace   ] GC(108) Metaspace: 110K(320K)->110K(320K) NonClass: 103K(192K)->103K(192K) Class: 7K(128K)->7K(128K)
[2026-06-17T10:00:05.892+0800][4.755s][info][gc             ] GC(108) Pause Full (Allocation Failure) 54M->25M(61M) 8.427ms
[2026-06-17T10:00:05.893+0800][4.755s][info][gc,cpu         ] GC(108) User=0.00s Sys=0.00s Real=0.01s
[2026-06-17T10:00:05.936+0800][4.799s][info][gc,start       ] GC(109) Pause Young (Allocation Failure)
[2026-06-17T10:00:05.951+0800][4.814s][info][gc,heap        ] GC(109) DefNew: 17428K(19648K)->2173K(19648K) Eden: 17428K(17472K)->0K(17472K) From: 0K(2176K)->2173K(2176K)
[2026-06-17T10:00:05.982+0800][4.844s][info][gc,heap        ] GC(109) Tenured: 26007K(43712K)->31272K(43712K)
[2026-06-17T10:00:05.983+0800][4.846s][info][gc,metaspace   ] GC(109) Metaspace: 110K(320K)->110K(320K) NonClass: 103K(192K)->103K(192K) Class: 7K(128K)->7K(128K)
[2026-06-17T10:00:05.986+0800][4.848s][info][gc             ] GC(109) Pause Young (Allocation Failure) 42M->32M(61M) 49.679ms
[2026-06-17T10:00:05.987+0800][4.850s][info][gc,cpu         ] GC(109) User=0.00s Sys=0.00s Real=0.05s
[2026-06-17T10:00:06.032+0800][4.895s][info][gc,start       ] GC(110) Pause Young (Allocation Failure)
[2026-06-17T10:00:06.033+0800][4.896s][info][gc,heap        ] GC(110) DefNew: 19620K(19648K)->2175K(19648K) Eden: 17447K(17472K)->0K(17472K) From: 2173K(2176K)->2175K(2176K)
[2026-06-17T10:00:06.034+0800][4.897s][info][gc,heap        ] GC(110) Tenured: 31272K(43712K)->36542K(43712K)
[2026-06-17T10:00:06.034+0800][4.897s][info][gc,metaspace   ] GC(110) Metaspace: 110K(320K)->110K(320K) NonClass: 103K(192K)->103K(192K) Class: 7K(128K)->7K(128K)
[2026-06-17T10:00:06.034+0800][4.897s][info][gc             ] GC(110) Pause Young (Allocation Failure) 49M->37M(61M) 2.312ms
[2026-06-17T10:00:06.035+0800][4.897s][info][gc,cpu         ] GC(110) User=0.01s Sys=0.00s Real=0.00s
[2026-06-17T10:00:06.077+0800][4.940s][info][gc,start       ] GC(111) Pause Young (Allocation Failure)
[2026-06-17T10:00:06.083+0800][4.946s][info][gc             ] GC(111) Pause Young (Allocation Failure) 54M->54M(61M) 6.000ms
[2026-06-17T10:00:06.084+0800][4.947s][info][gc,cpu         ] GC(111) User=0.00s Sys=0.00s Real=0.01s
[2026-06-17T10:00:06.085+0800][4.948s][info][gc,start       ] GC(112) Pause Full (Allocation Failure)
[2026-06-17T10:00:06.094+0800][4.957s][info][gc,phases,start] GC(112) Phase 1: Mark live objects
[2026-06-17T10:00:06.098+0800][4.961s][info][gc,phases      ] GC(112) Phase 1: Mark live objects 4.007ms
[2026-06-17T10:00:06.108+0800][4.970s][info][gc,phases,start] GC(112) Phase 2: Compute new object addresses
[2026-06-17T10:00:06.110+0800][4.973s][info][gc,phases      ] GC(112) Phase 2: Compute new object addresses 2.340ms
[2026-06-17T10:00:06.112+0800][4.974s][info][gc,phases,start] GC(112) Phase 3: Adjust pointers
[2026-06-17T10:00:06.113+0800][4.975s][info][gc,phases      ] GC(112) Phase 3: Adjust pointers 1.059ms
[2026-06-17T10:00:06.113+0800][4.976s][info][gc,phases,start] GC(112) Phase 4: Move objects
[2026-06-17T10:00:06.116+0800][4.979s][info][gc,phases      ] GC(112) Phase 4: Move objects 2.443ms
[2026-06-17T10:00:06.118+0800][4.981s][info][gc,heap        ] GC(112) DefNew: 19646K(19648K)->0K(19648K) Eden: 17470K(17472K)->0K(17472K) From: 2175K(2176K)->0K(2176K)
[2026-06-17T10:00:06.119+0800][4.982s][info][gc,heap        ] GC(112) Tenured: 36542K(43712K)->27854K(43712K)
[2026-06-17T10:00:06.121+0800][4.984s][info][gc,metaspace   ] GC(112) Metaspace: 110K(320K)->110K(320K) NonClass: 103K(192K)->103K(192K) Class: 7K(128K)->7K(128K)
[2026-06-17T10:00:06.124+0800][4.987s][info][gc             ] GC(112) Pause Full (Allocation Failure) 54M->27M(61M) 38.414ms
[2026-06-17T10:00:06.127+0800][4.990s][info][gc,cpu         ] GC(112) User=0.00s Sys=0.00s Real=0.04s
[2026-06-17T10:00:06.182+0800][5.045s][info][gc,start       ] GC(113) Pause Young (Allocation Failure)
[2026-06-17T10:00:06.184+0800][5.046s][info][gc,heap        ] GC(113) DefNew: 17438K(19648K)->2032K(19648K) Eden: 17438K(17472K)->0K(17472K) From: 0K(2176K)->2032K(2176K)
[2026-06-17T10:00:06.185+0800][5.048s][info][gc,heap        ] GC(113) Tenured: 27854K(43712K)->29289K(43712K)
[2026-06-17T10:00:06.187+0800][5.050s][info][gc,metaspace   ] GC(113) Metaspace: 110K(320K)->110K(320K) NonClass: 103K(192K)->103K(192K) Class: 7K(128K)->7K(128K)
[2026-06-17T10:00:06.189+0800][5.052s][info][gc             ] GC(113) Pause Young (Allocation Failure) 44M->30M(61M) 7.323ms
[2026-06-17T10:00:06.190+0800][5.053s][info][gc,cpu         ] GC(113) User=0.01s Sys=0.00s Real=0.02s
[2026-06-17T10:00:06.234+0800][5.096s][info][gc,start       ] GC(114) Pause Young (Allocation Failure)
[2026-06-17T10:00:06.235+0800][5.097s][info][gc,heap        ] GC(114) DefNew: 19473K(19648K)->2149K(19648K) Eden: 17440K(17472K)->0K(17472K) From: 2032K(2176K)->2149K(2176K)
[2026-06-17T10:00:06.235+0800][5.098s][info][gc,heap        ] GC(114) Tenured: 29289K(43712K)->32563K(43712K)
[2026-06-17T10:00:06.235+0800][5.098s][info][gc,metaspace   ] GC(114) Metaspace: 110K(320K)->110K(320K) NonClass: 103K(192K)->103K(192K) Class: 7K(128K)->7K(128K)
[2026-06-17T10:00:06.235+0800][5.098s][info][gc             ] GC(114) Pause Young (Allocation Failure) 47M->33M(61M) 1.880ms
[2026-06-17T10:00:06.236+0800][5.098s][info][gc,cpu         ] GC(114) User=0.00s Sys=0.00s Real=0.00s
[2026-06-17T10:00:06.278+0800][5.141s][info][gc,start       ] GC(115) Pause Young (Allocation Failure)
[2026-06-17T10:00:06.279+0800][5.142s][info][gc,heap        ] GC(115) DefNew: 19608K(19648K)->1981K(19648K) Eden: 17458K(17472K)->0K(17472K) From: 2149K(2176K)->1981K(2176K)
[2026-06-17T10:00:06.280+0800][5.142s][info][gc,heap        ] GC(115) Tenured: 32563K(43712K)->36585K(43712K)
[2026-06-17T10:00:06.280+0800][5.143s][info][gc,metaspace   ] GC(115) Metaspace: 110K(320K)->110K(320K) NonClass: 103K(192K)->103K(192K) Class: 7K(128K)->7K(128K)
[2026-06-17T10:00:06.280+0800][5.143s][info][gc             ] GC(115) Pause Young (Allocation Failure) 50M->37M(61M) 2.105ms
[2026-06-17T10:00:06.280+0800][5.143s][info][gc,cpu         ] GC(115) User=0.00s Sys=0.00s Real=0.00s
[2026-06-17T10:00:06.323+0800][5.186s][info][gc,start       ] GC(116) Pause Young (Allocation Failure)
[2026-06-17T10:00:06.324+0800][5.187s][info][gc             ] GC(116) Pause Young (Allocation Failure) 54M->54M(61M) 1.006ms
[2026-06-17T10:00:06.324+0800][5.187s][info][gc,cpu         ] GC(116) User=0.00s Sys=0.00s Real=0.00s
[2026-06-17T10:00:06.325+0800][5.187s][info][gc,start       ] GC(117) Pause Full (Allocation Failure)
[2026-06-17T10:00:06.325+0800][5.187s][info][gc,phases,start] GC(117) Phase 1: Mark live objects
[2026-06-17T10:00:06.326+0800][5.189s][info][gc,phases      ] GC(117) Phase 1: Mark live objects 1.097ms
[2026-06-17T10:00:06.326+0800][5.189s][info][gc,phases,start] GC(117) Phase 2: Compute new object addresses
[2026-06-17T10:00:06.327+0800][5.189s][info][gc,phases      ] GC(117) Phase 2: Compute new object addresses 0.632ms
[2026-06-17T10:00:06.327+0800][5.190s][info][gc,phases,start] GC(117) Phase 3: Adjust pointers
[2026-06-17T10:00:06.328+0800][5.191s][info][gc,phases      ] GC(117) Phase 3: Adjust pointers 0.850ms
[2026-06-17T10:00:06.328+0800][5.191s][info][gc,phases,start] GC(117) Phase 4: Move objects
[2026-06-17T10:00:06.331+0800][5.193s][info][gc,phases      ] GC(117) Phase 4: Move objects 2.616ms
[2026-06-17T10:00:06.331+0800][5.194s][info][gc,heap        ] GC(117) DefNew: 19453K(19648K)->0K(19648K) Eden: 17472K(17472K)->0K(17472K) From: 1981K(2176K)->0K(2176K)
[2026-06-17T10:00:06.331+0800][5.194s][info][gc,heap        ] GC(117) Tenured: 36585K(43712K)->31086K(43712K)
[2026-06-17T10:00:06.331+0800][5.194s][info][gc,metaspace   ] GC(117) Metaspace: 110K(320K)->110K(320K) NonClass: 103K(192K)->103K(192K) Class: 7K(128K)->7K(128K)
[2026-06-17T10:00:06.332+0800][5.194s][info][gc             ] GC(117) Pause Full (Allocation Failure) 54M->30M(61M) 7.114ms
[2026-06-17T10:00:06.332+0800][5.195s][info][gc,cpu         ] GC(117) User=0.01s Sys=0.00s Real=0.01s
[2026-06-17T10:00:06.375+0800][5.238s][info][gc,start       ] GC(118) Pause Young (Allocation Failure)
[2026-06-17T10:00:06.377+0800][5.240s][info][gc,heap        ] GC(118) DefNew: 17429K(19648K)->2173K(19648K) Eden: 17429K(17472K)->0K(17472K) From: 0K(2176K)->2173K(2176K)
[2026-06-17T10:00:06.378+0800][5.241s][info][gc,heap        ] GC(118) Tenured: 31086K(43712K)->36037K(43712K)
[2026-06-17T10:00:06.379+0800][5.242s][info][gc,metaspace   ] GC(118) Metaspace: 110K(320K)->110K(320K) NonClass: 103K(192K)->103K(192K) Class: 7K(128K)->7K(128K)
[2026-06-17T10:00:06.380+0800][5.242s][info][gc             ] GC(118) Pause Young (Allocation Failure) 47M->37M(61M) 4.827ms
[2026-06-17T10:00:06.380+0800][5.243s][info][gc,cpu         ] GC(118) User=0.00s Sys=0.00s Real=0.00s
[2026-06-17T10:00:06.423+0800][5.285s][info][gc,start       ] GC(119) Pause Young (Allocation Failure)
[2026-06-17T10:00:06.424+0800][5.287s][info][gc,heap        ] GC(119) DefNew: 19645K(19648K)->2167K(19648K) Eden: 17472K(17472K)->0K(17472K) From: 2173K(2176K)->2167K(2176K)
[2026-06-17T10:00:06.424+0800][5.287s][info][gc,heap        ] GC(119) Tenured: 36037K(43712K)->39671K(43712K)
[2026-06-17T10:00:06.425+0800][5.287s][info][gc,metaspace   ] GC(119) Metaspace: 110K(320K)->110K(320K) NonClass: 103K(192K)->103K(192K) Class: 7K(128K)->7K(128K)
[2026-06-17T10:00:06.425+0800][5.288s][info][gc             ] GC(119) Pause Young (Allocation Failure) 54M->40M(61M) 2.340ms
[2026-06-17T10:00:06.425+0800][5.288s][info][gc,cpu         ] GC(119) User=0.00s Sys=0.00s Real=0.00s
[2026-06-17T10:00:06.468+0800][5.331s][info][gc,start       ] GC(120) Pause Young (Allocation Failure)
[2026-06-17T10:00:06.469+0800][5.332s][info][gc             ] GC(120) Pause Young (Allocation Failure) 57M->57M(61M) 0.607ms
[2026-06-17T10:00:06.469+0800][5.332s][info][gc,cpu         ] GC(120) User=0.00s Sys=0.00s Real=0.00s
[2026-06-17T10:00:06.470+0800][5.333s][info][gc,start       ] GC(121) Pause Full (Allocation Failure)
[2026-06-17T10:00:06.470+0800][5.333s][info][gc,phases,start] GC(121) Phase 1: Mark live objects
[2026-06-17T10:00:06.472+0800][5.334s][info][gc,phases      ] GC(121) Phase 1: Mark live objects 1.215ms
[2026-06-17T10:00:06.472+0800][5.335s][info][gc,phases,start] GC(121) Phase 2: Compute new object addresses
[2026-06-17T10:00:06.473+0800][5.336s][info][gc,phases      ] GC(121) Phase 2: Compute new object addresses 0.741ms
[2026-06-17T10:00:06.473+0800][5.336s][info][gc,phases,start] GC(121) Phase 3: Adjust pointers
[2026-06-17T10:00:06.474+0800][5.337s][info][gc,phases      ] GC(121) Phase 3: Adjust pointers 0.699ms
[2026-06-17T10:00:06.474+0800][5.337s][info][gc,phases,start] GC(121) Phase 4: Move objects
[2026-06-17T10:00:06.477+0800][5.339s][info][gc,phases      ] GC(121) Phase 4: Move objects 2.428ms
[2026-06-17T10:00:06.477+0800][5.340s][info][gc,heap        ] GC(121) DefNew: 19639K(19648K)->0K(19648K) Eden: 17472K(17472K)->0K(17472K) From: 2167K(2176K)->0K(2176K)
[2026-06-17T10:00:06.477+0800][5.340s][info][gc,heap        ] GC(121) Tenured: 39671K(43712K)->31955K(43712K)
[2026-06-17T10:00:06.477+0800][5.340s][info][gc,metaspace   ] GC(121) Metaspace: 110K(320K)->110K(320K) NonClass: 103K(192K)->103K(192K) Class: 7K(128K)->7K(128K)
[2026-06-17T10:00:06.478+0800][5.340s][info][gc             ] GC(121) Pause Full (Allocation Failure) 57M->31M(61M) 7.766ms
[2026-06-17T10:00:06.478+0800][5.340s][info][gc,cpu         ] GC(121) User=0.01s Sys=0.00s Real=0.01s
[2026-06-17T10:00:06.520+0800][5.383s][info][gc,start       ] GC(122) Pause Young (Allocation Failure)
[2026-06-17T10:00:06.521+0800][5.384s][info][gc,heap        ] GC(122) DefNew: 17472K(19648K)->2169K(19648K) Eden: 17472K(17472K)->0K(17472K) From: 0K(2176K)->2169K(2176K)
[2026-06-17T10:00:06.522+0800][5.384s][info][gc,heap        ] GC(122) Tenured: 31955K(43712K)->36828K(43712K)
[2026-06-17T10:00:06.522+0800][5.385s][info][gc,metaspace   ] GC(122) Metaspace: 110K(320K)->110K(320K) NonClass: 103K(192K)->103K(192K) Class: 7K(128K)->7K(128K)
[2026-06-17T10:00:06.522+0800][5.385s][info][gc             ] GC(122) Pause Young (Allocation Failure) 48M->38M(61M) 1.838ms
[2026-06-17T10:00:06.522+0800][5.385s][info][gc,cpu         ] GC(122) User=0.00s Sys=0.00s Real=0.00s
[2026-06-17T10:00:06.575+0800][5.438s][info][gc,start       ] GC(123) Pause Young (Allocation Failure)
[2026-06-17T10:00:06.575+0800][5.438s][info][gc             ] GC(123) Pause Young (Allocation Failure) 55M->55M(61M) 0.516ms
[2026-06-17T10:00:06.576+0800][5.438s][info][gc,cpu         ] GC(123) User=0.00s Sys=0.00s Real=0.00s
[2026-06-17T10:00:06.576+0800][5.439s][info][gc,start       ] GC(124) Pause Full (Allocation Failure)
[2026-06-17T10:00:06.576+0800][5.439s][info][gc,phases,start] GC(124) Phase 1: Mark live objects
[2026-06-17T10:00:06.577+0800][5.440s][info][gc,phases      ] GC(124) Phase 1: Mark live objects 1.068ms
[2026-06-17T10:00:06.578+0800][5.440s][info][gc,phases,start] GC(124) Phase 2: Compute new object addresses
[2026-06-17T10:00:06.579+0800][5.441s][info][gc,phases      ] GC(124) Phase 2: Compute new object addresses 0.959ms
[2026-06-17T10:00:06.579+0800][5.442s][info][gc,phases,start] GC(124) Phase 3: Adjust pointers
[2026-06-17T10:00:06.579+0800][5.442s][info][gc,phases      ] GC(124) Phase 3: Adjust pointers 0.552ms
[2026-06-17T10:00:06.580+0800][5.442s][info][gc,phases,start] GC(124) Phase 4: Move objects
[2026-06-17T10:00:06.582+0800][5.445s][info][gc,phases      ] GC(124) Phase 4: Move objects 2.040ms
[2026-06-17T10:00:06.582+0800][5.445s][info][gc,heap        ] GC(124) DefNew: 19635K(19648K)->0K(19648K) Eden: 17465K(17472K)->0K(17472K) From: 2169K(2176K)->0K(2176K)
[2026-06-17T10:00:06.582+0800][5.445s][info][gc,heap        ] GC(124) Tenured: 36828K(43712K)->33773K(43712K)
[2026-06-17T10:00:06.583+0800][5.445s][info][gc,metaspace   ] GC(124) Metaspace: 110K(320K)->110K(320K) NonClass: 103K(192K)->103K(192K) Class: 7K(128K)->7K(128K)
[2026-06-17T10:00:06.583+0800][5.445s][info][gc             ] GC(124) Pause Full (Allocation Failure) 55M->32M(61M) 6.784ms
[2026-06-17T10:00:06.583+0800][5.446s][info][gc,cpu         ] GC(124) User=0.00s Sys=0.00s Real=0.01s
[2026-06-17T10:00:06.625+0800][5.488s][info][gc,start       ] GC(125) Pause Young (Allocation Failure)
[2026-06-17T10:00:06.627+0800][5.490s][info][gc,heap        ] GC(125) DefNew: 17425K(19648K)->2174K(19648K) Eden: 17425K(17472K)->0K(17472K) From: 0K(2176K)->2174K(2176K)
[2026-06-17T10:00:06.628+0800][5.490s][info][gc,heap        ] GC(125) Tenured: 33773K(43712K)->38386K(43712K)
[2026-06-17T10:00:06.628+0800][5.491s][info][gc,metaspace   ] GC(125) Metaspace: 110K(320K)->110K(320K) NonClass: 103K(192K)->103K(192K) Class: 7K(128K)->7K(128K)
[2026-06-17T10:00:06.628+0800][5.491s][info][gc             ] GC(125) Pause Young (Allocation Failure) 49M->39M(61M) 2.845ms
[2026-06-17T10:00:06.629+0800][5.491s][info][gc,cpu         ] GC(125) User=0.00s Sys=0.00s Real=0.00s
[2026-06-17T10:00:06.671+0800][5.534s][info][gc,start       ] GC(126) Pause Young (Allocation Failure)
[2026-06-17T10:00:06.672+0800][5.535s][info][gc             ] GC(126) Pause Young (Allocation Failure) 56M->56M(61M) 0.571ms
[2026-06-17T10:00:06.672+0800][5.535s][info][gc,cpu         ] GC(126) User=0.00s Sys=0.00s Real=0.00s
[2026-06-17T10:00:06.673+0800][5.535s][info][gc,start       ] GC(127) Pause Full (Allocation Failure)
[2026-06-17T10:00:06.673+0800][5.536s][info][gc,phases,start] GC(127) Phase 1: Mark live objects
[2026-06-17T10:00:06.674+0800][5.537s][info][gc,phases      ] GC(127) Phase 1: Mark live objects 1.038ms
[2026-06-17T10:00:06.675+0800][5.537s][info][gc,phases,start] GC(127) Phase 2: Compute new object addresses
[2026-06-17T10:00:06.675+0800][5.538s][info][gc,phases      ] GC(127) Phase 2: Compute new object addresses 0.794ms
[2026-06-17T10:00:06.676+0800][5.538s][info][gc,phases,start] GC(127) Phase 3: Adjust pointers
[2026-06-17T10:00:06.676+0800][5.539s][info][gc,phases      ] GC(127) Phase 3: Adjust pointers 0.593ms
[2026-06-17T10:00:06.676+0800][5.539s][info][gc,phases,start] GC(127) Phase 4: Move objects
[2026-06-17T10:00:06.678+0800][5.541s][info][gc,phases      ] GC(127) Phase 4: Move objects 2.036ms
[2026-06-17T10:00:06.679+0800][5.542s][info][gc,heap        ] GC(127) DefNew: 19619K(19648K)->0K(19648K) Eden: 17444K(17472K)->0K(17472K) From: 2174K(2176K)->0K(2176K)
[2026-06-17T10:00:06.679+0800][5.542s][info][gc,heap        ] GC(127) Tenured: 38386K(43712K)->23573K(43712K)
[2026-06-17T10:00:06.679+0800][5.542s][info][gc,metaspace   ] GC(127) Metaspace: 110K(320K)->110K(320K) NonClass: 103K(192K)->103K(192K) Class: 7K(128K)->7K(128K)
[2026-06-17T10:00:06.679+0800][5.542s][info][gc             ] GC(127) Pause Full (Allocation Failure) 56M->23M(61M) 6.756ms
[2026-06-17T10:00:06.680+0800][5.542s][info][gc,cpu         ] GC(127) User=0.00s Sys=0.00s Real=0.00s
[2026-06-17T10:00:06.722+0800][5.585s][info][gc,start       ] GC(128) Pause Young (Allocation Failure)
[2026-06-17T10:00:06.723+0800][5.586s][info][gc,heap        ] GC(128) DefNew: 17454K(19648K)->2175K(19648K) Eden: 17454K(17472K)->0K(17472K) From: 0K(2176K)->2175K(2176K)
[2026-06-17T10:00:06.724+0800][5.587s][info][gc,heap        ] GC(128) Tenured: 23573K(43712K)->28556K(43712K)
[2026-06-17T10:00:06.727+0800][5.589s][info][gc,metaspace   ] GC(128) Metaspace: 110K(320K)->110K(320K) NonClass: 103K(192K)->103K(192K) Class: 7K(128K)->7K(128K)
[2026-06-17T10:00:06.729+0800][5.592s][info][gc             ] GC(128) Pause Young (Allocation Failure) 40M->30M(61M) 6.715ms
[2026-06-17T10:00:06.731+0800][5.593s][info][gc,cpu         ] GC(128) User=0.01s Sys=0.00s Real=0.02s
[2026-06-17T10:00:06.775+0800][5.637s][info][gc,start       ] GC(129) Pause Young (Allocation Failure)
[2026-06-17T10:00:06.776+0800][5.639s][info][gc,heap        ] GC(129) DefNew: 19632K(19648K)->2169K(19648K) Eden: 17456K(17472K)->0K(17472K) From: 2175K(2176K)->2169K(2176K)
[2026-06-17T10:00:06.776+0800][5.639s][info][gc,heap        ] GC(129) Tenured: 28556K(43712K)->35223K(43712K)
[2026-06-17T10:00:06.777+0800][5.639s][info][gc,metaspace   ] GC(129) Metaspace: 110K(320K)->110K(320K) NonClass: 103K(192K)->103K(192K) Class: 7K(128K)->7K(128K)
[2026-06-17T10:00:06.777+0800][5.640s][info][gc             ] GC(129) Pause Young (Allocation Failure) 47M->36M(61M) 2.433ms
[2026-06-17T10:00:06.777+0800][5.640s][info][gc,cpu         ] GC(129) User=0.00s Sys=0.00s Real=0.00s
[2026-06-17T10:00:06.830+0800][5.693s][info][gc,start       ] GC(130) Pause Young (Allocation Failure)
[2026-06-17T10:00:06.830+0800][5.693s][info][gc             ] GC(130) Pause Young (Allocation Failure) 53M->53M(61M) 0.540ms
[2026-06-17T10:00:06.831+0800][5.694s][info][gc,cpu         ] GC(130) User=0.00s Sys=0.00s Real=0.01s
[2026-06-17T10:00:06.831+0800][5.694s][info][gc,start       ] GC(131) Pause Full (Allocation Failure)
[2026-06-17T10:00:06.831+0800][5.694s][info][gc,phases,start] GC(131) Phase 1: Mark live objects
[2026-06-17T10:00:06.833+0800][5.695s][info][gc,phases      ] GC(131) Phase 1: Mark live objects 1.207ms
[2026-06-17T10:00:06.833+0800][5.696s][info][gc,phases,start] GC(131) Phase 2: Compute new object addresses
[2026-06-17T10:00:06.834+0800][5.696s][info][gc,phases      ] GC(131) Phase 2: Compute new object addresses 0.621ms
[2026-06-17T10:00:06.834+0800][5.697s][info][gc,phases,start] GC(131) Phase 3: Adjust pointers
[2026-06-17T10:00:06.835+0800][5.697s][info][gc,phases      ] GC(131) Phase 3: Adjust pointers 0.662ms
[2026-06-17T10:00:06.835+0800][5.698s][info][gc,phases,start] GC(131) Phase 4: Move objects
[2026-06-17T10:00:06.836+0800][5.699s][info][gc,phases      ] GC(131) Phase 4: Move objects 1.512ms
[2026-06-17T10:00:06.837+0800][5.699s][info][gc,heap        ] GC(131) DefNew: 19626K(19648K)->0K(19648K) Eden: 17456K(17472K)->0K(17472K) From: 2169K(2176K)->0K(2176K)
[2026-06-17T10:00:06.837+0800][5.699s][info][gc,heap        ] GC(131) Tenured: 35223K(43712K)->21237K(43712K)
[2026-06-17T10:00:06.837+0800][5.700s][info][gc,metaspace   ] GC(131) Metaspace: 110K(320K)->110K(320K) NonClass: 103K(192K)->103K(192K) Class: 7K(128K)->7K(128K)
[2026-06-17T10:00:06.837+0800][5.700s][info][gc             ] GC(131) Pause Full (Allocation Failure) 53M->20M(61M) 5.678ms
[2026-06-17T10:00:06.837+0800][5.700s][info][gc,cpu         ] GC(131) User=0.00s Sys=0.00s Real=0.00s
[2026-06-17T10:00:06.869+0800][5.732s][info][gc,start       ] GC(132) Pause Young (Allocation Failure)
[2026-06-17T10:00:06.871+0800][5.734s][info][gc,heap        ] GC(132) DefNew: 17365K(19648K)->2172K(19648K) Eden: 17365K(17472K)->0K(17472K) From: 0K(2176K)->2172K(2176K)
[2026-06-17T10:00:06.872+0800][5.735s][info][gc,heap        ] GC(132) Tenured: 21237K(43712K)->25621K(43712K)
[2026-06-17T10:00:06.872+0800][5.735s][info][gc,metaspace   ] GC(132) Metaspace: 110K(320K)->110K(320K) NonClass: 103K(192K)->103K(192K) Class: 7K(128K)->7K(128K)
[2026-06-17T10:00:06.872+0800][5.735s][info][gc             ] GC(132) Pause Young (Allocation Failure) 37M->27M(61M) 3.112ms
[2026-06-17T10:00:06.873+0800][5.735s][info][gc,cpu         ] GC(132) User=0.01s Sys=0.00s Real=0.01s
[2026-06-17T10:00:06.925+0800][5.788s][info][gc,start       ] GC(133) Pause Young (Allocation Failure)
[2026-06-17T10:00:06.927+0800][5.789s][info][gc,heap        ] GC(133) DefNew: 19618K(19648K)->2073K(19648K) Eden: 17446K(17472K)->0K(17472K) From: 2172K(2176K)->2073K(2176K)
[2026-06-17T10:00:06.927+0800][5.790s][info][gc,heap        ] GC(133) Tenured: 25621K(43712K)->29651K(43712K)
[2026-06-17T10:00:06.927+0800][5.790s][info][gc,metaspace   ] GC(133) Metaspace: 110K(320K)->110K(320K) NonClass: 103K(192K)->103K(192K) Class: 7K(128K)->7K(128K)
[2026-06-17T10:00:06.928+0800][5.791s][info][gc             ] GC(133) Pause Young (Allocation Failure) 44M->30M(61M) 2.475ms
[2026-06-17T10:00:06.928+0800][5.791s][info][gc,cpu         ] GC(133) User=0.00s Sys=0.00s Real=0.00s
[2026-06-17T10:00:06.971+0800][5.834s][info][gc,start       ] GC(134) Pause Young (Allocation Failure)
[2026-06-17T10:00:06.972+0800][5.835s][info][gc,heap        ] GC(134) DefNew: 19531K(19648K)->2164K(19648K) Eden: 17457K(17472K)->0K(17472K) From: 2073K(2176K)->2164K(2176K)
[2026-06-17T10:00:06.973+0800][5.835s][info][gc,heap        ] GC(134) Tenured: 29651K(43712K)->33001K(43712K)
[2026-06-17T10:00:06.973+0800][5.836s][info][gc,metaspace   ] GC(134) Metaspace: 110K(320K)->110K(320K) NonClass: 103K(192K)->103K(192K) Class: 7K(128K)->7K(128K)
[2026-06-17T10:00:06.973+0800][5.836s][info][gc             ] GC(134) Pause Young (Allocation Failure) 48M->34M(61M) 2.436ms
[2026-06-17T10:00:06.974+0800][5.836s][info][gc,cpu         ] GC(134) User=0.00s Sys=0.00s Real=0.00s
[2026-06-17T10:00:07.017+0800][5.879s][info][gc,start       ] GC(135) Pause Young (Allocation Failure)
[2026-06-17T10:00:07.020+0800][5.882s][info][gc,heap        ] GC(135) DefNew: 19636K(19648K)->2170K(19648K) Eden: 17472K(17472K)->0K(17472K) From: 2164K(2176K)->2170K(2176K)
[2026-06-17T10:00:07.021+0800][5.884s][info][gc,heap        ] GC(135) Tenured: 33001K(43712K)->36785K(43712K)
[2026-06-17T10:00:07.025+0800][5.888s][info][gc,metaspace   ] GC(135) Metaspace: 110K(320K)->110K(320K) NonClass: 103K(192K)->103K(192K) Class: 7K(128K)->7K(128K)
[2026-06-17T10:00:07.027+0800][5.890s][info][gc             ] GC(135) Pause Young (Allocation Failure) 51M->38M(61M) 10.773ms
[2026-06-17T10:00:07.031+0800][5.894s][info][gc,cpu         ] GC(135) User=0.00s Sys=0.00s Real=0.02s
[2026-06-17T10:00:07.075+0800][5.938s][info][gc,start       ] GC(136) Pause Young (Allocation Failure)
[2026-06-17T10:00:07.075+0800][5.938s][info][gc             ] GC(136) Pause Young (Allocation Failure) 55M->55M(61M) 0.478ms
[2026-06-17T10:00:07.076+0800][5.939s][info][gc,cpu         ] GC(136) User=0.00s Sys=0.00s Real=0.00s
[2026-06-17T10:00:07.076+0800][5.939s][info][gc,start       ] GC(137) Pause Full (Allocation Failure)
[2026-06-17T10:00:07.076+0800][5.939s][info][gc,phases,start] GC(137) Phase 1: Mark live objects
[2026-06-17T10:00:07.077+0800][5.940s][info][gc,phases      ] GC(137) Phase 1: Mark live objects 0.963ms
[2026-06-17T10:00:07.078+0800][5.940s][info][gc,phases,start] GC(137) Phase 2: Compute new object addresses
[2026-06-17T10:00:07.078+0800][5.941s][info][gc,phases      ] GC(137) Phase 2: Compute new object addresses 0.616ms
[2026-06-17T10:00:07.079+0800][5.941s][info][gc,phases,start] GC(137) Phase 3: Adjust pointers
[2026-06-17T10:00:07.079+0800][5.942s][info][gc,phases      ] GC(137) Phase 3: Adjust pointers 0.533ms
[2026-06-17T10:00:07.080+0800][5.942s][info][gc,phases,start] GC(137) Phase 4: Move objects
[2026-06-17T10:00:07.082+0800][5.945s][info][gc,phases      ] GC(137) Phase 4: Move objects 2.441ms
[2026-06-17T10:00:07.083+0800][5.946s][info][gc,heap        ] GC(137) DefNew: 19617K(19648K)->0K(19648K) Eden: 17447K(17472K)->0K(17472K) From: 2170K(2176K)->0K(2176K)
[2026-06-17T10:00:07.083+0800][5.946s][info][gc,heap        ] GC(137) Tenured: 36785K(43712K)->30131K(43712K)
[2026-06-17T10:00:07.084+0800][5.947s][info][gc,metaspace   ] GC(137) Metaspace: 110K(320K)->110K(320K) NonClass: 103K(192K)->103K(192K) Class: 7K(128K)->7K(128K)
[2026-06-17T10:00:07.084+0800][5.947s][info][gc             ] GC(137) Pause Full (Allocation Failure) 55M->29M(61M) 7.798ms
[2026-06-17T10:00:07.084+0800][5.947s][info][gc,cpu         ] GC(137) User=0.00s Sys=0.00s Real=0.01s
[2026-06-17T10:00:07.126+0800][5.989s][info][gc,start       ] GC(138) Pause Young (Allocation Failure)
[2026-06-17T10:00:07.127+0800][5.990s][info][gc,heap        ] GC(138) DefNew: 17391K(19648K)->2120K(19648K) Eden: 17391K(17472K)->0K(17472K) From: 0K(2176K)->2120K(2176K)
[2026-06-17T10:00:07.128+0800][5.990s][info][gc,heap        ] GC(138) Tenured: 30131K(43712K)->31513K(43712K)
[2026-06-17T10:00:07.128+0800][5.991s][info][gc,metaspace   ] GC(138) Metaspace: 110K(320K)->110K(320K) NonClass: 103K(192K)->103K(192K) Class: 7K(128K)->7K(128K)
[2026-06-17T10:00:07.128+0800][5.991s][info][gc             ] GC(138) Pause Young (Allocation Failure) 46M->32M(61M) 1.474ms
[2026-06-17T10:00:07.128+0800][5.991s][info][gc,cpu         ] GC(138) User=0.00s Sys=0.00s Real=0.00s
[2026-06-17T10:00:07.180+0800][6.043s][info][gc,start       ] GC(139) Pause Young (Allocation Failure)
[2026-06-17T10:00:07.182+0800][6.044s][info][gc,heap        ] GC(139) DefNew: 19590K(19648K)->2075K(19648K) Eden: 17470K(17472K)->0K(17472K) From: 2120K(2176K)->2075K(2176K)
[2026-06-17T10:00:07.182+0800][6.045s][info][gc,heap        ] GC(139) Tenured: 31513K(43712K)->35324K(43712K)
[2026-06-17T10:00:07.182+0800][6.045s][info][gc,metaspace   ] GC(139) Metaspace: 110K(320K)->110K(320K) NonClass: 103K(192K)->103K(192K) Class: 7K(128K)->7K(128K)
[2026-06-17T10:00:07.183+0800][6.045s][info][gc             ] GC(139) Pause Young (Allocation Failure) 49M->36M(61M) 2.082ms
[2026-06-17T10:00:07.183+0800][6.045s][info][gc,cpu         ] GC(139) User=0.00s Sys=0.00s Real=0.01s
[2026-06-17T10:00:07.225+0800][6.088s][info][gc,start       ] GC(140) Pause Young (Allocation Failure)
[2026-06-17T10:00:07.226+0800][6.089s][info][gc,heap        ] GC(140) DefNew: 19519K(19648K)->2172K(19648K) Eden: 17443K(17472K)->0K(17472K) From: 2075K(2176K)->2172K(2176K)
[2026-06-17T10:00:07.228+0800][6.090s][info][gc,heap        ] GC(140) Tenured: 35324K(43712K)->38328K(43712K)
[2026-06-17T10:00:07.228+0800][6.091s][info][gc,metaspace   ] GC(140) Metaspace: 110K(320K)->110K(320K) NonClass: 103K(192K)->103K(192K) Class: 7K(128K)->7K(128K)
[2026-06-17T10:00:07.228+0800][6.091s][info][gc             ] GC(140) Pause Young (Allocation Failure) 53M->39M(61M) 3.116ms
[2026-06-17T10:00:07.228+0800][6.091s][info][gc,cpu         ] GC(140) User=0.00s Sys=0.00s Real=0.00s
[2026-06-17T10:00:07.271+0800][6.133s][info][gc,start       ] GC(141) Pause Young (Allocation Failure)
[2026-06-17T10:00:07.271+0800][6.134s][info][gc             ] GC(141) Pause Young (Allocation Failure) 56M->56M(61M) 0.437ms
[2026-06-17T10:00:07.271+0800][6.134s][info][gc,cpu         ] GC(141) User=0.00s Sys=0.00s Real=0.00s
[2026-06-17T10:00:07.272+0800][6.134s][info][gc,start       ] GC(142) Pause Full (Allocation Failure)
[2026-06-17T10:00:07.272+0800][6.135s][info][gc,phases,start] GC(142) Phase 1: Mark live objects
[2026-06-17T10:00:07.273+0800][6.136s][info][gc,phases      ] GC(142) Phase 1: Mark live objects 0.806ms
[2026-06-17T10:00:07.273+0800][6.136s][info][gc,phases,start] GC(142) Phase 2: Compute new object addresses
[2026-06-17T10:00:07.273+0800][6.136s][info][gc,phases      ] GC(142) Phase 2: Compute new object addresses 0.397ms
[2026-06-17T10:00:07.274+0800][6.136s][info][gc,phases,start] GC(142) Phase 3: Adjust pointers
[2026-06-17T10:00:07.274+0800][6.137s][info][gc,phases      ] GC(142) Phase 3: Adjust pointers 0.541ms
[2026-06-17T10:00:07.274+0800][6.137s][info][gc,phases,start] GC(142) Phase 4: Move objects
[2026-06-17T10:00:07.277+0800][6.140s][info][gc,phases      ] GC(142) Phase 4: Move objects 2.351ms
[2026-06-17T10:00:07.277+0800][6.140s][info][gc,heap        ] GC(142) DefNew: 19632K(19648K)->0K(19648K) Eden: 17460K(17472K)->0K(17472K) From: 2172K(2176K)->0K(2176K)
[2026-06-17T10:00:07.277+0800][6.140s][info][gc,heap        ] GC(142) Tenured: 38328K(43712K)->31315K(43712K)
[2026-06-17T10:00:07.278+0800][6.140s][info][gc,metaspace   ] GC(142) Metaspace: 110K(320K)->110K(320K) NonClass: 103K(192K)->103K(192K) Class: 7K(128K)->7K(128K)
[2026-06-17T10:00:07.278+0800][6.141s][info][gc             ] GC(142) Pause Full (Allocation Failure) 56M->30M(61M) 6.108ms
[2026-06-17T10:00:07.278+0800][6.141s][info][gc,cpu         ] GC(142) User=0.00s Sys=0.00s Real=0.00s
[2026-06-17T10:00:07.321+0800][6.183s][info][gc,start       ] GC(143) Pause Young (Allocation Failure)
[2026-06-17T10:00:07.322+0800][6.185s][info][gc,heap        ] GC(143) DefNew: 17470K(19648K)->2168K(19648K) Eden: 17470K(17472K)->0K(17472K) From: 0K(2176K)->2168K(2176K)
[2026-06-17T10:00:07.322+0800][6.185s][info][gc,heap        ] GC(143) Tenured: 31315K(43712K)->36129K(43712K)
[2026-06-17T10:00:07.323+0800][6.186s][info][gc,metaspace   ] GC(143) Metaspace: 110K(320K)->110K(320K) NonClass: 103K(192K)->103K(192K) Class: 7K(128K)->7K(128K)
[2026-06-17T10:00:07.323+0800][6.186s][info][gc             ] GC(143) Pause Young (Allocation Failure) 47M->37M(61M) 2.640ms
[2026-06-17T10:00:07.324+0800][6.187s][info][gc,cpu         ] GC(143) User=0.00s Sys=0.00s Real=0.01s
[2026-06-17T10:00:07.366+0800][6.229s][info][gc,start       ] GC(144) Pause Young (Allocation Failure)
[2026-06-17T10:00:07.367+0800][6.230s][info][gc,heap        ] GC(144) DefNew: 19457K(19648K)->1781K(19648K) Eden: 17289K(17472K)->0K(17472K) From: 2168K(2176K)->1781K(2176K)
[2026-06-17T10:00:07.368+0800][6.231s][info][gc,heap        ] GC(144) Tenured: 36129K(43712K)->38297K(43712K)
[2026-06-17T10:00:07.368+0800][6.231s][info][gc,metaspace   ] GC(144) Metaspace: 110K(320K)->110K(320K) NonClass: 103K(192K)->103K(192K) Class: 7K(128K)->7K(128K)
[2026-06-17T10:00:07.369+0800][6.231s][info][gc             ] GC(144) Pause Young (Allocation Failure) 54M->39M(61M) 2.503ms
[2026-06-17T10:00:07.369+0800][6.232s][info][gc,cpu         ] GC(144) User=0.00s Sys=0.00s Real=0.00s
[2026-06-17T10:00:07.412+0800][6.274s][info][gc,start       ] GC(145) Pause Young (Allocation Failure)
[2026-06-17T10:00:07.412+0800][6.275s][info][gc             ] GC(145) Pause Young (Allocation Failure) 56M->56M(61M) 0.714ms
[2026-06-17T10:00:07.413+0800][6.276s][info][gc,cpu         ] GC(145) User=0.00s Sys=0.00s Real=0.00s
[2026-06-17T10:00:07.415+0800][6.278s][info][gc,start       ] GC(146) Pause Full (Allocation Failure)
[2026-06-17T10:00:07.416+0800][6.278s][info][gc,phases,start] GC(146) Phase 1: Mark live objects
[2026-06-17T10:00:07.417+0800][6.279s][info][gc,phases      ] GC(146) Phase 1: Mark live objects 0.909ms
[2026-06-17T10:00:07.417+0800][6.280s][info][gc,phases,start] GC(146) Phase 2: Compute new object addresses
[2026-06-17T10:00:07.418+0800][6.281s][info][gc,phases      ] GC(146) Phase 2: Compute new object addresses 0.916ms
[2026-06-17T10:00:07.419+0800][6.281s][info][gc,phases,start] GC(146) Phase 3: Adjust pointers
[2026-06-17T10:00:07.420+0800][6.283s][info][gc,phases      ] GC(146) Phase 3: Adjust pointers 1.522ms
[2026-06-17T10:00:07.420+0800][6.283s][info][gc,phases,start] GC(146) Phase 4: Move objects
[2026-06-17T10:00:07.423+0800][6.286s][info][gc,phases      ] GC(146) Phase 4: Move objects 2.957ms
[2026-06-17T10:00:07.426+0800][6.289s][info][gc,heap        ] GC(146) DefNew: 19253K(19648K)->0K(19648K) Eden: 17472K(17472K)->0K(17472K) From: 1781K(2176K)->0K(2176K)
[2026-06-17T10:00:07.426+0800][6.289s][info][gc,heap        ] GC(146) Tenured: 38297K(43712K)->31989K(43712K)
[2026-06-17T10:00:07.427+0800][6.290s][info][gc,metaspace   ] GC(146) Metaspace: 110K(320K)->110K(320K) NonClass: 103K(192K)->103K(192K) Class: 7K(128K)->7K(128K)
[2026-06-17T10:00:07.428+0800][6.290s][info][gc             ] GC(146) Pause Full (Allocation Failure) 56M->31M(61M) 12.958ms
[2026-06-17T10:00:07.428+0800][6.291s][info][gc,cpu         ] GC(146) User=0.00s Sys=0.00s Real=0.01s
[2026-06-17T10:00:07.471+0800][6.334s][info][gc,start       ] GC(147) Pause Young (Allocation Failure)
[2026-06-17T10:00:07.472+0800][6.335s][info][gc,heap        ] GC(147) DefNew: 17472K(19648K)->2173K(19648K) Eden: 17472K(17472K)->0K(17472K) From: 0K(2176K)->2173K(2176K)
[2026-06-17T10:00:07.473+0800][6.336s][info][gc,heap        ] GC(147) Tenured: 31989K(43712K)->36713K(43712K)
[2026-06-17T10:00:07.474+0800][6.336s][info][gc,metaspace   ] GC(147) Metaspace: 110K(320K)->110K(320K) NonClass: 103K(192K)->103K(192K) Class: 7K(128K)->7K(128K)
[2026-06-17T10:00:07.474+0800][6.337s][info][gc             ] GC(147) Pause Young (Allocation Failure) 48M->37M(61M) 3.414ms
[2026-06-17T10:00:07.475+0800][6.338s][info][gc,cpu         ] GC(147) User=0.00s Sys=0.00s Real=0.00s
[2026-06-17T10:00:07.517+0800][6.380s][info][gc,start       ] GC(148) Pause Young (Allocation Failure)
[2026-06-17T10:00:07.519+0800][6.381s][info][gc,heap        ] GC(148) DefNew: 19616K(19648K)->2138K(19648K) Eden: 17442K(17472K)->0K(17472K) From: 2173K(2176K)->2138K(2176K)
[2026-06-17T10:00:07.519+0800][6.382s][info][gc,heap        ] GC(148) Tenured: 36713K(43712K)->39738K(43712K)
[2026-06-17T10:00:07.519+0800][6.382s][info][gc,metaspace   ] GC(148) Metaspace: 110K(320K)->110K(320K) NonClass: 103K(192K)->103K(192K) Class: 7K(128K)->7K(128K)
[2026-06-17T10:00:07.520+0800][6.382s][info][gc             ] GC(148) Pause Young (Allocation Failure) 55M->40M(61M) 2.093ms
[2026-06-17T10:00:07.520+0800][6.383s][info][gc,cpu         ] GC(148) User=0.00s Sys=0.00s Real=0.00s
[2026-06-17T10:00:07.573+0800][6.435s][info][gc,start       ] GC(149) Pause Young (Allocation Failure)
[2026-06-17T10:00:07.573+0800][6.436s][info][gc             ] GC(149) Pause Young (Allocation Failure) 57M->57M(61M) 0.399ms
[2026-06-17T10:00:07.573+0800][6.436s][info][gc,cpu         ] GC(149) User=0.00s Sys=0.00s Real=0.00s
[2026-06-17T10:00:07.574+0800][6.437s][info][gc,start       ] GC(150) Pause Full (Allocation Failure)
[2026-06-17T10:00:07.574+0800][6.437s][info][gc,phases,start] GC(150) Phase 1: Mark live objects
[2026-06-17T10:00:07.576+0800][6.438s][info][gc,phases      ] GC(150) Phase 1: Mark live objects 1.239ms
[2026-06-17T10:00:07.576+0800][6.439s][info][gc,phases,start] GC(150) Phase 2: Compute new object addresses
[2026-06-17T10:00:07.577+0800][6.440s][info][gc,phases      ] GC(150) Phase 2: Compute new object addresses 1.041ms
[2026-06-17T10:00:07.578+0800][6.440s][info][gc,phases,start] GC(150) Phase 3: Adjust pointers
[2026-06-17T10:00:07.578+0800][6.441s][info][gc,phases      ] GC(150) Phase 3: Adjust pointers 0.693ms
[2026-06-17T10:00:07.579+0800][6.441s][info][gc,phases,start] GC(150) Phase 4: Move objects
[2026-06-17T10:00:07.581+0800][6.444s][info][gc,phases      ] GC(150) Phase 4: Move objects 2.089ms
[2026-06-17T10:00:07.581+0800][6.444s][info][gc,heap        ] GC(150) DefNew: 19609K(19648K)->0K(19648K) Eden: 17471K(17472K)->0K(17472K) From: 2138K(2176K)->0K(2176K)
[2026-06-17T10:00:07.582+0800][6.445s][info][gc,heap        ] GC(150) Tenured: 39738K(43712K)->29131K(43712K)
[2026-06-17T10:00:07.582+0800][6.445s][info][gc,metaspace   ] GC(150) Metaspace: 110K(320K)->110K(320K) NonClass: 103K(192K)->103K(192K) Class: 7K(128K)->7K(128K)
[2026-06-17T10:00:07.583+0800][6.446s][info][gc             ] GC(150) Pause Full (Allocation Failure) 57M->28M(61M) 8.982ms
[2026-06-17T10:00:07.583+0800][6.446s][info][gc,cpu         ] GC(150) User=0.00s Sys=0.01s Real=0.01s
[2026-06-17T10:00:07.626+0800][6.488s][info][gc,start       ] GC(151) Pause Young (Allocation Failure)
[2026-06-17T10:00:07.627+0800][6.490s][info][gc,heap        ] GC(151) DefNew: 17470K(19648K)->2169K(19648K) Eden: 17470K(17472K)->0K(17472K) From: 0K(2176K)->2169K(2176K)
[2026-06-17T10:00:07.628+0800][6.491s][info][gc,heap        ] GC(151) Tenured: 29131K(43712K)->34223K(43712K)
[2026-06-17T10:00:07.628+0800][6.491s][info][gc,metaspace   ] GC(151) Metaspace: 110K(320K)->110K(320K) NonClass: 103K(192K)->103K(192K) Class: 7K(128K)->7K(128K)
[2026-06-17T10:00:07.629+0800][6.491s][info][gc             ] GC(151) Pause Young (Allocation Failure) 45M->35M(61M) 2.983ms
[2026-06-17T10:00:07.629+0800][6.492s][info][gc,cpu         ] GC(151) User=0.00s Sys=0.00s Real=0.00s
[2026-06-17T10:00:07.671+0800][6.534s][info][gc,start       ] GC(152) Pause Young (Allocation Failure)
[2026-06-17T10:00:07.673+0800][6.536s][info][gc,heap        ] GC(152) DefNew: 19631K(19648K)->2170K(19648K) Eden: 17461K(17472K)->0K(17472K) From: 2169K(2176K)->2170K(2176K)
[2026-06-17T10:00:07.675+0800][6.537s][info][gc,heap        ] GC(152) Tenured: 34223K(43712K)->41029K(43712K)
[2026-06-17T10:00:07.675+0800][6.538s][info][gc,metaspace   ] GC(152) Metaspace: 110K(320K)->110K(320K) NonClass: 103K(192K)->103K(192K) Class: 7K(128K)->7K(128K)
[2026-06-17T10:00:07.675+0800][6.538s][info][gc             ] GC(152) Pause Young (Allocation Failure) 52M->42M(61M) 4.041ms
[2026-06-17T10:00:07.676+0800][6.538s][info][gc,cpu         ] GC(152) User=0.00s Sys=0.00s Real=0.00s
[2026-06-17T10:00:07.728+0800][6.591s][info][gc,start       ] GC(153) Pause Young (Allocation Failure)
[2026-06-17T10:00:07.729+0800][6.591s][info][gc             ] GC(153) Pause Young (Allocation Failure) 59M->59M(61M) 0.534ms
[2026-06-17T10:00:07.729+0800][6.592s][info][gc,cpu         ] GC(153) User=0.00s Sys=0.00s Real=0.00s
[2026-06-17T10:00:07.729+0800][6.592s][info][gc,start       ] GC(154) Pause Full (Allocation Failure)
[2026-06-17T10:00:07.732+0800][6.594s][info][gc,phases,start] GC(154) Phase 1: Mark live objects
[2026-06-17T10:00:07.733+0800][6.596s][info][gc,phases      ] GC(154) Phase 1: Mark live objects 1.437ms
[2026-06-17T10:00:07.745+0800][6.608s][info][gc,phases,start] GC(154) Phase 2: Compute new object addresses
[2026-06-17T10:00:07.750+0800][6.613s][info][gc,phases      ] GC(154) Phase 2: Compute new object addresses 4.801ms
[2026-06-17T10:00:07.751+0800][6.614s][info][gc,phases,start] GC(154) Phase 3: Adjust pointers
[2026-06-17T10:00:07.752+0800][6.615s][info][gc,phases      ] GC(154) Phase 3: Adjust pointers 0.825ms
[2026-06-17T10:00:07.754+0800][6.616s][info][gc,phases,start] GC(154) Phase 4: Move objects
[2026-06-17T10:00:07.758+0800][6.621s][info][gc,phases      ] GC(154) Phase 4: Move objects 4.341ms
[2026-06-17T10:00:07.760+0800][6.623s][info][gc,heap        ] GC(154) DefNew: 19620K(19648K)->0K(19648K) Eden: 17449K(17472K)->0K(17472K) From: 2170K(2176K)->0K(2176K)
[2026-06-17T10:00:07.761+0800][6.624s][info][gc,heap        ] GC(154) Tenured: 41029K(43712K)->22491K(43712K)
[2026-06-17T10:00:07.762+0800][6.625s][info][gc,metaspace   ] GC(154) Metaspace: 110K(320K)->110K(320K) NonClass: 103K(192K)->103K(192K) Class: 7K(128K)->7K(128K)
[2026-06-17T10:00:07.762+0800][6.625s][info][gc             ] GC(154) Pause Full (Allocation Failure) 59M->21M(61M) 32.834ms
[2026-06-17T10:00:07.763+0800][6.626s][info][gc,cpu         ] GC(154) User=0.00s Sys=0.00s Real=0.04s
[2026-06-17T10:00:07.795+0800][6.658s][info][gc,start       ] GC(155) Pause Young (Allocation Failure)
[2026-06-17T10:00:07.798+0800][6.661s][info][gc,heap        ] GC(155) DefNew: 17416K(19648K)->2176K(19648K) Eden: 17416K(17472K)->0K(17472K) From: 0K(2176K)->2176K(2176K)
[2026-06-17T10:00:07.801+0800][6.663s][info][gc,heap        ] GC(155) Tenured: 22491K(43712K)->27249K(43712K)
[2026-06-17T10:00:07.801+0800][6.664s][info][gc,metaspace   ] GC(155) Metaspace: 110K(320K)->110K(320K) NonClass: 103K(192K)->103K(192K) Class: 7K(128K)->7K(128K)
[2026-06-17T10:00:07.804+0800][6.666s][info][gc             ] GC(155) Pause Young (Allocation Failure) 38M->28M(61M) 8.473ms
[2026-06-17T10:00:07.805+0800][6.668s][info][gc,cpu         ] GC(155) User=0.01s Sys=0.00s Real=0.01s
[2026-06-17T10:00:07.858+0800][6.721s][info][gc,start       ] GC(156) Pause Young (Allocation Failure)
[2026-06-17T10:00:07.862+0800][6.725s][info][gc,heap        ] GC(156) DefNew: 19633K(19648K)->2151K(19648K) Eden: 17457K(17472K)->0K(17472K) From: 2176K(2176K)->2151K(2176K)
[2026-06-17T10:00:07.863+0800][6.726s][info][gc,heap        ] GC(156) Tenured: 27249K(43712K)->31117K(43712K)
[2026-06-17T10:00:07.864+0800][6.726s][info][gc,metaspace   ] GC(156) Metaspace: 110K(320K)->110K(320K) NonClass: 103K(192K)->103K(192K) Class: 7K(128K)->7K(128K)
[2026-06-17T10:00:07.864+0800][6.727s][info][gc             ] GC(156) Pause Young (Allocation Failure) 45M->32M(61M) 5.972ms
[2026-06-17T10:00:07.866+0800][6.729s][info][gc,cpu         ] GC(156) User=0.00s Sys=0.00s Real=0.01s
[2026-06-17T10:00:07.911+0800][6.773s][info][gc,start       ] GC(157) Pause Young (Allocation Failure)
[2026-06-17T10:00:07.914+0800][6.776s][info][gc,heap        ] GC(157) DefNew: 19563K(19648K)->2170K(19648K) Eden: 17412K(17472K)->0K(17472K) From: 2151K(2176K)->2170K(2176K)
[2026-06-17T10:00:07.915+0800][6.778s][info][gc,heap        ] GC(157) Tenured: 31117K(43712K)->34644K(43712K)
[2026-06-17T10:00:07.917+0800][6.780s][info][gc,metaspace   ] GC(157) Metaspace: 110K(320K)->110K(320K) NonClass: 103K(192K)->103K(192K) Class: 7K(128K)->7K(128K)
[2026-06-17T10:00:07.918+0800][6.781s][info][gc             ] GC(157) Pause Young (Allocation Failure) 49M->35M(61M) 7.288ms
[2026-06-17T10:00:07.920+0800][6.782s][info][gc,cpu         ] GC(157) User=0.00s Sys=0.00s Real=0.00s
[2026-06-17T10:00:07.963+0800][6.826s][info][gc,start       ] GC(158) Pause Young (Allocation Failure)
[2026-06-17T10:00:07.964+0800][6.827s][info][gc,heap        ] GC(158) DefNew: 19600K(19648K)->2119K(19648K) Eden: 17430K(17472K)->0K(17472K) From: 2170K(2176K)->2119K(2176K)
[2026-06-17T10:00:07.965+0800][6.828s][info][gc,heap        ] GC(158) Tenured: 34644K(43712K)->38490K(43712K)
[2026-06-17T10:00:07.965+0800][6.828s][info][gc,metaspace   ] GC(158) Metaspace: 110K(320K)->110K(320K) NonClass: 103K(192K)->103K(192K) Class: 7K(128K)->7K(128K)
[2026-06-17T10:00:07.966+0800][6.828s][info][gc             ] GC(158) Pause Young (Allocation Failure) 52M->39M(61M) 2.370ms
[2026-06-17T10:00:07.966+0800][6.829s][info][gc,cpu         ] GC(158) User=0.00s Sys=0.00s Real=0.00s
[2026-06-17T10:00:08.009+0800][6.871s][info][gc,start       ] GC(159) Pause Young (Allocation Failure)
[2026-06-17T10:00:08.010+0800][6.872s][info][gc             ] GC(159) Pause Young (Allocation Failure) 56M->56M(61M) 0.999ms
[2026-06-17T10:00:08.010+0800][6.873s][info][gc,cpu         ] GC(159) User=0.00s Sys=0.00s Real=0.00s
[2026-06-17T10:00:08.010+0800][6.873s][info][gc,start       ] GC(160) Pause Full (Allocation Failure)
[2026-06-17T10:00:08.010+0800][6.873s][info][gc,phases,start] GC(160) Phase 1: Mark live objects
[2026-06-17T10:00:08.011+0800][6.874s][info][gc,phases      ] GC(160) Phase 1: Mark live objects 0.728ms
[2026-06-17T10:00:08.011+0800][6.874s][info][gc,phases,start] GC(160) Phase 2: Compute new object addresses
[2026-06-17T10:00:08.012+0800][6.875s][info][gc,phases      ] GC(160) Phase 2: Compute new object addresses 0.418ms
[2026-06-17T10:00:08.012+0800][6.875s][info][gc,phases,start] GC(160) Phase 3: Adjust pointers
[2026-06-17T10:00:08.012+0800][6.875s][info][gc,phases      ] GC(160) Phase 3: Adjust pointers 0.400ms
[2026-06-17T10:00:08.012+0800][6.875s][info][gc,phases,start] GC(160) Phase 4: Move objects
[2026-06-17T10:00:08.015+0800][6.877s][info][gc,phases      ] GC(160) Phase 4: Move objects 2.242ms
[2026-06-17T10:00:08.015+0800][6.878s][info][gc,heap        ] GC(160) DefNew: 19591K(19648K)->0K(19648K) Eden: 17472K(17472K)->0K(17472K) From: 2119K(2176K)->0K(2176K)
[2026-06-17T10:00:08.015+0800][6.878s][info][gc,heap        ] GC(160) Tenured: 38490K(43712K)->30392K(43712K)
[2026-06-17T10:00:08.015+0800][6.878s][info][gc,metaspace   ] GC(160) Metaspace: 110K(320K)->110K(320K) NonClass: 103K(192K)->103K(192K) Class: 7K(128K)->7K(128K)
[2026-06-17T10:00:08.015+0800][6.878s][info][gc             ] GC(160) Pause Full (Allocation Failure) 56M->29M(61M) 5.329ms
[2026-06-17T10:00:08.016+0800][6.878s][info][gc,cpu         ] GC(160) User=0.00s Sys=0.00s Real=0.01s
[2026-06-17T10:00:08.058+0800][6.921s][info][gc,start       ] GC(161) Pause Young (Allocation Failure)
[2026-06-17T10:00:08.059+0800][6.922s][info][gc,heap        ] GC(161) DefNew: 17181K(19648K)->2119K(19648K) Eden: 17181K(17472K)->0K(17472K) From: 0K(2176K)->2119K(2176K)
[2026-06-17T10:00:08.059+0800][6.922s][info][gc,heap        ] GC(161) Tenured: 30392K(43712K)->31568K(43712K)
[2026-06-17T10:00:08.059+0800][6.922s][info][gc,metaspace   ] GC(161) Metaspace: 110K(320K)->110K(320K) NonClass: 103K(192K)->103K(192K) Class: 7K(128K)->7K(128K)
[2026-06-17T10:00:08.060+0800][6.922s][info][gc             ] GC(161) Pause Young (Allocation Failure) 46M->32M(61M) 1.733ms
[2026-06-17T10:00:08.060+0800][6.923s][info][gc,cpu         ] GC(161) User=0.00s Sys=0.00s Real=0.00s
[2026-06-17T10:00:08.102+0800][6.965s][info][gc,start       ] GC(162) Pause Young (Allocation Failure)
[2026-06-17T10:00:08.103+0800][6.966s][info][gc,heap        ] GC(162) DefNew: 18749K(19648K)->2116K(19648K) Eden: 16629K(17472K)->0K(17472K) From: 2119K(2176K)->2116K(2176K)
[2026-06-17T10:00:08.103+0800][6.966s][info][gc,heap        ] GC(162) Tenured: 31568K(43712K)->34298K(43712K)
[2026-06-17T10:00:08.104+0800][6.967s][info][gc,metaspace   ] GC(162) Metaspace: 110K(320K)->110K(320K) NonClass: 103K(192K)->103K(192K) Class: 7K(128K)->7K(128K)
[2026-06-17T10:00:08.104+0800][6.967s][info][gc             ] GC(162) Pause Young (Allocation Failure) 49M->35M(61M) 2.248ms
[2026-06-17T10:00:08.105+0800][6.967s][info][gc,cpu         ] GC(162) User=0.00s Sys=0.00s Real=0.01s
[2026-06-17T10:00:08.157+0800][7.020s][info][gc,start       ] GC(163) Pause Young (Allocation Failure)
[2026-06-17T10:00:08.158+0800][7.021s][info][gc,heap        ] GC(163) DefNew: 19548K(19648K)->2088K(19648K) Eden: 17432K(17472K)->0K(17472K) From: 2116K(2176K)->2088K(2176K)
[2026-06-17T10:00:08.159+0800][7.021s][info][gc,heap        ] GC(163) Tenured: 34298K(43712K)->37658K(43712K)
[2026-06-17T10:00:08.159+0800][7.022s][info][gc,metaspace   ] GC(163) Metaspace: 110K(320K)->110K(320K) NonClass: 103K(192K)->103K(192K) Class: 7K(128K)->7K(128K)
[2026-06-17T10:00:08.160+0800][7.023s][info][gc             ] GC(163) Pause Young (Allocation Failure) 52M->38M(61M) 2.890ms
[2026-06-17T10:00:08.160+0800][7.023s][info][gc,cpu         ] GC(163) User=0.00s Sys=0.00s Real=0.00s
[2026-06-17T10:00:08.203+0800][7.066s][info][gc,start       ] GC(164) Pause Young (Allocation Failure)
[2026-06-17T10:00:08.239+0800][7.102s][info][gc             ] GC(164) Pause Young (Allocation Failure) 55M->55M(61M) 36.162ms
[2026-06-17T10:00:08.259+0800][7.122s][info][gc,cpu         ] GC(164) User=0.00s Sys=0.00s Real=0.05s
[2026-06-17T10:00:08.261+0800][7.124s][info][gc,start       ] GC(165) Pause Full (Allocation Failure)
[2026-06-17T10:00:08.263+0800][7.126s][info][gc,phases,start] GC(165) Phase 1: Mark live objects
[2026-06-17T10:00:08.265+0800][7.128s][info][gc,phases      ] GC(165) Phase 1: Mark live objects 1.507ms
[2026-06-17T10:00:08.266+0800][7.129s][info][gc,phases,start] GC(165) Phase 2: Compute new object addresses
[2026-06-17T10:00:08.268+0800][7.131s][info][gc,phases      ] GC(165) Phase 2: Compute new object addresses 2.013ms
[2026-06-17T10:00:08.269+0800][7.131s][info][gc,phases,start] GC(165) Phase 3: Adjust pointers
[2026-06-17T10:00:08.271+0800][7.134s][info][gc,phases      ] GC(165) Phase 3: Adjust pointers 2.242ms
[2026-06-17T10:00:08.272+0800][7.135s][info][gc,phases,start] GC(165) Phase 4: Move objects
[2026-06-17T10:00:08.275+0800][7.138s][info][gc,phases      ] GC(165) Phase 4: Move objects 2.909ms
[2026-06-17T10:00:08.323+0800][7.185s][info][gc,heap        ] GC(165) DefNew: 19560K(19648K)->0K(19648K) Eden: 17472K(17472K)->0K(17472K) From: 2088K(2176K)->0K(2176K)
[2026-06-17T10:00:08.327+0800][7.190s][info][gc,heap        ] GC(165) Tenured: 37658K(43712K)->30073K(43712K)
[2026-06-17T10:00:08.330+0800][7.193s][info][gc,metaspace   ] GC(165) Metaspace: 110K(320K)->110K(320K) NonClass: 103K(192K)->103K(192K) Class: 7K(128K)->7K(128K)
[2026-06-17T10:00:08.331+0800][7.194s][info][gc             ] GC(165) Pause Full (Allocation Failure) 55M->29M(61M) 69.817ms
[2026-06-17T10:00:08.332+0800][7.194s][info][gc,cpu         ] GC(165) User=0.01s Sys=0.00s Real=0.08s
[2026-06-17T10:00:08.376+0800][7.239s][info][gc,start       ] GC(166) Pause Young (Allocation Failure)
[2026-06-17T10:00:08.379+0800][7.242s][info][gc,heap        ] GC(166) DefNew: 17467K(19648K)->2169K(19648K) Eden: 17467K(17472K)->0K(17472K) From: 0K(2176K)->2169K(2176K)
[2026-06-17T10:00:08.381+0800][7.244s][info][gc,heap        ] GC(166) Tenured: 30073K(43712K)->34933K(43712K)
[2026-06-17T10:00:08.383+0800][7.246s][info][gc,metaspace   ] GC(166) Metaspace: 110K(320K)->110K(320K) NonClass: 103K(192K)->103K(192K) Class: 7K(128K)->7K(128K)
[2026-06-17T10:00:08.385+0800][7.247s][info][gc             ] GC(166) Pause Young (Allocation Failure) 46M->36M(61M) 8.556ms
[2026-06-17T10:00:08.390+0800][7.253s][info][gc,cpu         ] GC(166) User=0.00s Sys=0.00s Real=0.01s
[2026-06-17T10:00:08.438+0800][7.301s][info][gc,start       ] GC(167) Pause Young (Allocation Failure)
[2026-06-17T10:00:08.441+0800][7.303s][info][gc,heap        ] GC(167) DefNew: 19598K(19648K)->2172K(19648K) Eden: 17429K(17472K)->0K(17472K) From: 2169K(2176K)->2172K(2176K)
[2026-06-17T10:00:08.442+0800][7.305s][info][gc,heap        ] GC(167) Tenured: 34933K(43712K)->40318K(43712K)
[2026-06-17T10:00:08.443+0800][7.306s][info][gc,metaspace   ] GC(167) Metaspace: 110K(320K)->110K(320K) NonClass: 103K(192K)->103K(192K) Class: 7K(128K)->7K(128K)
[2026-06-17T10:00:08.445+0800][7.307s][info][gc             ] GC(167) Pause Young (Allocation Failure) 53M->41M(61M) 6.529ms
[2026-06-17T10:00:08.445+0800][7.308s][info][gc,cpu         ] GC(167) User=0.00s Sys=0.00s Real=0.01s
[2026-06-17T10:00:08.488+0800][7.351s][info][gc,start       ] GC(168) Pause Young (Allocation Failure)
[2026-06-17T10:00:08.489+0800][7.351s][info][gc             ] GC(168) Pause Young (Allocation Failure) 58M->58M(61M) 0.944ms
[2026-06-17T10:00:08.489+0800][7.352s][info][gc,cpu         ] GC(168) User=0.00s Sys=0.00s Real=0.00s
[2026-06-17T10:00:08.490+0800][7.353s][info][gc,start       ] GC(169) Pause Full (Allocation Failure)
[2026-06-17T10:00:08.491+0800][7.354s][info][gc,phases,start] GC(169) Phase 1: Mark live objects
[2026-06-17T10:00:08.492+0800][7.355s][info][gc,phases      ] GC(169) Phase 1: Mark live objects 1.600ms
[2026-06-17T10:00:08.493+0800][7.356s][info][gc,phases,start] GC(169) Phase 2: Compute new object addresses
[2026-06-17T10:00:08.494+0800][7.357s][info][gc,phases      ] GC(169) Phase 2: Compute new object addresses 1.028ms
[2026-06-17T10:00:08.495+0800][7.357s][info][gc,phases,start] GC(169) Phase 3: Adjust pointers
[2026-06-17T10:00:08.496+0800][7.358s][info][gc,phases      ] GC(169) Phase 3: Adjust pointers 1.014ms
[2026-06-17T10:00:08.497+0800][7.359s][info][gc,phases,start] GC(169) Phase 4: Move objects
[2026-06-17T10:00:08.499+0800][7.362s][info][gc,phases      ] GC(169) Phase 4: Move objects 2.729ms
[2026-06-17T10:00:08.500+0800][7.363s][info][gc,heap        ] GC(169) DefNew: 19644K(19648K)->0K(19648K) Eden: 17471K(17472K)->0K(17472K) From: 2172K(2176K)->0K(2176K)
[2026-06-17T10:00:08.501+0800][7.363s][info][gc,heap        ] GC(169) Tenured: 40318K(43712K)->32712K(43712K)
[2026-06-17T10:00:08.501+0800][7.364s][info][gc,metaspace   ] GC(169) Metaspace: 110K(320K)->110K(320K) NonClass: 103K(192K)->103K(192K) Class: 7K(128K)->7K(128K)
[2026-06-17T10:00:08.502+0800][7.365s][info][gc             ] GC(169) Pause Full (Allocation Failure) 58M->31M(61M) 12.011ms
[2026-06-17T10:00:08.503+0800][7.365s][info][gc,cpu         ] GC(169) User=0.01s Sys=0.00s Real=0.02s
[2026-06-17T10:00:08.555+0800][7.418s][info][gc,start       ] GC(170) Pause Young (Allocation Failure)
[2026-06-17T10:00:08.556+0800][7.419s][info][gc,heap        ] GC(170) DefNew: 17447K(19648K)->2070K(19648K) Eden: 17447K(17472K)->0K(17472K) From: 0K(2176K)->2070K(2176K)
[2026-06-17T10:00:08.556+0800][7.419s][info][gc,heap        ] GC(170) Tenured: 32712K(43712K)->34388K(43712K)
[2026-06-17T10:00:08.556+0800][7.419s][info][gc,metaspace   ] GC(170) Metaspace: 110K(320K)->110K(320K) NonClass: 103K(192K)->103K(192K) Class: 7K(128K)->7K(128K)
[2026-06-17T10:00:08.557+0800][7.419s][info][gc             ] GC(170) Pause Young (Allocation Failure) 48M->35M(61M) 1.209ms
[2026-06-17T10:00:08.557+0800][7.419s][info][gc,cpu         ] GC(170) User=0.00s Sys=0.00s Real=0.00s
[2026-06-17T10:00:08.599+0800][7.462s][info][gc,start       ] GC(171) Pause Young (Allocation Failure)
[2026-06-17T10:00:08.600+0800][7.463s][info][gc,heap        ] GC(171) DefNew: 19528K(19648K)->2091K(19648K) Eden: 17458K(17472K)->0K(17472K) From: 2070K(2176K)->2091K(2176K)
[2026-06-17T10:00:08.601+0800][7.463s][info][gc,heap        ] GC(171) Tenured: 34388K(43712K)->37584K(43712K)
[2026-06-17T10:00:08.601+0800][7.463s][info][gc,metaspace   ] GC(171) Metaspace: 110K(320K)->110K(320K) NonClass: 103K(192K)->103K(192K) Class: 7K(128K)->7K(128K)
[2026-06-17T10:00:08.601+0800][7.464s][info][gc             ] GC(171) Pause Young (Allocation Failure) 52M->38M(61M) 1.900ms
[2026-06-17T10:00:08.601+0800][7.464s][info][gc,cpu         ] GC(171) User=0.00s Sys=0.00s Real=0.00s
[2026-06-17T10:00:08.644+0800][7.507s][info][gc,start       ] GC(172) Pause Young (Allocation Failure)
[2026-06-17T10:00:08.644+0800][7.507s][info][gc             ] GC(172) Pause Young (Allocation Failure) 55M->55M(61M) 0.579ms
[2026-06-17T10:00:08.645+0800][7.508s][info][gc,cpu         ] GC(172) User=0.00s Sys=0.00s Real=0.00s
[2026-06-17T10:00:08.646+0800][7.509s][info][gc,start       ] GC(173) Pause Full (Allocation Failure)
[2026-06-17T10:00:08.647+0800][7.509s][info][gc,phases,start] GC(173) Phase 1: Mark live objects
[2026-06-17T10:00:08.648+0800][7.510s][info][gc,phases      ] GC(173) Phase 1: Mark live objects 1.166ms
[2026-06-17T10:00:08.648+0800][7.511s][info][gc,phases,start] GC(173) Phase 2: Compute new object addresses
[2026-06-17T10:00:08.649+0800][7.512s][info][gc,phases      ] GC(173) Phase 2: Compute new object addresses 0.657ms
[2026-06-17T10:00:08.649+0800][7.512s][info][gc,phases,start] GC(173) Phase 3: Adjust pointers
[2026-06-17T10:00:08.650+0800][7.513s][info][gc,phases      ] GC(173) Phase 3: Adjust pointers 0.674ms
[2026-06-17T10:00:08.650+0800][7.513s][info][gc,phases,start] GC(173) Phase 4: Move objects
[2026-06-17T10:00:08.653+0800][7.515s][info][gc,phases      ] GC(173) Phase 4: Move objects 2.384ms
[2026-06-17T10:00:08.653+0800][7.516s][info][gc,heap        ] GC(173) DefNew: 19519K(19648K)->0K(19648K) Eden: 17427K(17472K)->0K(17472K) From: 2091K(2176K)->0K(2176K)
[2026-06-17T10:00:08.653+0800][7.516s][info][gc,heap        ] GC(173) Tenured: 37584K(43712K)->30722K(43712K)
[2026-06-17T10:00:08.654+0800][7.516s][info][gc,metaspace   ] GC(173) Metaspace: 110K(320K)->110K(320K) NonClass: 103K(192K)->103K(192K) Class: 7K(128K)->7K(128K)
[2026-06-17T10:00:08.654+0800][7.517s][info][gc             ] GC(173) Pause Full (Allocation Failure) 55M->30M(61M) 7.795ms
[2026-06-17T10:00:08.654+0800][7.517s][info][gc,cpu         ] GC(173) User=0.01s Sys=0.00s Real=0.01s
[2026-06-17T10:00:08.696+0800][7.559s][info][gc,start       ] GC(174) Pause Young (Allocation Failure)
[2026-06-17T10:00:08.698+0800][7.560s][info][gc,heap        ] GC(174) DefNew: 17429K(19648K)->2167K(19648K) Eden: 17429K(17472K)->0K(17472K) From: 0K(2176K)->2167K(2176K)
[2026-06-17T10:00:08.698+0800][7.561s][info][gc,heap        ] GC(174) Tenured: 30722K(43712K)->34796K(43712K)
[2026-06-17T10:00:08.698+0800][7.561s][info][gc,metaspace   ] GC(174) Metaspace: 110K(320K)->110K(320K) NonClass: 103K(192K)->103K(192K) Class: 7K(128K)->7K(128K)
[2026-06-17T10:00:08.699+0800][7.562s][info][gc             ] GC(174) Pause Young (Allocation Failure) 47M->36M(61M) 2.585ms
[2026-06-17T10:00:08.699+0800][7.562s][info][gc,cpu         ] GC(174) User=0.00s Sys=0.00s Real=0.00s
[2026-06-17T10:00:08.732+0800][7.594s][info][gc,start       ] GC(175) Pause Young (Allocation Failure)
[2026-06-17T10:00:08.733+0800][7.595s][info][gc,heap        ] GC(175) DefNew: 19391K(19648K)->2173K(19648K) Eden: 17224K(17472K)->0K(17472K) From: 2167K(2176K)->2173K(2176K)
[2026-06-17T10:00:08.733+0800][7.596s][info][gc,heap        ] GC(175) Tenured: 34796K(43712K)->37849K(43712K)
[2026-06-17T10:00:08.733+0800][7.596s][info][gc,metaspace   ] GC(175) Metaspace: 110K(320K)->110K(320K) NonClass: 103K(192K)->103K(192K) Class: 7K(128K)->7K(128K)
[2026-06-17T10:00:08.734+0800][7.596s][info][gc             ] GC(175) Pause Young (Allocation Failure) 52M->39M(61M) 2.038ms
[2026-06-17T10:00:08.734+0800][7.597s][info][gc,cpu         ] GC(175) User=0.00s Sys=0.00s Real=0.00s
[2026-06-17T10:00:08.786+0800][7.649s][info][gc,start       ] GC(176) Pause Young (Allocation Failure)
[2026-06-17T10:00:08.789+0800][7.652s][info][gc             ] GC(176) Pause Young (Allocation Failure) 56M->56M(61M) 2.445ms
[2026-06-17T10:00:08.791+0800][7.654s][info][gc,cpu         ] GC(176) User=0.00s Sys=0.00s Real=0.01s
[2026-06-17T10:00:08.792+0800][7.655s][info][gc,start       ] GC(177) Pause Full (Allocation Failure)
[2026-06-17T10:00:08.794+0800][7.657s][info][gc,phases,start] GC(177) Phase 1: Mark live objects
[2026-06-17T10:00:08.797+0800][7.660s][info][gc,phases      ] GC(177) Phase 1: Mark live objects 2.727ms
[2026-06-17T10:00:08.800+0800][7.662s][info][gc,phases,start] GC(177) Phase 2: Compute new object addresses
[2026-06-17T10:00:08.801+0800][7.663s][info][gc,phases      ] GC(177) Phase 2: Compute new object addresses 0.792ms
[2026-06-17T10:00:08.801+0800][7.664s][info][gc,phases,start] GC(177) Phase 3: Adjust pointers
[2026-06-17T10:00:08.802+0800][7.665s][info][gc,phases      ] GC(177) Phase 3: Adjust pointers 0.762ms
[2026-06-17T10:00:08.804+0800][7.666s][info][gc,phases,start] GC(177) Phase 4: Move objects
[2026-06-17T10:00:08.806+0800][7.669s][info][gc,phases      ] GC(177) Phase 4: Move objects 2.471ms
[2026-06-17T10:00:08.807+0800][7.669s][info][gc,heap        ] GC(177) DefNew: 19637K(19648K)->0K(19648K) Eden: 17464K(17472K)->0K(17472K) From: 2173K(2176K)->0K(2176K)
[2026-06-17T10:00:08.807+0800][7.670s][info][gc,heap        ] GC(177) Tenured: 37849K(43712K)->27675K(43712K)
[2026-06-17T10:00:08.807+0800][7.670s][info][gc,metaspace   ] GC(177) Metaspace: 110K(320K)->110K(320K) NonClass: 103K(192K)->103K(192K) Class: 7K(128K)->7K(128K)
[2026-06-17T10:00:08.809+0800][7.671s][info][gc             ] GC(177) Pause Full (Allocation Failure) 56M->27M(61M) 16.238ms
[2026-06-17T10:00:08.809+0800][7.672s][info][gc,cpu         ] GC(177) User=0.01s Sys=0.00s Real=0.01s
[2026-06-17T10:00:08.851+0800][7.714s][info][gc,start       ] GC(178) Pause Young (Allocation Failure)
[2026-06-17T10:00:08.853+0800][7.716s][info][gc,heap        ] GC(178) DefNew: 17466K(19648K)->2171K(19648K) Eden: 17466K(17472K)->0K(17472K) From: 0K(2176K)->2171K(2176K)
[2026-06-17T10:00:08.853+0800][7.716s][info][gc,heap        ] GC(178) Tenured: 27675K(43712K)->32615K(43712K)
[2026-06-17T10:00:08.854+0800][7.717s][info][gc,metaspace   ] GC(178) Metaspace: 110K(320K)->110K(320K) NonClass: 103K(192K)->103K(192K) Class: 7K(128K)->7K(128K)
[2026-06-17T10:00:08.854+0800][7.717s][info][gc             ] GC(178) Pause Young (Allocation Failure) 44M->33M(61M) 2.969ms
[2026-06-17T10:00:08.855+0800][7.718s][info][gc,cpu         ] GC(178) User=0.00s Sys=0.00s Real=0.00s
[2026-06-17T10:00:08.897+0800][7.760s][info][gc,start       ] GC(179) Pause Young (Allocation Failure)
[2026-06-17T10:00:08.900+0800][7.762s][info][gc,heap        ] GC(179) DefNew: 19636K(19648K)->2156K(19648K) Eden: 17465K(17472K)->0K(17472K) From: 2171K(2176K)->2156K(2176K)
[2026-06-17T10:00:08.900+0800][7.763s][info][gc,heap        ] GC(179) Tenured: 32615K(43712K)->38841K(43712K)
[2026-06-17T10:00:08.901+0800][7.764s][info][gc,metaspace   ] GC(179) Metaspace: 110K(320K)->110K(320K) NonClass: 103K(192K)->103K(192K) Class: 7K(128K)->7K(128K)
[2026-06-17T10:00:08.901+0800][7.764s][info][gc             ] GC(179) Pause Young (Allocation Failure) 51M->40M(61M) 3.899ms
[2026-06-17T10:00:08.902+0800][7.765s][info][gc,cpu         ] GC(179) User=0.00s Sys=0.00s Real=0.00s
[2026-06-17T10:00:08.945+0800][7.808s][info][gc,start       ] GC(180) Pause Young (Allocation Failure)
[2026-06-17T10:00:08.948+0800][7.811s][info][gc             ] GC(180) Pause Young (Allocation Failure) 57M->57M(61M) 2.662ms
[2026-06-17T10:00:08.949+0800][7.812s][info][gc,cpu         ] GC(180) User=0.00s Sys=0.00s Real=0.00s
[2026-06-17T10:00:08.949+0800][7.812s][info][gc,start       ] GC(181) Pause Full (Allocation Failure)
[2026-06-17T10:00:08.949+0800][7.812s][info][gc,phases,start] GC(181) Phase 1: Mark live objects
[2026-06-17T10:00:08.950+0800][7.813s][info][gc,phases      ] GC(181) Phase 1: Mark live objects 0.902ms
[2026-06-17T10:00:08.951+0800][7.813s][info][gc,phases,start] GC(181) Phase 2: Compute new object addresses
[2026-06-17T10:00:08.951+0800][7.814s][info][gc,phases      ] GC(181) Phase 2: Compute new object addresses 0.473ms
[2026-06-17T10:00:08.951+0800][7.814s][info][gc,phases,start] GC(181) Phase 3: Adjust pointers
[2026-06-17T10:00:08.952+0800][7.815s][info][gc,phases      ] GC(181) Phase 3: Adjust pointers 0.504ms
[2026-06-17T10:00:08.952+0800][7.815s][info][gc,phases,start] GC(181) Phase 4: Move objects
[2026-06-17T10:00:08.954+0800][7.817s][info][gc,phases      ] GC(181) Phase 4: Move objects 2.206ms
[2026-06-17T10:00:08.955+0800][7.817s][info][gc,heap        ] GC(181) DefNew: 19607K(19648K)->0K(19648K) Eden: 17451K(17472K)->0K(17472K) From: 2156K(2176K)->0K(2176K)
[2026-06-17T10:00:08.955+0800][7.817s][info][gc,heap        ] GC(181) Tenured: 38841K(43712K)->22135K(43712K)
[2026-06-17T10:00:08.955+0800][7.818s][info][gc,metaspace   ] GC(181) Metaspace: 110K(320K)->110K(320K) NonClass: 103K(192K)->103K(192K) Class: 7K(128K)->7K(128K)
[2026-06-17T10:00:08.955+0800][7.818s][info][gc             ] GC(181) Pause Full (Allocation Failure) 57M->21M(61M) 5.644ms
[2026-06-17T10:00:08.955+0800][7.818s][info][gc,cpu         ] GC(181) User=0.01s Sys=0.00s Real=0.01s
[2026-06-17T10:00:08.997+0800][7.860s][info][gc,start       ] GC(182) Pause Young (Allocation Failure)
[2026-06-17T10:00:08.998+0800][7.861s][info][gc,heap        ] GC(182) DefNew: 17462K(19648K)->2075K(19648K) Eden: 17462K(17472K)->0K(17472K) From: 0K(2176K)->2075K(2176K)
[2026-06-17T10:00:08.998+0800][7.861s][info][gc,heap        ] GC(182) Tenured: 22135K(43712K)->23664K(43712K)
[2026-06-17T10:00:08.999+0800][7.861s][info][gc,metaspace   ] GC(182) Metaspace: 110K(320K)->110K(320K) NonClass: 103K(192K)->103K(192K) Class: 7K(128K)->7K(128K)
[2026-06-17T10:00:08.999+0800][7.862s][info][gc             ] GC(182) Pause Young (Allocation Failure) 38M->25M(61M) 1.756ms
[2026-06-17T10:00:08.999+0800][7.862s][info][gc,cpu         ] GC(182) User=0.00s Sys=0.00s Real=0.00s
[2026-06-17T10:00:09.052+0800][7.915s][info][gc,start       ] GC(183) Pause Young (Allocation Failure)
[2026-06-17T10:00:09.053+0800][7.916s][info][gc,heap        ] GC(183) DefNew: 19547K(19648K)->2153K(19648K) Eden: 17472K(17472K)->0K(17472K) From: 2075K(2176K)->2153K(2176K)
[2026-06-17T10:00:09.053+0800][7.916s][info][gc,heap        ] GC(183) Tenured: 23664K(43712K)->27346K(43712K)
[2026-06-17T10:00:09.054+0800][7.917s][info][gc,metaspace   ] GC(183) Metaspace: 110K(320K)->110K(320K) NonClass: 103K(192K)->103K(192K) Class: 7K(128K)->7K(128K)
[2026-06-17T10:00:09.054+0800][7.917s][info][gc             ] GC(183) Pause Young (Allocation Failure) 42M->28M(61M) 2.545ms
[2026-06-17T10:00:09.055+0800][7.917s][info][gc,cpu         ] GC(183) User=0.00s Sys=0.00s Real=0.00s
[2026-06-17T10:00:09.097+0800][7.960s][info][gc,start       ] GC(184) Pause Young (Allocation Failure)
[2026-06-17T10:00:09.099+0800][7.962s][info][gc,heap        ] GC(184) DefNew: 19586K(19648K)->2174K(19648K) Eden: 17432K(17472K)->0K(17472K) From: 2153K(2176K)->2174K(2176K)
[2026-06-17T10:00:09.099+0800][7.962s][info][gc,heap        ] GC(184) Tenured: 27346K(43712K)->30647K(43712K)
[2026-06-17T10:00:09.099+0800][7.962s][info][gc,metaspace   ] GC(184) Metaspace: 110K(320K)->110K(320K) NonClass: 103K(192K)->103K(192K) Class: 7K(128K)->7K(128K)
[2026-06-17T10:00:09.100+0800][7.962s][info][gc             ] GC(184) Pause Young (Allocation Failure) 45M->32M(61M) 2.103ms
[2026-06-17T10:00:09.100+0800][7.963s][info][gc,cpu         ] GC(184) User=0.00s Sys=0.00s Real=0.00s
[2026-06-17T10:00:09.142+0800][8.005s][info][gc,start       ] GC(185) Pause Young (Allocation Failure)
[2026-06-17T10:00:09.143+0800][8.006s][info][gc,heap        ] GC(185) DefNew: 19624K(19648K)->2095K(19648K) Eden: 17449K(17472K)->0K(17472K) From: 2174K(2176K)->2095K(2176K)
[2026-06-17T10:00:09.144+0800][8.006s][info][gc,heap        ] GC(185) Tenured: 30647K(43712K)->34990K(43712K)
[2026-06-17T10:00:09.144+0800][8.007s][info][gc,metaspace   ] GC(185) Metaspace: 110K(320K)->110K(320K) NonClass: 103K(192K)->103K(192K) Class: 7K(128K)->7K(128K)
[2026-06-17T10:00:09.144+0800][8.007s][info][gc             ] GC(185) Pause Young (Allocation Failure) 49M->36M(61M) 1.751ms
[2026-06-17T10:00:09.144+0800][8.007s][info][gc,cpu         ] GC(185) User=0.00s Sys=0.00s Real=0.01s
[2026-06-17T10:00:09.187+0800][8.049s][info][gc,start       ] GC(186) Pause Young (Allocation Failure)
[2026-06-17T10:00:09.187+0800][8.050s][info][gc,heap        ] GC(186) DefNew: 19567K(19648K)->2166K(19648K) Eden: 17472K(17472K)->0K(17472K) From: 2095K(2176K)->2166K(2176K)
[2026-06-17T10:00:09.188+0800][8.050s][info][gc,heap        ] GC(186) Tenured: 34990K(43712K)->37963K(43712K)
[2026-06-17T10:00:09.188+0800][8.051s][info][gc,metaspace   ] GC(186) Metaspace: 110K(320K)->110K(320K) NonClass: 103K(192K)->103K(192K) Class: 7K(128K)->7K(128K)
[2026-06-17T10:00:09.188+0800][8.051s][info][gc             ] GC(186) Pause Young (Allocation Failure) 53M->39M(61M) 1.671ms
[2026-06-17T10:00:09.188+0800][8.051s][info][gc,cpu         ] GC(186) User=0.00s Sys=0.00s Real=0.00s
[2026-06-17T10:00:09.230+0800][8.093s][info][gc,start       ] GC(187) Pause Young (Allocation Failure)
[2026-06-17T10:00:09.231+0800][8.094s][info][gc             ] GC(187) Pause Young (Allocation Failure) 55M->55M(61M) 0.505ms
[2026-06-17T10:00:09.231+0800][8.094s][info][gc,cpu         ] GC(187) User=0.00s Sys=0.00s Real=0.01s
[2026-06-17T10:00:09.231+0800][8.094s][info][gc,start       ] GC(188) Pause Full (Allocation Failure)
[2026-06-17T10:00:09.231+0800][8.094s][info][gc,phases,start] GC(188) Phase 1: Mark live objects
[2026-06-17T10:00:09.232+0800][8.095s][info][gc,phases      ] GC(188) Phase 1: Mark live objects 1.002ms
[2026-06-17T10:00:09.233+0800][8.096s][info][gc,phases,start] GC(188) Phase 2: Compute new object addresses
[2026-06-17T10:00:09.233+0800][8.096s][info][gc,phases      ] GC(188) Phase 2: Compute new object addresses 0.580ms
[2026-06-17T10:00:09.234+0800][8.096s][info][gc,phases,start] GC(188) Phase 3: Adjust pointers
[2026-06-17T10:00:09.234+0800][8.097s][info][gc,phases      ] GC(188) Phase 3: Adjust pointers 0.554ms
[2026-06-17T10:00:09.234+0800][8.097s][info][gc,phases,start] GC(188) Phase 4: Move objects
[2026-06-17T10:00:09.236+0800][8.099s][info][gc,phases      ] GC(188) Phase 4: Move objects 1.986ms
[2026-06-17T10:00:09.237+0800][8.099s][info][gc,heap        ] GC(188) DefNew: 19376K(19648K)->0K(19648K) Eden: 17210K(17472K)->0K(17472K) From: 2166K(2176K)->0K(2176K)
[2026-06-17T10:00:09.237+0800][8.100s][info][gc,heap        ] GC(188) Tenured: 37963K(43712K)->26891K(43712K)
[2026-06-17T10:00:09.237+0800][8.100s][info][gc,metaspace   ] GC(188) Metaspace: 110K(320K)->110K(320K) NonClass: 103K(192K)->103K(192K) Class: 7K(128K)->7K(128K)
[2026-06-17T10:00:09.237+0800][8.100s][info][gc             ] GC(188) Pause Full (Allocation Failure) 55M->26M(61M) 5.960ms
[2026-06-17T10:00:09.237+0800][8.100s][info][gc,cpu         ] GC(188) User=0.00s Sys=0.00s Real=0.00s
[2026-06-17T10:00:09.279+0800][8.142s][info][gc,start       ] GC(189) Pause Young (Allocation Failure)
[2026-06-17T10:00:09.280+0800][8.143s][info][gc,heap        ] GC(189) DefNew: 17472K(19648K)->2174K(19648K) Eden: 17472K(17472K)->0K(17472K) From: 0K(2176K)->2174K(2176K)
[2026-06-17T10:00:09.281+0800][8.144s][info][gc,heap        ] GC(189) Tenured: 26891K(43712K)->31961K(43712K)
[2026-06-17T10:00:09.281+0800][8.144s][info][gc,metaspace   ] GC(189) Metaspace: 110K(320K)->110K(320K) NonClass: 103K(192K)->103K(192K) Class: 7K(128K)->7K(128K)
[2026-06-17T10:00:09.282+0800][8.144s][info][gc             ] GC(189) Pause Young (Allocation Failure) 43M->33M(61M) 2.442ms
[2026-06-17T10:00:09.282+0800][8.145s][info][gc,cpu         ] GC(189) User=0.00s Sys=0.00s Real=0.00s
[2026-06-17T10:00:09.335+0800][8.198s][info][gc,start       ] GC(190) Pause Young (Allocation Failure)
[2026-06-17T10:00:09.336+0800][8.199s][info][gc,heap        ] GC(190) DefNew: 19637K(19648K)->2061K(19648K) Eden: 17463K(17472K)->0K(17472K) From: 2174K(2176K)->2061K(2176K)
[2026-06-17T10:00:09.337+0800][8.199s][info][gc,heap        ] GC(190) Tenured: 31961K(43712K)->34468K(43712K)
[2026-06-17T10:00:09.337+0800][8.199s][info][gc,metaspace   ] GC(190) Metaspace: 110K(320K)->110K(320K) NonClass: 103K(192K)->103K(192K) Class: 7K(128K)->7K(128K)
[2026-06-17T10:00:09.337+0800][8.200s][info][gc             ] GC(190) Pause Young (Allocation Failure) 50M->35M(61M) 2.106ms
[2026-06-17T10:00:09.337+0800][8.200s][info][gc,cpu         ] GC(190) User=0.00s Sys=0.00s Real=0.00s
[2026-06-17T10:00:09.379+0800][8.242s][info][gc,start       ] GC(191) Pause Young (Allocation Failure)
[2026-06-17T10:00:09.380+0800][8.243s][info][gc,heap        ] GC(191) DefNew: 19533K(19648K)->2069K(19648K) Eden: 17472K(17472K)->0K(17472K) From: 2061K(2176K)->2069K(2176K)
[2026-06-17T10:00:09.380+0800][8.243s][info][gc,heap        ] GC(191) Tenured: 34468K(43712K)->37965K(43712K)
[2026-06-17T10:00:09.381+0800][8.243s][info][gc,metaspace   ] GC(191) Metaspace: 110K(320K)->110K(320K) NonClass: 103K(192K)->103K(192K) Class: 7K(128K)->7K(128K)
[2026-06-17T10:00:09.381+0800][8.244s][info][gc             ] GC(191) Pause Young (Allocation Failure) 52M->39M(61M) 1.713ms
[2026-06-17T10:00:09.381+0800][8.244s][info][gc,cpu         ] GC(191) User=0.01s Sys=0.00s Real=0.00s
[2026-06-17T10:00:09.423+0800][8.286s][info][gc,start       ] GC(192) Pause Young (Allocation Failure)
[2026-06-17T10:00:09.424+0800][8.287s][info][gc             ] GC(192) Pause Young (Allocation Failure) 56M->56M(61M) 0.510ms
[2026-06-17T10:00:09.424+0800][8.287s][info][gc,cpu         ] GC(192) User=0.00s Sys=0.00s Real=0.00s
[2026-06-17T10:00:09.424+0800][8.287s][info][gc,start       ] GC(193) Pause Full (Allocation Failure)
[2026-06-17T10:00:09.425+0800][8.287s][info][gc,phases,start] GC(193) Phase 1: Mark live objects
[2026-06-17T10:00:09.426+0800][8.288s][info][gc,phases      ] GC(193) Phase 1: Mark live objects 1.113ms
[2026-06-17T10:00:09.427+0800][8.289s][info][gc,phases,start] GC(193) Phase 2: Compute new object addresses
[2026-06-17T10:00:09.427+0800][8.290s][info][gc,phases      ] GC(193) Phase 2: Compute new object addresses 0.815ms
[2026-06-17T10:00:09.428+0800][8.291s][info][gc,phases,start] GC(193) Phase 3: Adjust pointers
[2026-06-17T10:00:09.429+0800][8.292s][info][gc,phases      ] GC(193) Phase 3: Adjust pointers 0.881ms
[2026-06-17T10:00:09.429+0800][8.292s][info][gc,phases,start] GC(193) Phase 4: Move objects
[2026-06-17T10:00:09.432+0800][8.295s][info][gc,phases      ] GC(193) Phase 4: Move objects 2.464ms
[2026-06-17T10:00:09.432+0800][8.295s][info][gc,heap        ] GC(193) DefNew: 19534K(19648K)->0K(19648K) Eden: 17464K(17472K)->0K(17472K) From: 2069K(2176K)->0K(2176K)
[2026-06-17T10:00:09.433+0800][8.296s][info][gc,heap        ] GC(193) Tenured: 37965K(43712K)->31709K(43712K)
[2026-06-17T10:00:09.433+0800][8.296s][info][gc,metaspace   ] GC(193) Metaspace: 110K(320K)->110K(320K) NonClass: 103K(192K)->103K(192K) Class: 7K(128K)->7K(128K)
[2026-06-17T10:00:09.434+0800][8.296s][info][gc             ] GC(193) Pause Full (Allocation Failure) 56M->30M(61M) 9.334ms
[2026-06-17T10:00:09.434+0800][8.297s][info][gc,cpu         ] GC(193) User=0.00s Sys=0.00s Real=0.01s
[2026-06-17T10:00:09.476+0800][8.339s][info][gc,start       ] GC(194) Pause Young (Allocation Failure)
[2026-06-17T10:00:09.478+0800][8.340s][info][gc,heap        ] GC(194) DefNew: 17472K(19648K)->2171K(19648K) Eden: 17472K(17472K)->0K(17472K) From: 0K(2176K)->2171K(2176K)
[2026-06-17T10:00:09.478+0800][8.341s][info][gc,heap        ] GC(194) Tenured: 31709K(43712K)->36633K(43712K)
[2026-06-17T10:00:09.478+0800][8.341s][info][gc,metaspace   ] GC(194) Metaspace: 110K(320K)->110K(320K) NonClass: 103K(192K)->103K(192K) Class: 7K(128K)->7K(128K)
[2026-06-17T10:00:09.479+0800][8.342s][info][gc             ] GC(194) Pause Young (Allocation Failure) 48M->37M(61M) 2.313ms
[2026-06-17T10:00:09.479+0800][8.342s][info][gc,cpu         ] GC(194) User=0.00s Sys=0.00s Real=0.00s
[2026-06-17T10:00:09.521+0800][8.384s][info][gc,start       ] GC(195) Pause Young (Allocation Failure)
[2026-06-17T10:00:09.522+0800][8.385s][info][gc,heap        ] GC(195) DefNew: 19643K(19648K)->2173K(19648K) Eden: 17472K(17472K)->0K(17472K) From: 2171K(2176K)->2173K(2176K)
[2026-06-17T10:00:09.522+0800][8.385s][info][gc,heap        ] GC(195) Tenured: 36633K(43712K)->42010K(43712K)
[2026-06-17T10:00:09.524+0800][8.386s][info][gc,metaspace   ] GC(195) Metaspace: 110K(320K)->110K(320K) NonClass: 103K(192K)->103K(192K) Class: 7K(128K)->7K(128K)
[2026-06-17T10:00:09.524+0800][8.387s][info][gc             ] GC(195) Pause Young (Allocation Failure) 54M->43M(61M) 3.021ms
[2026-06-17T10:00:09.524+0800][8.387s][info][gc,cpu         ] GC(195) User=0.00s Sys=0.00s Real=0.01s
[2026-06-17T10:00:09.577+0800][8.440s][info][gc,start       ] GC(196) Pause Young (Allocation Failure)
[2026-06-17T10:00:09.580+0800][8.443s][info][gc             ] GC(196) Pause Young (Allocation Failure) 60M->60M(61M) 2.721ms
[2026-06-17T10:00:09.581+0800][8.443s][info][gc,cpu         ] GC(196) User=0.00s Sys=0.00s Real=0.00s
[2026-06-17T10:00:09.581+0800][8.444s][info][gc,start       ] GC(197) Pause Full (Allocation Failure)
[2026-06-17T10:00:09.582+0800][8.444s][info][gc,phases,start] GC(197) Phase 1: Mark live objects
[2026-06-17T10:00:09.583+0800][8.446s][info][gc,phases      ] GC(197) Phase 1: Mark live objects 1.396ms
[2026-06-17T10:00:09.583+0800][8.446s][info][gc,phases,start] GC(197) Phase 2: Compute new object addresses
[2026-06-17T10:00:09.585+0800][8.448s][info][gc,phases      ] GC(197) Phase 2: Compute new object addresses 1.320ms
[2026-06-17T10:00:09.585+0800][8.448s][info][gc,phases,start] GC(197) Phase 3: Adjust pointers
[2026-06-17T10:00:09.586+0800][8.449s][info][gc,phases      ] GC(197) Phase 3: Adjust pointers 1.148ms
[2026-06-17T10:00:09.587+0800][8.449s][info][gc,phases,start] GC(197) Phase 4: Move objects
[2026-06-17T10:00:09.589+0800][8.451s][info][gc,phases      ] GC(197) Phase 4: Move objects 2.139ms
[2026-06-17T10:00:09.590+0800][8.452s][info][gc,heap        ] GC(197) DefNew: 19645K(19648K)->0K(19648K) Eden: 17472K(17472K)->0K(17472K) From: 2173K(2176K)->0K(2176K)
[2026-06-17T10:00:09.590+0800][8.453s][info][gc,heap        ] GC(197) Tenured: 42010K(43712K)->30207K(43712K)
[2026-06-17T10:00:09.590+0800][8.453s][info][gc,metaspace   ] GC(197) Metaspace: 110K(320K)->110K(320K) NonClass: 103K(192K)->103K(192K) Class: 7K(128K)->7K(128K)
[2026-06-17T10:00:09.591+0800][8.453s][info][gc             ] GC(197) Pause Full (Allocation Failure) 60M->29M(61M) 9.795ms
[2026-06-17T10:00:09.591+0800][8.454s][info][gc,cpu         ] GC(197) User=0.00s Sys=0.00s Real=0.02s
[2026-06-17T10:00:09.634+0800][8.496s][info][gc,start       ] GC(198) Pause Young (Allocation Failure)
[2026-06-17T10:00:09.635+0800][8.498s][info][gc,heap        ] GC(198) DefNew: 17466K(19648K)->2170K(19648K) Eden: 17466K(17472K)->0K(17472K) From: 0K(2176K)->2170K(2176K)
[2026-06-17T10:00:09.636+0800][8.498s][info][gc,heap        ] GC(198) Tenured: 30207K(43712K)->35517K(43712K)
[2026-06-17T10:00:09.636+0800][8.499s][info][gc,metaspace   ] GC(198) Metaspace: 110K(320K)->110K(320K) NonClass: 103K(192K)->103K(192K) Class: 7K(128K)->7K(128K)
[2026-06-17T10:00:09.636+0800][8.499s][info][gc             ] GC(198) Pause Young (Allocation Failure) 46M->36M(61M) 2.946ms
[2026-06-17T10:00:09.637+0800][8.500s][info][gc,cpu         ] GC(198) User=0.01s Sys=0.00s Real=0.00s
[2026-06-17T10:00:09.680+0800][8.542s][info][gc,start       ] GC(199) Pause Young (Allocation Failure)
[2026-06-17T10:00:09.681+0800][8.544s][info][gc,heap        ] GC(199) DefNew: 19609K(19648K)->2172K(19648K) Eden: 17438K(17472K)->0K(17472K) From: 2170K(2176K)->2172K(2176K)
[2026-06-17T10:00:09.683+0800][8.545s][info][gc,heap        ] GC(199) Tenured: 35517K(43712K)->40317K(43712K)
[2026-06-17T10:00:09.683+0800][8.546s][info][gc,metaspace   ] GC(199) Metaspace: 110K(320K)->110K(320K) NonClass: 103K(192K)->103K(192K) Class: 7K(128K)->7K(128K)
[2026-06-17T10:00:09.684+0800][8.546s][info][gc             ] GC(199) Pause Young (Allocation Failure) 53M->41M(61M) 3.828ms
[2026-06-17T10:00:09.684+0800][8.547s][info][gc,cpu         ] GC(199) User=0.00s Sys=0.00s Real=0.01s
[2026-06-17T10:00:09.727+0800][8.590s][info][gc,start       ] GC(200) Pause Young (Allocation Failure)
[2026-06-17T10:00:09.727+0800][8.590s][info][gc             ] GC(200) Pause Young (Allocation Failure) 58M->58M(61M) 0.532ms
[2026-06-17T10:00:09.728+0800][8.591s][info][gc,cpu         ] GC(200) User=0.00s Sys=0.00s Real=0.00s
[2026-06-17T10:00:09.728+0800][8.591s][info][gc,start       ] GC(201) Pause Full (Allocation Failure)
[2026-06-17T10:00:09.728+0800][8.591s][info][gc,phases,start] GC(201) Phase 1: Mark live objects
[2026-06-17T10:00:09.730+0800][8.592s][info][gc,phases      ] GC(201) Phase 1: Mark live objects 1.170ms
[2026-06-17T10:00:09.730+0800][8.593s][info][gc,phases,start] GC(201) Phase 2: Compute new object addresses
[2026-06-17T10:00:09.731+0800][8.594s][info][gc,phases      ] GC(201) Phase 2: Compute new object addresses 0.816ms
[2026-06-17T10:00:09.731+0800][8.594s][info][gc,phases,start] GC(201) Phase 3: Adjust pointers
[2026-06-17T10:00:09.732+0800][8.595s][info][gc,phases      ] GC(201) Phase 3: Adjust pointers 0.741ms
[2026-06-17T10:00:09.732+0800][8.595s][info][gc,phases,start] GC(201) Phase 4: Move objects
[2026-06-17T10:00:09.734+0800][8.597s][info][gc,phases      ] GC(201) Phase 4: Move objects 1.659ms
[2026-06-17T10:00:09.734+0800][8.597s][info][gc,heap        ] GC(201) DefNew: 19486K(19648K)->0K(19648K) Eden: 17314K(17472K)->0K(17472K) From: 2172K(2176K)->0K(2176K)
[2026-06-17T10:00:09.734+0800][8.597s][info][gc,heap        ] GC(201) Tenured: 40317K(43712K)->28124K(43712K)
[2026-06-17T10:00:09.734+0800][8.597s][info][gc,metaspace   ] GC(201) Metaspace: 110K(320K)->110K(320K) NonClass: 103K(192K)->103K(192K) Class: 7K(128K)->7K(128K)
[2026-06-17T10:00:09.735+0800][8.597s][info][gc             ] GC(201) Pause Full (Allocation Failure) 58M->27M(61M) 6.459ms
[2026-06-17T10:00:09.736+0800][8.599s][info][gc,cpu         ] GC(201) User=0.00s Sys=0.00s Real=0.01s
[2026-06-17T10:00:09.778+0800][8.641s][info][gc,start       ] GC(202) Pause Young (Allocation Failure)
[2026-06-17T10:00:09.780+0800][8.643s][info][gc,heap        ] GC(202) DefNew: 17472K(19648K)->2168K(19648K) Eden: 17472K(17472K)->0K(17472K) From: 0K(2176K)->2168K(2176K)
[2026-06-17T10:00:09.780+0800][8.643s][info][gc,heap        ] GC(202) Tenured: 28124K(43712K)->32957K(43712K)
[2026-06-17T10:00:09.781+0800][8.643s][info][gc,metaspace   ] GC(202) Metaspace: 110K(320K)->110K(320K) NonClass: 103K(192K)->103K(192K) Class: 7K(128K)->7K(128K)
[2026-06-17T10:00:09.781+0800][8.644s][info][gc             ] GC(202) Pause Young (Allocation Failure) 44M->34M(61M) 2.877ms
[2026-06-17T10:00:09.781+0800][8.644s][info][gc,cpu         ] GC(202) User=0.00s Sys=0.00s Real=0.00s
[2026-06-17T10:00:09.834+0800][8.696s][info][gc,start       ] GC(203) Pause Young (Allocation Failure)
[2026-06-17T10:00:09.834+0800][8.697s][info][gc,heap        ] GC(203) DefNew: 19582K(19648K)->2152K(19648K) Eden: 17414K(17472K)->0K(17472K) From: 2168K(2176K)->2152K(2176K)
[2026-06-17T10:00:09.835+0800][8.698s][info][gc,heap        ] GC(203) Tenured: 32957K(43712K)->35877K(43712K)
[2026-06-17T10:00:09.835+0800][8.698s][info][gc,metaspace   ] GC(203) Metaspace: 110K(320K)->110K(320K) NonClass: 103K(192K)->103K(192K) Class: 7K(128K)->7K(128K)
[2026-06-17T10:00:09.835+0800][8.698s][info][gc             ] GC(203) Pause Young (Allocation Failure) 51M->37M(61M) 1.539ms
[2026-06-17T10:00:09.835+0800][8.698s][info][gc,cpu         ] GC(203) User=0.00s Sys=0.00s Real=0.00s
[2026-06-17T10:00:09.878+0800][8.740s][info][gc,start       ] GC(204) Pause Young (Allocation Failure)
[2026-06-17T10:00:09.879+0800][8.742s][info][gc,heap        ] GC(204) DefNew: 19596K(19648K)->2160K(19648K) Eden: 17443K(17472K)->0K(17472K) From: 2152K(2176K)->2160K(2176K)
[2026-06-17T10:00:09.879+0800][8.742s][info][gc,heap        ] GC(204) Tenured: 35877K(43712K)->40040K(43712K)
[2026-06-17T10:00:09.880+0800][8.743s][info][gc,metaspace   ] GC(204) Metaspace: 110K(320K)->110K(320K) NonClass: 103K(192K)->103K(192K) Class: 7K(128K)->7K(128K)
[2026-06-17T10:00:09.880+0800][8.743s][info][gc             ] GC(204) Pause Young (Allocation Failure) 54M->41M(61M) 2.582ms
[2026-06-17T10:00:09.881+0800][8.744s][info][gc,cpu         ] GC(204) User=0.00s Sys=0.00s Real=0.00s
[2026-06-17T10:00:09.924+0800][8.786s][info][gc,start       ] GC(205) Pause Young (Allocation Failure)
[2026-06-17T10:00:09.925+0800][8.788s][info][gc             ] GC(205) Pause Young (Allocation Failure) 58M->58M(61M) 1.032ms
[2026-06-17T10:00:09.925+0800][8.788s][info][gc,cpu         ] GC(205) User=0.00s Sys=0.00s Real=0.00s
[2026-06-17T10:00:09.926+0800][8.789s][info][gc,start       ] GC(206) Pause Full (Allocation Failure)
[2026-06-17T10:00:09.926+0800][8.789s][info][gc,phases,start] GC(206) Phase 1: Mark live objects
[2026-06-17T10:00:09.927+0800][8.790s][info][gc,phases      ] GC(206) Phase 1: Mark live objects 1.229ms
[2026-06-17T10:00:09.928+0800][8.791s][info][gc,phases,start] GC(206) Phase 2: Compute new object addresses
[2026-06-17T10:00:09.929+0800][8.792s][info][gc,phases      ] GC(206) Phase 2: Compute new object addresses 0.857ms
[2026-06-17T10:00:09.929+0800][8.792s][info][gc,phases,start] GC(206) Phase 3: Adjust pointers
[2026-06-17T10:00:09.930+0800][8.793s][info][gc,phases      ] GC(206) Phase 3: Adjust pointers 0.744ms
[2026-06-17T10:00:09.931+0800][8.793s][info][gc,phases,start] GC(206) Phase 4: Move objects
[2026-06-17T10:00:09.933+0800][8.796s][info][gc,phases      ] GC(206) Phase 4: Move objects 2.490ms
[2026-06-17T10:00:09.933+0800][8.796s][info][gc,heap        ] GC(206) DefNew: 19608K(19648K)->0K(19648K) Eden: 17448K(17472K)->0K(17472K) From: 2160K(2176K)->0K(2176K)
[2026-06-17T10:00:09.934+0800][8.796s][info][gc,heap        ] GC(206) Tenured: 40040K(43712K)->27911K(43712K)
[2026-06-17T10:00:09.934+0800][8.797s][info][gc,metaspace   ] GC(206) Metaspace: 110K(320K)->110K(320K) NonClass: 103K(192K)->103K(192K) Class: 7K(128K)->7K(128K)
[2026-06-17T10:00:09.934+0800][8.797s][info][gc             ] GC(206) Pause Full (Allocation Failure) 58M->27M(61M) 8.100ms
[2026-06-17T10:00:09.934+0800][8.797s][info][gc,cpu         ] GC(206) User=0.01s Sys=0.00s Real=0.01s
[2026-06-17T10:00:09.977+0800][8.839s][info][gc,start       ] GC(207) Pause Young (Allocation Failure)
[2026-06-17T10:00:09.978+0800][8.841s][info][gc,heap        ] GC(207) DefNew: 17422K(19648K)->2171K(19648K) Eden: 17422K(17472K)->0K(17472K) From: 0K(2176K)->2171K(2176K)
[2026-06-17T10:00:09.978+0800][8.841s][info][gc,heap        ] GC(207) Tenured: 27911K(43712K)->32972K(43712K)
[2026-06-17T10:00:09.979+0800][8.842s][info][gc,metaspace   ] GC(207) Metaspace: 110K(320K)->110K(320K) NonClass: 103K(192K)->103K(192K) Class: 7K(128K)->7K(128K)
[2026-06-17T10:00:09.980+0800][8.842s][info][gc             ] GC(207) Pause Young (Allocation Failure) 44M->34M(61M) 3.135ms
[2026-06-17T10:00:09.980+0800][8.843s][info][gc,cpu         ] GC(207) User=0.00s Sys=0.00s Real=0.00s
[2026-06-17T10:00:10.023+0800][8.886s][info][gc,start       ] GC(208) Pause Young (Allocation Failure)
[2026-06-17T10:00:10.024+0800][8.887s][info][gc,heap        ] GC(208) DefNew: 19612K(19648K)->2135K(19648K) Eden: 17440K(17472K)->0K(17472K) From: 2171K(2176K)->2135K(2176K)
[2026-06-17T10:00:10.025+0800][8.888s][info][gc,heap        ] GC(208) Tenured: 32972K(43712K)->38658K(43712K)
[2026-06-17T10:00:10.025+0800][8.888s][info][gc,metaspace   ] GC(208) Metaspace: 110K(320K)->110K(320K) NonClass: 103K(192K)->103K(192K) Class: 7K(128K)->7K(128K)
[2026-06-17T10:00:10.026+0800][8.889s][info][gc             ] GC(208) Pause Young (Allocation Failure) 51M->39M(61M) 3.001ms
[2026-06-17T10:00:10.027+0800][8.890s][info][gc,cpu         ] GC(208) User=0.00s Sys=0.00s Real=0.00s
[2026-06-17T10:00:10.069+0800][8.932s][info][gc,start       ] GC(209) Pause Young (Allocation Failure)
[2026-06-17T10:00:10.070+0800][8.933s][info][gc             ] GC(209) Pause Young (Allocation Failure) 56M->56M(61M) 0.867ms
[2026-06-17T10:00:10.071+0800][8.933s][info][gc,cpu         ] GC(209) User=0.01s Sys=0.00s Real=0.01s
[2026-06-17T10:00:10.071+0800][8.934s][info][gc,start       ] GC(210) Pause Full (Allocation Failure)
[2026-06-17T10:00:10.071+0800][8.934s][info][gc,phases,start] GC(210) Phase 1: Mark live objects
[2026-06-17T10:00:10.072+0800][8.935s][info][gc,phases      ] GC(210) Phase 1: Mark live objects 0.969ms
[2026-06-17T10:00:10.073+0800][8.935s][info][gc,phases,start] GC(210) Phase 2: Compute new object addresses
[2026-06-17T10:00:10.073+0800][8.936s][info][gc,phases      ] GC(210) Phase 2: Compute new object addresses 0.604ms
[2026-06-17T10:00:10.074+0800][8.937s][info][gc,phases,start] GC(210) Phase 3: Adjust pointers
[2026-06-17T10:00:10.075+0800][8.937s][info][gc,phases      ] GC(210) Phase 3: Adjust pointers 0.790ms
[2026-06-17T10:00:10.075+0800][8.938s][info][gc,phases,start] GC(210) Phase 4: Move objects
[2026-06-17T10:00:10.078+0800][8.941s][info][gc,phases      ] GC(210) Phase 4: Move objects 2.640ms
[2026-06-17T10:00:10.078+0800][8.941s][info][gc,heap        ] GC(210) DefNew: 19580K(19648K)->0K(19648K) Eden: 17445K(17472K)->0K(17472K) From: 2135K(2176K)->0K(2176K)
[2026-06-17T10:00:10.079+0800][8.941s][info][gc,heap        ] GC(210) Tenured: 38658K(43712K)->28494K(43712K)
[2026-06-17T10:00:10.079+0800][8.942s][info][gc,metaspace   ] GC(210) Metaspace: 110K(320K)->110K(320K) NonClass: 103K(192K)->103K(192K) Class: 7K(128K)->7K(128K)
[2026-06-17T10:00:10.079+0800][8.942s][info][gc             ] GC(210) Pause Full (Allocation Failure) 56M->27M(61M) 8.508ms
[2026-06-17T10:00:10.080+0800][8.942s][info][gc,cpu         ] GC(210) User=0.00s Sys=0.00s Real=0.00s
[2026-06-17T10:00:10.122+0800][8.985s][info][gc,start       ] GC(211) Pause Young (Allocation Failure)
[2026-06-17T10:00:10.123+0800][8.986s][info][gc,heap        ] GC(211) DefNew: 17428K(19648K)->2023K(19648K) Eden: 17428K(17472K)->0K(17472K) From: 0K(2176K)->2023K(2176K)
[2026-06-17T10:00:10.123+0800][8.986s][info][gc,heap        ] GC(211) Tenured: 28494K(43712K)->29633K(43712K)
[2026-06-17T10:00:10.124+0800][8.986s][info][gc,metaspace   ] GC(211) Metaspace: 110K(320K)->110K(320K) NonClass: 103K(192K)->103K(192K) Class: 7K(128K)->7K(128K)
[2026-06-17T10:00:10.124+0800][8.987s][info][gc             ] GC(211) Pause Young (Allocation Failure) 44M->30M(61M) 2.336ms
[2026-06-17T10:00:10.125+0800][8.987s][info][gc,cpu         ] GC(211) User=0.00s Sys=0.00s Real=0.01s
[2026-06-17T10:00:10.177+0800][9.040s][info][gc,start       ] GC(212) Pause Young (Allocation Failure)
[2026-06-17T10:00:10.179+0800][9.041s][info][gc,heap        ] GC(212) DefNew: 19460K(19648K)->2135K(19648K) Eden: 17436K(17472K)->0K(17472K) From: 2023K(2176K)->2135K(2176K)
[2026-06-17T10:00:10.179+0800][9.042s][info][gc,heap        ] GC(212) Tenured: 29633K(43712K)->33332K(43712K)
[2026-06-17T10:00:10.181+0800][9.043s][info][gc,metaspace   ] GC(212) Metaspace: 110K(320K)->110K(320K) NonClass: 103K(192K)->103K(192K) Class: 7K(128K)->7K(128K)
[2026-06-17T10:00:10.181+0800][9.044s][info][gc             ] GC(212) Pause Young (Allocation Failure) 47M->34M(61M) 3.681ms
[2026-06-17T10:00:10.181+0800][9.044s][info][gc,cpu         ] GC(212) User=0.00s Sys=0.00s Real=0.00s
[2026-06-17T10:00:10.224+0800][9.087s][info][gc,start       ] GC(213) Pause Young (Allocation Failure)
[2026-06-17T10:00:10.225+0800][9.088s][info][gc,heap        ] GC(213) DefNew: 19591K(19648K)->2165K(19648K) Eden: 17455K(17472K)->0K(17472K) From: 2135K(2176K)->2165K(2176K)
[2026-06-17T10:00:10.225+0800][9.088s][info][gc,heap        ] GC(213) Tenured: 33332K(43712K)->36638K(43712K)
[2026-06-17T10:00:10.226+0800][9.089s][info][gc,metaspace   ] GC(213) Metaspace: 110K(320K)->110K(320K) NonClass: 103K(192K)->103K(192K) Class: 7K(128K)->7K(128K)
[2026-06-17T10:00:10.226+0800][9.089s][info][gc             ] GC(213) Pause Young (Allocation Failure) 51M->37M(61M) 2.576ms
[2026-06-17T10:00:10.227+0800][9.090s][info][gc,cpu         ] GC(213) User=0.01s Sys=0.00s Real=0.00s
[2026-06-17T10:00:10.269+0800][9.132s][info][gc,start       ] GC(214) Pause Young (Allocation Failure)
[2026-06-17T10:00:10.271+0800][9.133s][info][gc,heap        ] GC(214) DefNew: 19596K(19648K)->2147K(19648K) Eden: 17430K(17472K)->0K(17472K) From: 2165K(2176K)->2147K(2176K)
[2026-06-17T10:00:10.271+0800][9.134s][info][gc,heap        ] GC(214) Tenured: 36638K(43712K)->40588K(43712K)
[2026-06-17T10:00:10.272+0800][9.134s][info][gc,metaspace   ] GC(214) Metaspace: 110K(320K)->110K(320K) NonClass: 103K(192K)->103K(192K) Class: 7K(128K)->7K(128K)
[2026-06-17T10:00:10.272+0800][9.135s][info][gc             ] GC(214) Pause Young (Allocation Failure) 54M->41M(61M) 2.539ms
[2026-06-17T10:00:10.272+0800][9.135s][info][gc,cpu         ] GC(214) User=0.00s Sys=0.00s Real=0.01s
[2026-06-17T10:00:10.315+0800][9.178s][info][gc,start       ] GC(215) Pause Young (Allocation Failure)
[2026-06-17T10:00:10.315+0800][9.178s][info][gc             ] GC(215) Pause Young (Allocation Failure) 58M->58M(61M) 0.510ms
[2026-06-17T10:00:10.316+0800][9.179s][info][gc,cpu         ] GC(215) User=0.00s Sys=0.00s Real=0.00s
[2026-06-17T10:00:10.316+0800][9.179s][info][gc,start       ] GC(216) Pause Full (Allocation Failure)
[2026-06-17T10:00:10.317+0800][9.180s][info][gc,phases,start] GC(216) Phase 1: Mark live objects
[2026-06-17T10:00:10.319+0800][9.181s][info][gc,phases      ] GC(216) Phase 1: Mark live objects 1.867ms
[2026-06-17T10:00:10.319+0800][9.182s][info][gc,phases,start] GC(216) Phase 2: Compute new object addresses
[2026-06-17T10:00:10.320+0800][9.182s][info][gc,phases      ] GC(216) Phase 2: Compute new object addresses 0.550ms
[2026-06-17T10:00:10.320+0800][9.183s][info][gc,phases,start] GC(216) Phase 3: Adjust pointers
[2026-06-17T10:00:10.320+0800][9.183s][info][gc,phases      ] GC(216) Phase 3: Adjust pointers 0.518ms
[2026-06-17T10:00:10.321+0800][9.183s][info][gc,phases,start] GC(216) Phase 4: Move objects
[2026-06-17T10:00:10.323+0800][9.186s][info][gc,phases      ] GC(216) Phase 4: Move objects 2.334ms
[2026-06-17T10:00:10.324+0800][9.186s][info][gc,heap        ] GC(216) DefNew: 19619K(19648K)->0K(19648K) Eden: 17472K(17472K)->0K(17472K) From: 2147K(2176K)->0K(2176K)
[2026-06-17T10:00:10.324+0800][9.187s][info][gc,heap        ] GC(216) Tenured: 40588K(43712K)->32308K(43712K)
[2026-06-17T10:00:10.325+0800][9.188s][info][gc,metaspace   ] GC(216) Metaspace: 110K(320K)->110K(320K) NonClass: 103K(192K)->103K(192K) Class: 7K(128K)->7K(128K)
[2026-06-17T10:00:10.325+0800][9.188s][info][gc             ] GC(216) Pause Full (Allocation Failure) 58M->31M(61M) 8.808ms
[2026-06-17T10:00:10.325+0800][9.188s][info][gc,cpu         ] GC(216) User=0.00s Sys=0.00s Real=0.01s
[2026-06-17T10:00:10.368+0800][9.231s][info][gc,start       ] GC(217) Pause Young (Allocation Failure)
[2026-06-17T10:00:10.369+0800][9.232s][info][gc,heap        ] GC(217) DefNew: 17428K(19648K)->2138K(19648K) Eden: 17428K(17472K)->0K(17472K) From: 0K(2176K)->2138K(2176K)
[2026-06-17T10:00:10.369+0800][9.232s][info][gc,heap        ] GC(217) Tenured: 32308K(43712K)->33695K(43712K)
[2026-06-17T10:00:10.369+0800][9.232s][info][gc,metaspace   ] GC(217) Metaspace: 110K(320K)->110K(320K) NonClass: 103K(192K)->103K(192K) Class: 7K(128K)->7K(128K)
[2026-06-17T10:00:10.370+0800][9.232s][info][gc             ] GC(217) Pause Young (Allocation Failure) 48M->34M(61M) 1.582ms
[2026-06-17T10:00:10.370+0800][9.232s][info][gc,cpu         ] GC(217) User=0.00s Sys=0.00s Real=0.00s
[2026-06-17T10:00:10.422+0800][9.285s][info][gc,start       ] GC(218) Pause Young (Allocation Failure)
[2026-06-17T10:00:10.424+0800][9.286s][info][gc,heap        ] GC(218) DefNew: 19588K(19648K)->2084K(19648K) Eden: 17449K(17472K)->0K(17472K) From: 2138K(2176K)->2084K(2176K)
[2026-06-17T10:00:10.424+0800][9.287s][info][gc,heap        ] GC(218) Tenured: 33695K(43712K)->38282K(43712K)
[2026-06-17T10:00:10.424+0800][9.287s][info][gc,metaspace   ] GC(218) Metaspace: 110K(320K)->110K(320K) NonClass: 103K(192K)->103K(192K) Class: 7K(128K)->7K(128K)
[2026-06-17T10:00:10.424+0800][9.287s][info][gc             ] GC(218) Pause Young (Allocation Failure) 52M->39M(61M) 2.186ms
[2026-06-17T10:00:10.425+0800][9.287s][info][gc,cpu         ] GC(218) User=0.00s Sys=0.00s Real=0.01s
[2026-06-17T10:00:10.467+0800][9.330s][info][gc,start       ] GC(219) Pause Young (Allocation Failure)
[2026-06-17T10:00:10.469+0800][9.332s][info][gc             ] GC(219) Pause Young (Allocation Failure) 56M->56M(61M) 1.962ms
[2026-06-17T10:00:10.470+0800][9.332s][info][gc,cpu         ] GC(219) User=0.00s Sys=0.00s Real=0.00s
[2026-06-17T10:00:10.473+0800][9.336s][info][gc,start       ] GC(220) Pause Full (Allocation Failure)
[2026-06-17T10:00:10.475+0800][9.338s][info][gc,phases,start] GC(220) Phase 1: Mark live objects
[2026-06-17T10:00:10.477+0800][9.339s][info][gc,phases      ] GC(220) Phase 1: Mark live objects 1.704ms
[2026-06-17T10:00:10.479+0800][9.342s][info][gc,phases,start] GC(220) Phase 2: Compute new object addresses
[2026-06-17T10:00:10.481+0800][9.344s][info][gc,phases      ] GC(220) Phase 2: Compute new object addresses 2.488ms
[2026-06-17T10:00:10.482+0800][9.345s][info][gc,phases,start] GC(220) Phase 3: Adjust pointers
[2026-06-17T10:00:10.485+0800][9.348s][info][gc,phases      ] GC(220) Phase 3: Adjust pointers 3.291ms
[2026-06-17T10:00:10.487+0800][9.350s][info][gc,phases,start] GC(220) Phase 4: Move objects
[2026-06-17T10:00:10.490+0800][9.352s][info][gc,phases      ] GC(220) Phase 4: Move objects 2.423ms
[2026-06-17T10:00:10.490+0800][9.353s][info][gc,heap        ] GC(220) DefNew: 19551K(19648K)->0K(19648K) Eden: 17466K(17472K)->0K(17472K) From: 2084K(2176K)->0K(2176K)
[2026-06-17T10:00:10.490+0800][9.353s][info][gc,heap        ] GC(220) Tenured: 38282K(43712K)->30718K(43712K)
[2026-06-17T10:00:10.490+0800][9.353s][info][gc,metaspace   ] GC(220) Metaspace: 110K(320K)->110K(320K) NonClass: 103K(192K)->103K(192K) Class: 7K(128K)->7K(128K)
[2026-06-17T10:00:10.490+0800][9.353s][info][gc             ] GC(220) Pause Full (Allocation Failure) 56M->29M(61M) 17.637ms
[2026-06-17T10:00:10.491+0800][9.353s][info][gc,cpu         ] GC(220) User=0.00s Sys=0.00s Real=0.02s
[2026-06-17T10:00:10.533+0800][9.396s][info][gc,start       ] GC(221) Pause Young (Allocation Failure)
[2026-06-17T10:00:10.538+0800][9.401s][info][gc,heap        ] GC(221) DefNew: 17438K(19648K)->2174K(19648K) Eden: 17438K(17472K)->0K(17472K) From: 0K(2176K)->2174K(2176K)
[2026-06-17T10:00:10.579+0800][9.442s][info][gc,heap        ] GC(221) Tenured: 30718K(43712K)->35749K(43712K)
[2026-06-17T10:00:10.580+0800][9.442s][info][gc,metaspace   ] GC(221) Metaspace: 110K(320K)->110K(320K) NonClass: 103K(192K)->103K(192K) Class: 7K(128K)->7K(128K)
[2026-06-17T10:00:10.632+0800][9.495s][info][gc             ] GC(221) Pause Young (Allocation Failure) 47M->37M(61M) 99.496ms
[2026-06-17T10:00:10.633+0800][9.496s][info][gc,cpu         ] GC(221) User=0.00s Sys=0.00s Real=0.10s
[2026-06-17T10:00:10.681+0800][9.544s][info][gc,start       ] GC(222) Pause Young (Allocation Failure)
[2026-06-17T10:00:10.690+0800][9.553s][info][gc,heap        ] GC(222) DefNew: 19597K(19648K)->2172K(19648K) Eden: 17422K(17472K)->0K(17472K) From: 2174K(2176K)->2172K(2176K)
[2026-06-17T10:00:10.690+0800][9.553s][info][gc,heap        ] GC(222) Tenured: 35749K(43712K)->40570K(43712K)
[2026-06-17T10:00:10.693+0800][9.556s][info][gc,metaspace   ] GC(222) Metaspace: 110K(320K)->110K(320K) NonClass: 103K(192K)->103K(192K) Class: 7K(128K)->7K(128K)
[2026-06-17T10:00:10.693+0800][9.556s][info][gc             ] GC(222) Pause Young (Allocation Failure) 54M->41M(61M) 12.210ms
[2026-06-17T10:00:10.694+0800][9.557s][info][gc,cpu         ] GC(222) User=0.00s Sys=0.00s Real=0.02s
[2026-06-17T10:00:10.736+0800][9.599s][info][gc,start       ] GC(223) Pause Young (Allocation Failure)
[2026-06-17T10:00:10.737+0800][9.600s][info][gc             ] GC(223) Pause Young (Allocation Failure) 58M->58M(61M) 0.497ms
[2026-06-17T10:00:10.737+0800][9.600s][info][gc,cpu         ] GC(223) User=0.00s Sys=0.00s Real=0.00s
[2026-06-17T10:00:10.737+0800][9.600s][info][gc,start       ] GC(224) Pause Full (Allocation Failure)
[2026-06-17T10:00:10.737+0800][9.600s][info][gc,phases,start] GC(224) Phase 1: Mark live objects
[2026-06-17T10:00:10.738+0800][9.601s][info][gc,phases      ] GC(224) Phase 1: Mark live objects 0.927ms
[2026-06-17T10:00:10.739+0800][9.601s][info][gc,phases,start] GC(224) Phase 2: Compute new object addresses
[2026-06-17T10:00:10.739+0800][9.602s][info][gc,phases      ] GC(224) Phase 2: Compute new object addresses 0.511ms
[2026-06-17T10:00:10.739+0800][9.602s][info][gc,phases,start] GC(224) Phase 3: Adjust pointers
[2026-06-17T10:00:10.740+0800][9.602s][info][gc,phases      ] GC(224) Phase 3: Adjust pointers 0.408ms
[2026-06-17T10:00:10.740+0800][9.603s][info][gc,phases,start] GC(224) Phase 4: Move objects
[2026-06-17T10:00:10.742+0800][9.605s][info][gc,phases      ] GC(224) Phase 4: Move objects 1.995ms
[2026-06-17T10:00:10.742+0800][9.605s][info][gc,heap        ] GC(224) DefNew: 19512K(19648K)->0K(19648K) Eden: 17340K(17472K)->0K(17472K) From: 2172K(2176K)->0K(2176K)
[2026-06-17T10:00:10.742+0800][9.605s][info][gc,heap        ] GC(224) Tenured: 40570K(43712K)->28692K(43712K)
[2026-06-17T10:00:10.742+0800][9.605s][info][gc,metaspace   ] GC(224) Metaspace: 110K(320K)->110K(320K) NonClass: 103K(192K)->103K(192K) Class: 7K(128K)->7K(128K)
[2026-06-17T10:00:10.742+0800][9.605s][info][gc             ] GC(224) Pause Full (Allocation Failure) 58M->28M(61M) 5.196ms
[2026-06-17T10:00:10.743+0800][9.605s][info][gc,cpu         ] GC(224) User=0.01s Sys=0.00s Real=0.01s
[2026-06-17T10:00:10.785+0800][9.647s][info][gc,start       ] GC(225) Pause Young (Allocation Failure)
[2026-06-17T10:00:10.785+0800][9.648s][info][gc,heap        ] GC(225) DefNew: 17047K(19648K)->2143K(19648K) Eden: 17047K(17472K)->0K(17472K) From: 0K(2176K)->2143K(2176K)
[2026-06-17T10:00:10.786+0800][9.648s][info][gc,heap        ] GC(225) Tenured: 28692K(43712K)->29063K(43712K)
[2026-06-17T10:00:10.786+0800][9.649s][info][gc,metaspace   ] GC(225) Metaspace: 110K(320K)->110K(320K) NonClass: 103K(192K)->103K(192K) Class: 7K(128K)->7K(128K)
[2026-06-17T10:00:10.786+0800][9.649s][info][gc             ] GC(225) Pause Young (Allocation Failure) 44M->30M(61M) 1.680ms
[2026-06-17T10:00:10.786+0800][9.649s][info][gc,cpu         ] GC(225) User=0.00s Sys=0.00s Real=0.00s
[2026-06-17T10:00:10.839+0800][9.702s][info][gc,start       ] GC(226) Pause Young (Allocation Failure)
[2026-06-17T10:00:10.841+0800][9.704s][info][gc,heap        ] GC(226) DefNew: 19576K(19648K)->1993K(19648K) Eden: 17432K(17472K)->0K(17472K) From: 2143K(2176K)->1993K(2176K)
[2026-06-17T10:00:10.843+0800][9.705s][info][gc,heap        ] GC(226) Tenured: 29063K(43712K)->32648K(43712K)
[2026-06-17T10:00:10.845+0800][9.708s][info][gc,metaspace   ] GC(226) Metaspace: 110K(320K)->110K(320K) NonClass: 103K(192K)->103K(192K) Class: 7K(128K)->7K(128K)
[2026-06-17T10:00:10.847+0800][9.709s][info][gc             ] GC(226) Pause Young (Allocation Failure) 47M->33M(61M) 7.532ms
[2026-06-17T10:00:10.848+0800][9.711s][info][gc,cpu         ] GC(226) User=0.00s Sys=0.00s Real=0.01s
[2026-06-17T10:00:10.880+0800][9.743s][info][gc,start       ] GC(227) Pause Young (Allocation Failure)
[2026-06-17T10:00:10.881+0800][9.744s][info][gc,heap        ] GC(227) DefNew: 19378K(19648K)->2144K(19648K) Eden: 17385K(17472K)->0K(17472K) From: 1993K(2176K)->2144K(2176K)
[2026-06-17T10:00:10.881+0800][9.744s][info][gc,heap        ] GC(227) Tenured: 32648K(43712K)->35557K(43712K)
[2026-06-17T10:00:10.882+0800][9.745s][info][gc,metaspace   ] GC(227) Metaspace: 110K(320K)->110K(320K) NonClass: 103K(192K)->103K(192K) Class: 7K(128K)->7K(128K)
[2026-06-17T10:00:10.882+0800][9.745s][info][gc             ] GC(227) Pause Young (Allocation Failure) 50M->36M(61M) 1.801ms
[2026-06-17T10:00:10.882+0800][9.745s][info][gc,cpu         ] GC(227) User=0.00s Sys=0.00s Real=0.00s
[2026-06-17T10:00:10.934+0800][9.797s][info][gc,start       ] GC(228) Pause Young (Allocation Failure)
[2026-06-17T10:00:10.937+0800][9.799s][info][gc,heap        ] GC(228) DefNew: 19616K(19648K)->2148K(19648K) Eden: 17472K(17472K)->0K(17472K) From: 2144K(2176K)->2148K(2176K)
[2026-06-17T10:00:10.938+0800][9.801s][info][gc,heap        ] GC(228) Tenured: 35557K(43712K)->39318K(43712K)
[2026-06-17T10:00:10.940+0800][9.803s][info][gc,metaspace   ] GC(228) Metaspace: 110K(320K)->110K(320K) NonClass: 103K(192K)->103K(192K) Class: 7K(128K)->7K(128K)
[2026-06-17T10:00:10.942+0800][9.805s][info][gc             ] GC(228) Pause Young (Allocation Failure) 53M->40M(61M) 7.683ms
[2026-06-17T10:00:10.944+0800][9.806s][info][gc,cpu         ] GC(228) User=0.00s Sys=0.00s Real=0.01s
[2026-06-17T10:00:10.988+0800][9.851s][info][gc,start       ] GC(229) Pause Young (Allocation Failure)
[2026-06-17T10:00:10.988+0800][9.851s][info][gc             ] GC(229) Pause Young (Allocation Failure) 57M->57M(61M) 0.516ms
[2026-06-17T10:00:10.989+0800][9.852s][info][gc,cpu         ] GC(229) User=0.00s Sys=0.00s Real=0.00s
[2026-06-17T10:00:10.989+0800][9.852s][info][gc,start       ] GC(230) Pause Full (Allocation Failure)
[2026-06-17T10:00:10.989+0800][9.852s][info][gc,phases,start] GC(230) Phase 1: Mark live objects
[2026-06-17T10:00:10.990+0800][9.853s][info][gc,phases      ] GC(230) Phase 1: Mark live objects 1.063ms
[2026-06-17T10:00:10.991+0800][9.854s][info][gc,phases,start] GC(230) Phase 2: Compute new object addresses
[2026-06-17T10:00:10.991+0800][9.854s][info][gc,phases      ] GC(230) Phase 2: Compute new object addresses 0.674ms
[2026-06-17T10:00:10.992+0800][9.855s][info][gc,phases,start] GC(230) Phase 3: Adjust pointers
[2026-06-17T10:00:10.993+0800][9.855s][info][gc,phases      ] GC(230) Phase 3: Adjust pointers 0.669ms
[2026-06-17T10:00:10.993+0800][9.856s][info][gc,phases,start] GC(230) Phase 4: Move objects
[2026-06-17T10:00:10.995+0800][9.858s][info][gc,phases      ] GC(230) Phase 4: Move objects 2.211ms
[2026-06-17T10:00:10.996+0800][9.858s][info][gc,heap        ] GC(230) DefNew: 19620K(19648K)->0K(19648K) Eden: 17472K(17472K)->0K(17472K) From: 2148K(2176K)->0K(2176K)
[2026-06-17T10:00:10.996+0800][9.859s][info][gc,heap        ] GC(230) Tenured: 39318K(43712K)->34859K(43712K)
[2026-06-17T10:00:10.996+0800][9.859s][info][gc,metaspace   ] GC(230) Metaspace: 110K(320K)->110K(320K) NonClass: 103K(192K)->103K(192K) Class: 7K(128K)->7K(128K)
[2026-06-17T10:00:10.996+0800][9.859s][info][gc             ] GC(230) Pause Full (Allocation Failure) 57M->34M(61M) 7.293ms
[2026-06-17T10:00:10.997+0800][9.860s][info][gc,cpu         ] GC(230) User=0.01s Sys=0.00s Real=0.01s
[2026-06-17T10:00:11.039+0800][9.902s][info][gc,start       ] GC(231) Pause Young (Allocation Failure)
[2026-06-17T10:00:11.040+0800][9.903s][info][gc,heap        ] GC(231) DefNew: 17426K(19648K)->2175K(19648K) Eden: 17426K(17472K)->0K(17472K) From: 0K(2176K)->2175K(2176K)
[2026-06-17T10:00:11.041+0800][9.904s][info][gc,heap        ] GC(231) Tenured: 34859K(43712K)->39489K(43712K)
[2026-06-17T10:00:11.041+0800][9.904s][info][gc,metaspace   ] GC(231) Metaspace: 112K(320K)->112K(320K) NonClass: 104K(192K)->104K(192K) Class: 7K(128K)->7K(128K)
[2026-06-17T10:00:11.041+0800][9.904s][info][gc             ] GC(231) Pause Young (Allocation Failure) 51M->40M(61M) 2.302ms
[2026-06-17T10:00:11.042+0800][9.905s][info][gc,cpu         ] GC(231) User=0.00s Sys=0.00s Real=0.00s
[2026-06-17T10:00:11.084+0800][9.947s][info][gc,start       ] GC(232) Pause Young (Allocation Failure)
[2026-06-17T10:00:11.085+0800][9.947s][info][gc             ] GC(232) Pause Young (Allocation Failure) 57M->57M(61M) 0.459ms
[2026-06-17T10:00:11.085+0800][9.948s][info][gc,cpu         ] GC(232) User=0.00s Sys=0.00s Real=0.00s
[2026-06-17T10:00:11.085+0800][9.948s][info][gc,start       ] GC(233) Pause Full (Allocation Failure)
[2026-06-17T10:00:11.085+0800][9.948s][info][gc,phases,start] GC(233) Phase 1: Mark live objects
[2026-06-17T10:00:11.086+0800][9.949s][info][gc,phases      ] GC(233) Phase 1: Mark live objects 0.972ms
[2026-06-17T10:00:11.086+0800][9.949s][info][gc,phases,start] GC(233) Phase 2: Compute new object addresses
[2026-06-17T10:00:11.087+0800][9.950s][info][gc,phases      ] GC(233) Phase 2: Compute new object addresses 0.575ms
[2026-06-17T10:00:11.088+0800][9.950s][info][gc,phases,start] GC(233) Phase 3: Adjust pointers
[2026-06-17T10:00:11.088+0800][9.951s][info][gc,phases      ] GC(233) Phase 3: Adjust pointers 0.612ms
[2026-06-17T10:00:11.089+0800][9.951s][info][gc,phases,start] GC(233) Phase 4: Move objects
[2026-06-17T10:00:11.091+0800][9.954s][info][gc,phases      ] GC(233) Phase 4: Move objects 2.265ms
[2026-06-17T10:00:11.091+0800][9.954s][info][gc,heap        ] GC(233) DefNew: 19639K(19648K)->0K(19648K) Eden: 17464K(17472K)->0K(17472K) From: 2175K(2176K)->0K(2176K)
[2026-06-17T10:00:11.091+0800][9.954s][info][gc,heap        ] GC(233) Tenured: 39489K(43712K)->25943K(43712K)
[2026-06-17T10:00:11.092+0800][9.954s][info][gc,metaspace   ] GC(233) Metaspace: 112K(320K)->112K(320K) NonClass: 104K(192K)->104K(192K) Class: 7K(128K)->7K(128K)
[2026-06-17T10:00:11.092+0800][9.954s][info][gc             ] GC(233) Pause Full (Allocation Failure) 57M->25M(61M) 6.630ms
[2026-06-17T10:00:11.092+0800][9.955s][info][gc,cpu         ] GC(233) User=0.00s Sys=0.00s Real=0.01s
[2026-06-17T10:00:11.134+0800][9.997s][info][gc,start       ] GC(234) Pause Young (Allocation Failure)
[2026-06-17T10:00:11.135+0800][9.998s][info][gc,heap        ] GC(234) DefNew: 17232K(19648K)->2113K(19648K) Eden: 17232K(17472K)->0K(17472K) From: 0K(2176K)->2113K(2176K)
[2026-06-17T10:00:11.136+0800][9.998s][info][gc,heap        ] GC(234) Tenured: 25943K(43712K)->27416K(43712K)
[2026-06-17T10:00:11.136+0800][9.999s][info][gc,metaspace   ] GC(234) Metaspace: 112K(320K)->112K(320K) NonClass: 104K(192K)->104K(192K) Class: 7K(128K)->7K(128K)
[2026-06-17T10:00:11.137+0800][10.000s][info][gc             ] GC(234) Pause Young (Allocation Failure) 42M->28M(61M) 3.549ms
[2026-06-17T10:00:11.138+0800][10.001s][info][gc,cpu         ] GC(234) User=0.00s Sys=0.00s Real=0.00s
[2026-06-17T10:00:11.191+0800][10.054s][info][gc,start       ] GC(235) Pause Young (Allocation Failure)
[2026-06-17T10:00:11.192+0800][10.055s][info][gc,heap        ] GC(235) DefNew: 19585K(19648K)->2154K(19648K) Eden: 17472K(17472K)->0K(17472K) From: 2113K(2176K)->2154K(2176K)
[2026-06-17T10:00:11.192+0800][10.055s][info][gc,heap        ] GC(235) Tenured: 27416K(43712K)->30642K(43712K)
[2026-06-17T10:00:11.193+0800][10.055s][info][gc,metaspace   ] GC(235) Metaspace: 112K(320K)->112K(320K) NonClass: 104K(192K)->104K(192K) Class: 7K(128K)->7K(128K)
[2026-06-17T10:00:11.193+0800][10.056s][info][gc             ] GC(235) Pause Young (Allocation Failure) 45M->32M(61M) 1.927ms
[2026-06-17T10:00:11.193+0800][10.056s][info][gc,cpu         ] GC(235) User=0.00s Sys=0.00s Real=0.00s
[2026-06-17T10:00:11.236+0800][10.099s][info][gc,start       ] GC(236) Pause Young (Allocation Failure)
[2026-06-17T10:00:11.237+0800][10.100s][info][gc,heap        ] GC(236) DefNew: 19626K(19648K)->2119K(19648K) Eden: 17472K(17472K)->0K(17472K) From: 2154K(2176K)->2119K(2176K)
[2026-06-17T10:00:11.237+0800][10.100s][info][gc,heap        ] GC(236) Tenured: 30642K(43712K)->34125K(43712K)
[2026-06-17T10:00:11.238+0800][10.100s][info][gc,metaspace   ] GC(236) Metaspace: 112K(320K)->112K(320K) NonClass: 104K(192K)->104K(192K) Class: 7K(128K)->7K(128K)
[2026-06-17T10:00:11.238+0800][10.101s][info][gc             ] GC(236) Pause Young (Allocation Failure) 49M->35M(61M) 1.808ms
[2026-06-17T10:00:11.238+0800][10.101s][info][gc,cpu         ] GC(236) User=0.00s Sys=0.00s Real=0.00s
[2026-06-17T10:00:11.280+0800][10.143s][info][gc,start       ] GC(237) Pause Young (Allocation Failure)
[2026-06-17T10:00:11.282+0800][10.144s][info][gc,heap        ] GC(237) DefNew: 19591K(19648K)->2151K(19648K) Eden: 17472K(17472K)->0K(17472K) From: 2119K(2176K)->2151K(2176K)
[2026-06-17T10:00:11.282+0800][10.145s][info][gc,heap        ] GC(237) Tenured: 34125K(43712K)->37824K(43712K)
[2026-06-17T10:00:11.282+0800][10.145s][info][gc,metaspace   ] GC(237) Metaspace: 112K(320K)->112K(320K) NonClass: 104K(192K)->104K(192K) Class: 7K(128K)->7K(128K)
[2026-06-17T10:00:11.283+0800][10.146s][info][gc             ] GC(237) Pause Young (Allocation Failure) 52M->39M(61M) 2.498ms
[2026-06-17T10:00:11.283+0800][10.146s][info][gc,cpu         ] GC(237) User=0.00s Sys=0.00s Real=0.01s
[2026-06-17T10:00:11.336+0800][10.199s][info][gc,start       ] GC(238) Pause Young (Allocation Failure)
[2026-06-17T10:00:11.336+0800][10.199s][info][gc             ] GC(238) Pause Young (Allocation Failure) 56M->56M(61M) 0.380ms
[2026-06-17T10:00:11.336+0800][10.199s][info][gc,cpu         ] GC(238) User=0.00s Sys=0.00s Real=0.00s
[2026-06-17T10:00:11.337+0800][10.199s][info][gc,start       ] GC(239) Pause Full (Allocation Failure)
[2026-06-17T10:00:11.337+0800][10.199s][info][gc,phases,start] GC(239) Phase 1: Mark live objects
[2026-06-17T10:00:11.338+0800][10.200s][info][gc,phases      ] GC(239) Phase 1: Mark live objects 0.834ms
[2026-06-17T10:00:11.338+0800][10.201s][info][gc,phases,start] GC(239) Phase 2: Compute new object addresses
[2026-06-17T10:00:11.338+0800][10.201s][info][gc,phases      ] GC(239) Phase 2: Compute new object addresses 0.405ms
[2026-06-17T10:00:11.338+0800][10.201s][info][gc,phases,start] GC(239) Phase 3: Adjust pointers
[2026-06-17T10:00:11.339+0800][10.202s][info][gc,phases      ] GC(239) Phase 3: Adjust pointers 0.409ms
[2026-06-17T10:00:11.339+0800][10.202s][info][gc,phases,start] GC(239) Phase 4: Move objects
[2026-06-17T10:00:11.341+0800][10.204s][info][gc,phases      ] GC(239) Phase 4: Move objects 1.894ms
[2026-06-17T10:00:11.342+0800][10.205s][info][gc,heap        ] GC(239) DefNew: 19593K(19648K)->0K(19648K) Eden: 17442K(17472K)->0K(17472K) From: 2151K(2176K)->0K(2176K)
[2026-06-17T10:00:11.342+0800][10.205s][info][gc,heap        ] GC(239) Tenured: 37824K(43712K)->29138K(43712K)
[2026-06-17T10:00:11.342+0800][10.205s][info][gc,metaspace   ] GC(239) Metaspace: 112K(320K)->112K(320K) NonClass: 104K(192K)->104K(192K) Class: 7K(128K)->7K(128K)
[2026-06-17T10:00:11.342+0800][10.205s][info][gc             ] GC(239) Pause Full (Allocation Failure) 56M->28M(61M) 5.993ms
[2026-06-17T10:00:11.343+0800][10.205s][info][gc,cpu         ] GC(239) User=0.00s Sys=0.00s Real=0.01s
[2026-06-17T10:00:11.375+0800][10.238s][info][gc,start       ] GC(240) Pause Young (Allocation Failure)
[2026-06-17T10:00:11.376+0800][10.239s][info][gc,heap        ] GC(240) DefNew: 17440K(19648K)->2168K(19648K) Eden: 17440K(17472K)->0K(17472K) From: 0K(2176K)->2168K(2176K)
[2026-06-17T10:00:11.376+0800][10.239s][info][gc,heap        ] GC(240) Tenured: 29138K(43712K)->33738K(43712K)
[2026-06-17T10:00:11.377+0800][10.239s][info][gc,metaspace   ] GC(240) Metaspace: 112K(320K)->112K(320K) NonClass: 105K(192K)->105K(192K) Class: 7K(128K)->7K(128K)
[2026-06-17T10:00:11.377+0800][10.240s][info][gc             ] GC(240) Pause Young (Allocation Failure) 45M->35M(61M) 1.730ms
[2026-06-17T10:00:11.377+0800][10.240s][info][gc,cpu         ] GC(240) User=0.00s Sys=0.00s Real=0.00s
[2026-06-17T10:00:11.429+0800][10.292s][info][gc,start       ] GC(241) Pause Young (Allocation Failure)
[2026-06-17T10:00:11.431+0800][10.293s][info][gc,heap        ] GC(241) DefNew: 19640K(19648K)->2137K(19648K) Eden: 17472K(17472K)->0K(17472K) From: 2168K(2176K)->2137K(2176K)
[2026-06-17T10:00:11.431+0800][10.294s][info][gc,heap        ] GC(241) Tenured: 33738K(43712K)->37164K(43712K)
[2026-06-17T10:00:11.431+0800][10.294s][info][gc,metaspace   ] GC(241) Metaspace: 112K(320K)->112K(320K) NonClass: 105K(192K)->105K(192K) Class: 7K(128K)->7K(128K)
[2026-06-17T10:00:11.431+0800][10.294s][info][gc             ] GC(241) Pause Young (Allocation Failure) 52M->38M(61M) 1.960ms
[2026-06-17T10:00:11.432+0800][10.294s][info][gc,cpu         ] GC(241) User=0.00s Sys=0.00s Real=0.01s
[2026-06-17T10:00:11.475+0800][10.337s][info][gc,start       ] GC(242) Pause Young (Allocation Failure)
[2026-06-17T10:00:11.476+0800][10.339s][info][gc,heap        ] GC(242) DefNew: 19595K(19648K)->2033K(19648K) Eden: 17457K(17472K)->0K(17472K) From: 2137K(2176K)->2033K(2176K)
[2026-06-17T10:00:11.476+0800][10.339s][info][gc,heap        ] GC(242) Tenured: 37164K(43712K)->40814K(43712K)
[2026-06-17T10:00:11.477+0800][10.339s][info][gc,metaspace   ] GC(242) Metaspace: 112K(320K)->112K(320K) NonClass: 105K(192K)->105K(192K) Class: 7K(128K)->7K(128K)
[2026-06-17T10:00:11.477+0800][10.340s][info][gc             ] GC(242) Pause Young (Allocation Failure) 55M->41M(61M) 2.143ms
[2026-06-17T10:00:11.477+0800][10.340s][info][gc,cpu         ] GC(242) User=0.00s Sys=0.00s Real=0.00s
[2026-06-17T10:00:11.520+0800][10.382s][info][gc,start       ] GC(243) Pause Young (Allocation Failure)
[2026-06-17T10:00:11.520+0800][10.383s][info][gc             ] GC(243) Pause Young (Allocation Failure) 58M->58M(61M) 0.448ms
[2026-06-17T10:00:11.520+0800][10.383s][info][gc,cpu         ] GC(243) User=0.00s Sys=0.00s Real=0.00s
[2026-06-17T10:00:11.520+0800][10.383s][info][gc,start       ] GC(244) Pause Full (Allocation Failure)
[2026-06-17T10:00:11.521+0800][10.383s][info][gc,phases,start] GC(244) Phase 1: Mark live objects
[2026-06-17T10:00:11.521+0800][10.384s][info][gc,phases      ] GC(244) Phase 1: Mark live objects 0.877ms
[2026-06-17T10:00:11.522+0800][10.385s][info][gc,phases,start] GC(244) Phase 2: Compute new object addresses
[2026-06-17T10:00:11.522+0800][10.385s][info][gc,phases      ] GC(244) Phase 2: Compute new object addresses 0.452ms
[2026-06-17T10:00:11.523+0800][10.386s][info][gc,phases,start] GC(244) Phase 3: Adjust pointers
[2026-06-17T10:00:11.524+0800][10.386s][info][gc,phases      ] GC(244) Phase 3: Adjust pointers 0.623ms
[2026-06-17T10:00:11.524+0800][10.387s][info][gc,phases,start] GC(244) Phase 4: Move objects
[2026-06-17T10:00:11.525+0800][10.388s][info][gc,phases      ] GC(244) Phase 4: Move objects 1.668ms
[2026-06-17T10:00:11.526+0800][10.389s][info][gc,heap        ] GC(244) DefNew: 19505K(19648K)->0K(19648K) Eden: 17472K(17472K)->0K(17472K) From: 2033K(2176K)->0K(2176K)
[2026-06-17T10:00:11.526+0800][10.389s][info][gc,heap        ] GC(244) Tenured: 40814K(43712K)->25429K(43712K)
[2026-06-17T10:00:11.526+0800][10.389s][info][gc,metaspace   ] GC(244) Metaspace: 112K(320K)->112K(320K) NonClass: 105K(192K)->105K(192K) Class: 7K(128K)->7K(128K)
[2026-06-17T10:00:11.526+0800][10.389s][info][gc             ] GC(244) Pause Full (Allocation Failure) 58M->24M(61M) 6.022ms
[2026-06-17T10:00:11.527+0800][10.389s][info][gc,cpu         ] GC(244) User=0.00s Sys=0.00s Real=0.01s
[2026-06-17T10:00:11.579+0800][10.442s][info][gc,start       ] GC(245) Pause Young (Allocation Failure)
[2026-06-17T10:00:11.580+0800][10.443s][info][gc,heap        ] GC(245) DefNew: 17436K(19648K)->2069K(19648K) Eden: 17436K(17472K)->0K(17472K) From: 0K(2176K)->2069K(2176K)
[2026-06-17T10:00:11.581+0800][10.443s][info][gc,heap        ] GC(245) Tenured: 25429K(43712K)->27128K(43712K)
[2026-06-17T10:00:11.581+0800][10.444s][info][gc,metaspace   ] GC(245) Metaspace: 112K(320K)->112K(320K) NonClass: 105K(192K)->105K(192K) Class: 7K(128K)->7K(128K)
[2026-06-17T10:00:11.581+0800][10.444s][info][gc             ] GC(245) Pause Young (Allocation Failure) 41M->28M(61M) 1.811ms
[2026-06-17T10:00:11.581+0800][10.444s][info][gc,cpu         ] GC(245) User=0.00s Sys=0.00s Real=0.00s
[2026-06-17T10:00:11.613+0800][10.476s][info][gc,start       ] GC(246) Pause Young (Allocation Failure)
[2026-06-17T10:00:11.615+0800][10.478s][info][gc,heap        ] GC(246) DefNew: 19260K(19648K)->2175K(19648K) Eden: 17191K(17472K)->0K(17472K) From: 2069K(2176K)->2175K(2176K)
[2026-06-17T10:00:11.615+0800][10.478s][info][gc,heap        ] GC(246) Tenured: 27128K(43712K)->31094K(43712K)
[2026-06-17T10:00:11.616+0800][10.478s][info][gc,metaspace   ] GC(246) Metaspace: 112K(320K)->112K(320K) NonClass: 105K(192K)->105K(192K) Class: 7K(128K)->7K(128K)
[2026-06-17T10:00:11.616+0800][10.479s][info][gc             ] GC(246) Pause Young (Allocation Failure) 45M->32M(61M) 2.409ms
[2026-06-17T10:00:11.616+0800][10.479s][info][gc,cpu         ] GC(246) User=0.00s Sys=0.00s Real=0.00s
[2026-06-17T10:00:11.668+0800][10.531s][info][gc,start       ] GC(247) Pause Young (Allocation Failure)
[2026-06-17T10:00:11.670+0800][10.533s][info][gc,heap        ] GC(247) DefNew: 19631K(19648K)->2071K(19648K) Eden: 17456K(17472K)->0K(17472K) From: 2175K(2176K)->2071K(2176K)
[2026-06-17T10:00:11.671+0800][10.533s][info][gc,heap        ] GC(247) Tenured: 31094K(43712K)->35259K(43712K)
[2026-06-17T10:00:11.671+0800][10.534s][info][gc,metaspace   ] GC(247) Metaspace: 112K(320K)->112K(320K) NonClass: 105K(192K)->105K(192K) Class: 7K(128K)->7K(128K)
[2026-06-17T10:00:11.671+0800][10.534s][info][gc             ] GC(247) Pause Young (Allocation Failure) 49M->36M(61M) 2.790ms
[2026-06-17T10:00:11.672+0800][10.534s][info][gc,cpu         ] GC(247) User=0.00s Sys=0.00s Real=0.01s
[2026-06-17T10:00:11.714+0800][10.577s][info][gc,start       ] GC(248) Pause Young (Allocation Failure)
[2026-06-17T10:00:11.715+0800][10.578s][info][gc,heap        ] GC(248) DefNew: 19520K(19648K)->2156K(19648K) Eden: 17448K(17472K)->0K(17472K) From: 2071K(2176K)->2156K(2176K)
[2026-06-17T10:00:11.716+0800][10.579s][info][gc,heap        ] GC(248) Tenured: 35259K(43712K)->38647K(43712K)
[2026-06-17T10:00:11.716+0800][10.579s][info][gc,metaspace   ] GC(248) Metaspace: 112K(320K)->112K(320K) NonClass: 105K(192K)->105K(192K) Class: 7K(128K)->7K(128K)
[2026-06-17T10:00:11.716+0800][10.579s][info][gc             ] GC(248) Pause Young (Allocation Failure) 53M->39M(61M) 2.233ms
[2026-06-17T10:00:11.717+0800][10.580s][info][gc,cpu         ] GC(248) User=0.00s Sys=0.00s Real=0.00s
[2026-06-17T10:00:11.760+0800][10.623s][info][gc,start       ] GC(249) Pause Young (Allocation Failure)
[2026-06-17T10:00:11.761+0800][10.624s][info][gc             ] GC(249) Pause Young (Allocation Failure) 56M->56M(61M) 1.015ms
[2026-06-17T10:00:11.762+0800][10.625s][info][gc,cpu         ] GC(249) User=0.00s Sys=0.00s Real=0.00s
[2026-06-17T10:00:11.762+0800][10.625s][info][gc,start       ] GC(250) Pause Full (Allocation Failure)
[2026-06-17T10:00:11.763+0800][10.625s][info][gc,phases,start] GC(250) Phase 1: Mark live objects
[2026-06-17T10:00:11.764+0800][10.626s][info][gc,phases      ] GC(250) Phase 1: Mark live objects 0.999ms
[2026-06-17T10:00:11.764+0800][10.627s][info][gc,phases,start] GC(250) Phase 2: Compute new object addresses
[2026-06-17T10:00:11.765+0800][10.627s][info][gc,phases      ] GC(250) Phase 2: Compute new object addresses 0.824ms
[2026-06-17T10:00:11.766+0800][10.628s][info][gc,phases,start] GC(250) Phase 3: Adjust pointers
[2026-06-17T10:00:11.766+0800][10.629s][info][gc,phases      ] GC(250) Phase 3: Adjust pointers 0.725ms
[2026-06-17T10:00:11.767+0800][10.630s][info][gc,phases,start] GC(250) Phase 4: Move objects
[2026-06-17T10:00:11.769+0800][10.632s][info][gc,phases      ] GC(250) Phase 4: Move objects 2.010ms
[2026-06-17T10:00:11.769+0800][10.632s][info][gc,heap        ] GC(250) DefNew: 19576K(19648K)->0K(19648K) Eden: 17420K(17472K)->0K(17472K) From: 2156K(2176K)->0K(2176K)
[2026-06-17T10:00:11.770+0800][10.632s][info][gc,heap        ] GC(250) Tenured: 38647K(43712K)->30457K(43712K)
[2026-06-17T10:00:11.770+0800][10.633s][info][gc,metaspace   ] GC(250) Metaspace: 112K(320K)->112K(320K) NonClass: 105K(192K)->105K(192K) Class: 7K(128K)->7K(128K)
[2026-06-17T10:00:11.770+0800][10.633s][info][gc             ] GC(250) Pause Full (Allocation Failure) 56M->29M(61M) 7.990ms
[2026-06-17T10:00:11.770+0800][10.633s][info][gc,cpu         ] GC(250) User=0.01s Sys=0.00s Real=0.02s
[2026-06-17T10:00:11.813+0800][10.676s][info][gc,start       ] GC(251) Pause Young (Allocation Failure)
[2026-06-17T10:00:11.814+0800][10.677s][info][gc,heap        ] GC(251) DefNew: 17441K(19648K)->2167K(19648K) Eden: 17441K(17472K)->0K(17472K) From: 0K(2176K)->2167K(2176K)
[2026-06-17T10:00:11.817+0800][10.680s][info][gc,heap        ] GC(251) Tenured: 30457K(43712K)->35211K(43712K)
[2026-06-17T10:00:11.817+0800][10.680s][info][gc,metaspace   ] GC(251) Metaspace: 112K(320K)->112K(320K) NonClass: 105K(192K)->105K(192K) Class: 7K(128K)->7K(128K)
[2026-06-17T10:00:11.817+0800][10.680s][info][gc             ] GC(251) Pause Young (Allocation Failure) 46M->36M(61M) 4.396ms
[2026-06-17T10:00:11.817+0800][10.680s][info][gc,cpu         ] GC(251) User=0.00s Sys=0.00s Real=0.00s
[2026-06-17T10:00:11.859+0800][10.722s][info][gc,start       ] GC(252) Pause Young (Allocation Failure)
[2026-06-17T10:00:11.862+0800][10.725s][info][gc,heap        ] GC(252) DefNew: 19317K(19648K)->2115K(19648K) Eden: 17150K(17472K)->0K(17472K) From: 2167K(2176K)->2115K(2176K)
[2026-06-17T10:00:11.864+0800][10.726s][info][gc,heap        ] GC(252) Tenured: 35211K(43712K)->37549K(43712K)
[2026-06-17T10:00:11.866+0800][10.728s][info][gc,metaspace   ] GC(252) Metaspace: 112K(320K)->112K(320K) NonClass: 105K(192K)->105K(192K) Class: 7K(128K)->7K(128K)
[2026-06-17T10:00:11.868+0800][10.730s][info][gc             ] GC(252) Pause Young (Allocation Failure) 53M->38M(61M) 8.175ms
[2026-06-17T10:00:11.870+0800][10.733s][info][gc,cpu         ] GC(252) User=0.00s Sys=0.00s Real=0.02s
[2026-06-17T10:00:11.915+0800][10.778s][info][gc,start       ] GC(253) Pause Young (Allocation Failure)
[2026-06-17T10:00:11.917+0800][10.780s][info][gc,promotion   ] GC(253) Promotion failed
[2026-06-17T10:00:11.917+0800][10.780s][info][gc             ] GC(253) Pause Young (Allocation Failure) 55M->61M(61M) 2.098ms
[2026-06-17T10:00:11.918+0800][10.780s][info][gc,cpu         ] GC(253) User=0.00s Sys=0.00s Real=0.00s
[2026-06-17T10:00:11.918+0800][10.781s][info][gc,start       ] GC(254) Pause Full (Allocation Failure)
[2026-06-17T10:00:11.918+0800][10.781s][info][gc,phases,start] GC(254) Phase 1: Mark live objects
[2026-06-17T10:00:11.919+0800][10.782s][info][gc,phases      ] GC(254) Phase 1: Mark live objects 0.956ms
[2026-06-17T10:00:11.919+0800][10.782s][info][gc,phases,start] GC(254) Phase 2: Compute new object addresses
[2026-06-17T10:00:11.920+0800][10.783s][info][gc,phases      ] GC(254) Phase 2: Compute new object addresses 0.514ms
[2026-06-17T10:00:11.920+0800][10.783s][info][gc,phases,start] GC(254) Phase 3: Adjust pointers
[2026-06-17T10:00:11.921+0800][10.783s][info][gc,phases      ] GC(254) Phase 3: Adjust pointers 0.477ms
[2026-06-17T10:00:11.921+0800][10.784s][info][gc,phases,start] GC(254) Phase 4: Move objects
[2026-06-17T10:00:11.923+0800][10.786s][info][gc,phases      ] GC(254) Phase 4: Move objects 2.138ms
[2026-06-17T10:00:11.923+0800][10.786s][info][gc,heap        ] GC(254) DefNew: 19559K(19648K)->0K(19648K) Eden: 17444K(17472K)->0K(17472K) From: 2115K(2176K)->0K(2176K)
[2026-06-17T10:00:11.924+0800][10.786s][info][gc,heap        ] GC(254) Tenured: 37549K(43712K)->29059K(43712K)
[2026-06-17T10:00:11.924+0800][10.786s][info][gc,metaspace   ] GC(254) Metaspace: 112K(320K)->112K(320K) NonClass: 105K(192K)->105K(192K) Class: 7K(128K)->7K(128K)
[2026-06-17T10:00:11.924+0800][10.787s][info][gc             ] GC(254) Pause Full (Allocation Failure) 61M->28M(61M) 6.043ms
[2026-06-17T10:00:11.924+0800][10.787s][info][gc,cpu         ] GC(254) User=0.01s Sys=0.00s Real=0.01s
[2026-06-17T10:00:11.977+0800][10.840s][info][gc,start       ] GC(255) Pause Young (Allocation Failure)
[2026-06-17T10:00:11.979+0800][10.842s][info][gc,heap        ] GC(255) DefNew: 17472K(19648K)->2152K(19648K) Eden: 17472K(17472K)->0K(17472K) From: 0K(2176K)->2152K(2176K)
[2026-06-17T10:00:11.979+0800][10.842s][info][gc,heap        ] GC(255) Tenured: 29059K(43712K)->29928K(43712K)
[2026-06-17T10:00:11.980+0800][10.842s][info][gc,metaspace   ] GC(255) Metaspace: 112K(320K)->112K(320K) NonClass: 105K(192K)->105K(192K) Class: 7K(128K)->7K(128K)
[2026-06-17T10:00:11.980+0800][10.843s][info][gc             ] GC(255) Pause Young (Allocation Failure) 45M->31M(61M) 3.132ms
[2026-06-17T10:00:11.980+0800][10.843s][info][gc,cpu         ] GC(255) User=0.00s Sys=0.00s Real=0.00s
[2026-06-17T10:00:12.023+0800][10.886s][info][gc,start       ] GC(256) Pause Young (Allocation Failure)
[2026-06-17T10:00:12.025+0800][10.888s][info][gc,heap        ] GC(256) DefNew: 19605K(19648K)->2152K(19648K) Eden: 17453K(17472K)->0K(17472K) From: 2152K(2176K)->2152K(2176K)
[2026-06-17T10:00:12.027+0800][10.890s][info][gc,heap        ] GC(256) Tenured: 29928K(43712K)->34342K(43712K)
[2026-06-17T10:00:12.030+0800][10.893s][info][gc,metaspace   ] GC(256) Metaspace: 112K(320K)->112K(320K) NonClass: 105K(192K)->105K(192K) Class: 7K(128K)->7K(128K)
[2026-06-17T10:00:12.030+0800][10.893s][info][gc             ] GC(256) Pause Young (Allocation Failure) 48M->35M(61M) 7.370ms
[2026-06-17T10:00:12.031+0800][10.893s][info][gc,cpu         ] GC(256) User=0.00s Sys=0.00s Real=0.01s
[2026-06-17T10:00:12.073+0800][10.936s][info][gc,start       ] GC(257) Pause Young (Allocation Failure)
[2026-06-17T10:00:12.074+0800][10.937s][info][gc,heap        ] GC(257) DefNew: 19585K(19648K)->2132K(19648K) Eden: 17433K(17472K)->0K(17472K) From: 2152K(2176K)->2132K(2176K)
[2026-06-17T10:00:12.075+0800][10.938s][info][gc,heap        ] GC(257) Tenured: 34342K(43712K)->37792K(43712K)
[2026-06-17T10:00:12.075+0800][10.938s][info][gc,metaspace   ] GC(257) Metaspace: 112K(320K)->112K(320K) NonClass: 105K(192K)->105K(192K) Class: 7K(128K)->7K(128K)
[2026-06-17T10:00:12.076+0800][10.938s][info][gc             ] GC(257) Pause Young (Allocation Failure) 52M->38M(61M) 2.309ms
[2026-06-17T10:00:12.076+0800][10.939s][info][gc,cpu         ] GC(257) User=0.00s Sys=0.00s Real=0.00s
[2026-06-17T10:00:12.119+0800][10.982s][info][gc,start       ] GC(258) Pause Young (Allocation Failure)
[2026-06-17T10:00:12.119+0800][10.982s][info][gc             ] GC(258) Pause Young (Allocation Failure) 56M->56M(61M) 0.480ms
[2026-06-17T10:00:12.120+0800][10.983s][info][gc,cpu         ] GC(258) User=0.00s Sys=0.00s Real=0.00s
[2026-06-17T10:00:12.120+0800][10.983s][info][gc,start       ] GC(259) Pause Full (Allocation Failure)
[2026-06-17T10:00:12.120+0800][10.983s][info][gc,phases,start] GC(259) Phase 1: Mark live objects
[2026-06-17T10:00:12.121+0800][10.984s][info][gc,phases      ] GC(259) Phase 1: Mark live objects 1.035ms
[2026-06-17T10:00:12.122+0800][10.984s][info][gc,phases,start] GC(259) Phase 2: Compute new object addresses
[2026-06-17T10:00:12.122+0800][10.985s][info][gc,phases      ] GC(259) Phase 2: Compute new object addresses 0.637ms
[2026-06-17T10:00:12.123+0800][10.986s][info][gc,phases,start] GC(259) Phase 3: Adjust pointers
[2026-06-17T10:00:12.124+0800][10.987s][info][gc,phases      ] GC(259) Phase 3: Adjust pointers 0.605ms
[2026-06-17T10:00:12.124+0800][10.987s][info][gc,phases,start] GC(259) Phase 4: Move objects
[2026-06-17T10:00:12.127+0800][10.989s][info][gc,phases      ] GC(259) Phase 4: Move objects 2.103ms
[2026-06-17T10:00:12.127+0800][10.990s][info][gc,heap        ] GC(259) DefNew: 19569K(19648K)->0K(19648K) Eden: 17437K(17472K)->0K(17472K) From: 2132K(2176K)->0K(2176K)
[2026-06-17T10:00:12.127+0800][10.990s][info][gc,heap        ] GC(259) Tenured: 37792K(43712K)->21347K(43712K)
[2026-06-17T10:00:12.127+0800][10.990s][info][gc,metaspace   ] GC(259) Metaspace: 112K(320K)->112K(320K) NonClass: 105K(192K)->105K(192K) Class: 7K(128K)->7K(128K)
[2026-06-17T10:00:12.128+0800][10.990s][info][gc             ] GC(259) Pause Full (Allocation Failure) 56M->20M(61M) 7.568ms
[2026-06-17T10:00:12.128+0800][10.990s][info][gc,cpu         ] GC(259) User=0.00s Sys=0.00s Real=0.01s
[2026-06-17T10:00:12.180+0800][11.043s][info][gc,start       ] GC(260) Pause Young (Allocation Failure)
[2026-06-17T10:00:12.183+0800][11.046s][info][gc,heap        ] GC(260) DefNew: 17472K(19648K)->2134K(19648K) Eden: 17472K(17472K)->0K(17472K) From: 0K(2176K)->2134K(2176K)
[2026-06-17T10:00:12.184+0800][11.047s][info][gc,heap        ] GC(260) Tenured: 21347K(43712K)->23121K(43712K)
[2026-06-17T10:00:12.187+0800][11.050s][info][gc,metaspace   ] GC(260) Metaspace: 112K(320K)->112K(320K) NonClass: 105K(192K)->105K(192K) Class: 7K(128K)->7K(128K)
[2026-06-17T10:00:12.189+0800][11.052s][info][gc             ] GC(260) Pause Young (Allocation Failure) 37M->24M(61M) 9.001ms
[2026-06-17T10:00:12.190+0800][11.053s][info][gc,cpu         ] GC(260) User=0.00s Sys=0.00s Real=0.01s
[2026-06-17T10:00:12.233+0800][11.096s][info][gc,start       ] GC(261) Pause Young (Allocation Failure)
[2026-06-17T10:00:12.234+0800][11.097s][info][gc,heap        ] GC(261) DefNew: 19602K(19648K)->2170K(19648K) Eden: 17468K(17472K)->0K(17472K) From: 2134K(2176K)->2170K(2176K)
[2026-06-17T10:00:12.235+0800][11.098s][info][gc,heap        ] GC(261) Tenured: 23121K(43712K)->26656K(43712K)
[2026-06-17T10:00:12.235+0800][11.098s][info][gc,metaspace   ] GC(261) Metaspace: 112K(320K)->112K(320K) NonClass: 105K(192K)->105K(192K) Class: 7K(128K)->7K(128K)
[2026-06-17T10:00:12.235+0800][11.098s][info][gc             ] GC(261) Pause Young (Allocation Failure) 41M->28M(61M) 2.211ms
[2026-06-17T10:00:12.236+0800][11.098s][info][gc,cpu         ] GC(261) User=0.00s Sys=0.00s Real=0.00s
[2026-06-17T10:00:12.278+0800][11.141s][info][gc,start       ] GC(262) Pause Young (Allocation Failure)
[2026-06-17T10:00:12.279+0800][11.142s][info][gc,heap        ] GC(262) DefNew: 19638K(19648K)->2124K(19648K) Eden: 17467K(17472K)->0K(17472K) From: 2170K(2176K)->2124K(2176K)
[2026-06-17T10:00:12.279+0800][11.142s][info][gc,heap        ] GC(262) Tenured: 26656K(43712K)->29840K(43712K)
[2026-06-17T10:00:12.280+0800][11.142s][info][gc,metaspace   ] GC(262) Metaspace: 112K(320K)->112K(320K) NonClass: 105K(192K)->105K(192K) Class: 7K(128K)->7K(128K)
[2026-06-17T10:00:12.280+0800][11.143s][info][gc             ] GC(262) Pause Young (Allocation Failure) 45M->31M(61M) 1.785ms
[2026-06-17T10:00:12.280+0800][11.143s][info][gc,cpu         ] GC(262) User=0.00s Sys=0.00s Real=0.00s
[2026-06-17T10:00:12.323+0800][11.186s][info][gc,start       ] GC(263) Pause Young (Allocation Failure)
[2026-06-17T10:00:12.325+0800][11.188s][info][gc,heap        ] GC(263) DefNew: 19564K(19648K)->2136K(19648K) Eden: 17439K(17472K)->0K(17472K) From: 2124K(2176K)->2136K(2176K)
[2026-06-17T10:00:12.326+0800][11.189s][info][gc,heap        ] GC(263) Tenured: 29840K(43712K)->33498K(43712K)
[2026-06-17T10:00:12.326+0800][11.189s][info][gc,metaspace   ] GC(263) Metaspace: 112K(320K)->112K(320K) NonClass: 105K(192K)->105K(192K) Class: 7K(128K)->7K(128K)
[2026-06-17T10:00:12.326+0800][11.189s][info][gc             ] GC(263) Pause Young (Allocation Failure) 48M->34M(61M) 3.194ms
[2026-06-17T10:00:12.327+0800][11.189s][info][gc,cpu         ] GC(263) User=0.00s Sys=0.00s Real=0.00s
[2026-06-17T10:00:12.369+0800][11.232s][info][gc,start       ] GC(264) Pause Young (Allocation Failure)
[2026-06-17T10:00:12.370+0800][11.233s][info][gc,heap        ] GC(264) DefNew: 19581K(19648K)->1992K(19648K) Eden: 17445K(17472K)->0K(17472K) From: 2136K(2176K)->1992K(2176K)
[2026-06-17T10:00:12.371+0800][11.233s][info][gc,heap        ] GC(264) Tenured: 33498K(43712K)->33971K(43712K)
[2026-06-17T10:00:12.371+0800][11.234s][info][gc,metaspace   ] GC(264) Metaspace: 112K(320K)->112K(320K) NonClass: 105K(192K)->105K(192K) Class: 7K(128K)->7K(128K)
[2026-06-17T10:00:12.372+0800][11.234s][info][gc             ] GC(264) Pause Young (Allocation Failure) 51M->35M(61M) 2.839ms
[2026-06-17T10:00:12.372+0800][11.235s][info][gc,cpu         ] GC(264) User=0.00s Sys=0.00s Real=0.01s
[2026-06-17T10:00:12.415+0800][11.278s][info][gc,start       ] GC(265) Pause Young (Allocation Failure)
[2026-06-17T10:00:12.416+0800][11.279s][info][gc,heap        ] GC(265) DefNew: 19457K(19648K)->2174K(19648K) Eden: 17464K(17472K)->0K(17472K) From: 1992K(2176K)->2174K(2176K)
[2026-06-17T10:00:12.417+0800][11.280s][info][gc,heap        ] GC(265) Tenured: 33971K(43712K)->40560K(43712K)
[2026-06-17T10:00:12.417+0800][11.280s][info][gc,metaspace   ] GC(265) Metaspace: 112K(320K)->112K(320K) NonClass: 105K(192K)->105K(192K) Class: 7K(128K)->7K(128K)
[2026-06-17T10:00:12.418+0800][11.280s][info][gc             ] GC(265) Pause Young (Allocation Failure) 52M->41M(61M) 2.828ms
[2026-06-17T10:00:12.418+0800][11.281s][info][gc,cpu         ] GC(265) User=0.00s Sys=0.00s Real=0.00s
[2026-06-17T10:00:12.461+0800][11.324s][info][gc,start       ] GC(266) Pause Young (Allocation Failure)
[2026-06-17T10:00:12.462+0800][11.324s][info][gc             ] GC(266) Pause Young (Allocation Failure) 58M->58M(61M) 0.650ms
[2026-06-17T10:00:12.463+0800][11.326s][info][gc,cpu         ] GC(266) User=0.00s Sys=0.00s Real=0.01s
[2026-06-17T10:00:12.463+0800][11.326s][info][gc,start       ] GC(267) Pause Full (Allocation Failure)
[2026-06-17T10:00:12.464+0800][11.326s][info][gc,phases,start] GC(267) Phase 1: Mark live objects
[2026-06-17T10:00:12.464+0800][11.327s][info][gc,phases      ] GC(267) Phase 1: Mark live objects 0.814ms
[2026-06-17T10:00:12.465+0800][11.327s][info][gc,phases,start] GC(267) Phase 2: Compute new object addresses
[2026-06-17T10:00:12.465+0800][11.328s][info][gc,phases      ] GC(267) Phase 2: Compute new object addresses 0.373ms
[2026-06-17T10:00:12.465+0800][11.328s][info][gc,phases,start] GC(267) Phase 3: Adjust pointers
[2026-06-17T10:00:12.466+0800][11.328s][info][gc,phases      ] GC(267) Phase 3: Adjust pointers 0.396ms
[2026-06-17T10:00:12.466+0800][11.328s][info][gc,phases,start] GC(267) Phase 4: Move objects
[2026-06-17T10:00:12.467+0800][11.330s][info][gc,phases      ] GC(267) Phase 4: Move objects 1.792ms
[2026-06-17T10:00:12.468+0800][11.330s][info][gc,heap        ] GC(267) DefNew: 19631K(19648K)->0K(19648K) Eden: 17456K(17472K)->0K(17472K) From: 2174K(2176K)->0K(2176K)
[2026-06-17T10:00:12.468+0800][11.331s][info][gc,heap        ] GC(267) Tenured: 40560K(43712K)->26155K(43712K)
[2026-06-17T10:00:12.468+0800][11.331s][info][gc,metaspace   ] GC(267) Metaspace: 112K(320K)->112K(320K) NonClass: 105K(192K)->105K(192K) Class: 7K(128K)->7K(128K)
[2026-06-17T10:00:12.468+0800][11.331s][info][gc             ] GC(267) Pause Full (Allocation Failure) 58M->25M(61M) 5.000ms
[2026-06-17T10:00:12.469+0800][11.331s][info][gc,cpu         ] GC(267) User=0.00s Sys=0.00s Real=0.00s
[2026-06-17T10:00:12.511+0800][11.374s][info][gc,start       ] GC(268) Pause Young (Allocation Failure)
[2026-06-17T10:00:12.512+0800][11.375s][info][gc,heap        ] GC(268) DefNew: 17451K(19648K)->2170K(19648K) Eden: 17451K(17472K)->0K(17472K) From: 0K(2176K)->2170K(2176K)
[2026-06-17T10:00:12.513+0800][11.376s][info][gc,heap        ] GC(268) Tenured: 26155K(43712K)->27723K(43712K)
[2026-06-17T10:00:12.514+0800][11.376s][info][gc,metaspace   ] GC(268) Metaspace: 112K(320K)->112K(320K) NonClass: 105K(192K)->105K(192K) Class: 7K(128K)->7K(128K)
[2026-06-17T10:00:12.514+0800][11.377s][info][gc             ] GC(268) Pause Young (Allocation Failure) 42M->29M(61M) 3.219ms
[2026-06-17T10:00:12.515+0800][11.377s][info][gc,cpu         ] GC(268) User=0.00s Sys=0.00s Real=0.00s
[2026-06-17T10:00:12.567+0800][11.430s][info][gc,start       ] GC(269) Pause Young (Allocation Failure)
[2026-06-17T10:00:12.569+0800][11.432s][info][gc,heap        ] GC(269) DefNew: 19642K(19648K)->2127K(19648K) Eden: 17472K(17472K)->0K(17472K) From: 2170K(2176K)->2127K(2176K)
[2026-06-17T10:00:12.569+0800][11.432s][info][gc,heap        ] GC(269) Tenured: 27723K(43712K)->31624K(43712K)
[2026-06-17T10:00:12.570+0800][11.433s][info][gc,metaspace   ] GC(269) Metaspace: 112K(320K)->112K(320K) NonClass: 105K(192K)->105K(192K) Class: 7K(128K)->7K(128K)
[2026-06-17T10:00:12.570+0800][11.433s][info][gc             ] GC(269) Pause Young (Allocation Failure) 46M->32M(61M) 2.708ms
[2026-06-17T10:00:12.571+0800][11.433s][info][gc,cpu         ] GC(269) User=0.01s Sys=0.00s Real=0.01s
[2026-06-17T10:00:12.613+0800][11.476s][info][gc,start       ] GC(270) Pause Young (Allocation Failure)
[2026-06-17T10:00:12.615+0800][11.478s][info][gc,heap        ] GC(270) DefNew: 19599K(19648K)->2175K(19648K) Eden: 17472K(17472K)->0K(17472K) From: 2127K(2176K)->2175K(2176K)
[2026-06-17T10:00:12.615+0800][11.478s][info][gc,heap        ] GC(270) Tenured: 31624K(43712K)->35182K(43712K)
[2026-06-17T10:00:12.616+0800][11.479s][info][gc,metaspace   ] GC(270) Metaspace: 112K(320K)->112K(320K) NonClass: 105K(192K)->105K(192K) Class: 7K(128K)->7K(128K)
[2026-06-17T10:00:12.616+0800][11.479s][info][gc             ] GC(270) Pause Young (Allocation Failure) 50M->36M(61M) 2.615ms
[2026-06-17T10:00:12.616+0800][11.479s][info][gc,cpu         ] GC(270) User=0.00s Sys=0.00s Real=0.00s
[2026-06-17T10:00:12.659+0800][11.522s][info][gc,start       ] GC(271) Pause Young (Allocation Failure)
[2026-06-17T10:00:12.661+0800][11.523s][info][gc,heap        ] GC(271) DefNew: 19647K(19648K)->2075K(19648K) Eden: 17472K(17472K)->0K(17472K) From: 2175K(2176K)->2075K(2176K)
[2026-06-17T10:00:12.661+0800][11.524s][info][gc,heap        ] GC(271) Tenured: 35182K(43712K)->39632K(43712K)
[2026-06-17T10:00:12.661+0800][11.524s][info][gc,metaspace   ] GC(271) Metaspace: 112K(320K)->112K(320K) NonClass: 105K(192K)->105K(192K) Class: 7K(128K)->7K(128K)
[2026-06-17T10:00:12.662+0800][11.525s][info][gc             ] GC(271) Pause Young (Allocation Failure) 53M->40M(61M) 2.575ms
[2026-06-17T10:00:12.662+0800][11.525s][info][gc,cpu         ] GC(271) User=0.00s Sys=0.00s Real=0.00s
[2026-06-17T10:00:12.705+0800][11.568s][info][gc,start       ] GC(272) Pause Young (Allocation Failure)
[2026-06-17T10:00:12.705+0800][11.568s][info][gc             ] GC(272) Pause Young (Allocation Failure) 57M->57M(61M) 0.621ms
[2026-06-17T10:00:12.706+0800][11.569s][info][gc,cpu         ] GC(272) User=0.00s Sys=0.00s Real=0.00s
[2026-06-17T10:00:12.707+0800][11.569s][info][gc,start       ] GC(273) Pause Full (Allocation Failure)
[2026-06-17T10:00:12.707+0800][11.570s][info][gc,phases,start] GC(273) Phase 1: Mark live objects
[2026-06-17T10:00:12.708+0800][11.571s][info][gc,phases      ] GC(273) Phase 1: Mark live objects 1.076ms
[2026-06-17T10:00:12.709+0800][11.571s][info][gc,phases,start] GC(273) Phase 2: Compute new object addresses
[2026-06-17T10:00:12.709+0800][11.572s][info][gc,phases      ] GC(273) Phase 2: Compute new object addresses 0.605ms
[2026-06-17T10:00:12.710+0800][11.572s][info][gc,phases,start] GC(273) Phase 3: Adjust pointers
[2026-06-17T10:00:12.710+0800][11.573s][info][gc,phases      ] GC(273) Phase 3: Adjust pointers 0.759ms
[2026-06-17T10:00:12.711+0800][11.574s][info][gc,phases,start] GC(273) Phase 4: Move objects
[2026-06-17T10:00:12.713+0800][11.576s][info][gc,phases      ] GC(273) Phase 4: Move objects 2.242ms
[2026-06-17T10:00:12.714+0800][11.577s][info][gc,heap        ] GC(273) DefNew: 19543K(19648K)->0K(19648K) Eden: 17468K(17472K)->0K(17472K) From: 2075K(2176K)->0K(2176K)
[2026-06-17T10:00:12.714+0800][11.577s][info][gc,heap        ] GC(273) Tenured: 39632K(43712K)->30651K(43712K)
[2026-06-17T10:00:12.715+0800][11.577s][info][gc,metaspace   ] GC(273) Metaspace: 112K(320K)->112K(320K) NonClass: 105K(192K)->105K(192K) Class: 7K(128K)->7K(128K)
[2026-06-17T10:00:12.715+0800][11.578s][info][gc             ] GC(273) Pause Full (Allocation Failure) 57M->29M(61M) 8.272ms
[2026-06-17T10:00:12.715+0800][11.578s][info][gc,cpu         ] GC(273) User=0.01s Sys=0.00s Real=0.01s
[2026-06-17T10:00:12.758+0800][11.621s][info][gc,start       ] GC(274) Pause Young (Allocation Failure)
[2026-06-17T10:00:12.759+0800][11.622s][info][gc,heap        ] GC(274) DefNew: 17449K(19648K)->2082K(19648K) Eden: 17449K(17472K)->0K(17472K) From: 0K(2176K)->2082K(2176K)
[2026-06-17T10:00:12.760+0800][11.622s][info][gc,heap        ] GC(274) Tenured: 30651K(43712K)->31884K(43712K)
[2026-06-17T10:00:12.760+0800][11.623s][info][gc,metaspace   ] GC(274) Metaspace: 112K(320K)->112K(320K) NonClass: 105K(192K)->105K(192K) Class: 7K(128K)->7K(128K)
[2026-06-17T10:00:12.760+0800][11.623s][info][gc             ] GC(274) Pause Young (Allocation Failure) 46M->33M(61M) 2.582ms
[2026-06-17T10:00:12.761+0800][11.624s][info][gc,cpu         ] GC(274) User=0.00s Sys=0.00s Real=0.00s
[2026-06-17T10:00:12.804+0800][11.667s][info][gc,start       ] GC(275) Pause Young (Allocation Failure)
[2026-06-17T10:00:12.806+0800][11.668s][info][gc,heap        ] GC(275) DefNew: 19528K(19648K)->2173K(19648K) Eden: 17445K(17472K)->0K(17472K) From: 2082K(2176K)->2173K(2176K)
[2026-06-17T10:00:12.806+0800][11.669s][info][gc,heap        ] GC(275) Tenured: 31884K(43712K)->38723K(43712K)
[2026-06-17T10:00:12.807+0800][11.669s][info][gc,metaspace   ] GC(275) Metaspace: 112K(320K)->112K(320K) NonClass: 105K(192K)->105K(192K) Class: 7K(128K)->7K(128K)
[2026-06-17T10:00:12.807+0800][11.670s][info][gc             ] GC(275) Pause Young (Allocation Failure) 50M->39M(61M) 3.109ms
[2026-06-17T10:00:12.808+0800][11.671s][info][gc,cpu         ] GC(275) User=0.00s Sys=0.00s Real=0.00s
[2026-06-17T10:00:12.880+0800][11.742s][info][gc,start       ] GC(276) Pause Young (Allocation Failure)
[2026-06-17T10:00:12.882+0800][11.745s][info][gc             ] GC(276) Pause Young (Allocation Failure) 57M->57M(61M) 2.347ms
[2026-06-17T10:00:12.885+0800][11.748s][info][gc,cpu         ] GC(276) User=0.00s Sys=0.00s Real=0.01s
[2026-06-17T10:00:12.887+0800][11.750s][info][gc,start       ] GC(277) Pause Full (Allocation Failure)
[2026-06-17T10:00:12.887+0800][11.750s][info][gc,phases,start] GC(277) Phase 1: Mark live objects
[2026-06-17T10:00:12.889+0800][11.751s][info][gc,phases      ] GC(277) Phase 1: Mark live objects 1.212ms
[2026-06-17T10:00:12.891+0800][11.754s][info][gc,phases,start] GC(277) Phase 2: Compute new object addresses
[2026-06-17T10:00:12.893+0800][11.756s][info][gc,phases      ] GC(277) Phase 2: Compute new object addresses 2.564ms
[2026-06-17T10:00:12.897+0800][11.760s][info][gc,phases,start] GC(277) Phase 3: Adjust pointers
[2026-06-17T10:00:12.907+0800][11.769s][info][gc,phases      ] GC(277) Phase 3: Adjust pointers 9.846ms
[2026-06-17T10:00:12.907+0800][11.770s][info][gc,phases,start] GC(277) Phase 4: Move objects
[2026-06-17T10:00:12.910+0800][11.772s][info][gc,phases      ] GC(277) Phase 4: Move objects 2.307ms
[2026-06-17T10:00:12.918+0800][11.781s][info][gc,heap        ] GC(277) DefNew: 19645K(19648K)->0K(19648K) Eden: 17472K(17472K)->0K(17472K) From: 2173K(2176K)->0K(2176K)
[2026-06-17T10:00:12.918+0800][11.781s][info][gc,heap        ] GC(277) Tenured: 38723K(43712K)->27537K(43712K)
[2026-06-17T10:00:12.919+0800][11.782s][info][gc,metaspace   ] GC(277) Metaspace: 112K(320K)->112K(320K) NonClass: 105K(192K)->105K(192K) Class: 7K(128K)->7K(128K)
[2026-06-17T10:00:12.919+0800][11.782s][info][gc             ] GC(277) Pause Full (Allocation Failure) 57M->26M(61M) 32.168ms
[2026-06-17T10:00:12.919+0800][11.782s][info][gc,cpu         ] GC(277) User=0.00s Sys=0.00s Real=0.03s
[2026-06-17T10:00:12.961+0800][11.824s][info][gc,start       ] GC(278) Pause Young (Allocation Failure)
[2026-06-17T10:00:12.965+0800][11.828s][info][gc,heap        ] GC(278) DefNew: 17442K(19648K)->2175K(19648K) Eden: 17442K(17472K)->0K(17472K) From: 0K(2176K)->2175K(2176K)
[2026-06-17T10:00:12.965+0800][11.828s][info][gc,heap        ] GC(278) Tenured: 27537K(43712K)->32328K(43712K)
[2026-06-17T10:00:12.966+0800][11.829s][info][gc,metaspace   ] GC(278) Metaspace: 112K(320K)->112K(320K) NonClass: 105K(192K)->105K(192K) Class: 7K(128K)->7K(128K)
[2026-06-17T10:00:12.966+0800][11.829s][info][gc             ] GC(278) Pause Young (Allocation Failure) 43M->33M(61M) 4.605ms
[2026-06-17T10:00:12.966+0800][11.829s][info][gc,cpu         ] GC(278) User=0.00s Sys=0.00s Real=0.01s
[2026-06-17T10:00:13.009+0800][11.872s][info][gc,start       ] GC(279) Pause Young (Allocation Failure)
[2026-06-17T10:00:13.014+0800][11.876s][info][gc,heap        ] GC(279) DefNew: 19638K(19648K)->2059K(19648K) Eden: 17463K(17472K)->0K(17472K) From: 2175K(2176K)->2059K(2176K)
[2026-06-17T10:00:13.015+0800][11.878s][info][gc,heap        ] GC(279) Tenured: 32328K(43712K)->35849K(43712K)
[2026-06-17T10:00:13.016+0800][11.879s][info][gc,metaspace   ] GC(279) Metaspace: 112K(320K)->112K(320K) NonClass: 105K(192K)->105K(192K) Class: 7K(128K)->7K(128K)
[2026-06-17T10:00:13.017+0800][11.880s][info][gc             ] GC(279) Pause Young (Allocation Failure) 50M->37M(61M) 7.661ms
[2026-06-17T10:00:13.017+0800][11.880s][info][gc,cpu         ] GC(279) User=0.00s Sys=0.00s Real=0.01s
[2026-06-17T10:00:13.060+0800][11.923s][info][gc,start       ] GC(280) Pause Young (Allocation Failure)
[2026-06-17T10:00:13.062+0800][11.924s][info][gc,heap        ] GC(280) DefNew: 19507K(19648K)->2175K(19648K) Eden: 17448K(17472K)->0K(17472K) From: 2059K(2176K)->2175K(2176K)
[2026-06-17T10:00:13.062+0800][11.925s][info][gc,heap        ] GC(280) Tenured: 35849K(43712K)->39121K(43712K)
[2026-06-17T10:00:13.062+0800][11.925s][info][gc,metaspace   ] GC(280) Metaspace: 112K(320K)->112K(320K) NonClass: 105K(192K)->105K(192K) Class: 7K(128K)->7K(128K)
[2026-06-17T10:00:13.063+0800][11.926s][info][gc             ] GC(280) Pause Young (Allocation Failure) 54M->40M(61M) 2.385ms
[2026-06-17T10:00:13.063+0800][11.926s][info][gc,cpu         ] GC(280) User=0.00s Sys=0.00s Real=0.01s
[2026-06-17T10:00:13.106+0800][11.969s][info][gc,start       ] GC(281) Pause Young (Allocation Failure)
[2026-06-17T10:00:13.107+0800][11.969s][info][gc             ] GC(281) Pause Young (Allocation Failure) 57M->57M(61M) 0.497ms
[2026-06-17T10:00:13.107+0800][11.970s][info][gc,cpu         ] GC(281) User=0.00s Sys=0.00s Real=0.00s
[2026-06-17T10:00:13.107+0800][11.970s][info][gc,start       ] GC(282) Pause Full (Allocation Failure)
[2026-06-17T10:00:13.108+0800][11.970s][info][gc,phases,start] GC(282) Phase 1: Mark live objects
[2026-06-17T10:00:13.109+0800][11.971s][info][gc,phases      ] GC(282) Phase 1: Mark live objects 0.957ms
[2026-06-17T10:00:13.109+0800][11.972s][info][gc,phases,start] GC(282) Phase 2: Compute new object addresses
[2026-06-17T10:00:13.109+0800][11.972s][info][gc,phases      ] GC(282) Phase 2: Compute new object addresses 0.454ms
[2026-06-17T10:00:13.109+0800][11.972s][info][gc,phases,start] GC(282) Phase 3: Adjust pointers
[2026-06-17T10:00:13.110+0800][11.973s][info][gc,phases      ] GC(282) Phase 3: Adjust pointers 0.428ms
[2026-06-17T10:00:13.110+0800][11.973s][info][gc,phases,start] GC(282) Phase 4: Move objects
[2026-06-17T10:00:13.113+0800][11.976s][info][gc,phases      ] GC(282) Phase 4: Move objects 2.873ms
[2026-06-17T10:00:13.113+0800][11.976s][info][gc,heap        ] GC(282) DefNew: 19598K(19648K)->0K(19648K) Eden: 17422K(17472K)->0K(17472K) From: 2175K(2176K)->0K(2176K)
[2026-06-17T10:00:13.114+0800][11.976s][info][gc,heap        ] GC(282) Tenured: 39121K(43712K)->26636K(43712K)
[2026-06-17T10:00:13.114+0800][11.976s][info][gc,metaspace   ] GC(282) Metaspace: 112K(320K)->112K(320K) NonClass: 105K(192K)->105K(192K) Class: 7K(128K)->7K(128K)
[2026-06-17T10:00:13.114+0800][11.977s][info][gc             ] GC(282) Pause Full (Allocation Failure) 57M->26M(61M) 6.596ms
[2026-06-17T10:00:13.114+0800][11.977s][info][gc,cpu         ] GC(282) User=0.01s Sys=0.00s Real=0.01s
[2026-06-17T10:00:13.156+0800][12.019s][info][gc,start       ] GC(283) Pause Young (Allocation Failure)
[2026-06-17T10:00:13.158+0800][12.020s][info][gc,heap        ] GC(283) DefNew: 17434K(19648K)->2173K(19648K) Eden: 17434K(17472K)->0K(17472K) From: 0K(2176K)->2173K(2176K)
[2026-06-17T10:00:13.158+0800][12.021s][info][gc,heap        ] GC(283) Tenured: 26636K(43712K)->31781K(43712K)
[2026-06-17T10:00:13.158+0800][12.021s][info][gc,metaspace   ] GC(283) Metaspace: 112K(320K)->112K(320K) NonClass: 105K(192K)->105K(192K) Class: 7K(128K)->7K(128K)
[2026-06-17T10:00:13.159+0800][12.021s][info][gc             ] GC(283) Pause Young (Allocation Failure) 43M->33M(61M) 2.525ms
[2026-06-17T10:00:13.159+0800][12.022s][info][gc,cpu         ] GC(283) User=0.00s Sys=0.00s Real=0.00s
[2026-06-17T10:00:13.202+0800][12.065s][info][gc,start       ] GC(284) Pause Young (Allocation Failure)
[2026-06-17T10:00:13.203+0800][12.066s][info][gc,heap        ] GC(284) DefNew: 19443K(19648K)->2152K(19648K) Eden: 17269K(17472K)->0K(17472K) From: 2173K(2176K)->2152K(2176K)
[2026-06-17T10:00:13.207+0800][12.070s][info][gc,heap        ] GC(284) Tenured: 31781K(43712K)->34327K(43712K)
[2026-06-17T10:00:13.209+0800][12.072s][info][gc,metaspace   ] GC(284) Metaspace: 112K(320K)->112K(320K) NonClass: 105K(192K)->105K(192K) Class: 7K(128K)->7K(128K)
[2026-06-17T10:00:13.210+0800][12.073s][info][gc             ] GC(284) Pause Young (Allocation Failure) 50M->35M(61M) 8.332ms
[2026-06-17T10:00:13.212+0800][12.075s][info][gc,cpu         ] GC(284) User=0.00s Sys=0.00s Real=0.02s
[2026-06-17T10:00:13.256+0800][12.119s][info][gc,start       ] GC(285) Pause Young (Allocation Failure)
[2026-06-17T10:00:13.258+0800][12.121s][info][gc,heap        ] GC(285) DefNew: 19034K(19648K)->2076K(19648K) Eden: 16882K(17472K)->0K(17472K) From: 2152K(2176K)->2076K(2176K)
[2026-06-17T10:00:13.259+0800][12.121s][info][gc,heap        ] GC(285) Tenured: 34327K(43712K)->37427K(43712K)
[2026-06-17T10:00:13.259+0800][12.122s][info][gc,metaspace   ] GC(285) Metaspace: 112K(320K)->112K(320K) NonClass: 105K(192K)->105K(192K) Class: 7K(128K)->7K(128K)
[2026-06-17T10:00:13.260+0800][12.122s][info][gc             ] GC(285) Pause Young (Allocation Failure) 52M->38M(61M) 3.219ms
[2026-06-17T10:00:13.260+0800][12.123s][info][gc,cpu         ] GC(285) User=0.01s Sys=0.00s Real=0.00s
[2026-06-17T10:00:13.313+0800][12.176s][info][gc,start       ] GC(286) Pause Young (Allocation Failure)
[2026-06-17T10:00:13.314+0800][12.177s][info][gc             ] GC(286) Pause Young (Allocation Failure) 55M->55M(61M) 0.666ms
[2026-06-17T10:00:13.314+0800][12.177s][info][gc,cpu         ] GC(286) User=0.00s Sys=0.00s Real=0.00s
[2026-06-17T10:00:13.315+0800][12.177s][info][gc,start       ] GC(287) Pause Full (Allocation Failure)
[2026-06-17T10:00:13.315+0800][12.178s][info][gc,phases,start] GC(287) Phase 1: Mark live objects
[2026-06-17T10:00:13.316+0800][12.179s][info][gc,phases      ] GC(287) Phase 1: Mark live objects 1.135ms
[2026-06-17T10:00:13.316+0800][12.179s][info][gc,phases,start] GC(287) Phase 2: Compute new object addresses
[2026-06-17T10:00:13.317+0800][12.180s][info][gc,phases      ] GC(287) Phase 2: Compute new object addresses 0.619ms
[2026-06-17T10:00:13.317+0800][12.180s][info][gc,phases,start] GC(287) Phase 3: Adjust pointers
[2026-06-17T10:00:13.318+0800][12.181s][info][gc,phases      ] GC(287) Phase 3: Adjust pointers 0.647ms
[2026-06-17T10:00:13.318+0800][12.181s][info][gc,phases,start] GC(287) Phase 4: Move objects
[2026-06-17T10:00:13.320+0800][12.183s][info][gc,phases      ] GC(287) Phase 4: Move objects 1.975ms
[2026-06-17T10:00:13.321+0800][12.183s][info][gc,heap        ] GC(287) DefNew: 19548K(19648K)->0K(19648K) Eden: 17472K(17472K)->0K(17472K) From: 2076K(2176K)->0K(2176K)
[2026-06-17T10:00:13.321+0800][12.184s][info][gc,heap        ] GC(287) Tenured: 37427K(43712K)->26891K(43712K)
[2026-06-17T10:00:13.321+0800][12.184s][info][gc,metaspace   ] GC(287) Metaspace: 112K(320K)->112K(320K) NonClass: 105K(192K)->105K(192K) Class: 7K(128K)->7K(128K)
[2026-06-17T10:00:13.321+0800][12.184s][info][gc             ] GC(287) Pause Full (Allocation Failure) 55M->26M(61M) 6.547ms
[2026-06-17T10:00:13.321+0800][12.184s][info][gc,cpu         ] GC(287) User=0.00s Sys=0.00s Real=0.00s
[2026-06-17T10:00:13.364+0800][12.227s][info][gc,start       ] GC(288) Pause Young (Allocation Failure)
[2026-06-17T10:00:13.365+0800][12.228s][info][gc,heap        ] GC(288) DefNew: 17472K(19648K)->2169K(19648K) Eden: 17472K(17472K)->0K(17472K) From: 0K(2176K)->2169K(2176K)
[2026-06-17T10:00:13.366+0800][12.229s][info][gc,heap        ] GC(288) Tenured: 26891K(43712K)->32215K(43712K)
[2026-06-17T10:00:13.367+0800][12.230s][info][gc,metaspace   ] GC(288) Metaspace: 112K(320K)->112K(320K) NonClass: 105K(192K)->105K(192K) Class: 7K(128K)->7K(128K)
[2026-06-17T10:00:13.367+0800][12.230s][info][gc             ] GC(288) Pause Young (Allocation Failure) 43M->33M(61M) 3.586ms
[2026-06-17T10:00:13.368+0800][12.231s][info][gc,cpu         ] GC(288) User=0.00s Sys=0.00s Real=0.00s
[2026-06-17T10:00:13.411+0800][12.274s][info][gc,start       ] GC(289) Pause Young (Allocation Failure)
[2026-06-17T10:00:13.412+0800][12.275s][info][gc,heap        ] GC(289) DefNew: 19641K(19648K)->2171K(19648K) Eden: 17472K(17472K)->0K(17472K) From: 2169K(2176K)->2171K(2176K)
[2026-06-17T10:00:13.413+0800][12.275s][info][gc,heap        ] GC(289) Tenured: 32215K(43712K)->36427K(43712K)
[2026-06-17T10:00:13.413+0800][12.276s][info][gc,metaspace   ] GC(289) Metaspace: 112K(320K)->112K(320K) NonClass: 105K(192K)->105K(192K) Class: 7K(128K)->7K(128K)
[2026-06-17T10:00:13.414+0800][12.277s][info][gc             ] GC(289) Pause Young (Allocation Failure) 50M->37M(61M) 2.985ms
[2026-06-17T10:00:13.414+0800][12.277s][info][gc,cpu         ] GC(289) User=0.00s Sys=0.00s Real=0.00s
[2026-06-17T10:00:13.457+0800][12.320s][info][gc,start       ] GC(290) Pause Young (Allocation Failure)
[2026-06-17T10:00:13.458+0800][12.321s][info][gc,heap        ] GC(290) DefNew: 19623K(19648K)->2116K(19648K) Eden: 17452K(17472K)->0K(17472K) From: 2171K(2176K)->2116K(2176K)
[2026-06-17T10:00:13.458+0800][12.321s][info][gc,heap        ] GC(290) Tenured: 36427K(43712K)->37748K(43712K)
[2026-06-17T10:00:13.458+0800][12.321s][info][gc,metaspace   ] GC(290) Metaspace: 112K(320K)->112K(320K) NonClass: 105K(192K)->105K(192K) Class: 7K(128K)->7K(128K)
[2026-06-17T10:00:13.459+0800][12.322s][info][gc             ] GC(290) Pause Young (Allocation Failure) 54M->38M(61M) 1.833ms
[2026-06-17T10:00:13.459+0800][12.322s][info][gc,cpu         ] GC(290) User=0.00s Sys=0.00s Real=0.00s
[2026-06-17T10:00:13.513+0800][12.375s][info][gc,start       ] GC(291) Pause Young (Allocation Failure)
[2026-06-17T10:00:13.513+0800][12.376s][info][gc             ] GC(291) Pause Young (Allocation Failure) 55M->55M(61M) 0.484ms
[2026-06-17T10:00:13.513+0800][12.376s][info][gc,cpu         ] GC(291) User=0.00s Sys=0.00s Real=0.00s
[2026-06-17T10:00:13.514+0800][12.377s][info][gc,start       ] GC(292) Pause Full (Allocation Failure)
[2026-06-17T10:00:13.514+0800][12.377s][info][gc,phases,start] GC(292) Phase 1: Mark live objects
[2026-06-17T10:00:13.516+0800][12.378s][info][gc,phases      ] GC(292) Phase 1: Mark live objects 1.328ms
[2026-06-17T10:00:13.516+0800][12.379s][info][gc,phases,start] GC(292) Phase 2: Compute new object addresses
[2026-06-17T10:00:13.517+0800][12.380s][info][gc,phases      ] GC(292) Phase 2: Compute new object addresses 0.837ms
[2026-06-17T10:00:13.517+0800][12.380s][info][gc,phases,start] GC(292) Phase 3: Adjust pointers
[2026-06-17T10:00:13.518+0800][12.381s][info][gc,phases      ] GC(292) Phase 3: Adjust pointers 0.778ms
[2026-06-17T10:00:13.519+0800][12.381s][info][gc,phases,start] GC(292) Phase 4: Move objects
[2026-06-17T10:00:13.521+0800][12.384s][info][gc,phases      ] GC(292) Phase 4: Move objects 2.393ms
[2026-06-17T10:00:13.521+0800][12.384s][info][gc,heap        ] GC(292) DefNew: 19553K(19648K)->0K(19648K) Eden: 17437K(17472K)->0K(17472K) From: 2116K(2176K)->0K(2176K)
[2026-06-17T10:00:13.522+0800][12.384s][info][gc,heap        ] GC(292) Tenured: 37748K(43712K)->29817K(43712K)
[2026-06-17T10:00:13.522+0800][12.385s][info][gc,metaspace   ] GC(292) Metaspace: 112K(320K)->112K(320K) NonClass: 105K(192K)->105K(192K) Class: 7K(128K)->7K(128K)
[2026-06-17T10:00:13.522+0800][12.385s][info][gc             ] GC(292) Pause Full (Allocation Failure) 55M->29M(61M) 8.285ms
[2026-06-17T10:00:13.523+0800][12.385s][info][gc,cpu         ] GC(292) User=0.00s Sys=0.00s Real=0.01s
[2026-06-17T10:00:13.565+0800][12.428s][info][gc,start       ] GC(293) Pause Young (Allocation Failure)
[2026-06-17T10:00:13.567+0800][12.430s][info][gc,heap        ] GC(293) DefNew: 17439K(19648K)->2168K(19648K) Eden: 17439K(17472K)->0K(17472K) From: 0K(2176K)->2168K(2176K)
[2026-06-17T10:00:13.568+0800][12.431s][info][gc,heap        ] GC(293) Tenured: 29817K(43712K)->34068K(43712K)
[2026-06-17T10:00:13.570+0800][12.433s][info][gc,metaspace   ] GC(293) Metaspace: 112K(320K)->112K(320K) NonClass: 105K(192K)->105K(192K) Class: 7K(128K)->7K(128K)
[2026-06-17T10:00:13.573+0800][12.435s][info][gc             ] GC(293) Pause Young (Allocation Failure) 46M->35M(61M) 7.354ms
[2026-06-17T10:00:13.573+0800][12.436s][info][gc,cpu         ] GC(293) User=0.01s Sys=0.00s Real=0.01s
[2026-06-17T10:00:13.616+0800][12.479s][info][gc,start       ] GC(294) Pause Young (Allocation Failure)
[2026-06-17T10:00:13.619+0800][12.481s][info][gc,heap        ] GC(294) DefNew: 19640K(19648K)->2149K(19648K) Eden: 17472K(17472K)->0K(17472K) From: 2168K(2176K)->2149K(2176K)
[2026-06-17T10:00:13.619+0800][12.482s][info][gc,heap        ] GC(294) Tenured: 34068K(43712K)->39513K(43712K)
[2026-06-17T10:00:13.621+0800][12.484s][info][gc,metaspace   ] GC(294) Metaspace: 112K(320K)->112K(320K) NonClass: 105K(192K)->105K(192K) Class: 7K(128K)->7K(128K)
[2026-06-17T10:00:13.625+0800][12.488s][info][gc             ] GC(294) Pause Young (Allocation Failure) 52M->40M(61M) 8.495ms
[2026-06-17T10:00:13.627+0800][12.490s][info][gc,cpu         ] GC(294) User=0.00s Sys=0.00s Real=0.01s
[2026-06-17T10:00:13.671+0800][12.534s][info][gc,start       ] GC(295) Pause Young (Allocation Failure)
[2026-06-17T10:00:13.672+0800][12.534s][info][gc             ] GC(295) Pause Young (Allocation Failure) 57M->57M(61M) 0.597ms
[2026-06-17T10:00:13.672+0800][12.535s][info][gc,cpu         ] GC(295) User=0.00s Sys=0.00s Real=0.00s
[2026-06-17T10:00:13.672+0800][12.535s][info][gc,start       ] GC(296) Pause Full (Allocation Failure)
[2026-06-17T10:00:13.673+0800][12.536s][info][gc,phases,start] GC(296) Phase 1: Mark live objects
[2026-06-17T10:00:13.674+0800][12.537s][info][gc,phases      ] GC(296) Phase 1: Mark live objects 1.074ms
[2026-06-17T10:00:13.674+0800][12.537s][info][gc,phases,start] GC(296) Phase 2: Compute new object addresses
[2026-06-17T10:00:13.675+0800][12.538s][info][gc,phases      ] GC(296) Phase 2: Compute new object addresses 0.638ms
[2026-06-17T10:00:13.675+0800][12.538s][info][gc,phases,start] GC(296) Phase 3: Adjust pointers
[2026-06-17T10:00:13.676+0800][12.538s][info][gc,phases      ] GC(296) Phase 3: Adjust pointers 0.591ms
[2026-06-17T10:00:13.676+0800][12.539s][info][gc,phases,start] GC(296) Phase 4: Move objects
[2026-06-17T10:00:13.678+0800][12.540s][info][gc,phases      ] GC(296) Phase 4: Move objects 1.799ms
[2026-06-17T10:00:13.678+0800][12.541s][info][gc,heap        ] GC(296) DefNew: 19414K(19648K)->0K(19648K) Eden: 17265K(17472K)->0K(17472K) From: 2149K(2176K)->0K(2176K)
[2026-06-17T10:00:13.678+0800][12.541s][info][gc,heap        ] GC(296) Tenured: 39513K(43712K)->26555K(43712K)
[2026-06-17T10:00:13.678+0800][12.541s][info][gc,metaspace   ] GC(296) Metaspace: 112K(320K)->112K(320K) NonClass: 105K(192K)->105K(192K) Class: 7K(128K)->7K(128K)
[2026-06-17T10:00:13.678+0800][12.541s][info][gc             ] GC(296) Pause Full (Allocation Failure) 57M->25M(61M) 5.870ms
[2026-06-17T10:00:13.678+0800][12.541s][info][gc,cpu         ] GC(296) User=0.00s Sys=0.00s Real=0.00s
[2026-06-17T10:00:13.720+0800][12.583s][info][gc,start       ] GC(297) Pause Young (Allocation Failure)
[2026-06-17T10:00:13.721+0800][12.584s][info][gc,heap        ] GC(297) DefNew: 17261K(19648K)->2110K(19648K) Eden: 17261K(17472K)->0K(17472K) From: 0K(2176K)->2110K(2176K)
[2026-06-17T10:00:13.722+0800][12.585s][info][gc,heap        ] GC(297) Tenured: 26555K(43712K)->28006K(43712K)
[2026-06-17T10:00:13.722+0800][12.585s][info][gc,metaspace   ] GC(297) Metaspace: 112K(320K)->112K(320K) NonClass: 105K(192K)->105K(192K) Class: 7K(128K)->7K(128K)
[2026-06-17T10:00:13.723+0800][12.586s][info][gc             ] GC(297) Pause Young (Allocation Failure) 42M->29M(61M) 2.297ms
[2026-06-17T10:00:13.723+0800][12.586s][info][gc,cpu         ] GC(297) User=0.00s Sys=0.00s Real=0.01s
[2026-06-17T10:00:13.776+0800][12.639s][info][gc,start       ] GC(298) Pause Young (Allocation Failure)
[2026-06-17T10:00:13.778+0800][12.641s][info][gc,heap        ] GC(298) DefNew: 19550K(19648K)->2144K(19648K) Eden: 17439K(17472K)->0K(17472K) From: 2110K(2176K)->2144K(2176K)
[2026-06-17T10:00:13.778+0800][12.641s][info][gc,heap        ] GC(298) Tenured: 28006K(43712K)->31622K(43712K)
[2026-06-17T10:00:13.780+0800][12.642s][info][gc,metaspace   ] GC(298) Metaspace: 112K(320K)->112K(320K) NonClass: 105K(192K)->105K(192K) Class: 7K(128K)->7K(128K)
[2026-06-17T10:00:13.780+0800][12.643s][info][gc             ] GC(298) Pause Young (Allocation Failure) 46M->32M(61M) 3.702ms
[2026-06-17T10:00:13.780+0800][12.643s][info][gc,cpu         ] GC(298) User=0.00s Sys=0.00s Real=0.00s
[2026-06-17T10:00:13.823+0800][12.686s][info][gc,start       ] GC(299) Pause Young (Allocation Failure)
[2026-06-17T10:00:13.824+0800][12.687s][info][gc,heap        ] GC(299) DefNew: 19587K(19648K)->2165K(19648K) Eden: 17442K(17472K)->0K(17472K) From: 2144K(2176K)->2165K(2176K)
[2026-06-17T10:00:13.825+0800][12.688s][info][gc,heap        ] GC(299) Tenured: 31622K(43712K)->35257K(43712K)
[2026-06-17T10:00:13.825+0800][12.688s][info][gc,metaspace   ] GC(299) Metaspace: 112K(320K)->112K(320K) NonClass: 105K(192K)->105K(192K) Class: 7K(128K)->7K(128K)
[2026-06-17T10:00:13.827+0800][12.689s][info][gc             ] GC(299) Pause Young (Allocation Failure) 50M->36M(61M) 3.405ms
[2026-06-17T10:00:13.827+0800][12.690s][info][gc,cpu         ] GC(299) User=0.00s Sys=0.00s Real=0.00s
[2026-06-17T10:00:13.869+0800][12.732s][info][gc,start       ] GC(300) Pause Young (Allocation Failure)
[2026-06-17T10:00:13.870+0800][12.733s][info][gc,heap        ] GC(300) DefNew: 19613K(19648K)->2175K(19648K) Eden: 17448K(17472K)->0K(17472K) From: 2165K(2176K)->2175K(2176K)
[2026-06-17T10:00:13.871+0800][12.733s][info][gc,heap        ] GC(300) Tenured: 35257K(43712K)->39359K(43712K)
[2026-06-17T10:00:13.871+0800][12.734s][info][gc,metaspace   ] GC(300) Metaspace: 112K(320K)->112K(320K) NonClass: 105K(192K)->105K(192K) Class: 7K(128K)->7K(128K)
[2026-06-17T10:00:13.871+0800][12.734s][info][gc             ] GC(300) Pause Young (Allocation Failure) 53M->40M(61M) 1.774ms
[2026-06-17T10:00:13.871+0800][12.734s][info][gc,cpu         ] GC(300) User=0.00s Sys=0.00s Real=0.01s
[2026-06-17T10:00:13.913+0800][12.776s][info][gc,start       ] GC(301) Pause Young (Allocation Failure)
[2026-06-17T10:00:13.915+0800][12.778s][info][gc             ] GC(301) Pause Young (Allocation Failure) 57M->57M(61M) 1.399ms
[2026-06-17T10:00:13.917+0800][12.780s][info][gc,cpu         ] GC(301) User=0.00s Sys=0.00s Real=0.00s
[2026-06-17T10:00:13.918+0800][12.781s][info][gc,start       ] GC(302) Pause Full (Allocation Failure)
[2026-06-17T10:00:13.919+0800][12.781s][info][gc,phases,start] GC(302) Phase 1: Mark live objects
[2026-06-17T10:00:13.920+0800][12.782s][info][gc,phases      ] GC(302) Phase 1: Mark live objects 1.135ms
[2026-06-17T10:00:13.920+0800][12.783s][info][gc,phases,start] GC(302) Phase 2: Compute new object addresses
[2026-06-17T10:00:13.921+0800][12.783s][info][gc,phases      ] GC(302) Phase 2: Compute new object addresses 0.550ms
[2026-06-17T10:00:13.921+0800][12.784s][info][gc,phases,start] GC(302) Phase 3: Adjust pointers
[2026-06-17T10:00:13.921+0800][12.784s][info][gc,phases      ] GC(302) Phase 3: Adjust pointers 0.544ms
[2026-06-17T10:00:13.922+0800][12.784s][info][gc,phases,start] GC(302) Phase 4: Move objects
[2026-06-17T10:00:13.923+0800][12.786s][info][gc,phases      ] GC(302) Phase 4: Move objects 1.868ms
[2026-06-17T10:00:13.924+0800][12.786s][info][gc,heap        ] GC(302) DefNew: 19647K(19648K)->0K(19648K) Eden: 17472K(17472K)->0K(17472K) From: 2175K(2176K)->0K(2176K)
[2026-06-17T10:00:13.924+0800][12.787s][info][gc,heap        ] GC(302) Tenured: 39359K(43712K)->26594K(43712K)
[2026-06-17T10:00:13.924+0800][12.787s][info][gc,metaspace   ] GC(302) Metaspace: 112K(320K)->112K(320K) NonClass: 105K(192K)->105K(192K) Class: 7K(128K)->7K(128K)
[2026-06-17T10:00:13.924+0800][12.787s][info][gc             ] GC(302) Pause Full (Allocation Failure) 57M->25M(61M) 6.298ms
[2026-06-17T10:00:13.925+0800][12.787s][info][gc,cpu         ] GC(302) User=0.01s Sys=0.00s Real=0.01s
[2026-06-17T10:00:13.967+0800][12.829s][info][gc,start       ] GC(303) Pause Young (Allocation Failure)
[2026-06-17T10:00:13.968+0800][12.830s][info][gc,heap        ] GC(303) DefNew: 17395K(19648K)->2131K(19648K) Eden: 17395K(17472K)->0K(17472K) From: 0K(2176K)->2131K(2176K)
[2026-06-17T10:00:13.968+0800][12.831s][info][gc,heap        ] GC(303) Tenured: 26594K(43712K)->27945K(43712K)
[2026-06-17T10:00:13.968+0800][12.831s][info][gc,metaspace   ] GC(303) Metaspace: 112K(320K)->112K(320K) NonClass: 105K(192K)->105K(192K) Class: 7K(128K)->7K(128K)
[2026-06-17T10:00:13.969+0800][12.831s][info][gc             ] GC(303) Pause Young (Allocation Failure) 42M->29M(61M) 2.010ms
[2026-06-17T10:00:13.969+0800][12.832s][info][gc,cpu         ] GC(303) User=0.00s Sys=0.00s Real=0.00s
[2026-06-17T10:00:14.022+0800][12.884s][info][gc,start       ] GC(304) Pause Young (Allocation Failure)
[2026-06-17T10:00:14.023+0800][12.886s][info][gc,heap        ] GC(304) DefNew: 19602K(19648K)->2043K(19648K) Eden: 17471K(17472K)->0K(17472K) From: 2131K(2176K)->2043K(2176K)
[2026-06-17T10:00:14.024+0800][12.886s][info][gc,heap        ] GC(304) Tenured: 27945K(43712K)->31354K(43712K)
[2026-06-17T10:00:14.024+0800][12.887s][info][gc,metaspace   ] GC(304) Metaspace: 112K(320K)->112K(320K) NonClass: 105K(192K)->105K(192K) Class: 7K(128K)->7K(128K)
[2026-06-17T10:00:14.024+0800][12.887s][info][gc             ] GC(304) Pause Young (Allocation Failure) 46M->32M(61M) 2.584ms
[2026-06-17T10:00:14.025+0800][12.888s][info][gc,cpu         ] GC(304) User=0.00s Sys=0.00s Real=0.01s
[2026-06-17T10:00:14.067+0800][12.930s][info][gc,start       ] GC(305) Pause Young (Allocation Failure)
[2026-06-17T10:00:14.069+0800][12.932s][info][gc,heap        ] GC(305) DefNew: 19484K(19648K)->2175K(19648K) Eden: 17441K(17472K)->0K(17472K) From: 2043K(2176K)->2175K(2176K)
[2026-06-17T10:00:14.069+0800][12.932s][info][gc,heap        ] GC(305) Tenured: 31354K(43712K)->34762K(43712K)
[2026-06-17T10:00:14.070+0800][12.932s][info][gc,metaspace   ] GC(305) Metaspace: 112K(320K)->112K(320K) NonClass: 105K(192K)->105K(192K) Class: 7K(128K)->7K(128K)
[2026-06-17T10:00:14.070+0800][12.933s][info][gc             ] GC(305) Pause Young (Allocation Failure) 49M->36M(61M) 2.815ms
[2026-06-17T10:00:14.071+0800][12.933s][info][gc,cpu         ] GC(305) User=0.01s Sys=0.00s Real=0.01s
[2026-06-17T10:00:14.113+0800][12.976s][info][gc,start       ] GC(306) Pause Young (Allocation Failure)
[2026-06-17T10:00:14.115+0800][12.978s][info][gc,heap        ] GC(306) DefNew: 19643K(19648K)->2168K(19648K) Eden: 17467K(17472K)->0K(17472K) From: 2175K(2176K)->2168K(2176K)
[2026-06-17T10:00:14.115+0800][12.978s][info][gc,heap        ] GC(306) Tenured: 34762K(43712K)->39674K(43712K)
[2026-06-17T10:00:14.115+0800][12.978s][info][gc,metaspace   ] GC(306) Metaspace: 112K(320K)->112K(320K) NonClass: 105K(192K)->105K(192K) Class: 7K(128K)->7K(128K)
[2026-06-17T10:00:14.116+0800][12.978s][info][gc             ] GC(306) Pause Young (Allocation Failure) 53M->40M(61M) 2.258ms
[2026-06-17T10:00:14.116+0800][12.979s][info][gc,cpu         ] GC(306) User=0.00s Sys=0.00s Real=0.00s
[2026-06-17T10:00:14.158+0800][13.021s][info][gc,start       ] GC(307) Pause Young (Allocation Failure)
[2026-06-17T10:00:14.159+0800][13.022s][info][gc             ] GC(307) Pause Young (Allocation Failure) 57M->57M(61M) 0.648ms
[2026-06-17T10:00:14.159+0800][13.022s][info][gc,cpu         ] GC(307) User=0.00s Sys=0.00s Real=0.00s
[2026-06-17T10:00:14.159+0800][13.022s][info][gc,start       ] GC(308) Pause Full (Allocation Failure)
[2026-06-17T10:00:14.160+0800][13.023s][info][gc,phases,start] GC(308) Phase 1: Mark live objects
[2026-06-17T10:00:14.161+0800][13.024s][info][gc,phases      ] GC(308) Phase 1: Mark live objects 1.089ms
[2026-06-17T10:00:14.161+0800][13.024s][info][gc,phases,start] GC(308) Phase 2: Compute new object addresses
[2026-06-17T10:00:14.162+0800][13.025s][info][gc,phases      ] GC(308) Phase 2: Compute new object addresses 0.785ms
[2026-06-17T10:00:14.162+0800][13.025s][info][gc,phases,start] GC(308) Phase 3: Adjust pointers
[2026-06-17T10:00:14.163+0800][13.026s][info][gc,phases      ] GC(308) Phase 3: Adjust pointers 0.724ms
[2026-06-17T10:00:14.163+0800][13.026s][info][gc,phases,start] GC(308) Phase 4: Move objects
[2026-06-17T10:00:14.166+0800][13.029s][info][gc,phases      ] GC(308) Phase 4: Move objects 2.568ms
[2026-06-17T10:00:14.166+0800][13.029s][info][gc,heap        ] GC(308) DefNew: 19621K(19648K)->0K(19648K) Eden: 17452K(17472K)->0K(17472K) From: 2168K(2176K)->0K(2176K)
[2026-06-17T10:00:14.167+0800][13.029s][info][gc,heap        ] GC(308) Tenured: 39674K(43712K)->26098K(43712K)
[2026-06-17T10:00:14.167+0800][13.029s][info][gc,metaspace   ] GC(308) Metaspace: 112K(320K)->112K(320K) NonClass: 105K(192K)->105K(192K) Class: 7K(128K)->7K(128K)
[2026-06-17T10:00:14.167+0800][13.030s][info][gc             ] GC(308) Pause Full (Allocation Failure) 57M->25M(61M) 7.383ms
[2026-06-17T10:00:14.167+0800][13.030s][info][gc,cpu         ] GC(308) User=0.00s Sys=0.00s Real=0.01s
[2026-06-17T10:00:14.209+0800][13.072s][info][gc,start       ] GC(309) Pause Young (Allocation Failure)
[2026-06-17T10:00:14.210+0800][13.073s][info][gc,heap        ] GC(309) DefNew: 17387K(19648K)->2125K(19648K) Eden: 17387K(17472K)->0K(17472K) From: 0K(2176K)->2125K(2176K)
[2026-06-17T10:00:14.211+0800][13.074s][info][gc,heap        ] GC(309) Tenured: 26098K(43712K)->27672K(43712K)
[2026-06-17T10:00:14.211+0800][13.074s][info][gc,metaspace   ] GC(309) Metaspace: 112K(320K)->112K(320K) NonClass: 105K(192K)->105K(192K) Class: 7K(128K)->7K(128K)
[2026-06-17T10:00:14.212+0800][13.074s][info][gc             ] GC(309) Pause Young (Allocation Failure) 42M->29M(61M) 2.210ms
[2026-06-17T10:00:14.212+0800][13.075s][info][gc,cpu         ] GC(309) User=0.00s Sys=0.00s Real=0.01s
[2026-06-17T10:00:14.265+0800][13.128s][info][gc,start       ] GC(310) Pause Young (Allocation Failure)
[2026-06-17T10:00:14.266+0800][13.129s][info][gc,heap        ] GC(310) DefNew: 19555K(19648K)->2172K(19648K) Eden: 17429K(17472K)->0K(17472K) From: 2125K(2176K)->2172K(2176K)
[2026-06-17T10:00:14.267+0800][13.130s][info][gc,heap        ] GC(310) Tenured: 27672K(43712K)->31511K(43712K)
[2026-06-17T10:00:14.267+0800][13.130s][info][gc,metaspace   ] GC(310) Metaspace: 112K(320K)->112K(320K) NonClass: 105K(192K)->105K(192K) Class: 7K(128K)->7K(128K)
[2026-06-17T10:00:14.268+0800][13.130s][info][gc             ] GC(310) Pause Young (Allocation Failure) 46M->32M(61M) 2.590ms
[2026-06-17T10:00:14.268+0800][13.131s][info][gc,cpu         ] GC(310) User=0.00s Sys=0.00s Real=0.00s
[2026-06-17T10:00:14.312+0800][13.175s][info][gc,start       ] GC(311) Pause Young (Allocation Failure)
[2026-06-17T10:00:14.313+0800][13.176s][info][gc,heap        ] GC(311) DefNew: 19641K(19648K)->2173K(19648K) Eden: 17468K(17472K)->0K(17472K) From: 2172K(2176K)->2173K(2176K)
[2026-06-17T10:00:14.314+0800][13.176s][info][gc,heap        ] GC(311) Tenured: 31511K(43712K)->34868K(43712K)
[2026-06-17T10:00:14.314+0800][13.177s][info][gc,metaspace   ] GC(311) Metaspace: 112K(320K)->112K(320K) NonClass: 105K(192K)->105K(192K) Class: 7K(128K)->7K(128K)
[2026-06-17T10:00:14.316+0800][13.178s][info][gc             ] GC(311) Pause Young (Allocation Failure) 49M->36M(61M) 3.384ms
[2026-06-17T10:00:14.316+0800][13.179s][info][gc,cpu         ] GC(311) User=0.00s Sys=0.00s Real=0.00s
[2026-06-17T10:00:14.358+0800][13.221s][info][gc,start       ] GC(312) Pause Young (Allocation Failure)
[2026-06-17T10:00:14.360+0800][13.222s][info][gc,heap        ] GC(312) DefNew: 19594K(19648K)->2116K(19648K) Eden: 17420K(17472K)->0K(17472K) From: 2173K(2176K)->2116K(2176K)
[2026-06-17T10:00:14.360+0800][13.223s][info][gc,heap        ] GC(312) Tenured: 34868K(43712K)->39260K(43712K)
[2026-06-17T10:00:14.360+0800][13.223s][info][gc,metaspace   ] GC(312) Metaspace: 112K(320K)->112K(320K) NonClass: 105K(192K)->105K(192K) Class: 7K(128K)->7K(128K)
[2026-06-17T10:00:14.360+0800][13.223s][info][gc             ] GC(312) Pause Young (Allocation Failure) 53M->40M(61M) 2.293ms
[2026-06-17T10:00:14.361+0800][13.223s][info][gc,cpu         ] GC(312) User=0.01s Sys=0.00s Real=0.00s
[2026-06-17T10:00:14.413+0800][13.276s][info][gc,start       ] GC(313) Pause Young (Allocation Failure)
[2026-06-17T10:00:14.414+0800][13.277s][info][gc             ] GC(313) Pause Young (Allocation Failure) 57M->57M(61M) 0.701ms
[2026-06-17T10:00:14.414+0800][13.277s][info][gc,cpu         ] GC(313) User=0.00s Sys=0.00s Real=0.00s
[2026-06-17T10:00:14.414+0800][13.277s][info][gc,start       ] GC(314) Pause Full (Allocation Failure)
[2026-06-17T10:00:14.415+0800][13.278s][info][gc,phases,start] GC(314) Phase 1: Mark live objects
[2026-06-17T10:00:14.416+0800][13.279s][info][gc,phases      ] GC(314) Phase 1: Mark live objects 1.130ms
[2026-06-17T10:00:14.416+0800][13.279s][info][gc,phases,start] GC(314) Phase 2: Compute new object addresses
[2026-06-17T10:00:14.417+0800][13.280s][info][gc,phases      ] GC(314) Phase 2: Compute new object addresses 0.596ms
[2026-06-17T10:00:14.417+0800][13.280s][info][gc,phases,start] GC(314) Phase 3: Adjust pointers
[2026-06-17T10:00:14.418+0800][13.281s][info][gc,phases      ] GC(314) Phase 3: Adjust pointers 0.697ms
[2026-06-17T10:00:14.418+0800][13.281s][info][gc,phases,start] GC(314) Phase 4: Move objects
[2026-06-17T10:00:14.420+0800][13.283s][info][gc,phases      ] GC(314) Phase 4: Move objects 2.296ms
[2026-06-17T10:00:14.421+0800][13.284s][info][gc,heap        ] GC(314) DefNew: 19576K(19648K)->0K(19648K) Eden: 17459K(17472K)->0K(17472K) From: 2116K(2176K)->0K(2176K)
[2026-06-17T10:00:14.421+0800][13.284s][info][gc,heap        ] GC(314) Tenured: 39260K(43712K)->27673K(43712K)
[2026-06-17T10:00:14.421+0800][13.284s][info][gc,metaspace   ] GC(314) Metaspace: 112K(320K)->112K(320K) NonClass: 105K(192K)->105K(192K) Class: 7K(128K)->7K(128K)
[2026-06-17T10:00:14.422+0800][13.284s][info][gc             ] GC(314) Pause Full (Allocation Failure) 57M->27M(61M) 7.111ms
[2026-06-17T10:00:14.422+0800][13.285s][info][gc,cpu         ] GC(314) User=0.00s Sys=0.01s Real=0.00s
[2026-06-17T10:00:14.454+0800][13.317s][info][gc,start       ] GC(315) Pause Young (Allocation Failure)
[2026-06-17T10:00:14.455+0800][13.318s][info][gc,heap        ] GC(315) DefNew: 17339K(19648K)->2170K(19648K) Eden: 17339K(17472K)->0K(17472K) From: 0K(2176K)->2170K(2176K)
[2026-06-17T10:00:14.456+0800][13.318s][info][gc,heap        ] GC(315) Tenured: 27673K(43712K)->32073K(43712K)
[2026-06-17T10:00:14.456+0800][13.319s][info][gc,metaspace   ] GC(315) Metaspace: 112K(320K)->112K(320K) NonClass: 105K(192K)->105K(192K) Class: 7K(128K)->7K(128K)
[2026-06-17T10:00:14.456+0800][13.319s][info][gc             ] GC(315) Pause Young (Allocation Failure) 43M->33M(61M) 2.442ms
[2026-06-17T10:00:14.457+0800][13.319s][info][gc,cpu         ] GC(315) User=0.00s Sys=0.00s Real=0.00s
[2026-06-17T10:00:14.499+0800][13.362s][info][gc,start       ] GC(316) Pause Young (Allocation Failure)
[2026-06-17T10:00:14.501+0800][13.364s][info][gc,heap        ] GC(316) DefNew: 19634K(19648K)->2174K(19648K) Eden: 17464K(17472K)->0K(17472K) From: 2170K(2176K)->2174K(2176K)
[2026-06-17T10:00:14.502+0800][13.364s][info][gc,heap        ] GC(316) Tenured: 32073K(43712K)->38608K(43712K)
[2026-06-17T10:00:14.502+0800][13.365s][info][gc,metaspace   ] GC(316) Metaspace: 112K(320K)->112K(320K) NonClass: 105K(192K)->105K(192K) Class: 7K(128K)->7K(128K)
[2026-06-17T10:00:14.503+0800][13.365s][info][gc             ] GC(316) Pause Young (Allocation Failure) 50M->39M(61M) 3.075ms
[2026-06-17T10:00:14.503+0800][13.366s][info][gc,cpu         ] GC(316) User=0.00s Sys=0.00s Real=0.01s
[2026-06-17T10:00:14.556+0800][13.419s][info][gc,start       ] GC(317) Pause Young (Allocation Failure)
[2026-06-17T10:00:14.557+0800][13.419s][info][gc             ] GC(317) Pause Young (Allocation Failure) 56M->56M(61M) 0.604ms
[2026-06-17T10:00:14.557+0800][13.420s][info][gc,cpu         ] GC(317) User=0.00s Sys=0.00s Real=0.00s
[2026-06-17T10:00:14.557+0800][13.420s][info][gc,start       ] GC(318) Pause Full (Allocation Failure)
[2026-06-17T10:00:14.558+0800][13.421s][info][gc,phases,start] GC(318) Phase 1: Mark live objects
[2026-06-17T10:00:14.559+0800][13.422s][info][gc,phases      ] GC(318) Phase 1: Mark live objects 1.261ms
[2026-06-17T10:00:14.559+0800][13.422s][info][gc,phases,start] GC(318) Phase 2: Compute new object addresses
[2026-06-17T10:00:14.560+0800][13.423s][info][gc,phases      ] GC(318) Phase 2: Compute new object addresses 0.627ms
[2026-06-17T10:00:14.560+0800][13.423s][info][gc,phases,start] GC(318) Phase 3: Adjust pointers
[2026-06-17T10:00:14.561+0800][13.424s][info][gc,phases      ] GC(318) Phase 3: Adjust pointers 0.673ms
[2026-06-17T10:00:14.561+0800][13.424s][info][gc,phases,start] GC(318) Phase 4: Move objects
[2026-06-17T10:00:14.563+0800][13.426s][info][gc,phases      ] GC(318) Phase 4: Move objects 2.136ms
[2026-06-17T10:00:14.564+0800][13.427s][info][gc,heap        ] GC(318) DefNew: 19627K(19648K)->0K(19648K) Eden: 17452K(17472K)->0K(17472K) From: 2174K(2176K)->0K(2176K)
[2026-06-17T10:00:14.564+0800][13.427s][info][gc,heap        ] GC(318) Tenured: 38608K(43712K)->28106K(43712K)
[2026-06-17T10:00:14.564+0800][13.427s][info][gc,metaspace   ] GC(318) Metaspace: 112K(320K)->112K(320K) NonClass: 105K(192K)->105K(192K) Class: 7K(128K)->7K(128K)
[2026-06-17T10:00:14.564+0800][13.427s][info][gc             ] GC(318) Pause Full (Allocation Failure) 56M->27M(61M) 6.663ms
[2026-06-17T10:00:14.564+0800][13.427s][info][gc,cpu         ] GC(318) User=0.01s Sys=0.00s Real=0.01s
[2026-06-17T10:00:14.607+0800][13.470s][info][gc,start       ] GC(319) Pause Young (Allocation Failure)
[2026-06-17T10:00:14.609+0800][13.471s][info][gc,heap        ] GC(319) DefNew: 17423K(19648K)->2172K(19648K) Eden: 17423K(17472K)->0K(17472K) From: 0K(2176K)->2172K(2176K)
[2026-06-17T10:00:14.610+0800][13.472s][info][gc,heap        ] GC(319) Tenured: 28106K(43712K)->32892K(43712K)
[2026-06-17T10:00:14.610+0800][13.473s][info][gc,metaspace   ] GC(319) Metaspace: 112K(320K)->112K(320K) NonClass: 105K(192K)->105K(192K) Class: 7K(128K)->7K(128K)
[2026-06-17T10:00:14.611+0800][13.473s][info][gc             ] GC(319) Pause Young (Allocation Failure) 44M->34M(61M) 3.797ms
[2026-06-17T10:00:14.611+0800][13.474s][info][gc,cpu         ] GC(319) User=0.00s Sys=0.00s Real=0.01s
[2026-06-17T10:00:14.654+0800][13.517s][info][gc,start       ] GC(320) Pause Young (Allocation Failure)
[2026-06-17T10:00:14.657+0800][13.520s][info][gc,heap        ] GC(320) DefNew: 19613K(19648K)->2174K(19648K) Eden: 17440K(17472K)->0K(17472K) From: 2172K(2176K)->2174K(2176K)
[2026-06-17T10:00:14.658+0800][13.521s][info][gc,heap        ] GC(320) Tenured: 32892K(43712K)->37123K(43712K)
[2026-06-17T10:00:14.658+0800][13.521s][info][gc,metaspace   ] GC(320) Metaspace: 112K(320K)->112K(320K) NonClass: 105K(192K)->105K(192K) Class: 7K(128K)->7K(128K)
[2026-06-17T10:00:14.659+0800][13.522s][info][gc             ] GC(320) Pause Young (Allocation Failure) 51M->38M(61M) 4.732ms
[2026-06-17T10:00:14.659+0800][13.522s][info][gc,cpu         ] GC(320) User=0.00s Sys=0.00s Real=0.00s
[2026-06-17T10:00:14.705+0800][13.567s][info][gc,start       ] GC(321) Pause Young (Allocation Failure)
[2026-06-17T10:00:14.706+0800][13.568s][info][gc             ] GC(321) Pause Young (Allocation Failure) 55M->55M(61M) 1.125ms
[2026-06-17T10:00:14.706+0800][13.569s][info][gc,cpu         ] GC(321) User=0.00s Sys=0.00s Real=0.00s
[2026-06-17T10:00:14.707+0800][13.569s][info][gc,start       ] GC(322) Pause Full (Allocation Failure)
[2026-06-17T10:00:14.707+0800][13.570s][info][gc,phases,start] GC(322) Phase 1: Mark live objects
[2026-06-17T10:00:14.708+0800][13.571s][info][gc,phases      ] GC(322) Phase 1: Mark live objects 1.182ms
[2026-06-17T10:00:14.708+0800][13.571s][info][gc,phases,start] GC(322) Phase 2: Compute new object addresses
[2026-06-17T10:00:14.709+0800][13.572s][info][gc,phases      ] GC(322) Phase 2: Compute new object addresses 0.497ms
[2026-06-17T10:00:14.709+0800][13.572s][info][gc,phases,start] GC(322) Phase 3: Adjust pointers
[2026-06-17T10:00:14.710+0800][13.572s][info][gc,phases      ] GC(322) Phase 3: Adjust pointers 0.520ms
[2026-06-17T10:00:14.710+0800][13.573s][info][gc,phases,start] GC(322) Phase 4: Move objects
[2026-06-17T10:00:14.712+0800][13.575s][info][gc,phases      ] GC(322) Phase 4: Move objects 1.909ms
[2026-06-17T10:00:14.712+0800][13.575s][info][gc,heap        ] GC(322) DefNew: 19397K(19648K)->0K(19648K) Eden: 17223K(17472K)->0K(17472K) From: 2174K(2176K)->0K(2176K)
[2026-06-17T10:00:14.712+0800][13.575s][info][gc,heap        ] GC(322) Tenured: 37123K(43712K)->26635K(43712K)
[2026-06-17T10:00:14.712+0800][13.575s][info][gc,metaspace   ] GC(322) Metaspace: 112K(320K)->112K(320K) NonClass: 105K(192K)->105K(192K) Class: 7K(128K)->7K(128K)
[2026-06-17T10:00:14.713+0800][13.575s][info][gc             ] GC(322) Pause Full (Allocation Failure) 55M->26M(61M) 5.945ms
[2026-06-17T10:00:14.713+0800][13.575s][info][gc,cpu         ] GC(322) User=0.01s Sys=0.00s Real=0.01s
[2026-06-17T10:00:14.765+0800][13.628s][info][gc,start       ] GC(323) Pause Young (Allocation Failure)
[2026-06-17T10:00:14.767+0800][13.629s][info][gc,heap        ] GC(323) DefNew: 17472K(19648K)->2152K(19648K) Eden: 17472K(17472K)->0K(17472K) From: 0K(2176K)->2152K(2176K)
[2026-06-17T10:00:14.767+0800][13.630s][info][gc,heap        ] GC(323) Tenured: 26635K(43712K)->28054K(43712K)
[2026-06-17T10:00:14.767+0800][13.630s][info][gc,metaspace   ] GC(323) Metaspace: 112K(320K)->112K(320K) NonClass: 105K(192K)->105K(192K) Class: 7K(128K)->7K(128K)
[2026-06-17T10:00:14.768+0800][13.631s][info][gc             ] GC(323) Pause Young (Allocation Failure) 43M->29M(61M) 2.449ms
[2026-06-17T10:00:14.768+0800][13.631s][info][gc,cpu         ] GC(323) User=0.00s Sys=0.00s Real=0.00s
[2026-06-17T10:00:14.811+0800][13.674s][info][gc,start       ] GC(324) Pause Young (Allocation Failure)
[2026-06-17T10:00:14.813+0800][13.675s][info][gc,heap        ] GC(324) DefNew: 19624K(19648K)->2162K(19648K) Eden: 17472K(17472K)->0K(17472K) From: 2152K(2176K)->2162K(2176K)
[2026-06-17T10:00:14.813+0800][13.676s][info][gc,heap        ] GC(324) Tenured: 28054K(43712K)->31753K(43712K)
[2026-06-17T10:00:14.813+0800][13.676s][info][gc,metaspace   ] GC(324) Metaspace: 112K(320K)->112K(320K) NonClass: 105K(192K)->105K(192K) Class: 7K(128K)->7K(128K)
[2026-06-17T10:00:14.815+0800][13.677s][info][gc             ] GC(324) Pause Young (Allocation Failure) 46M->33M(61M) 3.319ms
[2026-06-17T10:00:14.815+0800][13.678s][info][gc,cpu         ] GC(324) User=0.00s Sys=0.00s Real=0.00s
[2026-06-17T10:00:14.857+0800][13.720s][info][gc,start       ] GC(325) Pause Young (Allocation Failure)
[2026-06-17T10:00:14.858+0800][13.721s][info][gc,heap        ] GC(325) DefNew: 19634K(19648K)->2098K(19648K) Eden: 17472K(17472K)->0K(17472K) From: 2162K(2176K)->2098K(2176K)
[2026-06-17T10:00:14.859+0800][13.721s][info][gc,heap        ] GC(325) Tenured: 31753K(43712K)->35977K(43712K)
[2026-06-17T10:00:14.859+0800][13.722s][info][gc,metaspace   ] GC(325) Metaspace: 112K(320K)->112K(320K) NonClass: 105K(192K)->105K(192K) Class: 7K(128K)->7K(128K)
[2026-06-17T10:00:14.859+0800][13.722s][info][gc             ] GC(325) Pause Young (Allocation Failure) 50M->37M(61M) 1.946ms
[2026-06-17T10:00:14.859+0800][13.722s][info][gc,cpu         ] GC(325) User=0.00s Sys=0.00s Real=0.00s
[2026-06-17T10:00:14.902+0800][13.765s][info][gc,start       ] GC(326) Pause Young (Allocation Failure)
[2026-06-17T10:00:14.903+0800][13.766s][info][gc,heap        ] GC(326) DefNew: 19525K(19648K)->2174K(19648K) Eden: 17426K(17472K)->0K(17472K) From: 2098K(2176K)->2174K(2176K)
[2026-06-17T10:00:14.903+0800][13.766s][info][gc,heap        ] GC(326) Tenured: 35977K(43712K)->39529K(43712K)
[2026-06-17T10:00:14.903+0800][13.766s][info][gc,metaspace   ] GC(326) Metaspace: 112K(320K)->112K(320K) NonClass: 105K(192K)->105K(192K) Class: 7K(128K)->7K(128K)
[2026-06-17T10:00:14.903+0800][13.766s][info][gc             ] GC(326) Pause Young (Allocation Failure) 54M->40M(61M) 1.627ms
[2026-06-17T10:00:14.904+0800][13.766s][info][gc,cpu         ] GC(326) User=0.00s Sys=0.00s Real=0.01s
[2026-06-17T10:00:14.946+0800][13.809s][info][gc,start       ] GC(327) Pause Young (Allocation Failure)
[2026-06-17T10:00:14.946+0800][13.809s][info][gc             ] GC(327) Pause Young (Allocation Failure) 57M->57M(61M) 0.483ms
[2026-06-17T10:00:14.947+0800][13.809s][info][gc,cpu         ] GC(327) User=0.00s Sys=0.00s Real=0.00s
[2026-06-17T10:00:14.947+0800][13.810s][info][gc,start       ] GC(328) Pause Full (Allocation Failure)
[2026-06-17T10:00:14.947+0800][13.810s][info][gc,phases,start] GC(328) Phase 1: Mark live objects
[2026-06-17T10:00:14.948+0800][13.811s][info][gc,phases      ] GC(328) Phase 1: Mark live objects 0.950ms
[2026-06-17T10:00:14.949+0800][13.811s][info][gc,phases,start] GC(328) Phase 2: Compute new object addresses
[2026-06-17T10:00:14.949+0800][13.812s][info][gc,phases      ] GC(328) Phase 2: Compute new object addresses 0.436ms
[2026-06-17T10:00:14.949+0800][13.812s][info][gc,phases,start] GC(328) Phase 3: Adjust pointers
[2026-06-17T10:00:14.950+0800][13.812s][info][gc,phases      ] GC(328) Phase 3: Adjust pointers 0.436ms
[2026-06-17T10:00:14.950+0800][13.812s][info][gc,phases,start] GC(328) Phase 4: Move objects
[2026-06-17T10:00:14.952+0800][13.814s][info][gc,phases      ] GC(328) Phase 4: Move objects 2.028ms
[2026-06-17T10:00:14.952+0800][13.815s][info][gc,heap        ] GC(328) DefNew: 19499K(19648K)->0K(19648K) Eden: 17324K(17472K)->0K(17472K) From: 2174K(2176K)->0K(2176K)
[2026-06-17T10:00:14.952+0800][13.815s][info][gc,heap        ] GC(328) Tenured: 39529K(43712K)->32405K(43712K)
[2026-06-17T10:00:14.952+0800][13.815s][info][gc,metaspace   ] GC(328) Metaspace: 112K(320K)->112K(320K) NonClass: 105K(192K)->105K(192K) Class: 7K(128K)->7K(128K)
[2026-06-17T10:00:14.952+0800][13.815s][info][gc             ] GC(328) Pause Full (Allocation Failure) 57M->31M(61M) 5.413ms
[2026-06-17T10:00:14.952+0800][13.815s][info][gc,cpu         ] GC(328) User=0.00s Sys=0.00s Real=0.01s
[2026-06-17T10:00:14.995+0800][13.858s][info][gc,start       ] GC(329) Pause Young (Allocation Failure)
[2026-06-17T10:00:14.997+0800][13.860s][info][gc,heap        ] GC(329) DefNew: 17432K(19648K)->2173K(19648K) Eden: 17432K(17472K)->0K(17472K) From: 0K(2176K)->2173K(2176K)
[2026-06-17T10:00:14.997+0800][13.860s][info][gc,heap        ] GC(329) Tenured: 32405K(43712K)->36905K(43712K)
[2026-06-17T10:00:14.998+0800][13.860s][info][gc,metaspace   ] GC(329) Metaspace: 112K(320K)->112K(320K) NonClass: 105K(192K)->105K(192K) Class: 7K(128K)->7K(128K)
[2026-06-17T10:00:14.998+0800][13.861s][info][gc             ] GC(329) Pause Young (Allocation Failure) 48M->38M(61M) 2.703ms
[2026-06-17T10:00:14.998+0800][13.861s][info][gc,cpu         ] GC(329) User=0.01s Sys=0.00s Real=0.00s
[2026-06-17T10:00:15.051+0800][13.914s][info][gc,start       ] GC(330) Pause Young (Allocation Failure)
[2026-06-17T10:00:15.076+0800][13.938s][info][gc             ] GC(330) Pause Young (Allocation Failure) 55M->55M(61M) 24.602ms
[2026-06-17T10:00:15.076+0800][13.939s][info][gc,cpu         ] GC(330) User=0.00s Sys=0.00s Real=0.02s
[2026-06-17T10:00:15.077+0800][13.940s][info][gc,start       ] GC(331) Pause Full (Allocation Failure)
[2026-06-17T10:00:15.078+0800][13.940s][info][gc,phases,start] GC(331) Phase 1: Mark live objects
[2026-06-17T10:00:15.079+0800][13.942s][info][gc,phases      ] GC(331) Phase 1: Mark live objects 1.578ms
[2026-06-17T10:00:15.081+0800][13.944s][info][gc,phases,start] GC(331) Phase 2: Compute new object addresses
[2026-06-17T10:00:15.083+0800][13.946s][info][gc,phases      ] GC(331) Phase 2: Compute new object addresses 2.644ms
[2026-06-17T10:00:15.084+0800][13.947s][info][gc,phases,start] GC(331) Phase 3: Adjust pointers
[2026-06-17T10:00:15.088+0800][13.951s][info][gc,phases      ] GC(331) Phase 3: Adjust pointers 3.884ms
[2026-06-17T10:00:15.091+0800][13.953s][info][gc,phases,start] GC(331) Phase 4: Move objects
[2026-06-17T10:00:15.095+0800][13.958s][info][gc,phases      ] GC(331) Phase 4: Move objects 4.257ms
[2026-06-17T10:00:15.097+0800][13.959s][info][gc,heap        ] GC(331) DefNew: 19639K(19648K)->0K(19648K) Eden: 17465K(17472K)->0K(17472K) From: 2173K(2176K)->0K(2176K)
[2026-06-17T10:00:15.099+0800][13.962s][info][gc,heap        ] GC(331) Tenured: 36905K(43712K)->30394K(43712K)
[2026-06-17T10:00:15.099+0800][13.962s][info][gc,metaspace   ] GC(331) Metaspace: 112K(320K)->112K(320K) NonClass: 105K(192K)->105K(192K) Class: 7K(128K)->7K(128K)
[2026-06-17T10:00:15.103+0800][13.965s][info][gc             ] GC(331) Pause Full (Allocation Failure) 55M->29M(61M) 25.720ms
[2026-06-17T10:00:15.105+0800][13.968s][info][gc,cpu         ] GC(331) User=0.00s Sys=0.00s Real=0.03s
[2026-06-17T10:00:15.138+0800][14.001s][info][gc,start       ] GC(332) Pause Young (Allocation Failure)
[2026-06-17T10:00:15.144+0800][14.007s][info][gc,heap        ] GC(332) DefNew: 17459K(19648K)->2167K(19648K) Eden: 17459K(17472K)->0K(17472K) From: 0K(2176K)->2167K(2176K)
[2026-06-17T10:00:15.154+0800][14.017s][info][gc,heap        ] GC(332) Tenured: 30394K(43712K)->34847K(43712K)
[2026-06-17T10:00:15.154+0800][14.017s][info][gc,metaspace   ] GC(332) Metaspace: 112K(320K)->112K(320K) NonClass: 105K(192K)->105K(192K) Class: 7K(128K)->7K(128K)
[2026-06-17T10:00:15.156+0800][14.019s][info][gc             ] GC(332) Pause Young (Allocation Failure) 46M->36M(61M) 18.293ms
[2026-06-17T10:00:15.158+0800][14.021s][info][gc,cpu         ] GC(332) User=0.01s Sys=0.00s Real=0.02s
[2026-06-17T10:00:15.214+0800][14.077s][info][gc,start       ] GC(333) Pause Young (Allocation Failure)
[2026-06-17T10:00:15.216+0800][14.079s][info][gc,heap        ] GC(333) DefNew: 19639K(19648K)->2105K(19648K) Eden: 17472K(17472K)->0K(17472K) From: 2167K(2176K)->2105K(2176K)
[2026-06-17T10:00:15.221+0800][14.084s][info][gc,heap        ] GC(333) Tenured: 34847K(43712K)->38097K(43712K)
[2026-06-17T10:00:15.228+0800][14.091s][info][gc,metaspace   ] GC(333) Metaspace: 112K(320K)->112K(320K) NonClass: 105K(192K)->105K(192K) Class: 7K(128K)->7K(128K)
[2026-06-17T10:00:15.228+0800][14.091s][info][gc             ] GC(333) Pause Young (Allocation Failure) 53M->39M(61M) 13.716ms
[2026-06-17T10:00:15.232+0800][14.095s][info][gc,cpu         ] GC(333) User=0.00s Sys=0.00s Real=0.02s
[2026-06-17T10:00:15.276+0800][14.139s][info][gc,start       ] GC(334) Pause Young (Allocation Failure)
[2026-06-17T10:00:15.278+0800][14.141s][info][gc             ] GC(334) Pause Young (Allocation Failure) 56M->56M(61M) 2.567ms
[2026-06-17T10:00:15.280+0800][14.143s][info][gc,cpu         ] GC(334) User=0.00s Sys=0.00s Real=0.00s
[2026-06-17T10:00:15.281+0800][14.144s][info][gc,start       ] GC(335) Pause Full (Allocation Failure)
[2026-06-17T10:00:15.283+0800][14.145s][info][gc,phases,start] GC(335) Phase 1: Mark live objects
[2026-06-17T10:00:15.285+0800][14.148s][info][gc,phases      ] GC(335) Phase 1: Mark live objects 2.423ms
[2026-06-17T10:00:15.286+0800][14.149s][info][gc,phases,start] GC(335) Phase 2: Compute new object addresses
[2026-06-17T10:00:15.288+0800][14.151s][info][gc,phases      ] GC(335) Phase 2: Compute new object addresses 2.355ms
[2026-06-17T10:00:15.289+0800][14.152s][info][gc,phases,start] GC(335) Phase 3: Adjust pointers
[2026-06-17T10:00:15.292+0800][14.155s][info][gc,phases      ] GC(335) Phase 3: Adjust pointers 2.573ms
[2026-06-17T10:00:15.294+0800][14.156s][info][gc,phases,start] GC(335) Phase 4: Move objects
[2026-06-17T10:00:15.298+0800][14.161s][info][gc,phases      ] GC(335) Phase 4: Move objects 4.371ms
[2026-06-17T10:00:15.299+0800][14.162s][info][gc,heap        ] GC(335) DefNew: 19541K(19648K)->0K(19648K) Eden: 17435K(17472K)->0K(17472K) From: 2105K(2176K)->0K(2176K)
[2026-06-17T10:00:15.300+0800][14.162s][info][gc,heap        ] GC(335) Tenured: 38097K(43712K)->24795K(43712K)
[2026-06-17T10:00:15.303+0800][14.165s][info][gc,metaspace   ] GC(335) Metaspace: 112K(320K)->112K(320K) NonClass: 105K(192K)->105K(192K) Class: 7K(128K)->7K(128K)
[2026-06-17T10:00:15.305+0800][14.168s][info][gc             ] GC(335) Pause Full (Allocation Failure) 56M->24M(61M) 23.659ms
[2026-06-17T10:00:15.305+0800][14.168s][info][gc,cpu         ] GC(335) User=0.00s Sys=0.00s Real=0.03s
[2026-06-17T10:00:15.350+0800][14.212s][info][gc,start       ] GC(336) Pause Young (Allocation Failure)
[2026-06-17T10:00:15.351+0800][14.214s][info][gc,heap        ] GC(336) DefNew: 17439K(19648K)->2174K(19648K) Eden: 17439K(17472K)->0K(17472K) From: 0K(2176K)->2174K(2176K)
[2026-06-17T10:00:15.351+0800][14.214s][info][gc,heap        ] GC(336) Tenured: 24795K(43712K)->29285K(43712K)
[2026-06-17T10:00:15.351+0800][14.214s][info][gc,metaspace   ] GC(336) Metaspace: 112K(320K)->112K(320K) NonClass: 105K(192K)->105K(192K) Class: 7K(128K)->7K(128K)
[2026-06-17T10:00:15.351+0800][14.214s][info][gc             ] GC(336) Pause Young (Allocation Failure) 41M->30M(61M) 1.642ms
[2026-06-17T10:00:15.351+0800][14.214s][info][gc,cpu         ] GC(336) User=0.00s Sys=0.00s Real=0.01s
[2026-06-17T10:00:15.394+0800][14.256s][info][gc,start       ] GC(337) Pause Young (Allocation Failure)
[2026-06-17T10:00:15.395+0800][14.258s][info][gc,heap        ] GC(337) DefNew: 19646K(19648K)->2175K(19648K) Eden: 17472K(17472K)->0K(17472K) From: 2174K(2176K)->2175K(2176K)
[2026-06-17T10:00:15.395+0800][14.258s][info][gc,heap        ] GC(337) Tenured: 29285K(43712K)->33824K(43712K)
[2026-06-17T10:00:15.396+0800][14.259s][info][gc,metaspace   ] GC(337) Metaspace: 112K(320K)->112K(320K) NonClass: 105K(192K)->105K(192K) Class: 7K(128K)->7K(128K)
[2026-06-17T10:00:15.396+0800][14.259s][info][gc             ] GC(337) Pause Young (Allocation Failure) 47M->35M(61M) 2.541ms
[2026-06-17T10:00:15.396+0800][14.259s][info][gc,cpu         ] GC(337) User=0.00s Sys=0.00s Real=0.00s
[2026-06-17T10:00:15.439+0800][14.302s][info][gc,start       ] GC(338) Pause Young (Allocation Failure)
[2026-06-17T10:00:15.440+0800][14.303s][info][gc,heap        ] GC(338) DefNew: 19459K(19648K)->1967K(19648K) Eden: 17283K(17472K)->0K(17472K) From: 2175K(2176K)->1967K(2176K)
[2026-06-17T10:00:15.440+0800][14.303s][info][gc,heap        ] GC(338) Tenured: 33824K(43712K)->36148K(43712K)
[2026-06-17T10:00:15.440+0800][14.303s][info][gc,metaspace   ] GC(338) Metaspace: 112K(320K)->112K(320K) NonClass: 105K(192K)->105K(192K) Class: 7K(128K)->7K(128K)
[2026-06-17T10:00:15.441+0800][14.303s][info][gc             ] GC(338) Pause Young (Allocation Failure) 52M->37M(61M) 1.757ms
[2026-06-17T10:00:15.441+0800][14.304s][info][gc,cpu         ] GC(338) User=0.00s Sys=0.00s Real=0.00s
[2026-06-17T10:00:15.484+0800][14.346s][info][gc,start       ] GC(339) Pause Young (Allocation Failure)
[2026-06-17T10:00:15.490+0800][14.353s][info][gc,heap        ] GC(339) DefNew: 19426K(19648K)->2173K(19648K) Eden: 17458K(17472K)->0K(17472K) From: 1967K(2176K)->2173K(2176K)
[2026-06-17T10:00:15.505+0800][14.367s][info][gc,heap        ] GC(339) Tenured: 36148K(43712K)->42855K(43712K)
[2026-06-17T10:00:15.507+0800][14.370s][info][gc,metaspace   ] GC(339) Metaspace: 112K(320K)->112K(320K) NonClass: 105K(192K)->105K(192K) Class: 7K(128K)->7K(128K)
[2026-06-17T10:00:15.507+0800][14.370s][info][gc             ] GC(339) Pause Young (Allocation Failure) 54M->43M(61M) 23.823ms
[2026-06-17T10:00:15.511+0800][14.374s][info][gc,cpu         ] GC(339) User=0.00s Sys=0.00s Real=0.03s
[2026-06-17T10:00:15.565+0800][14.427s][info][gc,start       ] GC(340) Pause Young (Allocation Failure)
[2026-06-17T10:00:15.565+0800][14.428s][info][gc             ] GC(340) Pause Young (Allocation Failure) 61M->61M(61M) 0.466ms
[2026-06-17T10:00:15.565+0800][14.428s][info][gc,cpu         ] GC(340) User=0.00s Sys=0.00s Real=0.00s
[2026-06-17T10:00:15.566+0800][14.429s][info][gc,start       ] GC(341) Pause Full (Allocation Failure)
[2026-06-17T10:00:15.566+0800][14.429s][info][gc,phases,start] GC(341) Phase 1: Mark live objects
[2026-06-17T10:00:15.567+0800][14.430s][info][gc,phases      ] GC(341) Phase 1: Mark live objects 1.155ms
[2026-06-17T10:00:15.568+0800][14.430s][info][gc,phases,start] GC(341) Phase 2: Compute new object addresses
[2026-06-17T10:00:15.568+0800][14.431s][info][gc,phases      ] GC(341) Phase 2: Compute new object addresses 0.731ms
[2026-06-17T10:00:15.569+0800][14.431s][info][gc,phases,start] GC(341) Phase 3: Adjust pointers
[2026-06-17T10:00:15.570+0800][14.432s][info][gc,phases      ] GC(341) Phase 3: Adjust pointers 0.909ms
[2026-06-17T10:00:15.570+0800][14.433s][info][gc,phases,start] GC(341) Phase 4: Move objects
[2026-06-17T10:00:15.573+0800][14.436s][info][gc,phases      ] GC(341) Phase 4: Move objects 2.708ms
[2026-06-17T10:00:15.574+0800][14.436s][info][gc,heap        ] GC(341) DefNew: 19633K(19648K)->0K(19648K) Eden: 17460K(17472K)->0K(17472K) From: 2173K(2176K)->0K(2176K)
[2026-06-17T10:00:15.574+0800][14.437s][info][gc,heap        ] GC(341) Tenured: 42855K(43712K)->29411K(43712K)
[2026-06-17T10:00:15.574+0800][14.437s][info][gc,metaspace   ] GC(341) Metaspace: 112K(320K)->112K(320K) NonClass: 105K(192K)->105K(192K) Class: 7K(128K)->7K(128K)
[2026-06-17T10:00:15.574+0800][14.437s][info][gc             ] GC(341) Pause Full (Allocation Failure) 61M->28M(61M) 8.211ms
[2026-06-17T10:00:15.574+0800][14.437s][info][gc,cpu         ] GC(341) User=0.01s Sys=0.00s Real=0.01s
[2026-06-17T10:00:15.617+0800][14.480s][info][gc,start       ] GC(342) Pause Young (Allocation Failure)
[2026-06-17T10:00:15.618+0800][14.481s][info][gc,heap        ] GC(342) DefNew: 17421K(19648K)->2106K(19648K) Eden: 17421K(17472K)->0K(17472K) From: 0K(2176K)->2106K(2176K)
[2026-06-17T10:00:15.619+0800][14.481s][info][gc,heap        ] GC(342) Tenured: 29411K(43712K)->34240K(43712K)
[2026-06-17T10:00:15.619+0800][14.482s][info][gc,metaspace   ] GC(342) Metaspace: 112K(320K)->112K(320K) NonClass: 105K(192K)->105K(192K) Class: 7K(128K)->7K(128K)
[2026-06-17T10:00:15.620+0800][14.482s][info][gc             ] GC(342) Pause Young (Allocation Failure) 45M->35M(61M) 2.804ms
[2026-06-17T10:00:15.620+0800][14.483s][info][gc,cpu         ] GC(342) User=0.00s Sys=0.00s Real=0.00s
[2026-06-17T10:00:15.663+0800][14.525s][info][gc,start       ] GC(343) Pause Young (Allocation Failure)
[2026-06-17T10:00:15.664+0800][14.527s][info][gc,heap        ] GC(343) DefNew: 19521K(19648K)->2156K(19648K) Eden: 17415K(17472K)->0K(17472K) From: 2106K(2176K)->2156K(2176K)
[2026-06-17T10:00:15.665+0800][14.527s][info][gc,heap        ] GC(343) Tenured: 34240K(43712K)->37674K(43712K)
[2026-06-17T10:00:15.665+0800][14.528s][info][gc,metaspace   ] GC(343) Metaspace: 112K(320K)->112K(320K) NonClass: 105K(192K)->105K(192K) Class: 7K(128K)->7K(128K)
[2026-06-17T10:00:15.665+0800][14.528s][info][gc             ] GC(343) Pause Young (Allocation Failure) 52M->38M(61M) 2.709ms
[2026-06-17T10:00:15.666+0800][14.529s][info][gc,cpu         ] GC(343) User=0.01s Sys=0.00s Real=0.00s
[2026-06-17T10:00:15.709+0800][14.571s][info][gc,start       ] GC(344) Pause Young (Allocation Failure)
[2026-06-17T10:00:15.709+0800][14.572s][info][gc             ] GC(344) Pause Young (Allocation Failure) 55M->55M(61M) 0.927ms
[2026-06-17T10:00:15.711+0800][14.573s][info][gc,cpu         ] GC(344) User=0.00s Sys=0.00s Real=0.01s
[2026-06-17T10:00:15.711+0800][14.574s][info][gc,start       ] GC(345) Pause Full (Allocation Failure)
[2026-06-17T10:00:15.712+0800][14.575s][info][gc,phases,start] GC(345) Phase 1: Mark live objects
[2026-06-17T10:00:15.716+0800][14.579s][info][gc,phases      ] GC(345) Phase 1: Mark live objects 4.118ms
[2026-06-17T10:00:15.717+0800][14.580s][info][gc,phases,start] GC(345) Phase 2: Compute new object addresses
[2026-06-17T10:00:15.718+0800][14.581s][info][gc,phases      ] GC(345) Phase 2: Compute new object addresses 1.211ms
[2026-06-17T10:00:15.720+0800][14.582s][info][gc,phases,start] GC(345) Phase 3: Adjust pointers
[2026-06-17T10:00:15.722+0800][14.585s][info][gc,phases      ] GC(345) Phase 3: Adjust pointers 2.426ms
[2026-06-17T10:00:15.724+0800][14.587s][info][gc,phases,start] GC(345) Phase 4: Move objects
[2026-06-17T10:00:15.727+0800][14.590s][info][gc,phases      ] GC(345) Phase 4: Move objects 2.866ms
[2026-06-17T10:00:15.727+0800][14.590s][info][gc,heap        ] GC(345) DefNew: 19356K(19648K)->0K(19648K) Eden: 17200K(17472K)->0K(17472K) From: 2156K(2176K)->0K(2176K)
[2026-06-17T10:00:15.728+0800][14.591s][info][gc,heap        ] GC(345) Tenured: 37674K(43712K)->27158K(43712K)
[2026-06-17T10:00:15.728+0800][14.591s][info][gc,metaspace   ] GC(345) Metaspace: 112K(320K)->112K(320K) NonClass: 105K(192K)->105K(192K) Class: 7K(128K)->7K(128K)
[2026-06-17T10:00:15.728+0800][14.591s][info][gc             ] GC(345) Pause Full (Allocation Failure) 55M->26M(61M) 17.070ms
[2026-06-17T10:00:15.729+0800][14.592s][info][gc,cpu         ] GC(345) User=0.00s Sys=0.00s Real=0.01s
[2026-06-17T10:00:15.782+0800][14.645s][info][gc,start       ] GC(346) Pause Young (Allocation Failure)
[2026-06-17T10:00:15.784+0800][14.646s][info][gc,heap        ] GC(346) DefNew: 17467K(19648K)->2146K(19648K) Eden: 17467K(17472K)->0K(17472K) From: 0K(2176K)->2146K(2176K)
[2026-06-17T10:00:15.784+0800][14.647s][info][gc,heap        ] GC(346) Tenured: 27158K(43712K)->28698K(43712K)
[2026-06-17T10:00:15.784+0800][14.647s][info][gc,metaspace   ] GC(346) Metaspace: 112K(320K)->112K(320K) NonClass: 105K(192K)->105K(192K) Class: 7K(128K)->7K(128K)
[2026-06-17T10:00:15.785+0800][14.648s][info][gc             ] GC(346) Pause Young (Allocation Failure) 43M->30M(61M) 2.461ms
[2026-06-17T10:00:15.785+0800][14.648s][info][gc,cpu         ] GC(346) User=0.00s Sys=0.00s Real=0.01s
[2026-06-17T10:00:15.829+0800][14.692s][info][gc,start       ] GC(347) Pause Young (Allocation Failure)
[2026-06-17T10:00:15.897+0800][14.760s][info][gc,heap        ] GC(347) DefNew: 19618K(19648K)->2075K(19648K) Eden: 17472K(17472K)->0K(17472K) From: 2146K(2176K)->2075K(2176K)
[2026-06-17T10:00:15.898+0800][14.761s][info][gc,heap        ] GC(347) Tenured: 28698K(43712K)->32034K(43712K)
[2026-06-17T10:00:15.898+0800][14.761s][info][gc,metaspace   ] GC(347) Metaspace: 112K(320K)->112K(320K) NonClass: 105K(192K)->105K(192K) Class: 7K(128K)->7K(128K)
[2026-06-17T10:00:15.899+0800][14.762s][info][gc             ] GC(347) Pause Young (Allocation Failure) 47M->33M(61M) 70.125ms
[2026-06-17T10:00:15.901+0800][14.764s][info][gc,cpu         ] GC(347) User=0.00s Sys=0.00s Real=0.07s
[2026-06-17T10:00:15.934+0800][14.796s][info][gc,start       ] GC(348) Pause Young (Allocation Failure)
[2026-06-17T10:00:15.935+0800][14.797s][info][gc,heap        ] GC(348) DefNew: 19476K(19648K)->2142K(19648K) Eden: 17400K(17472K)->0K(17472K) From: 2075K(2176K)->2142K(2176K)
[2026-06-17T10:00:15.935+0800][14.798s][info][gc,heap        ] GC(348) Tenured: 32034K(43712K)->34997K(43712K)
[2026-06-17T10:00:15.935+0800][14.798s][info][gc,metaspace   ] GC(348) Metaspace: 112K(320K)->112K(320K) NonClass: 105K(192K)->105K(192K) Class: 7K(128K)->7K(128K)
[2026-06-17T10:00:15.936+0800][14.798s][info][gc             ] GC(348) Pause Young (Allocation Failure) 50M->36M(61M) 1.855ms
[2026-06-17T10:00:15.936+0800][14.798s][info][gc,cpu         ] GC(348) User=0.00s Sys=0.00s Real=0.00s
[2026-06-17T10:00:15.988+0800][14.851s][info][gc,start       ] GC(349) Pause Young (Allocation Failure)
[2026-06-17T10:00:15.990+0800][14.853s][info][gc,heap        ] GC(349) DefNew: 19601K(19648K)->2164K(19648K) Eden: 17458K(17472K)->0K(17472K) From: 2142K(2176K)->2164K(2176K)
[2026-06-17T10:00:15.990+0800][14.853s][info][gc,heap        ] GC(349) Tenured: 34997K(43712K)->38579K(43712K)
[2026-06-17T10:00:15.991+0800][14.853s][info][gc,metaspace   ] GC(349) Metaspace: 112K(320K)->112K(320K) NonClass: 105K(192K)->105K(192K) Class: 7K(128K)->7K(128K)
[2026-06-17T10:00:15.991+0800][14.854s][info][gc             ] GC(349) Pause Young (Allocation Failure) 53M->39M(61M) 2.488ms
[2026-06-17T10:00:15.991+0800][14.854s][info][gc,cpu         ] GC(349) User=0.00s Sys=0.00s Real=0.01s
[2026-06-17T10:00:16.034+0800][14.896s][info][gc,start       ] GC(350) Pause Young (Allocation Failure)
[2026-06-17T10:00:16.034+0800][14.897s][info][gc             ] GC(350) Pause Young (Allocation Failure) 56M->56M(61M) 0.439ms
[2026-06-17T10:00:16.034+0800][14.897s][info][gc,cpu         ] GC(350) User=0.00s Sys=0.00s Real=0.00s
[2026-06-17T10:00:16.034+0800][14.897s][info][gc,start       ] GC(351) Pause Full (Allocation Failure)
[2026-06-17T10:00:16.035+0800][14.898s][info][gc,phases,start] GC(351) Phase 1: Mark live objects
[2026-06-17T10:00:16.036+0800][14.898s][info][gc,phases      ] GC(351) Phase 1: Mark live objects 0.839ms
[2026-06-17T10:00:16.036+0800][14.899s][info][gc,phases,start] GC(351) Phase 2: Compute new object addresses
[2026-06-17T10:00:16.036+0800][14.899s][info][gc,phases      ] GC(351) Phase 2: Compute new object addresses 0.434ms
[2026-06-17T10:00:16.037+0800][14.899s][info][gc,phases,start] GC(351) Phase 3: Adjust pointers
[2026-06-17T10:00:16.037+0800][14.900s][info][gc,phases      ] GC(351) Phase 3: Adjust pointers 0.504ms
[2026-06-17T10:00:16.037+0800][14.900s][info][gc,phases,start] GC(351) Phase 4: Move objects
[2026-06-17T10:00:16.040+0800][14.903s][info][gc,phases      ] GC(351) Phase 4: Move objects 2.870ms
[2026-06-17T10:00:16.041+0800][14.903s][info][gc,heap        ] GC(351) DefNew: 19628K(19648K)->0K(19648K) Eden: 17464K(17472K)->0K(17472K) From: 2164K(2176K)->0K(2176K)
[2026-06-17T10:00:16.041+0800][14.903s][info][gc,heap        ] GC(351) Tenured: 38579K(43712K)->34627K(43712K)
[2026-06-17T10:00:16.041+0800][14.904s][info][gc,metaspace   ] GC(351) Metaspace: 112K(320K)->112K(320K) NonClass: 105K(192K)->105K(192K) Class: 7K(128K)->7K(128K)
[2026-06-17T10:00:16.041+0800][14.904s][info][gc             ] GC(351) Pause Full (Allocation Failure) 56M->33M(61M) 7.019ms
[2026-06-17T10:00:16.042+0800][14.905s][info][gc,cpu         ] GC(351) User=0.00s Sys=0.00s Real=0.00s
[2026-06-17T10:00:16.084+0800][14.947s][info][gc,start       ] GC(352) Pause Young (Allocation Failure)
[2026-06-17T10:00:16.087+0800][14.950s][info][gc,heap        ] GC(352) DefNew: 17453K(19648K)->2172K(19648K) Eden: 17453K(17472K)->0K(17472K) From: 0K(2176K)->2172K(2176K)
[2026-06-17T10:00:16.088+0800][14.951s][info][gc,heap        ] GC(352) Tenured: 34627K(43712K)->39369K(43712K)
[2026-06-17T10:00:16.088+0800][14.951s][info][gc,metaspace   ] GC(352) Metaspace: 112K(320K)->112K(320K) NonClass: 105K(192K)->105K(192K) Class: 7K(128K)->7K(128K)
[2026-06-17T10:00:16.089+0800][14.951s][info][gc             ] GC(352) Pause Young (Allocation Failure) 50M->40M(61M) 4.456ms
[2026-06-17T10:00:16.089+0800][14.952s][info][gc,cpu         ] GC(352) User=0.00s Sys=0.00s Real=0.00s
[2026-06-17T10:00:16.132+0800][14.994s][info][gc,start       ] GC(353) Pause Young (Allocation Failure)
[2026-06-17T10:00:16.137+0800][14.999s][info][gc             ] GC(353) Pause Young (Allocation Failure) 57M->57M(61M) 4.836ms
[2026-06-17T10:00:16.139+0800][15.001s][info][gc,cpu         ] GC(353) User=0.00s Sys=0.00s Real=0.00s
[2026-06-17T10:00:16.154+0800][15.017s][info][gc,start       ] GC(354) Pause Full (Allocation Failure)
[2026-06-17T10:00:16.157+0800][15.020s][info][gc,phases,start] GC(354) Phase 1: Mark live objects
[2026-06-17T10:00:16.169+0800][15.031s][info][gc,phases      ] GC(354) Phase 1: Mark live objects 11.814ms
[2026-06-17T10:00:16.170+0800][15.032s][info][gc,phases,start] GC(354) Phase 2: Compute new object addresses
[2026-06-17T10:00:16.175+0800][15.038s][info][gc,phases      ] GC(354) Phase 2: Compute new object addresses 5.467ms
[2026-06-17T10:00:16.180+0800][15.043s][info][gc,phases,start] GC(354) Phase 3: Adjust pointers
[2026-06-17T10:00:16.186+0800][15.049s][info][gc,phases      ] GC(354) Phase 3: Adjust pointers 5.702ms
[2026-06-17T10:00:16.194+0800][15.057s][info][gc,phases,start] GC(354) Phase 4: Move objects
[2026-06-17T10:00:16.204+0800][15.067s][info][gc,phases      ] GC(354) Phase 4: Move objects 10.476ms
[2026-06-17T10:00:16.209+0800][15.071s][info][gc,heap        ] GC(354) DefNew: 19644K(19648K)->0K(19648K) Eden: 17472K(17472K)->0K(17472K) From: 2172K(2176K)->0K(2176K)
[2026-06-17T10:00:16.209+0800][15.072s][info][gc,heap        ] GC(354) Tenured: 39369K(43712K)->30731K(43712K)
[2026-06-17T10:00:16.210+0800][15.072s][info][gc,metaspace   ] GC(354) Metaspace: 112K(320K)->112K(320K) NonClass: 105K(192K)->105K(192K) Class: 7K(128K)->7K(128K)
[2026-06-17T10:00:16.210+0800][15.073s][info][gc             ] GC(354) Pause Full (Allocation Failure) 57M->30M(61M) 56.126ms
[2026-06-17T10:00:16.210+0800][15.073s][info][gc,cpu         ] GC(354) User=0.01s Sys=0.00s Real=0.05s
[2026-06-17T10:00:16.253+0800][15.116s][info][gc,start       ] GC(355) Pause Young (Allocation Failure)
[2026-06-17T10:00:16.256+0800][15.119s][info][gc,heap        ] GC(355) DefNew: 17128K(19648K)->2149K(19648K) Eden: 17128K(17472K)->0K(17472K) From: 0K(2176K)->2149K(2176K)
[2026-06-17T10:00:16.256+0800][15.119s][info][gc,heap        ] GC(355) Tenured: 30731K(43712K)->31849K(43712K)
[2026-06-17T10:00:16.256+0800][15.119s][info][gc,metaspace   ] GC(355) Metaspace: 112K(320K)->112K(320K) NonClass: 105K(192K)->105K(192K) Class: 7K(128K)->7K(128K)
[2026-06-17T10:00:16.257+0800][15.119s][info][gc             ] GC(355) Pause Young (Allocation Failure) 46M->33M(61M) 3.705ms
[2026-06-17T10:00:16.257+0800][15.120s][info][gc,cpu         ] GC(355) User=0.00s Sys=0.00s Real=0.00s
[2026-06-17T10:00:16.299+0800][15.162s][info][gc,start       ] GC(356) Pause Young (Allocation Failure)
[2026-06-17T10:00:16.303+0800][15.166s][info][gc,heap        ] GC(356) DefNew: 19596K(19648K)->2175K(19648K) Eden: 17447K(17472K)->0K(17472K) From: 2149K(2176K)->2175K(2176K)
[2026-06-17T10:00:16.305+0800][15.168s][info][gc,heap        ] GC(356) Tenured: 31849K(43712K)->38312K(43712K)
[2026-06-17T10:00:16.305+0800][15.168s][info][gc,metaspace   ] GC(356) Metaspace: 112K(320K)->112K(320K) NonClass: 105K(192K)->105K(192K) Class: 7K(128K)->7K(128K)
[2026-06-17T10:00:16.308+0800][15.171s][info][gc             ] GC(356) Pause Young (Allocation Failure) 50M->39M(61M) 8.625ms
[2026-06-17T10:00:16.309+0800][15.172s][info][gc,cpu         ] GC(356) User=0.00s Sys=0.00s Real=0.01s
[2026-06-17T10:00:16.362+0800][15.225s][info][gc,start       ] GC(357) Pause Young (Allocation Failure)
[2026-06-17T10:00:16.362+0800][15.225s][info][gc             ] GC(357) Pause Young (Allocation Failure) 56M->56M(61M) 0.436ms
[2026-06-17T10:00:16.363+0800][15.225s][info][gc,cpu         ] GC(357) User=0.00s Sys=0.00s Real=0.01s
[2026-06-17T10:00:16.363+0800][15.225s][info][gc,start       ] GC(358) Pause Full (Allocation Failure)
[2026-06-17T10:00:16.363+0800][15.226s][info][gc,phases,start] GC(358) Phase 1: Mark live objects
[2026-06-17T10:00:16.364+0800][15.226s][info][gc,phases      ] GC(358) Phase 1: Mark live objects 0.790ms
[2026-06-17T10:00:16.364+0800][15.227s][info][gc,phases,start] GC(358) Phase 2: Compute new object addresses
[2026-06-17T10:00:16.364+0800][15.227s][info][gc,phases      ] GC(358) Phase 2: Compute new object addresses 0.414ms
[2026-06-17T10:00:16.365+0800][15.227s][info][gc,phases,start] GC(358) Phase 3: Adjust pointers
[2026-06-17T10:00:16.365+0800][15.228s][info][gc,phases      ] GC(358) Phase 3: Adjust pointers 0.838ms
[2026-06-17T10:00:16.366+0800][15.228s][info][gc,phases,start] GC(358) Phase 4: Move objects
[2026-06-17T10:00:16.368+0800][15.231s][info][gc,phases      ] GC(358) Phase 4: Move objects 2.058ms
[2026-06-17T10:00:16.368+0800][15.231s][info][gc,heap        ] GC(358) DefNew: 19636K(19648K)->0K(19648K) Eden: 17461K(17472K)->0K(17472K) From: 2175K(2176K)->0K(2176K)
[2026-06-17T10:00:16.368+0800][15.231s][info][gc,heap        ] GC(358) Tenured: 38312K(43712K)->21775K(43712K)
[2026-06-17T10:00:16.368+0800][15.231s][info][gc,metaspace   ] GC(358) Metaspace: 112K(320K)->112K(320K) NonClass: 105K(192K)->105K(192K) Class: 7K(128K)->7K(128K)
[2026-06-17T10:00:16.369+0800][15.231s][info][gc             ] GC(358) Pause Full (Allocation Failure) 56M->21M(61M) 5.866ms
[2026-06-17T10:00:16.369+0800][15.231s][info][gc,cpu         ] GC(358) User=0.00s Sys=0.00s Real=0.00s
[2026-06-17T10:00:16.412+0800][15.274s][info][gc,start       ] GC(359) Pause Young (Allocation Failure)
[2026-06-17T10:00:16.413+0800][15.276s][info][gc,heap        ] GC(359) DefNew: 17458K(19648K)->2175K(19648K) Eden: 17458K(17472K)->0K(17472K) From: 0K(2176K)->2175K(2176K)
[2026-06-17T10:00:16.420+0800][15.283s][info][gc,heap        ] GC(359) Tenured: 21775K(43712K)->27047K(43712K)
[2026-06-17T10:00:16.425+0800][15.288s][info][gc,metaspace   ] GC(359) Metaspace: 112K(320K)->112K(320K) NonClass: 105K(192K)->105K(192K) Class: 7K(128K)->7K(128K)
[2026-06-17T10:00:16.432+0800][15.295s][info][gc             ] GC(359) Pause Young (Allocation Failure) 38M->28M(61M) 20.659ms
[2026-06-17T10:00:16.442+0800][15.305s][info][gc,cpu         ] GC(359) User=0.00s Sys=0.00s Real=0.02s
[2026-06-17T10:00:16.485+0800][15.348s][info][gc,start       ] GC(360) Pause Young (Allocation Failure)
[2026-06-17T10:00:16.487+0800][15.350s][info][gc,heap        ] GC(360) DefNew: 19647K(19648K)->2174K(19648K) Eden: 17472K(17472K)->0K(17472K) From: 2175K(2176K)->2174K(2176K)
[2026-06-17T10:00:16.488+0800][15.351s][info][gc,heap        ] GC(360) Tenured: 27047K(43712K)->34522K(43712K)
[2026-06-17T10:00:16.488+0800][15.351s][info][gc,metaspace   ] GC(360) Metaspace: 112K(320K)->112K(320K) NonClass: 105K(192K)->105K(192K) Class: 7K(128K)->7K(128K)
[2026-06-17T10:00:16.489+0800][15.352s][info][gc             ] GC(360) Pause Young (Allocation Failure) 45M->35M(61M) 3.545ms
[2026-06-17T10:00:16.489+0800][15.352s][info][gc,cpu         ] GC(360) User=0.01s Sys=0.00s Real=0.00s
[2026-06-17T10:00:16.532+0800][15.395s][info][gc,start       ] GC(361) Pause Young (Allocation Failure)
[2026-06-17T10:00:16.534+0800][15.396s][info][gc,heap        ] GC(361) DefNew: 19579K(19648K)->2147K(19648K) Eden: 17404K(17472K)->0K(17472K) From: 2174K(2176K)->2147K(2176K)
[2026-06-17T10:00:16.534+0800][15.397s][info][gc,heap        ] GC(361) Tenured: 34522K(43712K)->37510K(43712K)
[2026-06-17T10:00:16.535+0800][15.397s][info][gc,metaspace   ] GC(361) Metaspace: 112K(320K)->112K(320K) NonClass: 105K(192K)->105K(192K) Class: 7K(128K)->7K(128K)
[2026-06-17T10:00:16.536+0800][15.399s][info][gc             ] GC(361) Pause Young (Allocation Failure) 52M->38M(61M) 3.347ms
[2026-06-17T10:00:16.536+0800][15.399s][info][gc,cpu         ] GC(361) User=0.00s Sys=0.00s Real=0.00s
[2026-06-17T10:00:16.592+0800][15.455s][info][gc,start       ] GC(362) Pause Young (Allocation Failure)
[2026-06-17T10:00:16.593+0800][15.456s][info][gc             ] GC(362) Pause Young (Allocation Failure) 55M->55M(61M) 0.722ms
[2026-06-17T10:00:16.594+0800][15.457s][info][gc,cpu         ] GC(362) User=0.00s Sys=0.00s Real=0.00s
[2026-06-17T10:00:16.595+0800][15.457s][info][gc,start       ] GC(363) Pause Full (Allocation Failure)
[2026-06-17T10:00:16.596+0800][15.458s][info][gc,phases,start] GC(363) Phase 1: Mark live objects
[2026-06-17T10:00:16.597+0800][15.460s][info][gc,phases      ] GC(363) Phase 1: Mark live objects 1.799ms
[2026-06-17T10:00:16.598+0800][15.461s][info][gc,phases,start] GC(363) Phase 2: Compute new object addresses
[2026-06-17T10:00:16.599+0800][15.462s][info][gc,phases      ] GC(363) Phase 2: Compute new object addresses 1.009ms
[2026-06-17T10:00:16.600+0800][15.463s][info][gc,phases,start] GC(363) Phase 3: Adjust pointers
[2026-06-17T10:00:16.601+0800][15.464s][info][gc,phases      ] GC(363) Phase 3: Adjust pointers 1.144ms
[2026-06-17T10:00:16.602+0800][15.464s][info][gc,phases,start] GC(363) Phase 4: Move objects
[2026-06-17T10:00:16.604+0800][15.467s][info][gc,phases      ] GC(363) Phase 4: Move objects 2.399ms
[2026-06-17T10:00:16.605+0800][15.468s][info][gc,heap        ] GC(363) DefNew: 19576K(19648K)->0K(19648K) Eden: 17429K(17472K)->0K(17472K) From: 2147K(2176K)->0K(2176K)
[2026-06-17T10:00:16.606+0800][15.468s][info][gc,heap        ] GC(363) Tenured: 37510K(43712K)->24185K(43712K)
[2026-06-17T10:00:16.606+0800][15.469s][info][gc,metaspace   ] GC(363) Metaspace: 112K(320K)->112K(320K) NonClass: 105K(192K)->105K(192K) Class: 7K(128K)->7K(128K)
[2026-06-17T10:00:16.607+0800][15.470s][info][gc             ] GC(363) Pause Full (Allocation Failure) 55M->23M(61M) 12.349ms
[2026-06-17T10:00:16.609+0800][15.472s][info][gc,cpu         ] GC(363) User=0.00s Sys=0.00s Real=0.01s
[2026-06-17T10:00:16.652+0800][15.514s][info][gc,start       ] GC(364) Pause Young (Allocation Failure)
[2026-06-17T10:00:16.653+0800][15.516s][info][gc,heap        ] GC(364) DefNew: 17443K(19648K)->2172K(19648K) Eden: 17443K(17472K)->0K(17472K) From: 0K(2176K)->2172K(2176K)
[2026-06-17T10:00:16.654+0800][15.517s][info][gc,heap        ] GC(364) Tenured: 24185K(43712K)->28847K(43712K)
[2026-06-17T10:00:16.656+0800][15.519s][info][gc,metaspace   ] GC(364) Metaspace: 112K(320K)->112K(320K) NonClass: 105K(192K)->105K(192K) Class: 7K(128K)->7K(128K)
[2026-06-17T10:00:16.657+0800][15.520s][info][gc             ] GC(364) Pause Young (Allocation Failure) 40M->30M(61M) 5.416ms
[2026-06-17T10:00:16.658+0800][15.521s][info][gc,cpu         ] GC(364) User=0.00s Sys=0.00s Real=0.00s
[2026-06-17T10:00:16.703+0800][15.566s][info][gc,start       ] GC(365) Pause Young (Allocation Failure)
[2026-06-17T10:00:16.705+0800][15.568s][info][gc,heap        ] GC(365) DefNew: 19644K(19648K)->2166K(19648K) Eden: 17472K(17472K)->0K(17472K) From: 2172K(2176K)->2166K(2176K)
[2026-06-17T10:00:16.706+0800][15.568s][info][gc,heap        ] GC(365) Tenured: 28847K(43712K)->35005K(43712K)
[2026-06-17T10:00:16.706+0800][15.569s][info][gc,metaspace   ] GC(365) Metaspace: 112K(320K)->112K(320K) NonClass: 105K(192K)->105K(192K) Class: 7K(128K)->7K(128K)
[2026-06-17T10:00:16.706+0800][15.569s][info][gc             ] GC(365) Pause Young (Allocation Failure) 47M->36M(61M) 3.414ms
[2026-06-17T10:00:16.707+0800][15.570s][info][gc,cpu         ] GC(365) User=0.00s Sys=0.01s Real=0.00s
[2026-06-17T10:00:16.750+0800][15.613s][info][gc,start       ] GC(366) Pause Young (Allocation Failure)
[2026-06-17T10:00:16.751+0800][15.613s][info][gc             ] GC(366) Pause Young (Allocation Failure) 53M->53M(61M) 0.643ms
[2026-06-17T10:00:16.751+0800][15.614s][info][gc,cpu         ] GC(366) User=0.00s Sys=0.00s Real=0.01s
[2026-06-17T10:00:16.751+0800][15.614s][info][gc,start       ] GC(367) Pause Full (Allocation Failure)
[2026-06-17T10:00:16.752+0800][15.615s][info][gc,phases,start] GC(367) Phase 1: Mark live objects
[2026-06-17T10:00:16.753+0800][15.616s][info][gc,phases      ] GC(367) Phase 1: Mark live objects 1.398ms
[2026-06-17T10:00:16.754+0800][15.617s][info][gc,phases,start] GC(367) Phase 2: Compute new object addresses
[2026-06-17T10:00:16.755+0800][15.618s][info][gc,phases      ] GC(367) Phase 2: Compute new object addresses 0.763ms
[2026-06-17T10:00:16.755+0800][15.618s][info][gc,phases,start] GC(367) Phase 3: Adjust pointers
[2026-06-17T10:00:16.756+0800][15.619s][info][gc,phases      ] GC(367) Phase 3: Adjust pointers 0.712ms
[2026-06-17T10:00:16.756+0800][15.619s][info][gc,phases,start] GC(367) Phase 4: Move objects
[2026-06-17T10:00:16.758+0800][15.621s][info][gc,phases      ] GC(367) Phase 4: Move objects 1.928ms
[2026-06-17T10:00:16.759+0800][15.621s][info][gc,heap        ] GC(367) DefNew: 19636K(19648K)->0K(19648K) Eden: 17469K(17472K)->0K(17472K) From: 2166K(2176K)->0K(2176K)
[2026-06-17T10:00:16.759+0800][15.622s][info][gc,heap        ] GC(367) Tenured: 35005K(43712K)->24829K(43712K)
[2026-06-17T10:00:16.759+0800][15.622s][info][gc,metaspace   ] GC(367) Metaspace: 112K(320K)->112K(320K) NonClass: 105K(192K)->105K(192K) Class: 7K(128K)->7K(128K)
[2026-06-17T10:00:16.759+0800][15.622s][info][gc             ] GC(367) Pause Full (Allocation Failure) 53M->24M(61M) 7.931ms
[2026-06-17T10:00:16.760+0800][15.622s][info][gc,cpu         ] GC(367) User=0.01s Sys=0.00s Real=0.00s
[2026-06-17T10:00:16.802+0800][15.665s][info][gc,start       ] GC(368) Pause Young (Allocation Failure)
[2026-06-17T10:00:16.804+0800][15.666s][info][gc,heap        ] GC(368) DefNew: 17319K(19648K)->2121K(19648K) Eden: 17319K(17472K)->0K(17472K) From: 0K(2176K)->2121K(2176K)
[2026-06-17T10:00:16.804+0800][15.667s][info][gc,heap        ] GC(368) Tenured: 24829K(43712K)->25954K(43712K)
[2026-06-17T10:00:16.805+0800][15.667s][info][gc,metaspace   ] GC(368) Metaspace: 112K(320K)->112K(320K) NonClass: 105K(192K)->105K(192K) Class: 7K(128K)->7K(128K)
[2026-06-17T10:00:16.805+0800][15.668s][info][gc             ] GC(368) Pause Young (Allocation Failure) 41M->27M(61M) 2.664ms
[2026-06-17T10:00:16.805+0800][15.668s][info][gc,cpu         ] GC(368) User=0.00s Sys=0.00s Real=0.01s
[2026-06-17T10:00:16.849+0800][15.711s][info][gc,start       ] GC(369) Pause Young (Allocation Failure)
[2026-06-17T10:00:16.851+0800][15.713s][info][gc,heap        ] GC(369) DefNew: 19567K(19648K)->2170K(19648K) Eden: 17446K(17472K)->0K(17472K) From: 2121K(2176K)->2170K(2176K)
[2026-06-17T10:00:16.851+0800][15.714s][info][gc,heap        ] GC(369) Tenured: 25954K(43712K)->33347K(43712K)
[2026-06-17T10:00:16.852+0800][15.714s][info][gc,metaspace   ] GC(369) Metaspace: 112K(320K)->112K(320K) NonClass: 105K(192K)->105K(192K) Class: 7K(128K)->7K(128K)
[2026-06-17T10:00:16.852+0800][15.715s][info][gc             ] GC(369) Pause Young (Allocation Failure) 44M->34M(61M) 3.361ms
[2026-06-17T10:00:16.852+0800][15.715s][info][gc,cpu         ] GC(369) User=0.00s Sys=0.00s Real=0.01s
[2026-06-17T10:00:16.906+0800][15.768s][info][gc,start       ] GC(370) Pause Young (Allocation Failure)
[2026-06-17T10:00:16.907+0800][15.769s][info][gc,heap        ] GC(370) DefNew: 19598K(19648K)->2146K(19648K) Eden: 17427K(17472K)->0K(17472K) From: 2170K(2176K)->2146K(2176K)
[2026-06-17T10:00:16.907+0800][15.770s][info][gc,heap        ] GC(370) Tenured: 33347K(43712K)->35701K(43712K)
[2026-06-17T10:00:16.907+0800][15.770s][info][gc,metaspace   ] GC(370) Metaspace: 112K(320K)->112K(320K) NonClass: 105K(192K)->105K(192K) Class: 7K(128K)->7K(128K)
[2026-06-17T10:00:16.908+0800][15.771s][info][gc             ] GC(370) Pause Young (Allocation Failure) 51M->36M(61M) 2.187ms
[2026-06-17T10:00:16.908+0800][15.771s][info][gc,cpu         ] GC(370) User=0.00s Sys=0.00s Real=0.00s
[2026-06-17T10:00:16.951+0800][15.813s][info][gc,start       ] GC(371) Pause Young (Allocation Failure)
[2026-06-17T10:00:16.951+0800][15.814s][info][gc             ] GC(371) Pause Young (Allocation Failure) 54M->54M(61M) 0.663ms
[2026-06-17T10:00:16.952+0800][15.815s][info][gc,cpu         ] GC(371) User=0.00s Sys=0.00s Real=0.00s
[2026-06-17T10:00:16.953+0800][15.815s][info][gc,start       ] GC(372) Pause Full (Allocation Failure)
[2026-06-17T10:00:16.953+0800][15.816s][info][gc,phases,start] GC(372) Phase 1: Mark live objects
[2026-06-17T10:00:16.955+0800][15.818s][info][gc,phases      ] GC(372) Phase 1: Mark live objects 1.879ms
[2026-06-17T10:00:16.955+0800][15.818s][info][gc,phases,start] GC(372) Phase 2: Compute new object addresses
[2026-06-17T10:00:16.956+0800][15.819s][info][gc,phases      ] GC(372) Phase 2: Compute new object addresses 0.841ms
[2026-06-17T10:00:16.957+0800][15.819s][info][gc,phases,start] GC(372) Phase 3: Adjust pointers
[2026-06-17T10:00:16.958+0800][15.820s][info][gc,phases      ] GC(372) Phase 3: Adjust pointers 0.901ms
[2026-06-17T10:00:16.958+0800][15.821s][info][gc,phases,start] GC(372) Phase 4: Move objects
[2026-06-17T10:00:16.961+0800][15.823s][info][gc,phases      ] GC(372) Phase 4: Move objects 2.372ms
[2026-06-17T10:00:16.961+0800][15.824s][info][gc,heap        ] GC(372) DefNew: 19618K(19648K)->0K(19648K) Eden: 17472K(17472K)->0K(17472K) From: 2146K(2176K)->0K(2176K)
[2026-06-17T10:00:16.962+0800][15.825s][info][gc,heap        ] GC(372) Tenured: 35701K(43712K)->27056K(43712K)
[2026-06-17T10:00:16.963+0800][15.826s][info][gc,metaspace   ] GC(372) Metaspace: 112K(320K)->112K(320K) NonClass: 105K(192K)->105K(192K) Class: 7K(128K)->7K(128K)
[2026-06-17T10:00:16.963+0800][15.826s][info][gc             ] GC(372) Pause Full (Allocation Failure) 54M->26M(61M) 10.580ms
[2026-06-17T10:00:16.964+0800][15.826s][info][gc,cpu         ] GC(372) User=0.00s Sys=0.00s Real=0.01s
[2026-06-17T10:00:17.007+0800][15.869s][info][gc,start       ] GC(373) Pause Young (Allocation Failure)
[2026-06-17T10:00:17.010+0800][15.872s][info][gc,heap        ] GC(373) DefNew: 17431K(19648K)->2174K(19648K) Eden: 17431K(17472K)->0K(17472K) From: 0K(2176K)->2174K(2176K)
[2026-06-17T10:00:17.011+0800][15.873s][info][gc,heap        ] GC(373) Tenured: 27056K(43712K)->32006K(43712K)
[2026-06-17T10:00:17.011+0800][15.874s][info][gc,metaspace   ] GC(373) Metaspace: 112K(320K)->112K(320K) NonClass: 105K(192K)->105K(192K) Class: 7K(128K)->7K(128K)
[2026-06-17T10:00:17.012+0800][15.875s][info][gc             ] GC(373) Pause Young (Allocation Failure) 43M->33M(61M) 5.300ms
[2026-06-17T10:00:17.015+0800][15.877s][info][gc,cpu         ] GC(373) User=0.00s Sys=0.00s Real=0.01s
[2026-06-17T10:00:17.060+0800][15.922s][info][gc,start       ] GC(374) Pause Young (Allocation Failure)
[2026-06-17T10:00:17.061+0800][15.924s][info][gc,heap        ] GC(374) DefNew: 19630K(19648K)->2173K(19648K) Eden: 17456K(17472K)->0K(17472K) From: 2174K(2176K)->2173K(2176K)
[2026-06-17T10:00:17.062+0800][15.924s][info][gc,heap        ] GC(374) Tenured: 32006K(43712K)->38228K(43712K)
[2026-06-17T10:00:17.062+0800][15.925s][info][gc,metaspace   ] GC(374) Metaspace: 112K(320K)->112K(320K) NonClass: 105K(192K)->105K(192K) Class: 7K(128K)->7K(128K)
[2026-06-17T10:00:17.062+0800][15.925s][info][gc             ] GC(374) Pause Young (Allocation Failure) 50M->39M(61M) 2.794ms
[2026-06-17T10:00:17.063+0800][15.925s][info][gc,cpu         ] GC(374) User=0.00s Sys=0.00s Real=0.01s
[2026-06-17T10:00:17.105+0800][15.968s][info][gc,start       ] GC(375) Pause Young (Allocation Failure)
[2026-06-17T10:00:17.106+0800][15.969s][info][gc             ] GC(375) Pause Young (Allocation Failure) 56M->56M(61M) 0.419ms
[2026-06-17T10:00:17.106+0800][15.969s][info][gc,cpu         ] GC(375) User=0.00s Sys=0.00s Real=0.00s
[2026-06-17T10:00:17.106+0800][15.969s][info][gc,start       ] GC(376) Pause Full (Allocation Failure)
[2026-06-17T10:00:17.107+0800][15.970s][info][gc,phases,start] GC(376) Phase 1: Mark live objects
[2026-06-17T10:00:17.108+0800][15.971s][info][gc,phases      ] GC(376) Phase 1: Mark live objects 0.961ms
[2026-06-17T10:00:17.108+0800][15.971s][info][gc,phases,start] GC(376) Phase 2: Compute new object addresses
[2026-06-17T10:00:17.109+0800][15.971s][info][gc,phases      ] GC(376) Phase 2: Compute new object addresses 0.548ms
[2026-06-17T10:00:17.109+0800][15.971s][info][gc,phases,start] GC(376) Phase 3: Adjust pointers
[2026-06-17T10:00:17.109+0800][15.972s][info][gc,phases      ] GC(376) Phase 3: Adjust pointers 0.374ms
[2026-06-17T10:00:17.109+0800][15.972s][info][gc,phases,start] GC(376) Phase 4: Move objects
[2026-06-17T10:00:17.111+0800][15.974s][info][gc,phases      ] GC(376) Phase 4: Move objects 1.967ms
[2026-06-17T10:00:17.112+0800][15.975s][info][gc,heap        ] GC(376) DefNew: 19602K(19648K)->0K(19648K) Eden: 17428K(17472K)->0K(17472K) From: 2173K(2176K)->0K(2176K)
[2026-06-17T10:00:17.112+0800][15.975s][info][gc,heap        ] GC(376) Tenured: 38228K(43712K)->27957K(43712K)
[2026-06-17T10:00:17.112+0800][15.975s][info][gc,metaspace   ] GC(376) Metaspace: 112K(320K)->112K(320K) NonClass: 105K(192K)->105K(192K) Class: 7K(128K)->7K(128K)
[2026-06-17T10:00:17.112+0800][15.975s][info][gc             ] GC(376) Pause Full (Allocation Failure) 56M->27M(61M) 5.925ms
[2026-06-17T10:00:17.112+0800][15.975s][info][gc,cpu         ] GC(376) User=0.01s Sys=0.00s Real=0.01s
[2026-06-17T10:00:17.165+0800][16.028s][info][gc,start       ] GC(377) Pause Young (Allocation Failure)
[2026-06-17T10:00:17.167+0800][16.030s][info][gc,heap        ] GC(377) DefNew: 17472K(19648K)->2161K(19648K) Eden: 17472K(17472K)->0K(17472K) From: 0K(2176K)->2161K(2176K)
[2026-06-17T10:00:17.168+0800][16.031s][info][gc,heap        ] GC(377) Tenured: 27957K(43712K)->29808K(43712K)
[2026-06-17T10:00:17.168+0800][16.031s][info][gc,metaspace   ] GC(377) Metaspace: 112K(320K)->112K(320K) NonClass: 105K(192K)->105K(192K) Class: 7K(128K)->7K(128K)
[2026-06-17T10:00:17.169+0800][16.031s][info][gc             ] GC(377) Pause Young (Allocation Failure) 44M->31M(61M) 3.355ms
[2026-06-17T10:00:17.169+0800][16.032s][info][gc,cpu         ] GC(377) User=0.00s Sys=0.00s Real=0.00s
[2026-06-17T10:00:17.212+0800][16.075s][info][gc,start       ] GC(378) Pause Young (Allocation Failure)
[2026-06-17T10:00:17.213+0800][16.076s][info][gc,heap        ] GC(378) DefNew: 19632K(19648K)->2107K(19648K) Eden: 17471K(17472K)->0K(17472K) From: 2161K(2176K)->2107K(2176K)
[2026-06-17T10:00:17.213+0800][16.076s][info][gc,heap        ] GC(378) Tenured: 29808K(43712K)->33206K(43712K)
[2026-06-17T10:00:17.214+0800][16.076s][info][gc,metaspace   ] GC(378) Metaspace: 112K(320K)->112K(320K) NonClass: 105K(192K)->105K(192K) Class: 7K(128K)->7K(128K)
[2026-06-17T10:00:17.214+0800][16.077s][info][gc             ] GC(378) Pause Young (Allocation Failure) 48M->34M(61M) 2.197ms
[2026-06-17T10:00:17.214+0800][16.077s][info][gc,cpu         ] GC(378) User=0.00s Sys=0.00s Real=0.00s
[2026-06-17T10:00:17.257+0800][16.120s][info][gc,start       ] GC(379) Pause Young (Allocation Failure)
[2026-06-17T10:00:17.258+0800][16.121s][info][gc,heap        ] GC(379) DefNew: 19579K(19648K)->2168K(19648K) Eden: 17472K(17472K)->0K(17472K) From: 2107K(2176K)->2168K(2176K)
[2026-06-17T10:00:17.259+0800][16.121s][info][gc,heap        ] GC(379) Tenured: 33206K(43712K)->37199K(43712K)
[2026-06-17T10:00:17.259+0800][16.122s][info][gc,metaspace   ] GC(379) Metaspace: 112K(320K)->112K(320K) NonClass: 105K(192K)->105K(192K) Class: 7K(128K)->7K(128K)
[2026-06-17T10:00:17.259+0800][16.122s][info][gc             ] GC(379) Pause Young (Allocation Failure) 51M->38M(61M) 2.285ms
[2026-06-17T10:00:17.259+0800][16.122s][info][gc,cpu         ] GC(379) User=0.00s Sys=0.00s Real=0.00s
[2026-06-17T10:00:17.302+0800][16.165s][info][gc,start       ] GC(380) Pause Young (Allocation Failure)
[2026-06-17T10:00:17.303+0800][16.166s][info][gc             ] GC(380) Pause Young (Allocation Failure) 55M->55M(61M) 0.569ms
[2026-06-17T10:00:17.303+0800][16.166s][info][gc,cpu         ] GC(380) User=0.00s Sys=0.00s Real=0.00s
[2026-06-17T10:00:17.304+0800][16.167s][info][gc,start       ] GC(381) Pause Full (Allocation Failure)
[2026-06-17T10:00:17.306+0800][16.168s][info][gc,phases,start] GC(381) Phase 1: Mark live objects
[2026-06-17T10:00:17.307+0800][16.170s][info][gc,phases      ] GC(381) Phase 1: Mark live objects 1.144ms
[2026-06-17T10:00:17.307+0800][16.170s][info][gc,phases,start] GC(381) Phase 2: Compute new object addresses
[2026-06-17T10:00:17.308+0800][16.171s][info][gc,phases      ] GC(381) Phase 2: Compute new object addresses 0.601ms
[2026-06-17T10:00:17.308+0800][16.171s][info][gc,phases,start] GC(381) Phase 3: Adjust pointers
[2026-06-17T10:00:17.309+0800][16.171s][info][gc,phases      ] GC(381) Phase 3: Adjust pointers 0.654ms
[2026-06-17T10:00:17.309+0800][16.172s][info][gc,phases,start] GC(381) Phase 4: Move objects
[2026-06-17T10:00:17.311+0800][16.174s][info][gc,phases      ] GC(381) Phase 4: Move objects 2.261ms
[2026-06-17T10:00:17.312+0800][16.175s][info][gc,heap        ] GC(381) DefNew: 19640K(19648K)->0K(19648K) Eden: 17472K(17472K)->0K(17472K) From: 2168K(2176K)->0K(2176K)
[2026-06-17T10:00:17.315+0800][16.177s][info][gc,heap        ] GC(381) Tenured: 37199K(43712K)->29995K(43712K)
[2026-06-17T10:00:17.317+0800][16.179s][info][gc,metaspace   ] GC(381) Metaspace: 112K(320K)->112K(320K) NonClass: 105K(192K)->105K(192K) Class: 7K(128K)->7K(128K)
[2026-06-17T10:00:17.318+0800][16.180s][info][gc             ] GC(381) Pause Full (Allocation Failure) 55M->29M(61M) 13.694ms
[2026-06-17T10:00:17.319+0800][16.182s][info][gc,cpu         ] GC(381) User=0.01s Sys=0.00s Real=0.01s
[2026-06-17T10:00:17.364+0800][16.226s][info][gc,start       ] GC(382) Pause Young (Allocation Failure)
[2026-06-17T10:00:17.411+0800][16.274s][info][gc,heap        ] GC(382) DefNew: 17458K(19648K)->2170K(19648K) Eden: 17458K(17472K)->0K(17472K) From: 0K(2176K)->2170K(2176K)
[2026-06-17T10:00:17.417+0800][16.280s][info][gc,heap        ] GC(382) Tenured: 29995K(43712K)->35378K(43712K)
[2026-06-17T10:00:17.425+0800][16.287s][info][gc,metaspace   ] GC(382) Metaspace: 112K(320K)->112K(320K) NonClass: 105K(192K)->105K(192K) Class: 7K(128K)->7K(128K)
[2026-06-17T10:00:17.426+0800][16.289s][info][gc             ] GC(382) Pause Young (Allocation Failure) 46M->36M(61M) 62.816ms
[2026-06-17T10:00:17.427+0800][16.290s][info][gc,cpu         ] GC(382) User=0.00s Sys=0.00s Real=0.06s
[2026-06-17T10:00:17.481+0800][16.343s][info][gc,start       ] GC(383) Pause Young (Allocation Failure)
[2026-06-17T10:00:17.486+0800][16.349s][info][gc,heap        ] GC(383) DefNew: 19642K(19648K)->2123K(19648K) Eden: 17472K(17472K)->0K(17472K) From: 2170K(2176K)->2123K(2176K)
[2026-06-17T10:00:17.488+0800][16.351s][info][gc,heap        ] GC(383) Tenured: 35378K(43712K)->36778K(43712K)
[2026-06-17T10:00:17.488+0800][16.351s][info][gc,metaspace   ] GC(383) Metaspace: 112K(320K)->112K(320K) NonClass: 105K(192K)->105K(192K) Class: 7K(128K)->7K(128K)
[2026-06-17T10:00:17.488+0800][16.351s][info][gc             ] GC(383) Pause Young (Allocation Failure) 53M->37M(61M) 7.657ms
[2026-06-17T10:00:17.489+0800][16.351s][info][gc,cpu         ] GC(383) User=0.00s Sys=0.00s Real=0.01s
[2026-06-17T10:00:17.521+0800][16.383s][info][gc,start       ] GC(384) Pause Young (Allocation Failure)
[2026-06-17T10:00:17.521+0800][16.384s][info][gc             ] GC(384) Pause Young (Allocation Failure) 54M->54M(61M) 0.497ms
[2026-06-17T10:00:17.521+0800][16.384s][info][gc,cpu         ] GC(384) User=0.00s Sys=0.00s Real=0.00s
[2026-06-17T10:00:17.522+0800][16.385s][info][gc,start       ] GC(385) Pause Full (Allocation Failure)
[2026-06-17T10:00:17.522+0800][16.385s][info][gc,phases,start] GC(385) Phase 1: Mark live objects
[2026-06-17T10:00:17.523+0800][16.386s][info][gc,phases      ] GC(385) Phase 1: Mark live objects 0.923ms
[2026-06-17T10:00:17.526+0800][16.388s][info][gc,phases,start] GC(385) Phase 2: Compute new object addresses
[2026-06-17T10:00:17.530+0800][16.393s][info][gc,phases      ] GC(385) Phase 2: Compute new object addresses 4.565ms
[2026-06-17T10:00:17.535+0800][16.398s][info][gc,phases,start] GC(385) Phase 3: Adjust pointers
[2026-06-17T10:00:17.536+0800][16.399s][info][gc,phases      ] GC(385) Phase 3: Adjust pointers 0.935ms
[2026-06-17T10:00:17.538+0800][16.401s][info][gc,phases,start] GC(385) Phase 4: Move objects
[2026-06-17T10:00:17.540+0800][16.403s][info][gc,phases      ] GC(385) Phase 4: Move objects 2.180ms
[2026-06-17T10:00:17.541+0800][16.404s][info][gc,heap        ] GC(385) DefNew: 19326K(19648K)->0K(19648K) Eden: 17203K(17472K)->0K(17472K) From: 2123K(2176K)->0K(2176K)
[2026-06-17T10:00:17.541+0800][16.404s][info][gc,heap        ] GC(385) Tenured: 36778K(43712K)->21855K(43712K)
[2026-06-17T10:00:17.542+0800][16.404s][info][gc,metaspace   ] GC(385) Metaspace: 112K(320K)->112K(320K) NonClass: 105K(192K)->105K(192K) Class: 7K(128K)->7K(128K)
[2026-06-17T10:00:17.542+0800][16.405s][info][gc             ] GC(385) Pause Full (Allocation Failure) 54M->21M(61M) 20.125ms
[2026-06-17T10:00:17.542+0800][16.405s][info][gc,cpu         ] GC(385) User=0.00s Sys=0.00s Real=0.02s
[2026-06-17T10:00:17.595+0800][16.458s][info][gc,start       ] GC(386) Pause Young (Allocation Failure)
[2026-06-17T10:00:17.597+0800][16.459s][info][gc,heap        ] GC(386) DefNew: 17456K(19648K)->2062K(19648K) Eden: 17456K(17472K)->0K(17472K) From: 0K(2176K)->2062K(2176K)
[2026-06-17T10:00:17.597+0800][16.460s][info][gc,heap        ] GC(386) Tenured: 21855K(43712K)->22969K(43712K)
[2026-06-17T10:00:17.598+0800][16.461s][info][gc,metaspace   ] GC(386) Metaspace: 112K(320K)->112K(320K) NonClass: 105K(192K)->105K(192K) Class: 7K(128K)->7K(128K)
[2026-06-17T10:00:17.599+0800][16.462s][info][gc             ] GC(386) Pause Young (Allocation Failure) 38M->24M(61M) 3.832ms
[2026-06-17T10:00:17.599+0800][16.462s][info][gc,cpu         ] GC(386) User=0.00s Sys=0.00s Real=0.00s
[2026-06-17T10:00:17.642+0800][16.504s][info][gc,start       ] GC(387) Pause Young (Allocation Failure)
[2026-06-17T10:00:17.643+0800][16.505s][info][gc,heap        ] GC(387) DefNew: 19534K(19648K)->2120K(19648K) Eden: 17472K(17472K)->0K(17472K) From: 2062K(2176K)->2120K(2176K)
[2026-06-17T10:00:17.643+0800][16.506s][info][gc,heap        ] GC(387) Tenured: 22969K(43712K)->26667K(43712K)
[2026-06-17T10:00:17.643+0800][16.506s][info][gc,metaspace   ] GC(387) Metaspace: 112K(320K)->112K(320K) NonClass: 105K(192K)->105K(192K) Class: 7K(128K)->7K(128K)
[2026-06-17T10:00:17.643+0800][16.506s][info][gc             ] GC(387) Pause Young (Allocation Failure) 41M->28M(61M) 1.633ms
[2026-06-17T10:00:17.643+0800][16.506s][info][gc,cpu         ] GC(387) User=0.00s Sys=0.00s Real=0.01s
[2026-06-17T10:00:17.686+0800][16.549s][info][gc,start       ] GC(388) Pause Young (Allocation Failure)
[2026-06-17T10:00:17.692+0800][16.555s][info][gc,heap        ] GC(388) DefNew: 19580K(19648K)->2171K(19648K) Eden: 17460K(17472K)->0K(17472K) From: 2120K(2176K)->2171K(2176K)
[2026-06-17T10:00:17.693+0800][16.555s][info][gc,heap        ] GC(388) Tenured: 26667K(43712K)->30468K(43712K)
[2026-06-17T10:00:17.693+0800][16.556s][info][gc,metaspace   ] GC(388) Metaspace: 112K(320K)->112K(320K) NonClass: 105K(192K)->105K(192K) Class: 7K(128K)->7K(128K)
[2026-06-17T10:00:17.693+0800][16.556s][info][gc             ] GC(388) Pause Young (Allocation Failure) 45M->31M(61M) 6.874ms
[2026-06-17T10:00:17.693+0800][16.556s][info][gc,cpu         ] GC(388) User=0.01s Sys=0.00s Real=0.01s
[2026-06-17T10:00:17.736+0800][16.599s][info][gc,start       ] GC(389) Pause Young (Allocation Failure)
[2026-06-17T10:00:17.737+0800][16.600s][info][gc,heap        ] GC(389) DefNew: 19607K(19648K)->2168K(19648K) Eden: 17436K(17472K)->0K(17472K) From: 2171K(2176K)->2168K(2176K)
[2026-06-17T10:00:17.737+0800][16.600s][info][gc,heap        ] GC(389) Tenured: 30468K(43712K)->34564K(43712K)
[2026-06-17T10:00:17.738+0800][16.600s][info][gc,metaspace   ] GC(389) Metaspace: 112K(320K)->112K(320K) NonClass: 105K(192K)->105K(192K) Class: 7K(128K)->7K(128K)
[2026-06-17T10:00:17.738+0800][16.601s][info][gc             ] GC(389) Pause Young (Allocation Failure) 48M->35M(61M) 1.758ms
[2026-06-17T10:00:17.738+0800][16.601s][info][gc,cpu         ] GC(389) User=0.00s Sys=0.00s Real=0.00s
[2026-06-17T10:00:17.790+0800][16.653s][info][gc,start       ] GC(390) Pause Young (Allocation Failure)
[2026-06-17T10:00:17.792+0800][16.655s][info][gc,heap        ] GC(390) DefNew: 19618K(19648K)->2153K(19648K) Eden: 17449K(17472K)->0K(17472K) From: 2168K(2176K)->2153K(2176K)
[2026-06-17T10:00:17.793+0800][16.656s][info][gc,heap        ] GC(390) Tenured: 34564K(43712K)->37253K(43712K)
[2026-06-17T10:00:17.795+0800][16.658s][info][gc,metaspace   ] GC(390) Metaspace: 112K(320K)->112K(320K) NonClass: 105K(192K)->105K(192K) Class: 7K(128K)->7K(128K)
[2026-06-17T10:00:17.796+0800][16.659s][info][gc             ] GC(390) Pause Young (Allocation Failure) 52M->38M(61M) 5.972ms
[2026-06-17T10:00:17.797+0800][16.660s][info][gc,cpu         ] GC(390) User=0.00s Sys=0.00s Real=0.01s
[2026-06-17T10:00:17.841+0800][16.704s][info][gc,start       ] GC(391) Pause Young (Allocation Failure)
[2026-06-17T10:00:17.844+0800][16.707s][info][gc             ] GC(391) Pause Young (Allocation Failure) 55M->55M(61M) 2.655ms
[2026-06-17T10:00:17.844+0800][16.707s][info][gc,cpu         ] GC(391) User=0.00s Sys=0.00s Real=0.01s
[2026-06-17T10:00:17.846+0800][16.709s][info][gc,start       ] GC(392) Pause Full (Allocation Failure)
[2026-06-17T10:00:17.848+0800][16.711s][info][gc,phases,start] GC(392) Phase 1: Mark live objects
[2026-06-17T10:00:17.851+0800][16.714s][info][gc,phases      ] GC(392) Phase 1: Mark live objects 3.119ms
[2026-06-17T10:00:17.854+0800][16.716s][info][gc,phases,start] GC(392) Phase 2: Compute new object addresses
[2026-06-17T10:00:17.856+0800][16.719s][info][gc,phases      ] GC(392) Phase 2: Compute new object addresses 2.350ms
[2026-06-17T10:00:17.858+0800][16.721s][info][gc,phases,start] GC(392) Phase 3: Adjust pointers
[2026-06-17T10:00:17.859+0800][16.722s][info][gc,phases      ] GC(392) Phase 3: Adjust pointers 1.493ms
[2026-06-17T10:00:17.860+0800][16.723s][info][gc,phases,start] GC(392) Phase 4: Move objects
[2026-06-17T10:00:17.862+0800][16.725s][info][gc,phases      ] GC(392) Phase 4: Move objects 2.434ms
[2026-06-17T10:00:17.863+0800][16.725s][info][gc,heap        ] GC(392) DefNew: 19625K(19648K)->0K(19648K) Eden: 17472K(17472K)->0K(17472K) From: 2153K(2176K)->0K(2176K)
[2026-06-17T10:00:17.863+0800][16.726s][info][gc,heap        ] GC(392) Tenured: 37253K(43712K)->30629K(43712K)
[2026-06-17T10:00:17.863+0800][16.726s][info][gc,metaspace   ] GC(392) Metaspace: 112K(320K)->112K(320K) NonClass: 105K(192K)->105K(192K) Class: 7K(128K)->7K(128K)
[2026-06-17T10:00:17.863+0800][16.726s][info][gc             ] GC(392) Pause Full (Allocation Failure) 55M->29M(61M) 16.968ms
[2026-06-17T10:00:17.864+0800][16.726s][info][gc,cpu         ] GC(392) User=0.00s Sys=0.00s Real=0.02s
[2026-06-17T10:00:17.906+0800][16.768s][info][gc,start       ] GC(393) Pause Young (Allocation Failure)
[2026-06-17T10:00:17.907+0800][16.769s][info][gc,heap        ] GC(393) DefNew: 17470K(19648K)->2170K(19648K) Eden: 17470K(17472K)->0K(17472K) From: 0K(2176K)->2170K(2176K)
[2026-06-17T10:00:17.907+0800][16.770s][info][gc,heap        ] GC(393) Tenured: 30629K(43712K)->35056K(43712K)
[2026-06-17T10:00:17.907+0800][16.770s][info][gc,metaspace   ] GC(393) Metaspace: 112K(320K)->112K(320K) NonClass: 105K(192K)->105K(192K) Class: 7K(128K)->7K(128K)
[2026-06-17T10:00:17.907+0800][16.770s][info][gc             ] GC(393) Pause Young (Allocation Failure) 46M->36M(61M) 1.558ms
[2026-06-17T10:00:17.907+0800][16.770s][info][gc,cpu         ] GC(393) User=0.00s Sys=0.00s Real=0.00s
[2026-06-17T10:00:17.950+0800][16.812s][info][gc,start       ] GC(394) Pause Young (Allocation Failure)
[2026-06-17T10:00:17.951+0800][16.814s][info][gc,heap        ] GC(394) DefNew: 19642K(19648K)->2175K(19648K) Eden: 17471K(17472K)->0K(17472K) From: 2170K(2176K)->2175K(2176K)
[2026-06-17T10:00:17.951+0800][16.814s][info][gc,heap        ] GC(394) Tenured: 35056K(43712K)->41087K(43712K)
[2026-06-17T10:00:17.951+0800][16.814s][info][gc,metaspace   ] GC(394) Metaspace: 112K(320K)->112K(320K) NonClass: 105K(192K)->105K(192K) Class: 7K(128K)->7K(128K)
[2026-06-17T10:00:17.952+0800][16.814s][info][gc             ] GC(394) Pause Young (Allocation Failure) 53M->42M(61M) 2.077ms
[2026-06-17T10:00:17.952+0800][16.815s][info][gc,cpu         ] GC(394) User=0.00s Sys=0.00s Real=0.01s
[2026-06-17T10:00:18.005+0800][16.867s][info][gc,start       ] GC(395) Pause Young (Allocation Failure)
[2026-06-17T10:00:18.006+0800][16.869s][info][gc             ] GC(395) Pause Young (Allocation Failure) 59M->59M(61M) 1.377ms
[2026-06-17T10:00:18.007+0800][16.869s][info][gc,cpu         ] GC(395) User=0.00s Sys=0.00s Real=0.00s
[2026-06-17T10:00:18.007+0800][16.870s][info][gc,start       ] GC(396) Pause Full (Allocation Failure)
[2026-06-17T10:00:18.007+0800][16.870s][info][gc,phases,start] GC(396) Phase 1: Mark live objects
[2026-06-17T10:00:18.008+0800][16.871s][info][gc,phases      ] GC(396) Phase 1: Mark live objects 1.229ms
[2026-06-17T10:00:18.009+0800][16.872s][info][gc,phases,start] GC(396) Phase 2: Compute new object addresses
[2026-06-17T10:00:18.010+0800][16.872s][info][gc,phases      ] GC(396) Phase 2: Compute new object addresses 0.732ms
[2026-06-17T10:00:18.010+0800][16.873s][info][gc,phases,start] GC(396) Phase 3: Adjust pointers
[2026-06-17T10:00:18.011+0800][16.873s][info][gc,phases      ] GC(396) Phase 3: Adjust pointers 0.742ms
[2026-06-17T10:00:18.011+0800][16.874s][info][gc,phases,start] GC(396) Phase 4: Move objects
[2026-06-17T10:00:18.013+0800][16.875s][info][gc,phases      ] GC(396) Phase 4: Move objects 1.893ms
[2026-06-17T10:00:18.013+0800][16.876s][info][gc,heap        ] GC(396) DefNew: 19640K(19648K)->0K(19648K) Eden: 17465K(17472K)->0K(17472K) From: 2175K(2176K)->0K(2176K)
[2026-06-17T10:00:18.014+0800][16.877s][info][gc,heap        ] GC(396) Tenured: 41087K(43712K)->30073K(43712K)
[2026-06-17T10:00:18.014+0800][16.877s][info][gc,metaspace   ] GC(396) Metaspace: 112K(320K)->112K(320K) NonClass: 105K(192K)->105K(192K) Class: 7K(128K)->7K(128K)
[2026-06-17T10:00:18.015+0800][16.877s][info][gc             ] GC(396) Pause Full (Allocation Failure) 59M->29M(61M) 7.651ms
[2026-06-17T10:00:18.015+0800][16.877s][info][gc,cpu         ] GC(396) User=0.01s Sys=0.00s Real=0.01s
[2026-06-17T10:00:18.057+0800][16.920s][info][gc,start       ] GC(397) Pause Young (Allocation Failure)
[2026-06-17T10:00:18.059+0800][16.921s][info][gc,heap        ] GC(397) DefNew: 17461K(19648K)->2170K(19648K) Eden: 17461K(17472K)->0K(17472K) From: 0K(2176K)->2170K(2176K)
[2026-06-17T10:00:18.059+0800][16.922s][info][gc,heap        ] GC(397) Tenured: 30073K(43712K)->34968K(43712K)
[2026-06-17T10:00:18.059+0800][16.922s][info][gc,metaspace   ] GC(397) Metaspace: 112K(320K)->112K(320K) NonClass: 105K(192K)->105K(192K) Class: 7K(128K)->7K(128K)
[2026-06-17T10:00:18.059+0800][16.922s][info][gc             ] GC(397) Pause Young (Allocation Failure) 46M->36M(61M) 2.054ms
[2026-06-17T10:00:18.059+0800][16.922s][info][gc,cpu         ] GC(397) User=0.00s Sys=0.00s Real=0.00s
[2026-06-17T10:00:18.102+0800][16.965s][info][gc,start       ] GC(398) Pause Young (Allocation Failure)
[2026-06-17T10:00:18.104+0800][16.966s][info][gc,heap        ] GC(398) DefNew: 19636K(19648K)->2174K(19648K) Eden: 17465K(17472K)->0K(17472K) From: 2170K(2176K)->2174K(2176K)
[2026-06-17T10:00:18.104+0800][16.967s][info][gc,heap        ] GC(398) Tenured: 34968K(43712K)->39165K(43712K)
[2026-06-17T10:00:18.105+0800][16.968s][info][gc,metaspace   ] GC(398) Metaspace: 112K(320K)->112K(320K) NonClass: 105K(192K)->105K(192K) Class: 7K(128K)->7K(128K)
[2026-06-17T10:00:18.105+0800][16.968s][info][gc             ] GC(398) Pause Young (Allocation Failure) 53M->40M(61M) 3.324ms
[2026-06-17T10:00:18.106+0800][16.968s][info][gc,cpu         ] GC(398) User=0.00s Sys=0.00s Real=0.01s
[2026-06-17T10:00:18.148+0800][17.011s][info][gc,start       ] GC(399) Pause Young (Allocation Failure)
[2026-06-17T10:00:18.149+0800][17.011s][info][gc             ] GC(399) Pause Young (Allocation Failure) 57M->57M(61M) 0.389ms
[2026-06-17T10:00:18.149+0800][17.012s][info][gc,cpu         ] GC(399) User=0.00s Sys=0.00s Real=0.00s
[2026-06-17T10:00:18.149+0800][17.012s][info][gc,start       ] GC(400) Pause Full (Allocation Failure)
[2026-06-17T10:00:18.150+0800][17.012s][info][gc,phases,start] GC(400) Phase 1: Mark live objects
[2026-06-17T10:00:18.151+0800][17.013s][info][gc,phases      ] GC(400) Phase 1: Mark live objects 1.002ms
[2026-06-17T10:00:18.151+0800][17.014s][info][gc,phases,start] GC(400) Phase 2: Compute new object addresses
[2026-06-17T10:00:18.152+0800][17.014s][info][gc,phases      ] GC(400) Phase 2: Compute new object addresses 0.577ms
[2026-06-17T10:00:18.152+0800][17.015s][info][gc,phases,start] GC(400) Phase 3: Adjust pointers
[2026-06-17T10:00:18.152+0800][17.015s][info][gc,phases      ] GC(400) Phase 3: Adjust pointers 0.464ms
[2026-06-17T10:00:18.153+0800][17.016s][info][gc,phases,start] GC(400) Phase 4: Move objects
[2026-06-17T10:00:18.155+0800][17.018s][info][gc,phases      ] GC(400) Phase 4: Move objects 2.007ms
[2026-06-17T10:00:18.156+0800][17.018s][info][gc,heap        ] GC(400) DefNew: 19604K(19648K)->0K(19648K) Eden: 17429K(17472K)->0K(17472K) From: 2174K(2176K)->0K(2176K)
[2026-06-17T10:00:18.156+0800][17.019s][info][gc,heap        ] GC(400) Tenured: 39165K(43712K)->31444K(43712K)
[2026-06-17T10:00:18.156+0800][17.019s][info][gc,metaspace   ] GC(400) Metaspace: 112K(320K)->112K(320K) NonClass: 105K(192K)->105K(192K) Class: 7K(128K)->7K(128K)
[2026-06-17T10:00:18.156+0800][17.019s][info][gc             ] GC(400) Pause Full (Allocation Failure) 57M->30M(61M) 6.895ms
[2026-06-17T10:00:18.156+0800][17.019s][info][gc,cpu         ] GC(400) User=0.01s Sys=0.00s Real=0.01s
[2026-06-17T10:00:18.198+0800][17.061s][info][gc,start       ] GC(401) Pause Young (Allocation Failure)
[2026-06-17T10:00:18.202+0800][17.065s][info][gc,heap        ] GC(401) DefNew: 17440K(19648K)->2174K(19648K) Eden: 17440K(17472K)->0K(17472K) From: 0K(2176K)->2174K(2176K)
[2026-06-17T10:00:18.204+0800][17.067s][info][gc,heap        ] GC(401) Tenured: 31444K(43712K)->36259K(43712K)
[2026-06-17T10:00:18.205+0800][17.068s][info][gc,metaspace   ] GC(401) Metaspace: 112K(320K)->112K(320K) NonClass: 105K(192K)->105K(192K) Class: 7K(128K)->7K(128K)
[2026-06-17T10:00:18.225+0800][17.088s][info][gc             ] GC(401) Pause Young (Allocation Failure) 47M->37M(61M) 26.476ms
[2026-06-17T10:00:18.225+0800][17.088s][info][gc,cpu         ] GC(401) User=0.00s Sys=0.00s Real=0.03s
[2026-06-17T10:00:18.279+0800][17.141s][info][gc,start       ] GC(402) Pause Young (Allocation Failure)
[2026-06-17T10:00:18.279+0800][17.142s][info][gc             ] GC(402) Pause Young (Allocation Failure) 54M->54M(61M) 0.642ms
[2026-06-17T10:00:18.280+0800][17.142s][info][gc,cpu         ] GC(402) User=0.00s Sys=0.00s Real=0.00s
[2026-06-17T10:00:18.280+0800][17.143s][info][gc,start       ] GC(403) Pause Full (Allocation Failure)
[2026-06-17T10:00:18.280+0800][17.143s][info][gc,phases,start] GC(403) Phase 1: Mark live objects
[2026-06-17T10:00:18.281+0800][17.144s][info][gc,phases      ] GC(403) Phase 1: Mark live objects 1.140ms
[2026-06-17T10:00:18.282+0800][17.144s][info][gc,phases,start] GC(403) Phase 2: Compute new object addresses
[2026-06-17T10:00:18.282+0800][17.145s][info][gc,phases      ] GC(403) Phase 2: Compute new object addresses 0.631ms
[2026-06-17T10:00:18.283+0800][17.145s][info][gc,phases,start] GC(403) Phase 3: Adjust pointers
[2026-06-17T10:00:18.283+0800][17.146s][info][gc,phases      ] GC(403) Phase 3: Adjust pointers 0.624ms
[2026-06-17T10:00:18.283+0800][17.146s][info][gc,phases,start] GC(403) Phase 4: Move objects
[2026-06-17T10:00:18.285+0800][17.148s][info][gc,phases      ] GC(403) Phase 4: Move objects 1.584ms
[2026-06-17T10:00:18.285+0800][17.148s][info][gc,heap        ] GC(403) DefNew: 19615K(19648K)->0K(19648K) Eden: 17441K(17472K)->0K(17472K) From: 2174K(2176K)->0K(2176K)
[2026-06-17T10:00:18.285+0800][17.148s][info][gc,heap        ] GC(403) Tenured: 36259K(43712K)->26351K(43712K)
[2026-06-17T10:00:18.286+0800][17.148s][info][gc,metaspace   ] GC(403) Metaspace: 112K(320K)->112K(320K) NonClass: 105K(192K)->105K(192K) Class: 7K(128K)->7K(128K)
[2026-06-17T10:00:18.286+0800][17.149s][info][gc             ] GC(403) Pause Full (Allocation Failure) 54M->25M(61M) 5.942ms
[2026-06-17T10:00:18.286+0800][17.149s][info][gc,cpu         ] GC(403) User=0.00s Sys=0.00s Real=0.01s
[2026-06-17T10:00:18.329+0800][17.191s][info][gc,start       ] GC(404) Pause Young (Allocation Failure)
[2026-06-17T10:00:18.330+0800][17.193s][info][gc,heap        ] GC(404) DefNew: 17468K(19648K)->2167K(19648K) Eden: 17468K(17472K)->0K(17472K) From: 0K(2176K)->2167K(2176K)
[2026-06-17T10:00:18.330+0800][17.193s][info][gc,heap        ] GC(404) Tenured: 26351K(43712K)->30840K(43712K)
[2026-06-17T10:00:18.331+0800][17.193s][info][gc,metaspace   ] GC(404) Metaspace: 112K(320K)->112K(320K) NonClass: 105K(192K)->105K(192K) Class: 7K(128K)->7K(128K)
[2026-06-17T10:00:18.331+0800][17.193s][info][gc             ] GC(404) Pause Young (Allocation Failure) 42M->32M(61M) 2.147ms
[2026-06-17T10:00:18.331+0800][17.194s][info][gc,cpu         ] GC(404) User=0.00s Sys=0.00s Real=0.01s
[2026-06-17T10:00:18.373+0800][17.236s][info][gc,start       ] GC(405) Pause Young (Allocation Failure)
[2026-06-17T10:00:18.375+0800][17.237s][info][gc,heap        ] GC(405) DefNew: 19629K(19648K)->2171K(19648K) Eden: 17461K(17472K)->0K(17472K) From: 2167K(2176K)->2171K(2176K)
[2026-06-17T10:00:18.375+0800][17.238s][info][gc,heap        ] GC(405) Tenured: 30840K(43712K)->35539K(43712K)
[2026-06-17T10:00:18.375+0800][17.238s][info][gc,metaspace   ] GC(405) Metaspace: 112K(320K)->112K(320K) NonClass: 105K(192K)->105K(192K) Class: 7K(128K)->7K(128K)
[2026-06-17T10:00:18.375+0800][17.238s][info][gc             ] GC(405) Pause Young (Allocation Failure) 49M->36M(61M) 2.238ms
[2026-06-17T10:00:18.376+0800][17.239s][info][gc,cpu         ] GC(405) User=0.00s Sys=0.00s Real=0.00s
[2026-06-17T10:00:18.418+0800][17.281s][info][gc,start       ] GC(406) Pause Young (Allocation Failure)
[2026-06-17T10:00:18.422+0800][17.285s][info][gc,heap        ] GC(406) DefNew: 19643K(19648K)->2171K(19648K) Eden: 17472K(17472K)->0K(17472K) From: 2171K(2176K)->2171K(2176K)
[2026-06-17T10:00:18.424+0800][17.286s][info][gc,heap        ] GC(406) Tenured: 35539K(43712K)->39683K(43712K)
[2026-06-17T10:00:18.424+0800][17.287s][info][gc,metaspace   ] GC(406) Metaspace: 112K(320K)->112K(320K) NonClass: 105K(192K)->105K(192K) Class: 7K(128K)->7K(128K)
[2026-06-17T10:00:18.425+0800][17.287s][info][gc             ] GC(406) Pause Young (Allocation Failure) 53M->40M(61M) 6.272ms
[2026-06-17T10:00:18.425+0800][17.288s][info][gc,cpu         ] GC(406) User=0.00s Sys=0.00s Real=0.01s
[2026-06-17T10:00:18.468+0800][17.331s][info][gc,start       ] GC(407) Pause Young (Allocation Failure)
[2026-06-17T10:00:18.469+0800][17.331s][info][gc             ] GC(407) Pause Young (Allocation Failure) 57M->57M(61M) 0.804ms
[2026-06-17T10:00:18.469+0800][17.332s][info][gc,cpu         ] GC(407) User=0.00s Sys=0.00s Real=0.00s
[2026-06-17T10:00:18.469+0800][17.332s][info][gc,start       ] GC(408) Pause Full (Allocation Failure)
[2026-06-17T10:00:18.469+0800][17.332s][info][gc,phases,start] GC(408) Phase 1: Mark live objects
[2026-06-17T10:00:18.470+0800][17.333s][info][gc,phases      ] GC(408) Phase 1: Mark live objects 0.830ms
[2026-06-17T10:00:18.470+0800][17.333s][info][gc,phases,start] GC(408) Phase 2: Compute new object addresses
[2026-06-17T10:00:18.471+0800][17.334s][info][gc,phases      ] GC(408) Phase 2: Compute new object addresses 0.495ms
[2026-06-17T10:00:18.471+0800][17.334s][info][gc,phases,start] GC(408) Phase 3: Adjust pointers
[2026-06-17T10:00:18.472+0800][17.335s][info][gc,phases      ] GC(408) Phase 3: Adjust pointers 0.562ms
[2026-06-17T10:00:18.472+0800][17.335s][info][gc,phases,start] GC(408) Phase 4: Move objects
[2026-06-17T10:00:18.474+0800][17.337s][info][gc,phases      ] GC(408) Phase 4: Move objects 2.090ms
[2026-06-17T10:00:18.475+0800][17.338s][info][gc,heap        ] GC(408) DefNew: 19618K(19648K)->0K(19648K) Eden: 17446K(17472K)->0K(17472K) From: 2171K(2176K)->0K(2176K)
[2026-06-17T10:00:18.475+0800][17.338s][info][gc,heap        ] GC(408) Tenured: 39683K(43712K)->28798K(43712K)
[2026-06-17T10:00:18.476+0800][17.338s][info][gc,metaspace   ] GC(408) Metaspace: 112K(320K)->112K(320K) NonClass: 105K(192K)->105K(192K) Class: 7K(128K)->7K(128K)
[2026-06-17T10:00:18.476+0800][17.339s][info][gc             ] GC(408) Pause Full (Allocation Failure) 57M->28M(61M) 6.812ms
[2026-06-17T10:00:18.476+0800][17.339s][info][gc,cpu         ] GC(408) User=0.01s Sys=0.00s Real=0.01s
[2026-06-17T10:00:18.529+0800][17.391s][info][gc,start       ] GC(409) Pause Young (Allocation Failure)
[2026-06-17T10:00:18.530+0800][17.393s][info][gc,heap        ] GC(409) DefNew: 17472K(19648K)->2066K(19648K) Eden: 17472K(17472K)->0K(17472K) From: 0K(2176K)->2066K(2176K)
[2026-06-17T10:00:18.534+0800][17.397s][info][gc,heap        ] GC(409) Tenured: 28798K(43712K)->30579K(43712K)
[2026-06-17T10:00:18.535+0800][17.397s][info][gc,metaspace   ] GC(409) Metaspace: 112K(320K)->112K(320K) NonClass: 105K(192K)->105K(192K) Class: 7K(128K)->7K(128K)
[2026-06-17T10:00:18.536+0800][17.398s][info][gc             ] GC(409) Pause Young (Allocation Failure) 45M->31M(61M) 7.004ms
[2026-06-17T10:00:18.536+0800][17.399s][info][gc,cpu         ] GC(409) User=0.00s Sys=0.00s Real=0.01s
[2026-06-17T10:00:18.568+0800][17.431s][info][gc,start       ] GC(410) Pause Young (Allocation Failure)
[2026-06-17T10:00:18.569+0800][17.432s][info][gc,heap        ] GC(410) DefNew: 19538K(19648K)->2175K(19648K) Eden: 17472K(17472K)->0K(17472K) From: 2066K(2176K)->2175K(2176K)
[2026-06-17T10:00:18.569+0800][17.432s][info][gc,heap        ] GC(410) Tenured: 30579K(43712K)->37298K(43712K)
[2026-06-17T10:00:18.570+0800][17.432s][info][gc,metaspace   ] GC(410) Metaspace: 112K(320K)->112K(320K) NonClass: 105K(192K)->105K(192K) Class: 7K(128K)->7K(128K)
[2026-06-17T10:00:18.570+0800][17.433s][info][gc             ] GC(410) Pause Young (Allocation Failure) 48M->38M(61M) 2.050ms
[2026-06-17T10:00:18.570+0800][17.433s][info][gc,cpu         ] GC(410) User=0.00s Sys=0.00s Real=0.00s
[2026-06-17T10:00:18.612+0800][17.475s][info][gc,start       ] GC(411) Pause Young (Allocation Failure)
[2026-06-17T10:00:18.612+0800][17.475s][info][gc             ] GC(411) Pause Young (Allocation Failure) 55M->55M(61M) 0.294ms
[2026-06-17T10:00:18.612+0800][17.475s][info][gc,cpu         ] GC(411) User=0.00s Sys=0.00s Real=0.00s
[2026-06-17T10:00:18.612+0800][17.475s][info][gc,start       ] GC(412) Pause Full (Allocation Failure)
[2026-06-17T10:00:18.613+0800][17.475s][info][gc,phases,start] GC(412) Phase 1: Mark live objects
[2026-06-17T10:00:18.613+0800][17.476s][info][gc,phases      ] GC(412) Phase 1: Mark live objects 0.705ms
[2026-06-17T10:00:18.614+0800][17.476s][info][gc,phases,start] GC(412) Phase 2: Compute new object addresses
[2026-06-17T10:00:18.614+0800][17.477s][info][gc,phases      ] GC(412) Phase 2: Compute new object addresses 0.474ms
[2026-06-17T10:00:18.614+0800][17.477s][info][gc,phases,start] GC(412) Phase 3: Adjust pointers
[2026-06-17T10:00:18.615+0800][17.477s][info][gc,phases      ] GC(412) Phase 3: Adjust pointers 0.432ms
[2026-06-17T10:00:18.615+0800][17.478s][info][gc,phases,start] GC(412) Phase 4: Move objects
[2026-06-17T10:00:18.617+0800][17.480s][info][gc,phases      ] GC(412) Phase 4: Move objects 2.012ms
[2026-06-17T10:00:18.617+0800][17.480s][info][gc,heap        ] GC(412) DefNew: 19645K(19648K)->0K(19648K) Eden: 17469K(17472K)->0K(17472K) From: 2175K(2176K)->0K(2176K)
[2026-06-17T10:00:18.617+0800][17.480s][info][gc,heap        ] GC(412) Tenured: 37298K(43712K)->24242K(43712K)
[2026-06-17T10:00:18.617+0800][17.480s][info][gc,metaspace   ] GC(412) Metaspace: 112K(320K)->112K(320K) NonClass: 105K(192K)->105K(192K) Class: 7K(128K)->7K(128K)
[2026-06-17T10:00:18.617+0800][17.480s][info][gc             ] GC(412) Pause Full (Allocation Failure) 55M->23M(61M) 4.910ms
[2026-06-17T10:00:18.617+0800][17.480s][info][gc,cpu         ] GC(412) User=0.01s Sys=0.00s Real=0.00s
[2026-06-17T10:00:18.670+0800][17.532s][info][gc,start       ] GC(413) Pause Young (Allocation Failure)
[2026-06-17T10:00:18.670+0800][17.533s][info][gc,heap        ] GC(413) DefNew: 17472K(19648K)->2170K(19648K) Eden: 17472K(17472K)->0K(17472K) From: 0K(2176K)->2170K(2176K)
[2026-06-17T10:00:18.671+0800][17.533s][info][gc,heap        ] GC(413) Tenured: 24242K(43712K)->25600K(43712K)
[2026-06-17T10:00:18.671+0800][17.533s][info][gc,metaspace   ] GC(413) Metaspace: 112K(320K)->112K(320K) NonClass: 105K(192K)->105K(192K) Class: 7K(128K)->7K(128K)
[2026-06-17T10:00:18.671+0800][17.534s][info][gc             ] GC(413) Pause Young (Allocation Failure) 40M->27M(61M) 1.138ms
[2026-06-17T10:00:18.671+0800][17.534s][info][gc,cpu         ] GC(413) User=0.00s Sys=0.00s Real=0.01s
[2026-06-17T10:00:18.713+0800][17.576s][info][gc,start       ] GC(414) Pause Young (Allocation Failure)
[2026-06-17T10:00:18.714+0800][17.577s][info][gc,heap        ] GC(414) DefNew: 19642K(19648K)->2102K(19648K) Eden: 17472K(17472K)->0K(17472K) From: 2170K(2176K)->2102K(2176K)
[2026-06-17T10:00:18.714+0800][17.577s][info][gc,heap        ] GC(414) Tenured: 25600K(43712K)->29273K(43712K)
[2026-06-17T10:00:18.714+0800][17.577s][info][gc,metaspace   ] GC(414) Metaspace: 112K(320K)->112K(320K) NonClass: 105K(192K)->105K(192K) Class: 7K(128K)->7K(128K)
[2026-06-17T10:00:18.714+0800][17.577s][info][gc             ] GC(414) Pause Young (Allocation Failure) 44M->30M(61M) 1.303ms
[2026-06-17T10:00:18.714+0800][17.577s][info][gc,cpu         ] GC(414) User=0.00s Sys=0.00s Real=0.00s
[2026-06-17T10:00:18.756+0800][17.619s][info][gc,start       ] GC(415) Pause Young (Allocation Failure)
[2026-06-17T10:00:18.757+0800][17.620s][info][gc,heap        ] GC(415) DefNew: 19565K(19648K)->2173K(19648K) Eden: 17463K(17472K)->0K(17472K) From: 2102K(2176K)->2173K(2176K)
[2026-06-17T10:00:18.758+0800][17.620s][info][gc,heap        ] GC(415) Tenured: 29273K(43712K)->32681K(43712K)
[2026-06-17T10:00:18.758+0800][17.621s][info][gc,metaspace   ] GC(415) Metaspace: 112K(320K)->112K(320K) NonClass: 105K(192K)->105K(192K) Class: 7K(128K)->7K(128K)
[2026-06-17T10:00:18.758+0800][17.621s][info][gc             ] GC(415) Pause Young (Allocation Failure) 47M->34M(61M) 1.799ms
[2026-06-17T10:00:18.758+0800][17.621s][info][gc,cpu         ] GC(415) User=0.00s Sys=0.00s Real=0.00s
[2026-06-17T10:00:18.801+0800][17.664s][info][gc,start       ] GC(416) Pause Young (Allocation Failure)
[2026-06-17T10:00:18.803+0800][17.665s][info][gc,heap        ] GC(416) DefNew: 19565K(19648K)->1903K(19648K) Eden: 17391K(17472K)->0K(17472K) From: 2173K(2176K)->1903K(2176K)
[2026-06-17T10:00:18.808+0800][17.671s][info][gc,heap        ] GC(416) Tenured: 32681K(43712K)->33798K(43712K)
[2026-06-17T10:00:18.810+0800][17.672s][info][gc,metaspace   ] GC(416) Metaspace: 112K(320K)->112K(320K) NonClass: 105K(192K)->105K(192K) Class: 7K(128K)->7K(128K)
[2026-06-17T10:00:18.813+0800][17.675s][info][gc             ] GC(416) Pause Young (Allocation Failure) 51M->34M(61M) 11.631ms
[2026-06-17T10:00:18.817+0800][17.680s][info][gc,cpu         ] GC(416) User=0.00s Sys=0.00s Real=0.02s
[2026-06-17T10:00:18.863+0800][17.725s][info][gc,start       ] GC(417) Pause Young (Allocation Failure)
[2026-06-17T10:00:18.864+0800][17.727s][info][gc,heap        ] GC(417) DefNew: 19328K(19648K)->2172K(19648K) Eden: 17425K(17472K)->0K(17472K) From: 1903K(2176K)->2172K(2176K)
[2026-06-17T10:00:18.864+0800][17.727s][info][gc,heap        ] GC(417) Tenured: 33798K(43712K)->40731K(43712K)
[2026-06-17T10:00:18.864+0800][17.727s][info][gc,metaspace   ] GC(417) Metaspace: 112K(320K)->112K(320K) NonClass: 105K(192K)->105K(192K) Class: 7K(128K)->7K(128K)
[2026-06-17T10:00:18.865+0800][17.727s][info][gc             ] GC(417) Pause Young (Allocation Failure) 51M->41M(61M) 1.902ms
[2026-06-17T10:00:18.865+0800][17.727s][info][gc,cpu         ] GC(417) User=0.00s Sys=0.00s Real=0.00s
[2026-06-17T10:00:18.917+0800][17.780s][info][gc,start       ] GC(418) Pause Young (Allocation Failure)
[2026-06-17T10:00:18.918+0800][17.780s][info][gc             ] GC(418) Pause Young (Allocation Failure) 58M->58M(61M) 0.771ms
[2026-06-17T10:00:18.918+0800][17.781s][info][gc,cpu         ] GC(418) User=0.00s Sys=0.00s Real=0.00s
[2026-06-17T10:00:18.918+0800][17.781s][info][gc,start       ] GC(419) Pause Full (Allocation Failure)
[2026-06-17T10:00:18.919+0800][17.781s][info][gc,phases,start] GC(419) Phase 1: Mark live objects
[2026-06-17T10:00:18.920+0800][17.782s][info][gc,phases      ] GC(419) Phase 1: Mark live objects 0.946ms
[2026-06-17T10:00:18.920+0800][17.783s][info][gc,phases,start] GC(419) Phase 2: Compute new object addresses
[2026-06-17T10:00:18.920+0800][17.783s][info][gc,phases      ] GC(419) Phase 2: Compute new object addresses 0.563ms
[2026-06-17T10:00:18.921+0800][17.784s][info][gc,phases,start] GC(419) Phase 3: Adjust pointers
[2026-06-17T10:00:18.921+0800][17.784s][info][gc,phases      ] GC(419) Phase 3: Adjust pointers 0.552ms
[2026-06-17T10:00:18.922+0800][17.784s][info][gc,phases,start] GC(419) Phase 4: Move objects
[2026-06-17T10:00:18.924+0800][17.787s][info][gc,phases      ] GC(419) Phase 4: Move objects 2.244ms
[2026-06-17T10:00:18.924+0800][17.787s][info][gc,heap        ] GC(419) DefNew: 19611K(19648K)->0K(19648K) Eden: 17439K(17472K)->0K(17472K) From: 2172K(2176K)->0K(2176K)
[2026-06-17T10:00:18.924+0800][17.787s][info][gc,heap        ] GC(419) Tenured: 40731K(43712K)->27981K(43712K)
[2026-06-17T10:00:18.925+0800][17.787s][info][gc,metaspace   ] GC(419) Metaspace: 112K(320K)->112K(320K) NonClass: 105K(192K)->105K(192K) Class: 7K(128K)->7K(128K)
[2026-06-17T10:00:18.925+0800][17.788s][info][gc             ] GC(419) Pause Full (Allocation Failure) 58M->27M(61M) 6.526ms
[2026-06-17T10:00:18.925+0800][17.788s][info][gc,cpu         ] GC(419) User=0.00s Sys=0.00s Real=0.01s
[2026-06-17T10:00:18.957+0800][17.820s][info][gc,start       ] GC(420) Pause Young (Allocation Failure)
[2026-06-17T10:00:18.958+0800][17.821s][info][gc,heap        ] GC(420) DefNew: 17272K(19648K)->2174K(19648K) Eden: 17272K(17472K)->0K(17472K) From: 0K(2176K)->2174K(2176K)
[2026-06-17T10:00:18.959+0800][17.822s][info][gc,heap        ] GC(420) Tenured: 27981K(43712K)->32466K(43712K)
[2026-06-17T10:00:18.959+0800][17.822s][info][gc,metaspace   ] GC(420) Metaspace: 112K(320K)->112K(320K) NonClass: 105K(192K)->105K(192K) Class: 7K(128K)->7K(128K)
[2026-06-17T10:00:18.960+0800][17.822s][info][gc             ] GC(420) Pause Young (Allocation Failure) 44M->33M(61M) 2.442ms
[2026-06-17T10:00:18.960+0800][17.822s][info][gc,cpu         ] GC(420) User=0.00s Sys=0.00s Real=0.00s
[2026-06-17T10:00:19.012+0800][17.875s][info][gc,start       ] GC(421) Pause Young (Allocation Failure)
[2026-06-17T10:00:19.014+0800][17.876s][info][gc,heap        ] GC(421) DefNew: 19646K(19648K)->2161K(19648K) Eden: 17472K(17472K)->0K(17472K) From: 2174K(2176K)->2161K(2176K)
[2026-06-17T10:00:19.014+0800][17.877s][info][gc,heap        ] GC(421) Tenured: 32466K(43712K)->36514K(43712K)
[2026-06-17T10:00:19.017+0800][17.880s][info][gc,metaspace   ] GC(421) Metaspace: 112K(320K)->112K(320K) NonClass: 105K(192K)->105K(192K) Class: 7K(128K)->7K(128K)
[2026-06-17T10:00:19.020+0800][17.882s][info][gc             ] GC(421) Pause Young (Allocation Failure) 50M->37M(61M) 7.478ms
[2026-06-17T10:00:19.023+0800][17.886s][info][gc,cpu         ] GC(421) User=0.00s Sys=0.00s Real=0.01s
[2026-06-17T10:00:19.068+0800][17.931s][info][gc,start       ] GC(422) Pause Young (Allocation Failure)
[2026-06-17T10:00:19.069+0800][17.932s][info][gc             ] GC(422) Pause Young (Allocation Failure) 54M->54M(61M) 0.636ms
[2026-06-17T10:00:19.069+0800][17.932s][info][gc,cpu         ] GC(422) User=0.00s Sys=0.00s Real=0.00s
[2026-06-17T10:00:19.070+0800][17.933s][info][gc,start       ] GC(423) Pause Full (Allocation Failure)
[2026-06-17T10:00:19.070+0800][17.933s][info][gc,phases,start] GC(423) Phase 1: Mark live objects
[2026-06-17T10:00:19.072+0800][17.934s][info][gc,phases      ] GC(423) Phase 1: Mark live objects 1.394ms
[2026-06-17T10:00:19.072+0800][17.935s][info][gc,phases,start] GC(423) Phase 2: Compute new object addresses
[2026-06-17T10:00:19.073+0800][17.936s][info][gc,phases      ] GC(423) Phase 2: Compute new object addresses 0.746ms
[2026-06-17T10:00:19.073+0800][17.936s][info][gc,phases,start] GC(423) Phase 3: Adjust pointers
[2026-06-17T10:00:19.074+0800][17.937s][info][gc,phases      ] GC(423) Phase 3: Adjust pointers 0.944ms
[2026-06-17T10:00:19.074+0800][17.937s][info][gc,phases,start] GC(423) Phase 4: Move objects
[2026-06-17T10:00:19.076+0800][17.939s][info][gc,phases      ] GC(423) Phase 4: Move objects 1.873ms
[2026-06-17T10:00:19.077+0800][17.940s][info][gc,heap        ] GC(423) DefNew: 19608K(19648K)->0K(19648K) Eden: 17447K(17472K)->0K(17472K) From: 2161K(2176K)->0K(2176K)
[2026-06-17T10:00:19.077+0800][17.940s][info][gc,heap        ] GC(423) Tenured: 36514K(43712K)->30065K(43712K)
[2026-06-17T10:00:19.077+0800][17.940s][info][gc,metaspace   ] GC(423) Metaspace: 112K(320K)->112K(320K) NonClass: 105K(192K)->105K(192K) Class: 7K(128K)->7K(128K)
[2026-06-17T10:00:19.077+0800][17.940s][info][gc             ] GC(423) Pause Full (Allocation Failure) 54M->29M(61M) 7.323ms
[2026-06-17T10:00:19.077+0800][17.940s][info][gc,cpu         ] GC(423) User=0.01s Sys=0.00s Real=0.01s
[2026-06-17T10:00:19.120+0800][17.983s][info][gc,start       ] GC(424) Pause Young (Allocation Failure)
[2026-06-17T10:00:19.121+0800][17.984s][info][gc,heap        ] GC(424) DefNew: 17460K(19648K)->2171K(19648K) Eden: 17460K(17472K)->0K(17472K) From: 0K(2176K)->2171K(2176K)
[2026-06-17T10:00:19.122+0800][17.984s][info][gc,heap        ] GC(424) Tenured: 30065K(43712K)->34759K(43712K)
[2026-06-17T10:00:19.122+0800][17.985s][info][gc,metaspace   ] GC(424) Metaspace: 112K(320K)->112K(320K) NonClass: 105K(192K)->105K(192K) Class: 7K(128K)->7K(128K)
[2026-06-17T10:00:19.122+0800][17.985s][info][gc             ] GC(424) Pause Young (Allocation Failure) 46M->36M(61M) 2.319ms
[2026-06-17T10:00:19.123+0800][17.986s][info][gc,cpu         ] GC(424) User=0.00s Sys=0.00s Real=0.01s
[2026-06-17T10:00:19.167+0800][18.029s][info][gc,start       ] GC(425) Pause Young (Allocation Failure)
[2026-06-17T10:00:19.168+0800][18.030s][info][gc,heap        ] GC(425) DefNew: 19643K(19648K)->2175K(19648K) Eden: 17472K(17472K)->0K(17472K) From: 2171K(2176K)->2175K(2176K)
[2026-06-17T10:00:19.168+0800][18.031s][info][gc,heap        ] GC(425) Tenured: 34759K(43712K)->39121K(43712K)
[2026-06-17T10:00:19.168+0800][18.031s][info][gc,metaspace   ] GC(425) Metaspace: 112K(320K)->112K(320K) NonClass: 105K(192K)->105K(192K) Class: 7K(128K)->7K(128K)
[2026-06-17T10:00:19.169+0800][18.031s][info][gc             ] GC(425) Pause Young (Allocation Failure) 53M->40M(61M) 1.993ms
[2026-06-17T10:00:19.169+0800][18.032s][info][gc,cpu         ] GC(425) User=0.00s Sys=0.00s Real=0.00s
[2026-06-17T10:00:19.211+0800][18.074s][info][gc,start       ] GC(426) Pause Young (Allocation Failure)
[2026-06-17T10:00:19.212+0800][18.075s][info][gc             ] GC(426) Pause Young (Allocation Failure) 57M->57M(61M) 0.535ms
[2026-06-17T10:00:19.212+0800][18.075s][info][gc,cpu         ] GC(426) User=0.00s Sys=0.00s Real=0.00s
[2026-06-17T10:00:19.212+0800][18.075s][info][gc,start       ] GC(427) Pause Full (Allocation Failure)
[2026-06-17T10:00:19.213+0800][18.075s][info][gc,phases,start] GC(427) Phase 1: Mark live objects
[2026-06-17T10:00:19.214+0800][18.076s][info][gc,phases      ] GC(427) Phase 1: Mark live objects 1.025ms
[2026-06-17T10:00:19.214+0800][18.077s][info][gc,phases,start] GC(427) Phase 2: Compute new object addresses
[2026-06-17T10:00:19.214+0800][18.077s][info][gc,phases      ] GC(427) Phase 2: Compute new object addresses 0.584ms
[2026-06-17T10:00:19.215+0800][18.077s][info][gc,phases,start] GC(427) Phase 3: Adjust pointers
[2026-06-17T10:00:19.215+0800][18.078s][info][gc,phases      ] GC(427) Phase 3: Adjust pointers 0.712ms
[2026-06-17T10:00:19.216+0800][18.078s][info][gc,phases,start] GC(427) Phase 4: Move objects
[2026-06-17T10:00:19.217+0800][18.080s][info][gc,phases      ] GC(427) Phase 4: Move objects 1.706ms
[2026-06-17T10:00:19.218+0800][18.080s][info][gc,heap        ] GC(427) DefNew: 19593K(19648K)->0K(19648K) Eden: 17417K(17472K)->0K(17472K) From: 2175K(2176K)->0K(2176K)
[2026-06-17T10:00:19.218+0800][18.081s][info][gc,heap        ] GC(427) Tenured: 39121K(43712K)->25598K(43712K)
[2026-06-17T10:00:19.218+0800][18.081s][info][gc,metaspace   ] GC(427) Metaspace: 112K(320K)->112K(320K) NonClass: 105K(192K)->105K(192K) Class: 7K(128K)->7K(128K)
[2026-06-17T10:00:19.218+0800][18.081s][info][gc             ] GC(427) Pause Full (Allocation Failure) 57M->24M(61M) 6.176ms
[2026-06-17T10:00:19.219+0800][18.081s][info][gc,cpu         ] GC(427) User=0.01s Sys=0.00s Real=0.00s
[2026-06-17T10:00:19.272+0800][18.135s][info][gc,start       ] GC(428) Pause Young (Allocation Failure)
[2026-06-17T10:00:19.273+0800][18.136s][info][gc,heap        ] GC(428) DefNew: 17472K(19648K)->2173K(19648K) Eden: 17472K(17472K)->0K(17472K) From: 0K(2176K)->2173K(2176K)
[2026-06-17T10:00:19.274+0800][18.136s][info][gc,heap        ] GC(428) Tenured: 25598K(43712K)->26894K(43712K)
[2026-06-17T10:00:19.275+0800][18.138s][info][gc,metaspace   ] GC(428) Metaspace: 112K(320K)->112K(320K) NonClass: 105K(192K)->105K(192K) Class: 7K(128K)->7K(128K)
[2026-06-17T10:00:19.276+0800][18.138s][info][gc             ] GC(428) Pause Young (Allocation Failure) 42M->28M(61M) 3.612ms
[2026-06-17T10:00:19.276+0800][18.139s][info][gc,cpu         ] GC(428) User=0.00s Sys=0.00s Real=0.00s
[2026-06-17T10:00:19.319+0800][18.182s][info][gc,start       ] GC(429) Pause Young (Allocation Failure)
[2026-06-17T10:00:19.320+0800][18.183s][info][gc,heap        ] GC(429) DefNew: 19645K(19648K)->2162K(19648K) Eden: 17472K(17472K)->0K(17472K) From: 2173K(2176K)->2162K(2176K)
[2026-06-17T10:00:19.321+0800][18.184s][info][gc,heap        ] GC(429) Tenured: 26894K(43712K)->30479K(43712K)
[2026-06-17T10:00:19.321+0800][18.184s][info][gc,metaspace   ] GC(429) Metaspace: 112K(320K)->112K(320K) NonClass: 105K(192K)->105K(192K) Class: 7K(128K)->7K(128K)
[2026-06-17T10:00:19.322+0800][18.185s][info][gc             ] GC(429) Pause Young (Allocation Failure) 45M->31M(61M) 2.624ms
[2026-06-17T10:00:19.322+0800][18.185s][info][gc,cpu         ] GC(429) User=0.00s Sys=0.00s Real=0.01s
[2026-06-17T10:00:19.365+0800][18.228s][info][gc,start       ] GC(430) Pause Young (Allocation Failure)
[2026-06-17T10:00:19.369+0800][18.232s][info][gc,heap        ] GC(430) DefNew: 19628K(19648K)->2163K(19648K) Eden: 17465K(17472K)->0K(17472K) From: 2162K(2176K)->2163K(2176K)
[2026-06-17T10:00:19.370+0800][18.233s][info][gc,heap        ] GC(430) Tenured: 30479K(43712K)->34264K(43712K)
[2026-06-17T10:00:19.372+0800][18.235s][info][gc,metaspace   ] GC(430) Metaspace: 112K(320K)->112K(320K) NonClass: 105K(192K)->105K(192K) Class: 7K(128K)->7K(128K)
[2026-06-17T10:00:19.377+0800][18.240s][info][gc             ] GC(430) Pause Young (Allocation Failure) 48M->35M(61M) 12.352ms
[2026-06-17T10:00:19.378+0800][18.241s][info][gc,cpu         ] GC(430) User=0.00s Sys=0.00s Real=0.01s
[2026-06-17T10:00:19.422+0800][18.285s][info][gc,start       ] GC(431) Pause Young (Allocation Failure)
[2026-06-17T10:00:19.424+0800][18.286s][info][gc,heap        ] GC(431) DefNew: 19634K(19648K)->2171K(19648K) Eden: 17470K(17472K)->0K(17472K) From: 2163K(2176K)->2171K(2176K)
[2026-06-17T10:00:19.424+0800][18.287s][info][gc,heap        ] GC(431) Tenured: 34264K(43712K)->38700K(43712K)
[2026-06-17T10:00:19.424+0800][18.287s][info][gc,metaspace   ] GC(431) Metaspace: 112K(320K)->112K(320K) NonClass: 105K(192K)->105K(192K) Class: 7K(128K)->7K(128K)
[2026-06-17T10:00:19.425+0800][18.287s][info][gc             ] GC(431) Pause Young (Allocation Failure) 52M->39M(61M) 2.387ms
[2026-06-17T10:00:19.425+0800][18.288s][info][gc,cpu         ] GC(431) User=0.00s Sys=0.00s Real=0.01s
[2026-06-17T10:00:19.468+0800][18.331s][info][gc,start       ] GC(432) Pause Young (Allocation Failure)
[2026-06-17T10:00:19.468+0800][18.331s][info][gc             ] GC(432) Pause Young (Allocation Failure) 56M->56M(61M) 0.535ms
[2026-06-17T10:00:19.469+0800][18.331s][info][gc,cpu         ] GC(432) User=0.00s Sys=0.00s Real=0.00s
[2026-06-17T10:00:19.469+0800][18.332s][info][gc,start       ] GC(433) Pause Full (Allocation Failure)
[2026-06-17T10:00:19.469+0800][18.332s][info][gc,phases,start] GC(433) Phase 1: Mark live objects
[2026-06-17T10:00:19.471+0800][18.334s][info][gc,phases      ] GC(433) Phase 1: Mark live objects 1.315ms
[2026-06-17T10:00:19.471+0800][18.334s][info][gc,phases,start] GC(433) Phase 2: Compute new object addresses
[2026-06-17T10:00:19.472+0800][18.334s][info][gc,phases      ] GC(433) Phase 2: Compute new object addresses 0.550ms
[2026-06-17T10:00:19.472+0800][18.335s][info][gc,phases,start] GC(433) Phase 3: Adjust pointers
[2026-06-17T10:00:19.472+0800][18.335s][info][gc,phases      ] GC(433) Phase 3: Adjust pointers 0.585ms
[2026-06-17T10:00:19.473+0800][18.336s][info][gc,phases,start] GC(433) Phase 4: Move objects
[2026-06-17T10:00:19.475+0800][18.338s][info][gc,phases      ] GC(433) Phase 4: Move objects 2.163ms
[2026-06-17T10:00:19.475+0800][18.338s][info][gc,heap        ] GC(433) DefNew: 19459K(19648K)->0K(19648K) Eden: 17287K(17472K)->0K(17472K) From: 2171K(2176K)->0K(2176K)
[2026-06-17T10:00:19.475+0800][18.338s][info][gc,heap        ] GC(433) Tenured: 38700K(43712K)->31150K(43712K)
[2026-06-17T10:00:19.475+0800][18.338s][info][gc,metaspace   ] GC(433) Metaspace: 112K(320K)->112K(320K) NonClass: 105K(192K)->105K(192K) Class: 7K(128K)->7K(128K)
[2026-06-17T10:00:19.476+0800][18.338s][info][gc             ] GC(433) Pause Full (Allocation Failure) 56M->30M(61M) 6.563ms
[2026-06-17T10:00:19.476+0800][18.338s][info][gc,cpu         ] GC(433) User=0.01s Sys=0.00s Real=0.01s
[2026-06-17T10:00:19.528+0800][18.391s][info][gc,start       ] GC(434) Pause Young (Allocation Failure)
[2026-06-17T10:00:19.530+0800][18.393s][info][gc,heap        ] GC(434) DefNew: 17452K(19648K)->2132K(19648K) Eden: 17452K(17472K)->0K(17472K) From: 0K(2176K)->2132K(2176K)
[2026-06-17T10:00:19.530+0800][18.393s][info][gc,heap        ] GC(434) Tenured: 31150K(43712K)->32871K(43712K)
[2026-06-17T10:00:19.531+0800][18.394s][info][gc,metaspace   ] GC(434) Metaspace: 112K(320K)->112K(320K) NonClass: 105K(192K)->105K(192K) Class: 7K(128K)->7K(128K)
[2026-06-17T10:00:19.531+0800][18.394s][info][gc             ] GC(434) Pause Young (Allocation Failure) 47M->34M(61M) 2.989ms
[2026-06-17T10:00:19.532+0800][18.395s][info][gc,cpu         ] GC(434) User=0.00s Sys=0.00s Real=0.01s
[2026-06-17T10:00:19.575+0800][18.437s][info][gc,start       ] GC(435) Pause Young (Allocation Failure)
[2026-06-17T10:00:19.576+0800][18.439s][info][gc,heap        ] GC(435) DefNew: 19595K(19648K)->2168K(19648K) Eden: 17463K(17472K)->0K(17472K) From: 2132K(2176K)->2168K(2176K)
[2026-06-17T10:00:19.576+0800][18.439s][info][gc,heap        ] GC(435) Tenured: 32871K(43712K)->36557K(43712K)
[2026-06-17T10:00:19.577+0800][18.440s][info][gc,metaspace   ] GC(435) Metaspace: 112K(320K)->112K(320K) NonClass: 105K(192K)->105K(192K) Class: 7K(128K)->7K(128K)
[2026-06-17T10:00:19.578+0800][18.440s][info][gc             ] GC(435) Pause Young (Allocation Failure) 51M->37M(61M) 2.875ms
[2026-06-17T10:00:19.578+0800][18.441s][info][gc,cpu         ] GC(435) User=0.00s Sys=0.00s Real=0.00s
[2026-06-17T10:00:19.620+0800][18.483s][info][gc,start       ] GC(436) Pause Young (Allocation Failure)
[2026-06-17T10:00:19.622+0800][18.485s][info][gc,heap        ] GC(436) DefNew: 19618K(19648K)->2152K(19648K) Eden: 17449K(17472K)->0K(17472K) From: 2168K(2176K)->2152K(2176K)
[2026-06-17T10:00:19.622+0800][18.485s][info][gc,heap        ] GC(436) Tenured: 36557K(43712K)->41045K(43712K)
[2026-06-17T10:00:19.623+0800][18.485s][info][gc,metaspace   ] GC(436) Metaspace: 112K(320K)->112K(320K) NonClass: 105K(192K)->105K(192K) Class: 7K(128K)->7K(128K)
[2026-06-17T10:00:19.623+0800][18.486s][info][gc             ] GC(436) Pause Young (Allocation Failure) 54M->42M(61M) 2.638ms
[2026-06-17T10:00:19.623+0800][18.486s][info][gc,cpu         ] GC(436) User=0.00s Sys=0.00s Real=0.01s
[2026-06-17T10:00:19.666+0800][18.529s][info][gc,start       ] GC(437) Pause Young (Allocation Failure)
[2026-06-17T10:00:19.671+0800][18.534s][info][gc             ] GC(437) Pause Young (Allocation Failure) 59M->59M(61M) 5.005ms
[2026-06-17T10:00:19.672+0800][18.535s][info][gc,cpu         ] GC(437) User=0.00s Sys=0.00s Real=0.01s
[2026-06-17T10:00:19.686+0800][18.549s][info][gc,start       ] GC(438) Pause Full (Allocation Failure)
[2026-06-17T10:00:19.688+0800][18.550s][info][gc,phases,start] GC(438) Phase 1: Mark live objects
[2026-06-17T10:00:19.689+0800][18.552s][info][gc,phases      ] GC(438) Phase 1: Mark live objects 1.358ms
[2026-06-17T10:00:19.711+0800][18.574s][info][gc,phases,start] GC(438) Phase 2: Compute new object addresses
[2026-06-17T10:00:19.715+0800][18.578s][info][gc,phases      ] GC(438) Phase 2: Compute new object addresses 4.445ms
[2026-06-17T10:00:19.717+0800][18.579s][info][gc,phases,start] GC(438) Phase 3: Adjust pointers
[2026-06-17T10:00:19.717+0800][18.580s][info][gc,phases      ] GC(438) Phase 3: Adjust pointers 0.775ms
[2026-06-17T10:00:19.720+0800][18.583s][info][gc,phases,start] GC(438) Phase 4: Move objects
[2026-06-17T10:00:19.725+0800][18.587s][info][gc,phases      ] GC(438) Phase 4: Move objects 4.849ms
[2026-06-17T10:00:19.726+0800][18.589s][info][gc,heap        ] GC(438) DefNew: 19584K(19648K)->0K(19648K) Eden: 17432K(17472K)->0K(17472K) From: 2152K(2176K)->0K(2176K)
[2026-06-17T10:00:19.728+0800][18.591s][info][gc,heap        ] GC(438) Tenured: 41045K(43712K)->31086K(43712K)
[2026-06-17T10:00:19.730+0800][18.593s][info][gc,metaspace   ] GC(438) Metaspace: 112K(320K)->112K(320K) NonClass: 105K(192K)->105K(192K) Class: 7K(128K)->7K(128K)
[2026-06-17T10:00:19.731+0800][18.593s][info][gc             ] GC(438) Pause Full (Allocation Failure) 59M->30M(61M) 44.105ms
[2026-06-17T10:00:19.733+0800][18.596s][info][gc,cpu         ] GC(438) User=0.00s Sys=0.00s Real=0.05s
[2026-06-17T10:00:19.777+0800][18.640s][info][gc,start       ] GC(439) Pause Young (Allocation Failure)
[2026-06-17T10:00:19.778+0800][18.641s][info][gc,heap        ] GC(439) DefNew: 17339K(19648K)->2028K(19648K) Eden: 17339K(17472K)->0K(17472K) From: 0K(2176K)->2028K(2176K)
[2026-06-17T10:00:19.778+0800][18.641s][info][gc,heap        ] GC(439) Tenured: 31086K(43712K)->32828K(43712K)
[2026-06-17T10:00:19.779+0800][18.641s][info][gc,metaspace   ] GC(439) Metaspace: 112K(320K)->112K(320K) NonClass: 105K(192K)->105K(192K) Class: 7K(128K)->7K(128K)
[2026-06-17T10:00:19.779+0800][18.642s][info][gc             ] GC(439) Pause Young (Allocation Failure) 47M->34M(61M) 1.788ms
[2026-06-17T10:00:19.779+0800][18.642s][info][gc,cpu         ] GC(439) User=0.00s Sys=0.00s Real=0.00s
[2026-06-17T10:00:19.822+0800][18.684s][info][gc,start       ] GC(440) Pause Young (Allocation Failure)
[2026-06-17T10:00:19.823+0800][18.686s][info][gc,heap        ] GC(440) DefNew: 19112K(19648K)->2175K(19648K) Eden: 17084K(17472K)->0K(17472K) From: 2028K(2176K)->2175K(2176K)
[2026-06-17T10:00:19.823+0800][18.686s][info][gc,heap        ] GC(440) Tenured: 32828K(43712K)->35848K(43712K)
[2026-06-17T10:00:19.824+0800][18.686s][info][gc,metaspace   ] GC(440) Metaspace: 112K(320K)->112K(320K) NonClass: 105K(192K)->105K(192K) Class: 7K(128K)->7K(128K)
[2026-06-17T10:00:19.824+0800][18.687s][info][gc             ] GC(440) Pause Young (Allocation Failure) 50M->37M(61M) 2.345ms
[2026-06-17T10:00:19.824+0800][18.687s][info][gc,cpu         ] GC(440) User=0.01s Sys=0.00s Real=0.01s
[2026-06-17T10:00:19.877+0800][18.740s][info][gc,start       ] GC(441) Pause Young (Allocation Failure)
[2026-06-17T10:00:19.878+0800][18.741s][info][gc,heap        ] GC(441) DefNew: 19647K(19648K)->2097K(19648K) Eden: 17472K(17472K)->0K(17472K) From: 2175K(2176K)->2097K(2176K)
[2026-06-17T10:00:19.879+0800][18.742s][info][gc,heap        ] GC(441) Tenured: 35848K(43712K)->39441K(43712K)
[2026-06-17T10:00:19.879+0800][18.742s][info][gc,metaspace   ] GC(441) Metaspace: 112K(320K)->112K(320K) NonClass: 105K(192K)->105K(192K) Class: 7K(128K)->7K(128K)
[2026-06-17T10:00:19.880+0800][18.743s][info][gc             ] GC(441) Pause Young (Allocation Failure) 54M->40M(61M) 2.930ms
[2026-06-17T10:00:19.881+0800][18.743s][info][gc,cpu         ] GC(441) User=0.00s Sys=0.00s Real=0.00s
[2026-06-17T10:00:19.923+0800][18.786s][info][gc,start       ] GC(442) Pause Young (Allocation Failure)
[2026-06-17T10:00:19.924+0800][18.786s][info][gc             ] GC(442) Pause Young (Allocation Failure) 57M->57M(61M) 0.572ms
[2026-06-17T10:00:19.924+0800][18.787s][info][gc,cpu         ] GC(442) User=0.00s Sys=0.00s Real=0.00s
[2026-06-17T10:00:19.924+0800][18.787s][info][gc,start       ] GC(443) Pause Full (Allocation Failure)
[2026-06-17T10:00:19.925+0800][18.787s][info][gc,phases,start] GC(443) Phase 1: Mark live objects
[2026-06-17T10:00:19.926+0800][18.788s][info][gc,phases      ] GC(443) Phase 1: Mark live objects 1.219ms
[2026-06-17T10:00:19.926+0800][18.789s][info][gc,phases,start] GC(443) Phase 2: Compute new object addresses
[2026-06-17T10:00:19.927+0800][18.789s][info][gc,phases      ] GC(443) Phase 2: Compute new object addresses 0.644ms
[2026-06-17T10:00:19.927+0800][18.790s][info][gc,phases,start] GC(443) Phase 3: Adjust pointers
[2026-06-17T10:00:19.928+0800][18.790s][info][gc,phases      ] GC(443) Phase 3: Adjust pointers 0.654ms
[2026-06-17T10:00:19.928+0800][18.791s][info][gc,phases,start] GC(443) Phase 4: Move objects
[2026-06-17T10:00:19.930+0800][18.793s][info][gc,phases      ] GC(443) Phase 4: Move objects 2.005ms
[2026-06-17T10:00:19.930+0800][18.793s][info][gc,heap        ] GC(443) DefNew: 19537K(19648K)->0K(19648K) Eden: 17439K(17472K)->0K(17472K) From: 2097K(2176K)->0K(2176K)
[2026-06-17T10:00:19.931+0800][18.794s][info][gc,heap        ] GC(443) Tenured: 39441K(43712K)->21813K(43712K)
[2026-06-17T10:00:19.931+0800][18.794s][info][gc,metaspace   ] GC(443) Metaspace: 112K(320K)->112K(320K) NonClass: 105K(192K)->105K(192K) Class: 7K(128K)->7K(128K)
[2026-06-17T10:00:19.932+0800][18.794s][info][gc             ] GC(443) Pause Full (Allocation Failure) 57M->21M(61M) 7.368ms
[2026-06-17T10:00:19.932+0800][18.795s][info][gc,cpu         ] GC(443) User=0.00s Sys=0.00s Real=0.01s
[2026-06-17T10:00:19.975+0800][18.837s][info][gc,start       ] GC(444) Pause Young (Allocation Failure)
[2026-06-17T10:00:19.976+0800][18.839s][info][gc,heap        ] GC(444) DefNew: 17465K(19648K)->2175K(19648K) Eden: 17465K(17472K)->0K(17472K) From: 0K(2176K)->2175K(2176K)
[2026-06-17T10:00:19.976+0800][18.839s][info][gc,heap        ] GC(444) Tenured: 21813K(43712K)->26590K(43712K)
[2026-06-17T10:00:19.976+0800][18.839s][info][gc,metaspace   ] GC(444) Metaspace: 112K(320K)->112K(320K) NonClass: 105K(192K)->105K(192K) Class: 7K(128K)->7K(128K)
[2026-06-17T10:00:19.977+0800][18.840s][info][gc             ] GC(444) Pause Young (Allocation Failure) 38M->28M(61M) 2.240ms
[2026-06-17T10:00:19.977+0800][18.840s][info][gc,cpu         ] GC(444) User=0.00s Sys=0.00s Real=0.00s
[2026-06-17T10:00:20.020+0800][18.882s][info][gc,start       ] GC(445) Pause Young (Allocation Failure)
[2026-06-17T10:00:20.021+0800][18.884s][info][gc,heap        ] GC(445) DefNew: 19647K(19648K)->2170K(19648K) Eden: 17472K(17472K)->0K(17472K) From: 2175K(2176K)->2170K(2176K)
[2026-06-17T10:00:20.021+0800][18.884s][info][gc,heap        ] GC(445) Tenured: 26590K(43712K)->31813K(43712K)
[2026-06-17T10:00:20.022+0800][18.885s][info][gc,metaspace   ] GC(445) Metaspace: 112K(320K)->112K(320K) NonClass: 105K(192K)->105K(192K) Class: 7K(128K)->7K(128K)
[2026-06-17T10:00:20.022+0800][18.885s][info][gc             ] GC(445) Pause Young (Allocation Failure) 45M->33M(61M) 2.290ms
[2026-06-17T10:00:20.022+0800][18.885s][info][gc,cpu         ] GC(445) User=0.00s Sys=0.00s Real=0.00s
[2026-06-17T10:00:20.064+0800][18.927s][info][gc,start       ] GC(446) Pause Young (Allocation Failure)
[2026-06-17T10:00:20.067+0800][18.930s][info][gc,heap        ] GC(446) DefNew: 19642K(19648K)->2172K(19648K) Eden: 17472K(17472K)->0K(17472K) From: 2170K(2176K)->2172K(2176K)
[2026-06-17T10:00:20.068+0800][18.931s][info][gc,heap        ] GC(446) Tenured: 31813K(43712K)->36178K(43712K)
[2026-06-17T10:00:20.069+0800][18.931s][info][gc,metaspace   ] GC(446) Metaspace: 112K(320K)->112K(320K) NonClass: 105K(192K)->105K(192K) Class: 7K(128K)->7K(128K)
[2026-06-17T10:00:20.069+0800][18.932s][info][gc             ] GC(446) Pause Young (Allocation Failure) 50M->37M(61M) 4.535ms
[2026-06-17T10:00:20.069+0800][18.932s][info][gc,cpu         ] GC(446) User=0.00s Sys=0.00s Real=0.00s
[2026-06-17T10:00:20.122+0800][18.985s][info][gc,start       ] GC(447) Pause Young (Allocation Failure)
[2026-06-17T10:00:20.123+0800][18.986s][info][gc,heap        ] GC(447) DefNew: 19644K(19648K)->2049K(19648K) Eden: 17472K(17472K)->0K(17472K) From: 2172K(2176K)->2049K(2176K)
[2026-06-17T10:00:20.123+0800][18.986s][info][gc,heap        ] GC(447) Tenured: 36178K(43712K)->37350K(43712K)
[2026-06-17T10:00:20.123+0800][18.986s][info][gc,metaspace   ] GC(447) Metaspace: 112K(320K)->112K(320K) NonClass: 105K(192K)->105K(192K) Class: 7K(128K)->7K(128K)
[2026-06-17T10:00:20.124+0800][18.986s][info][gc             ] GC(447) Pause Young (Allocation Failure) 54M->38M(61M) 1.745ms
[2026-06-17T10:00:20.124+0800][18.986s][info][gc,cpu         ] GC(447) User=0.00s Sys=0.00s Real=0.01s
[2026-06-17T10:00:20.166+0800][19.029s][info][gc,start       ] GC(448) Pause Young (Allocation Failure)
[2026-06-17T10:00:20.168+0800][19.031s][info][gc             ] GC(448) Pause Young (Allocation Failure) 55M->55M(61M) 2.220ms
[2026-06-17T10:00:20.170+0800][19.033s][info][gc,cpu         ] GC(448) User=0.00s Sys=0.00s Real=0.00s
[2026-06-17T10:00:20.172+0800][19.035s][info][gc,start       ] GC(449) Pause Full (Allocation Failure)
[2026-06-17T10:00:20.174+0800][19.036s][info][gc,phases,start] GC(449) Phase 1: Mark live objects
[2026-06-17T10:00:20.175+0800][19.038s][info][gc,phases      ] GC(449) Phase 1: Mark live objects 1.285ms
[2026-06-17T10:00:20.177+0800][19.040s][info][gc,phases,start] GC(449) Phase 2: Compute new object addresses
[2026-06-17T10:00:20.178+0800][19.041s][info][gc,phases      ] GC(449) Phase 2: Compute new object addresses 0.768ms
[2026-06-17T10:00:20.179+0800][19.041s][info][gc,phases,start] GC(449) Phase 3: Adjust pointers
[2026-06-17T10:00:20.180+0800][19.043s][info][gc,phases      ] GC(449) Phase 3: Adjust pointers 1.179ms
[2026-06-17T10:00:20.180+0800][19.043s][info][gc,phases,start] GC(449) Phase 4: Move objects
[2026-06-17T10:00:20.182+0800][19.045s][info][gc,phases      ] GC(449) Phase 4: Move objects 1.797ms
[2026-06-17T10:00:20.184+0800][19.047s][info][gc,heap        ] GC(449) DefNew: 19505K(19648K)->0K(19648K) Eden: 17455K(17472K)->0K(17472K) From: 2049K(2176K)->0K(2176K)
[2026-06-17T10:00:20.184+0800][19.047s][info][gc,heap        ] GC(449) Tenured: 37350K(43712K)->26202K(43712K)
[2026-06-17T10:00:20.185+0800][19.047s][info][gc,metaspace   ] GC(449) Metaspace: 112K(320K)->112K(320K) NonClass: 105K(192K)->105K(192K) Class: 7K(128K)->7K(128K)
[2026-06-17T10:00:20.185+0800][19.047s][info][gc             ] GC(449) Pause Full (Allocation Failure) 55M->25M(61M) 12.440ms
[2026-06-17T10:00:20.185+0800][19.048s][info][gc,cpu         ] GC(449) User=0.00s Sys=0.00s Real=0.01s
[2026-06-17T10:00:20.227+0800][19.090s][info][gc,start       ] GC(450) Pause Young (Allocation Failure)
[2026-06-17T10:00:20.228+0800][19.091s][info][gc,heap        ] GC(450) DefNew: 17452K(19648K)->2176K(19648K) Eden: 17452K(17472K)->0K(17472K) From: 0K(2176K)->2176K(2176K)
[2026-06-17T10:00:20.229+0800][19.091s][info][gc,heap        ] GC(450) Tenured: 26202K(43712K)->31061K(43712K)
[2026-06-17T10:00:20.229+0800][19.092s][info][gc,metaspace   ] GC(450) Metaspace: 112K(320K)->112K(320K) NonClass: 105K(192K)->105K(192K) Class: 7K(128K)->7K(128K)
[2026-06-17T10:00:20.229+0800][19.092s][info][gc             ] GC(450) Pause Young (Allocation Failure) 42M->32M(61M) 2.171ms
[2026-06-17T10:00:20.229+0800][19.092s][info][gc,cpu         ] GC(450) User=0.00s Sys=0.00s Real=0.00s
[2026-06-17T10:00:20.271+0800][19.134s][info][gc,start       ] GC(451) Pause Young (Allocation Failure)
[2026-06-17T10:00:20.273+0800][19.135s][info][gc,heap        ] GC(451) DefNew: 19640K(19648K)->2175K(19648K) Eden: 17464K(17472K)->0K(17472K) From: 2176K(2176K)->2175K(2176K)
[2026-06-17T10:00:20.273+0800][19.136s][info][gc,heap        ] GC(451) Tenured: 31061K(43712K)->38072K(43712K)
[2026-06-17T10:00:20.273+0800][19.136s][info][gc,metaspace   ] GC(451) Metaspace: 112K(320K)->112K(320K) NonClass: 105K(192K)->105K(192K) Class: 7K(128K)->7K(128K)
[2026-06-17T10:00:20.273+0800][19.136s][info][gc             ] GC(451) Pause Young (Allocation Failure) 49M->39M(61M) 1.910ms
[2026-06-17T10:00:20.273+0800][19.136s][info][gc,cpu         ] GC(451) User=0.00s Sys=0.00s Real=0.00s
[2026-06-17T10:00:20.316+0800][19.179s][info][gc,start       ] GC(452) Pause Young (Allocation Failure)
[2026-06-17T10:00:20.317+0800][19.180s][info][gc             ] GC(452) Pause Young (Allocation Failure) 56M->56M(61M) 0.560ms
[2026-06-17T10:00:20.317+0800][19.180s][info][gc,cpu         ] GC(452) User=0.01s Sys=0.00s Real=0.00s
[2026-06-17T10:00:20.317+0800][19.180s][info][gc,start       ] GC(453) Pause Full (Allocation Failure)
[2026-06-17T10:00:20.317+0800][19.180s][info][gc,phases,start] GC(453) Phase 1: Mark live objects
[2026-06-17T10:00:20.318+0800][19.181s][info][gc,phases      ] GC(453) Phase 1: Mark live objects 0.839ms
[2026-06-17T10:00:20.319+0800][19.181s][info][gc,phases,start] GC(453) Phase 2: Compute new object addresses
[2026-06-17T10:00:20.319+0800][19.182s][info][gc,phases      ] GC(453) Phase 2: Compute new object addresses 0.415ms
[2026-06-17T10:00:20.319+0800][19.182s][info][gc,phases,start] GC(453) Phase 3: Adjust pointers
[2026-06-17T10:00:20.320+0800][19.182s][info][gc,phases      ] GC(453) Phase 3: Adjust pointers 0.459ms
[2026-06-17T10:00:20.320+0800][19.183s][info][gc,phases,start] GC(453) Phase 4: Move objects
[2026-06-17T10:00:20.321+0800][19.184s][info][gc,phases      ] GC(453) Phase 4: Move objects 1.625ms
[2026-06-17T10:00:20.322+0800][19.185s][info][gc,heap        ] GC(453) DefNew: 19647K(19648K)->0K(19648K) Eden: 17471K(17472K)->0K(17472K) From: 2175K(2176K)->0K(2176K)
[2026-06-17T10:00:20.322+0800][19.185s][info][gc,heap        ] GC(453) Tenured: 38072K(43712K)->29271K(43712K)
[2026-06-17T10:00:20.322+0800][19.185s][info][gc,metaspace   ] GC(453) Metaspace: 112K(320K)->112K(320K) NonClass: 105K(192K)->105K(192K) Class: 7K(128K)->7K(128K)
[2026-06-17T10:00:20.323+0800][19.185s][info][gc             ] GC(453) Pause Full (Allocation Failure) 56M->28M(61M) 5.341ms
[2026-06-17T10:00:20.323+0800][19.186s][info][gc,cpu         ] GC(453) User=0.00s Sys=0.00s Real=0.01s
[2026-06-17T10:00:20.366+0800][19.229s][info][gc,start       ] GC(454) Pause Young (Allocation Failure)
[2026-06-17T10:00:20.367+0800][19.230s][info][gc,heap        ] GC(454) DefNew: 17472K(19648K)->2172K(19648K) Eden: 17472K(17472K)->0K(17472K) From: 0K(2176K)->2172K(2176K)
[2026-06-17T10:00:20.368+0800][19.231s][info][gc,heap        ] GC(454) Tenured: 29271K(43712K)->34016K(43712K)
[2026-06-17T10:00:20.368+0800][19.231s][info][gc,metaspace   ] GC(454) Metaspace: 112K(320K)->112K(320K) NonClass: 105K(192K)->105K(192K) Class: 7K(128K)->7K(128K)
[2026-06-17T10:00:20.368+0800][19.231s][info][gc             ] GC(454) Pause Young (Allocation Failure) 45M->35M(61M) 2.255ms
[2026-06-17T10:00:20.369+0800][19.231s][info][gc,cpu         ] GC(454) User=0.00s Sys=0.00s Real=0.00s
[2026-06-17T10:00:20.411+0800][19.274s][info][gc,start       ] GC(455) Pause Young (Allocation Failure)
[2026-06-17T10:00:20.413+0800][19.276s][info][gc,heap        ] GC(455) DefNew: 19601K(19648K)->2148K(19648K) Eden: 17428K(17472K)->0K(17472K) From: 2172K(2176K)->2148K(2176K)
[2026-06-17T10:00:20.414+0800][19.277s][info][gc,heap        ] GC(455) Tenured: 34016K(43712K)->37495K(43712K)
[2026-06-17T10:00:20.415+0800][19.278s][info][gc,metaspace   ] GC(455) Metaspace: 112K(320K)->112K(320K) NonClass: 105K(192K)->105K(192K) Class: 7K(128K)->7K(128K)
[2026-06-17T10:00:20.417+0800][19.280s][info][gc             ] GC(455) Pause Young (Allocation Failure) 52M->38M(61M) 6.061ms
[2026-06-17T10:00:20.419+0800][19.282s][info][gc,cpu         ] GC(455) User=0.00s Sys=0.00s Real=0.00s
[2026-06-17T10:00:20.464+0800][19.326s][info][gc,start       ] GC(456) Pause Young (Allocation Failure)
[2026-06-17T10:00:20.464+0800][19.327s][info][gc             ] GC(456) Pause Young (Allocation Failure) 55M->55M(61M) 0.484ms
[2026-06-17T10:00:20.464+0800][19.327s][info][gc,cpu         ] GC(456) User=0.00s Sys=0.00s Real=0.00s
[2026-06-17T10:00:20.465+0800][19.328s][info][gc,start       ] GC(457) Pause Full (Allocation Failure)
[2026-06-17T10:00:20.465+0800][19.328s][info][gc,phases,start] GC(457) Phase 1: Mark live objects
[2026-06-17T10:00:20.466+0800][19.329s][info][gc,phases      ] GC(457) Phase 1: Mark live objects 1.016ms
[2026-06-17T10:00:20.467+0800][19.329s][info][gc,phases,start] GC(457) Phase 2: Compute new object addresses
[2026-06-17T10:00:20.467+0800][19.330s][info][gc,phases      ] GC(457) Phase 2: Compute new object addresses 0.628ms
[2026-06-17T10:00:20.468+0800][19.330s][info][gc,phases,start] GC(457) Phase 3: Adjust pointers
[2026-06-17T10:00:20.468+0800][19.331s][info][gc,phases      ] GC(457) Phase 3: Adjust pointers 0.563ms
[2026-06-17T10:00:20.470+0800][19.333s][info][gc,phases,start] GC(457) Phase 4: Move objects
[2026-06-17T10:00:20.472+0800][19.335s][info][gc,phases      ] GC(457) Phase 4: Move objects 1.971ms
[2026-06-17T10:00:20.472+0800][19.335s][info][gc,heap        ] GC(457) DefNew: 19614K(19648K)->0K(19648K) Eden: 17465K(17472K)->0K(17472K) From: 2148K(2176K)->0K(2176K)
[2026-06-17T10:00:20.473+0800][19.335s][info][gc,heap        ] GC(457) Tenured: 37495K(43712K)->30275K(43712K)
[2026-06-17T10:00:20.473+0800][19.335s][info][gc,metaspace   ] GC(457) Metaspace: 112K(320K)->112K(320K) NonClass: 105K(192K)->105K(192K) Class: 7K(128K)->7K(128K)
[2026-06-17T10:00:20.473+0800][19.336s][info][gc             ] GC(457) Pause Full (Allocation Failure) 55M->29M(61M) 8.025ms
[2026-06-17T10:00:20.473+0800][19.336s][info][gc,cpu         ] GC(457) User=0.00s Sys=0.00s Real=0.01s
[2026-06-17T10:00:20.525+0800][19.388s][info][gc,start       ] GC(458) Pause Young (Allocation Failure)
[2026-06-17T10:00:20.526+0800][19.389s][info][gc,heap        ] GC(458) DefNew: 17470K(19648K)->2165K(19648K) Eden: 17470K(17472K)->0K(17472K) From: 0K(2176K)->2165K(2176K)
[2026-06-17T10:00:20.527+0800][19.389s][info][gc,heap        ] GC(458) Tenured: 30275K(43712K)->31593K(43712K)
[2026-06-17T10:00:20.527+0800][19.390s][info][gc,metaspace   ] GC(458) Metaspace: 112K(320K)->112K(320K) NonClass: 105K(192K)->105K(192K) Class: 7K(128K)->7K(128K)
[2026-06-17T10:00:20.527+0800][19.390s][info][gc             ] GC(458) Pause Young (Allocation Failure) 46M->32M(61M) 1.495ms
[2026-06-17T10:00:20.527+0800][19.390s][info][gc,cpu         ] GC(458) User=0.00s Sys=0.00s Real=0.00s
[2026-06-17T10:00:20.569+0800][19.432s][info][gc,start       ] GC(459) Pause Young (Allocation Failure)
[2026-06-17T10:00:20.570+0800][19.433s][info][gc,heap        ] GC(459) DefNew: 19637K(19648K)->2171K(19648K) Eden: 17472K(17472K)->0K(17472K) From: 2165K(2176K)->2171K(2176K)
[2026-06-17T10:00:20.572+0800][19.435s][info][gc,heap        ] GC(459) Tenured: 31593K(43712K)->35249K(43712K)
[2026-06-17T10:00:20.572+0800][19.435s][info][gc,metaspace   ] GC(459) Metaspace: 112K(320K)->112K(320K) NonClass: 105K(192K)->105K(192K) Class: 7K(128K)->7K(128K)
[2026-06-17T10:00:20.572+0800][19.435s][info][gc             ] GC(459) Pause Young (Allocation Failure) 50M->36M(61M) 3.164ms
[2026-06-17T10:00:20.573+0800][19.436s][info][gc,cpu         ] GC(459) User=0.00s Sys=0.00s Real=0.01s
[2026-06-17T10:00:20.615+0800][19.478s][info][gc,start       ] GC(460) Pause Young (Allocation Failure)
[2026-06-17T10:00:20.616+0800][19.479s][info][gc,heap        ] GC(460) DefNew: 19643K(19648K)->2169K(19648K) Eden: 17472K(17472K)->0K(17472K) From: 2171K(2176K)->2169K(2176K)
[2026-06-17T10:00:20.616+0800][19.479s][info][gc,heap        ] GC(460) Tenured: 35249K(43712K)->39048K(43712K)
[2026-06-17T10:00:20.616+0800][19.479s][info][gc,metaspace   ] GC(460) Metaspace: 112K(320K)->112K(320K) NonClass: 105K(192K)->105K(192K) Class: 7K(128K)->7K(128K)
[2026-06-17T10:00:20.616+0800][19.479s][info][gc             ] GC(460) Pause Young (Allocation Failure) 53M->40M(61M) 1.608ms
[2026-06-17T10:00:20.617+0800][19.479s][info][gc,cpu         ] GC(460) User=0.00s Sys=0.00s Real=0.00s
[2026-06-17T10:00:20.659+0800][19.522s][info][gc,start       ] GC(461) Pause Young (Allocation Failure)
[2026-06-17T10:00:20.659+0800][19.522s][info][gc             ] GC(461) Pause Young (Allocation Failure) 57M->57M(61M) 0.567ms
[2026-06-17T10:00:20.660+0800][19.523s][info][gc,cpu         ] GC(461) User=0.00s Sys=0.00s Real=0.00s
[2026-06-17T10:00:20.660+0800][19.523s][info][gc,start       ] GC(462) Pause Full (Allocation Failure)
[2026-06-17T10:00:20.661+0800][19.523s][info][gc,phases,start] GC(462) Phase 1: Mark live objects
[2026-06-17T10:00:20.662+0800][19.525s][info][gc,phases      ] GC(462) Phase 1: Mark live objects 1.114ms
[2026-06-17T10:00:20.662+0800][19.525s][info][gc,phases,start] GC(462) Phase 2: Compute new object addresses
[2026-06-17T10:00:20.663+0800][19.526s][info][gc,phases      ] GC(462) Phase 2: Compute new object addresses 0.656ms
[2026-06-17T10:00:20.664+0800][19.526s][info][gc,phases,start] GC(462) Phase 3: Adjust pointers
[2026-06-17T10:00:20.664+0800][19.527s][info][gc,phases      ] GC(462) Phase 3: Adjust pointers 0.676ms
[2026-06-17T10:00:20.665+0800][19.527s][info][gc,phases,start] GC(462) Phase 4: Move objects
[2026-06-17T10:00:20.667+0800][19.529s][info][gc,phases      ] GC(462) Phase 4: Move objects 2.124ms
[2026-06-17T10:00:20.667+0800][19.530s][info][gc,heap        ] GC(462) DefNew: 19641K(19648K)->0K(19648K) Eden: 17472K(17472K)->0K(17472K) From: 2169K(2176K)->0K(2176K)
[2026-06-17T10:00:20.668+0800][19.530s][info][gc,heap        ] GC(462) Tenured: 39048K(43712K)->23661K(43712K)
[2026-06-17T10:00:20.668+0800][19.531s][info][gc,metaspace   ] GC(462) Metaspace: 112K(320K)->112K(320K) NonClass: 105K(192K)->105K(192K) Class: 7K(128K)->7K(128K)
[2026-06-17T10:00:20.668+0800][19.531s][info][gc             ] GC(462) Pause Full (Allocation Failure) 57M->23M(61M) 7.798ms
[2026-06-17T10:00:20.668+0800][19.531s][info][gc,cpu         ] GC(462) User=0.00s Sys=0.00s Real=0.01s
[2026-06-17T10:00:20.711+0800][19.573s][info][gc,start       ] GC(463) Pause Young (Allocation Failure)
[2026-06-17T10:00:20.715+0800][19.578s][info][gc,heap        ] GC(463) DefNew: 17442K(19648K)->2171K(19648K) Eden: 17442K(17472K)->0K(17472K) From: 0K(2176K)->2171K(2176K)
[2026-06-17T10:00:20.716+0800][19.578s][info][gc,heap        ] GC(463) Tenured: 23661K(43712K)->28598K(43712K)
[2026-06-17T10:00:20.717+0800][19.579s][info][gc,metaspace   ] GC(463) Metaspace: 112K(320K)->112K(320K) NonClass: 105K(192K)->105K(192K) Class: 7K(128K)->7K(128K)
[2026-06-17T10:00:20.717+0800][19.580s][info][gc             ] GC(463) Pause Young (Allocation Failure) 40M->30M(61M) 6.343ms
[2026-06-17T10:00:20.718+0800][19.580s][info][gc,cpu         ] GC(463) User=0.00s Sys=0.00s Real=0.00s
[2026-06-17T10:00:20.771+0800][19.634s][info][gc,start       ] GC(464) Pause Young (Allocation Failure)
[2026-06-17T10:00:20.772+0800][19.635s][info][gc,heap        ] GC(464) DefNew: 19643K(19648K)->2155K(19648K) Eden: 17472K(17472K)->0K(17472K) From: 2171K(2176K)->2155K(2176K)
[2026-06-17T10:00:20.773+0800][19.636s][info][gc,heap        ] GC(464) Tenured: 28598K(43712K)->29421K(43712K)
[2026-06-17T10:00:20.773+0800][19.636s][info][gc,metaspace   ] GC(464) Metaspace: 112K(320K)->112K(320K) NonClass: 105K(192K)->105K(192K) Class: 7K(128K)->7K(128K)
[2026-06-17T10:00:20.774+0800][19.637s][info][gc             ] GC(464) Pause Young (Allocation Failure) 47M->30M(61M) 3.016ms
[2026-06-17T10:00:20.774+0800][19.637s][info][gc,cpu         ] GC(464) User=0.00s Sys=0.00s Real=0.00s
[2026-06-17T10:00:20.817+0800][19.680s][info][gc,start       ] GC(465) Pause Young (Allocation Failure)
[2026-06-17T10:00:20.818+0800][19.681s][info][gc,heap        ] GC(465) DefNew: 19591K(19648K)->2143K(19648K) Eden: 17436K(17472K)->0K(17472K) From: 2155K(2176K)->2143K(2176K)
[2026-06-17T10:00:20.819+0800][19.682s][info][gc,heap        ] GC(465) Tenured: 29421K(43712K)->33422K(43712K)
[2026-06-17T10:00:20.820+0800][19.682s][info][gc,metaspace   ] GC(465) Metaspace: 112K(320K)->112K(320K) NonClass: 105K(192K)->105K(192K) Class: 7K(128K)->7K(128K)
[2026-06-17T10:00:20.820+0800][19.683s][info][gc             ] GC(465) Pause Young (Allocation Failure) 47M->34M(61M) 2.866ms
[2026-06-17T10:00:20.820+0800][19.683s][info][gc,cpu         ] GC(465) User=0.00s Sys=0.00s Real=0.00s
[2026-06-17T10:00:20.863+0800][19.726s][info][gc,start       ] GC(466) Pause Young (Allocation Failure)
[2026-06-17T10:00:20.865+0800][19.727s][info][gc,heap        ] GC(466) DefNew: 19615K(19648K)->2169K(19648K) Eden: 17472K(17472K)->0K(17472K) From: 2143K(2176K)->2169K(2176K)
[2026-06-17T10:00:20.865+0800][19.728s][info][gc,heap        ] GC(466) Tenured: 33422K(43712K)->36930K(43712K)
[2026-06-17T10:00:20.865+0800][19.728s][info][gc,metaspace   ] GC(466) Metaspace: 112K(320K)->112K(320K) NonClass: 105K(192K)->105K(192K) Class: 7K(128K)->7K(128K)
[2026-06-17T10:00:20.866+0800][19.728s][info][gc             ] GC(466) Pause Young (Allocation Failure) 51M->38M(61M) 2.676ms
[2026-06-17T10:00:20.866+0800][19.729s][info][gc,cpu         ] GC(466) User=0.00s Sys=0.00s Real=0.00s
[2026-06-17T10:00:20.909+0800][19.772s][info][gc,start       ] GC(467) Pause Young (Allocation Failure)
[2026-06-17T10:00:20.910+0800][19.772s][info][gc             ] GC(467) Pause Young (Allocation Failure) 55M->55M(61M) 0.587ms
[2026-06-17T10:00:20.910+0800][19.773s][info][gc,cpu         ] GC(467) User=0.00s Sys=0.00s Real=0.00s
[2026-06-17T10:00:20.911+0800][19.773s][info][gc,start       ] GC(468) Pause Full (Allocation Failure)
[2026-06-17T10:00:20.912+0800][19.774s][info][gc,phases,start] GC(468) Phase 1: Mark live objects
[2026-06-17T10:00:20.913+0800][19.775s][info][gc,phases      ] GC(468) Phase 1: Mark live objects 1.009ms
[2026-06-17T10:00:20.913+0800][19.776s][info][gc,phases,start] GC(468) Phase 2: Compute new object addresses
[2026-06-17T10:00:20.914+0800][19.776s][info][gc,phases      ] GC(468) Phase 2: Compute new object addresses 0.530ms
[2026-06-17T10:00:20.914+0800][19.777s][info][gc,phases,start] GC(468) Phase 3: Adjust pointers
[2026-06-17T10:00:20.915+0800][19.777s][info][gc,phases      ] GC(468) Phase 3: Adjust pointers 0.580ms
[2026-06-17T10:00:20.915+0800][19.778s][info][gc,phases,start] GC(468) Phase 4: Move objects
[2026-06-17T10:00:20.917+0800][19.780s][info][gc,phases      ] GC(468) Phase 4: Move objects 2.175ms
[2026-06-17T10:00:20.918+0800][19.780s][info][gc,heap        ] GC(468) DefNew: 19641K(19648K)->0K(19648K) Eden: 17472K(17472K)->0K(17472K) From: 2169K(2176K)->0K(2176K)
[2026-06-17T10:00:20.918+0800][19.781s][info][gc,heap        ] GC(468) Tenured: 36930K(43712K)->28720K(43712K)
[2026-06-17T10:00:20.918+0800][19.781s][info][gc,metaspace   ] GC(468) Metaspace: 112K(320K)->112K(320K) NonClass: 105K(192K)->105K(192K) Class: 7K(128K)->7K(128K)
[2026-06-17T10:00:20.919+0800][19.781s][info][gc             ] GC(468) Pause Full (Allocation Failure) 55M->28M(61M) 8.031ms
[2026-06-17T10:00:20.919+0800][19.782s][info][gc,cpu         ] GC(468) User=0.01s Sys=0.00s Real=0.00s
[2026-06-17T10:00:20.961+0800][19.824s][info][gc,start       ] GC(469) Pause Young (Allocation Failure)
[2026-06-17T10:00:20.962+0800][19.825s][info][gc,heap        ] GC(469) DefNew: 17472K(19648K)->2175K(19648K) Eden: 17472K(17472K)->0K(17472K) From: 0K(2176K)->2175K(2176K)
[2026-06-17T10:00:20.962+0800][19.825s][info][gc,heap        ] GC(469) Tenured: 28720K(43712K)->33551K(43712K)
[2026-06-17T10:00:20.962+0800][19.825s][info][gc,metaspace   ] GC(469) Metaspace: 112K(320K)->112K(320K) NonClass: 105K(192K)->105K(192K) Class: 7K(128K)->7K(128K)
[2026-06-17T10:00:20.963+0800][19.825s][info][gc             ] GC(469) Pause Young (Allocation Failure) 45M->34M(61M) 1.724ms
[2026-06-17T10:00:20.963+0800][19.826s][info][gc,cpu         ] GC(469) User=0.00s Sys=0.00s Real=0.01s
[2026-06-17T10:00:21.015+0800][19.878s][info][gc,start       ] GC(470) Pause Young (Allocation Failure)
[2026-06-17T10:00:21.017+0800][19.879s][info][gc,heap        ] GC(470) DefNew: 19627K(19648K)->2044K(19648K) Eden: 17451K(17472K)->0K(17472K) From: 2175K(2176K)->2044K(2176K)
[2026-06-17T10:00:21.017+0800][19.880s][info][gc,heap        ] GC(470) Tenured: 33551K(43712K)->35656K(43712K)
[2026-06-17T10:00:21.018+0800][19.880s][info][gc,metaspace   ] GC(470) Metaspace: 112K(320K)->112K(320K) NonClass: 105K(192K)->105K(192K) Class: 7K(128K)->7K(128K)
[2026-06-17T10:00:21.018+0800][19.881s][info][gc             ] GC(470) Pause Young (Allocation Failure) 51M->36M(61M) 2.767ms
[2026-06-17T10:00:21.019+0800][19.881s][info][gc,cpu         ] GC(470) User=0.00s Sys=0.00s Real=0.00s
[2026-06-17T10:00:21.051+0800][19.914s][info][gc,start       ] GC(471) Pause Young (Allocation Failure)
[2026-06-17T10:00:21.053+0800][19.916s][info][gc,heap        ] GC(471) DefNew: 19435K(19648K)->2111K(19648K) Eden: 17391K(17472K)->0K(17472K) From: 2044K(2176K)->2111K(2176K)
[2026-06-17T10:00:21.053+0800][19.916s][info][gc,heap        ] GC(471) Tenured: 35656K(43712K)->38910K(43712K)
[2026-06-17T10:00:21.054+0800][19.917s][info][gc,metaspace   ] GC(471) Metaspace: 112K(320K)->112K(320K) NonClass: 105K(192K)->105K(192K) Class: 7K(128K)->7K(128K)
[2026-06-17T10:00:21.054+0800][19.917s][info][gc             ] GC(471) Pause Young (Allocation Failure) 53M->40M(61M) 3.017ms
[2026-06-17T10:00:21.055+0800][19.917s][info][gc,cpu         ] GC(471) User=0.00s Sys=0.00s Real=0.00s
[2026-06-17T10:00:21.108+0800][19.971s][info][gc,start       ] GC(472) Pause Young (Allocation Failure)
[2026-06-17T10:00:21.108+0800][19.971s][info][gc             ] GC(472) Pause Young (Allocation Failure) 57M->57M(61M) 0.573ms
[2026-06-17T10:00:21.109+0800][19.971s][info][gc,cpu         ] GC(472) User=0.00s Sys=0.00s Real=0.00s
[2026-06-17T10:00:21.109+0800][19.972s][info][gc,start       ] GC(473) Pause Full (Allocation Failure)
[2026-06-17T10:00:21.109+0800][19.972s][info][gc,phases,start] GC(473) Phase 1: Mark live objects
[2026-06-17T10:00:21.110+0800][19.973s][info][gc,phases      ] GC(473) Phase 1: Mark live objects 1.029ms
[2026-06-17T10:00:21.111+0800][19.973s][info][gc,phases,start] GC(473) Phase 2: Compute new object addresses
[2026-06-17T10:00:21.111+0800][19.974s][info][gc,phases      ] GC(473) Phase 2: Compute new object addresses 0.737ms
[2026-06-17T10:00:21.112+0800][19.974s][info][gc,phases,start] GC(473) Phase 3: Adjust pointers
[2026-06-17T10:00:21.112+0800][19.975s][info][gc,phases      ] GC(473) Phase 3: Adjust pointers 0.608ms
[2026-06-17T10:00:21.113+0800][19.975s][info][gc,phases,start] GC(473) Phase 4: Move objects
[2026-06-17T10:00:21.115+0800][19.977s][info][gc,phases      ] GC(473) Phase 4: Move objects 1.984ms
[2026-06-17T10:00:21.115+0800][19.978s][info][gc,heap        ] GC(473) DefNew: 19583K(19648K)->0K(19648K) Eden: 17472K(17472K)->0K(17472K) From: 2111K(2176K)->0K(2176K)
[2026-06-17T10:00:21.115+0800][19.978s][info][gc,heap        ] GC(473) Tenured: 38910K(43712K)->31502K(43712K)
[2026-06-17T10:00:21.116+0800][19.979s][info][gc,metaspace   ] GC(473) Metaspace: 112K(320K)->112K(320K) NonClass: 105K(192K)->105K(192K) Class: 7K(128K)->7K(128K)
[2026-06-17T10:00:21.116+0800][19.979s][info][gc             ] GC(473) Pause Full (Allocation Failure) 57M->30M(61M) 7.169ms
[2026-06-17T10:00:21.117+0800][19.979s][info][gc,cpu         ] GC(473) User=0.00s Sys=0.00s Real=0.01s
[2026-06-17T10:00:21.160+0800][20.023s][info][gc,start       ] GC(474) Pause Young (Allocation Failure)
[2026-06-17T10:00:21.162+0800][20.024s][info][gc,heap        ] GC(474) DefNew: 17472K(19648K)->2176K(19648K) Eden: 17472K(17472K)->0K(17472K) From: 0K(2176K)->2176K(2176K)
[2026-06-17T10:00:21.162+0800][20.025s][info][gc,heap        ] GC(474) Tenured: 31502K(43712K)->36179K(43712K)
[2026-06-17T10:00:21.163+0800][20.025s][info][gc,metaspace   ] GC(474) Metaspace: 112K(320K)->112K(320K) NonClass: 105K(192K)->105K(192K) Class: 7K(128K)->7K(128K)
[2026-06-17T10:00:21.163+0800][20.026s][info][gc             ] GC(474) Pause Young (Allocation Failure) 47M->37M(61M) 2.834ms
[2026-06-17T10:00:21.163+0800][20.026s][info][gc,cpu         ] GC(474) User=0.00s Sys=0.00s Real=0.01s
[2026-06-17T10:00:21.206+0800][20.069s][info][gc,start       ] GC(475) Pause Young (Allocation Failure)
[2026-06-17T10:00:21.207+0800][20.070s][info][gc,heap        ] GC(475) DefNew: 19648K(19648K)->2173K(19648K) Eden: 17472K(17472K)->0K(17472K) From: 2176K(2176K)->2173K(2176K)
[2026-06-17T10:00:21.208+0800][20.070s][info][gc,heap        ] GC(475) Tenured: 36179K(43712K)->42767K(43712K)
[2026-06-17T10:00:21.208+0800][20.071s][info][gc,metaspace   ] GC(475) Metaspace: 112K(320K)->112K(320K) NonClass: 105K(192K)->105K(192K) Class: 7K(128K)->7K(128K)
[2026-06-17T10:00:21.208+0800][20.071s][info][gc             ] GC(475) Pause Young (Allocation Failure) 54M->43M(61M) 2.320ms
[2026-06-17T10:00:21.209+0800][20.071s][info][gc,cpu         ] GC(475) User=0.00s Sys=0.00s Real=0.00s
[2026-06-17T10:00:21.251+0800][20.114s][info][gc,start       ] GC(476) Pause Young (Allocation Failure)
[2026-06-17T10:00:21.252+0800][20.114s][info][gc             ] GC(476) Pause Young (Allocation Failure) 60M->60M(61M) 0.496ms
[2026-06-17T10:00:21.252+0800][20.115s][info][gc,cpu         ] GC(476) User=0.00s Sys=0.00s Real=0.00s
[2026-06-17T10:00:21.252+0800][20.115s][info][gc,start       ] GC(477) Pause Full (Allocation Failure)
[2026-06-17T10:00:21.253+0800][20.116s][info][gc,phases,start] GC(477) Phase 1: Mark live objects
[2026-06-17T10:00:21.254+0800][20.117s][info][gc,phases      ] GC(477) Phase 1: Mark live objects 1.192ms
[2026-06-17T10:00:21.254+0800][20.117s][info][gc,phases,start] GC(477) Phase 2: Compute new object addresses
[2026-06-17T10:00:21.255+0800][20.118s][info][gc,phases      ] GC(477) Phase 2: Compute new object addresses 0.699ms
[2026-06-17T10:00:21.257+0800][20.120s][info][gc,phases,start] GC(477) Phase 3: Adjust pointers
[2026-06-17T10:00:21.260+0800][20.123s][info][gc,phases      ] GC(477) Phase 3: Adjust pointers 3.072ms
[2026-06-17T10:00:21.262+0800][20.125s][info][gc,phases,start] GC(477) Phase 4: Move objects
[2026-06-17T10:00:21.265+0800][20.128s][info][gc,phases      ] GC(477) Phase 4: Move objects 3.004ms
[2026-06-17T10:00:21.267+0800][20.129s][info][gc,heap        ] GC(477) DefNew: 19628K(19648K)->0K(19648K) Eden: 17455K(17472K)->0K(17472K) From: 2173K(2176K)->0K(2176K)
[2026-06-17T10:00:21.269+0800][20.132s][info][gc,heap        ] GC(477) Tenured: 42767K(43712K)->32704K(43712K)
[2026-06-17T10:00:21.271+0800][20.133s][info][gc,metaspace   ] GC(477) Metaspace: 112K(320K)->112K(320K) NonClass: 105K(192K)->105K(192K) Class: 7K(128K)->7K(128K)
[2026-06-17T10:00:21.273+0800][20.136s][info][gc             ] GC(477) Pause Full (Allocation Failure) 60M->31M(61M) 20.373ms
[2026-06-17T10:00:21.275+0800][20.138s][info][gc,cpu         ] GC(477) User=0.00s Sys=0.00s Real=0.02s
[2026-06-17T10:00:21.318+0800][20.181s][info][gc,start       ] GC(478) Pause Young (Allocation Failure)
[2026-06-17T10:00:21.319+0800][20.182s][info][gc,heap        ] GC(478) DefNew: 17461K(19648K)->2170K(19648K) Eden: 17461K(17472K)->0K(17472K) From: 0K(2176K)->2170K(2176K)
[2026-06-17T10:00:21.320+0800][20.182s][info][gc,heap        ] GC(478) Tenured: 32704K(43712K)->37569K(43712K)
[2026-06-17T10:00:21.320+0800][20.183s][info][gc,metaspace   ] GC(478) Metaspace: 112K(320K)->112K(320K) NonClass: 105K(192K)->105K(192K) Class: 7K(128K)->7K(128K)
[2026-06-17T10:00:21.320+0800][20.183s][info][gc             ] GC(478) Pause Young (Allocation Failure) 48M->38M(61M) 2.542ms
[2026-06-17T10:00:21.321+0800][20.184s][info][gc,cpu         ] GC(478) User=0.00s Sys=0.00s Real=0.00s
[2026-06-17T10:00:21.363+0800][20.226s][info][gc,start       ] GC(479) Pause Young (Allocation Failure)
[2026-06-17T10:00:21.364+0800][20.226s][info][gc             ] GC(479) Pause Young (Allocation Failure) 55M->55M(61M) 0.430ms
[2026-06-17T10:00:21.364+0800][20.227s][info][gc,cpu         ] GC(479) User=0.00s Sys=0.00s Real=0.00s
[2026-06-17T10:00:21.364+0800][20.227s][info][gc,start       ] GC(480) Pause Full (Allocation Failure)
[2026-06-17T10:00:21.364+0800][20.227s][info][gc,phases,start] GC(480) Phase 1: Mark live objects
[2026-06-17T10:00:21.366+0800][20.229s][info][gc,phases      ] GC(480) Phase 1: Mark live objects 1.883ms
[2026-06-17T10:00:21.366+0800][20.229s][info][gc,phases,start] GC(480) Phase 2: Compute new object addresses
[2026-06-17T10:00:21.367+0800][20.230s][info][gc,phases      ] GC(480) Phase 2: Compute new object addresses 0.470ms
[2026-06-17T10:00:21.367+0800][20.230s][info][gc,phases,start] GC(480) Phase 3: Adjust pointers
[2026-06-17T10:00:21.368+0800][20.230s][info][gc,phases      ] GC(480) Phase 3: Adjust pointers 0.507ms
[2026-06-17T10:00:21.368+0800][20.231s][info][gc,phases,start] GC(480) Phase 4: Move objects
[2026-06-17T10:00:21.369+0800][20.232s][info][gc,phases      ] GC(480) Phase 4: Move objects 1.599ms
[2026-06-17T10:00:21.370+0800][20.232s][info][gc,heap        ] GC(480) DefNew: 19642K(19648K)->0K(19648K) Eden: 17472K(17472K)->0K(17472K) From: 2170K(2176K)->0K(2176K)
[2026-06-17T10:00:21.370+0800][20.233s][info][gc,heap        ] GC(480) Tenured: 37569K(43712K)->28887K(43712K)
[2026-06-17T10:00:21.370+0800][20.233s][info][gc,metaspace   ] GC(480) Metaspace: 112K(320K)->112K(320K) NonClass: 105K(192K)->105K(192K) Class: 7K(128K)->7K(128K)
[2026-06-17T10:00:21.370+0800][20.233s][info][gc             ] GC(480) Pause Full (Allocation Failure) 55M->28M(61M) 6.018ms
[2026-06-17T10:00:21.370+0800][20.233s][info][gc,cpu         ] GC(480) User=0.01s Sys=0.00s Real=0.00s
[2026-06-17T10:00:21.425+0800][20.287s][info][gc,start       ] GC(481) Pause Young (Allocation Failure)
[2026-06-17T10:00:21.427+0800][20.289s][info][gc,heap        ] GC(481) DefNew: 17462K(19648K)->2135K(19648K) Eden: 17462K(17472K)->0K(17472K) From: 0K(2176K)->2135K(2176K)
[2026-06-17T10:00:21.427+0800][20.290s][info][gc,heap        ] GC(481) Tenured: 28887K(43712K)->30806K(43712K)
[2026-06-17T10:00:21.428+0800][20.290s][info][gc,metaspace   ] GC(481) Metaspace: 112K(320K)->112K(320K) NonClass: 105K(192K)->105K(192K) Class: 7K(128K)->7K(128K)
[2026-06-17T10:00:21.428+0800][20.291s][info][gc             ] GC(481) Pause Young (Allocation Failure) 45M->32M(61M) 3.435ms
[2026-06-17T10:00:21.428+0800][20.291s][info][gc,cpu         ] GC(481) User=0.00s Sys=0.00s Real=0.00s
[2026-06-17T10:00:21.461+0800][20.323s][info][gc,start       ] GC(482) Pause Young (Allocation Failure)
[2026-06-17T10:00:21.464+0800][20.327s][info][gc,heap        ] GC(482) DefNew: 19321K(19648K)->2136K(19648K) Eden: 17186K(17472K)->0K(17472K) From: 2135K(2176K)->2136K(2176K)
[2026-06-17T10:00:21.466+0800][20.329s][info][gc,heap        ] GC(482) Tenured: 30806K(43712K)->33980K(43712K)
[2026-06-17T10:00:21.467+0800][20.329s][info][gc,metaspace   ] GC(482) Metaspace: 112K(320K)->112K(320K) NonClass: 105K(192K)->105K(192K) Class: 7K(128K)->7K(128K)
[2026-06-17T10:00:21.467+0800][20.330s][info][gc             ] GC(482) Pause Young (Allocation Failure) 48M->35M(61M) 6.399ms
[2026-06-17T10:00:21.467+0800][20.330s][info][gc,cpu         ] GC(482) User=0.00s Sys=0.00s Real=0.01s
[2026-06-17T10:00:21.511+0800][20.373s][info][gc,start       ] GC(483) Pause Young (Allocation Failure)
[2026-06-17T10:00:21.512+0800][20.375s][info][gc,heap        ] GC(483) DefNew: 19592K(19648K)->2168K(19648K) Eden: 17456K(17472K)->0K(17472K) From: 2136K(2176K)->2168K(2176K)
[2026-06-17T10:00:21.513+0800][20.376s][info][gc,heap        ] GC(483) Tenured: 33980K(43712K)->41105K(43712K)
[2026-06-17T10:00:21.513+0800][20.376s][info][gc,metaspace   ] GC(483) Metaspace: 112K(320K)->112K(320K) NonClass: 105K(192K)->105K(192K) Class: 7K(128K)->7K(128K)
[2026-06-17T10:00:21.514+0800][20.376s][info][gc             ] GC(483) Pause Young (Allocation Failure) 52M->42M(61M) 2.915ms
[2026-06-17T10:00:21.514+0800][20.377s][info][gc,cpu         ] GC(483) User=0.01s Sys=0.00s Real=0.00s
[2026-06-17T10:00:21.566+0800][20.429s][info][gc,start       ] GC(484) Pause Young (Allocation Failure)
[2026-06-17T10:00:21.567+0800][20.430s][info][gc             ] GC(484) Pause Young (Allocation Failure) 59M->59M(61M) 0.501ms
[2026-06-17T10:00:21.567+0800][20.430s][info][gc,cpu         ] GC(484) User=0.00s Sys=0.00s Real=0.00s
[2026-06-17T10:00:21.568+0800][20.431s][info][gc,start       ] GC(485) Pause Full (Allocation Failure)
[2026-06-17T10:00:21.568+0800][20.431s][info][gc,phases,start] GC(485) Phase 1: Mark live objects
[2026-06-17T10:00:21.569+0800][20.432s][info][gc,phases      ] GC(485) Phase 1: Mark live objects 1.334ms
[2026-06-17T10:00:21.570+0800][20.433s][info][gc,phases,start] GC(485) Phase 2: Compute new object addresses
[2026-06-17T10:00:21.571+0800][20.434s][info][gc,phases      ] GC(485) Phase 2: Compute new object addresses 0.914ms
[2026-06-17T10:00:21.572+0800][20.435s][info][gc,phases,start] GC(485) Phase 3: Adjust pointers
[2026-06-17T10:00:21.573+0800][20.436s][info][gc,phases      ] GC(485) Phase 3: Adjust pointers 0.838ms
[2026-06-17T10:00:21.573+0800][20.436s][info][gc,phases,start] GC(485) Phase 4: Move objects
[2026-06-17T10:00:21.575+0800][20.438s][info][gc,phases      ] GC(485) Phase 4: Move objects 2.358ms
[2026-06-17T10:00:21.576+0800][20.439s][info][gc,heap        ] GC(485) DefNew: 19614K(19648K)->0K(19648K) Eden: 17445K(17472K)->0K(17472K) From: 2168K(2176K)->0K(2176K)
[2026-06-17T10:00:21.576+0800][20.439s][info][gc,heap        ] GC(485) Tenured: 41105K(43712K)->27873K(43712K)
[2026-06-17T10:00:21.579+0800][20.441s][info][gc,metaspace   ] GC(485) Metaspace: 112K(320K)->112K(320K) NonClass: 105K(192K)->105K(192K) Class: 7K(128K)->7K(128K)
[2026-06-17T10:00:21.579+0800][20.442s][info][gc             ] GC(485) Pause Full (Allocation Failure) 59M->27M(61M) 11.211ms
[2026-06-17T10:00:21.579+0800][20.442s][info][gc,cpu         ] GC(485) User=0.00s Sys=0.00s Real=0.01s
[2026-06-17T10:00:21.621+0800][20.484s][info][gc,start       ] GC(486) Pause Young (Allocation Failure)
[2026-06-17T10:00:21.623+0800][20.485s][info][gc,heap        ] GC(486) DefNew: 17421K(19648K)->2175K(19648K) Eden: 17421K(17472K)->0K(17472K) From: 0K(2176K)->2175K(2176K)
[2026-06-17T10:00:21.623+0800][20.486s][info][gc,heap        ] GC(486) Tenured: 27873K(43712K)->32798K(43712K)
[2026-06-17T10:00:21.623+0800][20.486s][info][gc,metaspace   ] GC(486) Metaspace: 112K(320K)->112K(320K) NonClass: 105K(192K)->105K(192K) Class: 7K(128K)->7K(128K)
[2026-06-17T10:00:21.624+0800][20.486s][info][gc             ] GC(486) Pause Young (Allocation Failure) 44M->34M(61M) 2.282ms
[2026-06-17T10:00:21.624+0800][20.487s][info][gc,cpu         ] GC(486) User=0.00s Sys=0.00s Real=0.01s
[2026-06-17T10:00:21.667+0800][20.529s][info][gc,start       ] GC(487) Pause Young (Allocation Failure)
[2026-06-17T10:00:21.668+0800][20.531s][info][gc,heap        ] GC(487) DefNew: 19647K(19648K)->2173K(19648K) Eden: 17472K(17472K)->0K(17472K) From: 2175K(2176K)->2173K(2176K)
[2026-06-17T10:00:21.669+0800][20.532s][info][gc,heap        ] GC(487) Tenured: 32798K(43712K)->38073K(43712K)
[2026-06-17T10:00:21.669+0800][20.532s][info][gc,metaspace   ] GC(487) Metaspace: 112K(320K)->112K(320K) NonClass: 105K(192K)->105K(192K) Class: 7K(128K)->7K(128K)
[2026-06-17T10:00:21.670+0800][20.533s][info][gc             ] GC(487) Pause Young (Allocation Failure) 51M->39M(61M) 3.244ms
[2026-06-17T10:00:21.671+0800][20.533s][info][gc,cpu         ] GC(487) User=0.00s Sys=0.00s Real=0.01s
[2026-06-17T10:00:21.713+0800][20.576s][info][gc,start       ] GC(488) Pause Young (Allocation Failure)
[2026-06-17T10:00:21.715+0800][20.578s][info][gc             ] GC(488) Pause Young (Allocation Failure) 56M->56M(61M) 1.655ms
[2026-06-17T10:00:21.719+0800][20.582s][info][gc,cpu         ] GC(488) User=0.00s Sys=0.00s Real=0.00s
[2026-06-17T10:00:21.722+0800][20.584s][info][gc,start       ] GC(489) Pause Full (Allocation Failure)
[2026-06-17T10:00:21.722+0800][20.585s][info][gc,phases,start] GC(489) Phase 1: Mark live objects
[2026-06-17T10:00:21.724+0800][20.587s][info][gc,phases      ] GC(489) Phase 1: Mark live objects 1.901ms
[2026-06-17T10:00:21.724+0800][20.587s][info][gc,phases,start] GC(489) Phase 2: Compute new object addresses
[2026-06-17T10:00:21.725+0800][20.588s][info][gc,phases      ] GC(489) Phase 2: Compute new object addresses 0.660ms
[2026-06-17T10:00:21.726+0800][20.588s][info][gc,phases,start] GC(489) Phase 3: Adjust pointers
[2026-06-17T10:00:21.726+0800][20.589s][info][gc,phases      ] GC(489) Phase 3: Adjust pointers 0.655ms
[2026-06-17T10:00:21.727+0800][20.589s][info][gc,phases,start] GC(489) Phase 4: Move objects
[2026-06-17T10:00:21.730+0800][20.592s][info][gc,phases      ] GC(489) Phase 4: Move objects 2.829ms
[2026-06-17T10:00:21.730+0800][20.593s][info][gc,heap        ] GC(489) DefNew: 19439K(19648K)->0K(19648K) Eden: 17265K(17472K)->0K(17472K) From: 2173K(2176K)->0K(2176K)
[2026-06-17T10:00:21.730+0800][20.593s][info][gc,heap        ] GC(489) Tenured: 38073K(43712K)->28722K(43712K)
[2026-06-17T10:00:21.730+0800][20.593s][info][gc,metaspace   ] GC(489) Metaspace: 112K(320K)->112K(320K) NonClass: 105K(192K)->105K(192K) Class: 7K(128K)->7K(128K)
[2026-06-17T10:00:21.731+0800][20.594s][info][gc             ] GC(489) Pause Full (Allocation Failure) 56M->28M(61M) 9.183ms
[2026-06-17T10:00:21.731+0800][20.594s][info][gc,cpu         ] GC(489) User=0.01s Sys=0.00s Real=0.02s
[2026-06-17T10:00:21.784+0800][20.647s][info][gc,start       ] GC(490) Pause Young (Allocation Failure)
[2026-06-17T10:00:21.785+0800][20.648s][info][gc,heap        ] GC(490) DefNew: 17472K(19648K)->2073K(19648K) Eden: 17472K(17472K)->0K(17472K) From: 0K(2176K)->2073K(2176K)
[2026-06-17T10:00:21.786+0800][20.648s][info][gc,heap        ] GC(490) Tenured: 28722K(43712K)->30609K(43712K)
[2026-06-17T10:00:21.786+0800][20.649s][info][gc,metaspace   ] GC(490) Metaspace: 112K(320K)->112K(320K) NonClass: 105K(192K)->105K(192K) Class: 7K(128K)->7K(128K)
[2026-06-17T10:00:21.787+0800][20.650s][info][gc             ] GC(490) Pause Young (Allocation Failure) 45M->31M(61M) 3.060ms
[2026-06-17T10:00:21.788+0800][20.650s][info][gc,cpu         ] GC(490) User=0.00s Sys=0.00s Real=0.00s
[2026-06-17T10:00:21.831+0800][20.693s][info][gc,start       ] GC(491) Pause Young (Allocation Failure)
[2026-06-17T10:00:21.832+0800][20.695s][info][gc,heap        ] GC(491) DefNew: 19541K(19648K)->2166K(19648K) Eden: 17468K(17472K)->0K(17472K) From: 2073K(2176K)->2166K(2176K)
[2026-06-17T10:00:21.833+0800][20.696s][info][gc,heap        ] GC(491) Tenured: 30609K(43712K)->34332K(43712K)
[2026-06-17T10:00:21.833+0800][20.696s][info][gc,metaspace   ] GC(491) Metaspace: 112K(320K)->112K(320K) NonClass: 105K(192K)->105K(192K) Class: 7K(128K)->7K(128K)
[2026-06-17T10:00:21.833+0800][20.696s][info][gc             ] GC(491) Pause Young (Allocation Failure) 48M->35M(61M) 2.811ms
[2026-06-17T10:00:21.834+0800][20.697s][info][gc,cpu         ] GC(491) User=0.00s Sys=0.00s Real=0.00s
[2026-06-17T10:00:21.876+0800][20.739s][info][gc,start       ] GC(492) Pause Young (Allocation Failure)
[2026-06-17T10:00:21.900+0800][20.763s][info][gc,heap        ] GC(492) DefNew: 19611K(19648K)->2167K(19648K) Eden: 17444K(17472K)->0K(17472K) From: 2166K(2176K)->2167K(2176K)
[2026-06-17T10:00:21.929+0800][20.792s][info][gc,heap        ] GC(492) Tenured: 34332K(43712K)->38392K(43712K)
[2026-06-17T10:00:21.930+0800][20.792s][info][gc,metaspace   ] GC(492) Metaspace: 112K(320K)->112K(320K) NonClass: 105K(192K)->105K(192K) Class: 7K(128K)->7K(128K)
[2026-06-17T10:00:21.932+0800][20.795s][info][gc             ] GC(492) Pause Young (Allocation Failure) 52M->39M(61M) 55.851ms
[2026-06-17T10:00:21.934+0800][20.797s][info][gc,cpu         ] GC(492) User=0.00s Sys=0.00s Real=0.06s
[2026-06-17T10:00:21.979+0800][20.841s][info][gc,start       ] GC(493) Pause Young (Allocation Failure)
[2026-06-17T10:00:21.983+0800][20.846s][info][gc             ] GC(493) Pause Young (Allocation Failure) 56M->56M(61M) 4.738ms
[2026-06-17T10:00:21.990+0800][20.853s][info][gc,cpu         ] GC(493) User=0.00s Sys=0.00s Real=0.01s
[2026-06-17T10:00:21.991+0800][20.854s][info][gc,start       ] GC(494) Pause Full (Allocation Failure)
[2026-06-17T10:00:21.995+0800][20.858s][info][gc,phases,start] GC(494) Phase 1: Mark live objects
[2026-06-17T10:00:21.996+0800][20.859s][info][gc,phases      ] GC(494) Phase 1: Mark live objects 0.904ms
[2026-06-17T10:00:21.997+0800][20.860s][info][gc,phases,start] GC(494) Phase 2: Compute new object addresses
[2026-06-17T10:00:22.003+0800][20.866s][info][gc,phases      ] GC(494) Phase 2: Compute new object addresses 6.252ms
[2026-06-17T10:00:22.008+0800][20.871s][info][gc,phases,start] GC(494) Phase 3: Adjust pointers
[2026-06-17T10:00:22.022+0800][20.885s][info][gc,phases      ] GC(494) Phase 3: Adjust pointers 13.968ms
[2026-06-17T10:00:22.023+0800][20.885s][info][gc,phases,start] GC(494) Phase 4: Move objects
[2026-06-17T10:00:22.024+0800][20.887s][info][gc,phases      ] GC(494) Phase 4: Move objects 1.796ms
[2026-06-17T10:00:22.025+0800][20.887s][info][gc,heap        ] GC(494) DefNew: 19631K(19648K)->0K(19648K) Eden: 17463K(17472K)->0K(17472K) From: 2167K(2176K)->0K(2176K)
[2026-06-17T10:00:22.025+0800][20.888s][info][gc,heap        ] GC(494) Tenured: 38392K(43712K)->25321K(43712K)
[2026-06-17T10:00:22.025+0800][20.888s][info][gc,metaspace   ] GC(494) Metaspace: 112K(320K)->112K(320K) NonClass: 105K(192K)->105K(192K) Class: 7K(128K)->7K(128K)
[2026-06-17T10:00:22.026+0800][20.888s][info][gc             ] GC(494) Pause Full (Allocation Failure) 56M->24M(61M) 34.558ms
[2026-06-17T10:00:22.029+0800][20.891s][info][gc,cpu         ] GC(494) User=0.00s Sys=0.00s Real=0.03s
[2026-06-17T10:00:22.073+0800][20.936s][info][gc,start       ] GC(495) Pause Young (Allocation Failure)
[2026-06-17T10:00:22.075+0800][20.937s][info][gc,heap        ] GC(495) DefNew: 17419K(19648K)->2118K(19648K) Eden: 17419K(17472K)->0K(17472K) From: 0K(2176K)->2118K(2176K)
[2026-06-17T10:00:22.081+0800][20.944s][info][gc,heap        ] GC(495) Tenured: 25321K(43712K)->26879K(43712K)
[2026-06-17T10:00:22.083+0800][20.945s][info][gc,metaspace   ] GC(495) Metaspace: 112K(320K)->112K(320K) NonClass: 105K(192K)->105K(192K) Class: 7K(128K)->7K(128K)
[2026-06-17T10:00:22.083+0800][20.946s][info][gc             ] GC(495) Pause Young (Allocation Failure) 41M->28M(61M) 10.241ms
[2026-06-17T10:00:22.085+0800][20.948s][info][gc,cpu         ] GC(495) User=0.00s Sys=0.00s Real=0.01s
[2026-06-17T10:00:22.139+0800][21.001s][info][gc,start       ] GC(496) Pause Young (Allocation Failure)
[2026-06-17T10:00:22.140+0800][21.003s][info][gc,heap        ] GC(496) DefNew: 19555K(19648K)->2141K(19648K) Eden: 17436K(17472K)->0K(17472K) From: 2118K(2176K)->2141K(2176K)
[2026-06-17T10:00:22.141+0800][21.004s][info][gc,heap        ] GC(496) Tenured: 26879K(43712K)->30436K(43712K)
[2026-06-17T10:00:22.141+0800][21.004s][info][gc,metaspace   ] GC(496) Metaspace: 112K(320K)->112K(320K) NonClass: 105K(192K)->105K(192K) Class: 7K(128K)->7K(128K)
[2026-06-17T10:00:22.142+0800][21.004s][info][gc             ] GC(496) Pause Young (Allocation Failure) 45M->31M(61M) 2.885ms
[2026-06-17T10:00:22.143+0800][21.006s][info][gc,cpu         ] GC(496) User=0.01s Sys=0.00s Real=0.01s
[2026-06-17T10:00:22.188+0800][21.051s][info][gc,start       ] GC(497) Pause Young (Allocation Failure)
[2026-06-17T10:00:22.190+0800][21.052s][info][gc,heap        ] GC(497) DefNew: 19581K(19648K)->2170K(19648K) Eden: 17439K(17472K)->0K(17472K) From: 2141K(2176K)->2170K(2176K)
[2026-06-17T10:00:22.190+0800][21.053s][info][gc,heap        ] GC(497) Tenured: 30436K(43712K)->34363K(43712K)
[2026-06-17T10:00:22.191+0800][21.053s][info][gc,metaspace   ] GC(497) Metaspace: 112K(320K)->112K(320K) NonClass: 105K(192K)->105K(192K) Class: 7K(128K)->7K(128K)
[2026-06-17T10:00:22.191+0800][21.054s][info][gc             ] GC(497) Pause Young (Allocation Failure) 48M->35M(61M) 2.976ms
[2026-06-17T10:00:22.191+0800][21.054s][info][gc,cpu         ] GC(497) User=0.00s Sys=0.00s Real=0.01s
[2026-06-17T10:00:22.234+0800][21.097s][info][gc,start       ] GC(498) Pause Young (Allocation Failure)
[2026-06-17T10:00:22.236+0800][21.098s][info][gc,heap        ] GC(498) DefNew: 19634K(19648K)->2129K(19648K) Eden: 17463K(17472K)->0K(17472K) From: 2170K(2176K)->2129K(2176K)
[2026-06-17T10:00:22.236+0800][21.099s][info][gc,heap        ] GC(498) Tenured: 34363K(43712K)->38262K(43712K)
[2026-06-17T10:00:22.237+0800][21.099s][info][gc,metaspace   ] GC(498) Metaspace: 112K(320K)->112K(320K) NonClass: 105K(192K)->105K(192K) Class: 7K(128K)->7K(128K)
[2026-06-17T10:00:22.237+0800][21.100s][info][gc             ] GC(498) Pause Young (Allocation Failure) 52M->39M(61M) 2.792ms
[2026-06-17T10:00:22.238+0800][21.100s][info][gc,cpu         ] GC(498) User=0.00s Sys=0.00s Real=0.00s
[2026-06-17T10:00:22.280+0800][21.143s][info][gc,start       ] GC(499) Pause Young (Allocation Failure)
[2026-06-17T10:00:22.282+0800][21.145s][info][gc             ] GC(499) Pause Young (Allocation Failure) 56M->56M(61M) 1.849ms
[2026-06-17T10:00:22.285+0800][21.148s][info][gc,cpu         ] GC(499) User=0.00s Sys=0.00s Real=0.01s
[2026-06-17T10:00:22.286+0800][21.148s][info][gc,start       ] GC(500) Pause Full (Allocation Failure)
[2026-06-17T10:00:22.286+0800][21.149s][info][gc,phases,start] GC(500) Phase 1: Mark live objects
[2026-06-17T10:00:22.288+0800][21.150s][info][gc,phases      ] GC(500) Phase 1: Mark live objects 1.227ms
[2026-06-17T10:00:22.288+0800][21.151s][info][gc,phases,start] GC(500) Phase 2: Compute new object addresses
[2026-06-17T10:00:22.289+0800][21.152s][info][gc,phases      ] GC(500) Phase 2: Compute new object addresses 0.742ms
[2026-06-17T10:00:22.289+0800][21.152s][info][gc,phases,start] GC(500) Phase 3: Adjust pointers
[2026-06-17T10:00:22.290+0800][21.153s][info][gc,phases      ] GC(500) Phase 3: Adjust pointers 0.735ms
[2026-06-17T10:00:22.290+0800][21.153s][info][gc,phases,start] GC(500) Phase 4: Move objects
[2026-06-17T10:00:22.293+0800][21.156s][info][gc,phases      ] GC(500) Phase 4: Move objects 2.432ms
[2026-06-17T10:00:22.293+0800][21.156s][info][gc,heap        ] GC(500) DefNew: 19564K(19648K)->0K(19648K) Eden: 17434K(17472K)->0K(17472K) From: 2129K(2176K)->0K(2176K)
[2026-06-17T10:00:22.293+0800][21.156s][info][gc,heap        ] GC(500) Tenured: 38262K(43712K)->30743K(43712K)
[2026-06-17T10:00:22.294+0800][21.156s][info][gc,metaspace   ] GC(500) Metaspace: 112K(320K)->112K(320K) NonClass: 105K(192K)->105K(192K) Class: 7K(128K)->7K(128K)
[2026-06-17T10:00:22.294+0800][21.157s][info][gc             ] GC(500) Pause Full (Allocation Failure) 56M->30M(61M) 8.344ms
[2026-06-17T10:00:22.294+0800][21.157s][info][gc,cpu         ] GC(500) User=0.01s Sys=0.00s Real=0.01s
[2026-06-17T10:00:22.337+0800][21.199s][info][gc,start       ] GC(501) Pause Young (Allocation Failure)
[2026-06-17T10:00:22.337+0800][21.200s][info][gc,heap        ] GC(501) DefNew: 17126K(19648K)->2119K(19648K) Eden: 17126K(17472K)->0K(17472K) From: 0K(2176K)->2119K(2176K)
[2026-06-17T10:00:22.338+0800][21.200s][info][gc,heap        ] GC(501) Tenured: 30743K(43712K)->32045K(43712K)
[2026-06-17T10:00:22.338+0800][21.201s][info][gc,metaspace   ] GC(501) Metaspace: 112K(320K)->112K(320K) NonClass: 105K(192K)->105K(192K) Class: 7K(128K)->7K(128K)
[2026-06-17T10:00:22.338+0800][21.201s][info][gc             ] GC(501) Pause Young (Allocation Failure) 46M->33M(61M) 1.423ms
[2026-06-17T10:00:22.338+0800][21.201s][info][gc,cpu         ] GC(501) User=0.00s Sys=0.00s Real=0.00s
[2026-06-17T10:00:22.380+0800][21.243s][info][gc,start       ] GC(502) Pause Young (Allocation Failure)
[2026-06-17T10:00:22.383+0800][21.245s][info][gc,heap        ] GC(502) DefNew: 19591K(19648K)->2173K(19648K) Eden: 17472K(17472K)->0K(17472K) From: 2119K(2176K)->2173K(2176K)
[2026-06-17T10:00:22.383+0800][21.246s][info][gc,heap        ] GC(502) Tenured: 32045K(43712K)->38902K(43712K)
[2026-06-17T10:00:22.384+0800][21.247s][info][gc,metaspace   ] GC(502) Metaspace: 113K(320K)->113K(320K) NonClass: 105K(192K)->105K(192K) Class: 7K(128K)->7K(128K)
[2026-06-17T10:00:22.384+0800][21.247s][info][gc             ] GC(502) Pause Young (Allocation Failure) 50M->40M(61M) 3.986ms
[2026-06-17T10:00:22.385+0800][21.248s][info][gc,cpu         ] GC(502) User=0.00s Sys=0.00s Real=0.01s
[2026-06-17T10:00:22.438+0800][21.301s][info][gc,start       ] GC(503) Pause Young (Allocation Failure)
[2026-06-17T10:00:22.439+0800][21.301s][info][gc             ] GC(503) Pause Young (Allocation Failure) 57M->57M(61M) 0.438ms
[2026-06-17T10:00:22.439+0800][21.302s][info][gc,cpu         ] GC(503) User=0.00s Sys=0.00s Real=0.00s
[2026-06-17T10:00:22.440+0800][21.302s][info][gc,start       ] GC(504) Pause Full (Allocation Failure)
[2026-06-17T10:00:22.440+0800][21.303s][info][gc,phases,start] GC(504) Phase 1: Mark live objects
[2026-06-17T10:00:22.441+0800][21.304s][info][gc,phases      ] GC(504) Phase 1: Mark live objects 1.193ms
[2026-06-17T10:00:22.442+0800][21.304s][info][gc,phases,start] GC(504) Phase 2: Compute new object addresses
[2026-06-17T10:00:22.442+0800][21.305s][info][gc,phases      ] GC(504) Phase 2: Compute new object addresses 0.882ms
[2026-06-17T10:00:22.443+0800][21.306s][info][gc,phases,start] GC(504) Phase 3: Adjust pointers
[2026-06-17T10:00:22.444+0800][21.307s][info][gc,phases      ] GC(504) Phase 3: Adjust pointers 0.933ms
[2026-06-17T10:00:22.444+0800][21.307s][info][gc,phases,start] GC(504) Phase 4: Move objects
[2026-06-17T10:00:22.447+0800][21.310s][info][gc,phases      ] GC(504) Phase 4: Move objects 2.229ms
[2026-06-17T10:00:22.447+0800][21.310s][info][gc,heap        ] GC(504) DefNew: 19629K(19648K)->0K(19648K) Eden: 17455K(17472K)->0K(17472K) From: 2173K(2176K)->0K(2176K)
[2026-06-17T10:00:22.447+0800][21.310s][info][gc,heap        ] GC(504) Tenured: 38902K(43712K)->26175K(43712K)
[2026-06-17T10:00:22.448+0800][21.310s][info][gc,metaspace   ] GC(504) Metaspace: 113K(320K)->113K(320K) NonClass: 105K(192K)->105K(192K) Class: 7K(128K)->7K(128K)
[2026-06-17T10:00:22.448+0800][21.311s][info][gc             ] GC(504) Pause Full (Allocation Failure) 57M->25M(61M) 8.210ms
[2026-06-17T10:00:22.448+0800][21.311s][info][gc,cpu         ] GC(504) User=0.01s Sys=0.00s Real=0.01s
[2026-06-17T10:00:22.491+0800][21.353s][info][gc,start       ] GC(505) Pause Young (Allocation Failure)
[2026-06-17T10:00:22.494+0800][21.356s][info][gc,heap        ] GC(505) DefNew: 17440K(19648K)->2168K(19648K) Eden: 17440K(17472K)->0K(17472K) From: 0K(2176K)->2168K(2176K)
[2026-06-17T10:00:22.497+0800][21.360s][info][gc,heap        ] GC(505) Tenured: 26175K(43712K)->31111K(43712K)
[2026-06-17T10:00:22.499+0800][21.362s][info][gc,metaspace   ] GC(505) Metaspace: 113K(320K)->113K(320K) NonClass: 105K(192K)->105K(192K) Class: 7K(128K)->7K(128K)
[2026-06-17T10:00:22.500+0800][21.363s][info][gc             ] GC(505) Pause Young (Allocation Failure) 42M->32M(61M) 9.502ms
[2026-06-17T10:00:22.502+0800][21.365s][info][gc,cpu         ] GC(505) User=0.00s Sys=0.00s Real=0.00s
[2026-06-17T10:00:22.546+0800][21.409s][info][gc,start       ] GC(506) Pause Young (Allocation Failure)
[2026-06-17T10:00:22.548+0800][21.411s][info][gc,heap        ] GC(506) DefNew: 19640K(19648K)->2082K(19648K) Eden: 17472K(17472K)->0K(17472K) From: 2168K(2176K)->2082K(2176K)
[2026-06-17T10:00:22.548+0800][21.411s][info][gc,heap        ] GC(506) Tenured: 31111K(43712K)->35013K(43712K)
[2026-06-17T10:00:22.549+0800][21.412s][info][gc,metaspace   ] GC(506) Metaspace: 113K(320K)->113K(320K) NonClass: 105K(192K)->105K(192K) Class: 7K(128K)->7K(128K)
[2026-06-17T10:00:22.549+0800][21.412s][info][gc             ] GC(506) Pause Young (Allocation Failure) 49M->36M(61M) 2.648ms
[2026-06-17T10:00:22.549+0800][21.412s][info][gc,cpu         ] GC(506) User=0.00s Sys=0.00s Real=0.00s
[2026-06-17T10:00:22.592+0800][21.455s][info][gc,start       ] GC(507) Pause Young (Allocation Failure)
[2026-06-17T10:00:22.593+0800][21.456s][info][gc,heap        ] GC(507) DefNew: 19457K(19648K)->2006K(19648K) Eden: 17374K(17472K)->0K(17472K) From: 2082K(2176K)->2006K(2176K)
[2026-06-17T10:00:22.594+0800][21.456s][info][gc,heap        ] GC(507) Tenured: 35013K(43712K)->35210K(43712K)
[2026-06-17T10:00:22.594+0800][21.457s][info][gc,metaspace   ] GC(507) Metaspace: 113K(320K)->113K(320K) NonClass: 105K(192K)->105K(192K) Class: 7K(128K)->7K(128K)
[2026-06-17T10:00:22.596+0800][21.458s][info][gc             ] GC(507) Pause Young (Allocation Failure) 53M->36M(61M) 3.354ms
[2026-06-17T10:00:22.596+0800][21.459s][info][gc,cpu         ] GC(507) User=0.00s Sys=0.00s Real=0.00s
[2026-06-17T10:00:22.639+0800][21.501s][info][gc,start       ] GC(508) Pause Young (Allocation Failure)
[2026-06-17T10:00:22.640+0800][21.503s][info][gc,heap        ] GC(508) DefNew: 19478K(19648K)->2169K(19648K) Eden: 17472K(17472K)->0K(17472K) From: 2006K(2176K)->2169K(2176K)
[2026-06-17T10:00:22.641+0800][21.503s][info][gc,heap        ] GC(508) Tenured: 35210K(43712K)->42024K(43712K)
[2026-06-17T10:00:22.641+0800][21.504s][info][gc,metaspace   ] GC(508) Metaspace: 113K(320K)->113K(320K) NonClass: 105K(192K)->105K(192K) Class: 7K(128K)->7K(128K)
[2026-06-17T10:00:22.641+0800][21.504s][info][gc             ] GC(508) Pause Young (Allocation Failure) 53M->43M(61M) 2.794ms
[2026-06-17T10:00:22.642+0800][21.505s][info][gc,cpu         ] GC(508) User=0.00s Sys=0.00s Real=0.00s
[2026-06-17T10:00:22.695+0800][21.558s][info][gc,start       ] GC(509) Pause Young (Allocation Failure)
[2026-06-17T10:00:22.696+0800][21.559s][info][gc             ] GC(509) Pause Young (Allocation Failure) 60M->60M(61M) 0.794ms
[2026-06-17T10:00:22.696+0800][21.559s][info][gc,cpu         ] GC(509) User=0.00s Sys=0.00s Real=0.00s
[2026-06-17T10:00:22.697+0800][21.560s][info][gc,start       ] GC(510) Pause Full (Allocation Failure)
[2026-06-17T10:00:22.697+0800][21.560s][info][gc,phases,start] GC(510) Phase 1: Mark live objects
[2026-06-17T10:00:22.699+0800][21.561s][info][gc,phases      ] GC(510) Phase 1: Mark live objects 1.419ms
[2026-06-17T10:00:22.699+0800][21.562s][info][gc,phases,start] GC(510) Phase 2: Compute new object addresses
[2026-06-17T10:00:22.700+0800][21.563s][info][gc,phases      ] GC(510) Phase 2: Compute new object addresses 0.692ms
[2026-06-17T10:00:22.700+0800][21.563s][info][gc,phases,start] GC(510) Phase 3: Adjust pointers
[2026-06-17T10:00:22.701+0800][21.564s][info][gc,phases      ] GC(510) Phase 3: Adjust pointers 0.677ms
[2026-06-17T10:00:22.701+0800][21.564s][info][gc,phases,start] GC(510) Phase 4: Move objects
[2026-06-17T10:00:22.703+0800][21.566s][info][gc,phases      ] GC(510) Phase 4: Move objects 1.804ms
[2026-06-17T10:00:22.703+0800][21.566s][info][gc,heap        ] GC(510) DefNew: 19624K(19648K)->0K(19648K) Eden: 17454K(17472K)->0K(17472K) From: 2169K(2176K)->0K(2176K)
[2026-06-17T10:00:22.703+0800][21.566s][info][gc,heap        ] GC(510) Tenured: 42024K(43712K)->30895K(43712K)
[2026-06-17T10:00:22.704+0800][21.566s][info][gc,metaspace   ] GC(510) Metaspace: 113K(320K)->113K(320K) NonClass: 105K(192K)->105K(192K) Class: 7K(128K)->7K(128K)
[2026-06-17T10:00:22.704+0800][21.567s][info][gc             ] GC(510) Pause Full (Allocation Failure) 60M->30M(61M) 7.386ms
[2026-06-17T10:00:22.705+0800][21.567s][info][gc,cpu         ] GC(510) User=0.01s Sys=0.00s Real=0.01s
[2026-06-17T10:00:22.737+0800][21.599s][info][gc,start       ] GC(511) Pause Young (Allocation Failure)
[2026-06-17T10:00:22.738+0800][21.601s][info][gc,heap        ] GC(511) DefNew: 17399K(19648K)->2172K(19648K) Eden: 17399K(17472K)->0K(17472K) From: 0K(2176K)->2172K(2176K)
[2026-06-17T10:00:22.738+0800][21.601s][info][gc,heap        ] GC(511) Tenured: 30895K(43712K)->35425K(43712K)
[2026-06-17T10:00:22.739+0800][21.601s][info][gc,metaspace   ] GC(511) Metaspace: 113K(320K)->113K(320K) NonClass: 105K(192K)->105K(192K) Class: 7K(128K)->7K(128K)
[2026-06-17T10:00:22.739+0800][21.602s][info][gc             ] GC(511) Pause Young (Allocation Failure) 47M->36M(61M) 2.166ms
[2026-06-17T10:00:22.739+0800][21.602s][info][gc,cpu         ] GC(511) User=0.00s Sys=0.00s Real=0.00s
[2026-06-17T10:00:22.792+0800][21.655s][info][gc,start       ] GC(512) Pause Young (Allocation Failure)
[2026-06-17T10:00:22.792+0800][21.655s][info][gc             ] GC(512) Pause Young (Allocation Failure) 53M->53M(61M) 0.628ms
[2026-06-17T10:00:22.793+0800][21.656s][info][gc,cpu         ] GC(512) User=0.00s Sys=0.00s Real=0.00s
[2026-06-17T10:00:22.793+0800][21.656s][info][gc,start       ] GC(513) Pause Full (Allocation Failure)
[2026-06-17T10:00:22.794+0800][21.657s][info][gc,phases,start] GC(513) Phase 1: Mark live objects
[2026-06-17T10:00:22.795+0800][21.658s][info][gc,phases      ] GC(513) Phase 1: Mark live objects 1.475ms
[2026-06-17T10:00:22.796+0800][21.659s][info][gc,phases,start] GC(513) Phase 2: Compute new object addresses
[2026-06-17T10:00:22.797+0800][21.660s][info][gc,phases      ] GC(513) Phase 2: Compute new object addresses 0.817ms
[2026-06-17T10:00:22.797+0800][21.660s][info][gc,phases,start] GC(513) Phase 3: Adjust pointers
[2026-06-17T10:00:22.798+0800][21.661s][info][gc,phases      ] GC(513) Phase 3: Adjust pointers 0.653ms
[2026-06-17T10:00:22.798+0800][21.661s][info][gc,phases,start] GC(513) Phase 4: Move objects
[2026-06-17T10:00:22.800+0800][21.663s][info][gc,phases      ] GC(513) Phase 4: Move objects 1.715ms
[2026-06-17T10:00:22.800+0800][21.663s][info][gc,heap        ] GC(513) DefNew: 19620K(19648K)->0K(19648K) Eden: 17448K(17472K)->0K(17472K) From: 2172K(2176K)->0K(2176K)
[2026-06-17T10:00:22.800+0800][21.663s][info][gc,heap        ] GC(513) Tenured: 35425K(43712K)->29607K(43712K)
[2026-06-17T10:00:22.800+0800][21.663s][info][gc,metaspace   ] GC(513) Metaspace: 113K(320K)->113K(320K) NonClass: 105K(192K)->105K(192K) Class: 7K(128K)->7K(128K)
[2026-06-17T10:00:22.801+0800][21.664s][info][gc             ] GC(513) Pause Full (Allocation Failure) 53M->28M(61M) 7.854ms
[2026-06-17T10:00:22.802+0800][21.665s][info][gc,cpu         ] GC(513) User=0.00s Sys=0.00s Real=0.00s
[2026-06-17T10:00:22.846+0800][21.709s][info][gc,start       ] GC(514) Pause Young (Allocation Failure)
[2026-06-17T10:00:22.848+0800][21.711s][info][gc,heap        ] GC(514) DefNew: 17449K(19648K)->2171K(19648K) Eden: 17449K(17472K)->0K(17472K) From: 0K(2176K)->2171K(2176K)
[2026-06-17T10:00:22.848+0800][21.711s][info][gc,heap        ] GC(514) Tenured: 29607K(43712K)->34353K(43712K)
[2026-06-17T10:00:22.849+0800][21.711s][info][gc,metaspace   ] GC(514) Metaspace: 113K(320K)->113K(320K) NonClass: 105K(192K)->105K(192K) Class: 7K(128K)->7K(128K)
[2026-06-17T10:00:22.849+0800][21.712s][info][gc             ] GC(514) Pause Young (Allocation Failure) 45M->35M(61M) 2.496ms
[2026-06-17T10:00:22.849+0800][21.712s][info][gc,cpu         ] GC(514) User=0.00s Sys=0.00s Real=0.00s
[2026-06-17T10:00:22.892+0800][21.755s][info][gc,start       ] GC(515) Pause Young (Allocation Failure)
[2026-06-17T10:00:22.894+0800][21.757s][info][gc,heap        ] GC(515) DefNew: 19643K(19648K)->2084K(19648K) Eden: 17472K(17472K)->0K(17472K) From: 2171K(2176K)->2084K(2176K)
[2026-06-17T10:00:22.894+0800][21.757s][info][gc,heap        ] GC(515) Tenured: 34353K(43712K)->39685K(43712K)
[2026-06-17T10:00:22.895+0800][21.757s][info][gc,metaspace   ] GC(515) Metaspace: 113K(320K)->113K(320K) NonClass: 105K(192K)->105K(192K) Class: 7K(128K)->7K(128K)
[2026-06-17T10:00:22.895+0800][21.758s][info][gc             ] GC(515) Pause Young (Allocation Failure) 52M->40M(61M) 2.746ms
[2026-06-17T10:00:22.895+0800][21.758s][info][gc,cpu         ] GC(515) User=0.00s Sys=0.00s Real=0.00s
[2026-06-17T10:00:22.938+0800][21.801s][info][gc,start       ] GC(516) Pause Young (Allocation Failure)
[2026-06-17T10:00:22.939+0800][21.801s][info][gc             ] GC(516) Pause Young (Allocation Failure) 57M->57M(61M) 0.633ms
[2026-06-17T10:00:22.939+0800][21.802s][info][gc,cpu         ] GC(516) User=0.00s Sys=0.00s Real=0.00s
[2026-06-17T10:00:22.940+0800][21.802s][info][gc,start       ] GC(517) Pause Full (Allocation Failure)
[2026-06-17T10:00:22.940+0800][21.803s][info][gc,phases,start] GC(517) Phase 1: Mark live objects
[2026-06-17T10:00:22.942+0800][21.804s][info][gc,phases      ] GC(517) Phase 1: Mark live objects 1.439ms
[2026-06-17T10:00:22.942+0800][21.805s][info][gc,phases,start] GC(517) Phase 2: Compute new object addresses
[2026-06-17T10:00:22.943+0800][21.806s][info][gc,phases      ] GC(517) Phase 2: Compute new object addresses 0.837ms
[2026-06-17T10:00:22.943+0800][21.806s][info][gc,phases,start] GC(517) Phase 3: Adjust pointers
[2026-06-17T10:00:22.944+0800][21.807s][info][gc,phases      ] GC(517) Phase 3: Adjust pointers 0.675ms
[2026-06-17T10:00:22.944+0800][21.807s][info][gc,phases,start] GC(517) Phase 4: Move objects
[2026-06-17T10:00:22.946+0800][21.809s][info][gc,phases      ] GC(517) Phase 4: Move objects 2.465ms
[2026-06-17T10:00:22.947+0800][21.810s][info][gc,heap        ] GC(517) DefNew: 19556K(19648K)->0K(19648K) Eden: 17472K(17472K)->0K(17472K) From: 2084K(2176K)->0K(2176K)
[2026-06-17T10:00:22.948+0800][21.810s][info][gc,heap        ] GC(517) Tenured: 39685K(43712K)->22365K(43712K)
[2026-06-17T10:00:22.948+0800][21.811s][info][gc,metaspace   ] GC(517) Metaspace: 113K(320K)->113K(320K) NonClass: 105K(192K)->105K(192K) Class: 7K(128K)->7K(128K)
[2026-06-17T10:00:22.948+0800][21.811s][info][gc             ] GC(517) Pause Full (Allocation Failure) 57M->21M(61M) 8.593ms
[2026-06-17T10:00:22.948+0800][21.811s][info][gc,cpu         ] GC(517) User=0.01s Sys=0.00s Real=0.01s
[2026-06-17T10:00:22.991+0800][21.853s][info][gc,start       ] GC(518) Pause Young (Allocation Failure)
[2026-06-17T10:00:22.992+0800][21.855s][info][gc,heap        ] GC(518) DefNew: 17472K(19648K)->2175K(19648K) Eden: 17472K(17472K)->0K(17472K) From: 0K(2176K)->2175K(2176K)
[2026-06-17T10:00:22.992+0800][21.855s][info][gc,heap        ] GC(518) Tenured: 22365K(43712K)->26707K(43712K)
[2026-06-17T10:00:22.992+0800][21.855s][info][gc,metaspace   ] GC(518) Metaspace: 113K(320K)->113K(320K) NonClass: 105K(192K)->105K(192K) Class: 7K(128K)->7K(128K)
[2026-06-17T10:00:22.992+0800][21.855s][info][gc             ] GC(518) Pause Young (Allocation Failure) 38M->28M(61M) 1.790ms
[2026-06-17T10:00:22.993+0800][21.855s][info][gc,cpu         ] GC(518) User=0.00s Sys=0.00s Real=0.00s
[2026-06-17T10:00:23.035+0800][21.898s][info][gc,start       ] GC(519) Pause Young (Allocation Failure)
[2026-06-17T10:00:23.036+0800][21.899s][info][gc,heap        ] GC(519) DefNew: 19641K(19648K)->2130K(19648K) Eden: 17465K(17472K)->0K(17472K) From: 2175K(2176K)->2130K(2176K)
[2026-06-17T10:00:23.037+0800][21.899s][info][gc,heap        ] GC(519) Tenured: 26707K(43712K)->32381K(43712K)
[2026-06-17T10:00:23.037+0800][21.900s][info][gc,metaspace   ] GC(519) Metaspace: 113K(320K)->113K(320K) NonClass: 105K(192K)->105K(192K) Class: 7K(128K)->7K(128K)
[2026-06-17T10:00:23.037+0800][21.900s][info][gc             ] GC(519) Pause Young (Allocation Failure) 45M->33M(61M) 2.156ms
[2026-06-17T10:00:23.037+0800][21.900s][info][gc,cpu         ] GC(519) User=0.00s Sys=0.00s Real=0.00s
[2026-06-17T10:00:23.080+0800][21.943s][info][gc,start       ] GC(520) Pause Young (Allocation Failure)
[2026-06-17T10:00:23.082+0800][21.945s][info][gc,heap        ] GC(520) DefNew: 19602K(19648K)->2175K(19648K) Eden: 17472K(17472K)->0K(17472K) From: 2130K(2176K)->2175K(2176K)
[2026-06-17T10:00:23.083+0800][21.946s][info][gc,heap        ] GC(520) Tenured: 32381K(43712K)->35781K(43712K)
[2026-06-17T10:00:23.085+0800][21.948s][info][gc,metaspace   ] GC(520) Metaspace: 113K(320K)->113K(320K) NonClass: 105K(192K)->105K(192K) Class: 7K(128K)->7K(128K)
[2026-06-17T10:00:23.088+0800][21.950s][info][gc             ] GC(520) Pause Young (Allocation Failure) 50M->37M(61M) 7.786ms
[2026-06-17T10:00:23.089+0800][21.952s][info][gc,cpu         ] GC(520) User=0.00s Sys=0.00s Real=0.01s
[2026-06-17T10:00:23.133+0800][21.996s][info][gc,start       ] GC(521) Pause Young (Allocation Failure)
[2026-06-17T10:00:23.134+0800][21.997s][info][gc             ] GC(521) Pause Young (Allocation Failure) 53M->53M(61M) 0.463ms
[2026-06-17T10:00:23.134+0800][21.997s][info][gc,cpu         ] GC(521) User=0.00s Sys=0.00s Real=0.00s
[2026-06-17T10:00:23.135+0800][21.997s][info][gc,start       ] GC(522) Pause Full (Allocation Failure)
[2026-06-17T10:00:23.135+0800][21.998s][info][gc,phases,start] GC(522) Phase 1: Mark live objects
[2026-06-17T10:00:23.136+0800][21.999s][info][gc,phases      ] GC(522) Phase 1: Mark live objects 1.186ms
[2026-06-17T10:00:23.136+0800][21.999s][info][gc,phases,start] GC(522) Phase 2: Compute new object addresses
[2026-06-17T10:00:23.137+0800][22.000s][info][gc,phases      ] GC(522) Phase 2: Compute new object addresses 0.710ms
[2026-06-17T10:00:23.138+0800][22.000s][info][gc,phases,start] GC(522) Phase 3: Adjust pointers
[2026-06-17T10:00:23.138+0800][22.001s][info][gc,phases      ] GC(522) Phase 3: Adjust pointers 0.752ms
[2026-06-17T10:00:23.139+0800][22.001s][info][gc,phases,start] GC(522) Phase 4: Move objects
[2026-06-17T10:00:23.141+0800][22.003s][info][gc,phases      ] GC(522) Phase 4: Move objects 2.050ms
[2026-06-17T10:00:23.141+0800][22.004s][info][gc,heap        ] GC(522) DefNew: 19511K(19648K)->0K(19648K) Eden: 17335K(17472K)->0K(17472K) From: 2175K(2176K)->0K(2176K)
[2026-06-17T10:00:23.141+0800][22.004s][info][gc,heap        ] GC(522) Tenured: 35781K(43712K)->22748K(43712K)
[2026-06-17T10:00:23.141+0800][22.004s][info][gc,metaspace   ] GC(522) Metaspace: 113K(320K)->113K(320K) NonClass: 105K(192K)->105K(192K) Class: 7K(128K)->7K(128K)
[2026-06-17T10:00:23.142+0800][22.004s][info][gc             ] GC(522) Pause Full (Allocation Failure) 53M->22M(61M) 7.068ms
[2026-06-17T10:00:23.142+0800][22.005s][info][gc,cpu         ] GC(522) User=0.00s Sys=0.00s Real=0.00s
[2026-06-17T10:00:23.195+0800][22.058s][info][gc,start       ] GC(523) Pause Young (Allocation Failure)
[2026-06-17T10:00:23.196+0800][22.059s][info][gc,heap        ] GC(523) DefNew: 17472K(19648K)->2123K(19648K) Eden: 17472K(17472K)->0K(17472K) From: 0K(2176K)->2123K(2176K)
[2026-06-17T10:00:23.197+0800][22.060s][info][gc,heap        ] GC(523) Tenured: 22748K(43712K)->24203K(43712K)
[2026-06-17T10:00:23.197+0800][22.060s][info][gc,metaspace   ] GC(523) Metaspace: 113K(320K)->113K(320K) NonClass: 105K(192K)->105K(192K) Class: 7K(128K)->7K(128K)
[2026-06-17T10:00:23.198+0800][22.060s][info][gc             ] GC(523) Pause Young (Allocation Failure) 39M->25M(61M) 2.547ms
[2026-06-17T10:00:23.198+0800][22.061s][info][gc,cpu         ] GC(523) User=0.00s Sys=0.00s Real=0.00s
[2026-06-17T10:00:23.241+0800][22.103s][info][gc,start       ] GC(524) Pause Young (Allocation Failure)
[2026-06-17T10:00:23.242+0800][22.105s][info][gc,heap        ] GC(524) DefNew: 19553K(19648K)->2175K(19648K) Eden: 17430K(17472K)->0K(17472K) From: 2123K(2176K)->2175K(2176K)
[2026-06-17T10:00:23.242+0800][22.105s][info][gc,heap        ] GC(524) Tenured: 24203K(43712K)->27834K(43712K)
[2026-06-17T10:00:23.243+0800][22.106s][info][gc,metaspace   ] GC(524) Metaspace: 113K(320K)->113K(320K) NonClass: 105K(192K)->105K(192K) Class: 7K(128K)->7K(128K)
[2026-06-17T10:00:23.243+0800][22.106s][info][gc             ] GC(524) Pause Young (Allocation Failure) 42M->29M(61M) 2.610ms
[2026-06-17T10:00:23.244+0800][22.106s][info][gc,cpu         ] GC(524) User=0.01s Sys=0.00s Real=0.01s
[2026-06-17T10:00:23.286+0800][22.149s][info][gc,start       ] GC(525) Pause Young (Allocation Failure)
[2026-06-17T10:00:23.288+0800][22.151s][info][gc,heap        ] GC(525) DefNew: 19640K(19648K)->2163K(19648K) Eden: 17464K(17472K)->0K(17472K) From: 2175K(2176K)->2163K(2176K)
[2026-06-17T10:00:23.289+0800][22.151s][info][gc,heap        ] GC(525) Tenured: 27834K(43712K)->32141K(43712K)
[2026-06-17T10:00:23.289+0800][22.152s][info][gc,metaspace   ] GC(525) Metaspace: 113K(320K)->113K(320K) NonClass: 105K(192K)->105K(192K) Class: 7K(128K)->7K(128K)
[2026-06-17T10:00:23.289+0800][22.152s][info][gc             ] GC(525) Pause Young (Allocation Failure) 46M->33M(61M) 3.072ms
[2026-06-17T10:00:23.290+0800][22.153s][info][gc,cpu         ] GC(525) User=0.00s Sys=0.01s Real=0.00s
[2026-06-17T10:00:23.333+0800][22.196s][info][gc,start       ] GC(526) Pause Young (Allocation Failure)
[2026-06-17T10:00:23.334+0800][22.197s][info][gc,heap        ] GC(526) DefNew: 19625K(19648K)->2172K(19648K) Eden: 17461K(17472K)->0K(17472K) From: 2163K(2176K)->2172K(2176K)
[2026-06-17T10:00:23.335+0800][22.198s][info][gc,heap        ] GC(526) Tenured: 32141K(43712K)->36077K(43712K)
[2026-06-17T10:00:23.336+0800][22.198s][info][gc,metaspace   ] GC(526) Metaspace: 113K(320K)->113K(320K) NonClass: 105K(192K)->105K(192K) Class: 7K(128K)->7K(128K)
[2026-06-17T10:00:23.336+0800][22.199s][info][gc             ] GC(526) Pause Young (Allocation Failure) 50M->37M(61M) 2.811ms
[2026-06-17T10:00:23.336+0800][22.199s][info][gc,cpu         ] GC(526) User=0.00s Sys=0.00s Real=0.00s
[2026-06-17T10:00:23.379+0800][22.241s][info][gc,start       ] GC(527) Pause Young (Allocation Failure)
[2026-06-17T10:00:23.379+0800][22.242s][info][gc,heap        ] GC(527) DefNew: 19565K(19648K)->2056K(19648K) Eden: 17393K(17472K)->0K(17472K) From: 2172K(2176K)->2056K(2176K)
[2026-06-17T10:00:23.380+0800][22.243s][info][gc,heap        ] GC(527) Tenured: 36077K(43712K)->36984K(43712K)
[2026-06-17T10:00:23.380+0800][22.243s][info][gc,metaspace   ] GC(527) Metaspace: 113K(320K)->113K(320K) NonClass: 105K(192K)->105K(192K) Class: 7K(128K)->7K(128K)
[2026-06-17T10:00:23.380+0800][22.243s][info][gc             ] GC(527) Pause Young (Allocation Failure) 54M->38M(61M) 1.936ms
[2026-06-17T10:00:23.381+0800][22.244s][info][gc,cpu         ] GC(527) User=0.00s Sys=0.00s Real=0.00s
[2026-06-17T10:00:23.424+0800][22.287s][info][gc,start       ] GC(528) Pause Young (Allocation Failure)
[2026-06-17T10:00:23.424+0800][22.287s][info][gc             ] GC(528) Pause Young (Allocation Failure) 55M->55M(61M) 0.609ms
[2026-06-17T10:00:23.425+0800][22.288s][info][gc,cpu         ] GC(528) User=0.00s Sys=0.00s Real=0.00s
[2026-06-17T10:00:23.426+0800][22.288s][info][gc,start       ] GC(529) Pause Full (Allocation Failure)
[2026-06-17T10:00:23.426+0800][22.289s][info][gc,phases,start] GC(529) Phase 1: Mark live objects
[2026-06-17T10:00:23.427+0800][22.290s][info][gc,phases      ] GC(529) Phase 1: Mark live objects 0.966ms
[2026-06-17T10:00:23.427+0800][22.290s][info][gc,phases,start] GC(529) Phase 2: Compute new object addresses
[2026-06-17T10:00:23.428+0800][22.290s][info][gc,phases      ] GC(529) Phase 2: Compute new object addresses 0.505ms
[2026-06-17T10:00:23.428+0800][22.291s][info][gc,phases,start] GC(529) Phase 3: Adjust pointers
[2026-06-17T10:00:23.428+0800][22.291s][info][gc,phases      ] GC(529) Phase 3: Adjust pointers 0.534ms
[2026-06-17T10:00:23.429+0800][22.292s][info][gc,phases,start] GC(529) Phase 4: Move objects
[2026-06-17T10:00:23.431+0800][22.294s][info][gc,phases      ] GC(529) Phase 4: Move objects 2.380ms
[2026-06-17T10:00:23.431+0800][22.294s][info][gc,heap        ] GC(529) DefNew: 19475K(19648K)->0K(19648K) Eden: 17419K(17472K)->0K(17472K) From: 2056K(2176K)->0K(2176K)
[2026-06-17T10:00:23.432+0800][22.294s][info][gc,heap        ] GC(529) Tenured: 36984K(43712K)->34381K(43712K)
[2026-06-17T10:00:23.432+0800][22.295s][info][gc,metaspace   ] GC(529) Metaspace: 113K(320K)->113K(320K) NonClass: 105K(192K)->105K(192K) Class: 7K(128K)->7K(128K)
[2026-06-17T10:00:23.432+0800][22.295s][info][gc             ] GC(529) Pause Full (Allocation Failure) 55M->33M(61M) 6.388ms
[2026-06-17T10:00:23.432+0800][22.295s][info][gc,cpu         ] GC(529) User=0.01s Sys=0.00s Real=0.01s
[2026-06-17T10:00:23.485+0800][22.348s][info][gc,start       ] GC(530) Pause Young (Allocation Failure)
[2026-06-17T10:00:23.486+0800][22.349s][info][gc,heap        ] GC(530) DefNew: 17442K(19648K)->2158K(19648K) Eden: 17442K(17472K)->0K(17472K) From: 0K(2176K)->2158K(2176K)
[2026-06-17T10:00:23.487+0800][22.349s][info][gc,heap        ] GC(530) Tenured: 34381K(43712K)->35601K(43712K)
[2026-06-17T10:00:23.487+0800][22.350s][info][gc,metaspace   ] GC(530) Metaspace: 113K(320K)->113K(320K) NonClass: 105K(192K)->105K(192K) Class: 7K(128K)->7K(128K)
[2026-06-17T10:00:23.487+0800][22.350s][info][gc             ] GC(530) Pause Young (Allocation Failure) 50M->36M(61M) 2.168ms
[2026-06-17T10:00:23.487+0800][22.350s][info][gc,cpu         ] GC(530) User=0.00s Sys=0.00s Real=0.00s
[2026-06-17T10:00:23.530+0800][22.392s][info][gc,start       ] GC(531) Pause Young (Allocation Failure)
[2026-06-17T10:00:23.535+0800][22.398s][info][gc,heap        ] GC(531) DefNew: 19603K(19648K)->2162K(19648K) Eden: 17445K(17472K)->0K(17472K) From: 2158K(2176K)->2162K(2176K)
[2026-06-17T10:00:23.541+0800][22.403s][info][gc,heap        ] GC(531) Tenured: 35601K(43712K)->38868K(43712K)
[2026-06-17T10:00:23.541+0800][22.404s][info][gc,metaspace   ] GC(531) Metaspace: 113K(320K)->113K(320K) NonClass: 105K(192K)->105K(192K) Class: 7K(128K)->7K(128K)
[2026-06-17T10:00:23.542+0800][22.405s][info][gc             ] GC(531) Pause Young (Allocation Failure) 53M->40M(61M) 12.187ms
[2026-06-17T10:00:23.542+0800][22.405s][info][gc,cpu         ] GC(531) User=0.00s Sys=0.00s Real=0.01s
[2026-06-17T10:00:23.585+0800][22.448s][info][gc,start       ] GC(532) Pause Young (Allocation Failure)
[2026-06-17T10:00:23.586+0800][22.449s][info][gc             ] GC(532) Pause Young (Allocation Failure) 57M->57M(61M) 0.588ms
[2026-06-17T10:00:23.586+0800][22.449s][info][gc,cpu         ] GC(532) User=0.00s Sys=0.00s Real=0.00s
[2026-06-17T10:00:23.587+0800][22.449s][info][gc,start       ] GC(533) Pause Full (Allocation Failure)
[2026-06-17T10:00:23.587+0800][22.450s][info][gc,phases,start] GC(533) Phase 1: Mark live objects
[2026-06-17T10:00:23.588+0800][22.451s][info][gc,phases      ] GC(533) Phase 1: Mark live objects 1.116ms
[2026-06-17T10:00:23.589+0800][22.451s][info][gc,phases,start] GC(533) Phase 2: Compute new object addresses
[2026-06-17T10:00:23.589+0800][22.452s][info][gc,phases      ] GC(533) Phase 2: Compute new object addresses 0.701ms
[2026-06-17T10:00:23.589+0800][22.452s][info][gc,phases,start] GC(533) Phase 3: Adjust pointers
[2026-06-17T10:00:23.590+0800][22.453s][info][gc,phases      ] GC(533) Phase 3: Adjust pointers 0.571ms
[2026-06-17T10:00:23.590+0800][22.453s][info][gc,phases,start] GC(533) Phase 4: Move objects
[2026-06-17T10:00:23.592+0800][22.455s][info][gc,phases      ] GC(533) Phase 4: Move objects 2.026ms
[2026-06-17T10:00:23.593+0800][22.456s][info][gc,heap        ] GC(533) DefNew: 19620K(19648K)->0K(19648K) Eden: 17458K(17472K)->0K(17472K) From: 2162K(2176K)->0K(2176K)
[2026-06-17T10:00:23.593+0800][22.456s][info][gc,heap        ] GC(533) Tenured: 38868K(43712K)->31956K(43712K)
[2026-06-17T10:00:23.593+0800][22.456s][info][gc,metaspace   ] GC(533) Metaspace: 113K(320K)->113K(320K) NonClass: 105K(192K)->105K(192K) Class: 7K(128K)->7K(128K)
[2026-06-17T10:00:23.594+0800][22.456s][info][gc             ] GC(533) Pause Full (Allocation Failure) 57M->31M(61M) 6.936ms
[2026-06-17T10:00:23.594+0800][22.457s][info][gc,cpu         ] GC(533) User=0.01s Sys=0.00s Real=0.01s
[2026-06-17T10:00:23.636+0800][22.499s][info][gc,start       ] GC(534) Pause Young (Allocation Failure)
[2026-06-17T10:00:23.638+0800][22.501s][info][gc,heap        ] GC(534) DefNew: 17440K(19648K)->2170K(19648K) Eden: 17440K(17472K)->0K(17472K) From: 0K(2176K)->2170K(2176K)
[2026-06-17T10:00:23.639+0800][22.501s][info][gc,heap        ] GC(534) Tenured: 31956K(43712K)->36567K(43712K)
[2026-06-17T10:00:23.639+0800][22.502s][info][gc,metaspace   ] GC(534) Metaspace: 113K(320K)->113K(320K) NonClass: 105K(192K)->105K(192K) Class: 7K(128K)->7K(128K)
[2026-06-17T10:00:23.639+0800][22.502s][info][gc             ] GC(534) Pause Young (Allocation Failure) 48M->37M(61M) 3.232ms
[2026-06-17T10:00:23.640+0800][22.503s][info][gc,cpu         ] GC(534) User=0.00s Sys=0.00s Real=0.00s
[2026-06-17T10:00:23.683+0800][22.546s][info][gc,start       ] GC(535) Pause Young (Allocation Failure)
[2026-06-17T10:00:23.685+0800][22.547s][info][gc,heap        ] GC(535) DefNew: 19637K(19648K)->2167K(19648K) Eden: 17466K(17472K)->0K(17472K) From: 2170K(2176K)->2167K(2176K)
[2026-06-17T10:00:23.685+0800][22.548s][info][gc,heap        ] GC(535) Tenured: 36567K(43712K)->42204K(43712K)
[2026-06-17T10:00:23.686+0800][22.548s][info][gc,metaspace   ] GC(535) Metaspace: 113K(320K)->113K(320K) NonClass: 105K(192K)->105K(192K) Class: 7K(128K)->7K(128K)
[2026-06-17T10:00:23.686+0800][22.549s][info][gc             ] GC(535) Pause Young (Allocation Failure) 54M->43M(61M) 3.303ms
[2026-06-17T10:00:23.687+0800][22.549s][info][gc,cpu         ] GC(535) User=0.00s Sys=0.00s Real=0.00s
[2026-06-17T10:00:23.740+0800][22.603s][info][gc,start       ] GC(536) Pause Young (Allocation Failure)
[2026-06-17T10:00:23.740+0800][22.603s][info][gc             ] GC(536) Pause Young (Allocation Failure) 60M->60M(61M) 0.696ms
[2026-06-17T10:00:23.742+0800][22.604s][info][gc,cpu         ] GC(536) User=0.01s Sys=0.00s Real=0.00s
[2026-06-17T10:00:23.743+0800][22.606s][info][gc,start       ] GC(537) Pause Full (Allocation Failure)
[2026-06-17T10:00:23.743+0800][22.606s][info][gc,phases,start] GC(537) Phase 1: Mark live objects
[2026-06-17T10:00:23.745+0800][22.608s][info][gc,phases      ] GC(537) Phase 1: Mark live objects 1.430ms
[2026-06-17T10:00:23.745+0800][22.608s][info][gc,phases,start] GC(537) Phase 2: Compute new object addresses
[2026-06-17T10:00:23.746+0800][22.609s][info][gc,phases      ] GC(537) Phase 2: Compute new object addresses 0.873ms
[2026-06-17T10:00:23.747+0800][22.609s][info][gc,phases,start] GC(537) Phase 3: Adjust pointers
[2026-06-17T10:00:23.748+0800][22.611s][info][gc,phases      ] GC(537) Phase 3: Adjust pointers 1.435ms
[2026-06-17T10:00:23.748+0800][22.611s][info][gc,phases,start] GC(537) Phase 4: Move objects
[2026-06-17T10:00:23.750+0800][22.613s][info][gc,phases      ] GC(537) Phase 4: Move objects 2.012ms
[2026-06-17T10:00:23.751+0800][22.614s][info][gc,heap        ] GC(537) DefNew: 19616K(19648K)->0K(19648K) Eden: 17449K(17472K)->0K(17472K) From: 2167K(2176K)->0K(2176K)
[2026-06-17T10:00:23.751+0800][22.614s][info][gc,heap        ] GC(537) Tenured: 42204K(43712K)->28342K(43712K)
[2026-06-17T10:00:23.751+0800][22.614s][info][gc,metaspace   ] GC(537) Metaspace: 113K(320K)->113K(320K) NonClass: 105K(192K)->105K(192K) Class: 7K(128K)->7K(128K)
[2026-06-17T10:00:23.752+0800][22.614s][info][gc             ] GC(537) Pause Full (Allocation Failure) 60M->27M(61M) 8.729ms
[2026-06-17T10:00:23.752+0800][22.614s][info][gc,cpu         ] GC(537) User=0.00s Sys=0.00s Real=0.01s
[2026-06-17T10:00:23.794+0800][22.657s][info][gc,start       ] GC(538) Pause Young (Allocation Failure)
[2026-06-17T10:00:23.796+0800][22.659s][info][gc,heap        ] GC(538) DefNew: 17472K(19648K)->2172K(19648K) Eden: 17472K(17472K)->0K(17472K) From: 0K(2176K)->2172K(2176K)
[2026-06-17T10:00:23.797+0800][22.659s][info][gc,heap        ] GC(538) Tenured: 28342K(43712K)->33339K(43712K)
[2026-06-17T10:00:23.797+0800][22.660s][info][gc,metaspace   ] GC(538) Metaspace: 113K(320K)->113K(320K) NonClass: 105K(192K)->105K(192K) Class: 7K(128K)->7K(128K)
[2026-06-17T10:00:23.797+0800][22.660s][info][gc             ] GC(538) Pause Young (Allocation Failure) 44M->34M(61M) 3.208ms
[2026-06-17T10:00:23.798+0800][22.661s][info][gc,cpu         ] GC(538) User=0.00s Sys=0.00s Real=0.00s
[2026-06-17T10:00:23.841+0800][22.704s][info][gc,start       ] GC(539) Pause Young (Allocation Failure)
[2026-06-17T10:00:23.842+0800][22.705s][info][gc,heap        ] GC(539) DefNew: 19644K(19648K)->2171K(19648K) Eden: 17472K(17472K)->0K(17472K) From: 2172K(2176K)->2171K(2176K)
[2026-06-17T10:00:23.843+0800][22.705s][info][gc,heap        ] GC(539) Tenured: 33339K(43712K)->37559K(43712K)
[2026-06-17T10:00:23.843+0800][22.706s][info][gc,metaspace   ] GC(539) Metaspace: 113K(320K)->113K(320K) NonClass: 105K(192K)->105K(192K) Class: 7K(128K)->7K(128K)
[2026-06-17T10:00:23.843+0800][22.706s][info][gc             ] GC(539) Pause Young (Allocation Failure) 51M->38M(61M) 2.347ms
[2026-06-17T10:00:23.844+0800][22.707s][info][gc,cpu         ] GC(539) User=0.00s Sys=0.00s Real=0.01s
[2026-06-17T10:00:23.888+0800][22.751s][info][gc,start       ] GC(540) Pause Young (Allocation Failure)
[2026-06-17T10:00:23.889+0800][22.751s][info][gc             ] GC(540) Pause Young (Allocation Failure) 55M->55M(61M) 0.518ms
[2026-06-17T10:00:23.889+0800][22.752s][info][gc,cpu         ] GC(540) User=0.00s Sys=0.00s Real=0.00s
[2026-06-17T10:00:23.889+0800][22.752s][info][gc,start       ] GC(541) Pause Full (Allocation Failure)
[2026-06-17T10:00:23.889+0800][22.752s][info][gc,phases,start] GC(541) Phase 1: Mark live objects
[2026-06-17T10:00:23.890+0800][22.753s][info][gc,phases      ] GC(541) Phase 1: Mark live objects 0.926ms
[2026-06-17T10:00:23.891+0800][22.753s][info][gc,phases,start] GC(541) Phase 2: Compute new object addresses
[2026-06-17T10:00:23.891+0800][22.754s][info][gc,phases      ] GC(541) Phase 2: Compute new object addresses 0.510ms
[2026-06-17T10:00:23.892+0800][22.754s][info][gc,phases,start] GC(541) Phase 3: Adjust pointers
[2026-06-17T10:00:23.892+0800][22.755s][info][gc,phases      ] GC(541) Phase 3: Adjust pointers 0.733ms
[2026-06-17T10:00:23.893+0800][22.755s][info][gc,phases,start] GC(541) Phase 4: Move objects
[2026-06-17T10:00:23.895+0800][22.758s][info][gc,phases      ] GC(541) Phase 4: Move objects 2.134ms
[2026-06-17T10:00:23.895+0800][22.758s][info][gc,heap        ] GC(541) DefNew: 19634K(19648K)->0K(19648K) Eden: 17462K(17472K)->0K(17472K) From: 2171K(2176K)->0K(2176K)
[2026-06-17T10:00:23.895+0800][22.758s][info][gc,heap        ] GC(541) Tenured: 37559K(43712K)->23978K(43712K)
[2026-06-17T10:00:23.896+0800][22.758s][info][gc,metaspace   ] GC(541) Metaspace: 113K(320K)->113K(320K) NonClass: 105K(192K)->105K(192K) Class: 7K(128K)->7K(128K)
[2026-06-17T10:00:23.896+0800][22.758s][info][gc             ] GC(541) Pause Full (Allocation Failure) 55M->23M(61M) 6.660ms
[2026-06-17T10:00:23.896+0800][22.759s][info][gc,cpu         ] GC(541) User=0.00s Sys=0.00s Real=0.01s
[2026-06-17T10:00:23.938+0800][22.801s][info][gc,start       ] GC(542) Pause Young (Allocation Failure)
[2026-06-17T10:00:23.939+0800][22.802s][info][gc,heap        ] GC(542) DefNew: 17462K(19648K)->2175K(19648K) Eden: 17462K(17472K)->0K(17472K) From: 0K(2176K)->2175K(2176K)
[2026-06-17T10:00:23.940+0800][22.803s][info][gc,heap        ] GC(542) Tenured: 23978K(43712K)->29030K(43712K)
[2026-06-17T10:00:23.941+0800][22.803s][info][gc,metaspace   ] GC(542) Metaspace: 113K(320K)->113K(320K) NonClass: 105K(192K)->105K(192K) Class: 7K(128K)->7K(128K)
[2026-06-17T10:00:23.941+0800][22.804s][info][gc             ] GC(542) Pause Young (Allocation Failure) 40M->30M(61M) 2.871ms
[2026-06-17T10:00:23.941+0800][22.804s][info][gc,cpu         ] GC(542) User=0.00s Sys=0.00s Real=0.00s
[2026-06-17T10:00:23.994+0800][22.857s][info][gc,start       ] GC(543) Pause Young (Allocation Failure)
[2026-06-17T10:00:23.995+0800][22.858s][info][gc,heap        ] GC(543) DefNew: 19616K(19648K)->1921K(19648K) Eden: 17440K(17472K)->0K(17472K) From: 2175K(2176K)->1921K(2176K)
[2026-06-17T10:00:23.996+0800][22.859s][info][gc,heap        ] GC(543) Tenured: 29030K(43712K)->30341K(43712K)
[2026-06-17T10:00:23.999+0800][22.862s][info][gc,metaspace   ] GC(543) Metaspace: 113K(320K)->113K(320K) NonClass: 105K(192K)->105K(192K) Class: 7K(128K)->7K(128K)
[2026-06-17T10:00:24.000+0800][22.862s][info][gc             ] GC(543) Pause Young (Allocation Failure) 47M->31M(61M) 5.539ms
[2026-06-17T10:00:24.000+0800][22.863s][info][gc,cpu         ] GC(543) User=0.00s Sys=0.00s Real=0.00s
[2026-06-17T10:00:24.032+0800][22.895s][info][gc,start       ] GC(544) Pause Young (Allocation Failure)
[2026-06-17T10:00:24.033+0800][22.896s][info][gc,heap        ] GC(544) DefNew: 19363K(19648K)->2165K(19648K) Eden: 17441K(17472K)->0K(17472K) From: 1921K(2176K)->2165K(2176K)
[2026-06-17T10:00:24.034+0800][22.896s][info][gc,heap        ] GC(544) Tenured: 30341K(43712K)->33917K(43712K)
[2026-06-17T10:00:24.034+0800][22.897s][info][gc,metaspace   ] GC(544) Metaspace: 113K(320K)->113K(320K) NonClass: 105K(192K)->105K(192K) Class: 7K(128K)->7K(128K)
[2026-06-17T10:00:24.034+0800][22.897s][info][gc             ] GC(544) Pause Young (Allocation Failure) 48M->35M(61M) 1.856ms
[2026-06-17T10:00:24.034+0800][22.897s][info][gc,cpu         ] GC(544) User=0.00s Sys=0.00s Real=0.00s
[2026-06-17T10:00:24.087+0800][22.949s][info][gc,start       ] GC(545) Pause Young (Allocation Failure)
[2026-06-17T10:00:24.088+0800][22.951s][info][gc,heap        ] GC(545) DefNew: 19637K(19648K)->2049K(19648K) Eden: 17472K(17472K)->0K(17472K) From: 2165K(2176K)->2049K(2176K)
[2026-06-17T10:00:24.088+0800][22.951s][info][gc,heap        ] GC(545) Tenured: 33917K(43712K)->37570K(43712K)
[2026-06-17T10:00:24.089+0800][22.952s][info][gc,metaspace   ] GC(545) Metaspace: 113K(320K)->113K(320K) NonClass: 105K(192K)->105K(192K) Class: 7K(128K)->7K(128K)
[2026-06-17T10:00:24.089+0800][22.952s][info][gc             ] GC(545) Pause Young (Allocation Failure) 52M->38M(61M) 2.794ms
[2026-06-17T10:00:24.090+0800][22.953s][info][gc,cpu         ] GC(545) User=0.00s Sys=0.00s Real=0.00s
[2026-06-17T10:00:24.133+0800][22.996s][info][gc,start       ] GC(546) Pause Young (Allocation Failure)
[2026-06-17T10:00:24.136+0800][22.999s][info][gc             ] GC(546) Pause Young (Allocation Failure) 55M->55M(61M) 2.633ms
[2026-06-17T10:00:24.137+0800][23.000s][info][gc,cpu         ] GC(546) User=0.00s Sys=0.00s Real=0.00s
[2026-06-17T10:00:24.139+0800][23.002s][info][gc,start       ] GC(547) Pause Full (Allocation Failure)
[2026-06-17T10:00:24.142+0800][23.005s][info][gc,phases,start] GC(547) Phase 1: Mark live objects
[2026-06-17T10:00:24.143+0800][23.006s][info][gc,phases      ] GC(547) Phase 1: Mark live objects 1.632ms
[2026-06-17T10:00:24.145+0800][23.007s][info][gc,phases,start] GC(547) Phase 2: Compute new object addresses
[2026-06-17T10:00:24.147+0800][23.010s][info][gc,phases      ] GC(547) Phase 2: Compute new object addresses 2.586ms
[2026-06-17T10:00:24.149+0800][23.011s][info][gc,phases,start] GC(547) Phase 3: Adjust pointers
[2026-06-17T10:00:24.151+0800][23.014s][info][gc,phases      ] GC(547) Phase 3: Adjust pointers 2.395ms
[2026-06-17T10:00:24.152+0800][23.015s][info][gc,phases,start] GC(547) Phase 4: Move objects
[2026-06-17T10:00:24.155+0800][23.018s][info][gc,phases      ] GC(547) Phase 4: Move objects 2.661ms
[2026-06-17T10:00:24.155+0800][23.018s][info][gc,heap        ] GC(547) DefNew: 19476K(19648K)->0K(19648K) Eden: 17427K(17472K)->0K(17472K) From: 2049K(2176K)->0K(2176K)
[2026-06-17T10:00:24.156+0800][23.018s][info][gc,heap        ] GC(547) Tenured: 37570K(43712K)->29015K(43712K)
[2026-06-17T10:00:24.156+0800][23.019s][info][gc,metaspace   ] GC(547) Metaspace: 113K(320K)->113K(320K) NonClass: 105K(192K)->105K(192K) Class: 7K(128K)->7K(128K)
[2026-06-17T10:00:24.156+0800][23.019s][info][gc             ] GC(547) Pause Full (Allocation Failure) 55M->28M(61M) 16.537ms
[2026-06-17T10:00:24.156+0800][23.019s][info][gc,cpu         ] GC(547) User=0.00s Sys=0.00s Real=0.02s
[2026-06-17T10:00:24.199+0800][23.061s][info][gc,start       ] GC(548) Pause Young (Allocation Failure)
[2026-06-17T10:00:24.200+0800][23.063s][info][gc,heap        ] GC(548) DefNew: 17427K(19648K)->2175K(19648K) Eden: 17427K(17472K)->0K(17472K) From: 0K(2176K)->2175K(2176K)
[2026-06-17T10:00:24.200+0800][23.063s][info][gc,heap        ] GC(548) Tenured: 29015K(43712K)->33772K(43712K)
[2026-06-17T10:00:24.201+0800][23.064s][info][gc,metaspace   ] GC(548) Metaspace: 113K(320K)->113K(320K) NonClass: 105K(192K)->105K(192K) Class: 7K(128K)->7K(128K)
[2026-06-17T10:00:24.202+0800][23.065s][info][gc             ] GC(548) Pause Young (Allocation Failure) 45M->35M(61M) 3.421ms
[2026-06-17T10:00:24.202+0800][23.065s][info][gc,cpu         ] GC(548) User=0.00s Sys=0.00s Real=0.00s
[2026-06-17T10:00:24.245+0800][23.108s][info][gc,start       ] GC(549) Pause Young (Allocation Failure)
[2026-06-17T10:00:24.246+0800][23.109s][info][gc,heap        ] GC(549) DefNew: 19628K(19648K)->2168K(19648K) Eden: 17453K(17472K)->0K(17472K) From: 2175K(2176K)->2168K(2176K)
[2026-06-17T10:00:24.246+0800][23.109s][info][gc,heap        ] GC(549) Tenured: 33772K(43712K)->38262K(43712K)
[2026-06-17T10:00:24.247+0800][23.109s][info][gc,metaspace   ] GC(549) Metaspace: 113K(320K)->113K(320K) NonClass: 105K(192K)->105K(192K) Class: 7K(128K)->7K(128K)
[2026-06-17T10:00:24.247+0800][23.110s][info][gc             ] GC(549) Pause Young (Allocation Failure) 52M->39M(61M) 2.060ms
[2026-06-17T10:00:24.247+0800][23.110s][info][gc,cpu         ] GC(549) User=0.00s Sys=0.00s Real=0.00s
[2026-06-17T10:00:24.300+0800][23.162s][info][gc,start       ] GC(550) Pause Young (Allocation Failure)
[2026-06-17T10:00:24.300+0800][23.163s][info][gc             ] GC(550) Pause Young (Allocation Failure) 56M->56M(61M) 0.761ms
[2026-06-17T10:00:24.301+0800][23.163s][info][gc,cpu         ] GC(550) User=0.00s Sys=0.00s Real=0.00s
[2026-06-17T10:00:24.301+0800][23.164s][info][gc,start       ] GC(551) Pause Full (Allocation Failure)
[2026-06-17T10:00:24.301+0800][23.164s][info][gc,phases,start] GC(551) Phase 1: Mark live objects
[2026-06-17T10:00:24.302+0800][23.165s][info][gc,phases      ] GC(551) Phase 1: Mark live objects 0.929ms
[2026-06-17T10:00:24.303+0800][23.165s][info][gc,phases,start] GC(551) Phase 2: Compute new object addresses
[2026-06-17T10:00:24.303+0800][23.166s][info][gc,phases      ] GC(551) Phase 2: Compute new object addresses 0.551ms
[2026-06-17T10:00:24.303+0800][23.166s][info][gc,phases,start] GC(551) Phase 3: Adjust pointers
[2026-06-17T10:00:24.304+0800][23.167s][info][gc,phases      ] GC(551) Phase 3: Adjust pointers 0.596ms
[2026-06-17T10:00:24.304+0800][23.167s][info][gc,phases,start] GC(551) Phase 4: Move objects
[2026-06-17T10:00:24.306+0800][23.169s][info][gc,phases      ] GC(551) Phase 4: Move objects 2.035ms
[2026-06-17T10:00:24.307+0800][23.170s][info][gc,heap        ] GC(551) DefNew: 19624K(19648K)->0K(19648K) Eden: 17456K(17472K)->0K(17472K) From: 2168K(2176K)->0K(2176K)
[2026-06-17T10:00:24.307+0800][23.170s][info][gc,heap        ] GC(551) Tenured: 38262K(43712K)->27239K(43712K)
[2026-06-17T10:00:24.308+0800][23.170s][info][gc,metaspace   ] GC(551) Metaspace: 113K(320K)->113K(320K) NonClass: 105K(192K)->105K(192K) Class: 7K(128K)->7K(128K)
[2026-06-17T10:00:24.308+0800][23.171s][info][gc             ] GC(551) Pause Full (Allocation Failure) 56M->26M(61M) 6.956ms
[2026-06-17T10:00:24.308+0800][23.171s][info][gc,cpu         ] GC(551) User=0.00s Sys=0.00s Real=0.01s
[2026-06-17T10:00:24.350+0800][23.213s][info][gc,start       ] GC(552) Pause Young (Allocation Failure)
[2026-06-17T10:00:24.351+0800][23.214s][info][gc,heap        ] GC(552) DefNew: 17472K(19648K)->2172K(19648K) Eden: 17472K(17472K)->0K(17472K) From: 0K(2176K)->2172K(2176K)
[2026-06-17T10:00:24.352+0800][23.214s][info][gc,heap        ] GC(552) Tenured: 27239K(43712K)->31739K(43712K)
[2026-06-17T10:00:24.352+0800][23.215s][info][gc,metaspace   ] GC(552) Metaspace: 113K(320K)->113K(320K) NonClass: 105K(192K)->105K(192K) Class: 7K(128K)->7K(128K)
[2026-06-17T10:00:24.352+0800][23.215s][info][gc             ] GC(552) Pause Young (Allocation Failure) 43M->33M(61M) 1.829ms
[2026-06-17T10:00:24.352+0800][23.215s][info][gc,cpu         ] GC(552) User=0.00s Sys=0.00s Real=0.01s
[2026-06-17T10:00:24.395+0800][23.258s][info][gc,start       ] GC(553) Pause Young (Allocation Failure)
[2026-06-17T10:00:24.396+0800][23.259s][info][gc,heap        ] GC(553) DefNew: 19644K(19648K)->2175K(19648K) Eden: 17472K(17472K)->0K(17472K) From: 2172K(2176K)->2175K(2176K)
[2026-06-17T10:00:24.397+0800][23.260s][info][gc,heap        ] GC(553) Tenured: 31739K(43712K)->36862K(43712K)
[2026-06-17T10:00:24.397+0800][23.260s][info][gc,metaspace   ] GC(553) Metaspace: 113K(320K)->113K(320K) NonClass: 105K(192K)->105K(192K) Class: 7K(128K)->7K(128K)
[2026-06-17T10:00:24.398+0800][23.260s][info][gc             ] GC(553) Pause Young (Allocation Failure) 50M->38M(61M) 2.892ms
[2026-06-17T10:00:24.398+0800][23.261s][info][gc,cpu         ] GC(553) User=0.00s Sys=0.00s Real=0.00s
[2026-06-17T10:00:24.441+0800][23.304s][info][gc,start       ] GC(554) Pause Young (Allocation Failure)
[2026-06-17T10:00:24.441+0800][23.304s][info][gc             ] GC(554) Pause Young (Allocation Failure) 55M->55M(61M) 0.579ms
[2026-06-17T10:00:24.442+0800][23.305s][info][gc,cpu         ] GC(554) User=0.00s Sys=0.00s Real=0.00s
[2026-06-17T10:00:24.442+0800][23.305s][info][gc,start       ] GC(555) Pause Full (Allocation Failure)
[2026-06-17T10:00:24.443+0800][23.305s][info][gc,phases,start] GC(555) Phase 1: Mark live objects
[2026-06-17T10:00:24.444+0800][23.307s][info][gc,phases      ] GC(555) Phase 1: Mark live objects 1.238ms
[2026-06-17T10:00:24.444+0800][23.307s][info][gc,phases,start] GC(555) Phase 2: Compute new object addresses
[2026-06-17T10:00:24.445+0800][23.308s][info][gc,phases      ] GC(555) Phase 2: Compute new object addresses 0.765ms
[2026-06-17T10:00:24.446+0800][23.308s][info][gc,phases,start] GC(555) Phase 3: Adjust pointers
[2026-06-17T10:00:24.446+0800][23.309s][info][gc,phases      ] GC(555) Phase 3: Adjust pointers 0.726ms
[2026-06-17T10:00:24.447+0800][23.309s][info][gc,phases,start] GC(555) Phase 4: Move objects
[2026-06-17T10:00:24.448+0800][23.311s][info][gc,phases      ] GC(555) Phase 4: Move objects 1.844ms
[2026-06-17T10:00:24.449+0800][23.312s][info][gc,heap        ] GC(555) DefNew: 19634K(19648K)->0K(19648K) Eden: 17458K(17472K)->0K(17472K) From: 2175K(2176K)->0K(2176K)
[2026-06-17T10:00:24.449+0800][23.312s][info][gc,heap        ] GC(555) Tenured: 36862K(43712K)->28206K(43712K)
[2026-06-17T10:00:24.449+0800][23.312s][info][gc,metaspace   ] GC(555) Metaspace: 113K(320K)->113K(320K) NonClass: 105K(192K)->105K(192K) Class: 7K(128K)->7K(128K)
[2026-06-17T10:00:24.449+0800][23.312s][info][gc             ] GC(555) Pause Full (Allocation Failure) 55M->27M(61M) 7.076ms
[2026-06-17T10:00:24.450+0800][23.312s][info][gc,cpu         ] GC(555) User=0.01s Sys=0.00s Real=0.01s
[2026-06-17T10:00:24.503+0800][23.365s][info][gc,start       ] GC(556) Pause Young (Allocation Failure)
[2026-06-17T10:00:24.504+0800][23.366s][info][gc,heap        ] GC(556) DefNew: 17459K(19648K)->2173K(19648K) Eden: 17459K(17472K)->0K(17472K) From: 0K(2176K)->2173K(2176K)
[2026-06-17T10:00:24.505+0800][23.368s][info][gc,heap        ] GC(556) Tenured: 28206K(43712K)->29710K(43712K)
[2026-06-17T10:00:24.505+0800][23.368s][info][gc,metaspace   ] GC(556) Metaspace: 113K(320K)->113K(320K) NonClass: 105K(192K)->105K(192K) Class: 7K(128K)->7K(128K)
[2026-06-17T10:00:24.506+0800][23.369s][info][gc             ] GC(556) Pause Young (Allocation Failure) 44M->31M(61M) 3.709ms
[2026-06-17T10:00:24.508+0800][23.371s][info][gc,cpu         ] GC(556) User=0.00s Sys=0.00s Real=0.00s
[2026-06-17T10:00:24.551+0800][23.414s][info][gc,start       ] GC(557) Pause Young (Allocation Failure)
[2026-06-17T10:00:24.553+0800][23.416s][info][gc,heap        ] GC(557) DefNew: 19614K(19648K)->2144K(19648K) Eden: 17441K(17472K)->0K(17472K) From: 2173K(2176K)->2144K(2176K)
[2026-06-17T10:00:24.554+0800][23.417s][info][gc,heap        ] GC(557) Tenured: 29710K(43712K)->33144K(43712K)
[2026-06-17T10:00:24.556+0800][23.418s][info][gc,metaspace   ] GC(557) Metaspace: 113K(320K)->113K(320K) NonClass: 105K(192K)->105K(192K) Class: 7K(128K)->7K(128K)
[2026-06-17T10:00:24.558+0800][23.421s][info][gc             ] GC(557) Pause Young (Allocation Failure) 48M->34M(61M) 6.948ms
[2026-06-17T10:00:24.560+0800][23.423s][info][gc,cpu         ] GC(557) User=0.00s Sys=0.00s Real=0.00s
[2026-06-17T10:00:24.607+0800][23.470s][info][gc,start       ] GC(558) Pause Young (Allocation Failure)
[2026-06-17T10:00:24.609+0800][23.472s][info][gc,heap        ] GC(558) DefNew: 19561K(19648K)->2075K(19648K) Eden: 17416K(17472K)->0K(17472K) From: 2144K(2176K)->2075K(2176K)
[2026-06-17T10:00:24.609+0800][23.472s][info][gc,heap        ] GC(558) Tenured: 33144K(43712K)->36295K(43712K)
[2026-06-17T10:00:24.610+0800][23.472s][info][gc,metaspace   ] GC(558) Metaspace: 113K(320K)->113K(320K) NonClass: 105K(192K)->105K(192K) Class: 7K(128K)->7K(128K)
[2026-06-17T10:00:24.610+0800][23.473s][info][gc             ] GC(558) Pause Young (Allocation Failure) 51M->37M(61M) 3.165ms
[2026-06-17T10:00:24.610+0800][23.473s][info][gc,cpu         ] GC(558) User=0.00s Sys=0.00s Real=0.00s
[2026-06-17T10:00:24.653+0800][23.516s][info][gc,start       ] GC(559) Pause Young (Allocation Failure)
[2026-06-17T10:00:24.655+0800][23.517s][info][gc,heap        ] GC(559) DefNew: 19547K(19648K)->2174K(19648K) Eden: 17472K(17472K)->0K(17472K) From: 2075K(2176K)->2174K(2176K)
[2026-06-17T10:00:24.655+0800][23.518s][info][gc,heap        ] GC(559) Tenured: 36295K(43712K)->40241K(43712K)
[2026-06-17T10:00:24.656+0800][23.518s][info][gc,metaspace   ] GC(559) Metaspace: 113K(320K)->113K(320K) NonClass: 105K(192K)->105K(192K) Class: 7K(128K)->7K(128K)
[2026-06-17T10:00:24.656+0800][23.519s][info][gc             ] GC(559) Pause Young (Allocation Failure) 54M->41M(61M) 2.864ms
[2026-06-17T10:00:24.656+0800][23.519s][info][gc,cpu         ] GC(559) User=0.01s Sys=0.00s Real=0.00s
[2026-06-17T10:00:24.699+0800][23.562s][info][gc,start       ] GC(560) Pause Young (Allocation Failure)
[2026-06-17T10:00:24.700+0800][23.563s][info][gc             ] GC(560) Pause Young (Allocation Failure) 58M->58M(61M) 0.626ms
[2026-06-17T10:00:24.700+0800][23.563s][info][gc,cpu         ] GC(560) User=0.00s Sys=0.00s Real=0.00s
[2026-06-17T10:00:24.701+0800][23.564s][info][gc,start       ] GC(561) Pause Full (Allocation Failure)
[2026-06-17T10:00:24.701+0800][23.564s][info][gc,phases,start] GC(561) Phase 1: Mark live objects
[2026-06-17T10:00:24.703+0800][23.566s][info][gc,phases      ] GC(561) Phase 1: Mark live objects 1.556ms
[2026-06-17T10:00:24.703+0800][23.566s][info][gc,phases,start] GC(561) Phase 2: Compute new object addresses
[2026-06-17T10:00:24.704+0800][23.567s][info][gc,phases      ] GC(561) Phase 2: Compute new object addresses 0.967ms
[2026-06-17T10:00:24.705+0800][23.568s][info][gc,phases,start] GC(561) Phase 3: Adjust pointers
[2026-06-17T10:00:24.706+0800][23.568s][info][gc,phases      ] GC(561) Phase 3: Adjust pointers 0.781ms
[2026-06-17T10:00:24.706+0800][23.569s][info][gc,phases,start] GC(561) Phase 4: Move objects
[2026-06-17T10:00:24.709+0800][23.571s][info][gc,phases      ] GC(561) Phase 4: Move objects 2.653ms
[2026-06-17T10:00:24.709+0800][23.572s][info][gc,heap        ] GC(561) DefNew: 19628K(19648K)->0K(19648K) Eden: 17454K(17472K)->0K(17472K) From: 2174K(2176K)->0K(2176K)
[2026-06-17T10:00:24.709+0800][23.572s][info][gc,heap        ] GC(561) Tenured: 40241K(43712K)->32607K(43712K)
[2026-06-17T10:00:24.709+0800][23.572s][info][gc,metaspace   ] GC(561) Metaspace: 113K(320K)->113K(320K) NonClass: 105K(192K)->105K(192K) Class: 7K(128K)->7K(128K)
[2026-06-17T10:00:24.710+0800][23.572s][info][gc             ] GC(561) Pause Full (Allocation Failure) 58M->31M(61M) 8.664ms
[2026-06-17T10:00:24.710+0800][23.573s][info][gc,cpu         ] GC(561) User=0.00s Sys=0.00s Real=0.01s
[2026-06-17T10:00:24.763+0800][23.626s][info][gc,start       ] GC(562) Pause Young (Allocation Failure)
[2026-06-17T10:00:24.764+0800][23.627s][info][gc,heap        ] GC(562) DefNew: 17465K(19648K)->2026K(19648K) Eden: 17465K(17472K)->0K(17472K) From: 0K(2176K)->2026K(2176K)
[2026-06-17T10:00:24.765+0800][23.627s][info][gc,heap        ] GC(562) Tenured: 32607K(43712K)->34125K(43712K)
[2026-06-17T10:00:24.765+0800][23.628s][info][gc,metaspace   ] GC(562) Metaspace: 113K(320K)->113K(320K) NonClass: 105K(192K)->105K(192K) Class: 7K(128K)->7K(128K)
[2026-06-17T10:00:24.765+0800][23.628s][info][gc             ] GC(562) Pause Young (Allocation Failure) 48M->35M(61M) 2.275ms
[2026-06-17T10:00:24.766+0800][23.628s][info][gc,cpu         ] GC(562) User=0.01s Sys=0.00s Real=0.00s
[2026-06-17T10:00:24.798+0800][23.661s][info][gc,start       ] GC(563) Pause Young (Allocation Failure)
[2026-06-17T10:00:24.799+0800][23.662s][info][gc,heap        ] GC(563) DefNew: 19196K(19648K)->2092K(19648K) Eden: 17170K(17472K)->0K(17472K) From: 2026K(2176K)->2092K(2176K)
[2026-06-17T10:00:24.800+0800][23.663s][info][gc,heap        ] GC(563) Tenured: 34125K(43712K)->37094K(43712K)
[2026-06-17T10:00:24.800+0800][23.663s][info][gc,metaspace   ] GC(563) Metaspace: 113K(320K)->113K(320K) NonClass: 105K(192K)->105K(192K) Class: 7K(128K)->7K(128K)
[2026-06-17T10:00:24.801+0800][23.664s][info][gc             ] GC(563) Pause Young (Allocation Failure) 52M->38M(61M) 2.598ms
[2026-06-17T10:00:24.801+0800][23.664s][info][gc,cpu         ] GC(563) User=0.00s Sys=0.00s Real=0.00s
[2026-06-17T10:00:24.854+0800][23.717s][info][gc,start       ] GC(564) Pause Young (Allocation Failure)
[2026-06-17T10:00:24.856+0800][23.718s][info][gc,heap        ] GC(564) DefNew: 19541K(19648K)->2148K(19648K) Eden: 17449K(17472K)->0K(17472K) From: 2092K(2176K)->2148K(2176K)
[2026-06-17T10:00:24.856+0800][23.719s][info][gc,heap        ] GC(564) Tenured: 37094K(43712K)->41334K(43712K)
[2026-06-17T10:00:24.857+0800][23.719s][info][gc,metaspace   ] GC(564) Metaspace: 113K(320K)->113K(320K) NonClass: 105K(192K)->105K(192K) Class: 7K(128K)->7K(128K)
[2026-06-17T10:00:24.857+0800][23.720s][info][gc             ] GC(564) Pause Young (Allocation Failure) 55M->42M(61M) 2.797ms
[2026-06-17T10:00:24.857+0800][23.720s][info][gc,cpu         ] GC(564) User=0.00s Sys=0.00s Real=0.00s
[2026-06-17T10:00:24.900+0800][23.763s][info][gc,start       ] GC(565) Pause Young (Allocation Failure)
[2026-06-17T10:00:24.901+0800][23.764s][info][gc             ] GC(565) Pause Young (Allocation Failure) 59M->59M(61M) 0.572ms
[2026-06-17T10:00:24.901+0800][23.764s][info][gc,cpu         ] GC(565) User=0.00s Sys=0.00s Real=0.00s
[2026-06-17T10:00:24.902+0800][23.765s][info][gc,start       ] GC(566) Pause Full (Allocation Failure)
[2026-06-17T10:00:24.902+0800][23.765s][info][gc,phases,start] GC(566) Phase 1: Mark live objects
[2026-06-17T10:00:24.904+0800][23.766s][info][gc,phases      ] GC(566) Phase 1: Mark live objects 1.201ms
[2026-06-17T10:00:24.904+0800][23.767s][info][gc,phases,start] GC(566) Phase 2: Compute new object addresses
[2026-06-17T10:00:24.905+0800][23.768s][info][gc,phases      ] GC(566) Phase 2: Compute new object addresses 0.735ms
[2026-06-17T10:00:24.905+0800][23.768s][info][gc,phases,start] GC(566) Phase 3: Adjust pointers
[2026-06-17T10:00:24.907+0800][23.769s][info][gc,phases      ] GC(566) Phase 3: Adjust pointers 1.180ms
[2026-06-17T10:00:24.907+0800][23.770s][info][gc,phases,start] GC(566) Phase 4: Move objects
[2026-06-17T10:00:24.910+0800][23.772s][info][gc,phases      ] GC(566) Phase 4: Move objects 2.643ms
[2026-06-17T10:00:24.910+0800][23.773s][info][gc,heap        ] GC(566) DefNew: 19620K(19648K)->0K(19648K) Eden: 17472K(17472K)->0K(17472K) From: 2148K(2176K)->0K(2176K)
[2026-06-17T10:00:24.910+0800][23.773s][info][gc,heap        ] GC(566) Tenured: 41334K(43712K)->29208K(43712K)
[2026-06-17T10:00:24.911+0800][23.774s][info][gc,metaspace   ] GC(566) Metaspace: 113K(320K)->113K(320K) NonClass: 105K(192K)->105K(192K) Class: 7K(128K)->7K(128K)
[2026-06-17T10:00:24.911+0800][23.774s][info][gc             ] GC(566) Pause Full (Allocation Failure) 59M->28M(61M) 9.081ms
[2026-06-17T10:00:24.911+0800][23.774s][info][gc,cpu         ] GC(566) User=0.01s Sys=0.00s Real=0.02s
[2026-06-17T10:00:24.954+0800][23.817s][info][gc,start       ] GC(567) Pause Young (Allocation Failure)
[2026-06-17T10:00:24.956+0800][23.818s][info][gc,heap        ] GC(567) DefNew: 17472K(19648K)->2166K(19648K) Eden: 17472K(17472K)->0K(17472K) From: 0K(2176K)->2166K(2176K)
[2026-06-17T10:00:24.956+0800][23.819s][info][gc,heap        ] GC(567) Tenured: 29208K(43712K)->34287K(43712K)
[2026-06-17T10:00:24.956+0800][23.819s][info][gc,metaspace   ] GC(567) Metaspace: 113K(320K)->113K(320K) NonClass: 105K(192K)->105K(192K) Class: 7K(128K)->7K(128K)
[2026-06-17T10:00:24.957+0800][23.820s][info][gc             ] GC(567) Pause Young (Allocation Failure) 45M->35M(61M) 3.028ms
[2026-06-17T10:00:24.957+0800][23.820s][info][gc,cpu         ] GC(567) User=0.00s Sys=0.00s Real=0.00s
[2026-06-17T10:00:25.000+0800][23.863s][info][gc,start       ] GC(568) Pause Young (Allocation Failure)
[2026-06-17T10:00:25.002+0800][23.864s][info][gc,heap        ] GC(568) DefNew: 19586K(19648K)->2165K(19648K) Eden: 17419K(17472K)->0K(17472K) From: 2166K(2176K)->2165K(2176K)
[2026-06-17T10:00:25.002+0800][23.865s][info][gc,heap        ] GC(568) Tenured: 34287K(43712K)->38344K(43712K)
[2026-06-17T10:00:25.002+0800][23.865s][info][gc,metaspace   ] GC(568) Metaspace: 113K(320K)->113K(320K) NonClass: 105K(192K)->105K(192K) Class: 7K(128K)->7K(128K)
[2026-06-17T10:00:25.002+0800][23.865s][info][gc             ] GC(568) Pause Young (Allocation Failure) 52M->39M(61M) 2.361ms
[2026-06-17T10:00:25.003+0800][23.866s][info][gc,cpu         ] GC(568) User=0.00s Sys=0.00s Real=0.01s
[2026-06-17T10:00:25.045+0800][23.908s][info][gc,start       ] GC(569) Pause Young (Allocation Failure)
[2026-06-17T10:00:25.046+0800][23.909s][info][gc             ] GC(569) Pause Young (Allocation Failure) 56M->56M(61M) 0.703ms
[2026-06-17T10:00:25.047+0800][23.909s][info][gc,cpu         ] GC(569) User=0.01s Sys=0.00s Real=0.00s
[2026-06-17T10:00:25.047+0800][23.910s][info][gc,start       ] GC(570) Pause Full (Allocation Failure)
[2026-06-17T10:00:25.047+0800][23.910s][info][gc,phases,start] GC(570) Phase 1: Mark live objects
[2026-06-17T10:00:25.048+0800][23.911s][info][gc,phases      ] GC(570) Phase 1: Mark live objects 1.161ms
[2026-06-17T10:00:25.049+0800][23.912s][info][gc,phases,start] GC(570) Phase 2: Compute new object addresses
[2026-06-17T10:00:25.050+0800][23.912s][info][gc,phases      ] GC(570) Phase 2: Compute new object addresses 0.702ms
[2026-06-17T10:00:25.051+0800][23.914s][info][gc,phases,start] GC(570) Phase 3: Adjust pointers
[2026-06-17T10:00:25.052+0800][23.915s][info][gc,phases      ] GC(570) Phase 3: Adjust pointers 1.247ms
[2026-06-17T10:00:25.052+0800][23.915s][info][gc,phases,start] GC(570) Phase 4: Move objects
[2026-06-17T10:00:25.057+0800][23.919s][info][gc,phases      ] GC(570) Phase 4: Move objects 4.351ms
[2026-06-17T10:00:25.057+0800][23.920s][info][gc,heap        ] GC(570) DefNew: 19300K(19648K)->0K(19648K) Eden: 17134K(17472K)->0K(17472K) From: 2165K(2176K)->0K(2176K)
[2026-06-17T10:00:25.060+0800][23.923s][info][gc,heap        ] GC(570) Tenured: 38344K(43712K)->26337K(43712K)
[2026-06-17T10:00:25.062+0800][23.925s][info][gc,metaspace   ] GC(570) Metaspace: 113K(320K)->113K(320K) NonClass: 105K(192K)->105K(192K) Class: 7K(128K)->7K(128K)
[2026-06-17T10:00:25.063+0800][23.926s][info][gc             ] GC(570) Pause Full (Allocation Failure) 56M->25M(61M) 16.503ms
[2026-06-17T10:00:25.066+0800][23.928s][info][gc,cpu         ] GC(570) User=0.00s Sys=0.00s Real=0.02s
[2026-06-17T10:00:25.110+0800][23.973s][info][gc,start       ] GC(571) Pause Young (Allocation Failure)
[2026-06-17T10:00:25.111+0800][23.974s][info][gc,heap        ] GC(571) DefNew: 17472K(19648K)->2173K(19648K) Eden: 17472K(17472K)->0K(17472K) From: 0K(2176K)->2173K(2176K)
[2026-06-17T10:00:25.111+0800][23.974s][info][gc,heap        ] GC(571) Tenured: 26337K(43712K)->31155K(43712K)
[2026-06-17T10:00:25.112+0800][23.974s][info][gc,metaspace   ] GC(571) Metaspace: 113K(320K)->113K(320K) NonClass: 105K(192K)->105K(192K) Class: 7K(128K)->7K(128K)
[2026-06-17T10:00:25.112+0800][23.975s][info][gc             ] GC(571) Pause Young (Allocation Failure) 42M->32M(61M) 1.731ms
[2026-06-17T10:00:25.112+0800][23.975s][info][gc,cpu         ] GC(571) User=0.00s Sys=0.00s Real=0.01s
[2026-06-17T10:00:25.165+0800][24.027s][info][gc,start       ] GC(572) Pause Young (Allocation Failure)
[2026-06-17T10:00:25.167+0800][24.029s][info][gc,heap        ] GC(572) DefNew: 19631K(19648K)->2046K(19648K) Eden: 17457K(17472K)->0K(17472K) From: 2173K(2176K)->2046K(2176K)
[2026-06-17T10:00:25.168+0800][24.031s][info][gc,heap        ] GC(572) Tenured: 31155K(43712K)->32637K(43712K)
[2026-06-17T10:00:25.169+0800][24.031s][info][gc,metaspace   ] GC(572) Metaspace: 113K(320K)->113K(320K) NonClass: 105K(192K)->105K(192K) Class: 7K(128K)->7K(128K)
[2026-06-17T10:00:25.169+0800][24.032s][info][gc             ] GC(572) Pause Young (Allocation Failure) 49M->33M(61M) 4.406ms
[2026-06-17T10:00:25.169+0800][24.032s][info][gc,cpu         ] GC(572) User=0.00s Sys=0.00s Real=0.00s
[2026-06-17T10:00:25.201+0800][24.064s][info][gc,start       ] GC(573) Pause Young (Allocation Failure)
[2026-06-17T10:00:25.207+0800][24.069s][info][gc,heap        ] GC(573) DefNew: 19426K(19648K)->2162K(19648K) Eden: 17379K(17472K)->0K(17472K) From: 2046K(2176K)->2162K(2176K)
[2026-06-17T10:00:25.211+0800][24.074s][info][gc,heap        ] GC(573) Tenured: 32637K(43712K)->35662K(43712K)
[2026-06-17T10:00:25.212+0800][24.074s][info][gc,metaspace   ] GC(573) Metaspace: 113K(320K)->113K(320K) NonClass: 105K(192K)->105K(192K) Class: 7K(128K)->7K(128K)
[2026-06-17T10:00:25.212+0800][24.075s][info][gc             ] GC(573) Pause Young (Allocation Failure) 50M->36M(61M) 10.608ms
[2026-06-17T10:00:25.212+0800][24.075s][info][gc,cpu         ] GC(573) User=0.00s Sys=0.00s Real=0.02s
[2026-06-17T10:00:25.265+0800][24.127s][info][gc,start       ] GC(574) Pause Young (Allocation Failure)
[2026-06-17T10:00:25.266+0800][24.129s][info][gc,heap        ] GC(574) DefNew: 19594K(19648K)->2103K(19648K) Eden: 17431K(17472K)->0K(17472K) From: 2162K(2176K)->2103K(2176K)
[2026-06-17T10:00:25.266+0800][24.129s][info][gc,heap        ] GC(574) Tenured: 35662K(43712K)->39106K(43712K)
[2026-06-17T10:00:25.267+0800][24.129s][info][gc,metaspace   ] GC(574) Metaspace: 113K(320K)->113K(320K) NonClass: 105K(192K)->105K(192K) Class: 7K(128K)->7K(128K)
[2026-06-17T10:00:25.267+0800][24.130s][info][gc             ] GC(574) Pause Young (Allocation Failure) 53M->40M(61M) 2.166ms
[2026-06-17T10:00:25.267+0800][24.130s][info][gc,cpu         ] GC(574) User=0.00s Sys=0.00s Real=0.00s
[2026-06-17T10:00:25.311+0800][24.173s][info][gc,start       ] GC(575) Pause Young (Allocation Failure)
[2026-06-17T10:00:25.311+0800][24.174s][info][gc             ] GC(575) Pause Young (Allocation Failure) 57M->57M(61M) 0.854ms
[2026-06-17T10:00:25.312+0800][24.175s][info][gc,cpu         ] GC(575) User=0.00s Sys=0.00s Real=0.00s
[2026-06-17T10:00:25.313+0800][24.176s][info][gc,start       ] GC(576) Pause Full (Allocation Failure)
[2026-06-17T10:00:25.314+0800][24.176s][info][gc,phases,start] GC(576) Phase 1: Mark live objects
[2026-06-17T10:00:25.315+0800][24.178s][info][gc,phases      ] GC(576) Phase 1: Mark live objects 1.284ms
[2026-06-17T10:00:25.315+0800][24.178s][info][gc,phases,start] GC(576) Phase 2: Compute new object addresses
[2026-06-17T10:00:25.317+0800][24.179s][info][gc,phases      ] GC(576) Phase 2: Compute new object addresses 1.184ms
[2026-06-17T10:00:25.317+0800][24.180s][info][gc,phases,start] GC(576) Phase 3: Adjust pointers
[2026-06-17T10:00:25.318+0800][24.181s][info][gc,phases      ] GC(576) Phase 3: Adjust pointers 0.860ms
[2026-06-17T10:00:25.319+0800][24.181s][info][gc,phases,start] GC(576) Phase 4: Move objects
[2026-06-17T10:00:25.321+0800][24.183s][info][gc,phases      ] GC(576) Phase 4: Move objects 2.041ms
[2026-06-17T10:00:25.321+0800][24.184s][info][gc,heap        ] GC(576) DefNew: 19554K(19648K)->0K(19648K) Eden: 17450K(17472K)->0K(17472K) From: 2103K(2176K)->0K(2176K)
[2026-06-17T10:00:25.322+0800][24.185s][info][gc,heap        ] GC(576) Tenured: 39106K(43712K)->23182K(43712K)
[2026-06-17T10:00:25.322+0800][24.185s][info][gc,metaspace   ] GC(576) Metaspace: 113K(320K)->113K(320K) NonClass: 105K(192K)->105K(192K) Class: 7K(128K)->7K(128K)
[2026-06-17T10:00:25.323+0800][24.185s][info][gc             ] GC(576) Pause Full (Allocation Failure) 57M->22M(61M) 9.734ms
[2026-06-17T10:00:25.323+0800][24.186s][info][gc,cpu         ] GC(576) User=0.00s Sys=0.00s Real=0.01s
[2026-06-17T10:00:25.366+0800][24.228s][info][gc,start       ] GC(577) Pause Young (Allocation Failure)
[2026-06-17T10:00:25.367+0800][24.230s][info][gc,heap        ] GC(577) DefNew: 17472K(19648K)->2174K(19648K) Eden: 17472K(17472K)->0K(17472K) From: 0K(2176K)->2174K(2176K)
[2026-06-17T10:00:25.368+0800][24.230s][info][gc,heap        ] GC(577) Tenured: 23182K(43712K)->27783K(43712K)
[2026-06-17T10:00:25.368+0800][24.231s][info][gc,metaspace   ] GC(577) Metaspace: 113K(320K)->113K(320K) NonClass: 105K(192K)->105K(192K) Class: 7K(128K)->7K(128K)
[2026-06-17T10:00:25.369+0800][24.232s][info][gc             ] GC(577) Pause Young (Allocation Failure) 39M->29M(61M) 3.206ms
[2026-06-17T10:00:25.369+0800][24.232s][info][gc,cpu         ] GC(577) User=0.00s Sys=0.00s Real=0.00s
[2026-06-17T10:00:25.412+0800][24.275s][info][gc,start       ] GC(578) Pause Young (Allocation Failure)
[2026-06-17T10:00:25.414+0800][24.277s][info][gc,heap        ] GC(578) DefNew: 19646K(19648K)->2086K(19648K) Eden: 17472K(17472K)->0K(17472K) From: 2174K(2176K)->2086K(2176K)
[2026-06-17T10:00:25.415+0800][24.277s][info][gc,heap        ] GC(578) Tenured: 27783K(43712K)->31010K(43712K)
[2026-06-17T10:00:25.415+0800][24.278s][info][gc,metaspace   ] GC(578) Metaspace: 113K(320K)->113K(320K) NonClass: 105K(192K)->105K(192K) Class: 7K(128K)->7K(128K)
[2026-06-17T10:00:25.416+0800][24.278s][info][gc             ] GC(578) Pause Young (Allocation Failure) 46M->32M(61M) 3.089ms
[2026-06-17T10:00:25.416+0800][24.279s][info][gc,cpu         ] GC(578) User=0.00s Sys=0.00s Real=0.00s
[2026-06-17T10:00:25.459+0800][24.322s][info][gc,start       ] GC(579) Pause Young (Allocation Failure)
[2026-06-17T10:00:25.460+0800][24.323s][info][gc,heap        ] GC(579) DefNew: 19515K(19648K)->1659K(19648K) Eden: 17429K(17472K)->0K(17472K) From: 2086K(2176K)->1659K(2176K)
[2026-06-17T10:00:25.460+0800][24.323s][info][gc,heap        ] GC(579) Tenured: 31010K(43712K)->31807K(43712K)
[2026-06-17T10:00:25.461+0800][24.323s][info][gc,metaspace   ] GC(579) Metaspace: 113K(320K)->113K(320K) NonClass: 105K(192K)->105K(192K) Class: 7K(128K)->7K(128K)
[2026-06-17T10:00:25.461+0800][24.324s][info][gc             ] GC(579) Pause Young (Allocation Failure) 49M->32M(61M) 2.253ms
[2026-06-17T10:00:25.462+0800][24.324s][info][gc,cpu         ] GC(579) User=0.00s Sys=0.00s Real=0.00s
[2026-06-17T10:00:25.505+0800][24.367s][info][gc,start       ] GC(580) Pause Young (Allocation Failure)
[2026-06-17T10:00:25.507+0800][24.370s][info][gc,heap        ] GC(580) DefNew: 19131K(19648K)->2171K(19648K) Eden: 17472K(17472K)->0K(17472K) From: 1659K(2176K)->2171K(2176K)
[2026-06-17T10:00:25.510+0800][24.373s][info][gc,heap        ] GC(580) Tenured: 31807K(43712K)->38642K(43712K)
[2026-06-17T10:00:25.512+0800][24.375s][info][gc,metaspace   ] GC(580) Metaspace: 113K(320K)->113K(320K) NonClass: 105K(192K)->105K(192K) Class: 7K(128K)->7K(128K)
[2026-06-17T10:00:25.518+0800][24.381s][info][gc             ] GC(580) Pause Young (Allocation Failure) 49M->39M(61M) 13.641ms
[2026-06-17T10:00:25.520+0800][24.383s][info][gc,cpu         ] GC(580) User=0.01s Sys=0.00s Real=0.01s
[2026-06-17T10:00:25.574+0800][24.437s][info][gc,start       ] GC(581) Pause Young (Allocation Failure)
[2026-06-17T10:00:25.575+0800][24.438s][info][gc             ] GC(581) Pause Young (Allocation Failure) 56M->56M(61M) 1.186ms
[2026-06-17T10:00:25.576+0800][24.439s][info][gc,cpu         ] GC(581) User=0.00s Sys=0.00s Real=0.00s
[2026-06-17T10:00:25.578+0800][24.441s][info][gc,start       ] GC(582) Pause Full (Allocation Failure)
[2026-06-17T10:00:25.581+0800][24.443s][info][gc,phases,start] GC(582) Phase 1: Mark live objects
[2026-06-17T10:00:25.583+0800][24.446s][info][gc,phases      ] GC(582) Phase 1: Mark live objects 2.113ms
[2026-06-17T10:00:25.584+0800][24.447s][info][gc,phases,start] GC(582) Phase 2: Compute new object addresses
[2026-06-17T10:00:25.587+0800][24.450s][info][gc,phases      ] GC(582) Phase 2: Compute new object addresses 2.749ms
[2026-06-17T10:00:25.589+0800][24.451s][info][gc,phases,start] GC(582) Phase 3: Adjust pointers
[2026-06-17T10:00:25.590+0800][24.453s][info][gc,phases      ] GC(582) Phase 3: Adjust pointers 1.850ms
[2026-06-17T10:00:25.592+0800][24.454s][info][gc,phases,start] GC(582) Phase 4: Move objects
[2026-06-17T10:00:25.594+0800][24.457s][info][gc,phases      ] GC(582) Phase 4: Move objects 2.233ms
[2026-06-17T10:00:25.595+0800][24.457s][info][gc,heap        ] GC(582) DefNew: 19632K(19648K)->0K(19648K) Eden: 17461K(17472K)->0K(17472K) From: 2171K(2176K)->0K(2176K)
[2026-06-17T10:00:25.596+0800][24.458s][info][gc,heap        ] GC(582) Tenured: 38642K(43712K)->26513K(43712K)
[2026-06-17T10:00:25.596+0800][24.459s][info][gc,metaspace   ] GC(582) Metaspace: 113K(320K)->113K(320K) NonClass: 105K(192K)->105K(192K) Class: 7K(128K)->7K(128K)
[2026-06-17T10:00:25.596+0800][24.459s][info][gc             ] GC(582) Pause Full (Allocation Failure) 56M->25M(61M) 18.100ms
[2026-06-17T10:00:25.596+0800][24.459s][info][gc,cpu         ] GC(582) User=0.00s Sys=0.01s Real=0.02s
[2026-06-17T10:00:25.639+0800][24.502s][info][gc,start       ] GC(583) Pause Young (Allocation Failure)
[2026-06-17T10:00:25.641+0800][24.504s][info][gc,heap        ] GC(583) DefNew: 17472K(19648K)->2167K(19648K) Eden: 17472K(17472K)->0K(17472K) From: 0K(2176K)->2167K(2176K)
[2026-06-17T10:00:25.641+0800][24.504s][info][gc,heap        ] GC(583) Tenured: 26513K(43712K)->31251K(43712K)
[2026-06-17T10:00:25.642+0800][24.505s][info][gc,metaspace   ] GC(583) Metaspace: 113K(320K)->113K(320K) NonClass: 105K(192K)->105K(192K) Class: 7K(128K)->7K(128K)
[2026-06-17T10:00:25.642+0800][24.505s][info][gc             ] GC(583) Pause Young (Allocation Failure) 42M->32M(61M) 3.034ms
[2026-06-17T10:00:25.643+0800][24.506s][info][gc,cpu         ] GC(583) User=0.00s Sys=0.00s Real=0.01s
[2026-06-17T10:00:25.686+0800][24.548s][info][gc,start       ] GC(584) Pause Young (Allocation Failure)
[2026-06-17T10:00:25.688+0800][24.551s][info][gc,heap        ] GC(584) DefNew: 19616K(19648K)->2144K(19648K) Eden: 17448K(17472K)->0K(17472K) From: 2167K(2176K)->2144K(2176K)
[2026-06-17T10:00:25.689+0800][24.551s][info][gc,heap        ] GC(584) Tenured: 31251K(43712K)->34853K(43712K)
[2026-06-17T10:00:25.689+0800][24.552s][info][gc,metaspace   ] GC(584) Metaspace: 113K(320K)->113K(320K) NonClass: 105K(192K)->105K(192K) Class: 7K(128K)->7K(128K)
[2026-06-17T10:00:25.689+0800][24.552s][info][gc             ] GC(584) Pause Young (Allocation Failure) 49M->36M(61M) 3.711ms
[2026-06-17T10:00:25.690+0800][24.553s][info][gc,cpu         ] GC(584) User=0.00s Sys=0.00s Real=0.00s
[2026-06-17T10:00:25.733+0800][24.595s][info][gc,start       ] GC(585) Pause Young (Allocation Failure)
[2026-06-17T10:00:25.734+0800][24.597s][info][gc,heap        ] GC(585) DefNew: 19602K(19648K)->2175K(19648K) Eden: 17458K(17472K)->0K(17472K) From: 2144K(2176K)->2175K(2176K)
[2026-06-17T10:00:25.736+0800][24.599s][info][gc,heap        ] GC(585) Tenured: 34853K(43712K)->38297K(43712K)
[2026-06-17T10:00:25.737+0800][24.600s][info][gc,metaspace   ] GC(585) Metaspace: 113K(320K)->113K(320K) NonClass: 105K(192K)->105K(192K) Class: 7K(128K)->7K(128K)
[2026-06-17T10:00:25.737+0800][24.600s][info][gc             ] GC(585) Pause Young (Allocation Failure) 53M->39M(61M) 4.742ms
[2026-06-17T10:00:25.738+0800][24.601s][info][gc,cpu         ] GC(585) User=0.00s Sys=0.00s Real=0.00s
[2026-06-17T10:00:25.781+0800][24.644s][info][gc,start       ] GC(586) Pause Young (Allocation Failure)
[2026-06-17T10:00:25.782+0800][24.645s][info][gc             ] GC(586) Pause Young (Allocation Failure) 56M->56M(61M) 0.635ms
[2026-06-17T10:00:25.782+0800][24.645s][info][gc,cpu         ] GC(586) User=0.00s Sys=0.00s Real=0.00s
[2026-06-17T10:00:25.783+0800][24.646s][info][gc,start       ] GC(587) Pause Full (Allocation Failure)
[2026-06-17T10:00:25.784+0800][24.647s][info][gc,phases,start] GC(587) Phase 1: Mark live objects
[2026-06-17T10:00:25.785+0800][24.648s][info][gc,phases      ] GC(587) Phase 1: Mark live objects 1.386ms
[2026-06-17T10:00:25.786+0800][24.648s][info][gc,phases,start] GC(587) Phase 2: Compute new object addresses
[2026-06-17T10:00:25.787+0800][24.650s][info][gc,phases      ] GC(587) Phase 2: Compute new object addresses 1.030ms
[2026-06-17T10:00:25.787+0800][24.650s][info][gc,phases,start] GC(587) Phase 3: Adjust pointers
[2026-06-17T10:00:25.788+0800][24.651s][info][gc,phases      ] GC(587) Phase 3: Adjust pointers 0.792ms
[2026-06-17T10:00:25.788+0800][24.651s][info][gc,phases,start] GC(587) Phase 4: Move objects
[2026-06-17T10:00:25.791+0800][24.654s][info][gc,phases      ] GC(587) Phase 4: Move objects 3.098ms
[2026-06-17T10:00:25.792+0800][24.655s][info][gc,heap        ] GC(587) DefNew: 19606K(19648K)->0K(19648K) Eden: 17431K(17472K)->0K(17472K) From: 2175K(2176K)->0K(2176K)
[2026-06-17T10:00:25.792+0800][24.655s][info][gc,heap        ] GC(587) Tenured: 38297K(43712K)->30971K(43712K)
[2026-06-17T10:00:25.792+0800][24.655s][info][gc,metaspace   ] GC(587) Metaspace: 113K(320K)->113K(320K) NonClass: 105K(192K)->105K(192K) Class: 7K(128K)->7K(128K)
[2026-06-17T10:00:25.792+0800][24.655s][info][gc             ] GC(587) Pause Full (Allocation Failure) 56M->30M(61M) 9.097ms
[2026-06-17T10:00:25.793+0800][24.655s][info][gc,cpu         ] GC(587) User=0.00s Sys=0.00s Real=0.01s
[2026-06-17T10:00:25.845+0800][24.708s][info][gc,start       ] GC(588) Pause Young (Allocation Failure)
[2026-06-17T10:00:25.846+0800][24.709s][info][gc,heap        ] GC(588) DefNew: 17472K(19648K)->2072K(19648K) Eden: 17472K(17472K)->0K(17472K) From: 0K(2176K)->2072K(2176K)
[2026-06-17T10:00:25.847+0800][24.710s][info][gc,heap        ] GC(588) Tenured: 30971K(43712K)->32192K(43712K)
[2026-06-17T10:00:25.847+0800][24.710s][info][gc,metaspace   ] GC(588) Metaspace: 113K(320K)->113K(320K) NonClass: 105K(192K)->105K(192K) Class: 7K(128K)->7K(128K)
[2026-06-17T10:00:25.847+0800][24.710s][info][gc             ] GC(588) Pause Young (Allocation Failure) 47M->33M(61M) 2.259ms
[2026-06-17T10:00:25.848+0800][24.711s][info][gc,cpu         ] GC(588) User=0.00s Sys=0.00s Real=0.00s
[2026-06-17T10:00:25.891+0800][24.753s][info][gc,start       ] GC(589) Pause Young (Allocation Failure)
[2026-06-17T10:00:25.893+0800][24.756s][info][gc,heap        ] GC(589) DefNew: 19517K(19648K)->2050K(19648K) Eden: 17444K(17472K)->0K(17472K) From: 2072K(2176K)->2050K(2176K)
[2026-06-17T10:00:25.897+0800][24.760s][info][gc,heap        ] GC(589) Tenured: 32192K(43712K)->36217K(43712K)
[2026-06-17T10:00:25.900+0800][24.762s][info][gc,metaspace   ] GC(589) Metaspace: 113K(320K)->113K(320K) NonClass: 105K(192K)->105K(192K) Class: 7K(128K)->7K(128K)
[2026-06-17T10:00:25.902+0800][24.765s][info][gc             ] GC(589) Pause Young (Allocation Failure) 50M->37M(61M) 11.431ms
[2026-06-17T10:00:25.904+0800][24.767s][info][gc,cpu         ] GC(589) User=0.00s Sys=0.00s Real=0.01s
[2026-06-17T10:00:25.948+0800][24.811s][info][gc,start       ] GC(590) Pause Young (Allocation Failure)
[2026-06-17T10:00:25.949+0800][24.812s][info][gc,heap        ] GC(590) DefNew: 19520K(19648K)->2167K(19648K) Eden: 17469K(17472K)->0K(17472K) From: 2050K(2176K)->2167K(2176K)
[2026-06-17T10:00:25.950+0800][24.813s][info][gc,heap        ] GC(590) Tenured: 36217K(43712K)->39346K(43712K)
[2026-06-17T10:00:25.950+0800][24.813s][info][gc,metaspace   ] GC(590) Metaspace: 113K(320K)->113K(320K) NonClass: 105K(192K)->105K(192K) Class: 7K(128K)->7K(128K)
[2026-06-17T10:00:25.951+0800][24.813s][info][gc             ] GC(590) Pause Young (Allocation Failure) 54M->40M(61M) 2.444ms
[2026-06-17T10:00:25.951+0800][24.814s][info][gc,cpu         ] GC(590) User=0.00s Sys=0.00s Real=0.01s
[2026-06-17T10:00:25.993+0800][24.856s][info][gc,start       ] GC(591) Pause Young (Allocation Failure)
[2026-06-17T10:00:25.994+0800][24.857s][info][gc             ] GC(591) Pause Young (Allocation Failure) 57M->57M(61M) 0.502ms
[2026-06-17T10:00:25.994+0800][24.857s][info][gc,cpu         ] GC(591) User=0.00s Sys=0.00s Real=0.00s
[2026-06-17T10:00:25.995+0800][24.858s][info][gc,start       ] GC(592) Pause Full (Allocation Failure)
[2026-06-17T10:00:25.995+0800][24.858s][info][gc,phases,start] GC(592) Phase 1: Mark live objects
[2026-06-17T10:00:25.996+0800][24.859s][info][gc,phases      ] GC(592) Phase 1: Mark live objects 1.402ms
[2026-06-17T10:00:25.997+0800][24.860s][info][gc,phases,start] GC(592) Phase 2: Compute new object addresses
[2026-06-17T10:00:25.997+0800][24.860s][info][gc,phases      ] GC(592) Phase 2: Compute new object addresses 0.638ms
[2026-06-17T10:00:25.998+0800][24.861s][info][gc,phases,start] GC(592) Phase 3: Adjust pointers
[2026-06-17T10:00:25.998+0800][24.861s][info][gc,phases      ] GC(592) Phase 3: Adjust pointers 0.695ms
[2026-06-17T10:00:25.999+0800][24.862s][info][gc,phases,start] GC(592) Phase 4: Move objects
[2026-06-17T10:00:26.002+0800][24.865s][info][gc,phases      ] GC(592) Phase 4: Move objects 3.046ms
[2026-06-17T10:00:26.002+0800][24.865s][info][gc,heap        ] GC(592) DefNew: 19610K(19648K)->0K(19648K) Eden: 17442K(17472K)->0K(17472K) From: 2167K(2176K)->0K(2176K)
[2026-06-17T10:00:26.002+0800][24.865s][info][gc,heap        ] GC(592) Tenured: 39346K(43712K)->27094K(43712K)
[2026-06-17T10:00:26.003+0800][24.866s][info][gc,metaspace   ] GC(592) Metaspace: 113K(320K)->113K(320K) NonClass: 105K(192K)->105K(192K) Class: 7K(128K)->7K(128K)
[2026-06-17T10:00:26.003+0800][24.866s][info][gc             ] GC(592) Pause Full (Allocation Failure) 57M->26M(61M) 8.269ms
[2026-06-17T10:00:26.003+0800][24.866s][info][gc,cpu         ] GC(592) User=0.01s Sys=0.00s Real=0.01s
[2026-06-17T10:00:26.046+0800][24.909s][info][gc,start       ] GC(593) Pause Young (Allocation Failure)
[2026-06-17T10:00:26.048+0800][24.911s][info][gc,heap        ] GC(593) DefNew: 17472K(19648K)->2170K(19648K) Eden: 17472K(17472K)->0K(17472K) From: 0K(2176K)->2170K(2176K)
[2026-06-17T10:00:26.048+0800][24.911s][info][gc,heap        ] GC(593) Tenured: 27094K(43712K)->32435K(43712K)
[2026-06-17T10:00:26.049+0800][24.911s][info][gc,metaspace   ] GC(593) Metaspace: 113K(320K)->113K(320K) NonClass: 105K(192K)->105K(192K) Class: 7K(128K)->7K(128K)
[2026-06-17T10:00:26.049+0800][24.912s][info][gc             ] GC(593) Pause Young (Allocation Failure) 43M->33M(61M) 2.699ms
[2026-06-17T10:00:26.049+0800][24.912s][info][gc,cpu         ] GC(593) User=0.00s Sys=0.00s Real=0.00s
[2026-06-17T10:00:26.093+0800][24.956s][info][gc,start       ] GC(594) Pause Young (Allocation Failure)
[2026-06-17T10:00:26.095+0800][24.958s][info][gc,heap        ] GC(594) DefNew: 19626K(19648K)->2171K(19648K) Eden: 17455K(17472K)->0K(17472K) From: 2170K(2176K)->2171K(2176K)
[2026-06-17T10:00:26.097+0800][24.959s][info][gc,heap        ] GC(594) Tenured: 32435K(43712K)->37233K(43712K)
[2026-06-17T10:00:26.097+0800][24.960s][info][gc,metaspace   ] GC(594) Metaspace: 113K(320K)->113K(320K) NonClass: 105K(192K)->105K(192K) Class: 7K(128K)->7K(128K)
[2026-06-17T10:00:26.099+0800][24.961s][info][gc             ] GC(594) Pause Young (Allocation Failure) 50M->38M(61M) 5.813ms
[2026-06-17T10:00:26.102+0800][24.965s][info][gc,cpu         ] GC(594) User=0.01s Sys=0.00s Real=0.00s
[2026-06-17T10:00:26.147+0800][25.010s][info][gc,start       ] GC(595) Pause Young (Allocation Failure)
[2026-06-17T10:00:26.147+0800][25.010s][info][gc             ] GC(595) Pause Young (Allocation Failure) 55M->55M(61M) 0.408ms
[2026-06-17T10:00:26.148+0800][25.010s][info][gc,cpu         ] GC(595) User=0.00s Sys=0.00s Real=0.00s
[2026-06-17T10:00:26.148+0800][25.010s][info][gc,start       ] GC(596) Pause Full (Allocation Failure)
[2026-06-17T10:00:26.148+0800][25.011s][info][gc,phases,start] GC(596) Phase 1: Mark live objects
[2026-06-17T10:00:26.149+0800][25.012s][info][gc,phases      ] GC(596) Phase 1: Mark live objects 0.879ms
[2026-06-17T10:00:26.149+0800][25.012s][info][gc,phases,start] GC(596) Phase 2: Compute new object addresses
[2026-06-17T10:00:26.149+0800][25.012s][info][gc,phases      ] GC(596) Phase 2: Compute new object addresses 0.523ms
[2026-06-17T10:00:26.150+0800][25.012s][info][gc,phases,start] GC(596) Phase 3: Adjust pointers
[2026-06-17T10:00:26.150+0800][25.013s][info][gc,phases      ] GC(596) Phase 3: Adjust pointers 0.430ms
[2026-06-17T10:00:26.150+0800][25.013s][info][gc,phases,start] GC(596) Phase 4: Move objects
[2026-06-17T10:00:26.152+0800][25.015s][info][gc,phases      ] GC(596) Phase 4: Move objects 1.807ms
[2026-06-17T10:00:26.152+0800][25.015s][info][gc,heap        ] GC(596) DefNew: 19643K(19648K)->0K(19648K) Eden: 17472K(17472K)->0K(17472K) From: 2171K(2176K)->0K(2176K)
[2026-06-17T10:00:26.153+0800][25.015s][info][gc,heap        ] GC(596) Tenured: 37233K(43712K)->25254K(43712K)
[2026-06-17T10:00:26.153+0800][25.016s][info][gc,metaspace   ] GC(596) Metaspace: 113K(320K)->113K(320K) NonClass: 105K(192K)->105K(192K) Class: 7K(128K)->7K(128K)
[2026-06-17T10:00:26.153+0800][25.016s][info][gc             ] GC(596) Pause Full (Allocation Failure) 55M->24M(61M) 5.259ms
[2026-06-17T10:00:26.153+0800][25.016s][info][gc,cpu         ] GC(596) User=0.00s Sys=0.00s Real=0.01s
[2026-06-17T10:00:26.195+0800][25.058s][info][gc,start       ] GC(597) Pause Young (Allocation Failure)
[2026-06-17T10:00:26.196+0800][25.059s][info][gc,heap        ] GC(597) DefNew: 17460K(19648K)->2169K(19648K) Eden: 17460K(17472K)->0K(17472K) From: 0K(2176K)->2169K(2176K)
[2026-06-17T10:00:26.199+0800][25.062s][info][gc,heap        ] GC(597) Tenured: 25254K(43712K)->30260K(43712K)
[2026-06-17T10:00:26.200+0800][25.063s][info][gc,metaspace   ] GC(597) Metaspace: 113K(320K)->113K(320K) NonClass: 105K(192K)->105K(192K) Class: 7K(128K)->7K(128K)
[2026-06-17T10:00:26.202+0800][25.064s][info][gc             ] GC(597) Pause Young (Allocation Failure) 41M->31M(61M) 6.545ms
[2026-06-17T10:00:26.204+0800][25.066s][info][gc,cpu         ] GC(597) User=0.00s Sys=0.00s Real=0.01s
[2026-06-17T10:00:26.256+0800][25.119s][info][gc,start       ] GC(598) Pause Young (Allocation Failure)
[2026-06-17T10:00:26.257+0800][25.120s][info][gc,heap        ] GC(598) DefNew: 19641K(19648K)->2067K(19648K) Eden: 17472K(17472K)->0K(17472K) From: 2169K(2176K)->2067K(2176K)
[2026-06-17T10:00:26.257+0800][25.120s][info][gc,heap        ] GC(598) Tenured: 30260K(43712K)->33026K(43712K)
[2026-06-17T10:00:26.258+0800][25.120s][info][gc,metaspace   ] GC(598) Metaspace: 113K(320K)->113K(320K) NonClass: 105K(192K)->105K(192K) Class: 7K(128K)->7K(128K)
[2026-06-17T10:00:26.258+0800][25.121s][info][gc             ] GC(598) Pause Young (Allocation Failure) 48M->34M(61M) 1.813ms
[2026-06-17T10:00:26.258+0800][25.121s][info][gc,cpu         ] GC(598) User=0.00s Sys=0.00s Real=0.00s
[2026-06-17T10:00:26.300+0800][25.163s][info][gc,start       ] GC(599) Pause Young (Allocation Failure)
[2026-06-17T10:00:26.302+0800][25.164s][info][gc,heap        ] GC(599) DefNew: 19518K(19648K)->2076K(19648K) Eden: 17450K(17472K)->0K(17472K) From: 2067K(2176K)->2076K(2176K)
[2026-06-17T10:00:26.302+0800][25.165s][info][gc,heap        ] GC(599) Tenured: 33026K(43712K)->36572K(43712K)
[2026-06-17T10:00:26.302+0800][25.165s][info][gc,metaspace   ] GC(599) Metaspace: 113K(320K)->113K(320K) NonClass: 105K(192K)->105K(192K) Class: 7K(128K)->7K(128K)
[2026-06-17T10:00:26.302+0800][25.165s][info][gc             ] GC(599) Pause Young (Allocation Failure) 51M->37M(61M) 1.822ms
[2026-06-17T10:00:26.302+0800][25.165s][info][gc,cpu         ] GC(599) User=0.00s Sys=0.00s Real=0.01s
[2026-06-17T10:00:26.345+0800][25.207s][info][gc,start       ] GC(600) Pause Young (Allocation Failure)
[2026-06-17T10:00:26.346+0800][25.208s][info][gc,heap        ] GC(600) DefNew: 19548K(19648K)->2025K(19648K) Eden: 17472K(17472K)->0K(17472K) From: 2076K(2176K)->2025K(2176K)
[2026-06-17T10:00:26.346+0800][25.209s][info][gc,heap        ] GC(600) Tenured: 36572K(43712K)->40158K(43712K)
[2026-06-17T10:00:26.346+0800][25.209s][info][gc,metaspace   ] GC(600) Metaspace: 113K(320K)->113K(320K) NonClass: 105K(192K)->105K(192K) Class: 7K(128K)->7K(128K)
[2026-06-17T10:00:26.347+0800][25.209s][info][gc             ] GC(600) Pause Young (Allocation Failure) 54M->41M(61M) 1.825ms
[2026-06-17T10:00:26.347+0800][25.210s][info][gc,cpu         ] GC(600) User=0.00s Sys=0.00s Real=0.00s
[2026-06-17T10:00:26.487+0800][25.350s][info][gc,start       ] GC(601) Pause Young (Allocation Failure)
[2026-06-17T10:00:26.488+0800][25.351s][info][gc             ] GC(601) Pause Young (Allocation Failure) 58M->58M(61M) 0.339ms
[2026-06-17T10:00:26.488+0800][25.351s][info][gc,cpu         ] GC(601) User=0.00s Sys=0.00s Real=0.00s
[2026-06-17T10:00:26.488+0800][25.351s][info][gc,start       ] GC(602) Pause Full (Allocation Failure)
[2026-06-17T10:00:26.489+0800][25.351s][info][gc,phases,start] GC(602) Phase 1: Mark live objects
[2026-06-17T10:00:26.489+0800][25.352s][info][gc,phases      ] GC(602) Phase 1: Mark live objects 0.808ms
[2026-06-17T10:00:26.490+0800][25.352s][info][gc,phases,start] GC(602) Phase 2: Compute new object addresses
[2026-06-17T10:00:26.490+0800][25.353s][info][gc,phases      ] GC(602) Phase 2: Compute new object addresses 0.443ms
[2026-06-17T10:00:26.490+0800][25.353s][info][gc,phases,start] GC(602) Phase 3: Adjust pointers
[2026-06-17T10:00:26.491+0800][25.353s][info][gc,phases      ] GC(602) Phase 3: Adjust pointers 0.474ms
[2026-06-17T10:00:26.491+0800][25.354s][info][gc,phases,start] GC(602) Phase 4: Move objects
[2026-06-17T10:00:26.493+0800][25.356s][info][gc,phases      ] GC(602) Phase 4: Move objects 2.573ms
[2026-06-17T10:00:26.499+0800][25.361s][info][gc,heap        ] GC(602) DefNew: 19459K(19648K)->0K(19648K) Eden: 17433K(17472K)->0K(17472K) From: 2025K(2176K)->0K(2176K)
[2026-06-17T10:00:26.502+0800][25.365s][info][gc,heap        ] GC(602) Tenured: 40158K(43712K)->32732K(43712K)
[2026-06-17T10:00:26.503+0800][25.366s][info][gc,metaspace   ] GC(602) Metaspace: 113K(320K)->113K(320K) NonClass: 105K(192K)->105K(192K) Class: 7K(128K)->7K(128K)
[2026-06-17T10:00:26.504+0800][25.366s][info][gc             ] GC(602) Pause Full (Allocation Failure) 58M->31M(61M) 15.250ms
[2026-06-17T10:00:26.504+0800][25.367s][info][gc,cpu         ] GC(602) User=0.01s Sys=0.00s Real=0.02s
[2026-06-17T10:00:26.546+0800][25.409s][info][gc,start       ] GC(603) Pause Young (Allocation Failure)
[2026-06-17T10:00:26.548+0800][25.411s][info][gc,heap        ] GC(603) DefNew: 17450K(19648K)->2171K(19648K) Eden: 17450K(17472K)->0K(17472K) From: 0K(2176K)->2171K(2176K)
[2026-06-17T10:00:26.548+0800][25.411s][info][gc,heap        ] GC(603) Tenured: 32732K(43712K)->37430K(43712K)
[2026-06-17T10:00:26.549+0800][25.411s][info][gc,metaspace   ] GC(603) Metaspace: 113K(320K)->113K(320K) NonClass: 105K(192K)->105K(192K) Class: 7K(128K)->7K(128K)
[2026-06-17T10:00:26.549+0800][25.412s][info][gc             ] GC(603) Pause Young (Allocation Failure) 49M->38M(61M) 2.562ms
[2026-06-17T10:00:26.549+0800][25.412s][info][gc,cpu         ] GC(603) User=0.00s Sys=0.00s Real=0.00s
[2026-06-17T10:00:26.591+0800][25.454s][info][gc,start       ] GC(604) Pause Young (Allocation Failure)
[2026-06-17T10:00:26.592+0800][25.455s][info][gc             ] GC(604) Pause Young (Allocation Failure) 55M->55M(61M) 0.868ms
[2026-06-17T10:00:26.594+0800][25.457s][info][gc,cpu         ] GC(604) User=0.00s Sys=0.00s Real=0.00s
[2026-06-17T10:00:26.595+0800][25.458s][info][gc,start       ] GC(605) Pause Full (Allocation Failure)
[2026-06-17T10:00:26.596+0800][25.459s][info][gc,phases,start] GC(605) Phase 1: Mark live objects
[2026-06-17T10:00:26.597+0800][25.460s][info][gc,phases      ] GC(605) Phase 1: Mark live objects 0.990ms
[2026-06-17T10:00:26.598+0800][25.461s][info][gc,phases,start] GC(605) Phase 2: Compute new object addresses
[2026-06-17T10:00:26.600+0800][25.463s][info][gc,phases      ] GC(605) Phase 2: Compute new object addresses 1.842ms
[2026-06-17T10:00:26.602+0800][25.465s][info][gc,phases,start] GC(605) Phase 3: Adjust pointers
[2026-06-17T10:00:26.603+0800][25.466s][info][gc,phases      ] GC(605) Phase 3: Adjust pointers 0.879ms
[2026-06-17T10:00:26.603+0800][25.466s][info][gc,phases,start] GC(605) Phase 4: Move objects
[2026-06-17T10:00:26.606+0800][25.468s][info][gc,phases      ] GC(605) Phase 4: Move objects 2.159ms
[2026-06-17T10:00:26.606+0800][25.469s][info][gc,heap        ] GC(605) DefNew: 19625K(19648K)->0K(19648K) Eden: 17454K(17472K)->0K(17472K) From: 2171K(2176K)->0K(2176K)
[2026-06-17T10:00:26.606+0800][25.469s][info][gc,heap        ] GC(605) Tenured: 37430K(43712K)->29959K(43712K)
[2026-06-17T10:00:26.606+0800][25.469s][info][gc,metaspace   ] GC(605) Metaspace: 113K(320K)->113K(320K) NonClass: 105K(192K)->105K(192K) Class: 7K(128K)->7K(128K)
[2026-06-17T10:00:26.606+0800][25.469s][info][gc             ] GC(605) Pause Full (Allocation Failure) 55M->29M(61M) 11.331ms
[2026-06-17T10:00:26.606+0800][25.469s][info][gc,cpu         ] GC(605) User=0.01s Sys=0.00s Real=0.01s
[2026-06-17T10:00:26.648+0800][25.511s][info][gc,start       ] GC(606) Pause Young (Allocation Failure)
[2026-06-17T10:00:26.649+0800][25.512s][info][gc,heap        ] GC(606) DefNew: 17355K(19648K)->2112K(19648K) Eden: 17355K(17472K)->0K(17472K) From: 0K(2176K)->2112K(2176K)
[2026-06-17T10:00:26.650+0800][25.512s][info][gc,heap        ] GC(606) Tenured: 29959K(43712K)->31576K(43712K)
[2026-06-17T10:00:26.651+0800][25.514s][info][gc,metaspace   ] GC(606) Metaspace: 113K(320K)->113K(320K) NonClass: 105K(192K)->105K(192K) Class: 7K(128K)->7K(128K)
[2026-06-17T10:00:26.652+0800][25.515s][info][gc             ] GC(606) Pause Young (Allocation Failure) 46M->32M(61M) 3.873ms
[2026-06-17T10:00:26.653+0800][25.515s][info][gc,cpu         ] GC(606) User=0.00s Sys=0.00s Real=0.01s
[2026-06-17T10:00:26.695+0800][25.558s][info][gc,start       ] GC(607) Pause Young (Allocation Failure)
[2026-06-17T10:00:26.697+0800][25.560s][info][gc,heap        ] GC(607) DefNew: 19572K(19648K)->2174K(19648K) Eden: 17459K(17472K)->0K(17472K) From: 2112K(2176K)->2174K(2176K)
[2026-06-17T10:00:26.697+0800][25.560s][info][gc,heap        ] GC(607) Tenured: 31576K(43712K)->38824K(43712K)
[2026-06-17T10:00:26.698+0800][25.560s][info][gc,metaspace   ] GC(607) Metaspace: 113K(320K)->113K(320K) NonClass: 105K(192K)->105K(192K) Class: 7K(128K)->7K(128K)
[2026-06-17T10:00:26.698+0800][25.561s][info][gc             ] GC(607) Pause Young (Allocation Failure) 49M->40M(61M) 2.533ms
[2026-06-17T10:00:26.698+0800][25.561s][info][gc,cpu         ] GC(607) User=0.00s Sys=0.00s Real=0.00s
[2026-06-17T10:00:26.751+0800][25.613s][info][gc,start       ] GC(608) Pause Young (Allocation Failure)
[2026-06-17T10:00:26.751+0800][25.614s][info][gc             ] GC(608) Pause Young (Allocation Failure) 57M->57M(61M) 0.486ms
[2026-06-17T10:00:26.751+0800][25.614s][info][gc,cpu         ] GC(608) User=0.00s Sys=0.00s Real=0.00s
[2026-06-17T10:00:26.752+0800][25.614s][info][gc,start       ] GC(609) Pause Full (Allocation Failure)
[2026-06-17T10:00:26.752+0800][25.615s][info][gc,phases,start] GC(609) Phase 1: Mark live objects
[2026-06-17T10:00:26.753+0800][25.616s][info][gc,phases      ] GC(609) Phase 1: Mark live objects 1.055ms
[2026-06-17T10:00:26.755+0800][25.618s][info][gc,phases,start] GC(609) Phase 2: Compute new object addresses
[2026-06-17T10:00:26.756+0800][25.618s][info][gc,phases      ] GC(609) Phase 2: Compute new object addresses 0.637ms
[2026-06-17T10:00:26.756+0800][25.619s][info][gc,phases,start] GC(609) Phase 3: Adjust pointers
[2026-06-17T10:00:26.757+0800][25.619s][info][gc,phases      ] GC(609) Phase 3: Adjust pointers 0.641ms
[2026-06-17T10:00:26.757+0800][25.620s][info][gc,phases,start] GC(609) Phase 4: Move objects
[2026-06-17T10:00:26.759+0800][25.622s][info][gc,phases      ] GC(609) Phase 4: Move objects 1.921ms
[2026-06-17T10:00:26.759+0800][25.622s][info][gc,heap        ] GC(609) DefNew: 19646K(19648K)->0K(19648K) Eden: 17472K(17472K)->0K(17472K) From: 2174K(2176K)->0K(2176K)
[2026-06-17T10:00:26.760+0800][25.622s][info][gc,heap        ] GC(609) Tenured: 38824K(43712K)->27223K(43712K)
[2026-06-17T10:00:26.760+0800][25.622s][info][gc,metaspace   ] GC(609) Metaspace: 113K(320K)->113K(320K) NonClass: 105K(192K)->105K(192K) Class: 7K(128K)->7K(128K)
[2026-06-17T10:00:26.760+0800][25.623s][info][gc             ] GC(609) Pause Full (Allocation Failure) 57M->26M(61M) 8.233ms
[2026-06-17T10:00:26.760+0800][25.623s][info][gc,cpu         ] GC(609) User=0.01s Sys=0.00s Real=0.00s
[2026-06-17T10:00:26.802+0800][25.665s][info][gc,start       ] GC(610) Pause Young (Allocation Failure)
[2026-06-17T10:00:26.803+0800][25.666s][info][gc,heap        ] GC(610) DefNew: 17472K(19648K)->2174K(19648K) Eden: 17472K(17472K)->0K(17472K) From: 0K(2176K)->2174K(2176K)
[2026-06-17T10:00:26.804+0800][25.667s][info][gc,heap        ] GC(610) Tenured: 27223K(43712K)->31998K(43712K)
[2026-06-17T10:00:26.804+0800][25.667s][info][gc,metaspace   ] GC(610) Metaspace: 113K(320K)->113K(320K) NonClass: 105K(192K)->105K(192K) Class: 7K(128K)->7K(128K)
[2026-06-17T10:00:26.804+0800][25.667s][info][gc             ] GC(610) Pause Young (Allocation Failure) 43M->33M(61M) 2.159ms
[2026-06-17T10:00:26.805+0800][25.667s][info][gc,cpu         ] GC(610) User=0.00s Sys=0.00s Real=0.01s
[2026-06-17T10:00:26.847+0800][25.709s][info][gc,start       ] GC(611) Pause Young (Allocation Failure)
[2026-06-17T10:00:26.848+0800][25.711s][info][gc,heap        ] GC(611) DefNew: 19622K(19648K)->2168K(19648K) Eden: 17448K(17472K)->0K(17472K) From: 2174K(2176K)->2168K(2176K)
[2026-06-17T10:00:26.848+0800][25.711s][info][gc,heap        ] GC(611) Tenured: 31998K(43712K)->36851K(43712K)
[2026-06-17T10:00:26.849+0800][25.711s][info][gc,metaspace   ] GC(611) Metaspace: 113K(320K)->113K(320K) NonClass: 105K(192K)->105K(192K) Class: 7K(128K)->7K(128K)
[2026-06-17T10:00:26.849+0800][25.711s][info][gc             ] GC(611) Pause Young (Allocation Failure) 50M->38M(61M) 2.043ms
[2026-06-17T10:00:26.849+0800][25.712s][info][gc,cpu         ] GC(611) User=0.00s Sys=0.00s Real=0.00s
[2026-06-17T10:00:26.892+0800][25.754s][info][gc,start       ] GC(612) Pause Young (Allocation Failure)
[2026-06-17T10:00:26.892+0800][25.755s][info][gc             ] GC(612) Pause Young (Allocation Failure) 55M->55M(61M) 0.529ms
[2026-06-17T10:00:26.893+0800][25.755s][info][gc,cpu         ] GC(612) User=0.00s Sys=0.00s Real=0.00s
[2026-06-17T10:00:26.893+0800][25.756s][info][gc,start       ] GC(613) Pause Full (Allocation Failure)
[2026-06-17T10:00:26.893+0800][25.756s][info][gc,phases,start] GC(613) Phase 1: Mark live objects
[2026-06-17T10:00:26.894+0800][25.757s][info][gc,phases      ] GC(613) Phase 1: Mark live objects 0.885ms
[2026-06-17T10:00:26.895+0800][25.757s][info][gc,phases,start] GC(613) Phase 2: Compute new object addresses
[2026-06-17T10:00:26.895+0800][25.758s][info][gc,phases      ] GC(613) Phase 2: Compute new object addresses 0.554ms
[2026-06-17T10:00:26.895+0800][25.758s][info][gc,phases,start] GC(613) Phase 3: Adjust pointers
[2026-06-17T10:00:26.896+0800][25.759s][info][gc,phases      ] GC(613) Phase 3: Adjust pointers 0.527ms
[2026-06-17T10:00:26.896+0800][25.759s][info][gc,phases,start] GC(613) Phase 4: Move objects
[2026-06-17T10:00:26.898+0800][25.761s][info][gc,phases      ] GC(613) Phase 4: Move objects 1.679ms
[2026-06-17T10:00:26.898+0800][25.761s][info][gc,heap        ] GC(613) DefNew: 19610K(19648K)->0K(19648K) Eden: 17441K(17472K)->0K(17472K) From: 2168K(2176K)->0K(2176K)
[2026-06-17T10:00:26.899+0800][25.761s][info][gc,heap        ] GC(613) Tenured: 36851K(43712K)->28137K(43712K)
[2026-06-17T10:00:26.899+0800][25.762s][info][gc,metaspace   ] GC(613) Metaspace: 113K(320K)->113K(320K) NonClass: 105K(192K)->105K(192K) Class: 7K(128K)->7K(128K)
[2026-06-17T10:00:26.899+0800][25.762s][info][gc             ] GC(613) Pause Full (Allocation Failure) 55M->27M(61M) 6.268ms
[2026-06-17T10:00:26.900+0800][25.762s][info][gc,cpu         ] GC(613) User=0.01s Sys=0.00s Real=0.00s
[2026-06-17T10:00:26.942+0800][25.804s][info][gc,start       ] GC(614) Pause Young (Allocation Failure)
[2026-06-17T10:00:26.943+0800][25.806s][info][gc,heap        ] GC(614) DefNew: 17454K(19648K)->2171K(19648K) Eden: 17454K(17472K)->0K(17472K) From: 0K(2176K)->2171K(2176K)
[2026-06-17T10:00:26.943+0800][25.806s][info][gc,heap        ] GC(614) Tenured: 28137K(43712K)->32732K(43712K)
[2026-06-17T10:00:26.943+0800][25.806s][info][gc,metaspace   ] GC(614) Metaspace: 113K(320K)->113K(320K) NonClass: 105K(192K)->105K(192K) Class: 7K(128K)->7K(128K)
[2026-06-17T10:00:26.944+0800][25.806s][info][gc             ] GC(614) Pause Young (Allocation Failure) 44M->34M(61M) 2.036ms
[2026-06-17T10:00:26.944+0800][25.807s][info][gc,cpu         ] GC(614) User=0.00s Sys=0.00s Real=0.01s
[2026-06-17T10:00:26.996+0800][25.859s][info][gc,start       ] GC(615) Pause Young (Allocation Failure)
[2026-06-17T10:00:26.997+0800][25.860s][info][gc,heap        ] GC(615) DefNew: 19643K(19648K)->2051K(19648K) Eden: 17472K(17472K)->0K(17472K) From: 2171K(2176K)->2051K(2176K)
[2026-06-17T10:00:26.998+0800][25.860s][info][gc,heap        ] GC(615) Tenured: 32732K(43712K)->33620K(43712K)
[2026-06-17T10:00:26.998+0800][25.861s][info][gc,metaspace   ] GC(615) Metaspace: 113K(320K)->113K(320K) NonClass: 105K(192K)->105K(192K) Class: 7K(128K)->7K(128K)
[2026-06-17T10:00:26.998+0800][25.861s][info][gc             ] GC(615) Pause Young (Allocation Failure) 51M->34M(61M) 2.052ms
[2026-06-17T10:00:26.999+0800][25.861s][info][gc,cpu         ] GC(615) User=0.00s Sys=0.00s Real=0.00s
[2026-06-17T10:00:27.031+0800][25.894s][info][gc,start       ] GC(616) Pause Young (Allocation Failure)
[2026-06-17T10:00:27.032+0800][25.895s][info][gc,heap        ] GC(616) DefNew: 19202K(19648K)->2136K(19648K) Eden: 17150K(17472K)->0K(17472K) From: 2051K(2176K)->2136K(2176K)
[2026-06-17T10:00:27.033+0800][25.895s][info][gc,heap        ] GC(616) Tenured: 33620K(43712K)->36753K(43712K)
[2026-06-17T10:00:27.033+0800][25.896s][info][gc,metaspace   ] GC(616) Metaspace: 113K(320K)->113K(320K) NonClass: 105K(192K)->105K(192K) Class: 7K(128K)->7K(128K)
[2026-06-17T10:00:27.033+0800][25.896s][info][gc             ] GC(616) Pause Young (Allocation Failure) 51M->37M(61M) 2.420ms
[2026-06-17T10:00:27.034+0800][25.896s][info][gc,cpu         ] GC(616) User=0.00s Sys=0.00s Real=0.00s
[2026-06-17T10:00:27.087+0800][25.949s][info][gc,start       ] GC(617) Pause Young (Allocation Failure)
[2026-06-17T10:00:27.087+0800][25.950s][info][gc             ] GC(617) Pause Young (Allocation Failure) 55M->55M(61M) 0.484ms
[2026-06-17T10:00:27.088+0800][25.950s][info][gc,cpu         ] GC(617) User=0.01s Sys=0.00s Real=0.00s
[2026-06-17T10:00:27.088+0800][25.951s][info][gc,start       ] GC(618) Pause Full (Allocation Failure)
[2026-06-17T10:00:27.088+0800][25.951s][info][gc,phases,start] GC(618) Phase 1: Mark live objects
[2026-06-17T10:00:27.090+0800][25.952s][info][gc,phases      ] GC(618) Phase 1: Mark live objects 1.271ms
[2026-06-17T10:00:27.090+0800][25.953s][info][gc,phases,start] GC(618) Phase 2: Compute new object addresses
[2026-06-17T10:00:27.091+0800][25.954s][info][gc,phases      ] GC(618) Phase 2: Compute new object addresses 0.854ms
[2026-06-17T10:00:27.091+0800][25.954s][info][gc,phases,start] GC(618) Phase 3: Adjust pointers
[2026-06-17T10:00:27.092+0800][25.955s][info][gc,phases      ] GC(618) Phase 3: Adjust pointers 0.745ms
[2026-06-17T10:00:27.093+0800][25.955s][info][gc,phases,start] GC(618) Phase 4: Move objects
[2026-06-17T10:00:27.095+0800][25.958s][info][gc,phases      ] GC(618) Phase 4: Move objects 2.218ms
[2026-06-17T10:00:27.095+0800][25.958s][info][gc,heap        ] GC(618) DefNew: 19603K(19648K)->0K(19648K) Eden: 17466K(17472K)->0K(17472K) From: 2136K(2176K)->0K(2176K)
[2026-06-17T10:00:27.096+0800][25.958s][info][gc,heap        ] GC(618) Tenured: 36753K(43712K)->22457K(43712K)
[2026-06-17T10:00:27.096+0800][25.959s][info][gc,metaspace   ] GC(618) Metaspace: 113K(320K)->113K(320K) NonClass: 105K(192K)->105K(192K) Class: 7K(128K)->7K(128K)
[2026-06-17T10:00:27.097+0800][25.959s][info][gc             ] GC(618) Pause Full (Allocation Failure) 55M->21M(61M) 8.612ms
[2026-06-17T10:00:27.097+0800][25.960s][info][gc,cpu         ] GC(618) User=0.00s Sys=0.00s Real=0.01s
[2026-06-17T10:00:27.139+0800][26.002s][info][gc,start       ] GC(619) Pause Young (Allocation Failure)
[2026-06-17T10:00:27.141+0800][26.004s][info][gc,heap        ] GC(619) DefNew: 17424K(19648K)->2170K(19648K) Eden: 17424K(17472K)->0K(17472K) From: 0K(2176K)->2170K(2176K)
[2026-06-17T10:00:27.142+0800][26.005s][info][gc,heap        ] GC(619) Tenured: 22457K(43712K)->27203K(43712K)
[2026-06-17T10:00:27.144+0800][26.006s][info][gc,metaspace   ] GC(619) Metaspace: 113K(320K)->113K(320K) NonClass: 105K(192K)->105K(192K) Class: 7K(128K)->7K(128K)
[2026-06-17T10:00:27.145+0800][26.008s][info][gc             ] GC(619) Pause Young (Allocation Failure) 38M->28M(61M) 5.882ms
[2026-06-17T10:00:27.145+0800][26.008s][info][gc,cpu         ] GC(619) User=0.00s Sys=0.00s Real=0.01s
[2026-06-17T10:00:27.188+0800][26.050s][info][gc,start       ] GC(620) Pause Young (Allocation Failure)
[2026-06-17T10:00:27.190+0800][26.052s][info][gc,heap        ] GC(620) DefNew: 19635K(19648K)->2166K(19648K) Eden: 17464K(17472K)->0K(17472K) From: 2170K(2176K)->2166K(2176K)
[2026-06-17T10:00:27.190+0800][26.053s][info][gc,heap        ] GC(620) Tenured: 27203K(43712K)->33973K(43712K)
[2026-06-17T10:00:27.191+0800][26.053s][info][gc,metaspace   ] GC(620) Metaspace: 113K(320K)->113K(320K) NonClass: 105K(192K)->105K(192K) Class: 7K(128K)->7K(128K)
[2026-06-17T10:00:27.191+0800][26.054s][info][gc             ] GC(620) Pause Young (Allocation Failure) 45M->35M(61M) 3.227ms
[2026-06-17T10:00:27.191+0800][26.054s][info][gc,cpu         ] GC(620) User=0.00s Sys=0.00s Real=0.01s
[2026-06-17T10:00:27.244+0800][26.107s][info][gc,start       ] GC(621) Pause Young (Allocation Failure)
[2026-06-17T10:00:27.245+0800][26.108s][info][gc,heap        ] GC(621) DefNew: 19622K(19648K)->1978K(19648K) Eden: 17455K(17472K)->0K(17472K) From: 2166K(2176K)->1978K(2176K)
[2026-06-17T10:00:27.246+0800][26.109s][info][gc,heap        ] GC(621) Tenured: 33973K(43712K)->35561K(43712K)
[2026-06-17T10:00:27.246+0800][26.109s][info][gc,metaspace   ] GC(621) Metaspace: 113K(320K)->113K(320K) NonClass: 105K(192K)->105K(192K) Class: 7K(128K)->7K(128K)
[2026-06-17T10:00:27.247+0800][26.109s][info][gc             ] GC(621) Pause Young (Allocation Failure) 52M->36M(61M) 2.733ms
[2026-06-17T10:00:27.247+0800][26.110s][info][gc,cpu         ] GC(621) User=0.00s Sys=0.00s Real=0.00s
[2026-06-17T10:00:27.290+0800][26.153s][info][gc,start       ] GC(622) Pause Young (Allocation Failure)
[2026-06-17T10:00:27.292+0800][26.154s][info][gc,heap        ] GC(622) DefNew: 19413K(19648K)->2143K(19648K) Eden: 17435K(17472K)->0K(17472K) From: 1978K(2176K)->2143K(2176K)
[2026-06-17T10:00:27.292+0800][26.155s][info][gc,heap        ] GC(622) Tenured: 35561K(43712K)->38855K(43712K)
[2026-06-17T10:00:27.292+0800][26.155s][info][gc,metaspace   ] GC(622) Metaspace: 113K(320K)->113K(320K) NonClass: 105K(192K)->105K(192K) Class: 7K(128K)->7K(128K)
[2026-06-17T10:00:27.293+0800][26.156s][info][gc             ] GC(622) Pause Young (Allocation Failure) 53M->40M(61M) 2.867ms
[2026-06-17T10:00:27.293+0800][26.156s][info][gc,cpu         ] GC(622) User=0.00s Sys=0.00s Real=0.01s
[2026-06-17T10:00:27.336+0800][26.199s][info][gc,start       ] GC(623) Pause Young (Allocation Failure)
[2026-06-17T10:00:27.337+0800][26.199s][info][gc             ] GC(623) Pause Young (Allocation Failure) 57M->57M(61M) 0.453ms
[2026-06-17T10:00:27.337+0800][26.200s][info][gc,cpu         ] GC(623) User=0.00s Sys=0.00s Real=0.00s
[2026-06-17T10:00:27.337+0800][26.200s][info][gc,start       ] GC(624) Pause Full (Allocation Failure)
[2026-06-17T10:00:27.338+0800][26.200s][info][gc,phases,start] GC(624) Phase 1: Mark live objects
[2026-06-17T10:00:27.339+0800][26.202s][info][gc,phases      ] GC(624) Phase 1: Mark live objects 1.361ms
[2026-06-17T10:00:27.339+0800][26.202s][info][gc,phases,start] GC(624) Phase 2: Compute new object addresses
[2026-06-17T10:00:27.340+0800][26.203s][info][gc,phases      ] GC(624) Phase 2: Compute new object addresses 0.915ms
[2026-06-17T10:00:27.341+0800][26.204s][info][gc,phases,start] GC(624) Phase 3: Adjust pointers
[2026-06-17T10:00:27.342+0800][26.205s][info][gc,phases      ] GC(624) Phase 3: Adjust pointers 0.998ms
[2026-06-17T10:00:27.342+0800][26.205s][info][gc,phases,start] GC(624) Phase 4: Move objects
[2026-06-17T10:00:27.345+0800][26.208s][info][gc,phases      ] GC(624) Phase 4: Move objects 2.530ms
[2026-06-17T10:00:27.345+0800][26.208s][info][gc,heap        ] GC(624) DefNew: 19567K(19648K)->0K(19648K) Eden: 17423K(17472K)->0K(17472K) From: 2143K(2176K)->0K(2176K)
[2026-06-17T10:00:27.346+0800][26.209s][info][gc,heap        ] GC(624) Tenured: 38855K(43712K)->30140K(43712K)
[2026-06-17T10:00:27.346+0800][26.209s][info][gc,metaspace   ] GC(624) Metaspace: 113K(320K)->113K(320K) NonClass: 105K(192K)->105K(192K) Class: 7K(128K)->7K(128K)
[2026-06-17T10:00:27.346+0800][26.209s][info][gc             ] GC(624) Pause Full (Allocation Failure) 57M->29M(61M) 8.809ms
[2026-06-17T10:00:27.346+0800][26.209s][info][gc,cpu         ] GC(624) User=0.00s Sys=0.00s Real=0.01s
[2026-06-17T10:00:27.389+0800][26.252s][info][gc,start       ] GC(625) Pause Young (Allocation Failure)
[2026-06-17T10:00:27.390+0800][26.253s][info][gc,heap        ] GC(625) DefNew: 17458K(19648K)->2171K(19648K) Eden: 17458K(17472K)->0K(17472K) From: 0K(2176K)->2171K(2176K)
[2026-06-17T10:00:27.391+0800][26.253s][info][gc,heap        ] GC(625) Tenured: 30140K(43712K)->34626K(43712K)
[2026-06-17T10:00:27.391+0800][26.254s][info][gc,metaspace   ] GC(625) Metaspace: 113K(320K)->113K(320K) NonClass: 105K(192K)->105K(192K) Class: 7K(128K)->7K(128K)
[2026-06-17T10:00:27.392+0800][26.255s][info][gc             ] GC(625) Pause Young (Allocation Failure) 46M->35M(61M) 3.059ms
[2026-06-17T10:00:27.392+0800][26.255s][info][gc,cpu         ] GC(625) User=0.00s Sys=0.00s Real=0.01s
[2026-06-17T10:00:27.435+0800][26.298s][info][gc,start       ] GC(626) Pause Young (Allocation Failure)
[2026-06-17T10:00:27.437+0800][26.300s][info][gc,heap        ] GC(626) DefNew: 19624K(19648K)->2092K(19648K) Eden: 17453K(17472K)->0K(17472K) From: 2171K(2176K)->2092K(2176K)
[2026-06-17T10:00:27.437+0800][26.300s][info][gc,heap        ] GC(626) Tenured: 34626K(43712K)->40670K(43712K)
[2026-06-17T10:00:27.438+0800][26.301s][info][gc,metaspace   ] GC(626) Metaspace: 113K(320K)->113K(320K) NonClass: 105K(192K)->105K(192K) Class: 7K(128K)->7K(128K)
[2026-06-17T10:00:27.438+0800][26.301s][info][gc             ] GC(626) Pause Young (Allocation Failure) 52M->41M(61M) 3.405ms
[2026-06-17T10:00:27.439+0800][26.302s][info][gc,cpu         ] GC(626) User=0.01s Sys=0.00s Real=0.00s
[2026-06-17T10:00:27.481+0800][26.344s][info][gc,start       ] GC(627) Pause Young (Allocation Failure)
[2026-06-17T10:00:27.482+0800][26.344s][info][gc             ] GC(627) Pause Young (Allocation Failure) 58M->58M(61M) 0.587ms
[2026-06-17T10:00:27.482+0800][26.345s][info][gc,cpu         ] GC(627) User=0.00s Sys=0.00s Real=0.00s
[2026-06-17T10:00:27.482+0800][26.345s][info][gc,start       ] GC(628) Pause Full (Allocation Failure)
[2026-06-17T10:00:27.483+0800][26.345s][info][gc,phases,start] GC(628) Phase 1: Mark live objects
[2026-06-17T10:00:27.484+0800][26.347s][info][gc,phases      ] GC(628) Phase 1: Mark live objects 1.084ms
[2026-06-17T10:00:27.484+0800][26.347s][info][gc,phases,start] GC(628) Phase 2: Compute new object addresses
[2026-06-17T10:00:27.485+0800][26.348s][info][gc,phases      ] GC(628) Phase 2: Compute new object addresses 0.697ms
[2026-06-17T10:00:27.485+0800][26.348s][info][gc,phases,start] GC(628) Phase 3: Adjust pointers
[2026-06-17T10:00:27.486+0800][26.349s][info][gc,phases      ] GC(628) Phase 3: Adjust pointers 0.742ms
[2026-06-17T10:00:27.486+0800][26.349s][info][gc,phases,start] GC(628) Phase 4: Move objects
[2026-06-17T10:00:27.489+0800][26.352s][info][gc,phases      ] GC(628) Phase 4: Move objects 2.430ms
[2026-06-17T10:00:27.489+0800][26.352s][info][gc,heap        ] GC(628) DefNew: 19539K(19648K)->0K(19648K) Eden: 17447K(17472K)->0K(17472K) From: 2092K(2176K)->0K(2176K)
[2026-06-17T10:00:27.490+0800][26.353s][info][gc,heap        ] GC(628) Tenured: 40670K(43712K)->32011K(43712K)
[2026-06-17T10:00:27.490+0800][26.353s][info][gc,metaspace   ] GC(628) Metaspace: 113K(320K)->113K(320K) NonClass: 105K(192K)->105K(192K) Class: 7K(128K)->7K(128K)
[2026-06-17T10:00:27.491+0800][26.353s][info][gc             ] GC(628) Pause Full (Allocation Failure) 58M->31M(61M) 8.212ms
[2026-06-17T10:00:27.491+0800][26.354s][info][gc,cpu         ] GC(628) User=0.00s Sys=0.00s Real=0.02s
[2026-06-17T10:00:27.533+0800][26.396s][info][gc,start       ] GC(629) Pause Young (Allocation Failure)
[2026-06-17T10:00:27.534+0800][26.397s][info][gc,heap        ] GC(629) DefNew: 17429K(19648K)->2092K(19648K) Eden: 17429K(17472K)->0K(17472K) From: 0K(2176K)->2092K(2176K)
[2026-06-17T10:00:27.535+0800][26.398s][info][gc,heap        ] GC(629) Tenured: 32011K(43712K)->33772K(43712K)
[2026-06-17T10:00:27.535+0800][26.398s][info][gc,metaspace   ] GC(629) Metaspace: 113K(320K)->113K(320K) NonClass: 105K(192K)->105K(192K) Class: 7K(128K)->7K(128K)
[2026-06-17T10:00:27.536+0800][26.399s][info][gc             ] GC(629) Pause Young (Allocation Failure) 48M->35M(61M) 2.581ms
[2026-06-17T10:00:27.536+0800][26.399s][info][gc,cpu         ] GC(629) User=0.00s Sys=0.00s Real=0.00s
[2026-06-17T10:00:27.578+0800][26.441s][info][gc,start       ] GC(630) Pause Young (Allocation Failure)
[2026-06-17T10:00:27.580+0800][26.443s][info][gc,heap        ] GC(630) DefNew: 19512K(19648K)->2174K(19648K) Eden: 17419K(17472K)->0K(17472K) From: 2092K(2176K)->2174K(2176K)
[2026-06-17T10:00:27.580+0800][26.443s][info][gc,heap        ] GC(630) Tenured: 33772K(43712K)->40484K(43712K)
[2026-06-17T10:00:27.581+0800][26.444s][info][gc,metaspace   ] GC(630) Metaspace: 113K(320K)->113K(320K) NonClass: 105K(192K)->105K(192K) Class: 7K(128K)->7K(128K)
[2026-06-17T10:00:27.581+0800][26.444s][info][gc             ] GC(630) Pause Young (Allocation Failure) 52M->41M(61M) 2.781ms
[2026-06-17T10:00:27.582+0800][26.444s][info][gc,cpu         ] GC(630) User=0.00s Sys=0.00s Real=0.00s
[2026-06-17T10:00:27.634+0800][26.497s][info][gc,start       ] GC(631) Pause Young (Allocation Failure)
[2026-06-17T10:00:27.635+0800][26.497s][info][gc             ] GC(631) Pause Young (Allocation Failure) 58M->58M(61M) 0.446ms
[2026-06-17T10:00:27.635+0800][26.497s][info][gc,cpu         ] GC(631) User=0.00s Sys=0.00s Real=0.00s
[2026-06-17T10:00:27.635+0800][26.498s][info][gc,start       ] GC(632) Pause Full (Allocation Failure)
[2026-06-17T10:00:27.635+0800][26.498s][info][gc,phases,start] GC(632) Phase 1: Mark live objects
[2026-06-17T10:00:27.636+0800][26.498s][info][gc,phases      ] GC(632) Phase 1: Mark live objects 0.752ms
[2026-06-17T10:00:27.636+0800][26.499s][info][gc,phases,start] GC(632) Phase 2: Compute new object addresses
[2026-06-17T10:00:27.636+0800][26.499s][info][gc,phases      ] GC(632) Phase 2: Compute new object addresses 0.434ms
[2026-06-17T10:00:27.637+0800][26.500s][info][gc,phases,start] GC(632) Phase 3: Adjust pointers
[2026-06-17T10:00:27.638+0800][26.501s][info][gc,phases      ] GC(632) Phase 3: Adjust pointers 0.898ms
[2026-06-17T10:00:27.638+0800][26.501s][info][gc,phases,start] GC(632) Phase 4: Move objects
[2026-06-17T10:00:27.641+0800][26.503s][info][gc,phases      ] GC(632) Phase 4: Move objects 2.232ms
[2026-06-17T10:00:27.641+0800][26.504s][info][gc,heap        ] GC(632) DefNew: 19611K(19648K)->0K(19648K) Eden: 17437K(17472K)->0K(17472K) From: 2174K(2176K)->0K(2176K)
[2026-06-17T10:00:27.641+0800][26.504s][info][gc,heap        ] GC(632) Tenured: 40484K(43712K)->28950K(43712K)
[2026-06-17T10:00:27.641+0800][26.504s][info][gc,metaspace   ] GC(632) Metaspace: 113K(320K)->113K(320K) NonClass: 105K(192K)->105K(192K) Class: 7K(128K)->7K(128K)
[2026-06-17T10:00:27.642+0800][26.504s][info][gc             ] GC(632) Pause Full (Allocation Failure) 58M->28M(61M) 6.732ms
[2026-06-17T10:00:27.642+0800][26.504s][info][gc,cpu         ] GC(632) User=0.00s Sys=0.00s Real=0.00s
[2026-06-17T10:00:27.684+0800][26.547s][info][gc,start       ] GC(633) Pause Young (Allocation Failure)
[2026-06-17T10:00:27.687+0800][26.550s][info][gc,heap        ] GC(633) DefNew: 17453K(19648K)->2157K(19648K) Eden: 17453K(17472K)->0K(17472K) From: 0K(2176K)->2157K(2176K)
[2026-06-17T10:00:27.693+0800][26.555s][info][gc,heap        ] GC(633) Tenured: 28950K(43712K)->33964K(43712K)
[2026-06-17T10:00:27.699+0800][26.561s][info][gc,metaspace   ] GC(633) Metaspace: 113K(320K)->113K(320K) NonClass: 105K(192K)->105K(192K) Class: 7K(128K)->7K(128K)
[2026-06-17T10:00:27.699+0800][26.562s][info][gc             ] GC(633) Pause Young (Allocation Failure) 45M->35M(61M) 15.044ms
[2026-06-17T10:00:27.704+0800][26.566s][info][gc,cpu         ] GC(633) User=0.00s Sys=0.00s Real=0.02s
[2026-06-17T10:00:27.746+0800][26.609s][info][gc,start       ] GC(634) Pause Young (Allocation Failure)
[2026-06-17T10:00:27.748+0800][26.611s][info][gc,heap        ] GC(634) DefNew: 19611K(19648K)->2164K(19648K) Eden: 17453K(17472K)->0K(17472K) From: 2157K(2176K)->2164K(2176K)
[2026-06-17T10:00:27.750+0800][26.612s][info][gc,heap        ] GC(634) Tenured: 33964K(43712K)->37730K(43712K)
[2026-06-17T10:00:27.751+0800][26.614s][info][gc,metaspace   ] GC(634) Metaspace: 113K(320K)->113K(320K) NonClass: 105K(192K)->105K(192K) Class: 7K(128K)->7K(128K)
[2026-06-17T10:00:27.753+0800][26.616s][info][gc             ] GC(634) Pause Young (Allocation Failure) 52M->38M(61M) 6.954ms
[2026-06-17T10:00:27.754+0800][26.617s][info][gc,cpu         ] GC(634) User=0.00s Sys=0.00s Real=0.01s
[2026-06-17T10:00:27.796+0800][26.659s][info][gc,start       ] GC(635) Pause Young (Allocation Failure)
[2026-06-17T10:00:27.799+0800][26.661s][info][gc             ] GC(635) Pause Young (Allocation Failure) 55M->55M(61M) 2.172ms
[2026-06-17T10:00:27.800+0800][26.662s][info][gc,cpu         ] GC(635) User=0.00s Sys=0.00s Real=0.00s
[2026-06-17T10:00:27.800+0800][26.663s][info][gc,start       ] GC(636) Pause Full (Allocation Failure)
[2026-06-17T10:00:27.801+0800][26.664s][info][gc,phases,start] GC(636) Phase 1: Mark live objects
[2026-06-17T10:00:27.805+0800][26.668s][info][gc,phases      ] GC(636) Phase 1: Mark live objects 3.787ms
[2026-06-17T10:00:27.807+0800][26.670s][info][gc,phases,start] GC(636) Phase 2: Compute new object addresses
[2026-06-17T10:00:27.810+0800][26.672s][info][gc,phases      ] GC(636) Phase 2: Compute new object addresses 2.347ms
[2026-06-17T10:00:27.811+0800][26.674s][info][gc,phases,start] GC(636) Phase 3: Adjust pointers
[2026-06-17T10:00:27.812+0800][26.675s][info][gc,phases      ] GC(636) Phase 3: Adjust pointers 0.707ms
[2026-06-17T10:00:27.814+0800][26.677s][info][gc,phases,start] GC(636) Phase 4: Move objects
[2026-06-17T10:00:27.816+0800][26.679s][info][gc,phases      ] GC(636) Phase 4: Move objects 1.873ms
[2026-06-17T10:00:27.817+0800][26.679s][info][gc,heap        ] GC(636) DefNew: 19557K(19648K)->0K(19648K) Eden: 17392K(17472K)->0K(17472K) From: 2164K(2176K)->0K(2176K)
[2026-06-17T10:00:27.818+0800][26.681s][info][gc,heap        ] GC(636) Tenured: 37730K(43712K)->24108K(43712K)
[2026-06-17T10:00:27.819+0800][26.682s][info][gc,metaspace   ] GC(636) Metaspace: 113K(320K)->113K(320K) NonClass: 105K(192K)->105K(192K) Class: 7K(128K)->7K(128K)
[2026-06-17T10:00:27.819+0800][26.682s][info][gc             ] GC(636) Pause Full (Allocation Failure) 55M->23M(61M) 19.022ms
[2026-06-17T10:00:27.820+0800][26.683s][info][gc,cpu         ] GC(636) User=0.00s Sys=0.00s Real=0.02s
[2026-06-17T10:00:27.875+0800][26.737s][info][gc,start       ] GC(637) Pause Young (Allocation Failure)
[2026-06-17T10:00:27.876+0800][26.739s][info][gc,heap        ] GC(637) DefNew: 17452K(19648K)->2059K(19648K) Eden: 17452K(17472K)->0K(17472K) From: 0K(2176K)->2059K(2176K)
[2026-06-17T10:00:27.877+0800][26.740s][info][gc,heap        ] GC(637) Tenured: 24108K(43712K)->25675K(43712K)
[2026-06-17T10:00:27.878+0800][26.740s][info][gc,metaspace   ] GC(637) Metaspace: 113K(320K)->113K(320K) NonClass: 105K(192K)->105K(192K) Class: 7K(128K)->7K(128K)
[2026-06-17T10:00:27.878+0800][26.740s][info][gc             ] GC(637) Pause Young (Allocation Failure) 40M->27M(61M) 3.180ms
[2026-06-17T10:00:27.878+0800][26.741s][info][gc,cpu         ] GC(637) User=0.00s Sys=0.00s Real=0.00s
[2026-06-17T10:00:27.921+0800][26.784s][info][gc,start       ] GC(638) Pause Young (Allocation Failure)
[2026-06-17T10:00:27.923+0800][26.786s][info][gc,heap        ] GC(638) DefNew: 19531K(19648K)->2130K(19648K) Eden: 17472K(17472K)->0K(17472K) From: 2059K(2176K)->2130K(2176K)
[2026-06-17T10:00:27.925+0800][26.788s][info][gc,heap        ] GC(638) Tenured: 25675K(43712K)->28907K(43712K)
[2026-06-17T10:00:27.926+0800][26.788s][info][gc,metaspace   ] GC(638) Metaspace: 113K(320K)->113K(320K) NonClass: 105K(192K)->105K(192K) Class: 7K(128K)->7K(128K)
[2026-06-17T10:00:27.927+0800][26.790s][info][gc             ] GC(638) Pause Young (Allocation Failure) 44M->30M(61M) 5.776ms
[2026-06-17T10:00:27.929+0800][26.792s][info][gc,cpu         ] GC(638) User=0.00s Sys=0.00s Real=0.01s
[2026-06-17T10:00:27.963+0800][26.825s][info][gc,start       ] GC(639) Pause Young (Allocation Failure)
[2026-06-17T10:00:27.965+0800][26.828s][info][gc,heap        ] GC(639) DefNew: 19383K(19648K)->2101K(19648K) Eden: 17252K(17472K)->0K(17472K) From: 2130K(2176K)->2101K(2176K)
[2026-06-17T10:00:27.965+0800][26.828s][info][gc,heap        ] GC(639) Tenured: 28907K(43712K)->32074K(43712K)
[2026-06-17T10:00:27.968+0800][26.830s][info][gc,metaspace   ] GC(639) Metaspace: 113K(320K)->113K(320K) NonClass: 105K(192K)->105K(192K) Class: 7K(128K)->7K(128K)
[2026-06-17T10:00:27.970+0800][26.833s][info][gc             ] GC(639) Pause Young (Allocation Failure) 47M->33M(61M) 7.289ms
[2026-06-17T10:00:27.971+0800][26.834s][info][gc,cpu         ] GC(639) User=0.00s Sys=0.00s Real=0.01s
[2026-06-17T10:00:28.025+0800][26.888s][info][gc,start       ] GC(640) Pause Young (Allocation Failure)
[2026-06-17T10:00:28.027+0800][26.890s][info][gc,heap        ] GC(640) DefNew: 19546K(19648K)->2157K(19648K) Eden: 17444K(17472K)->0K(17472K) From: 2101K(2176K)->2157K(2176K)
[2026-06-17T10:00:28.028+0800][26.890s][info][gc,heap        ] GC(640) Tenured: 32074K(43712K)->35586K(43712K)
[2026-06-17T10:00:28.028+0800][26.891s][info][gc,metaspace   ] GC(640) Metaspace: 113K(320K)->113K(320K) NonClass: 105K(192K)->105K(192K) Class: 7K(128K)->7K(128K)
[2026-06-17T10:00:28.030+0800][26.892s][info][gc             ] GC(640) Pause Young (Allocation Failure) 50M->36M(61M) 4.466ms
[2026-06-17T10:00:28.030+0800][26.893s][info][gc,cpu         ] GC(640) User=0.00s Sys=0.00s Real=0.00s
[2026-06-17T10:00:28.073+0800][26.935s][info][gc,start       ] GC(641) Pause Young (Allocation Failure)
[2026-06-17T10:00:28.075+0800][26.937s][info][gc,heap        ] GC(641) DefNew: 19616K(19648K)->2163K(19648K) Eden: 17458K(17472K)->0K(17472K) From: 2157K(2176K)->2163K(2176K)
[2026-06-17T10:00:28.075+0800][26.938s][info][gc,heap        ] GC(641) Tenured: 35586K(43712K)->39004K(43712K)
[2026-06-17T10:00:28.076+0800][26.938s][info][gc,metaspace   ] GC(641) Metaspace: 113K(320K)->113K(320K) NonClass: 105K(192K)->105K(192K) Class: 7K(128K)->7K(128K)
[2026-06-17T10:00:28.076+0800][26.939s][info][gc             ] GC(641) Pause Young (Allocation Failure) 53M->40M(61M) 3.423ms
[2026-06-17T10:00:28.077+0800][26.940s][info][gc,cpu         ] GC(641) User=0.00s Sys=0.00s Real=0.00s
[2026-06-17T10:00:28.120+0800][26.982s][info][gc,start       ] GC(642) Pause Young (Allocation Failure)
[2026-06-17T10:00:28.120+0800][26.983s][info][gc             ] GC(642) Pause Young (Allocation Failure) 57M->57M(61M) 0.749ms
[2026-06-17T10:00:28.121+0800][26.984s][info][gc,cpu         ] GC(642) User=0.00s Sys=0.00s Real=0.00s
[2026-06-17T10:00:28.122+0800][26.984s][info][gc,start       ] GC(643) Pause Full (Allocation Failure)
[2026-06-17T10:00:28.122+0800][26.985s][info][gc,phases,start] GC(643) Phase 1: Mark live objects
[2026-06-17T10:00:28.124+0800][26.986s][info][gc,phases      ] GC(643) Phase 1: Mark live objects 1.378ms
[2026-06-17T10:00:28.124+0800][26.987s][info][gc,phases,start] GC(643) Phase 2: Compute new object addresses
[2026-06-17T10:00:28.125+0800][26.988s][info][gc,phases      ] GC(643) Phase 2: Compute new object addresses 0.917ms
[2026-06-17T10:00:28.126+0800][26.988s][info][gc,phases,start] GC(643) Phase 3: Adjust pointers
[2026-06-17T10:00:28.126+0800][26.989s][info][gc,phases      ] GC(643) Phase 3: Adjust pointers 0.820ms
[2026-06-17T10:00:28.127+0800][26.990s][info][gc,phases,start] GC(643) Phase 4: Move objects
[2026-06-17T10:00:28.130+0800][26.993s][info][gc,phases      ] GC(643) Phase 4: Move objects 3.115ms
[2026-06-17T10:00:28.131+0800][26.993s][info][gc,heap        ] GC(643) DefNew: 19635K(19648K)->0K(19648K) Eden: 17472K(17472K)->0K(17472K) From: 2163K(2176K)->0K(2176K)
[2026-06-17T10:00:28.132+0800][26.994s][info][gc,heap        ] GC(643) Tenured: 39004K(43712K)->28521K(43712K)
[2026-06-17T10:00:28.132+0800][26.995s][info][gc,metaspace   ] GC(643) Metaspace: 113K(320K)->113K(320K) NonClass: 105K(192K)->105K(192K) Class: 7K(128K)->7K(128K)
[2026-06-17T10:00:28.133+0800][26.995s][info][gc             ] GC(643) Pause Full (Allocation Failure) 57M->27M(61M) 10.997ms
[2026-06-17T10:00:28.133+0800][26.996s][info][gc,cpu         ] GC(643) User=0.00s Sys=0.00s Real=0.02s
[2026-06-17T10:00:28.176+0800][27.039s][info][gc,start       ] GC(644) Pause Young (Allocation Failure)
[2026-06-17T10:00:28.178+0800][27.041s][info][gc,heap        ] GC(644) DefNew: 17438K(19648K)->2173K(19648K) Eden: 17438K(17472K)->0K(17472K) From: 0K(2176K)->2173K(2176K)
[2026-06-17T10:00:28.179+0800][27.041s][info][gc,heap        ] GC(644) Tenured: 28521K(43712K)->33401K(43712K)
[2026-06-17T10:00:28.179+0800][27.042s][info][gc,metaspace   ] GC(644) Metaspace: 113K(320K)->113K(320K) NonClass: 105K(192K)->105K(192K) Class: 7K(128K)->7K(128K)
[2026-06-17T10:00:28.180+0800][27.043s][info][gc             ] GC(644) Pause Young (Allocation Failure) 44M->34M(61M) 4.281ms
[2026-06-17T10:00:28.181+0800][27.044s][info][gc,cpu         ] GC(644) User=0.00s Sys=0.00s Real=0.00s
[2026-06-17T10:00:28.225+0800][27.088s][info][gc,start       ] GC(645) Pause Young (Allocation Failure)
[2026-06-17T10:00:28.228+0800][27.091s][info][gc,heap        ] GC(645) DefNew: 19639K(19648K)->2167K(19648K) Eden: 17465K(17472K)->0K(17472K) From: 2173K(2176K)->2167K(2176K)
[2026-06-17T10:00:28.229+0800][27.092s][info][gc,heap        ] GC(645) Tenured: 33401K(43712K)->38583K(43712K)
[2026-06-17T10:00:28.232+0800][27.095s][info][gc,metaspace   ] GC(645) Metaspace: 113K(320K)->113K(320K) NonClass: 105K(192K)->105K(192K) Class: 7K(128K)->7K(128K)
[2026-06-17T10:00:28.233+0800][27.096s][info][gc             ] GC(645) Pause Young (Allocation Failure) 51M->39M(61M) 7.725ms
[2026-06-17T10:00:28.236+0800][27.099s][info][gc,cpu         ] GC(645) User=0.00s Sys=0.00s Real=0.01s
[2026-06-17T10:00:28.281+0800][27.144s][info][gc,start       ] GC(646) Pause Young (Allocation Failure)
[2026-06-17T10:00:28.284+0800][27.147s][info][gc             ] GC(646) Pause Young (Allocation Failure) 56M->56M(61M) 2.746ms
[2026-06-17T10:00:28.287+0800][27.149s][info][gc,cpu         ] GC(646) User=0.00s Sys=0.00s Real=0.01s
[2026-06-17T10:00:28.287+0800][27.150s][info][gc,start       ] GC(647) Pause Full (Allocation Failure)
[2026-06-17T10:00:28.288+0800][27.151s][info][gc,phases,start] GC(647) Phase 1: Mark live objects
[2026-06-17T10:00:28.291+0800][27.154s][info][gc,phases      ] GC(647) Phase 1: Mark live objects 2.912ms
[2026-06-17T10:00:28.292+0800][27.155s][info][gc,phases,start] GC(647) Phase 2: Compute new object addresses
[2026-06-17T10:00:28.295+0800][27.158s][info][gc,phases      ] GC(647) Phase 2: Compute new object addresses 2.576ms
[2026-06-17T10:00:28.296+0800][27.159s][info][gc,phases,start] GC(647) Phase 3: Adjust pointers
[2026-06-17T10:00:28.299+0800][27.162s][info][gc,phases      ] GC(647) Phase 3: Adjust pointers 2.688ms
[2026-06-17T10:00:28.301+0800][27.164s][info][gc,phases,start] GC(647) Phase 4: Move objects
[2026-06-17T10:00:28.306+0800][27.169s][info][gc,phases      ] GC(647) Phase 4: Move objects 4.756ms
[2026-06-17T10:00:28.308+0800][27.171s][info][gc,heap        ] GC(647) DefNew: 19639K(19648K)->0K(19648K) Eden: 17472K(17472K)->0K(17472K) From: 2167K(2176K)->0K(2176K)
[2026-06-17T10:00:28.310+0800][27.173s][info][gc,heap        ] GC(647) Tenured: 38583K(43712K)->28973K(43712K)
[2026-06-17T10:00:28.311+0800][27.173s][info][gc,metaspace   ] GC(647) Metaspace: 113K(320K)->113K(320K) NonClass: 105K(192K)->105K(192K) Class: 7K(128K)->7K(128K)
[2026-06-17T10:00:28.312+0800][27.175s][info][gc             ] GC(647) Pause Full (Allocation Failure) 56M->28M(61M) 24.280ms
[2026-06-17T10:00:28.313+0800][27.176s][info][gc,cpu         ] GC(647) User=0.01s Sys=0.00s Real=0.03s
[2026-06-17T10:00:28.356+0800][27.219s][info][gc,start       ] GC(648) Pause Young (Allocation Failure)
[2026-06-17T10:00:28.358+0800][27.221s][info][gc,heap        ] GC(648) DefNew: 17419K(19648K)->2175K(19648K) Eden: 17419K(17472K)->0K(17472K) From: 0K(2176K)->2175K(2176K)
[2026-06-17T10:00:28.359+0800][27.222s][info][gc,heap        ] GC(648) Tenured: 28973K(43712K)->33335K(43712K)
[2026-06-17T10:00:28.361+0800][27.223s][info][gc,metaspace   ] GC(648) Metaspace: 113K(320K)->113K(320K) NonClass: 105K(192K)->105K(192K) Class: 7K(128K)->7K(128K)
[2026-06-17T10:00:28.361+0800][27.224s][info][gc             ] GC(648) Pause Young (Allocation Failure) 45M->34M(61M) 4.810ms
[2026-06-17T10:00:28.361+0800][27.224s][info][gc,cpu         ] GC(648) User=0.00s Sys=0.00s Real=0.00s
[2026-06-17T10:00:28.403+0800][27.266s][info][gc,start       ] GC(649) Pause Young (Allocation Failure)
[2026-06-17T10:00:28.404+0800][27.267s][info][gc,heap        ] GC(649) DefNew: 19385K(19648K)->2138K(19648K) Eden: 17209K(17472K)->0K(17472K) From: 2175K(2176K)->2138K(2176K)
[2026-06-17T10:00:28.405+0800][27.268s][info][gc,heap        ] GC(649) Tenured: 33335K(43712K)->35454K(43712K)
[2026-06-17T10:00:28.405+0800][27.268s][info][gc,metaspace   ] GC(649) Metaspace: 113K(320K)->113K(320K) NonClass: 105K(192K)->105K(192K) Class: 7K(128K)->7K(128K)
[2026-06-17T10:00:28.405+0800][27.268s][info][gc             ] GC(649) Pause Young (Allocation Failure) 51M->36M(61M) 1.990ms
[2026-06-17T10:00:28.405+0800][27.268s][info][gc,cpu         ] GC(649) User=0.00s Sys=0.00s Real=0.00s
[2026-06-17T10:00:28.458+0800][27.321s][info][gc,start       ] GC(650) Pause Young (Allocation Failure)
[2026-06-17T10:00:28.459+0800][27.322s][info][gc,heap        ] GC(650) DefNew: 19610K(19648K)->2070K(19648K) Eden: 17472K(17472K)->0K(17472K) From: 2138K(2176K)->2070K(2176K)
[2026-06-17T10:00:28.460+0800][27.322s][info][gc,heap        ] GC(650) Tenured: 35454K(43712K)->38993K(43712K)
[2026-06-17T10:00:28.460+0800][27.323s][info][gc,metaspace   ] GC(650) Metaspace: 113K(320K)->113K(320K) NonClass: 105K(192K)->105K(192K) Class: 7K(128K)->7K(128K)
[2026-06-17T10:00:28.460+0800][27.323s][info][gc             ] GC(650) Pause Young (Allocation Failure) 53M->40M(61M) 2.135ms
[2026-06-17T10:00:28.460+0800][27.323s][info][gc,cpu         ] GC(650) User=0.01s Sys=0.00s Real=0.00s
[2026-06-17T10:00:28.503+0800][27.365s][info][gc,start       ] GC(651) Pause Young (Allocation Failure)
[2026-06-17T10:00:28.503+0800][27.366s][info][gc             ] GC(651) Pause Young (Allocation Failure) 57M->57M(61M) 0.529ms
[2026-06-17T10:00:28.504+0800][27.367s][info][gc,cpu         ] GC(651) User=0.00s Sys=0.00s Real=0.00s
[2026-06-17T10:00:28.504+0800][27.367s][info][gc,start       ] GC(652) Pause Full (Allocation Failure)
[2026-06-17T10:00:28.504+0800][27.367s][info][gc,phases,start] GC(652) Phase 1: Mark live objects
[2026-06-17T10:00:28.505+0800][27.368s][info][gc,phases      ] GC(652) Phase 1: Mark live objects 0.844ms
[2026-06-17T10:00:28.505+0800][27.368s][info][gc,phases,start] GC(652) Phase 2: Compute new object addresses
[2026-06-17T10:00:28.506+0800][27.369s][info][gc,phases      ] GC(652) Phase 2: Compute new object addresses 0.447ms
[2026-06-17T10:00:28.506+0800][27.369s][info][gc,phases,start] GC(652) Phase 3: Adjust pointers
[2026-06-17T10:00:28.507+0800][27.369s][info][gc,phases      ] GC(652) Phase 3: Adjust pointers 0.499ms
[2026-06-17T10:00:28.507+0800][27.370s][info][gc,phases,start] GC(652) Phase 4: Move objects
[2026-06-17T10:00:28.509+0800][27.372s][info][gc,phases      ] GC(652) Phase 4: Move objects 1.933ms
[2026-06-17T10:00:28.509+0800][27.372s][info][gc,heap        ] GC(652) DefNew: 19542K(19648K)->0K(19648K) Eden: 17472K(17472K)->0K(17472K) From: 2070K(2176K)->0K(2176K)
[2026-06-17T10:00:28.509+0800][27.372s][info][gc,heap        ] GC(652) Tenured: 38993K(43712K)->29259K(43712K)
[2026-06-17T10:00:28.510+0800][27.372s][info][gc,metaspace   ] GC(652) Metaspace: 113K(320K)->113K(320K) NonClass: 105K(192K)->105K(192K) Class: 7K(128K)->7K(128K)
[2026-06-17T10:00:28.512+0800][27.375s][info][gc             ] GC(652) Pause Full (Allocation Failure) 57M->28M(61M) 7.785ms
[2026-06-17T10:00:28.512+0800][27.375s][info][gc,cpu         ] GC(652) User=0.00s Sys=0.00s Real=0.01s
[2026-06-17T10:00:28.555+0800][27.418s][info][gc,start       ] GC(653) Pause Young (Allocation Failure)
[2026-06-17T10:00:28.557+0800][27.420s][info][gc,heap        ] GC(653) DefNew: 17449K(19648K)->2170K(19648K) Eden: 17449K(17472K)->0K(17472K) From: 0K(2176K)->2170K(2176K)
[2026-06-17T10:00:28.558+0800][27.421s][info][gc,heap        ] GC(653) Tenured: 29259K(43712K)->33975K(43712K)
[2026-06-17T10:00:28.558+0800][27.421s][info][gc,metaspace   ] GC(653) Metaspace: 113K(320K)->113K(320K) NonClass: 105K(192K)->105K(192K) Class: 7K(128K)->7K(128K)
[2026-06-17T10:00:28.559+0800][27.422s][info][gc             ] GC(653) Pause Young (Allocation Failure) 45M->35M(61M) 4.056ms
[2026-06-17T10:00:28.559+0800][27.422s][info][gc,cpu         ] GC(653) User=0.00s Sys=0.00s Real=0.00s
[2026-06-17T10:00:28.604+0800][27.467s][info][gc,start       ] GC(654) Pause Young (Allocation Failure)
[2026-06-17T10:00:28.606+0800][27.469s][info][gc,heap        ] GC(654) DefNew: 19636K(19648K)->2166K(19648K) Eden: 17466K(17472K)->0K(17472K) From: 2170K(2176K)->2166K(2176K)
[2026-06-17T10:00:28.607+0800][27.470s][info][gc,heap        ] GC(654) Tenured: 33975K(43712K)->38043K(43712K)
[2026-06-17T10:00:28.608+0800][27.470s][info][gc,metaspace   ] GC(654) Metaspace: 113K(320K)->113K(320K) NonClass: 105K(192K)->105K(192K) Class: 7K(128K)->7K(128K)
[2026-06-17T10:00:28.608+0800][27.471s][info][gc             ] GC(654) Pause Young (Allocation Failure) 52M->39M(61M) 4.150ms
[2026-06-17T10:00:28.609+0800][27.472s][info][gc,cpu         ] GC(654) User=0.00s Sys=0.00s Real=0.00s
[2026-06-17T10:00:28.653+0800][27.516s][info][gc,start       ] GC(655) Pause Young (Allocation Failure)
[2026-06-17T10:00:28.655+0800][27.518s][info][gc             ] GC(655) Pause Young (Allocation Failure) 56M->56M(61M) 2.529ms
[2026-06-17T10:00:28.656+0800][27.519s][info][gc,cpu         ] GC(655) User=0.00s Sys=0.00s Real=0.00s
[2026-06-17T10:00:28.656+0800][27.519s][info][gc,start       ] GC(656) Pause Full (Allocation Failure)
[2026-06-17T10:00:28.657+0800][27.520s][info][gc,phases,start] GC(656) Phase 1: Mark live objects
[2026-06-17T10:00:28.659+0800][27.522s][info][gc,phases      ] GC(656) Phase 1: Mark live objects 2.396ms
[2026-06-17T10:00:28.660+0800][27.523s][info][gc,phases,start] GC(656) Phase 2: Compute new object addresses
[2026-06-17T10:00:28.662+0800][27.525s][info][gc,phases      ] GC(656) Phase 2: Compute new object addresses 1.871ms
[2026-06-17T10:00:28.663+0800][27.526s][info][gc,phases,start] GC(656) Phase 3: Adjust pointers
[2026-06-17T10:00:28.665+0800][27.528s][info][gc,phases      ] GC(656) Phase 3: Adjust pointers 1.980ms
[2026-06-17T10:00:28.685+0800][27.548s][info][gc,phases,start] GC(656) Phase 4: Move objects
[2026-06-17T10:00:28.688+0800][27.551s][info][gc,phases      ] GC(656) Phase 4: Move objects 3.452ms
[2026-06-17T10:00:28.690+0800][27.553s][info][gc,heap        ] GC(656) DefNew: 19533K(19648K)->0K(19648K) Eden: 17366K(17472K)->0K(17472K) From: 2166K(2176K)->0K(2176K)
[2026-06-17T10:00:28.691+0800][27.554s][info][gc,heap        ] GC(656) Tenured: 38043K(43712K)->26020K(43712K)
[2026-06-17T10:00:28.693+0800][27.555s][info][gc,metaspace   ] GC(656) Metaspace: 113K(320K)->113K(320K) NonClass: 105K(192K)->105K(192K) Class: 7K(128K)->7K(128K)
[2026-06-17T10:00:28.694+0800][27.557s][info][gc             ] GC(656) Pause Full (Allocation Failure) 56M->25M(61M) 37.539ms
[2026-06-17T10:00:28.694+0800][27.557s][info][gc,cpu         ] GC(656) User=0.01s Sys=0.00s Real=0.04s
[2026-06-17T10:00:28.750+0800][27.613s][info][gc,start       ] GC(657) Pause Young (Allocation Failure)
[2026-06-17T10:00:28.754+0800][27.617s][info][gc,heap        ] GC(657) DefNew: 17447K(19648K)->2136K(19648K) Eden: 17447K(17472K)->0K(17472K) From: 0K(2176K)->2136K(2176K)
[2026-06-17T10:00:28.756+0800][27.618s][info][gc,heap        ] GC(657) Tenured: 26020K(43712K)->27717K(43712K)
[2026-06-17T10:00:28.766+0800][27.628s][info][gc,metaspace   ] GC(657) Metaspace: 113K(320K)->113K(320K) NonClass: 105K(192K)->105K(192K) Class: 7K(128K)->7K(128K)
[2026-06-17T10:00:28.766+0800][27.629s][info][gc             ] GC(657) Pause Young (Allocation Failure) 42M->29M(61M) 16.186ms
[2026-06-17T10:00:28.779+0800][27.641s][info][gc,cpu         ] GC(657) User=0.00s Sys=0.00s Real=0.03s
[2026-06-17T10:00:28.822+0800][27.684s][info][gc,start       ] GC(658) Pause Young (Allocation Failure)
[2026-06-17T10:00:28.824+0800][27.686s][info][gc,heap        ] GC(658) DefNew: 19592K(19648K)->2159K(19648K) Eden: 17455K(17472K)->0K(17472K) From: 2136K(2176K)->2159K(2176K)
[2026-06-17T10:00:28.824+0800][27.687s][info][gc,heap        ] GC(658) Tenured: 27717K(43712K)->31597K(43712K)
[2026-06-17T10:00:28.825+0800][27.687s][info][gc,metaspace   ] GC(658) Metaspace: 113K(320K)->113K(320K) NonClass: 105K(192K)->105K(192K) Class: 7K(128K)->7K(128K)
[2026-06-17T10:00:28.825+0800][27.688s][info][gc             ] GC(658) Pause Young (Allocation Failure) 46M->32M(61M) 3.613ms
[2026-06-17T10:00:28.826+0800][27.689s][info][gc,cpu         ] GC(658) User=0.01s Sys=0.00s Real=0.01s
[2026-06-17T10:00:28.869+0800][27.732s][info][gc,start       ] GC(659) Pause Young (Allocation Failure)
[2026-06-17T10:00:28.872+0800][27.734s][info][gc,heap        ] GC(659) DefNew: 19613K(19648K)->2106K(19648K) Eden: 17454K(17472K)->0K(17472K) From: 2159K(2176K)->2106K(2176K)
[2026-06-17T10:00:28.873+0800][27.736s][info][gc,heap        ] GC(659) Tenured: 31597K(43712K)->34950K(43712K)
[2026-06-17T10:00:28.874+0800][27.737s][info][gc,metaspace   ] GC(659) Metaspace: 113K(320K)->113K(320K) NonClass: 105K(192K)->105K(192K) Class: 7K(128K)->7K(128K)
[2026-06-17T10:00:28.875+0800][27.737s][info][gc             ] GC(659) Pause Young (Allocation Failure) 50M->36M(61M) 5.730ms
[2026-06-17T10:00:28.875+0800][27.738s][info][gc,cpu         ] GC(659) User=0.00s Sys=0.00s Real=0.01s
[2026-06-17T10:00:28.917+0800][27.779s][info][gc,start       ] GC(660) Pause Young (Allocation Failure)
[2026-06-17T10:00:28.918+0800][27.781s][info][gc,heap        ] GC(660) DefNew: 19578K(19648K)->2045K(19648K) Eden: 17472K(17472K)->0K(17472K) From: 2106K(2176K)->2045K(2176K)
[2026-06-17T10:00:28.918+0800][27.781s][info][gc,heap        ] GC(660) Tenured: 34950K(43712K)->38523K(43712K)
[2026-06-17T10:00:28.918+0800][27.781s][info][gc,metaspace   ] GC(660) Metaspace: 113K(320K)->113K(320K) NonClass: 105K(192K)->105K(192K) Class: 7K(128K)->7K(128K)
[2026-06-17T10:00:28.919+0800][27.781s][info][gc             ] GC(660) Pause Young (Allocation Failure) 53M->39M(61M) 1.919ms
[2026-06-17T10:00:28.919+0800][27.782s][info][gc,cpu         ] GC(660) User=0.00s Sys=0.00s Real=0.00s
[2026-06-17T10:00:28.961+0800][27.824s][info][gc,start       ] GC(661) Pause Young (Allocation Failure)
[2026-06-17T10:00:28.964+0800][27.827s][info][gc             ] GC(661) Pause Young (Allocation Failure) 56M->56M(61M) 2.455ms
[2026-06-17T10:00:28.965+0800][27.828s][info][gc,cpu         ] GC(661) User=0.00s Sys=0.00s Real=0.01s
[2026-06-17T10:00:28.966+0800][27.828s][info][gc,start       ] GC(662) Pause Full (Allocation Failure)
[2026-06-17T10:00:28.966+0800][27.829s][info][gc,phases,start] GC(662) Phase 1: Mark live objects
[2026-06-17T10:00:28.967+0800][27.830s][info][gc,phases      ] GC(662) Phase 1: Mark live objects 1.242ms
[2026-06-17T10:00:28.968+0800][27.831s][info][gc,phases,start] GC(662) Phase 2: Compute new object addresses
[2026-06-17T10:00:28.971+0800][27.834s][info][gc,phases      ] GC(662) Phase 2: Compute new object addresses 2.764ms
[2026-06-17T10:00:28.972+0800][27.834s][info][gc,phases,start] GC(662) Phase 3: Adjust pointers
[2026-06-17T10:00:28.973+0800][27.835s][info][gc,phases      ] GC(662) Phase 3: Adjust pointers 0.982ms
[2026-06-17T10:00:28.976+0800][27.839s][info][gc,phases,start] GC(662) Phase 4: Move objects
[2026-06-17T10:00:28.979+0800][27.842s][info][gc,phases      ] GC(662) Phase 4: Move objects 3.000ms
[2026-06-17T10:00:28.981+0800][27.843s][info][gc,heap        ] GC(662) DefNew: 19477K(19648K)->0K(19648K) Eden: 17431K(17472K)->0K(17472K) From: 2045K(2176K)->0K(2176K)
[2026-06-17T10:00:28.982+0800][27.845s][info][gc,heap        ] GC(662) Tenured: 38523K(43712K)->31401K(43712K)
[2026-06-17T10:00:28.982+0800][27.845s][info][gc,metaspace   ] GC(662) Metaspace: 113K(320K)->113K(320K) NonClass: 105K(192K)->105K(192K) Class: 7K(128K)->7K(128K)
[2026-06-17T10:00:28.983+0800][27.845s][info][gc             ] GC(662) Pause Full (Allocation Failure) 56M->30M(61M) 17.052ms
[2026-06-17T10:00:28.983+0800][27.846s][info][gc,cpu         ] GC(662) User=0.01s Sys=0.00s Real=0.02s
[2026-06-17T10:00:29.025+0800][27.888s][info][gc,start       ] GC(663) Pause Young (Allocation Failure)
[2026-06-17T10:00:29.027+0800][27.889s][info][gc,heap        ] GC(663) DefNew: 17472K(19648K)->2173K(19648K) Eden: 17472K(17472K)->0K(17472K) From: 0K(2176K)->2173K(2176K)
[2026-06-17T10:00:29.027+0800][27.890s][info][gc,heap        ] GC(663) Tenured: 31401K(43712K)->36626K(43712K)
[2026-06-17T10:00:29.027+0800][27.890s][info][gc,metaspace   ] GC(663) Metaspace: 113K(320K)->113K(320K) NonClass: 105K(192K)->105K(192K) Class: 7K(128K)->7K(128K)
[2026-06-17T10:00:29.027+0800][27.890s][info][gc             ] GC(663) Pause Young (Allocation Failure) 47M->37M(61M) 2.120ms
[2026-06-17T10:00:29.028+0800][27.890s][info][gc,cpu         ] GC(663) User=0.00s Sys=0.00s Real=0.00s
[2026-06-17T10:00:29.080+0800][27.943s][info][gc,start       ] GC(664) Pause Young (Allocation Failure)
[2026-06-17T10:00:29.081+0800][27.944s][info][gc,heap        ] GC(664) DefNew: 19645K(19648K)->2124K(19648K) Eden: 17472K(17472K)->0K(17472K) From: 2173K(2176K)->2124K(2176K)
[2026-06-17T10:00:29.082+0800][27.944s][info][gc,heap        ] GC(664) Tenured: 36626K(43712K)->38854K(43712K)
[2026-06-17T10:00:29.082+0800][27.945s][info][gc,metaspace   ] GC(664) Metaspace: 113K(320K)->113K(320K) NonClass: 105K(192K)->105K(192K) Class: 7K(128K)->7K(128K)
[2026-06-17T10:00:29.082+0800][27.945s][info][gc             ] GC(664) Pause Young (Allocation Failure) 54M->40M(61M) 2.035ms
[2026-06-17T10:00:29.082+0800][27.945s][info][gc,cpu         ] GC(664) User=0.00s Sys=0.00s Real=0.00s
[2026-06-17T10:00:29.114+0800][27.977s][info][gc,start       ] GC(665) Pause Young (Allocation Failure)
[2026-06-17T10:00:29.115+0800][27.978s][info][gc             ] GC(665) Pause Young (Allocation Failure) 56M->56M(61M) 0.486ms
[2026-06-17T10:00:29.115+0800][27.978s][info][gc,cpu         ] GC(665) User=0.00s Sys=0.00s Real=0.00s
[2026-06-17T10:00:29.115+0800][27.978s][info][gc,start       ] GC(666) Pause Full (Allocation Failure)
[2026-06-17T10:00:29.116+0800][27.978s][info][gc,phases,start] GC(666) Phase 1: Mark live objects
[2026-06-17T10:00:29.117+0800][27.980s][info][gc,phases      ] GC(666) Phase 1: Mark live objects 1.153ms
[2026-06-17T10:00:29.117+0800][27.980s][info][gc,phases,start] GC(666) Phase 2: Compute new object addresses
[2026-06-17T10:00:29.118+0800][27.980s][info][gc,phases      ] GC(666) Phase 2: Compute new object addresses 0.572ms
[2026-06-17T10:00:29.118+0800][27.981s][info][gc,phases,start] GC(666) Phase 3: Adjust pointers
[2026-06-17T10:00:29.119+0800][27.981s][info][gc,phases      ] GC(666) Phase 3: Adjust pointers 0.652ms
[2026-06-17T10:00:29.119+0800][27.982s][info][gc,phases,start] GC(666) Phase 4: Move objects
[2026-06-17T10:00:29.121+0800][27.984s][info][gc,phases      ] GC(666) Phase 4: Move objects 2.083ms
[2026-06-17T10:00:29.121+0800][27.984s][info][gc,heap        ] GC(666) DefNew: 19510K(19648K)->0K(19648K) Eden: 17385K(17472K)->0K(17472K) From: 2124K(2176K)->0K(2176K)
[2026-06-17T10:00:29.121+0800][27.984s][info][gc,heap        ] GC(666) Tenured: 38854K(43712K)->33953K(43712K)
[2026-06-17T10:00:29.122+0800][27.984s][info][gc,metaspace   ] GC(666) Metaspace: 113K(320K)->113K(320K) NonClass: 105K(192K)->105K(192K) Class: 7K(128K)->7K(128K)
[2026-06-17T10:00:29.122+0800][27.985s][info][gc             ] GC(666) Pause Full (Allocation Failure) 56M->33M(61M) 6.536ms
[2026-06-17T10:00:29.122+0800][27.985s][info][gc,cpu         ] GC(666) User=0.01s Sys=0.00s Real=0.00s
[2026-06-17T10:00:29.175+0800][28.038s][info][gc,start       ] GC(667) Pause Young (Allocation Failure)
[2026-06-17T10:00:29.177+0800][28.040s][info][gc,heap        ] GC(667) DefNew: 17472K(19648K)->2000K(19648K) Eden: 17472K(17472K)->0K(17472K) From: 0K(2176K)->2000K(2176K)
[2026-06-17T10:00:29.178+0800][28.041s][info][gc,heap        ] GC(667) Tenured: 33953K(43712K)->35035K(43712K)
[2026-06-17T10:00:29.179+0800][28.041s][info][gc,metaspace   ] GC(667) Metaspace: 113K(320K)->113K(320K) NonClass: 105K(192K)->105K(192K) Class: 7K(128K)->7K(128K)
[2026-06-17T10:00:29.179+0800][28.042s][info][gc             ] GC(667) Pause Young (Allocation Failure) 50M->36M(61M) 4.191ms
[2026-06-17T10:00:29.179+0800][28.042s][info][gc,cpu         ] GC(667) User=0.00s Sys=0.00s Real=0.00s
[2026-06-17T10:00:29.223+0800][28.086s][info][gc,start       ] GC(668) Pause Young (Allocation Failure)
[2026-06-17T10:00:29.225+0800][28.088s][info][gc,heap        ] GC(668) DefNew: 19455K(19648K)->2169K(19648K) Eden: 17454K(17472K)->0K(17472K) From: 2000K(2176K)->2169K(2176K)
[2026-06-17T10:00:29.226+0800][28.088s][info][gc,heap        ] GC(668) Tenured: 35035K(43712K)->38811K(43712K)
[2026-06-17T10:00:29.226+0800][28.089s][info][gc,metaspace   ] GC(668) Metaspace: 113K(320K)->113K(320K) NonClass: 105K(192K)->105K(192K) Class: 7K(128K)->7K(128K)
[2026-06-17T10:00:29.230+0800][28.092s][info][gc             ] GC(668) Pause Young (Allocation Failure) 53M->40M(61M) 6.411ms
[2026-06-17T10:00:29.232+0800][28.094s][info][gc,cpu         ] GC(668) User=0.00s Sys=0.00s Real=0.01s
[2026-06-17T10:00:29.278+0800][28.141s][info][gc,start       ] GC(669) Pause Young (Allocation Failure)
[2026-06-17T10:00:29.279+0800][28.142s][info][gc             ] GC(669) Pause Young (Allocation Failure) 57M->57M(61M) 1.083ms
[2026-06-17T10:00:29.280+0800][28.143s][info][gc,cpu         ] GC(669) User=0.01s Sys=0.00s Real=0.00s
[2026-06-17T10:00:29.281+0800][28.144s][info][gc,start       ] GC(670) Pause Full (Allocation Failure)
[2026-06-17T10:00:29.282+0800][28.144s][info][gc,phases,start] GC(670) Phase 1: Mark live objects
[2026-06-17T10:00:29.284+0800][28.146s][info][gc,phases      ] GC(670) Phase 1: Mark live objects 1.976ms
[2026-06-17T10:00:29.284+0800][28.147s][info][gc,phases,start] GC(670) Phase 2: Compute new object addresses
[2026-06-17T10:00:29.285+0800][28.148s][info][gc,phases      ] GC(670) Phase 2: Compute new object addresses 1.059ms
[2026-06-17T10:00:29.287+0800][28.150s][info][gc,phases,start] GC(670) Phase 3: Adjust pointers
[2026-06-17T10:00:29.288+0800][28.151s][info][gc,phases      ] GC(670) Phase 3: Adjust pointers 1.449ms
[2026-06-17T10:00:29.289+0800][28.152s][info][gc,phases,start] GC(670) Phase 4: Move objects
[2026-06-17T10:00:29.293+0800][28.156s][info][gc,phases      ] GC(670) Phase 4: Move objects 3.664ms
[2026-06-17T10:00:29.293+0800][28.156s][info][gc,heap        ] GC(670) DefNew: 19593K(19648K)->0K(19648K) Eden: 17424K(17472K)->0K(17472K) From: 2169K(2176K)->0K(2176K)
[2026-06-17T10:00:29.293+0800][28.156s][info][gc,heap        ] GC(670) Tenured: 38811K(43712K)->26137K(43712K)
[2026-06-17T10:00:29.294+0800][28.156s][info][gc,metaspace   ] GC(670) Metaspace: 113K(320K)->113K(320K) NonClass: 105K(192K)->105K(192K) Class: 7K(128K)->7K(128K)
[2026-06-17T10:00:29.294+0800][28.157s][info][gc             ] GC(670) Pause Full (Allocation Failure) 57M->25M(61M) 12.964ms
[2026-06-17T10:00:29.294+0800][28.157s][info][gc,cpu         ] GC(670) User=0.00s Sys=0.00s Real=0.02s
[2026-06-17T10:00:29.336+0800][28.199s][info][gc,start       ] GC(671) Pause Young (Allocation Failure)
[2026-06-17T10:00:29.337+0800][28.200s][info][gc,heap        ] GC(671) DefNew: 17468K(19648K)->2169K(19648K) Eden: 17468K(17472K)->0K(17472K) From: 0K(2176K)->2169K(2176K)
[2026-06-17T10:00:29.338+0800][28.200s][info][gc,heap        ] GC(671) Tenured: 26137K(43712K)->31221K(43712K)
[2026-06-17T10:00:29.338+0800][28.201s][info][gc,metaspace   ] GC(671) Metaspace: 113K(320K)->113K(320K) NonClass: 105K(192K)->105K(192K) Class: 7K(128K)->7K(128K)
[2026-06-17T10:00:29.338+0800][28.201s][info][gc             ] GC(671) Pause Young (Allocation Failure) 42M->32M(61M) 1.625ms
[2026-06-17T10:00:29.338+0800][28.201s][info][gc,cpu         ] GC(671) User=0.00s Sys=0.00s Real=0.00s
[2026-06-17T10:00:29.381+0800][28.243s][info][gc,start       ] GC(672) Pause Young (Allocation Failure)
[2026-06-17T10:00:29.382+0800][28.245s][info][gc,heap        ] GC(672) DefNew: 19413K(19648K)->2159K(19648K) Eden: 17244K(17472K)->0K(17472K) From: 2169K(2176K)->2159K(2176K)
[2026-06-17T10:00:29.384+0800][28.247s][info][gc,heap        ] GC(672) Tenured: 31221K(43712K)->33564K(43712K)
[2026-06-17T10:00:29.384+0800][28.247s][info][gc,metaspace   ] GC(672) Metaspace: 113K(320K)->113K(320K) NonClass: 105K(192K)->105K(192K) Class: 7K(128K)->7K(128K)
[2026-06-17T10:00:29.385+0800][28.247s][info][gc             ] GC(672) Pause Young (Allocation Failure) 49M->34M(61M) 3.848ms
[2026-06-17T10:00:29.385+0800][28.248s][info][gc,cpu         ] GC(672) User=0.00s Sys=0.00s Real=0.01s
[2026-06-17T10:00:29.429+0800][28.292s][info][gc,start       ] GC(673) Pause Young (Allocation Failure)
[2026-06-17T10:00:29.430+0800][28.293s][info][gc,heap        ] GC(673) DefNew: 19315K(19648K)->2077K(19648K) Eden: 17155K(17472K)->0K(17472K) From: 2159K(2176K)->2077K(2176K)
[2026-06-17T10:00:29.431+0800][28.294s][info][gc,heap        ] GC(673) Tenured: 33564K(43712K)->37311K(43712K)
[2026-06-17T10:00:29.432+0800][28.294s][info][gc,metaspace   ] GC(673) Metaspace: 113K(320K)->113K(320K) NonClass: 105K(192K)->105K(192K) Class: 7K(128K)->7K(128K)
[2026-06-17T10:00:29.432+0800][28.295s][info][gc             ] GC(673) Pause Young (Allocation Failure) 51M->38M(61M) 3.348ms
[2026-06-17T10:00:29.432+0800][28.295s][info][gc,cpu         ] GC(673) User=0.00s Sys=0.00s Real=0.01s
[2026-06-17T10:00:29.486+0800][28.348s][info][gc,start       ] GC(674) Pause Young (Allocation Failure)
[2026-06-17T10:00:29.487+0800][28.350s][info][gc,heap        ] GC(674) DefNew: 19502K(19648K)->2117K(19648K) Eden: 17425K(17472K)->0K(17472K) From: 2077K(2176K)->2117K(2176K)
[2026-06-17T10:00:29.488+0800][28.351s][info][gc,heap        ] GC(674) Tenured: 37311K(43712K)->40904K(43712K)
[2026-06-17T10:00:29.488+0800][28.351s][info][gc,metaspace   ] GC(674) Metaspace: 113K(320K)->113K(320K) NonClass: 105K(192K)->105K(192K) Class: 7K(128K)->7K(128K)
[2026-06-17T10:00:29.489+0800][28.352s][info][gc             ] GC(674) Pause Young (Allocation Failure) 55M->42M(61M) 3.214ms
[2026-06-17T10:00:29.489+0800][28.352s][info][gc,cpu         ] GC(674) User=0.00s Sys=0.00s Real=0.00s
[2026-06-17T10:00:29.532+0800][28.395s][info][gc,start       ] GC(675) Pause Young (Allocation Failure)
[2026-06-17T10:00:29.532+0800][28.395s][info][gc             ] GC(675) Pause Young (Allocation Failure) 59M->59M(61M) 0.395ms
[2026-06-17T10:00:29.533+0800][28.395s][info][gc,cpu         ] GC(675) User=0.00s Sys=0.00s Real=0.00s
[2026-06-17T10:00:29.533+0800][28.396s][info][gc,start       ] GC(676) Pause Full (Allocation Failure)
[2026-06-17T10:00:29.533+0800][28.396s][info][gc,phases,start] GC(676) Phase 1: Mark live objects
[2026-06-17T10:00:29.534+0800][28.397s][info][gc,phases      ] GC(676) Phase 1: Mark live objects 1.067ms
[2026-06-17T10:00:29.535+0800][28.397s][info][gc,phases,start] GC(676) Phase 2: Compute new object addresses
[2026-06-17T10:00:29.535+0800][28.398s][info][gc,phases      ] GC(676) Phase 2: Compute new object addresses 0.712ms
[2026-06-17T10:00:29.536+0800][28.398s][info][gc,phases,start] GC(676) Phase 3: Adjust pointers
[2026-06-17T10:00:29.536+0800][28.399s][info][gc,phases      ] GC(676) Phase 3: Adjust pointers 0.741ms
[2026-06-17T10:00:29.537+0800][28.399s][info][gc,phases,start] GC(676) Phase 4: Move objects
[2026-06-17T10:00:29.539+0800][28.401s][info][gc,phases      ] GC(676) Phase 4: Move objects 1.957ms
[2026-06-17T10:00:29.539+0800][28.402s][info][gc,heap        ] GC(676) DefNew: 19568K(19648K)->0K(19648K) Eden: 17451K(17472K)->0K(17472K) From: 2117K(2176K)->0K(2176K)
[2026-06-17T10:00:29.539+0800][28.402s][info][gc,heap        ] GC(676) Tenured: 40904K(43712K)->21191K(43712K)
[2026-06-17T10:00:29.540+0800][28.403s][info][gc,metaspace   ] GC(676) Metaspace: 113K(320K)->113K(320K) NonClass: 105K(192K)->105K(192K) Class: 7K(128K)->7K(128K)
[2026-06-17T10:00:29.540+0800][28.403s][info][gc             ] GC(676) Pause Full (Allocation Failure) 59M->20M(61M) 7.016ms
[2026-06-17T10:00:29.540+0800][28.403s][info][gc,cpu         ] GC(676) User=0.00s Sys=0.00s Real=0.00s
[2026-06-17T10:00:29.583+0800][28.446s][info][gc,start       ] GC(677) Pause Young (Allocation Failure)
[2026-06-17T10:00:29.585+0800][28.447s][info][gc,heap        ] GC(677) DefNew: 17472K(19648K)->2173K(19648K) Eden: 17472K(17472K)->0K(17472K) From: 0K(2176K)->2173K(2176K)
[2026-06-17T10:00:29.585+0800][28.448s][info][gc,heap        ] GC(677) Tenured: 21191K(43712K)->26249K(43712K)
[2026-06-17T10:00:29.585+0800][28.448s][info][gc,metaspace   ] GC(677) Metaspace: 113K(320K)->113K(320K) NonClass: 105K(192K)->105K(192K) Class: 7K(128K)->7K(128K)
[2026-06-17T10:00:29.586+0800][28.449s][info][gc             ] GC(677) Pause Young (Allocation Failure) 37M->27M(61M) 2.996ms
[2026-06-17T10:00:29.586+0800][28.449s][info][gc,cpu         ] GC(677) User=0.00s Sys=0.00s Real=0.00s
[2026-06-17T10:00:29.630+0800][28.492s][info][gc,start       ] GC(678) Pause Young (Allocation Failure)
[2026-06-17T10:00:29.631+0800][28.494s][info][gc,heap        ] GC(678) DefNew: 19548K(19648K)->2161K(19648K) Eden: 17375K(17472K)->0K(17472K) From: 2173K(2176K)->2161K(2176K)
[2026-06-17T10:00:29.632+0800][28.494s][info][gc,heap        ] GC(678) Tenured: 26249K(43712K)->29256K(43712K)
[2026-06-17T10:00:29.632+0800][28.495s][info][gc,metaspace   ] GC(678) Metaspace: 113K(320K)->113K(320K) NonClass: 105K(192K)->105K(192K) Class: 7K(128K)->7K(128K)
[2026-06-17T10:00:29.633+0800][28.495s][info][gc             ] GC(678) Pause Young (Allocation Failure) 44M->30M(61M) 2.949ms
[2026-06-17T10:00:29.633+0800][28.496s][info][gc,cpu         ] GC(678) User=0.00s Sys=0.00s Real=0.01s
[2026-06-17T10:00:29.686+0800][28.549s][info][gc,start       ] GC(679) Pause Young (Allocation Failure)
[2026-06-17T10:00:29.690+0800][28.553s][info][gc,heap        ] GC(679) DefNew: 19617K(19648K)->2155K(19648K) Eden: 17456K(17472K)->0K(17472K) From: 2161K(2176K)->2155K(2176K)
[2026-06-17T10:00:29.691+0800][28.554s][info][gc,heap        ] GC(679) Tenured: 29256K(43712K)->32579K(43712K)
[2026-06-17T10:00:29.693+0800][28.556s][info][gc,metaspace   ] GC(679) Metaspace: 113K(320K)->113K(320K) NonClass: 105K(192K)->105K(192K) Class: 7K(128K)->7K(128K)
[2026-06-17T10:00:29.694+0800][28.557s][info][gc             ] GC(679) Pause Young (Allocation Failure) 47M->33M(61M) 7.487ms
[2026-06-17T10:00:29.695+0800][28.558s][info][gc,cpu         ] GC(679) User=0.00s Sys=0.00s Real=0.01s
[2026-06-17T10:00:29.739+0800][28.602s][info][gc,start       ] GC(680) Pause Young (Allocation Failure)
[2026-06-17T10:00:29.740+0800][28.603s][info][gc,heap        ] GC(680) DefNew: 19627K(19648K)->2036K(19648K) Eden: 17472K(17472K)->0K(17472K) From: 2155K(2176K)->2036K(2176K)
[2026-06-17T10:00:29.741+0800][28.604s][info][gc,heap        ] GC(680) Tenured: 32579K(43712K)->35595K(43712K)
[2026-06-17T10:00:29.741+0800][28.604s][info][gc,metaspace   ] GC(680) Metaspace: 113K(320K)->113K(320K) NonClass: 105K(192K)->105K(192K) Class: 7K(128K)->7K(128K)
[2026-06-17T10:00:29.742+0800][28.604s][info][gc             ] GC(680) Pause Young (Allocation Failure) 50M->36M(61M) 2.763ms
[2026-06-17T10:00:29.742+0800][28.605s][info][gc,cpu         ] GC(680) User=0.00s Sys=0.00s Real=0.00s
[2026-06-17T10:00:29.785+0800][28.648s][info][gc,start       ] GC(681) Pause Young (Allocation Failure)
[2026-06-17T10:00:29.787+0800][28.650s][info][gc,heap        ] GC(681) DefNew: 19466K(19648K)->2114K(19648K) Eden: 17430K(17472K)->0K(17472K) From: 2036K(2176K)->2114K(2176K)
[2026-06-17T10:00:29.787+0800][28.650s][info][gc,heap        ] GC(681) Tenured: 35595K(43712K)->38845K(43712K)
[2026-06-17T10:00:29.788+0800][28.651s][info][gc,metaspace   ] GC(681) Metaspace: 113K(320K)->113K(320K) NonClass: 105K(192K)->105K(192K) Class: 7K(128K)->7K(128K)
[2026-06-17T10:00:29.788+0800][28.651s][info][gc             ] GC(681) Pause Young (Allocation Failure) 53M->40M(61M) 3.053ms
[2026-06-17T10:00:29.789+0800][28.652s][info][gc,cpu         ] GC(681) User=0.00s Sys=0.00s Real=0.00s
[2026-06-17T10:00:29.832+0800][28.694s][info][gc,start       ] GC(682) Pause Young (Allocation Failure)
[2026-06-17T10:00:29.832+0800][28.695s][info][gc             ] GC(682) Pause Young (Allocation Failure) 57M->57M(61M) 0.569ms
[2026-06-17T10:00:29.833+0800][28.696s][info][gc,cpu         ] GC(682) User=0.00s Sys=0.00s Real=0.00s
[2026-06-17T10:00:29.833+0800][28.696s][info][gc,start       ] GC(683) Pause Full (Allocation Failure)
[2026-06-17T10:00:29.834+0800][28.696s][info][gc,phases,start] GC(683) Phase 1: Mark live objects
[2026-06-17T10:00:29.835+0800][28.698s][info][gc,phases      ] GC(683) Phase 1: Mark live objects 1.738ms
[2026-06-17T10:00:29.836+0800][28.699s][info][gc,phases,start] GC(683) Phase 2: Compute new object addresses
[2026-06-17T10:00:29.837+0800][28.699s][info][gc,phases      ] GC(683) Phase 2: Compute new object addresses 0.752ms
[2026-06-17T10:00:29.837+0800][28.700s][info][gc,phases,start] GC(683) Phase 3: Adjust pointers
[2026-06-17T10:00:29.838+0800][28.700s][info][gc,phases      ] GC(683) Phase 3: Adjust pointers 0.742ms
[2026-06-17T10:00:29.838+0800][28.701s][info][gc,phases,start] GC(683) Phase 4: Move objects
[2026-06-17T10:00:29.840+0800][28.703s][info][gc,phases      ] GC(683) Phase 4: Move objects 2.303ms
[2026-06-17T10:00:29.841+0800][28.703s][info][gc,heap        ] GC(683) DefNew: 19586K(19648K)->0K(19648K) Eden: 17472K(17472K)->0K(17472K) From: 2114K(2176K)->0K(2176K)
[2026-06-17T10:00:29.841+0800][28.704s][info][gc,heap        ] GC(683) Tenured: 38845K(43712K)->27977K(43712K)
[2026-06-17T10:00:29.841+0800][28.704s][info][gc,metaspace   ] GC(683) Metaspace: 113K(320K)->113K(320K) NonClass: 105K(192K)->105K(192K) Class: 7K(128K)->7K(128K)
[2026-06-17T10:00:29.841+0800][28.704s][info][gc             ] GC(683) Pause Full (Allocation Failure) 57M->27M(61M) 8.000ms
[2026-06-17T10:00:29.841+0800][28.704s][info][gc,cpu         ] GC(683) User=0.00s Sys=0.00s Real=0.00s
[2026-06-17T10:00:29.884+0800][28.747s][info][gc,start       ] GC(684) Pause Young (Allocation Failure)
[2026-06-17T10:00:29.886+0800][28.749s][info][gc,heap        ] GC(684) DefNew: 17458K(19648K)->2169K(19648K) Eden: 17458K(17472K)->0K(17472K) From: 0K(2176K)->2169K(2176K)
[2026-06-17T10:00:29.886+0800][28.749s][info][gc,heap        ] GC(684) Tenured: 27977K(43712K)->32974K(43712K)
[2026-06-17T10:00:29.887+0800][28.750s][info][gc,metaspace   ] GC(684) Metaspace: 113K(320K)->113K(320K) NonClass: 105K(192K)->105K(192K) Class: 7K(128K)->7K(128K)
[2026-06-17T10:00:29.887+0800][28.750s][info][gc             ] GC(684) Pause Young (Allocation Failure) 44M->34M(61M) 3.640ms
[2026-06-17T10:00:29.888+0800][28.751s][info][gc,cpu         ] GC(684) User=0.00s Sys=0.00s Real=0.00s
[2026-06-17T10:00:29.931+0800][28.794s][info][gc,start       ] GC(685) Pause Young (Allocation Failure)
[2026-06-17T10:00:29.933+0800][28.795s][info][gc,heap        ] GC(685) DefNew: 19641K(19648K)->2152K(19648K) Eden: 17472K(17472K)->0K(17472K) From: 2169K(2176K)->2152K(2176K)
[2026-06-17T10:00:29.933+0800][28.796s][info][gc,heap        ] GC(685) Tenured: 32974K(43712K)->38220K(43712K)
[2026-06-17T10:00:29.936+0800][28.798s][info][gc,metaspace   ] GC(685) Metaspace: 113K(320K)->113K(320K) NonClass: 105K(192K)->105K(192K) Class: 7K(128K)->7K(128K)
[2026-06-17T10:00:29.936+0800][28.799s][info][gc             ] GC(685) Pause Young (Allocation Failure) 51M->39M(61M) 5.014ms
[2026-06-17T10:00:29.939+0800][28.802s][info][gc,cpu         ] GC(685) User=0.00s Sys=0.00s Real=0.00s
[2026-06-17T10:00:29.997+0800][28.859s][info][gc,start       ] GC(686) Pause Young (Allocation Failure)
[2026-06-17T10:00:29.997+0800][28.860s][info][gc             ] GC(686) Pause Young (Allocation Failure) 56M->56M(61M) 0.651ms
[2026-06-17T10:00:29.998+0800][28.861s][info][gc,cpu         ] GC(686) User=0.00s Sys=0.00s Real=0.00s
[2026-06-17T10:00:29.998+0800][28.861s][info][gc,start       ] GC(687) Pause Full (Allocation Failure)
[2026-06-17T10:00:29.999+0800][28.861s][info][gc,phases,start] GC(687) Phase 1: Mark live objects
[2026-06-17T10:00:30.000+0800][28.863s][info][gc,phases      ] GC(687) Phase 1: Mark live objects 1.335ms
[2026-06-17T10:00:30.000+0800][28.863s][info][gc,phases,start] GC(687) Phase 2: Compute new object addresses
[2026-06-17T10:00:30.001+0800][28.864s][info][gc,phases      ] GC(687) Phase 2: Compute new object addresses 0.654ms
[2026-06-17T10:00:30.001+0800][28.864s][info][gc,phases,start] GC(687) Phase 3: Adjust pointers
[2026-06-17T10:00:30.002+0800][28.865s][info][gc,phases      ] GC(687) Phase 3: Adjust pointers 0.647ms
[2026-06-17T10:00:30.002+0800][28.865s][info][gc,phases,start] GC(687) Phase 4: Move objects
[2026-06-17T10:00:30.004+0800][28.867s][info][gc,phases      ] GC(687) Phase 4: Move objects 1.718ms
[2026-06-17T10:00:30.004+0800][28.867s][info][gc,heap        ] GC(687) DefNew: 19615K(19648K)->0K(19648K) Eden: 17463K(17472K)->0K(17472K) From: 2152K(2176K)->0K(2176K)
[2026-06-17T10:00:30.005+0800][28.867s][info][gc,heap        ] GC(687) Tenured: 38220K(43712K)->27856K(43712K)
[2026-06-17T10:00:30.005+0800][28.868s][info][gc,metaspace   ] GC(687) Metaspace: 113K(320K)->113K(320K) NonClass: 105K(192K)->105K(192K) Class: 7K(128K)->7K(128K)
[2026-06-17T10:00:30.005+0800][28.868s][info][gc             ] GC(687) Pause Full (Allocation Failure) 56M->27M(61M) 6.882ms
[2026-06-17T10:00:30.005+0800][28.868s][info][gc,cpu         ] GC(687) User=0.01s Sys=0.00s Real=0.01s
[2026-06-17T10:00:30.037+0800][28.900s][info][gc,start       ] GC(688) Pause Young (Allocation Failure)
[2026-06-17T10:00:30.040+0800][28.903s][info][gc,heap        ] GC(688) DefNew: 17343K(19648K)->2174K(19648K) Eden: 17343K(17472K)->0K(17472K) From: 0K(2176K)->2174K(2176K)
[2026-06-17T10:00:30.041+0800][28.904s][info][gc,heap        ] GC(688) Tenured: 27856K(43712K)->32259K(43712K)
[2026-06-17T10:00:30.042+0800][28.904s][info][gc,metaspace   ] GC(688) Metaspace: 113K(320K)->113K(320K) NonClass: 105K(192K)->105K(192K) Class: 7K(128K)->7K(128K)
[2026-06-17T10:00:30.042+0800][28.905s][info][gc             ] GC(688) Pause Young (Allocation Failure) 44M->33M(61M) 5.000ms
[2026-06-17T10:00:30.043+0800][28.906s][info][gc,cpu         ] GC(688) User=0.00s Sys=0.00s Real=0.01s
[2026-06-17T10:00:30.097+0800][28.960s][info][gc,start       ] GC(689) Pause Young (Allocation Failure)
[2026-06-17T10:00:30.098+0800][28.961s][info][gc,heap        ] GC(689) DefNew: 19635K(19648K)->2170K(19648K) Eden: 17460K(17472K)->0K(17472K) From: 2174K(2176K)->2170K(2176K)
[2026-06-17T10:00:30.099+0800][28.962s][info][gc,heap        ] GC(689) Tenured: 32259K(43712K)->35634K(43712K)
[2026-06-17T10:00:30.100+0800][28.962s][info][gc,metaspace   ] GC(689) Metaspace: 113K(320K)->113K(320K) NonClass: 105K(192K)->105K(192K) Class: 7K(128K)->7K(128K)
[2026-06-17T10:00:30.100+0800][28.963s][info][gc             ] GC(689) Pause Young (Allocation Failure) 50M->36M(61M) 3.203ms
[2026-06-17T10:00:30.100+0800][28.963s][info][gc,cpu         ] GC(689) User=0.00s Sys=0.00s Real=0.00s
[2026-06-17T10:00:30.143+0800][29.005s][info][gc,start       ] GC(690) Pause Young (Allocation Failure)
[2026-06-17T10:00:30.144+0800][29.007s][info][gc,heap        ] GC(690) DefNew: 19638K(19648K)->2163K(19648K) Eden: 17467K(17472K)->0K(17472K) From: 2170K(2176K)->2163K(2176K)
[2026-06-17T10:00:30.144+0800][29.007s][info][gc,heap        ] GC(690) Tenured: 35634K(43712K)->39044K(43712K)
[2026-06-17T10:00:30.145+0800][29.008s][info][gc,metaspace   ] GC(690) Metaspace: 113K(320K)->113K(320K) NonClass: 105K(192K)->105K(192K) Class: 7K(128K)->7K(128K)
[2026-06-17T10:00:30.146+0800][29.009s][info][gc             ] GC(690) Pause Young (Allocation Failure) 53M->40M(61M) 3.620ms
[2026-06-17T10:00:30.147+0800][29.010s][info][gc,cpu         ] GC(690) User=0.00s Sys=0.00s Real=0.00s
[2026-06-17T10:00:30.189+0800][29.052s][info][gc,start       ] GC(691) Pause Young (Allocation Failure)
[2026-06-17T10:00:30.190+0800][29.053s][info][gc             ] GC(691) Pause Young (Allocation Failure) 57M->57M(61M) 0.944ms
[2026-06-17T10:00:30.191+0800][29.053s][info][gc,cpu         ] GC(691) User=0.00s Sys=0.00s Real=0.01s
[2026-06-17T10:00:30.191+0800][29.054s][info][gc,start       ] GC(692) Pause Full (Allocation Failure)
[2026-06-17T10:00:30.192+0800][29.055s][info][gc,phases,start] GC(692) Phase 1: Mark live objects
[2026-06-17T10:00:30.194+0800][29.057s][info][gc,phases      ] GC(692) Phase 1: Mark live objects 1.894ms
[2026-06-17T10:00:30.195+0800][29.057s][info][gc,phases,start] GC(692) Phase 2: Compute new object addresses
[2026-06-17T10:00:30.196+0800][29.058s][info][gc,phases      ] GC(692) Phase 2: Compute new object addresses 1.111ms
[2026-06-17T10:00:30.197+0800][29.059s][info][gc,phases,start] GC(692) Phase 3: Adjust pointers
[2026-06-17T10:00:30.198+0800][29.060s][info][gc,phases      ] GC(692) Phase 3: Adjust pointers 0.987ms
[2026-06-17T10:00:30.198+0800][29.061s][info][gc,phases,start] GC(692) Phase 4: Move objects
[2026-06-17T10:00:30.201+0800][29.064s][info][gc,phases      ] GC(692) Phase 4: Move objects 3.233ms
[2026-06-17T10:00:30.203+0800][29.065s][info][gc,heap        ] GC(692) DefNew: 19635K(19648K)->0K(19648K) Eden: 17472K(17472K)->0K(17472K) From: 2163K(2176K)->0K(2176K)
[2026-06-17T10:00:30.203+0800][29.066s][info][gc,heap        ] GC(692) Tenured: 39044K(43712K)->31666K(43712K)
[2026-06-17T10:00:30.203+0800][29.066s][info][gc,metaspace   ] GC(692) Metaspace: 113K(320K)->113K(320K) NonClass: 105K(192K)->105K(192K) Class: 7K(128K)->7K(128K)
[2026-06-17T10:00:30.204+0800][29.067s][info][gc             ] GC(692) Pause Full (Allocation Failure) 57M->30M(61M) 12.740ms
[2026-06-17T10:00:30.205+0800][29.067s][info][gc,cpu         ] GC(692) User=0.00s Sys=0.00s Real=0.01s
[2026-06-17T10:00:30.248+0800][29.111s][info][gc,start       ] GC(693) Pause Young (Allocation Failure)
[2026-06-17T10:00:30.250+0800][29.113s][info][gc,heap        ] GC(693) DefNew: 17472K(19648K)->2170K(19648K) Eden: 17472K(17472K)->0K(17472K) From: 0K(2176K)->2170K(2176K)
[2026-06-17T10:00:30.252+0800][29.114s][info][gc,heap        ] GC(693) Tenured: 31666K(43712K)->37012K(43712K)
[2026-06-17T10:00:30.253+0800][29.115s][info][gc,metaspace   ] GC(693) Metaspace: 113K(320K)->113K(320K) NonClass: 105K(192K)->105K(192K) Class: 7K(128K)->7K(128K)
[2026-06-17T10:00:30.253+0800][29.116s][info][gc             ] GC(693) Pause Young (Allocation Failure) 47M->38M(61M) 5.393ms
[2026-06-17T10:00:30.254+0800][29.117s][info][gc,cpu         ] GC(693) User=0.01s Sys=0.00s Real=0.01s
[2026-06-17T10:00:30.298+0800][29.160s][info][gc,start       ] GC(694) Pause Young (Allocation Failure)
[2026-06-17T10:00:30.300+0800][29.163s][info][gc,promotion   ] GC(694) Promotion failed
[2026-06-17T10:00:30.301+0800][29.164s][info][gc             ] GC(694) Pause Young (Allocation Failure) 55M->61M(61M) 3.554ms
[2026-06-17T10:00:30.302+0800][29.165s][info][gc,cpu         ] GC(694) User=0.00s Sys=0.00s Real=0.00s
[2026-06-17T10:00:30.303+0800][29.165s][info][gc,start       ] GC(695) Pause Full (Allocation Failure)
[2026-06-17T10:00:30.303+0800][29.166s][info][gc,phases,start] GC(695) Phase 1: Mark live objects
[2026-06-17T10:00:30.305+0800][29.168s][info][gc,phases      ] GC(695) Phase 1: Mark live objects 2.126ms
[2026-06-17T10:00:30.306+0800][29.169s][info][gc,phases,start] GC(695) Phase 2: Compute new object addresses
[2026-06-17T10:00:30.307+0800][29.170s][info][gc,phases      ] GC(695) Phase 2: Compute new object addresses 1.210ms
[2026-06-17T10:00:30.308+0800][29.171s][info][gc,phases,start] GC(695) Phase 3: Adjust pointers
[2026-06-17T10:00:30.310+0800][29.173s][info][gc,phases      ] GC(695) Phase 3: Adjust pointers 1.756ms
[2026-06-17T10:00:30.311+0800][29.173s][info][gc,phases,start] GC(695) Phase 4: Move objects
[2026-06-17T10:00:30.313+0800][29.176s][info][gc,phases      ] GC(695) Phase 4: Move objects 2.390ms
[2026-06-17T10:00:30.314+0800][29.176s][info][gc,heap        ] GC(695) DefNew: 19616K(19648K)->0K(19648K) Eden: 17446K(17472K)->0K(17472K) From: 2170K(2176K)->0K(2176K)
[2026-06-17T10:00:30.314+0800][29.177s][info][gc,heap        ] GC(695) Tenured: 37012K(43712K)->22976K(43712K)
[2026-06-17T10:00:30.315+0800][29.178s][info][gc,metaspace   ] GC(695) Metaspace: 113K(320K)->113K(320K) NonClass: 105K(192K)->105K(192K) Class: 7K(128K)->7K(128K)
[2026-06-17T10:00:30.316+0800][29.178s][info][gc             ] GC(695) Pause Full (Allocation Failure) 61M->22M(61M) 12.933ms
[2026-06-17T10:00:30.317+0800][29.179s][info][gc,cpu         ] GC(695) User=0.00s Sys=0.00s Real=0.01s
[2026-06-17T10:00:30.359+0800][29.222s][info][gc,start       ] GC(696) Pause Young (Allocation Failure)
[2026-06-17T10:00:30.361+0800][29.224s][info][gc,heap        ] GC(696) DefNew: 17472K(19648K)->2134K(19648K) Eden: 17472K(17472K)->0K(17472K) From: 0K(2176K)->2134K(2176K)
[2026-06-17T10:00:30.362+0800][29.225s][info][gc,heap        ] GC(696) Tenured: 22976K(43712K)->27587K(43712K)
[2026-06-17T10:00:30.363+0800][29.225s][info][gc,metaspace   ] GC(696) Metaspace: 113K(320K)->113K(320K) NonClass: 105K(192K)->105K(192K) Class: 7K(128K)->7K(128K)
[2026-06-17T10:00:30.363+0800][29.226s][info][gc             ] GC(696) Pause Young (Allocation Failure) 39M->29M(61M) 3.886ms
[2026-06-17T10:00:30.364+0800][29.227s][info][gc,cpu         ] GC(696) User=0.00s Sys=0.00s Real=0.01s
[2026-06-17T10:00:30.408+0800][29.270s][info][gc,start       ] GC(697) Pause Young (Allocation Failure)
[2026-06-17T10:00:30.409+0800][29.272s][info][gc,heap        ] GC(697) DefNew: 19606K(19648K)->2175K(19648K) Eden: 17472K(17472K)->0K(17472K) From: 2134K(2176K)->2175K(2176K)
[2026-06-17T10:00:30.410+0800][29.273s][info][gc,heap        ] GC(697) Tenured: 27587K(43712K)->31197K(43712K)
[2026-06-17T10:00:30.410+0800][29.273s][info][gc,metaspace   ] GC(697) Metaspace: 113K(320K)->113K(320K) NonClass: 105K(192K)->105K(192K) Class: 7K(128K)->7K(128K)
[2026-06-17T10:00:30.411+0800][29.274s][info][gc             ] GC(697) Pause Young (Allocation Failure) 46M->32M(61M) 3.500ms
[2026-06-17T10:00:30.412+0800][29.275s][info][gc,cpu         ] GC(697) User=0.00s Sys=0.00s Real=0.01s
[2026-06-17T10:00:30.455+0800][29.318s][info][gc,start       ] GC(698) Pause Young (Allocation Failure)
[2026-06-17T10:00:30.456+0800][29.319s][info][gc,heap        ] GC(698) DefNew: 19606K(19648K)->2128K(19648K) Eden: 17431K(17472K)->0K(17472K) From: 2175K(2176K)->2128K(2176K)
[2026-06-17T10:00:30.457+0800][29.320s][info][gc,heap        ] GC(698) Tenured: 31197K(43712K)->32649K(43712K)
[2026-06-17T10:00:30.458+0800][29.320s][info][gc,metaspace   ] GC(698) Metaspace: 113K(320K)->113K(320K) NonClass: 105K(192K)->105K(192K) Class: 7K(128K)->7K(128K)
[2026-06-17T10:00:30.458+0800][29.321s][info][gc             ] GC(698) Pause Young (Allocation Failure) 49M->33M(61M) 3.091ms
[2026-06-17T10:00:30.459+0800][29.321s][info][gc,cpu         ] GC(698) User=0.00s Sys=0.01s Real=0.00s
[2026-06-17T10:00:30.513+0800][29.375s][info][gc,start       ] GC(699) Pause Young (Allocation Failure)
[2026-06-17T10:00:30.515+0800][29.377s][info][gc,heap        ] GC(699) DefNew: 19599K(19648K)->2026K(19648K) Eden: 17471K(17472K)->0K(17472K) From: 2128K(2176K)->2026K(2176K)
[2026-06-17T10:00:30.516+0800][29.379s][info][gc,heap        ] GC(699) Tenured: 32649K(43712K)->36790K(43712K)
[2026-06-17T10:00:30.517+0800][29.380s][info][gc,metaspace   ] GC(699) Metaspace: 113K(320K)->113K(320K) NonClass: 105K(192K)->105K(192K) Class: 7K(128K)->7K(128K)
[2026-06-17T10:00:30.518+0800][29.381s][info][gc             ] GC(699) Pause Young (Allocation Failure) 51M->37M(61M) 5.421ms
[2026-06-17T10:00:30.519+0800][29.382s][info][gc,cpu         ] GC(699) User=0.00s Sys=0.00s Real=0.00s
[2026-06-17T10:00:30.563+0800][29.426s][info][gc,start       ] GC(700) Pause Young (Allocation Failure)
[2026-06-17T10:00:30.580+0800][29.443s][info][gc             ] GC(700) Pause Young (Allocation Failure) 54M->54M(61M) 17.629ms
[2026-06-17T10:00:30.581+0800][29.444s][info][gc,cpu         ] GC(700) User=0.00s Sys=0.00s Real=0.01s
[2026-06-17T10:00:30.582+0800][29.444s][info][gc,start       ] GC(701) Pause Full (Allocation Failure)
[2026-06-17T10:00:30.582+0800][29.445s][info][gc,phases,start] GC(701) Phase 1: Mark live objects
[2026-06-17T10:00:30.584+0800][29.447s][info][gc,phases      ] GC(701) Phase 1: Mark live objects 1.875ms
[2026-06-17T10:00:30.584+0800][29.447s][info][gc,phases,start] GC(701) Phase 2: Compute new object addresses
[2026-06-17T10:00:30.586+0800][29.448s][info][gc,phases      ] GC(701) Phase 2: Compute new object addresses 1.155ms
[2026-06-17T10:00:30.586+0800][29.449s][info][gc,phases,start] GC(701) Phase 3: Adjust pointers
[2026-06-17T10:00:30.587+0800][29.450s][info][gc,phases      ] GC(701) Phase 3: Adjust pointers 1.269ms
[2026-06-17T10:00:30.588+0800][29.450s][info][gc,phases,start] GC(701) Phase 4: Move objects
[2026-06-17T10:00:30.591+0800][29.454s][info][gc,phases      ] GC(701) Phase 4: Move objects 3.623ms
[2026-06-17T10:00:30.592+0800][29.455s][info][gc,heap        ] GC(701) DefNew: 19495K(19648K)->0K(19648K) Eden: 17468K(17472K)->0K(17472K) From: 2026K(2176K)->0K(2176K)
[2026-06-17T10:00:30.592+0800][29.455s][info][gc,heap        ] GC(701) Tenured: 36790K(43712K)->27944K(43712K)
[2026-06-17T10:00:30.593+0800][29.455s][info][gc,metaspace   ] GC(701) Metaspace: 113K(320K)->113K(320K) NonClass: 105K(192K)->105K(192K) Class: 7K(128K)->7K(128K)
[2026-06-17T10:00:30.593+0800][29.456s][info][gc             ] GC(701) Pause Full (Allocation Failure) 54M->27M(61M) 11.395ms
[2026-06-17T10:00:30.593+0800][29.456s][info][gc,cpu         ] GC(701) User=0.01s Sys=0.00s Real=0.02s
[2026-06-17T10:00:30.637+0800][29.500s][info][gc,start       ] GC(702) Pause Young (Allocation Failure)
[2026-06-17T10:00:30.639+0800][29.502s][info][gc,heap        ] GC(702) DefNew: 17472K(19648K)->2164K(19648K) Eden: 17472K(17472K)->0K(17472K) From: 0K(2176K)->2164K(2176K)
[2026-06-17T10:00:30.640+0800][29.502s][info][gc,heap        ] GC(702) Tenured: 27944K(43712K)->32334K(43712K)
[2026-06-17T10:00:30.640+0800][29.503s][info][gc,metaspace   ] GC(702) Metaspace: 113K(320K)->113K(320K) NonClass: 105K(192K)->105K(192K) Class: 7K(128K)->7K(128K)
[2026-06-17T10:00:30.641+0800][29.504s][info][gc             ] GC(702) Pause Young (Allocation Failure) 44M->33M(61M) 4.036ms
[2026-06-17T10:00:30.642+0800][29.504s][info][gc,cpu         ] GC(702) User=0.01s Sys=0.00s Real=0.00s
[2026-06-17T10:00:30.686+0800][29.549s][info][gc,start       ] GC(703) Pause Young (Allocation Failure)
[2026-06-17T10:00:30.688+0800][29.551s][info][gc,heap        ] GC(703) DefNew: 19602K(19648K)->2166K(19648K) Eden: 17437K(17472K)->0K(17472K) From: 2164K(2176K)->2166K(2176K)
[2026-06-17T10:00:30.689+0800][29.552s][info][gc,heap        ] GC(703) Tenured: 32334K(43712K)->36500K(43712K)
[2026-06-17T10:00:30.690+0800][29.553s][info][gc,metaspace   ] GC(703) Metaspace: 113K(320K)->113K(320K) NonClass: 105K(192K)->105K(192K) Class: 7K(128K)->7K(128K)
[2026-06-17T10:00:30.691+0800][29.553s][info][gc             ] GC(703) Pause Young (Allocation Failure) 50M->37M(61M) 4.510ms
[2026-06-17T10:00:30.691+0800][29.554s][info][gc,cpu         ] GC(703) User=0.00s Sys=0.00s Real=0.01s
[2026-06-17T10:00:30.735+0800][29.598s][info][gc,start       ] GC(704) Pause Young (Allocation Failure)
[2026-06-17T10:00:30.738+0800][29.601s][info][gc,heap        ] GC(704) DefNew: 19630K(19648K)->2172K(19648K) Eden: 17464K(17472K)->0K(17472K) From: 2166K(2176K)->2172K(2176K)
[2026-06-17T10:00:30.740+0800][29.603s][info][gc,heap        ] GC(704) Tenured: 36500K(43712K)->40497K(43712K)
[2026-06-17T10:00:30.751+0800][29.613s][info][gc,metaspace   ] GC(704) Metaspace: 113K(320K)->113K(320K) NonClass: 105K(192K)->105K(192K) Class: 7K(128K)->7K(128K)
[2026-06-17T10:00:30.753+0800][29.616s][info][gc             ] GC(704) Pause Young (Allocation Failure) 54M->41M(61M) 18.116ms
[2026-06-17T10:00:30.754+0800][29.617s][info][gc,cpu         ] GC(704) User=0.00s Sys=0.00s Real=0.02s
[2026-06-17T10:00:30.798+0800][29.661s][info][gc,start       ] GC(705) Pause Young (Allocation Failure)
[2026-06-17T10:00:30.799+0800][29.662s][info][gc             ] GC(705) Pause Young (Allocation Failure) 58M->58M(61M) 0.878ms
[2026-06-17T10:00:30.800+0800][29.662s][info][gc,cpu         ] GC(705) User=0.00s Sys=0.00s Real=0.00s
[2026-06-17T10:00:30.800+0800][29.663s][info][gc,start       ] GC(706) Pause Full (Allocation Failure)
[2026-06-17T10:00:30.801+0800][29.664s][info][gc,phases,start] GC(706) Phase 1: Mark live objects
[2026-06-17T10:00:30.803+0800][29.666s][info][gc,phases      ] GC(706) Phase 1: Mark live objects 2.169ms
[2026-06-17T10:00:30.804+0800][29.667s][info][gc,phases,start] GC(706) Phase 2: Compute new object addresses
[2026-06-17T10:00:30.805+0800][29.668s][info][gc,phases      ] GC(706) Phase 2: Compute new object addresses 1.299ms
[2026-06-17T10:00:30.806+0800][29.669s][info][gc,phases,start] GC(706) Phase 3: Adjust pointers
[2026-06-17T10:00:30.807+0800][29.670s][info][gc,phases      ] GC(706) Phase 3: Adjust pointers 1.538ms
[2026-06-17T10:00:30.808+0800][29.671s][info][gc,phases,start] GC(706) Phase 4: Move objects
[2026-06-17T10:00:30.812+0800][29.675s][info][gc,phases      ] GC(706) Phase 4: Move objects 4.271ms
[2026-06-17T10:00:30.814+0800][29.676s][info][gc,heap        ] GC(706) DefNew: 19633K(19648K)->0K(19648K) Eden: 17461K(17472K)->0K(17472K) From: 2172K(2176K)->0K(2176K)
[2026-06-17T10:00:30.814+0800][29.677s][info][gc,heap        ] GC(706) Tenured: 40497K(43712K)->30884K(43712K)
[2026-06-17T10:00:30.815+0800][29.677s][info][gc,metaspace   ] GC(706) Metaspace: 113K(320K)->113K(320K) NonClass: 105K(192K)->105K(192K) Class: 7K(128K)->7K(128K)
[2026-06-17T10:00:30.815+0800][29.678s][info][gc             ] GC(706) Pause Full (Allocation Failure) 58M->30M(61M) 14.750ms
[2026-06-17T10:00:30.816+0800][29.678s][info][gc,cpu         ] GC(706) User=0.01s Sys=0.00s Real=0.02s
[2026-06-17T10:00:30.870+0800][29.733s][info][gc,start       ] GC(707) Pause Young (Allocation Failure)
[2026-06-17T10:00:30.922+0800][29.785s][info][gc,heap        ] GC(707) DefNew: 17462K(19648K)->2147K(19648K) Eden: 17462K(17472K)->0K(17472K) From: 0K(2176K)->2147K(2176K)
[2026-06-17T10:00:30.928+0800][29.791s][info][gc,heap        ] GC(707) Tenured: 30884K(43712K)->32531K(43712K)
[2026-06-17T10:00:30.928+0800][29.791s][info][gc,metaspace   ] GC(707) Metaspace: 113K(320K)->113K(320K) NonClass: 105K(192K)->105K(192K) Class: 7K(128K)->7K(128K)
[2026-06-17T10:00:30.950+0800][29.813s][info][gc             ] GC(707) Pause Young (Allocation Failure) 47M->33M(61M) 79.921ms
[2026-06-17T10:00:30.951+0800][29.814s][info][gc,cpu         ] GC(707) User=0.00s Sys=0.00s Real=0.09s
[2026-06-17T10:00:30.994+0800][29.857s][info][gc,start       ] GC(708) Pause Young (Allocation Failure)
[2026-06-17T10:00:30.996+0800][29.859s][info][gc,heap        ] GC(708) DefNew: 19586K(19648K)->2145K(19648K) Eden: 17438K(17472K)->0K(17472K) From: 2147K(2176K)->2145K(2176K)
[2026-06-17T10:00:30.997+0800][29.859s][info][gc,heap        ] GC(708) Tenured: 32531K(43712K)->35937K(43712K)
[2026-06-17T10:00:30.997+0800][29.860s][info][gc,metaspace   ] GC(708) Metaspace: 113K(320K)->113K(320K) NonClass: 105K(192K)->105K(192K) Class: 7K(128K)->7K(128K)
[2026-06-17T10:00:30.998+0800][29.861s][info][gc             ] GC(708) Pause Young (Allocation Failure) 50M->37M(61M) 3.855ms
[2026-06-17T10:00:30.998+0800][29.861s][info][gc,cpu         ] GC(708) User=0.00s Sys=0.00s Real=0.00s
[2026-06-17T10:00:31.046+0800][29.909s][info][gc,start       ] GC(709) Pause Young (Allocation Failure)
[2026-06-17T10:00:31.047+0800][29.910s][info][gc,heap        ] GC(709) DefNew: 19615K(19648K)->2159K(19648K) Eden: 17470K(17472K)->0K(17472K) From: 2145K(2176K)->2159K(2176K)
[2026-06-17T10:00:31.048+0800][29.910s][info][gc,heap        ] GC(709) Tenured: 35937K(43712K)->39209K(43712K)
[2026-06-17T10:00:31.048+0800][29.911s][info][gc,metaspace   ] GC(709) Metaspace: 113K(320K)->113K(320K) NonClass: 105K(192K)->105K(192K) Class: 7K(128K)->7K(128K)
[2026-06-17T10:00:31.048+0800][29.911s][info][gc             ] GC(709) Pause Young (Allocation Failure) 54M->40M(61M) 2.380ms
[2026-06-17T10:00:31.049+0800][29.911s][info][gc,cpu         ] GC(709) User=0.00s Sys=0.00s Real=0.00s
[2026-06-17T10:00:31.091+0800][29.954s][info][gc,start       ] GC(710) Pause Young (Allocation Failure)
[2026-06-17T10:00:31.091+0800][29.954s][info][gc             ] GC(710) Pause Young (Allocation Failure) 57M->57M(61M) 0.553ms
[2026-06-17T10:00:31.092+0800][29.955s][info][gc,cpu         ] GC(710) User=0.00s Sys=0.00s Real=0.00s
[2026-06-17T10:00:31.093+0800][29.956s][info][gc,start       ] GC(711) Pause Full (Allocation Failure)
[2026-06-17T10:00:31.093+0800][29.956s][info][gc,phases,start] GC(711) Phase 1: Mark live objects
[2026-06-17T10:00:31.094+0800][29.957s][info][gc,phases      ] GC(711) Phase 1: Mark live objects 0.876ms
[2026-06-17T10:00:31.094+0800][29.957s][info][gc,phases,start] GC(711) Phase 2: Compute new object addresses
[2026-06-17T10:00:31.095+0800][29.958s][info][gc,phases      ] GC(711) Phase 2: Compute new object addresses 0.555ms
[2026-06-17T10:00:31.095+0800][29.958s][info][gc,phases,start] GC(711) Phase 3: Adjust pointers
[2026-06-17T10:00:31.096+0800][29.958s][info][gc,phases      ] GC(711) Phase 3: Adjust pointers 0.632ms
[2026-06-17T10:00:31.096+0800][29.959s][info][gc,phases,start] GC(711) Phase 4: Move objects
[2026-06-17T10:00:31.098+0800][29.961s][info][gc,phases      ] GC(711) Phase 4: Move objects 2.290ms
[2026-06-17T10:00:31.099+0800][29.961s][info][gc,heap        ] GC(711) DefNew: 19631K(19648K)->0K(19648K) Eden: 17472K(17472K)->0K(17472K) From: 2159K(2176K)->0K(2176K)
[2026-06-17T10:00:31.099+0800][29.962s][info][gc,heap        ] GC(711) Tenured: 39209K(43712K)->31857K(43712K)
[2026-06-17T10:00:31.099+0800][29.962s][info][gc,metaspace   ] GC(711) Metaspace: 113K(320K)->113K(320K) NonClass: 105K(192K)->105K(192K) Class: 7K(128K)->7K(128K)
[2026-06-17T10:00:31.100+0800][29.962s][info][gc             ] GC(711) Pause Full (Allocation Failure) 57M->31M(61M) 6.776ms
[2026-06-17T10:00:31.100+0800][29.963s][info][gc,cpu         ] GC(711) User=0.01s Sys=0.00s Real=0.00s
[2026-06-17T10:00:31.142+0800][30.005s][info][gc,start       ] GC(712) Pause Young (Allocation Failure)
[2026-06-17T10:00:31.143+0800][30.006s][info][gc,heap        ] GC(712) DefNew: 17442K(19648K)->2173K(19648K) Eden: 17442K(17472K)->0K(17472K) From: 0K(2176K)->2173K(2176K)
[2026-06-17T10:00:31.144+0800][30.007s][info][gc,heap        ] GC(712) Tenured: 31857K(43712K)->36928K(43712K)
[2026-06-17T10:00:31.145+0800][30.008s][info][gc,metaspace   ] GC(712) Metaspace: 113K(320K)->113K(320K) NonClass: 105K(192K)->105K(192K) Class: 7K(128K)->7K(128K)
[2026-06-17T10:00:31.149+0800][30.011s][info][gc             ] GC(712) Pause Young (Allocation Failure) 48M->38M(61M) 6.493ms
[2026-06-17T10:00:31.150+0800][30.012s][info][gc,cpu         ] GC(712) User=0.00s Sys=0.00s Real=0.01s
[2026-06-17T10:00:31.202+0800][30.065s][info][gc,start       ] GC(713) Pause Young (Allocation Failure)
[2026-06-17T10:00:31.215+0800][30.077s][info][gc,heap        ] GC(713) DefNew: 19645K(19648K)->2119K(19648K) Eden: 17472K(17472K)->0K(17472K) From: 2173K(2176K)->2119K(2176K)
[2026-06-17T10:00:31.222+0800][30.085s][info][gc,heap        ] GC(713) Tenured: 36928K(43712K)->38499K(43712K)
[2026-06-17T10:00:31.227+0800][30.089s][info][gc,metaspace   ] GC(713) Metaspace: 113K(320K)->113K(320K) NonClass: 105K(192K)->105K(192K) Class: 7K(128K)->7K(128K)
[2026-06-17T10:00:31.228+0800][30.091s][info][gc             ] GC(713) Pause Young (Allocation Failure) 55M->39M(61M) 25.465ms
[2026-06-17T10:00:31.240+0800][30.103s][info][gc,cpu         ] GC(713) User=0.00s Sys=0.00s Real=0.04s
[2026-06-17T10:00:31.272+0800][30.135s][info][gc,start       ] GC(714) Pause Young (Allocation Failure)
[2026-06-17T10:00:31.278+0800][30.141s][info][gc             ] GC(714) Pause Young (Allocation Failure) 56M->56M(61M) 5.841ms
[2026-06-17T10:00:31.278+0800][30.141s][info][gc,cpu         ] GC(714) User=0.00s Sys=0.00s Real=0.00s
[2026-06-17T10:00:31.280+0800][30.143s][info][gc,start       ] GC(715) Pause Full (Allocation Failure)
[2026-06-17T10:00:31.282+0800][30.145s][info][gc,phases,start] GC(715) Phase 1: Mark live objects
[2026-06-17T10:00:31.285+0800][30.147s][info][gc,phases      ] GC(715) Phase 1: Mark live objects 2.749ms
[2026-06-17T10:00:31.288+0800][30.151s][info][gc,phases,start] GC(715) Phase 2: Compute new object addresses
[2026-06-17T10:00:31.289+0800][30.152s][info][gc,phases      ] GC(715) Phase 2: Compute new object addresses 0.935ms
[2026-06-17T10:00:31.289+0800][30.152s][info][gc,phases,start] GC(715) Phase 3: Adjust pointers
[2026-06-17T10:00:31.290+0800][30.153s][info][gc,phases      ] GC(715) Phase 3: Adjust pointers 0.804ms
[2026-06-17T10:00:31.291+0800][30.154s][info][gc,phases,start] GC(715) Phase 4: Move objects
[2026-06-17T10:00:31.295+0800][30.158s][info][gc,phases      ] GC(715) Phase 4: Move objects 3.514ms
[2026-06-17T10:00:31.296+0800][30.159s][info][gc,heap        ] GC(715) DefNew: 19586K(19648K)->0K(19648K) Eden: 17467K(17472K)->0K(17472K) From: 2119K(2176K)->0K(2176K)
[2026-06-17T10:00:31.297+0800][30.160s][info][gc,heap        ] GC(715) Tenured: 38499K(43712K)->28714K(43712K)
[2026-06-17T10:00:31.298+0800][30.160s][info][gc,metaspace   ] GC(715) Metaspace: 113K(320K)->113K(320K) NonClass: 105K(192K)->105K(192K) Class: 7K(128K)->7K(128K)
[2026-06-17T10:00:31.299+0800][30.161s][info][gc             ] GC(715) Pause Full (Allocation Failure) 56M->28M(61M) 18.689ms
[2026-06-17T10:00:31.299+0800][30.162s][info][gc,cpu         ] GC(715) User=0.01s Sys=0.00s Real=0.02s
[2026-06-17T10:00:31.354+0800][30.216s][info][gc,start       ] GC(716) Pause Young (Allocation Failure)
[2026-06-17T10:00:31.360+0800][30.223s][info][gc,heap        ] GC(716) DefNew: 17472K(19648K)->2078K(19648K) Eden: 17472K(17472K)->0K(17472K) From: 0K(2176K)->2078K(2176K)
[2026-06-17T10:00:31.361+0800][30.223s][info][gc,heap        ] GC(716) Tenured: 28714K(43712K)->30051K(43712K)
[2026-06-17T10:00:31.361+0800][30.224s][info][gc,metaspace   ] GC(716) Metaspace: 113K(320K)->113K(320K) NonClass: 105K(192K)->105K(192K) Class: 7K(128K)->7K(128K)
[2026-06-17T10:00:31.362+0800][30.224s][info][gc             ] GC(716) Pause Young (Allocation Failure) 45M->31M(61M) 7.917ms
[2026-06-17T10:00:31.362+0800][30.225s][info][gc,cpu         ] GC(716) User=0.00s Sys=0.00s Real=0.00s
[2026-06-17T10:00:31.424+0800][30.287s][info][gc,start       ] GC(717) Pause Young (Allocation Failure)
[2026-06-17T10:00:31.426+0800][30.289s][info][gc,heap        ] GC(717) DefNew: 19529K(19648K)->2168K(19648K) Eden: 17451K(17472K)->0K(17472K) From: 2078K(2176K)->2168K(2176K)
[2026-06-17T10:00:31.428+0800][30.291s][info][gc,heap        ] GC(717) Tenured: 30051K(43712K)->33257K(43712K)
[2026-06-17T10:00:31.428+0800][30.291s][info][gc,metaspace   ] GC(717) Metaspace: 113K(320K)->113K(320K) NonClass: 105K(192K)->105K(192K) Class: 7K(128K)->7K(128K)
[2026-06-17T10:00:31.429+0800][30.292s][info][gc             ] GC(717) Pause Young (Allocation Failure) 48M->34M(61M) 4.932ms
[2026-06-17T10:00:31.429+0800][30.292s][info][gc,cpu         ] GC(717) User=0.00s Sys=0.00s Real=0.00s
[2026-06-17T10:00:31.473+0800][30.336s][info][gc,start       ] GC(718) Pause Young (Allocation Failure)
[2026-06-17T10:00:31.476+0800][30.339s][info][gc,heap        ] GC(718) DefNew: 19618K(19648K)->2169K(19648K) Eden: 17450K(17472K)->0K(17472K) From: 2168K(2176K)->2169K(2176K)
[2026-06-17T10:00:31.477+0800][30.340s][info][gc,heap        ] GC(718) Tenured: 33257K(43712K)->36731K(43712K)
[2026-06-17T10:00:31.478+0800][30.341s][info][gc,metaspace   ] GC(718) Metaspace: 113K(320K)->113K(320K) NonClass: 105K(192K)->105K(192K) Class: 7K(128K)->7K(128K)
[2026-06-17T10:00:31.479+0800][30.341s][info][gc             ] GC(718) Pause Young (Allocation Failure) 51M->37M(61M) 5.075ms
[2026-06-17T10:00:31.479+0800][30.342s][info][gc,cpu         ] GC(718) User=0.01s Sys=0.00s Real=0.00s
[2026-06-17T10:00:31.523+0800][30.386s][info][gc,start       ] GC(719) Pause Young (Allocation Failure)
[2026-06-17T10:00:31.524+0800][30.387s][info][gc,heap        ] GC(719) DefNew: 19633K(19648K)->2171K(19648K) Eden: 17463K(17472K)->0K(17472K) From: 2169K(2176K)->2171K(2176K)
[2026-06-17T10:00:31.525+0800][30.388s][info][gc,heap        ] GC(719) Tenured: 36731K(43712K)->40753K(43712K)
[2026-06-17T10:00:31.525+0800][30.388s][info][gc,metaspace   ] GC(719) Metaspace: 113K(320K)->113K(320K) NonClass: 105K(192K)->105K(192K) Class: 7K(128K)->7K(128K)
[2026-06-17T10:00:31.526+0800][30.389s][info][gc             ] GC(719) Pause Young (Allocation Failure) 55M->41M(61M) 3.204ms
[2026-06-17T10:00:31.528+0800][30.391s][info][gc,cpu         ] GC(719) User=0.00s Sys=0.00s Real=0.00s
[2026-06-17T10:00:31.571+0800][30.434s][info][gc,start       ] GC(720) Pause Young (Allocation Failure)
[2026-06-17T10:00:31.571+0800][30.434s][info][gc             ] GC(720) Pause Young (Allocation Failure) 58M->58M(61M) 0.493ms
[2026-06-17T10:00:31.572+0800][30.435s][info][gc,cpu         ] GC(720) User=0.00s Sys=0.00s Real=0.00s
[2026-06-17T10:00:31.572+0800][30.435s][info][gc,start       ] GC(721) Pause Full (Allocation Failure)
[2026-06-17T10:00:31.572+0800][30.435s][info][gc,phases,start] GC(721) Phase 1: Mark live objects
[2026-06-17T10:00:31.574+0800][30.437s][info][gc,phases      ] GC(721) Phase 1: Mark live objects 1.892ms
[2026-06-17T10:00:31.575+0800][30.438s][info][gc,phases,start] GC(721) Phase 2: Compute new object addresses
[2026-06-17T10:00:31.575+0800][30.438s][info][gc,phases      ] GC(721) Phase 2: Compute new object addresses 0.632ms
[2026-06-17T10:00:31.576+0800][30.439s][info][gc,phases,start] GC(721) Phase 3: Adjust pointers
[2026-06-17T10:00:31.577+0800][30.439s][info][gc,phases      ] GC(721) Phase 3: Adjust pointers 0.755ms
[2026-06-17T10:00:31.577+0800][30.440s][info][gc,phases,start] GC(721) Phase 4: Move objects
[2026-06-17T10:00:31.580+0800][30.443s][info][gc,phases      ] GC(721) Phase 4: Move objects 2.742ms
[2026-06-17T10:00:31.581+0800][30.443s][info][gc,heap        ] GC(721) DefNew: 19494K(19648K)->0K(19648K) Eden: 17322K(17472K)->0K(17472K) From: 2171K(2176K)->0K(2176K)
[2026-06-17T10:00:31.581+0800][30.444s][info][gc,heap        ] GC(721) Tenured: 40753K(43712K)->28150K(43712K)
[2026-06-17T10:00:31.581+0800][30.444s][info][gc,metaspace   ] GC(721) Metaspace: 113K(320K)->113K(320K) NonClass: 105K(192K)->105K(192K) Class: 7K(128K)->7K(128K)
[2026-06-17T10:00:31.582+0800][30.445s][info][gc             ] GC(721) Pause Full (Allocation Failure) 58M->27M(61M) 9.885ms
[2026-06-17T10:00:31.582+0800][30.445s][info][gc,cpu         ] GC(721) User=0.01s Sys=0.00s Real=0.00s
[2026-06-17T10:00:31.635+0800][30.498s][info][gc,start       ] GC(722) Pause Young (Allocation Failure)
[2026-06-17T10:00:31.637+0800][30.499s][info][gc,heap        ] GC(722) DefNew: 17461K(19648K)->2161K(19648K) Eden: 17461K(17472K)->0K(17472K) From: 0K(2176K)->2161K(2176K)
[2026-06-17T10:00:31.637+0800][30.500s][info][gc,heap        ] GC(722) Tenured: 28150K(43712K)->29415K(43712K)
[2026-06-17T10:00:31.638+0800][30.501s][info][gc,metaspace   ] GC(722) Metaspace: 113K(320K)->113K(320K) NonClass: 105K(192K)->105K(192K) Class: 7K(128K)->7K(128K)
[2026-06-17T10:00:31.638+0800][30.501s][info][gc             ] GC(722) Pause Young (Allocation Failure) 44M->30M(61M) 3.147ms
[2026-06-17T10:00:31.639+0800][30.501s][info][gc,cpu         ] GC(722) User=0.00s Sys=0.00s Real=0.00s
[2026-06-17T10:00:31.683+0800][30.545s][info][gc,start       ] GC(723) Pause Young (Allocation Failure)
[2026-06-17T10:00:31.690+0800][30.553s][info][gc,heap        ] GC(723) DefNew: 19633K(19648K)->2173K(19648K) Eden: 17472K(17472K)->0K(17472K) From: 2161K(2176K)->2173K(2176K)
[2026-06-17T10:00:31.691+0800][30.553s][info][gc,heap        ] GC(723) Tenured: 29415K(43712K)->33271K(43712K)
[2026-06-17T10:00:31.692+0800][30.554s][info][gc,metaspace   ] GC(723) Metaspace: 113K(320K)->113K(320K) NonClass: 105K(192K)->105K(192K) Class: 7K(128K)->7K(128K)
[2026-06-17T10:00:31.692+0800][30.555s][info][gc             ] GC(723) Pause Young (Allocation Failure) 47M->34M(61M) 9.567ms
[2026-06-17T10:00:31.693+0800][30.556s][info][gc,cpu         ] GC(723) User=0.00s Sys=0.00s Real=0.01s
[2026-06-17T10:00:31.736+0800][30.599s][info][gc,start       ] GC(724) Pause Young (Allocation Failure)
[2026-06-17T10:00:31.740+0800][30.603s][info][gc,heap        ] GC(724) DefNew: 19645K(19648K)->2064K(19648K) Eden: 17471K(17472K)->0K(17472K) From: 2173K(2176K)->2064K(2176K)
[2026-06-17T10:00:31.741+0800][30.604s][info][gc,heap        ] GC(724) Tenured: 33271K(43712K)->37233K(43712K)
[2026-06-17T10:00:31.743+0800][30.606s][info][gc,metaspace   ] GC(724) Metaspace: 113K(320K)->113K(320K) NonClass: 105K(192K)->105K(192K) Class: 7K(128K)->7K(128K)
[2026-06-17T10:00:31.746+0800][30.608s][info][gc             ] GC(724) Pause Young (Allocation Failure) 51M->38M(61M) 9.214ms
[2026-06-17T10:00:31.746+0800][30.609s][info][gc,cpu         ] GC(724) User=0.01s Sys=0.00s Real=0.01s
[2026-06-17T10:00:31.791+0800][30.654s][info][gc,start       ] GC(725) Pause Young (Allocation Failure)
[2026-06-17T10:00:31.793+0800][30.655s][info][gc,heap        ] GC(725) DefNew: 19491K(19648K)->2173K(19648K) Eden: 17426K(17472K)->0K(17472K) From: 2064K(2176K)->2173K(2176K)
[2026-06-17T10:00:31.793+0800][30.656s][info][gc,heap        ] GC(725) Tenured: 37233K(43712K)->40791K(43712K)
[2026-06-17T10:00:31.794+0800][30.656s][info][gc,metaspace   ] GC(725) Metaspace: 113K(320K)->113K(320K) NonClass: 105K(192K)->105K(192K) Class: 7K(128K)->7K(128K)
[2026-06-17T10:00:31.794+0800][30.657s][info][gc             ] GC(725) Pause Young (Allocation Failure) 55M->41M(61M) 3.112ms
[2026-06-17T10:00:31.795+0800][30.657s][info][gc,cpu         ] GC(725) User=0.00s Sys=0.00s Real=0.00s
[2026-06-17T10:00:31.837+0800][30.700s][info][gc,start       ] GC(726) Pause Young (Allocation Failure)
[2026-06-17T10:00:31.838+0800][30.701s][info][gc             ] GC(726) Pause Young (Allocation Failure) 58M->58M(61M) 0.768ms
[2026-06-17T10:00:31.839+0800][30.701s][info][gc,cpu         ] GC(726) User=0.00s Sys=0.00s Real=0.00s
[2026-06-17T10:00:31.839+0800][30.702s][info][gc,start       ] GC(727) Pause Full (Allocation Failure)
[2026-06-17T10:00:31.840+0800][30.703s][info][gc,phases,start] GC(727) Phase 1: Mark live objects
[2026-06-17T10:00:31.841+0800][30.704s][info][gc,phases      ] GC(727) Phase 1: Mark live objects 1.175ms
[2026-06-17T10:00:31.842+0800][30.704s][info][gc,phases,start] GC(727) Phase 2: Compute new object addresses
[2026-06-17T10:00:31.842+0800][30.705s][info][gc,phases      ] GC(727) Phase 2: Compute new object addresses 0.851ms
[2026-06-17T10:00:31.843+0800][30.706s][info][gc,phases,start] GC(727) Phase 3: Adjust pointers
[2026-06-17T10:00:31.844+0800][30.707s][info][gc,phases      ] GC(727) Phase 3: Adjust pointers 1.081ms
[2026-06-17T10:00:31.845+0800][30.708s][info][gc,phases,start] GC(727) Phase 4: Move objects
[2026-06-17T10:00:31.847+0800][30.710s][info][gc,phases      ] GC(727) Phase 4: Move objects 2.353ms
[2026-06-17T10:00:31.848+0800][30.711s][info][gc,heap        ] GC(727) DefNew: 19359K(19648K)->0K(19648K) Eden: 17185K(17472K)->0K(17472K) From: 2173K(2176K)->0K(2176K)
[2026-06-17T10:00:31.849+0800][30.712s][info][gc,heap        ] GC(727) Tenured: 40791K(43712K)->23866K(43712K)
[2026-06-17T10:00:31.849+0800][30.712s][info][gc,metaspace   ] GC(727) Metaspace: 113K(320K)->113K(320K) NonClass: 105K(192K)->105K(192K) Class: 7K(128K)->7K(128K)
[2026-06-17T10:00:31.850+0800][30.713s][info][gc             ] GC(727) Pause Full (Allocation Failure) 58M->23M(61M) 10.542ms
[2026-06-17T10:00:31.850+0800][30.713s][info][gc,cpu         ] GC(727) User=0.00s Sys=0.00s Real=0.02s
[2026-06-17T10:00:31.904+0800][30.766s][info][gc,start       ] GC(728) Pause Young (Allocation Failure)
[2026-06-17T10:00:31.905+0800][30.768s][info][gc,heap        ] GC(728) DefNew: 17472K(19648K)->2134K(19648K) Eden: 17472K(17472K)->0K(17472K) From: 0K(2176K)->2134K(2176K)
[2026-06-17T10:00:31.906+0800][30.769s][info][gc,heap        ] GC(728) Tenured: 23866K(43712K)->25186K(43712K)
[2026-06-17T10:00:31.907+0800][30.770s][info][gc,metaspace   ] GC(728) Metaspace: 113K(320K)->113K(320K) NonClass: 105K(192K)->105K(192K) Class: 7K(128K)->7K(128K)
[2026-06-17T10:00:31.908+0800][30.770s][info][gc             ] GC(728) Pause Young (Allocation Failure) 40M->26M(61M) 4.093ms
[2026-06-17T10:00:31.908+0800][30.771s][info][gc,cpu         ] GC(728) User=0.00s Sys=0.00s Real=0.00s
[2026-06-17T10:00:31.951+0800][30.813s][info][gc,start       ] GC(729) Pause Young (Allocation Failure)
[2026-06-17T10:00:31.953+0800][30.815s][info][gc,heap        ] GC(729) DefNew: 19598K(19648K)->2127K(19648K) Eden: 17463K(17472K)->0K(17472K) From: 2134K(2176K)->2127K(2176K)
[2026-06-17T10:00:31.953+0800][30.816s][info][gc,heap        ] GC(729) Tenured: 25186K(43712K)->28551K(43712K)
[2026-06-17T10:00:31.954+0800][30.817s][info][gc,metaspace   ] GC(729) Metaspace: 113K(320K)->113K(320K) NonClass: 105K(192K)->105K(192K) Class: 7K(128K)->7K(128K)
[2026-06-17T10:00:31.955+0800][30.818s][info][gc             ] GC(729) Pause Young (Allocation Failure) 43M->29M(61M) 4.305ms
[2026-06-17T10:00:31.955+0800][30.818s][info][gc,cpu         ] GC(729) User=0.00s Sys=0.00s Real=0.00s
[2026-06-17T10:00:31.998+0800][30.861s][info][gc,start       ] GC(730) Pause Young (Allocation Failure)
[2026-06-17T10:00:31.999+0800][30.862s][info][gc,heap        ] GC(730) DefNew: 19545K(19648K)->2088K(19648K) Eden: 17418K(17472K)->0K(17472K) From: 2127K(2176K)->2088K(2176K)
[2026-06-17T10:00:32.000+0800][30.863s][info][gc,heap        ] GC(730) Tenured: 28551K(43712K)->32527K(43712K)
[2026-06-17T10:00:32.001+0800][30.864s][info][gc,metaspace   ] GC(730) Metaspace: 113K(320K)->113K(320K) NonClass: 105K(192K)->105K(192K) Class: 7K(128K)->7K(128K)
[2026-06-17T10:00:32.002+0800][30.864s][info][gc             ] GC(730) Pause Young (Allocation Failure) 46M->33M(61M) 3.459ms
[2026-06-17T10:00:32.002+0800][30.865s][info][gc,cpu         ] GC(730) User=0.00s Sys=0.00s Real=0.00s
[2026-06-17T10:00:32.047+0800][30.909s][info][gc,start       ] GC(731) Pause Young (Allocation Failure)
[2026-06-17T10:00:32.048+0800][30.911s][info][gc,heap        ] GC(731) DefNew: 19554K(19648K)->2092K(19648K) Eden: 17465K(17472K)->0K(17472K) From: 2088K(2176K)->2092K(2176K)
[2026-06-17T10:00:32.050+0800][30.912s][info][gc,heap        ] GC(731) Tenured: 32527K(43712K)->35582K(43712K)
[2026-06-17T10:00:32.051+0800][30.913s][info][gc,metaspace   ] GC(731) Metaspace: 113K(320K)->113K(320K) NonClass: 105K(192K)->105K(192K) Class: 7K(128K)->7K(128K)
[2026-06-17T10:00:32.051+0800][30.914s][info][gc             ] GC(731) Pause Young (Allocation Failure) 50M->36M(61M) 4.563ms
[2026-06-17T10:00:32.052+0800][30.914s][info][gc,cpu         ] GC(731) User=0.00s Sys=0.00s Real=0.01s
[2026-06-17T10:00:32.095+0800][30.958s][info][gc,start       ] GC(732) Pause Young (Allocation Failure)
[2026-06-17T10:00:32.096+0800][30.959s][info][gc,heap        ] GC(732) DefNew: 19503K(19648K)->2174K(19648K) Eden: 17411K(17472K)->0K(17472K) From: 2092K(2176K)->2174K(2176K)
[2026-06-17T10:00:32.097+0800][30.960s][info][gc,heap        ] GC(732) Tenured: 35582K(43712K)->38731K(43712K)
[2026-06-17T10:00:32.098+0800][30.960s][info][gc,metaspace   ] GC(732) Metaspace: 113K(320K)->113K(320K) NonClass: 105K(192K)->105K(192K) Class: 7K(128K)->7K(128K)
[2026-06-17T10:00:32.098+0800][30.961s][info][gc             ] GC(732) Pause Young (Allocation Failure) 53M->39M(61M) 3.088ms
[2026-06-17T10:00:32.099+0800][30.961s][info][gc,cpu         ] GC(732) User=0.00s Sys=0.00s Real=0.00s
[2026-06-17T10:00:32.141+0800][31.004s][info][gc,start       ] GC(733) Pause Young (Allocation Failure)
[2026-06-17T10:00:32.142+0800][31.004s][info][gc             ] GC(733) Pause Young (Allocation Failure) 57M->57M(61M) 0.629ms
[2026-06-17T10:00:32.143+0800][31.005s][info][gc,cpu         ] GC(733) User=0.00s Sys=0.00s Real=0.01s
[2026-06-17T10:00:32.143+0800][31.006s][info][gc,start       ] GC(734) Pause Full (Allocation Failure)
[2026-06-17T10:00:32.144+0800][31.006s][info][gc,phases,start] GC(734) Phase 1: Mark live objects
[2026-06-17T10:00:32.145+0800][31.007s][info][gc,phases      ] GC(734) Phase 1: Mark live objects 1.022ms
[2026-06-17T10:00:32.145+0800][31.008s][info][gc,phases,start] GC(734) Phase 2: Compute new object addresses
[2026-06-17T10:00:32.146+0800][31.008s][info][gc,phases      ] GC(734) Phase 2: Compute new object addresses 0.621ms
[2026-06-17T10:00:32.147+0800][31.009s][info][gc,phases,start] GC(734) Phase 3: Adjust pointers
[2026-06-17T10:00:32.147+0800][31.010s][info][gc,phases      ] GC(734) Phase 3: Adjust pointers 0.828ms
[2026-06-17T10:00:32.148+0800][31.011s][info][gc,phases,start] GC(734) Phase 4: Move objects
[2026-06-17T10:00:32.151+0800][31.013s][info][gc,phases      ] GC(734) Phase 4: Move objects 2.296ms
[2026-06-17T10:00:32.151+0800][31.014s][info][gc,heap        ] GC(734) DefNew: 19646K(19648K)->0K(19648K) Eden: 17472K(17472K)->0K(17472K) From: 2174K(2176K)->0K(2176K)
[2026-06-17T10:00:32.151+0800][31.014s][info][gc,heap        ] GC(734) Tenured: 38731K(43712K)->27332K(43712K)
[2026-06-17T10:00:32.152+0800][31.014s][info][gc,metaspace   ] GC(734) Metaspace: 113K(320K)->113K(320K) NonClass: 105K(192K)->105K(192K) Class: 7K(128K)->7K(128K)
[2026-06-17T10:00:32.152+0800][31.015s][info][gc             ] GC(734) Pause Full (Allocation Failure) 57M->26M(61M) 9.105ms
[2026-06-17T10:00:32.154+0800][31.016s][info][gc,cpu         ] GC(734) User=0.01s Sys=0.00s Real=0.01s
[2026-06-17T10:00:32.196+0800][31.059s][info][gc,start       ] GC(735) Pause Young (Allocation Failure)
[2026-06-17T10:00:32.198+0800][31.061s][info][gc,heap        ] GC(735) DefNew: 17466K(19648K)->2167K(19648K) Eden: 17466K(17472K)->0K(17472K) From: 0K(2176K)->2167K(2176K)
[2026-06-17T10:00:32.198+0800][31.061s][info][gc,heap        ] GC(735) Tenured: 27332K(43712K)->32602K(43712K)
[2026-06-17T10:00:32.199+0800][31.062s][info][gc,metaspace   ] GC(735) Metaspace: 113K(320K)->113K(320K) NonClass: 105K(192K)->105K(192K) Class: 7K(128K)->7K(128K)
[2026-06-17T10:00:32.200+0800][31.063s][info][gc             ] GC(735) Pause Young (Allocation Failure) 43M->33M(61M) 3.826ms
[2026-06-17T10:00:32.202+0800][31.065s][info][gc,cpu         ] GC(735) User=0.00s Sys=0.00s Real=0.00s
[2026-06-17T10:00:32.246+0800][31.109s][info][gc,start       ] GC(736) Pause Young (Allocation Failure)
[2026-06-17T10:00:32.248+0800][31.110s][info][gc,heap        ] GC(736) DefNew: 19425K(19648K)->2171K(19648K) Eden: 17257K(17472K)->0K(17472K) From: 2167K(2176K)->2171K(2176K)
[2026-06-17T10:00:32.249+0800][31.111s][info][gc,heap        ] GC(736) Tenured: 32602K(43712K)->35157K(43712K)
[2026-06-17T10:00:32.249+0800][31.112s][info][gc,metaspace   ] GC(736) Metaspace: 113K(320K)->113K(320K) NonClass: 105K(192K)->105K(192K) Class: 7K(128K)->7K(128K)
[2026-06-17T10:00:32.250+0800][31.113s][info][gc             ] GC(736) Pause Young (Allocation Failure) 50M->36M(61M) 4.343ms
[2026-06-17T10:00:32.251+0800][31.114s][info][gc,cpu         ] GC(736) User=0.00s Sys=0.00s Real=0.01s
[2026-06-17T10:00:32.304+0800][31.167s][info][gc,start       ] GC(737) Pause Young (Allocation Failure)
[2026-06-17T10:00:32.306+0800][31.169s][info][gc,heap        ] GC(737) DefNew: 19643K(19648K)->2138K(19648K) Eden: 17472K(17472K)->0K(17472K) From: 2171K(2176K)->2138K(2176K)
[2026-06-17T10:00:32.307+0800][31.169s][info][gc,heap        ] GC(737) Tenured: 35157K(43712K)->38154K(43712K)
[2026-06-17T10:00:32.307+0800][31.170s][info][gc,metaspace   ] GC(737) Metaspace: 113K(320K)->113K(320K) NonClass: 105K(192K)->105K(192K) Class: 7K(128K)->7K(128K)
[2026-06-17T10:00:32.308+0800][31.171s][info][gc             ] GC(737) Pause Young (Allocation Failure) 53M->39M(61M) 3.781ms
[2026-06-17T10:00:32.309+0800][31.172s][info][gc,cpu         ] GC(737) User=0.00s Sys=0.01s Real=0.00s
[2026-06-17T10:00:32.352+0800][31.215s][info][gc,start       ] GC(738) Pause Young (Allocation Failure)
[2026-06-17T10:00:32.352+0800][31.215s][info][gc             ] GC(738) Pause Young (Allocation Failure) 56M->56M(61M) 0.359ms
[2026-06-17T10:00:32.353+0800][31.216s][info][gc,cpu         ] GC(738) User=0.00s Sys=0.00s Real=0.00s
[2026-06-17T10:00:32.353+0800][31.216s][info][gc,start       ] GC(739) Pause Full (Allocation Failure)
[2026-06-17T10:00:32.353+0800][31.216s][info][gc,phases,start] GC(739) Phase 1: Mark live objects
[2026-06-17T10:00:32.354+0800][31.217s][info][gc,phases      ] GC(739) Phase 1: Mark live objects 0.945ms
[2026-06-17T10:00:32.354+0800][31.217s][info][gc,phases,start] GC(739) Phase 2: Compute new object addresses
[2026-06-17T10:00:32.355+0800][31.218s][info][gc,phases      ] GC(739) Phase 2: Compute new object addresses 0.469ms
[2026-06-17T10:00:32.355+0800][31.218s][info][gc,phases,start] GC(739) Phase 3: Adjust pointers
[2026-06-17T10:00:32.356+0800][31.219s][info][gc,phases      ] GC(739) Phase 3: Adjust pointers 0.583ms
[2026-06-17T10:00:32.357+0800][31.219s][info][gc,phases,start] GC(739) Phase 4: Move objects
[2026-06-17T10:00:32.359+0800][31.221s][info][gc,phases      ] GC(739) Phase 4: Move objects 2.188ms
[2026-06-17T10:00:32.359+0800][31.222s][info][gc,heap        ] GC(739) DefNew: 19559K(19648K)->0K(19648K) Eden: 17420K(17472K)->0K(17472K) From: 2138K(2176K)->0K(2176K)
[2026-06-17T10:00:32.360+0800][31.222s][info][gc,heap        ] GC(739) Tenured: 38154K(43712K)->26548K(43712K)
[2026-06-17T10:00:32.360+0800][31.223s][info][gc,metaspace   ] GC(739) Metaspace: 113K(320K)->113K(320K) NonClass: 105K(192K)->105K(192K) Class: 7K(128K)->7K(128K)
[2026-06-17T10:00:32.360+0800][31.223s][info][gc             ] GC(739) Pause Full (Allocation Failure) 56M->25M(61M) 7.322ms
[2026-06-17T10:00:32.361+0800][31.224s][info][gc,cpu         ] GC(739) User=0.01s Sys=0.00s Real=0.00s
[2026-06-17T10:00:32.403+0800][31.266s][info][gc,start       ] GC(740) Pause Young (Allocation Failure)
[2026-06-17T10:00:32.407+0800][31.270s][info][gc,heap        ] GC(740) DefNew: 17440K(19648K)->2168K(19648K) Eden: 17440K(17472K)->0K(17472K) From: 0K(2176K)->2168K(2176K)
[2026-06-17T10:00:32.410+0800][31.273s][info][gc,heap        ] GC(740) Tenured: 26548K(43712K)->31155K(43712K)
[2026-06-17T10:00:32.414+0800][31.277s][info][gc,metaspace   ] GC(740) Metaspace: 113K(320K)->113K(320K) NonClass: 105K(192K)->105K(192K) Class: 7K(128K)->7K(128K)
[2026-06-17T10:00:32.417+0800][31.280s][info][gc             ] GC(740) Pause Young (Allocation Failure) 42M->32M(61M) 14.056ms
[2026-06-17T10:00:32.421+0800][31.284s][info][gc,cpu         ] GC(740) User=0.00s Sys=0.00s Real=0.01s
[2026-06-17T10:00:32.466+0800][31.329s][info][gc,start       ] GC(741) Pause Young (Allocation Failure)
[2026-06-17T10:00:32.467+0800][31.330s][info][gc,heap        ] GC(741) DefNew: 19597K(19648K)->2174K(19648K) Eden: 17429K(17472K)->0K(17472K) From: 2168K(2176K)->2174K(2176K)
[2026-06-17T10:00:32.468+0800][31.330s][info][gc,heap        ] GC(741) Tenured: 31155K(43712K)->35321K(43712K)
[2026-06-17T10:00:32.468+0800][31.331s][info][gc,metaspace   ] GC(741) Metaspace: 113K(320K)->113K(320K) NonClass: 105K(192K)->105K(192K) Class: 7K(128K)->7K(128K)
[2026-06-17T10:00:32.469+0800][31.331s][info][gc             ] GC(741) Pause Young (Allocation Failure) 49M->36M(61M) 2.938ms
[2026-06-17T10:00:32.469+0800][31.332s][info][gc,cpu         ] GC(741) User=0.00s Sys=0.00s Real=0.00s
[2026-06-17T10:00:32.512+0800][31.375s][info][gc,start       ] GC(742) Pause Young (Allocation Failure)
[2026-06-17T10:00:32.513+0800][31.376s][info][gc,heap        ] GC(742) DefNew: 19636K(19648K)->2110K(19648K) Eden: 17462K(17472K)->0K(17472K) From: 2174K(2176K)->2110K(2176K)
[2026-06-17T10:00:32.513+0800][31.376s][info][gc,heap        ] GC(742) Tenured: 35321K(43712K)->36520K(43712K)
[2026-06-17T10:00:32.514+0800][31.377s][info][gc,metaspace   ] GC(742) Metaspace: 113K(320K)->113K(320K) NonClass: 105K(192K)->105K(192K) Class: 7K(128K)->7K(128K)
[2026-06-17T10:00:32.515+0800][31.377s][info][gc             ] GC(742) Pause Young (Allocation Failure) 53M->37M(61M) 2.640ms
[2026-06-17T10:00:32.515+0800][31.378s][info][gc,cpu         ] GC(742) User=0.00s Sys=0.00s Real=0.00s
[2026-06-17T10:00:32.568+0800][31.431s][info][gc,start       ] GC(743) Pause Young (Allocation Failure)
[2026-06-17T10:00:32.569+0800][31.432s][info][gc,heap        ] GC(743) DefNew: 19539K(19648K)->2123K(19648K) Eden: 17428K(17472K)->0K(17472K) From: 2110K(2176K)->2123K(2176K)
[2026-06-17T10:00:32.570+0800][31.433s][info][gc,heap        ] GC(743) Tenured: 36520K(43712K)->40511K(43712K)
[2026-06-17T10:00:32.570+0800][31.433s][info][gc,metaspace   ] GC(743) Metaspace: 113K(320K)->113K(320K) NonClass: 105K(192K)->105K(192K) Class: 7K(128K)->7K(128K)
[2026-06-17T10:00:32.571+0800][31.434s][info][gc             ] GC(743) Pause Young (Allocation Failure) 54M->41M(61M) 2.857ms
[2026-06-17T10:00:32.571+0800][31.434s][info][gc,cpu         ] GC(743) User=0.00s Sys=0.00s Real=0.01s
[2026-06-17T10:00:32.614+0800][31.477s][info][gc,start       ] GC(744) Pause Young (Allocation Failure)
[2026-06-17T10:00:32.615+0800][31.478s][info][gc             ] GC(744) Pause Young (Allocation Failure) 58M->58M(61M) 0.587ms
[2026-06-17T10:00:32.615+0800][31.478s][info][gc,cpu         ] GC(744) User=0.00s Sys=0.00s Real=0.00s
[2026-06-17T10:00:32.616+0800][31.479s][info][gc,start       ] GC(745) Pause Full (Allocation Failure)
[2026-06-17T10:00:32.616+0800][31.479s][info][gc,phases,start] GC(745) Phase 1: Mark live objects
[2026-06-17T10:00:32.617+0800][31.480s][info][gc,phases      ] GC(745) Phase 1: Mark live objects 1.245ms
[2026-06-17T10:00:32.618+0800][31.481s][info][gc,phases,start] GC(745) Phase 2: Compute new object addresses
[2026-06-17T10:00:32.619+0800][31.481s][info][gc,phases      ] GC(745) Phase 2: Compute new object addresses 0.739ms
[2026-06-17T10:00:32.619+0800][31.482s][info][gc,phases,start] GC(745) Phase 3: Adjust pointers
[2026-06-17T10:00:32.620+0800][31.483s][info][gc,phases      ] GC(745) Phase 3: Adjust pointers 1.335ms
[2026-06-17T10:00:32.621+0800][31.483s][info][gc,phases,start] GC(745) Phase 4: Move objects
[2026-06-17T10:00:32.623+0800][31.486s][info][gc,phases      ] GC(745) Phase 4: Move objects 2.164ms
[2026-06-17T10:00:32.623+0800][31.486s][info][gc,heap        ] GC(745) DefNew: 19562K(19648K)->0K(19648K) Eden: 17439K(17472K)->0K(17472K) From: 2123K(2176K)->0K(2176K)
[2026-06-17T10:00:32.623+0800][31.486s][info][gc,heap        ] GC(745) Tenured: 40511K(43712K)->25591K(43712K)
[2026-06-17T10:00:32.623+0800][31.486s][info][gc,metaspace   ] GC(745) Metaspace: 113K(320K)->113K(320K) NonClass: 105K(192K)->105K(192K) Class: 7K(128K)->7K(128K)
[2026-06-17T10:00:32.623+0800][31.486s][info][gc             ] GC(745) Pause Full (Allocation Failure) 58M->24M(61M) 7.665ms
[2026-06-17T10:00:32.624+0800][31.486s][info][gc,cpu         ] GC(745) User=0.00s Sys=0.00s Real=0.01s
[2026-06-17T10:00:32.666+0800][31.529s][info][gc,start       ] GC(746) Pause Young (Allocation Failure)
[2026-06-17T10:00:32.675+0800][31.538s][info][gc,heap        ] GC(746) DefNew: 17472K(19648K)->2172K(19648K) Eden: 17472K(17472K)->0K(17472K) From: 0K(2176K)->2172K(2176K)
[2026-06-17T10:00:32.680+0800][31.543s][info][gc,heap        ] GC(746) Tenured: 25591K(43712K)->30356K(43712K)
[2026-06-17T10:00:32.681+0800][31.543s][info][gc,metaspace   ] GC(746) Metaspace: 113K(320K)->113K(320K) NonClass: 105K(192K)->105K(192K) Class: 7K(128K)->7K(128K)
[2026-06-17T10:00:32.681+0800][31.544s][info][gc             ] GC(746) Pause Young (Allocation Failure) 42M->31M(61M) 14.924ms
[2026-06-17T10:00:32.681+0800][31.544s][info][gc,cpu         ] GC(746) User=0.00s Sys=0.00s Real=0.01s
[2026-06-17T10:00:32.725+0800][31.587s][info][gc,start       ] GC(747) Pause Young (Allocation Failure)
[2026-06-17T10:00:32.726+0800][31.589s][info][gc,heap        ] GC(747) DefNew: 19587K(19648K)->2153K(19648K) Eden: 17414K(17472K)->0K(17472K) From: 2172K(2176K)->2153K(2176K)
[2026-06-17T10:00:32.726+0800][31.589s][info][gc,heap        ] GC(747) Tenured: 30356K(43712K)->34605K(43712K)
[2026-06-17T10:00:32.727+0800][31.589s][info][gc,metaspace   ] GC(747) Metaspace: 113K(320K)->113K(320K) NonClass: 105K(192K)->105K(192K) Class: 7K(128K)->7K(128K)
[2026-06-17T10:00:32.727+0800][31.590s][info][gc             ] GC(747) Pause Young (Allocation Failure) 48M->35M(61M) 2.609ms
[2026-06-17T10:00:32.728+0800][31.590s][info][gc,cpu         ] GC(747) User=0.00s Sys=0.00s Real=0.00s
[2026-06-17T10:00:32.771+0800][31.634s][info][gc,start       ] GC(748) Pause Young (Allocation Failure)
[2026-06-17T10:00:32.772+0800][31.635s][info][gc,heap        ] GC(748) DefNew: 19625K(19648K)->2169K(19648K) Eden: 17472K(17472K)->0K(17472K) From: 2153K(2176K)->2169K(2176K)
[2026-06-17T10:00:32.774+0800][31.637s][info][gc,heap        ] GC(748) Tenured: 34605K(43712K)->34605K(43712K)
[2026-06-17T10:00:32.776+0800][31.639s][info][gc,metaspace   ] GC(748) Metaspace: 113K(320K)->113K(320K) NonClass: 105K(192K)->105K(192K) Class: 7K(128K)->7K(128K)
[2026-06-17T10:00:32.778+0800][31.641s][info][gc             ] GC(748) Pause Young (Allocation Failure) 52M->35M(61M) 6.951ms
[2026-06-17T10:00:32.779+0800][31.641s][info][gc,cpu         ] GC(748) User=0.00s Sys=0.00s Real=0.00s
[2026-06-17T10:00:32.823+0800][31.686s][info][gc,start       ] GC(749) Pause Young (Allocation Failure)
[2026-06-17T10:00:32.825+0800][31.688s][info][gc,heap        ] GC(749) DefNew: 19639K(19648K)->2173K(19648K) Eden: 17470K(17472K)->0K(17472K) From: 2169K(2176K)->2173K(2176K)
[2026-06-17T10:00:32.825+0800][31.688s][info][gc,heap        ] GC(749) Tenured: 34605K(43712K)->41462K(43712K)
[2026-06-17T10:00:32.826+0800][31.688s][info][gc,metaspace   ] GC(749) Metaspace: 113K(320K)->113K(320K) NonClass: 105K(192K)->105K(192K) Class: 7K(128K)->7K(128K)
[2026-06-17T10:00:32.826+0800][31.689s][info][gc             ] GC(749) Pause Young (Allocation Failure) 52M->42M(61M) 2.870ms
[2026-06-17T10:00:32.827+0800][31.689s][info][gc,cpu         ] GC(749) User=0.00s Sys=0.00s Real=0.00s
[2026-06-17T10:00:32.880+0800][31.742s][info][gc,start       ] GC(750) Pause Young (Allocation Failure)
[2026-06-17T10:00:32.880+0800][31.743s][info][gc             ] GC(750) Pause Young (Allocation Failure) 59M->59M(61M) 0.740ms
[2026-06-17T10:00:32.881+0800][31.744s][info][gc,cpu         ] GC(750) User=0.00s Sys=0.00s Real=0.00s
[2026-06-17T10:00:32.881+0800][31.744s][info][gc,start       ] GC(751) Pause Full (Allocation Failure)
[2026-06-17T10:00:32.882+0800][31.745s][info][gc,phases,start] GC(751) Phase 1: Mark live objects
[2026-06-17T10:00:32.883+0800][31.746s][info][gc,phases      ] GC(751) Phase 1: Mark live objects 1.411ms
[2026-06-17T10:00:32.884+0800][31.746s][info][gc,phases,start] GC(751) Phase 2: Compute new object addresses
[2026-06-17T10:00:32.884+0800][31.747s][info][gc,phases      ] GC(751) Phase 2: Compute new object addresses 0.560ms
[2026-06-17T10:00:32.884+0800][31.747s][info][gc,phases,start] GC(751) Phase 3: Adjust pointers
[2026-06-17T10:00:32.885+0800][31.748s][info][gc,phases      ] GC(751) Phase 3: Adjust pointers 0.670ms
[2026-06-17T10:00:32.885+0800][31.748s][info][gc,phases,start] GC(751) Phase 4: Move objects
[2026-06-17T10:00:32.888+0800][31.751s][info][gc,phases      ] GC(751) Phase 4: Move objects 2.280ms
[2026-06-17T10:00:32.888+0800][31.751s][info][gc,heap        ] GC(751) DefNew: 19609K(19648K)->0K(19648K) Eden: 17436K(17472K)->0K(17472K) From: 2173K(2176K)->0K(2176K)
[2026-06-17T10:00:32.888+0800][31.751s][info][gc,heap        ] GC(751) Tenured: 41462K(43712K)->29016K(43712K)
[2026-06-17T10:00:32.889+0800][31.751s][info][gc,metaspace   ] GC(751) Metaspace: 113K(320K)->113K(320K) NonClass: 105K(192K)->105K(192K) Class: 7K(128K)->7K(128K)
[2026-06-17T10:00:32.889+0800][31.752s][info][gc             ] GC(751) Pause Full (Allocation Failure) 59M->28M(61M) 7.523ms
[2026-06-17T10:00:32.889+0800][31.752s][info][gc,cpu         ] GC(751) User=0.01s Sys=0.00s Real=0.01s
[2026-06-17T10:00:32.921+0800][31.784s][info][gc,start       ] GC(752) Pause Young (Allocation Failure)
[2026-06-17T10:00:32.923+0800][31.785s][info][gc,heap        ] GC(752) DefNew: 17139K(19648K)->2174K(19648K) Eden: 17139K(17472K)->0K(17472K) From: 0K(2176K)->2174K(2176K)
[2026-06-17T10:00:32.923+0800][31.786s][info][gc,heap        ] GC(752) Tenured: 29016K(43712K)->33644K(43712K)
[2026-06-17T10:00:32.923+0800][31.786s][info][gc,metaspace   ] GC(752) Metaspace: 113K(320K)->113K(320K) NonClass: 105K(192K)->105K(192K) Class: 7K(128K)->7K(128K)
[2026-06-17T10:00:32.924+0800][31.786s][info][gc             ] GC(752) Pause Young (Allocation Failure) 45M->34M(61M) 2.564ms
[2026-06-17T10:00:32.924+0800][31.787s][info][gc,cpu         ] GC(752) User=0.00s Sys=0.00s Real=0.01s
[2026-06-17T10:00:32.977+0800][31.840s][info][gc,start       ] GC(753) Pause Young (Allocation Failure)
[2026-06-17T10:00:32.978+0800][31.841s][info][gc,heap        ] GC(753) DefNew: 19602K(19648K)->2021K(19648K) Eden: 17428K(17472K)->0K(17472K) From: 2174K(2176K)->2021K(2176K)
[2026-06-17T10:00:32.979+0800][31.842s][info][gc,heap        ] GC(753) Tenured: 33644K(43712K)->37289K(43712K)
[2026-06-17T10:00:32.979+0800][31.842s][info][gc,metaspace   ] GC(753) Metaspace: 113K(320K)->113K(320K) NonClass: 105K(192K)->105K(192K) Class: 7K(128K)->7K(128K)
[2026-06-17T10:00:32.979+0800][31.842s][info][gc             ] GC(753) Pause Young (Allocation Failure) 51M->38M(61M) 1.973ms
[2026-06-17T10:00:32.979+0800][31.842s][info][gc,cpu         ] GC(753) User=0.00s Sys=0.00s Real=0.00s
[2026-06-17T10:00:33.022+0800][31.885s][info][gc,start       ] GC(754) Pause Young (Allocation Failure)
[2026-06-17T10:00:33.023+0800][31.885s][info][gc             ] GC(754) Pause Young (Allocation Failure) 55M->55M(61M) 0.639ms
[2026-06-17T10:00:33.023+0800][31.886s][info][gc,cpu         ] GC(754) User=0.00s Sys=0.00s Real=0.01s
[2026-06-17T10:00:33.023+0800][31.886s][info][gc,start       ] GC(755) Pause Full (Allocation Failure)
[2026-06-17T10:00:33.024+0800][31.887s][info][gc,phases,start] GC(755) Phase 1: Mark live objects
[2026-06-17T10:00:33.026+0800][31.888s][info][gc,phases      ] GC(755) Phase 1: Mark live objects 1.521ms
[2026-06-17T10:00:33.026+0800][31.889s][info][gc,phases,start] GC(755) Phase 2: Compute new object addresses
[2026-06-17T10:00:33.027+0800][31.890s][info][gc,phases      ] GC(755) Phase 2: Compute new object addresses 0.734ms
[2026-06-17T10:00:33.027+0800][31.890s][info][gc,phases,start] GC(755) Phase 3: Adjust pointers
[2026-06-17T10:00:33.028+0800][31.891s][info][gc,phases      ] GC(755) Phase 3: Adjust pointers 0.816ms
[2026-06-17T10:00:33.029+0800][31.891s][info][gc,phases,start] GC(755) Phase 4: Move objects
[2026-06-17T10:00:33.031+0800][31.894s][info][gc,phases      ] GC(755) Phase 4: Move objects 2.612ms
[2026-06-17T10:00:33.031+0800][31.894s][info][gc,heap        ] GC(755) DefNew: 19453K(19648K)->0K(19648K) Eden: 17432K(17472K)->0K(17472K) From: 2021K(2176K)->0K(2176K)
[2026-06-17T10:00:33.032+0800][31.895s][info][gc,heap        ] GC(755) Tenured: 37289K(43712K)->30134K(43712K)
[2026-06-17T10:00:33.032+0800][31.895s][info][gc,metaspace   ] GC(755) Metaspace: 113K(320K)->113K(320K) NonClass: 105K(192K)->105K(192K) Class: 7K(128K)->7K(128K)
[2026-06-17T10:00:33.033+0800][31.895s][info][gc             ] GC(755) Pause Full (Allocation Failure) 55M->29M(61M) 9.065ms
[2026-06-17T10:00:33.033+0800][31.896s][info][gc,cpu         ] GC(755) User=0.00s Sys=0.00s Real=0.01s
[2026-06-17T10:00:33.075+0800][31.938s][info][gc,start       ] GC(756) Pause Young (Allocation Failure)
[2026-06-17T10:00:33.077+0800][31.939s][info][gc,heap        ] GC(756) DefNew: 17472K(19648K)->2174K(19648K) Eden: 17472K(17472K)->0K(17472K) From: 0K(2176K)->2174K(2176K)
[2026-06-17T10:00:33.077+0800][31.940s][info][gc,heap        ] GC(756) Tenured: 30134K(43712K)->35183K(43712K)
[2026-06-17T10:00:33.077+0800][31.940s][info][gc,metaspace   ] GC(756) Metaspace: 113K(320K)->113K(320K) NonClass: 105K(192K)->105K(192K) Class: 7K(128K)->7K(128K)
[2026-06-17T10:00:33.078+0800][31.940s][info][gc             ] GC(756) Pause Young (Allocation Failure) 46M->36M(61M) 2.224ms
[2026-06-17T10:00:33.078+0800][31.941s][info][gc,cpu         ] GC(756) User=0.00s Sys=0.00s Real=0.00s
[2026-06-17T10:00:33.121+0800][31.983s][info][gc,start       ] GC(757) Pause Young (Allocation Failure)
[2026-06-17T10:00:33.122+0800][31.985s][info][gc,heap        ] GC(757) DefNew: 19644K(19648K)->2168K(19648K) Eden: 17469K(17472K)->0K(17472K) From: 2174K(2176K)->2168K(2176K)
[2026-06-17T10:00:33.122+0800][31.985s][info][gc,heap        ] GC(757) Tenured: 35183K(43712K)->39897K(43712K)
[2026-06-17T10:00:33.123+0800][31.985s][info][gc,metaspace   ] GC(757) Metaspace: 113K(320K)->113K(320K) NonClass: 105K(192K)->105K(192K) Class: 7K(128K)->7K(128K)
[2026-06-17T10:00:33.123+0800][31.986s][info][gc             ] GC(757) Pause Young (Allocation Failure) 53M->41M(61M) 2.450ms
[2026-06-17T10:00:33.123+0800][31.986s][info][gc,cpu         ] GC(757) User=0.00s Sys=0.00s Real=0.01s
[2026-06-17T10:00:33.166+0800][32.029s][info][gc,start       ] GC(758) Pause Young (Allocation Failure)
[2026-06-17T10:00:33.171+0800][32.034s][info][gc             ] GC(758) Pause Young (Allocation Failure) 57M->57M(61M) 4.835ms
[2026-06-17T10:00:33.190+0800][32.052s][info][gc,cpu         ] GC(758) User=0.00s Sys=0.00s Real=0.02s
[2026-06-17T10:00:33.190+0800][32.053s][info][gc,start       ] GC(759) Pause Full (Allocation Failure)
[2026-06-17T10:00:33.220+0800][32.082s][info][gc,phases,start] GC(759) Phase 1: Mark live objects
[2026-06-17T10:00:33.226+0800][32.089s][info][gc,phases      ] GC(759) Phase 1: Mark live objects 6.784ms
[2026-06-17T10:00:33.232+0800][32.094s][info][gc,phases,start] GC(759) Phase 2: Compute new object addresses
[2026-06-17T10:00:33.237+0800][32.100s][info][gc,phases      ] GC(759) Phase 2: Compute new object addresses 5.714ms
[2026-06-17T10:00:33.245+0800][32.108s][info][gc,phases,start] GC(759) Phase 3: Adjust pointers
[2026-06-17T10:00:33.246+0800][32.109s][info][gc,phases      ] GC(759) Phase 3: Adjust pointers 1.040ms
[2026-06-17T10:00:33.250+0800][32.112s][info][gc,phases,start] GC(759) Phase 4: Move objects
[2026-06-17T10:00:33.258+0800][32.120s][info][gc,phases      ] GC(759) Phase 4: Move objects 7.832ms
[2026-06-17T10:00:33.260+0800][32.123s][info][gc,heap        ] GC(759) DefNew: 19492K(19648K)->0K(19648K) Eden: 17323K(17472K)->0K(17472K) From: 2168K(2176K)->0K(2176K)
[2026-06-17T10:00:33.262+0800][32.125s][info][gc,heap        ] GC(759) Tenured: 39897K(43712K)->28640K(43712K)
[2026-06-17T10:00:33.267+0800][32.130s][info][gc,metaspace   ] GC(759) Metaspace: 113K(320K)->113K(320K) NonClass: 105K(192K)->105K(192K) Class: 7K(128K)->7K(128K)
[2026-06-17T10:00:33.269+0800][32.132s][info][gc             ] GC(759) Pause Full (Allocation Failure) 57M->27M(61M) 78.830ms
[2026-06-17T10:00:33.270+0800][32.133s][info][gc,cpu         ] GC(759) User=0.00s Sys=0.00s Real=0.08s
[2026-06-17T10:00:33.325+0800][32.188s][info][gc,start       ] GC(760) Pause Young (Allocation Failure)
[2026-06-17T10:00:33.327+0800][32.190s][info][gc,heap        ] GC(760) DefNew: 17465K(19648K)->2162K(19648K) Eden: 17465K(17472K)->0K(17472K) From: 0K(2176K)->2162K(2176K)
[2026-06-17T10:00:33.328+0800][32.191s][info][gc,heap        ] GC(760) Tenured: 28640K(43712K)->30592K(43712K)
[2026-06-17T10:00:33.329+0800][32.191s][info][gc,metaspace   ] GC(760) Metaspace: 113K(320K)->113K(320K) NonClass: 105K(192K)->105K(192K) Class: 7K(128K)->7K(128K)
[2026-06-17T10:00:33.330+0800][32.192s][info][gc             ] GC(760) Pause Young (Allocation Failure) 45M->31M(61M) 4.276ms
[2026-06-17T10:00:33.330+0800][32.193s][info][gc,cpu         ] GC(760) User=0.00s Sys=0.00s Real=0.00s
[2026-06-17T10:00:33.373+0800][32.236s][info][gc,start       ] GC(761) Pause Young (Allocation Failure)
[2026-06-17T10:00:33.375+0800][32.238s][info][gc,heap        ] GC(761) DefNew: 19634K(19648K)->2175K(19648K) Eden: 17472K(17472K)->0K(17472K) From: 2162K(2176K)->2175K(2176K)
[2026-06-17T10:00:33.377+0800][32.240s][info][gc,heap        ] GC(761) Tenured: 30592K(43712K)->34228K(43712K)
[2026-06-17T10:00:33.378+0800][32.241s][info][gc,metaspace   ] GC(761) Metaspace: 113K(320K)->113K(320K) NonClass: 105K(192K)->105K(192K) Class: 7K(128K)->7K(128K)
[2026-06-17T10:00:33.379+0800][32.242s][info][gc             ] GC(761) Pause Young (Allocation Failure) 49M->35M(61M) 5.504ms
[2026-06-17T10:00:33.381+0800][32.244s][info][gc,cpu         ] GC(761) User=0.00s Sys=0.00s Real=0.00s
[2026-06-17T10:00:33.425+0800][32.287s][info][gc,start       ] GC(762) Pause Young (Allocation Failure)
[2026-06-17T10:00:33.426+0800][32.289s][info][gc,heap        ] GC(762) DefNew: 19600K(19648K)->2163K(19648K) Eden: 17425K(17472K)->0K(17472K) From: 2175K(2176K)->2163K(2176K)
[2026-06-17T10:00:33.427+0800][32.290s][info][gc,heap        ] GC(762) Tenured: 34228K(43712K)->37963K(43712K)
[2026-06-17T10:00:33.427+0800][32.290s][info][gc,metaspace   ] GC(762) Metaspace: 113K(320K)->113K(320K) NonClass: 105K(192K)->105K(192K) Class: 7K(128K)->7K(128K)
[2026-06-17T10:00:33.427+0800][32.290s][info][gc             ] GC(762) Pause Young (Allocation Failure) 52M->39M(61M) 2.938ms
[2026-06-17T10:00:33.428+0800][32.291s][info][gc,cpu         ] GC(762) User=0.00s Sys=0.00s Real=0.00s
[2026-06-17T10:00:33.470+0800][32.333s][info][gc,start       ] GC(763) Pause Young (Allocation Failure)
[2026-06-17T10:00:33.471+0800][32.334s][info][gc             ] GC(763) Pause Young (Allocation Failure) 56M->56M(61M) 0.478ms
[2026-06-17T10:00:33.471+0800][32.334s][info][gc,cpu         ] GC(763) User=0.00s Sys=0.00s Real=0.01s
[2026-06-17T10:00:33.471+0800][32.334s][info][gc,start       ] GC(764) Pause Full (Allocation Failure)
[2026-06-17T10:00:33.471+0800][32.334s][info][gc,phases,start] GC(764) Phase 1: Mark live objects
[2026-06-17T10:00:33.472+0800][32.335s][info][gc,phases      ] GC(764) Phase 1: Mark live objects 1.036ms
[2026-06-17T10:00:33.473+0800][32.336s][info][gc,phases,start] GC(764) Phase 2: Compute new object addresses
[2026-06-17T10:00:33.473+0800][32.336s][info][gc,phases      ] GC(764) Phase 2: Compute new object addresses 0.667ms
[2026-06-17T10:00:33.474+0800][32.337s][info][gc,phases,start] GC(764) Phase 3: Adjust pointers
[2026-06-17T10:00:33.474+0800][32.337s][info][gc,phases      ] GC(764) Phase 3: Adjust pointers 0.620ms
[2026-06-17T10:00:33.475+0800][32.337s][info][gc,phases,start] GC(764) Phase 4: Move objects
[2026-06-17T10:00:33.477+0800][32.340s][info][gc,phases      ] GC(764) Phase 4: Move objects 2.193ms
[2026-06-17T10:00:33.477+0800][32.340s][info][gc,heap        ] GC(764) DefNew: 19624K(19648K)->0K(19648K) Eden: 17460K(17472K)->0K(17472K) From: 2163K(2176K)->0K(2176K)
[2026-06-17T10:00:33.477+0800][32.340s][info][gc,heap        ] GC(764) Tenured: 37963K(43712K)->33222K(43712K)
[2026-06-17T10:00:33.477+0800][32.340s][info][gc,metaspace   ] GC(764) Metaspace: 113K(320K)->113K(320K) NonClass: 105K(192K)->105K(192K) Class: 7K(128K)->7K(128K)
[2026-06-17T10:00:33.478+0800][32.340s][info][gc             ] GC(764) Pause Full (Allocation Failure) 56M->32M(61M) 6.428ms
[2026-06-17T10:00:33.478+0800][32.341s][info][gc,cpu         ] GC(764) User=0.00s Sys=0.00s Real=0.00s
[2026-06-17T10:00:33.520+0800][32.383s][info][gc,start       ] GC(765) Pause Young (Allocation Failure)
[2026-06-17T10:00:33.521+0800][32.384s][info][gc,heap        ] GC(765) DefNew: 17466K(19648K)->2168K(19648K) Eden: 17466K(17472K)->0K(17472K) From: 0K(2176K)->2168K(2176K)
[2026-06-17T10:00:33.522+0800][32.384s][info][gc,heap        ] GC(765) Tenured: 33222K(43712K)->37914K(43712K)
[2026-06-17T10:00:33.522+0800][32.385s][info][gc,metaspace   ] GC(765) Metaspace: 113K(320K)->113K(320K) NonClass: 105K(192K)->105K(192K) Class: 7K(128K)->7K(128K)
[2026-06-17T10:00:33.522+0800][32.385s][info][gc             ] GC(765) Pause Young (Allocation Failure) 49M->39M(61M) 2.167ms
[2026-06-17T10:00:33.522+0800][32.385s][info][gc,cpu         ] GC(765) User=0.00s Sys=0.00s Real=0.00s
[2026-06-17T10:00:33.565+0800][32.428s][info][gc,start       ] GC(766) Pause Young (Allocation Failure)
[2026-06-17T10:00:33.565+0800][32.428s][info][gc             ] GC(766) Pause Young (Allocation Failure) 56M->56M(61M) 0.444ms
[2026-06-17T10:00:33.566+0800][32.428s][info][gc,cpu         ] GC(766) User=0.00s Sys=0.00s Real=0.00s
[2026-06-17T10:00:33.566+0800][32.429s][info][gc,start       ] GC(767) Pause Full (Allocation Failure)
[2026-06-17T10:00:33.567+0800][32.429s][info][gc,phases,start] GC(767) Phase 1: Mark live objects
[2026-06-17T10:00:33.568+0800][32.430s][info][gc,phases      ] GC(767) Phase 1: Mark live objects 1.117ms
[2026-06-17T10:00:33.569+0800][32.432s][info][gc,phases,start] GC(767) Phase 2: Compute new object addresses
[2026-06-17T10:00:33.572+0800][32.434s][info][gc,phases      ] GC(767) Phase 2: Compute new object addresses 2.405ms
[2026-06-17T10:00:33.573+0800][32.436s][info][gc,phases,start] GC(767) Phase 3: Adjust pointers
[2026-06-17T10:00:33.576+0800][32.438s][info][gc,phases      ] GC(767) Phase 3: Adjust pointers 2.343ms
[2026-06-17T10:00:33.577+0800][32.440s][info][gc,phases,start] GC(767) Phase 4: Move objects
[2026-06-17T10:00:33.580+0800][32.443s][info][gc,phases      ] GC(767) Phase 4: Move objects 3.180ms
[2026-06-17T10:00:33.583+0800][32.446s][info][gc,heap        ] GC(767) DefNew: 19633K(19648K)->0K(19648K) Eden: 17465K(17472K)->0K(17472K) From: 2168K(2176K)->0K(2176K)
[2026-06-17T10:00:33.583+0800][32.446s][info][gc,heap        ] GC(767) Tenured: 37914K(43712K)->30297K(43712K)
[2026-06-17T10:00:33.587+0800][32.450s][info][gc,metaspace   ] GC(767) Metaspace: 113K(320K)->113K(320K) NonClass: 105K(192K)->105K(192K) Class: 7K(128K)->7K(128K)
[2026-06-17T10:00:33.589+0800][32.452s][info][gc             ] GC(767) Pause Full (Allocation Failure) 56M->29M(61M) 22.877ms
[2026-06-17T10:00:33.591+0800][32.454s][info][gc,cpu         ] GC(767) User=0.00s Sys=0.00s Real=0.03s
[2026-06-17T10:00:33.645+0800][32.508s][info][gc,start       ] GC(768) Pause Young (Allocation Failure)
[2026-06-17T10:00:33.646+0800][32.509s][info][gc,heap        ] GC(768) DefNew: 17472K(19648K)->2161K(19648K) Eden: 17472K(17472K)->0K(17472K) From: 0K(2176K)->2161K(2176K)
[2026-06-17T10:00:33.646+0800][32.509s][info][gc,heap        ] GC(768) Tenured: 30297K(43712K)->31806K(43712K)
[2026-06-17T10:00:33.647+0800][32.509s][info][gc,metaspace   ] GC(768) Metaspace: 113K(320K)->113K(320K) NonClass: 105K(192K)->105K(192K) Class: 7K(128K)->7K(128K)
[2026-06-17T10:00:33.647+0800][32.510s][info][gc             ] GC(768) Pause Young (Allocation Failure) 46M->33M(61M) 1.963ms
[2026-06-17T10:00:33.647+0800][32.510s][info][gc,cpu         ] GC(768) User=0.00s Sys=0.00s Real=0.00s
[2026-06-17T10:00:33.690+0800][32.552s][info][gc,start       ] GC(769) Pause Young (Allocation Failure)
[2026-06-17T10:00:33.691+0800][32.554s][info][gc,heap        ] GC(769) DefNew: 19633K(19648K)->2153K(19648K) Eden: 17472K(17472K)->0K(17472K) From: 2161K(2176K)->2153K(2176K)
[2026-06-17T10:00:33.692+0800][32.554s][info][gc,heap        ] GC(769) Tenured: 31806K(43712K)->34596K(43712K)
[2026-06-17T10:00:33.692+0800][32.555s][info][gc,metaspace   ] GC(769) Metaspace: 113K(320K)->113K(320K) NonClass: 105K(192K)->105K(192K) Class: 7K(128K)->7K(128K)
[2026-06-17T10:00:33.693+0800][32.555s][info][gc             ] GC(769) Pause Young (Allocation Failure) 50M->35M(61M) 2.903ms
[2026-06-17T10:00:33.693+0800][32.556s][info][gc,cpu         ] GC(769) User=0.00s Sys=0.00s Real=0.01s
[2026-06-17T10:00:33.735+0800][32.598s][info][gc,start       ] GC(770) Pause Young (Allocation Failure)
[2026-06-17T10:00:33.737+0800][32.599s][info][gc,heap        ] GC(770) DefNew: 19625K(19648K)->2046K(19648K) Eden: 17472K(17472K)->0K(17472K) From: 2153K(2176K)->2046K(2176K)
[2026-06-17T10:00:33.737+0800][32.600s][info][gc,heap        ] GC(770) Tenured: 34596K(43712K)->38052K(43712K)
[2026-06-17T10:00:33.738+0800][32.600s][info][gc,metaspace   ] GC(770) Metaspace: 113K(320K)->113K(320K) NonClass: 105K(192K)->105K(192K) Class: 7K(128K)->7K(128K)
[2026-06-17T10:00:33.738+0800][32.601s][info][gc             ] GC(770) Pause Young (Allocation Failure) 52M->39M(61M) 2.403ms
[2026-06-17T10:00:33.738+0800][32.601s][info][gc,cpu         ] GC(770) User=0.00s Sys=0.00s Real=0.00s
[2026-06-17T10:00:33.781+0800][32.643s][info][gc,start       ] GC(771) Pause Young (Allocation Failure)
[2026-06-17T10:00:33.781+0800][32.644s][info][gc             ] GC(771) Pause Young (Allocation Failure) 56M->56M(61M) 0.790ms
[2026-06-17T10:00:33.782+0800][32.645s][info][gc,cpu         ] GC(771) User=0.00s Sys=0.00s Real=0.00s
[2026-06-17T10:00:33.782+0800][32.645s][info][gc,start       ] GC(772) Pause Full (Allocation Failure)
[2026-06-17T10:00:33.783+0800][32.646s][info][gc,phases,start] GC(772) Phase 1: Mark live objects
[2026-06-17T10:00:33.784+0800][32.647s][info][gc,phases      ] GC(772) Phase 1: Mark live objects 0.862ms
[2026-06-17T10:00:33.784+0800][32.647s][info][gc,phases,start] GC(772) Phase 2: Compute new object addresses
[2026-06-17T10:00:33.785+0800][32.648s][info][gc,phases      ] GC(772) Phase 2: Compute new object addresses 0.548ms
[2026-06-17T10:00:33.785+0800][32.648s][info][gc,phases,start] GC(772) Phase 3: Adjust pointers
[2026-06-17T10:00:33.786+0800][32.649s][info][gc,phases      ] GC(772) Phase 3: Adjust pointers 0.540ms
[2026-06-17T10:00:33.786+0800][32.649s][info][gc,phases,start] GC(772) Phase 4: Move objects
[2026-06-17T10:00:33.788+0800][32.651s][info][gc,phases      ] GC(772) Phase 4: Move objects 2.074ms
[2026-06-17T10:00:33.790+0800][32.653s][info][gc,heap        ] GC(772) DefNew: 19518K(19648K)->0K(19648K) Eden: 17472K(17472K)->0K(17472K) From: 2046K(2176K)->0K(2176K)
[2026-06-17T10:00:33.793+0800][32.655s][info][gc,heap        ] GC(772) Tenured: 38052K(43712K)->23625K(43712K)
[2026-06-17T10:00:33.794+0800][32.657s][info][gc,metaspace   ] GC(772) Metaspace: 113K(320K)->113K(320K) NonClass: 105K(192K)->105K(192K) Class: 7K(128K)->7K(128K)
[2026-06-17T10:00:33.794+0800][32.657s][info][gc             ] GC(772) Pause Full (Allocation Failure) 56M->23M(61M) 12.129ms
[2026-06-17T10:00:33.796+0800][32.658s][info][gc,cpu         ] GC(772) User=0.00s Sys=0.00s Real=0.02s
[2026-06-17T10:00:33.841+0800][32.704s][info][gc,start       ] GC(773) Pause Young (Allocation Failure)
[2026-06-17T10:00:33.842+0800][32.705s][info][gc,heap        ] GC(773) DefNew: 17446K(19648K)->2163K(19648K) Eden: 17446K(17472K)->0K(17472K) From: 0K(2176K)->2163K(2176K)
[2026-06-17T10:00:33.843+0800][32.705s][info][gc,heap        ] GC(773) Tenured: 23625K(43712K)->28042K(43712K)
[2026-06-17T10:00:33.844+0800][32.707s][info][gc,metaspace   ] GC(773) Metaspace: 113K(320K)->113K(320K) NonClass: 105K(192K)->105K(192K) Class: 7K(128K)->7K(128K)
[2026-06-17T10:00:33.845+0800][32.708s][info][gc             ] GC(773) Pause Young (Allocation Failure) 40M->29M(61M) 4.081ms
[2026-06-17T10:00:33.845+0800][32.708s][info][gc,cpu         ] GC(773) User=0.00s Sys=0.00s Real=0.01s
[2026-06-17T10:00:33.888+0800][32.751s][info][gc,start       ] GC(774) Pause Young (Allocation Failure)
[2026-06-17T10:00:33.891+0800][32.754s][info][gc,heap        ] GC(774) DefNew: 19609K(19648K)->2162K(19648K) Eden: 17445K(17472K)->0K(17472K) From: 2163K(2176K)->2162K(2176K)
[2026-06-17T10:00:33.892+0800][32.755s][info][gc,heap        ] GC(774) Tenured: 28042K(43712K)->32111K(43712K)
[2026-06-17T10:00:33.893+0800][32.756s][info][gc,metaspace   ] GC(774) Metaspace: 113K(320K)->113K(320K) NonClass: 105K(192K)->105K(192K) Class: 7K(128K)->7K(128K)
[2026-06-17T10:00:33.896+0800][32.759s][info][gc             ] GC(774) Pause Young (Allocation Failure) 46M->33M(61M) 8.247ms
[2026-06-17T10:00:33.899+0800][32.762s][info][gc,cpu         ] GC(774) User=0.00s Sys=0.00s Real=0.01s
[2026-06-17T10:00:33.943+0800][32.806s][info][gc,start       ] GC(775) Pause Young (Allocation Failure)
[2026-06-17T10:00:33.944+0800][32.807s][info][gc,heap        ] GC(775) DefNew: 19629K(19648K)->2168K(19648K) Eden: 17467K(17472K)->0K(17472K) From: 2162K(2176K)->2168K(2176K)
[2026-06-17T10:00:33.945+0800][32.808s][info][gc,heap        ] GC(775) Tenured: 32111K(43712K)->35423K(43712K)
[2026-06-17T10:00:33.945+0800][32.808s][info][gc,metaspace   ] GC(775) Metaspace: 113K(320K)->113K(320K) NonClass: 105K(192K)->105K(192K) Class: 7K(128K)->7K(128K)
[2026-06-17T10:00:33.946+0800][32.809s][info][gc             ] GC(775) Pause Young (Allocation Failure) 50M->36M(61M) 2.703ms
[2026-06-17T10:00:33.947+0800][32.809s][info][gc,cpu         ] GC(775) User=0.00s Sys=0.00s Real=0.00s
[2026-06-17T10:00:33.989+0800][32.852s][info][gc,start       ] GC(776) Pause Young (Allocation Failure)
[2026-06-17T10:00:33.990+0800][32.853s][info][gc,heap        ] GC(776) DefNew: 19640K(19648K)->2166K(19648K) Eden: 17472K(17472K)->0K(17472K) From: 2168K(2176K)->2166K(2176K)
[2026-06-17T10:00:33.991+0800][32.853s][info][gc,heap        ] GC(776) Tenured: 35423K(43712K)->40303K(43712K)
[2026-06-17T10:00:33.991+0800][32.854s][info][gc,metaspace   ] GC(776) Metaspace: 113K(320K)->113K(320K) NonClass: 105K(192K)->105K(192K) Class: 7K(128K)->7K(128K)
[2026-06-17T10:00:33.991+0800][32.854s][info][gc             ] GC(776) Pause Young (Allocation Failure) 53M->41M(61M) 1.727ms
[2026-06-17T10:00:33.991+0800][32.854s][info][gc,cpu         ] GC(776) User=0.00s Sys=0.00s Real=0.01s
[2026-06-17T10:00:34.043+0800][32.906s][info][gc,start       ] GC(777) Pause Young (Allocation Failure)
[2026-06-17T10:00:34.045+0800][32.908s][info][gc             ] GC(777) Pause Young (Allocation Failure) 58M->58M(61M) 1.493ms
[2026-06-17T10:00:34.045+0800][32.908s][info][gc,cpu         ] GC(777) User=0.00s Sys=0.00s Real=0.00s
[2026-06-17T10:00:34.046+0800][32.909s][info][gc,start       ] GC(778) Pause Full (Allocation Failure)
[2026-06-17T10:00:34.047+0800][32.909s][info][gc,phases,start] GC(778) Phase 1: Mark live objects
[2026-06-17T10:00:34.048+0800][32.911s][info][gc,phases      ] GC(778) Phase 1: Mark live objects 1.759ms
[2026-06-17T10:00:34.049+0800][32.912s][info][gc,phases,start] GC(778) Phase 2: Compute new object addresses
[2026-06-17T10:00:34.050+0800][32.913s][info][gc,phases      ] GC(778) Phase 2: Compute new object addresses 0.974ms
[2026-06-17T10:00:34.051+0800][32.913s][info][gc,phases,start] GC(778) Phase 3: Adjust pointers
[2026-06-17T10:00:34.052+0800][32.914s][info][gc,phases      ] GC(778) Phase 3: Adjust pointers 1.016ms
[2026-06-17T10:00:34.052+0800][32.915s][info][gc,phases,start] GC(778) Phase 4: Move objects
[2026-06-17T10:00:34.055+0800][32.917s][info][gc,phases      ] GC(778) Phase 4: Move objects 2.880ms
[2026-06-17T10:00:34.057+0800][32.920s][info][gc,heap        ] GC(778) DefNew: 19638K(19648K)->0K(19648K) Eden: 17472K(17472K)->0K(17472K) From: 2166K(2176K)->0K(2176K)
[2026-06-17T10:00:34.057+0800][32.920s][info][gc,heap        ] GC(778) Tenured: 40303K(43712K)->27351K(43712K)
[2026-06-17T10:00:34.058+0800][32.920s][info][gc,metaspace   ] GC(778) Metaspace: 113K(320K)->113K(320K) NonClass: 105K(192K)->105K(192K) Class: 7K(128K)->7K(128K)
[2026-06-17T10:00:34.058+0800][32.921s][info][gc             ] GC(778) Pause Full (Allocation Failure) 58M->26M(61M) 11.491ms
[2026-06-17T10:00:34.058+0800][32.921s][info][gc,cpu         ] GC(778) User=0.01s Sys=0.00s Real=0.01s
[2026-06-17T10:00:34.091+0800][32.953s][info][gc,start       ] GC(779) Pause Young (Allocation Failure)
[2026-06-17T10:00:34.092+0800][32.955s][info][gc,heap        ] GC(779) DefNew: 17298K(19648K)->2175K(19648K) Eden: 17298K(17472K)->0K(17472K) From: 0K(2176K)->2175K(2176K)
[2026-06-17T10:00:34.092+0800][32.955s][info][gc,heap        ] GC(779) Tenured: 27351K(43712K)->31963K(43712K)
[2026-06-17T10:00:34.093+0800][32.956s][info][gc,metaspace   ] GC(779) Metaspace: 113K(320K)->113K(320K) NonClass: 105K(192K)->105K(192K) Class: 7K(128K)->7K(128K)
[2026-06-17T10:00:34.094+0800][32.956s][info][gc             ] GC(779) Pause Young (Allocation Failure) 43M->33M(61M) 2.963ms
[2026-06-17T10:00:34.094+0800][32.957s][info][gc,cpu         ] GC(779) User=0.00s Sys=0.00s Real=0.00s
[2026-06-17T10:00:34.147+0800][33.010s][info][gc,start       ] GC(780) Pause Young (Allocation Failure)
[2026-06-17T10:00:34.148+0800][33.011s][info][gc,heap        ] GC(780) DefNew: 19647K(19648K)->2087K(19648K) Eden: 17472K(17472K)->0K(17472K) From: 2175K(2176K)->2087K(2176K)
[2026-06-17T10:00:34.149+0800][33.012s][info][gc,heap        ] GC(780) Tenured: 31963K(43712K)->36146K(43712K)
[2026-06-17T10:00:34.150+0800][33.013s][info][gc,metaspace   ] GC(780) Metaspace: 113K(320K)->113K(320K) NonClass: 105K(192K)->105K(192K) Class: 7K(128K)->7K(128K)
[2026-06-17T10:00:34.151+0800][33.013s][info][gc             ] GC(780) Pause Young (Allocation Failure) 50M->37M(61M) 3.427ms
[2026-06-17T10:00:34.151+0800][33.014s][info][gc,cpu         ] GC(780) User=0.00s Sys=0.00s Real=0.01s
[2026-06-17T10:00:34.195+0800][33.058s][info][gc,start       ] GC(781) Pause Young (Allocation Failure)
[2026-06-17T10:00:34.201+0800][33.064s][info][gc,heap        ] GC(781) DefNew: 19499K(19648K)->2171K(19648K) Eden: 17411K(17472K)->0K(17472K) From: 2087K(2176K)->2171K(2176K)
[2026-06-17T10:00:34.232+0800][33.095s][info][gc,heap        ] GC(781) Tenured: 36146K(43712K)->39531K(43712K)
[2026-06-17T10:00:34.237+0800][33.099s][info][gc,metaspace   ] GC(781) Metaspace: 113K(320K)->113K(320K) NonClass: 105K(192K)->105K(192K) Class: 7K(128K)->7K(128K)
[2026-06-17T10:00:34.241+0800][33.103s][info][gc             ] GC(781) Pause Young (Allocation Failure) 54M->40M(61M) 45.633ms
[2026-06-17T10:00:34.249+0800][33.112s][info][gc,cpu         ] GC(781) User=0.01s Sys=0.00s Real=0.05s
[2026-06-17T10:00:34.299+0800][33.162s][info][gc,start       ] GC(782) Pause Young (Allocation Failure)
[2026-06-17T10:00:34.300+0800][33.163s][info][gc             ] GC(782) Pause Young (Allocation Failure) 57M->57M(61M) 0.668ms
[2026-06-17T10:00:34.301+0800][33.163s][info][gc,cpu         ] GC(782) User=0.00s Sys=0.00s Real=0.00s
[2026-06-17T10:00:34.301+0800][33.164s][info][gc,start       ] GC(783) Pause Full (Allocation Failure)
[2026-06-17T10:00:34.302+0800][33.164s][info][gc,phases,start] GC(783) Phase 1: Mark live objects
[2026-06-17T10:00:34.303+0800][33.166s][info][gc,phases      ] GC(783) Phase 1: Mark live objects 1.422ms
[2026-06-17T10:00:34.303+0800][33.166s][info][gc,phases,start] GC(783) Phase 2: Compute new object addresses
[2026-06-17T10:00:34.304+0800][33.167s][info][gc,phases      ] GC(783) Phase 2: Compute new object addresses 0.879ms
[2026-06-17T10:00:34.305+0800][33.168s][info][gc,phases,start] GC(783) Phase 3: Adjust pointers
[2026-06-17T10:00:34.306+0800][33.168s][info][gc,phases      ] GC(783) Phase 3: Adjust pointers 0.511ms
[2026-06-17T10:00:34.306+0800][33.169s][info][gc,phases,start] GC(783) Phase 4: Move objects
[2026-06-17T10:00:34.308+0800][33.171s][info][gc,phases      ] GC(783) Phase 4: Move objects 2.206ms
[2026-06-17T10:00:34.309+0800][33.171s][info][gc,heap        ] GC(783) DefNew: 19601K(19648K)->0K(19648K) Eden: 17429K(17472K)->0K(17472K) From: 2171K(2176K)->0K(2176K)
[2026-06-17T10:00:34.309+0800][33.172s][info][gc,heap        ] GC(783) Tenured: 39531K(43712K)->30825K(43712K)
[2026-06-17T10:00:34.309+0800][33.172s][info][gc,metaspace   ] GC(783) Metaspace: 113K(320K)->113K(320K) NonClass: 105K(192K)->105K(192K) Class: 7K(128K)->7K(128K)
[2026-06-17T10:00:34.310+0800][33.172s][info][gc             ] GC(783) Pause Full (Allocation Failure) 57M->30M(61M) 8.374ms
[2026-06-17T10:00:34.310+0800][33.172s][info][gc,cpu         ] GC(783) User=0.00s Sys=0.00s Real=0.01s
[2026-06-17T10:00:34.362+0800][33.225s][info][gc,start       ] GC(784) Pause Young (Allocation Failure)
[2026-06-17T10:00:34.363+0800][33.226s][info][gc,heap        ] GC(784) DefNew: 17441K(19648K)->2074K(19648K) Eden: 17441K(17472K)->0K(17472K) From: 0K(2176K)->2074K(2176K)
[2026-06-17T10:00:34.363+0800][33.226s][info][gc,heap        ] GC(784) Tenured: 30825K(43712K)->32676K(43712K)
[2026-06-17T10:00:34.364+0800][33.227s][info][gc,metaspace   ] GC(784) Metaspace: 113K(320K)->113K(320K) NonClass: 105K(192K)->105K(192K) Class: 7K(128K)->7K(128K)
[2026-06-17T10:00:34.364+0800][33.227s][info][gc             ] GC(784) Pause Young (Allocation Failure) 47M->33M(61M) 2.215ms
[2026-06-17T10:00:34.365+0800][33.227s][info][gc,cpu         ] GC(784) User=0.00s Sys=0.00s Real=0.01s
[2026-06-17T10:00:34.397+0800][33.260s][info][gc,start       ] GC(785) Pause Young (Allocation Failure)
[2026-06-17T10:00:34.399+0800][33.261s][info][gc,heap        ] GC(785) DefNew: 19472K(19648K)->2155K(19648K) Eden: 17398K(17472K)->0K(17472K) From: 2074K(2176K)->2155K(2176K)
[2026-06-17T10:00:34.399+0800][33.262s][info][gc,heap        ] GC(785) Tenured: 32676K(43712K)->35823K(43712K)
[2026-06-17T10:00:34.400+0800][33.263s][info][gc,metaspace   ] GC(785) Metaspace: 113K(320K)->113K(320K) NonClass: 105K(192K)->105K(192K) Class: 7K(128K)->7K(128K)
[2026-06-17T10:00:34.400+0800][33.263s][info][gc             ] GC(785) Pause Young (Allocation Failure) 50M->37M(61M) 3.291ms
[2026-06-17T10:00:34.401+0800][33.264s][info][gc,cpu         ] GC(785) User=0.00s Sys=0.00s Real=0.00s
[2026-06-17T10:00:34.444+0800][33.307s][info][gc,start       ] GC(786) Pause Young (Allocation Failure)
[2026-06-17T10:00:34.446+0800][33.309s][info][gc,heap        ] GC(786) DefNew: 19607K(19648K)->2172K(19648K) Eden: 17452K(17472K)->0K(17472K) From: 2155K(2176K)->2172K(2176K)
[2026-06-17T10:00:34.447+0800][33.310s][info][gc,heap        ] GC(786) Tenured: 35823K(43712K)->42643K(43712K)
[2026-06-17T10:00:34.448+0800][33.311s][info][gc,metaspace   ] GC(786) Metaspace: 113K(320K)->113K(320K) NonClass: 105K(192K)->105K(192K) Class: 7K(128K)->7K(128K)
[2026-06-17T10:00:34.449+0800][33.311s][info][gc             ] GC(786) Pause Young (Allocation Failure) 54M->43M(61M) 4.557ms
[2026-06-17T10:00:34.449+0800][33.312s][info][gc,cpu         ] GC(786) User=0.00s Sys=0.00s Real=0.00s
[2026-06-17T10:00:34.502+0800][33.365s][info][gc,start       ] GC(787) Pause Young (Allocation Failure)
[2026-06-17T10:00:34.503+0800][33.365s][info][gc             ] GC(787) Pause Young (Allocation Failure) 60M->60M(61M) 0.650ms
[2026-06-17T10:00:34.503+0800][33.366s][info][gc,cpu         ] GC(787) User=0.00s Sys=0.00s Real=0.01s
[2026-06-17T10:00:34.504+0800][33.366s][info][gc,start       ] GC(788) Pause Full (Allocation Failure)
[2026-06-17T10:00:34.504+0800][33.367s][info][gc,phases,start] GC(788) Phase 1: Mark live objects
[2026-06-17T10:00:34.505+0800][33.368s][info][gc,phases      ] GC(788) Phase 1: Mark live objects 1.077ms
[2026-06-17T10:00:34.505+0800][33.368s][info][gc,phases,start] GC(788) Phase 2: Compute new object addresses
[2026-06-17T10:00:34.506+0800][33.369s][info][gc,phases      ] GC(788) Phase 2: Compute new object addresses 0.573ms
[2026-06-17T10:00:34.506+0800][33.369s][info][gc,phases,start] GC(788) Phase 3: Adjust pointers
[2026-06-17T10:00:34.507+0800][33.370s][info][gc,phases      ] GC(788) Phase 3: Adjust pointers 0.619ms
[2026-06-17T10:00:34.507+0800][33.370s][info][gc,phases,start] GC(788) Phase 4: Move objects
[2026-06-17T10:00:34.510+0800][33.373s][info][gc,phases      ] GC(788) Phase 4: Move objects 2.676ms
[2026-06-17T10:00:34.510+0800][33.373s][info][gc,heap        ] GC(788) DefNew: 19644K(19648K)->0K(19648K) Eden: 17472K(17472K)->0K(17472K) From: 2172K(2176K)->0K(2176K)
[2026-06-17T10:00:34.511+0800][33.374s][info][gc,heap        ] GC(788) Tenured: 42643K(43712K)->34024K(43712K)
[2026-06-17T10:00:34.511+0800][33.374s][info][gc,metaspace   ] GC(788) Metaspace: 113K(320K)->113K(320K) NonClass: 105K(192K)->105K(192K) Class: 7K(128K)->7K(128K)
[2026-06-17T10:00:34.512+0800][33.374s][info][gc             ] GC(788) Pause Full (Allocation Failure) 60M->33M(61M) 8.071ms
[2026-06-17T10:00:34.512+0800][33.375s][info][gc,cpu         ] GC(788) User=0.01s Sys=0.00s Real=0.01s
[2026-06-17T10:00:34.554+0800][33.417s][info][gc,start       ] GC(789) Pause Young (Allocation Failure)
[2026-06-17T10:00:34.556+0800][33.418s][info][gc,heap        ] GC(789) DefNew: 17468K(19648K)->2153K(19648K) Eden: 17468K(17472K)->0K(17472K) From: 0K(2176K)->2153K(2176K)
[2026-06-17T10:00:34.556+0800][33.419s][info][gc,heap        ] GC(789) Tenured: 34024K(43712K)->38860K(43712K)
[2026-06-17T10:00:34.557+0800][33.419s][info][gc,metaspace   ] GC(789) Metaspace: 113K(320K)->113K(320K) NonClass: 105K(192K)->105K(192K) Class: 7K(128K)->7K(128K)
[2026-06-17T10:00:34.557+0800][33.420s][info][gc             ] GC(789) Pause Young (Allocation Failure) 50M->40M(61M) 2.725ms
[2026-06-17T10:00:34.557+0800][33.420s][info][gc,cpu         ] GC(789) User=0.00s Sys=0.00s Real=0.00s
[2026-06-17T10:00:34.600+0800][33.462s][info][gc,start       ] GC(790) Pause Young (Allocation Failure)
[2026-06-17T10:00:34.600+0800][33.463s][info][gc             ] GC(790) Pause Young (Allocation Failure) 57M->57M(61M) 0.774ms
[2026-06-17T10:00:34.601+0800][33.464s][info][gc,cpu         ] GC(790) User=0.00s Sys=0.00s Real=0.00s
[2026-06-17T10:00:34.601+0800][33.464s][info][gc,start       ] GC(791) Pause Full (Allocation Failure)
[2026-06-17T10:00:34.602+0800][33.464s][info][gc,phases,start] GC(791) Phase 1: Mark live objects
[2026-06-17T10:00:34.603+0800][33.465s][info][gc,phases      ] GC(791) Phase 1: Mark live objects 0.918ms
[2026-06-17T10:00:34.603+0800][33.466s][info][gc,phases,start] GC(791) Phase 2: Compute new object addresses
[2026-06-17T10:00:34.603+0800][33.466s][info][gc,phases      ] GC(791) Phase 2: Compute new object addresses 0.534ms
[2026-06-17T10:00:34.604+0800][33.467s][info][gc,phases,start] GC(791) Phase 3: Adjust pointers
[2026-06-17T10:00:34.604+0800][33.467s][info][gc,phases      ] GC(791) Phase 3: Adjust pointers 0.615ms
[2026-06-17T10:00:34.605+0800][33.467s][info][gc,phases,start] GC(791) Phase 4: Move objects
[2026-06-17T10:00:34.607+0800][33.470s][info][gc,phases      ] GC(791) Phase 4: Move objects 2.246ms
[2026-06-17T10:00:34.607+0800][33.470s][info][gc,heap        ] GC(791) DefNew: 19622K(19648K)->0K(19648K) Eden: 17469K(17472K)->0K(17472K) From: 2153K(2176K)->0K(2176K)
[2026-06-17T10:00:34.608+0800][33.471s][info][gc,heap        ] GC(791) Tenured: 38860K(43712K)->32003K(43712K)
[2026-06-17T10:00:34.608+0800][33.471s][info][gc,metaspace   ] GC(791) Metaspace: 113K(320K)->113K(320K) NonClass: 105K(192K)->105K(192K) Class: 7K(128K)->7K(128K)
[2026-06-17T10:00:34.609+0800][33.471s][info][gc             ] GC(791) Pause Full (Allocation Failure) 57M->31M(61M) 7.219ms
[2026-06-17T10:00:34.609+0800][33.472s][info][gc,cpu         ] GC(791) User=0.00s Sys=0.00s Real=0.01s
[2026-06-17T10:00:34.652+0800][33.515s][info][gc,start       ] GC(792) Pause Young (Allocation Failure)
[2026-06-17T10:00:34.654+0800][33.517s][info][gc,heap        ] GC(792) DefNew: 17472K(19648K)->2173K(19648K) Eden: 17472K(17472K)->0K(17472K) From: 0K(2176K)->2173K(2176K)
[2026-06-17T10:00:34.654+0800][33.517s][info][gc,heap        ] GC(792) Tenured: 32003K(43712K)->36484K(43712K)
[2026-06-17T10:00:34.655+0800][33.518s][info][gc,metaspace   ] GC(792) Metaspace: 113K(320K)->113K(320K) NonClass: 105K(192K)->105K(192K) Class: 7K(128K)->7K(128K)
[2026-06-17T10:00:34.656+0800][33.518s][info][gc             ] GC(792) Pause Young (Allocation Failure) 48M->37M(61M) 3.824ms
[2026-06-17T10:00:34.656+0800][33.519s][info][gc,cpu         ] GC(792) User=0.00s Sys=0.00s Real=0.00s
[2026-06-17T10:00:34.698+0800][33.561s][info][gc,start       ] GC(793) Pause Young (Allocation Failure)
[2026-06-17T10:00:34.700+0800][33.563s][info][gc,heap        ] GC(793) DefNew: 19645K(19648K)->2174K(19648K) Eden: 17472K(17472K)->0K(17472K) From: 2173K(2176K)->2174K(2176K)
[2026-06-17T10:00:34.700+0800][33.563s][info][gc,heap        ] GC(793) Tenured: 36484K(43712K)->41979K(43712K)
[2026-06-17T10:00:34.701+0800][33.564s][info][gc,metaspace   ] GC(793) Metaspace: 113K(320K)->113K(320K) NonClass: 105K(192K)->105K(192K) Class: 7K(128K)->7K(128K)
[2026-06-17T10:00:34.701+0800][33.564s][info][gc             ] GC(793) Pause Young (Allocation Failure) 54M->43M(61M) 2.891ms
[2026-06-17T10:00:34.702+0800][33.564s][info][gc,cpu         ] GC(793) User=0.00s Sys=0.00s Real=0.00s
[2026-06-17T10:00:34.744+0800][33.607s][info][gc,start       ] GC(794) Pause Young (Allocation Failure)
[2026-06-17T10:00:34.745+0800][33.607s][info][gc             ] GC(794) Pause Young (Allocation Failure) 60M->60M(61M) 0.659ms
[2026-06-17T10:00:34.745+0800][33.608s][info][gc,cpu         ] GC(794) User=0.00s Sys=0.00s Real=0.00s
[2026-06-17T10:00:34.746+0800][33.609s][info][gc,start       ] GC(795) Pause Full (Allocation Failure)
[2026-06-17T10:00:34.746+0800][33.609s][info][gc,phases,start] GC(795) Phase 1: Mark live objects
[2026-06-17T10:00:34.747+0800][33.610s][info][gc,phases      ] GC(795) Phase 1: Mark live objects 1.146ms
[2026-06-17T10:00:34.748+0800][33.610s][info][gc,phases,start] GC(795) Phase 2: Compute new object addresses
[2026-06-17T10:00:34.748+0800][33.611s][info][gc,phases      ] GC(795) Phase 2: Compute new object addresses 0.756ms
[2026-06-17T10:00:34.749+0800][33.612s][info][gc,phases,start] GC(795) Phase 3: Adjust pointers
[2026-06-17T10:00:34.750+0800][33.613s][info][gc,phases      ] GC(795) Phase 3: Adjust pointers 0.768ms
[2026-06-17T10:00:34.750+0800][33.613s][info][gc,phases,start] GC(795) Phase 4: Move objects
[2026-06-17T10:00:34.753+0800][33.615s][info][gc,phases      ] GC(795) Phase 4: Move objects 2.273ms
[2026-06-17T10:00:34.753+0800][33.616s][info][gc,heap        ] GC(795) DefNew: 19623K(19648K)->0K(19648K) Eden: 17448K(17472K)->0K(17472K) From: 2174K(2176K)->0K(2176K)
[2026-06-17T10:00:34.754+0800][33.616s][info][gc,heap        ] GC(795) Tenured: 41979K(43712K)->29890K(43712K)
[2026-06-17T10:00:34.754+0800][33.617s][info][gc,metaspace   ] GC(795) Metaspace: 113K(320K)->113K(320K) NonClass: 105K(192K)->105K(192K) Class: 7K(128K)->7K(128K)
[2026-06-17T10:00:34.754+0800][33.617s][info][gc             ] GC(795) Pause Full (Allocation Failure) 60M->29M(61M) 8.599ms
[2026-06-17T10:00:34.755+0800][33.618s][info][gc,cpu         ] GC(795) User=0.01s Sys=0.00s Real=0.01s
[2026-06-17T10:00:34.797+0800][33.660s][info][gc,start       ] GC(796) Pause Young (Allocation Failure)
[2026-06-17T10:00:34.798+0800][33.661s][info][gc,heap        ] GC(796) DefNew: 17415K(19648K)->2109K(19648K) Eden: 17415K(17472K)->0K(17472K) From: 0K(2176K)->2109K(2176K)
[2026-06-17T10:00:34.799+0800][33.661s][info][gc,heap        ] GC(796) Tenured: 29890K(43712K)->31381K(43712K)
[2026-06-17T10:00:34.799+0800][33.662s][info][gc,metaspace   ] GC(796) Metaspace: 113K(320K)->113K(320K) NonClass: 105K(192K)->105K(192K) Class: 7K(128K)->7K(128K)
[2026-06-17T10:00:34.800+0800][33.662s][info][gc             ] GC(796) Pause Young (Allocation Failure) 46M->32M(61M) 2.423ms
[2026-06-17T10:00:34.800+0800][33.663s][info][gc,cpu         ] GC(796) User=0.00s Sys=0.00s Real=0.00s
[2026-06-17T10:00:34.853+0800][33.715s][info][gc,start       ] GC(797) Pause Young (Allocation Failure)
[2026-06-17T10:00:34.854+0800][33.717s][info][gc,heap        ] GC(797) DefNew: 19581K(19648K)->2071K(19648K) Eden: 17472K(17472K)->0K(17472K) From: 2109K(2176K)->2071K(2176K)
[2026-06-17T10:00:34.855+0800][33.718s][info][gc,heap        ] GC(797) Tenured: 31381K(43712K)->35378K(43712K)
[2026-06-17T10:00:34.855+0800][33.718s][info][gc,metaspace   ] GC(797) Metaspace: 113K(320K)->113K(320K) NonClass: 105K(192K)->105K(192K) Class: 7K(128K)->7K(128K)
[2026-06-17T10:00:34.856+0800][33.719s][info][gc             ] GC(797) Pause Young (Allocation Failure) 49M->36M(61M) 3.256ms
[2026-06-17T10:00:34.856+0800][33.719s][info][gc,cpu         ] GC(797) User=0.00s Sys=0.00s Real=0.00s
[2026-06-17T10:00:34.899+0800][33.762s][info][gc,start       ] GC(798) Pause Young (Allocation Failure)
[2026-06-17T10:00:34.900+0800][33.763s][info][gc,heap        ] GC(798) DefNew: 19490K(19648K)->2130K(19648K) Eden: 17419K(17472K)->0K(17472K) From: 2071K(2176K)->2130K(2176K)
[2026-06-17T10:00:34.901+0800][33.763s][info][gc,heap        ] GC(798) Tenured: 35378K(43712K)->39207K(43712K)
[2026-06-17T10:00:34.901+0800][33.764s][info][gc,metaspace   ] GC(798) Metaspace: 113K(320K)->113K(320K) NonClass: 106K(192K)->106K(192K) Class: 7K(128K)->7K(128K)
[2026-06-17T10:00:34.902+0800][33.764s][info][gc             ] GC(798) Pause Young (Allocation Failure) 53M->40M(61M) 2.703ms
[2026-06-17T10:00:34.902+0800][33.765s][info][gc,cpu         ] GC(798) User=0.00s Sys=0.00s Real=0.00s
[2026-06-17T10:00:34.944+0800][33.807s][info][gc,start       ] GC(799) Pause Young (Allocation Failure)
[2026-06-17T10:00:34.945+0800][33.808s][info][gc             ] GC(799) Pause Young (Allocation Failure) 57M->57M(61M) 0.683ms
[2026-06-17T10:00:34.946+0800][33.808s][info][gc,cpu         ] GC(799) User=0.00s Sys=0.00s Real=0.00s
[2026-06-17T10:00:34.946+0800][33.809s][info][gc,start       ] GC(800) Pause Full (Allocation Failure)
[2026-06-17T10:00:34.947+0800][33.809s][info][gc,phases,start] GC(800) Phase 1: Mark live objects
[2026-06-17T10:00:34.948+0800][33.811s][info][gc,phases      ] GC(800) Phase 1: Mark live objects 1.224ms
[2026-06-17T10:00:34.949+0800][33.811s][info][gc,phases,start] GC(800) Phase 2: Compute new object addresses
[2026-06-17T10:00:34.949+0800][33.812s][info][gc,phases      ] GC(800) Phase 2: Compute new object addresses 0.803ms
[2026-06-17T10:00:34.950+0800][33.813s][info][gc,phases,start] GC(800) Phase 3: Adjust pointers
[2026-06-17T10:00:34.951+0800][33.814s][info][gc,phases      ] GC(800) Phase 3: Adjust pointers 0.927ms
[2026-06-17T10:00:34.951+0800][33.814s][info][gc,phases,start] GC(800) Phase 4: Move objects
[2026-06-17T10:00:34.955+0800][33.817s][info][gc,phases      ] GC(800) Phase 4: Move objects 3.215ms
[2026-06-17T10:00:34.955+0800][33.818s][info][gc,heap        ] GC(800) DefNew: 19589K(19648K)->0K(19648K) Eden: 17458K(17472K)->0K(17472K) From: 2130K(2176K)->0K(2176K)
[2026-06-17T10:00:34.956+0800][33.819s][info][gc,heap        ] GC(800) Tenured: 39207K(43712K)->25194K(43712K)
[2026-06-17T10:00:34.956+0800][33.819s][info][gc,metaspace   ] GC(800) Metaspace: 113K(320K)->113K(320K) NonClass: 106K(192K)->106K(192K) Class: 7K(128K)->7K(128K)
[2026-06-17T10:00:34.957+0800][33.820s][info][gc             ] GC(800) Pause Full (Allocation Failure) 57M->24M(61M) 10.783ms
[2026-06-17T10:00:34.957+0800][33.820s][info][gc,cpu         ] GC(800) User=0.01s Sys=0.00s Real=0.01s
[2026-06-17T10:00:35.000+0800][33.863s][info][gc,start       ] GC(801) Pause Young (Allocation Failure)
[2026-06-17T10:00:35.001+0800][33.864s][info][gc,heap        ] GC(801) DefNew: 17462K(19648K)->2168K(19648K) Eden: 17462K(17472K)->0K(17472K) From: 0K(2176K)->2168K(2176K)
[2026-06-17T10:00:35.002+0800][33.865s][info][gc,heap        ] GC(801) Tenured: 25194K(43712K)->29892K(43712K)
[2026-06-17T10:00:35.002+0800][33.865s][info][gc,metaspace   ] GC(801) Metaspace: 113K(320K)->113K(320K) NonClass: 106K(192K)->106K(192K) Class: 7K(128K)->7K(128K)
[2026-06-17T10:00:35.003+0800][33.866s][info][gc             ] GC(801) Pause Young (Allocation Failure) 41M->31M(61M) 3.015ms
[2026-06-17T10:00:35.004+0800][33.866s][info][gc,cpu         ] GC(801) User=0.00s Sys=0.00s Real=0.01s
[2026-06-17T10:00:35.046+0800][33.909s][info][gc,start       ] GC(802) Pause Young (Allocation Failure)
[2026-06-17T10:00:35.048+0800][33.911s][info][gc,heap        ] GC(802) DefNew: 19640K(19648K)->2173K(19648K) Eden: 17472K(17472K)->0K(17472K) From: 2168K(2176K)->2173K(2176K)
[2026-06-17T10:00:35.049+0800][33.912s][info][gc,heap        ] GC(802) Tenured: 29892K(43712K)->36091K(43712K)
[2026-06-17T10:00:35.050+0800][33.912s][info][gc,metaspace   ] GC(802) Metaspace: 113K(320K)->113K(320K) NonClass: 106K(192K)->106K(192K) Class: 7K(128K)->7K(128K)
[2026-06-17T10:00:35.050+0800][33.913s][info][gc             ] GC(802) Pause Young (Allocation Failure) 48M->37M(61M) 4.188ms
[2026-06-17T10:00:35.051+0800][33.914s][info][gc,cpu         ] GC(802) User=0.00s Sys=0.00s Real=0.01s
[2026-06-17T10:00:35.093+0800][33.956s][info][gc,start       ] GC(803) Pause Young (Allocation Failure)
[2026-06-17T10:00:35.094+0800][33.957s][info][gc             ] GC(803) Pause Young (Allocation Failure) 54M->54M(61M) 0.612ms
[2026-06-17T10:00:35.094+0800][33.957s][info][gc,cpu         ] GC(803) User=0.00s Sys=0.00s Real=0.00s
[2026-06-17T10:00:35.095+0800][33.958s][info][gc,start       ] GC(804) Pause Full (Allocation Failure)
[2026-06-17T10:00:35.095+0800][33.958s][info][gc,phases,start] GC(804) Phase 1: Mark live objects
[2026-06-17T10:00:35.096+0800][33.959s][info][gc,phases      ] GC(804) Phase 1: Mark live objects 1.064ms
[2026-06-17T10:00:35.097+0800][33.960s][info][gc,phases,start] GC(804) Phase 2: Compute new object addresses
[2026-06-17T10:00:35.098+0800][33.961s][info][gc,phases      ] GC(804) Phase 2: Compute new object addresses 0.792ms
[2026-06-17T10:00:35.098+0800][33.961s][info][gc,phases,start] GC(804) Phase 3: Adjust pointers
[2026-06-17T10:00:35.099+0800][33.962s][info][gc,phases      ] GC(804) Phase 3: Adjust pointers 0.814ms
[2026-06-17T10:00:35.100+0800][33.962s][info][gc,phases,start] GC(804) Phase 4: Move objects
[2026-06-17T10:00:35.102+0800][33.964s][info][gc,phases      ] GC(804) Phase 4: Move objects 2.036ms
[2026-06-17T10:00:35.102+0800][33.965s][info][gc,heap        ] GC(804) DefNew: 19631K(19648K)->0K(19648K) Eden: 17457K(17472K)->0K(17472K) From: 2173K(2176K)->0K(2176K)
[2026-06-17T10:00:35.103+0800][33.966s][info][gc,heap        ] GC(804) Tenured: 36091K(43712K)->25893K(43712K)
[2026-06-17T10:00:35.103+0800][33.966s][info][gc,metaspace   ] GC(804) Metaspace: 113K(320K)->113K(320K) NonClass: 106K(192K)->106K(192K) Class: 7K(128K)->7K(128K)
[2026-06-17T10:00:35.104+0800][33.966s][info][gc             ] GC(804) Pause Full (Allocation Failure) 54M->25M(61M) 8.938ms
[2026-06-17T10:00:35.104+0800][33.967s][info][gc,cpu         ] GC(804) User=0.00s Sys=0.00s Real=0.01s
[2026-06-17T10:00:35.156+0800][34.019s][info][gc,start       ] GC(805) Pause Young (Allocation Failure)
[2026-06-17T10:00:35.157+0800][34.020s][info][gc,heap        ] GC(805) DefNew: 17441K(19648K)->2168K(19648K) Eden: 17441K(17472K)->0K(17472K) From: 0K(2176K)->2168K(2176K)
[2026-06-17T10:00:35.158+0800][34.021s][info][gc,heap        ] GC(805) Tenured: 25893K(43712K)->28003K(43712K)
[2026-06-17T10:00:35.159+0800][34.022s][info][gc,metaspace   ] GC(805) Metaspace: 113K(320K)->113K(320K) NonClass: 106K(192K)->106K(192K) Class: 7K(128K)->7K(128K)
[2026-06-17T10:00:35.160+0800][34.023s][info][gc             ] GC(805) Pause Young (Allocation Failure) 42M->29M(61M) 3.683ms
[2026-06-17T10:00:35.160+0800][34.023s][info][gc,cpu         ] GC(805) User=0.00s Sys=0.00s Real=0.00s
[2026-06-17T10:00:35.203+0800][34.066s][info][gc,start       ] GC(806) Pause Young (Allocation Failure)
[2026-06-17T10:00:35.204+0800][34.067s][info][gc,heap        ] GC(806) DefNew: 19632K(19648K)->2135K(19648K) Eden: 17463K(17472K)->0K(17472K) From: 2168K(2176K)->2135K(2176K)
[2026-06-17T10:00:35.205+0800][34.068s][info][gc,heap        ] GC(806) Tenured: 28003K(43712K)->32019K(43712K)
[2026-06-17T10:00:35.205+0800][34.068s][info][gc,metaspace   ] GC(806) Metaspace: 113K(320K)->113K(320K) NonClass: 106K(192K)->106K(192K) Class: 7K(128K)->7K(128K)
[2026-06-17T10:00:35.206+0800][34.069s][info][gc             ] GC(806) Pause Young (Allocation Failure) 46M->33M(61M) 3.087ms
[2026-06-17T10:00:35.206+0800][34.069s][info][gc,cpu         ] GC(806) User=0.00s Sys=0.00s Real=0.00s
[2026-06-17T10:00:35.249+0800][34.112s][info][gc,start       ] GC(807) Pause Young (Allocation Failure)
[2026-06-17T10:00:35.250+0800][34.113s][info][gc,heap        ] GC(807) DefNew: 19601K(19648K)->2172K(19648K) Eden: 17465K(17472K)->0K(17472K) From: 2135K(2176K)->2172K(2176K)
[2026-06-17T10:00:35.251+0800][34.114s][info][gc,heap        ] GC(807) Tenured: 32019K(43712K)->36111K(43712K)
[2026-06-17T10:00:35.251+0800][34.114s][info][gc,metaspace   ] GC(807) Metaspace: 113K(320K)->113K(320K) NonClass: 106K(192K)->106K(192K) Class: 7K(128K)->7K(128K)
[2026-06-17T10:00:35.252+0800][34.115s][info][gc             ] GC(807) Pause Young (Allocation Failure) 50M->37M(61M) 2.638ms
[2026-06-17T10:00:35.252+0800][34.115s][info][gc,cpu         ] GC(807) User=0.00s Sys=0.00s Real=0.01s
[2026-06-17T10:00:35.295+0800][34.158s][info][gc,start       ] GC(808) Pause Young (Allocation Failure)
[2026-06-17T10:00:35.296+0800][34.159s][info][gc,heap        ] GC(808) DefNew: 19437K(19648K)->1928K(19648K) Eden: 17264K(17472K)->0K(17472K) From: 2172K(2176K)->1928K(2176K)
[2026-06-17T10:00:35.297+0800][34.160s][info][gc,heap        ] GC(808) Tenured: 36111K(43712K)->37777K(43712K)
[2026-06-17T10:00:35.297+0800][34.160s][info][gc,metaspace   ] GC(808) Metaspace: 113K(320K)->113K(320K) NonClass: 106K(192K)->106K(192K) Class: 7K(128K)->7K(128K)
[2026-06-17T10:00:35.298+0800][34.161s][info][gc             ] GC(808) Pause Young (Allocation Failure) 54M->38M(61M) 2.905ms
[2026-06-17T10:00:35.298+0800][34.161s][info][gc,cpu         ] GC(808) User=0.00s Sys=0.00s Real=0.00s
[2026-06-17T10:00:35.352+0800][34.215s][info][gc,start       ] GC(809) Pause Young (Allocation Failure)
[2026-06-17T10:00:35.353+0800][34.216s][info][gc             ] GC(809) Pause Young (Allocation Failure) 55M->55M(61M) 0.572ms
[2026-06-17T10:00:35.353+0800][34.216s][info][gc,cpu         ] GC(809) User=0.00s Sys=0.00s Real=0.00s
[2026-06-17T10:00:35.354+0800][34.216s][info][gc,start       ] GC(810) Pause Full (Allocation Failure)
[2026-06-17T10:00:35.355+0800][34.217s][info][gc,phases,start] GC(810) Phase 1: Mark live objects
[2026-06-17T10:00:35.356+0800][34.218s][info][gc,phases      ] GC(810) Phase 1: Mark live objects 1.057ms
[2026-06-17T10:00:35.356+0800][34.219s][info][gc,phases,start] GC(810) Phase 2: Compute new object addresses
[2026-06-17T10:00:35.357+0800][34.219s][info][gc,phases      ] GC(810) Phase 2: Compute new object addresses 0.626ms
[2026-06-17T10:00:35.357+0800][34.220s][info][gc,phases,start] GC(810) Phase 3: Adjust pointers
[2026-06-17T10:00:35.358+0800][34.220s][info][gc,phases      ] GC(810) Phase 3: Adjust pointers 0.773ms
[2026-06-17T10:00:35.359+0800][34.222s][info][gc,phases,start] GC(810) Phase 4: Move objects
[2026-06-17T10:00:35.361+0800][34.224s][info][gc,phases      ] GC(810) Phase 4: Move objects 2.115ms
[2026-06-17T10:00:35.362+0800][34.225s][info][gc,heap        ] GC(810) DefNew: 19400K(19648K)->0K(19648K) Eden: 17472K(17472K)->0K(17472K) From: 1928K(2176K)->0K(2176K)
[2026-06-17T10:00:35.362+0800][34.225s][info][gc,heap        ] GC(810) Tenured: 37777K(43712K)->27144K(43712K)
[2026-06-17T10:00:35.363+0800][34.225s][info][gc,metaspace   ] GC(810) Metaspace: 113K(320K)->113K(320K) NonClass: 106K(192K)->106K(192K) Class: 7K(128K)->7K(128K)
[2026-06-17T10:00:35.363+0800][34.226s][info][gc             ] GC(810) Pause Full (Allocation Failure) 55M->26M(61M) 9.256ms
[2026-06-17T10:00:35.363+0800][34.226s][info][gc,cpu         ] GC(810) User=0.01s Sys=0.00s Real=0.01s
[2026-06-17T10:00:35.405+0800][34.268s][info][gc,start       ] GC(811) Pause Young (Allocation Failure)
[2026-06-17T10:00:35.407+0800][34.270s][info][gc,heap        ] GC(811) DefNew: 17472K(19648K)->2173K(19648K) Eden: 17472K(17472K)->0K(17472K) From: 0K(2176K)->2173K(2176K)
[2026-06-17T10:00:35.407+0800][34.270s][info][gc,heap        ] GC(811) Tenured: 27144K(43712K)->32419K(43712K)
[2026-06-17T10:00:35.408+0800][34.270s][info][gc,metaspace   ] GC(811) Metaspace: 113K(320K)->113K(320K) NonClass: 106K(192K)->106K(192K) Class: 7K(128K)->7K(128K)
[2026-06-17T10:00:35.408+0800][34.271s][info][gc             ] GC(811) Pause Young (Allocation Failure) 43M->33M(61M) 2.531ms
[2026-06-17T10:00:35.408+0800][34.271s][info][gc,cpu         ] GC(811) User=0.00s Sys=0.00s Real=0.00s
[2026-06-17T10:00:35.452+0800][34.314s][info][gc,start       ] GC(812) Pause Young (Allocation Failure)
[2026-06-17T10:00:35.454+0800][34.316s][info][gc,heap        ] GC(812) DefNew: 19624K(19648K)->2121K(19648K) Eden: 17450K(17472K)->0K(17472K) From: 2173K(2176K)->2121K(2176K)
[2026-06-17T10:00:35.454+0800][34.317s][info][gc,heap        ] GC(812) Tenured: 32419K(43712K)->38530K(43712K)
[2026-06-17T10:00:35.455+0800][34.317s][info][gc,metaspace   ] GC(812) Metaspace: 113K(320K)->113K(320K) NonClass: 106K(192K)->106K(192K) Class: 7K(128K)->7K(128K)
[2026-06-17T10:00:35.455+0800][34.318s][info][gc             ] GC(812) Pause Young (Allocation Failure) 50M->39M(61M) 3.394ms
[2026-06-17T10:00:35.456+0800][34.318s][info][gc,cpu         ] GC(812) User=0.00s Sys=0.00s Real=0.00s
[2026-06-17T10:00:35.499+0800][34.362s][info][gc,start       ] GC(813) Pause Young (Allocation Failure)
[2026-06-17T10:00:35.500+0800][34.362s][info][gc             ] GC(813) Pause Young (Allocation Failure) 56M->56M(61M) 0.852ms
[2026-06-17T10:00:35.501+0800][34.363s][info][gc,cpu         ] GC(813) User=0.00s Sys=0.00s Real=0.00s
[2026-06-17T10:00:35.501+0800][34.364s][info][gc,start       ] GC(814) Pause Full (Allocation Failure)
[2026-06-17T10:00:35.502+0800][34.365s][info][gc,phases,start] GC(814) Phase 1: Mark live objects
[2026-06-17T10:00:35.504+0800][34.367s][info][gc,phases      ] GC(814) Phase 1: Mark live objects 2.144ms
[2026-06-17T10:00:35.505+0800][34.367s][info][gc,phases,start] GC(814) Phase 2: Compute new object addresses
[2026-06-17T10:00:35.506+0800][34.368s][info][gc,phases      ] GC(814) Phase 2: Compute new object addresses 0.876ms
[2026-06-17T10:00:35.506+0800][34.369s][info][gc,phases,start] GC(814) Phase 3: Adjust pointers
[2026-06-17T10:00:35.507+0800][34.370s][info][gc,phases      ] GC(814) Phase 3: Adjust pointers 0.888ms
[2026-06-17T10:00:35.508+0800][34.370s][info][gc,phases,start] GC(814) Phase 4: Move objects
[2026-06-17T10:00:35.510+0800][34.373s][info][gc,phases      ] GC(814) Phase 4: Move objects 2.771ms
[2026-06-17T10:00:35.511+0800][34.374s][info][gc,heap        ] GC(814) DefNew: 19582K(19648K)->0K(19648K) Eden: 17461K(17472K)->0K(17472K) From: 2121K(2176K)->0K(2176K)
[2026-06-17T10:00:35.511+0800][34.374s][info][gc,heap        ] GC(814) Tenured: 38530K(43712K)->28391K(43712K)
[2026-06-17T10:00:35.512+0800][34.375s][info][gc,metaspace   ] GC(814) Metaspace: 113K(320K)->113K(320K) NonClass: 106K(192K)->106K(192K) Class: 7K(128K)->7K(128K)
[2026-06-17T10:00:35.512+0800][34.375s][info][gc             ] GC(814) Pause Full (Allocation Failure) 56M->27M(61M) 11.197ms
[2026-06-17T10:00:35.513+0800][34.376s][info][gc,cpu         ] GC(814) User=0.01s Sys=0.00s Real=0.02s
[2026-06-17T10:00:35.555+0800][34.418s][info][gc,start       ] GC(815) Pause Young (Allocation Failure)
[2026-06-17T10:00:35.556+0800][34.419s][info][gc,heap        ] GC(815) DefNew: 17137K(19648K)->2104K(19648K) Eden: 17137K(17472K)->0K(17472K) From: 0K(2176K)->2104K(2176K)
[2026-06-17T10:00:35.557+0800][34.420s][info][gc,heap        ] GC(815) Tenured: 28391K(43712K)->29609K(43712K)
[2026-06-17T10:00:35.558+0800][34.421s][info][gc,metaspace   ] GC(815) Metaspace: 113K(320K)->113K(320K) NonClass: 106K(192K)->106K(192K) Class: 7K(128K)->7K(128K)
[2026-06-17T10:00:35.558+0800][34.421s][info][gc             ] GC(815) Pause Young (Allocation Failure) 44M->30M(61M) 2.854ms
[2026-06-17T10:00:35.559+0800][34.421s][info][gc,cpu         ] GC(815) User=0.00s Sys=0.00s Real=0.00s
[2026-06-17T10:00:35.611+0800][34.474s][info][gc,start       ] GC(816) Pause Young (Allocation Failure)
[2026-06-17T10:00:35.613+0800][34.475s][info][gc,heap        ] GC(816) DefNew: 19559K(19648K)->2158K(19648K) Eden: 17454K(17472K)->0K(17472K) From: 2104K(2176K)->2158K(2176K)
[2026-06-17T10:00:35.613+0800][34.476s][info][gc,heap        ] GC(816) Tenured: 29609K(43712K)->33139K(43712K)
[2026-06-17T10:00:35.614+0800][34.477s][info][gc,metaspace   ] GC(816) Metaspace: 113K(320K)->113K(320K) NonClass: 106K(192K)->106K(192K) Class: 7K(128K)->7K(128K)
[2026-06-17T10:00:35.615+0800][34.477s][info][gc             ] GC(816) Pause Young (Allocation Failure) 48M->34M(61M) 3.374ms
[2026-06-17T10:00:35.615+0800][34.478s][info][gc,cpu         ] GC(816) User=0.00s Sys=0.01s Real=0.00s
[2026-06-17T10:00:35.659+0800][34.521s][info][gc,start       ] GC(817) Pause Young (Allocation Failure)
[2026-06-17T10:00:35.660+0800][34.523s][info][gc,heap        ] GC(817) DefNew: 19630K(19648K)->2160K(19648K) Eden: 17472K(17472K)->0K(17472K) From: 2158K(2176K)->2160K(2176K)
[2026-06-17T10:00:35.661+0800][34.524s][info][gc,heap        ] GC(817) Tenured: 33139K(43712K)->36515K(43712K)
[2026-06-17T10:00:35.662+0800][34.524s][info][gc,metaspace   ] GC(817) Metaspace: 113K(320K)->113K(320K) NonClass: 106K(192K)->106K(192K) Class: 7K(128K)->7K(128K)
[2026-06-17T10:00:35.664+0800][34.526s][info][gc             ] GC(817) Pause Young (Allocation Failure) 51M->37M(61M) 5.004ms
[2026-06-17T10:00:35.664+0800][34.527s][info][gc,cpu         ] GC(817) User=0.00s Sys=0.00s Real=0.01s
[2026-06-17T10:00:35.707+0800][34.569s][info][gc,start       ] GC(818) Pause Young (Allocation Failure)
[2026-06-17T10:00:35.733+0800][34.596s][info][gc,heap        ] GC(818) DefNew: 19632K(19648K)->2106K(19648K) Eden: 17472K(17472K)->0K(17472K) From: 2160K(2176K)->2106K(2176K)
[2026-06-17T10:00:35.733+0800][34.596s][info][gc,heap        ] GC(818) Tenured: 36515K(43712K)->40041K(43712K)
[2026-06-17T10:00:35.734+0800][34.597s][info][gc,metaspace   ] GC(818) Metaspace: 113K(320K)->113K(320K) NonClass: 106K(192K)->106K(192K) Class: 7K(128K)->7K(128K)
[2026-06-17T10:00:35.738+0800][34.601s][info][gc             ] GC(818) Pause Young (Allocation Failure) 54M->41M(61M) 31.463ms
[2026-06-17T10:00:35.742+0800][34.604s][info][gc,cpu         ] GC(818) User=0.00s Sys=0.00s Real=0.03s
[2026-06-17T10:00:35.785+0800][34.647s][info][gc,start       ] GC(819) Pause Young (Allocation Failure)
[2026-06-17T10:00:35.788+0800][34.651s][info][gc             ] GC(819) Pause Young (Allocation Failure) 58M->58M(61M) 3.777ms
[2026-06-17T10:00:35.789+0800][34.651s][info][gc,cpu         ] GC(819) User=0.00s Sys=0.00s Real=0.00s
[2026-06-17T10:00:35.798+0800][34.661s][info][gc,start       ] GC(820) Pause Full (Allocation Failure)
[2026-06-17T10:00:35.799+0800][34.662s][info][gc,phases,start] GC(820) Phase 1: Mark live objects
[2026-06-17T10:00:35.800+0800][34.663s][info][gc,phases      ] GC(820) Phase 1: Mark live objects 1.253ms
[2026-06-17T10:00:35.815+0800][34.677s][info][gc,phases,start] GC(820) Phase 2: Compute new object addresses
[2026-06-17T10:00:35.837+0800][34.700s][info][gc,phases      ] GC(820) Phase 2: Compute new object addresses 22.209ms
[2026-06-17T10:00:35.838+0800][34.700s][info][gc,phases,start] GC(820) Phase 3: Adjust pointers
[2026-06-17T10:00:35.839+0800][34.702s][info][gc,phases      ] GC(820) Phase 3: Adjust pointers 1.624ms
[2026-06-17T10:00:35.840+0800][34.703s][info][gc,phases,start] GC(820) Phase 4: Move objects
[2026-06-17T10:00:35.843+0800][34.706s][info][gc,phases      ] GC(820) Phase 4: Move objects 3.029ms
[2026-06-17T10:00:35.847+0800][34.709s][info][gc,heap        ] GC(820) DefNew: 19574K(19648K)->0K(19648K) Eden: 17467K(17472K)->0K(17472K) From: 2106K(2176K)->0K(2176K)
[2026-06-17T10:00:35.847+0800][34.710s][info][gc,heap        ] GC(820) Tenured: 40041K(43712K)->34619K(43712K)
[2026-06-17T10:00:35.849+0800][34.712s][info][gc,metaspace   ] GC(820) Metaspace: 113K(320K)->113K(320K) NonClass: 106K(192K)->106K(192K) Class: 7K(128K)->7K(128K)
[2026-06-17T10:00:35.850+0800][34.712s][info][gc             ] GC(820) Pause Full (Allocation Failure) 58M->33M(61M) 51.688ms
[2026-06-17T10:00:35.850+0800][34.713s][info][gc,cpu         ] GC(820) User=0.00s Sys=0.00s Real=0.05s
[2026-06-17T10:00:35.893+0800][34.755s][info][gc,start       ] GC(821) Pause Young (Allocation Failure)
[2026-06-17T10:00:35.894+0800][34.756s][info][gc,heap        ] GC(821) DefNew: 17119K(19648K)->2007K(19648K) Eden: 17119K(17472K)->0K(17472K) From: 0K(2176K)->2007K(2176K)
[2026-06-17T10:00:35.894+0800][34.757s][info][gc,heap        ] GC(821) Tenured: 34619K(43712K)->35793K(43712K)
[2026-06-17T10:00:35.894+0800][34.757s][info][gc,metaspace   ] GC(821) Metaspace: 113K(320K)->113K(320K) NonClass: 106K(192K)->106K(192K) Class: 7K(128K)->7K(128K)
[2026-06-17T10:00:35.895+0800][34.757s][info][gc             ] GC(821) Pause Young (Allocation Failure) 50M->36M(61M) 2.093ms
[2026-06-17T10:00:35.895+0800][34.758s][info][gc,cpu         ] GC(821) User=0.00s Sys=0.00s Real=0.00s
[2026-06-17T10:00:35.937+0800][34.800s][info][gc,start       ] GC(822) Pause Young (Allocation Failure)
[2026-06-17T10:00:35.939+0800][34.802s][info][gc,heap        ] GC(822) DefNew: 19479K(19648K)->2171K(19648K) Eden: 17472K(17472K)->0K(17472K) From: 2007K(2176K)->2171K(2176K)
[2026-06-17T10:00:35.940+0800][34.803s][info][gc,heap        ] GC(822) Tenured: 35793K(43712K)->42370K(43712K)
[2026-06-17T10:00:35.941+0800][34.803s][info][gc,metaspace   ] GC(822) Metaspace: 113K(320K)->113K(320K) NonClass: 106K(192K)->106K(192K) Class: 7K(128K)->7K(128K)
[2026-06-17T10:00:35.941+0800][34.804s][info][gc             ] GC(822) Pause Young (Allocation Failure) 53M->43M(61M) 3.724ms
[2026-06-17T10:00:35.942+0800][34.805s][info][gc,cpu         ] GC(822) User=0.00s Sys=0.00s Real=0.00s
[2026-06-17T10:00:35.985+0800][34.848s][info][gc,start       ] GC(823) Pause Young (Allocation Failure)
[2026-06-17T10:00:36.023+0800][34.886s][info][gc             ] GC(823) Pause Young (Allocation Failure) 60M->60M(61M) 38.477ms
[2026-06-17T10:00:36.034+0800][34.896s][info][gc,cpu         ] GC(823) User=0.00s Sys=0.00s Real=0.05s
[2026-06-17T10:00:36.037+0800][34.900s][info][gc,start       ] GC(824) Pause Full (Allocation Failure)
[2026-06-17T10:00:36.040+0800][34.903s][info][gc,phases,start] GC(824) Phase 1: Mark live objects
[2026-06-17T10:00:36.047+0800][34.910s][info][gc,phases      ] GC(824) Phase 1: Mark live objects 6.843ms
[2026-06-17T10:00:36.050+0800][34.913s][info][gc,phases,start] GC(824) Phase 2: Compute new object addresses
[2026-06-17T10:00:36.051+0800][34.913s][info][gc,phases      ] GC(824) Phase 2: Compute new object addresses 0.826ms
[2026-06-17T10:00:36.051+0800][34.914s][info][gc,phases,start] GC(824) Phase 3: Adjust pointers
[2026-06-17T10:00:36.052+0800][34.915s][info][gc,phases      ] GC(824) Phase 3: Adjust pointers 0.642ms
[2026-06-17T10:00:36.053+0800][34.916s][info][gc,phases,start] GC(824) Phase 4: Move objects
[2026-06-17T10:00:36.058+0800][34.921s][info][gc,phases      ] GC(824) Phase 4: Move objects 4.712ms
[2026-06-17T10:00:36.059+0800][34.921s][info][gc,heap        ] GC(824) DefNew: 19632K(19648K)->0K(19648K) Eden: 17461K(17472K)->0K(17472K) From: 2171K(2176K)->0K(2176K)
[2026-06-17T10:00:36.073+0800][34.935s][info][gc,heap        ] GC(824) Tenured: 42370K(43712K)->28388K(43712K)
[2026-06-17T10:00:36.074+0800][34.936s][info][gc,metaspace   ] GC(824) Metaspace: 113K(320K)->113K(320K) NonClass: 106K(192K)->106K(192K) Class: 7K(128K)->7K(128K)
[2026-06-17T10:00:36.075+0800][34.938s][info][gc             ] GC(824) Pause Full (Allocation Failure) 60M->27M(61M) 37.703ms
[2026-06-17T10:00:36.075+0800][34.938s][info][gc,cpu         ] GC(824) User=0.00s Sys=0.00s Real=0.04s
[2026-06-17T10:00:36.119+0800][34.982s][info][gc,start       ] GC(825) Pause Young (Allocation Failure)
[2026-06-17T10:00:36.123+0800][34.985s][info][gc,heap        ] GC(825) DefNew: 17372K(19648K)->2134K(19648K) Eden: 17372K(17472K)->0K(17472K) From: 0K(2176K)->2134K(2176K)
[2026-06-17T10:00:36.123+0800][34.986s][info][gc,heap        ] GC(825) Tenured: 28388K(43712K)->30099K(43712K)
[2026-06-17T10:00:36.124+0800][34.986s][info][gc,metaspace   ] GC(825) Metaspace: 113K(320K)->113K(320K) NonClass: 106K(192K)->106K(192K) Class: 7K(128K)->7K(128K)
[2026-06-17T10:00:36.124+0800][34.987s][info][gc             ] GC(825) Pause Young (Allocation Failure) 44M->31M(61M) 5.013ms
[2026-06-17T10:00:36.134+0800][34.997s][info][gc,cpu         ] GC(825) User=0.00s Sys=0.00s Real=0.02s
[2026-06-17T10:00:36.188+0800][35.050s][info][gc,start       ] GC(826) Pause Young (Allocation Failure)
[2026-06-17T10:00:36.189+0800][35.052s][info][gc,heap        ] GC(826) DefNew: 19606K(19648K)->2139K(19648K) Eden: 17472K(17472K)->0K(17472K) From: 2134K(2176K)->2139K(2176K)
[2026-06-17T10:00:36.189+0800][35.052s][info][gc,heap        ] GC(826) Tenured: 30099K(43712K)->34124K(43712K)
[2026-06-17T10:00:36.190+0800][35.053s][info][gc,metaspace   ] GC(826) Metaspace: 113K(320K)->113K(320K) NonClass: 106K(192K)->106K(192K) Class: 7K(128K)->7K(128K)
[2026-06-17T10:00:36.190+0800][35.053s][info][gc             ] GC(826) Pause Young (Allocation Failure) 48M->35M(61M) 2.523ms
[2026-06-17T10:00:36.191+0800][35.054s][info][gc,cpu         ] GC(826) User=0.00s Sys=0.00s Real=0.01s
[2026-06-17T10:00:36.233+0800][35.096s][info][gc,start       ] GC(827) Pause Young (Allocation Failure)
[2026-06-17T10:00:36.234+0800][35.097s][info][gc,heap        ] GC(827) DefNew: 19601K(19648K)->2169K(19648K) Eden: 17462K(17472K)->0K(17472K) From: 2139K(2176K)->2169K(2176K)
[2026-06-17T10:00:36.235+0800][35.097s][info][gc,heap        ] GC(827) Tenured: 34124K(43712K)->37855K(43712K)
[2026-06-17T10:00:36.235+0800][35.098s][info][gc,metaspace   ] GC(827) Metaspace: 113K(320K)->113K(320K) NonClass: 106K(192K)->106K(192K) Class: 7K(128K)->7K(128K)
[2026-06-17T10:00:36.235+0800][35.098s][info][gc             ] GC(827) Pause Young (Allocation Failure) 52M->39M(61M) 2.263ms
[2026-06-17T10:00:36.236+0800][35.099s][info][gc,cpu         ] GC(827) User=0.00s Sys=0.00s Real=0.00s
[2026-06-17T10:00:36.278+0800][35.141s][info][gc,start       ] GC(828) Pause Young (Allocation Failure)
[2026-06-17T10:00:36.279+0800][35.142s][info][gc             ] GC(828) Pause Young (Allocation Failure) 56M->56M(61M) 0.811ms
[2026-06-17T10:00:36.279+0800][35.142s][info][gc,cpu         ] GC(828) User=0.00s Sys=0.00s Real=0.00s
[2026-06-17T10:00:36.280+0800][35.143s][info][gc,start       ] GC(829) Pause Full (Allocation Failure)
[2026-06-17T10:00:36.281+0800][35.143s][info][gc,phases,start] GC(829) Phase 1: Mark live objects
[2026-06-17T10:00:36.282+0800][35.145s][info][gc,phases      ] GC(829) Phase 1: Mark live objects 1.267ms
[2026-06-17T10:00:36.283+0800][35.145s][info][gc,phases,start] GC(829) Phase 2: Compute new object addresses
[2026-06-17T10:00:36.283+0800][35.146s][info][gc,phases      ] GC(829) Phase 2: Compute new object addresses 0.770ms
[2026-06-17T10:00:36.284+0800][35.147s][info][gc,phases,start] GC(829) Phase 3: Adjust pointers
[2026-06-17T10:00:36.285+0800][35.147s][info][gc,phases      ] GC(829) Phase 3: Adjust pointers 0.759ms
[2026-06-17T10:00:36.285+0800][35.148s][info][gc,phases,start] GC(829) Phase 4: Move objects
[2026-06-17T10:00:36.288+0800][35.151s][info][gc,phases      ] GC(829) Phase 4: Move objects 2.996ms
[2026-06-17T10:00:36.289+0800][35.152s][info][gc,heap        ] GC(829) DefNew: 19641K(19648K)->0K(19648K) Eden: 17472K(17472K)->0K(17472K) From: 2169K(2176K)->0K(2176K)
[2026-06-17T10:00:36.289+0800][35.152s][info][gc,heap        ] GC(829) Tenured: 37855K(43712K)->30573K(43712K)
[2026-06-17T10:00:36.290+0800][35.153s][info][gc,metaspace   ] GC(829) Metaspace: 113K(320K)->113K(320K) NonClass: 106K(192K)->106K(192K) Class: 7K(128K)->7K(128K)
[2026-06-17T10:00:36.290+0800][35.153s][info][gc             ] GC(829) Pause Full (Allocation Failure) 56M->29M(61M) 10.401ms
[2026-06-17T10:00:36.291+0800][35.154s][info][gc,cpu         ] GC(829) User=0.00s Sys=0.00s Real=0.02s
[2026-06-17T10:00:36.334+0800][35.196s][info][gc,start       ] GC(830) Pause Young (Allocation Failure)
[2026-06-17T10:00:36.335+0800][35.198s][info][gc,heap        ] GC(830) DefNew: 17423K(19648K)->2176K(19648K) Eden: 17423K(17472K)->0K(17472K) From: 0K(2176K)->2176K(2176K)
[2026-06-17T10:00:36.335+0800][35.198s][info][gc,heap        ] GC(830) Tenured: 30573K(43712K)->35012K(43712K)
[2026-06-17T10:00:36.336+0800][35.199s][info][gc,metaspace   ] GC(830) Metaspace: 113K(320K)->113K(320K) NonClass: 106K(192K)->106K(192K) Class: 7K(128K)->7K(128K)
[2026-06-17T10:00:36.336+0800][35.199s][info][gc             ] GC(830) Pause Young (Allocation Failure) 46M->36M(61M) 2.698ms
[2026-06-17T10:00:36.337+0800][35.200s][info][gc,cpu         ] GC(830) User=0.00s Sys=0.00s Real=0.00s
[2026-06-17T10:00:36.380+0800][35.242s][info][gc,start       ] GC(831) Pause Young (Allocation Failure)
[2026-06-17T10:00:36.382+0800][35.245s][info][gc,heap        ] GC(831) DefNew: 19385K(19648K)->2168K(19648K) Eden: 17209K(17472K)->0K(17472K) From: 2176K(2176K)->2168K(2176K)
[2026-06-17T10:00:36.383+0800][35.246s][info][gc,heap        ] GC(831) Tenured: 35012K(43712K)->38401K(43712K)
[2026-06-17T10:00:36.384+0800][35.246s][info][gc,metaspace   ] GC(831) Metaspace: 113K(320K)->113K(320K) NonClass: 106K(192K)->106K(192K) Class: 7K(128K)->7K(128K)
[2026-06-17T10:00:36.385+0800][35.248s][info][gc             ] GC(831) Pause Young (Allocation Failure) 53M->39M(61M) 5.031ms
[2026-06-17T10:00:36.386+0800][35.248s][info][gc,cpu         ] GC(831) User=0.00s Sys=0.00s Real=0.01s
[2026-06-17T10:00:36.431+0800][35.293s][info][gc,start       ] GC(832) Pause Young (Allocation Failure)
[2026-06-17T10:00:36.431+0800][35.294s][info][gc             ] GC(832) Pause Young (Allocation Failure) 56M->56M(61M) 0.865ms
[2026-06-17T10:00:36.432+0800][35.295s][info][gc,cpu         ] GC(832) User=0.00s Sys=0.01s Real=0.00s
[2026-06-17T10:00:36.433+0800][35.296s][info][gc,start       ] GC(833) Pause Full (Allocation Failure)
[2026-06-17T10:00:36.434+0800][35.296s][info][gc,phases,start] GC(833) Phase 1: Mark live objects
[2026-06-17T10:00:36.436+0800][35.299s][info][gc,phases      ] GC(833) Phase 1: Mark live objects 2.257ms
[2026-06-17T10:00:36.437+0800][35.299s][info][gc,phases,start] GC(833) Phase 2: Compute new object addresses
[2026-06-17T10:00:36.438+0800][35.300s][info][gc,phases      ] GC(833) Phase 2: Compute new object addresses 1.128ms
[2026-06-17T10:00:36.438+0800][35.301s][info][gc,phases,start] GC(833) Phase 3: Adjust pointers
[2026-06-17T10:00:36.439+0800][35.302s][info][gc,phases      ] GC(833) Phase 3: Adjust pointers 1.093ms
[2026-06-17T10:00:36.440+0800][35.303s][info][gc,phases,start] GC(833) Phase 4: Move objects
[2026-06-17T10:00:36.443+0800][35.305s][info][gc,phases      ] GC(833) Phase 4: Move objects 2.746ms
[2026-06-17T10:00:36.443+0800][35.306s][info][gc,heap        ] GC(833) DefNew: 19640K(19648K)->0K(19648K) Eden: 17472K(17472K)->0K(17472K) From: 2168K(2176K)->0K(2176K)
[2026-06-17T10:00:36.444+0800][35.307s][info][gc,heap        ] GC(833) Tenured: 38401K(43712K)->30399K(43712K)
[2026-06-17T10:00:36.444+0800][35.307s][info][gc,metaspace   ] GC(833) Metaspace: 113K(320K)->113K(320K) NonClass: 106K(192K)->106K(192K) Class: 7K(128K)->7K(128K)
[2026-06-17T10:00:36.445+0800][35.307s][info][gc             ] GC(833) Pause Full (Allocation Failure) 56M->29M(61M) 11.864ms
[2026-06-17T10:00:36.445+0800][35.308s][info][gc,cpu         ] GC(833) User=0.01s Sys=0.00s Real=0.01s
[2026-06-17T10:00:36.487+0800][35.350s][info][gc,start       ] GC(834) Pause Young (Allocation Failure)
[2026-06-17T10:00:36.488+0800][35.351s][info][gc,heap        ] GC(834) DefNew: 17434K(19648K)->2172K(19648K) Eden: 17434K(17472K)->0K(17472K) From: 0K(2176K)->2172K(2176K)
[2026-06-17T10:00:36.489+0800][35.352s][info][gc,heap        ] GC(834) Tenured: 30399K(43712K)->34816K(43712K)
[2026-06-17T10:00:36.490+0800][35.352s][info][gc,metaspace   ] GC(834) Metaspace: 113K(320K)->113K(320K) NonClass: 106K(192K)->106K(192K) Class: 7K(128K)->7K(128K)
[2026-06-17T10:00:36.490+0800][35.353s][info][gc             ] GC(834) Pause Young (Allocation Failure) 46M->36M(61M) 3.286ms
[2026-06-17T10:00:36.491+0800][35.354s][info][gc,cpu         ] GC(834) User=0.00s Sys=0.00s Real=0.01s
[2026-06-17T10:00:36.534+0800][35.397s][info][gc,start       ] GC(835) Pause Young (Allocation Failure)
[2026-06-17T10:00:36.535+0800][35.398s][info][gc,heap        ] GC(835) DefNew: 19630K(19648K)->2113K(19648K) Eden: 17458K(17472K)->0K(17472K) From: 2172K(2176K)->2113K(2176K)
[2026-06-17T10:00:36.536+0800][35.399s][info][gc,heap        ] GC(835) Tenured: 34816K(43712K)->37399K(43712K)
[2026-06-17T10:00:36.536+0800][35.399s][info][gc,metaspace   ] GC(835) Metaspace: 113K(320K)->113K(320K) NonClass: 106K(192K)->106K(192K) Class: 7K(128K)->7K(128K)
[2026-06-17T10:00:36.537+0800][35.400s][info][gc             ] GC(835) Pause Young (Allocation Failure) 53M->38M(61M) 2.803ms
[2026-06-17T10:00:36.538+0800][35.400s][info][gc,cpu         ] GC(835) User=0.00s Sys=0.00s Real=0.00s
[2026-06-17T10:00:36.590+0800][35.453s][info][gc,start       ] GC(836) Pause Young (Allocation Failure)
[2026-06-17T10:00:36.591+0800][35.454s][info][gc             ] GC(836) Pause Young (Allocation Failure) 55M->55M(61M) 0.753ms
[2026-06-17T10:00:36.591+0800][35.454s][info][gc,cpu         ] GC(836) User=0.00s Sys=0.00s Real=0.01s
[2026-06-17T10:00:36.592+0800][35.454s][info][gc,start       ] GC(837) Pause Full (Allocation Failure)
[2026-06-17T10:00:36.592+0800][35.455s][info][gc,phases,start] GC(837) Phase 1: Mark live objects
[2026-06-17T10:00:36.593+0800][35.456s][info][gc,phases      ] GC(837) Phase 1: Mark live objects 1.251ms
[2026-06-17T10:00:36.594+0800][35.457s][info][gc,phases,start] GC(837) Phase 2: Compute new object addresses
[2026-06-17T10:00:36.595+0800][35.458s][info][gc,phases      ] GC(837) Phase 2: Compute new object addresses 1.029ms
[2026-06-17T10:00:36.595+0800][35.458s][info][gc,phases,start] GC(837) Phase 3: Adjust pointers
[2026-06-17T10:00:36.596+0800][35.459s][info][gc,phases      ] GC(837) Phase 3: Adjust pointers 0.855ms
[2026-06-17T10:00:36.597+0800][35.460s][info][gc,phases,start] GC(837) Phase 4: Move objects
[2026-06-17T10:00:36.599+0800][35.462s][info][gc,phases      ] GC(837) Phase 4: Move objects 2.331ms
[2026-06-17T10:00:36.600+0800][35.462s][info][gc,heap        ] GC(837) DefNew: 19585K(19648K)->0K(19648K) Eden: 17472K(17472K)->0K(17472K) From: 2113K(2176K)->0K(2176K)
[2026-06-17T10:00:36.603+0800][35.465s][info][gc,heap        ] GC(837) Tenured: 37399K(43712K)->26476K(43712K)
[2026-06-17T10:00:36.603+0800][35.466s][info][gc,metaspace   ] GC(837) Metaspace: 113K(320K)->113K(320K) NonClass: 106K(192K)->106K(192K) Class: 7K(128K)->7K(128K)
[2026-06-17T10:00:36.603+0800][35.466s][info][gc             ] GC(837) Pause Full (Allocation Failure) 55M->25M(61M) 11.761ms
[2026-06-17T10:00:36.604+0800][35.467s][info][gc,cpu         ] GC(837) User=0.01s Sys=0.00s Real=0.01s
[2026-06-17T10:00:36.646+0800][35.509s][info][gc,start       ] GC(838) Pause Young (Allocation Failure)
[2026-06-17T10:00:36.648+0800][35.511s][info][gc,heap        ] GC(838) DefNew: 17461K(19648K)->2172K(19648K) Eden: 17461K(17472K)->0K(17472K) From: 0K(2176K)->2172K(2176K)
[2026-06-17T10:00:36.650+0800][35.513s][info][gc,heap        ] GC(838) Tenured: 26476K(43712K)->31266K(43712K)
[2026-06-17T10:00:36.651+0800][35.513s][info][gc,metaspace   ] GC(838) Metaspace: 113K(320K)->113K(320K) NonClass: 106K(192K)->106K(192K) Class: 7K(128K)->7K(128K)
[2026-06-17T10:00:36.652+0800][35.515s][info][gc             ] GC(838) Pause Young (Allocation Failure) 42M->32M(61M) 5.278ms
[2026-06-17T10:00:36.652+0800][35.515s][info][gc,cpu         ] GC(838) User=0.00s Sys=0.00s Real=0.01s
[2026-06-17T10:00:36.695+0800][35.558s][info][gc,start       ] GC(839) Pause Young (Allocation Failure)
[2026-06-17T10:00:36.697+0800][35.560s][info][gc,heap        ] GC(839) DefNew: 19638K(19648K)->2159K(19648K) Eden: 17465K(17472K)->0K(17472K) From: 2172K(2176K)->2159K(2176K)
[2026-06-17T10:00:36.698+0800][35.560s][info][gc,heap        ] GC(839) Tenured: 31266K(43712K)->35851K(43712K)
[2026-06-17T10:00:36.698+0800][35.561s][info][gc,metaspace   ] GC(839) Metaspace: 113K(320K)->113K(320K) NonClass: 106K(192K)->106K(192K) Class: 7K(128K)->7K(128K)
[2026-06-17T10:00:36.699+0800][35.561s][info][gc             ] GC(839) Pause Young (Allocation Failure) 49M->37M(61M) 3.503ms
[2026-06-17T10:00:36.699+0800][35.562s][info][gc,cpu         ] GC(839) User=0.00s Sys=0.00s Real=0.00s
[2026-06-17T10:00:36.742+0800][35.605s][info][gc,start       ] GC(840) Pause Young (Allocation Failure)
[2026-06-17T10:00:36.744+0800][35.607s][info][gc,heap        ] GC(840) DefNew: 19571K(19648K)->2175K(19648K) Eden: 17412K(17472K)->0K(17472K) From: 2159K(2176K)->2175K(2176K)
[2026-06-17T10:00:36.745+0800][35.608s][info][gc,heap        ] GC(840) Tenured: 35851K(43712K)->39279K(43712K)
[2026-06-17T10:00:36.746+0800][35.609s][info][gc,metaspace   ] GC(840) Metaspace: 113K(320K)->113K(320K) NonClass: 106K(192K)->106K(192K) Class: 7K(128K)->7K(128K)
[2026-06-17T10:00:36.747+0800][35.609s][info][gc             ] GC(840) Pause Young (Allocation Failure) 54M->40M(61M) 4.208ms
[2026-06-17T10:00:36.747+0800][35.610s][info][gc,cpu         ] GC(840) User=0.00s Sys=0.00s Real=0.01s
[2026-06-17T10:00:36.791+0800][35.653s][info][gc,start       ] GC(841) Pause Young (Allocation Failure)
[2026-06-17T10:00:36.791+0800][35.654s][info][gc             ] GC(841) Pause Young (Allocation Failure) 57M->57M(61M) 0.515ms
[2026-06-17T10:00:36.792+0800][35.655s][info][gc,cpu         ] GC(841) User=0.00s Sys=0.00s Real=0.00s
[2026-06-17T10:00:36.792+0800][35.655s][info][gc,start       ] GC(842) Pause Full (Allocation Failure)
[2026-06-17T10:00:36.793+0800][35.656s][info][gc,phases,start] GC(842) Phase 1: Mark live objects
[2026-06-17T10:00:36.794+0800][35.657s][info][gc,phases      ] GC(842) Phase 1: Mark live objects 1.238ms
[2026-06-17T10:00:36.794+0800][35.657s][info][gc,phases,start] GC(842) Phase 2: Compute new object addresses
[2026-06-17T10:00:36.795+0800][35.658s][info][gc,phases      ] GC(842) Phase 2: Compute new object addresses 1.083ms
[2026-06-17T10:00:36.796+0800][35.659s][info][gc,phases,start] GC(842) Phase 3: Adjust pointers
[2026-06-17T10:00:36.797+0800][35.660s][info][gc,phases      ] GC(842) Phase 3: Adjust pointers 1.319ms
[2026-06-17T10:00:36.798+0800][35.661s][info][gc,phases,start] GC(842) Phase 4: Move objects
[2026-06-17T10:00:36.801+0800][35.664s][info][gc,phases      ] GC(842) Phase 4: Move objects 3.238ms
[2026-06-17T10:00:36.802+0800][35.665s][info][gc,heap        ] GC(842) DefNew: 19492K(19648K)->0K(19648K) Eden: 17317K(17472K)->0K(17472K) From: 2175K(2176K)->0K(2176K)
[2026-06-17T10:00:36.803+0800][35.665s][info][gc,heap        ] GC(842) Tenured: 39279K(43712K)->28005K(43712K)
[2026-06-17T10:00:36.803+0800][35.666s][info][gc,metaspace   ] GC(842) Metaspace: 113K(320K)->113K(320K) NonClass: 106K(192K)->106K(192K) Class: 7K(128K)->7K(128K)
[2026-06-17T10:00:36.804+0800][35.667s][info][gc             ] GC(842) Pause Full (Allocation Failure) 57M->27M(61M) 11.672ms
[2026-06-17T10:00:36.804+0800][35.667s][info][gc,cpu         ] GC(842) User=0.00s Sys=0.00s Real=0.01s
[2026-06-17T10:00:36.849+0800][35.711s][info][gc,start       ] GC(843) Pause Young (Allocation Failure)
[2026-06-17T10:00:36.850+0800][35.713s][info][gc,heap        ] GC(843) DefNew: 16591K(19648K)->2132K(19648K) Eden: 16591K(17472K)->0K(17472K) From: 0K(2176K)->2132K(2176K)
[2026-06-17T10:00:36.851+0800][35.714s][info][gc,heap        ] GC(843) Tenured: 28005K(43712K)->28386K(43712K)
[2026-06-17T10:00:36.852+0800][35.715s][info][gc,metaspace   ] GC(843) Metaspace: 113K(320K)->113K(320K) NonClass: 106K(192K)->106K(192K) Class: 7K(128K)->7K(128K)
[2026-06-17T10:00:36.853+0800][35.716s][info][gc             ] GC(843) Pause Young (Allocation Failure) 43M->29M(61M) 4.299ms
[2026-06-17T10:00:36.854+0800][35.717s][info][gc,cpu         ] GC(843) User=0.00s Sys=0.00s Real=0.01s
[2026-06-17T10:00:36.898+0800][35.761s][info][gc,start       ] GC(844) Pause Young (Allocation Failure)
[2026-06-17T10:00:36.901+0800][35.763s][info][gc,heap        ] GC(844) DefNew: 19604K(19648K)->2175K(19648K) Eden: 17472K(17472K)->0K(17472K) From: 2132K(2176K)->2175K(2176K)
[2026-06-17T10:00:36.901+0800][35.764s][info][gc,heap        ] GC(844) Tenured: 28386K(43712K)->35232K(43712K)
[2026-06-17T10:00:36.901+0800][35.764s][info][gc,metaspace   ] GC(844) Metaspace: 113K(320K)->113K(320K) NonClass: 106K(192K)->106K(192K) Class: 7K(128K)->7K(128K)
[2026-06-17T10:00:36.901+0800][35.764s][info][gc             ] GC(844) Pause Young (Allocation Failure) 46M->36M(61M) 3.414ms
[2026-06-17T10:00:36.902+0800][35.764s][info][gc,cpu         ] GC(844) User=0.00s Sys=0.00s Real=0.00s
[2026-06-17T10:00:36.945+0800][35.808s][info][gc,start       ] GC(845) Pause Young (Allocation Failure)
[2026-06-17T10:00:36.948+0800][35.811s][info][gc,heap        ] GC(845) DefNew: 19565K(19648K)->2100K(19648K) Eden: 17389K(17472K)->0K(17472K) From: 2175K(2176K)->2100K(2176K)
[2026-06-17T10:00:36.948+0800][35.811s][info][gc,heap        ] GC(845) Tenured: 35232K(43712K)->37098K(43712K)
[2026-06-17T10:00:36.949+0800][35.812s][info][gc,metaspace   ] GC(845) Metaspace: 113K(320K)->113K(320K) NonClass: 106K(192K)->106K(192K) Class: 7K(128K)->7K(128K)
[2026-06-17T10:00:36.950+0800][35.813s][info][gc             ] GC(845) Pause Young (Allocation Failure) 53M->38M(61M) 4.638ms
[2026-06-17T10:00:36.950+0800][35.813s][info][gc,cpu         ] GC(845) User=0.00s Sys=0.00s Real=0.00s
[2026-06-17T10:00:37.006+0800][35.868s][info][gc,start       ] GC(846) Pause Young (Allocation Failure)
[2026-06-17T10:00:37.007+0800][35.869s][info][gc             ] GC(846) Pause Young (Allocation Failure) 55M->55M(61M) 0.957ms
[2026-06-17T10:00:37.007+0800][35.870s][info][gc,cpu         ] GC(846) User=0.00s Sys=0.00s Real=0.00s
[2026-06-17T10:00:37.008+0800][35.871s][info][gc,start       ] GC(847) Pause Full (Allocation Failure)
[2026-06-17T10:00:37.009+0800][35.872s][info][gc,phases,start] GC(847) Phase 1: Mark live objects
[2026-06-17T10:00:37.011+0800][35.874s][info][gc,phases      ] GC(847) Phase 1: Mark live objects 1.983ms
[2026-06-17T10:00:37.011+0800][35.874s][info][gc,phases,start] GC(847) Phase 2: Compute new object addresses
[2026-06-17T10:00:37.013+0800][35.876s][info][gc,phases      ] GC(847) Phase 2: Compute new object addresses 1.335ms
[2026-06-17T10:00:37.013+0800][35.876s][info][gc,phases,start] GC(847) Phase 3: Adjust pointers
[2026-06-17T10:00:37.014+0800][35.877s][info][gc,phases      ] GC(847) Phase 3: Adjust pointers 1.113ms
[2026-06-17T10:00:37.015+0800][35.878s][info][gc,phases,start] GC(847) Phase 4: Move objects
[2026-06-17T10:00:37.018+0800][35.880s][info][gc,phases      ] GC(847) Phase 4: Move objects 2.849ms
[2026-06-17T10:00:37.018+0800][35.881s][info][gc,heap        ] GC(847) DefNew: 19572K(19648K)->0K(19648K) Eden: 17472K(17472K)->0K(17472K) From: 2100K(2176K)->0K(2176K)
[2026-06-17T10:00:37.018+0800][35.881s][info][gc,heap        ] GC(847) Tenured: 37098K(43712K)->31746K(43712K)
[2026-06-17T10:00:37.019+0800][35.881s][info][gc,metaspace   ] GC(847) Metaspace: 113K(320K)->113K(320K) NonClass: 106K(192K)->106K(192K) Class: 7K(128K)->7K(128K)
[2026-06-17T10:00:37.019+0800][35.882s][info][gc             ] GC(847) Pause Full (Allocation Failure) 55M->31M(61M) 10.995ms
[2026-06-17T10:00:37.019+0800][35.882s][info][gc,cpu         ] GC(847) User=0.00s Sys=0.00s Real=0.01s
[2026-06-17T10:00:37.062+0800][35.925s][info][gc,start       ] GC(848) Pause Young (Allocation Failure)
[2026-06-17T10:00:37.064+0800][35.926s][info][gc,heap        ] GC(848) DefNew: 17472K(19648K)->2174K(19648K) Eden: 17472K(17472K)->0K(17472K) From: 0K(2176K)->2174K(2176K)
[2026-06-17T10:00:37.064+0800][35.927s][info][gc,heap        ] GC(848) Tenured: 31746K(43712K)->36393K(43712K)
[2026-06-17T10:00:37.064+0800][35.927s][info][gc,metaspace   ] GC(848) Metaspace: 113K(320K)->113K(320K) NonClass: 106K(192K)->106K(192K) Class: 7K(128K)->7K(128K)
[2026-06-17T10:00:37.065+0800][35.927s][info][gc             ] GC(848) Pause Young (Allocation Failure) 48M->37M(61M) 2.560ms
[2026-06-17T10:00:37.065+0800][35.928s][info][gc,cpu         ] GC(848) User=0.00s Sys=0.00s Real=0.01s
[2026-06-17T10:00:37.108+0800][35.970s][info][gc,start       ] GC(849) Pause Young (Allocation Failure)
[2026-06-17T10:00:37.108+0800][35.971s][info][gc             ] GC(849) Pause Young (Allocation Failure) 54M->54M(61M) 0.796ms
[2026-06-17T10:00:37.109+0800][35.972s][info][gc,cpu         ] GC(849) User=0.00s Sys=0.00s Real=0.00s
[2026-06-17T10:00:37.110+0800][35.973s][info][gc,start       ] GC(850) Pause Full (Allocation Failure)
[2026-06-17T10:00:37.111+0800][35.973s][info][gc,phases,start] GC(850) Phase 1: Mark live objects
[2026-06-17T10:00:37.112+0800][35.975s][info][gc,phases      ] GC(850) Phase 1: Mark live objects 1.355ms
[2026-06-17T10:00:37.113+0800][35.975s][info][gc,phases,start] GC(850) Phase 2: Compute new object addresses
[2026-06-17T10:00:37.113+0800][35.976s][info][gc,phases      ] GC(850) Phase 2: Compute new object addresses 0.947ms
[2026-06-17T10:00:37.114+0800][35.977s][info][gc,phases,start] GC(850) Phase 3: Adjust pointers
[2026-06-17T10:00:37.115+0800][35.978s][info][gc,phases      ] GC(850) Phase 3: Adjust pointers 0.935ms
[2026-06-17T10:00:37.115+0800][35.978s][info][gc,phases,start] GC(850) Phase 4: Move objects
[2026-06-17T10:00:37.118+0800][35.981s][info][gc,phases      ] GC(850) Phase 4: Move objects 2.502ms
[2026-06-17T10:00:37.119+0800][35.981s][info][gc,heap        ] GC(850) DefNew: 19646K(19648K)->0K(19648K) Eden: 17472K(17472K)->0K(17472K) From: 2174K(2176K)->0K(2176K)
[2026-06-17T10:00:37.119+0800][35.982s][info][gc,heap        ] GC(850) Tenured: 36393K(43712K)->23587K(43712K)
[2026-06-17T10:00:37.120+0800][35.982s][info][gc,metaspace   ] GC(850) Metaspace: 113K(320K)->113K(320K) NonClass: 106K(192K)->106K(192K) Class: 7K(128K)->7K(128K)
[2026-06-17T10:00:37.120+0800][35.983s][info][gc             ] GC(850) Pause Full (Allocation Failure) 54M->23M(61M) 10.153ms
[2026-06-17T10:00:37.121+0800][35.983s][info][gc,cpu         ] GC(850) User=0.00s Sys=0.00s Real=0.01s
[2026-06-17T10:00:37.163+0800][36.026s][info][gc,start       ] GC(851) Pause Young (Allocation Failure)
[2026-06-17T10:00:37.165+0800][36.028s][info][gc,heap        ] GC(851) DefNew: 17472K(19648K)->2174K(19648K) Eden: 17472K(17472K)->0K(17472K) From: 0K(2176K)->2174K(2176K)
[2026-06-17T10:00:37.166+0800][36.029s][info][gc,heap        ] GC(851) Tenured: 23587K(43712K)->28103K(43712K)
[2026-06-17T10:00:37.167+0800][36.029s][info][gc,metaspace   ] GC(851) Metaspace: 113K(320K)->113K(320K) NonClass: 106K(192K)->106K(192K) Class: 7K(128K)->7K(128K)
[2026-06-17T10:00:37.167+0800][36.030s][info][gc             ] GC(851) Pause Young (Allocation Failure) 40M->29M(61M) 3.963ms
[2026-06-17T10:00:37.168+0800][36.030s][info][gc,cpu         ] GC(851) User=0.00s Sys=0.00s Real=0.00s
[2026-06-17T10:00:37.210+0800][36.073s][info][gc,start       ] GC(852) Pause Young (Allocation Failure)
[2026-06-17T10:00:37.211+0800][36.074s][info][gc,heap        ] GC(852) DefNew: 19476K(19648K)->2083K(19648K) Eden: 17302K(17472K)->0K(17472K) From: 2174K(2176K)->2083K(2176K)
[2026-06-17T10:00:37.212+0800][36.075s][info][gc,heap        ] GC(852) Tenured: 28103K(43712K)->30494K(43712K)
[2026-06-17T10:00:37.213+0800][36.075s][info][gc,metaspace   ] GC(852) Metaspace: 113K(320K)->113K(320K) NonClass: 106K(192K)->106K(192K) Class: 7K(128K)->7K(128K)
[2026-06-17T10:00:37.213+0800][36.076s][info][gc             ] GC(852) Pause Young (Allocation Failure) 46M->31M(61M) 3.090ms
[2026-06-17T10:00:37.214+0800][36.077s][info][gc,cpu         ] GC(852) User=0.00s Sys=0.00s Real=0.01s
[2026-06-17T10:00:37.266+0800][36.129s][info][gc,start       ] GC(853) Pause Young (Allocation Failure)
[2026-06-17T10:00:37.268+0800][36.130s][info][gc,heap        ] GC(853) DefNew: 19530K(19648K)->2093K(19648K) Eden: 17447K(17472K)->0K(17472K) From: 2083K(2176K)->2093K(2176K)
[2026-06-17T10:00:37.268+0800][36.131s][info][gc,heap        ] GC(853) Tenured: 30494K(43712K)->34257K(43712K)
[2026-06-17T10:00:37.269+0800][36.131s][info][gc,metaspace   ] GC(853) Metaspace: 113K(320K)->113K(320K) NonClass: 106K(192K)->106K(192K) Class: 7K(128K)->7K(128K)
[2026-06-17T10:00:37.269+0800][36.132s][info][gc             ] GC(853) Pause Young (Allocation Failure) 48M->35M(61M) 2.678ms
[2026-06-17T10:00:37.269+0800][36.132s][info][gc,cpu         ] GC(853) User=0.00s Sys=0.00s Real=0.00s
[2026-06-17T10:00:37.312+0800][36.174s][info][gc,start       ] GC(854) Pause Young (Allocation Failure)
[2026-06-17T10:00:37.313+0800][36.176s][info][gc,heap        ] GC(854) DefNew: 19557K(19648K)->2171K(19648K) Eden: 17464K(17472K)->0K(17472K) From: 2093K(2176K)->2171K(2176K)
[2026-06-17T10:00:37.314+0800][36.177s][info][gc,heap        ] GC(854) Tenured: 34257K(43712K)->37308K(43712K)
[2026-06-17T10:00:37.315+0800][36.177s][info][gc,metaspace   ] GC(854) Metaspace: 113K(320K)->113K(320K) NonClass: 106K(192K)->106K(192K) Class: 7K(128K)->7K(128K)
[2026-06-17T10:00:37.315+0800][36.178s][info][gc             ] GC(854) Pause Young (Allocation Failure) 52M->38M(61M) 3.616ms
[2026-06-17T10:00:37.316+0800][36.179s][info][gc,cpu         ] GC(854) User=0.00s Sys=0.00s Real=0.00s
[2026-06-17T10:00:37.359+0800][36.221s][info][gc,start       ] GC(855) Pause Young (Allocation Failure)
[2026-06-17T10:00:37.359+0800][36.222s][info][gc             ] GC(855) Pause Young (Allocation Failure) 55M->55M(61M) 0.604ms
[2026-06-17T10:00:37.360+0800][36.222s][info][gc,cpu         ] GC(855) User=0.00s Sys=0.00s Real=0.00s
[2026-06-17T10:00:37.360+0800][36.223s][info][gc,start       ] GC(856) Pause Full (Allocation Failure)
[2026-06-17T10:00:37.360+0800][36.223s][info][gc,phases,start] GC(856) Phase 1: Mark live objects
[2026-06-17T10:00:37.362+0800][36.224s][info][gc,phases      ] GC(856) Phase 1: Mark live objects 1.371ms
[2026-06-17T10:00:37.362+0800][36.225s][info][gc,phases,start] GC(856) Phase 2: Compute new object addresses
[2026-06-17T10:00:37.363+0800][36.226s][info][gc,phases      ] GC(856) Phase 2: Compute new object addresses 0.767ms
[2026-06-17T10:00:37.363+0800][36.226s][info][gc,phases,start] GC(856) Phase 3: Adjust pointers
[2026-06-17T10:00:37.364+0800][36.227s][info][gc,phases      ] GC(856) Phase 3: Adjust pointers 0.996ms
[2026-06-17T10:00:37.365+0800][36.227s][info][gc,phases,start] GC(856) Phase 4: Move objects
[2026-06-17T10:00:37.367+0800][36.230s][info][gc,phases      ] GC(856) Phase 4: Move objects 2.562ms
[2026-06-17T10:00:37.368+0800][36.230s][info][gc,heap        ] GC(856) DefNew: 19643K(19648K)->0K(19648K) Eden: 17472K(17472K)->0K(17472K) From: 2171K(2176K)->0K(2176K)
[2026-06-17T10:00:37.368+0800][36.231s][info][gc,heap        ] GC(856) Tenured: 37308K(43712K)->27243K(43712K)
[2026-06-17T10:00:37.368+0800][36.231s][info][gc,metaspace   ] GC(856) Metaspace: 113K(320K)->113K(320K) NonClass: 106K(192K)->106K(192K) Class: 7K(128K)->7K(128K)
[2026-06-17T10:00:37.368+0800][36.231s][info][gc             ] GC(856) Pause Full (Allocation Failure) 55M->26M(61M) 8.494ms
[2026-06-17T10:00:37.369+0800][36.231s][info][gc,cpu         ] GC(856) User=0.00s Sys=0.00s Real=0.01s
[2026-06-17T10:00:37.411+0800][36.274s][info][gc,start       ] GC(857) Pause Young (Allocation Failure)
[2026-06-17T10:00:37.414+0800][36.277s][info][gc,heap        ] GC(857) DefNew: 17443K(19648K)->2174K(19648K) Eden: 17443K(17472K)->0K(17472K) From: 0K(2176K)->2174K(2176K)
[2026-06-17T10:00:37.415+0800][36.278s][info][gc,heap        ] GC(857) Tenured: 27243K(43712K)->32461K(43712K)
[2026-06-17T10:00:37.417+0800][36.279s][info][gc,metaspace   ] GC(857) Metaspace: 113K(320K)->113K(320K) NonClass: 106K(192K)->106K(192K) Class: 7K(128K)->7K(128K)
[2026-06-17T10:00:37.418+0800][36.280s][info][gc             ] GC(857) Pause Young (Allocation Failure) 43M->33M(61M) 6.131ms
[2026-06-17T10:00:37.419+0800][36.281s][info][gc,cpu         ] GC(857) User=0.00s Sys=0.00s Real=0.00s
[2026-06-17T10:00:37.461+0800][36.324s][info][gc,start       ] GC(858) Pause Young (Allocation Failure)
[2026-06-17T10:00:37.466+0800][36.328s][info][gc,heap        ] GC(858) DefNew: 19444K(19648K)->2133K(19648K) Eden: 17269K(17472K)->0K(17472K) From: 2174K(2176K)->2133K(2176K)
[2026-06-17T10:00:37.467+0800][36.329s][info][gc,heap        ] GC(858) Tenured: 32461K(43712K)->35697K(43712K)
[2026-06-17T10:00:37.467+0800][36.330s][info][gc,metaspace   ] GC(858) Metaspace: 113K(320K)->113K(320K) NonClass: 106K(192K)->106K(192K) Class: 7K(128K)->7K(128K)
[2026-06-17T10:00:37.468+0800][36.330s][info][gc             ] GC(858) Pause Young (Allocation Failure) 50M->36M(61M) 6.387ms
[2026-06-17T10:00:37.468+0800][36.331s][info][gc,cpu         ] GC(858) User=0.00s Sys=0.00s Real=0.01s
[2026-06-17T10:00:37.521+0800][36.383s][info][gc,start       ] GC(859) Pause Young (Allocation Failure)
[2026-06-17T10:00:37.524+0800][36.387s][info][gc,heap        ] GC(859) DefNew: 19595K(19648K)->2138K(19648K) Eden: 17462K(17472K)->0K(17472K) From: 2133K(2176K)->2138K(2176K)
[2026-06-17T10:00:37.525+0800][36.388s][info][gc,heap        ] GC(859) Tenured: 35697K(43712K)->39080K(43712K)
[2026-06-17T10:00:37.526+0800][36.389s][info][gc,metaspace   ] GC(859) Metaspace: 113K(320K)->113K(320K) NonClass: 106K(192K)->106K(192K) Class: 7K(128K)->7K(128K)
[2026-06-17T10:00:37.528+0800][36.391s][info][gc             ] GC(859) Pause Young (Allocation Failure) 53M->40M(61M) 7.039ms
[2026-06-17T10:00:37.528+0800][36.391s][info][gc,cpu         ] GC(859) User=0.00s Sys=0.00s Real=0.01s
[2026-06-17T10:00:37.572+0800][36.435s][info][gc,start       ] GC(860) Pause Young (Allocation Failure)
[2026-06-17T10:00:37.572+0800][36.435s][info][gc             ] GC(860) Pause Young (Allocation Failure) 57M->57M(61M) 0.542ms
[2026-06-17T10:00:37.573+0800][36.436s][info][gc,cpu         ] GC(860) User=0.00s Sys=0.00s Real=0.00s
[2026-06-17T10:00:37.573+0800][36.436s][info][gc,start       ] GC(861) Pause Full (Allocation Failure)
[2026-06-17T10:00:37.573+0800][36.436s][info][gc,phases,start] GC(861) Phase 1: Mark live objects
[2026-06-17T10:00:37.574+0800][36.437s][info][gc,phases      ] GC(861) Phase 1: Mark live objects 0.976ms
[2026-06-17T10:00:37.575+0800][36.438s][info][gc,phases,start] GC(861) Phase 2: Compute new object addresses
[2026-06-17T10:00:37.576+0800][36.439s][info][gc,phases      ] GC(861) Phase 2: Compute new object addresses 0.861ms
[2026-06-17T10:00:37.576+0800][36.439s][info][gc,phases,start] GC(861) Phase 3: Adjust pointers
[2026-06-17T10:00:37.577+0800][36.440s][info][gc,phases      ] GC(861) Phase 3: Adjust pointers 0.758ms
[2026-06-17T10:00:37.577+0800][36.440s][info][gc,phases,start] GC(861) Phase 4: Move objects
[2026-06-17T10:00:37.580+0800][36.442s][info][gc,phases      ] GC(861) Phase 4: Move objects 2.030ms
[2026-06-17T10:00:37.580+0800][36.443s][info][gc,heap        ] GC(861) DefNew: 19604K(19648K)->0K(19648K) Eden: 17466K(17472K)->0K(17472K) From: 2138K(2176K)->0K(2176K)
[2026-06-17T10:00:37.580+0800][36.443s][info][gc,heap        ] GC(861) Tenured: 39080K(43712K)->31584K(43712K)
[2026-06-17T10:00:37.581+0800][36.444s][info][gc,metaspace   ] GC(861) Metaspace: 113K(320K)->113K(320K) NonClass: 106K(192K)->106K(192K) Class: 7K(128K)->7K(128K)
[2026-06-17T10:00:37.581+0800][36.444s][info][gc             ] GC(861) Pause Full (Allocation Failure) 57M->30M(61M) 8.026ms
[2026-06-17T10:00:37.581+0800][36.444s][info][gc,cpu         ] GC(861) User=0.00s Sys=0.00s Real=0.00s
[2026-06-17T10:00:37.624+0800][36.487s][info][gc,start       ] GC(862) Pause Young (Allocation Failure)
[2026-06-17T10:00:37.625+0800][36.488s][info][gc,heap        ] GC(862) DefNew: 17463K(19648K)->2170K(19648K) Eden: 17463K(17472K)->0K(17472K) From: 0K(2176K)->2170K(2176K)
[2026-06-17T10:00:37.625+0800][36.488s][info][gc,heap        ] GC(862) Tenured: 31584K(43712K)->36370K(43712K)
[2026-06-17T10:00:37.625+0800][36.488s][info][gc,metaspace   ] GC(862) Metaspace: 113K(320K)->113K(320K) NonClass: 106K(192K)->106K(192K) Class: 7K(128K)->7K(128K)
[2026-06-17T10:00:37.626+0800][36.488s][info][gc             ] GC(862) Pause Young (Allocation Failure) 47M->37M(61M) 1.734ms
[2026-06-17T10:00:37.626+0800][36.488s][info][gc,cpu         ] GC(862) User=0.00s Sys=0.00s Real=0.00s
[2026-06-17T10:00:37.678+0800][36.541s][info][gc,start       ] GC(863) Pause Young (Allocation Failure)
[2026-06-17T10:00:37.679+0800][36.541s][info][gc,heap        ] GC(863) DefNew: 19642K(19648K)->2134K(19648K) Eden: 17472K(17472K)->0K(17472K) From: 2170K(2176K)->2134K(2176K)
[2026-06-17T10:00:37.679+0800][36.542s][info][gc,heap        ] GC(863) Tenured: 36370K(43712K)->38449K(43712K)
[2026-06-17T10:00:37.679+0800][36.542s][info][gc,metaspace   ] GC(863) Metaspace: 113K(320K)->113K(320K) NonClass: 106K(192K)->106K(192K) Class: 7K(128K)->7K(128K)
[2026-06-17T10:00:37.680+0800][36.542s][info][gc             ] GC(863) Pause Young (Allocation Failure) 54M->39M(61M) 1.818ms
[2026-06-17T10:00:37.680+0800][36.543s][info][gc,cpu         ] GC(863) User=0.00s Sys=0.00s Real=0.00s
[2026-06-17T10:00:37.712+0800][36.575s][info][gc,start       ] GC(864) Pause Young (Allocation Failure)
[2026-06-17T10:00:37.724+0800][36.587s][info][gc             ] GC(864) Pause Young (Allocation Failure) 56M->56M(61M) 12.681ms
[2026-06-17T10:00:37.726+0800][36.588s][info][gc,cpu         ] GC(864) User=0.00s Sys=0.00s Real=0.01s
[2026-06-17T10:00:37.727+0800][36.589s][info][gc,start       ] GC(865) Pause Full (Allocation Failure)
[2026-06-17T10:00:37.727+0800][36.590s][info][gc,phases,start] GC(865) Phase 1: Mark live objects
[2026-06-17T10:00:37.728+0800][36.591s][info][gc,phases      ] GC(865) Phase 1: Mark live objects 1.327ms
[2026-06-17T10:00:37.762+0800][36.625s][info][gc,phases,start] GC(865) Phase 2: Compute new object addresses
[2026-06-17T10:00:37.763+0800][36.626s][info][gc,phases      ] GC(865) Phase 2: Compute new object addresses 1.287ms
[2026-06-17T10:00:37.764+0800][36.627s][info][gc,phases,start] GC(865) Phase 3: Adjust pointers
[2026-06-17T10:00:37.765+0800][36.627s][info][gc,phases      ] GC(865) Phase 3: Adjust pointers 0.852ms
[2026-06-17T10:00:37.766+0800][36.629s][info][gc,phases,start] GC(865) Phase 4: Move objects
[2026-06-17T10:00:37.768+0800][36.631s][info][gc,phases      ] GC(865) Phase 4: Move objects 2.135ms
[2026-06-17T10:00:37.771+0800][36.633s][info][gc,heap        ] GC(865) DefNew: 19548K(19648K)->0K(19648K) Eden: 17413K(17472K)->0K(17472K) From: 2134K(2176K)->0K(2176K)
[2026-06-17T10:00:37.773+0800][36.636s][info][gc,heap        ] GC(865) Tenured: 38449K(43712K)->29524K(43712K)
[2026-06-17T10:00:37.774+0800][36.637s][info][gc,metaspace   ] GC(865) Metaspace: 113K(320K)->113K(320K) NonClass: 106K(192K)->106K(192K) Class: 7K(128K)->7K(128K)
[2026-06-17T10:00:37.775+0800][36.638s][info][gc             ] GC(865) Pause Full (Allocation Failure) 56M->28M(61M) 48.608ms
[2026-06-17T10:00:37.775+0800][36.638s][info][gc,cpu         ] GC(865) User=0.00s Sys=0.00s Real=0.05s
[2026-06-17T10:00:37.828+0800][36.691s][info][gc,start       ] GC(866) Pause Young (Allocation Failure)
[2026-06-17T10:00:37.833+0800][36.695s][info][gc,heap        ] GC(866) DefNew: 17463K(19648K)->2092K(19648K) Eden: 17463K(17472K)->0K(17472K) From: 0K(2176K)->2092K(2176K)
[2026-06-17T10:00:37.833+0800][36.696s][info][gc,heap        ] GC(866) Tenured: 29524K(43712K)->31156K(43712K)
[2026-06-17T10:00:37.834+0800][36.696s][info][gc,metaspace   ] GC(866) Metaspace: 113K(320K)->113K(320K) NonClass: 106K(192K)->106K(192K) Class: 7K(128K)->7K(128K)
[2026-06-17T10:00:37.834+0800][36.697s][info][gc             ] GC(866) Pause Young (Allocation Failure) 45M->32M(61M) 5.882ms
[2026-06-17T10:00:37.835+0800][36.697s][info][gc,cpu         ] GC(866) User=0.00s Sys=0.00s Real=0.01s
[2026-06-17T10:00:37.877+0800][36.740s][info][gc,start       ] GC(867) Pause Young (Allocation Failure)
[2026-06-17T10:00:37.878+0800][36.741s][info][gc,heap        ] GC(867) DefNew: 19518K(19648K)->2175K(19648K) Eden: 17426K(17472K)->0K(17472K) From: 2092K(2176K)->2175K(2176K)
[2026-06-17T10:00:37.879+0800][36.741s][info][gc,heap        ] GC(867) Tenured: 31156K(43712K)->34407K(43712K)
[2026-06-17T10:00:37.879+0800][36.742s][info][gc,metaspace   ] GC(867) Metaspace: 113K(320K)->113K(320K) NonClass: 106K(192K)->106K(192K) Class: 7K(128K)->7K(128K)
[2026-06-17T10:00:37.879+0800][36.742s][info][gc             ] GC(867) Pause Young (Allocation Failure) 49M->35M(61M) 2.444ms
[2026-06-17T10:00:37.880+0800][36.742s][info][gc,cpu         ] GC(867) User=0.00s Sys=0.00s Real=0.00s
[2026-06-17T10:00:37.922+0800][36.785s][info][gc,start       ] GC(868) Pause Young (Allocation Failure)
[2026-06-17T10:00:37.927+0800][36.789s][info][gc,heap        ] GC(868) DefNew: 19647K(19648K)->2140K(19648K) Eden: 17472K(17472K)->0K(17472K) From: 2175K(2176K)->2140K(2176K)
[2026-06-17T10:00:37.933+0800][36.796s][info][gc,heap        ] GC(868) Tenured: 34407K(43712K)->37645K(43712K)
[2026-06-17T10:00:37.933+0800][36.796s][info][gc,metaspace   ] GC(868) Metaspace: 113K(320K)->113K(320K) NonClass: 106K(192K)->106K(192K) Class: 7K(128K)->7K(128K)
[2026-06-17T10:00:37.944+0800][36.806s][info][gc             ] GC(868) Pause Young (Allocation Failure) 52M->38M(61M) 21.699ms
[2026-06-17T10:00:37.944+0800][36.807s][info][gc,cpu         ] GC(868) User=0.00s Sys=0.00s Real=0.03s
[2026-06-17T10:00:37.990+0800][36.852s][info][gc,start       ] GC(869) Pause Young (Allocation Failure)
[2026-06-17T10:00:37.992+0800][36.854s][info][gc,heap        ] GC(869) DefNew: 19583K(19648K)->2168K(19648K) Eden: 17443K(17472K)->0K(17472K) From: 2140K(2176K)->2168K(2176K)
[2026-06-17T10:00:37.994+0800][36.857s][info][gc,heap        ] GC(869) Tenured: 37645K(43712K)->41232K(43712K)
[2026-06-17T10:00:37.997+0800][36.860s][info][gc,metaspace   ] GC(869) Metaspace: 113K(320K)->113K(320K) NonClass: 106K(192K)->106K(192K) Class: 7K(128K)->7K(128K)
[2026-06-17T10:00:37.999+0800][36.862s][info][gc             ] GC(869) Pause Young (Allocation Failure) 55M->42M(61M) 9.056ms
[2026-06-17T10:00:38.002+0800][36.864s][info][gc,cpu         ] GC(869) User=0.00s Sys=0.00s Real=0.01s
[2026-06-17T10:00:38.047+0800][36.910s][info][gc,start       ] GC(870) Pause Young (Allocation Failure)
[2026-06-17T10:00:38.048+0800][36.911s][info][gc             ] GC(870) Pause Young (Allocation Failure) 59M->59M(61M) 0.936ms
[2026-06-17T10:00:38.049+0800][36.912s][info][gc,cpu         ] GC(870) User=0.00s Sys=0.00s Real=0.00s
[2026-06-17T10:00:38.050+0800][36.912s][info][gc,start       ] GC(871) Pause Full (Allocation Failure)
[2026-06-17T10:00:38.050+0800][36.913s][info][gc,phases,start] GC(871) Phase 1: Mark live objects
[2026-06-17T10:00:38.051+0800][36.914s][info][gc,phases      ] GC(871) Phase 1: Mark live objects 1.327ms
[2026-06-17T10:00:38.052+0800][36.914s][info][gc,phases,start] GC(871) Phase 2: Compute new object addresses
[2026-06-17T10:00:38.052+0800][36.915s][info][gc,phases      ] GC(871) Phase 2: Compute new object addresses 0.591ms
[2026-06-17T10:00:38.052+0800][36.915s][info][gc,phases,start] GC(871) Phase 3: Adjust pointers
[2026-06-17T10:00:38.053+0800][36.916s][info][gc,phases      ] GC(871) Phase 3: Adjust pointers 0.620ms
[2026-06-17T10:00:38.053+0800][36.916s][info][gc,phases,start] GC(871) Phase 4: Move objects
[2026-06-17T10:00:38.056+0800][36.919s][info][gc,phases      ] GC(871) Phase 4: Move objects 2.923ms
[2026-06-17T10:00:38.057+0800][36.919s][info][gc,heap        ] GC(871) DefNew: 19614K(19648K)->0K(19648K) Eden: 17445K(17472K)->0K(17472K) From: 2168K(2176K)->0K(2176K)
[2026-06-17T10:00:38.057+0800][36.920s][info][gc,heap        ] GC(871) Tenured: 41232K(43712K)->36171K(43712K)
[2026-06-17T10:00:38.057+0800][36.920s][info][gc,metaspace   ] GC(871) Metaspace: 113K(320K)->113K(320K) NonClass: 106K(192K)->106K(192K) Class: 7K(128K)->7K(128K)
[2026-06-17T10:00:38.057+0800][36.920s][info][gc             ] GC(871) Pause Full (Allocation Failure) 59M->35M(61M) 7.661ms
[2026-06-17T10:00:38.057+0800][36.920s][info][gc,cpu         ] GC(871) User=0.00s Sys=0.00s Real=0.01s
[2026-06-17T10:00:38.100+0800][36.963s][info][gc,start       ] GC(872) Pause Young (Allocation Failure)
[2026-06-17T10:00:38.103+0800][36.966s][info][gc,heap        ] GC(872) DefNew: 17446K(19648K)->2168K(19648K) Eden: 17446K(17472K)->0K(17472K) From: 0K(2176K)->2168K(2176K)
[2026-06-17T10:00:38.106+0800][36.968s][info][gc,heap        ] GC(872) Tenured: 36171K(43712K)->41228K(43712K)
[2026-06-17T10:00:38.106+0800][36.969s][info][gc,metaspace   ] GC(872) Metaspace: 113K(320K)->113K(320K) NonClass: 106K(192K)->106K(192K) Class: 7K(128K)->7K(128K)
[2026-06-17T10:00:38.106+0800][36.969s][info][gc             ] GC(872) Pause Young (Allocation Failure) 52M->42M(61M) 6.436ms
[2026-06-17T10:00:38.107+0800][36.970s][info][gc,cpu         ] GC(872) User=0.01s Sys=0.00s Real=0.01s
[2026-06-17T10:00:38.160+0800][37.023s][info][gc,start       ] GC(873) Pause Young (Allocation Failure)
[2026-06-17T10:00:38.161+0800][37.023s][info][gc             ] GC(873) Pause Young (Allocation Failure) 59M->59M(61M) 0.719ms
[2026-06-17T10:00:38.161+0800][37.024s][info][gc,cpu         ] GC(873) User=0.00s Sys=0.00s Real=0.00s
[2026-06-17T10:00:38.163+0800][37.025s][info][gc,start       ] GC(874) Pause Full (Allocation Failure)
[2026-06-17T10:00:38.163+0800][37.026s][info][gc,phases,start] GC(874) Phase 1: Mark live objects
[2026-06-17T10:00:38.165+0800][37.028s][info][gc,phases      ] GC(874) Phase 1: Mark live objects 1.641ms
[2026-06-17T10:00:38.165+0800][37.028s][info][gc,phases,start] GC(874) Phase 2: Compute new object addresses
[2026-06-17T10:00:38.167+0800][37.030s][info][gc,phases      ] GC(874) Phase 2: Compute new object addresses 1.447ms
[2026-06-17T10:00:38.167+0800][37.030s][info][gc,phases,start] GC(874) Phase 3: Adjust pointers
[2026-06-17T10:00:38.169+0800][37.032s][info][gc,phases      ] GC(874) Phase 3: Adjust pointers 1.452ms
[2026-06-17T10:00:38.170+0800][37.032s][info][gc,phases,start] GC(874) Phase 4: Move objects
[2026-06-17T10:00:38.173+0800][37.036s][info][gc,phases      ] GC(874) Phase 4: Move objects 3.849ms
[2026-06-17T10:00:38.174+0800][37.037s][info][gc,heap        ] GC(874) DefNew: 19632K(19648K)->0K(19648K) Eden: 17463K(17472K)->0K(17472K) From: 2168K(2176K)->0K(2176K)
[2026-06-17T10:00:38.175+0800][37.038s][info][gc,heap        ] GC(874) Tenured: 41228K(43712K)->30458K(43712K)
[2026-06-17T10:00:38.176+0800][37.038s][info][gc,metaspace   ] GC(874) Metaspace: 113K(320K)->113K(320K) NonClass: 106K(192K)->106K(192K) Class: 7K(128K)->7K(128K)
[2026-06-17T10:00:38.176+0800][37.039s][info][gc             ] GC(874) Pause Full (Allocation Failure) 59M->29M(61M) 13.563ms
[2026-06-17T10:00:38.178+0800][37.041s][info][gc,cpu         ] GC(874) User=0.00s Sys=0.00s Real=0.01s
[2026-06-17T10:00:38.212+0800][37.074s][info][gc,start       ] GC(875) Pause Young (Allocation Failure)
[2026-06-17T10:00:38.214+0800][37.077s][info][gc,heap        ] GC(875) DefNew: 17382K(19648K)->2171K(19648K) Eden: 17382K(17472K)->0K(17472K) From: 0K(2176K)->2171K(2176K)
[2026-06-17T10:00:38.215+0800][37.078s][info][gc,heap        ] GC(875) Tenured: 30458K(43712K)->35359K(43712K)
[2026-06-17T10:00:38.216+0800][37.078s][info][gc,metaspace   ] GC(875) Metaspace: 113K(320K)->113K(320K) NonClass: 106K(192K)->106K(192K) Class: 7K(128K)->7K(128K)
[2026-06-17T10:00:38.216+0800][37.079s][info][gc             ] GC(875) Pause Young (Allocation Failure) 46M->36M(61M) 4.783ms
[2026-06-17T10:00:38.217+0800][37.080s][info][gc,cpu         ] GC(875) User=0.00s Sys=0.00s Real=0.00s
[2026-06-17T10:00:38.261+0800][37.124s][info][gc,start       ] GC(876) Pause Young (Allocation Failure)
[2026-06-17T10:00:38.264+0800][37.127s][info][gc,heap        ] GC(876) DefNew: 19643K(19648K)->2173K(19648K) Eden: 17472K(17472K)->0K(17472K) From: 2171K(2176K)->2173K(2176K)
[2026-06-17T10:00:38.265+0800][37.127s][info][gc,heap        ] GC(876) Tenured: 35359K(43712K)->42187K(43712K)
[2026-06-17T10:00:38.265+0800][37.128s][info][gc,metaspace   ] GC(876) Metaspace: 113K(320K)->113K(320K) NonClass: 106K(192K)->106K(192K) Class: 7K(128K)->7K(128K)
[2026-06-17T10:00:38.266+0800][37.128s][info][gc             ] GC(876) Pause Young (Allocation Failure) 53M->43M(61M) 4.419ms
[2026-06-17T10:00:38.267+0800][37.129s][info][gc,cpu         ] GC(876) User=0.00s Sys=0.00s Real=0.01s
[2026-06-17T10:00:38.321+0800][37.184s][info][gc,start       ] GC(877) Pause Young (Allocation Failure)
[2026-06-17T10:00:38.322+0800][37.184s][info][gc             ] GC(877) Pause Young (Allocation Failure) 60M->60M(61M) 0.937ms
[2026-06-17T10:00:38.322+0800][37.185s][info][gc,cpu         ] GC(877) User=0.00s Sys=0.00s Real=0.00s
[2026-06-17T10:00:38.323+0800][37.186s][info][gc,start       ] GC(878) Pause Full (Allocation Failure)
[2026-06-17T10:00:38.323+0800][37.186s][info][gc,phases,start] GC(878) Phase 1: Mark live objects
[2026-06-17T10:00:38.326+0800][37.189s][info][gc,phases      ] GC(878) Phase 1: Mark live objects 2.549ms
[2026-06-17T10:00:38.327+0800][37.189s][info][gc,phases,start] GC(878) Phase 2: Compute new object addresses
[2026-06-17T10:00:38.328+0800][37.191s][info][gc,phases      ] GC(878) Phase 2: Compute new object addresses 1.650ms
[2026-06-17T10:00:38.329+0800][37.192s][info][gc,phases,start] GC(878) Phase 3: Adjust pointers
[2026-06-17T10:00:38.330+0800][37.193s][info][gc,phases      ] GC(878) Phase 3: Adjust pointers 1.036ms
[2026-06-17T10:00:38.330+0800][37.193s][info][gc,phases,start] GC(878) Phase 4: Move objects
[2026-06-17T10:00:38.335+0800][37.197s][info][gc,phases      ] GC(878) Phase 4: Move objects 4.174ms
[2026-06-17T10:00:38.335+0800][37.198s][info][gc,heap        ] GC(878) DefNew: 19632K(19648K)->0K(19648K) Eden: 17459K(17472K)->0K(17472K) From: 2173K(2176K)->0K(2176K)
[2026-06-17T10:00:38.336+0800][37.199s][info][gc,heap        ] GC(878) Tenured: 42187K(43712K)->24754K(43712K)
[2026-06-17T10:00:38.336+0800][37.199s][info][gc,metaspace   ] GC(878) Metaspace: 113K(320K)->113K(320K) NonClass: 106K(192K)->106K(192K) Class: 7K(128K)->7K(128K)
[2026-06-17T10:00:38.337+0800][37.200s][info][gc             ] GC(878) Pause Full (Allocation Failure) 60M->24M(61M) 13.982ms
[2026-06-17T10:00:38.337+0800][37.200s][info][gc,cpu         ] GC(878) User=0.00s Sys=0.00s Real=0.01s
[2026-06-17T10:00:38.380+0800][37.243s][info][gc,start       ] GC(879) Pause Young (Allocation Failure)
[2026-06-17T10:00:38.382+0800][37.245s][info][gc,heap        ] GC(879) DefNew: 17472K(19648K)->2164K(19648K) Eden: 17472K(17472K)->0K(17472K) From: 0K(2176K)->2164K(2176K)
[2026-06-17T10:00:38.383+0800][37.246s][info][gc,heap        ] GC(879) Tenured: 24754K(43712K)->29903K(43712K)
[2026-06-17T10:00:38.383+0800][37.246s][info][gc,metaspace   ] GC(879) Metaspace: 113K(320K)->113K(320K) NonClass: 106K(192K)->106K(192K) Class: 7K(128K)->7K(128K)
[2026-06-17T10:00:38.384+0800][37.247s][info][gc             ] GC(879) Pause Young (Allocation Failure) 41M->31M(61M) 3.973ms
[2026-06-17T10:00:38.385+0800][37.247s][info][gc,cpu         ] GC(879) User=0.01s Sys=0.00s Real=0.01s
[2026-06-17T10:00:38.428+0800][37.291s][info][gc,start       ] GC(880) Pause Young (Allocation Failure)
[2026-06-17T10:00:38.429+0800][37.292s][info][gc,heap        ] GC(880) DefNew: 19636K(19648K)->2173K(19648K) Eden: 17472K(17472K)->0K(17472K) From: 2164K(2176K)->2173K(2176K)
[2026-06-17T10:00:38.430+0800][37.293s][info][gc,heap        ] GC(880) Tenured: 29903K(43712K)->34637K(43712K)
[2026-06-17T10:00:38.431+0800][37.293s][info][gc,metaspace   ] GC(880) Metaspace: 113K(320K)->113K(320K) NonClass: 106K(192K)->106K(192K) Class: 7K(128K)->7K(128K)
[2026-06-17T10:00:38.431+0800][37.294s][info][gc             ] GC(880) Pause Young (Allocation Failure) 48M->35M(61M) 3.145ms
[2026-06-17T10:00:38.432+0800][37.295s][info][gc,cpu         ] GC(880) User=0.00s Sys=0.00s Real=0.01s
[2026-06-17T10:00:38.475+0800][37.338s][info][gc,start       ] GC(881) Pause Young (Allocation Failure)
[2026-06-17T10:00:38.477+0800][37.340s][info][gc,heap        ] GC(881) DefNew: 19645K(19648K)->2167K(19648K) Eden: 17472K(17472K)->0K(17472K) From: 2173K(2176K)->2167K(2176K)
[2026-06-17T10:00:38.477+0800][37.340s][info][gc,heap        ] GC(881) Tenured: 34637K(43712K)->38763K(43712K)
[2026-06-17T10:00:38.478+0800][37.341s][info][gc,metaspace   ] GC(881) Metaspace: 113K(320K)->113K(320K) NonClass: 106K(192K)->106K(192K) Class: 7K(128K)->7K(128K)
[2026-06-17T10:00:38.478+0800][37.341s][info][gc             ] GC(881) Pause Young (Allocation Failure) 53M->39M(61M) 3.004ms
[2026-06-17T10:00:38.479+0800][37.342s][info][gc,cpu         ] GC(881) User=0.00s Sys=0.00s Real=0.00s
[2026-06-17T10:00:38.522+0800][37.385s][info][gc,start       ] GC(882) Pause Young (Allocation Failure)
[2026-06-17T10:00:38.522+0800][37.385s][info][gc             ] GC(882) Pause Young (Allocation Failure) 57M->57M(61M) 0.537ms
[2026-06-17T10:00:38.523+0800][37.386s][info][gc,cpu         ] GC(882) User=0.00s Sys=0.00s Real=0.01s
[2026-06-17T10:00:38.525+0800][37.388s][info][gc,start       ] GC(883) Pause Full (Allocation Failure)
[2026-06-17T10:00:38.525+0800][37.388s][info][gc,phases,start] GC(883) Phase 1: Mark live objects
[2026-06-17T10:00:38.527+0800][37.390s][info][gc,phases      ] GC(883) Phase 1: Mark live objects 1.914ms
[2026-06-17T10:00:38.528+0800][37.390s][info][gc,phases,start] GC(883) Phase 2: Compute new object addresses
[2026-06-17T10:00:38.529+0800][37.391s][info][gc,phases      ] GC(883) Phase 2: Compute new object addresses 0.998ms
[2026-06-17T10:00:38.529+0800][37.392s][info][gc,phases,start] GC(883) Phase 3: Adjust pointers
[2026-06-17T10:00:38.530+0800][37.393s][info][gc,phases      ] GC(883) Phase 3: Adjust pointers 1.000ms
[2026-06-17T10:00:38.531+0800][37.393s][info][gc,phases,start] GC(883) Phase 4: Move objects
[2026-06-17T10:00:38.535+0800][37.398s][info][gc,phases      ] GC(883) Phase 4: Move objects 4.106ms
[2026-06-17T10:00:38.535+0800][37.398s][info][gc,heap        ] GC(883) DefNew: 19639K(19648K)->0K(19648K) Eden: 17472K(17472K)->0K(17472K) From: 2167K(2176K)->0K(2176K)
[2026-06-17T10:00:38.537+0800][37.400s][info][gc,heap        ] GC(883) Tenured: 38763K(43712K)->28424K(43712K)
[2026-06-17T10:00:38.537+0800][37.400s][info][gc,metaspace   ] GC(883) Metaspace: 113K(320K)->113K(320K) NonClass: 106K(192K)->106K(192K) Class: 7K(128K)->7K(128K)
[2026-06-17T10:00:38.538+0800][37.400s][info][gc             ] GC(883) Pause Full (Allocation Failure) 57M->27M(61M) 12.973ms
[2026-06-17T10:00:38.538+0800][37.401s][info][gc,cpu         ] GC(883) User=0.01s Sys=0.00s Real=0.01s
[2026-06-17T10:00:38.591+0800][37.454s][info][gc,start       ] GC(884) Pause Young (Allocation Failure)
[2026-06-17T10:00:38.592+0800][37.455s][info][gc,heap        ] GC(884) DefNew: 17472K(19648K)->2104K(19648K) Eden: 17472K(17472K)->0K(17472K) From: 0K(2176K)->2104K(2176K)
[2026-06-17T10:00:38.593+0800][37.456s][info][gc,heap        ] GC(884) Tenured: 28424K(43712K)->29692K(43712K)
[2026-06-17T10:00:38.594+0800][37.457s][info][gc,metaspace   ] GC(884) Metaspace: 113K(320K)->113K(320K) NonClass: 106K(192K)->106K(192K) Class: 7K(128K)->7K(128K)
[2026-06-17T10:00:38.595+0800][37.458s][info][gc             ] GC(884) Pause Young (Allocation Failure) 44M->31M(61M) 3.651ms
[2026-06-17T10:00:38.595+0800][37.458s][info][gc,cpu         ] GC(884) User=0.00s Sys=0.00s Real=0.00s
[2026-06-17T10:00:38.628+0800][37.491s][info][gc,start       ] GC(885) Pause Young (Allocation Failure)
[2026-06-17T10:00:38.630+0800][37.492s][info][gc,heap        ] GC(885) DefNew: 19364K(19648K)->2071K(19648K) Eden: 17260K(17472K)->0K(17472K) From: 2104K(2176K)->2071K(2176K)
[2026-06-17T10:00:38.630+0800][37.493s][info][gc,heap        ] GC(885) Tenured: 29692K(43712K)->33036K(43712K)
[2026-06-17T10:00:38.631+0800][37.493s][info][gc,metaspace   ] GC(885) Metaspace: 113K(320K)->113K(320K) NonClass: 106K(192K)->106K(192K) Class: 7K(128K)->7K(128K)
[2026-06-17T10:00:38.631+0800][37.494s][info][gc             ] GC(885) Pause Young (Allocation Failure) 47M->34M(61M) 2.899ms
[2026-06-17T10:00:38.632+0800][37.494s][info][gc,cpu         ] GC(885) User=0.00s Sys=0.00s Real=0.01s
[2026-06-17T10:00:38.684+0800][37.547s][info][gc,start       ] GC(886) Pause Young (Allocation Failure)
[2026-06-17T10:00:38.686+0800][37.549s][info][gc,heap        ] GC(886) DefNew: 19541K(19648K)->2151K(19648K) Eden: 17470K(17472K)->0K(17472K) From: 2071K(2176K)->2151K(2176K)
[2026-06-17T10:00:38.687+0800][37.549s][info][gc,heap        ] GC(886) Tenured: 33036K(43712K)->36130K(43712K)
[2026-06-17T10:00:38.687+0800][37.550s][info][gc,metaspace   ] GC(886) Metaspace: 113K(320K)->113K(320K) NonClass: 106K(192K)->106K(192K) Class: 7K(128K)->7K(128K)
[2026-06-17T10:00:38.687+0800][37.550s][info][gc             ] GC(886) Pause Young (Allocation Failure) 51M->37M(61M) 3.152ms
[2026-06-17T10:00:38.688+0800][37.551s][info][gc,cpu         ] GC(886) User=0.00s Sys=0.00s Real=0.00s
[2026-06-17T10:00:38.730+0800][37.593s][info][gc,start       ] GC(887) Pause Young (Allocation Failure)
[2026-06-17T10:00:38.732+0800][37.594s][info][gc,heap        ] GC(887) DefNew: 19606K(19648K)->2098K(19648K) Eden: 17455K(17472K)->0K(17472K) From: 2151K(2176K)->2098K(2176K)
[2026-06-17T10:00:38.732+0800][37.595s][info][gc,heap        ] GC(887) Tenured: 36130K(43712K)->39294K(43712K)
[2026-06-17T10:00:38.732+0800][37.595s][info][gc,metaspace   ] GC(887) Metaspace: 113K(320K)->113K(320K) NonClass: 106K(192K)->106K(192K) Class: 7K(128K)->7K(128K)
[2026-06-17T10:00:38.733+0800][37.596s][info][gc             ] GC(887) Pause Young (Allocation Failure) 54M->40M(61M) 2.698ms
[2026-06-17T10:00:38.733+0800][37.596s][info][gc,cpu         ] GC(887) User=0.00s Sys=0.00s Real=0.01s
[2026-06-17T10:00:38.776+0800][37.638s][info][gc,start       ] GC(888) Pause Young (Allocation Failure)
[2026-06-17T10:00:38.777+0800][37.640s][info][gc             ] GC(888) Pause Young (Allocation Failure) 57M->57M(61M) 1.348ms
[2026-06-17T10:00:38.778+0800][37.640s][info][gc,cpu         ] GC(888) User=0.00s Sys=0.00s Real=0.00s
[2026-06-17T10:00:38.778+0800][37.641s][info][gc,start       ] GC(889) Pause Full (Allocation Failure)
[2026-06-17T10:00:38.778+0800][37.641s][info][gc,phases,start] GC(889) Phase 1: Mark live objects
[2026-06-17T10:00:38.780+0800][37.642s][info][gc,phases      ] GC(889) Phase 1: Mark live objects 1.152ms
[2026-06-17T10:00:38.780+0800][37.643s][info][gc,phases,start] GC(889) Phase 2: Compute new object addresses
[2026-06-17T10:00:38.781+0800][37.644s][info][gc,phases      ] GC(889) Phase 2: Compute new object addresses 0.786ms
[2026-06-17T10:00:38.782+0800][37.644s][info][gc,phases,start] GC(889) Phase 3: Adjust pointers
[2026-06-17T10:00:38.782+0800][37.645s][info][gc,phases      ] GC(889) Phase 3: Adjust pointers 0.705ms
[2026-06-17T10:00:38.783+0800][37.646s][info][gc,phases,start] GC(889) Phase 4: Move objects
[2026-06-17T10:00:38.786+0800][37.649s][info][gc,phases      ] GC(889) Phase 4: Move objects 2.813ms
[2026-06-17T10:00:38.787+0800][37.649s][info][gc,heap        ] GC(889) DefNew: 19533K(19648K)->0K(19648K) Eden: 17434K(17472K)->0K(17472K) From: 2098K(2176K)->0K(2176K)
[2026-06-17T10:00:38.787+0800][37.650s][info][gc,heap        ] GC(889) Tenured: 39294K(43712K)->31329K(43712K)
[2026-06-17T10:00:38.787+0800][37.650s][info][gc,metaspace   ] GC(889) Metaspace: 113K(320K)->113K(320K) NonClass: 106K(192K)->106K(192K) Class: 7K(128K)->7K(128K)
[2026-06-17T10:00:38.788+0800][37.651s][info][gc             ] GC(889) Pause Full (Allocation Failure) 57M->30M(61M) 10.011ms
[2026-06-17T10:00:38.788+0800][37.651s][info][gc,cpu         ] GC(889) User=0.00s Sys=0.00s Real=0.01s
[2026-06-17T10:00:38.831+0800][37.693s][info][gc,start       ] GC(890) Pause Young (Allocation Failure)
[2026-06-17T10:00:38.832+0800][37.695s][info][gc,heap        ] GC(890) DefNew: 17448K(19648K)->2175K(19648K) Eden: 17448K(17472K)->0K(17472K) From: 0K(2176K)->2175K(2176K)
[2026-06-17T10:00:38.832+0800][37.695s][info][gc,heap        ] GC(890) Tenured: 31329K(43712K)->35946K(43712K)
[2026-06-17T10:00:38.833+0800][37.695s][info][gc,metaspace   ] GC(890) Metaspace: 113K(320K)->113K(320K) NonClass: 106K(192K)->106K(192K) Class: 7K(128K)->7K(128K)
[2026-06-17T10:00:38.833+0800][37.696s][info][gc             ] GC(890) Pause Young (Allocation Failure) 47M->37M(61M) 2.438ms
[2026-06-17T10:00:38.833+0800][37.696s][info][gc,cpu         ] GC(890) User=0.01s Sys=0.00s Real=0.00s
[2026-06-17T10:00:38.876+0800][37.738s][info][gc,start       ] GC(891) Pause Young (Allocation Failure)
[2026-06-17T10:00:38.878+0800][37.740s][info][gc,heap        ] GC(891) DefNew: 19612K(19648K)->2172K(19648K) Eden: 17436K(17472K)->0K(17472K) From: 2175K(2176K)->2172K(2176K)
[2026-06-17T10:00:38.879+0800][37.742s][info][gc,heap        ] GC(891) Tenured: 35946K(43712K)->43059K(43712K)
[2026-06-17T10:00:38.880+0800][37.742s][info][gc,metaspace   ] GC(891) Metaspace: 113K(320K)->113K(320K) NonClass: 106K(192K)->106K(192K) Class: 7K(128K)->7K(128K)
[2026-06-17T10:00:38.880+0800][37.743s][info][gc             ] GC(891) Pause Young (Allocation Failure) 54M->44M(61M) 4.431ms
[2026-06-17T10:00:38.880+0800][37.743s][info][gc,cpu         ] GC(891) User=0.00s Sys=0.00s Real=0.00s
[2026-06-17T10:00:38.923+0800][37.786s][info][gc,start       ] GC(892) Pause Young (Allocation Failure)
[2026-06-17T10:00:38.923+0800][37.786s][info][gc             ] GC(892) Pause Young (Allocation Failure) 61M->61M(61M) 0.542ms
[2026-06-17T10:00:38.924+0800][37.787s][info][gc,cpu         ] GC(892) User=0.00s Sys=0.00s Real=0.00s
[2026-06-17T10:00:38.924+0800][37.787s][info][gc,start       ] GC(893) Pause Full (Allocation Failure)
[2026-06-17T10:00:38.925+0800][37.788s][info][gc,phases,start] GC(893) Phase 1: Mark live objects
[2026-06-17T10:00:38.926+0800][37.789s][info][gc,phases      ] GC(893) Phase 1: Mark live objects 1.279ms
[2026-06-17T10:00:38.927+0800][37.790s][info][gc,phases,start] GC(893) Phase 2: Compute new object addresses
[2026-06-17T10:00:38.928+0800][37.790s][info][gc,phases      ] GC(893) Phase 2: Compute new object addresses 0.845ms
[2026-06-17T10:00:38.928+0800][37.791s][info][gc,phases,start] GC(893) Phase 3: Adjust pointers
[2026-06-17T10:00:38.929+0800][37.792s][info][gc,phases      ] GC(893) Phase 3: Adjust pointers 1.098ms
[2026-06-17T10:00:38.929+0800][37.792s][info][gc,phases,start] GC(893) Phase 4: Move objects
[2026-06-17T10:00:38.932+0800][37.795s][info][gc,phases      ] GC(893) Phase 4: Move objects 2.872ms
[2026-06-17T10:00:38.933+0800][37.796s][info][gc,heap        ] GC(893) DefNew: 19613K(19648K)->0K(19648K) Eden: 17441K(17472K)->0K(17472K) From: 2172K(2176K)->0K(2176K)
[2026-06-17T10:00:38.933+0800][37.796s][info][gc,heap        ] GC(893) Tenured: 43059K(43712K)->31997K(43712K)
[2026-06-17T10:00:38.934+0800][37.796s][info][gc,metaspace   ] GC(893) Metaspace: 113K(320K)->113K(320K) NonClass: 106K(192K)->106K(192K) Class: 7K(128K)->7K(128K)
[2026-06-17T10:00:38.934+0800][37.797s][info][gc             ] GC(893) Pause Full (Allocation Failure) 61M->31M(61M) 9.524ms
[2026-06-17T10:00:38.934+0800][37.797s][info][gc,cpu         ] GC(893) User=0.00s Sys=0.00s Real=0.01s
[2026-06-17T10:00:38.987+0800][37.850s][info][gc,start       ] GC(894) Pause Young (Allocation Failure)
[2026-06-17T10:00:38.988+0800][37.851s][info][gc,heap        ] GC(894) DefNew: 17472K(19648K)->2019K(19648K) Eden: 17472K(17472K)->0K(17472K) From: 0K(2176K)->2019K(2176K)
[2026-06-17T10:00:38.989+0800][37.852s][info][gc,heap        ] GC(894) Tenured: 31997K(43712K)->33612K(43712K)
[2026-06-17T10:00:38.989+0800][37.852s][info][gc,metaspace   ] GC(894) Metaspace: 113K(320K)->113K(320K) NonClass: 106K(192K)->106K(192K) Class: 7K(128K)->7K(128K)
[2026-06-17T10:00:38.990+0800][37.853s][info][gc             ] GC(894) Pause Young (Allocation Failure) 48M->34M(61M) 3.056ms
[2026-06-17T10:00:38.991+0800][37.853s][info][gc,cpu         ] GC(894) User=0.00s Sys=0.00s Real=0.01s
[2026-06-17T10:00:39.023+0800][37.886s][info][gc,start       ] GC(895) Pause Young (Allocation Failure)
[2026-06-17T10:00:39.024+0800][37.887s][info][gc,heap        ] GC(895) DefNew: 18099K(19648K)->2055K(19648K) Eden: 16080K(17472K)->0K(17472K) From: 2019K(2176K)->2055K(2176K)
[2026-06-17T10:00:39.025+0800][37.888s][info][gc,heap        ] GC(895) Tenured: 33612K(43712K)->36198K(43712K)
[2026-06-17T10:00:39.025+0800][37.888s][info][gc,metaspace   ] GC(895) Metaspace: 113K(320K)->113K(320K) NonClass: 106K(192K)->106K(192K) Class: 7K(128K)->7K(128K)
[2026-06-17T10:00:39.026+0800][37.889s][info][gc             ] GC(895) Pause Young (Allocation Failure) 50M->37M(61M) 2.888ms
[2026-06-17T10:00:39.026+0800][37.889s][info][gc,cpu         ] GC(895) User=0.00s Sys=0.00s Real=0.00s
[2026-06-17T10:00:39.079+0800][37.942s][info][gc,start       ] GC(896) Pause Young (Allocation Failure)
[2026-06-17T10:00:39.080+0800][37.943s][info][gc,heap        ] GC(896) DefNew: 19527K(19648K)->2149K(19648K) Eden: 17472K(17472K)->0K(17472K) From: 2055K(2176K)->2149K(2176K)
[2026-06-17T10:00:39.080+0800][37.943s][info][gc,heap        ] GC(896) Tenured: 36198K(43712K)->39775K(43712K)
[2026-06-17T10:00:39.081+0800][37.944s][info][gc,metaspace   ] GC(896) Metaspace: 113K(320K)->113K(320K) NonClass: 106K(192K)->106K(192K) Class: 7K(128K)->7K(128K)
[2026-06-17T10:00:39.082+0800][37.945s][info][gc             ] GC(896) Pause Young (Allocation Failure) 54M->40M(61M) 3.006ms
[2026-06-17T10:00:39.082+0800][37.945s][info][gc,cpu         ] GC(896) User=0.00s Sys=0.00s Real=0.00s
[2026-06-17T10:00:39.125+0800][37.988s][info][gc,start       ] GC(897) Pause Young (Allocation Failure)
[2026-06-17T10:00:39.126+0800][37.988s][info][gc             ] GC(897) Pause Young (Allocation Failure) 58M->58M(61M) 0.713ms
[2026-06-17T10:00:39.126+0800][37.989s][info][gc,cpu         ] GC(897) User=0.00s Sys=0.00s Real=0.00s
[2026-06-17T10:00:39.127+0800][37.989s][info][gc,start       ] GC(898) Pause Full (Allocation Failure)
[2026-06-17T10:00:39.127+0800][37.990s][info][gc,phases,start] GC(898) Phase 1: Mark live objects
[2026-06-17T10:00:39.128+0800][37.991s][info][gc,phases      ] GC(898) Phase 1: Mark live objects 1.364ms
[2026-06-17T10:00:39.129+0800][37.992s][info][gc,phases,start] GC(898) Phase 2: Compute new object addresses
[2026-06-17T10:00:39.130+0800][37.993s][info][gc,phases      ] GC(898) Phase 2: Compute new object addresses 0.623ms
[2026-06-17T10:00:39.130+0800][37.993s][info][gc,phases,start] GC(898) Phase 3: Adjust pointers
[2026-06-17T10:00:39.131+0800][37.994s][info][gc,phases      ] GC(898) Phase 3: Adjust pointers 0.685ms
[2026-06-17T10:00:39.131+0800][37.994s][info][gc,phases,start] GC(898) Phase 4: Move objects
[2026-06-17T10:00:39.134+0800][37.996s][info][gc,phases      ] GC(898) Phase 4: Move objects 2.348ms
[2026-06-17T10:00:39.134+0800][37.997s][info][gc,heap        ] GC(898) DefNew: 19621K(19648K)->0K(19648K) Eden: 17472K(17472K)->0K(17472K) From: 2149K(2176K)->0K(2176K)
[2026-06-17T10:00:39.135+0800][37.997s][info][gc,heap        ] GC(898) Tenured: 39775K(43712K)->31860K(43712K)
[2026-06-17T10:00:39.135+0800][37.998s][info][gc,metaspace   ] GC(898) Metaspace: 113K(320K)->113K(320K) NonClass: 106K(192K)->106K(192K) Class: 7K(128K)->7K(128K)
[2026-06-17T10:00:39.136+0800][37.998s][info][gc             ] GC(898) Pause Full (Allocation Failure) 58M->31M(61M) 8.916ms
[2026-06-17T10:00:39.136+0800][37.999s][info][gc,cpu         ] GC(898) User=0.01s Sys=0.00s Real=0.01s
[2026-06-17T10:00:39.178+0800][38.041s][info][gc,start       ] GC(899) Pause Young (Allocation Failure)
[2026-06-17T10:00:39.179+0800][38.042s][info][gc,heap        ] GC(899) DefNew: 17469K(19648K)->2172K(19648K) Eden: 17469K(17472K)->0K(17472K) From: 0K(2176K)->2172K(2176K)
[2026-06-17T10:00:39.180+0800][38.043s][info][gc,heap        ] GC(899) Tenured: 31860K(43712K)->37041K(43712K)
[2026-06-17T10:00:39.180+0800][38.043s][info][gc,metaspace   ] GC(899) Metaspace: 113K(320K)->113K(320K) NonClass: 106K(192K)->106K(192K) Class: 7K(128K)->7K(128K)
[2026-06-17T10:00:39.181+0800][38.044s][info][gc             ] GC(899) Pause Young (Allocation Failure) 48M->38M(61M) 2.921ms
[2026-06-17T10:00:39.181+0800][38.044s][info][gc,cpu         ] GC(899) User=0.00s Sys=0.00s Real=0.00s
[2026-06-17T10:00:39.224+0800][38.087s][info][gc,start       ] GC(900) Pause Young (Allocation Failure)
[2026-06-17T10:00:39.224+0800][38.087s][info][gc             ] GC(900) Pause Young (Allocation Failure) 55M->55M(61M) 0.609ms
[2026-06-17T10:00:39.225+0800][38.088s][info][gc,cpu         ] GC(900) User=0.00s Sys=0.00s Real=0.00s
[2026-06-17T10:00:39.225+0800][38.088s][info][gc,start       ] GC(901) Pause Full (Allocation Failure)
[2026-06-17T10:00:39.226+0800][38.089s][info][gc,phases,start] GC(901) Phase 1: Mark live objects
[2026-06-17T10:00:39.227+0800][38.090s][info][gc,phases      ] GC(901) Phase 1: Mark live objects 1.222ms
[2026-06-17T10:00:39.228+0800][38.090s][info][gc,phases,start] GC(901) Phase 2: Compute new object addresses
[2026-06-17T10:00:39.228+0800][38.091s][info][gc,phases      ] GC(901) Phase 2: Compute new object addresses 0.783ms
[2026-06-17T10:00:39.229+0800][38.092s][info][gc,phases,start] GC(901) Phase 3: Adjust pointers
[2026-06-17T10:00:39.230+0800][38.092s][info][gc,phases      ] GC(901) Phase 3: Adjust pointers 0.812ms
[2026-06-17T10:00:39.230+0800][38.093s][info][gc,phases,start] GC(901) Phase 4: Move objects
[2026-06-17T10:00:39.232+0800][38.095s][info][gc,phases      ] GC(901) Phase 4: Move objects 1.717ms
[2026-06-17T10:00:39.232+0800][38.095s][info][gc,heap        ] GC(901) DefNew: 19644K(19648K)->0K(19648K) Eden: 17472K(17472K)->0K(17472K) From: 2172K(2176K)->0K(2176K)
[2026-06-17T10:00:39.233+0800][38.096s][info][gc,heap        ] GC(901) Tenured: 37041K(43712K)->26746K(43712K)
[2026-06-17T10:00:39.233+0800][38.096s][info][gc,metaspace   ] GC(901) Metaspace: 113K(320K)->113K(320K) NonClass: 106K(192K)->106K(192K) Class: 7K(128K)->7K(128K)
[2026-06-17T10:00:39.234+0800][38.097s][info][gc             ] GC(901) Pause Full (Allocation Failure) 55M->26M(61M) 8.634ms
[2026-06-17T10:00:39.234+0800][38.097s][info][gc,cpu         ] GC(901) User=0.00s Sys=0.00s Real=0.01s
[2026-06-17T10:00:39.277+0800][38.140s][info][gc,start       ] GC(902) Pause Young (Allocation Failure)
[2026-06-17T10:00:39.278+0800][38.141s][info][gc,heap        ] GC(902) DefNew: 17380K(19648K)->1993K(19648K) Eden: 17380K(17472K)->0K(17472K) From: 0K(2176K)->1993K(2176K)
[2026-06-17T10:00:39.279+0800][38.142s][info][gc,heap        ] GC(902) Tenured: 26746K(43712K)->28428K(43712K)
[2026-06-17T10:00:39.280+0800][38.142s][info][gc,metaspace   ] GC(902) Metaspace: 113K(320K)->113K(320K) NonClass: 106K(192K)->106K(192K) Class: 7K(128K)->7K(128K)
[2026-06-17T10:00:39.280+0800][38.143s][info][gc             ] GC(902) Pause Young (Allocation Failure) 43M->29M(61M) 3.108ms
[2026-06-17T10:00:39.281+0800][38.144s][info][gc,cpu         ] GC(902) User=0.00s Sys=0.00s Real=0.00s
[2026-06-17T10:00:39.323+0800][38.186s][info][gc,start       ] GC(903) Pause Young (Allocation Failure)
[2026-06-17T10:00:39.325+0800][38.188s][info][gc,heap        ] GC(903) DefNew: 19451K(19648K)->2174K(19648K) Eden: 17458K(17472K)->0K(17472K) From: 1993K(2176K)->2174K(2176K)
[2026-06-17T10:00:39.326+0800][38.188s][info][gc,heap        ] GC(903) Tenured: 28428K(43712K)->35494K(43712K)
[2026-06-17T10:00:39.326+0800][38.189s][info][gc,metaspace   ] GC(903) Metaspace: 113K(320K)->113K(320K) NonClass: 106K(192K)->106K(192K) Class: 7K(128K)->7K(128K)
[2026-06-17T10:00:39.327+0800][38.189s][info][gc             ] GC(903) Pause Young (Allocation Failure) 46M->36M(61M) 3.506ms
[2026-06-17T10:00:39.327+0800][38.190s][info][gc,cpu         ] GC(903) User=0.00s Sys=0.00s Real=0.00s
[2026-06-17T10:00:39.380+0800][38.243s][info][gc,start       ] GC(904) Pause Young (Allocation Failure)
[2026-06-17T10:00:39.382+0800][38.245s][info][gc,heap        ] GC(904) DefNew: 19646K(19648K)->2143K(19648K) Eden: 17472K(17472K)->0K(17472K) From: 2174K(2176K)->2143K(2176K)
[2026-06-17T10:00:39.383+0800][38.245s][info][gc,heap        ] GC(904) Tenured: 35494K(43712K)->36397K(43712K)
[2026-06-17T10:00:39.383+0800][38.246s][info][gc,metaspace   ] GC(904) Metaspace: 113K(320K)->113K(320K) NonClass: 106K(192K)->106K(192K) Class: 7K(128K)->7K(128K)
[2026-06-17T10:00:39.384+0800][38.247s][info][gc             ] GC(904) Pause Young (Allocation Failure) 53M->37M(61M) 3.582ms
[2026-06-17T10:00:39.385+0800][38.247s][info][gc,cpu         ] GC(904) User=0.00s Sys=0.00s Real=0.01s
[2026-06-17T10:00:39.427+0800][38.290s][info][gc,start       ] GC(905) Pause Young (Allocation Failure)
[2026-06-17T10:00:39.427+0800][38.290s][info][gc             ] GC(905) Pause Young (Allocation Failure) 54M->54M(61M) 0.370ms
[2026-06-17T10:00:39.428+0800][38.291s][info][gc,cpu         ] GC(905) User=0.00s Sys=0.00s Real=0.00s
[2026-06-17T10:00:39.428+0800][38.291s][info][gc,start       ] GC(906) Pause Full (Allocation Failure)
[2026-06-17T10:00:39.429+0800][38.292s][info][gc,phases,start] GC(906) Phase 1: Mark live objects
[2026-06-17T10:00:39.431+0800][38.294s][info][gc,phases      ] GC(906) Phase 1: Mark live objects 1.715ms
[2026-06-17T10:00:39.431+0800][38.294s][info][gc,phases,start] GC(906) Phase 2: Compute new object addresses
[2026-06-17T10:00:39.432+0800][38.295s][info][gc,phases      ] GC(906) Phase 2: Compute new object addresses 0.944ms
[2026-06-17T10:00:39.433+0800][38.295s][info][gc,phases,start] GC(906) Phase 3: Adjust pointers
[2026-06-17T10:00:39.433+0800][38.296s][info][gc,phases      ] GC(906) Phase 3: Adjust pointers 0.719ms
[2026-06-17T10:00:39.434+0800][38.296s][info][gc,phases,start] GC(906) Phase 4: Move objects
[2026-06-17T10:00:39.436+0800][38.299s][info][gc,phases      ] GC(906) Phase 4: Move objects 2.530ms
[2026-06-17T10:00:39.437+0800][38.299s][info][gc,heap        ] GC(906) DefNew: 19609K(19648K)->0K(19648K) Eden: 17466K(17472K)->0K(17472K) From: 2143K(2176K)->0K(2176K)
[2026-06-17T10:00:39.437+0800][38.300s][info][gc,heap        ] GC(906) Tenured: 36397K(43712K)->25730K(43712K)
[2026-06-17T10:00:39.438+0800][38.300s][info][gc,metaspace   ] GC(906) Metaspace: 113K(320K)->113K(320K) NonClass: 106K(192K)->106K(192K) Class: 7K(128K)->7K(128K)
[2026-06-17T10:00:39.438+0800][38.301s][info][gc             ] GC(906) Pause Full (Allocation Failure) 54M->25M(61M) 9.668ms
[2026-06-17T10:00:39.438+0800][38.301s][info][gc,cpu         ] GC(906) User=0.01s Sys=0.00s Real=0.01s
[2026-06-17T10:00:39.481+0800][38.344s][info][gc,start       ] GC(907) Pause Young (Allocation Failure)
[2026-06-17T10:00:39.482+0800][38.345s][info][gc,heap        ] GC(907) DefNew: 17472K(19648K)->2173K(19648K) Eden: 17472K(17472K)->0K(17472K) From: 0K(2176K)->2173K(2176K)
[2026-06-17T10:00:39.483+0800][38.346s][info][gc,heap        ] GC(907) Tenured: 25730K(43712K)->31049K(43712K)
[2026-06-17T10:00:39.483+0800][38.346s][info][gc,metaspace   ] GC(907) Metaspace: 113K(320K)->113K(320K) NonClass: 106K(192K)->106K(192K) Class: 7K(128K)->7K(128K)
[2026-06-17T10:00:39.484+0800][38.347s][info][gc             ] GC(907) Pause Young (Allocation Failure) 42M->32M(61M) 3.107ms
[2026-06-17T10:00:39.485+0800][38.347s][info][gc,cpu         ] GC(907) User=0.00s Sys=0.00s Real=0.01s
[2026-06-17T10:00:39.527+0800][38.390s][info][gc,start       ] GC(908) Pause Young (Allocation Failure)
[2026-06-17T10:00:39.529+0800][38.391s][info][gc,heap        ] GC(908) DefNew: 19625K(19648K)->2175K(19648K) Eden: 17452K(17472K)->0K(17472K) From: 2173K(2176K)->2175K(2176K)
[2026-06-17T10:00:39.529+0800][38.392s][info][gc,heap        ] GC(908) Tenured: 31049K(43712K)->36700K(43712K)
[2026-06-17T10:00:39.530+0800][38.392s][info][gc,metaspace   ] GC(908) Metaspace: 113K(320K)->113K(320K) NonClass: 106K(192K)->106K(192K) Class: 7K(128K)->7K(128K)
[2026-06-17T10:00:39.530+0800][38.393s][info][gc             ] GC(908) Pause Young (Allocation Failure) 49M->37M(61M) 3.214ms
[2026-06-17T10:00:39.531+0800][38.393s][info][gc,cpu         ] GC(908) User=0.00s Sys=0.00s Real=0.01s
[2026-06-17T10:00:39.573+0800][38.436s][info][gc,start       ] GC(909) Pause Young (Allocation Failure)
[2026-06-17T10:00:39.574+0800][38.436s][info][gc             ] GC(909) Pause Young (Allocation Failure) 55M->55M(61M) 0.476ms
[2026-06-17T10:00:39.574+0800][38.437s][info][gc,cpu         ] GC(909) User=0.00s Sys=0.00s Real=0.00s
[2026-06-17T10:00:39.575+0800][38.438s][info][gc,start       ] GC(910) Pause Full (Allocation Failure)
[2026-06-17T10:00:39.575+0800][38.438s][info][gc,phases,start] GC(910) Phase 1: Mark live objects
[2026-06-17T10:00:39.576+0800][38.439s][info][gc,phases      ] GC(910) Phase 1: Mark live objects 1.251ms
[2026-06-17T10:00:39.577+0800][38.440s][info][gc,phases,start] GC(910) Phase 2: Compute new object addresses
[2026-06-17T10:00:39.578+0800][38.440s][info][gc,phases      ] GC(910) Phase 2: Compute new object addresses 0.894ms
[2026-06-17T10:00:39.579+0800][38.442s][info][gc,phases,start] GC(910) Phase 3: Adjust pointers
[2026-06-17T10:00:39.580+0800][38.443s][info][gc,phases      ] GC(910) Phase 3: Adjust pointers 1.011ms
[2026-06-17T10:00:39.580+0800][38.443s][info][gc,phases,start] GC(910) Phase 4: Move objects
[2026-06-17T10:00:39.583+0800][38.446s][info][gc,phases      ] GC(910) Phase 4: Move objects 2.567ms
[2026-06-17T10:00:39.584+0800][38.446s][info][gc,heap        ] GC(910) DefNew: 19647K(19648K)->0K(19648K) Eden: 17472K(17472K)->0K(17472K) From: 2175K(2176K)->0K(2176K)
[2026-06-17T10:00:39.584+0800][38.447s][info][gc,heap        ] GC(910) Tenured: 36700K(43712K)->25797K(43712K)
[2026-06-17T10:00:39.584+0800][38.447s][info][gc,metaspace   ] GC(910) Metaspace: 113K(320K)->113K(320K) NonClass: 106K(192K)->106K(192K) Class: 7K(128K)->7K(128K)
[2026-06-17T10:00:39.585+0800][38.447s][info][gc             ] GC(910) Pause Full (Allocation Failure) 55M->25M(61M) 9.789ms
[2026-06-17T10:00:39.585+0800][38.448s][info][gc,cpu         ] GC(910) User=0.00s Sys=0.00s Real=0.01s
[2026-06-17T10:00:39.629+0800][38.491s][info][gc,start       ] GC(911) Pause Young (Allocation Failure)
[2026-06-17T10:00:39.630+0800][38.493s][info][gc,heap        ] GC(911) DefNew: 17459K(19648K)->2174K(19648K) Eden: 17459K(17472K)->0K(17472K) From: 0K(2176K)->2174K(2176K)
[2026-06-17T10:00:39.631+0800][38.494s][info][gc,heap        ] GC(911) Tenured: 25797K(43712K)->30145K(43712K)
[2026-06-17T10:00:39.632+0800][38.494s][info][gc,metaspace   ] GC(911) Metaspace: 113K(320K)->113K(320K) NonClass: 106K(192K)->106K(192K) Class: 7K(128K)->7K(128K)
[2026-06-17T10:00:39.632+0800][38.495s][info][gc             ] GC(911) Pause Young (Allocation Failure) 42M->31M(61M) 3.515ms
[2026-06-17T10:00:39.633+0800][38.495s][info][gc,cpu         ] GC(911) User=0.00s Sys=0.00s Real=0.01s
[2026-06-17T10:00:39.676+0800][38.539s][info][gc,start       ] GC(912) Pause Young (Allocation Failure)
[2026-06-17T10:00:39.677+0800][38.540s][info][gc,heap        ] GC(912) DefNew: 19452K(19648K)->2109K(19648K) Eden: 17278K(17472K)->0K(17472K) From: 2174K(2176K)->2109K(2176K)
[2026-06-17T10:00:39.678+0800][38.541s][info][gc,heap        ] GC(912) Tenured: 30145K(43712K)->32274K(43712K)
[2026-06-17T10:00:39.678+0800][38.541s][info][gc,metaspace   ] GC(912) Metaspace: 113K(320K)->113K(320K) NonClass: 106K(192K)->106K(192K) Class: 7K(128K)->7K(128K)
[2026-06-17T10:00:39.679+0800][38.542s][info][gc             ] GC(912) Pause Young (Allocation Failure) 48M->33M(61M) 2.907ms
[2026-06-17T10:00:39.679+0800][38.542s][info][gc,cpu         ] GC(912) User=0.00s Sys=0.00s Real=0.00s
[2026-06-17T10:00:39.723+0800][38.585s][info][gc,start       ] GC(913) Pause Young (Allocation Failure)
[2026-06-17T10:00:39.725+0800][38.587s][info][gc,heap        ] GC(913) DefNew: 19560K(19648K)->2173K(19648K) Eden: 17451K(17472K)->0K(17472K) From: 2109K(2176K)->2173K(2176K)
[2026-06-17T10:00:39.725+0800][38.588s][info][gc,heap        ] GC(913) Tenured: 32274K(43712K)->39324K(43712K)
[2026-06-17T10:00:39.726+0800][38.588s][info][gc,metaspace   ] GC(913) Metaspace: 113K(320K)->113K(320K) NonClass: 106K(192K)->106K(192K) Class: 7K(128K)->7K(128K)
[2026-06-17T10:00:39.726+0800][38.589s][info][gc             ] GC(913) Pause Young (Allocation Failure) 50M->40M(61M) 3.612ms
[2026-06-17T10:00:39.726+0800][38.589s][info][gc,cpu         ] GC(913) User=0.00s Sys=0.01s Real=0.00s
[2026-06-17T10:00:39.780+0800][38.642s][info][gc,start       ] GC(914) Pause Young (Allocation Failure)
[2026-06-17T10:00:39.780+0800][38.643s][info][gc             ] GC(914) Pause Young (Allocation Failure) 57M->57M(61M) 0.658ms
[2026-06-17T10:00:39.781+0800][38.644s][info][gc,cpu         ] GC(914) User=0.00s Sys=0.00s Real=0.00s
[2026-06-17T10:00:39.781+0800][38.644s][info][gc,start       ] GC(915) Pause Full (Allocation Failure)
[2026-06-17T10:00:39.782+0800][38.645s][info][gc,phases,start] GC(915) Phase 1: Mark live objects
[2026-06-17T10:00:39.783+0800][38.646s][info][gc,phases      ] GC(915) Phase 1: Mark live objects 1.156ms
[2026-06-17T10:00:39.783+0800][38.646s][info][gc,phases,start] GC(915) Phase 2: Compute new object addresses
[2026-06-17T10:00:39.784+0800][38.647s][info][gc,phases      ] GC(915) Phase 2: Compute new object addresses 0.777ms
[2026-06-17T10:00:39.785+0800][38.648s][info][gc,phases,start] GC(915) Phase 3: Adjust pointers
[2026-06-17T10:00:39.786+0800][38.648s][info][gc,phases      ] GC(915) Phase 3: Adjust pointers 0.741ms
[2026-06-17T10:00:39.786+0800][38.649s][info][gc,phases,start] GC(915) Phase 4: Move objects
[2026-06-17T10:00:39.788+0800][38.651s][info][gc,phases      ] GC(915) Phase 4: Move objects 2.152ms
[2026-06-17T10:00:39.789+0800][38.652s][info][gc,heap        ] GC(915) DefNew: 19596K(19648K)->0K(19648K) Eden: 17422K(17472K)->0K(17472K) From: 2173K(2176K)->0K(2176K)
[2026-06-17T10:00:39.789+0800][38.652s][info][gc,heap        ] GC(915) Tenured: 39324K(43712K)->26286K(43712K)
[2026-06-17T10:00:39.790+0800][38.653s][info][gc,metaspace   ] GC(915) Metaspace: 113K(320K)->113K(320K) NonClass: 106K(192K)->106K(192K) Class: 7K(128K)->7K(128K)
[2026-06-17T10:00:39.791+0800][38.653s][info][gc             ] GC(915) Pause Full (Allocation Failure) 57M->25M(61M) 9.232ms
[2026-06-17T10:00:39.791+0800][38.654s][info][gc,cpu         ] GC(915) User=0.00s Sys=0.00s Real=0.02s
[2026-06-17T10:00:39.834+0800][38.696s][info][gc,start       ] GC(916) Pause Young (Allocation Failure)
[2026-06-17T10:00:39.835+0800][38.698s][info][gc,heap        ] GC(916) DefNew: 17420K(19648K)->2169K(19648K) Eden: 17420K(17472K)->0K(17472K) From: 0K(2176K)->2169K(2176K)
[2026-06-17T10:00:39.835+0800][38.698s][info][gc,heap        ] GC(916) Tenured: 26286K(43712K)->31311K(43712K)
[2026-06-17T10:00:39.836+0800][38.699s][info][gc,metaspace   ] GC(916) Metaspace: 113K(320K)->113K(320K) NonClass: 106K(192K)->106K(192K) Class: 7K(128K)->7K(128K)
[2026-06-17T10:00:39.836+0800][38.699s][info][gc             ] GC(916) Pause Young (Allocation Failure) 42M->32M(61M) 2.846ms
[2026-06-17T10:00:39.837+0800][38.700s][info][gc,cpu         ] GC(916) User=0.00s Sys=0.00s Real=0.00s
[2026-06-17T10:00:39.879+0800][38.742s][info][gc,start       ] GC(917) Pause Young (Allocation Failure)
[2026-06-17T10:00:39.881+0800][38.744s][info][gc,heap        ] GC(917) DefNew: 19606K(19648K)->2170K(19648K) Eden: 17437K(17472K)->0K(17472K) From: 2169K(2176K)->2170K(2176K)
[2026-06-17T10:00:39.882+0800][38.744s][info][gc,heap        ] GC(917) Tenured: 31311K(43712K)->36730K(43712K)
[2026-06-17T10:00:39.882+0800][38.745s][info][gc,metaspace   ] GC(917) Metaspace: 113K(320K)->113K(320K) NonClass: 106K(192K)->106K(192K) Class: 7K(128K)->7K(128K)
[2026-06-17T10:00:39.883+0800][38.746s][info][gc             ] GC(917) Pause Young (Allocation Failure) 49M->37M(61M) 3.551ms
[2026-06-17T10:00:39.883+0800][38.746s][info][gc,cpu         ] GC(917) User=0.00s Sys=0.00s Real=0.01s
[2026-06-17T10:00:39.927+0800][38.790s][info][gc,start       ] GC(918) Pause Young (Allocation Failure)
[2026-06-17T10:00:39.928+0800][38.790s][info][gc             ] GC(918) Pause Young (Allocation Failure) 54M->54M(61M) 0.537ms
[2026-06-17T10:00:39.928+0800][38.791s][info][gc,cpu         ] GC(918) User=0.00s Sys=0.00s Real=0.00s
[2026-06-17T10:00:39.929+0800][38.791s][info][gc,start       ] GC(919) Pause Full (Allocation Failure)
[2026-06-17T10:00:39.929+0800][38.792s][info][gc,phases,start] GC(919) Phase 1: Mark live objects
[2026-06-17T10:00:39.930+0800][38.793s][info][gc,phases      ] GC(919) Phase 1: Mark live objects 1.234ms
[2026-06-17T10:00:39.931+0800][38.794s][info][gc,phases,start] GC(919) Phase 2: Compute new object addresses
[2026-06-17T10:00:39.932+0800][38.794s][info][gc,phases      ] GC(919) Phase 2: Compute new object addresses 0.863ms
[2026-06-17T10:00:39.932+0800][38.795s][info][gc,phases,start] GC(919) Phase 3: Adjust pointers
[2026-06-17T10:00:39.933+0800][38.796s][info][gc,phases      ] GC(919) Phase 3: Adjust pointers 1.096ms
[2026-06-17T10:00:39.934+0800][38.797s][info][gc,phases,start] GC(919) Phase 4: Move objects
[2026-06-17T10:00:39.936+0800][38.798s][info][gc,phases      ] GC(919) Phase 4: Move objects 1.731ms
[2026-06-17T10:00:39.936+0800][38.799s][info][gc,heap        ] GC(919) DefNew: 19569K(19648K)->0K(19648K) Eden: 17398K(17472K)->0K(17472K) From: 2170K(2176K)->0K(2176K)
[2026-06-17T10:00:39.937+0800][38.799s][info][gc,heap        ] GC(919) Tenured: 36730K(43712K)->24229K(43712K)
[2026-06-17T10:00:39.937+0800][38.800s][info][gc,metaspace   ] GC(919) Metaspace: 113K(320K)->113K(320K) NonClass: 106K(192K)->106K(192K) Class: 7K(128K)->7K(128K)
[2026-06-17T10:00:39.937+0800][38.800s][info][gc             ] GC(919) Pause Full (Allocation Failure) 54M->23M(61M) 8.629ms
[2026-06-17T10:00:39.938+0800][38.800s][info][gc,cpu         ] GC(919) User=0.00s Sys=0.00s Real=0.01s
[2026-06-17T10:00:39.990+0800][38.853s][info][gc,start       ] GC(920) Pause Young (Allocation Failure)
[2026-06-17T10:00:39.991+0800][38.854s][info][gc,heap        ] GC(920) DefNew: 17446K(19648K)->2156K(19648K) Eden: 17446K(17472K)->0K(17472K) From: 0K(2176K)->2156K(2176K)
[2026-06-17T10:00:39.991+0800][38.854s][info][gc,heap        ] GC(920) Tenured: 24229K(43712K)->25869K(43712K)
[2026-06-17T10:00:39.992+0800][38.855s][info][gc,metaspace   ] GC(920) Metaspace: 113K(320K)->113K(320K) NonClass: 106K(192K)->106K(192K) Class: 7K(128K)->7K(128K)
[2026-06-17T10:00:39.992+0800][38.855s][info][gc             ] GC(920) Pause Young (Allocation Failure) 40M->27M(61M) 2.429ms
[2026-06-17T10:00:39.993+0800][38.856s][info][gc,cpu         ] GC(920) User=0.01s Sys=0.00s Real=0.01s
[2026-06-17T10:00:40.035+0800][38.898s][info][gc,start       ] GC(921) Pause Young (Allocation Failure)
[2026-06-17T10:00:40.037+0800][38.899s][info][gc,heap        ] GC(921) DefNew: 19613K(19648K)->2164K(19648K) Eden: 17457K(17472K)->0K(17472K) From: 2156K(2176K)->2164K(2176K)
[2026-06-17T10:00:40.037+0800][38.900s][info][gc,heap        ] GC(921) Tenured: 25869K(43712K)->29477K(43712K)
[2026-06-17T10:00:40.038+0800][38.900s][info][gc,metaspace   ] GC(921) Metaspace: 113K(320K)->113K(320K) NonClass: 106K(192K)->106K(192K) Class: 7K(128K)->7K(128K)
[2026-06-17T10:00:40.038+0800][38.901s][info][gc             ] GC(921) Pause Young (Allocation Failure) 44M->30M(61M) 2.646ms
[2026-06-17T10:00:40.038+0800][38.901s][info][gc,cpu         ] GC(921) User=0.00s Sys=0.00s Real=0.00s
[2026-06-17T10:00:40.081+0800][38.943s][info][gc,start       ] GC(922) Pause Young (Allocation Failure)
[2026-06-17T10:00:40.089+0800][38.952s][info][gc,heap        ] GC(922) DefNew: 19622K(19648K)->2173K(19648K) Eden: 17458K(17472K)->0K(17472K) From: 2164K(2176K)->2173K(2176K)
[2026-06-17T10:00:40.105+0800][38.968s][info][gc,heap        ] GC(922) Tenured: 29477K(43712K)->33273K(43712K)
[2026-06-17T10:00:40.106+0800][38.968s][info][gc,metaspace   ] GC(922) Metaspace: 113K(320K)->113K(320K) NonClass: 106K(192K)->106K(192K) Class: 7K(128K)->7K(128K)
[2026-06-17T10:00:40.108+0800][38.971s][info][gc             ] GC(922) Pause Young (Allocation Failure) 47M->34M(61M) 27.495ms
[2026-06-17T10:00:40.110+0800][38.972s][info][gc,cpu         ] GC(922) User=0.00s Sys=0.00s Real=0.03s
[2026-06-17T10:00:40.164+0800][39.027s][info][gc,start       ] GC(923) Pause Young (Allocation Failure)
[2026-06-17T10:00:40.166+0800][39.028s][info][gc,heap        ] GC(923) DefNew: 19645K(19648K)->2045K(19648K) Eden: 17472K(17472K)->0K(17472K) From: 2173K(2176K)->2045K(2176K)
[2026-06-17T10:00:40.166+0800][39.029s][info][gc,heap        ] GC(923) Tenured: 33273K(43712K)->34164K(43712K)
[2026-06-17T10:00:40.167+0800][39.030s][info][gc,metaspace   ] GC(923) Metaspace: 113K(320K)->113K(320K) NonClass: 106K(192K)->106K(192K) Class: 7K(128K)->7K(128K)
[2026-06-17T10:00:40.168+0800][39.030s][info][gc             ] GC(923) Pause Young (Allocation Failure) 51M->35M(61M) 3.687ms
[2026-06-17T10:00:40.169+0800][39.032s][info][gc,cpu         ] GC(923) User=0.00s Sys=0.00s Real=0.00s
[2026-06-17T10:00:40.202+0800][39.064s][info][gc,start       ] GC(924) Pause Young (Allocation Failure)
[2026-06-17T10:00:40.203+0800][39.066s][info][gc,heap        ] GC(924) DefNew: 19481K(19648K)->2053K(19648K) Eden: 17436K(17472K)->0K(17472K) From: 2045K(2176K)->2053K(2176K)
[2026-06-17T10:00:40.203+0800][39.066s][info][gc,heap        ] GC(924) Tenured: 34164K(43712K)->37136K(43712K)
[2026-06-17T10:00:40.205+0800][39.067s][info][gc,metaspace   ] GC(924) Metaspace: 113K(320K)->113K(320K) NonClass: 106K(192K)->106K(192K) Class: 7K(128K)->7K(128K)
[2026-06-17T10:00:40.205+0800][39.068s][info][gc             ] GC(924) Pause Young (Allocation Failure) 52M->38M(61M) 3.554ms
[2026-06-17T10:00:40.206+0800][39.068s][info][gc,cpu         ] GC(924) User=0.01s Sys=0.00s Real=0.01s
[2026-06-17T10:00:40.260+0800][39.122s][info][gc,start       ] GC(925) Pause Young (Allocation Failure)
[2026-06-17T10:00:40.261+0800][39.123s][info][gc             ] GC(925) Pause Young (Allocation Failure) 55M->55M(61M) 0.894ms
[2026-06-17T10:00:40.261+0800][39.124s][info][gc,cpu         ] GC(925) User=0.00s Sys=0.00s Real=0.00s
[2026-06-17T10:00:40.263+0800][39.125s][info][gc,start       ] GC(926) Pause Full (Allocation Failure)
[2026-06-17T10:00:40.264+0800][39.126s][info][gc,phases,start] GC(926) Phase 1: Mark live objects
[2026-06-17T10:00:40.266+0800][39.129s][info][gc,phases      ] GC(926) Phase 1: Mark live objects 2.235ms
[2026-06-17T10:00:40.267+0800][39.130s][info][gc,phases,start] GC(926) Phase 2: Compute new object addresses
[2026-06-17T10:00:40.268+0800][39.131s][info][gc,phases      ] GC(926) Phase 2: Compute new object addresses 1.600ms
[2026-06-17T10:00:40.269+0800][39.132s][info][gc,phases,start] GC(926) Phase 3: Adjust pointers
[2026-06-17T10:00:40.271+0800][39.134s][info][gc,phases      ] GC(926) Phase 3: Adjust pointers 1.925ms
[2026-06-17T10:00:40.272+0800][39.135s][info][gc,phases,start] GC(926) Phase 4: Move objects
[2026-06-17T10:00:40.277+0800][39.140s][info][gc,phases      ] GC(926) Phase 4: Move objects 4.727ms
[2026-06-17T10:00:40.278+0800][39.141s][info][gc,heap        ] GC(926) DefNew: 19525K(19648K)->0K(19648K) Eden: 17472K(17472K)->0K(17472K) From: 2053K(2176K)->0K(2176K)
[2026-06-17T10:00:40.280+0800][39.143s][info][gc,heap        ] GC(926) Tenured: 37136K(43712K)->32490K(43712K)
[2026-06-17T10:00:40.281+0800][39.144s][info][gc,metaspace   ] GC(926) Metaspace: 113K(320K)->113K(320K) NonClass: 106K(192K)->106K(192K) Class: 7K(128K)->7K(128K)
[2026-06-17T10:00:40.282+0800][39.144s][info][gc             ] GC(926) Pause Full (Allocation Failure) 55M->31M(61M) 19.071ms
[2026-06-17T10:00:40.283+0800][39.145s][info][gc,cpu         ] GC(926) User=0.01s Sys=0.00s Real=0.02s
[2026-06-17T10:00:40.327+0800][39.190s][info][gc,start       ] GC(927) Pause Young (Allocation Failure)
[2026-06-17T10:00:40.329+0800][39.191s][info][gc,heap        ] GC(927) DefNew: 17472K(19648K)->2168K(19648K) Eden: 17472K(17472K)->0K(17472K) From: 0K(2176K)->2168K(2176K)
[2026-06-17T10:00:40.330+0800][39.192s][info][gc,heap        ] GC(927) Tenured: 32490K(43712K)->37028K(43712K)
[2026-06-17T10:00:40.331+0800][39.193s][info][gc,metaspace   ] GC(927) Metaspace: 113K(320K)->113K(320K) NonClass: 106K(192K)->106K(192K) Class: 7K(128K)->7K(128K)
[2026-06-17T10:00:40.333+0800][39.195s][info][gc             ] GC(927) Pause Young (Allocation Failure) 48M->38M(61M) 5.593ms
[2026-06-17T10:00:40.334+0800][39.197s][info][gc,cpu         ] GC(927) User=0.00s Sys=0.00s Real=0.01s
[2026-06-17T10:00:40.380+0800][39.243s][info][gc,start       ] GC(928) Pause Young (Allocation Failure)
[2026-06-17T10:00:40.381+0800][39.244s][info][gc             ] GC(928) Pause Young (Allocation Failure) 55M->55M(61M) 0.804ms
[2026-06-17T10:00:40.382+0800][39.245s][info][gc,cpu         ] GC(928) User=0.00s Sys=0.00s Real=0.00s
[2026-06-17T10:00:40.382+0800][39.245s][info][gc,start       ] GC(929) Pause Full (Allocation Failure)
[2026-06-17T10:00:40.383+0800][39.246s][info][gc,phases,start] GC(929) Phase 1: Mark live objects
[2026-06-17T10:00:40.385+0800][39.248s][info][gc,phases      ] GC(929) Phase 1: Mark live objects 1.958ms
[2026-06-17T10:00:40.386+0800][39.249s][info][gc,phases,start] GC(929) Phase 2: Compute new object addresses
[2026-06-17T10:00:40.387+0800][39.250s][info][gc,phases      ] GC(929) Phase 2: Compute new object addresses 1.237ms
[2026-06-17T10:00:40.388+0800][39.250s][info][gc,phases,start] GC(929) Phase 3: Adjust pointers
[2026-06-17T10:00:40.389+0800][39.252s][info][gc,phases      ] GC(929) Phase 3: Adjust pointers 1.233ms
[2026-06-17T10:00:40.389+0800][39.252s][info][gc,phases,start] GC(929) Phase 4: Move objects
[2026-06-17T10:00:40.393+0800][39.255s][info][gc,phases      ] GC(929) Phase 4: Move objects 3.253ms
[2026-06-17T10:00:40.393+0800][39.256s][info][gc,heap        ] GC(929) DefNew: 19587K(19648K)->0K(19648K) Eden: 17419K(17472K)->0K(17472K) From: 2168K(2176K)->0K(2176K)
[2026-06-17T10:00:40.394+0800][39.256s][info][gc,heap        ] GC(929) Tenured: 37028K(43712K)->23708K(43712K)
[2026-06-17T10:00:40.394+0800][39.257s][info][gc,metaspace   ] GC(929) Metaspace: 113K(320K)->113K(320K) NonClass: 106K(192K)->106K(192K) Class: 7K(128K)->7K(128K)
[2026-06-17T10:00:40.395+0800][39.257s][info][gc             ] GC(929) Pause Full (Allocation Failure) 55M->23M(61M) 12.208ms
[2026-06-17T10:00:40.395+0800][39.258s][info][gc,cpu         ] GC(929) User=0.00s Sys=0.00s Real=0.02s
[2026-06-17T10:00:40.449+0800][39.311s][info][gc,start       ] GC(930) Pause Young (Allocation Failure)
[2026-06-17T10:00:40.450+0800][39.313s][info][gc,heap        ] GC(930) DefNew: 17472K(19648K)->2155K(19648K) Eden: 17472K(17472K)->0K(17472K) From: 0K(2176K)->2155K(2176K)
[2026-06-17T10:00:40.450+0800][39.313s][info][gc,heap        ] GC(930) Tenured: 23708K(43712K)->25889K(43712K)
[2026-06-17T10:00:40.451+0800][39.314s][info][gc,metaspace   ] GC(930) Metaspace: 113K(320K)->113K(320K) NonClass: 106K(192K)->106K(192K) Class: 7K(128K)->7K(128K)
[2026-06-17T10:00:40.451+0800][39.314s][info][gc             ] GC(930) Pause Young (Allocation Failure) 40M->27M(61M) 2.780ms
[2026-06-17T10:00:40.452+0800][39.315s][info][gc,cpu         ] GC(930) User=0.00s Sys=0.00s Real=0.01s
[2026-06-17T10:00:40.494+0800][39.357s][info][gc,start       ] GC(931) Pause Young (Allocation Failure)
[2026-06-17T10:00:40.496+0800][39.359s][info][gc,heap        ] GC(931) DefNew: 19611K(19648K)->2061K(19648K) Eden: 17456K(17472K)->0K(17472K) From: 2155K(2176K)->2061K(2176K)
[2026-06-17T10:00:40.497+0800][39.360s][info][gc,heap        ] GC(931) Tenured: 25889K(43712K)->29449K(43712K)
[2026-06-17T10:00:40.498+0800][39.361s][info][gc,metaspace   ] GC(931) Metaspace: 113K(320K)->113K(320K) NonClass: 106K(192K)->106K(192K) Class: 7K(128K)->7K(128K)
[2026-06-17T10:00:40.499+0800][39.362s][info][gc             ] GC(931) Pause Young (Allocation Failure) 44M->30M(61M) 4.553ms
[2026-06-17T10:00:40.500+0800][39.363s][info][gc,cpu         ] GC(931) User=0.00s Sys=0.00s Real=0.00s
[2026-06-17T10:00:40.534+0800][39.397s][info][gc,start       ] GC(932) Pause Young (Allocation Failure)
[2026-06-17T10:00:40.537+0800][39.400s][info][gc,heap        ] GC(932) DefNew: 19508K(19648K)->2170K(19648K) Eden: 17446K(17472K)->0K(17472K) From: 2061K(2176K)->2170K(2176K)
[2026-06-17T10:00:40.537+0800][39.400s][info][gc,heap        ] GC(932) Tenured: 29449K(43712K)->35929K(43712K)
[2026-06-17T10:00:40.538+0800][39.401s][info][gc,metaspace   ] GC(932) Metaspace: 113K(320K)->113K(320K) NonClass: 106K(192K)->106K(192K) Class: 7K(128K)->7K(128K)
[2026-06-17T10:00:40.538+0800][39.401s][info][gc             ] GC(932) Pause Young (Allocation Failure) 47M->37M(61M) 3.961ms
[2026-06-17T10:00:40.539+0800][39.402s][info][gc,cpu         ] GC(932) User=0.00s Sys=0.00s Real=0.00s
[2026-06-17T10:00:40.595+0800][39.457s][info][gc,start       ] GC(933) Pause Young (Allocation Failure)
[2026-06-17T10:00:40.597+0800][39.460s][info][gc,heap        ] GC(933) DefNew: 19625K(19648K)->2077K(19648K) Eden: 17454K(17472K)->0K(17472K) From: 2170K(2176K)->2077K(2176K)
[2026-06-17T10:00:40.598+0800][39.461s][info][gc,heap        ] GC(933) Tenured: 35929K(43712K)->38415K(43712K)
[2026-06-17T10:00:40.599+0800][39.461s][info][gc,metaspace   ] GC(933) Metaspace: 113K(320K)->113K(320K) NonClass: 106K(192K)->106K(192K) Class: 7K(128K)->7K(128K)
[2026-06-17T10:00:40.600+0800][39.462s][info][gc             ] GC(933) Pause Young (Allocation Failure) 54M->39M(61M) 4.890ms
[2026-06-17T10:00:40.600+0800][39.463s][info][gc,cpu         ] GC(933) User=0.00s Sys=0.00s Real=0.00s
[2026-06-17T10:00:40.644+0800][39.507s][info][gc,start       ] GC(934) Pause Young (Allocation Failure)
[2026-06-17T10:00:40.645+0800][39.508s][info][gc             ] GC(934) Pause Young (Allocation Failure) 56M->56M(61M) 0.572ms
[2026-06-17T10:00:40.645+0800][39.508s][info][gc,cpu         ] GC(934) User=0.00s Sys=0.00s Real=0.00s
[2026-06-17T10:00:40.646+0800][39.508s][info][gc,start       ] GC(935) Pause Full (Allocation Failure)
[2026-06-17T10:00:40.646+0800][39.509s][info][gc,phases,start] GC(935) Phase 1: Mark live objects
[2026-06-17T10:00:40.647+0800][39.510s][info][gc,phases      ] GC(935) Phase 1: Mark live objects 1.402ms
[2026-06-17T10:00:40.648+0800][39.510s][info][gc,phases,start] GC(935) Phase 2: Compute new object addresses
[2026-06-17T10:00:40.648+0800][39.511s][info][gc,phases      ] GC(935) Phase 2: Compute new object addresses 0.707ms
[2026-06-17T10:00:40.649+0800][39.512s][info][gc,phases,start] GC(935) Phase 3: Adjust pointers
[2026-06-17T10:00:40.650+0800][39.512s][info][gc,phases      ] GC(935) Phase 3: Adjust pointers 0.894ms
[2026-06-17T10:00:40.650+0800][39.513s][info][gc,phases,start] GC(935) Phase 4: Move objects
[2026-06-17T10:00:40.652+0800][39.515s][info][gc,phases      ] GC(935) Phase 4: Move objects 2.343ms
[2026-06-17T10:00:40.653+0800][39.515s][info][gc,heap        ] GC(935) DefNew: 19549K(19648K)->0K(19648K) Eden: 17472K(17472K)->0K(17472K) From: 2077K(2176K)->0K(2176K)
[2026-06-17T10:00:40.653+0800][39.516s][info][gc,heap        ] GC(935) Tenured: 38415K(43712K)->30838K(43712K)
[2026-06-17T10:00:40.653+0800][39.516s][info][gc,metaspace   ] GC(935) Metaspace: 113K(320K)->113K(320K) NonClass: 106K(192K)->106K(192K) Class: 7K(128K)->7K(128K)
[2026-06-17T10:00:40.653+0800][39.516s][info][gc             ] GC(935) Pause Full (Allocation Failure) 56M->30M(61M) 7.672ms
[2026-06-17T10:00:40.653+0800][39.516s][info][gc,cpu         ] GC(935) User=0.00s Sys=0.00s Real=0.01s
[2026-06-17T10:00:40.706+0800][39.569s][info][gc,start       ] GC(936) Pause Young (Allocation Failure)
[2026-06-17T10:00:40.707+0800][39.570s][info][gc,heap        ] GC(936) DefNew: 17460K(19648K)->2132K(19648K) Eden: 17460K(17472K)->0K(17472K) From: 0K(2176K)->2132K(2176K)
[2026-06-17T10:00:40.708+0800][39.571s][info][gc,heap        ] GC(936) Tenured: 30838K(43712K)->32281K(43712K)
[2026-06-17T10:00:40.708+0800][39.571s][info][gc,metaspace   ] GC(936) Metaspace: 114K(320K)->114K(320K) NonClass: 106K(192K)->106K(192K) Class: 7K(128K)->7K(128K)
[2026-06-17T10:00:40.709+0800][39.572s][info][gc             ] GC(936) Pause Young (Allocation Failure) 47M->33M(61M) 2.804ms
[2026-06-17T10:00:40.709+0800][39.572s][info][gc,cpu         ] GC(936) User=0.00s Sys=0.00s Real=0.00s
[2026-06-17T10:00:40.743+0800][39.605s][info][gc,start       ] GC(937) Pause Young (Allocation Failure)
[2026-06-17T10:00:40.744+0800][39.607s][info][gc,heap        ] GC(937) DefNew: 19509K(19648K)->2102K(19648K) Eden: 17377K(17472K)->0K(17472K) From: 2132K(2176K)->2102K(2176K)
[2026-06-17T10:00:40.745+0800][39.607s][info][gc,heap        ] GC(937) Tenured: 32281K(43712K)->35545K(43712K)
[2026-06-17T10:00:40.745+0800][39.608s][info][gc,metaspace   ] GC(937) Metaspace: 114K(320K)->114K(320K) NonClass: 106K(192K)->106K(192K) Class: 7K(128K)->7K(128K)
[2026-06-17T10:00:40.746+0800][39.608s][info][gc             ] GC(937) Pause Young (Allocation Failure) 50M->36M(61M) 2.996ms
[2026-06-17T10:00:40.746+0800][39.609s][info][gc,cpu         ] GC(937) User=0.00s Sys=0.00s Real=0.00s
[2026-06-17T10:00:40.789+0800][39.652s][info][gc,start       ] GC(938) Pause Young (Allocation Failure)
[2026-06-17T10:00:40.791+0800][39.654s][info][gc,heap        ] GC(938) DefNew: 19574K(19648K)->2174K(19648K) Eden: 17472K(17472K)->0K(17472K) From: 2102K(2176K)->2174K(2176K)
[2026-06-17T10:00:40.791+0800][39.654s][info][gc,heap        ] GC(938) Tenured: 35545K(43712K)->42213K(43712K)
[2026-06-17T10:00:40.792+0800][39.654s][info][gc,metaspace   ] GC(938) Metaspace: 114K(320K)->114K(320K) NonClass: 106K(192K)->106K(192K) Class: 7K(128K)->7K(128K)
[2026-06-17T10:00:40.792+0800][39.655s][info][gc             ] GC(938) Pause Young (Allocation Failure) 53M->43M(61M) 2.513ms
[2026-06-17T10:00:40.792+0800][39.655s][info][gc,cpu         ] GC(938) User=0.00s Sys=0.00s Real=0.01s
[2026-06-17T10:00:40.844+0800][39.707s][info][gc,start       ] GC(939) Pause Young (Allocation Failure)
[2026-06-17T10:00:40.845+0800][39.707s][info][gc             ] GC(939) Pause Young (Allocation Failure) 60M->60M(61M) 0.396ms
[2026-06-17T10:00:40.845+0800][39.708s][info][gc,cpu         ] GC(939) User=0.00s Sys=0.00s Real=0.00s
[2026-06-17T10:00:40.845+0800][39.708s][info][gc,start       ] GC(940) Pause Full (Allocation Failure)
[2026-06-17T10:00:40.845+0800][39.708s][info][gc,phases,start] GC(940) Phase 1: Mark live objects
[2026-06-17T10:00:40.846+0800][39.709s][info][gc,phases      ] GC(940) Phase 1: Mark live objects 0.866ms
[2026-06-17T10:00:40.846+0800][39.709s][info][gc,phases,start] GC(940) Phase 2: Compute new object addresses
[2026-06-17T10:00:40.847+0800][39.710s][info][gc,phases      ] GC(940) Phase 2: Compute new object addresses 0.446ms
[2026-06-17T10:00:40.847+0800][39.710s][info][gc,phases,start] GC(940) Phase 3: Adjust pointers
[2026-06-17T10:00:40.848+0800][39.710s][info][gc,phases      ] GC(940) Phase 3: Adjust pointers 0.457ms
[2026-06-17T10:00:40.848+0800][39.711s][info][gc,phases,start] GC(940) Phase 4: Move objects
[2026-06-17T10:00:40.850+0800][39.713s][info][gc,phases      ] GC(940) Phase 4: Move objects 2.008ms
[2026-06-17T10:00:40.850+0800][39.713s][info][gc,heap        ] GC(940) DefNew: 19625K(19648K)->0K(19648K) Eden: 17451K(17472K)->0K(17472K) From: 2174K(2176K)->0K(2176K)
[2026-06-17T10:00:40.850+0800][39.713s][info][gc,heap        ] GC(940) Tenured: 42213K(43712K)->30884K(43712K)
[2026-06-17T10:00:40.851+0800][39.714s][info][gc,metaspace   ] GC(940) Metaspace: 114K(320K)->114K(320K) NonClass: 106K(192K)->106K(192K) Class: 7K(128K)->7K(128K)
[2026-06-17T10:00:40.851+0800][39.714s][info][gc             ] GC(940) Pause Full (Allocation Failure) 60M->30M(61M) 6.224ms
[2026-06-17T10:00:40.851+0800][39.714s][info][gc,cpu         ] GC(940) User=0.00s Sys=0.00s Real=0.01s
[2026-06-17T10:00:40.883+0800][39.746s][info][gc,start       ] GC(941) Pause Young (Allocation Failure)
[2026-06-17T10:00:40.885+0800][39.747s][info][gc,heap        ] GC(941) DefNew: 17350K(19648K)->2171K(19648K) Eden: 17350K(17472K)->0K(17472K) From: 0K(2176K)->2171K(2176K)
[2026-06-17T10:00:40.885+0800][39.748s][info][gc,heap        ] GC(941) Tenured: 30884K(43712K)->35493K(43712K)
[2026-06-17T10:00:40.885+0800][39.748s][info][gc,metaspace   ] GC(941) Metaspace: 114K(320K)->114K(320K) NonClass: 106K(192K)->106K(192K) Class: 7K(128K)->7K(128K)
[2026-06-17T10:00:40.886+0800][39.748s][info][gc             ] GC(941) Pause Young (Allocation Failure) 47M->36M(61M) 2.181ms
[2026-06-17T10:00:40.886+0800][39.749s][info][gc,cpu         ] GC(941) User=0.00s Sys=0.00s Real=0.00s
[2026-06-17T10:00:40.928+0800][39.791s][info][gc,start       ] GC(942) Pause Young (Allocation Failure)
[2026-06-17T10:00:40.930+0800][39.792s][info][gc,heap        ] GC(942) DefNew: 19604K(19648K)->2174K(19648K) Eden: 17433K(17472K)->0K(17472K) From: 2171K(2176K)->2174K(2176K)
[2026-06-17T10:00:40.930+0800][39.793s][info][gc,heap        ] GC(942) Tenured: 35493K(43712K)->42678K(43712K)
[2026-06-17T10:00:40.930+0800][39.793s][info][gc,metaspace   ] GC(942) Metaspace: 114K(320K)->114K(320K) NonClass: 106K(192K)->106K(192K) Class: 7K(128K)->7K(128K)
[2026-06-17T10:00:40.931+0800][39.793s][info][gc             ] GC(942) Pause Young (Allocation Failure) 53M->43M(61M) 2.436ms
[2026-06-17T10:00:40.931+0800][39.793s][info][gc,cpu         ] GC(942) User=0.01s Sys=0.00s Real=0.01s
[2026-06-17T10:00:40.984+0800][39.847s][info][gc,start       ] GC(943) Pause Young (Allocation Failure)
[2026-06-17T10:00:40.985+0800][39.848s][info][gc             ] GC(943) Pause Young (Allocation Failure) 60M->60M(61M) 1.322ms
[2026-06-17T10:00:40.986+0800][39.849s][info][gc,cpu         ] GC(943) User=0.00s Sys=0.00s Real=0.00s
[2026-06-17T10:00:40.987+0800][39.850s][info][gc,start       ] GC(944) Pause Full (Allocation Failure)
[2026-06-17T10:00:40.988+0800][39.850s][info][gc,phases,start] GC(944) Phase 1: Mark live objects
[2026-06-17T10:00:40.990+0800][39.852s][info][gc,phases      ] GC(944) Phase 1: Mark live objects 1.977ms
[2026-06-17T10:00:40.991+0800][39.853s][info][gc,phases,start] GC(944) Phase 2: Compute new object addresses
[2026-06-17T10:00:40.992+0800][39.855s][info][gc,phases      ] GC(944) Phase 2: Compute new object addresses 1.460ms
[2026-06-17T10:00:40.993+0800][39.856s][info][gc,phases,start] GC(944) Phase 3: Adjust pointers
[2026-06-17T10:00:40.995+0800][39.857s][info][gc,phases      ] GC(944) Phase 3: Adjust pointers 1.603ms
[2026-06-17T10:00:40.995+0800][39.858s][info][gc,phases,start] GC(944) Phase 4: Move objects
[2026-06-17T10:00:41.000+0800][39.862s][info][gc,phases      ] GC(944) Phase 4: Move objects 4.125ms
[2026-06-17T10:00:41.000+0800][39.863s][info][gc,heap        ] GC(944) DefNew: 19629K(19648K)->0K(19648K) Eden: 17454K(17472K)->0K(17472K) From: 2174K(2176K)->0K(2176K)
[2026-06-17T10:00:41.001+0800][39.864s][info][gc,heap        ] GC(944) Tenured: 42678K(43712K)->30545K(43712K)
[2026-06-17T10:00:41.002+0800][39.865s][info][gc,metaspace   ] GC(944) Metaspace: 114K(320K)->114K(320K) NonClass: 106K(192K)->106K(192K) Class: 7K(128K)->7K(128K)
[2026-06-17T10:00:41.003+0800][39.866s][info][gc             ] GC(944) Pause Full (Allocation Failure) 60M->29M(61M) 16.213ms
[2026-06-17T10:00:41.004+0800][39.866s][info][gc,cpu         ] GC(944) User=0.01s Sys=0.00s Real=0.02s
[2026-06-17T10:00:41.048+0800][39.910s][info][gc,start       ] GC(945) Pause Young (Allocation Failure)
[2026-06-17T10:00:41.050+0800][39.913s][info][gc,heap        ] GC(945) DefNew: 17472K(19648K)->2175K(19648K) Eden: 17472K(17472K)->0K(17472K) From: 0K(2176K)->2175K(2176K)
[2026-06-17T10:00:41.051+0800][39.914s][info][gc,heap        ] GC(945) Tenured: 30545K(43712K)->35542K(43712K)
[2026-06-17T10:00:41.052+0800][39.914s][info][gc,metaspace   ] GC(945) Metaspace: 114K(320K)->114K(320K) NonClass: 106K(192K)->106K(192K) Class: 7K(128K)->7K(128K)
[2026-06-17T10:00:41.053+0800][39.915s][info][gc             ] GC(945) Pause Young (Allocation Failure) 46M->36M(61M) 5.058ms
[2026-06-17T10:00:41.053+0800][39.916s][info][gc,cpu         ] GC(945) User=0.00s Sys=0.00s Real=0.01s
[2026-06-17T10:00:41.097+0800][39.960s][info][gc,start       ] GC(946) Pause Young (Allocation Failure)
[2026-06-17T10:00:41.098+0800][39.961s][info][gc             ] GC(946) Pause Young (Allocation Failure) 53M->53M(61M) 1.032ms
[2026-06-17T10:00:41.099+0800][39.962s][info][gc,cpu         ] GC(946) User=0.00s Sys=0.00s Real=0.00s
[2026-06-17T10:00:41.100+0800][39.963s][info][gc,start       ] GC(947) Pause Full (Allocation Failure)
[2026-06-17T10:00:41.101+0800][39.964s][info][gc,phases,start] GC(947) Phase 1: Mark live objects
[2026-06-17T10:00:41.103+0800][39.966s][info][gc,phases      ] GC(947) Phase 1: Mark live objects 2.514ms
[2026-06-17T10:00:41.104+0800][39.967s][info][gc,phases,start] GC(947) Phase 2: Compute new object addresses
[2026-06-17T10:00:41.105+0800][39.968s][info][gc,phases      ] GC(947) Phase 2: Compute new object addresses 1.025ms
[2026-06-17T10:00:41.106+0800][39.969s][info][gc,phases,start] GC(947) Phase 3: Adjust pointers
[2026-06-17T10:00:41.107+0800][39.970s][info][gc,phases      ] GC(947) Phase 3: Adjust pointers 1.006ms
[2026-06-17T10:00:41.108+0800][39.971s][info][gc,phases,start] GC(947) Phase 4: Move objects
[2026-06-17T10:00:41.112+0800][39.975s][info][gc,phases      ] GC(947) Phase 4: Move objects 3.928ms
[2026-06-17T10:00:41.113+0800][39.976s][info][gc,heap        ] GC(947) DefNew: 19608K(19648K)->0K(19648K) Eden: 17433K(17472K)->0K(17472K) From: 2175K(2176K)->0K(2176K)
[2026-06-17T10:00:41.114+0800][39.977s][info][gc,heap        ] GC(947) Tenured: 35542K(43712K)->28736K(43712K)
[2026-06-17T10:00:41.115+0800][39.977s][info][gc,metaspace   ] GC(947) Metaspace: 114K(320K)->114K(320K) NonClass: 106K(192K)->106K(192K) Class: 7K(128K)->7K(128K)
[2026-06-17T10:00:41.115+0800][39.978s][info][gc             ] GC(947) Pause Full (Allocation Failure) 53M->28M(61M) 15.451ms
[2026-06-17T10:00:41.116+0800][39.979s][info][gc,cpu         ] GC(947) User=0.00s Sys=0.00s Real=0.02s
[2026-06-17T10:00:41.160+0800][40.023s][info][gc,start       ] GC(948) Pause Young (Allocation Failure)
[2026-06-17T10:00:41.163+0800][40.025s][info][gc,heap        ] GC(948) DefNew: 17472K(19648K)->2173K(19648K) Eden: 17472K(17472K)->0K(17472K) From: 0K(2176K)->2173K(2176K)
[2026-06-17T10:00:41.163+0800][40.026s][info][gc,heap        ] GC(948) Tenured: 28736K(43712K)->33253K(43712K)
[2026-06-17T10:00:41.164+0800][40.027s][info][gc,metaspace   ] GC(948) Metaspace: 114K(320K)->114K(320K) NonClass: 106K(192K)->106K(192K) Class: 7K(128K)->7K(128K)
[2026-06-17T10:00:41.165+0800][40.028s][info][gc             ] GC(948) Pause Young (Allocation Failure) 45M->34M(61M) 5.257ms
[2026-06-17T10:00:41.166+0800][40.029s][info][gc,cpu         ] GC(948) User=0.00s Sys=0.00s Real=0.01s
[2026-06-17T10:00:41.210+0800][40.073s][info][gc,start       ] GC(949) Pause Young (Allocation Failure)
[2026-06-17T10:00:41.212+0800][40.074s][info][gc,heap        ] GC(949) DefNew: 19620K(19648K)->2157K(19648K) Eden: 17446K(17472K)->0K(17472K) From: 2173K(2176K)->2157K(2176K)
[2026-06-17T10:00:41.213+0800][40.075s][info][gc,heap        ] GC(949) Tenured: 33253K(43712K)->37612K(43712K)
[2026-06-17T10:00:41.213+0800][40.076s][info][gc,metaspace   ] GC(949) Metaspace: 114K(320K)->114K(320K) NonClass: 106K(192K)->106K(192K) Class: 7K(128K)->7K(128K)
[2026-06-17T10:00:41.214+0800][40.077s][info][gc             ] GC(949) Pause Young (Allocation Failure) 51M->38M(61M) 3.907ms
[2026-06-17T10:00:41.215+0800][40.077s][info][gc,cpu         ] GC(949) User=0.00s Sys=0.00s Real=0.01s
[2026-06-17T10:00:41.257+0800][40.120s][info][gc,start       ] GC(950) Pause Young (Allocation Failure)
[2026-06-17T10:00:41.258+0800][40.120s][info][gc             ] GC(950) Pause Young (Allocation Failure) 55M->55M(61M) 0.558ms
[2026-06-17T10:00:41.258+0800][40.121s][info][gc,cpu         ] GC(950) User=0.00s Sys=0.00s Real=0.00s
[2026-06-17T10:00:41.259+0800][40.121s][info][gc,start       ] GC(951) Pause Full (Allocation Failure)
[2026-06-17T10:00:41.259+0800][40.122s][info][gc,phases,start] GC(951) Phase 1: Mark live objects
[2026-06-17T10:00:41.261+0800][40.123s][info][gc,phases      ] GC(951) Phase 1: Mark live objects 1.186ms
[2026-06-17T10:00:41.261+0800][40.124s][info][gc,phases,start] GC(951) Phase 2: Compute new object addresses
[2026-06-17T10:00:41.262+0800][40.125s][info][gc,phases      ] GC(951) Phase 2: Compute new object addresses 1.098ms
[2026-06-17T10:00:41.263+0800][40.126s][info][gc,phases,start] GC(951) Phase 3: Adjust pointers
[2026-06-17T10:00:41.264+0800][40.127s][info][gc,phases      ] GC(951) Phase 3: Adjust pointers 1.615ms
[2026-06-17T10:00:41.265+0800][40.128s][info][gc,phases,start] GC(951) Phase 4: Move objects
[2026-06-17T10:00:41.267+0800][40.130s][info][gc,phases      ] GC(951) Phase 4: Move objects 2.108ms
[2026-06-17T10:00:41.269+0800][40.132s][info][gc,heap        ] GC(951) DefNew: 19598K(19648K)->0K(19648K) Eden: 17440K(17472K)->0K(17472K) From: 2157K(2176K)->0K(2176K)
[2026-06-17T10:00:41.270+0800][40.133s][info][gc,heap        ] GC(951) Tenured: 37612K(43712K)->27950K(43712K)
[2026-06-17T10:00:41.271+0800][40.133s][info][gc,metaspace   ] GC(951) Metaspace: 114K(320K)->114K(320K) NonClass: 106K(192K)->106K(192K) Class: 7K(128K)->7K(128K)
[2026-06-17T10:00:41.272+0800][40.134s][info][gc             ] GC(951) Pause Full (Allocation Failure) 55M->27M(61M) 12.996ms
[2026-06-17T10:00:41.272+0800][40.135s][info][gc,cpu         ] GC(951) User=0.01s Sys=0.00s Real=0.02s
[2026-06-17T10:00:41.315+0800][40.177s][info][gc,start       ] GC(952) Pause Young (Allocation Failure)
[2026-06-17T10:00:41.316+0800][40.179s][info][gc,heap        ] GC(952) DefNew: 17239K(19648K)->2099K(19648K) Eden: 17239K(17472K)->0K(17472K) From: 0K(2176K)->2099K(2176K)
[2026-06-17T10:00:41.316+0800][40.179s][info][gc,heap        ] GC(952) Tenured: 27950K(43712K)->29320K(43712K)
[2026-06-17T10:00:41.317+0800][40.179s][info][gc,metaspace   ] GC(952) Metaspace: 114K(320K)->114K(320K) NonClass: 106K(192K)->106K(192K) Class: 7K(128K)->7K(128K)
[2026-06-17T10:00:41.317+0800][40.180s][info][gc             ] GC(952) Pause Young (Allocation Failure) 44M->30M(61M) 2.100ms
[2026-06-17T10:00:41.317+0800][40.180s][info][gc,cpu         ] GC(952) User=0.00s Sys=0.00s Real=0.00s
[2026-06-17T10:00:41.360+0800][40.223s][info][gc,start       ] GC(953) Pause Young (Allocation Failure)
[2026-06-17T10:00:41.361+0800][40.224s][info][gc,heap        ] GC(953) DefNew: 18855K(19648K)->2085K(19648K) Eden: 16756K(17472K)->0K(17472K) From: 2099K(2176K)->2085K(2176K)
[2026-06-17T10:00:41.362+0800][40.224s][info][gc,heap        ] GC(953) Tenured: 29320K(43712K)->31781K(43712K)
[2026-06-17T10:00:41.362+0800][40.225s][info][gc,metaspace   ] GC(953) Metaspace: 114K(320K)->114K(320K) NonClass: 106K(192K)->106K(192K) Class: 7K(128K)->7K(128K)
[2026-06-17T10:00:41.362+0800][40.225s][info][gc             ] GC(953) Pause Young (Allocation Failure) 47M->33M(61M) 2.239ms
[2026-06-17T10:00:41.363+0800][40.226s][info][gc,cpu         ] GC(953) User=0.00s Sys=0.00s Real=0.01s
[2026-06-17T10:00:41.416+0800][40.279s][info][gc,start       ] GC(954) Pause Young (Allocation Failure)
[2026-06-17T10:00:41.417+0800][40.280s][info][gc,heap        ] GC(954) DefNew: 19528K(19648K)->2150K(19648K) Eden: 17442K(17472K)->0K(17472K) From: 2085K(2176K)->2150K(2176K)
[2026-06-17T10:00:41.418+0800][40.280s][info][gc,heap        ] GC(954) Tenured: 31781K(43712K)->35687K(43712K)
[2026-06-17T10:00:41.418+0800][40.281s][info][gc,metaspace   ] GC(954) Metaspace: 114K(320K)->114K(320K) NonClass: 106K(192K)->106K(192K) Class: 7K(128K)->7K(128K)
[2026-06-17T10:00:41.419+0800][40.281s][info][gc             ] GC(954) Pause Young (Allocation Failure) 50M->36M(61M) 2.764ms
[2026-06-17T10:00:41.419+0800][40.282s][info][gc,cpu         ] GC(954) User=0.00s Sys=0.00s Real=0.00s
[2026-06-17T10:00:41.461+0800][40.324s][info][gc,start       ] GC(955) Pause Young (Allocation Failure)
[2026-06-17T10:00:41.462+0800][40.325s][info][gc,heap        ] GC(955) DefNew: 19622K(19648K)->2153K(19648K) Eden: 17472K(17472K)->0K(17472K) From: 2150K(2176K)->2153K(2176K)
[2026-06-17T10:00:41.463+0800][40.325s][info][gc,heap        ] GC(955) Tenured: 35687K(43712K)->39108K(43712K)
[2026-06-17T10:00:41.463+0800][40.326s][info][gc,metaspace   ] GC(955) Metaspace: 114K(320K)->114K(320K) NonClass: 106K(192K)->106K(192K) Class: 7K(128K)->7K(128K)
[2026-06-17T10:00:41.463+0800][40.326s][info][gc             ] GC(955) Pause Young (Allocation Failure) 54M->40M(61M) 2.251ms
[2026-06-17T10:00:41.464+0800][40.327s][info][gc,cpu         ] GC(955) User=0.00s Sys=0.00s Real=0.01s
[2026-06-17T10:00:41.506+0800][40.369s][info][gc,start       ] GC(956) Pause Young (Allocation Failure)
[2026-06-17T10:00:41.507+0800][40.369s][info][gc             ] GC(956) Pause Young (Allocation Failure) 57M->57M(61M) 0.442ms
[2026-06-17T10:00:41.507+0800][40.370s][info][gc,cpu         ] GC(956) User=0.00s Sys=0.00s Real=0.00s
[2026-06-17T10:00:41.509+0800][40.372s][info][gc,start       ] GC(957) Pause Full (Allocation Failure)
[2026-06-17T10:00:41.509+0800][40.372s][info][gc,phases,start] GC(957) Phase 1: Mark live objects
[2026-06-17T10:00:41.511+0800][40.373s][info][gc,phases      ] GC(957) Phase 1: Mark live objects 1.277ms
[2026-06-17T10:00:41.511+0800][40.374s][info][gc,phases,start] GC(957) Phase 2: Compute new object addresses
[2026-06-17T10:00:41.511+0800][40.374s][info][gc,phases      ] GC(957) Phase 2: Compute new object addresses 0.489ms
[2026-06-17T10:00:41.512+0800][40.375s][info][gc,phases,start] GC(957) Phase 3: Adjust pointers
[2026-06-17T10:00:41.513+0800][40.375s][info][gc,phases      ] GC(957) Phase 3: Adjust pointers 0.798ms
[2026-06-17T10:00:41.513+0800][40.376s][info][gc,phases,start] GC(957) Phase 4: Move objects
[2026-06-17T10:00:41.516+0800][40.378s][info][gc,phases      ] GC(957) Phase 4: Move objects 2.551ms
[2026-06-17T10:00:41.516+0800][40.379s][info][gc,heap        ] GC(957) DefNew: 19586K(19648K)->0K(19648K) Eden: 17433K(17472K)->0K(17472K) From: 2153K(2176K)->0K(2176K)
[2026-06-17T10:00:41.517+0800][40.379s][info][gc,heap        ] GC(957) Tenured: 39108K(43712K)->26301K(43712K)
[2026-06-17T10:00:41.517+0800][40.380s][info][gc,metaspace   ] GC(957) Metaspace: 114K(320K)->114K(320K) NonClass: 106K(192K)->106K(192K) Class: 7K(128K)->7K(128K)
[2026-06-17T10:00:41.517+0800][40.380s][info][gc             ] GC(957) Pause Full (Allocation Failure) 57M->25M(61M) 8.426ms
[2026-06-17T10:00:41.518+0800][40.380s][info][gc,cpu         ] GC(957) User=0.01s Sys=0.00s Real=0.01s
[2026-06-17T10:00:41.560+0800][40.423s][info][gc,start       ] GC(958) Pause Young (Allocation Failure)
[2026-06-17T10:00:41.561+0800][40.424s][info][gc,heap        ] GC(958) DefNew: 17405K(19648K)->2134K(19648K) Eden: 17405K(17472K)->0K(17472K) From: 0K(2176K)->2134K(2176K)
[2026-06-17T10:00:41.562+0800][40.425s][info][gc,heap        ] GC(958) Tenured: 26301K(43712K)->27821K(43712K)
[2026-06-17T10:00:41.562+0800][40.425s][info][gc,metaspace   ] GC(958) Metaspace: 114K(320K)->114K(320K) NonClass: 106K(192K)->106K(192K) Class: 7K(128K)->7K(128K)
[2026-06-17T10:00:41.563+0800][40.425s][info][gc             ] GC(958) Pause Young (Allocation Failure) 42M->29M(61M) 2.645ms
[2026-06-17T10:00:41.563+0800][40.426s][info][gc,cpu         ] GC(958) User=0.00s Sys=0.00s Real=0.01s
[2026-06-17T10:00:41.606+0800][40.468s][info][gc,start       ] GC(959) Pause Young (Allocation Failure)
[2026-06-17T10:00:41.607+0800][40.470s][info][gc,heap        ] GC(959) DefNew: 19589K(19648K)->2174K(19648K) Eden: 17454K(17472K)->0K(17472K) From: 2134K(2176K)->2174K(2176K)
[2026-06-17T10:00:41.607+0800][40.470s][info][gc,heap        ] GC(959) Tenured: 27821K(43712K)->35092K(43712K)
[2026-06-17T10:00:41.607+0800][40.470s][info][gc,metaspace   ] GC(959) Metaspace: 114K(320K)->114K(320K) NonClass: 106K(192K)->106K(192K) Class: 7K(128K)->7K(128K)
[2026-06-17T10:00:41.608+0800][40.470s][info][gc             ] GC(959) Pause Young (Allocation Failure) 46M->36M(61M) 1.986ms
[2026-06-17T10:00:41.608+0800][40.470s][info][gc,cpu         ] GC(959) User=0.00s Sys=0.00s Real=0.00s
[2026-06-17T10:00:41.660+0800][40.522s][info][gc,start       ] GC(960) Pause Young (Allocation Failure)
[2026-06-17T10:00:41.661+0800][40.524s][info][gc,heap        ] GC(960) DefNew: 19633K(19648K)->2080K(19648K) Eden: 17459K(17472K)->0K(17472K) From: 2174K(2176K)->2080K(2176K)
[2026-06-17T10:00:41.661+0800][40.524s][info][gc,heap        ] GC(960) Tenured: 35092K(43712K)->37486K(43712K)
[2026-06-17T10:00:41.662+0800][40.525s][info][gc,metaspace   ] GC(960) Metaspace: 114K(320K)->114K(320K) NonClass: 106K(192K)->106K(192K) Class: 7K(128K)->7K(128K)
[2026-06-17T10:00:41.663+0800][40.526s][info][gc             ] GC(960) Pause Young (Allocation Failure) 53M->38M(61M) 3.104ms
[2026-06-17T10:00:41.663+0800][40.526s][info][gc,cpu         ] GC(960) User=0.01s Sys=0.00s Real=0.01s
[2026-06-17T10:00:41.707+0800][40.569s][info][gc,start       ] GC(961) Pause Young (Allocation Failure)
[2026-06-17T10:00:41.707+0800][40.570s][info][gc             ] GC(961) Pause Young (Allocation Failure) 55M->55M(61M) 0.411ms
[2026-06-17T10:00:41.710+0800][40.572s][info][gc,cpu         ] GC(961) User=0.00s Sys=0.00s Real=0.00s
[2026-06-17T10:00:41.710+0800][40.573s][info][gc,start       ] GC(962) Pause Full (Allocation Failure)
[2026-06-17T10:00:41.711+0800][40.573s][info][gc,phases,start] GC(962) Phase 1: Mark live objects
[2026-06-17T10:00:41.712+0800][40.574s][info][gc,phases      ] GC(962) Phase 1: Mark live objects 1.088ms
[2026-06-17T10:00:41.714+0800][40.577s][info][gc,phases,start] GC(962) Phase 2: Compute new object addresses
[2026-06-17T10:00:41.714+0800][40.577s][info][gc,phases      ] GC(962) Phase 2: Compute new object addresses 0.528ms
[2026-06-17T10:00:41.716+0800][40.579s][info][gc,phases,start] GC(962) Phase 3: Adjust pointers
[2026-06-17T10:00:41.716+0800][40.579s][info][gc,phases      ] GC(962) Phase 3: Adjust pointers 0.623ms
[2026-06-17T10:00:41.718+0800][40.580s][info][gc,phases,start] GC(962) Phase 4: Move objects
[2026-06-17T10:00:41.721+0800][40.584s][info][gc,phases      ] GC(962) Phase 4: Move objects 3.311ms
[2026-06-17T10:00:41.725+0800][40.588s][info][gc,heap        ] GC(962) DefNew: 19537K(19648K)->0K(19648K) Eden: 17457K(17472K)->0K(17472K) From: 2080K(2176K)->0K(2176K)
[2026-06-17T10:00:41.728+0800][40.591s][info][gc,heap        ] GC(962) Tenured: 37486K(43712K)->27567K(43712K)
[2026-06-17T10:00:41.728+0800][40.591s][info][gc,metaspace   ] GC(962) Metaspace: 114K(320K)->114K(320K) NonClass: 106K(192K)->106K(192K) Class: 7K(128K)->7K(128K)
[2026-06-17T10:00:41.729+0800][40.592s][info][gc             ] GC(962) Pause Full (Allocation Failure) 55M->26M(61M) 18.641ms
[2026-06-17T10:00:41.730+0800][40.592s][info][gc,cpu         ] GC(962) User=0.00s Sys=0.00s Real=0.02s
[2026-06-17T10:00:41.773+0800][40.635s][info][gc,start       ] GC(963) Pause Young (Allocation Failure)
[2026-06-17T10:00:41.774+0800][40.637s][info][gc,heap        ] GC(963) DefNew: 17425K(19648K)->2171K(19648K) Eden: 17425K(17472K)->0K(17472K) From: 0K(2176K)->2171K(2176K)
[2026-06-17T10:00:41.779+0800][40.642s][info][gc,heap        ] GC(963) Tenured: 27567K(43712K)->31793K(43712K)
[2026-06-17T10:00:41.783+0800][40.645s][info][gc,metaspace   ] GC(963) Metaspace: 114K(320K)->114K(320K) NonClass: 106K(192K)->106K(192K) Class: 7K(128K)->7K(128K)
[2026-06-17T10:00:41.783+0800][40.646s][info][gc             ] GC(963) Pause Young (Allocation Failure) 43M->33M(61M) 10.507ms
[2026-06-17T10:00:41.784+0800][40.647s][info][gc,cpu         ] GC(963) User=0.00s Sys=0.00s Real=0.01s
[2026-06-17T10:00:41.826+0800][40.689s][info][gc,start       ] GC(964) Pause Young (Allocation Failure)
[2026-06-17T10:00:41.827+0800][40.690s][info][gc,heap        ] GC(964) DefNew: 19617K(19648K)->2170K(19648K) Eden: 17446K(17472K)->0K(17472K) From: 2171K(2176K)->2170K(2176K)
[2026-06-17T10:00:41.828+0800][40.691s][info][gc,heap        ] GC(964) Tenured: 31793K(43712K)->36624K(43712K)
[2026-06-17T10:00:41.828+0800][40.691s][info][gc,metaspace   ] GC(964) Metaspace: 114K(320K)->114K(320K) NonClass: 106K(192K)->106K(192K) Class: 7K(128K)->7K(128K)
[2026-06-17T10:00:41.828+0800][40.691s][info][gc             ] GC(964) Pause Young (Allocation Failure) 50M->37M(61M) 2.106ms
[2026-06-17T10:00:41.829+0800][40.691s][info][gc,cpu         ] GC(964) User=0.01s Sys=0.00s Real=0.00s
[2026-06-17T10:00:41.871+0800][40.734s][info][gc,start       ] GC(965) Pause Young (Allocation Failure)
[2026-06-17T10:00:41.872+0800][40.735s][info][gc             ] GC(965) Pause Young (Allocation Failure) 54M->54M(61M) 0.602ms
[2026-06-17T10:00:41.873+0800][40.735s][info][gc,cpu         ] GC(965) User=0.00s Sys=0.00s Real=0.00s
[2026-06-17T10:00:41.873+0800][40.736s][info][gc,start       ] GC(966) Pause Full (Allocation Failure)
[2026-06-17T10:00:41.873+0800][40.736s][info][gc,phases,start] GC(966) Phase 1: Mark live objects
[2026-06-17T10:00:41.875+0800][40.738s][info][gc,phases      ] GC(966) Phase 1: Mark live objects 1.736ms
[2026-06-17T10:00:41.876+0800][40.739s][info][gc,phases,start] GC(966) Phase 2: Compute new object addresses
[2026-06-17T10:00:41.882+0800][40.745s][info][gc,phases      ] GC(966) Phase 2: Compute new object addresses 5.481ms
[2026-06-17T10:00:41.885+0800][40.748s][info][gc,phases,start] GC(966) Phase 3: Adjust pointers
[2026-06-17T10:00:41.889+0800][40.752s][info][gc,phases      ] GC(966) Phase 3: Adjust pointers 3.942ms
[2026-06-17T10:00:41.889+0800][40.752s][info][gc,phases,start] GC(966) Phase 4: Move objects
[2026-06-17T10:00:41.896+0800][40.759s][info][gc,phases      ] GC(966) Phase 4: Move objects 6.820ms
[2026-06-17T10:00:41.900+0800][40.763s][info][gc,heap        ] GC(966) DefNew: 19614K(19648K)->0K(19648K) Eden: 17443K(17472K)->0K(17472K) From: 2170K(2176K)->0K(2176K)
[2026-06-17T10:00:41.903+0800][40.766s][info][gc,heap        ] GC(966) Tenured: 36624K(43712K)->28200K(43712K)
[2026-06-17T10:00:41.904+0800][40.767s][info][gc,metaspace   ] GC(966) Metaspace: 114K(320K)->114K(320K) NonClass: 106K(192K)->106K(192K) Class: 7K(128K)->7K(128K)
[2026-06-17T10:00:41.904+0800][40.767s][info][gc             ] GC(966) Pause Full (Allocation Failure) 54M->27M(61M) 31.539ms
[2026-06-17T10:00:41.905+0800][40.768s][info][gc,cpu         ] GC(966) User=0.00s Sys=0.00s Real=0.03s
[2026-06-17T10:00:41.953+0800][40.815s][info][gc,start       ] GC(967) Pause Young (Allocation Failure)
[2026-06-17T10:00:41.958+0800][40.821s][info][gc,heap        ] GC(967) DefNew: 17472K(19648K)->2175K(19648K) Eden: 17472K(17472K)->0K(17472K) From: 0K(2176K)->2175K(2176K)
[2026-06-17T10:00:41.962+0800][40.825s][info][gc,heap        ] GC(967) Tenured: 28200K(43712K)->32977K(43712K)
[2026-06-17T10:00:41.966+0800][40.829s][info][gc,metaspace   ] GC(967) Metaspace: 114K(320K)->114K(320K) NonClass: 106K(192K)->106K(192K) Class: 7K(128K)->7K(128K)
[2026-06-17T10:00:41.969+0800][40.831s][info][gc             ] GC(967) Pause Young (Allocation Failure) 44M->34M(61M) 15.974ms
[2026-06-17T10:00:41.969+0800][40.832s][info][gc,cpu         ] GC(967) User=0.00s Sys=0.00s Real=0.01s
[2026-06-17T10:00:42.012+0800][40.874s][info][gc,start       ] GC(968) Pause Young (Allocation Failure)
[2026-06-17T10:00:42.014+0800][40.877s][info][gc,heap        ] GC(968) DefNew: 19614K(19648K)->2067K(19648K) Eden: 17439K(17472K)->0K(17472K) From: 2175K(2176K)->2067K(2176K)
[2026-06-17T10:00:42.015+0800][40.877s][info][gc,heap        ] GC(968) Tenured: 32977K(43712K)->35219K(43712K)
[2026-06-17T10:00:42.016+0800][40.879s][info][gc,metaspace   ] GC(968) Metaspace: 114K(320K)->114K(320K) NonClass: 106K(192K)->106K(192K) Class: 7K(128K)->7K(128K)
[2026-06-17T10:00:42.016+0800][40.879s][info][gc             ] GC(968) Pause Young (Allocation Failure) 51M->36M(61M) 4.700ms
[2026-06-17T10:00:42.018+0800][40.881s][info][gc,cpu         ] GC(968) User=0.00s Sys=0.00s Real=0.00s
[2026-06-17T10:00:42.060+0800][40.923s][info][gc,start       ] GC(969) Pause Young (Allocation Failure)
[2026-06-17T10:00:42.065+0800][40.927s][info][gc,heap        ] GC(969) DefNew: 19516K(19648K)->2171K(19648K) Eden: 17448K(17472K)->0K(17472K) From: 2067K(2176K)->2171K(2176K)
[2026-06-17T10:00:42.067+0800][40.930s][info][gc,heap        ] GC(969) Tenured: 35219K(43712K)->42222K(43712K)
[2026-06-17T10:00:42.071+0800][40.934s][info][gc,metaspace   ] GC(969) Metaspace: 114K(320K)->114K(320K) NonClass: 106K(192K)->106K(192K) Class: 7K(128K)->7K(128K)
[2026-06-17T10:00:42.075+0800][40.938s][info][gc             ] GC(969) Pause Young (Allocation Failure) 53M->43M(61M) 14.955ms
[2026-06-17T10:00:42.080+0800][40.943s][info][gc,cpu         ] GC(969) User=0.00s Sys=0.00s Real=0.02s
[2026-06-17T10:00:42.127+0800][40.989s][info][gc,start       ] GC(970) Pause Young (Allocation Failure)
[2026-06-17T10:00:42.127+0800][40.990s][info][gc             ] GC(970) Pause Young (Allocation Failure) 60M->60M(61M) 0.751ms
[2026-06-17T10:00:42.128+0800][40.991s][info][gc,cpu         ] GC(970) User=0.00s Sys=0.00s Real=0.00s
[2026-06-17T10:00:42.128+0800][40.991s][info][gc,start       ] GC(971) Pause Full (Allocation Failure)
[2026-06-17T10:00:42.129+0800][40.992s][info][gc,phases,start] GC(971) Phase 1: Mark live objects
[2026-06-17T10:00:42.131+0800][40.993s][info][gc,phases      ] GC(971) Phase 1: Mark live objects 1.236ms
[2026-06-17T10:00:42.131+0800][40.994s][info][gc,phases,start] GC(971) Phase 2: Compute new object addresses
[2026-06-17T10:00:42.132+0800][40.995s][info][gc,phases      ] GC(971) Phase 2: Compute new object addresses 0.737ms
[2026-06-17T10:00:42.133+0800][40.995s][info][gc,phases,start] GC(971) Phase 3: Adjust pointers
[2026-06-17T10:00:42.134+0800][40.997s][info][gc,phases      ] GC(971) Phase 3: Adjust pointers 1.119ms
[2026-06-17T10:00:42.134+0800][40.997s][info][gc,phases,start] GC(971) Phase 4: Move objects
[2026-06-17T10:00:42.137+0800][41.000s][info][gc,phases      ] GC(971) Phase 4: Move objects 2.418ms
[2026-06-17T10:00:42.137+0800][41.000s][info][gc,heap        ] GC(971) DefNew: 19598K(19648K)->0K(19648K) Eden: 17426K(17472K)->0K(17472K) From: 2171K(2176K)->0K(2176K)
[2026-06-17T10:00:42.138+0800][41.001s][info][gc,heap        ] GC(971) Tenured: 42222K(43712K)->34270K(43712K)
[2026-06-17T10:00:42.138+0800][41.001s][info][gc,metaspace   ] GC(971) Metaspace: 114K(320K)->114K(320K) NonClass: 106K(192K)->106K(192K) Class: 7K(128K)->7K(128K)
[2026-06-17T10:00:42.139+0800][41.002s][info][gc             ] GC(971) Pause Full (Allocation Failure) 60M->33M(61M) 10.619ms
[2026-06-17T10:00:42.139+0800][41.002s][info][gc,cpu         ] GC(971) User=0.00s Sys=0.01s Real=0.01s
[2026-06-17T10:00:42.183+0800][41.045s][info][gc,start       ] GC(972) Pause Young (Allocation Failure)
[2026-06-17T10:00:42.186+0800][41.048s][info][gc,heap        ] GC(972) DefNew: 17410K(19648K)->1919K(19648K) Eden: 17410K(17472K)->0K(17472K) From: 0K(2176K)->1919K(2176K)
[2026-06-17T10:00:42.187+0800][41.049s][info][gc,heap        ] GC(972) Tenured: 34270K(43712K)->35944K(43712K)
[2026-06-17T10:00:42.189+0800][41.051s][info][gc,metaspace   ] GC(972) Metaspace: 114K(320K)->114K(320K) NonClass: 106K(192K)->106K(192K) Class: 7K(128K)->7K(128K)
[2026-06-17T10:00:42.189+0800][41.052s][info][gc             ] GC(972) Pause Young (Allocation Failure) 50M->36M(61M) 6.818ms
[2026-06-17T10:00:42.190+0800][41.053s][info][gc,cpu         ] GC(972) User=0.00s Sys=0.00s Real=0.00s
[2026-06-17T10:00:42.244+0800][41.107s][info][gc,start       ] GC(973) Pause Young (Allocation Failure)
[2026-06-17T10:00:42.245+0800][41.108s][info][gc             ] GC(973) Pause Young (Allocation Failure) 54M->54M(61M) 0.866ms
[2026-06-17T10:00:42.245+0800][41.108s][info][gc,cpu         ] GC(973) User=0.00s Sys=0.00s Real=0.00s
[2026-06-17T10:00:42.246+0800][41.109s][info][gc,start       ] GC(974) Pause Full (Allocation Failure)
[2026-06-17T10:00:42.247+0800][41.110s][info][gc,phases,start] GC(974) Phase 1: Mark live objects
[2026-06-17T10:00:42.249+0800][41.112s][info][gc,phases      ] GC(974) Phase 1: Mark live objects 2.024ms
[2026-06-17T10:00:42.250+0800][41.112s][info][gc,phases,start] GC(974) Phase 2: Compute new object addresses
[2026-06-17T10:00:42.250+0800][41.113s][info][gc,phases      ] GC(974) Phase 2: Compute new object addresses 0.907ms
[2026-06-17T10:00:42.251+0800][41.114s][info][gc,phases,start] GC(974) Phase 3: Adjust pointers
[2026-06-17T10:00:42.252+0800][41.115s][info][gc,phases      ] GC(974) Phase 3: Adjust pointers 1.085ms
[2026-06-17T10:00:42.253+0800][41.115s][info][gc,phases,start] GC(974) Phase 4: Move objects
[2026-06-17T10:00:42.256+0800][41.119s][info][gc,phases      ] GC(974) Phase 4: Move objects 3.603ms
[2026-06-17T10:00:42.257+0800][41.120s][info][gc,heap        ] GC(974) DefNew: 19391K(19648K)->0K(19648K) Eden: 17472K(17472K)->0K(17472K) From: 1919K(2176K)->0K(2176K)
[2026-06-17T10:00:42.258+0800][41.121s][info][gc,heap        ] GC(974) Tenured: 35944K(43712K)->28240K(43712K)
[2026-06-17T10:00:42.259+0800][41.121s][info][gc,metaspace   ] GC(974) Metaspace: 114K(320K)->114K(320K) NonClass: 106K(192K)->106K(192K) Class: 7K(128K)->7K(128K)
[2026-06-17T10:00:42.259+0800][41.122s][info][gc             ] GC(974) Pause Full (Allocation Failure) 54M->27M(61M) 13.246ms
[2026-06-17T10:00:42.260+0800][41.123s][info][gc,cpu         ] GC(974) User=0.01s Sys=0.00s Real=0.01s
[2026-06-17T10:00:42.303+0800][41.166s][info][gc,start       ] GC(975) Pause Young (Allocation Failure)
[2026-06-17T10:00:42.306+0800][41.168s][info][gc,heap        ] GC(975) DefNew: 17472K(19648K)->2175K(19648K) Eden: 17472K(17472K)->0K(17472K) From: 0K(2176K)->2175K(2176K)
[2026-06-17T10:00:42.307+0800][41.169s][info][gc,heap        ] GC(975) Tenured: 28240K(43712K)->33379K(43712K)
[2026-06-17T10:00:42.307+0800][41.170s][info][gc,metaspace   ] GC(975) Metaspace: 114K(320K)->114K(320K) NonClass: 106K(192K)->106K(192K) Class: 7K(128K)->7K(128K)
[2026-06-17T10:00:42.308+0800][41.171s][info][gc             ] GC(975) Pause Young (Allocation Failure) 44M->34M(61M) 4.785ms
[2026-06-17T10:00:42.309+0800][41.172s][info][gc,cpu         ] GC(975) User=0.00s Sys=0.00s Real=0.00s
[2026-06-17T10:00:42.352+0800][41.215s][info][gc,start       ] GC(976) Pause Young (Allocation Failure)
[2026-06-17T10:00:42.354+0800][41.217s][info][gc,heap        ] GC(976) DefNew: 19647K(19648K)->2156K(19648K) Eden: 17472K(17472K)->0K(17472K) From: 2175K(2176K)->2156K(2176K)
[2026-06-17T10:00:42.355+0800][41.218s][info][gc,heap        ] GC(976) Tenured: 33379K(43712K)->38795K(43712K)
[2026-06-17T10:00:42.356+0800][41.219s][info][gc,metaspace   ] GC(976) Metaspace: 114K(320K)->114K(320K) NonClass: 106K(192K)->106K(192K) Class: 7K(128K)->7K(128K)
[2026-06-17T10:00:42.357+0800][41.219s][info][gc             ] GC(976) Pause Young (Allocation Failure) 51M->39M(61M) 4.316ms
[2026-06-17T10:00:42.357+0800][41.220s][info][gc,cpu         ] GC(976) User=0.00s Sys=0.00s Real=0.00s
[2026-06-17T10:00:42.401+0800][41.264s][info][gc,start       ] GC(977) Pause Young (Allocation Failure)
[2026-06-17T10:00:42.401+0800][41.264s][info][gc             ] GC(977) Pause Young (Allocation Failure) 57M->57M(61M) 0.419ms
[2026-06-17T10:00:42.402+0800][41.264s][info][gc,cpu         ] GC(977) User=0.00s Sys=0.00s Real=0.00s
[2026-06-17T10:00:42.402+0800][41.265s][info][gc,start       ] GC(978) Pause Full (Allocation Failure)
[2026-06-17T10:00:42.402+0800][41.265s][info][gc,phases,start] GC(978) Phase 1: Mark live objects
[2026-06-17T10:00:42.403+0800][41.266s][info][gc,phases      ] GC(978) Phase 1: Mark live objects 0.927ms
[2026-06-17T10:00:42.403+0800][41.266s][info][gc,phases,start] GC(978) Phase 2: Compute new object addresses
[2026-06-17T10:00:42.404+0800][41.267s][info][gc,phases      ] GC(978) Phase 2: Compute new object addresses 0.726ms
[2026-06-17T10:00:42.404+0800][41.267s][info][gc,phases,start] GC(978) Phase 3: Adjust pointers
[2026-06-17T10:00:42.405+0800][41.268s][info][gc,phases      ] GC(978) Phase 3: Adjust pointers 0.671ms
[2026-06-17T10:00:42.406+0800][41.268s][info][gc,phases,start] GC(978) Phase 4: Move objects
[2026-06-17T10:00:42.409+0800][41.272s][info][gc,phases      ] GC(978) Phase 4: Move objects 3.356ms
[2026-06-17T10:00:42.410+0800][41.273s][info][gc,heap        ] GC(978) DefNew: 19623K(19648K)->0K(19648K) Eden: 17467K(17472K)->0K(17472K) From: 2156K(2176K)->0K(2176K)
[2026-06-17T10:00:42.410+0800][41.273s][info][gc,heap        ] GC(978) Tenured: 38795K(43712K)->37422K(43712K)
[2026-06-17T10:00:42.411+0800][41.273s][info][gc,metaspace   ] GC(978) Metaspace: 114K(320K)->114K(320K) NonClass: 106K(192K)->106K(192K) Class: 7K(128K)->7K(128K)
[2026-06-17T10:00:42.411+0800][41.274s][info][gc             ] GC(978) Pause Full (Allocation Failure) 57M->36M(61M) 9.313ms
[2026-06-17T10:00:42.412+0800][41.275s][info][gc,cpu         ] GC(978) User=0.00s Sys=0.00s Real=0.02s
[2026-06-17T10:00:42.455+0800][41.318s][info][gc,start       ] GC(979) Pause Young (Allocation Failure)
[2026-06-17T10:00:42.456+0800][41.319s][info][gc             ] GC(979) Pause Young (Allocation Failure) 53M->53M(61M) 0.995ms
[2026-06-17T10:00:42.457+0800][41.320s][info][gc,cpu         ] GC(979) User=0.00s Sys=0.00s Real=0.00s
[2026-06-17T10:00:42.458+0800][41.320s][info][gc,start       ] GC(980) Pause Full (Allocation Failure)
[2026-06-17T10:00:42.458+0800][41.321s][info][gc,phases,start] GC(980) Phase 1: Mark live objects
[2026-06-17T10:00:42.461+0800][41.323s][info][gc,phases      ] GC(980) Phase 1: Mark live objects 2.245ms
[2026-06-17T10:00:42.461+0800][41.324s][info][gc,phases,start] GC(980) Phase 2: Compute new object addresses
[2026-06-17T10:00:42.463+0800][41.326s][info][gc,phases      ] GC(980) Phase 2: Compute new object addresses 1.411ms
[2026-06-17T10:00:42.463+0800][41.326s][info][gc,phases,start] GC(980) Phase 3: Adjust pointers
[2026-06-17T10:00:42.465+0800][41.327s][info][gc,phases      ] GC(980) Phase 3: Adjust pointers 1.278ms
[2026-06-17T10:00:42.465+0800][41.328s][info][gc,phases,start] GC(980) Phase 4: Move objects
[2026-06-17T10:00:42.468+0800][41.331s][info][gc,phases      ] GC(980) Phase 4: Move objects 2.784ms
[2026-06-17T10:00:42.469+0800][41.332s][info][gc,heap        ] GC(980) DefNew: 17217K(19648K)->0K(19648K) Eden: 17217K(17472K)->0K(17472K) From: 0K(2176K)->0K(2176K)
[2026-06-17T10:00:42.470+0800][41.332s][info][gc,heap        ] GC(980) Tenured: 37422K(43712K)->27268K(43712K)
[2026-06-17T10:00:42.470+0800][41.333s][info][gc,metaspace   ] GC(980) Metaspace: 114K(320K)->114K(320K) NonClass: 106K(192K)->106K(192K) Class: 7K(128K)->7K(128K)
[2026-06-17T10:00:42.471+0800][41.334s][info][gc             ] GC(980) Pause Full (Allocation Failure) 53M->26M(61M) 13.089ms
[2026-06-17T10:00:42.471+0800][41.334s][info][gc,cpu         ] GC(980) User=0.00s Sys=0.00s Real=0.02s
[2026-06-17T10:00:42.515+0800][41.378s][info][gc,start       ] GC(981) Pause Young (Allocation Failure)
[2026-06-17T10:00:42.517+0800][41.380s][info][gc,heap        ] GC(981) DefNew: 17472K(19648K)->2175K(19648K) Eden: 17472K(17472K)->0K(17472K) From: 0K(2176K)->2175K(2176K)
[2026-06-17T10:00:42.518+0800][41.380s][info][gc,heap        ] GC(981) Tenured: 27268K(43712K)->32072K(43712K)
[2026-06-17T10:00:42.518+0800][41.381s][info][gc,metaspace   ] GC(981) Metaspace: 114K(320K)->114K(320K) NonClass: 106K(192K)->106K(192K) Class: 7K(128K)->7K(128K)
[2026-06-17T10:00:42.519+0800][41.382s][info][gc             ] GC(981) Pause Young (Allocation Failure) 43M->33M(61M) 3.789ms
[2026-06-17T10:00:42.519+0800][41.382s][info][gc,cpu         ] GC(981) User=0.00s Sys=0.00s Real=0.00s
[2026-06-17T10:00:42.573+0800][41.436s][info][gc,start       ] GC(982) Pause Young (Allocation Failure)
[2026-06-17T10:00:42.575+0800][41.438s][info][gc,heap        ] GC(982) DefNew: 19647K(19648K)->2086K(19648K) Eden: 17472K(17472K)->0K(17472K) From: 2175K(2176K)->2086K(2176K)
[2026-06-17T10:00:42.576+0800][41.438s][info][gc,heap        ] GC(982) Tenured: 32072K(43712K)->35257K(43712K)
[2026-06-17T10:00:42.576+0800][41.439s][info][gc,metaspace   ] GC(982) Metaspace: 114K(320K)->114K(320K) NonClass: 106K(192K)->106K(192K) Class: 7K(128K)->7K(128K)
[2026-06-17T10:00:42.577+0800][41.440s][info][gc             ] GC(982) Pause Young (Allocation Failure) 50M->36M(61M) 4.464ms
[2026-06-17T10:00:42.578+0800][41.441s][info][gc,cpu         ] GC(982) User=0.00s Sys=0.00s Real=0.00s
[2026-06-17T10:00:42.623+0800][41.485s][info][gc,start       ] GC(983) Pause Young (Allocation Failure)
[2026-06-17T10:00:42.625+0800][41.488s][info][gc,heap        ] GC(983) DefNew: 19558K(19648K)->2096K(19648K) Eden: 17472K(17472K)->0K(17472K) From: 2086K(2176K)->2096K(2176K)
[2026-06-17T10:00:42.626+0800][41.488s][info][gc,heap        ] GC(983) Tenured: 35257K(43712K)->38690K(43712K)
[2026-06-17T10:00:42.627+0800][41.489s][info][gc,metaspace   ] GC(983) Metaspace: 114K(320K)->114K(320K) NonClass: 106K(192K)->106K(192K) Class: 7K(128K)->7K(128K)
[2026-06-17T10:00:42.628+0800][41.491s][info][gc             ] GC(983) Pause Young (Allocation Failure) 53M->39M(61M) 5.273ms
[2026-06-17T10:00:42.629+0800][41.492s][info][gc,cpu         ] GC(983) User=0.01s Sys=0.00s Real=0.00s
[2026-06-17T10:00:42.673+0800][41.536s][info][gc,start       ] GC(984) Pause Young (Allocation Failure)
[2026-06-17T10:00:42.674+0800][41.537s][info][gc             ] GC(984) Pause Young (Allocation Failure) 56M->56M(61M) 1.142ms
[2026-06-17T10:00:42.676+0800][41.539s][info][gc,cpu         ] GC(984) User=0.00s Sys=0.00s Real=0.00s
[2026-06-17T10:00:42.678+0800][41.541s][info][gc,start       ] GC(985) Pause Full (Allocation Failure)
[2026-06-17T10:00:42.680+0800][41.543s][info][gc,phases,start] GC(985) Phase 1: Mark live objects
[2026-06-17T10:00:42.684+0800][41.547s][info][gc,phases      ] GC(985) Phase 1: Mark live objects 4.084ms
[2026-06-17T10:00:42.687+0800][41.550s][info][gc,phases,start] GC(985) Phase 2: Compute new object addresses
[2026-06-17T10:00:42.689+0800][41.552s][info][gc,phases      ] GC(985) Phase 2: Compute new object addresses 2.464ms
[2026-06-17T10:00:42.693+0800][41.555s][info][gc,phases,start] GC(985) Phase 3: Adjust pointers
[2026-06-17T10:00:42.700+0800][41.562s][info][gc,phases      ] GC(985) Phase 3: Adjust pointers 6.853ms
[2026-06-17T10:00:42.702+0800][41.564s][info][gc,phases,start] GC(985) Phase 4: Move objects
[2026-06-17T10:00:42.708+0800][41.571s][info][gc,phases      ] GC(985) Phase 4: Move objects 6.977ms
[2026-06-17T10:00:42.711+0800][41.574s][info][gc,heap        ] GC(985) DefNew: 19561K(19648K)->0K(19648K) Eden: 17465K(17472K)->0K(17472K) From: 2096K(2176K)->0K(2176K)
[2026-06-17T10:00:42.712+0800][41.575s][info][gc,heap        ] GC(985) Tenured: 38690K(43712K)->23959K(43712K)
[2026-06-17T10:00:42.716+0800][41.579s][info][gc,metaspace   ] GC(985) Metaspace: 114K(320K)->114K(320K) NonClass: 106K(192K)->106K(192K) Class: 7K(128K)->7K(128K)
[2026-06-17T10:00:42.718+0800][41.581s][info][gc             ] GC(985) Pause Full (Allocation Failure) 56M->23M(61M) 40.086ms
[2026-06-17T10:00:42.720+0800][41.583s][info][gc,cpu         ] GC(985) User=0.01s Sys=0.00s Real=0.04s
[2026-06-17T10:00:42.764+0800][41.627s][info][gc,start       ] GC(986) Pause Young (Allocation Failure)
[2026-06-17T10:00:42.766+0800][41.629s][info][gc,heap        ] GC(986) DefNew: 17472K(19648K)->2167K(19648K) Eden: 17472K(17472K)->0K(17472K) From: 0K(2176K)->2167K(2176K)
[2026-06-17T10:00:42.767+0800][41.629s][info][gc,heap        ] GC(986) Tenured: 23959K(43712K)->28300K(43712K)
[2026-06-17T10:00:42.767+0800][41.630s][info][gc,metaspace   ] GC(986) Metaspace: 114K(320K)->114K(320K) NonClass: 106K(192K)->106K(192K) Class: 7K(128K)->7K(128K)
[2026-06-17T10:00:42.767+0800][41.630s][info][gc             ] GC(986) Pause Young (Allocation Failure) 40M->29M(61M) 3.424ms
[2026-06-17T10:00:42.768+0800][41.631s][info][gc,cpu         ] GC(986) User=0.00s Sys=0.00s Real=0.00s
[2026-06-17T10:00:42.811+0800][41.674s][info][gc,start       ] GC(987) Pause Young (Allocation Failure)
[2026-06-17T10:00:42.812+0800][41.675s][info][gc,heap        ] GC(987) DefNew: 19639K(19648K)->2094K(19648K) Eden: 17471K(17472K)->0K(17472K) From: 2167K(2176K)->2094K(2176K)
[2026-06-17T10:00:42.815+0800][41.678s][info][gc,heap        ] GC(987) Tenured: 28300K(43712K)->32863K(43712K)
[2026-06-17T10:00:42.817+0800][41.680s][info][gc,metaspace   ] GC(987) Metaspace: 114K(320K)->114K(320K) NonClass: 106K(192K)->106K(192K) Class: 7K(128K)->7K(128K)
[2026-06-17T10:00:42.819+0800][41.682s][info][gc             ] GC(987) Pause Young (Allocation Failure) 46M->34M(61M) 7.811ms
[2026-06-17T10:00:42.820+0800][41.683s][info][gc,cpu         ] GC(987) User=0.00s Sys=0.00s Real=0.00s
[2026-06-17T10:00:42.875+0800][41.738s][info][gc,start       ] GC(988) Pause Young (Allocation Failure)
[2026-06-17T10:00:42.875+0800][41.738s][info][gc,heap        ] GC(988) DefNew: 19566K(19648K)->2055K(19648K) Eden: 17472K(17472K)->0K(17472K) From: 2094K(2176K)->2055K(2176K)
[2026-06-17T10:00:42.876+0800][41.738s][info][gc,heap        ] GC(988) Tenured: 32863K(43712K)->32864K(43712K)
[2026-06-17T10:00:42.876+0800][41.739s][info][gc,metaspace   ] GC(988) Metaspace: 114K(320K)->114K(320K) NonClass: 106K(192K)->106K(192K) Class: 7K(128K)->7K(128K)
[2026-06-17T10:00:42.876+0800][41.739s][info][gc             ] GC(988) Pause Young (Allocation Failure) 51M->34M(61M) 1.170ms
[2026-06-17T10:00:42.876+0800][41.739s][info][gc,cpu         ] GC(988) User=0.00s Sys=0.00s Real=0.00s
[2026-06-17T10:00:42.918+0800][41.781s][info][gc,start       ] GC(989) Pause Young (Allocation Failure)
[2026-06-17T10:00:42.919+0800][41.782s][info][gc,heap        ] GC(989) DefNew: 19506K(19648K)->2138K(19648K) Eden: 17450K(17472K)->0K(17472K) From: 2055K(2176K)->2138K(2176K)
[2026-06-17T10:00:42.920+0800][41.783s][info][gc,heap        ] GC(989) Tenured: 32864K(43712K)->36560K(43712K)
[2026-06-17T10:00:42.920+0800][41.783s][info][gc,metaspace   ] GC(989) Metaspace: 114K(320K)->114K(320K) NonClass: 106K(192K)->106K(192K) Class: 7K(128K)->7K(128K)
[2026-06-17T10:00:42.920+0800][41.783s][info][gc             ] GC(989) Pause Young (Allocation Failure) 51M->37M(61M) 2.003ms
[2026-06-17T10:00:42.921+0800][41.783s][info][gc,cpu         ] GC(989) User=0.00s Sys=0.00s Real=0.00s
[2026-06-17T10:00:42.963+0800][41.826s][info][gc,start       ] GC(990) Pause Young (Allocation Failure)
[2026-06-17T10:00:42.964+0800][41.826s][info][gc             ] GC(990) Pause Young (Allocation Failure) 54M->54M(61M) 0.741ms
[2026-06-17T10:00:42.964+0800][41.827s][info][gc,cpu         ] GC(990) User=0.00s Sys=0.00s Real=0.00s
[2026-06-17T10:00:42.964+0800][41.827s][info][gc,start       ] GC(991) Pause Full (Allocation Failure)
[2026-06-17T10:00:42.965+0800][41.827s][info][gc,phases,start] GC(991) Phase 1: Mark live objects
[2026-06-17T10:00:42.965+0800][41.828s][info][gc,phases      ] GC(991) Phase 1: Mark live objects 0.900ms
[2026-06-17T10:00:42.966+0800][41.829s][info][gc,phases,start] GC(991) Phase 2: Compute new object addresses
[2026-06-17T10:00:42.966+0800][41.829s][info][gc,phases      ] GC(991) Phase 2: Compute new object addresses 0.511ms
[2026-06-17T10:00:42.967+0800][41.829s][info][gc,phases,start] GC(991) Phase 3: Adjust pointers
[2026-06-17T10:00:42.967+0800][41.830s][info][gc,phases      ] GC(991) Phase 3: Adjust pointers 0.438ms
[2026-06-17T10:00:42.967+0800][41.830s][info][gc,phases,start] GC(991) Phase 4: Move objects
[2026-06-17T10:00:42.969+0800][41.832s][info][gc,phases      ] GC(991) Phase 4: Move objects 1.762ms
[2026-06-17T10:00:42.969+0800][41.832s][info][gc,heap        ] GC(991) DefNew: 19586K(19648K)->0K(19648K) Eden: 17447K(17472K)->0K(17472K) From: 2138K(2176K)->0K(2176K)
[2026-06-17T10:00:42.969+0800][41.832s][info][gc,heap        ] GC(991) Tenured: 36560K(43712K)->28159K(43712K)
[2026-06-17T10:00:42.970+0800][41.832s][info][gc,metaspace   ] GC(991) Metaspace: 114K(320K)->114K(320K) NonClass: 106K(192K)->106K(192K) Class: 7K(128K)->7K(128K)
[2026-06-17T10:00:42.970+0800][41.832s][info][gc             ] GC(991) Pause Full (Allocation Failure) 54M->27M(61M) 5.545ms
[2026-06-17T10:00:42.970+0800][41.833s][info][gc,cpu         ] GC(991) User=0.00s Sys=0.00s Real=0.00s
[2026-06-17T10:00:43.012+0800][41.875s][info][gc,start       ] GC(992) Pause Young (Allocation Failure)
[2026-06-17T10:00:43.013+0800][41.876s][info][gc,heap        ] GC(992) DefNew: 17445K(19648K)->2171K(19648K) Eden: 17445K(17472K)->0K(17472K) From: 0K(2176K)->2171K(2176K)
[2026-06-17T10:00:43.014+0800][41.877s][info][gc,heap        ] GC(992) Tenured: 28159K(43712K)->32958K(43712K)
[2026-06-17T10:00:43.014+0800][41.877s][info][gc,metaspace   ] GC(992) Metaspace: 114K(320K)->114K(320K) NonClass: 106K(192K)->106K(192K) Class: 7K(128K)->7K(128K)
[2026-06-17T10:00:43.014+0800][41.877s][info][gc             ] GC(992) Pause Young (Allocation Failure) 44M->34M(61M) 2.254ms
[2026-06-17T10:00:43.014+0800][41.877s][info][gc,cpu         ] GC(992) User=0.00s Sys=0.00s Real=0.00s
[2026-06-17T10:00:43.057+0800][41.920s][info][gc,start       ] GC(993) Pause Young (Allocation Failure)
[2026-06-17T10:00:43.060+0800][41.923s][info][gc,heap        ] GC(993) DefNew: 19643K(19648K)->2156K(19648K) Eden: 17472K(17472K)->0K(17472K) From: 2171K(2176K)->2156K(2176K)
[2026-06-17T10:00:43.060+0800][41.923s][info][gc,heap        ] GC(993) Tenured: 32958K(43712K)->38758K(43712K)
[2026-06-17T10:00:43.061+0800][41.924s][info][gc,metaspace   ] GC(993) Metaspace: 114K(320K)->114K(320K) NonClass: 106K(192K)->106K(192K) Class: 7K(128K)->7K(128K)
[2026-06-17T10:00:43.061+0800][41.924s][info][gc             ] GC(993) Pause Young (Allocation Failure) 51M->39M(61M) 3.973ms
[2026-06-17T10:00:43.062+0800][41.925s][info][gc,cpu         ] GC(993) User=0.00s Sys=0.00s Real=0.00s
[2026-06-17T10:00:43.117+0800][41.979s][info][gc,start       ] GC(994) Pause Young (Allocation Failure)
[2026-06-17T10:00:43.118+0800][41.980s][info][gc             ] GC(994) Pause Young (Allocation Failure) 57M->57M(61M) 1.044ms
[2026-06-17T10:00:43.118+0800][41.981s][info][gc,cpu         ] GC(994) User=0.00s Sys=0.00s Real=0.00s
[2026-06-17T10:00:43.119+0800][41.982s][info][gc,start       ] GC(995) Pause Full (Allocation Failure)
[2026-06-17T10:00:43.120+0800][41.983s][info][gc,phases,start] GC(995) Phase 1: Mark live objects
[2026-06-17T10:00:43.123+0800][41.986s][info][gc,phases      ] GC(995) Phase 1: Mark live objects 2.959ms
[2026-06-17T10:00:43.124+0800][41.987s][info][gc,phases,start] GC(995) Phase 2: Compute new object addresses
[2026-06-17T10:00:43.125+0800][41.988s][info][gc,phases      ] GC(995) Phase 2: Compute new object addresses 1.280ms
[2026-06-17T10:00:43.126+0800][41.988s][info][gc,phases,start] GC(995) Phase 3: Adjust pointers
[2026-06-17T10:00:43.127+0800][41.990s][info][gc,phases      ] GC(995) Phase 3: Adjust pointers 1.326ms
[2026-06-17T10:00:43.128+0800][41.990s][info][gc,phases,start] GC(995) Phase 4: Move objects
[2026-06-17T10:00:43.131+0800][41.994s][info][gc,phases      ] GC(995) Phase 4: Move objects 3.415ms
[2026-06-17T10:00:43.132+0800][41.994s][info][gc,heap        ] GC(995) DefNew: 19610K(19648K)->0K(19648K) Eden: 17453K(17472K)->0K(17472K) From: 2156K(2176K)->0K(2176K)
[2026-06-17T10:00:43.132+0800][41.995s][info][gc,heap        ] GC(995) Tenured: 38758K(43712K)->26779K(43712K)
[2026-06-17T10:00:43.132+0800][41.995s][info][gc,metaspace   ] GC(995) Metaspace: 114K(320K)->114K(320K) NonClass: 106K(192K)->106K(192K) Class: 7K(128K)->7K(128K)
[2026-06-17T10:00:43.133+0800][41.996s][info][gc             ] GC(995) Pause Full (Allocation Failure) 57M->26M(61M) 13.482ms
[2026-06-17T10:00:43.133+0800][41.996s][info][gc,cpu         ] GC(995) User=0.01s Sys=0.00s Real=0.02s
[2026-06-17T10:00:43.166+0800][42.029s][info][gc,start       ] GC(996) Pause Young (Allocation Failure)
[2026-06-17T10:00:43.168+0800][42.031s][info][gc,heap        ] GC(996) DefNew: 17472K(19648K)->2170K(19648K) Eden: 17472K(17472K)->0K(17472K) From: 0K(2176K)->2170K(2176K)
[2026-06-17T10:00:43.168+0800][42.031s][info][gc,heap        ] GC(996) Tenured: 26779K(43712K)->31397K(43712K)
[2026-06-17T10:00:43.169+0800][42.031s][info][gc,metaspace   ] GC(996) Metaspace: 114K(320K)->114K(320K) NonClass: 106K(192K)->106K(192K) Class: 7K(128K)->7K(128K)
[2026-06-17T10:00:43.169+0800][42.032s][info][gc             ] GC(996) Pause Young (Allocation Failure) 43M->32M(61M) 3.220ms
[2026-06-17T10:00:43.169+0800][42.032s][info][gc,cpu         ] GC(996) User=0.00s Sys=0.00s Real=0.00s
[2026-06-17T10:00:43.224+0800][42.087s][info][gc,start       ] GC(997) Pause Young (Allocation Failure)
[2026-06-17T10:00:43.228+0800][42.091s][info][gc,heap        ] GC(997) DefNew: 19642K(19648K)->2097K(19648K) Eden: 17472K(17472K)->0K(17472K) From: 2170K(2176K)->2097K(2176K)
[2026-06-17T10:00:43.230+0800][42.092s][info][gc,heap        ] GC(997) Tenured: 31397K(43712K)->35384K(43712K)
[2026-06-17T10:00:43.230+0800][42.093s][info][gc,metaspace   ] GC(997) Metaspace: 114K(320K)->114K(320K) NonClass: 106K(192K)->106K(192K) Class: 7K(128K)->7K(128K)
[2026-06-17T10:00:43.231+0800][42.094s][info][gc             ] GC(997) Pause Young (Allocation Failure) 49M->36M(61M) 6.908ms
[2026-06-17T10:00:43.233+0800][42.096s][info][gc,cpu         ] GC(997) User=0.00s Sys=0.00s Real=0.01s
[2026-06-17T10:00:43.280+0800][42.142s][info][gc,start       ] GC(998) Pause Young (Allocation Failure)
[2026-06-17T10:00:43.282+0800][42.145s][info][gc,heap        ] GC(998) DefNew: 19551K(19648K)->2175K(19648K) Eden: 17454K(17472K)->0K(17472K) From: 2097K(2176K)->2175K(2176K)
[2026-06-17T10:00:43.282+0800][42.145s][info][gc,heap        ] GC(998) Tenured: 35384K(43712K)->39070K(43712K)
[2026-06-17T10:00:43.283+0800][42.146s][info][gc,metaspace   ] GC(998) Metaspace: 114K(320K)->114K(320K) NonClass: 106K(192K)->106K(192K) Class: 7K(128K)->7K(128K)
[2026-06-17T10:00:43.284+0800][42.147s][info][gc             ] GC(998) Pause Young (Allocation Failure) 53M->40M(61M) 4.295ms
[2026-06-17T10:00:43.285+0800][42.148s][info][gc,cpu         ] GC(998) User=0.00s Sys=0.00s Real=0.01s
[2026-06-17T10:00:43.340+0800][42.203s][info][gc,start       ] GC(999) Pause Young (Allocation Failure)
[2026-06-17T10:00:43.341+0800][42.203s][info][gc             ] GC(999) Pause Young (Allocation Failure) 57M->57M(61M) 0.646ms
[2026-06-17T10:00:43.341+0800][42.204s][info][gc,cpu         ] GC(999) User=0.00s Sys=0.00s Real=0.00s
[2026-06-17T10:00:43.342+0800][42.204s][info][gc,start       ] GC(1000) Pause Full (Allocation Failure)
[2026-06-17T10:00:43.342+0800][42.205s][info][gc,phases,start] GC(1000) Phase 1: Mark live objects
[2026-06-17T10:00:43.343+0800][42.206s][info][gc,phases      ] GC(1000) Phase 1: Mark live objects 1.281ms
[2026-06-17T10:00:43.344+0800][42.206s][info][gc,phases,start] GC(1000) Phase 2: Compute new object addresses
[2026-06-17T10:00:43.344+0800][42.207s][info][gc,phases      ] GC(1000) Phase 2: Compute new object addresses 0.573ms
[2026-06-17T10:00:43.344+0800][42.207s][info][gc,phases,start] GC(1000) Phase 3: Adjust pointers
[2026-06-17T10:00:43.345+0800][42.208s][info][gc,phases      ] GC(1000) Phase 3: Adjust pointers 0.670ms
[2026-06-17T10:00:43.345+0800][42.208s][info][gc,phases,start] GC(1000) Phase 4: Move objects
[2026-06-17T10:00:43.347+0800][42.210s][info][gc,phases      ] GC(1000) Phase 4: Move objects 1.860ms
[2026-06-17T10:00:43.348+0800][42.210s][info][gc,heap        ] GC(1000) DefNew: 19619K(19648K)->0K(19648K) Eden: 17443K(17472K)->0K(17472K) From: 2175K(2176K)->0K(2176K)
[2026-06-17T10:00:43.348+0800][42.211s][info][gc,heap        ] GC(1000) Tenured: 39070K(43712K)->29285K(43712K)
[2026-06-17T10:00:43.348+0800][42.211s][info][gc,metaspace   ] GC(1000) Metaspace: 114K(320K)->114K(320K) NonClass: 106K(192K)->106K(192K) Class: 7K(128K)->7K(128K)
[2026-06-17T10:00:43.348+0800][42.211s][info][gc             ] GC(1000) Pause Full (Allocation Failure) 57M->28M(61M) 6.391ms
[2026-06-17T10:00:43.348+0800][42.211s][info][gc,cpu         ] GC(1000) User=0.00s Sys=0.00s Real=0.01s
[2026-06-17T10:00:43.391+0800][42.254s][info][gc,start       ] GC(1001) Pause Young (Allocation Failure)
[2026-06-17T10:00:43.393+0800][42.256s][info][gc,heap        ] GC(1001) DefNew: 17410K(19648K)->2173K(19648K) Eden: 17410K(17472K)->0K(17472K) From: 0K(2176K)->2173K(2176K)
[2026-06-17T10:00:43.394+0800][42.257s][info][gc,heap        ] GC(1001) Tenured: 29285K(43712K)->34000K(43712K)
[2026-06-17T10:00:43.394+0800][42.257s][info][gc,metaspace   ] GC(1001) Metaspace: 114K(320K)->114K(320K) NonClass: 106K(192K)->106K(192K) Class: 7K(128K)->7K(128K)
[2026-06-17T10:00:43.395+0800][42.258s][info][gc             ] GC(1001) Pause Young (Allocation Failure) 45M->35M(61M) 3.754ms
[2026-06-17T10:00:43.395+0800][42.258s][info][gc,cpu         ] GC(1001) User=0.01s Sys=0.00s Real=0.00s
[2026-06-17T10:00:43.429+0800][42.292s][info][gc,start       ] GC(1002) Pause Young (Allocation Failure)
[2026-06-17T10:00:43.432+0800][42.295s][info][gc,heap        ] GC(1002) DefNew: 19592K(19648K)->2172K(19648K) Eden: 17419K(17472K)->0K(17472K) From: 2173K(2176K)->2172K(2176K)
[2026-06-17T10:00:43.433+0800][42.295s][info][gc,heap        ] GC(1002) Tenured: 34000K(43712K)->37704K(43712K)
[2026-06-17T10:00:43.433+0800][42.296s][info][gc,metaspace   ] GC(1002) Metaspace: 119K(320K)->119K(320K) NonClass: 111K(192K)->111K(192K) Class: 7K(128K)->7K(128K)
[2026-06-17T10:00:43.434+0800][42.297s][info][gc             ] GC(1002) Pause Young (Allocation Failure) 52M->38M(61M) 5.043ms
[2026-06-17T10:00:43.435+0800][42.297s][info][gc,cpu         ] GC(1002) User=0.00s Sys=0.00s Real=0.01s
[2026-06-17T10:00:43.490+0800][42.353s][info][gc,start       ] GC(1003) Pause Young (Allocation Failure)
[2026-06-17T10:00:43.491+0800][42.354s][info][gc             ] GC(1003) Pause Young (Allocation Failure) 55M->55M(61M) 1.225ms
[2026-06-17T10:00:43.494+0800][42.356s][info][gc,cpu         ] GC(1003) User=0.00s Sys=0.00s Real=0.01s
[2026-06-17T10:00:43.494+0800][42.357s][info][gc,start       ] GC(1004) Pause Full (Allocation Failure)
[2026-06-17T10:00:43.495+0800][42.358s][info][gc,phases,start] GC(1004) Phase 1: Mark live objects
[2026-06-17T10:00:43.497+0800][42.360s][info][gc,phases      ] GC(1004) Phase 1: Mark live objects 1.955ms
[2026-06-17T10:00:43.497+0800][42.360s][info][gc,phases,start] GC(1004) Phase 2: Compute new object addresses
[2026-06-17T10:00:43.499+0800][42.361s][info][gc,phases      ] GC(1004) Phase 2: Compute new object addresses 1.162ms
[2026-06-17T10:00:43.499+0800][42.362s][info][gc,phases,start] GC(1004) Phase 3: Adjust pointers
[2026-06-17T10:00:43.500+0800][42.363s][info][gc,phases      ] GC(1004) Phase 3: Adjust pointers 1.054ms
[2026-06-17T10:00:43.501+0800][42.363s][info][gc,phases,start] GC(1004) Phase 4: Move objects
[2026-06-17T10:00:43.503+0800][42.366s][info][gc,phases      ] GC(1004) Phase 4: Move objects 2.750ms
[2026-06-17T10:00:43.504+0800][42.367s][info][gc,heap        ] GC(1004) DefNew: 19637K(19648K)->0K(19648K) Eden: 17465K(17472K)->0K(17472K) From: 2172K(2176K)->0K(2176K)
[2026-06-17T10:00:43.504+0800][42.367s][info][gc,heap        ] GC(1004) Tenured: 37704K(43712K)->30076K(43712K)
[2026-06-17T10:00:43.505+0800][42.368s][info][gc,metaspace   ] GC(1004) Metaspace: 119K(320K)->119K(320K) NonClass: 111K(192K)->111K(192K) Class: 7K(128K)->7K(128K)
[2026-06-17T10:00:43.506+0800][42.368s][info][gc             ] GC(1004) Pause Full (Allocation Failure) 55M->29M(61M) 11.290ms
[2026-06-17T10:00:43.506+0800][42.369s][info][gc,cpu         ] GC(1004) User=0.00s Sys=0.00s Real=0.01s
[2026-06-17T10:00:43.549+0800][42.412s][info][gc,start       ] GC(1005) Pause Young (Allocation Failure)
[2026-06-17T10:00:43.551+0800][42.414s][info][gc,heap        ] GC(1005) DefNew: 17460K(19648K)->2058K(19648K) Eden: 17460K(17472K)->0K(17472K) From: 0K(2176K)->2058K(2176K)
[2026-06-17T10:00:43.551+0800][42.414s][info][gc,heap        ] GC(1005) Tenured: 30076K(43712K)->31495K(43712K)
[2026-06-17T10:00:43.552+0800][42.415s][info][gc,metaspace   ] GC(1005) Metaspace: 119K(320K)->119K(320K) NonClass: 111K(192K)->111K(192K) Class: 7K(128K)->7K(128K)
[2026-06-17T10:00:43.553+0800][42.415s][info][gc             ] GC(1005) Pause Young (Allocation Failure) 46M->32M(61M) 3.124ms
[2026-06-17T10:00:43.553+0800][42.416s][info][gc,cpu         ] GC(1005) User=0.01s Sys=0.00s Real=0.01s
[2026-06-17T10:00:43.597+0800][42.460s][info][gc,start       ] GC(1006) Pause Young (Allocation Failure)
[2026-06-17T10:00:43.600+0800][42.463s][info][gc,heap        ] GC(1006) DefNew: 19489K(19648K)->2172K(19648K) Eden: 17430K(17472K)->0K(17472K) From: 2058K(2176K)->2172K(2176K)
[2026-06-17T10:00:43.604+0800][42.467s][info][gc,heap        ] GC(1006) Tenured: 31495K(43712K)->38189K(43712K)
[2026-06-17T10:00:43.607+0800][42.470s][info][gc,metaspace   ] GC(1006) Metaspace: 119K(320K)->119K(320K) NonClass: 111K(192K)->111K(192K) Class: 7K(128K)->7K(128K)
[2026-06-17T10:00:43.608+0800][42.471s][info][gc             ] GC(1006) Pause Young (Allocation Failure) 49M->39M(61M) 10.931ms
[2026-06-17T10:00:43.608+0800][42.471s][info][gc,cpu         ] GC(1006) User=0.00s Sys=0.00s Real=0.01s
[2026-06-17T10:00:43.651+0800][42.514s][info][gc,start       ] GC(1007) Pause Young (Allocation Failure)
[2026-06-17T10:00:43.652+0800][42.515s][info][gc             ] GC(1007) Pause Young (Allocation Failure) 56M->56M(61M) 0.802ms
[2026-06-17T10:00:43.653+0800][42.515s][info][gc,cpu         ] GC(1007) User=0.00s Sys=0.00s Real=0.00s
[2026-06-17T10:00:43.653+0800][42.516s][info][gc,start       ] GC(1008) Pause Full (Allocation Failure)
[2026-06-17T10:00:43.654+0800][42.517s][info][gc,phases,start] GC(1008) Phase 1: Mark live objects
[2026-06-17T10:00:43.657+0800][42.520s][info][gc,phases      ] GC(1008) Phase 1: Mark live objects 3.218ms
[2026-06-17T10:00:43.658+0800][42.520s][info][gc,phases,start] GC(1008) Phase 2: Compute new object addresses
[2026-06-17T10:00:43.658+0800][42.521s][info][gc,phases      ] GC(1008) Phase 2: Compute new object addresses 0.930ms
[2026-06-17T10:00:43.659+0800][42.522s][info][gc,phases,start] GC(1008) Phase 3: Adjust pointers
[2026-06-17T10:00:43.660+0800][42.523s][info][gc,phases      ] GC(1008) Phase 3: Adjust pointers 0.752ms
[2026-06-17T10:00:43.660+0800][42.523s][info][gc,phases,start] GC(1008) Phase 4: Move objects
[2026-06-17T10:00:43.663+0800][42.526s][info][gc,phases      ] GC(1008) Phase 4: Move objects 2.587ms
[2026-06-17T10:00:43.668+0800][42.531s][info][gc,heap        ] GC(1008) DefNew: 19644K(19648K)->0K(19648K) Eden: 17472K(17472K)->0K(17472K) From: 2172K(2176K)->0K(2176K)
[2026-06-17T10:00:43.669+0800][42.532s][info][gc,heap        ] GC(1008) Tenured: 38189K(43712K)->24288K(43712K)
[2026-06-17T10:00:43.671+0800][42.533s][info][gc,metaspace   ] GC(1008) Metaspace: 119K(320K)->119K(320K) NonClass: 111K(192K)->111K(192K) Class: 7K(128K)->7K(128K)
[2026-06-17T10:00:43.677+0800][42.540s][info][gc             ] GC(1008) Pause Full (Allocation Failure) 56M->23M(61M) 23.799ms
[2026-06-17T10:00:43.678+0800][42.540s][info][gc,cpu         ] GC(1008) User=0.01s Sys=0.00s Real=0.02s
[2026-06-17T10:00:43.728+0800][42.591s][info][gc,start       ] GC(1009) Pause Young (Allocation Failure)
[2026-06-17T10:00:43.730+0800][42.593s][info][gc,heap        ] GC(1009) DefNew: 17188K(19648K)->2118K(19648K) Eden: 17188K(17472K)->0K(17472K) From: 0K(2176K)->2118K(2176K)
[2026-06-17T10:00:43.731+0800][42.593s][info][gc,heap        ] GC(1009) Tenured: 24288K(43712K)->25510K(43712K)
[2026-06-17T10:00:43.731+0800][42.594s][info][gc,metaspace   ] GC(1009) Metaspace: 119K(320K)->119K(320K) NonClass: 111K(192K)->111K(192K) Class: 7K(128K)->7K(128K)
[2026-06-17T10:00:43.732+0800][42.595s][info][gc             ] GC(1009) Pause Young (Allocation Failure) 40M->26M(61M) 3.681ms
[2026-06-17T10:00:43.733+0800][42.595s][info][gc,cpu         ] GC(1009) User=0.00s Sys=0.00s Real=0.01s
[2026-06-17T10:00:43.787+0800][42.650s][info][gc,start       ] GC(1010) Pause Young (Allocation Failure)
[2026-06-17T10:00:43.789+0800][42.652s][info][gc,heap        ] GC(1010) DefNew: 19563K(19648K)->2133K(19648K) Eden: 17444K(17472K)->0K(17472K) From: 2118K(2176K)->2133K(2176K)
[2026-06-17T10:00:43.790+0800][42.652s][info][gc,heap        ] GC(1010) Tenured: 25510K(43712K)->29563K(43712K)
[2026-06-17T10:00:43.790+0800][42.653s][info][gc,metaspace   ] GC(1010) Metaspace: 119K(320K)->119K(320K) NonClass: 111K(192K)->111K(192K) Class: 7K(128K)->7K(128K)
[2026-06-17T10:00:43.791+0800][42.654s][info][gc             ] GC(1010) Pause Young (Allocation Failure) 44M->30M(61M) 4.186ms
[2026-06-17T10:00:43.792+0800][42.654s][info][gc,cpu         ] GC(1010) User=0.00s Sys=0.00s Real=0.01s
[2026-06-17T10:00:43.836+0800][42.698s][info][gc,start       ] GC(1011) Pause Young (Allocation Failure)
[2026-06-17T10:00:43.838+0800][42.701s][info][gc,heap        ] GC(1011) DefNew: 19588K(19648K)->2167K(19648K) Eden: 17454K(17472K)->0K(17472K) From: 2133K(2176K)->2167K(2176K)
[2026-06-17T10:00:43.839+0800][42.701s][info][gc,heap        ] GC(1011) Tenured: 29563K(43712K)->33062K(43712K)
[2026-06-17T10:00:43.839+0800][42.702s][info][gc,metaspace   ] GC(1011) Metaspace: 119K(320K)->119K(320K) NonClass: 111K(192K)->111K(192K) Class: 7K(128K)->7K(128K)
[2026-06-17T10:00:43.840+0800][42.702s][info][gc             ] GC(1011) Pause Young (Allocation Failure) 48M->34M(61M) 4.096ms
[2026-06-17T10:00:43.840+0800][42.703s][info][gc,cpu         ] GC(1011) User=0.01s Sys=0.00s Real=0.00s
[2026-06-17T10:00:43.884+0800][42.747s][info][gc,start       ] GC(1012) Pause Young (Allocation Failure)
[2026-06-17T10:00:43.887+0800][42.750s][info][gc,heap        ] GC(1012) DefNew: 19616K(19648K)->2175K(19648K) Eden: 17449K(17472K)->0K(17472K) From: 2167K(2176K)->2175K(2176K)
[2026-06-17T10:00:43.888+0800][42.750s][info][gc,heap        ] GC(1012) Tenured: 33062K(43712K)->37310K(43712K)
[2026-06-17T10:00:43.888+0800][42.751s][info][gc,metaspace   ] GC(1012) Metaspace: 119K(320K)->119K(320K) NonClass: 111K(192K)->111K(192K) Class: 7K(128K)->7K(128K)
[2026-06-17T10:00:43.889+0800][42.752s][info][gc             ] GC(1012) Pause Young (Allocation Failure) 51M->38M(61M) 4.554ms
[2026-06-17T10:00:43.889+0800][42.752s][info][gc,cpu         ] GC(1012) User=0.00s Sys=0.00s Real=0.00s
[2026-06-17T10:00:43.934+0800][42.797s][info][gc,start       ] GC(1013) Pause Young (Allocation Failure)
[2026-06-17T10:00:43.935+0800][42.798s][info][gc             ] GC(1013) Pause Young (Allocation Failure) 55M->55M(61M) 1.237ms
[2026-06-17T10:00:43.936+0800][42.799s][info][gc,cpu         ] GC(1013) User=0.00s Sys=0.00s Real=0.00s
[2026-06-17T10:00:43.937+0800][42.800s][info][gc,start       ] GC(1014) Pause Full (Allocation Failure)
[2026-06-17T10:00:43.938+0800][42.800s][info][gc,phases,start] GC(1014) Phase 1: Mark live objects
[2026-06-17T10:00:43.940+0800][42.803s][info][gc,phases      ] GC(1014) Phase 1: Mark live objects 2.310ms
[2026-06-17T10:00:43.941+0800][42.803s][info][gc,phases,start] GC(1014) Phase 2: Compute new object addresses
[2026-06-17T10:00:43.942+0800][42.805s][info][gc,phases      ] GC(1014) Phase 2: Compute new object addresses 1.264ms
[2026-06-17T10:00:43.944+0800][42.806s][info][gc,phases,start] GC(1014) Phase 3: Adjust pointers
[2026-06-17T10:00:43.945+0800][42.808s][info][gc,phases      ] GC(1014) Phase 3: Adjust pointers 1.547ms
[2026-06-17T10:00:43.946+0800][42.809s][info][gc,phases,start] GC(1014) Phase 4: Move objects
[2026-06-17T10:00:43.950+0800][42.812s][info][gc,phases      ] GC(1014) Phase 4: Move objects 3.895ms
[2026-06-17T10:00:43.950+0800][42.813s][info][gc,heap        ] GC(1014) DefNew: 19646K(19648K)->0K(19648K) Eden: 17470K(17472K)->0K(17472K) From: 2175K(2176K)->0K(2176K)
[2026-06-17T10:00:43.951+0800][42.813s][info][gc,heap        ] GC(1014) Tenured: 37310K(43712K)->30054K(43712K)
[2026-06-17T10:00:43.951+0800][42.814s][info][gc,metaspace   ] GC(1014) Metaspace: 119K(320K)->119K(320K) NonClass: 111K(192K)->111K(192K) Class: 7K(128K)->7K(128K)
[2026-06-17T10:00:43.951+0800][42.814s][info][gc             ] GC(1014) Pause Full (Allocation Failure) 55M->29M(61M) 14.322ms
[2026-06-17T10:00:43.951+0800][42.814s][info][gc,cpu         ] GC(1014) User=0.01s Sys=0.00s Real=0.02s
[2026-06-17T10:00:43.995+0800][42.858s][info][gc,start       ] GC(1015) Pause Young (Allocation Failure)
[2026-06-17T10:00:43.998+0800][42.861s][info][gc,heap        ] GC(1015) DefNew: 17472K(19648K)->2174K(19648K) Eden: 17472K(17472K)->0K(17472K) From: 0K(2176K)->2174K(2176K)
[2026-06-17T10:00:43.999+0800][42.861s][info][gc,heap        ] GC(1015) Tenured: 30054K(43712K)->34432K(43712K)
[2026-06-17T10:00:43.999+0800][42.862s][info][gc,metaspace   ] GC(1015) Metaspace: 119K(320K)->119K(320K) NonClass: 111K(192K)->111K(192K) Class: 7K(128K)->7K(128K)
[2026-06-17T10:00:44.000+0800][42.863s][info][gc             ] GC(1015) Pause Young (Allocation Failure) 46M->35M(61M) 4.274ms
[2026-06-17T10:00:44.000+0800][42.863s][info][gc,cpu         ] GC(1015) User=0.01s Sys=0.00s Real=0.00s
[2026-06-17T10:00:44.045+0800][42.907s][info][gc,start       ] GC(1016) Pause Young (Allocation Failure)
[2026-06-17T10:00:44.047+0800][42.910s][info][gc,heap        ] GC(1016) DefNew: 19612K(19648K)->2167K(19648K) Eden: 17438K(17472K)->0K(17472K) From: 2174K(2176K)->2167K(2176K)
[2026-06-17T10:00:44.048+0800][42.911s][info][gc,heap        ] GC(1016) Tenured: 34432K(43712K)->40016K(43712K)
[2026-06-17T10:00:44.048+0800][42.911s][info][gc,metaspace   ] GC(1016) Metaspace: 119K(320K)->119K(320K) NonClass: 111K(192K)->111K(192K) Class: 7K(128K)->7K(128K)
[2026-06-17T10:00:44.049+0800][42.912s][info][gc             ] GC(1016) Pause Young (Allocation Failure) 52M->41M(61M) 4.449ms
[2026-06-17T10:00:44.050+0800][42.912s][info][gc,cpu         ] GC(1016) User=0.00s Sys=0.00s Real=0.00s
[2026-06-17T10:00:44.103+0800][42.966s][info][gc,start       ] GC(1017) Pause Young (Allocation Failure)
[2026-06-17T10:00:44.104+0800][42.967s][info][gc             ] GC(1017) Pause Young (Allocation Failure) 58M->58M(61M) 0.904ms
[2026-06-17T10:00:44.105+0800][42.968s][info][gc,cpu         ] GC(1017) User=0.00s Sys=0.00s Real=0.00s
[2026-06-17T10:00:44.106+0800][42.968s][info][gc,start       ] GC(1018) Pause Full (Allocation Failure)
[2026-06-17T10:00:44.106+0800][42.969s][info][gc,phases,start] GC(1018) Phase 1: Mark live objects
[2026-06-17T10:00:44.108+0800][42.971s][info][gc,phases      ] GC(1018) Phase 1: Mark live objects 2.179ms
[2026-06-17T10:00:44.109+0800][42.972s][info][gc,phases,start] GC(1018) Phase 2: Compute new object addresses
[2026-06-17T10:00:44.110+0800][42.973s][info][gc,phases      ] GC(1018) Phase 2: Compute new object addresses 1.185ms
[2026-06-17T10:00:44.110+0800][42.973s][info][gc,phases,start] GC(1018) Phase 3: Adjust pointers
[2026-06-17T10:00:44.112+0800][42.974s][info][gc,phases      ] GC(1018) Phase 3: Adjust pointers 1.195ms
[2026-06-17T10:00:44.112+0800][42.975s][info][gc,phases,start] GC(1018) Phase 4: Move objects
[2026-06-17T10:00:44.115+0800][42.978s][info][gc,phases      ] GC(1018) Phase 4: Move objects 2.897ms
[2026-06-17T10:00:44.115+0800][42.978s][info][gc,heap        ] GC(1018) DefNew: 19639K(19648K)->0K(19648K) Eden: 17472K(17472K)->0K(17472K) From: 2167K(2176K)->0K(2176K)
[2026-06-17T10:00:44.116+0800][42.978s][info][gc,heap        ] GC(1018) Tenured: 40016K(43712K)->26376K(43712K)
[2026-06-17T10:00:44.116+0800][42.979s][info][gc,metaspace   ] GC(1018) Metaspace: 119K(320K)->119K(320K) NonClass: 111K(192K)->111K(192K) Class: 7K(128K)->7K(128K)
[2026-06-17T10:00:44.116+0800][42.979s][info][gc             ] GC(1018) Pause Full (Allocation Failure) 58M->25M(61M) 10.558ms
[2026-06-17T10:00:44.116+0800][42.979s][info][gc,cpu         ] GC(1018) User=0.01s Sys=0.00s Real=0.01s
[2026-06-17T10:00:44.159+0800][43.022s][info][gc,start       ] GC(1019) Pause Young (Allocation Failure)
[2026-06-17T10:00:44.162+0800][43.024s][info][gc,heap        ] GC(1019) DefNew: 17421K(19648K)->2170K(19648K) Eden: 17421K(17472K)->0K(17472K) From: 0K(2176K)->2170K(2176K)
[2026-06-17T10:00:44.162+0800][43.025s][info][gc,heap        ] GC(1019) Tenured: 26376K(43712K)->30852K(43712K)
[2026-06-17T10:00:44.162+0800][43.025s][info][gc,metaspace   ] GC(1019) Metaspace: 119K(320K)->119K(320K) NonClass: 111K(192K)->111K(192K) Class: 7K(128K)->7K(128K)
[2026-06-17T10:00:44.163+0800][43.025s][info][gc             ] GC(1019) Pause Young (Allocation Failure) 42M->32M(61M) 3.666ms
[2026-06-17T10:00:44.163+0800][43.026s][info][gc,cpu         ] GC(1019) User=0.00s Sys=0.00s Real=0.01s
[2026-06-17T10:00:44.206+0800][43.069s][info][gc,start       ] GC(1020) Pause Young (Allocation Failure)
[2026-06-17T10:00:44.207+0800][43.070s][info][gc,heap        ] GC(1020) DefNew: 19640K(19648K)->2168K(19648K) Eden: 17470K(17472K)->0K(17472K) From: 2170K(2176K)->2168K(2176K)
[2026-06-17T10:00:44.208+0800][43.071s][info][gc,heap        ] GC(1020) Tenured: 30852K(43712K)->33515K(43712K)
[2026-06-17T10:00:44.208+0800][43.071s][info][gc,metaspace   ] GC(1020) Metaspace: 119K(320K)->119K(320K) NonClass: 111K(192K)->111K(192K) Class: 7K(128K)->7K(128K)
[2026-06-17T10:00:44.209+0800][43.071s][info][gc             ] GC(1020) Pause Young (Allocation Failure) 49M->34M(61M) 2.822ms
[2026-06-17T10:00:44.209+0800][43.072s][info][gc,cpu         ] GC(1020) User=0.00s Sys=0.00s Real=0.00s
[2026-06-17T10:00:44.252+0800][43.115s][info][gc,start       ] GC(1021) Pause Young (Allocation Failure)
[2026-06-17T10:00:44.254+0800][43.117s][info][gc,heap        ] GC(1021) DefNew: 19640K(19648K)->2113K(19648K) Eden: 17472K(17472K)->0K(17472K) From: 2168K(2176K)->2113K(2176K)
[2026-06-17T10:00:44.255+0800][43.118s][info][gc,heap        ] GC(1021) Tenured: 33515K(43712K)->36963K(43712K)
[2026-06-17T10:00:44.255+0800][43.118s][info][gc,metaspace   ] GC(1021) Metaspace: 119K(320K)->119K(320K) NonClass: 111K(192K)->111K(192K) Class: 7K(128K)->7K(128K)
[2026-06-17T10:00:44.259+0800][43.121s][info][gc             ] GC(1021) Pause Young (Allocation Failure) 51M->38M(61M) 6.732ms
[2026-06-17T10:00:44.261+0800][43.124s][info][gc,cpu         ] GC(1021) User=0.00s Sys=0.00s Real=0.00s
[2026-06-17T10:00:44.307+0800][43.170s][info][gc,start       ] GC(1022) Pause Young (Allocation Failure)
[2026-06-17T10:00:44.308+0800][43.171s][info][gc             ] GC(1022) Pause Young (Allocation Failure) 55M->55M(61M) 0.678ms
[2026-06-17T10:00:44.308+0800][43.171s][info][gc,cpu         ] GC(1022) User=0.00s Sys=0.00s Real=0.00s
[2026-06-17T10:00:44.309+0800][43.172s][info][gc,start       ] GC(1023) Pause Full (Allocation Failure)
[2026-06-17T10:00:44.310+0800][43.172s][info][gc,phases,start] GC(1023) Phase 1: Mark live objects
[2026-06-17T10:00:44.312+0800][43.174s][info][gc,phases      ] GC(1023) Phase 1: Mark live objects 2.039ms
[2026-06-17T10:00:44.312+0800][43.175s][info][gc,phases,start] GC(1023) Phase 2: Compute new object addresses
[2026-06-17T10:00:44.313+0800][43.176s][info][gc,phases      ] GC(1023) Phase 2: Compute new object addresses 1.012ms
[2026-06-17T10:00:44.314+0800][43.176s][info][gc,phases,start] GC(1023) Phase 3: Adjust pointers
[2026-06-17T10:00:44.315+0800][43.178s][info][gc,phases      ] GC(1023) Phase 3: Adjust pointers 1.227ms
[2026-06-17T10:00:44.316+0800][43.178s][info][gc,phases,start] GC(1023) Phase 4: Move objects
[2026-06-17T10:00:44.321+0800][43.184s][info][gc,phases      ] GC(1023) Phase 4: Move objects 5.407ms
[2026-06-17T10:00:44.322+0800][43.185s][info][gc,heap        ] GC(1023) DefNew: 19536K(19648K)->0K(19648K) Eden: 17423K(17472K)->0K(17472K) From: 2113K(2176K)->0K(2176K)
[2026-06-17T10:00:44.323+0800][43.186s][info][gc,heap        ] GC(1023) Tenured: 36963K(43712K)->31055K(43712K)
[2026-06-17T10:00:44.325+0800][43.188s][info][gc,metaspace   ] GC(1023) Metaspace: 119K(320K)->119K(320K) NonClass: 111K(192K)->111K(192K) Class: 7K(128K)->7K(128K)
[2026-06-17T10:00:44.327+0800][43.190s][info][gc             ] GC(1023) Pause Full (Allocation Failure) 55M->30M(61M) 18.296ms
[2026-06-17T10:00:44.329+0800][43.192s][info][gc,cpu         ] GC(1023) User=0.01s Sys=0.00s Real=0.02s
[2026-06-17T10:00:44.372+0800][43.235s][info][gc,start       ] GC(1024) Pause Young (Allocation Failure)
[2026-06-17T10:00:44.374+0800][43.237s][info][gc,heap        ] GC(1024) DefNew: 17458K(19648K)->2175K(19648K) Eden: 17458K(17472K)->0K(17472K) From: 0K(2176K)->2175K(2176K)
[2026-06-17T10:00:44.374+0800][43.237s][info][gc,heap        ] GC(1024) Tenured: 31055K(43712K)->35633K(43712K)
[2026-06-17T10:00:44.375+0800][43.238s][info][gc,metaspace   ] GC(1024) Metaspace: 119K(320K)->119K(320K) NonClass: 111K(192K)->111K(192K) Class: 7K(128K)->7K(128K)
[2026-06-17T10:00:44.375+0800][43.238s][info][gc             ] GC(1024) Pause Young (Allocation Failure) 47M->36M(61M) 3.460ms
[2026-06-17T10:00:44.376+0800][43.238s][info][gc,cpu         ] GC(1024) User=0.00s Sys=0.00s Real=0.00s
[2026-06-17T10:00:44.419+0800][43.282s][info][gc,start       ] GC(1025) Pause Young (Allocation Failure)
[2026-06-17T10:00:44.421+0800][43.284s][info][gc,heap        ] GC(1025) DefNew: 19622K(19648K)->2171K(19648K) Eden: 17446K(17472K)->0K(17472K) From: 2175K(2176K)->2171K(2176K)
[2026-06-17T10:00:44.422+0800][43.284s][info][gc,heap        ] GC(1025) Tenured: 35633K(43712K)->42651K(43712K)
[2026-06-17T10:00:44.422+0800][43.285s][info][gc,metaspace   ] GC(1025) Metaspace: 119K(320K)->119K(320K) NonClass: 111K(192K)->111K(192K) Class: 7K(128K)->7K(128K)
[2026-06-17T10:00:44.422+0800][43.285s][info][gc             ] GC(1025) Pause Young (Allocation Failure) 53M->43M(61M) 3.066ms
[2026-06-17T10:00:44.422+0800][43.285s][info][gc,cpu         ] GC(1025) User=0.00s Sys=0.00s Real=0.00s
[2026-06-17T10:00:44.466+0800][43.328s][info][gc,start       ] GC(1026) Pause Young (Allocation Failure)
[2026-06-17T10:00:44.467+0800][43.329s][info][gc             ] GC(1026) Pause Young (Allocation Failure) 60M->60M(61M) 0.975ms
[2026-06-17T10:00:44.467+0800][43.330s][info][gc,cpu         ] GC(1026) User=0.00s Sys=0.00s Real=0.00s
[2026-06-17T10:00:44.468+0800][43.331s][info][gc,start       ] GC(1027) Pause Full (Allocation Failure)
[2026-06-17T10:00:44.469+0800][43.331s][info][gc,phases,start] GC(1027) Phase 1: Mark live objects
[2026-06-17T10:00:44.471+0800][43.334s][info][gc,phases      ] GC(1027) Phase 1: Mark live objects 2.388ms
[2026-06-17T10:00:44.472+0800][43.334s][info][gc,phases,start] GC(1027) Phase 2: Compute new object addresses
[2026-06-17T10:00:44.473+0800][43.335s][info][gc,phases      ] GC(1027) Phase 2: Compute new object addresses 1.011ms
[2026-06-17T10:00:44.473+0800][43.336s][info][gc,phases,start] GC(1027) Phase 3: Adjust pointers
[2026-06-17T10:00:44.474+0800][43.337s][info][gc,phases      ] GC(1027) Phase 3: Adjust pointers 1.110ms
[2026-06-17T10:00:44.475+0800][43.337s][info][gc,phases,start] GC(1027) Phase 4: Move objects
[2026-06-17T10:00:44.478+0800][43.341s][info][gc,phases      ] GC(1027) Phase 4: Move objects 3.186ms
[2026-06-17T10:00:44.478+0800][43.341s][info][gc,heap        ] GC(1027) DefNew: 19633K(19648K)->0K(19648K) Eden: 17462K(17472K)->0K(17472K) From: 2171K(2176K)->0K(2176K)
[2026-06-17T10:00:44.479+0800][43.341s][info][gc,heap        ] GC(1027) Tenured: 42651K(43712K)->32072K(43712K)
[2026-06-17T10:00:44.479+0800][43.342s][info][gc,metaspace   ] GC(1027) Metaspace: 119K(320K)->119K(320K) NonClass: 111K(192K)->111K(192K) Class: 7K(128K)->7K(128K)
[2026-06-17T10:00:44.479+0800][43.342s][info][gc             ] GC(1027) Pause Full (Allocation Failure) 60M->31M(61M) 11.276ms
[2026-06-17T10:00:44.479+0800][43.342s][info][gc,cpu         ] GC(1027) User=0.01s Sys=0.00s Real=0.01s
[2026-06-17T10:00:44.523+0800][43.385s][info][gc,start       ] GC(1028) Pause Young (Allocation Failure)
[2026-06-17T10:00:44.524+0800][43.387s][info][gc,heap        ] GC(1028) DefNew: 17441K(19648K)->2174K(19648K) Eden: 17441K(17472K)->0K(17472K) From: 0K(2176K)->2174K(2176K)
[2026-06-17T10:00:44.525+0800][43.388s][info][gc,heap        ] GC(1028) Tenured: 32072K(43712K)->36949K(43712K)
[2026-06-17T10:00:44.525+0800][43.388s][info][gc,metaspace   ] GC(1028) Metaspace: 119K(320K)->119K(320K) NonClass: 111K(192K)->111K(192K) Class: 7K(128K)->7K(128K)
[2026-06-17T10:00:44.526+0800][43.389s][info][gc             ] GC(1028) Pause Young (Allocation Failure) 48M->38M(61M) 3.099ms
[2026-06-17T10:00:44.526+0800][43.389s][info][gc,cpu         ] GC(1028) User=0.00s Sys=0.00s Real=0.00s
[2026-06-17T10:00:44.570+0800][43.432s][info][gc,start       ] GC(1029) Pause Young (Allocation Failure)
[2026-06-17T10:00:44.574+0800][43.437s][info][gc             ] GC(1029) Pause Young (Allocation Failure) 55M->55M(61M) 4.458ms
[2026-06-17T10:00:44.576+0800][43.439s][info][gc,cpu         ] GC(1029) User=0.00s Sys=0.00s Real=0.01s
[2026-06-17T10:00:44.577+0800][43.440s][info][gc,start       ] GC(1030) Pause Full (Allocation Failure)
[2026-06-17T10:00:44.578+0800][43.440s][info][gc,phases,start] GC(1030) Phase 1: Mark live objects
[2026-06-17T10:00:44.579+0800][43.442s][info][gc,phases      ] GC(1030) Phase 1: Mark live objects 1.946ms
[2026-06-17T10:00:44.580+0800][43.443s][info][gc,phases,start] GC(1030) Phase 2: Compute new object addresses
[2026-06-17T10:00:44.581+0800][43.444s][info][gc,phases      ] GC(1030) Phase 2: Compute new object addresses 1.227ms
[2026-06-17T10:00:44.582+0800][43.445s][info][gc,phases,start] GC(1030) Phase 3: Adjust pointers
[2026-06-17T10:00:44.584+0800][43.447s][info][gc,phases      ] GC(1030) Phase 3: Adjust pointers 1.556ms
[2026-06-17T10:00:44.585+0800][43.447s][info][gc,phases,start] GC(1030) Phase 4: Move objects
[2026-06-17T10:00:44.589+0800][43.452s][info][gc,phases      ] GC(1030) Phase 4: Move objects 4.209ms
[2026-06-17T10:00:44.589+0800][43.452s][info][gc,heap        ] GC(1030) DefNew: 19646K(19648K)->0K(19648K) Eden: 17472K(17472K)->0K(17472K) From: 2174K(2176K)->0K(2176K)
[2026-06-17T10:00:44.590+0800][43.453s][info][gc,heap        ] GC(1030) Tenured: 36949K(43712K)->37275K(43712K)
[2026-06-17T10:00:44.590+0800][43.453s][info][gc,metaspace   ] GC(1030) Metaspace: 119K(320K)->119K(320K) NonClass: 111K(192K)->111K(192K) Class: 7K(128K)->7K(128K)
[2026-06-17T10:00:44.591+0800][43.454s][info][gc             ] GC(1030) Pause Full (Allocation Failure) 55M->36M(61M) 13.824ms
[2026-06-17T10:00:44.591+0800][43.454s][info][gc,cpu         ] GC(1030) User=0.01s Sys=0.00s Real=0.02s
[2026-06-17T10:00:44.634+0800][43.497s][info][gc,start       ] GC(1031) Pause Young (Allocation Failure)
[2026-06-17T10:00:44.635+0800][43.498s][info][gc             ] GC(1031) Pause Young (Allocation Failure) 53M->53M(61M) 0.757ms
[2026-06-17T10:00:44.636+0800][43.498s][info][gc,cpu         ] GC(1031) User=0.00s Sys=0.00s Real=0.00s
[2026-06-17T10:00:44.636+0800][43.499s][info][gc,start       ] GC(1032) Pause Full (Allocation Failure)
[2026-06-17T10:00:44.637+0800][43.499s][info][gc,phases,start] GC(1032) Phase 1: Mark live objects
[2026-06-17T10:00:44.639+0800][43.502s][info][gc,phases      ] GC(1032) Phase 1: Mark live objects 2.111ms
[2026-06-17T10:00:44.639+0800][43.502s][info][gc,phases,start] GC(1032) Phase 2: Compute new object addresses
[2026-06-17T10:00:44.640+0800][43.503s][info][gc,phases      ] GC(1032) Phase 2: Compute new object addresses 1.009ms
[2026-06-17T10:00:44.641+0800][43.503s][info][gc,phases,start] GC(1032) Phase 3: Adjust pointers
[2026-06-17T10:00:44.642+0800][43.504s][info][gc,phases      ] GC(1032) Phase 3: Adjust pointers 1.111ms
[2026-06-17T10:00:44.642+0800][43.505s][info][gc,phases,start] GC(1032) Phase 4: Move objects
[2026-06-17T10:00:44.645+0800][43.508s][info][gc,phases      ] GC(1032) Phase 4: Move objects 3.147ms
[2026-06-17T10:00:44.646+0800][43.508s][info][gc,heap        ] GC(1032) DefNew: 17472K(19648K)->0K(19648K) Eden: 17472K(17472K)->0K(17472K) From: 0K(2176K)->0K(2176K)
[2026-06-17T10:00:44.646+0800][43.509s][info][gc,heap        ] GC(1032) Tenured: 37275K(43712K)->29873K(43712K)
[2026-06-17T10:00:44.646+0800][43.509s][info][gc,metaspace   ] GC(1032) Metaspace: 119K(320K)->119K(320K) NonClass: 111K(192K)->111K(192K) Class: 7K(128K)->7K(128K)
[2026-06-17T10:00:44.646+0800][43.509s][info][gc             ] GC(1032) Pause Full (Allocation Failure) 53M->29M(61M) 10.304ms
[2026-06-17T10:00:44.647+0800][43.509s][info][gc,cpu         ] GC(1032) User=0.01s Sys=0.00s Real=0.01s
[2026-06-17T10:00:44.700+0800][43.563s][info][gc,start       ] GC(1033) Pause Young (Allocation Failure)
[2026-06-17T10:00:44.707+0800][43.570s][info][gc,heap        ] GC(1033) DefNew: 17459K(19648K)->2157K(19648K) Eden: 17459K(17472K)->0K(17472K) From: 0K(2176K)->2157K(2176K)
[2026-06-17T10:00:44.721+0800][43.584s][info][gc,heap        ] GC(1033) Tenured: 29873K(43712K)->31411K(43712K)
[2026-06-17T10:00:44.735+0800][43.598s][info][gc,metaspace   ] GC(1033) Metaspace: 119K(320K)->119K(320K) NonClass: 111K(192K)->111K(192K) Class: 7K(128K)->7K(128K)
[2026-06-17T10:00:44.736+0800][43.599s][info][gc             ] GC(1033) Pause Young (Allocation Failure) 46M->32M(61M) 35.607ms
[2026-06-17T10:00:44.750+0800][43.613s][info][gc,cpu         ] GC(1033) User=0.00s Sys=0.00s Real=0.05s
[2026-06-17T10:00:44.785+0800][43.648s][info][gc,start       ] GC(1034) Pause Young (Allocation Failure)
[2026-06-17T10:00:44.788+0800][43.651s][info][gc,heap        ] GC(1034) DefNew: 19553K(19648K)->2167K(19648K) Eden: 17396K(17472K)->0K(17472K) From: 2157K(2176K)->2167K(2176K)
[2026-06-17T10:00:44.790+0800][43.652s][info][gc,heap        ] GC(1034) Tenured: 31411K(43712K)->34507K(43712K)
[2026-06-17T10:00:44.793+0800][43.656s][info][gc,metaspace   ] GC(1034) Metaspace: 119K(320K)->119K(320K) NonClass: 111K(192K)->111K(192K) Class: 7K(128K)->7K(128K)
[2026-06-17T10:00:44.795+0800][43.658s][info][gc             ] GC(1034) Pause Young (Allocation Failure) 49M->35M(61M) 9.991ms
[2026-06-17T10:00:44.796+0800][43.659s][info][gc,cpu         ] GC(1034) User=0.00s Sys=0.00s Real=0.01s
[2026-06-17T10:00:44.851+0800][43.714s][info][gc,start       ] GC(1035) Pause Young (Allocation Failure)
[2026-06-17T10:00:44.853+0800][43.715s][info][gc,heap        ] GC(1035) DefNew: 19639K(19648K)->2166K(19648K) Eden: 17472K(17472K)->0K(17472K) From: 2167K(2176K)->2166K(2176K)
[2026-06-17T10:00:44.853+0800][43.716s][info][gc,heap        ] GC(1035) Tenured: 34507K(43712K)->38520K(43712K)
[2026-06-17T10:00:44.853+0800][43.716s][info][gc,metaspace   ] GC(1035) Metaspace: 119K(320K)->119K(320K) NonClass: 111K(192K)->111K(192K) Class: 7K(128K)->7K(128K)
[2026-06-17T10:00:44.853+0800][43.716s][info][gc             ] GC(1035) Pause Young (Allocation Failure) 52M->39M(61M) 2.487ms
[2026-06-17T10:00:44.854+0800][43.716s][info][gc,cpu         ] GC(1035) User=0.00s Sys=0.00s Real=0.00s
[2026-06-17T10:00:44.897+0800][43.759s][info][gc,start       ] GC(1036) Pause Young (Allocation Failure)
[2026-06-17T10:00:44.900+0800][43.762s][info][gc             ] GC(1036) Pause Young (Allocation Failure) 56M->56M(61M) 2.819ms
[2026-06-17T10:00:44.902+0800][43.765s][info][gc,cpu         ] GC(1036) User=0.00s Sys=0.00s Real=0.00s
[2026-06-17T10:00:44.903+0800][43.765s][info][gc,start       ] GC(1037) Pause Full (Allocation Failure)
[2026-06-17T10:00:44.904+0800][43.767s][info][gc,phases,start] GC(1037) Phase 1: Mark live objects
[2026-06-17T10:00:44.906+0800][43.769s][info][gc,phases      ] GC(1037) Phase 1: Mark live objects 2.062ms
[2026-06-17T10:00:44.911+0800][43.774s][info][gc,phases,start] GC(1037) Phase 2: Compute new object addresses
[2026-06-17T10:00:44.912+0800][43.775s][info][gc,phases      ] GC(1037) Phase 2: Compute new object addresses 1.218ms
[2026-06-17T10:00:44.919+0800][43.782s][info][gc,phases,start] GC(1037) Phase 3: Adjust pointers
[2026-06-17T10:00:44.921+0800][43.784s][info][gc,phases      ] GC(1037) Phase 3: Adjust pointers 1.395ms
[2026-06-17T10:00:44.922+0800][43.785s][info][gc,phases,start] GC(1037) Phase 4: Move objects
[2026-06-17T10:00:44.926+0800][43.788s][info][gc,phases      ] GC(1037) Phase 4: Move objects 3.764ms
[2026-06-17T10:00:44.928+0800][43.791s][info][gc,heap        ] GC(1037) DefNew: 19546K(19648K)->0K(19648K) Eden: 17380K(17472K)->0K(17472K) From: 2166K(2176K)->0K(2176K)
[2026-06-17T10:00:44.933+0800][43.796s][info][gc,heap        ] GC(1037) Tenured: 38520K(43712K)->21895K(43712K)
[2026-06-17T10:00:44.934+0800][43.797s][info][gc,metaspace   ] GC(1037) Metaspace: 119K(320K)->119K(320K) NonClass: 111K(192K)->111K(192K) Class: 7K(128K)->7K(128K)
[2026-06-17T10:00:44.935+0800][43.797s][info][gc             ] GC(1037) Pause Full (Allocation Failure) 56M->21M(61M) 32.090ms
[2026-06-17T10:00:44.935+0800][43.798s][info][gc,cpu         ] GC(1037) User=0.00s Sys=0.00s Real=0.03s
[2026-06-17T10:00:44.979+0800][43.842s][info][gc,start       ] GC(1038) Pause Young (Allocation Failure)
[2026-06-17T10:00:44.982+0800][43.844s][info][gc,heap        ] GC(1038) DefNew: 17472K(19648K)->2173K(19648K) Eden: 17472K(17472K)->0K(17472K) From: 0K(2176K)->2173K(2176K)
[2026-06-17T10:00:44.983+0800][43.845s][info][gc,heap        ] GC(1038) Tenured: 21895K(43712K)->27079K(43712K)
[2026-06-17T10:00:44.983+0800][43.846s][info][gc,metaspace   ] GC(1038) Metaspace: 119K(320K)->119K(320K) NonClass: 111K(192K)->111K(192K) Class: 7K(128K)->7K(128K)
[2026-06-17T10:00:44.986+0800][43.849s][info][gc             ] GC(1038) Pause Young (Allocation Failure) 38M->28M(61M) 6.752ms
[2026-06-17T10:00:44.989+0800][43.851s][info][gc,cpu         ] GC(1038) User=0.00s Sys=0.00s Real=0.01s
[2026-06-17T10:00:45.044+0800][43.906s][info][gc,start       ] GC(1039) Pause Young (Allocation Failure)
[2026-06-17T10:00:45.046+0800][43.909s][info][gc,heap        ] GC(1039) DefNew: 19624K(19648K)->2121K(19648K) Eden: 17450K(17472K)->0K(17472K) From: 2173K(2176K)->2121K(2176K)
[2026-06-17T10:00:45.047+0800][43.910s][info][gc,heap        ] GC(1039) Tenured: 27079K(43712K)->30289K(43712K)
[2026-06-17T10:00:45.047+0800][43.910s][info][gc,metaspace   ] GC(1039) Metaspace: 119K(320K)->119K(320K) NonClass: 111K(192K)->111K(192K) Class: 7K(128K)->7K(128K)
[2026-06-17T10:00:45.048+0800][43.911s][info][gc             ] GC(1039) Pause Young (Allocation Failure) 45M->31M(61M) 4.475ms
[2026-06-17T10:00:45.049+0800][43.912s][info][gc,cpu         ] GC(1039) User=0.00s Sys=0.00s Real=0.00s
[2026-06-17T10:00:45.092+0800][43.955s][info][gc,start       ] GC(1040) Pause Young (Allocation Failure)
[2026-06-17T10:00:45.094+0800][43.957s][info][gc,heap        ] GC(1040) DefNew: 19585K(19648K)->2079K(19648K) Eden: 17463K(17472K)->0K(17472K) From: 2121K(2176K)->2079K(2176K)
[2026-06-17T10:00:45.094+0800][43.957s][info][gc,heap        ] GC(1040) Tenured: 30289K(43712K)->34132K(43712K)
[2026-06-17T10:00:45.095+0800][43.958s][info][gc,metaspace   ] GC(1040) Metaspace: 119K(320K)->119K(320K) NonClass: 111K(192K)->111K(192K) Class: 7K(128K)->7K(128K)
[2026-06-17T10:00:45.095+0800][43.958s][info][gc             ] GC(1040) Pause Young (Allocation Failure) 48M->35M(61M) 2.857ms
[2026-06-17T10:00:45.095+0800][43.958s][info][gc,cpu         ] GC(1040) User=0.00s Sys=0.00s Real=0.00s
[2026-06-17T10:00:45.139+0800][44.001s][info][gc,start       ] GC(1041) Pause Young (Allocation Failure)
[2026-06-17T10:00:45.141+0800][44.004s][info][gc,heap        ] GC(1041) DefNew: 19510K(19648K)->2175K(19648K) Eden: 17430K(17472K)->0K(17472K) From: 2079K(2176K)->2175K(2176K)
[2026-06-17T10:00:45.141+0800][44.004s][info][gc,heap        ] GC(1041) Tenured: 34132K(43712K)->37973K(43712K)
[2026-06-17T10:00:45.142+0800][44.005s][info][gc,metaspace   ] GC(1041) Metaspace: 119K(320K)->119K(320K) NonClass: 111K(192K)->111K(192K) Class: 7K(128K)->7K(128K)
[2026-06-17T10:00:45.142+0800][44.005s][info][gc             ] GC(1041) Pause Young (Allocation Failure) 52M->39M(61M) 3.795ms
[2026-06-17T10:00:45.143+0800][44.005s][info][gc,cpu         ] GC(1041) User=0.00s Sys=0.00s Real=0.01s
[2026-06-17T10:00:45.186+0800][44.049s][info][gc,start       ] GC(1042) Pause Young (Allocation Failure)
[2026-06-17T10:00:45.187+0800][44.049s][info][gc             ] GC(1042) Pause Young (Allocation Failure) 56M->56M(61M) 0.785ms
[2026-06-17T10:00:45.187+0800][44.050s][info][gc,cpu         ] GC(1042) User=0.00s Sys=0.00s Real=0.00s
[2026-06-17T10:00:45.187+0800][44.050s][info][gc,start       ] GC(1043) Pause Full (Allocation Failure)
[2026-06-17T10:00:45.188+0800][44.051s][info][gc,phases,start] GC(1043) Phase 1: Mark live objects
[2026-06-17T10:00:45.189+0800][44.052s][info][gc,phases      ] GC(1043) Phase 1: Mark live objects 1.336ms
[2026-06-17T10:00:45.190+0800][44.052s][info][gc,phases,start] GC(1043) Phase 2: Compute new object addresses
[2026-06-17T10:00:45.190+0800][44.053s][info][gc,phases      ] GC(1043) Phase 2: Compute new object addresses 0.796ms
[2026-06-17T10:00:45.191+0800][44.054s][info][gc,phases,start] GC(1043) Phase 3: Adjust pointers
[2026-06-17T10:00:45.192+0800][44.054s][info][gc,phases      ] GC(1043) Phase 3: Adjust pointers 0.888ms
[2026-06-17T10:00:45.192+0800][44.055s][info][gc,phases,start] GC(1043) Phase 4: Move objects
[2026-06-17T10:00:45.194+0800][44.057s][info][gc,phases      ] GC(1043) Phase 4: Move objects 2.323ms
[2026-06-17T10:00:45.195+0800][44.057s][info][gc,heap        ] GC(1043) DefNew: 19533K(19648K)->0K(19648K) Eden: 17357K(17472K)->0K(17472K) From: 2175K(2176K)->0K(2176K)
[2026-06-17T10:00:45.195+0800][44.058s][info][gc,heap        ] GC(1043) Tenured: 37973K(43712K)->27848K(43712K)
[2026-06-17T10:00:45.195+0800][44.058s][info][gc,metaspace   ] GC(1043) Metaspace: 119K(320K)->119K(320K) NonClass: 111K(192K)->111K(192K) Class: 7K(128K)->7K(128K)
[2026-06-17T10:00:45.195+0800][44.058s][info][gc             ] GC(1043) Pause Full (Allocation Failure) 56M->27M(61M) 7.867ms
[2026-06-17T10:00:45.195+0800][44.058s][info][gc,cpu         ] GC(1043) User=0.00s Sys=0.00s Real=0.01s
[2026-06-17T10:00:45.239+0800][44.102s][info][gc,start       ] GC(1044) Pause Young (Allocation Failure)
[2026-06-17T10:00:45.242+0800][44.105s][info][gc,heap        ] GC(1044) DefNew: 17436K(19648K)->2174K(19648K) Eden: 17436K(17472K)->0K(17472K) From: 0K(2176K)->2174K(2176K)
[2026-06-17T10:00:45.243+0800][44.106s][info][gc,heap        ] GC(1044) Tenured: 27848K(43712K)->33004K(43712K)
[2026-06-17T10:00:45.244+0800][44.106s][info][gc,metaspace   ] GC(1044) Metaspace: 119K(320K)->119K(320K) NonClass: 111K(192K)->111K(192K) Class: 7K(128K)->7K(128K)
[2026-06-17T10:00:45.244+0800][44.107s][info][gc             ] GC(1044) Pause Young (Allocation Failure) 44M->34M(61M) 4.979ms
[2026-06-17T10:00:45.245+0800][44.108s][info][gc,cpu         ] GC(1044) User=0.00s Sys=0.00s Real=0.01s
[2026-06-17T10:00:45.300+0800][44.163s][info][gc,start       ] GC(1045) Pause Young (Allocation Failure)
[2026-06-17T10:00:45.303+0800][44.166s][info][gc,heap        ] GC(1045) DefNew: 19646K(19648K)->2168K(19648K) Eden: 17472K(17472K)->0K(17472K) From: 2174K(2176K)->2168K(2176K)
[2026-06-17T10:00:45.306+0800][44.169s][info][gc,heap        ] GC(1045) Tenured: 33004K(43712K)->34942K(43712K)
[2026-06-17T10:00:45.308+0800][44.171s][info][gc,metaspace   ] GC(1045) Metaspace: 119K(320K)->119K(320K) NonClass: 111K(192K)->111K(192K) Class: 7K(128K)->7K(128K)
[2026-06-17T10:00:45.310+0800][44.173s][info][gc             ] GC(1045) Pause Young (Allocation Failure) 51M->36M(61M) 10.338ms
[2026-06-17T10:00:45.312+0800][44.175s][info][gc,cpu         ] GC(1045) User=0.00s Sys=0.00s Real=0.02s
[2026-06-17T10:00:45.357+0800][44.220s][info][gc,start       ] GC(1046) Pause Young (Allocation Failure)
[2026-06-17T10:00:45.361+0800][44.223s][info][gc,heap        ] GC(1046) DefNew: 19633K(19648K)->2132K(19648K) Eden: 17465K(17472K)->0K(17472K) From: 2168K(2176K)->2132K(2176K)
[2026-06-17T10:00:45.361+0800][44.224s][info][gc,heap        ] GC(1046) Tenured: 34942K(43712K)->38794K(43712K)
[2026-06-17T10:00:45.362+0800][44.225s][info][gc,metaspace   ] GC(1046) Metaspace: 119K(320K)->119K(320K) NonClass: 111K(192K)->111K(192K) Class: 7K(128K)->7K(128K)
[2026-06-17T10:00:45.363+0800][44.225s][info][gc             ] GC(1046) Pause Young (Allocation Failure) 53M->39M(61M) 5.542ms
[2026-06-17T10:00:45.363+0800][44.226s][info][gc,cpu         ] GC(1046) User=0.01s Sys=0.00s Real=0.01s
[2026-06-17T10:00:45.407+0800][44.270s][info][gc,start       ] GC(1047) Pause Young (Allocation Failure)
[2026-06-17T10:00:45.408+0800][44.271s][info][gc             ] GC(1047) Pause Young (Allocation Failure) 57M->57M(61M) 0.838ms
[2026-06-17T10:00:45.409+0800][44.271s][info][gc,cpu         ] GC(1047) User=0.00s Sys=0.00s Real=0.00s
[2026-06-17T10:00:45.409+0800][44.272s][info][gc,start       ] GC(1048) Pause Full (Allocation Failure)
[2026-06-17T10:00:45.410+0800][44.272s][info][gc,phases,start] GC(1048) Phase 1: Mark live objects
[2026-06-17T10:00:45.412+0800][44.275s][info][gc,phases      ] GC(1048) Phase 1: Mark live objects 2.336ms
[2026-06-17T10:00:45.413+0800][44.275s][info][gc,phases,start] GC(1048) Phase 2: Compute new object addresses
[2026-06-17T10:00:45.414+0800][44.277s][info][gc,phases      ] GC(1048) Phase 2: Compute new object addresses 1.489ms
[2026-06-17T10:00:45.415+0800][44.277s][info][gc,phases,start] GC(1048) Phase 3: Adjust pointers
[2026-06-17T10:00:45.416+0800][44.279s][info][gc,phases      ] GC(1048) Phase 3: Adjust pointers 1.195ms
[2026-06-17T10:00:45.416+0800][44.279s][info][gc,phases,start] GC(1048) Phase 4: Move objects
[2026-06-17T10:00:45.420+0800][44.283s][info][gc,phases      ] GC(1048) Phase 4: Move objects 3.730ms
[2026-06-17T10:00:45.421+0800][44.283s][info][gc,heap        ] GC(1048) DefNew: 19598K(19648K)->0K(19648K) Eden: 17465K(17472K)->0K(17472K) From: 2132K(2176K)->0K(2176K)
[2026-06-17T10:00:45.421+0800][44.284s][info][gc,heap        ] GC(1048) Tenured: 38794K(43712K)->32996K(43712K)
[2026-06-17T10:00:45.421+0800][44.284s][info][gc,metaspace   ] GC(1048) Metaspace: 119K(320K)->119K(320K) NonClass: 111K(192K)->111K(192K) Class: 7K(128K)->7K(128K)
[2026-06-17T10:00:45.421+0800][44.284s][info][gc             ] GC(1048) Pause Full (Allocation Failure) 57M->32M(61M) 12.342ms
[2026-06-17T10:00:45.422+0800][44.284s][info][gc,cpu         ] GC(1048) User=0.01s Sys=0.00s Real=0.01s
[2026-06-17T10:00:45.465+0800][44.328s][info][gc,start       ] GC(1049) Pause Young (Allocation Failure)
[2026-06-17T10:00:45.468+0800][44.331s][info][gc,heap        ] GC(1049) DefNew: 17443K(19648K)->2168K(19648K) Eden: 17443K(17472K)->0K(17472K) From: 0K(2176K)->2168K(2176K)
[2026-06-17T10:00:45.469+0800][44.332s][info][gc,heap        ] GC(1049) Tenured: 32996K(43712K)->37664K(43712K)
[2026-06-17T10:00:45.470+0800][44.333s][info][gc,metaspace   ] GC(1049) Metaspace: 119K(320K)->119K(320K) NonClass: 111K(192K)->111K(192K) Class: 7K(128K)->7K(128K)
[2026-06-17T10:00:45.470+0800][44.333s][info][gc             ] GC(1049) Pause Young (Allocation Failure) 49M->38M(61M) 5.394ms
[2026-06-17T10:00:45.471+0800][44.334s][info][gc,cpu         ] GC(1049) User=0.00s Sys=0.00s Real=0.01s
[2026-06-17T10:00:45.515+0800][44.378s][info][gc,start       ] GC(1050) Pause Young (Allocation Failure)
[2026-06-17T10:00:45.516+0800][44.378s][info][gc             ] GC(1050) Pause Young (Allocation Failure) 55M->55M(61M) 0.789ms
[2026-06-17T10:00:45.516+0800][44.379s][info][gc,cpu         ] GC(1050) User=0.00s Sys=0.00s Real=0.00s
[2026-06-17T10:00:45.517+0800][44.380s][info][gc,start       ] GC(1051) Pause Full (Allocation Failure)
[2026-06-17T10:00:45.517+0800][44.380s][info][gc,phases,start] GC(1051) Phase 1: Mark live objects
[2026-06-17T10:00:45.519+0800][44.382s][info][gc,phases      ] GC(1051) Phase 1: Mark live objects 1.631ms
[2026-06-17T10:00:45.519+0800][44.382s][info][gc,phases,start] GC(1051) Phase 2: Compute new object addresses
[2026-06-17T10:00:45.520+0800][44.383s][info][gc,phases      ] GC(1051) Phase 2: Compute new object addresses 0.875ms
[2026-06-17T10:00:45.521+0800][44.384s][info][gc,phases,start] GC(1051) Phase 3: Adjust pointers
[2026-06-17T10:00:45.522+0800][44.385s][info][gc,phases      ] GC(1051) Phase 3: Adjust pointers 0.970ms
[2026-06-17T10:00:45.522+0800][44.385s][info][gc,phases,start] GC(1051) Phase 4: Move objects
[2026-06-17T10:00:45.525+0800][44.388s][info][gc,phases      ] GC(1051) Phase 4: Move objects 2.346ms
[2026-06-17T10:00:45.525+0800][44.388s][info][gc,heap        ] GC(1051) DefNew: 19632K(19648K)->0K(19648K) Eden: 17463K(17472K)->0K(17472K) From: 2168K(2176K)->0K(2176K)
[2026-06-17T10:00:45.526+0800][44.389s][info][gc,heap        ] GC(1051) Tenured: 37664K(43712K)->30193K(43712K)
[2026-06-17T10:00:45.526+0800][44.389s][info][gc,metaspace   ] GC(1051) Metaspace: 119K(320K)->119K(320K) NonClass: 111K(192K)->111K(192K) Class: 7K(128K)->7K(128K)
[2026-06-17T10:00:45.527+0800][44.389s][info][gc             ] GC(1051) Pause Full (Allocation Failure) 55M->29M(61M) 9.838ms
[2026-06-17T10:00:45.527+0800][44.390s][info][gc,cpu         ] GC(1051) User=0.00s Sys=0.00s Real=0.01s
[2026-06-17T10:00:45.581+0800][44.444s][info][gc,start       ] GC(1052) Pause Young (Allocation Failure)
[2026-06-17T10:00:45.584+0800][44.447s][info][gc,heap        ] GC(1052) DefNew: 17429K(19648K)->2153K(19648K) Eden: 17429K(17472K)->0K(17472K) From: 0K(2176K)->2153K(2176K)
[2026-06-17T10:00:45.585+0800][44.448s][info][gc,heap        ] GC(1052) Tenured: 30193K(43712K)->31875K(43712K)
[2026-06-17T10:00:45.587+0800][44.450s][info][gc,metaspace   ] GC(1052) Metaspace: 119K(320K)->119K(320K) NonClass: 111K(192K)->111K(192K) Class: 7K(128K)->7K(128K)
[2026-06-17T10:00:45.589+0800][44.452s][info][gc             ] GC(1052) Pause Young (Allocation Failure) 46M->33M(61M) 7.677ms
[2026-06-17T10:00:45.591+0800][44.453s][info][gc,cpu         ] GC(1052) User=0.00s Sys=0.00s Real=0.02s
[2026-06-17T10:00:45.638+0800][44.501s][info][gc,start       ] GC(1053) Pause Young (Allocation Failure)
[2026-06-17T10:00:45.641+0800][44.504s][info][gc,heap        ] GC(1053) DefNew: 19619K(19648K)->2076K(19648K) Eden: 17466K(17472K)->0K(17472K) From: 2153K(2176K)->2076K(2176K)
[2026-06-17T10:00:45.642+0800][44.505s][info][gc,heap        ] GC(1053) Tenured: 31875K(43712K)->35895K(43712K)
[2026-06-17T10:00:45.644+0800][44.507s][info][gc,metaspace   ] GC(1053) Metaspace: 119K(320K)->119K(320K) NonClass: 111K(192K)->111K(192K) Class: 7K(128K)->7K(128K)
[2026-06-17T10:00:45.645+0800][44.508s][info][gc             ] GC(1053) Pause Young (Allocation Failure) 50M->37M(61M) 6.579ms
[2026-06-17T10:00:45.654+0800][44.517s][info][gc,cpu         ] GC(1053) User=0.00s Sys=0.00s Real=0.02s
[2026-06-17T10:00:45.699+0800][44.562s][info][gc,start       ] GC(1054) Pause Young (Allocation Failure)
[2026-06-17T10:00:45.702+0800][44.564s][info][gc,heap        ] GC(1054) DefNew: 19504K(19648K)->2173K(19648K) Eden: 17428K(17472K)->0K(17472K) From: 2076K(2176K)->2173K(2176K)
[2026-06-17T10:00:45.702+0800][44.565s][info][gc,heap        ] GC(1054) Tenured: 35895K(43712K)->39211K(43712K)
[2026-06-17T10:00:45.703+0800][44.566s][info][gc,metaspace   ] GC(1054) Metaspace: 119K(320K)->119K(320K) NonClass: 111K(192K)->111K(192K) Class: 7K(128K)->7K(128K)
[2026-06-17T10:00:45.703+0800][44.566s][info][gc             ] GC(1054) Pause Young (Allocation Failure) 54M->40M(61M) 4.245ms
[2026-06-17T10:00:45.705+0800][44.568s][info][gc,cpu         ] GC(1054) User=0.00s Sys=0.00s Real=0.01s
[2026-06-17T10:00:45.751+0800][44.614s][info][gc,start       ] GC(1055) Pause Young (Allocation Failure)
[2026-06-17T10:00:45.752+0800][44.615s][info][gc             ] GC(1055) Pause Young (Allocation Failure) 57M->57M(61M) 1.003ms
[2026-06-17T10:00:45.753+0800][44.616s][info][gc,cpu         ] GC(1055) User=0.00s Sys=0.00s Real=0.00s
[2026-06-17T10:00:45.754+0800][44.617s][info][gc,start       ] GC(1056) Pause Full (Allocation Failure)
[2026-06-17T10:00:45.755+0800][44.617s][info][gc,phases,start] GC(1056) Phase 1: Mark live objects
[2026-06-17T10:00:45.757+0800][44.620s][info][gc,phases      ] GC(1056) Phase 1: Mark live objects 2.152ms
[2026-06-17T10:00:45.757+0800][44.620s][info][gc,phases,start] GC(1056) Phase 2: Compute new object addresses
[2026-06-17T10:00:45.759+0800][44.621s][info][gc,phases      ] GC(1056) Phase 2: Compute new object addresses 1.262ms
[2026-06-17T10:00:45.759+0800][44.622s][info][gc,phases,start] GC(1056) Phase 3: Adjust pointers
[2026-06-17T10:00:45.761+0800][44.624s][info][gc,phases      ] GC(1056) Phase 3: Adjust pointers 1.655ms
[2026-06-17T10:00:45.761+0800][44.624s][info][gc,phases,start] GC(1056) Phase 4: Move objects
[2026-06-17T10:00:45.765+0800][44.628s][info][gc,phases      ] GC(1056) Phase 4: Move objects 3.796ms
[2026-06-17T10:00:45.766+0800][44.629s][info][gc,heap        ] GC(1056) DefNew: 19627K(19648K)->0K(19648K) Eden: 17453K(17472K)->0K(17472K) From: 2173K(2176K)->0K(2176K)
[2026-06-17T10:00:45.767+0800][44.630s][info][gc,heap        ] GC(1056) Tenured: 39211K(43712K)->31773K(43712K)
[2026-06-17T10:00:45.768+0800][44.631s][info][gc,metaspace   ] GC(1056) Metaspace: 119K(320K)->119K(320K) NonClass: 111K(192K)->111K(192K) Class: 7K(128K)->7K(128K)
[2026-06-17T10:00:45.768+0800][44.631s][info][gc             ] GC(1056) Pause Full (Allocation Failure) 57M->31M(61M) 14.417ms
[2026-06-17T10:00:45.769+0800][44.632s][info][gc,cpu         ] GC(1056) User=0.00s Sys=0.00s Real=0.01s
[2026-06-17T10:00:45.812+0800][44.675s][info][gc,start       ] GC(1057) Pause Young (Allocation Failure)
[2026-06-17T10:00:45.820+0800][44.682s][info][gc,heap        ] GC(1057) DefNew: 17423K(19648K)->2172K(19648K) Eden: 17423K(17472K)->0K(17472K) From: 0K(2176K)->2172K(2176K)
[2026-06-17T10:00:45.820+0800][44.683s][info][gc,heap        ] GC(1057) Tenured: 31773K(43712K)->36471K(43712K)
[2026-06-17T10:00:45.821+0800][44.683s][info][gc,metaspace   ] GC(1057) Metaspace: 119K(320K)->119K(320K) NonClass: 111K(192K)->111K(192K) Class: 7K(128K)->7K(128K)
[2026-06-17T10:00:45.821+0800][44.684s][info][gc             ] GC(1057) Pause Young (Allocation Failure) 48M->37M(61M) 8.857ms
[2026-06-17T10:00:45.822+0800][44.685s][info][gc,cpu         ] GC(1057) User=0.00s Sys=0.00s Real=0.00s
[2026-06-17T10:00:45.866+0800][44.729s][info][gc,start       ] GC(1058) Pause Young (Allocation Failure)
[2026-06-17T10:00:45.965+0800][44.828s][info][gc,heap        ] GC(1058) DefNew: 19595K(19648K)->2175K(19648K) Eden: 17422K(17472K)->0K(17472K) From: 2172K(2176K)->2175K(2176K)
[2026-06-17T10:00:45.966+0800][44.829s][info][gc,heap        ] GC(1058) Tenured: 36471K(43712K)->40589K(43712K)
[2026-06-17T10:00:45.967+0800][44.829s][info][gc,metaspace   ] GC(1058) Metaspace: 119K(320K)->119K(320K) NonClass: 111K(192K)->111K(192K) Class: 7K(128K)->7K(128K)
[2026-06-17T10:00:45.967+0800][44.830s][info][gc             ] GC(1058) Pause Young (Allocation Failure) 54M->41M(61M) 100.995ms
[2026-06-17T10:00:45.968+0800][44.830s][info][gc,cpu         ] GC(1058) User=0.00s Sys=0.00s Real=0.10s
[2026-06-17T10:00:46.011+0800][44.873s][info][gc,start       ] GC(1059) Pause Young (Allocation Failure)
[2026-06-17T10:00:46.012+0800][44.875s][info][gc             ] GC(1059) Pause Young (Allocation Failure) 58M->58M(61M) 1.130ms
[2026-06-17T10:00:46.012+0800][44.875s][info][gc,cpu         ] GC(1059) User=0.00s Sys=0.00s Real=0.00s
[2026-06-17T10:00:46.016+0800][44.878s][info][gc,start       ] GC(1060) Pause Full (Allocation Failure)
[2026-06-17T10:00:46.016+0800][44.879s][info][gc,phases,start] GC(1060) Phase 1: Mark live objects
[2026-06-17T10:00:46.018+0800][44.880s][info][gc,phases      ] GC(1060) Phase 1: Mark live objects 1.164ms
[2026-06-17T10:00:46.019+0800][44.882s][info][gc,phases,start] GC(1060) Phase 2: Compute new object addresses
[2026-06-17T10:00:46.020+0800][44.882s][info][gc,phases      ] GC(1060) Phase 2: Compute new object addresses 0.571ms
[2026-06-17T10:00:46.022+0800][44.885s][info][gc,phases,start] GC(1060) Phase 3: Adjust pointers
[2026-06-17T10:00:46.024+0800][44.887s][info][gc,phases      ] GC(1060) Phase 3: Adjust pointers 2.339ms
[2026-06-17T10:00:46.025+0800][44.888s][info][gc,phases,start] GC(1060) Phase 4: Move objects
[2026-06-17T10:00:46.028+0800][44.891s][info][gc,phases      ] GC(1060) Phase 4: Move objects 2.455ms
[2026-06-17T10:00:46.029+0800][44.892s][info][gc,heap        ] GC(1060) DefNew: 19577K(19648K)->0K(19648K) Eden: 17402K(17472K)->0K(17472K) From: 2175K(2176K)->0K(2176K)
[2026-06-17T10:00:46.029+0800][44.892s][info][gc,heap        ] GC(1060) Tenured: 40589K(43712K)->22584K(43712K)
[2026-06-17T10:00:46.032+0800][44.894s][info][gc,metaspace   ] GC(1060) Metaspace: 119K(320K)->119K(320K) NonClass: 111K(192K)->111K(192K) Class: 7K(128K)->7K(128K)
[2026-06-17T10:00:46.035+0800][44.898s][info][gc             ] GC(1060) Pause Full (Allocation Failure) 58M->22M(61M) 19.603ms
[2026-06-17T10:00:46.036+0800][44.899s][info][gc,cpu         ] GC(1060) User=0.00s Sys=0.00s Real=0.02s
[2026-06-17T10:00:46.078+0800][44.941s][info][gc,start       ] GC(1061) Pause Young (Allocation Failure)
[2026-06-17T10:00:46.080+0800][44.943s][info][gc,heap        ] GC(1061) DefNew: 17460K(19648K)->2172K(19648K) Eden: 17460K(17472K)->0K(17472K) From: 0K(2176K)->2172K(2176K)
[2026-06-17T10:00:46.080+0800][44.943s][info][gc,heap        ] GC(1061) Tenured: 22584K(43712K)->27788K(43712K)
[2026-06-17T10:00:46.080+0800][44.943s][info][gc,metaspace   ] GC(1061) Metaspace: 119K(320K)->119K(320K) NonClass: 111K(192K)->111K(192K) Class: 7K(128K)->7K(128K)
[2026-06-17T10:00:46.081+0800][44.943s][info][gc             ] GC(1061) Pause Young (Allocation Failure) 39M->29M(61M) 2.418ms
[2026-06-17T10:00:46.081+0800][44.944s][info][gc,cpu         ] GC(1061) User=0.00s Sys=0.00s Real=0.00s
[2026-06-17T10:00:46.133+0800][44.996s][info][gc,start       ] GC(1062) Pause Young (Allocation Failure)
[2026-06-17T10:00:46.145+0800][45.008s][info][gc,heap        ] GC(1062) DefNew: 19644K(19648K)->1868K(19648K) Eden: 17472K(17472K)->0K(17472K) From: 2172K(2176K)->1868K(2176K)
[2026-06-17T10:00:46.150+0800][45.013s][info][gc,heap        ] GC(1062) Tenured: 27788K(43712K)->31087K(43712K)
[2026-06-17T10:00:46.157+0800][45.020s][info][gc,metaspace   ] GC(1062) Metaspace: 119K(320K)->119K(320K) NonClass: 111K(192K)->111K(192K) Class: 7K(128K)->7K(128K)
[2026-06-17T10:00:46.159+0800][45.022s][info][gc             ] GC(1062) Pause Young (Allocation Failure) 46M->32M(61M) 25.533ms
[2026-06-17T10:00:46.160+0800][45.023s][info][gc,cpu         ] GC(1062) User=0.01s Sys=0.00s Real=0.02s
[2026-06-17T10:00:46.216+0800][45.079s][info][gc,start       ] GC(1063) Pause Young (Allocation Failure)
[2026-06-17T10:00:46.217+0800][45.080s][info][gc,heap        ] GC(1063) DefNew: 19332K(19648K)->2129K(19648K) Eden: 17463K(17472K)->0K(17472K) From: 1868K(2176K)->2129K(2176K)
[2026-06-17T10:00:46.218+0800][45.080s][info][gc,heap        ] GC(1063) Tenured: 31087K(43712K)->33941K(43712K)
[2026-06-17T10:00:46.218+0800][45.081s][info][gc,metaspace   ] GC(1063) Metaspace: 119K(320K)->119K(320K) NonClass: 111K(192K)->111K(192K) Class: 7K(128K)->7K(128K)
[2026-06-17T10:00:46.218+0800][45.081s][info][gc             ] GC(1063) Pause Young (Allocation Failure) 49M->35M(61M) 1.733ms
[2026-06-17T10:00:46.218+0800][45.081s][info][gc,cpu         ] GC(1063) User=0.00s Sys=0.00s Real=0.00s
[2026-06-17T10:00:46.262+0800][45.124s][info][gc,start       ] GC(1064) Pause Young (Allocation Failure)
[2026-06-17T10:00:46.264+0800][45.127s][info][gc,heap        ] GC(1064) DefNew: 19601K(19648K)->2161K(19648K) Eden: 17472K(17472K)->0K(17472K) From: 2129K(2176K)->2161K(2176K)
[2026-06-17T10:00:46.265+0800][45.128s][info][gc,heap        ] GC(1064) Tenured: 33941K(43712K)->37475K(43712K)
[2026-06-17T10:00:46.265+0800][45.128s][info][gc,metaspace   ] GC(1064) Metaspace: 119K(320K)->119K(320K) NonClass: 111K(192K)->111K(192K) Class: 7K(128K)->7K(128K)
[2026-06-17T10:00:46.267+0800][45.130s][info][gc             ] GC(1064) Pause Young (Allocation Failure) 52M->38M(61M) 5.487ms
[2026-06-17T10:00:46.268+0800][45.130s][info][gc,cpu         ] GC(1064) User=0.00s Sys=0.00s Real=0.01s
[2026-06-17T10:00:46.311+0800][45.174s][info][gc,start       ] GC(1065) Pause Young (Allocation Failure)
[2026-06-17T10:00:46.315+0800][45.178s][info][gc             ] GC(1065) Pause Young (Allocation Failure) 55M->55M(61M) 4.155ms
[2026-06-17T10:00:46.316+0800][45.178s][info][gc,cpu         ] GC(1065) User=0.00s Sys=0.00s Real=0.00s
[2026-06-17T10:00:46.318+0800][45.181s][info][gc,start       ] GC(1066) Pause Full (Allocation Failure)
[2026-06-17T10:00:46.319+0800][45.181s][info][gc,phases,start] GC(1066) Phase 1: Mark live objects
[2026-06-17T10:00:46.323+0800][45.185s][info][gc,phases      ] GC(1066) Phase 1: Mark live objects 4.039ms
[2026-06-17T10:00:46.326+0800][45.188s][info][gc,phases,start] GC(1066) Phase 2: Compute new object addresses
[2026-06-17T10:00:46.330+0800][45.193s][info][gc,phases      ] GC(1066) Phase 2: Compute new object addresses 4.216ms
[2026-06-17T10:00:46.330+0800][45.193s][info][gc,phases,start] GC(1066) Phase 3: Adjust pointers
[2026-06-17T10:00:46.334+0800][45.196s][info][gc,phases      ] GC(1066) Phase 3: Adjust pointers 3.325ms
[2026-06-17T10:00:46.335+0800][45.198s][info][gc,phases,start] GC(1066) Phase 4: Move objects
[2026-06-17T10:00:46.337+0800][45.200s][info][gc,phases      ] GC(1066) Phase 4: Move objects 2.607ms
[2026-06-17T10:00:46.339+0800][45.201s][info][gc,heap        ] GC(1066) DefNew: 19612K(19648K)->0K(19648K) Eden: 17451K(17472K)->0K(17472K) From: 2161K(2176K)->0K(2176K)
[2026-06-17T10:00:46.340+0800][45.202s][info][gc,heap        ] GC(1066) Tenured: 37475K(43712K)->29994K(43712K)
[2026-06-17T10:00:46.340+0800][45.203s][info][gc,metaspace   ] GC(1066) Metaspace: 119K(320K)->119K(320K) NonClass: 111K(192K)->111K(192K) Class: 7K(128K)->7K(128K)
[2026-06-17T10:00:46.343+0800][45.205s][info][gc             ] GC(1066) Pause Full (Allocation Failure) 55M->29M(61M) 24.615ms
[2026-06-17T10:00:46.345+0800][45.208s][info][gc,cpu         ] GC(1066) User=0.01s Sys=0.00s Real=0.03s
[2026-06-17T10:00:46.388+0800][45.251s][info][gc,start       ] GC(1067) Pause Young (Allocation Failure)
[2026-06-17T10:00:46.389+0800][45.252s][info][gc,heap        ] GC(1067) DefNew: 17424K(19648K)->2175K(19648K) Eden: 17424K(17472K)->0K(17472K) From: 0K(2176K)->2175K(2176K)
[2026-06-17T10:00:46.390+0800][45.252s][info][gc,heap        ] GC(1067) Tenured: 29994K(43712K)->34976K(43712K)
[2026-06-17T10:00:46.390+0800][45.253s][info][gc,metaspace   ] GC(1067) Metaspace: 119K(320K)->119K(320K) NonClass: 111K(192K)->111K(192K) Class: 7K(128K)->7K(128K)
[2026-06-17T10:00:46.390+0800][45.253s][info][gc             ] GC(1067) Pause Young (Allocation Failure) 46M->36M(61M) 1.591ms
[2026-06-17T10:00:46.390+0800][45.253s][info][gc,cpu         ] GC(1067) User=0.00s Sys=0.00s Real=0.00s
[2026-06-17T10:00:46.444+0800][45.307s][info][gc,start       ] GC(1068) Pause Young (Allocation Failure)
[2026-06-17T10:00:46.446+0800][45.308s][info][gc,heap        ] GC(1068) DefNew: 19605K(19648K)->2009K(19648K) Eden: 17430K(17472K)->0K(17472K) From: 2175K(2176K)->2009K(2176K)
[2026-06-17T10:00:46.446+0800][45.309s][info][gc,heap        ] GC(1068) Tenured: 34976K(43712K)->36277K(43712K)
[2026-06-17T10:00:46.447+0800][45.310s][info][gc,metaspace   ] GC(1068) Metaspace: 119K(320K)->119K(320K) NonClass: 111K(192K)->111K(192K) Class: 7K(128K)->7K(128K)
[2026-06-17T10:00:46.448+0800][45.310s][info][gc             ] GC(1068) Pause Young (Allocation Failure) 53M->37M(61M) 3.249ms
[2026-06-17T10:00:46.448+0800][45.311s][info][gc,cpu         ] GC(1068) User=0.00s Sys=0.00s Real=0.00s
[2026-06-17T10:00:46.481+0800][45.344s][info][gc,start       ] GC(1069) Pause Young (Allocation Failure)
[2026-06-17T10:00:46.483+0800][45.346s][info][gc,heap        ] GC(1069) DefNew: 19359K(19648K)->2165K(19648K) Eden: 17349K(17472K)->0K(17472K) From: 2009K(2176K)->2165K(2176K)
[2026-06-17T10:00:46.483+0800][45.346s][info][gc,heap        ] GC(1069) Tenured: 36277K(43712K)->39220K(43712K)
[2026-06-17T10:00:46.484+0800][45.347s][info][gc,metaspace   ] GC(1069) Metaspace: 119K(320K)->119K(320K) NonClass: 111K(192K)->111K(192K) Class: 7K(128K)->7K(128K)
[2026-06-17T10:00:46.484+0800][45.347s][info][gc             ] GC(1069) Pause Young (Allocation Failure) 54M->40M(61M) 2.820ms
[2026-06-17T10:00:46.485+0800][45.347s][info][gc,cpu         ] GC(1069) User=0.00s Sys=0.00s Real=0.01s
[2026-06-17T10:00:46.539+0800][45.401s][info][gc,start       ] GC(1070) Pause Young (Allocation Failure)
[2026-06-17T10:00:46.540+0800][45.403s][info][gc             ] GC(1070) Pause Young (Allocation Failure) 57M->57M(61M) 1.299ms
[2026-06-17T10:00:46.541+0800][45.404s][info][gc,cpu         ] GC(1070) User=0.00s Sys=0.00s Real=0.00s
[2026-06-17T10:00:46.543+0800][45.406s][info][gc,start       ] GC(1071) Pause Full (Allocation Failure)
[2026-06-17T10:00:46.544+0800][45.406s][info][gc,phases,start] GC(1071) Phase 1: Mark live objects
[2026-06-17T10:00:46.546+0800][45.408s][info][gc,phases      ] GC(1071) Phase 1: Mark live objects 1.991ms
[2026-06-17T10:00:46.547+0800][45.409s][info][gc,phases,start] GC(1071) Phase 2: Compute new object addresses
[2026-06-17T10:00:46.548+0800][45.411s][info][gc,phases      ] GC(1071) Phase 2: Compute new object addresses 1.345ms
[2026-06-17T10:00:46.549+0800][45.412s][info][gc,phases,start] GC(1071) Phase 3: Adjust pointers
[2026-06-17T10:00:46.550+0800][45.413s][info][gc,phases      ] GC(1071) Phase 3: Adjust pointers 0.995ms
[2026-06-17T10:00:46.564+0800][45.427s][info][gc,phases,start] GC(1071) Phase 4: Move objects
[2026-06-17T10:00:46.567+0800][45.429s][info][gc,phases      ] GC(1071) Phase 4: Move objects 2.705ms
[2026-06-17T10:00:46.571+0800][45.433s][info][gc,heap        ] GC(1071) DefNew: 19627K(19648K)->0K(19648K) Eden: 17462K(17472K)->0K(17472K) From: 2165K(2176K)->0K(2176K)
[2026-06-17T10:00:46.571+0800][45.434s][info][gc,heap        ] GC(1071) Tenured: 39220K(43712K)->31042K(43712K)
[2026-06-17T10:00:46.572+0800][45.434s][info][gc,metaspace   ] GC(1071) Metaspace: 119K(320K)->119K(320K) NonClass: 111K(192K)->111K(192K) Class: 7K(128K)->7K(128K)
[2026-06-17T10:00:46.573+0800][45.436s][info][gc             ] GC(1071) Pause Full (Allocation Failure) 57M->30M(61M) 30.354ms
[2026-06-17T10:00:46.575+0800][45.438s][info][gc,cpu         ] GC(1071) User=0.00s Sys=0.00s Real=0.03s
[2026-06-17T10:00:46.621+0800][45.484s][info][gc,start       ] GC(1072) Pause Young (Allocation Failure)
[2026-06-17T10:00:46.628+0800][45.491s][info][gc,heap        ] GC(1072) DefNew: 17456K(19648K)->2175K(19648K) Eden: 17456K(17472K)->0K(17472K) From: 0K(2176K)->2175K(2176K)
[2026-06-17T10:00:46.638+0800][45.501s][info][gc,heap        ] GC(1072) Tenured: 31042K(43712K)->36065K(43712K)
[2026-06-17T10:00:46.639+0800][45.501s][info][gc,metaspace   ] GC(1072) Metaspace: 119K(320K)->119K(320K) NonClass: 111K(192K)->111K(192K) Class: 7K(128K)->7K(128K)
[2026-06-17T10:00:46.639+0800][45.502s][info][gc             ] GC(1072) Pause Young (Allocation Failure) 47M->37M(61M) 17.712ms
[2026-06-17T10:00:46.639+0800][45.502s][info][gc,cpu         ] GC(1072) User=0.00s Sys=0.00s Real=0.02s
[2026-06-17T10:00:46.682+0800][45.545s][info][gc,start       ] GC(1073) Pause Young (Allocation Failure)
[2026-06-17T10:00:46.685+0800][45.547s][info][gc,heap        ] GC(1073) DefNew: 19647K(19648K)->2173K(19648K) Eden: 17472K(17472K)->0K(17472K) From: 2175K(2176K)->2173K(2176K)
[2026-06-17T10:00:46.687+0800][45.549s][info][gc,heap        ] GC(1073) Tenured: 36065K(43712K)->42216K(43712K)
[2026-06-17T10:00:46.687+0800][45.550s][info][gc,metaspace   ] GC(1073) Metaspace: 119K(320K)->119K(320K) NonClass: 111K(192K)->111K(192K) Class: 7K(128K)->7K(128K)
[2026-06-17T10:00:46.688+0800][45.550s][info][gc             ] GC(1073) Pause Young (Allocation Failure) 54M->43M(61M) 5.557ms
[2026-06-17T10:00:46.688+0800][45.551s][info][gc,cpu         ] GC(1073) User=0.00s Sys=0.00s Real=0.01s
[2026-06-17T10:00:46.730+0800][45.593s][info][gc,start       ] GC(1074) Pause Young (Allocation Failure)
[2026-06-17T10:00:46.737+0800][45.600s][info][gc             ] GC(1074) Pause Young (Allocation Failure) 59M->59M(61M) 6.934ms
[2026-06-17T10:00:46.737+0800][45.600s][info][gc,cpu         ] GC(1074) User=0.00s Sys=0.00s Real=0.01s
[2026-06-17T10:00:46.738+0800][45.600s][info][gc,start       ] GC(1075) Pause Full (Allocation Failure)
[2026-06-17T10:00:46.738+0800][45.601s][info][gc,phases,start] GC(1075) Phase 1: Mark live objects
[2026-06-17T10:00:46.739+0800][45.602s][info][gc,phases      ] GC(1075) Phase 1: Mark live objects 1.305ms
[2026-06-17T10:00:46.739+0800][45.602s][info][gc,phases,start] GC(1075) Phase 2: Compute new object addresses
[2026-06-17T10:00:46.740+0800][45.603s][info][gc,phases      ] GC(1075) Phase 2: Compute new object addresses 0.454ms
[2026-06-17T10:00:46.740+0800][45.603s][info][gc,phases,start] GC(1075) Phase 3: Adjust pointers
[2026-06-17T10:00:46.741+0800][45.603s][info][gc,phases      ] GC(1075) Phase 3: Adjust pointers 0.593ms
[2026-06-17T10:00:46.741+0800][45.604s][info][gc,phases,start] GC(1075) Phase 4: Move objects
[2026-06-17T10:00:46.743+0800][45.606s][info][gc,phases      ] GC(1075) Phase 4: Move objects 2.006ms
[2026-06-17T10:00:46.743+0800][45.606s][info][gc,heap        ] GC(1075) DefNew: 19188K(19648K)->0K(19648K) Eden: 17015K(17472K)->0K(17472K) From: 2173K(2176K)->0K(2176K)
[2026-06-17T10:00:46.743+0800][45.606s][info][gc,heap        ] GC(1075) Tenured: 42216K(43712K)->28478K(43712K)
[2026-06-17T10:00:46.744+0800][45.606s][info][gc,metaspace   ] GC(1075) Metaspace: 119K(320K)->119K(320K) NonClass: 111K(192K)->111K(192K) Class: 7K(128K)->7K(128K)
[2026-06-17T10:00:46.744+0800][45.606s][info][gc             ] GC(1075) Pause Full (Allocation Failure) 59M->27M(61M) 6.002ms
[2026-06-17T10:00:46.744+0800][45.607s][info][gc,cpu         ] GC(1075) User=0.00s Sys=0.00s Real=0.01s
[2026-06-17T10:00:46.786+0800][45.649s][info][gc,start       ] GC(1076) Pause Young (Allocation Failure)
[2026-06-17T10:00:46.788+0800][45.651s][info][gc,heap        ] GC(1076) DefNew: 17372K(19648K)->2104K(19648K) Eden: 17372K(17472K)->0K(17472K) From: 0K(2176K)->2104K(2176K)
[2026-06-17T10:00:46.789+0800][45.652s][info][gc,heap        ] GC(1076) Tenured: 28478K(43712K)->29799K(43712K)
[2026-06-17T10:00:46.790+0800][45.653s][info][gc,metaspace   ] GC(1076) Metaspace: 119K(320K)->119K(320K) NonClass: 111K(192K)->111K(192K) Class: 7K(128K)->7K(128K)
[2026-06-17T10:00:46.791+0800][45.654s][info][gc             ] GC(1076) Pause Young (Allocation Failure) 44M->31M(61M) 4.254ms
[2026-06-17T10:00:46.792+0800][45.654s][info][gc,cpu         ] GC(1076) User=0.01s Sys=0.00s Real=0.01s
[2026-06-17T10:00:46.847+0800][45.710s][info][gc,start       ] GC(1077) Pause Young (Allocation Failure)
[2026-06-17T10:00:46.849+0800][45.712s][info][gc,heap        ] GC(1077) DefNew: 19567K(19648K)->2088K(19648K) Eden: 17463K(17472K)->0K(17472K) From: 2104K(2176K)->2088K(2176K)
[2026-06-17T10:00:46.850+0800][45.713s][info][gc,heap        ] GC(1077) Tenured: 29799K(43712K)->33458K(43712K)
[2026-06-17T10:00:46.851+0800][45.713s][info][gc,metaspace   ] GC(1077) Metaspace: 119K(320K)->119K(320K) NonClass: 111K(192K)->111K(192K) Class: 7K(128K)->7K(128K)
[2026-06-17T10:00:46.851+0800][45.714s][info][gc             ] GC(1077) Pause Young (Allocation Failure) 48M->34M(61M) 4.218ms
[2026-06-17T10:00:46.852+0800][45.715s][info][gc,cpu         ] GC(1077) User=0.00s Sys=0.00s Real=0.01s
[2026-06-17T10:00:46.895+0800][45.758s][info][gc,start       ] GC(1078) Pause Young (Allocation Failure)
[2026-06-17T10:00:46.897+0800][45.760s][info][gc,heap        ] GC(1078) DefNew: 19555K(19648K)->2174K(19648K) Eden: 17467K(17472K)->0K(17472K) From: 2088K(2176K)->2174K(2176K)
[2026-06-17T10:00:46.898+0800][45.761s][info][gc,heap        ] GC(1078) Tenured: 33458K(43712K)->37016K(43712K)
[2026-06-17T10:00:46.898+0800][45.761s][info][gc,metaspace   ] GC(1078) Metaspace: 119K(320K)->119K(320K) NonClass: 111K(192K)->111K(192K) Class: 7K(128K)->7K(128K)
[2026-06-17T10:00:46.899+0800][45.761s][info][gc             ] GC(1078) Pause Young (Allocation Failure) 51M->38M(61M) 3.495ms
[2026-06-17T10:00:46.899+0800][45.762s][info][gc,cpu         ] GC(1078) User=0.00s Sys=0.00s Real=0.00s
[2026-06-17T10:00:46.944+0800][45.806s][info][gc,start       ] GC(1079) Pause Young (Allocation Failure)
[2026-06-17T10:00:46.945+0800][45.807s][info][gc             ] GC(1079) Pause Young (Allocation Failure) 55M->55M(61M) 0.926ms
[2026-06-17T10:00:46.946+0800][45.808s][info][gc,cpu         ] GC(1079) User=0.00s Sys=0.00s Real=0.00s
[2026-06-17T10:00:46.946+0800][45.809s][info][gc,start       ] GC(1080) Pause Full (Allocation Failure)
[2026-06-17T10:00:46.947+0800][45.810s][info][gc,phases,start] GC(1080) Phase 1: Mark live objects
[2026-06-17T10:00:46.949+0800][45.812s][info][gc,phases      ] GC(1080) Phase 1: Mark live objects 2.075ms
[2026-06-17T10:00:46.950+0800][45.812s][info][gc,phases,start] GC(1080) Phase 2: Compute new object addresses
[2026-06-17T10:00:46.951+0800][45.813s][info][gc,phases      ] GC(1080) Phase 2: Compute new object addresses 1.018ms
[2026-06-17T10:00:46.951+0800][45.814s][info][gc,phases,start] GC(1080) Phase 3: Adjust pointers
[2026-06-17T10:00:46.953+0800][45.815s][info][gc,phases      ] GC(1080) Phase 3: Adjust pointers 1.537ms
[2026-06-17T10:00:46.956+0800][45.818s][info][gc,phases,start] GC(1080) Phase 4: Move objects
[2026-06-17T10:00:46.959+0800][45.822s][info][gc,phases      ] GC(1080) Phase 4: Move objects 3.406ms
[2026-06-17T10:00:46.959+0800][45.822s][info][gc,heap        ] GC(1080) DefNew: 19646K(19648K)->0K(19648K) Eden: 17472K(17472K)->0K(17472K) From: 2174K(2176K)->0K(2176K)
[2026-06-17T10:00:46.960+0800][45.823s][info][gc,heap        ] GC(1080) Tenured: 37016K(43712K)->33748K(43712K)
[2026-06-17T10:00:46.960+0800][45.823s][info][gc,metaspace   ] GC(1080) Metaspace: 119K(320K)->119K(320K) NonClass: 111K(192K)->111K(192K) Class: 7K(128K)->7K(128K)
[2026-06-17T10:00:46.960+0800][45.823s][info][gc             ] GC(1080) Pause Full (Allocation Failure) 55M->32M(61M) 13.855ms
[2026-06-17T10:00:46.960+0800][45.823s][info][gc,cpu         ] GC(1080) User=0.01s Sys=0.00s Real=0.01s
[2026-06-17T10:00:47.013+0800][45.876s][info][gc,start       ] GC(1081) Pause Young (Allocation Failure)
[2026-06-17T10:00:47.014+0800][45.876s][info][gc,heap        ] GC(1081) DefNew: 17452K(19648K)->2082K(19648K) Eden: 17452K(17472K)->0K(17472K) From: 0K(2176K)->2082K(2176K)
[2026-06-17T10:00:47.015+0800][45.878s][info][gc,heap        ] GC(1081) Tenured: 33748K(43712K)->35161K(43712K)
[2026-06-17T10:00:47.018+0800][45.881s][info][gc,metaspace   ] GC(1081) Metaspace: 119K(320K)->119K(320K) NonClass: 111K(192K)->111K(192K) Class: 7K(128K)->7K(128K)
[2026-06-17T10:00:47.022+0800][45.885s][info][gc             ] GC(1081) Pause Young (Allocation Failure) 50M->36M(61M) 9.256ms
[2026-06-17T10:00:47.022+0800][45.885s][info][gc,cpu         ] GC(1081) User=0.00s Sys=0.00s Real=0.01s
[2026-06-17T10:00:47.055+0800][45.917s][info][gc,start       ] GC(1082) Pause Young (Allocation Failure)
[2026-06-17T10:00:47.056+0800][45.919s][info][gc,heap        ] GC(1082) DefNew: 19375K(19648K)->2096K(19648K) Eden: 17292K(17472K)->0K(17472K) From: 2082K(2176K)->2096K(2176K)
[2026-06-17T10:00:47.056+0800][45.919s][info][gc,heap        ] GC(1082) Tenured: 35161K(43712K)->38599K(43712K)
[2026-06-17T10:00:47.056+0800][45.919s][info][gc,metaspace   ] GC(1082) Metaspace: 119K(320K)->119K(320K) NonClass: 111K(192K)->111K(192K) Class: 7K(128K)->7K(128K)
[2026-06-17T10:00:47.057+0800][45.919s][info][gc             ] GC(1082) Pause Young (Allocation Failure) 53M->39M(61M) 1.787ms
[2026-06-17T10:00:47.057+0800][45.920s][info][gc,cpu         ] GC(1082) User=0.00s Sys=0.00s Real=0.00s
[2026-06-17T10:00:47.109+0800][45.972s][info][gc,start       ] GC(1083) Pause Young (Allocation Failure)
[2026-06-17T10:00:47.109+0800][45.972s][info][gc             ] GC(1083) Pause Young (Allocation Failure) 56M->56M(61M) 0.374ms
[2026-06-17T10:00:47.110+0800][45.972s][info][gc,cpu         ] GC(1083) User=0.00s Sys=0.00s Real=0.00s
[2026-06-17T10:00:47.110+0800][45.973s][info][gc,start       ] GC(1084) Pause Full (Allocation Failure)
[2026-06-17T10:00:47.110+0800][45.973s][info][gc,phases,start] GC(1084) Phase 1: Mark live objects
[2026-06-17T10:00:47.111+0800][45.974s][info][gc,phases      ] GC(1084) Phase 1: Mark live objects 0.958ms
[2026-06-17T10:00:47.111+0800][45.974s][info][gc,phases,start] GC(1084) Phase 2: Compute new object addresses
[2026-06-17T10:00:47.112+0800][45.974s][info][gc,phases      ] GC(1084) Phase 2: Compute new object addresses 0.478ms
[2026-06-17T10:00:47.112+0800][45.975s][info][gc,phases,start] GC(1084) Phase 3: Adjust pointers
[2026-06-17T10:00:47.112+0800][45.975s][info][gc,phases      ] GC(1084) Phase 3: Adjust pointers 0.516ms
[2026-06-17T10:00:47.113+0800][45.975s][info][gc,phases,start] GC(1084) Phase 4: Move objects
[2026-06-17T10:00:47.115+0800][45.978s][info][gc,phases      ] GC(1084) Phase 4: Move objects 2.184ms
[2026-06-17T10:00:47.115+0800][45.978s][info][gc,heap        ] GC(1084) DefNew: 19552K(19648K)->0K(19648K) Eden: 17456K(17472K)->0K(17472K) From: 2096K(2176K)->0K(2176K)
[2026-06-17T10:00:47.116+0800][45.978s][info][gc,heap        ] GC(1084) Tenured: 38599K(43712K)->31976K(43712K)
[2026-06-17T10:00:47.116+0800][45.979s][info][gc,metaspace   ] GC(1084) Metaspace: 119K(320K)->119K(320K) NonClass: 111K(192K)->111K(192K) Class: 7K(128K)->7K(128K)
[2026-06-17T10:00:47.116+0800][45.979s][info][gc             ] GC(1084) Pause Full (Allocation Failure) 56M->31M(61M) 6.389ms
[2026-06-17T10:00:47.116+0800][45.979s][info][gc,cpu         ] GC(1084) User=0.01s Sys=0.00s Real=0.01s
[2026-06-17T10:00:47.158+0800][46.021s][info][gc,start       ] GC(1085) Pause Young (Allocation Failure)
[2026-06-17T10:00:47.160+0800][46.022s][info][gc,heap        ] GC(1085) DefNew: 17468K(19648K)->2173K(19648K) Eden: 17468K(17472K)->0K(17472K) From: 0K(2176K)->2173K(2176K)
[2026-06-17T10:00:47.160+0800][46.023s][info][gc,heap        ] GC(1085) Tenured: 31976K(43712K)->37017K(43712K)
[2026-06-17T10:00:47.161+0800][46.024s][info][gc,metaspace   ] GC(1085) Metaspace: 119K(320K)->119K(320K) NonClass: 111K(192K)->111K(192K) Class: 7K(128K)->7K(128K)
[2026-06-17T10:00:47.162+0800][46.024s][info][gc             ] GC(1085) Pause Young (Allocation Failure) 48M->38M(61M) 3.225ms
[2026-06-17T10:00:47.162+0800][46.025s][info][gc,cpu         ] GC(1085) User=0.00s Sys=0.00s Real=0.00s
[2026-06-17T10:00:47.204+0800][46.067s][info][gc,start       ] GC(1086) Pause Young (Allocation Failure)
[2026-06-17T10:00:47.205+0800][46.068s][info][gc             ] GC(1086) Pause Young (Allocation Failure) 55M->55M(61M) 1.420ms
[2026-06-17T10:00:47.206+0800][46.068s][info][gc,cpu         ] GC(1086) User=0.00s Sys=0.00s Real=0.00s
[2026-06-17T10:00:47.206+0800][46.069s][info][gc,start       ] GC(1087) Pause Full (Allocation Failure)
[2026-06-17T10:00:47.206+0800][46.069s][info][gc,phases,start] GC(1087) Phase 1: Mark live objects
[2026-06-17T10:00:47.207+0800][46.070s][info][gc,phases      ] GC(1087) Phase 1: Mark live objects 0.983ms
[2026-06-17T10:00:47.208+0800][46.070s][info][gc,phases,start] GC(1087) Phase 2: Compute new object addresses
[2026-06-17T10:00:47.208+0800][46.071s][info][gc,phases      ] GC(1087) Phase 2: Compute new object addresses 0.507ms
[2026-06-17T10:00:47.208+0800][46.071s][info][gc,phases,start] GC(1087) Phase 3: Adjust pointers
[2026-06-17T10:00:47.209+0800][46.072s][info][gc,phases      ] GC(1087) Phase 3: Adjust pointers 0.589ms
[2026-06-17T10:00:47.209+0800][46.072s][info][gc,phases,start] GC(1087) Phase 4: Move objects
[2026-06-17T10:00:47.212+0800][46.074s][info][gc,phases      ] GC(1087) Phase 4: Move objects 2.216ms
[2026-06-17T10:00:47.212+0800][46.075s][info][gc,heap        ] GC(1087) DefNew: 19645K(19648K)->0K(19648K) Eden: 17472K(17472K)->0K(17472K) From: 2173K(2176K)->0K(2176K)
[2026-06-17T10:00:47.212+0800][46.075s][info][gc,heap        ] GC(1087) Tenured: 37017K(43712K)->24278K(43712K)
[2026-06-17T10:00:47.212+0800][46.075s][info][gc,metaspace   ] GC(1087) Metaspace: 119K(320K)->119K(320K) NonClass: 111K(192K)->111K(192K) Class: 7K(128K)->7K(128K)
[2026-06-17T10:00:47.213+0800][46.076s][info][gc             ] GC(1087) Pause Full (Allocation Failure) 55M->23M(61M) 6.976ms
[2026-06-17T10:00:47.213+0800][46.076s][info][gc,cpu         ] GC(1087) User=0.00s Sys=0.00s Real=0.01s
[2026-06-17T10:00:47.265+0800][46.128s][info][gc,start       ] GC(1088) Pause Young (Allocation Failure)
[2026-06-17T10:00:47.266+0800][46.129s][info][gc,heap        ] GC(1088) DefNew: 17455K(19648K)->2142K(19648K) Eden: 17455K(17472K)->0K(17472K) From: 0K(2176K)->2142K(2176K)
[2026-06-17T10:00:47.267+0800][46.130s][info][gc,heap        ] GC(1088) Tenured: 24278K(43712K)->26019K(43712K)
[2026-06-17T10:00:47.267+0800][46.130s][info][gc,metaspace   ] GC(1088) Metaspace: 119K(320K)->119K(320K) NonClass: 111K(192K)->111K(192K) Class: 7K(128K)->7K(128K)
[2026-06-17T10:00:47.267+0800][46.130s][info][gc             ] GC(1088) Pause Young (Allocation Failure) 40M->27M(61M) 1.739ms
[2026-06-17T10:00:47.267+0800][46.130s][info][gc,cpu         ] GC(1088) User=0.01s Sys=0.00s Real=0.00s
[2026-06-17T10:00:47.309+0800][46.172s][info][gc,start       ] GC(1089) Pause Young (Allocation Failure)
[2026-06-17T10:00:47.310+0800][46.173s][info][gc,heap        ] GC(1089) DefNew: 19614K(19648K)->1987K(19648K) Eden: 17472K(17472K)->0K(17472K) From: 2142K(2176K)->1987K(2176K)
[2026-06-17T10:00:47.312+0800][46.175s][info][gc,heap        ] GC(1089) Tenured: 26019K(43712K)->29216K(43712K)
[2026-06-17T10:00:47.314+0800][46.177s][info][gc,metaspace   ] GC(1089) Metaspace: 119K(320K)->119K(320K) NonClass: 111K(192K)->111K(192K) Class: 7K(128K)->7K(128K)
[2026-06-17T10:00:47.324+0800][46.187s][info][gc             ] GC(1089) Pause Young (Allocation Failure) 44M->30M(61M) 14.485ms
[2026-06-17T10:00:47.324+0800][46.187s][info][gc,cpu         ] GC(1089) User=0.00s Sys=0.00s Real=0.02s
[2026-06-17T10:00:47.367+0800][46.230s][info][gc,start       ] GC(1090) Pause Young (Allocation Failure)
[2026-06-17T10:00:47.368+0800][46.231s][info][gc,heap        ] GC(1090) DefNew: 19459K(19648K)->2166K(19648K) Eden: 17471K(17472K)->0K(17472K) From: 1987K(2176K)->2166K(2176K)
[2026-06-17T10:00:47.368+0800][46.231s][info][gc,heap        ] GC(1090) Tenured: 29216K(43712K)->32595K(43712K)
[2026-06-17T10:00:47.368+0800][46.231s][info][gc,metaspace   ] GC(1090) Metaspace: 119K(320K)->119K(320K) NonClass: 111K(192K)->111K(192K) Class: 7K(128K)->7K(128K)
[2026-06-17T10:00:47.369+0800][46.231s][info][gc             ] GC(1090) Pause Young (Allocation Failure) 47M->33M(61M) 1.643ms
[2026-06-17T10:00:47.369+0800][46.231s][info][gc,cpu         ] GC(1090) User=0.00s Sys=0.00s Real=0.00s
[2026-06-17T10:00:47.411+0800][46.274s][info][gc,start       ] GC(1091) Pause Young (Allocation Failure)
[2026-06-17T10:00:47.412+0800][46.275s][info][gc,heap        ] GC(1091) DefNew: 19584K(19648K)->2175K(19648K) Eden: 17418K(17472K)->0K(17472K) From: 2166K(2176K)->2175K(2176K)
[2026-06-17T10:00:47.412+0800][46.275s][info][gc,heap        ] GC(1091) Tenured: 32595K(43712K)->36194K(43712K)
[2026-06-17T10:00:47.413+0800][46.276s][info][gc,metaspace   ] GC(1091) Metaspace: 119K(320K)->119K(320K) NonClass: 111K(192K)->111K(192K) Class: 7K(128K)->7K(128K)
[2026-06-17T10:00:47.413+0800][46.276s][info][gc             ] GC(1091) Pause Young (Allocation Failure) 50M->37M(61M) 2.269ms
[2026-06-17T10:00:47.413+0800][46.276s][info][gc,cpu         ] GC(1091) User=0.00s Sys=0.00s Real=0.00s
[2026-06-17T10:00:47.455+0800][46.318s][info][gc,start       ] GC(1092) Pause Young (Allocation Failure)
[2026-06-17T10:00:47.461+0800][46.324s][info][gc,heap        ] GC(1092) DefNew: 19647K(19648K)->2114K(19648K) Eden: 17472K(17472K)->0K(17472K) From: 2175K(2176K)->2114K(2176K)
[2026-06-17T10:00:47.462+0800][46.324s][info][gc,heap        ] GC(1092) Tenured: 36194K(43712K)->40505K(43712K)
[2026-06-17T10:00:47.462+0800][46.325s][info][gc,metaspace   ] GC(1092) Metaspace: 119K(320K)->119K(320K) NonClass: 111K(192K)->111K(192K) Class: 7K(128K)->7K(128K)
[2026-06-17T10:00:47.463+0800][46.326s][info][gc             ] GC(1092) Pause Young (Allocation Failure) 54M->41M(61M) 7.460ms
[2026-06-17T10:00:47.468+0800][46.330s][info][gc,cpu         ] GC(1092) User=0.01s Sys=0.00s Real=0.01s
[2026-06-17T10:00:47.516+0800][46.379s][info][gc,start       ] GC(1093) Pause Young (Allocation Failure)
[2026-06-17T10:00:47.516+0800][46.379s][info][gc             ] GC(1093) Pause Young (Allocation Failure) 58M->58M(61M) 0.424ms
[2026-06-17T10:00:47.517+0800][46.379s][info][gc,cpu         ] GC(1093) User=0.00s Sys=0.00s Real=0.00s
[2026-06-17T10:00:47.517+0800][46.380s][info][gc,start       ] GC(1094) Pause Full (Allocation Failure)
[2026-06-17T10:00:47.517+0800][46.380s][info][gc,phases,start] GC(1094) Phase 1: Mark live objects
[2026-06-17T10:00:47.518+0800][46.381s][info][gc,phases      ] GC(1094) Phase 1: Mark live objects 0.859ms
[2026-06-17T10:00:47.518+0800][46.381s][info][gc,phases,start] GC(1094) Phase 2: Compute new object addresses
[2026-06-17T10:00:47.519+0800][46.382s][info][gc,phases      ] GC(1094) Phase 2: Compute new object addresses 0.567ms
[2026-06-17T10:00:47.519+0800][46.382s][info][gc,phases,start] GC(1094) Phase 3: Adjust pointers
[2026-06-17T10:00:47.520+0800][46.382s][info][gc,phases      ] GC(1094) Phase 3: Adjust pointers 0.516ms
[2026-06-17T10:00:47.520+0800][46.383s][info][gc,phases,start] GC(1094) Phase 4: Move objects
[2026-06-17T10:00:47.523+0800][46.385s][info][gc,phases      ] GC(1094) Phase 4: Move objects 2.745ms
[2026-06-17T10:00:47.523+0800][46.386s][info][gc,heap        ] GC(1094) DefNew: 19557K(19648K)->0K(19648K) Eden: 17443K(17472K)->0K(17472K) From: 2114K(2176K)->0K(2176K)
[2026-06-17T10:00:47.523+0800][46.386s][info][gc,heap        ] GC(1094) Tenured: 40505K(43712K)->34224K(43712K)
[2026-06-17T10:00:47.523+0800][46.386s][info][gc,metaspace   ] GC(1094) Metaspace: 119K(320K)->119K(320K) NonClass: 111K(192K)->111K(192K) Class: 7K(128K)->7K(128K)
[2026-06-17T10:00:47.524+0800][46.386s][info][gc             ] GC(1094) Pause Full (Allocation Failure) 58M->33M(61M) 6.698ms
[2026-06-17T10:00:47.524+0800][46.387s][info][gc,cpu         ] GC(1094) User=0.00s Sys=0.00s Real=0.01s
[2026-06-17T10:00:47.566+0800][46.429s][info][gc,start       ] GC(1095) Pause Young (Allocation Failure)
[2026-06-17T10:00:47.567+0800][46.430s][info][gc,heap        ] GC(1095) DefNew: 17458K(19648K)->2106K(19648K) Eden: 17458K(17472K)->0K(17472K) From: 0K(2176K)->2106K(2176K)
[2026-06-17T10:00:47.567+0800][46.430s][info][gc,heap        ] GC(1095) Tenured: 34224K(43712K)->35948K(43712K)
[2026-06-17T10:00:47.567+0800][46.430s][info][gc,metaspace   ] GC(1095) Metaspace: 119K(320K)->119K(320K) NonClass: 111K(192K)->111K(192K) Class: 7K(128K)->7K(128K)
[2026-06-17T10:00:47.568+0800][46.431s][info][gc             ] GC(1095) Pause Young (Allocation Failure) 50M->37M(61M) 1.670ms
[2026-06-17T10:00:47.568+0800][46.431s][info][gc,cpu         ] GC(1095) User=0.00s Sys=0.00s Real=0.00s
[2026-06-17T10:00:47.610+0800][46.473s][info][gc,start       ] GC(1096) Pause Young (Allocation Failure)
[2026-06-17T10:00:47.612+0800][46.474s][info][gc,heap        ] GC(1096) DefNew: 19578K(19648K)->2173K(19648K) Eden: 17472K(17472K)->0K(17472K) From: 2106K(2176K)->2173K(2176K)
[2026-06-17T10:00:47.612+0800][46.475s][info][gc,heap        ] GC(1096) Tenured: 35948K(43712K)->42702K(43712K)
[2026-06-17T10:00:47.612+0800][46.475s][info][gc,metaspace   ] GC(1096) Metaspace: 119K(320K)->119K(320K) NonClass: 111K(192K)->111K(192K) Class: 7K(128K)->7K(128K)
[2026-06-17T10:00:47.612+0800][46.475s][info][gc             ] GC(1096) Pause Young (Allocation Failure) 54M->43M(61M) 2.322ms
[2026-06-17T10:00:47.612+0800][46.475s][info][gc,cpu         ] GC(1096) User=0.00s Sys=0.00s Real=0.01s
[2026-06-17T10:00:47.665+0800][46.528s][info][gc,start       ] GC(1097) Pause Young (Allocation Failure)
[2026-06-17T10:00:47.665+0800][46.528s][info][gc             ] GC(1097) Pause Young (Allocation Failure) 60M->60M(61M) 0.435ms
[2026-06-17T10:00:47.665+0800][46.528s][info][gc,cpu         ] GC(1097) User=0.00s Sys=0.00s Real=0.00s
[2026-06-17T10:00:47.666+0800][46.529s][info][gc,start       ] GC(1098) Pause Full (Allocation Failure)
[2026-06-17T10:00:47.666+0800][46.529s][info][gc,phases,start] GC(1098) Phase 1: Mark live objects
[2026-06-17T10:00:47.667+0800][46.530s][info][gc,phases      ] GC(1098) Phase 1: Mark live objects 1.005ms
[2026-06-17T10:00:47.668+0800][46.530s][info][gc,phases,start] GC(1098) Phase 2: Compute new object addresses
[2026-06-17T10:00:47.668+0800][46.531s][info][gc,phases      ] GC(1098) Phase 2: Compute new object addresses 0.630ms
[2026-06-17T10:00:47.668+0800][46.531s][info][gc,phases,start] GC(1098) Phase 3: Adjust pointers
[2026-06-17T10:00:47.669+0800][46.532s][info][gc,phases      ] GC(1098) Phase 3: Adjust pointers 0.586ms
[2026-06-17T10:00:47.669+0800][46.532s][info][gc,phases,start] GC(1098) Phase 4: Move objects
[2026-06-17T10:00:47.672+0800][46.534s][info][gc,phases      ] GC(1098) Phase 4: Move objects 2.369ms
[2026-06-17T10:00:47.672+0800][46.535s][info][gc,heap        ] GC(1098) DefNew: 19645K(19648K)->0K(19648K) Eden: 17472K(17472K)->0K(17472K) From: 2173K(2176K)->0K(2176K)
[2026-06-17T10:00:47.673+0800][46.536s][info][gc,heap        ] GC(1098) Tenured: 42702K(43712K)->32077K(43712K)
[2026-06-17T10:00:47.674+0800][46.536s][info][gc,metaspace   ] GC(1098) Metaspace: 119K(320K)->119K(320K) NonClass: 111K(192K)->111K(192K) Class: 7K(128K)->7K(128K)
[2026-06-17T10:00:47.674+0800][46.537s][info][gc             ] GC(1098) Pause Full (Allocation Failure) 60M->31M(61M) 8.023ms
[2026-06-17T10:00:47.674+0800][46.537s][info][gc,cpu         ] GC(1098) User=0.00s Sys=0.00s Real=0.01s
[2026-06-17T10:00:47.706+0800][46.569s][info][gc,start       ] GC(1099) Pause Young (Allocation Failure)
[2026-06-17T10:00:47.707+0800][46.570s][info][gc,heap        ] GC(1099) DefNew: 17160K(19648K)->2175K(19648K) Eden: 17160K(17472K)->0K(17472K) From: 0K(2176K)->2175K(2176K)
[2026-06-17T10:00:47.731+0800][46.594s][info][gc,heap        ] GC(1099) Tenured: 32077K(43712K)->36375K(43712K)
[2026-06-17T10:00:47.731+0800][46.594s][info][gc,metaspace   ] GC(1099) Metaspace: 119K(320K)->119K(320K) NonClass: 111K(192K)->111K(192K) Class: 7K(128K)->7K(128K)
[2026-06-17T10:00:47.732+0800][46.595s][info][gc             ] GC(1099) Pause Young (Allocation Failure) 48M->37M(61M) 25.948ms
[2026-06-17T10:00:47.733+0800][46.596s][info][gc,cpu         ] GC(1099) User=0.00s Sys=0.00s Real=0.03s
[2026-06-17T10:00:47.786+0800][46.649s][info][gc,start       ] GC(1100) Pause Young (Allocation Failure)
[2026-06-17T10:00:47.787+0800][46.650s][info][gc,heap        ] GC(1100) DefNew: 19617K(19648K)->2103K(19648K) Eden: 17442K(17472K)->0K(17472K) From: 2175K(2176K)->2103K(2176K)
[2026-06-17T10:00:47.788+0800][46.651s][info][gc,heap        ] GC(1100) Tenured: 36375K(43712K)->40008K(43712K)
[2026-06-17T10:00:47.788+0800][46.651s][info][gc,metaspace   ] GC(1100) Metaspace: 119K(320K)->119K(320K) NonClass: 111K(192K)->111K(192K) Class: 7K(128K)->7K(128K)
[2026-06-17T10:00:47.789+0800][46.651s][info][gc             ] GC(1100) Pause Young (Allocation Failure) 54M->41M(61M) 2.756ms
[2026-06-17T10:00:47.789+0800][46.652s][info][gc,cpu         ] GC(1100) User=0.00s Sys=0.00s Real=0.00s
[2026-06-17T10:00:47.831+0800][46.694s][info][gc,start       ] GC(1101) Pause Young (Allocation Failure)
[2026-06-17T10:00:47.831+0800][46.694s][info][gc             ] GC(1101) Pause Young (Allocation Failure) 58M->58M(61M) 0.448ms
[2026-06-17T10:00:47.832+0800][46.695s][info][gc,cpu         ] GC(1101) User=0.00s Sys=0.00s Real=0.00s
[2026-06-17T10:00:47.832+0800][46.695s][info][gc,start       ] GC(1102) Pause Full (Allocation Failure)
[2026-06-17T10:00:47.832+0800][46.695s][info][gc,phases,start] GC(1102) Phase 1: Mark live objects
[2026-06-17T10:00:47.833+0800][46.696s][info][gc,phases      ] GC(1102) Phase 1: Mark live objects 0.958ms
[2026-06-17T10:00:47.834+0800][46.696s][info][gc,phases,start] GC(1102) Phase 2: Compute new object addresses
[2026-06-17T10:00:47.834+0800][46.697s][info][gc,phases      ] GC(1102) Phase 2: Compute new object addresses 0.460ms
[2026-06-17T10:00:47.834+0800][46.697s][info][gc,phases,start] GC(1102) Phase 3: Adjust pointers
[2026-06-17T10:00:47.835+0800][46.698s][info][gc,phases      ] GC(1102) Phase 3: Adjust pointers 0.495ms
[2026-06-17T10:00:47.835+0800][46.698s][info][gc,phases,start] GC(1102) Phase 4: Move objects
[2026-06-17T10:00:47.837+0800][46.700s][info][gc,phases      ] GC(1102) Phase 4: Move objects 2.227ms
[2026-06-17T10:00:47.838+0800][46.700s][info][gc,heap        ] GC(1102) DefNew: 19575K(19648K)->0K(19648K) Eden: 17472K(17472K)->0K(17472K) From: 2103K(2176K)->0K(2176K)
[2026-06-17T10:00:47.838+0800][46.700s][info][gc,heap        ] GC(1102) Tenured: 40008K(43712K)->30764K(43712K)
[2026-06-17T10:00:47.838+0800][46.701s][info][gc,metaspace   ] GC(1102) Metaspace: 119K(320K)->119K(320K) NonClass: 111K(192K)->111K(192K) Class: 7K(128K)->7K(128K)
[2026-06-17T10:00:47.838+0800][46.701s][info][gc             ] GC(1102) Pause Full (Allocation Failure) 58M->30M(61M) 5.938ms
[2026-06-17T10:00:47.838+0800][46.701s][info][gc,cpu         ] GC(1102) User=0.00s Sys=0.00s Real=0.00s
[2026-06-17T10:00:47.880+0800][46.743s][info][gc,start       ] GC(1103) Pause Young (Allocation Failure)
[2026-06-17T10:00:47.881+0800][46.744s][info][gc,heap        ] GC(1103) DefNew: 17460K(19648K)->2171K(19648K) Eden: 17460K(17472K)->0K(17472K) From: 0K(2176K)->2171K(2176K)
[2026-06-17T10:00:47.883+0800][46.745s][info][gc,heap        ] GC(1103) Tenured: 30764K(43712K)->35302K(43712K)
[2026-06-17T10:00:47.883+0800][46.746s][info][gc,metaspace   ] GC(1103) Metaspace: 119K(320K)->119K(320K) NonClass: 111K(192K)->111K(192K) Class: 7K(128K)->7K(128K)
[2026-06-17T10:00:47.884+0800][46.746s][info][gc             ] GC(1103) Pause Young (Allocation Failure) 47M->36M(61M) 3.669ms
[2026-06-17T10:00:47.884+0800][46.747s][info][gc,cpu         ] GC(1103) User=0.00s Sys=0.00s Real=0.01s
[2026-06-17T10:00:47.928+0800][46.791s][info][gc,start       ] GC(1104) Pause Young (Allocation Failure)
[2026-06-17T10:00:47.929+0800][46.792s][info][gc,heap        ] GC(1104) DefNew: 19639K(19648K)->2158K(19648K) Eden: 17468K(17472K)->0K(17472K) From: 2171K(2176K)->2158K(2176K)
[2026-06-17T10:00:47.930+0800][46.793s][info][gc,heap        ] GC(1104) Tenured: 35302K(43712K)->39604K(43712K)
[2026-06-17T10:00:47.930+0800][46.793s][info][gc,metaspace   ] GC(1104) Metaspace: 119K(320K)->119K(320K) NonClass: 111K(192K)->111K(192K) Class: 7K(128K)->7K(128K)
[2026-06-17T10:00:47.930+0800][46.793s][info][gc             ] GC(1104) Pause Young (Allocation Failure) 53M->40M(61M) 1.891ms
[2026-06-17T10:00:47.930+0800][46.793s][info][gc,cpu         ] GC(1104) User=0.00s Sys=0.00s Real=0.00s
[2026-06-17T10:00:47.973+0800][46.836s][info][gc,start       ] GC(1105) Pause Young (Allocation Failure)
[2026-06-17T10:00:47.974+0800][46.836s][info][gc             ] GC(1105) Pause Young (Allocation Failure) 57M->57M(61M) 0.759ms
[2026-06-17T10:00:47.974+0800][46.837s][info][gc,cpu         ] GC(1105) User=0.00s Sys=0.00s Real=0.00s
[2026-06-17T10:00:47.975+0800][46.837s][info][gc,start       ] GC(1106) Pause Full (Allocation Failure)
[2026-06-17T10:00:47.975+0800][46.838s][info][gc,phases,start] GC(1106) Phase 1: Mark live objects
[2026-06-17T10:00:47.978+0800][46.841s][info][gc,phases      ] GC(1106) Phase 1: Mark live objects 2.366ms
[2026-06-17T10:00:47.978+0800][46.841s][info][gc,phases,start] GC(1106) Phase 2: Compute new object addresses
[2026-06-17T10:00:47.979+0800][46.842s][info][gc,phases      ] GC(1106) Phase 2: Compute new object addresses 1.045ms
[2026-06-17T10:00:47.980+0800][46.843s][info][gc,phases,start] GC(1106) Phase 3: Adjust pointers
[2026-06-17T10:00:47.981+0800][46.844s][info][gc,phases      ] GC(1106) Phase 3: Adjust pointers 1.150ms
[2026-06-17T10:00:47.981+0800][46.844s][info][gc,phases,start] GC(1106) Phase 4: Move objects
[2026-06-17T10:00:47.984+0800][46.847s][info][gc,phases      ] GC(1106) Phase 4: Move objects 2.530ms
[2026-06-17T10:00:47.984+0800][46.847s][info][gc,heap        ] GC(1106) DefNew: 19535K(19648K)->0K(19648K) Eden: 17377K(17472K)->0K(17472K) From: 2158K(2176K)->0K(2176K)
[2026-06-17T10:00:47.984+0800][46.847s][info][gc,heap        ] GC(1106) Tenured: 39604K(43712K)->27412K(43712K)
[2026-06-17T10:00:47.985+0800][46.847s][info][gc,metaspace   ] GC(1106) Metaspace: 119K(320K)->119K(320K) NonClass: 111K(192K)->111K(192K) Class: 7K(128K)->7K(128K)
[2026-06-17T10:00:47.985+0800][46.848s][info][gc             ] GC(1106) Pause Full (Allocation Failure) 57M->26M(61M) 10.155ms
[2026-06-17T10:00:47.985+0800][46.848s][info][gc,cpu         ] GC(1106) User=0.01s Sys=0.00s Real=0.01s
[2026-06-17T10:00:48.028+0800][46.891s][info][gc,start       ] GC(1107) Pause Young (Allocation Failure)
[2026-06-17T10:00:48.030+0800][46.893s][info][gc,heap        ] GC(1107) DefNew: 17437K(19648K)->2174K(19648K) Eden: 17437K(17472K)->0K(17472K) From: 0K(2176K)->2174K(2176K)
[2026-06-17T10:00:48.032+0800][46.894s][info][gc,heap        ] GC(1107) Tenured: 27412K(43712K)->32053K(43712K)
[2026-06-17T10:00:48.032+0800][46.895s][info][gc,metaspace   ] GC(1107) Metaspace: 119K(320K)->119K(320K) NonClass: 111K(192K)->111K(192K) Class: 7K(128K)->7K(128K)
[2026-06-17T10:00:48.033+0800][46.896s][info][gc             ] GC(1107) Pause Young (Allocation Failure) 43M->33M(61M) 4.821ms
[2026-06-17T10:00:48.034+0800][46.896s][info][gc,cpu         ] GC(1107) User=0.00s Sys=0.00s Real=0.01s
[2026-06-17T10:00:48.077+0800][46.940s][info][gc,start       ] GC(1108) Pause Young (Allocation Failure)
[2026-06-17T10:00:48.079+0800][46.942s][info][gc,heap        ] GC(1108) DefNew: 19636K(19648K)->2170K(19648K) Eden: 17461K(17472K)->0K(17472K) From: 2174K(2176K)->2170K(2176K)
[2026-06-17T10:00:48.080+0800][46.943s][info][gc,heap        ] GC(1108) Tenured: 32053K(43712K)->36409K(43712K)
[2026-06-17T10:00:48.081+0800][46.943s][info][gc,metaspace   ] GC(1108) Metaspace: 119K(320K)->119K(320K) NonClass: 111K(192K)->111K(192K) Class: 7K(128K)->7K(128K)
[2026-06-17T10:00:48.081+0800][46.944s][info][gc             ] GC(1108) Pause Young (Allocation Failure) 50M->37M(61M) 4.062ms
[2026-06-17T10:00:48.082+0800][46.945s][info][gc,cpu         ] GC(1108) User=0.00s Sys=0.00s Real=0.00s
[2026-06-17T10:00:48.126+0800][46.988s][info][gc,start       ] GC(1109) Pause Young (Allocation Failure)
[2026-06-17T10:00:48.127+0800][46.989s][info][gc             ] GC(1109) Pause Young (Allocation Failure) 54M->54M(61M) 0.983ms
[2026-06-17T10:00:48.127+0800][46.990s][info][gc,cpu         ] GC(1109) User=0.00s Sys=0.00s Real=0.00s
[2026-06-17T10:00:48.128+0800][46.990s][info][gc,start       ] GC(1110) Pause Full (Allocation Failure)
[2026-06-17T10:00:48.128+0800][46.991s][info][gc,phases,start] GC(1110) Phase 1: Mark live objects
[2026-06-17T10:00:48.131+0800][46.993s][info][gc,phases      ] GC(1110) Phase 1: Mark live objects 2.193ms
[2026-06-17T10:00:48.131+0800][46.994s][info][gc,phases,start] GC(1110) Phase 2: Compute new object addresses
[2026-06-17T10:00:48.132+0800][46.995s][info][gc,phases      ] GC(1110) Phase 2: Compute new object addresses 0.921ms
[2026-06-17T10:00:48.133+0800][46.996s][info][gc,phases,start] GC(1110) Phase 3: Adjust pointers
[2026-06-17T10:00:48.134+0800][46.996s][info][gc,phases      ] GC(1110) Phase 3: Adjust pointers 0.857ms
[2026-06-17T10:00:48.134+0800][46.997s][info][gc,phases,start] GC(1110) Phase 4: Move objects
[2026-06-17T10:00:48.136+0800][46.999s][info][gc,phases      ] GC(1110) Phase 4: Move objects 1.603ms
[2026-06-17T10:00:48.136+0800][46.999s][info][gc,heap        ] GC(1110) DefNew: 19316K(19648K)->0K(19648K) Eden: 17146K(17472K)->0K(17472K) From: 2170K(2176K)->0K(2176K)
[2026-06-17T10:00:48.137+0800][47.000s][info][gc,heap        ] GC(1110) Tenured: 36409K(43712K)->26724K(43712K)
[2026-06-17T10:00:48.137+0800][47.000s][info][gc,metaspace   ] GC(1110) Metaspace: 119K(320K)->119K(320K) NonClass: 111K(192K)->111K(192K) Class: 7K(128K)->7K(128K)
[2026-06-17T10:00:48.138+0800][47.001s][info][gc             ] GC(1110) Pause Full (Allocation Failure) 54M->26M(61M) 10.302ms
[2026-06-17T10:00:48.139+0800][47.001s][info][gc,cpu         ] GC(1110) User=0.01s Sys=0.00s Real=0.01s
[2026-06-17T10:00:48.192+0800][47.055s][info][gc,start       ] GC(1111) Pause Young (Allocation Failure)
[2026-06-17T10:00:48.194+0800][47.057s][info][gc,heap        ] GC(1111) DefNew: 17472K(19648K)->2150K(19648K) Eden: 17472K(17472K)->0K(17472K) From: 0K(2176K)->2150K(2176K)
[2026-06-17T10:00:48.194+0800][47.057s][info][gc,heap        ] GC(1111) Tenured: 26724K(43712K)->28050K(43712K)
[2026-06-17T10:00:48.195+0800][47.058s][info][gc,metaspace   ] GC(1111) Metaspace: 119K(320K)->119K(320K) NonClass: 111K(192K)->111K(192K) Class: 7K(128K)->7K(128K)
[2026-06-17T10:00:48.196+0800][47.058s][info][gc             ] GC(1111) Pause Young (Allocation Failure) 43M->29M(61M) 3.272ms
[2026-06-17T10:00:48.197+0800][47.060s][info][gc,cpu         ] GC(1111) User=0.00s Sys=0.00s Real=0.00s
[2026-06-17T10:00:48.241+0800][47.103s][info][gc,start       ] GC(1112) Pause Young (Allocation Failure)
[2026-06-17T10:00:48.243+0800][47.105s][info][gc,heap        ] GC(1112) DefNew: 19610K(19648K)->2160K(19648K) Eden: 17459K(17472K)->0K(17472K) From: 2150K(2176K)->2160K(2176K)
[2026-06-17T10:00:48.243+0800][47.106s][info][gc,heap        ] GC(1112) Tenured: 28050K(43712K)->32085K(43712K)
[2026-06-17T10:00:48.244+0800][47.107s][info][gc,metaspace   ] GC(1112) Metaspace: 119K(320K)->119K(320K) NonClass: 111K(192K)->111K(192K) Class: 7K(128K)->7K(128K)
[2026-06-17T10:00:48.244+0800][47.107s][info][gc             ] GC(1112) Pause Young (Allocation Failure) 46M->33M(61M) 3.886ms
[2026-06-17T10:00:48.245+0800][47.108s][info][gc,cpu         ] GC(1112) User=0.00s Sys=0.00s Real=0.01s
[2026-06-17T10:00:48.288+0800][47.151s][info][gc,start       ] GC(1113) Pause Young (Allocation Failure)
[2026-06-17T10:00:48.290+0800][47.153s][info][gc,heap        ] GC(1113) DefNew: 19616K(19648K)->2158K(19648K) Eden: 17456K(17472K)->0K(17472K) From: 2160K(2176K)->2158K(2176K)
[2026-06-17T10:00:48.291+0800][47.153s][info][gc,heap        ] GC(1113) Tenured: 32085K(43712K)->35650K(43712K)
[2026-06-17T10:00:48.291+0800][47.154s][info][gc,metaspace   ] GC(1113) Metaspace: 119K(320K)->119K(320K) NonClass: 111K(192K)->111K(192K) Class: 7K(128K)->7K(128K)
[2026-06-17T10:00:48.291+0800][47.154s][info][gc             ] GC(1113) Pause Young (Allocation Failure) 50M->36M(61M) 3.229ms
[2026-06-17T10:00:48.292+0800][47.155s][info][gc,cpu         ] GC(1113) User=0.00s Sys=0.00s Real=0.01s
[2026-06-17T10:00:48.336+0800][47.198s][info][gc,start       ] GC(1114) Pause Young (Allocation Failure)
[2026-06-17T10:00:48.337+0800][47.199s][info][gc,heap        ] GC(1114) DefNew: 19630K(19648K)->2166K(19648K) Eden: 17472K(17472K)->0K(17472K) From: 2158K(2176K)->2166K(2176K)
[2026-06-17T10:00:48.337+0800][47.200s][info][gc,heap        ] GC(1114) Tenured: 35650K(43712K)->39298K(43712K)
[2026-06-17T10:00:48.338+0800][47.200s][info][gc,metaspace   ] GC(1114) Metaspace: 119K(320K)->119K(320K) NonClass: 111K(192K)->111K(192K) Class: 7K(128K)->7K(128K)
[2026-06-17T10:00:48.338+0800][47.201s][info][gc             ] GC(1114) Pause Young (Allocation Failure) 53M->40M(61M) 2.250ms
[2026-06-17T10:00:48.338+0800][47.201s][info][gc,cpu         ] GC(1114) User=0.00s Sys=0.00s Real=0.00s
[2026-06-17T10:00:48.382+0800][47.244s][info][gc,start       ] GC(1115) Pause Young (Allocation Failure)
[2026-06-17T10:00:48.383+0800][47.245s][info][gc             ] GC(1115) Pause Young (Allocation Failure) 57M->57M(61M) 0.976ms
[2026-06-17T10:00:48.383+0800][47.246s][info][gc,cpu         ] GC(1115) User=0.00s Sys=0.00s Real=0.01s
[2026-06-17T10:00:48.384+0800][47.247s][info][gc,start       ] GC(1116) Pause Full (Allocation Failure)
[2026-06-17T10:00:48.385+0800][47.248s][info][gc,phases,start] GC(1116) Phase 1: Mark live objects
[2026-06-17T10:00:48.387+0800][47.250s][info][gc,phases      ] GC(1116) Phase 1: Mark live objects 2.015ms
[2026-06-17T10:00:48.388+0800][47.250s][info][gc,phases,start] GC(1116) Phase 2: Compute new object addresses
[2026-06-17T10:00:48.388+0800][47.251s][info][gc,phases      ] GC(1116) Phase 2: Compute new object addresses 0.794ms
[2026-06-17T10:00:48.389+0800][47.252s][info][gc,phases,start] GC(1116) Phase 3: Adjust pointers
[2026-06-17T10:00:48.390+0800][47.253s][info][gc,phases      ] GC(1116) Phase 3: Adjust pointers 0.939ms
[2026-06-17T10:00:48.391+0800][47.254s][info][gc,phases,start] GC(1116) Phase 4: Move objects
[2026-06-17T10:00:48.395+0800][47.258s][info][gc,phases      ] GC(1116) Phase 4: Move objects 4.214ms
[2026-06-17T10:00:48.396+0800][47.259s][info][gc,heap        ] GC(1116) DefNew: 19540K(19648K)->0K(19648K) Eden: 17374K(17472K)->0K(17472K) From: 2166K(2176K)->0K(2176K)
[2026-06-17T10:00:48.397+0800][47.260s][info][gc,heap        ] GC(1116) Tenured: 39298K(43712K)->25025K(43712K)
[2026-06-17T10:00:48.398+0800][47.261s][info][gc,metaspace   ] GC(1116) Metaspace: 119K(320K)->119K(320K) NonClass: 111K(192K)->111K(192K) Class: 7K(128K)->7K(128K)
[2026-06-17T10:00:48.399+0800][47.261s][info][gc             ] GC(1116) Pause Full (Allocation Failure) 57M->24M(61M) 14.486ms
[2026-06-17T10:00:48.399+0800][47.262s][info][gc,cpu         ] GC(1116) User=0.01s Sys=0.00s Real=0.01s
[2026-06-17T10:00:48.443+0800][47.306s][info][gc,start       ] GC(1117) Pause Young (Allocation Failure)
[2026-06-17T10:00:48.445+0800][47.308s][info][gc,heap        ] GC(1117) DefNew: 17421K(19648K)->2171K(19648K) Eden: 17421K(17472K)->0K(17472K) From: 0K(2176K)->2171K(2176K)
[2026-06-17T10:00:48.446+0800][47.309s][info][gc,heap        ] GC(1117) Tenured: 25025K(43712K)->29465K(43712K)
[2026-06-17T10:00:48.447+0800][47.310s][info][gc,metaspace   ] GC(1117) Metaspace: 119K(320K)->119K(320K) NonClass: 111K(192K)->111K(192K) Class: 7K(128K)->7K(128K)
[2026-06-17T10:00:48.448+0800][47.311s][info][gc             ] GC(1117) Pause Young (Allocation Failure) 41M->30M(61M) 4.748ms
[2026-06-17T10:00:48.449+0800][47.311s][info][gc,cpu         ] GC(1117) User=0.00s Sys=0.00s Real=0.00s
[2026-06-17T10:00:48.503+0800][47.365s][info][gc,start       ] GC(1118) Pause Young (Allocation Failure)
[2026-06-17T10:00:48.504+0800][47.367s][info][gc,heap        ] GC(1118) DefNew: 19643K(19648K)->1961K(19648K) Eden: 17472K(17472K)->0K(17472K) From: 2171K(2176K)->1961K(2176K)
[2026-06-17T10:00:48.505+0800][47.368s][info][gc,heap        ] GC(1118) Tenured: 29465K(43712K)->32193K(43712K)
[2026-06-17T10:00:48.506+0800][47.369s][info][gc,metaspace   ] GC(1118) Metaspace: 119K(320K)->119K(320K) NonClass: 111K(192K)->111K(192K) Class: 7K(128K)->7K(128K)
[2026-06-17T10:00:48.507+0800][47.370s][info][gc             ] GC(1118) Pause Young (Allocation Failure) 47M->33M(61M) 4.121ms
[2026-06-17T10:00:48.508+0800][47.370s][info][gc,cpu         ] GC(1118) User=0.01s Sys=0.00s Real=0.00s
[2026-06-17T10:00:48.540+0800][47.403s][info][gc,start       ] GC(1119) Pause Young (Allocation Failure)
[2026-06-17T10:00:48.542+0800][47.405s][info][gc,heap        ] GC(1119) DefNew: 19107K(19648K)->2040K(19648K) Eden: 17145K(17472K)->0K(17472K) From: 1961K(2176K)->2040K(2176K)
[2026-06-17T10:00:48.543+0800][47.406s][info][gc,heap        ] GC(1119) Tenured: 32193K(43712K)->35504K(43712K)
[2026-06-17T10:00:48.544+0800][47.406s][info][gc,metaspace   ] GC(1119) Metaspace: 119K(320K)->119K(320K) NonClass: 111K(192K)->111K(192K) Class: 7K(128K)->7K(128K)
[2026-06-17T10:00:48.544+0800][47.407s][info][gc             ] GC(1119) Pause Young (Allocation Failure) 50M->36M(61M) 3.891ms
[2026-06-17T10:00:48.545+0800][47.408s][info][gc,cpu         ] GC(1119) User=0.00s Sys=0.00s Real=0.01s
[2026-06-17T10:00:48.598+0800][47.461s][info][gc,start       ] GC(1120) Pause Young (Allocation Failure)
[2026-06-17T10:00:48.600+0800][47.463s][info][gc,heap        ] GC(1120) DefNew: 19512K(19648K)->2164K(19648K) Eden: 17472K(17472K)->0K(17472K) From: 2040K(2176K)->2164K(2176K)
[2026-06-17T10:00:48.601+0800][47.464s][info][gc,heap        ] GC(1120) Tenured: 35504K(43712K)->38872K(43712K)
[2026-06-17T10:00:48.602+0800][47.465s][info][gc,metaspace   ] GC(1120) Metaspace: 119K(320K)->119K(320K) NonClass: 111K(192K)->111K(192K) Class: 7K(128K)->7K(128K)
[2026-06-17T10:00:48.603+0800][47.465s][info][gc             ] GC(1120) Pause Young (Allocation Failure) 53M->40M(61M) 4.193ms
[2026-06-17T10:00:48.603+0800][47.466s][info][gc,cpu         ] GC(1120) User=0.00s Sys=0.00s Real=0.01s
[2026-06-17T10:00:48.647+0800][47.510s][info][gc,start       ] GC(1121) Pause Young (Allocation Failure)
[2026-06-17T10:00:48.649+0800][47.512s][info][gc             ] GC(1121) Pause Young (Allocation Failure) 57M->57M(61M) 1.865ms
[2026-06-17T10:00:48.650+0800][47.512s][info][gc,cpu         ] GC(1121) User=0.00s Sys=0.00s Real=0.00s
[2026-06-17T10:00:48.651+0800][47.514s][info][gc,start       ] GC(1122) Pause Full (Allocation Failure)
[2026-06-17T10:00:48.652+0800][47.514s][info][gc,phases,start] GC(1122) Phase 1: Mark live objects
[2026-06-17T10:00:48.654+0800][47.517s][info][gc,phases      ] GC(1122) Phase 1: Mark live objects 2.708ms
[2026-06-17T10:00:48.655+0800][47.518s][info][gc,phases,start] GC(1122) Phase 2: Compute new object addresses
[2026-06-17T10:00:48.657+0800][47.520s][info][gc,phases      ] GC(1122) Phase 2: Compute new object addresses 2.222ms
[2026-06-17T10:00:48.658+0800][47.521s][info][gc,phases,start] GC(1122) Phase 3: Adjust pointers
[2026-06-17T10:00:48.660+0800][47.522s][info][gc,phases      ] GC(1122) Phase 3: Adjust pointers 1.537ms
[2026-06-17T10:00:48.660+0800][47.523s][info][gc,phases,start] GC(1122) Phase 4: Move objects
[2026-06-17T10:00:48.663+0800][47.526s][info][gc,phases      ] GC(1122) Phase 4: Move objects 2.590ms
[2026-06-17T10:00:48.664+0800][47.527s][info][gc,heap        ] GC(1122) DefNew: 19606K(19648K)->0K(19648K) Eden: 17442K(17472K)->0K(17472K) From: 2164K(2176K)->0K(2176K)
[2026-06-17T10:00:48.664+0800][47.527s][info][gc,heap        ] GC(1122) Tenured: 38872K(43712K)->32669K(43712K)
[2026-06-17T10:00:48.665+0800][47.528s][info][gc,metaspace   ] GC(1122) Metaspace: 119K(320K)->119K(320K) NonClass: 111K(192K)->111K(192K) Class: 7K(128K)->7K(128K)
[2026-06-17T10:00:48.666+0800][47.529s][info][gc             ] GC(1122) Pause Full (Allocation Failure) 57M->31M(61M) 14.975ms
[2026-06-17T10:00:48.666+0800][47.529s][info][gc,cpu         ] GC(1122) User=0.01s Sys=0.00s Real=0.01s
[2026-06-17T10:00:48.710+0800][47.573s][info][gc,start       ] GC(1123) Pause Young (Allocation Failure)
[2026-06-17T10:00:48.713+0800][47.575s][info][gc,heap        ] GC(1123) DefNew: 17441K(19648K)->2171K(19648K) Eden: 17441K(17472K)->0K(17472K) From: 0K(2176K)->2171K(2176K)
[2026-06-17T10:00:48.714+0800][47.576s][info][gc,heap        ] GC(1123) Tenured: 32669K(43712K)->37617K(43712K)
[2026-06-17T10:00:48.714+0800][47.577s][info][gc,metaspace   ] GC(1123) Metaspace: 119K(320K)->119K(320K) NonClass: 111K(192K)->111K(192K) Class: 7K(128K)->7K(128K)
[2026-06-17T10:00:48.715+0800][47.578s][info][gc             ] GC(1123) Pause Young (Allocation Failure) 48M->38M(61M) 5.027ms
[2026-06-17T10:00:48.716+0800][47.579s][info][gc,cpu         ] GC(1123) User=0.00s Sys=0.00s Real=0.01s
[2026-06-17T10:00:48.761+0800][47.624s][info][gc,start       ] GC(1124) Pause Young (Allocation Failure)
[2026-06-17T10:00:48.762+0800][47.624s][info][gc             ] GC(1124) Pause Young (Allocation Failure) 55M->55M(61M) 0.723ms
[2026-06-17T10:00:48.762+0800][47.625s][info][gc,cpu         ] GC(1124) User=0.00s Sys=0.00s Real=0.00s
[2026-06-17T10:00:48.763+0800][47.626s][info][gc,start       ] GC(1125) Pause Full (Allocation Failure)
[2026-06-17T10:00:48.764+0800][47.627s][info][gc,phases,start] GC(1125) Phase 1: Mark live objects
[2026-06-17T10:00:48.765+0800][47.628s][info][gc,phases      ] GC(1125) Phase 1: Mark live objects 1.529ms
[2026-06-17T10:00:48.766+0800][47.629s][info][gc,phases,start] GC(1125) Phase 2: Compute new object addresses
[2026-06-17T10:00:48.767+0800][47.630s][info][gc,phases      ] GC(1125) Phase 2: Compute new object addresses 0.949ms
[2026-06-17T10:00:48.768+0800][47.631s][info][gc,phases,start] GC(1125) Phase 3: Adjust pointers
[2026-06-17T10:00:48.769+0800][47.632s][info][gc,phases      ] GC(1125) Phase 3: Adjust pointers 1.427ms
[2026-06-17T10:00:48.770+0800][47.633s][info][gc,phases,start] GC(1125) Phase 4: Move objects
[2026-06-17T10:00:48.773+0800][47.636s][info][gc,phases      ] GC(1125) Phase 4: Move objects 2.328ms
[2026-06-17T10:00:48.774+0800][47.636s][info][gc,heap        ] GC(1125) DefNew: 19617K(19648K)->0K(19648K) Eden: 17446K(17472K)->0K(17472K) From: 2171K(2176K)->0K(2176K)
[2026-06-17T10:00:48.774+0800][47.637s][info][gc,heap        ] GC(1125) Tenured: 37617K(43712K)->29574K(43712K)
[2026-06-17T10:00:48.775+0800][47.637s][info][gc,metaspace   ] GC(1125) Metaspace: 119K(320K)->119K(320K) NonClass: 111K(192K)->111K(192K) Class: 7K(128K)->7K(128K)
[2026-06-17T10:00:48.775+0800][47.638s][info][gc             ] GC(1125) Pause Full (Allocation Failure) 55M->28M(61M) 12.147ms
[2026-06-17T10:00:48.776+0800][47.639s][info][gc,cpu         ] GC(1125) User=0.00s Sys=0.00s Real=0.01s
[2026-06-17T10:00:48.819+0800][47.682s][info][gc,start       ] GC(1126) Pause Young (Allocation Failure)
[2026-06-17T10:00:48.820+0800][47.683s][info][gc,heap        ] GC(1126) DefNew: 17283K(19648K)->2149K(19648K) Eden: 17283K(17472K)->0K(17472K) From: 0K(2176K)->2149K(2176K)
[2026-06-17T10:00:48.821+0800][47.683s][info][gc,heap        ] GC(1126) Tenured: 29574K(43712K)->31035K(43712K)
[2026-06-17T10:00:48.821+0800][47.684s][info][gc,metaspace   ] GC(1126) Metaspace: 119K(320K)->119K(320K) NonClass: 111K(192K)->111K(192K) Class: 7K(128K)->7K(128K)
[2026-06-17T10:00:48.822+0800][47.685s][info][gc             ] GC(1126) Pause Young (Allocation Failure) 45M->32M(61M) 3.255ms
[2026-06-17T10:00:48.823+0800][47.685s][info][gc,cpu         ] GC(1126) User=0.00s Sys=0.00s Real=0.01s
[2026-06-17T10:00:48.867+0800][47.730s][info][gc,start       ] GC(1127) Pause Young (Allocation Failure)
[2026-06-17T10:00:48.870+0800][47.732s][info][gc,heap        ] GC(1127) DefNew: 19560K(19648K)->2072K(19648K) Eden: 17411K(17472K)->0K(17472K) From: 2149K(2176K)->2072K(2176K)
[2026-06-17T10:00:48.871+0800][47.733s][info][gc,heap        ] GC(1127) Tenured: 31035K(43712K)->34880K(43712K)
[2026-06-17T10:00:48.871+0800][47.734s][info][gc,metaspace   ] GC(1127) Metaspace: 119K(320K)->119K(320K) NonClass: 111K(192K)->111K(192K) Class: 7K(128K)->7K(128K)
[2026-06-17T10:00:48.872+0800][47.735s][info][gc             ] GC(1127) Pause Young (Allocation Failure) 49M->36M(61M) 4.532ms
[2026-06-17T10:00:48.872+0800][47.735s][info][gc,cpu         ] GC(1127) User=0.00s Sys=0.00s Real=0.01s
[2026-06-17T10:00:48.927+0800][47.790s][info][gc,start       ] GC(1128) Pause Young (Allocation Failure)
[2026-06-17T10:00:48.931+0800][47.794s][info][gc,heap        ] GC(1128) DefNew: 19534K(19648K)->2076K(19648K) Eden: 17462K(17472K)->0K(17472K) From: 2072K(2176K)->2076K(2176K)
[2026-06-17T10:00:48.934+0800][47.796s][info][gc,heap        ] GC(1128) Tenured: 34880K(43712K)->38923K(43712K)
[2026-06-17T10:00:48.937+0800][47.800s][info][gc,metaspace   ] GC(1128) Metaspace: 119K(320K)->119K(320K) NonClass: 111K(192K)->111K(192K) Class: 7K(128K)->7K(128K)
[2026-06-17T10:00:48.938+0800][47.800s][info][gc             ] GC(1128) Pause Young (Allocation Failure) 53M->40M(61M) 10.190ms
[2026-06-17T10:00:48.938+0800][47.801s][info][gc,cpu         ] GC(1128) User=0.01s Sys=0.01s Real=0.01s
[2026-06-17T10:00:48.983+0800][47.846s][info][gc,start       ] GC(1129) Pause Young (Allocation Failure)
[2026-06-17T10:00:48.984+0800][47.847s][info][gc             ] GC(1129) Pause Young (Allocation Failure) 57M->57M(61M) 1.113ms
[2026-06-17T10:00:48.985+0800][47.847s][info][gc,cpu         ] GC(1129) User=0.00s Sys=0.00s Real=0.00s
[2026-06-17T10:00:48.985+0800][47.848s][info][gc,start       ] GC(1130) Pause Full (Allocation Failure)
[2026-06-17T10:00:48.986+0800][47.849s][info][gc,phases,start] GC(1130) Phase 1: Mark live objects
[2026-06-17T10:00:48.988+0800][47.851s][info][gc,phases      ] GC(1130) Phase 1: Mark live objects 2.310ms
[2026-06-17T10:00:48.989+0800][47.852s][info][gc,phases,start] GC(1130) Phase 2: Compute new object addresses
[2026-06-17T10:00:48.990+0800][47.853s][info][gc,phases      ] GC(1130) Phase 2: Compute new object addresses 1.124ms
[2026-06-17T10:00:48.991+0800][47.853s][info][gc,phases,start] GC(1130) Phase 3: Adjust pointers
[2026-06-17T10:00:48.992+0800][47.855s][info][gc,phases      ] GC(1130) Phase 3: Adjust pointers 1.198ms
[2026-06-17T10:00:48.992+0800][47.855s][info][gc,phases,start] GC(1130) Phase 4: Move objects
[2026-06-17T10:00:48.996+0800][47.859s][info][gc,phases      ] GC(1130) Phase 4: Move objects 3.441ms
[2026-06-17T10:00:48.996+0800][47.859s][info][gc,heap        ] GC(1130) DefNew: 19548K(19648K)->0K(19648K) Eden: 17472K(17472K)->0K(17472K) From: 2076K(2176K)->0K(2176K)
[2026-06-17T10:00:48.997+0800][47.860s][info][gc,heap        ] GC(1130) Tenured: 38923K(43712K)->30552K(43712K)
[2026-06-17T10:00:48.997+0800][47.860s][info][gc,metaspace   ] GC(1130) Metaspace: 119K(320K)->119K(320K) NonClass: 111K(192K)->111K(192K) Class: 7K(128K)->7K(128K)
[2026-06-17T10:00:48.998+0800][47.861s][info][gc             ] GC(1130) Pause Full (Allocation Failure) 57M->29M(61M) 12.534ms
[2026-06-17T10:00:48.998+0800][47.861s][info][gc,cpu         ] GC(1130) User=0.00s Sys=0.00s Real=0.01s
[2026-06-17T10:00:49.042+0800][47.905s][info][gc,start       ] GC(1131) Pause Young (Allocation Failure)
[2026-06-17T10:00:49.044+0800][47.907s][info][gc,heap        ] GC(1131) DefNew: 17472K(19648K)->2172K(19648K) Eden: 17472K(17472K)->0K(17472K) From: 0K(2176K)->2172K(2176K)
[2026-06-17T10:00:49.047+0800][47.909s][info][gc,heap        ] GC(1131) Tenured: 30552K(43712K)->35389K(43712K)
[2026-06-17T10:00:49.048+0800][47.911s][info][gc,metaspace   ] GC(1131) Metaspace: 119K(320K)->119K(320K) NonClass: 111K(192K)->111K(192K) Class: 7K(128K)->7K(128K)
[2026-06-17T10:00:49.051+0800][47.913s][info][gc             ] GC(1131) Pause Young (Allocation Failure) 46M->36M(61M) 8.845ms
[2026-06-17T10:00:49.052+0800][47.915s][info][gc,cpu         ] GC(1131) User=0.00s Sys=0.00s Real=0.02s
[2026-06-17T10:00:49.098+0800][47.961s][info][gc,start       ] GC(1132) Pause Young (Allocation Failure)
[2026-06-17T10:00:49.101+0800][47.963s][info][gc,heap        ] GC(1132) DefNew: 19617K(19648K)->2168K(19648K) Eden: 17445K(17472K)->0K(17472K) From: 2172K(2176K)->2168K(2176K)
[2026-06-17T10:00:49.101+0800][47.964s][info][gc,heap        ] GC(1132) Tenured: 35389K(43712K)->39991K(43712K)
[2026-06-17T10:00:49.102+0800][47.964s][info][gc,metaspace   ] GC(1132) Metaspace: 119K(320K)->119K(320K) NonClass: 111K(192K)->111K(192K) Class: 7K(128K)->7K(128K)
[2026-06-17T10:00:49.102+0800][47.965s][info][gc             ] GC(1132) Pause Young (Allocation Failure) 53M->41M(61M) 4.128ms
[2026-06-17T10:00:49.103+0800][47.966s][info][gc,cpu         ] GC(1132) User=0.00s Sys=0.00s Real=0.01s
[2026-06-17T10:00:49.147+0800][48.010s][info][gc,start       ] GC(1133) Pause Young (Allocation Failure)
[2026-06-17T10:00:49.148+0800][48.011s][info][gc             ] GC(1133) Pause Young (Allocation Failure) 58M->58M(61M) 0.753ms
[2026-06-17T10:00:49.149+0800][48.011s][info][gc,cpu         ] GC(1133) User=0.00s Sys=0.00s Real=0.00s
[2026-06-17T10:00:49.149+0800][48.012s][info][gc,start       ] GC(1134) Pause Full (Allocation Failure)
[2026-06-17T10:00:49.150+0800][48.013s][info][gc,phases,start] GC(1134) Phase 1: Mark live objects
[2026-06-17T10:00:49.151+0800][48.014s][info][gc,phases      ] GC(1134) Phase 1: Mark live objects 1.480ms
[2026-06-17T10:00:49.152+0800][48.014s][info][gc,phases,start] GC(1134) Phase 2: Compute new object addresses
[2026-06-17T10:00:49.152+0800][48.015s][info][gc,phases      ] GC(1134) Phase 2: Compute new object addresses 0.816ms
[2026-06-17T10:00:49.153+0800][48.016s][info][gc,phases,start] GC(1134) Phase 3: Adjust pointers
[2026-06-17T10:00:49.154+0800][48.017s][info][gc,phases      ] GC(1134) Phase 3: Adjust pointers 0.969ms
[2026-06-17T10:00:49.154+0800][48.017s][info][gc,phases,start] GC(1134) Phase 4: Move objects
[2026-06-17T10:00:49.157+0800][48.020s][info][gc,phases      ] GC(1134) Phase 4: Move objects 2.462ms
[2026-06-17T10:00:49.157+0800][48.020s][info][gc,heap        ] GC(1134) DefNew: 19640K(19648K)->0K(19648K) Eden: 17472K(17472K)->0K(17472K) From: 2168K(2176K)->0K(2176K)
[2026-06-17T10:00:49.158+0800][48.020s][info][gc,heap        ] GC(1134) Tenured: 39991K(43712K)->30447K(43712K)
[2026-06-17T10:00:49.158+0800][48.021s][info][gc,metaspace   ] GC(1134) Metaspace: 119K(320K)->119K(320K) NonClass: 111K(192K)->111K(192K) Class: 7K(128K)->7K(128K)
[2026-06-17T10:00:49.159+0800][48.021s][info][gc             ] GC(1134) Pause Full (Allocation Failure) 58M->29M(61M) 9.433ms
[2026-06-17T10:00:49.159+0800][48.022s][info][gc,cpu         ] GC(1134) User=0.01s Sys=0.00s Real=0.01s
[2026-06-17T10:00:49.202+0800][48.065s][info][gc,start       ] GC(1135) Pause Young (Allocation Failure)
[2026-06-17T10:00:49.204+0800][48.067s][info][gc,heap        ] GC(1135) DefNew: 17458K(19648K)->2175K(19648K) Eden: 17458K(17472K)->0K(17472K) From: 0K(2176K)->2175K(2176K)
[2026-06-17T10:00:49.205+0800][48.067s][info][gc,heap        ] GC(1135) Tenured: 30447K(43712K)->34956K(43712K)
[2026-06-17T10:00:49.205+0800][48.068s][info][gc,metaspace   ] GC(1135) Metaspace: 119K(320K)->119K(320K) NonClass: 111K(192K)->111K(192K) Class: 7K(128K)->7K(128K)
[2026-06-17T10:00:49.206+0800][48.069s][info][gc             ] GC(1135) Pause Young (Allocation Failure) 46M->36M(61M) 4.003ms
[2026-06-17T10:00:49.206+0800][48.069s][info][gc,cpu         ] GC(1135) User=0.00s Sys=0.00s Real=0.01s
[2026-06-17T10:00:49.250+0800][48.113s][info][gc,start       ] GC(1136) Pause Young (Allocation Failure)
[2026-06-17T10:00:49.252+0800][48.115s][info][gc,heap        ] GC(1136) DefNew: 19526K(19648K)->2143K(19648K) Eden: 17350K(17472K)->0K(17472K) From: 2175K(2176K)->2143K(2176K)
[2026-06-17T10:00:49.253+0800][48.116s][info][gc,heap        ] GC(1136) Tenured: 34956K(43712K)->38715K(43712K)
[2026-06-17T10:00:49.254+0800][48.117s][info][gc,metaspace   ] GC(1136) Metaspace: 119K(320K)->119K(320K) NonClass: 111K(192K)->111K(192K) Class: 7K(128K)->7K(128K)
[2026-06-17T10:00:49.255+0800][48.117s][info][gc             ] GC(1136) Pause Young (Allocation Failure) 53M->39M(61M) 4.282ms
[2026-06-17T10:00:49.255+0800][48.118s][info][gc,cpu         ] GC(1136) User=0.00s Sys=0.00s Real=0.01s
[2026-06-17T10:00:49.300+0800][48.162s][info][gc,start       ] GC(1137) Pause Young (Allocation Failure)
[2026-06-17T10:00:49.300+0800][48.163s][info][gc             ] GC(1137) Pause Young (Allocation Failure) 56M->56M(61M) 0.706ms
[2026-06-17T10:00:49.301+0800][48.164s][info][gc,cpu         ] GC(1137) User=0.00s Sys=0.00s Real=0.00s
[2026-06-17T10:00:49.301+0800][48.164s][info][gc,start       ] GC(1138) Pause Full (Allocation Failure)
[2026-06-17T10:00:49.302+0800][48.164s][info][gc,phases,start] GC(1138) Phase 1: Mark live objects
[2026-06-17T10:00:49.304+0800][48.166s][info][gc,phases      ] GC(1138) Phase 1: Mark live objects 1.915ms
[2026-06-17T10:00:49.304+0800][48.167s][info][gc,phases,start] GC(1138) Phase 2: Compute new object addresses
[2026-06-17T10:00:49.305+0800][48.168s][info][gc,phases      ] GC(1138) Phase 2: Compute new object addresses 0.923ms
[2026-06-17T10:00:49.306+0800][48.168s][info][gc,phases,start] GC(1138) Phase 3: Adjust pointers
[2026-06-17T10:00:49.307+0800][48.169s][info][gc,phases      ] GC(1138) Phase 3: Adjust pointers 1.098ms
[2026-06-17T10:00:49.307+0800][48.170s][info][gc,phases,start] GC(1138) Phase 4: Move objects
[2026-06-17T10:00:49.310+0800][48.172s][info][gc,phases      ] GC(1138) Phase 4: Move objects 2.689ms
[2026-06-17T10:00:49.310+0800][48.173s][info][gc,heap        ] GC(1138) DefNew: 19615K(19648K)->0K(19648K) Eden: 17472K(17472K)->0K(17472K) From: 2143K(2176K)->0K(2176K)
[2026-06-17T10:00:49.311+0800][48.173s][info][gc,heap        ] GC(1138) Tenured: 38715K(43712K)->30700K(43712K)
[2026-06-17T10:00:49.311+0800][48.174s][info][gc,metaspace   ] GC(1138) Metaspace: 119K(320K)->119K(320K) NonClass: 111K(192K)->111K(192K) Class: 7K(128K)->7K(128K)
[2026-06-17T10:00:49.311+0800][48.174s][info][gc             ] GC(1138) Pause Full (Allocation Failure) 56M->29M(61M) 9.725ms
[2026-06-17T10:00:49.311+0800][48.174s][info][gc,cpu         ] GC(1138) User=0.00s Sys=0.00s Real=0.02s
[2026-06-17T10:00:49.364+0800][48.227s][info][gc,start       ] GC(1139) Pause Young (Allocation Failure)
[2026-06-17T10:00:49.365+0800][48.228s][info][gc,heap        ] GC(1139) DefNew: 17472K(19648K)->2133K(19648K) Eden: 17472K(17472K)->0K(17472K) From: 0K(2176K)->2133K(2176K)
[2026-06-17T10:00:49.366+0800][48.229s][info][gc,heap        ] GC(1139) Tenured: 30700K(43712K)->32029K(43712K)
[2026-06-17T10:00:49.366+0800][48.229s][info][gc,metaspace   ] GC(1139) Metaspace: 119K(320K)->119K(320K) NonClass: 111K(192K)->111K(192K) Class: 7K(128K)->7K(128K)
[2026-06-17T10:00:49.367+0800][48.230s][info][gc             ] GC(1139) Pause Young (Allocation Failure) 47M->33M(61M) 2.899ms
[2026-06-17T10:00:49.368+0800][48.230s][info][gc,cpu         ] GC(1139) User=0.01s Sys=0.00s Real=0.00s
[2026-06-17T10:00:49.412+0800][48.274s][info][gc,start       ] GC(1140) Pause Young (Allocation Failure)
[2026-06-17T10:00:49.413+0800][48.276s][info][gc,heap        ] GC(1140) DefNew: 19605K(19648K)->2093K(19648K) Eden: 17472K(17472K)->0K(17472K) From: 2133K(2176K)->2093K(2176K)
[2026-06-17T10:00:49.414+0800][48.277s][info][gc,heap        ] GC(1140) Tenured: 32029K(43712K)->35562K(43712K)
[2026-06-17T10:00:49.414+0800][48.277s][info][gc,metaspace   ] GC(1140) Metaspace: 119K(320K)->119K(320K) NonClass: 111K(192K)->111K(192K) Class: 7K(128K)->7K(128K)
[2026-06-17T10:00:49.415+0800][48.277s][info][gc             ] GC(1140) Pause Young (Allocation Failure) 50M->36M(61M) 3.012ms
[2026-06-17T10:00:49.415+0800][48.278s][info][gc,cpu         ] GC(1140) User=0.00s Sys=0.00s Real=0.00s
[2026-06-17T10:00:49.458+0800][48.321s][info][gc,start       ] GC(1141) Pause Young (Allocation Failure)
[2026-06-17T10:00:49.460+0800][48.323s][info][gc,heap        ] GC(1141) DefNew: 19525K(19648K)->2095K(19648K) Eden: 17431K(17472K)->0K(17472K) From: 2093K(2176K)->2095K(2176K)
[2026-06-17T10:00:49.460+0800][48.323s][info][gc,heap        ] GC(1141) Tenured: 35562K(43712K)->38571K(43712K)
[2026-06-17T10:00:49.461+0800][48.324s][info][gc,metaspace   ] GC(1141) Metaspace: 119K(320K)->119K(320K) NonClass: 111K(192K)->111K(192K) Class: 7K(128K)->7K(128K)
[2026-06-17T10:00:49.461+0800][48.324s][info][gc             ] GC(1141) Pause Young (Allocation Failure) 53M->39M(61M) 2.982ms
[2026-06-17T10:00:49.462+0800][48.325s][info][gc,cpu         ] GC(1141) User=0.00s Sys=0.00s Real=0.00s
[2026-06-17T10:00:49.505+0800][48.368s][info][gc,start       ] GC(1142) Pause Young (Allocation Failure)
[2026-06-17T10:00:49.506+0800][48.369s][info][gc             ] GC(1142) Pause Young (Allocation Failure) 56M->56M(61M) 0.719ms
[2026-06-17T10:00:49.507+0800][48.369s][info][gc,cpu         ] GC(1142) User=0.00s Sys=0.00s Real=0.00s
[2026-06-17T10:00:49.507+0800][48.370s][info][gc,start       ] GC(1143) Pause Full (Allocation Failure)
[2026-06-17T10:00:49.508+0800][48.370s][info][gc,phases,start] GC(1143) Phase 1: Mark live objects
[2026-06-17T10:00:49.509+0800][48.372s][info][gc,phases      ] GC(1143) Phase 1: Mark live objects 1.554ms
[2026-06-17T10:00:49.510+0800][48.373s][info][gc,phases,start] GC(1143) Phase 2: Compute new object addresses
[2026-06-17T10:00:49.511+0800][48.374s][info][gc,phases      ] GC(1143) Phase 2: Compute new object addresses 1.425ms
[2026-06-17T10:00:49.512+0800][48.375s][info][gc,phases,start] GC(1143) Phase 3: Adjust pointers
[2026-06-17T10:00:49.513+0800][48.376s][info][gc,phases      ] GC(1143) Phase 3: Adjust pointers 0.929ms
[2026-06-17T10:00:49.513+0800][48.376s][info][gc,phases,start] GC(1143) Phase 4: Move objects
[2026-06-17T10:00:49.516+0800][48.379s][info][gc,phases      ] GC(1143) Phase 4: Move objects 2.764ms
[2026-06-17T10:00:49.517+0800][48.380s][info][gc,heap        ] GC(1143) DefNew: 19567K(19648K)->0K(19648K) Eden: 17472K(17472K)->0K(17472K) From: 2095K(2176K)->0K(2176K)
[2026-06-17T10:00:49.517+0800][48.380s][info][gc,heap        ] GC(1143) Tenured: 38571K(43712K)->20424K(43712K)
[2026-06-17T10:00:49.518+0800][48.381s][info][gc,metaspace   ] GC(1143) Metaspace: 119K(320K)->119K(320K) NonClass: 111K(192K)->111K(192K) Class: 7K(128K)->7K(128K)
[2026-06-17T10:00:49.519+0800][48.381s][info][gc             ] GC(1143) Pause Full (Allocation Failure) 56M->19M(61M) 11.553ms
[2026-06-17T10:00:49.519+0800][48.382s][info][gc,cpu         ] GC(1143) User=0.01s Sys=0.00s Real=0.01s
[2026-06-17T10:00:49.562+0800][48.425s][info][gc,start       ] GC(1144) Pause Young (Allocation Failure)
[2026-06-17T10:00:49.564+0800][48.427s][info][gc,heap        ] GC(1144) DefNew: 17472K(19648K)->2169K(19648K) Eden: 17472K(17472K)->0K(17472K) From: 0K(2176K)->2169K(2176K)
[2026-06-17T10:00:49.564+0800][48.427s][info][gc,heap        ] GC(1144) Tenured: 20424K(43712K)->24946K(43712K)
[2026-06-17T10:00:49.565+0800][48.428s][info][gc,metaspace   ] GC(1144) Metaspace: 119K(320K)->119K(320K) NonClass: 111K(192K)->111K(192K) Class: 7K(128K)->7K(128K)
[2026-06-17T10:00:49.566+0800][48.428s][info][gc             ] GC(1144) Pause Young (Allocation Failure) 37M->26M(61M) 3.626ms
[2026-06-17T10:00:49.567+0800][48.429s][info][gc,cpu         ] GC(1144) User=0.00s Sys=0.00s Real=0.01s
[2026-06-17T10:00:49.610+0800][48.473s][info][gc,start       ] GC(1145) Pause Young (Allocation Failure)
[2026-06-17T10:00:49.612+0800][48.475s][info][gc,heap        ] GC(1145) DefNew: 19623K(19648K)->2067K(19648K) Eden: 17453K(17472K)->0K(17472K) From: 2169K(2176K)->2067K(2176K)
[2026-06-17T10:00:49.613+0800][48.476s][info][gc,heap        ] GC(1145) Tenured: 24946K(43712K)->28613K(43712K)
[2026-06-17T10:00:49.613+0800][48.476s][info][gc,metaspace   ] GC(1145) Metaspace: 119K(320K)->119K(320K) NonClass: 111K(192K)->111K(192K) Class: 7K(128K)->7K(128K)
[2026-06-17T10:00:49.614+0800][48.477s][info][gc             ] GC(1145) Pause Young (Allocation Failure) 43M->29M(61M) 4.049ms
[2026-06-17T10:00:49.614+0800][48.477s][info][gc,cpu         ] GC(1145) User=0.00s Sys=0.00s Real=0.01s
[2026-06-17T10:00:49.658+0800][48.521s][info][gc,start       ] GC(1146) Pause Young (Allocation Failure)
[2026-06-17T10:00:49.659+0800][48.522s][info][gc,heap        ] GC(1146) DefNew: 19521K(19648K)->2174K(19648K) Eden: 17454K(17472K)->0K(17472K) From: 2067K(2176K)->2174K(2176K)
[2026-06-17T10:00:49.660+0800][48.523s][info][gc,heap        ] GC(1146) Tenured: 28613K(43712K)->32063K(43712K)
[2026-06-17T10:00:49.660+0800][48.523s][info][gc,metaspace   ] GC(1146) Metaspace: 119K(320K)->119K(320K) NonClass: 111K(192K)->111K(192K) Class: 7K(128K)->7K(128K)
[2026-06-17T10:00:49.661+0800][48.524s][info][gc             ] GC(1146) Pause Young (Allocation Failure) 47M->33M(61M) 3.141ms
[2026-06-17T10:00:49.661+0800][48.524s][info][gc,cpu         ] GC(1146) User=0.00s Sys=0.00s Real=0.00s
[2026-06-17T10:00:49.705+0800][48.567s][info][gc,start       ] GC(1147) Pause Young (Allocation Failure)
[2026-06-17T10:00:49.706+0800][48.569s][info][gc,heap        ] GC(1147) DefNew: 19619K(19648K)->2169K(19648K) Eden: 17445K(17472K)->0K(17472K) From: 2174K(2176K)->2169K(2176K)
[2026-06-17T10:00:49.707+0800][48.569s][info][gc,heap        ] GC(1147) Tenured: 32063K(43712K)->36778K(43712K)
[2026-06-17T10:00:49.707+0800][48.570s][info][gc,metaspace   ] GC(1147) Metaspace: 119K(320K)->119K(320K) NonClass: 111K(192K)->111K(192K) Class: 7K(128K)->7K(128K)
[2026-06-17T10:00:49.708+0800][48.570s][info][gc             ] GC(1147) Pause Young (Allocation Failure) 50M->38M(61M) 2.949ms
[2026-06-17T10:00:49.708+0800][48.571s][info][gc,cpu         ] GC(1147) User=0.00s Sys=0.00s Real=0.00s
[2026-06-17T10:00:49.761+0800][48.624s][info][gc,start       ] GC(1148) Pause Young (Allocation Failure)
[2026-06-17T10:00:49.763+0800][48.625s][info][gc,heap        ] GC(1148) DefNew: 19641K(19648K)->2095K(19648K) Eden: 17472K(17472K)->0K(17472K) From: 2169K(2176K)->2095K(2176K)
[2026-06-17T10:00:49.763+0800][48.626s][info][gc,heap        ] GC(1148) Tenured: 36778K(43712K)->38488K(43712K)
[2026-06-17T10:00:49.764+0800][48.627s][info][gc,metaspace   ] GC(1148) Metaspace: 119K(320K)->119K(320K) NonClass: 111K(192K)->111K(192K) Class: 7K(128K)->7K(128K)
[2026-06-17T10:00:49.764+0800][48.627s][info][gc             ] GC(1148) Pause Young (Allocation Failure) 55M->39M(61M) 2.962ms
[2026-06-17T10:00:49.765+0800][48.628s][info][gc,cpu         ] GC(1148) User=0.00s Sys=0.00s Real=0.01s
[2026-06-17T10:00:49.808+0800][48.671s][info][gc,start       ] GC(1149) Pause Young (Allocation Failure)
[2026-06-17T10:00:49.809+0800][48.672s][info][gc             ] GC(1149) Pause Young (Allocation Failure) 56M->56M(61M) 0.869ms
[2026-06-17T10:00:49.809+0800][48.672s][info][gc,cpu         ] GC(1149) User=0.01s Sys=0.00s Real=0.00s
[2026-06-17T10:00:49.810+0800][48.673s][info][gc,start       ] GC(1150) Pause Full (Allocation Failure)
[2026-06-17T10:00:49.811+0800][48.673s][info][gc,phases,start] GC(1150) Phase 1: Mark live objects
[2026-06-17T10:00:49.813+0800][48.675s][info][gc,phases      ] GC(1150) Phase 1: Mark live objects 1.848ms
[2026-06-17T10:00:49.813+0800][48.676s][info][gc,phases,start] GC(1150) Phase 2: Compute new object addresses
[2026-06-17T10:00:49.815+0800][48.677s][info][gc,phases      ] GC(1150) Phase 2: Compute new object addresses 1.285ms
[2026-06-17T10:00:49.815+0800][48.678s][info][gc,phases,start] GC(1150) Phase 3: Adjust pointers
[2026-06-17T10:00:49.817+0800][48.679s][info][gc,phases      ] GC(1150) Phase 3: Adjust pointers 1.079ms
[2026-06-17T10:00:49.817+0800][48.680s][info][gc,phases,start] GC(1150) Phase 4: Move objects
[2026-06-17T10:00:49.820+0800][48.682s][info][gc,phases      ] GC(1150) Phase 4: Move objects 2.412ms
[2026-06-17T10:00:49.820+0800][48.683s][info][gc,heap        ] GC(1150) DefNew: 19524K(19648K)->0K(19648K) Eden: 17428K(17472K)->0K(17472K) From: 2095K(2176K)->0K(2176K)
[2026-06-17T10:00:49.821+0800][48.684s][info][gc,heap        ] GC(1150) Tenured: 38488K(43712K)->22629K(43712K)
[2026-06-17T10:00:49.821+0800][48.684s][info][gc,metaspace   ] GC(1150) Metaspace: 119K(320K)->119K(320K) NonClass: 111K(192K)->111K(192K) Class: 7K(128K)->7K(128K)
[2026-06-17T10:00:49.822+0800][48.685s][info][gc             ] GC(1150) Pause Full (Allocation Failure) 56M->22M(61M) 12.028ms
[2026-06-17T10:00:49.822+0800][48.685s][info][gc,cpu         ] GC(1150) User=0.00s Sys=0.00s Real=0.01s
[2026-06-17T10:00:49.865+0800][48.728s][info][gc,start       ] GC(1151) Pause Young (Allocation Failure)
[2026-06-17T10:00:49.867+0800][48.730s][info][gc,heap        ] GC(1151) DefNew: 17472K(19648K)->2175K(19648K) Eden: 17472K(17472K)->0K(17472K) From: 0K(2176K)->2175K(2176K)
[2026-06-17T10:00:49.867+0800][48.730s][info][gc,heap        ] GC(1151) Tenured: 22629K(43712K)->27678K(43712K)
[2026-06-17T10:00:49.868+0800][48.731s][info][gc,metaspace   ] GC(1151) Metaspace: 119K(320K)->119K(320K) NonClass: 111K(192K)->111K(192K) Class: 7K(128K)->7K(128K)
[2026-06-17T10:00:49.869+0800][48.731s][info][gc             ] GC(1151) Pause Young (Allocation Failure) 39M->29M(61M) 3.520ms
[2026-06-17T10:00:49.870+0800][48.732s][info][gc,cpu         ] GC(1151) User=0.00s Sys=0.01s Real=0.00s
[2026-06-17T10:00:49.913+0800][48.776s][info][gc,start       ] GC(1152) Pause Young (Allocation Failure)
[2026-06-17T10:00:49.915+0800][48.777s][info][gc,heap        ] GC(1152) DefNew: 19643K(19648K)->1971K(19648K) Eden: 17467K(17472K)->0K(17472K) From: 2175K(2176K)->1971K(2176K)
[2026-06-17T10:00:49.915+0800][48.778s][info][gc,heap        ] GC(1152) Tenured: 27678K(43712K)->31853K(43712K)
[2026-06-17T10:00:49.915+0800][48.778s][info][gc,metaspace   ] GC(1152) Metaspace: 119K(320K)->119K(320K) NonClass: 111K(192K)->111K(192K) Class: 7K(128K)->7K(128K)
[2026-06-17T10:00:49.916+0800][48.779s][info][gc             ] GC(1152) Pause Young (Allocation Failure) 46M->33M(61M) 2.738ms
[2026-06-17T10:00:49.917+0800][48.779s][info][gc,cpu         ] GC(1152) User=0.00s Sys=0.00s Real=0.00s
[2026-06-17T10:00:49.960+0800][48.823s][info][gc,start       ] GC(1153) Pause Young (Allocation Failure)
[2026-06-17T10:00:49.962+0800][48.825s][info][gc,heap        ] GC(1153) DefNew: 19436K(19648K)->2174K(19648K) Eden: 17465K(17472K)->0K(17472K) From: 1971K(2176K)->2174K(2176K)
[2026-06-17T10:00:49.963+0800][48.826s][info][gc,heap        ] GC(1153) Tenured: 31853K(43712K)->38715K(43712K)
[2026-06-17T10:00:49.963+0800][48.826s][info][gc,metaspace   ] GC(1153) Metaspace: 119K(320K)->119K(320K) NonClass: 111K(192K)->111K(192K) Class: 7K(128K)->7K(128K)
[2026-06-17T10:00:49.964+0800][48.827s][info][gc             ] GC(1153) Pause Young (Allocation Failure) 50M->39M(61M) 3.971ms
[2026-06-17T10:00:49.965+0800][48.827s][info][gc,cpu         ] GC(1153) User=0.00s Sys=0.00s Real=0.01s
[2026-06-17T10:00:50.019+0800][48.882s][info][gc,start       ] GC(1154) Pause Young (Allocation Failure)
[2026-06-17T10:00:50.020+0800][48.883s][info][gc             ] GC(1154) Pause Young (Allocation Failure) 56M->56M(61M) 0.827ms
[2026-06-17T10:00:50.021+0800][48.884s][info][gc,cpu         ] GC(1154) User=0.00s Sys=0.00s Real=0.00s
[2026-06-17T10:00:50.021+0800][48.884s][info][gc,start       ] GC(1155) Pause Full (Allocation Failure)
[2026-06-17T10:00:50.022+0800][48.885s][info][gc,phases,start] GC(1155) Phase 1: Mark live objects
[2026-06-17T10:00:50.024+0800][48.886s][info][gc,phases      ] GC(1155) Phase 1: Mark live objects 1.682ms
[2026-06-17T10:00:50.024+0800][48.887s][info][gc,phases,start] GC(1155) Phase 2: Compute new object addresses
[2026-06-17T10:00:50.025+0800][48.888s][info][gc,phases      ] GC(1155) Phase 2: Compute new object addresses 0.984ms
[2026-06-17T10:00:50.026+0800][48.888s][info][gc,phases,start] GC(1155) Phase 3: Adjust pointers
[2026-06-17T10:00:50.027+0800][48.889s][info][gc,phases      ] GC(1155) Phase 3: Adjust pointers 1.205ms
[2026-06-17T10:00:50.027+0800][48.890s][info][gc,phases,start] GC(1155) Phase 4: Move objects
[2026-06-17T10:00:50.029+0800][48.892s][info][gc,phases      ] GC(1155) Phase 4: Move objects 1.842ms
[2026-06-17T10:00:50.030+0800][48.892s][info][gc,heap        ] GC(1155) DefNew: 19623K(19648K)->0K(19648K) Eden: 17449K(17472K)->0K(17472K) From: 2174K(2176K)->0K(2176K)
[2026-06-17T10:00:50.030+0800][48.893s][info][gc,heap        ] GC(1155) Tenured: 38715K(43712K)->23647K(43712K)
[2026-06-17T10:00:50.030+0800][48.893s][info][gc,metaspace   ] GC(1155) Metaspace: 119K(320K)->119K(320K) NonClass: 111K(192K)->111K(192K) Class: 7K(128K)->7K(128K)
[2026-06-17T10:00:50.031+0800][48.894s][info][gc             ] GC(1155) Pause Full (Allocation Failure) 56M->23M(61M) 9.654ms
[2026-06-17T10:00:50.032+0800][48.894s][info][gc,cpu         ] GC(1155) User=0.00s Sys=0.00s Real=0.02s
[2026-06-17T10:00:50.076+0800][48.939s][info][gc,start       ] GC(1156) Pause Young (Allocation Failure)
[2026-06-17T10:00:50.078+0800][48.941s][info][gc,heap        ] GC(1156) DefNew: 17472K(19648K)->2174K(19648K) Eden: 17472K(17472K)->0K(17472K) From: 0K(2176K)->2174K(2176K)
[2026-06-17T10:00:50.079+0800][48.942s][info][gc,heap        ] GC(1156) Tenured: 23647K(43712K)->28678K(43712K)
[2026-06-17T10:00:50.080+0800][48.943s][info][gc,metaspace   ] GC(1156) Metaspace: 119K(320K)->119K(320K) NonClass: 111K(192K)->111K(192K) Class: 7K(128K)->7K(128K)
[2026-06-17T10:00:50.080+0800][48.943s][info][gc             ] GC(1156) Pause Young (Allocation Failure) 40M->30M(61M) 4.603ms
[2026-06-17T10:00:50.081+0800][48.944s][info][gc,cpu         ] GC(1156) User=0.00s Sys=0.00s Real=0.00s
[2026-06-17T10:00:50.124+0800][48.987s][info][gc,start       ] GC(1157) Pause Young (Allocation Failure)
[2026-06-17T10:00:50.125+0800][48.988s][info][gc,heap        ] GC(1157) DefNew: 19643K(19648K)->2170K(19648K) Eden: 17468K(17472K)->0K(17472K) From: 2174K(2176K)->2170K(2176K)
[2026-06-17T10:00:50.126+0800][48.989s][info][gc,heap        ] GC(1157) Tenured: 28678K(43712K)->33345K(43712K)
[2026-06-17T10:00:50.127+0800][48.990s][info][gc,metaspace   ] GC(1157) Metaspace: 119K(320K)->119K(320K) NonClass: 111K(192K)->111K(192K) Class: 7K(128K)->7K(128K)
[2026-06-17T10:00:50.127+0800][48.990s][info][gc             ] GC(1157) Pause Young (Allocation Failure) 47M->34M(61M) 3.473ms
[2026-06-17T10:00:50.128+0800][48.991s][info][gc,cpu         ] GC(1157) User=0.00s Sys=0.00s Real=0.00s
[2026-06-17T10:00:50.170+0800][49.033s][info][gc,start       ] GC(1158) Pause Young (Allocation Failure)
[2026-06-17T10:00:50.171+0800][49.034s][info][gc,heap        ] GC(1158) DefNew: 19594K(19648K)->2173K(19648K) Eden: 17424K(17472K)->0K(17472K) From: 2170K(2176K)->2173K(2176K)
[2026-06-17T10:00:50.172+0800][49.034s][info][gc,heap        ] GC(1158) Tenured: 33345K(43712K)->37006K(43712K)
[2026-06-17T10:00:50.172+0800][49.035s][info][gc,metaspace   ] GC(1158) Metaspace: 119K(320K)->119K(320K) NonClass: 111K(192K)->111K(192K) Class: 7K(128K)->7K(128K)
[2026-06-17T10:00:50.172+0800][49.035s][info][gc             ] GC(1158) Pause Young (Allocation Failure) 51M->38M(61M) 1.782ms
[2026-06-17T10:00:50.172+0800][49.035s][info][gc,cpu         ] GC(1158) User=0.00s Sys=0.00s Real=0.01s
[2026-06-17T10:00:50.215+0800][49.078s][info][gc,start       ] GC(1159) Pause Young (Allocation Failure)
[2026-06-17T10:00:50.218+0800][49.080s][info][gc             ] GC(1159) Pause Young (Allocation Failure) 55M->55M(61M) 2.604ms
[2026-06-17T10:00:50.222+0800][49.084s][info][gc,cpu         ] GC(1159) User=0.00s Sys=0.00s Real=0.00s
[2026-06-17T10:00:50.226+0800][49.088s][info][gc,start       ] GC(1160) Pause Full (Allocation Failure)
[2026-06-17T10:00:50.229+0800][49.092s][info][gc,phases,start] GC(1160) Phase 1: Mark live objects
[2026-06-17T10:00:50.230+0800][49.093s][info][gc,phases      ] GC(1160) Phase 1: Mark live objects 1.082ms
[2026-06-17T10:00:50.231+0800][49.093s][info][gc,phases,start] GC(1160) Phase 2: Compute new object addresses
[2026-06-17T10:00:50.231+0800][49.094s][info][gc,phases      ] GC(1160) Phase 2: Compute new object addresses 0.565ms
[2026-06-17T10:00:50.231+0800][49.094s][info][gc,phases,start] GC(1160) Phase 3: Adjust pointers
[2026-06-17T10:00:50.232+0800][49.095s][info][gc,phases      ] GC(1160) Phase 3: Adjust pointers 0.654ms
[2026-06-17T10:00:50.232+0800][49.095s][info][gc,phases,start] GC(1160) Phase 4: Move objects
[2026-06-17T10:00:50.235+0800][49.097s][info][gc,phases      ] GC(1160) Phase 4: Move objects 2.184ms
[2026-06-17T10:00:50.235+0800][49.098s][info][gc,heap        ] GC(1160) DefNew: 19645K(19648K)->0K(19648K) Eden: 17472K(17472K)->0K(17472K) From: 2173K(2176K)->0K(2176K)
[2026-06-17T10:00:50.235+0800][49.098s][info][gc,heap        ] GC(1160) Tenured: 37006K(43712K)->28455K(43712K)
[2026-06-17T10:00:50.236+0800][49.098s][info][gc,metaspace   ] GC(1160) Metaspace: 119K(320K)->119K(320K) NonClass: 111K(192K)->111K(192K) Class: 7K(128K)->7K(128K)
[2026-06-17T10:00:50.236+0800][49.099s][info][gc             ] GC(1160) Pause Full (Allocation Failure) 55M->27M(61M) 10.556ms
[2026-06-17T10:00:50.236+0800][49.099s][info][gc,cpu         ] GC(1160) User=0.00s Sys=0.00s Real=0.01s
[2026-06-17T10:00:50.289+0800][49.152s][info][gc,start       ] GC(1161) Pause Young (Allocation Failure)
[2026-06-17T10:00:50.294+0800][49.157s][info][gc,heap        ] GC(1161) DefNew: 17440K(19648K)->2106K(19648K) Eden: 17440K(17472K)->0K(17472K) From: 0K(2176K)->2106K(2176K)
[2026-06-17T10:00:50.299+0800][49.161s][info][gc,heap        ] GC(1161) Tenured: 28455K(43712K)->29759K(43712K)
[2026-06-17T10:00:50.299+0800][49.162s][info][gc,metaspace   ] GC(1161) Metaspace: 119K(320K)->119K(320K) NonClass: 111K(192K)->111K(192K) Class: 7K(128K)->7K(128K)
[2026-06-17T10:00:50.299+0800][49.162s][info][gc             ] GC(1161) Pause Young (Allocation Failure) 44M->31M(61M) 10.453ms
[2026-06-17T10:00:50.300+0800][49.162s][info][gc,cpu         ] GC(1161) User=0.00s Sys=0.00s Real=0.01s
[2026-06-17T10:00:50.342+0800][49.205s][info][gc,start       ] GC(1162) Pause Young (Allocation Failure)
[2026-06-17T10:00:50.346+0800][49.209s][info][gc,heap        ] GC(1162) DefNew: 19531K(19648K)->2155K(19648K) Eden: 17425K(17472K)->0K(17472K) From: 2106K(2176K)->2155K(2176K)
[2026-06-17T10:00:50.347+0800][49.209s][info][gc,heap        ] GC(1162) Tenured: 29759K(43712K)->32796K(43712K)
[2026-06-17T10:00:50.347+0800][49.210s][info][gc,metaspace   ] GC(1162) Metaspace: 119K(320K)->119K(320K) NonClass: 111K(192K)->111K(192K) Class: 7K(128K)->7K(128K)
[2026-06-17T10:00:50.347+0800][49.210s][info][gc             ] GC(1162) Pause Young (Allocation Failure) 48M->34M(61M) 4.784ms
[2026-06-17T10:00:50.348+0800][49.210s][info][gc,cpu         ] GC(1162) User=0.00s Sys=0.00s Real=0.01s
[2026-06-17T10:00:50.381+0800][49.244s][info][gc,start       ] GC(1163) Pause Young (Allocation Failure)
[2026-06-17T10:00:50.386+0800][49.249s][info][gc,heap        ] GC(1163) DefNew: 19580K(19648K)->2174K(19648K) Eden: 17424K(17472K)->0K(17472K) From: 2155K(2176K)->2174K(2176K)
[2026-06-17T10:00:50.391+0800][49.254s][info][gc,heap        ] GC(1163) Tenured: 32796K(43712K)->39438K(43712K)
[2026-06-17T10:00:50.397+0800][49.260s][info][gc,metaspace   ] GC(1163) Metaspace: 119K(320K)->119K(320K) NonClass: 111K(192K)->111K(192K) Class: 7K(128K)->7K(128K)
[2026-06-17T10:00:50.402+0800][49.265s][info][gc             ] GC(1163) Pause Young (Allocation Failure) 51M->40M(61M) 21.001ms
[2026-06-17T10:00:50.407+0800][49.269s][info][gc,cpu         ] GC(1163) User=0.00s Sys=0.00s Real=0.03s
[2026-06-17T10:00:50.462+0800][49.325s][info][gc,start       ] GC(1164) Pause Young (Allocation Failure)
[2026-06-17T10:00:50.467+0800][49.330s][info][gc             ] GC(1164) Pause Young (Allocation Failure) 57M->57M(61M) 4.653ms
[2026-06-17T10:00:50.473+0800][49.336s][info][gc,cpu         ] GC(1164) User=0.00s Sys=0.00s Real=0.02s
[2026-06-17T10:00:50.476+0800][49.339s][info][gc,start       ] GC(1165) Pause Full (Allocation Failure)
[2026-06-17T10:00:50.478+0800][49.341s][info][gc,phases,start] GC(1165) Phase 1: Mark live objects
[2026-06-17T10:00:50.480+0800][49.343s][info][gc,phases      ] GC(1165) Phase 1: Mark live objects 2.226ms
[2026-06-17T10:00:50.481+0800][49.344s][info][gc,phases,start] GC(1165) Phase 2: Compute new object addresses
[2026-06-17T10:00:50.483+0800][49.346s][info][gc,phases      ] GC(1165) Phase 2: Compute new object addresses 2.323ms
[2026-06-17T10:00:50.485+0800][49.348s][info][gc,phases,start] GC(1165) Phase 3: Adjust pointers
[2026-06-17T10:00:50.486+0800][49.349s][info][gc,phases      ] GC(1165) Phase 3: Adjust pointers 1.067ms
[2026-06-17T10:00:50.488+0800][49.350s][info][gc,phases,start] GC(1165) Phase 4: Move objects
[2026-06-17T10:00:50.492+0800][49.355s][info][gc,phases      ] GC(1165) Phase 4: Move objects 4.414ms
[2026-06-17T10:00:50.493+0800][49.356s][info][gc,heap        ] GC(1165) DefNew: 19605K(19648K)->0K(19648K) Eden: 17430K(17472K)->0K(17472K) From: 2174K(2176K)->0K(2176K)
[2026-06-17T10:00:50.493+0800][49.356s][info][gc,heap        ] GC(1165) Tenured: 39438K(43712K)->22928K(43712K)
[2026-06-17T10:00:50.494+0800][49.357s][info][gc,metaspace   ] GC(1165) Metaspace: 119K(320K)->119K(320K) NonClass: 111K(192K)->111K(192K) Class: 7K(128K)->7K(128K)
[2026-06-17T10:00:50.498+0800][49.361s][info][gc             ] GC(1165) Pause Full (Allocation Failure) 57M->22M(61M) 21.481ms
[2026-06-17T10:00:50.502+0800][49.365s][info][gc,cpu         ] GC(1165) User=0.00s Sys=0.00s Real=0.02s
[2026-06-17T10:00:50.550+0800][49.413s][info][gc,start       ] GC(1166) Pause Young (Allocation Failure)
[2026-06-17T10:00:50.556+0800][49.418s][info][gc,heap        ] GC(1166) DefNew: 17460K(19648K)->2171K(19648K) Eden: 17460K(17472K)->0K(17472K) From: 0K(2176K)->2171K(2176K)
[2026-06-17T10:00:50.559+0800][49.422s][info][gc,heap        ] GC(1166) Tenured: 22928K(43712K)->27623K(43712K)
[2026-06-17T10:00:50.561+0800][49.424s][info][gc,metaspace   ] GC(1166) Metaspace: 119K(320K)->119K(320K) NonClass: 111K(192K)->111K(192K) Class: 7K(128K)->7K(128K)
[2026-06-17T10:00:50.563+0800][49.426s][info][gc             ] GC(1166) Pause Young (Allocation Failure) 39M->29M(61M) 13.093ms
[2026-06-17T10:00:50.564+0800][49.426s][info][gc,cpu         ] GC(1166) User=0.01s Sys=0.00s Real=0.02s
[2026-06-17T10:00:50.607+0800][49.470s][info][gc,start       ] GC(1167) Pause Young (Allocation Failure)
[2026-06-17T10:00:50.614+0800][49.477s][info][gc,heap        ] GC(1167) DefNew: 19603K(19648K)->2173K(19648K) Eden: 17431K(17472K)->0K(17472K) From: 2171K(2176K)->2173K(2176K)
[2026-06-17T10:00:50.614+0800][49.477s][info][gc,heap        ] GC(1167) Tenured: 27623K(43712K)->31960K(43712K)
[2026-06-17T10:00:50.618+0800][49.481s][info][gc,metaspace   ] GC(1167) Metaspace: 119K(320K)->119K(320K) NonClass: 111K(192K)->111K(192K) Class: 7K(128K)->7K(128K)
[2026-06-17T10:00:50.621+0800][49.484s][info][gc             ] GC(1167) Pause Young (Allocation Failure) 46M->33M(61M) 14.005ms
[2026-06-17T10:00:50.622+0800][49.485s][info][gc,cpu         ] GC(1167) User=0.00s Sys=0.00s Real=0.01s
[2026-06-17T10:00:50.668+0800][49.531s][info][gc,start       ] GC(1168) Pause Young (Allocation Failure)
[2026-06-17T10:00:50.670+0800][49.533s][info][gc,heap        ] GC(1168) DefNew: 19641K(19648K)->2175K(19648K) Eden: 17467K(17472K)->0K(17472K) From: 2173K(2176K)->2175K(2176K)
[2026-06-17T10:00:50.670+0800][49.533s][info][gc,heap        ] GC(1168) Tenured: 31960K(43712K)->35898K(43712K)
[2026-06-17T10:00:50.671+0800][49.533s][info][gc,metaspace   ] GC(1168) Metaspace: 119K(320K)->119K(320K) NonClass: 111K(192K)->111K(192K) Class: 7K(128K)->7K(128K)
[2026-06-17T10:00:50.671+0800][49.534s][info][gc             ] GC(1168) Pause Young (Allocation Failure) 50M->37M(61M) 2.559ms
[2026-06-17T10:00:50.671+0800][49.534s][info][gc,cpu         ] GC(1168) User=0.00s Sys=0.00s Real=0.01s
[2026-06-17T10:00:50.713+0800][49.576s][info][gc,start       ] GC(1169) Pause Young (Allocation Failure)
[2026-06-17T10:00:50.715+0800][49.578s][info][gc,heap        ] GC(1169) DefNew: 19586K(19648K)->2122K(19648K) Eden: 17410K(17472K)->0K(17472K) From: 2175K(2176K)->2122K(2176K)
[2026-06-17T10:00:50.715+0800][49.578s][info][gc,heap        ] GC(1169) Tenured: 35898K(43712K)->41124K(43712K)
[2026-06-17T10:00:50.716+0800][49.578s][info][gc,metaspace   ] GC(1169) Metaspace: 119K(320K)->119K(320K) NonClass: 111K(192K)->111K(192K) Class: 7K(128K)->7K(128K)
[2026-06-17T10:00:50.716+0800][49.579s][info][gc             ] GC(1169) Pause Young (Allocation Failure) 54M->42M(61M) 2.709ms
[2026-06-17T10:00:50.717+0800][49.579s][info][gc,cpu         ] GC(1169) User=0.00s Sys=0.00s Real=0.00s
[2026-06-17T10:00:50.770+0800][49.632s][info][gc,start       ] GC(1170) Pause Young (Allocation Failure)
[2026-06-17T10:00:50.770+0800][49.633s][info][gc             ] GC(1170) Pause Young (Allocation Failure) 59M->59M(61M) 0.627ms
[2026-06-17T10:00:50.771+0800][49.633s][info][gc,cpu         ] GC(1170) User=0.00s Sys=0.00s Real=0.01s
[2026-06-17T10:00:50.771+0800][49.634s][info][gc,start       ] GC(1171) Pause Full (Allocation Failure)
[2026-06-17T10:00:50.772+0800][49.634s][info][gc,phases,start] GC(1171) Phase 1: Mark live objects
[2026-06-17T10:00:50.773+0800][49.636s][info][gc,phases      ] GC(1171) Phase 1: Mark live objects 1.787ms
[2026-06-17T10:00:50.774+0800][49.637s][info][gc,phases,start] GC(1171) Phase 2: Compute new object addresses
[2026-06-17T10:00:50.775+0800][49.638s][info][gc,phases      ] GC(1171) Phase 2: Compute new object addresses 1.050ms
[2026-06-17T10:00:50.775+0800][49.638s][info][gc,phases,start] GC(1171) Phase 3: Adjust pointers
[2026-06-17T10:00:50.776+0800][49.639s][info][gc,phases      ] GC(1171) Phase 3: Adjust pointers 0.844ms
[2026-06-17T10:00:50.777+0800][49.639s][info][gc,phases,start] GC(1171) Phase 4: Move objects
[2026-06-17T10:00:50.779+0800][49.642s][info][gc,phases      ] GC(1171) Phase 4: Move objects 2.522ms
[2026-06-17T10:00:50.779+0800][49.642s][info][gc,heap        ] GC(1171) DefNew: 19552K(19648K)->0K(19648K) Eden: 17429K(17472K)->0K(17472K) From: 2122K(2176K)->0K(2176K)
[2026-06-17T10:00:50.780+0800][49.642s][info][gc,heap        ] GC(1171) Tenured: 41124K(43712K)->27420K(43712K)
[2026-06-17T10:00:50.780+0800][49.643s][info][gc,metaspace   ] GC(1171) Metaspace: 119K(320K)->119K(320K) NonClass: 111K(192K)->111K(192K) Class: 7K(128K)->7K(128K)
[2026-06-17T10:00:50.780+0800][49.643s][info][gc             ] GC(1171) Pause Full (Allocation Failure) 59M->26M(61M) 8.666ms
[2026-06-17T10:00:50.780+0800][49.643s][info][gc,cpu         ] GC(1171) User=0.00s Sys=0.00s Real=0.00s
[2026-06-17T10:00:50.823+0800][49.686s][info][gc,start       ] GC(1172) Pause Young (Allocation Failure)
[2026-06-17T10:00:50.827+0800][49.689s][info][gc,heap        ] GC(1172) DefNew: 17418K(19648K)->2174K(19648K) Eden: 17418K(17472K)->0K(17472K) From: 0K(2176K)->2174K(2176K)
[2026-06-17T10:00:50.827+0800][49.690s][info][gc,heap        ] GC(1172) Tenured: 27420K(43712K)->32168K(43712K)
[2026-06-17T10:00:50.828+0800][49.691s][info][gc,metaspace   ] GC(1172) Metaspace: 119K(320K)->119K(320K) NonClass: 111K(192K)->111K(192K) Class: 7K(128K)->7K(128K)
[2026-06-17T10:00:50.829+0800][49.691s][info][gc             ] GC(1172) Pause Young (Allocation Failure) 43M->33M(61M) 5.447ms
[2026-06-17T10:00:50.829+0800][49.692s][info][gc,cpu         ] GC(1172) User=0.01s Sys=0.00s Real=0.00s
[2026-06-17T10:00:50.874+0800][49.736s][info][gc,start       ] GC(1173) Pause Young (Allocation Failure)
[2026-06-17T10:00:50.875+0800][49.738s][info][gc,heap        ] GC(1173) DefNew: 19646K(19648K)->2175K(19648K) Eden: 17472K(17472K)->0K(17472K) From: 2174K(2176K)->2175K(2176K)
[2026-06-17T10:00:50.876+0800][49.739s][info][gc,heap        ] GC(1173) Tenured: 32168K(43712K)->36577K(43712K)
[2026-06-17T10:00:50.876+0800][49.739s][info][gc,metaspace   ] GC(1173) Metaspace: 119K(320K)->119K(320K) NonClass: 111K(192K)->111K(192K) Class: 7K(128K)->7K(128K)
[2026-06-17T10:00:50.877+0800][49.740s][info][gc             ] GC(1173) Pause Young (Allocation Failure) 50M->37M(61M) 3.418ms
[2026-06-17T10:00:50.877+0800][49.740s][info][gc,cpu         ] GC(1173) User=0.00s Sys=0.00s Real=0.00s
[2026-06-17T10:00:50.921+0800][49.784s][info][gc,start       ] GC(1174) Pause Young (Allocation Failure)
[2026-06-17T10:00:50.921+0800][49.784s][info][gc             ] GC(1174) Pause Young (Allocation Failure) 54M->54M(61M) 0.511ms
[2026-06-17T10:00:50.922+0800][49.785s][info][gc,cpu         ] GC(1174) User=0.00s Sys=0.00s Real=0.00s
[2026-06-17T10:00:50.922+0800][49.785s][info][gc,start       ] GC(1175) Pause Full (Allocation Failure)
[2026-06-17T10:00:50.923+0800][49.786s][info][gc,phases,start] GC(1175) Phase 1: Mark live objects
[2026-06-17T10:00:50.924+0800][49.787s][info][gc,phases      ] GC(1175) Phase 1: Mark live objects 1.295ms
[2026-06-17T10:00:50.924+0800][49.787s][info][gc,phases,start] GC(1175) Phase 2: Compute new object addresses
[2026-06-17T10:00:50.925+0800][49.788s][info][gc,phases      ] GC(1175) Phase 2: Compute new object addresses 0.581ms
[2026-06-17T10:00:50.925+0800][49.788s][info][gc,phases,start] GC(1175) Phase 3: Adjust pointers
[2026-06-17T10:00:50.926+0800][49.789s][info][gc,phases      ] GC(1175) Phase 3: Adjust pointers 0.607ms
[2026-06-17T10:00:50.926+0800][49.789s][info][gc,phases,start] GC(1175) Phase 4: Move objects
[2026-06-17T10:00:50.928+0800][49.791s][info][gc,phases      ] GC(1175) Phase 4: Move objects 2.274ms
[2026-06-17T10:00:50.929+0800][49.792s][info][gc,heap        ] GC(1175) DefNew: 19596K(19648K)->0K(19648K) Eden: 17421K(17472K)->0K(17472K) From: 2175K(2176K)->0K(2176K)
[2026-06-17T10:00:50.929+0800][49.792s][info][gc,heap        ] GC(1175) Tenured: 36577K(43712K)->25546K(43712K)
[2026-06-17T10:00:50.929+0800][49.792s][info][gc,metaspace   ] GC(1175) Metaspace: 119K(320K)->119K(320K) NonClass: 111K(192K)->111K(192K) Class: 7K(128K)->7K(128K)
[2026-06-17T10:00:50.929+0800][49.792s][info][gc             ] GC(1175) Pause Full (Allocation Failure) 54M->24M(61M) 7.355ms
[2026-06-17T10:00:50.930+0800][49.792s][info][gc,cpu         ] GC(1175) User=0.01s Sys=0.00s Real=0.01s
[2026-06-17T10:00:50.983+0800][49.846s][info][gc,start       ] GC(1176) Pause Young (Allocation Failure)
[2026-06-17T10:00:50.984+0800][49.847s][info][gc,heap        ] GC(1176) DefNew: 17438K(19648K)->2140K(19648K) Eden: 17438K(17472K)->0K(17472K) From: 0K(2176K)->2140K(2176K)
[2026-06-17T10:00:50.985+0800][49.847s][info][gc,heap        ] GC(1176) Tenured: 25546K(43712K)->27135K(43712K)
[2026-06-17T10:00:50.985+0800][49.848s][info][gc,metaspace   ] GC(1176) Metaspace: 119K(320K)->119K(320K) NonClass: 111K(192K)->111K(192K) Class: 7K(128K)->7K(128K)
[2026-06-17T10:00:50.985+0800][49.848s][info][gc             ] GC(1176) Pause Young (Allocation Failure) 41M->28M(61M) 2.358ms
[2026-06-17T10:00:50.985+0800][49.848s][info][gc,cpu         ] GC(1176) User=0.00s Sys=0.00s Real=0.00s
[2026-06-17T10:00:51.029+0800][49.892s][info][gc,start       ] GC(1177) Pause Young (Allocation Failure)
[2026-06-17T10:00:51.031+0800][49.894s][info][gc,heap        ] GC(1177) DefNew: 19589K(19648K)->2116K(19648K) Eden: 17449K(17472K)->0K(17472K) From: 2140K(2176K)->2116K(2176K)
[2026-06-17T10:00:51.031+0800][49.894s][info][gc,heap        ] GC(1177) Tenured: 27135K(43712K)->30775K(43712K)
[2026-06-17T10:00:51.032+0800][49.895s][info][gc,metaspace   ] GC(1177) Metaspace: 119K(320K)->119K(320K) NonClass: 111K(192K)->111K(192K) Class: 7K(128K)->7K(128K)
[2026-06-17T10:00:51.032+0800][49.895s][info][gc             ] GC(1177) Pause Young (Allocation Failure) 45M->32M(61M) 3.536ms
[2026-06-17T10:00:51.033+0800][49.896s][info][gc,cpu         ] GC(1177) User=0.00s Sys=0.00s Real=0.01s
[2026-06-17T10:00:51.067+0800][49.929s][info][gc,start       ] GC(1178) Pause Young (Allocation Failure)
[2026-06-17T10:00:51.068+0800][49.931s][info][gc,heap        ] GC(1178) DefNew: 18468K(19648K)->2164K(19648K) Eden: 16352K(17472K)->0K(17472K) From: 2116K(2176K)->2164K(2176K)
[2026-06-17T10:00:51.069+0800][49.931s][info][gc,heap        ] GC(1178) Tenured: 30775K(43712K)->33524K(43712K)
[2026-06-17T10:00:51.069+0800][49.932s][info][gc,metaspace   ] GC(1178) Metaspace: 119K(320K)->119K(320K) NonClass: 111K(192K)->111K(192K) Class: 7K(128K)->7K(128K)
[2026-06-17T10:00:51.070+0800][49.932s][info][gc             ] GC(1178) Pause Young (Allocation Failure) 48M->34M(61M) 3.086ms
[2026-06-17T10:00:51.070+0800][49.933s][info][gc,cpu         ] GC(1178) User=0.00s Sys=0.00s Real=0.00s
[2026-06-17T10:00:51.114+0800][49.977s][info][gc,start       ] GC(1179) Pause Young (Allocation Failure)
[2026-06-17T10:00:51.117+0800][49.980s][info][gc,heap        ] GC(1179) DefNew: 19636K(19648K)->2175K(19648K) Eden: 17472K(17472K)->0K(17472K) From: 2164K(2176K)->2175K(2176K)
[2026-06-17T10:00:51.118+0800][49.980s][info][gc,heap        ] GC(1179) Tenured: 33524K(43712K)->40572K(43712K)
[2026-06-17T10:00:51.118+0800][49.981s][info][gc,metaspace   ] GC(1179) Metaspace: 119K(320K)->119K(320K) NonClass: 111K(192K)->111K(192K) Class: 7K(128K)->7K(128K)
[2026-06-17T10:00:51.119+0800][49.982s][info][gc             ] GC(1179) Pause Young (Allocation Failure) 51M->41M(61M) 4.614ms
[2026-06-17T10:00:51.120+0800][49.982s][info][gc,cpu         ] GC(1179) User=0.00s Sys=0.00s Real=0.00s
[2026-06-17T10:00:51.174+0800][50.037s][info][gc,start       ] GC(1180) Pause Young (Allocation Failure)
[2026-06-17T10:00:51.175+0800][50.038s][info][gc             ] GC(1180) Pause Young (Allocation Failure) 58M->58M(61M) 0.863ms
[2026-06-17T10:00:51.176+0800][50.039s][info][gc,cpu         ] GC(1180) User=0.00s Sys=0.00s Real=0.00s
[2026-06-17T10:00:51.176+0800][50.039s][info][gc,start       ] GC(1181) Pause Full (Allocation Failure)
[2026-06-17T10:00:51.177+0800][50.040s][info][gc,phases,start] GC(1181) Phase 1: Mark live objects
[2026-06-17T10:00:51.179+0800][50.042s][info][gc,phases      ] GC(1181) Phase 1: Mark live objects 2.290ms
[2026-06-17T10:00:51.181+0800][50.043s][info][gc,phases,start] GC(1181) Phase 2: Compute new object addresses
[2026-06-17T10:00:51.182+0800][50.045s][info][gc,phases      ] GC(1181) Phase 2: Compute new object addresses 1.284ms
[2026-06-17T10:00:51.183+0800][50.046s][info][gc,phases,start] GC(1181) Phase 3: Adjust pointers
[2026-06-17T10:00:51.184+0800][50.047s][info][gc,phases      ] GC(1181) Phase 3: Adjust pointers 1.305ms
[2026-06-17T10:00:51.185+0800][50.048s][info][gc,phases,start] GC(1181) Phase 4: Move objects
[2026-06-17T10:00:51.189+0800][50.052s][info][gc,phases      ] GC(1181) Phase 4: Move objects 3.935ms
[2026-06-17T10:00:51.194+0800][50.057s][info][gc,heap        ] GC(1181) DefNew: 19636K(19648K)->0K(19648K) Eden: 17460K(17472K)->0K(17472K) From: 2175K(2176K)->0K(2176K)
[2026-06-17T10:00:51.195+0800][50.058s][info][gc,heap        ] GC(1181) Tenured: 40572K(43712K)->32631K(43712K)
[2026-06-17T10:00:51.196+0800][50.059s][info][gc,metaspace   ] GC(1181) Metaspace: 119K(320K)->119K(320K) NonClass: 111K(192K)->111K(192K) Class: 7K(128K)->7K(128K)
[2026-06-17T10:00:51.196+0800][50.059s][info][gc             ] GC(1181) Pause Full (Allocation Failure) 58M->31M(61M) 20.004ms
[2026-06-17T10:00:51.197+0800][50.060s][info][gc,cpu         ] GC(1181) User=0.01s Sys=0.00s Real=0.02s
[2026-06-17T10:00:51.240+0800][50.103s][info][gc,start       ] GC(1182) Pause Young (Allocation Failure)
[2026-06-17T10:00:51.242+0800][50.105s][info][gc,heap        ] GC(1182) DefNew: 17469K(19648K)->2174K(19648K) Eden: 17469K(17472K)->0K(17472K) From: 0K(2176K)->2174K(2176K)
[2026-06-17T10:00:51.242+0800][50.105s][info][gc,heap        ] GC(1182) Tenured: 32631K(43712K)->38098K(43712K)
[2026-06-17T10:00:51.243+0800][50.105s][info][gc,metaspace   ] GC(1182) Metaspace: 119K(320K)->119K(320K) NonClass: 111K(192K)->111K(192K) Class: 7K(128K)->7K(128K)
[2026-06-17T10:00:51.243+0800][50.106s][info][gc             ] GC(1182) Pause Young (Allocation Failure) 48M->39M(61M) 2.928ms
[2026-06-17T10:00:51.243+0800][50.106s][info][gc,cpu         ] GC(1182) User=0.00s Sys=0.00s Real=0.01s
[2026-06-17T10:00:51.287+0800][50.149s][info][gc,start       ] GC(1183) Pause Young (Allocation Failure)
[2026-06-17T10:00:51.288+0800][50.150s][info][gc             ] GC(1183) Pause Young (Allocation Failure) 56M->56M(61M) 1.023ms
[2026-06-17T10:00:51.289+0800][50.151s][info][gc,cpu         ] GC(1183) User=0.01s Sys=0.00s Real=0.00s
[2026-06-17T10:00:51.289+0800][50.152s][info][gc,start       ] GC(1184) Pause Full (Allocation Failure)
[2026-06-17T10:00:51.290+0800][50.153s][info][gc,phases,start] GC(1184) Phase 1: Mark live objects
[2026-06-17T10:00:51.292+0800][50.155s][info][gc,phases      ] GC(1184) Phase 1: Mark live objects 1.924ms
[2026-06-17T10:00:51.293+0800][50.156s][info][gc,phases,start] GC(1184) Phase 2: Compute new object addresses
[2026-06-17T10:00:51.294+0800][50.157s][info][gc,phases      ] GC(1184) Phase 2: Compute new object addresses 1.357ms
[2026-06-17T10:00:51.295+0800][50.158s][info][gc,phases,start] GC(1184) Phase 3: Adjust pointers
[2026-06-17T10:00:51.296+0800][50.159s][info][gc,phases      ] GC(1184) Phase 3: Adjust pointers 1.218ms
[2026-06-17T10:00:51.297+0800][50.160s][info][gc,phases,start] GC(1184) Phase 4: Move objects
[2026-06-17T10:00:51.300+0800][50.163s][info][gc,phases      ] GC(1184) Phase 4: Move objects 3.004ms
[2026-06-17T10:00:51.301+0800][50.163s][info][gc,heap        ] GC(1184) DefNew: 19600K(19648K)->0K(19648K) Eden: 17426K(17472K)->0K(17472K) From: 2174K(2176K)->0K(2176K)
[2026-06-17T10:00:51.302+0800][50.164s][info][gc,heap        ] GC(1184) Tenured: 38098K(43712K)->31172K(43712K)
[2026-06-17T10:00:51.302+0800][50.165s][info][gc,metaspace   ] GC(1184) Metaspace: 119K(320K)->119K(320K) NonClass: 111K(192K)->111K(192K) Class: 7K(128K)->7K(128K)
[2026-06-17T10:00:51.303+0800][50.166s][info][gc             ] GC(1184) Pause Full (Allocation Failure) 56M->30M(61M) 13.569ms
[2026-06-17T10:00:51.304+0800][50.167s][info][gc,cpu         ] GC(1184) User=0.00s Sys=0.00s Real=0.02s
[2026-06-17T10:00:51.348+0800][50.210s][info][gc,start       ] GC(1185) Pause Young (Allocation Failure)
[2026-06-17T10:00:51.350+0800][50.212s][info][gc,heap        ] GC(1185) DefNew: 17472K(19648K)->2175K(19648K) Eden: 17472K(17472K)->0K(17472K) From: 0K(2176K)->2175K(2176K)
[2026-06-17T10:00:51.350+0800][50.213s][info][gc,heap        ] GC(1185) Tenured: 31172K(43712K)->36193K(43712K)
[2026-06-17T10:00:51.352+0800][50.214s][info][gc,metaspace   ] GC(1185) Metaspace: 119K(320K)->119K(320K) NonClass: 111K(192K)->111K(192K) Class: 7K(128K)->7K(128K)
[2026-06-17T10:00:51.352+0800][50.215s][info][gc             ] GC(1185) Pause Young (Allocation Failure) 47M->37M(61M) 4.779ms
[2026-06-17T10:00:51.353+0800][50.216s][info][gc,cpu         ] GC(1185) User=0.00s Sys=0.00s Real=0.01s
[2026-06-17T10:00:51.397+0800][50.259s][info][gc,start       ] GC(1186) Pause Young (Allocation Failure)
[2026-06-17T10:00:51.398+0800][50.261s][info][gc             ] GC(1186) Pause Young (Allocation Failure) 54M->54M(61M) 1.451ms
[2026-06-17T10:00:51.399+0800][50.262s][info][gc,cpu         ] GC(1186) User=0.00s Sys=0.00s Real=0.00s
[2026-06-17T10:00:51.400+0800][50.262s][info][gc,start       ] GC(1187) Pause Full (Allocation Failure)
[2026-06-17T10:00:51.400+0800][50.263s][info][gc,phases,start] GC(1187) Phase 1: Mark live objects
[2026-06-17T10:00:51.402+0800][50.265s][info][gc,phases      ] GC(1187) Phase 1: Mark live objects 1.639ms
[2026-06-17T10:00:51.403+0800][50.265s][info][gc,phases,start] GC(1187) Phase 2: Compute new object addresses
[2026-06-17T10:00:51.404+0800][50.266s][info][gc,phases      ] GC(1187) Phase 2: Compute new object addresses 1.116ms
[2026-06-17T10:00:51.404+0800][50.267s][info][gc,phases,start] GC(1187) Phase 3: Adjust pointers
[2026-06-17T10:00:51.406+0800][50.268s][info][gc,phases      ] GC(1187) Phase 3: Adjust pointers 1.146ms
[2026-06-17T10:00:51.406+0800][50.269s][info][gc,phases,start] GC(1187) Phase 4: Move objects
[2026-06-17T10:00:51.409+0800][50.271s][info][gc,phases      ] GC(1187) Phase 4: Move objects 2.280ms
[2026-06-17T10:00:51.409+0800][50.272s][info][gc,heap        ] GC(1187) DefNew: 19647K(19648K)->0K(19648K) Eden: 17472K(17472K)->0K(17472K) From: 2175K(2176K)->0K(2176K)
[2026-06-17T10:00:51.410+0800][50.272s][info][gc,heap        ] GC(1187) Tenured: 36193K(43712K)->26753K(43712K)
[2026-06-17T10:00:51.410+0800][50.273s][info][gc,metaspace   ] GC(1187) Metaspace: 119K(320K)->119K(320K) NonClass: 111K(192K)->111K(192K) Class: 7K(128K)->7K(128K)
[2026-06-17T10:00:51.411+0800][50.274s][info][gc             ] GC(1187) Pause Full (Allocation Failure) 54M->26M(61M) 11.325ms
[2026-06-17T10:00:51.412+0800][50.274s][info][gc,cpu         ] GC(1187) User=0.00s Sys=0.00s Real=0.02s
[2026-06-17T10:00:51.455+0800][50.318s][info][gc,start       ] GC(1188) Pause Young (Allocation Failure)
[2026-06-17T10:00:51.456+0800][50.319s][info][gc,heap        ] GC(1188) DefNew: 17433K(19648K)->2168K(19648K) Eden: 17433K(17472K)->0K(17472K) From: 0K(2176K)->2168K(2176K)
[2026-06-17T10:00:51.457+0800][50.320s][info][gc,heap        ] GC(1188) Tenured: 26753K(43712K)->30996K(43712K)
[2026-06-17T10:00:51.457+0800][50.320s][info][gc,metaspace   ] GC(1188) Metaspace: 119K(320K)->119K(320K) NonClass: 111K(192K)->111K(192K) Class: 7K(128K)->7K(128K)
[2026-06-17T10:00:51.458+0800][50.321s][info][gc             ] GC(1188) Pause Young (Allocation Failure) 43M->32M(61M) 2.930ms
[2026-06-17T10:00:51.459+0800][50.321s][info][gc,cpu         ] GC(1188) User=0.00s Sys=0.00s Real=0.00s
[2026-06-17T10:00:51.502+0800][50.364s][info][gc,start       ] GC(1189) Pause Young (Allocation Failure)
[2026-06-17T10:00:51.503+0800][50.366s][info][gc,heap        ] GC(1189) DefNew: 19640K(19648K)->2087K(19648K) Eden: 17472K(17472K)->0K(17472K) From: 2168K(2176K)->2087K(2176K)
[2026-06-17T10:00:51.504+0800][50.366s][info][gc,heap        ] GC(1189) Tenured: 30996K(43712K)->32828K(43712K)
[2026-06-17T10:00:51.504+0800][50.367s][info][gc,metaspace   ] GC(1189) Metaspace: 119K(320K)->119K(320K) NonClass: 111K(192K)->111K(192K) Class: 7K(128K)->7K(128K)
[2026-06-17T10:00:51.505+0800][50.368s][info][gc             ] GC(1189) Pause Young (Allocation Failure) 49M->34M(61M) 3.669ms
[2026-06-17T10:00:51.506+0800][50.368s][info][gc,cpu         ] GC(1189) User=0.00s Sys=0.00s Real=0.01s
[2026-06-17T10:00:51.549+0800][50.412s][info][gc,start       ] GC(1190) Pause Young (Allocation Failure)
[2026-06-17T10:00:51.552+0800][50.414s][info][gc,heap        ] GC(1190) DefNew: 19536K(19648K)->2168K(19648K) Eden: 17449K(17472K)->0K(17472K) From: 2087K(2176K)->2168K(2176K)
[2026-06-17T10:00:51.552+0800][50.415s][info][gc,heap        ] GC(1190) Tenured: 32828K(43712K)->39678K(43712K)
[2026-06-17T10:00:51.553+0800][50.415s][info][gc,metaspace   ] GC(1190) Metaspace: 119K(320K)->119K(320K) NonClass: 111K(192K)->111K(192K) Class: 7K(128K)->7K(128K)
[2026-06-17T10:00:51.553+0800][50.416s][info][gc             ] GC(1190) Pause Young (Allocation Failure) 51M->40M(61M) 3.733ms
[2026-06-17T10:00:51.554+0800][50.416s][info][gc,cpu         ] GC(1190) User=0.00s Sys=0.00s Real=0.01s
[2026-06-17T10:00:51.607+0800][50.469s][info][gc,start       ] GC(1191) Pause Young (Allocation Failure)
[2026-06-17T10:00:51.607+0800][50.470s][info][gc             ] GC(1191) Pause Young (Allocation Failure) 57M->57M(61M) 0.665ms
[2026-06-17T10:00:51.608+0800][50.471s][info][gc,cpu         ] GC(1191) User=0.00s Sys=0.00s Real=0.00s
[2026-06-17T10:00:51.609+0800][50.471s][info][gc,start       ] GC(1192) Pause Full (Allocation Failure)
[2026-06-17T10:00:51.609+0800][50.472s][info][gc,phases,start] GC(1192) Phase 1: Mark live objects
[2026-06-17T10:00:51.611+0800][50.473s][info][gc,phases      ] GC(1192) Phase 1: Mark live objects 1.489ms
[2026-06-17T10:00:51.611+0800][50.474s][info][gc,phases,start] GC(1192) Phase 2: Compute new object addresses
[2026-06-17T10:00:51.612+0800][50.475s][info][gc,phases      ] GC(1192) Phase 2: Compute new object addresses 0.921ms
[2026-06-17T10:00:51.613+0800][50.475s][info][gc,phases,start] GC(1192) Phase 3: Adjust pointers
[2026-06-17T10:00:51.614+0800][50.476s][info][gc,phases      ] GC(1192) Phase 3: Adjust pointers 0.975ms
[2026-06-17T10:00:51.614+0800][50.477s][info][gc,phases,start] GC(1192) Phase 4: Move objects
[2026-06-17T10:00:51.617+0800][50.480s][info][gc,phases      ] GC(1192) Phase 4: Move objects 2.479ms
[2026-06-17T10:00:51.618+0800][50.480s][info][gc,heap        ] GC(1192) DefNew: 19640K(19648K)->0K(19648K) Eden: 17472K(17472K)->0K(17472K) From: 2168K(2176K)->0K(2176K)
[2026-06-17T10:00:51.618+0800][50.481s][info][gc,heap        ] GC(1192) Tenured: 39678K(43712K)->20980K(43712K)
[2026-06-17T10:00:51.618+0800][50.481s][info][gc,metaspace   ] GC(1192) Metaspace: 119K(320K)->119K(320K) NonClass: 111K(192K)->111K(192K) Class: 7K(128K)->7K(128K)
[2026-06-17T10:00:51.619+0800][50.482s][info][gc             ] GC(1192) Pause Full (Allocation Failure) 57M->20M(61M) 10.442ms
[2026-06-17T10:00:51.619+0800][50.482s][info][gc,cpu         ] GC(1192) User=0.00s Sys=0.00s Real=0.01s
[2026-06-17T10:00:51.652+0800][50.515s][info][gc,start       ] GC(1193) Pause Young (Allocation Failure)
[2026-06-17T10:00:51.654+0800][50.517s][info][gc,heap        ] GC(1193) DefNew: 17197K(19648K)->2165K(19648K) Eden: 17197K(17472K)->0K(17472K) From: 0K(2176K)->2165K(2176K)
[2026-06-17T10:00:51.655+0800][50.517s][info][gc,heap        ] GC(1193) Tenured: 20980K(43712K)->25005K(43712K)
[2026-06-17T10:00:51.655+0800][50.518s][info][gc,metaspace   ] GC(1193) Metaspace: 119K(320K)->119K(320K) NonClass: 111K(192K)->111K(192K) Class: 7K(128K)->7K(128K)
[2026-06-17T10:00:51.656+0800][50.518s][info][gc             ] GC(1193) Pause Young (Allocation Failure) 37M->26M(61M) 3.817ms
[2026-06-17T10:00:51.657+0800][50.520s][info][gc,cpu         ] GC(1193) User=0.00s Sys=0.00s Real=0.00s
[2026-06-17T10:00:51.710+0800][50.573s][info][gc,start       ] GC(1194) Pause Young (Allocation Failure)
[2026-06-17T10:00:51.711+0800][50.574s][info][gc,heap        ] GC(1194) DefNew: 19624K(19648K)->2140K(19648K) Eden: 17458K(17472K)->0K(17472K) From: 2165K(2176K)->2140K(2176K)
[2026-06-17T10:00:51.712+0800][50.575s][info][gc,heap        ] GC(1194) Tenured: 25005K(43712K)->28372K(43712K)
[2026-06-17T10:00:51.713+0800][50.575s][info][gc,metaspace   ] GC(1194) Metaspace: 119K(320K)->119K(320K) NonClass: 111K(192K)->111K(192K) Class: 7K(128K)->7K(128K)
[2026-06-17T10:00:51.713+0800][50.576s][info][gc             ] GC(1194) Pause Young (Allocation Failure) 43M->29M(61M) 3.096ms
[2026-06-17T10:00:51.714+0800][50.576s][info][gc,cpu         ] GC(1194) User=0.00s Sys=0.00s Real=0.01s
[2026-06-17T10:00:51.756+0800][50.619s][info][gc,start       ] GC(1195) Pause Young (Allocation Failure)
[2026-06-17T10:00:51.758+0800][50.620s][info][gc,heap        ] GC(1195) DefNew: 19589K(19648K)->2171K(19648K) Eden: 17448K(17472K)->0K(17472K) From: 2140K(2176K)->2171K(2176K)
[2026-06-17T10:00:51.758+0800][50.621s][info][gc,heap        ] GC(1195) Tenured: 28372K(43712K)->31980K(43712K)
[2026-06-17T10:00:51.759+0800][50.622s][info][gc,metaspace   ] GC(1195) Metaspace: 119K(320K)->119K(320K) NonClass: 111K(192K)->111K(192K) Class: 7K(128K)->7K(128K)
[2026-06-17T10:00:51.759+0800][50.622s][info][gc             ] GC(1195) Pause Young (Allocation Failure) 46M->33M(61M) 3.058ms
[2026-06-17T10:00:51.760+0800][50.622s][info][gc,cpu         ] GC(1195) User=0.00s Sys=0.00s Real=0.00s
[2026-06-17T10:00:51.802+0800][50.665s][info][gc,start       ] GC(1196) Pause Young (Allocation Failure)
[2026-06-17T10:00:51.804+0800][50.667s][info][gc,heap        ] GC(1196) DefNew: 19629K(19648K)->2095K(19648K) Eden: 17457K(17472K)->0K(17472K) From: 2171K(2176K)->2095K(2176K)
[2026-06-17T10:00:51.804+0800][50.667s][info][gc,heap        ] GC(1196) Tenured: 31980K(43712K)->35482K(43712K)
[2026-06-17T10:00:51.805+0800][50.668s][info][gc,metaspace   ] GC(1196) Metaspace: 119K(320K)->119K(320K) NonClass: 111K(192K)->111K(192K) Class: 7K(128K)->7K(128K)
[2026-06-17T10:00:51.805+0800][50.668s][info][gc             ] GC(1196) Pause Young (Allocation Failure) 50M->36M(61M) 3.192ms
[2026-06-17T10:00:51.806+0800][50.669s][info][gc,cpu         ] GC(1196) User=0.01s Sys=0.00s Real=0.01s
[2026-06-17T10:00:51.849+0800][50.712s][info][gc,start       ] GC(1197) Pause Young (Allocation Failure)
[2026-06-17T10:00:51.851+0800][50.714s][info][gc,heap        ] GC(1197) DefNew: 19555K(19648K)->2174K(19648K) Eden: 17460K(17472K)->0K(17472K) From: 2095K(2176K)->2174K(2176K)
[2026-06-17T10:00:51.852+0800][50.714s][info][gc,heap        ] GC(1197) Tenured: 35482K(43712K)->38848K(43712K)
[2026-06-17T10:00:51.852+0800][50.715s][info][gc,metaspace   ] GC(1197) Metaspace: 119K(320K)->119K(320K) NonClass: 111K(192K)->111K(192K) Class: 7K(128K)->7K(128K)
[2026-06-17T10:00:51.853+0800][50.716s][info][gc             ] GC(1197) Pause Young (Allocation Failure) 53M->40M(61M) 4.293ms
[2026-06-17T10:00:51.854+0800][50.716s][info][gc,cpu         ] GC(1197) User=0.00s Sys=0.00s Real=0.01s
[2026-06-17T10:00:51.897+0800][50.760s][info][gc,start       ] GC(1198) Pause Young (Allocation Failure)
[2026-06-17T10:00:51.899+0800][50.761s][info][gc             ] GC(1198) Pause Young (Allocation Failure) 56M->56M(61M) 1.159ms
[2026-06-17T10:00:51.899+0800][50.762s][info][gc,cpu         ] GC(1198) User=0.00s Sys=0.00s Real=0.00s
[2026-06-17T10:00:51.900+0800][50.763s][info][gc,start       ] GC(1199) Pause Full (Allocation Failure)
[2026-06-17T10:00:51.900+0800][50.763s][info][gc,phases,start] GC(1199) Phase 1: Mark live objects
[2026-06-17T10:00:51.902+0800][50.765s][info][gc,phases      ] GC(1199) Phase 1: Mark live objects 1.395ms
[2026-06-17T10:00:51.902+0800][50.765s][info][gc,phases,start] GC(1199) Phase 2: Compute new object addresses
[2026-06-17T10:00:51.903+0800][50.766s][info][gc,phases      ] GC(1199) Phase 2: Compute new object addresses 0.649ms
[2026-06-17T10:00:51.903+0800][50.766s][info][gc,phases,start] GC(1199) Phase 3: Adjust pointers
[2026-06-17T10:00:51.904+0800][50.767s][info][gc,phases      ] GC(1199) Phase 3: Adjust pointers 0.703ms
[2026-06-17T10:00:51.904+0800][50.767s][info][gc,phases,start] GC(1199) Phase 4: Move objects
[2026-06-17T10:00:51.907+0800][50.770s][info][gc,phases      ] GC(1199) Phase 4: Move objects 2.543ms
[2026-06-17T10:00:51.908+0800][50.770s][info][gc,heap        ] GC(1199) DefNew: 19482K(19648K)->0K(19648K) Eden: 17308K(17472K)->0K(17472K) From: 2174K(2176K)->0K(2176K)
[2026-06-17T10:00:51.908+0800][50.771s][info][gc,heap        ] GC(1199) Tenured: 38848K(43712K)->27448K(43712K)
[2026-06-17T10:00:51.908+0800][50.771s][info][gc,metaspace   ] GC(1199) Metaspace: 119K(320K)->119K(320K) NonClass: 111K(192K)->111K(192K) Class: 7K(128K)->7K(128K)
[2026-06-17T10:00:51.909+0800][50.772s][info][gc             ] GC(1199) Pause Full (Allocation Failure) 56M->26M(61M) 8.979ms
[2026-06-17T10:00:51.909+0800][50.772s][info][gc,cpu         ] GC(1199) User=0.00s Sys=0.00s Real=0.01s
[2026-06-17T10:00:51.953+0800][50.816s][info][gc,start       ] GC(1200) Pause Young (Allocation Failure)
[2026-06-17T10:00:51.955+0800][50.818s][info][gc,heap        ] GC(1200) DefNew: 17447K(19648K)->2170K(19648K) Eden: 17447K(17472K)->0K(17472K) From: 0K(2176K)->2170K(2176K)
[2026-06-17T10:00:51.956+0800][50.819s][info][gc,heap        ] GC(1200) Tenured: 27448K(43712K)->32581K(43712K)
[2026-06-17T10:00:51.957+0800][50.820s][info][gc,metaspace   ] GC(1200) Metaspace: 119K(320K)->119K(320K) NonClass: 111K(192K)->111K(192K) Class: 7K(128K)->7K(128K)
[2026-06-17T10:00:51.958+0800][50.821s][info][gc             ] GC(1200) Pause Young (Allocation Failure) 43M->33M(61M) 4.904ms
[2026-06-17T10:00:51.958+0800][50.821s][info][gc,cpu         ] GC(1200) User=0.00s Sys=0.00s Real=0.00s
[2026-06-17T10:00:52.012+0800][50.875s][info][gc,start       ] GC(1201) Pause Young (Allocation Failure)
[2026-06-17T10:00:52.013+0800][50.876s][info][gc,heap        ] GC(1201) DefNew: 19625K(19648K)->2092K(19648K) Eden: 17455K(17472K)->0K(17472K) From: 2170K(2176K)->2092K(2176K)
[2026-06-17T10:00:52.015+0800][50.877s][info][gc,heap        ] GC(1201) Tenured: 32581K(43712K)->34948K(43712K)
[2026-06-17T10:00:52.015+0800][50.878s][info][gc,metaspace   ] GC(1201) Metaspace: 119K(320K)->119K(320K) NonClass: 111K(192K)->111K(192K) Class: 7K(128K)->7K(128K)
[2026-06-17T10:00:52.016+0800][50.879s][info][gc             ] GC(1201) Pause Young (Allocation Failure) 50M->36M(61M) 4.313ms
[2026-06-17T10:00:52.017+0800][50.879s][info][gc,cpu         ] GC(1201) User=0.00s Sys=0.00s Real=0.00s
[2026-06-17T10:00:52.060+0800][50.923s][info][gc,start       ] GC(1202) Pause Young (Allocation Failure)
[2026-06-17T10:00:52.061+0800][50.924s][info][gc,heap        ] GC(1202) DefNew: 19564K(19648K)->2129K(19648K) Eden: 17472K(17472K)->0K(17472K) From: 2092K(2176K)->2129K(2176K)
[2026-06-17T10:00:52.062+0800][50.925s][info][gc,heap        ] GC(1202) Tenured: 34948K(43712K)->38663K(43712K)
[2026-06-17T10:00:52.063+0800][50.925s][info][gc,metaspace   ] GC(1202) Metaspace: 119K(320K)->119K(320K) NonClass: 111K(192K)->111K(192K) Class: 7K(128K)->7K(128K)
[2026-06-17T10:00:52.063+0800][50.926s][info][gc             ] GC(1202) Pause Young (Allocation Failure) 53M->39M(61M) 3.155ms
[2026-06-17T10:00:52.065+0800][50.928s][info][gc,cpu         ] GC(1202) User=0.00s Sys=0.00s Real=0.01s
[2026-06-17T10:00:52.108+0800][50.971s][info][gc,start       ] GC(1203) Pause Young (Allocation Failure)
[2026-06-17T10:00:52.109+0800][50.972s][info][gc             ] GC(1203) Pause Young (Allocation Failure) 56M->56M(61M) 0.557ms
[2026-06-17T10:00:52.109+0800][50.972s][info][gc,cpu         ] GC(1203) User=0.01s Sys=0.00s Real=0.00s
[2026-06-17T10:00:52.110+0800][50.972s][info][gc,start       ] GC(1204) Pause Full (Allocation Failure)
[2026-06-17T10:00:52.110+0800][50.973s][info][gc,phases,start] GC(1204) Phase 1: Mark live objects
[2026-06-17T10:00:52.112+0800][50.975s][info][gc,phases      ] GC(1204) Phase 1: Mark live objects 1.616ms
[2026-06-17T10:00:52.112+0800][50.975s][info][gc,phases,start] GC(1204) Phase 2: Compute new object addresses
[2026-06-17T10:00:52.113+0800][50.976s][info][gc,phases      ] GC(1204) Phase 2: Compute new object addresses 0.879ms
[2026-06-17T10:00:52.114+0800][50.977s][info][gc,phases,start] GC(1204) Phase 3: Adjust pointers
[2026-06-17T10:00:52.115+0800][50.978s][info][gc,phases      ] GC(1204) Phase 3: Adjust pointers 1.630ms
[2026-06-17T10:00:52.116+0800][50.979s][info][gc,phases,start] GC(1204) Phase 4: Move objects
[2026-06-17T10:00:52.119+0800][50.981s][info][gc,phases      ] GC(1204) Phase 4: Move objects 2.824ms
[2026-06-17T10:00:52.119+0800][50.982s][info][gc,heap        ] GC(1204) DefNew: 19595K(19648K)->0K(19648K) Eden: 17466K(17472K)->0K(17472K) From: 2129K(2176K)->0K(2176K)
[2026-06-17T10:00:52.120+0800][50.982s][info][gc,heap        ] GC(1204) Tenured: 38663K(43712K)->34051K(43712K)
[2026-06-17T10:00:52.120+0800][50.983s][info][gc,metaspace   ] GC(1204) Metaspace: 119K(320K)->119K(320K) NonClass: 111K(192K)->111K(192K) Class: 7K(128K)->7K(128K)
[2026-06-17T10:00:52.121+0800][50.984s][info][gc             ] GC(1204) Pause Full (Allocation Failure) 56M->33M(61M) 11.239ms
[2026-06-17T10:00:52.121+0800][50.984s][info][gc,cpu         ] GC(1204) User=0.00s Sys=0.00s Real=0.01s
[2026-06-17T10:00:52.165+0800][51.028s][info][gc,start       ] GC(1205) Pause Young (Allocation Failure)
[2026-06-17T10:00:52.166+0800][51.029s][info][gc,heap        ] GC(1205) DefNew: 17352K(19648K)->2151K(19648K) Eden: 17352K(17472K)->0K(17472K) From: 0K(2176K)->2151K(2176K)
[2026-06-17T10:00:52.172+0800][51.035s][info][gc,heap        ] GC(1205) Tenured: 34051K(43712K)->35412K(43712K)
[2026-06-17T10:00:52.174+0800][51.037s][info][gc,metaspace   ] GC(1205) Metaspace: 119K(320K)->119K(320K) NonClass: 111K(192K)->111K(192K) Class: 7K(128K)->7K(128K)
[2026-06-17T10:00:52.176+0800][51.039s][info][gc             ] GC(1205) Pause Young (Allocation Failure) 50M->36M(61M) 10.632ms
[2026-06-17T10:00:52.177+0800][51.039s][info][gc,cpu         ] GC(1205) User=0.00s Sys=0.00s Real=0.01s
[2026-06-17T10:00:52.234+0800][51.097s][info][gc,start       ] GC(1206) Pause Young (Allocation Failure)
[2026-06-17T10:00:52.237+0800][51.099s][info][gc,heap        ] GC(1206) DefNew: 19623K(19648K)->2106K(19648K) Eden: 17472K(17472K)->0K(17472K) From: 2151K(2176K)->2106K(2176K)
[2026-06-17T10:00:52.237+0800][51.100s][info][gc,heap        ] GC(1206) Tenured: 35412K(43712K)->39089K(43712K)
[2026-06-17T10:00:52.237+0800][51.100s][info][gc,metaspace   ] GC(1206) Metaspace: 119K(320K)->119K(320K) NonClass: 111K(192K)->111K(192K) Class: 7K(128K)->7K(128K)
[2026-06-17T10:00:52.238+0800][51.100s][info][gc             ] GC(1206) Pause Young (Allocation Failure) 53M->40M(61M) 3.250ms
[2026-06-17T10:00:52.238+0800][51.101s][info][gc,cpu         ] GC(1206) User=0.00s Sys=0.00s Real=0.00s
[2026-06-17T10:00:52.281+0800][51.143s][info][gc,start       ] GC(1207) Pause Young (Allocation Failure)
[2026-06-17T10:00:52.281+0800][51.144s][info][gc             ] GC(1207) Pause Young (Allocation Failure) 57M->57M(61M) 0.478ms
[2026-06-17T10:00:52.281+0800][51.144s][info][gc,cpu         ] GC(1207) User=0.00s Sys=0.00s Real=0.00s
[2026-06-17T10:00:52.282+0800][51.144s][info][gc,start       ] GC(1208) Pause Full (Allocation Failure)
[2026-06-17T10:00:52.282+0800][51.145s][info][gc,phases,start] GC(1208) Phase 1: Mark live objects
[2026-06-17T10:00:52.283+0800][51.145s][info][gc,phases      ] GC(1208) Phase 1: Mark live objects 0.855ms
[2026-06-17T10:00:52.283+0800][51.146s][info][gc,phases,start] GC(1208) Phase 2: Compute new object addresses
[2026-06-17T10:00:52.283+0800][51.146s][info][gc,phases      ] GC(1208) Phase 2: Compute new object addresses 0.413ms
[2026-06-17T10:00:52.283+0800][51.146s][info][gc,phases,start] GC(1208) Phase 3: Adjust pointers
[2026-06-17T10:00:52.284+0800][51.147s][info][gc,phases      ] GC(1208) Phase 3: Adjust pointers 0.408ms
[2026-06-17T10:00:52.284+0800][51.147s][info][gc,phases,start] GC(1208) Phase 4: Move objects
[2026-06-17T10:00:52.286+0800][51.149s][info][gc,phases      ] GC(1208) Phase 4: Move objects 1.945ms
[2026-06-17T10:00:52.286+0800][51.149s][info][gc,heap        ] GC(1208) DefNew: 19578K(19648K)->0K(19648K) Eden: 17472K(17472K)->0K(17472K) From: 2106K(2176K)->0K(2176K)
[2026-06-17T10:00:52.287+0800][51.149s][info][gc,heap        ] GC(1208) Tenured: 39089K(43712K)->32561K(43712K)
[2026-06-17T10:00:52.287+0800][51.149s][info][gc,metaspace   ] GC(1208) Metaspace: 119K(320K)->119K(320K) NonClass: 111K(192K)->111K(192K) Class: 7K(128K)->7K(128K)
[2026-06-17T10:00:52.287+0800][51.150s][info][gc             ] GC(1208) Pause Full (Allocation Failure) 57M->31M(61M) 5.123ms
[2026-06-17T10:00:52.287+0800][51.150s][info][gc,cpu         ] GC(1208) User=0.00s Sys=0.00s Real=0.01s
[2026-06-17T10:00:52.330+0800][51.193s][info][gc,start       ] GC(1209) Pause Young (Allocation Failure)
[2026-06-17T10:00:52.332+0800][51.195s][info][gc,heap        ] GC(1209) DefNew: 17472K(19648K)->2171K(19648K) Eden: 17472K(17472K)->0K(17472K) From: 0K(2176K)->2171K(2176K)
[2026-06-17T10:00:52.332+0800][51.195s][info][gc,heap        ] GC(1209) Tenured: 32561K(43712K)->37389K(43712K)
[2026-06-17T10:00:52.333+0800][51.195s][info][gc,metaspace   ] GC(1209) Metaspace: 119K(320K)->119K(320K) NonClass: 111K(192K)->111K(192K) Class: 7K(128K)->7K(128K)
[2026-06-17T10:00:52.333+0800][51.196s][info][gc             ] GC(1209) Pause Young (Allocation Failure) 48M->38M(61M) 2.496ms
[2026-06-17T10:00:52.333+0800][51.196s][info][gc,cpu         ] GC(1209) User=0.00s Sys=0.00s Real=0.01s
[2026-06-17T10:00:52.376+0800][51.238s][info][gc,start       ] GC(1210) Pause Young (Allocation Failure)
[2026-06-17T10:00:52.376+0800][51.239s][info][gc             ] GC(1210) Pause Young (Allocation Failure) 55M->55M(61M) 0.504ms
[2026-06-17T10:00:52.376+0800][51.239s][info][gc,cpu         ] GC(1210) User=0.00s Sys=0.00s Real=0.00s
[2026-06-17T10:00:52.377+0800][51.239s][info][gc,start       ] GC(1211) Pause Full (Allocation Failure)
[2026-06-17T10:00:52.377+0800][51.240s][info][gc,phases,start] GC(1211) Phase 1: Mark live objects
[2026-06-17T10:00:52.378+0800][51.241s][info][gc,phases      ] GC(1211) Phase 1: Mark live objects 1.334ms
[2026-06-17T10:00:52.379+0800][51.241s][info][gc,phases,start] GC(1211) Phase 2: Compute new object addresses
[2026-06-17T10:00:52.379+0800][51.242s][info][gc,phases      ] GC(1211) Phase 2: Compute new object addresses 0.645ms
[2026-06-17T10:00:52.379+0800][51.242s][info][gc,phases,start] GC(1211) Phase 3: Adjust pointers
[2026-06-17T10:00:52.380+0800][51.243s][info][gc,phases      ] GC(1211) Phase 3: Adjust pointers 0.776ms
[2026-06-17T10:00:52.381+0800][51.243s][info][gc,phases,start] GC(1211) Phase 4: Move objects
[2026-06-17T10:00:52.383+0800][51.245s][info][gc,phases      ] GC(1211) Phase 4: Move objects 2.081ms
[2026-06-17T10:00:52.383+0800][51.246s][info][gc,heap        ] GC(1211) DefNew: 19642K(19648K)->0K(19648K) Eden: 17471K(17472K)->0K(17472K) From: 2171K(2176K)->0K(2176K)
[2026-06-17T10:00:52.383+0800][51.246s][info][gc,heap        ] GC(1211) Tenured: 37389K(43712K)->29918K(43712K)
[2026-06-17T10:00:52.383+0800][51.246s][info][gc,metaspace   ] GC(1211) Metaspace: 119K(320K)->119K(320K) NonClass: 111K(192K)->111K(192K) Class: 7K(128K)->7K(128K)
[2026-06-17T10:00:52.383+0800][51.246s][info][gc             ] GC(1211) Pause Full (Allocation Failure) 55M->29M(61M) 6.718ms
[2026-06-17T10:00:52.384+0800][51.246s][info][gc,cpu         ] GC(1211) User=0.01s Sys=0.00s Real=0.01s
[2026-06-17T10:00:52.426+0800][51.289s][info][gc,start       ] GC(1212) Pause Young (Allocation Failure)
[2026-06-17T10:00:52.427+0800][51.290s][info][gc,heap        ] GC(1212) DefNew: 17472K(19648K)->2175K(19648K) Eden: 17472K(17472K)->0K(17472K) From: 0K(2176K)->2175K(2176K)
[2026-06-17T10:00:52.428+0800][51.290s][info][gc,heap        ] GC(1212) Tenured: 29918K(43712K)->34825K(43712K)
[2026-06-17T10:00:52.428+0800][51.291s][info][gc,metaspace   ] GC(1212) Metaspace: 119K(320K)->119K(320K) NonClass: 111K(192K)->111K(192K) Class: 7K(128K)->7K(128K)
[2026-06-17T10:00:52.428+0800][51.291s][info][gc             ] GC(1212) Pause Young (Allocation Failure) 46M->36M(61M) 2.279ms
[2026-06-17T10:00:52.428+0800][51.291s][info][gc,cpu         ] GC(1212) User=0.00s Sys=0.00s Real=0.00s
[2026-06-17T10:00:52.471+0800][51.334s][info][gc,start       ] GC(1213) Pause Young (Allocation Failure)
[2026-06-17T10:00:52.473+0800][51.336s][info][gc,heap        ] GC(1213) DefNew: 19591K(19648K)->2167K(19648K) Eden: 17415K(17472K)->0K(17472K) From: 2175K(2176K)->2167K(2176K)
[2026-06-17T10:00:52.474+0800][51.336s][info][gc,heap        ] GC(1213) Tenured: 34825K(43712K)->40902K(43712K)
[2026-06-17T10:00:52.474+0800][51.337s][info][gc,metaspace   ] GC(1213) Metaspace: 119K(320K)->119K(320K) NonClass: 111K(192K)->111K(192K) Class: 7K(128K)->7K(128K)
[2026-06-17T10:00:52.475+0800][51.337s][info][gc             ] GC(1213) Pause Young (Allocation Failure) 53M->42M(61M) 3.169ms
[2026-06-17T10:00:52.475+0800][51.338s][info][gc,cpu         ] GC(1213) User=0.01s Sys=0.00s Real=0.00s
[2026-06-17T10:00:52.528+0800][51.391s][info][gc,start       ] GC(1214) Pause Young (Allocation Failure)
[2026-06-17T10:00:52.529+0800][51.391s][info][gc             ] GC(1214) Pause Young (Allocation Failure) 59M->59M(61M) 0.477ms
[2026-06-17T10:00:52.529+0800][51.392s][info][gc,cpu         ] GC(1214) User=0.00s Sys=0.00s Real=0.00s
[2026-06-17T10:00:52.530+0800][51.393s][info][gc,start       ] GC(1215) Pause Full (Allocation Failure)
[2026-06-17T10:00:52.530+0800][51.393s][info][gc,phases,start] GC(1215) Phase 1: Mark live objects
[2026-06-17T10:00:52.532+0800][51.394s][info][gc,phases      ] GC(1215) Phase 1: Mark live objects 1.321ms
[2026-06-17T10:00:52.532+0800][51.395s][info][gc,phases,start] GC(1215) Phase 2: Compute new object addresses
[2026-06-17T10:00:52.533+0800][51.395s][info][gc,phases      ] GC(1215) Phase 2: Compute new object addresses 0.659ms
[2026-06-17T10:00:52.533+0800][51.396s][info][gc,phases,start] GC(1215) Phase 3: Adjust pointers
[2026-06-17T10:00:52.534+0800][51.397s][info][gc,phases      ] GC(1215) Phase 3: Adjust pointers 0.926ms
[2026-06-17T10:00:52.534+0800][51.397s][info][gc,phases,start] GC(1215) Phase 4: Move objects
[2026-06-17T10:00:52.537+0800][51.400s][info][gc,phases      ] GC(1215) Phase 4: Move objects 2.379ms
[2026-06-17T10:00:52.537+0800][51.400s][info][gc,heap        ] GC(1215) DefNew: 19639K(19648K)->0K(19648K) Eden: 17472K(17472K)->0K(17472K) From: 2167K(2176K)->0K(2176K)
[2026-06-17T10:00:52.537+0800][51.400s][info][gc,heap        ] GC(1215) Tenured: 40902K(43712K)->26549K(43712K)
[2026-06-17T10:00:52.537+0800][51.400s][info][gc,metaspace   ] GC(1215) Metaspace: 119K(320K)->119K(320K) NonClass: 111K(192K)->111K(192K) Class: 7K(128K)->7K(128K)
[2026-06-17T10:00:52.538+0800][51.401s][info][gc             ] GC(1215) Pause Full (Allocation Failure) 59M->25M(61M) 7.678ms
[2026-06-17T10:00:52.538+0800][51.401s][info][gc,cpu         ] GC(1215) User=0.00s Sys=0.00s Real=0.01s
[2026-06-17T10:00:52.581+0800][51.444s][info][gc,start       ] GC(1216) Pause Young (Allocation Failure)
[2026-06-17T10:00:52.583+0800][51.446s][info][gc,heap        ] GC(1216) DefNew: 17472K(19648K)->2171K(19648K) Eden: 17472K(17472K)->0K(17472K) From: 0K(2176K)->2171K(2176K)
[2026-06-17T10:00:52.583+0800][51.446s][info][gc,heap        ] GC(1216) Tenured: 26549K(43712K)->31285K(43712K)
[2026-06-17T10:00:52.584+0800][51.447s][info][gc,metaspace   ] GC(1216) Metaspace: 119K(320K)->119K(320K) NonClass: 111K(192K)->111K(192K) Class: 7K(128K)->7K(128K)
[2026-06-17T10:00:52.585+0800][51.447s][info][gc             ] GC(1216) Pause Young (Allocation Failure) 42M->32M(61M) 3.546ms
[2026-06-17T10:00:52.585+0800][51.448s][info][gc,cpu         ] GC(1216) User=0.01s Sys=0.00s Real=0.01s
[2026-06-17T10:00:52.628+0800][51.491s][info][gc,start       ] GC(1217) Pause Young (Allocation Failure)
[2026-06-17T10:00:52.630+0800][51.493s][info][gc,heap        ] GC(1217) DefNew: 19643K(19648K)->2132K(19648K) Eden: 17472K(17472K)->0K(17472K) From: 2171K(2176K)->2132K(2176K)
[2026-06-17T10:00:52.630+0800][51.493s][info][gc,heap        ] GC(1217) Tenured: 31285K(43712K)->34522K(43712K)
[2026-06-17T10:00:52.630+0800][51.493s][info][gc,metaspace   ] GC(1217) Metaspace: 119K(320K)->119K(320K) NonClass: 111K(192K)->111K(192K) Class: 7K(128K)->7K(128K)
[2026-06-17T10:00:52.631+0800][51.494s][info][gc             ] GC(1217) Pause Young (Allocation Failure) 49M->35M(61M) 2.352ms
[2026-06-17T10:00:52.631+0800][51.494s][info][gc,cpu         ] GC(1217) User=0.00s Sys=0.00s Real=0.01s
[2026-06-17T10:00:52.674+0800][51.536s][info][gc,start       ] GC(1218) Pause Young (Allocation Failure)
[2026-06-17T10:00:52.675+0800][51.538s][info][gc,heap        ] GC(1218) DefNew: 19576K(19648K)->2170K(19648K) Eden: 17443K(17472K)->0K(17472K) From: 2132K(2176K)->2170K(2176K)
[2026-06-17T10:00:52.675+0800][51.538s][info][gc,heap        ] GC(1218) Tenured: 34522K(43712K)->37992K(43712K)
[2026-06-17T10:00:52.676+0800][51.539s][info][gc,metaspace   ] GC(1218) Metaspace: 119K(320K)->119K(320K) NonClass: 111K(192K)->111K(192K) Class: 7K(128K)->7K(128K)
[2026-06-17T10:00:52.677+0800][51.539s][info][gc             ] GC(1218) Pause Young (Allocation Failure) 52M->39M(61M) 2.876ms
[2026-06-17T10:00:52.677+0800][51.540s][info][gc,cpu         ] GC(1218) User=0.00s Sys=0.00s Real=0.00s
[2026-06-17T10:00:52.720+0800][51.582s][info][gc,start       ] GC(1219) Pause Young (Allocation Failure)
[2026-06-17T10:00:52.720+0800][51.583s][info][gc             ] GC(1219) Pause Young (Allocation Failure) 56M->56M(61M) 0.665ms
[2026-06-17T10:00:52.721+0800][51.584s][info][gc,cpu         ] GC(1219) User=0.00s Sys=0.00s Real=0.00s
[2026-06-17T10:00:52.721+0800][51.584s][info][gc,start       ] GC(1220) Pause Full (Allocation Failure)
[2026-06-17T10:00:52.722+0800][51.585s][info][gc,phases,start] GC(1220) Phase 1: Mark live objects
[2026-06-17T10:00:52.723+0800][51.586s][info][gc,phases      ] GC(1220) Phase 1: Mark live objects 1.516ms
[2026-06-17T10:00:52.724+0800][51.587s][info][gc,phases,start] GC(1220) Phase 2: Compute new object addresses
[2026-06-17T10:00:52.725+0800][51.588s][info][gc,phases      ] GC(1220) Phase 2: Compute new object addresses 0.773ms
[2026-06-17T10:00:52.725+0800][51.588s][info][gc,phases,start] GC(1220) Phase 3: Adjust pointers
[2026-06-17T10:00:52.726+0800][51.589s][info][gc,phases      ] GC(1220) Phase 3: Adjust pointers 1.006ms
[2026-06-17T10:00:52.727+0800][51.590s][info][gc,phases,start] GC(1220) Phase 4: Move objects
[2026-06-17T10:00:52.729+0800][51.592s][info][gc,phases      ] GC(1220) Phase 4: Move objects 2.518ms
[2026-06-17T10:00:52.730+0800][51.593s][info][gc,heap        ] GC(1220) DefNew: 19588K(19648K)->0K(19648K) Eden: 17418K(17472K)->0K(17472K) From: 2170K(2176K)->0K(2176K)
[2026-06-17T10:00:52.730+0800][51.593s][info][gc,heap        ] GC(1220) Tenured: 37992K(43712K)->23194K(43712K)
[2026-06-17T10:00:52.731+0800][51.594s][info][gc,metaspace   ] GC(1220) Metaspace: 119K(320K)->119K(320K) NonClass: 111K(192K)->111K(192K) Class: 7K(128K)->7K(128K)
[2026-06-17T10:00:52.731+0800][51.594s][info][gc             ] GC(1220) Pause Full (Allocation Failure) 56M->22M(61M) 9.737ms
[2026-06-17T10:00:52.732+0800][51.594s][info][gc,cpu         ] GC(1220) User=0.01s Sys=0.00s Real=0.02s
[2026-06-17T10:00:52.774+0800][51.637s][info][gc,start       ] GC(1221) Pause Young (Allocation Failure)
[2026-06-17T10:00:52.775+0800][51.638s][info][gc,heap        ] GC(1221) DefNew: 17442K(19648K)->2170K(19648K) Eden: 17442K(17472K)->0K(17472K) From: 0K(2176K)->2170K(2176K)
[2026-06-17T10:00:52.775+0800][51.638s][info][gc,heap        ] GC(1221) Tenured: 23194K(43712K)->27982K(43712K)
[2026-06-17T10:00:52.776+0800][51.638s][info][gc,metaspace   ] GC(1221) Metaspace: 119K(320K)->119K(320K) NonClass: 111K(192K)->111K(192K) Class: 7K(128K)->7K(128K)
[2026-06-17T10:00:52.776+0800][51.639s][info][gc             ] GC(1221) Pause Young (Allocation Failure) 39M->29M(61M) 1.761ms
[2026-06-17T10:00:52.776+0800][51.639s][info][gc,cpu         ] GC(1221) User=0.00s Sys=0.00s Real=0.00s
[2026-06-17T10:00:52.819+0800][51.682s][info][gc,start       ] GC(1222) Pause Young (Allocation Failure)
[2026-06-17T10:00:52.820+0800][51.683s][info][gc,heap        ] GC(1222) DefNew: 19340K(19648K)->2134K(19648K) Eden: 17170K(17472K)->0K(17472K) From: 2170K(2176K)->2134K(2176K)
[2026-06-17T10:00:52.820+0800][51.683s][info][gc,heap        ] GC(1222) Tenured: 27982K(43712K)->30559K(43712K)
[2026-06-17T10:00:52.821+0800][51.683s][info][gc,metaspace   ] GC(1222) Metaspace: 119K(320K)->119K(320K) NonClass: 111K(192K)->111K(192K) Class: 7K(128K)->7K(128K)
[2026-06-17T10:00:52.821+0800][51.684s][info][gc             ] GC(1222) Pause Young (Allocation Failure) 46M->31M(61M) 2.281ms
[2026-06-17T10:00:52.821+0800][51.684s][info][gc,cpu         ] GC(1222) User=0.00s Sys=0.00s Real=0.00s
[2026-06-17T10:00:52.874+0800][51.737s][info][gc,start       ] GC(1223) Pause Young (Allocation Failure)
[2026-06-17T10:00:52.875+0800][51.738s][info][gc,heap        ] GC(1223) DefNew: 19572K(19648K)->2157K(19648K) Eden: 17437K(17472K)->0K(17472K) From: 2134K(2176K)->2157K(2176K)
[2026-06-17T10:00:52.875+0800][51.738s][info][gc,heap        ] GC(1223) Tenured: 30559K(43712K)->33770K(43712K)
[2026-06-17T10:00:52.876+0800][51.738s][info][gc,metaspace   ] GC(1223) Metaspace: 119K(320K)->119K(320K) NonClass: 111K(192K)->111K(192K) Class: 7K(128K)->7K(128K)
[2026-06-17T10:00:52.876+0800][51.739s][info][gc             ] GC(1223) Pause Young (Allocation Failure) 48M->35M(61M) 1.770ms
[2026-06-17T10:00:52.876+0800][51.739s][info][gc,cpu         ] GC(1223) User=0.00s Sys=0.00s Real=0.00s
[2026-06-17T10:00:52.918+0800][51.781s][info][gc,start       ] GC(1224) Pause Young (Allocation Failure)
[2026-06-17T10:00:52.920+0800][51.782s][info][gc,heap        ] GC(1224) DefNew: 19611K(19648K)->2126K(19648K) Eden: 17453K(17472K)->0K(17472K) From: 2157K(2176K)->2126K(2176K)
[2026-06-17T10:00:52.920+0800][51.783s][info][gc,heap        ] GC(1224) Tenured: 33770K(43712K)->37446K(43712K)
[2026-06-17T10:00:52.921+0800][51.784s][info][gc,metaspace   ] GC(1224) Metaspace: 119K(320K)->119K(320K) NonClass: 111K(192K)->111K(192K) Class: 7K(128K)->7K(128K)
[2026-06-17T10:00:52.921+0800][51.784s][info][gc             ] GC(1224) Pause Young (Allocation Failure) 52M->38M(61M) 2.883ms
[2026-06-17T10:00:52.921+0800][51.784s][info][gc,cpu         ] GC(1224) User=0.00s Sys=0.00s Real=0.00s
[2026-06-17T10:00:52.964+0800][51.827s][info][gc,start       ] GC(1225) Pause Young (Allocation Failure)
[2026-06-17T10:00:52.965+0800][51.827s][info][gc             ] GC(1225) Pause Young (Allocation Failure) 55M->55M(61M) 0.556ms
[2026-06-17T10:00:52.966+0800][51.829s][info][gc,cpu         ] GC(1225) User=0.00s Sys=0.00s Real=0.00s
[2026-06-17T10:00:52.966+0800][51.829s][info][gc,start       ] GC(1226) Pause Full (Allocation Failure)
[2026-06-17T10:00:52.966+0800][51.829s][info][gc,phases,start] GC(1226) Phase 1: Mark live objects
[2026-06-17T10:00:52.968+0800][51.831s][info][gc,phases      ] GC(1226) Phase 1: Mark live objects 1.619ms
[2026-06-17T10:00:52.968+0800][51.831s][info][gc,phases,start] GC(1226) Phase 2: Compute new object addresses
[2026-06-17T10:00:52.969+0800][51.832s][info][gc,phases      ] GC(1226) Phase 2: Compute new object addresses 0.671ms
[2026-06-17T10:00:52.969+0800][51.832s][info][gc,phases,start] GC(1226) Phase 3: Adjust pointers
[2026-06-17T10:00:52.970+0800][51.833s][info][gc,phases      ] GC(1226) Phase 3: Adjust pointers 0.662ms
[2026-06-17T10:00:52.970+0800][51.833s][info][gc,phases,start] GC(1226) Phase 4: Move objects
[2026-06-17T10:00:52.972+0800][51.835s][info][gc,phases      ] GC(1226) Phase 4: Move objects 2.038ms
[2026-06-17T10:00:52.973+0800][51.836s][info][gc,heap        ] GC(1226) DefNew: 19592K(19648K)->0K(19648K) Eden: 17466K(17472K)->0K(17472K) From: 2126K(2176K)->0K(2176K)
[2026-06-17T10:00:52.973+0800][51.836s][info][gc,heap        ] GC(1226) Tenured: 37446K(43712K)->29372K(43712K)
[2026-06-17T10:00:52.973+0800][51.836s][info][gc,metaspace   ] GC(1226) Metaspace: 119K(320K)->119K(320K) NonClass: 111K(192K)->111K(192K) Class: 7K(128K)->7K(128K)
[2026-06-17T10:00:52.973+0800][51.836s][info][gc             ] GC(1226) Pause Full (Allocation Failure) 55M->28M(61M) 7.221ms
[2026-06-17T10:00:52.974+0800][51.836s][info][gc,cpu         ] GC(1226) User=0.00s Sys=0.00s Real=0.01s
[2026-06-17T10:00:53.016+0800][51.878s][info][gc,start       ] GC(1227) Pause Young (Allocation Failure)
[2026-06-17T10:00:53.017+0800][51.879s][info][gc,heap        ] GC(1227) DefNew: 17447K(19648K)->2175K(19648K) Eden: 17447K(17472K)->0K(17472K) From: 0K(2176K)->2175K(2176K)
[2026-06-17T10:00:53.017+0800][51.880s][info][gc,heap        ] GC(1227) Tenured: 29372K(43712K)->34477K(43712K)
[2026-06-17T10:00:53.018+0800][51.880s][info][gc,metaspace   ] GC(1227) Metaspace: 119K(320K)->119K(320K) NonClass: 111K(192K)->111K(192K) Class: 7K(128K)->7K(128K)
[2026-06-17T10:00:53.018+0800][51.881s][info][gc             ] GC(1227) Pause Young (Allocation Failure) 45M->35M(61M) 2.279ms
[2026-06-17T10:00:53.018+0800][51.881s][info][gc,cpu         ] GC(1227) User=0.01s Sys=0.00s Real=0.00s
[2026-06-17T10:00:53.060+0800][51.923s][info][gc,start       ] GC(1228) Pause Young (Allocation Failure)
[2026-06-17T10:00:53.062+0800][51.925s][info][gc,heap        ] GC(1228) DefNew: 19645K(19648K)->2063K(19648K) Eden: 17470K(17472K)->0K(17472K) From: 2175K(2176K)->2063K(2176K)
[2026-06-17T10:00:53.062+0800][51.925s][info][gc,heap        ] GC(1228) Tenured: 34477K(43712K)->37239K(43712K)
[2026-06-17T10:00:53.063+0800][51.925s][info][gc,metaspace   ] GC(1228) Metaspace: 119K(320K)->119K(320K) NonClass: 111K(192K)->111K(192K) Class: 7K(128K)->7K(128K)
[2026-06-17T10:00:53.063+0800][51.926s][info][gc             ] GC(1228) Pause Young (Allocation Failure) 52M->38M(61M) 2.619ms
[2026-06-17T10:00:53.063+0800][51.926s][info][gc,cpu         ] GC(1228) User=0.00s Sys=0.00s Real=0.01s
[2026-06-17T10:00:53.115+0800][51.978s][info][gc,start       ] GC(1229) Pause Young (Allocation Failure)
[2026-06-17T10:00:53.116+0800][51.979s][info][gc,heap        ] GC(1229) DefNew: 19535K(19648K)->2065K(19648K) Eden: 17472K(17472K)->0K(17472K) From: 2063K(2176K)->2065K(2176K)
[2026-06-17T10:00:53.117+0800][51.979s][info][gc,heap        ] GC(1229) Tenured: 37239K(43712K)->41209K(43712K)
[2026-06-17T10:00:53.117+0800][51.980s][info][gc,metaspace   ] GC(1229) Metaspace: 119K(320K)->119K(320K) NonClass: 111K(192K)->111K(192K) Class: 7K(128K)->7K(128K)
[2026-06-17T10:00:53.117+0800][51.980s][info][gc             ] GC(1229) Pause Young (Allocation Failure) 55M->42M(61M) 1.913ms
[2026-06-17T10:00:53.117+0800][51.980s][info][gc,cpu         ] GC(1229) User=0.00s Sys=0.00s Real=0.00s
[2026-06-17T10:00:53.159+0800][52.022s][info][gc,start       ] GC(1230) Pause Young (Allocation Failure)
[2026-06-17T10:00:53.159+0800][52.022s][info][gc             ] GC(1230) Pause Young (Allocation Failure) 59M->59M(61M) 0.400ms
[2026-06-17T10:00:53.160+0800][52.023s][info][gc,cpu         ] GC(1230) User=0.00s Sys=0.00s Real=0.00s
[2026-06-17T10:00:53.160+0800][52.023s][info][gc,start       ] GC(1231) Pause Full (Allocation Failure)
[2026-06-17T10:00:53.160+0800][52.023s][info][gc,phases,start] GC(1231) Phase 1: Mark live objects
[2026-06-17T10:00:53.161+0800][52.024s][info][gc,phases      ] GC(1231) Phase 1: Mark live objects 0.874ms
[2026-06-17T10:00:53.161+0800][52.024s][info][gc,phases,start] GC(1231) Phase 2: Compute new object addresses
[2026-06-17T10:00:53.162+0800][52.025s][info][gc,phases      ] GC(1231) Phase 2: Compute new object addresses 0.458ms
[2026-06-17T10:00:53.162+0800][52.025s][info][gc,phases,start] GC(1231) Phase 3: Adjust pointers
[2026-06-17T10:00:53.162+0800][52.025s][info][gc,phases      ] GC(1231) Phase 3: Adjust pointers 0.521ms
[2026-06-17T10:00:53.163+0800][52.026s][info][gc,phases,start] GC(1231) Phase 4: Move objects
[2026-06-17T10:00:53.165+0800][52.028s][info][gc,phases      ] GC(1231) Phase 4: Move objects 2.033ms
[2026-06-17T10:00:53.165+0800][52.028s][info][gc,heap        ] GC(1231) DefNew: 19506K(19648K)->0K(19648K) Eden: 17440K(17472K)->0K(17472K) From: 2065K(2176K)->0K(2176K)
[2026-06-17T10:00:53.165+0800][52.028s][info][gc,heap        ] GC(1231) Tenured: 41209K(43712K)->31306K(43712K)
[2026-06-17T10:00:53.166+0800][52.028s][info][gc,metaspace   ] GC(1231) Metaspace: 119K(320K)->119K(320K) NonClass: 111K(192K)->111K(192K) Class: 7K(128K)->7K(128K)
[2026-06-17T10:00:53.166+0800][52.028s][info][gc             ] GC(1231) Pause Full (Allocation Failure) 59M->30M(61M) 5.691ms
[2026-06-17T10:00:53.166+0800][52.029s][info][gc,cpu         ] GC(1231) User=0.00s Sys=0.00s Real=0.01s
[2026-06-17T10:00:53.209+0800][52.072s][info][gc,start       ] GC(1232) Pause Young (Allocation Failure)
[2026-06-17T10:00:53.211+0800][52.073s][info][gc,heap        ] GC(1232) DefNew: 17472K(19648K)->2168K(19648K) Eden: 17472K(17472K)->0K(17472K) From: 0K(2176K)->2168K(2176K)
[2026-06-17T10:00:53.211+0800][52.074s][info][gc,heap        ] GC(1232) Tenured: 31306K(43712K)->36491K(43712K)
[2026-06-17T10:00:53.212+0800][52.075s][info][gc,metaspace   ] GC(1232) Metaspace: 119K(320K)->119K(320K) NonClass: 111K(192K)->111K(192K) Class: 7K(128K)->7K(128K)
[2026-06-17T10:00:53.212+0800][52.075s][info][gc             ] GC(1232) Pause Young (Allocation Failure) 47M->37M(61M) 3.577ms
[2026-06-17T10:00:53.213+0800][52.076s][info][gc,cpu         ] GC(1232) User=0.00s Sys=0.00s Real=0.01s
[2026-06-17T10:00:53.256+0800][52.119s][info][gc,start       ] GC(1233) Pause Young (Allocation Failure)
[2026-06-17T10:00:53.257+0800][52.120s][info][gc,heap        ] GC(1233) DefNew: 19640K(19648K)->2175K(19648K) Eden: 17472K(17472K)->0K(17472K) From: 2168K(2176K)->2175K(2176K)
[2026-06-17T10:00:53.258+0800][52.120s][info][gc,heap        ] GC(1233) Tenured: 36491K(43712K)->40953K(43712K)
[2026-06-17T10:00:53.258+0800][52.120s][info][gc,metaspace   ] GC(1233) Metaspace: 119K(320K)->119K(320K) NonClass: 111K(192K)->111K(192K) Class: 7K(128K)->7K(128K)
[2026-06-17T10:00:53.258+0800][52.121s][info][gc             ] GC(1233) Pause Young (Allocation Failure) 54M->42M(61M) 1.663ms
[2026-06-17T10:00:53.258+0800][52.121s][info][gc,cpu         ] GC(1233) User=0.00s Sys=0.00s Real=0.00s
[2026-06-17T10:00:53.301+0800][52.164s][info][gc,start       ] GC(1234) Pause Young (Allocation Failure)
[2026-06-17T10:00:53.302+0800][52.165s][info][gc             ] GC(1234) Pause Young (Allocation Failure) 59M->59M(61M) 0.796ms
[2026-06-17T10:00:53.303+0800][52.165s][info][gc,cpu         ] GC(1234) User=0.00s Sys=0.00s Real=0.01s
[2026-06-17T10:00:53.303+0800][52.166s][info][gc,start       ] GC(1235) Pause Full (Allocation Failure)
[2026-06-17T10:00:53.304+0800][52.167s][info][gc,phases,start] GC(1235) Phase 1: Mark live objects
[2026-06-17T10:00:53.305+0800][52.168s][info][gc,phases      ] GC(1235) Phase 1: Mark live objects 1.656ms
[2026-06-17T10:00:53.306+0800][52.169s][info][gc,phases,start] GC(1235) Phase 2: Compute new object addresses
[2026-06-17T10:00:53.307+0800][52.170s][info][gc,phases      ] GC(1235) Phase 2: Compute new object addresses 0.936ms
[2026-06-17T10:00:53.307+0800][52.170s][info][gc,phases,start] GC(1235) Phase 3: Adjust pointers
[2026-06-17T10:00:53.308+0800][52.171s][info][gc,phases      ] GC(1235) Phase 3: Adjust pointers 1.252ms
[2026-06-17T10:00:53.309+0800][52.172s][info][gc,phases,start] GC(1235) Phase 4: Move objects
[2026-06-17T10:00:53.312+0800][52.175s][info][gc,phases      ] GC(1235) Phase 4: Move objects 2.915ms
[2026-06-17T10:00:53.312+0800][52.175s][info][gc,heap        ] GC(1235) DefNew: 19578K(19648K)->0K(19648K) Eden: 17403K(17472K)->0K(17472K) From: 2175K(2176K)->0K(2176K)
[2026-06-17T10:00:53.313+0800][52.176s][info][gc,heap        ] GC(1235) Tenured: 40953K(43712K)->27203K(43712K)
[2026-06-17T10:00:53.313+0800][52.176s][info][gc,metaspace   ] GC(1235) Metaspace: 119K(320K)->119K(320K) NonClass: 111K(192K)->111K(192K) Class: 7K(128K)->7K(128K)
[2026-06-17T10:00:53.313+0800][52.176s][info][gc             ] GC(1235) Pause Full (Allocation Failure) 59M->26M(61M) 10.115ms
[2026-06-17T10:00:53.314+0800][52.176s][info][gc,cpu         ] GC(1235) User=0.01s Sys=0.00s Real=0.01s
[2026-06-17T10:00:53.356+0800][52.218s][info][gc,start       ] GC(1236) Pause Young (Allocation Failure)
[2026-06-17T10:00:53.357+0800][52.219s][info][gc,heap        ] GC(1236) DefNew: 16858K(19648K)->2117K(19648K) Eden: 16858K(17472K)->0K(17472K) From: 0K(2176K)->2117K(2176K)
[2026-06-17T10:00:53.357+0800][52.220s][info][gc,heap        ] GC(1236) Tenured: 27203K(43712K)->28099K(43712K)
[2026-06-17T10:00:53.358+0800][52.220s][info][gc,metaspace   ] GC(1236) Metaspace: 119K(320K)->119K(320K) NonClass: 111K(192K)->111K(192K) Class: 7K(128K)->7K(128K)
[2026-06-17T10:00:53.360+0800][52.223s][info][gc             ] GC(1236) Pause Young (Allocation Failure) 43M->29M(61M) 4.433ms
[2026-06-17T10:00:53.363+0800][52.226s][info][gc,cpu         ] GC(1236) User=0.00s Sys=0.00s Real=0.01s
[2026-06-17T10:00:53.417+0800][52.280s][info][gc,start       ] GC(1237) Pause Young (Allocation Failure)
[2026-06-17T10:00:53.418+0800][52.281s][info][gc,heap        ] GC(1237) DefNew: 19589K(19648K)->2154K(19648K) Eden: 17472K(17472K)->0K(17472K) From: 2117K(2176K)->2154K(2176K)
[2026-06-17T10:00:53.419+0800][52.281s][info][gc,heap        ] GC(1237) Tenured: 28099K(43712K)->31807K(43712K)
[2026-06-17T10:00:53.419+0800][52.282s][info][gc,metaspace   ] GC(1237) Metaspace: 119K(320K)->119K(320K) NonClass: 111K(192K)->111K(192K) Class: 7K(128K)->7K(128K)
[2026-06-17T10:00:53.419+0800][52.282s][info][gc             ] GC(1237) Pause Young (Allocation Failure) 46M->33M(61M) 2.534ms
[2026-06-17T10:00:53.420+0800][52.282s][info][gc,cpu         ] GC(1237) User=0.01s Sys=0.00s Real=0.00s
[2026-06-17T10:00:53.462+0800][52.325s][info][gc,start       ] GC(1238) Pause Young (Allocation Failure)
[2026-06-17T10:00:53.465+0800][52.328s][info][gc,heap        ] GC(1238) DefNew: 19610K(19648K)->2175K(19648K) Eden: 17455K(17472K)->0K(17472K) From: 2154K(2176K)->2175K(2176K)
[2026-06-17T10:00:53.466+0800][52.328s][info][gc,heap        ] GC(1238) Tenured: 31807K(43712K)->35727K(43712K)
[2026-06-17T10:00:53.466+0800][52.329s][info][gc,metaspace   ] GC(1238) Metaspace: 119K(320K)->119K(320K) NonClass: 111K(192K)->111K(192K) Class: 7K(128K)->7K(128K)
[2026-06-17T10:00:53.468+0800][52.331s][info][gc             ] GC(1238) Pause Young (Allocation Failure) 50M->37M(61M) 6.434ms
[2026-06-17T10:00:53.469+0800][52.332s][info][gc,cpu         ] GC(1238) User=0.00s Sys=0.00s Real=0.01s
[2026-06-17T10:00:53.513+0800][52.376s][info][gc,start       ] GC(1239) Pause Young (Allocation Failure)
[2026-06-17T10:00:53.515+0800][52.378s][info][gc,heap        ] GC(1239) DefNew: 19643K(19648K)->2167K(19648K) Eden: 17468K(17472K)->0K(17472K) From: 2175K(2176K)->2167K(2176K)
[2026-06-17T10:00:53.515+0800][52.378s][info][gc,heap        ] GC(1239) Tenured: 35727K(43712K)->39136K(43712K)
[2026-06-17T10:00:53.515+0800][52.378s][info][gc,metaspace   ] GC(1239) Metaspace: 119K(320K)->119K(320K) NonClass: 111K(192K)->111K(192K) Class: 7K(128K)->7K(128K)
[2026-06-17T10:00:53.516+0800][52.378s][info][gc             ] GC(1239) Pause Young (Allocation Failure) 54M->40M(61M) 2.236ms
[2026-06-17T10:00:53.516+0800][52.379s][info][gc,cpu         ] GC(1239) User=0.00s Sys=0.00s Real=0.00s
[2026-06-17T10:00:53.559+0800][52.421s][info][gc,start       ] GC(1240) Pause Young (Allocation Failure)
[2026-06-17T10:00:53.559+0800][52.422s][info][gc             ] GC(1240) Pause Young (Allocation Failure) 57M->57M(61M) 0.535ms
[2026-06-17T10:00:53.560+0800][52.423s][info][gc,cpu         ] GC(1240) User=0.00s Sys=0.00s Real=0.00s
[2026-06-17T10:00:53.560+0800][52.423s][info][gc,start       ] GC(1241) Pause Full (Allocation Failure)
[2026-06-17T10:00:53.560+0800][52.423s][info][gc,phases,start] GC(1241) Phase 1: Mark live objects
[2026-06-17T10:00:53.562+0800][52.425s][info][gc,phases      ] GC(1241) Phase 1: Mark live objects 1.375ms
[2026-06-17T10:00:53.562+0800][52.425s][info][gc,phases,start] GC(1241) Phase 2: Compute new object addresses
[2026-06-17T10:00:53.563+0800][52.426s][info][gc,phases      ] GC(1241) Phase 2: Compute new object addresses 1.084ms
[2026-06-17T10:00:53.564+0800][52.426s][info][gc,phases,start] GC(1241) Phase 3: Adjust pointers
[2026-06-17T10:00:53.564+0800][52.427s][info][gc,phases      ] GC(1241) Phase 3: Adjust pointers 0.808ms
[2026-06-17T10:00:53.565+0800][52.427s][info][gc,phases,start] GC(1241) Phase 4: Move objects
[2026-06-17T10:00:53.567+0800][52.430s][info][gc,phases      ] GC(1241) Phase 4: Move objects 2.203ms
[2026-06-17T10:00:53.567+0800][52.430s][info][gc,heap        ] GC(1241) DefNew: 19312K(19648K)->0K(19648K) Eden: 17145K(17472K)->0K(17472K) From: 2167K(2176K)->0K(2176K)
[2026-06-17T10:00:53.567+0800][52.430s][info][gc,heap        ] GC(1241) Tenured: 39136K(43712K)->31825K(43712K)
[2026-06-17T10:00:53.567+0800][52.430s][info][gc,metaspace   ] GC(1241) Metaspace: 119K(320K)->119K(320K) NonClass: 111K(192K)->111K(192K) Class: 7K(128K)->7K(128K)
[2026-06-17T10:00:53.568+0800][52.430s][info][gc             ] GC(1241) Pause Full (Allocation Failure) 57M->31M(61M) 7.480ms
[2026-06-17T10:00:53.568+0800][52.430s][info][gc,cpu         ] GC(1241) User=0.01s Sys=0.00s Real=0.01s
[2026-06-17T10:00:53.610+0800][52.473s][info][gc,start       ] GC(1242) Pause Young (Allocation Failure)
[2026-06-17T10:00:53.611+0800][52.474s][info][gc,heap        ] GC(1242) DefNew: 17472K(19648K)->2175K(19648K) Eden: 17472K(17472K)->0K(17472K) From: 0K(2176K)->2175K(2176K)
[2026-06-17T10:00:53.611+0800][52.474s][info][gc,heap        ] GC(1242) Tenured: 31825K(43712K)->36639K(43712K)
[2026-06-17T10:00:53.612+0800][52.474s][info][gc,metaspace   ] GC(1242) Metaspace: 119K(320K)->119K(320K) NonClass: 111K(192K)->111K(192K) Class: 7K(128K)->7K(128K)
[2026-06-17T10:00:53.612+0800][52.474s][info][gc             ] GC(1242) Pause Young (Allocation Failure) 48M->37M(61M) 1.645ms
[2026-06-17T10:00:53.612+0800][52.475s][info][gc,cpu         ] GC(1242) User=0.00s Sys=0.00s Real=0.01s
[2026-06-17T10:00:53.664+0800][52.527s][info][gc,start       ] GC(1243) Pause Young (Allocation Failure)
[2026-06-17T10:00:53.665+0800][52.528s][info][gc,heap        ] GC(1243) DefNew: 19625K(19648K)->2139K(19648K) Eden: 17449K(17472K)->0K(17472K) From: 2175K(2176K)->2139K(2176K)
[2026-06-17T10:00:53.666+0800][52.529s][info][gc,heap        ] GC(1243) Tenured: 36639K(43712K)->38761K(43712K)
[2026-06-17T10:00:53.666+0800][52.529s][info][gc,metaspace   ] GC(1243) Metaspace: 119K(320K)->119K(320K) NonClass: 111K(192K)->111K(192K) Class: 7K(128K)->7K(128K)
[2026-06-17T10:00:53.666+0800][52.529s][info][gc             ] GC(1243) Pause Young (Allocation Failure) 54M->39M(61M) 1.949ms
[2026-06-17T10:00:53.666+0800][52.529s][info][gc,cpu         ] GC(1243) User=0.00s Sys=0.00s Real=0.00s
[2026-06-17T10:00:53.698+0800][52.561s][info][gc,start       ] GC(1244) Pause Young (Allocation Failure)
[2026-06-17T10:00:53.699+0800][52.562s][info][gc             ] GC(1244) Pause Young (Allocation Failure) 56M->56M(61M) 0.482ms
[2026-06-17T10:00:53.699+0800][52.562s][info][gc,cpu         ] GC(1244) User=0.00s Sys=0.00s Real=0.00s
[2026-06-17T10:00:53.699+0800][52.562s][info][gc,start       ] GC(1245) Pause Full (Allocation Failure)
[2026-06-17T10:00:53.700+0800][52.563s][info][gc,phases,start] GC(1245) Phase 1: Mark live objects
[2026-06-17T10:00:53.701+0800][52.564s][info][gc,phases      ] GC(1245) Phase 1: Mark live objects 1.424ms
[2026-06-17T10:00:53.702+0800][52.564s][info][gc,phases,start] GC(1245) Phase 2: Compute new object addresses
[2026-06-17T10:00:53.702+0800][52.565s][info][gc,phases      ] GC(1245) Phase 2: Compute new object addresses 0.733ms
[2026-06-17T10:00:53.703+0800][52.565s][info][gc,phases,start] GC(1245) Phase 3: Adjust pointers
[2026-06-17T10:00:53.703+0800][52.566s][info][gc,phases      ] GC(1245) Phase 3: Adjust pointers 0.777ms
[2026-06-17T10:00:53.704+0800][52.567s][info][gc,phases,start] GC(1245) Phase 4: Move objects
[2026-06-17T10:00:53.706+0800][52.569s][info][gc,phases      ] GC(1245) Phase 4: Move objects 2.558ms
[2026-06-17T10:00:53.707+0800][52.569s][info][gc,heap        ] GC(1245) DefNew: 19385K(19648K)->0K(19648K) Eden: 17245K(17472K)->0K(17472K) From: 2139K(2176K)->0K(2176K)
[2026-06-17T10:00:53.707+0800][52.570s][info][gc,heap        ] GC(1245) Tenured: 38761K(43712K)->26730K(43712K)
[2026-06-17T10:00:53.707+0800][52.570s][info][gc,metaspace   ] GC(1245) Metaspace: 119K(320K)->119K(320K) NonClass: 111K(192K)->111K(192K) Class: 7K(128K)->7K(128K)
[2026-06-17T10:00:53.707+0800][52.570s][info][gc             ] GC(1245) Pause Full (Allocation Failure) 56M->26M(61M) 7.716ms
[2026-06-17T10:00:53.707+0800][52.570s][info][gc,cpu         ] GC(1245) User=0.01s Sys=0.00s Real=0.01s
[2026-06-17T10:00:53.760+0800][52.623s][info][gc,start       ] GC(1246) Pause Young (Allocation Failure)
[2026-06-17T10:00:53.761+0800][52.624s][info][gc,heap        ] GC(1246) DefNew: 17472K(19648K)->2160K(19648K) Eden: 17472K(17472K)->0K(17472K) From: 0K(2176K)->2160K(2176K)
[2026-06-17T10:00:53.762+0800][52.624s][info][gc,heap        ] GC(1246) Tenured: 26730K(43712K)->28353K(43712K)
[2026-06-17T10:00:53.762+0800][52.625s][info][gc,metaspace   ] GC(1246) Metaspace: 119K(320K)->119K(320K) NonClass: 111K(192K)->111K(192K) Class: 7K(128K)->7K(128K)
[2026-06-17T10:00:53.762+0800][52.625s][info][gc             ] GC(1246) Pause Young (Allocation Failure) 43M->29M(61M) 2.092ms
[2026-06-17T10:00:53.763+0800][52.626s][info][gc,cpu         ] GC(1246) User=0.00s Sys=0.00s Real=0.00s
[2026-06-17T10:00:53.805+0800][52.668s][info][gc,start       ] GC(1247) Pause Young (Allocation Failure)
[2026-06-17T10:00:53.806+0800][52.669s][info][gc,heap        ] GC(1247) DefNew: 19590K(19648K)->2171K(19648K) Eden: 17430K(17472K)->0K(17472K) From: 2160K(2176K)->2171K(2176K)
[2026-06-17T10:00:53.807+0800][52.669s][info][gc,heap        ] GC(1247) Tenured: 28353K(43712K)->32251K(43712K)
[2026-06-17T10:00:53.807+0800][52.670s][info][gc,metaspace   ] GC(1247) Metaspace: 119K(320K)->119K(320K) NonClass: 111K(192K)->111K(192K) Class: 7K(128K)->7K(128K)
[2026-06-17T10:00:53.808+0800][52.671s][info][gc             ] GC(1247) Pause Young (Allocation Failure) 46M->33M(61M) 3.035ms
[2026-06-17T10:00:53.809+0800][52.671s][info][gc,cpu         ] GC(1247) User=0.00s Sys=0.00s Real=0.00s
[2026-06-17T10:00:53.852+0800][52.714s][info][gc,start       ] GC(1248) Pause Young (Allocation Failure)
[2026-06-17T10:00:53.868+0800][52.731s][info][gc,heap        ] GC(1248) DefNew: 19636K(19648K)->2098K(19648K) Eden: 17464K(17472K)->0K(17472K) From: 2171K(2176K)->2098K(2176K)
[2026-06-17T10:00:53.923+0800][52.786s][info][gc,heap        ] GC(1248) Tenured: 32251K(43712K)->36894K(43712K)
[2026-06-17T10:00:53.924+0800][52.787s][info][gc,metaspace   ] GC(1248) Metaspace: 119K(320K)->119K(320K) NonClass: 111K(192K)->111K(192K) Class: 7K(128K)->7K(128K)
[2026-06-17T10:00:53.924+0800][52.787s][info][gc             ] GC(1248) Pause Young (Allocation Failure) 50M->38M(61M) 72.863ms
[2026-06-17T10:00:53.925+0800][52.788s][info][gc,cpu         ] GC(1248) User=0.00s Sys=0.00s Real=0.07s
[2026-06-17T10:00:53.969+0800][52.832s][info][gc,start       ] GC(1249) Pause Young (Allocation Failure)
[2026-06-17T10:00:53.980+0800][52.843s][info][gc,heap        ] GC(1249) DefNew: 19570K(19648K)->2175K(19648K) Eden: 17472K(17472K)->0K(17472K) From: 2098K(2176K)->2175K(2176K)
[2026-06-17T10:00:53.981+0800][52.844s][info][gc,heap        ] GC(1249) Tenured: 36894K(43712K)->40676K(43712K)
[2026-06-17T10:00:53.985+0800][52.847s][info][gc,metaspace   ] GC(1249) Metaspace: 119K(320K)->119K(320K) NonClass: 111K(192K)->111K(192K) Class: 7K(128K)->7K(128K)
[2026-06-17T10:00:53.987+0800][52.850s][info][gc             ] GC(1249) Pause Young (Allocation Failure) 55M->41M(61M) 17.371ms
[2026-06-17T10:00:53.999+0800][52.862s][info][gc,cpu         ] GC(1249) User=0.00s Sys=0.00s Real=0.03s
[2026-06-17T10:00:54.043+0800][52.905s][info][gc,start       ] GC(1250) Pause Young (Allocation Failure)
[2026-06-17T10:00:54.043+0800][52.906s][info][gc             ] GC(1250) Pause Young (Allocation Failure) 58M->58M(61M) 0.427ms
[2026-06-17T10:00:54.043+0800][52.906s][info][gc,cpu         ] GC(1250) User=0.00s Sys=0.00s Real=0.00s
[2026-06-17T10:00:54.044+0800][52.907s][info][gc,start       ] GC(1251) Pause Full (Allocation Failure)
[2026-06-17T10:00:54.048+0800][52.910s][info][gc,phases,start] GC(1251) Phase 1: Mark live objects
[2026-06-17T10:00:54.050+0800][52.913s][info][gc,phases      ] GC(1251) Phase 1: Mark live objects 2.974ms
[2026-06-17T10:00:54.054+0800][52.917s][info][gc,phases,start] GC(1251) Phase 2: Compute new object addresses
[2026-06-17T10:00:54.060+0800][52.923s][info][gc,phases      ] GC(1251) Phase 2: Compute new object addresses 6.027ms
[2026-06-17T10:00:54.061+0800][52.924s][info][gc,phases,start] GC(1251) Phase 3: Adjust pointers
[2026-06-17T10:00:54.062+0800][52.925s][info][gc,phases      ] GC(1251) Phase 3: Adjust pointers 0.968ms
[2026-06-17T10:00:54.063+0800][52.925s][info][gc,phases,start] GC(1251) Phase 4: Move objects
[2026-06-17T10:00:54.065+0800][52.928s][info][gc,phases      ] GC(1251) Phase 4: Move objects 2.482ms
[2026-06-17T10:00:54.066+0800][52.928s][info][gc,heap        ] GC(1251) DefNew: 19415K(19648K)->0K(19648K) Eden: 17240K(17472K)->0K(17472K) From: 2175K(2176K)->0K(2176K)
[2026-06-17T10:00:54.066+0800][52.929s][info][gc,heap        ] GC(1251) Tenured: 40676K(43712K)->22981K(43712K)
[2026-06-17T10:00:54.067+0800][52.930s][info][gc,metaspace   ] GC(1251) Metaspace: 119K(320K)->119K(320K) NonClass: 111K(192K)->111K(192K) Class: 7K(128K)->7K(128K)
[2026-06-17T10:00:54.067+0800][52.930s][info][gc             ] GC(1251) Pause Full (Allocation Failure) 58M->22M(61M) 23.594ms
[2026-06-17T10:00:54.069+0800][52.932s][info][gc,cpu         ] GC(1251) User=0.01s Sys=0.00s Real=0.02s
[2026-06-17T10:00:54.113+0800][52.976s][info][gc,start       ] GC(1252) Pause Young (Allocation Failure)
[2026-06-17T10:00:54.116+0800][52.979s][info][gc,heap        ] GC(1252) DefNew: 17471K(19648K)->2171K(19648K) Eden: 17471K(17472K)->0K(17472K) From: 0K(2176K)->2171K(2176K)
[2026-06-17T10:00:54.117+0800][52.980s][info][gc,heap        ] GC(1252) Tenured: 22981K(43712K)->28354K(43712K)
[2026-06-17T10:00:54.118+0800][52.980s][info][gc,metaspace   ] GC(1252) Metaspace: 119K(320K)->119K(320K) NonClass: 111K(192K)->111K(192K) Class: 7K(128K)->7K(128K)
[2026-06-17T10:00:54.118+0800][52.981s][info][gc             ] GC(1252) Pause Young (Allocation Failure) 39M->29M(61M) 5.314ms
[2026-06-17T10:00:54.119+0800][52.982s][info][gc,cpu         ] GC(1252) User=0.00s Sys=0.00s Real=0.00s
[2026-06-17T10:00:54.173+0800][53.036s][info][gc,start       ] GC(1253) Pause Young (Allocation Failure)
[2026-06-17T10:00:54.175+0800][53.038s][info][gc,heap        ] GC(1253) DefNew: 19615K(19648K)->2164K(19648K) Eden: 17443K(17472K)->0K(17472K) From: 2171K(2176K)->2164K(2176K)
[2026-06-17T10:00:54.176+0800][53.039s][info][gc,heap        ] GC(1253) Tenured: 28354K(43712K)->30939K(43712K)
[2026-06-17T10:00:54.177+0800][53.039s][info][gc,metaspace   ] GC(1253) Metaspace: 119K(320K)->119K(320K) NonClass: 111K(192K)->111K(192K) Class: 7K(128K)->7K(128K)
[2026-06-17T10:00:54.177+0800][53.040s][info][gc             ] GC(1253) Pause Young (Allocation Failure) 46M->32M(61M) 4.079ms
[2026-06-17T10:00:54.178+0800][53.041s][info][gc,cpu         ] GC(1253) User=0.00s Sys=0.00s Real=0.00s
[2026-06-17T10:00:54.222+0800][53.084s][info][gc,start       ] GC(1254) Pause Young (Allocation Failure)
[2026-06-17T10:00:54.223+0800][53.086s][info][gc,heap        ] GC(1254) DefNew: 19603K(19648K)->2096K(19648K) Eden: 17439K(17472K)->0K(17472K) From: 2164K(2176K)->2096K(2176K)
[2026-06-17T10:00:54.224+0800][53.086s][info][gc,heap        ] GC(1254) Tenured: 30939K(43712K)->33980K(43712K)
[2026-06-17T10:00:54.224+0800][53.087s][info][gc,metaspace   ] GC(1254) Metaspace: 119K(320K)->119K(320K) NonClass: 111K(192K)->111K(192K) Class: 7K(128K)->7K(128K)
[2026-06-17T10:00:54.225+0800][53.088s][info][gc             ] GC(1254) Pause Young (Allocation Failure) 49M->35M(61M) 3.167ms
[2026-06-17T10:00:54.225+0800][53.088s][info][gc,cpu         ] GC(1254) User=0.00s Sys=0.00s Real=0.01s
[2026-06-17T10:00:54.268+0800][53.131s][info][gc,start       ] GC(1255) Pause Young (Allocation Failure)
[2026-06-17T10:00:54.270+0800][53.133s][info][gc,heap        ] GC(1255) DefNew: 19568K(19648K)->2166K(19648K) Eden: 17472K(17472K)->0K(17472K) From: 2096K(2176K)->2166K(2176K)
[2026-06-17T10:00:54.271+0800][53.134s][info][gc,heap        ] GC(1255) Tenured: 33980K(43712K)->37686K(43712K)
[2026-06-17T10:00:54.271+0800][53.134s][info][gc,metaspace   ] GC(1255) Metaspace: 119K(320K)->119K(320K) NonClass: 111K(192K)->111K(192K) Class: 7K(128K)->7K(128K)
[2026-06-17T10:00:54.272+0800][53.134s][info][gc             ] GC(1255) Pause Young (Allocation Failure) 52M->38M(61M) 3.411ms
[2026-06-17T10:00:54.272+0800][53.135s][info][gc,cpu         ] GC(1255) User=0.00s Sys=0.00s Real=0.01s
[2026-06-17T10:00:54.316+0800][53.179s][info][gc,start       ] GC(1256) Pause Young (Allocation Failure)
[2026-06-17T10:00:54.317+0800][53.180s][info][gc             ] GC(1256) Pause Young (Allocation Failure) 55M->55M(61M) 0.950ms
[2026-06-17T10:00:54.318+0800][53.180s][info][gc,cpu         ] GC(1256) User=0.00s Sys=0.00s Real=0.00s
[2026-06-17T10:00:54.318+0800][53.181s][info][gc,start       ] GC(1257) Pause Full (Allocation Failure)
[2026-06-17T10:00:54.319+0800][53.182s][info][gc,phases,start] GC(1257) Phase 1: Mark live objects
[2026-06-17T10:00:54.321+0800][53.184s][info][gc,phases      ] GC(1257) Phase 1: Mark live objects 2.343ms
[2026-06-17T10:00:54.322+0800][53.185s][info][gc,phases,start] GC(1257) Phase 2: Compute new object addresses
[2026-06-17T10:00:54.323+0800][53.186s][info][gc,phases      ] GC(1257) Phase 2: Compute new object addresses 0.914ms
[2026-06-17T10:00:54.324+0800][53.186s][info][gc,phases,start] GC(1257) Phase 3: Adjust pointers
[2026-06-17T10:00:54.325+0800][53.187s][info][gc,phases      ] GC(1257) Phase 3: Adjust pointers 0.915ms
[2026-06-17T10:00:54.325+0800][53.188s][info][gc,phases,start] GC(1257) Phase 4: Move objects
[2026-06-17T10:00:54.328+0800][53.191s][info][gc,phases      ] GC(1257) Phase 4: Move objects 3.115ms
[2026-06-17T10:00:54.329+0800][53.191s][info][gc,heap        ] GC(1257) DefNew: 19638K(19648K)->0K(19648K) Eden: 17472K(17472K)->0K(17472K) From: 2166K(2176K)->0K(2176K)
[2026-06-17T10:00:54.329+0800][53.192s][info][gc,heap        ] GC(1257) Tenured: 37686K(43712K)->28403K(43712K)
[2026-06-17T10:00:54.329+0800][53.192s][info][gc,metaspace   ] GC(1257) Metaspace: 119K(320K)->119K(320K) NonClass: 111K(192K)->111K(192K) Class: 7K(128K)->7K(128K)
[2026-06-17T10:00:54.329+0800][53.192s][info][gc             ] GC(1257) Pause Full (Allocation Failure) 55M->27M(61M) 11.013ms
[2026-06-17T10:00:54.330+0800][53.192s][info][gc,cpu         ] GC(1257) User=0.00s Sys=0.00s Real=0.01s
[2026-06-17T10:00:54.382+0800][53.245s][info][gc,start       ] GC(1258) Pause Young (Allocation Failure)
[2026-06-17T10:00:54.384+0800][53.247s][info][gc,heap        ] GC(1258) DefNew: 17461K(19648K)->2167K(19648K) Eden: 17461K(17472K)->0K(17472K) From: 0K(2176K)->2167K(2176K)
[2026-06-17T10:00:54.385+0800][53.248s][info][gc,heap        ] GC(1258) Tenured: 28403K(43712K)->30433K(43712K)
[2026-06-17T10:00:54.386+0800][53.249s][info][gc,metaspace   ] GC(1258) Metaspace: 119K(320K)->119K(320K) NonClass: 111K(192K)->111K(192K) Class: 7K(128K)->7K(128K)
[2026-06-17T10:00:54.387+0800][53.249s][info][gc             ] GC(1258) Pause Young (Allocation Failure) 44M->31M(61M) 4.144ms
[2026-06-17T10:00:54.388+0800][53.250s][info][gc,cpu         ] GC(1258) User=0.01s Sys=0.00s Real=0.00s
[2026-06-17T10:00:54.431+0800][53.294s][info][gc,start       ] GC(1259) Pause Young (Allocation Failure)
[2026-06-17T10:00:54.432+0800][53.295s][info][gc,heap        ] GC(1259) DefNew: 19639K(19648K)->2064K(19648K) Eden: 17472K(17472K)->0K(17472K) From: 2167K(2176K)->2064K(2176K)
[2026-06-17T10:00:54.433+0800][53.296s][info][gc,heap        ] GC(1259) Tenured: 30433K(43712K)->34095K(43712K)
[2026-06-17T10:00:54.434+0800][53.297s][info][gc,metaspace   ] GC(1259) Metaspace: 119K(320K)->119K(320K) NonClass: 111K(192K)->111K(192K) Class: 7K(128K)->7K(128K)
[2026-06-17T10:00:54.435+0800][53.297s][info][gc             ] GC(1259) Pause Young (Allocation Failure) 48M->35M(61M) 3.197ms
[2026-06-17T10:00:54.435+0800][53.298s][info][gc,cpu         ] GC(1259) User=0.00s Sys=0.00s Real=0.00s
[2026-06-17T10:00:54.478+0800][53.341s][info][gc,start       ] GC(1260) Pause Young (Allocation Failure)
[2026-06-17T10:00:54.479+0800][53.342s][info][gc,heap        ] GC(1260) DefNew: 19499K(19648K)->2088K(19648K) Eden: 17435K(17472K)->0K(17472K) From: 2064K(2176K)->2088K(2176K)
[2026-06-17T10:00:54.480+0800][53.343s][info][gc,heap        ] GC(1260) Tenured: 34095K(43712K)->37854K(43712K)
[2026-06-17T10:00:54.481+0800][53.343s][info][gc,metaspace   ] GC(1260) Metaspace: 119K(320K)->119K(320K) NonClass: 111K(192K)->111K(192K) Class: 7K(128K)->7K(128K)
[2026-06-17T10:00:54.481+0800][53.344s][info][gc             ] GC(1260) Pause Young (Allocation Failure) 52M->39M(61M) 3.035ms
[2026-06-17T10:00:54.482+0800][53.345s][info][gc,cpu         ] GC(1260) User=0.00s Sys=0.00s Real=0.00s
[2026-06-17T10:00:54.525+0800][53.388s][info][gc,start       ] GC(1261) Pause Young (Allocation Failure)
[2026-06-17T10:00:54.527+0800][53.390s][info][gc,heap        ] GC(1261) DefNew: 19546K(19648K)->2175K(19648K) Eden: 17457K(17472K)->0K(17472K) From: 2088K(2176K)->2175K(2176K)
[2026-06-17T10:00:54.528+0800][53.390s][info][gc,heap        ] GC(1261) Tenured: 37854K(43712K)->41028K(43712K)
[2026-06-17T10:00:54.528+0800][53.391s][info][gc,metaspace   ] GC(1261) Metaspace: 119K(320K)->119K(320K) NonClass: 111K(192K)->111K(192K) Class: 7K(128K)->7K(128K)
[2026-06-17T10:00:54.528+0800][53.391s][info][gc             ] GC(1261) Pause Young (Allocation Failure) 56M->42M(61M) 2.794ms
[2026-06-17T10:00:54.529+0800][53.392s][info][gc,cpu         ] GC(1261) User=0.00s Sys=0.00s Real=0.00s
[2026-06-17T10:00:54.572+0800][53.435s][info][gc,start       ] GC(1262) Pause Young (Allocation Failure)
[2026-06-17T10:00:54.573+0800][53.435s][info][gc             ] GC(1262) Pause Young (Allocation Failure) 59M->59M(61M) 0.774ms
[2026-06-17T10:00:54.573+0800][53.436s][info][gc,cpu         ] GC(1262) User=0.00s Sys=0.00s Real=0.00s
[2026-06-17T10:00:54.574+0800][53.436s][info][gc,start       ] GC(1263) Pause Full (Allocation Failure)
[2026-06-17T10:00:54.574+0800][53.437s][info][gc,phases,start] GC(1263) Phase 1: Mark live objects
[2026-06-17T10:00:54.575+0800][53.438s][info][gc,phases      ] GC(1263) Phase 1: Mark live objects 1.041ms
[2026-06-17T10:00:54.575+0800][53.438s][info][gc,phases,start] GC(1263) Phase 2: Compute new object addresses
[2026-06-17T10:00:54.576+0800][53.439s][info][gc,phases      ] GC(1263) Phase 2: Compute new object addresses 0.725ms
[2026-06-17T10:00:54.576+0800][53.439s][info][gc,phases,start] GC(1263) Phase 3: Adjust pointers
[2026-06-17T10:00:54.578+0800][53.441s][info][gc,phases      ] GC(1263) Phase 3: Adjust pointers 1.375ms
[2026-06-17T10:00:54.578+0800][53.441s][info][gc,phases,start] GC(1263) Phase 4: Move objects
[2026-06-17T10:00:54.582+0800][53.444s][info][gc,phases      ] GC(1263) Phase 4: Move objects 3.245ms
[2026-06-17T10:00:54.582+0800][53.445s][info][gc,heap        ] GC(1263) DefNew: 19635K(19648K)->0K(19648K) Eden: 17459K(17472K)->0K(17472K) From: 2175K(2176K)->0K(2176K)
[2026-06-17T10:00:54.583+0800][53.445s][info][gc,heap        ] GC(1263) Tenured: 41028K(43712K)->34131K(43712K)
[2026-06-17T10:00:54.583+0800][53.446s][info][gc,metaspace   ] GC(1263) Metaspace: 119K(320K)->119K(320K) NonClass: 111K(192K)->111K(192K) Class: 7K(128K)->7K(128K)
[2026-06-17T10:00:54.583+0800][53.446s][info][gc             ] GC(1263) Pause Full (Allocation Failure) 59M->33M(61M) 9.610ms
[2026-06-17T10:00:54.584+0800][53.447s][info][gc,cpu         ] GC(1263) User=0.00s Sys=0.00s Real=0.01s
[2026-06-17T10:00:54.627+0800][53.490s][info][gc,start       ] GC(1264) Pause Young (Allocation Failure)
[2026-06-17T10:00:54.629+0800][53.492s][info][gc,heap        ] GC(1264) DefNew: 17459K(19648K)->2166K(19648K) Eden: 17459K(17472K)->0K(17472K) From: 0K(2176K)->2166K(2176K)
[2026-06-17T10:00:54.630+0800][53.493s][info][gc,heap        ] GC(1264) Tenured: 34131K(43712K)->38971K(43712K)
[2026-06-17T10:00:54.630+0800][53.493s][info][gc,metaspace   ] GC(1264) Metaspace: 119K(320K)->119K(320K) NonClass: 111K(192K)->111K(192K) Class: 7K(128K)->7K(128K)
[2026-06-17T10:00:54.630+0800][53.493s][info][gc             ] GC(1264) Pause Young (Allocation Failure) 50M->40M(61M) 3.344ms
[2026-06-17T10:00:54.631+0800][53.493s][info][gc,cpu         ] GC(1264) User=0.01s Sys=0.00s Real=0.01s
[2026-06-17T10:00:54.684+0800][53.547s][info][gc,start       ] GC(1265) Pause Young (Allocation Failure)
[2026-06-17T10:00:54.685+0800][53.548s][info][gc             ] GC(1265) Pause Young (Allocation Failure) 57M->57M(61M) 0.719ms
[2026-06-17T10:00:54.685+0800][53.548s][info][gc,cpu         ] GC(1265) User=0.00s Sys=0.00s Real=0.00s
[2026-06-17T10:00:54.686+0800][53.549s][info][gc,start       ] GC(1266) Pause Full (Allocation Failure)
[2026-06-17T10:00:54.686+0800][53.549s][info][gc,phases,start] GC(1266) Phase 1: Mark live objects
[2026-06-17T10:00:54.688+0800][53.551s][info][gc,phases      ] GC(1266) Phase 1: Mark live objects 1.713ms
[2026-06-17T10:00:54.689+0800][53.551s][info][gc,phases,start] GC(1266) Phase 2: Compute new object addresses
[2026-06-17T10:00:54.690+0800][53.553s][info][gc,phases      ] GC(1266) Phase 2: Compute new object addresses 1.195ms
[2026-06-17T10:00:54.690+0800][53.553s][info][gc,phases,start] GC(1266) Phase 3: Adjust pointers
[2026-06-17T10:00:54.691+0800][53.554s][info][gc,phases      ] GC(1266) Phase 3: Adjust pointers 0.590ms
[2026-06-17T10:00:54.691+0800][53.554s][info][gc,phases,start] GC(1266) Phase 4: Move objects
[2026-06-17T10:00:54.694+0800][53.556s][info][gc,phases      ] GC(1266) Phase 4: Move objects 2.349ms
[2026-06-17T10:00:54.694+0800][53.557s][info][gc,heap        ] GC(1266) DefNew: 19580K(19648K)->0K(19648K) Eden: 17413K(17472K)->0K(17472K) From: 2166K(2176K)->0K(2176K)
[2026-06-17T10:00:54.694+0800][53.557s][info][gc,heap        ] GC(1266) Tenured: 38971K(43712K)->28696K(43712K)
[2026-06-17T10:00:54.695+0800][53.558s][info][gc,metaspace   ] GC(1266) Metaspace: 119K(320K)->119K(320K) NonClass: 111K(192K)->111K(192K) Class: 7K(128K)->7K(128K)
[2026-06-17T10:00:54.695+0800][53.558s][info][gc             ] GC(1266) Pause Full (Allocation Failure) 57M->28M(61M) 9.369ms
[2026-06-17T10:00:54.696+0800][53.558s][info][gc,cpu         ] GC(1266) User=0.00s Sys=0.00s Real=0.01s
[2026-06-17T10:00:54.728+0800][53.591s][info][gc,start       ] GC(1267) Pause Young (Allocation Failure)
[2026-06-17T10:00:54.731+0800][53.593s][info][gc,heap        ] GC(1267) DefNew: 17403K(19648K)->2175K(19648K) Eden: 17403K(17472K)->0K(17472K) From: 0K(2176K)->2175K(2176K)
[2026-06-17T10:00:54.731+0800][53.594s][info][gc,heap        ] GC(1267) Tenured: 28696K(43712K)->34029K(43712K)
[2026-06-17T10:00:54.732+0800][53.595s][info][gc,metaspace   ] GC(1267) Metaspace: 119K(320K)->119K(320K) NonClass: 111K(192K)->111K(192K) Class: 7K(128K)->7K(128K)
[2026-06-17T10:00:54.733+0800][53.596s][info][gc             ] GC(1267) Pause Young (Allocation Failure) 45M->35M(61M) 4.480ms
[2026-06-17T10:00:54.733+0800][53.596s][info][gc,cpu         ] GC(1267) User=0.01s Sys=0.00s Real=0.01s
[2026-06-17T10:00:54.787+0800][53.650s][info][gc,start       ] GC(1268) Pause Young (Allocation Failure)
[2026-06-17T10:00:54.789+0800][53.652s][info][gc,heap        ] GC(1268) DefNew: 19628K(19648K)->2104K(19648K) Eden: 17452K(17472K)->0K(17472K) From: 2175K(2176K)->2104K(2176K)
[2026-06-17T10:00:54.790+0800][53.653s][info][gc,heap        ] GC(1268) Tenured: 34029K(43712K)->37164K(43712K)
[2026-06-17T10:00:54.791+0800][53.654s][info][gc,metaspace   ] GC(1268) Metaspace: 119K(320K)->119K(320K) NonClass: 111K(192K)->111K(192K) Class: 7K(128K)->7K(128K)
[2026-06-17T10:00:54.792+0800][53.654s][info][gc             ] GC(1268) Pause Young (Allocation Failure) 52M->38M(61M) 4.293ms
[2026-06-17T10:00:54.792+0800][53.655s][info][gc,cpu         ] GC(1268) User=0.00s Sys=0.00s Real=0.01s
[2026-06-17T10:00:54.836+0800][53.699s][info][gc,start       ] GC(1269) Pause Young (Allocation Failure)
[2026-06-17T10:00:54.837+0800][53.700s][info][gc,heap        ] GC(1269) DefNew: 19560K(19648K)->2048K(19648K) Eden: 17456K(17472K)->0K(17472K) From: 2104K(2176K)->2048K(2176K)
[2026-06-17T10:00:54.838+0800][53.701s][info][gc,heap        ] GC(1269) Tenured: 37164K(43712K)->40585K(43712K)
[2026-06-17T10:00:54.839+0800][53.701s][info][gc,metaspace   ] GC(1269) Metaspace: 119K(320K)->119K(320K) NonClass: 111K(192K)->111K(192K) Class: 7K(128K)->7K(128K)
[2026-06-17T10:00:54.839+0800][53.702s][info][gc             ] GC(1269) Pause Young (Allocation Failure) 55M->41M(61M) 3.415ms
[2026-06-17T10:00:54.840+0800][53.703s][info][gc,cpu         ] GC(1269) User=0.00s Sys=0.00s Real=0.00s
[2026-06-17T10:00:54.883+0800][53.746s][info][gc,start       ] GC(1270) Pause Young (Allocation Failure)
[2026-06-17T10:00:54.884+0800][53.746s][info][gc             ] GC(1270) Pause Young (Allocation Failure) 58M->58M(61M) 0.675ms
[2026-06-17T10:00:54.884+0800][53.747s][info][gc,cpu         ] GC(1270) User=0.00s Sys=0.00s Real=0.00s
[2026-06-17T10:00:54.885+0800][53.748s][info][gc,start       ] GC(1271) Pause Full (Allocation Failure)
[2026-06-17T10:00:54.885+0800][53.748s][info][gc,phases,start] GC(1271) Phase 1: Mark live objects
[2026-06-17T10:00:54.887+0800][53.750s][info][gc,phases      ] GC(1271) Phase 1: Mark live objects 1.824ms
[2026-06-17T10:00:54.888+0800][53.750s][info][gc,phases,start] GC(1271) Phase 2: Compute new object addresses
[2026-06-17T10:00:54.888+0800][53.751s][info][gc,phases      ] GC(1271) Phase 2: Compute new object addresses 0.686ms
[2026-06-17T10:00:54.889+0800][53.751s][info][gc,phases,start] GC(1271) Phase 3: Adjust pointers
[2026-06-17T10:00:54.890+0800][53.752s][info][gc,phases      ] GC(1271) Phase 3: Adjust pointers 1.022ms
[2026-06-17T10:00:54.890+0800][53.753s][info][gc,phases,start] GC(1271) Phase 4: Move objects
[2026-06-17T10:00:54.893+0800][53.756s][info][gc,phases      ] GC(1271) Phase 4: Move objects 2.924ms
[2026-06-17T10:00:54.894+0800][53.756s][info][gc,heap        ] GC(1271) DefNew: 19520K(19648K)->0K(19648K) Eden: 17472K(17472K)->0K(17472K) From: 2048K(2176K)->0K(2176K)
[2026-06-17T10:00:54.894+0800][53.757s][info][gc,heap        ] GC(1271) Tenured: 40585K(43712K)->27614K(43712K)
[2026-06-17T10:00:54.894+0800][53.757s][info][gc,metaspace   ] GC(1271) Metaspace: 119K(320K)->119K(320K) NonClass: 111K(192K)->111K(192K) Class: 7K(128K)->7K(128K)
[2026-06-17T10:00:54.895+0800][53.757s][info][gc             ] GC(1271) Pause Full (Allocation Failure) 58M->26M(61M) 9.845ms
[2026-06-17T10:00:54.895+0800][53.758s][info][gc,cpu         ] GC(1271) User=0.01s Sys=0.00s Real=0.01s
[2026-06-17T10:00:54.938+0800][53.801s][info][gc,start       ] GC(1272) Pause Young (Allocation Failure)
[2026-06-17T10:00:54.939+0800][53.802s][info][gc,heap        ] GC(1272) DefNew: 17472K(19648K)->2175K(19648K) Eden: 17472K(17472K)->0K(17472K) From: 0K(2176K)->2175K(2176K)
[2026-06-17T10:00:54.940+0800][53.803s][info][gc,heap        ] GC(1272) Tenured: 27614K(43712K)->32728K(43712K)
[2026-06-17T10:00:54.940+0800][53.803s][info][gc,metaspace   ] GC(1272) Metaspace: 119K(320K)->119K(320K) NonClass: 111K(192K)->111K(192K) Class: 7K(128K)->7K(128K)
[2026-06-17T10:00:54.941+0800][53.803s][info][gc             ] GC(1272) Pause Young (Allocation Failure) 44M->34M(61M) 2.858ms
[2026-06-17T10:00:54.941+0800][53.804s][info][gc,cpu         ] GC(1272) User=0.00s Sys=0.00s Real=0.00s
[2026-06-17T10:00:54.994+0800][53.856s][info][gc,start       ] GC(1273) Pause Young (Allocation Failure)
[2026-06-17T10:00:54.995+0800][53.858s][info][gc,heap        ] GC(1273) DefNew: 19620K(19648K)->2171K(19648K) Eden: 17445K(17472K)->0K(17472K) From: 2175K(2176K)->2171K(2176K)
[2026-06-17T10:00:54.996+0800][53.859s][info][gc,heap        ] GC(1273) Tenured: 32728K(43712K)->35471K(43712K)
[2026-06-17T10:00:54.996+0800][53.859s][info][gc,metaspace   ] GC(1273) Metaspace: 119K(320K)->119K(320K) NonClass: 111K(192K)->111K(192K) Class: 7K(128K)->7K(128K)
[2026-06-17T10:00:54.997+0800][53.859s][info][gc             ] GC(1273) Pause Young (Allocation Failure) 51M->36M(61M) 3.207ms
[2026-06-17T10:00:54.998+0800][53.861s][info][gc,cpu         ] GC(1273) User=0.00s Sys=0.00s Real=0.00s
[2026-06-17T10:00:55.041+0800][53.904s][info][gc,start       ] GC(1274) Pause Young (Allocation Failure)
[2026-06-17T10:00:55.043+0800][53.905s][info][gc,heap        ] GC(1274) DefNew: 19643K(19648K)->2101K(19648K) Eden: 17472K(17472K)->0K(17472K) From: 2171K(2176K)->2101K(2176K)
[2026-06-17T10:00:55.043+0800][53.906s][info][gc,heap        ] GC(1274) Tenured: 35471K(43712K)->39082K(43712K)
[2026-06-17T10:00:55.044+0800][53.907s][info][gc,metaspace   ] GC(1274) Metaspace: 119K(320K)->119K(320K) NonClass: 111K(192K)->111K(192K) Class: 7K(128K)->7K(128K)
[2026-06-17T10:00:55.044+0800][53.907s][info][gc             ] GC(1274) Pause Young (Allocation Failure) 53M->40M(61M) 3.049ms
[2026-06-17T10:00:55.045+0800][53.908s][info][gc,cpu         ] GC(1274) User=0.00s Sys=0.00s Real=0.01s
[2026-06-17T10:00:55.087+0800][53.950s][info][gc,start       ] GC(1275) Pause Young (Allocation Failure)
[2026-06-17T10:00:55.088+0800][53.951s][info][gc             ] GC(1275) Pause Young (Allocation Failure) 57M->57M(61M) 0.496ms
[2026-06-17T10:00:55.088+0800][53.951s][info][gc,cpu         ] GC(1275) User=0.00s Sys=0.00s Real=0.00s
[2026-06-17T10:00:55.090+0800][53.952s][info][gc,start       ] GC(1276) Pause Full (Allocation Failure)
[2026-06-17T10:00:55.090+0800][53.953s][info][gc,phases,start] GC(1276) Phase 1: Mark live objects
[2026-06-17T10:00:55.092+0800][53.955s][info][gc,phases      ] GC(1276) Phase 1: Mark live objects 2.136ms
[2026-06-17T10:00:55.092+0800][53.955s][info][gc,phases,start] GC(1276) Phase 2: Compute new object addresses
[2026-06-17T10:00:55.093+0800][53.956s][info][gc,phases      ] GC(1276) Phase 2: Compute new object addresses 0.766ms
[2026-06-17T10:00:55.094+0800][53.956s][info][gc,phases,start] GC(1276) Phase 3: Adjust pointers
[2026-06-17T10:00:55.094+0800][53.957s][info][gc,phases      ] GC(1276) Phase 3: Adjust pointers 0.766ms
[2026-06-17T10:00:55.095+0800][53.957s][info][gc,phases,start] GC(1276) Phase 4: Move objects
[2026-06-17T10:00:55.097+0800][53.960s][info][gc,phases      ] GC(1276) Phase 4: Move objects 2.609ms
[2026-06-17T10:00:55.098+0800][53.961s][info][gc,heap        ] GC(1276) DefNew: 19573K(19648K)->0K(19648K) Eden: 17472K(17472K)->0K(17472K) From: 2101K(2176K)->0K(2176K)
[2026-06-17T10:00:55.098+0800][53.961s][info][gc,heap        ] GC(1276) Tenured: 39082K(43712K)->27197K(43712K)
[2026-06-17T10:00:55.099+0800][53.961s][info][gc,metaspace   ] GC(1276) Metaspace: 119K(320K)->119K(320K) NonClass: 111K(192K)->111K(192K) Class: 7K(128K)->7K(128K)
[2026-06-17T10:00:55.099+0800][53.962s][info][gc             ] GC(1276) Pause Full (Allocation Failure) 57M->26M(61M) 9.617ms
[2026-06-17T10:00:55.100+0800][53.962s][info][gc,cpu         ] GC(1276) User=0.00s Sys=0.00s Real=0.01s
[2026-06-17T10:00:55.142+0800][54.005s][info][gc,start       ] GC(1277) Pause Young (Allocation Failure)
[2026-06-17T10:00:55.143+0800][54.006s][info][gc,heap        ] GC(1277) DefNew: 17470K(19648K)->2171K(19648K) Eden: 17470K(17472K)->0K(17472K) From: 0K(2176K)->2171K(2176K)
[2026-06-17T10:00:55.144+0800][54.007s][info][gc,heap        ] GC(1277) Tenured: 27197K(43712K)->32188K(43712K)
[2026-06-17T10:00:55.144+0800][54.007s][info][gc,metaspace   ] GC(1277) Metaspace: 119K(320K)->119K(320K) NonClass: 111K(192K)->111K(192K) Class: 7K(128K)->7K(128K)
[2026-06-17T10:00:55.145+0800][54.007s][info][gc             ] GC(1277) Pause Young (Allocation Failure) 43M->33M(61M) 2.580ms
[2026-06-17T10:00:55.145+0800][54.008s][info][gc,cpu         ] GC(1277) User=0.00s Sys=0.00s Real=0.01s
[2026-06-17T10:00:55.187+0800][54.050s][info][gc,start       ] GC(1278) Pause Young (Allocation Failure)
[2026-06-17T10:00:55.189+0800][54.052s][info][gc,heap        ] GC(1278) DefNew: 19643K(19648K)->2171K(19648K) Eden: 17472K(17472K)->0K(17472K) From: 2171K(2176K)->2171K(2176K)
[2026-06-17T10:00:55.190+0800][54.053s][info][gc,heap        ] GC(1278) Tenured: 32188K(43712K)->36192K(43712K)
[2026-06-17T10:00:55.191+0800][54.053s][info][gc,metaspace   ] GC(1278) Metaspace: 119K(320K)->119K(320K) NonClass: 111K(192K)->111K(192K) Class: 7K(128K)->7K(128K)
[2026-06-17T10:00:55.191+0800][54.054s][info][gc             ] GC(1278) Pause Young (Allocation Failure) 50M->37M(61M) 3.903ms
[2026-06-17T10:00:55.192+0800][54.055s][info][gc,cpu         ] GC(1278) User=0.00s Sys=0.00s Real=0.01s
[2026-06-17T10:00:55.235+0800][54.098s][info][gc,start       ] GC(1279) Pause Young (Allocation Failure)
[2026-06-17T10:00:55.236+0800][54.099s][info][gc,heap        ] GC(1279) DefNew: 19643K(19648K)->2168K(19648K) Eden: 17472K(17472K)->0K(17472K) From: 2171K(2176K)->2168K(2176K)
[2026-06-17T10:00:55.237+0800][54.100s][info][gc,heap        ] GC(1279) Tenured: 36192K(43712K)->36589K(43712K)
[2026-06-17T10:00:55.238+0800][54.100s][info][gc,metaspace   ] GC(1279) Metaspace: 119K(320K)->119K(320K) NonClass: 111K(192K)->111K(192K) Class: 7K(128K)->7K(128K)
[2026-06-17T10:00:55.239+0800][54.101s][info][gc             ] GC(1279) Pause Young (Allocation Failure) 54M->37M(61M) 3.715ms
[2026-06-17T10:00:55.239+0800][54.102s][info][gc,cpu         ] GC(1279) User=0.00s Sys=0.00s Real=0.00s
[2026-06-17T10:00:55.293+0800][54.156s][info][gc,start       ] GC(1280) Pause Young (Allocation Failure)
[2026-06-17T10:00:55.295+0800][54.158s][info][gc,heap        ] GC(1280) DefNew: 19609K(19648K)->2046K(19648K) Eden: 17441K(17472K)->0K(17472K) From: 2168K(2176K)->2046K(2176K)
[2026-06-17T10:00:55.296+0800][54.159s][info][gc,heap        ] GC(1280) Tenured: 36589K(43712K)->40131K(43712K)
[2026-06-17T10:00:55.297+0800][54.160s][info][gc,metaspace   ] GC(1280) Metaspace: 119K(320K)->119K(320K) NonClass: 111K(192K)->111K(192K) Class: 7K(128K)->7K(128K)
[2026-06-17T10:00:55.298+0800][54.161s][info][gc             ] GC(1280) Pause Young (Allocation Failure) 54M->41M(61M) 4.902ms
[2026-06-17T10:00:55.299+0800][54.162s][info][gc,cpu         ] GC(1280) User=0.00s Sys=0.00s Real=0.00s
[2026-06-17T10:00:55.343+0800][54.206s][info][gc,start       ] GC(1281) Pause Young (Allocation Failure)
[2026-06-17T10:00:55.344+0800][54.207s][info][gc             ] GC(1281) Pause Young (Allocation Failure) 58M->58M(61M) 0.732ms
[2026-06-17T10:00:55.345+0800][54.208s][info][gc,cpu         ] GC(1281) User=0.00s Sys=0.00s Real=0.00s
[2026-06-17T10:00:55.346+0800][54.208s][info][gc,start       ] GC(1282) Pause Full (Allocation Failure)
[2026-06-17T10:00:55.347+0800][54.209s][info][gc,phases,start] GC(1282) Phase 1: Mark live objects
[2026-06-17T10:00:55.348+0800][54.211s][info][gc,phases      ] GC(1282) Phase 1: Mark live objects 1.235ms
[2026-06-17T10:00:55.348+0800][54.211s][info][gc,phases,start] GC(1282) Phase 2: Compute new object addresses
[2026-06-17T10:00:55.349+0800][54.212s][info][gc,phases      ] GC(1282) Phase 2: Compute new object addresses 0.962ms
[2026-06-17T10:00:55.350+0800][54.213s][info][gc,phases,start] GC(1282) Phase 3: Adjust pointers
[2026-06-17T10:00:55.351+0800][54.214s][info][gc,phases      ] GC(1282) Phase 3: Adjust pointers 0.948ms
[2026-06-17T10:00:55.351+0800][54.214s][info][gc,phases,start] GC(1282) Phase 4: Move objects
[2026-06-17T10:00:55.353+0800][54.216s][info][gc,phases      ] GC(1282) Phase 4: Move objects 1.926ms
[2026-06-17T10:00:55.354+0800][54.217s][info][gc,heap        ] GC(1282) DefNew: 19517K(19648K)->0K(19648K) Eden: 17470K(17472K)->0K(17472K) From: 2046K(2176K)->0K(2176K)
[2026-06-17T10:00:55.354+0800][54.217s][info][gc,heap        ] GC(1282) Tenured: 40131K(43712K)->22778K(43712K)
[2026-06-17T10:00:55.355+0800][54.218s][info][gc,metaspace   ] GC(1282) Metaspace: 119K(320K)->119K(320K) NonClass: 111K(192K)->111K(192K) Class: 7K(128K)->7K(128K)
[2026-06-17T10:00:55.355+0800][54.218s][info][gc             ] GC(1282) Pause Full (Allocation Failure) 58M->22M(61M) 9.903ms
[2026-06-17T10:00:55.356+0800][54.219s][info][gc,cpu         ] GC(1282) User=0.00s Sys=0.00s Real=0.01s
[2026-06-17T10:00:55.399+0800][54.262s][info][gc,start       ] GC(1283) Pause Young (Allocation Failure)
[2026-06-17T10:00:55.401+0800][54.264s][info][gc,heap        ] GC(1283) DefNew: 17466K(19648K)->2176K(19648K) Eden: 17466K(17472K)->0K(17472K) From: 0K(2176K)->2176K(2176K)
[2026-06-17T10:00:55.402+0800][54.265s][info][gc,heap        ] GC(1283) Tenured: 22778K(43712K)->27823K(43712K)
[2026-06-17T10:00:55.403+0800][54.265s][info][gc,metaspace   ] GC(1283) Metaspace: 119K(320K)->119K(320K) NonClass: 111K(192K)->111K(192K) Class: 7K(128K)->7K(128K)
[2026-06-17T10:00:55.403+0800][54.266s][info][gc             ] GC(1283) Pause Young (Allocation Failure) 39M->29M(61M) 4.208ms
[2026-06-17T10:00:55.404+0800][54.267s][info][gc,cpu         ] GC(1283) User=0.00s Sys=0.00s Real=0.01s
[2026-06-17T10:00:55.448+0800][54.310s][info][gc,start       ] GC(1284) Pause Young (Allocation Failure)
[2026-06-17T10:00:55.450+0800][54.312s][info][gc,heap        ] GC(1284) DefNew: 19648K(19648K)->2170K(19648K) Eden: 17472K(17472K)->0K(17472K) From: 2176K(2176K)->2170K(2176K)
[2026-06-17T10:00:55.450+0800][54.313s][info][gc,heap        ] GC(1284) Tenured: 27823K(43712K)->34714K(43712K)
[2026-06-17T10:00:55.450+0800][54.313s][info][gc,metaspace   ] GC(1284) Metaspace: 119K(320K)->119K(320K) NonClass: 111K(192K)->111K(192K) Class: 7K(128K)->7K(128K)
[2026-06-17T10:00:55.451+0800][54.314s][info][gc             ] GC(1284) Pause Young (Allocation Failure) 46M->36M(61M) 3.096ms
[2026-06-17T10:00:55.451+0800][54.314s][info][gc,cpu         ] GC(1284) User=0.00s Sys=0.00s Real=0.01s
[2026-06-17T10:00:55.494+0800][54.357s][info][gc,start       ] GC(1285) Pause Young (Allocation Failure)
[2026-06-17T10:00:55.495+0800][54.358s][info][gc,heap        ] GC(1285) DefNew: 19506K(19648K)->1958K(19648K) Eden: 17335K(17472K)->0K(17472K) From: 2170K(2176K)->1958K(2176K)
[2026-06-17T10:00:55.496+0800][54.359s][info][gc,heap        ] GC(1285) Tenured: 34714K(43712K)->37108K(43712K)
[2026-06-17T10:00:55.497+0800][54.359s][info][gc,metaspace   ] GC(1285) Metaspace: 119K(320K)->119K(320K) NonClass: 111K(192K)->111K(192K) Class: 7K(128K)->7K(128K)
[2026-06-17T10:00:55.497+0800][54.360s][info][gc             ] GC(1285) Pause Young (Allocation Failure) 52M->38M(61M) 3.356ms
[2026-06-17T10:00:55.498+0800][54.360s][info][gc,cpu         ] GC(1285) User=0.00s Sys=0.00s Real=0.00s
[2026-06-17T10:00:55.540+0800][54.403s][info][gc,start       ] GC(1286) Pause Young (Allocation Failure)
[2026-06-17T10:00:55.541+0800][54.404s][info][gc             ] GC(1286) Pause Young (Allocation Failure) 55M->55M(61M) 0.639ms
[2026-06-17T10:00:55.542+0800][54.404s][info][gc,cpu         ] GC(1286) User=0.00s Sys=0.00s Real=0.00s
[2026-06-17T10:00:55.542+0800][54.405s][info][gc,start       ] GC(1287) Pause Full (Allocation Failure)
[2026-06-17T10:00:55.542+0800][54.405s][info][gc,phases,start] GC(1287) Phase 1: Mark live objects
[2026-06-17T10:00:55.544+0800][54.407s][info][gc,phases      ] GC(1287) Phase 1: Mark live objects 2.072ms
[2026-06-17T10:00:55.545+0800][54.408s][info][gc,phases,start] GC(1287) Phase 2: Compute new object addresses
[2026-06-17T10:00:55.546+0800][54.409s][info][gc,phases      ] GC(1287) Phase 2: Compute new object addresses 0.972ms
[2026-06-17T10:00:55.546+0800][54.409s][info][gc,phases,start] GC(1287) Phase 3: Adjust pointers
[2026-06-17T10:00:55.547+0800][54.410s][info][gc,phases      ] GC(1287) Phase 3: Adjust pointers 1.102ms
[2026-06-17T10:00:55.548+0800][54.411s][info][gc,phases,start] GC(1287) Phase 4: Move objects
[2026-06-17T10:00:55.550+0800][54.413s][info][gc,phases      ] GC(1287) Phase 4: Move objects 2.618ms
[2026-06-17T10:00:55.551+0800][54.414s][info][gc,heap        ] GC(1287) DefNew: 19406K(19648K)->0K(19648K) Eden: 17448K(17472K)->0K(17472K) From: 1958K(2176K)->0K(2176K)
[2026-06-17T10:00:55.551+0800][54.414s][info][gc,heap        ] GC(1287) Tenured: 37108K(43712K)->28057K(43712K)
[2026-06-17T10:00:55.551+0800][54.414s][info][gc,metaspace   ] GC(1287) Metaspace: 119K(320K)->119K(320K) NonClass: 111K(192K)->111K(192K) Class: 7K(128K)->7K(128K)
[2026-06-17T10:00:55.552+0800][54.414s][info][gc             ] GC(1287) Pause Full (Allocation Failure) 55M->27M(61M) 9.738ms
[2026-06-17T10:00:55.552+0800][54.415s][info][gc,cpu         ] GC(1287) User=0.01s Sys=0.01s Real=0.02s
[2026-06-17T10:00:55.595+0800][54.458s][info][gc,start       ] GC(1288) Pause Young (Allocation Failure)
[2026-06-17T10:00:55.599+0800][54.462s][info][gc,heap        ] GC(1288) DefNew: 17449K(19648K)->2175K(19648K) Eden: 17449K(17472K)->0K(17472K) From: 0K(2176K)->2175K(2176K)
[2026-06-17T10:00:55.600+0800][54.463s][info][gc,heap        ] GC(1288) Tenured: 28057K(43712K)->32873K(43712K)
[2026-06-17T10:00:55.601+0800][54.463s][info][gc,metaspace   ] GC(1288) Metaspace: 119K(320K)->119K(320K) NonClass: 111K(192K)->111K(192K) Class: 7K(128K)->7K(128K)
[2026-06-17T10:00:55.601+0800][54.464s][info][gc             ] GC(1288) Pause Young (Allocation Failure) 44M->34M(61M) 6.010ms
[2026-06-17T10:00:55.602+0800][54.465s][info][gc,cpu         ] GC(1288) User=0.00s Sys=0.00s Real=0.00s
[2026-06-17T10:00:55.647+0800][54.510s][info][gc,start       ] GC(1289) Pause Young (Allocation Failure)
[2026-06-17T10:00:55.648+0800][54.511s][info][gc,heap        ] GC(1289) DefNew: 19536K(19648K)->2112K(19648K) Eden: 17360K(17472K)->0K(17472K) From: 2175K(2176K)->2112K(2176K)
[2026-06-17T10:00:55.651+0800][54.514s][info][gc,heap        ] GC(1289) Tenured: 32873K(43712K)->35487K(43712K)
[2026-06-17T10:00:55.652+0800][54.515s][info][gc,metaspace   ] GC(1289) Metaspace: 119K(320K)->119K(320K) NonClass: 111K(192K)->111K(192K) Class: 7K(128K)->7K(128K)
[2026-06-17T10:00:55.654+0800][54.517s][info][gc             ] GC(1289) Pause Young (Allocation Failure) 51M->36M(61M) 6.985ms
[2026-06-17T10:00:55.655+0800][54.518s][info][gc,cpu         ] GC(1289) User=0.00s Sys=0.00s Real=0.01s
[2026-06-17T10:00:55.708+0800][54.571s][info][gc,start       ] GC(1290) Pause Young (Allocation Failure)
[2026-06-17T10:00:55.710+0800][54.572s][info][gc,heap        ] GC(1290) DefNew: 19581K(19648K)->2110K(19648K) Eden: 17469K(17472K)->0K(17472K) From: 2112K(2176K)->2110K(2176K)
[2026-06-17T10:00:55.710+0800][54.573s][info][gc,heap        ] GC(1290) Tenured: 35487K(43712K)->39067K(43712K)
[2026-06-17T10:00:55.710+0800][54.573s][info][gc,metaspace   ] GC(1290) Metaspace: 119K(320K)->119K(320K) NonClass: 111K(192K)->111K(192K) Class: 7K(128K)->7K(128K)
[2026-06-17T10:00:55.711+0800][54.573s][info][gc             ] GC(1290) Pause Young (Allocation Failure) 53M->40M(61M) 2.586ms
[2026-06-17T10:00:55.711+0800][54.574s][info][gc,cpu         ] GC(1290) User=0.00s Sys=0.00s Real=0.01s
[2026-06-17T10:00:55.753+0800][54.616s][info][gc,start       ] GC(1291) Pause Young (Allocation Failure)
[2026-06-17T10:00:55.754+0800][54.617s][info][gc             ] GC(1291) Pause Young (Allocation Failure) 57M->57M(61M) 0.551ms
[2026-06-17T10:00:55.754+0800][54.617s][info][gc,cpu         ] GC(1291) User=0.00s Sys=0.00s Real=0.00s
[2026-06-17T10:00:55.755+0800][54.618s][info][gc,start       ] GC(1292) Pause Full (Allocation Failure)
[2026-06-17T10:00:55.755+0800][54.618s][info][gc,phases,start] GC(1292) Phase 1: Mark live objects
[2026-06-17T10:00:55.757+0800][54.620s][info][gc,phases      ] GC(1292) Phase 1: Mark live objects 1.621ms
[2026-06-17T10:00:55.757+0800][54.620s][info][gc,phases,start] GC(1292) Phase 2: Compute new object addresses
[2026-06-17T10:00:55.758+0800][54.621s][info][gc,phases      ] GC(1292) Phase 2: Compute new object addresses 0.745ms
[2026-06-17T10:00:55.758+0800][54.621s][info][gc,phases,start] GC(1292) Phase 3: Adjust pointers
[2026-06-17T10:00:55.759+0800][54.622s][info][gc,phases      ] GC(1292) Phase 3: Adjust pointers 0.996ms
[2026-06-17T10:00:55.760+0800][54.622s][info][gc,phases,start] GC(1292) Phase 4: Move objects
[2026-06-17T10:00:55.763+0800][54.626s][info][gc,phases      ] GC(1292) Phase 4: Move objects 3.156ms
[2026-06-17T10:00:55.763+0800][54.626s][info][gc,heap        ] GC(1292) DefNew: 19574K(19648K)->0K(19648K) Eden: 17463K(17472K)->0K(17472K) From: 2110K(2176K)->0K(2176K)
[2026-06-17T10:00:55.764+0800][54.626s][info][gc,heap        ] GC(1292) Tenured: 39067K(43712K)->23568K(43712K)
[2026-06-17T10:00:55.764+0800][54.627s][info][gc,metaspace   ] GC(1292) Metaspace: 119K(320K)->119K(320K) NonClass: 111K(192K)->111K(192K) Class: 7K(128K)->7K(128K)
[2026-06-17T10:00:55.764+0800][54.627s][info][gc             ] GC(1292) Pause Full (Allocation Failure) 57M->23M(61M) 9.282ms
[2026-06-17T10:00:55.764+0800][54.627s][info][gc,cpu         ] GC(1292) User=0.01s Sys=0.00s Real=0.01s
[2026-06-17T10:00:55.808+0800][54.670s][info][gc,start       ] GC(1293) Pause Young (Allocation Failure)
[2026-06-17T10:00:55.810+0800][54.673s][info][gc,heap        ] GC(1293) DefNew: 17441K(19648K)->2173K(19648K) Eden: 17441K(17472K)->0K(17472K) From: 0K(2176K)->2173K(2176K)
[2026-06-17T10:00:55.811+0800][54.674s][info][gc,heap        ] GC(1293) Tenured: 23568K(43712K)->28624K(43712K)
[2026-06-17T10:00:55.812+0800][54.675s][info][gc,metaspace   ] GC(1293) Metaspace: 119K(320K)->119K(320K) NonClass: 111K(192K)->111K(192K) Class: 7K(128K)->7K(128K)
[2026-06-17T10:00:55.812+0800][54.675s][info][gc             ] GC(1293) Pause Young (Allocation Failure) 40M->30M(61M) 4.926ms
[2026-06-17T10:00:55.813+0800][54.676s][info][gc,cpu         ] GC(1293) User=0.00s Sys=0.00s Real=0.01s
[2026-06-17T10:00:55.857+0800][54.720s][info][gc,start       ] GC(1294) Pause Young (Allocation Failure)
[2026-06-17T10:00:55.860+0800][54.723s][info][gc,heap        ] GC(1294) DefNew: 19638K(19648K)->2173K(19648K) Eden: 17464K(17472K)->0K(17472K) From: 2173K(2176K)->2173K(2176K)
[2026-06-17T10:00:55.860+0800][54.723s][info][gc,heap        ] GC(1294) Tenured: 28624K(43712K)->32847K(43712K)
[2026-06-17T10:00:55.861+0800][54.724s][info][gc,metaspace   ] GC(1294) Metaspace: 119K(320K)->119K(320K) NonClass: 111K(192K)->111K(192K) Class: 7K(128K)->7K(128K)
[2026-06-17T10:00:55.861+0800][54.724s][info][gc             ] GC(1294) Pause Young (Allocation Failure) 47M->34M(61M) 4.325ms
[2026-06-17T10:00:55.862+0800][54.725s][info][gc,cpu         ] GC(1294) User=0.01s Sys=0.00s Real=0.00s
[2026-06-17T10:00:55.906+0800][54.768s][info][gc,start       ] GC(1295) Pause Young (Allocation Failure)
[2026-06-17T10:00:55.907+0800][54.770s][info][gc,heap        ] GC(1295) DefNew: 19383K(19648K)->2137K(19648K) Eden: 17209K(17472K)->0K(17472K) From: 2173K(2176K)->2137K(2176K)
[2026-06-17T10:00:55.907+0800][54.770s][info][gc,heap        ] GC(1295) Tenured: 32847K(43712K)->33354K(43712K)
[2026-06-17T10:00:55.908+0800][54.770s][info][gc,metaspace   ] GC(1295) Metaspace: 119K(320K)->119K(320K) NonClass: 111K(192K)->111K(192K) Class: 7K(128K)->7K(128K)
[2026-06-17T10:00:55.908+0800][54.771s][info][gc             ] GC(1295) Pause Young (Allocation Failure) 51M->34M(61M) 2.752ms
[2026-06-17T10:00:55.909+0800][54.772s][info][gc,cpu         ] GC(1295) User=0.00s Sys=0.00s Real=0.00s
[2026-06-17T10:00:55.952+0800][54.815s][info][gc,start       ] GC(1296) Pause Young (Allocation Failure)
[2026-06-17T10:00:55.954+0800][54.816s][info][gc,heap        ] GC(1296) DefNew: 19320K(19648K)->2072K(19648K) Eden: 17183K(17472K)->0K(17472K) From: 2137K(2176K)->2072K(2176K)
[2026-06-17T10:00:55.954+0800][54.817s][info][gc,heap        ] GC(1296) Tenured: 33354K(43712K)->36290K(43712K)
[2026-06-17T10:00:55.955+0800][54.817s][info][gc,metaspace   ] GC(1296) Metaspace: 119K(320K)->119K(320K) NonClass: 111K(192K)->111K(192K) Class: 7K(128K)->7K(128K)
[2026-06-17T10:00:55.955+0800][54.818s][info][gc             ] GC(1296) Pause Young (Allocation Failure) 51M->37M(61M) 2.854ms
[2026-06-17T10:00:55.955+0800][54.818s][info][gc,cpu         ] GC(1296) User=0.00s Sys=0.00s Real=0.00s
[2026-06-17T10:00:56.008+0800][54.871s][info][gc,start       ] GC(1297) Pause Young (Allocation Failure)
[2026-06-17T10:00:56.010+0800][54.872s][info][gc,heap        ] GC(1297) DefNew: 19519K(19648K)->2113K(19648K) Eden: 17447K(17472K)->0K(17472K) From: 2072K(2176K)->2113K(2176K)
[2026-06-17T10:00:56.010+0800][54.873s][info][gc,heap        ] GC(1297) Tenured: 36290K(43712K)->39990K(43712K)
[2026-06-17T10:00:56.010+0800][54.873s][info][gc,metaspace   ] GC(1297) Metaspace: 119K(320K)->119K(320K) NonClass: 111K(192K)->111K(192K) Class: 7K(128K)->7K(128K)
[2026-06-17T10:00:56.011+0800][54.874s][info][gc             ] GC(1297) Pause Young (Allocation Failure) 54M->41M(61M) 2.853ms
[2026-06-17T10:00:56.011+0800][54.874s][info][gc,cpu         ] GC(1297) User=0.00s Sys=0.00s Real=0.01s
[2026-06-17T10:00:56.054+0800][54.917s][info][gc,start       ] GC(1298) Pause Young (Allocation Failure)
[2026-06-17T10:00:56.055+0800][54.918s][info][gc             ] GC(1298) Pause Young (Allocation Failure) 58M->58M(61M) 0.622ms
[2026-06-17T10:00:56.055+0800][54.918s][info][gc,cpu         ] GC(1298) User=0.00s Sys=0.00s Real=0.00s
[2026-06-17T10:00:56.056+0800][54.918s][info][gc,start       ] GC(1299) Pause Full (Allocation Failure)
[2026-06-17T10:00:56.056+0800][54.919s][info][gc,phases,start] GC(1299) Phase 1: Mark live objects
[2026-06-17T10:00:56.058+0800][54.920s][info][gc,phases      ] GC(1299) Phase 1: Mark live objects 1.497ms
[2026-06-17T10:00:56.058+0800][54.921s][info][gc,phases,start] GC(1299) Phase 2: Compute new object addresses
[2026-06-17T10:00:56.059+0800][54.922s][info][gc,phases      ] GC(1299) Phase 2: Compute new object addresses 0.897ms
[2026-06-17T10:00:56.059+0800][54.922s][info][gc,phases,start] GC(1299) Phase 3: Adjust pointers
[2026-06-17T10:00:56.060+0800][54.923s][info][gc,phases      ] GC(1299) Phase 3: Adjust pointers 0.797ms
[2026-06-17T10:00:56.060+0800][54.923s][info][gc,phases,start] GC(1299) Phase 4: Move objects
[2026-06-17T10:00:56.062+0800][54.925s][info][gc,phases      ] GC(1299) Phase 4: Move objects 2.040ms
[2026-06-17T10:00:56.063+0800][54.925s][info][gc,heap        ] GC(1299) DefNew: 19563K(19648K)->0K(19648K) Eden: 17450K(17472K)->0K(17472K) From: 2113K(2176K)->0K(2176K)
[2026-06-17T10:00:56.063+0800][54.926s][info][gc,heap        ] GC(1299) Tenured: 39990K(43712K)->21316K(43712K)
[2026-06-17T10:00:56.063+0800][54.926s][info][gc,metaspace   ] GC(1299) Metaspace: 119K(320K)->119K(320K) NonClass: 111K(192K)->111K(192K) Class: 7K(128K)->7K(128K)
[2026-06-17T10:00:56.063+0800][54.926s][info][gc             ] GC(1299) Pause Full (Allocation Failure) 58M->20M(61M) 7.754ms
[2026-06-17T10:00:56.064+0800][54.926s][info][gc,cpu         ] GC(1299) User=0.00s Sys=0.00s Real=0.01s
[2026-06-17T10:00:56.107+0800][54.970s][info][gc,start       ] GC(1300) Pause Young (Allocation Failure)
[2026-06-17T10:00:56.110+0800][54.972s][info][gc,heap        ] GC(1300) DefNew: 17433K(19648K)->2175K(19648K) Eden: 17433K(17472K)->0K(17472K) From: 0K(2176K)->2175K(2176K)
[2026-06-17T10:00:56.111+0800][54.973s][info][gc,heap        ] GC(1300) Tenured: 21316K(43712K)->26349K(43712K)
[2026-06-17T10:00:56.111+0800][54.974s][info][gc,metaspace   ] GC(1300) Metaspace: 119K(320K)->119K(320K) NonClass: 111K(192K)->111K(192K) Class: 7K(128K)->7K(128K)
[2026-06-17T10:00:56.112+0800][54.975s][info][gc             ] GC(1300) Pause Young (Allocation Failure) 37M->27M(61M) 4.877ms
[2026-06-17T10:00:56.112+0800][54.975s][info][gc,cpu         ] GC(1300) User=0.00s Sys=0.00s Real=0.01s
[2026-06-17T10:00:56.155+0800][55.018s][info][gc,start       ] GC(1301) Pause Young (Allocation Failure)
[2026-06-17T10:00:56.160+0800][55.022s][info][gc,heap        ] GC(1301) DefNew: 19614K(19648K)->2087K(19648K) Eden: 17438K(17472K)->0K(17472K) From: 2175K(2176K)->2087K(2176K)
[2026-06-17T10:00:56.161+0800][55.023s][info][gc,heap        ] GC(1301) Tenured: 26349K(43712K)->29570K(43712K)
[2026-06-17T10:00:56.162+0800][55.024s][info][gc,metaspace   ] GC(1301) Metaspace: 119K(320K)->119K(320K) NonClass: 111K(192K)->111K(192K) Class: 7K(128K)->7K(128K)
[2026-06-17T10:00:56.163+0800][55.026s][info][gc             ] GC(1301) Pause Young (Allocation Failure) 44M->30M(61M) 7.935ms
[2026-06-17T10:00:56.165+0800][55.028s][info][gc,cpu         ] GC(1301) User=0.00s Sys=0.00s Real=0.01s
[2026-06-17T10:00:56.212+0800][55.074s][info][gc,start       ] GC(1302) Pause Young (Allocation Failure)
[2026-06-17T10:00:56.223+0800][55.086s][info][gc,heap        ] GC(1302) DefNew: 19559K(19648K)->2171K(19648K) Eden: 17472K(17472K)->0K(17472K) From: 2087K(2176K)->2171K(2176K)
[2026-06-17T10:00:56.251+0800][55.114s][info][gc,heap        ] GC(1302) Tenured: 29570K(43712K)->36552K(43712K)
[2026-06-17T10:00:56.251+0800][55.114s][info][gc,metaspace   ] GC(1302) Metaspace: 119K(320K)->119K(320K) NonClass: 111K(192K)->111K(192K) Class: 7K(128K)->7K(128K)
[2026-06-17T10:00:56.252+0800][55.114s][info][gc             ] GC(1302) Pause Young (Allocation Failure) 47M->37M(61M) 39.963ms
[2026-06-17T10:00:56.252+0800][55.115s][info][gc,cpu         ] GC(1302) User=0.00s Sys=0.00s Real=0.04s
[2026-06-17T10:00:56.305+0800][55.167s][info][gc,start       ] GC(1303) Pause Young (Allocation Failure)
[2026-06-17T10:00:56.306+0800][55.168s][info][gc             ] GC(1303) Pause Young (Allocation Failure) 54M->54M(61M) 1.059ms
[2026-06-17T10:00:56.309+0800][55.172s][info][gc,cpu         ] GC(1303) User=0.00s Sys=0.00s Real=0.00s
[2026-06-17T10:00:56.310+0800][55.173s][info][gc,start       ] GC(1304) Pause Full (Allocation Failure)
[2026-06-17T10:00:56.311+0800][55.174s][info][gc,phases,start] GC(1304) Phase 1: Mark live objects
[2026-06-17T10:00:56.315+0800][55.177s][info][gc,phases      ] GC(1304) Phase 1: Mark live objects 3.402ms
[2026-06-17T10:00:56.317+0800][55.180s][info][gc,phases,start] GC(1304) Phase 2: Compute new object addresses
[2026-06-17T10:00:56.319+0800][55.182s][info][gc,phases      ] GC(1304) Phase 2: Compute new object addresses 2.500ms
[2026-06-17T10:00:56.321+0800][55.183s][info][gc,phases,start] GC(1304) Phase 3: Adjust pointers
[2026-06-17T10:00:56.322+0800][55.185s][info][gc,phases      ] GC(1304) Phase 3: Adjust pointers 1.133ms
[2026-06-17T10:00:56.323+0800][55.185s][info][gc,phases,start] GC(1304) Phase 4: Move objects
[2026-06-17T10:00:56.325+0800][55.188s][info][gc,phases      ] GC(1304) Phase 4: Move objects 2.393ms
[2026-06-17T10:00:56.329+0800][55.191s][info][gc,heap        ] GC(1304) DefNew: 19631K(19648K)->0K(19648K) Eden: 17460K(17472K)->0K(17472K) From: 2171K(2176K)->0K(2176K)
[2026-06-17T10:00:56.329+0800][55.192s][info][gc,heap        ] GC(1304) Tenured: 36552K(43712K)->24241K(43712K)
[2026-06-17T10:00:56.330+0800][55.193s][info][gc,metaspace   ] GC(1304) Metaspace: 119K(320K)->119K(320K) NonClass: 111K(192K)->111K(192K) Class: 7K(128K)->7K(128K)
[2026-06-17T10:00:56.333+0800][55.195s][info][gc             ] GC(1304) Pause Full (Allocation Failure) 54M->23M(61M) 22.298ms
[2026-06-17T10:00:56.334+0800][55.197s][info][gc,cpu         ] GC(1304) User=0.00s Sys=0.00s Real=0.03s
[2026-06-17T10:00:56.379+0800][55.241s][info][gc,start       ] GC(1305) Pause Young (Allocation Failure)
[2026-06-17T10:00:56.381+0800][55.243s][info][gc,heap        ] GC(1305) DefNew: 17444K(19648K)->2174K(19648K) Eden: 17444K(17472K)->0K(17472K) From: 0K(2176K)->2174K(2176K)
[2026-06-17T10:00:56.382+0800][55.245s][info][gc,heap        ] GC(1305) Tenured: 24241K(43712K)->29540K(43712K)
[2026-06-17T10:00:56.383+0800][55.245s][info][gc,metaspace   ] GC(1305) Metaspace: 119K(320K)->119K(320K) NonClass: 111K(192K)->111K(192K) Class: 7K(128K)->7K(128K)
[2026-06-17T10:00:56.383+0800][55.246s][info][gc             ] GC(1305) Pause Young (Allocation Failure) 40M->30M(61M) 4.532ms
[2026-06-17T10:00:56.384+0800][55.246s][info][gc,cpu         ] GC(1305) User=0.00s Sys=0.00s Real=0.01s
[2026-06-17T10:00:56.428+0800][55.291s][info][gc,start       ] GC(1306) Pause Young (Allocation Failure)
[2026-06-17T10:00:56.432+0800][55.294s][info][gc,heap        ] GC(1306) DefNew: 19646K(19648K)->2171K(19648K) Eden: 17472K(17472K)->0K(17472K) From: 2174K(2176K)->2171K(2176K)
[2026-06-17T10:00:56.432+0800][55.295s][info][gc,heap        ] GC(1306) Tenured: 29540K(43712K)->34509K(43712K)
[2026-06-17T10:00:56.433+0800][55.296s][info][gc,metaspace   ] GC(1306) Metaspace: 119K(320K)->119K(320K) NonClass: 111K(192K)->111K(192K) Class: 7K(128K)->7K(128K)
[2026-06-17T10:00:56.435+0800][55.297s][info][gc             ] GC(1306) Pause Young (Allocation Failure) 48M->35M(61M) 6.558ms
[2026-06-17T10:00:56.435+0800][55.298s][info][gc,cpu         ] GC(1306) User=0.00s Sys=0.00s Real=0.01s
[2026-06-17T10:00:56.479+0800][55.342s][info][gc,start       ] GC(1307) Pause Young (Allocation Failure)
[2026-06-17T10:00:56.481+0800][55.344s][info][gc,heap        ] GC(1307) DefNew: 19634K(19648K)->2168K(19648K) Eden: 17462K(17472K)->0K(17472K) From: 2171K(2176K)->2168K(2176K)
[2026-06-17T10:00:56.481+0800][55.344s][info][gc,heap        ] GC(1307) Tenured: 34509K(43712K)->38999K(43712K)
[2026-06-17T10:00:56.482+0800][55.345s][info][gc,metaspace   ] GC(1307) Metaspace: 119K(320K)->119K(320K) NonClass: 111K(192K)->111K(192K) Class: 7K(128K)->7K(128K)
[2026-06-17T10:00:56.483+0800][55.345s][info][gc             ] GC(1307) Pause Young (Allocation Failure) 52M->40M(61M) 3.562ms
[2026-06-17T10:00:56.483+0800][55.346s][info][gc,cpu         ] GC(1307) User=0.00s Sys=0.00s Real=0.01s
[2026-06-17T10:00:56.526+0800][55.389s][info][gc,start       ] GC(1308) Pause Young (Allocation Failure)
[2026-06-17T10:00:56.527+0800][55.390s][info][gc             ] GC(1308) Pause Young (Allocation Failure) 57M->57M(61M) 0.822ms
[2026-06-17T10:00:56.528+0800][55.390s][info][gc,cpu         ] GC(1308) User=0.00s Sys=0.00s Real=0.00s
[2026-06-17T10:00:56.528+0800][55.391s][info][gc,start       ] GC(1309) Pause Full (Allocation Failure)
[2026-06-17T10:00:56.528+0800][55.391s][info][gc,phases,start] GC(1309) Phase 1: Mark live objects
[2026-06-17T10:00:56.530+0800][55.393s][info][gc,phases      ] GC(1309) Phase 1: Mark live objects 1.494ms
[2026-06-17T10:00:56.530+0800][55.393s][info][gc,phases,start] GC(1309) Phase 2: Compute new object addresses
[2026-06-17T10:00:56.531+0800][55.394s][info][gc,phases      ] GC(1309) Phase 2: Compute new object addresses 0.861ms
[2026-06-17T10:00:56.532+0800][55.395s][info][gc,phases,start] GC(1309) Phase 3: Adjust pointers
[2026-06-17T10:00:56.533+0800][55.396s][info][gc,phases      ] GC(1309) Phase 3: Adjust pointers 1.183ms
[2026-06-17T10:00:56.534+0800][55.397s][info][gc,phases,start] GC(1309) Phase 4: Move objects
[2026-06-17T10:00:56.536+0800][55.399s][info][gc,phases      ] GC(1309) Phase 4: Move objects 2.425ms
[2026-06-17T10:00:56.537+0800][55.399s][info][gc,heap        ] GC(1309) DefNew: 19640K(19648K)->0K(19648K) Eden: 17472K(17472K)->0K(17472K) From: 2168K(2176K)->0K(2176K)
[2026-06-17T10:00:56.537+0800][55.400s][info][gc,heap        ] GC(1309) Tenured: 38999K(43712K)->28622K(43712K)
[2026-06-17T10:00:56.537+0800][55.400s][info][gc,metaspace   ] GC(1309) Metaspace: 119K(320K)->119K(320K) NonClass: 111K(192K)->111K(192K) Class: 7K(128K)->7K(128K)
[2026-06-17T10:00:56.537+0800][55.400s][info][gc             ] GC(1309) Pause Full (Allocation Failure) 57M->27M(61M) 9.051ms
[2026-06-17T10:00:56.537+0800][55.400s][info][gc,cpu         ] GC(1309) User=0.00s Sys=0.00s Real=0.01s
[2026-06-17T10:00:56.591+0800][55.454s][info][gc,start       ] GC(1310) Pause Young (Allocation Failure)
[2026-06-17T10:00:56.593+0800][55.456s][info][gc,heap        ] GC(1310) DefNew: 17465K(19648K)->2162K(19648K) Eden: 17465K(17472K)->0K(17472K) From: 0K(2176K)->2162K(2176K)
[2026-06-17T10:00:56.594+0800][55.457s][info][gc,heap        ] GC(1310) Tenured: 28622K(43712K)->30541K(43712K)
[2026-06-17T10:00:56.595+0800][55.457s][info][gc,metaspace   ] GC(1310) Metaspace: 119K(320K)->119K(320K) NonClass: 111K(192K)->111K(192K) Class: 7K(128K)->7K(128K)
[2026-06-17T10:00:56.595+0800][55.458s][info][gc             ] GC(1310) Pause Young (Allocation Failure) 45M->31M(61M) 3.801ms
[2026-06-17T10:00:56.596+0800][55.458s][info][gc,cpu         ] GC(1310) User=0.01s Sys=0.00s Real=0.00s
[2026-06-17T10:00:56.639+0800][55.502s][info][gc,start       ] GC(1311) Pause Young (Allocation Failure)
[2026-06-17T10:00:56.641+0800][55.503s][info][gc,heap        ] GC(1311) DefNew: 19622K(19648K)->2130K(19648K) Eden: 17460K(17472K)->0K(17472K) From: 2162K(2176K)->2130K(2176K)
[2026-06-17T10:00:56.641+0800][55.504s][info][gc,heap        ] GC(1311) Tenured: 30541K(43712K)->34150K(43712K)
[2026-06-17T10:00:56.641+0800][55.504s][info][gc,metaspace   ] GC(1311) Metaspace: 119K(320K)->119K(320K) NonClass: 111K(192K)->111K(192K) Class: 7K(128K)->7K(128K)
[2026-06-17T10:00:56.642+0800][55.505s][info][gc             ] GC(1311) Pause Young (Allocation Failure) 48M->35M(61M) 2.802ms
[2026-06-17T10:00:56.642+0800][55.505s][info][gc,cpu         ] GC(1311) User=0.00s Sys=0.00s Real=0.00s
[2026-06-17T10:00:56.685+0800][55.548s][info][gc,start       ] GC(1312) Pause Young (Allocation Failure)
[2026-06-17T10:00:56.688+0800][55.551s][info][gc,heap        ] GC(1312) DefNew: 19602K(19648K)->2151K(19648K) Eden: 17472K(17472K)->0K(17472K) From: 2130K(2176K)->2151K(2176K)
[2026-06-17T10:00:56.691+0800][55.553s][info][gc,heap        ] GC(1312) Tenured: 34150K(43712K)->37090K(43712K)
[2026-06-17T10:00:56.693+0800][55.555s][info][gc,metaspace   ] GC(1312) Metaspace: 119K(320K)->119K(320K) NonClass: 111K(192K)->111K(192K) Class: 7K(128K)->7K(128K)
[2026-06-17T10:00:56.694+0800][55.556s][info][gc             ] GC(1312) Pause Young (Allocation Failure) 52M->38M(61M) 8.368ms
[2026-06-17T10:00:56.696+0800][55.559s][info][gc,cpu         ] GC(1312) User=0.00s Sys=0.00s Real=0.01s
[2026-06-17T10:00:56.741+0800][55.603s][info][gc,start       ] GC(1313) Pause Young (Allocation Failure)
[2026-06-17T10:00:56.742+0800][55.604s][info][gc             ] GC(1313) Pause Young (Allocation Failure) 55M->55M(61M) 1.000ms
[2026-06-17T10:00:56.743+0800][55.605s][info][gc,cpu         ] GC(1313) User=0.00s Sys=0.00s Real=0.01s
[2026-06-17T10:00:56.743+0800][55.606s][info][gc,start       ] GC(1314) Pause Full (Allocation Failure)
[2026-06-17T10:00:56.744+0800][55.607s][info][gc,phases,start] GC(1314) Phase 1: Mark live objects
[2026-06-17T10:00:56.747+0800][55.609s][info][gc,phases      ] GC(1314) Phase 1: Mark live objects 2.400ms
[2026-06-17T10:00:56.747+0800][55.610s][info][gc,phases,start] GC(1314) Phase 2: Compute new object addresses
[2026-06-17T10:00:56.748+0800][55.611s][info][gc,phases      ] GC(1314) Phase 2: Compute new object addresses 1.101ms
[2026-06-17T10:00:56.749+0800][55.612s][info][gc,phases,start] GC(1314) Phase 3: Adjust pointers
[2026-06-17T10:00:56.750+0800][55.613s][info][gc,phases      ] GC(1314) Phase 3: Adjust pointers 1.284ms
[2026-06-17T10:00:56.751+0800][55.614s][info][gc,phases,start] GC(1314) Phase 4: Move objects
[2026-06-17T10:00:56.754+0800][55.616s][info][gc,phases      ] GC(1314) Phase 4: Move objects 2.955ms
[2026-06-17T10:00:56.754+0800][55.617s][info][gc,heap        ] GC(1314) DefNew: 19621K(19648K)->0K(19648K) Eden: 17470K(17472K)->0K(17472K) From: 2151K(2176K)->0K(2176K)
[2026-06-17T10:00:56.755+0800][55.617s][info][gc,heap        ] GC(1314) Tenured: 37090K(43712K)->31746K(43712K)
[2026-06-17T10:00:56.755+0800][55.618s][info][gc,metaspace   ] GC(1314) Metaspace: 119K(320K)->119K(320K) NonClass: 111K(192K)->111K(192K) Class: 7K(128K)->7K(128K)
[2026-06-17T10:00:56.756+0800][55.618s][info][gc             ] GC(1314) Pause Full (Allocation Failure) 55M->31M(61M) 12.353ms
[2026-06-17T10:00:56.756+0800][55.619s][info][gc,cpu         ] GC(1314) User=0.00s Sys=0.00s Real=0.01s
[2026-06-17T10:00:56.800+0800][55.663s][info][gc,start       ] GC(1315) Pause Young (Allocation Failure)
[2026-06-17T10:00:56.802+0800][55.665s][info][gc,heap        ] GC(1315) DefNew: 17463K(19648K)->2174K(19648K) Eden: 17463K(17472K)->0K(17472K) From: 0K(2176K)->2174K(2176K)
[2026-06-17T10:00:56.803+0800][55.665s][info][gc,heap        ] GC(1315) Tenured: 31746K(43712K)->36926K(43712K)
[2026-06-17T10:00:56.803+0800][55.666s][info][gc,metaspace   ] GC(1315) Metaspace: 119K(320K)->119K(320K) NonClass: 111K(192K)->111K(192K) Class: 7K(128K)->7K(128K)
[2026-06-17T10:00:56.804+0800][55.667s][info][gc             ] GC(1315) Pause Young (Allocation Failure) 48M->38M(61M) 3.935ms
[2026-06-17T10:00:56.804+0800][55.667s][info][gc,cpu         ] GC(1315) User=0.01s Sys=0.00s Real=0.01s
[2026-06-17T10:00:56.859+0800][55.722s][info][gc,start       ] GC(1316) Pause Young (Allocation Failure)
[2026-06-17T10:00:56.860+0800][55.723s][info][gc             ] GC(1316) Pause Young (Allocation Failure) 55M->55M(61M) 0.924ms
[2026-06-17T10:00:56.861+0800][55.724s][info][gc,cpu         ] GC(1316) User=0.00s Sys=0.00s Real=0.00s
[2026-06-17T10:00:56.862+0800][55.725s][info][gc,start       ] GC(1317) Pause Full (Allocation Failure)
[2026-06-17T10:00:56.863+0800][55.725s][info][gc,phases,start] GC(1317) Phase 1: Mark live objects
[2026-06-17T10:00:56.865+0800][55.728s][info][gc,phases      ] GC(1317) Phase 1: Mark live objects 2.197ms
[2026-06-17T10:00:56.866+0800][55.728s][info][gc,phases,start] GC(1317) Phase 2: Compute new object addresses
[2026-06-17T10:00:56.867+0800][55.730s][info][gc,phases      ] GC(1317) Phase 2: Compute new object addresses 1.146ms
[2026-06-17T10:00:56.867+0800][55.730s][info][gc,phases,start] GC(1317) Phase 3: Adjust pointers
[2026-06-17T10:00:56.869+0800][55.731s][info][gc,phases      ] GC(1317) Phase 3: Adjust pointers 1.235ms
[2026-06-17T10:00:56.869+0800][55.732s][info][gc,phases,start] GC(1317) Phase 4: Move objects
[2026-06-17T10:00:56.874+0800][55.737s][info][gc,phases      ] GC(1317) Phase 4: Move objects 5.186ms
[2026-06-17T10:00:56.875+0800][55.738s][info][gc,heap        ] GC(1317) DefNew: 19635K(19648K)->0K(19648K) Eden: 17461K(17472K)->0K(17472K) From: 2174K(2176K)->0K(2176K)
[2026-06-17T10:00:56.876+0800][55.738s][info][gc,heap        ] GC(1317) Tenured: 36926K(43712K)->33301K(43712K)
[2026-06-17T10:00:56.876+0800][55.739s][info][gc,metaspace   ] GC(1317) Metaspace: 119K(320K)->119K(320K) NonClass: 111K(192K)->111K(192K) Class: 7K(128K)->7K(128K)
[2026-06-17T10:00:56.877+0800][55.739s][info][gc             ] GC(1317) Pause Full (Allocation Failure) 55M->32M(61M) 14.715ms
[2026-06-17T10:00:56.877+0800][55.740s][info][gc,cpu         ] GC(1317) User=0.01s Sys=0.00s Real=0.02s
[2026-06-17T10:00:56.910+0800][55.773s][info][gc,start       ] GC(1318) Pause Young (Allocation Failure)
[2026-06-17T10:00:56.911+0800][55.774s][info][gc,heap        ] GC(1318) DefNew: 17452K(19648K)->2169K(19648K) Eden: 17452K(17472K)->0K(17472K) From: 0K(2176K)->2169K(2176K)
[2026-06-17T10:00:56.912+0800][55.774s][info][gc,heap        ] GC(1318) Tenured: 33301K(43712K)->37920K(43712K)
[2026-06-17T10:00:56.912+0800][55.775s][info][gc,metaspace   ] GC(1318) Metaspace: 119K(320K)->119K(320K) NonClass: 111K(192K)->111K(192K) Class: 7K(128K)->7K(128K)
[2026-06-17T10:00:56.912+0800][55.775s][info][gc             ] GC(1318) Pause Young (Allocation Failure) 49M->39M(61M) 2.236ms
[2026-06-17T10:00:56.912+0800][55.775s][info][gc,cpu         ] GC(1318) User=0.00s Sys=0.00s Real=0.01s
[2026-06-17T10:00:56.955+0800][55.818s][info][gc,start       ] GC(1319) Pause Young (Allocation Failure)
[2026-06-17T10:00:56.956+0800][55.818s][info][gc             ] GC(1319) Pause Young (Allocation Failure) 56M->56M(61M) 0.608ms
[2026-06-17T10:00:56.956+0800][55.819s][info][gc,cpu         ] GC(1319) User=0.00s Sys=0.00s Real=0.00s
[2026-06-17T10:00:56.957+0800][55.819s][info][gc,start       ] GC(1320) Pause Full (Allocation Failure)
[2026-06-17T10:00:56.957+0800][55.820s][info][gc,phases,start] GC(1320) Phase 1: Mark live objects
[2026-06-17T10:00:56.959+0800][55.821s][info][gc,phases      ] GC(1320) Phase 1: Mark live objects 1.554ms
[2026-06-17T10:00:56.959+0800][55.822s][info][gc,phases,start] GC(1320) Phase 2: Compute new object addresses
[2026-06-17T10:00:56.960+0800][55.823s][info][gc,phases      ] GC(1320) Phase 2: Compute new object addresses 0.882ms
[2026-06-17T10:00:56.960+0800][55.823s][info][gc,phases,start] GC(1320) Phase 3: Adjust pointers
[2026-06-17T10:00:56.961+0800][55.824s][info][gc,phases      ] GC(1320) Phase 3: Adjust pointers 0.945ms
[2026-06-17T10:00:56.962+0800][55.824s][info][gc,phases,start] GC(1320) Phase 4: Move objects
[2026-06-17T10:00:56.965+0800][55.827s][info][gc,phases      ] GC(1320) Phase 4: Move objects 3.024ms
[2026-06-17T10:00:56.965+0800][55.828s][info][gc,heap        ] GC(1320) DefNew: 19593K(19648K)->0K(19648K) Eden: 17424K(17472K)->0K(17472K) From: 2169K(2176K)->0K(2176K)
[2026-06-17T10:00:56.965+0800][55.828s][info][gc,heap        ] GC(1320) Tenured: 37920K(43712K)->27647K(43712K)
[2026-06-17T10:00:56.965+0800][55.828s][info][gc,metaspace   ] GC(1320) Metaspace: 119K(320K)->119K(320K) NonClass: 111K(192K)->111K(192K) Class: 7K(128K)->7K(128K)
[2026-06-17T10:00:56.965+0800][55.828s][info][gc             ] GC(1320) Pause Full (Allocation Failure) 56M->26M(61M) 8.869ms
[2026-06-17T10:00:56.966+0800][55.828s][info][gc,cpu         ] GC(1320) User=0.01s Sys=0.00s Real=0.01s
[2026-06-17T10:00:57.019+0800][55.882s][info][gc,start       ] GC(1321) Pause Young (Allocation Failure)
[2026-06-17T10:00:57.020+0800][55.883s][info][gc,heap        ] GC(1321) DefNew: 17472K(19648K)->2085K(19648K) Eden: 17472K(17472K)->0K(17472K) From: 0K(2176K)->2085K(2176K)
[2026-06-17T10:00:57.021+0800][55.884s][info][gc,heap        ] GC(1321) Tenured: 27647K(43712K)->29422K(43712K)
[2026-06-17T10:00:57.022+0800][55.884s][info][gc,metaspace   ] GC(1321) Metaspace: 119K(320K)->119K(320K) NonClass: 111K(192K)->111K(192K) Class: 7K(128K)->7K(128K)
[2026-06-17T10:00:57.022+0800][55.885s][info][gc             ] GC(1321) Pause Young (Allocation Failure) 44M->30M(61M) 3.091ms
[2026-06-17T10:00:57.023+0800][55.885s][info][gc,cpu         ] GC(1321) User=0.00s Sys=0.00s Real=0.01s
[2026-06-17T10:00:57.067+0800][55.930s][info][gc,start       ] GC(1322) Pause Young (Allocation Failure)
[2026-06-17T10:00:57.070+0800][55.933s][info][gc,heap        ] GC(1322) DefNew: 19557K(19648K)->2159K(19648K) Eden: 17472K(17472K)->0K(17472K) From: 2085K(2176K)->2159K(2176K)
[2026-06-17T10:00:57.071+0800][55.934s][info][gc,heap        ] GC(1322) Tenured: 29422K(43712K)->33148K(43712K)
[2026-06-17T10:00:57.071+0800][55.934s][info][gc,metaspace   ] GC(1322) Metaspace: 119K(320K)->119K(320K) NonClass: 111K(192K)->111K(192K) Class: 7K(128K)->7K(128K)
[2026-06-17T10:00:57.072+0800][55.935s][info][gc             ] GC(1322) Pause Young (Allocation Failure) 47M->34M(61M) 4.849ms
[2026-06-17T10:00:57.073+0800][55.936s][info][gc,cpu         ] GC(1322) User=0.00s Sys=0.00s Real=0.01s
[2026-06-17T10:00:57.117+0800][55.979s][info][gc,start       ] GC(1323) Pause Young (Allocation Failure)
[2026-06-17T10:00:57.119+0800][55.982s][info][gc,heap        ] GC(1323) DefNew: 19610K(19648K)->2175K(19648K) Eden: 17451K(17472K)->0K(17472K) From: 2159K(2176K)->2175K(2176K)
[2026-06-17T10:00:57.119+0800][55.982s][info][gc,heap        ] GC(1323) Tenured: 33148K(43712K)->36809K(43712K)
[2026-06-17T10:00:57.121+0800][55.984s][info][gc,metaspace   ] GC(1323) Metaspace: 119K(320K)->119K(320K) NonClass: 111K(192K)->111K(192K) Class: 7K(128K)->7K(128K)
[2026-06-17T10:00:57.122+0800][55.984s][info][gc             ] GC(1323) Pause Young (Allocation Failure) 51M->38M(61M) 4.855ms
[2026-06-17T10:00:57.122+0800][55.985s][info][gc,cpu         ] GC(1323) User=0.00s Sys=0.00s Real=0.00s
[2026-06-17T10:00:57.167+0800][56.030s][info][gc,start       ] GC(1324) Pause Young (Allocation Failure)
[2026-06-17T10:00:57.169+0800][56.031s][info][gc,heap        ] GC(1324) DefNew: 19631K(19648K)->2175K(19648K) Eden: 17456K(17472K)->0K(17472K) From: 2175K(2176K)->2175K(2176K)
[2026-06-17T10:00:57.169+0800][56.032s][info][gc,heap        ] GC(1324) Tenured: 36809K(43712K)->39836K(43712K)
[2026-06-17T10:00:57.170+0800][56.033s][info][gc,metaspace   ] GC(1324) Metaspace: 119K(320K)->119K(320K) NonClass: 111K(192K)->111K(192K) Class: 7K(128K)->7K(128K)
[2026-06-17T10:00:57.171+0800][56.033s][info][gc             ] GC(1324) Pause Young (Allocation Failure) 55M->41M(61M) 3.707ms
[2026-06-17T10:00:57.171+0800][56.034s][info][gc,cpu         ] GC(1324) User=0.00s Sys=0.00s Real=0.01s
[2026-06-17T10:00:57.215+0800][56.078s][info][gc,start       ] GC(1325) Pause Young (Allocation Failure)
[2026-06-17T10:00:57.216+0800][56.079s][info][gc             ] GC(1325) Pause Young (Allocation Failure) 58M->58M(61M) 0.766ms
[2026-06-17T10:00:57.217+0800][56.080s][info][gc,cpu         ] GC(1325) User=0.00s Sys=0.00s Real=0.00s
[2026-06-17T10:00:57.218+0800][56.081s][info][gc,start       ] GC(1326) Pause Full (Allocation Failure)
[2026-06-17T10:00:57.218+0800][56.081s][info][gc,phases,start] GC(1326) Phase 1: Mark live objects
[2026-06-17T10:00:57.220+0800][56.083s][info][gc,phases      ] GC(1326) Phase 1: Mark live objects 1.948ms
[2026-06-17T10:00:57.221+0800][56.084s][info][gc,phases,start] GC(1326) Phase 2: Compute new object addresses
[2026-06-17T10:00:57.222+0800][56.085s][info][gc,phases      ] GC(1326) Phase 2: Compute new object addresses 1.231ms
[2026-06-17T10:00:57.223+0800][56.086s][info][gc,phases,start] GC(1326) Phase 3: Adjust pointers
[2026-06-17T10:00:57.224+0800][56.087s][info][gc,phases      ] GC(1326) Phase 3: Adjust pointers 1.267ms
[2026-06-17T10:00:57.225+0800][56.087s][info][gc,phases,start] GC(1326) Phase 4: Move objects
[2026-06-17T10:00:57.229+0800][56.091s][info][gc,phases      ] GC(1326) Phase 4: Move objects 3.942ms
[2026-06-17T10:00:57.229+0800][56.092s][info][gc,heap        ] GC(1326) DefNew: 19594K(19648K)->0K(19648K) Eden: 17418K(17472K)->0K(17472K) From: 2175K(2176K)->0K(2176K)
[2026-06-17T10:00:57.230+0800][56.092s][info][gc,heap        ] GC(1326) Tenured: 39836K(43712K)->32678K(43712K)
[2026-06-17T10:00:57.230+0800][56.093s][info][gc,metaspace   ] GC(1326) Metaspace: 119K(320K)->119K(320K) NonClass: 111K(192K)->111K(192K) Class: 7K(128K)->7K(128K)
[2026-06-17T10:00:57.231+0800][56.093s][info][gc             ] GC(1326) Pause Full (Allocation Failure) 58M->31M(61M) 12.700ms
[2026-06-17T10:00:57.231+0800][56.094s][info][gc,cpu         ] GC(1326) User=0.00s Sys=0.00s Real=0.02s
[2026-06-17T10:00:57.285+0800][56.148s][info][gc,start       ] GC(1327) Pause Young (Allocation Failure)
[2026-06-17T10:00:57.287+0800][56.150s][info][gc,heap        ] GC(1327) DefNew: 17453K(19648K)->2155K(19648K) Eden: 17453K(17472K)->0K(17472K) From: 0K(2176K)->2155K(2176K)
[2026-06-17T10:00:57.288+0800][56.151s][info][gc,heap        ] GC(1327) Tenured: 32678K(43712K)->33717K(43712K)
[2026-06-17T10:00:57.289+0800][56.151s][info][gc,metaspace   ] GC(1327) Metaspace: 119K(320K)->119K(320K) NonClass: 111K(192K)->111K(192K) Class: 7K(128K)->7K(128K)
[2026-06-17T10:00:57.289+0800][56.152s][info][gc             ] GC(1327) Pause Young (Allocation Failure) 48M->35M(61M) 3.776ms
[2026-06-17T10:00:57.290+0800][56.152s][info][gc,cpu         ] GC(1327) User=0.00s Sys=0.00s Real=0.00s
[2026-06-17T10:00:57.324+0800][56.186s][info][gc,start       ] GC(1328) Pause Young (Allocation Failure)
[2026-06-17T10:00:57.326+0800][56.189s][info][gc,heap        ] GC(1328) DefNew: 19526K(19648K)->2157K(19648K) Eden: 17371K(17472K)->0K(17472K) From: 2155K(2176K)->2157K(2176K)
[2026-06-17T10:00:57.327+0800][56.190s][info][gc,heap        ] GC(1328) Tenured: 33717K(43712K)->37541K(43712K)
[2026-06-17T10:00:57.328+0800][56.190s][info][gc,metaspace   ] GC(1328) Metaspace: 119K(320K)->119K(320K) NonClass: 111K(192K)->111K(192K) Class: 7K(128K)->7K(128K)
[2026-06-17T10:00:57.336+0800][56.199s][info][gc             ] GC(1328) Pause Young (Allocation Failure) 51M->38M(61M) 12.757ms
[2026-06-17T10:00:57.337+0800][56.200s][info][gc,cpu         ] GC(1328) User=0.01s Sys=0.00s Real=0.01s
[2026-06-17T10:00:57.393+0800][56.255s][info][gc,start       ] GC(1329) Pause Young (Allocation Failure)
[2026-06-17T10:00:57.395+0800][56.257s][info][gc,heap        ] GC(1329) DefNew: 19582K(19648K)->2132K(19648K) Eden: 17425K(17472K)->0K(17472K) From: 2157K(2176K)->2132K(2176K)
[2026-06-17T10:00:57.395+0800][56.258s][info][gc,heap        ] GC(1329) Tenured: 37541K(43712K)->41040K(43712K)
[2026-06-17T10:00:57.396+0800][56.258s][info][gc,metaspace   ] GC(1329) Metaspace: 119K(320K)->119K(320K) NonClass: 111K(192K)->111K(192K) Class: 7K(128K)->7K(128K)
[2026-06-17T10:00:57.396+0800][56.259s][info][gc             ] GC(1329) Pause Young (Allocation Failure) 55M->42M(61M) 3.579ms
[2026-06-17T10:00:57.397+0800][56.260s][info][gc,cpu         ] GC(1329) User=0.00s Sys=0.00s Real=0.00s
[2026-06-17T10:00:57.440+0800][56.303s][info][gc,start       ] GC(1330) Pause Young (Allocation Failure)
[2026-06-17T10:00:57.441+0800][56.303s][info][gc             ] GC(1330) Pause Young (Allocation Failure) 59M->59M(61M) 0.666ms
[2026-06-17T10:00:57.441+0800][56.304s][info][gc,cpu         ] GC(1330) User=0.00s Sys=0.00s Real=0.00s
[2026-06-17T10:00:57.442+0800][56.305s][info][gc,start       ] GC(1331) Pause Full (Allocation Failure)
[2026-06-17T10:00:57.444+0800][56.307s][info][gc,phases,start] GC(1331) Phase 1: Mark live objects
[2026-06-17T10:00:57.446+0800][56.308s][info][gc,phases      ] GC(1331) Phase 1: Mark live objects 1.430ms
[2026-06-17T10:00:57.450+0800][56.313s][info][gc,phases,start] GC(1331) Phase 2: Compute new object addresses
[2026-06-17T10:00:57.451+0800][56.314s][info][gc,phases      ] GC(1331) Phase 2: Compute new object addresses 1.319ms
[2026-06-17T10:00:57.452+0800][56.314s][info][gc,phases,start] GC(1331) Phase 3: Adjust pointers
[2026-06-17T10:00:57.457+0800][56.320s][info][gc,phases      ] GC(1331) Phase 3: Adjust pointers 5.634ms
[2026-06-17T10:00:57.465+0800][56.327s][info][gc,phases,start] GC(1331) Phase 4: Move objects
[2026-06-17T10:00:57.468+0800][56.331s][info][gc,phases      ] GC(1331) Phase 4: Move objects 3.598ms
[2026-06-17T10:00:57.470+0800][56.333s][info][gc,heap        ] GC(1331) DefNew: 19604K(19648K)->0K(19648K) Eden: 17472K(17472K)->0K(17472K) From: 2132K(2176K)->0K(2176K)
[2026-06-17T10:00:57.472+0800][56.335s][info][gc,heap        ] GC(1331) Tenured: 41040K(43712K)->32871K(43712K)
[2026-06-17T10:00:57.473+0800][56.336s][info][gc,metaspace   ] GC(1331) Metaspace: 119K(320K)->119K(320K) NonClass: 111K(192K)->111K(192K) Class: 7K(128K)->7K(128K)
[2026-06-17T10:00:57.474+0800][56.336s][info][gc             ] GC(1331) Pause Full (Allocation Failure) 59M->32M(61M) 31.565ms
[2026-06-17T10:00:57.477+0800][56.340s][info][gc,cpu         ] GC(1331) User=0.01s Sys=0.00s Real=0.04s
[2026-06-17T10:00:57.526+0800][56.389s][info][gc,start       ] GC(1332) Pause Young (Allocation Failure)
[2026-06-17T10:00:57.527+0800][56.390s][info][gc,heap        ] GC(1332) DefNew: 17464K(19648K)->2173K(19648K) Eden: 17464K(17472K)->0K(17472K) From: 0K(2176K)->2173K(2176K)
[2026-06-17T10:00:57.528+0800][56.390s][info][gc,heap        ] GC(1332) Tenured: 32871K(43712K)->37286K(43712K)
[2026-06-17T10:00:57.528+0800][56.391s][info][gc,metaspace   ] GC(1332) Metaspace: 119K(320K)->119K(320K) NonClass: 111K(192K)->111K(192K) Class: 7K(128K)->7K(128K)
[2026-06-17T10:00:57.529+0800][56.391s][info][gc             ] GC(1332) Pause Young (Allocation Failure) 49M->38M(61M) 2.387ms
[2026-06-17T10:00:57.529+0800][56.392s][info][gc,cpu         ] GC(1332) User=0.00s Sys=0.00s Real=0.00s
[2026-06-17T10:00:57.571+0800][56.434s][info][gc,start       ] GC(1333) Pause Young (Allocation Failure)
[2026-06-17T10:00:57.573+0800][56.435s][info][gc,heap        ] GC(1333) DefNew: 19622K(19648K)->2174K(19648K) Eden: 17448K(17472K)->0K(17472K) From: 2173K(2176K)->2174K(2176K)
[2026-06-17T10:00:57.573+0800][56.436s][info][gc,heap        ] GC(1333) Tenured: 37286K(43712K)->41977K(43712K)
[2026-06-17T10:00:57.573+0800][56.436s][info][gc,metaspace   ] GC(1333) Metaspace: 119K(320K)->119K(320K) NonClass: 111K(192K)->111K(192K) Class: 7K(128K)->7K(128K)
[2026-06-17T10:00:57.573+0800][56.436s][info][gc             ] GC(1333) Pause Young (Allocation Failure) 55M->43M(61M) 1.962ms
[2026-06-17T10:00:57.573+0800][56.436s][info][gc,cpu         ] GC(1333) User=0.00s Sys=0.00s Real=0.00s
[2026-06-17T10:00:57.616+0800][56.479s][info][gc,start       ] GC(1334) Pause Young (Allocation Failure)
[2026-06-17T10:00:57.616+0800][56.479s][info][gc             ] GC(1334) Pause Young (Allocation Failure) 60M->60M(61M) 0.384ms
[2026-06-17T10:00:57.616+0800][56.479s][info][gc,cpu         ] GC(1334) User=0.00s Sys=0.00s Real=0.00s
[2026-06-17T10:00:57.617+0800][56.479s][info][gc,start       ] GC(1335) Pause Full (Allocation Failure)
[2026-06-17T10:00:57.617+0800][56.479s][info][gc,phases,start] GC(1335) Phase 1: Mark live objects
[2026-06-17T10:00:57.618+0800][56.481s][info][gc,phases      ] GC(1335) Phase 1: Mark live objects 1.105ms
[2026-06-17T10:00:57.619+0800][56.482s][info][gc,phases,start] GC(1335) Phase 2: Compute new object addresses
[2026-06-17T10:00:57.620+0800][56.483s][info][gc,phases      ] GC(1335) Phase 2: Compute new object addresses 1.169ms
[2026-06-17T10:00:57.622+0800][56.485s][info][gc,phases,start] GC(1335) Phase 3: Adjust pointers
[2026-06-17T10:00:57.625+0800][56.488s][info][gc,phases      ] GC(1335) Phase 3: Adjust pointers 2.419ms
[2026-06-17T10:00:57.625+0800][56.488s][info][gc,phases,start] GC(1335) Phase 4: Move objects
[2026-06-17T10:00:57.629+0800][56.492s][info][gc,phases      ] GC(1335) Phase 4: Move objects 3.986ms
[2026-06-17T10:00:57.630+0800][56.492s][info][gc,heap        ] GC(1335) DefNew: 19534K(19648K)->0K(19648K) Eden: 17360K(17472K)->0K(17472K) From: 2174K(2176K)->0K(2176K)
[2026-06-17T10:00:57.630+0800][56.492s][info][gc,heap        ] GC(1335) Tenured: 41977K(43712K)->28983K(43712K)
[2026-06-17T10:00:57.630+0800][56.493s][info][gc,metaspace   ] GC(1335) Metaspace: 119K(320K)->119K(320K) NonClass: 111K(192K)->111K(192K) Class: 7K(128K)->7K(128K)
[2026-06-17T10:00:57.630+0800][56.493s][info][gc             ] GC(1335) Pause Full (Allocation Failure) 60M->28M(61M) 13.360ms
[2026-06-17T10:00:57.630+0800][56.493s][info][gc,cpu         ] GC(1335) User=0.00s Sys=0.00s Real=0.01s
[2026-06-17T10:00:57.682+0800][56.545s][info][gc,start       ] GC(1336) Pause Young (Allocation Failure)
[2026-06-17T10:00:57.683+0800][56.546s][info][gc,heap        ] GC(1336) DefNew: 17448K(19648K)->2148K(19648K) Eden: 17448K(17472K)->0K(17472K) From: 0K(2176K)->2148K(2176K)
[2026-06-17T10:00:57.683+0800][56.546s][info][gc,heap        ] GC(1336) Tenured: 28983K(43712K)->30418K(43712K)
[2026-06-17T10:00:57.683+0800][56.546s][info][gc,metaspace   ] GC(1336) Metaspace: 119K(320K)->119K(320K) NonClass: 111K(192K)->111K(192K) Class: 7K(128K)->7K(128K)
[2026-06-17T10:00:57.684+0800][56.546s][info][gc             ] GC(1336) Pause Young (Allocation Failure) 45M->31M(61M) 1.245ms
[2026-06-17T10:00:57.684+0800][56.547s][info][gc,cpu         ] GC(1336) User=0.00s Sys=0.00s Real=0.01s
[2026-06-17T10:00:57.726+0800][56.589s][info][gc,start       ] GC(1337) Pause Young (Allocation Failure)
[2026-06-17T10:00:57.728+0800][56.590s][info][gc,heap        ] GC(1337) DefNew: 19576K(19648K)->2173K(19648K) Eden: 17427K(17472K)->0K(17472K) From: 2148K(2176K)->2173K(2176K)
[2026-06-17T10:00:57.728+0800][56.591s][info][gc,heap        ] GC(1337) Tenured: 30418K(43712K)->34020K(43712K)
[2026-06-17T10:00:57.729+0800][56.591s][info][gc,metaspace   ] GC(1337) Metaspace: 119K(320K)->119K(320K) NonClass: 111K(192K)->111K(192K) Class: 7K(128K)->7K(128K)
[2026-06-17T10:00:57.729+0800][56.592s][info][gc             ] GC(1337) Pause Young (Allocation Failure) 48M->35M(61M) 3.066ms
[2026-06-17T10:00:57.729+0800][56.592s][info][gc,cpu         ] GC(1337) User=0.00s Sys=0.00s Real=0.00s
[2026-06-17T10:00:57.772+0800][56.634s][info][gc,start       ] GC(1338) Pause Young (Allocation Failure)
[2026-06-17T10:00:57.774+0800][56.637s][info][gc,heap        ] GC(1338) DefNew: 19644K(19648K)->2175K(19648K) Eden: 17470K(17472K)->0K(17472K) From: 2173K(2176K)->2175K(2176K)
[2026-06-17T10:00:57.774+0800][56.637s][info][gc,heap        ] GC(1338) Tenured: 34020K(43712K)->38498K(43712K)
[2026-06-17T10:00:57.775+0800][56.638s][info][gc,metaspace   ] GC(1338) Metaspace: 119K(320K)->119K(320K) NonClass: 111K(192K)->111K(192K) Class: 7K(128K)->7K(128K)
[2026-06-17T10:00:57.775+0800][56.638s][info][gc             ] GC(1338) Pause Young (Allocation Failure) 52M->39M(61M) 3.612ms
[2026-06-17T10:00:57.776+0800][56.638s][info][gc,cpu         ] GC(1338) User=0.00s Sys=0.00s Real=0.00s
[2026-06-17T10:00:57.828+0800][56.691s][info][gc,start       ] GC(1339) Pause Young (Allocation Failure)
[2026-06-17T10:00:57.830+0800][56.692s][info][gc             ] GC(1339) Pause Young (Allocation Failure) 56M->56M(61M) 1.429ms
[2026-06-17T10:00:57.830+0800][56.693s][info][gc,cpu         ] GC(1339) User=0.00s Sys=0.00s Real=0.00s
[2026-06-17T10:00:57.833+0800][56.696s][info][gc,start       ] GC(1340) Pause Full (Allocation Failure)
[2026-06-17T10:00:57.837+0800][56.699s][info][gc,phases,start] GC(1340) Phase 1: Mark live objects
[2026-06-17T10:00:57.838+0800][56.700s][info][gc,phases      ] GC(1340) Phase 1: Mark live objects 1.066ms
[2026-06-17T10:00:57.838+0800][56.701s][info][gc,phases,start] GC(1340) Phase 2: Compute new object addresses
[2026-06-17T10:00:57.839+0800][56.702s][info][gc,phases      ] GC(1340) Phase 2: Compute new object addresses 0.808ms
[2026-06-17T10:00:57.840+0800][56.702s][info][gc,phases,start] GC(1340) Phase 3: Adjust pointers
[2026-06-17T10:00:57.840+0800][56.703s][info][gc,phases      ] GC(1340) Phase 3: Adjust pointers 0.675ms
[2026-06-17T10:00:57.845+0800][56.708s][info][gc,phases,start] GC(1340) Phase 4: Move objects
[2026-06-17T10:00:57.850+0800][56.712s][info][gc,phases      ] GC(1340) Phase 4: Move objects 4.898ms
[2026-06-17T10:00:57.859+0800][56.722s][info][gc,heap        ] GC(1340) DefNew: 19647K(19648K)->0K(19648K) Eden: 17472K(17472K)->0K(17472K) From: 2175K(2176K)->0K(2176K)
[2026-06-17T10:00:57.862+0800][56.724s][info][gc,heap        ] GC(1340) Tenured: 38498K(43712K)->31253K(43712K)
[2026-06-17T10:00:57.862+0800][56.725s][info][gc,metaspace   ] GC(1340) Metaspace: 119K(320K)->119K(320K) NonClass: 111K(192K)->111K(192K) Class: 7K(128K)->7K(128K)
[2026-06-17T10:00:57.865+0800][56.728s][info][gc             ] GC(1340) Pause Full (Allocation Failure) 56M->30M(61M) 31.678ms
[2026-06-17T10:00:57.865+0800][56.728s][info][gc,cpu         ] GC(1340) User=0.00s Sys=0.00s Real=0.03s
[2026-06-17T10:00:57.908+0800][56.771s][info][gc,start       ] GC(1341) Pause Young (Allocation Failure)
[2026-06-17T10:00:57.910+0800][56.773s][info][gc,heap        ] GC(1341) DefNew: 17442K(19648K)->2171K(19648K) Eden: 17442K(17472K)->0K(17472K) From: 0K(2176K)->2171K(2176K)
[2026-06-17T10:00:57.911+0800][56.774s][info][gc,heap        ] GC(1341) Tenured: 31253K(43712K)->36052K(43712K)
[2026-06-17T10:00:57.915+0800][56.778s][info][gc,metaspace   ] GC(1341) Metaspace: 119K(320K)->119K(320K) NonClass: 111K(192K)->111K(192K) Class: 7K(128K)->7K(128K)
[2026-06-17T10:00:57.916+0800][56.778s][info][gc             ] GC(1341) Pause Young (Allocation Failure) 47M->37M(61M) 7.754ms
[2026-06-17T10:00:57.918+0800][56.781s][info][gc,cpu         ] GC(1341) User=0.00s Sys=0.00s Real=0.01s
[2026-06-17T10:00:57.963+0800][56.825s][info][gc,start       ] GC(1342) Pause Young (Allocation Failure)
[2026-06-17T10:00:57.964+0800][56.827s][info][gc,heap        ] GC(1342) DefNew: 19620K(19648K)->2172K(19648K) Eden: 17448K(17472K)->0K(17472K) From: 2171K(2176K)->2172K(2176K)
[2026-06-17T10:00:57.967+0800][56.830s][info][gc,heap        ] GC(1342) Tenured: 36052K(43712K)->40830K(43712K)
[2026-06-17T10:00:57.968+0800][56.831s][info][gc,metaspace   ] GC(1342) Metaspace: 119K(320K)->119K(320K) NonClass: 111K(192K)->111K(192K) Class: 7K(128K)->7K(128K)
[2026-06-17T10:00:57.969+0800][56.832s][info][gc             ] GC(1342) Pause Young (Allocation Failure) 54M->41M(61M) 6.517ms
[2026-06-17T10:00:57.970+0800][56.832s][info][gc,cpu         ] GC(1342) User=0.00s Sys=0.00s Real=0.00s
[2026-06-17T10:00:58.014+0800][56.876s][info][gc,start       ] GC(1343) Pause Young (Allocation Failure)
[2026-06-17T10:00:58.014+0800][56.877s][info][gc             ] GC(1343) Pause Young (Allocation Failure) 58M->58M(61M) 0.299ms
[2026-06-17T10:00:58.014+0800][56.877s][info][gc,cpu         ] GC(1343) User=0.00s Sys=0.00s Real=0.00s
[2026-06-17T10:00:58.014+0800][56.877s][info][gc,start       ] GC(1344) Pause Full (Allocation Failure)
[2026-06-17T10:00:58.014+0800][56.877s][info][gc,phases,start] GC(1344) Phase 1: Mark live objects
[2026-06-17T10:00:58.015+0800][56.878s][info][gc,phases      ] GC(1344) Phase 1: Mark live objects 0.751ms
[2026-06-17T10:00:58.015+0800][56.878s][info][gc,phases,start] GC(1344) Phase 2: Compute new object addresses
[2026-06-17T10:00:58.016+0800][56.878s][info][gc,phases      ] GC(1344) Phase 2: Compute new object addresses 0.445ms
[2026-06-17T10:00:58.016+0800][56.879s][info][gc,phases,start] GC(1344) Phase 3: Adjust pointers
[2026-06-17T10:00:58.016+0800][56.879s][info][gc,phases      ] GC(1344) Phase 3: Adjust pointers 0.487ms
[2026-06-17T10:00:58.017+0800][56.879s][info][gc,phases,start] GC(1344) Phase 4: Move objects
[2026-06-17T10:00:58.019+0800][56.881s][info][gc,phases      ] GC(1344) Phase 4: Move objects 2.080ms
[2026-06-17T10:00:58.019+0800][56.882s][info][gc,heap        ] GC(1344) DefNew: 19497K(19648K)->0K(19648K) Eden: 17325K(17472K)->0K(17472K) From: 2172K(2176K)->0K(2176K)
[2026-06-17T10:00:58.019+0800][56.882s][info][gc,heap        ] GC(1344) Tenured: 40830K(43712K)->23956K(43712K)
[2026-06-17T10:00:58.019+0800][56.882s][info][gc,metaspace   ] GC(1344) Metaspace: 119K(320K)->119K(320K) NonClass: 111K(192K)->111K(192K) Class: 7K(128K)->7K(128K)
[2026-06-17T10:00:58.019+0800][56.882s][info][gc             ] GC(1344) Pause Full (Allocation Failure) 58M->23M(61M) 5.023ms
[2026-06-17T10:00:58.019+0800][56.882s][info][gc,cpu         ] GC(1344) User=0.00s Sys=0.00s Real=0.00s
[2026-06-17T10:00:58.071+0800][56.934s][info][gc,start       ] GC(1345) Pause Young (Allocation Failure)
[2026-06-17T10:00:58.073+0800][56.935s][info][gc,heap        ] GC(1345) DefNew: 17468K(19648K)->2125K(19648K) Eden: 17468K(17472K)->0K(17472K) From: 0K(2176K)->2125K(2176K)
[2026-06-17T10:00:58.073+0800][56.936s][info][gc,heap        ] GC(1345) Tenured: 23956K(43712K)->26027K(43712K)
[2026-06-17T10:00:58.074+0800][56.937s][info][gc,metaspace   ] GC(1345) Metaspace: 119K(320K)->119K(320K) NonClass: 111K(192K)->111K(192K) Class: 7K(128K)->7K(128K)
[2026-06-17T10:00:58.075+0800][56.937s][info][gc             ] GC(1345) Pause Young (Allocation Failure) 40M->27M(61M) 3.154ms
[2026-06-17T10:00:58.075+0800][56.938s][info][gc,cpu         ] GC(1345) User=0.00s Sys=0.00s Real=0.00s
[2026-06-17T10:00:58.118+0800][56.980s][info][gc,start       ] GC(1346) Pause Young (Allocation Failure)
[2026-06-17T10:00:58.119+0800][56.981s][info][gc,heap        ] GC(1346) DefNew: 19585K(19648K)->2153K(19648K) Eden: 17459K(17472K)->0K(17472K) From: 2125K(2176K)->2153K(2176K)
[2026-06-17T10:00:58.119+0800][56.982s][info][gc,heap        ] GC(1346) Tenured: 26027K(43712K)->29786K(43712K)
[2026-06-17T10:00:58.119+0800][56.982s][info][gc,metaspace   ] GC(1346) Metaspace: 119K(320K)->119K(320K) NonClass: 111K(192K)->111K(192K) Class: 7K(128K)->7K(128K)
[2026-06-17T10:00:58.119+0800][56.982s][info][gc             ] GC(1346) Pause Young (Allocation Failure) 44M->31M(61M) 1.822ms
[2026-06-17T10:00:58.119+0800][56.982s][info][gc,cpu         ] GC(1346) User=0.00s Sys=0.00s Real=0.00s
[2026-06-17T10:00:58.161+0800][57.024s][info][gc,start       ] GC(1347) Pause Young (Allocation Failure)
[2026-06-17T10:00:58.162+0800][57.025s][info][gc,heap        ] GC(1347) DefNew: 19606K(19648K)->2174K(19648K) Eden: 17453K(17472K)->0K(17472K) From: 2153K(2176K)->2174K(2176K)
[2026-06-17T10:00:58.163+0800][57.026s][info][gc,heap        ] GC(1347) Tenured: 29786K(43712K)->34022K(43712K)
[2026-06-17T10:00:58.163+0800][57.026s][info][gc,metaspace   ] GC(1347) Metaspace: 119K(320K)->119K(320K) NonClass: 111K(192K)->111K(192K) Class: 7K(128K)->7K(128K)
[2026-06-17T10:00:58.164+0800][57.026s][info][gc             ] GC(1347) Pause Young (Allocation Failure) 48M->35M(61M) 2.251ms
[2026-06-17T10:00:58.164+0800][57.027s][info][gc,cpu         ] GC(1347) User=0.00s Sys=0.00s Real=0.01s
[2026-06-17T10:00:58.206+0800][57.069s][info][gc,start       ] GC(1348) Pause Young (Allocation Failure)
[2026-06-17T10:00:58.207+0800][57.070s][info][gc,heap        ] GC(1348) DefNew: 19646K(19648K)->2168K(19648K) Eden: 17472K(17472K)->0K(17472K) From: 2174K(2176K)->2168K(2176K)
[2026-06-17T10:00:58.208+0800][57.070s][info][gc,heap        ] GC(1348) Tenured: 34022K(43712K)->38463K(43712K)
[2026-06-17T10:00:58.208+0800][57.070s][info][gc,metaspace   ] GC(1348) Metaspace: 119K(320K)->119K(320K) NonClass: 111K(192K)->111K(192K) Class: 7K(128K)->7K(128K)
[2026-06-17T10:00:58.208+0800][57.071s][info][gc             ] GC(1348) Pause Young (Allocation Failure) 52M->39M(61M) 1.543ms
[2026-06-17T10:00:58.208+0800][57.071s][info][gc,cpu         ] GC(1348) User=0.00s Sys=0.00s Real=0.00s
[2026-06-17T10:00:58.260+0800][57.123s][info][gc,start       ] GC(1349) Pause Young (Allocation Failure)
[2026-06-17T10:00:58.261+0800][57.123s][info][gc             ] GC(1349) Pause Young (Allocation Failure) 56M->56M(61M) 0.427ms
[2026-06-17T10:00:58.261+0800][57.124s][info][gc,cpu         ] GC(1349) User=0.00s Sys=0.00s Real=0.00s
[2026-06-17T10:00:58.261+0800][57.124s][info][gc,start       ] GC(1350) Pause Full (Allocation Failure)
[2026-06-17T10:00:58.261+0800][57.124s][info][gc,phases,start] GC(1350) Phase 1: Mark live objects
[2026-06-17T10:00:58.262+0800][57.125s][info][gc,phases      ] GC(1350) Phase 1: Mark live objects 0.809ms
[2026-06-17T10:00:58.262+0800][57.125s][info][gc,phases,start] GC(1350) Phase 2: Compute new object addresses
[2026-06-17T10:00:58.263+0800][57.126s][info][gc,phases      ] GC(1350) Phase 2: Compute new object addresses 0.412ms
[2026-06-17T10:00:58.263+0800][57.126s][info][gc,phases,start] GC(1350) Phase 3: Adjust pointers
[2026-06-17T10:00:58.263+0800][57.126s][info][gc,phases      ] GC(1350) Phase 3: Adjust pointers 0.385ms
[2026-06-17T10:00:58.263+0800][57.126s][info][gc,phases,start] GC(1350) Phase 4: Move objects
[2026-06-17T10:00:58.265+0800][57.128s][info][gc,phases      ] GC(1350) Phase 4: Move objects 1.744ms
[2026-06-17T10:00:58.266+0800][57.129s][info][gc,heap        ] GC(1350) DefNew: 19623K(19648K)->0K(19648K) Eden: 17454K(17472K)->0K(17472K) From: 2168K(2176K)->0K(2176K)
[2026-06-17T10:00:58.267+0800][57.129s][info][gc,heap        ] GC(1350) Tenured: 38463K(43712K)->22386K(43712K)
[2026-06-17T10:00:58.267+0800][57.130s][info][gc,metaspace   ] GC(1350) Metaspace: 119K(320K)->119K(320K) NonClass: 111K(192K)->111K(192K) Class: 7K(128K)->7K(128K)
[2026-06-17T10:00:58.267+0800][57.130s][info][gc             ] GC(1350) Pause Full (Allocation Failure) 56M->21M(61M) 6.214ms
[2026-06-17T10:00:58.267+0800][57.130s][info][gc,cpu         ] GC(1350) User=0.00s Sys=0.00s Real=0.01s
[2026-06-17T10:00:58.309+0800][57.172s][info][gc,start       ] GC(1351) Pause Young (Allocation Failure)
[2026-06-17T10:00:58.310+0800][57.173s][info][gc,heap        ] GC(1351) DefNew: 17452K(19648K)->2173K(19648K) Eden: 17452K(17472K)->0K(17472K) From: 0K(2176K)->2173K(2176K)
[2026-06-17T10:00:58.311+0800][57.173s][info][gc,heap        ] GC(1351) Tenured: 22386K(43712K)->27630K(43712K)
[2026-06-17T10:00:58.311+0800][57.174s][info][gc,metaspace   ] GC(1351) Metaspace: 119K(320K)->119K(320K) NonClass: 111K(192K)->111K(192K) Class: 7K(128K)->7K(128K)
[2026-06-17T10:00:58.311+0800][57.174s][info][gc             ] GC(1351) Pause Young (Allocation Failure) 38M->29M(61M) 1.799ms
[2026-06-17T10:00:58.311+0800][57.174s][info][gc,cpu         ] GC(1351) User=0.00s Sys=0.00s Real=0.01s
[2026-06-17T10:00:58.353+0800][57.216s][info][gc,start       ] GC(1352) Pause Young (Allocation Failure)
[2026-06-17T10:00:58.354+0800][57.217s][info][gc,heap        ] GC(1352) DefNew: 19645K(19648K)->2171K(19648K) Eden: 17472K(17472K)->0K(17472K) From: 2173K(2176K)->2171K(2176K)
[2026-06-17T10:00:58.355+0800][57.217s][info][gc,heap        ] GC(1352) Tenured: 27630K(43712K)->32967K(43712K)
[2026-06-17T10:00:58.355+0800][57.218s][info][gc,metaspace   ] GC(1352) Metaspace: 119K(320K)->119K(320K) NonClass: 111K(192K)->111K(192K) Class: 7K(128K)->7K(128K)
[2026-06-17T10:00:58.355+0800][57.218s][info][gc             ] GC(1352) Pause Young (Allocation Failure) 46M->34M(61M) 2.403ms
[2026-06-17T10:00:58.356+0800][57.219s][info][gc,cpu         ] GC(1352) User=0.00s Sys=0.00s Real=0.00s
[2026-06-17T10:00:58.398+0800][57.261s][info][gc,start       ] GC(1353) Pause Young (Allocation Failure)
[2026-06-17T10:00:58.400+0800][57.262s][info][gc,heap        ] GC(1353) DefNew: 19629K(19648K)->2175K(19648K) Eden: 17458K(17472K)->0K(17472K) From: 2171K(2176K)->2175K(2176K)
[2026-06-17T10:00:58.400+0800][57.263s][info][gc,heap        ] GC(1353) Tenured: 32967K(43712K)->37764K(43712K)
[2026-06-17T10:00:58.400+0800][57.263s][info][gc,metaspace   ] GC(1353) Metaspace: 119K(320K)->119K(320K) NonClass: 111K(192K)->111K(192K) Class: 7K(128K)->7K(128K)
[2026-06-17T10:00:58.401+0800][57.263s][info][gc             ] GC(1353) Pause Young (Allocation Failure) 51M->39M(61M) 2.547ms
[2026-06-17T10:00:58.401+0800][57.264s][info][gc,cpu         ] GC(1353) User=0.00s Sys=0.00s Real=0.00s
[2026-06-17T10:00:58.454+0800][57.317s][info][gc,start       ] GC(1354) Pause Young (Allocation Failure)
[2026-06-17T10:00:58.474+0800][57.336s][info][gc             ] GC(1354) Pause Young (Allocation Failure) 56M->56M(61M) 19.399ms
[2026-06-17T10:00:58.488+0800][57.351s][info][gc,cpu         ] GC(1354) User=0.00s Sys=0.00s Real=0.03s
[2026-06-17T10:00:58.489+0800][57.352s][info][gc,start       ] GC(1355) Pause Full (Allocation Failure)
[2026-06-17T10:00:58.512+0800][57.375s][info][gc,phases,start] GC(1355) Phase 1: Mark live objects
[2026-06-17T10:00:58.522+0800][57.385s][info][gc,phases      ] GC(1355) Phase 1: Mark live objects 9.892ms
[2026-06-17T10:00:58.524+0800][57.387s][info][gc,phases,start] GC(1355) Phase 2: Compute new object addresses
[2026-06-17T10:00:58.527+0800][57.390s][info][gc,phases      ] GC(1355) Phase 2: Compute new object addresses 3.517ms
[2026-06-17T10:00:58.528+0800][57.391s][info][gc,phases,start] GC(1355) Phase 3: Adjust pointers
[2026-06-17T10:00:58.529+0800][57.392s][info][gc,phases      ] GC(1355) Phase 3: Adjust pointers 1.101ms
[2026-06-17T10:00:58.559+0800][57.422s][info][gc,phases,start] GC(1355) Phase 4: Move objects
[2026-06-17T10:00:58.561+0800][57.424s][info][gc,phases      ] GC(1355) Phase 4: Move objects 2.182ms
[2026-06-17T10:00:58.570+0800][57.432s][info][gc,heap        ] GC(1355) DefNew: 19647K(19648K)->0K(19648K) Eden: 17472K(17472K)->0K(17472K) From: 2175K(2176K)->0K(2176K)
[2026-06-17T10:00:58.571+0800][57.433s][info][gc,heap        ] GC(1355) Tenured: 37764K(43712K)->22534K(43712K)
[2026-06-17T10:00:58.571+0800][57.434s][info][gc,metaspace   ] GC(1355) Metaspace: 119K(320K)->119K(320K) NonClass: 111K(192K)->111K(192K) Class: 7K(128K)->7K(128K)
[2026-06-17T10:00:58.581+0800][57.444s][info][gc             ] GC(1355) Pause Full (Allocation Failure) 56M->22M(61M) 92.406ms
[2026-06-17T10:00:58.592+0800][57.455s][info][gc,cpu         ] GC(1355) User=0.01s Sys=0.00s Real=0.11s
[2026-06-17T10:00:58.635+0800][57.498s][info][gc,start       ] GC(1356) Pause Young (Allocation Failure)
[2026-06-17T10:00:58.642+0800][57.505s][info][gc,heap        ] GC(1356) DefNew: 17469K(19648K)->2171K(19648K) Eden: 17469K(17472K)->0K(17472K) From: 0K(2176K)->2171K(2176K)
[2026-06-17T10:00:58.643+0800][57.506s][info][gc,heap        ] GC(1356) Tenured: 22534K(43712K)->27389K(43712K)
[2026-06-17T10:00:58.649+0800][57.512s][info][gc,metaspace   ] GC(1356) Metaspace: 119K(320K)->119K(320K) NonClass: 111K(192K)->111K(192K) Class: 7K(128K)->7K(128K)
[2026-06-17T10:00:58.650+0800][57.513s][info][gc             ] GC(1356) Pause Young (Allocation Failure) 39M->28M(61M) 14.762ms
[2026-06-17T10:00:58.653+0800][57.516s][info][gc,cpu         ] GC(1356) User=0.00s Sys=0.00s Real=0.02s
[2026-06-17T10:00:58.697+0800][57.560s][info][gc,start       ] GC(1357) Pause Young (Allocation Failure)
[2026-06-17T10:00:58.699+0800][57.562s][info][gc,heap        ] GC(1357) DefNew: 19614K(19648K)->2061K(19648K) Eden: 17442K(17472K)->0K(17472K) From: 2171K(2176K)->2061K(2176K)
[2026-06-17T10:00:58.702+0800][57.564s][info][gc,heap        ] GC(1357) Tenured: 27389K(43712K)->31457K(43712K)
[2026-06-17T10:00:58.703+0800][57.566s][info][gc,metaspace   ] GC(1357) Metaspace: 119K(320K)->119K(320K) NonClass: 111K(192K)->111K(192K) Class: 7K(128K)->7K(128K)
[2026-06-17T10:00:58.705+0800][57.568s][info][gc             ] GC(1357) Pause Young (Allocation Failure) 45M->32M(61M) 7.867ms
[2026-06-17T10:00:58.707+0800][57.569s][info][gc,cpu         ] GC(1357) User=0.00s Sys=0.00s Real=0.01s
[2026-06-17T10:00:58.749+0800][57.612s][info][gc,start       ] GC(1358) Pause Young (Allocation Failure)
[2026-06-17T10:00:58.750+0800][57.613s][info][gc,heap        ] GC(1358) DefNew: 19533K(19648K)->2171K(19648K) Eden: 17472K(17472K)->0K(17472K) From: 2061K(2176K)->2171K(2176K)
[2026-06-17T10:00:58.750+0800][57.613s][info][gc,heap        ] GC(1358) Tenured: 31457K(43712K)->34562K(43712K)
[2026-06-17T10:00:58.751+0800][57.614s][info][gc,metaspace   ] GC(1358) Metaspace: 119K(320K)->119K(320K) NonClass: 111K(192K)->111K(192K) Class: 7K(128K)->7K(128K)
[2026-06-17T10:00:58.752+0800][57.614s][info][gc             ] GC(1358) Pause Young (Allocation Failure) 49M->35M(61M) 2.561ms
[2026-06-17T10:00:58.754+0800][57.617s][info][gc,cpu         ] GC(1358) User=0.00s Sys=0.00s Real=0.01s
[2026-06-17T10:00:58.797+0800][57.660s][info][gc,start       ] GC(1359) Pause Young (Allocation Failure)
[2026-06-17T10:00:58.798+0800][57.661s][info][gc,heap        ] GC(1359) DefNew: 19643K(19648K)->2148K(19648K) Eden: 17472K(17472K)->0K(17472K) From: 2171K(2176K)->2148K(2176K)
[2026-06-17T10:00:58.799+0800][57.662s][info][gc,heap        ] GC(1359) Tenured: 34562K(43712K)->39534K(43712K)
[2026-06-17T10:00:58.799+0800][57.662s][info][gc,metaspace   ] GC(1359) Metaspace: 119K(320K)->119K(320K) NonClass: 111K(192K)->111K(192K) Class: 7K(128K)->7K(128K)
[2026-06-17T10:00:58.799+0800][57.662s][info][gc             ] GC(1359) Pause Young (Allocation Failure) 52M->40M(61M) 1.681ms
[2026-06-17T10:00:58.799+0800][57.662s][info][gc,cpu         ] GC(1359) User=0.00s Sys=0.00s Real=0.00s
[2026-06-17T10:00:58.851+0800][57.714s][info][gc,start       ] GC(1360) Pause Young (Allocation Failure)
[2026-06-17T10:00:58.852+0800][57.715s][info][gc             ] GC(1360) Pause Young (Allocation Failure) 57M->57M(61M) 0.714ms
[2026-06-17T10:00:58.854+0800][57.717s][info][gc,cpu         ] GC(1360) User=0.00s Sys=0.00s Real=0.00s
[2026-06-17T10:00:58.854+0800][57.717s][info][gc,start       ] GC(1361) Pause Full (Allocation Failure)
[2026-06-17T10:00:58.855+0800][57.718s][info][gc,phases,start] GC(1361) Phase 1: Mark live objects
[2026-06-17T10:00:58.857+0800][57.719s][info][gc,phases      ] GC(1361) Phase 1: Mark live objects 1.773ms
[2026-06-17T10:00:58.858+0800][57.721s][info][gc,phases,start] GC(1361) Phase 2: Compute new object addresses
[2026-06-17T10:00:58.859+0800][57.722s][info][gc,phases      ] GC(1361) Phase 2: Compute new object addresses 1.512ms
[2026-06-17T10:00:58.860+0800][57.723s][info][gc,phases,start] GC(1361) Phase 3: Adjust pointers
[2026-06-17T10:00:58.863+0800][57.726s][info][gc,phases      ] GC(1361) Phase 3: Adjust pointers 3.238ms
[2026-06-17T10:00:58.863+0800][57.726s][info][gc,phases,start] GC(1361) Phase 4: Move objects
[2026-06-17T10:00:58.866+0800][57.729s][info][gc,phases      ] GC(1361) Phase 4: Move objects 2.291ms
[2026-06-17T10:00:58.866+0800][57.729s][info][gc,heap        ] GC(1361) DefNew: 19585K(19648K)->0K(19648K) Eden: 17436K(17472K)->0K(17472K) From: 2148K(2176K)->0K(2176K)
[2026-06-17T10:00:58.866+0800][57.729s][info][gc,heap        ] GC(1361) Tenured: 39534K(43712K)->28557K(43712K)
[2026-06-17T10:00:58.867+0800][57.729s][info][gc,metaspace   ] GC(1361) Metaspace: 119K(320K)->119K(320K) NonClass: 111K(192K)->111K(192K) Class: 7K(128K)->7K(128K)
[2026-06-17T10:00:58.867+0800][57.730s][info][gc             ] GC(1361) Pause Full (Allocation Failure) 57M->27M(61M) 12.298ms
[2026-06-17T10:00:58.867+0800][57.730s][info][gc,cpu         ] GC(1361) User=0.00s Sys=0.00s Real=0.01s
[2026-06-17T10:00:58.909+0800][57.772s][info][gc,start       ] GC(1362) Pause Young (Allocation Failure)
[2026-06-17T10:00:58.910+0800][57.773s][info][gc,heap        ] GC(1362) DefNew: 17443K(19648K)->2168K(19648K) Eden: 17443K(17472K)->0K(17472K) From: 0K(2176K)->2168K(2176K)
[2026-06-17T10:00:58.910+0800][57.773s][info][gc,heap        ] GC(1362) Tenured: 28557K(43712K)->33665K(43712K)
[2026-06-17T10:00:58.911+0800][57.773s][info][gc,metaspace   ] GC(1362) Metaspace: 119K(320K)->119K(320K) NonClass: 111K(192K)->111K(192K) Class: 7K(128K)->7K(128K)
[2026-06-17T10:00:58.911+0800][57.773s][info][gc             ] GC(1362) Pause Young (Allocation Failure) 44M->34M(61M) 1.789ms
[2026-06-17T10:00:58.911+0800][57.774s][info][gc,cpu         ] GC(1362) User=0.00s Sys=0.00s Real=0.01s
[2026-06-17T10:00:58.953+0800][57.816s][info][gc,start       ] GC(1363) Pause Young (Allocation Failure)
[2026-06-17T10:00:58.954+0800][57.817s][info][gc,heap        ] GC(1363) DefNew: 19590K(19648K)->2171K(19648K) Eden: 17421K(17472K)->0K(17472K) From: 2168K(2176K)->2171K(2176K)
[2026-06-17T10:00:58.954+0800][57.817s][info][gc,heap        ] GC(1363) Tenured: 33665K(43712K)->38555K(43712K)
[2026-06-17T10:00:58.954+0800][57.817s][info][gc,metaspace   ] GC(1363) Metaspace: 119K(320K)->119K(320K) NonClass: 111K(192K)->111K(192K) Class: 7K(128K)->7K(128K)
[2026-06-17T10:00:58.954+0800][57.817s][info][gc             ] GC(1363) Pause Young (Allocation Failure) 52M->39M(61M) 1.636ms
[2026-06-17T10:00:58.955+0800][57.817s][info][gc,cpu         ] GC(1363) User=0.00s Sys=0.00s Real=0.00s
[2026-06-17T10:00:58.997+0800][57.859s][info][gc,start       ] GC(1364) Pause Young (Allocation Failure)
[2026-06-17T10:00:58.997+0800][57.860s][info][gc             ] GC(1364) Pause Young (Allocation Failure) 56M->56M(61M) 0.405ms
[2026-06-17T10:00:58.997+0800][57.860s][info][gc,cpu         ] GC(1364) User=0.00s Sys=0.00s Real=0.00s
[2026-06-17T10:00:58.997+0800][57.860s][info][gc,start       ] GC(1365) Pause Full (Allocation Failure)
[2026-06-17T10:00:58.997+0800][57.860s][info][gc,phases,start] GC(1365) Phase 1: Mark live objects
[2026-06-17T10:00:58.998+0800][57.861s][info][gc,phases      ] GC(1365) Phase 1: Mark live objects 0.811ms
[2026-06-17T10:00:58.999+0800][57.861s][info][gc,phases,start] GC(1365) Phase 2: Compute new object addresses
[2026-06-17T10:00:58.999+0800][57.862s][info][gc,phases      ] GC(1365) Phase 2: Compute new object addresses 0.658ms
[2026-06-17T10:00:59.000+0800][57.862s][info][gc,phases,start] GC(1365) Phase 3: Adjust pointers
[2026-06-17T10:00:59.000+0800][57.863s][info][gc,phases      ] GC(1365) Phase 3: Adjust pointers 0.541ms
[2026-06-17T10:00:59.000+0800][57.863s][info][gc,phases,start] GC(1365) Phase 4: Move objects
[2026-06-17T10:00:59.002+0800][57.865s][info][gc,phases      ] GC(1365) Phase 4: Move objects 1.926ms
[2026-06-17T10:00:59.003+0800][57.866s][info][gc,heap        ] GC(1365) DefNew: 19637K(19648K)->0K(19648K) Eden: 17466K(17472K)->0K(17472K) From: 2171K(2176K)->0K(2176K)
[2026-06-17T10:00:59.003+0800][57.866s][info][gc,heap        ] GC(1365) Tenured: 38555K(43712K)->29839K(43712K)
[2026-06-17T10:00:59.003+0800][57.866s][info][gc,metaspace   ] GC(1365) Metaspace: 119K(320K)->119K(320K) NonClass: 111K(192K)->111K(192K) Class: 7K(128K)->7K(128K)
[2026-06-17T10:00:59.003+0800][57.866s][info][gc             ] GC(1365) Pause Full (Allocation Failure) 56M->29M(61M) 5.956ms
[2026-06-17T10:00:59.003+0800][57.866s][info][gc,cpu         ] GC(1365) User=0.00s Sys=0.00s Real=0.01s
[2026-06-17T10:00:59.046+0800][57.909s][info][gc,start       ] GC(1366) Pause Young (Allocation Failure)
[2026-06-17T10:00:59.048+0800][57.911s][info][gc,heap        ] GC(1366) DefNew: 17438K(19648K)->2171K(19648K) Eden: 17438K(17472K)->0K(17472K) From: 0K(2176K)->2171K(2176K)
[2026-06-17T10:00:59.049+0800][57.911s][info][gc,heap        ] GC(1366) Tenured: 29839K(43712K)->34371K(43712K)
[2026-06-17T10:00:59.049+0800][57.912s][info][gc,metaspace   ] GC(1366) Metaspace: 119K(320K)->119K(320K) NonClass: 111K(192K)->111K(192K) Class: 7K(128K)->7K(128K)
[2026-06-17T10:00:59.049+0800][57.912s][info][gc             ] GC(1366) Pause Young (Allocation Failure) 46M->35M(61M) 3.265ms
[2026-06-17T10:00:59.050+0800][57.912s][info][gc,cpu         ] GC(1366) User=0.00s Sys=0.00s Real=0.00s
[2026-06-17T10:00:59.104+0800][57.967s][info][gc,start       ] GC(1367) Pause Young (Allocation Failure)
[2026-06-17T10:00:59.105+0800][57.968s][info][gc,heap        ] GC(1367) DefNew: 19643K(19648K)->2175K(19648K) Eden: 17472K(17472K)->0K(17472K) From: 2171K(2176K)->2175K(2176K)
[2026-06-17T10:00:59.105+0800][57.968s][info][gc,heap        ] GC(1367) Tenured: 34371K(43712K)->35374K(43712K)
[2026-06-17T10:00:59.106+0800][57.968s][info][gc,metaspace   ] GC(1367) Metaspace: 119K(320K)->119K(320K) NonClass: 111K(192K)->111K(192K) Class: 7K(128K)->7K(128K)
[2026-06-17T10:00:59.106+0800][57.969s][info][gc             ] GC(1367) Pause Young (Allocation Failure) 52M->36M(61M) 1.934ms
[2026-06-17T10:00:59.106+0800][57.969s][info][gc,cpu         ] GC(1367) User=0.00s Sys=0.00s Real=0.00s
[2026-06-17T10:00:59.139+0800][58.002s][info][gc,start       ] GC(1368) Pause Young (Allocation Failure)
[2026-06-17T10:00:59.140+0800][58.003s][info][gc,heap        ] GC(1368) DefNew: 19520K(19648K)->2155K(19648K) Eden: 17344K(17472K)->0K(17472K) From: 2175K(2176K)->2155K(2176K)
[2026-06-17T10:00:59.141+0800][58.003s][info][gc,heap        ] GC(1368) Tenured: 35374K(43712K)->39047K(43712K)
[2026-06-17T10:00:59.141+0800][58.004s][info][gc,metaspace   ] GC(1368) Metaspace: 119K(320K)->119K(320K) NonClass: 111K(192K)->111K(192K) Class: 7K(128K)->7K(128K)
[2026-06-17T10:00:59.141+0800][58.004s][info][gc             ] GC(1368) Pause Young (Allocation Failure) 53M->40M(61M) 2.215ms
[2026-06-17T10:00:59.141+0800][58.004s][info][gc,cpu         ] GC(1368) User=0.00s Sys=0.00s Real=0.00s
[2026-06-17T10:00:59.196+0800][58.058s][info][gc,start       ] GC(1369) Pause Young (Allocation Failure)
[2026-06-17T10:00:59.197+0800][58.059s][info][gc             ] GC(1369) Pause Young (Allocation Failure) 57M->57M(61M) 0.954ms
[2026-06-17T10:00:59.197+0800][58.060s][info][gc,cpu         ] GC(1369) User=0.00s Sys=0.00s Real=0.00s
[2026-06-17T10:00:59.198+0800][58.061s][info][gc,start       ] GC(1370) Pause Full (Allocation Failure)
[2026-06-17T10:00:59.199+0800][58.062s][info][gc,phases,start] GC(1370) Phase 1: Mark live objects
[2026-06-17T10:00:59.200+0800][58.063s][info][gc,phases      ] GC(1370) Phase 1: Mark live objects 1.656ms
[2026-06-17T10:00:59.201+0800][58.064s][info][gc,phases,start] GC(1370) Phase 2: Compute new object addresses
[2026-06-17T10:00:59.202+0800][58.065s][info][gc,phases      ] GC(1370) Phase 2: Compute new object addresses 0.851ms
[2026-06-17T10:00:59.202+0800][58.065s][info][gc,phases,start] GC(1370) Phase 3: Adjust pointers
[2026-06-17T10:00:59.203+0800][58.066s][info][gc,phases      ] GC(1370) Phase 3: Adjust pointers 0.829ms
[2026-06-17T10:00:59.204+0800][58.066s][info][gc,phases,start] GC(1370) Phase 4: Move objects
[2026-06-17T10:00:59.207+0800][58.070s][info][gc,phases      ] GC(1370) Phase 4: Move objects 3.185ms
[2026-06-17T10:00:59.207+0800][58.070s][info][gc,heap        ] GC(1370) DefNew: 19604K(19648K)->0K(19648K) Eden: 17449K(17472K)->0K(17472K) From: 2155K(2176K)->0K(2176K)
[2026-06-17T10:00:59.208+0800][58.070s][info][gc,heap        ] GC(1370) Tenured: 39047K(43712K)->26492K(43712K)
[2026-06-17T10:00:59.208+0800][58.071s][info][gc,metaspace   ] GC(1370) Metaspace: 119K(320K)->119K(320K) NonClass: 111K(192K)->111K(192K) Class: 7K(128K)->7K(128K)
[2026-06-17T10:00:59.208+0800][58.071s][info][gc             ] GC(1370) Pause Full (Allocation Failure) 57M->25M(61M) 9.870ms
[2026-06-17T10:00:59.208+0800][58.071s][info][gc,cpu         ] GC(1370) User=0.01s Sys=0.00s Real=0.01s
[2026-06-17T10:00:59.252+0800][58.115s][info][gc,start       ] GC(1371) Pause Young (Allocation Failure)
[2026-06-17T10:00:59.254+0800][58.116s][info][gc,heap        ] GC(1371) DefNew: 17470K(19648K)->2175K(19648K) Eden: 17470K(17472K)->0K(17472K) From: 0K(2176K)->2175K(2176K)
[2026-06-17T10:00:59.254+0800][58.117s][info][gc,heap        ] GC(1371) Tenured: 26492K(43712K)->31232K(43712K)
[2026-06-17T10:00:59.254+0800][58.117s][info][gc,metaspace   ] GC(1371) Metaspace: 119K(320K)->119K(320K) NonClass: 111K(192K)->111K(192K) Class: 7K(128K)->7K(128K)
[2026-06-17T10:00:59.255+0800][58.117s][info][gc             ] GC(1371) Pause Young (Allocation Failure) 42M->32M(61M) 2.666ms
[2026-06-17T10:00:59.255+0800][58.118s][info][gc,cpu         ] GC(1371) User=0.00s Sys=0.00s Real=0.00s
[2026-06-17T10:00:59.298+0800][58.160s][info][gc,start       ] GC(1372) Pause Young (Allocation Failure)
[2026-06-17T10:00:59.299+0800][58.162s][info][gc,heap        ] GC(1372) DefNew: 19647K(19648K)->2172K(19648K) Eden: 17472K(17472K)->0K(17472K) From: 2175K(2176K)->2172K(2176K)
[2026-06-17T10:00:59.300+0800][58.162s][info][gc,heap        ] GC(1372) Tenured: 31232K(43712K)->38332K(43712K)
[2026-06-17T10:00:59.300+0800][58.163s][info][gc,metaspace   ] GC(1372) Metaspace: 119K(320K)->119K(320K) NonClass: 111K(192K)->111K(192K) Class: 7K(128K)->7K(128K)
[2026-06-17T10:00:59.300+0800][58.163s][info][gc             ] GC(1372) Pause Young (Allocation Failure) 49M->39M(61M) 2.558ms
[2026-06-17T10:00:59.300+0800][58.163s][info][gc,cpu         ] GC(1372) User=0.01s Sys=0.00s Real=0.00s
[2026-06-17T10:00:59.343+0800][58.206s][info][gc,start       ] GC(1373) Pause Young (Allocation Failure)
[2026-06-17T10:00:59.344+0800][58.206s][info][gc             ] GC(1373) Pause Young (Allocation Failure) 56M->56M(61M) 0.606ms
[2026-06-17T10:00:59.344+0800][58.207s][info][gc,cpu         ] GC(1373) User=0.00s Sys=0.00s Real=0.00s
[2026-06-17T10:00:59.345+0800][58.207s][info][gc,start       ] GC(1374) Pause Full (Allocation Failure)
[2026-06-17T10:00:59.345+0800][58.208s][info][gc,phases,start] GC(1374) Phase 1: Mark live objects
[2026-06-17T10:00:59.346+0800][58.209s][info][gc,phases      ] GC(1374) Phase 1: Mark live objects 1.069ms
[2026-06-17T10:00:59.347+0800][58.209s][info][gc,phases,start] GC(1374) Phase 2: Compute new object addresses
[2026-06-17T10:00:59.347+0800][58.210s][info][gc,phases      ] GC(1374) Phase 2: Compute new object addresses 0.846ms
[2026-06-17T10:00:59.348+0800][58.211s][info][gc,phases,start] GC(1374) Phase 3: Adjust pointers
[2026-06-17T10:00:59.349+0800][58.212s][info][gc,phases      ] GC(1374) Phase 3: Adjust pointers 0.837ms
[2026-06-17T10:00:59.349+0800][58.212s][info][gc,phases,start] GC(1374) Phase 4: Move objects
[2026-06-17T10:00:59.352+0800][58.215s][info][gc,phases      ] GC(1374) Phase 4: Move objects 2.805ms
[2026-06-17T10:00:59.353+0800][58.216s][info][gc,heap        ] GC(1374) DefNew: 19606K(19648K)->0K(19648K) Eden: 17433K(17472K)->0K(17472K) From: 2172K(2176K)->0K(2176K)
[2026-06-17T10:00:59.353+0800][58.216s][info][gc,heap        ] GC(1374) Tenured: 38332K(43712K)->27144K(43712K)
[2026-06-17T10:00:59.354+0800][58.217s][info][gc,metaspace   ] GC(1374) Metaspace: 119K(320K)->119K(320K) NonClass: 111K(192K)->111K(192K) Class: 7K(128K)->7K(128K)
[2026-06-17T10:00:59.354+0800][58.217s][info][gc             ] GC(1374) Pause Full (Allocation Failure) 56M->26M(61M) 9.927ms
[2026-06-17T10:00:59.355+0800][58.218s][info][gc,cpu         ] GC(1374) User=0.00s Sys=0.00s Real=0.01s
[2026-06-17T10:00:59.397+0800][58.260s][info][gc,start       ] GC(1375) Pause Young (Allocation Failure)
[2026-06-17T10:00:59.398+0800][58.261s][info][gc,heap        ] GC(1375) DefNew: 17320K(19648K)->2152K(19648K) Eden: 17320K(17472K)->0K(17472K) From: 0K(2176K)->2152K(2176K)
[2026-06-17T10:00:59.399+0800][58.262s][info][gc,heap        ] GC(1375) Tenured: 27144K(43712K)->28425K(43712K)
[2026-06-17T10:00:59.400+0800][58.263s][info][gc,metaspace   ] GC(1375) Metaspace: 119K(320K)->119K(320K) NonClass: 111K(192K)->111K(192K) Class: 7K(128K)->7K(128K)
[2026-06-17T10:00:59.402+0800][58.265s][info][gc             ] GC(1375) Pause Young (Allocation Failure) 43M->29M(61M) 4.554ms
[2026-06-17T10:00:59.404+0800][58.267s][info][gc,cpu         ] GC(1375) User=0.00s Sys=0.00s Real=0.01s
[2026-06-17T10:00:59.448+0800][58.311s][info][gc,start       ] GC(1376) Pause Young (Allocation Failure)
[2026-06-17T10:00:59.450+0800][58.313s][info][gc,heap        ] GC(1376) DefNew: 19624K(19648K)->2173K(19648K) Eden: 17472K(17472K)->0K(17472K) From: 2152K(2176K)->2173K(2176K)
[2026-06-17T10:00:59.451+0800][58.314s][info][gc,heap        ] GC(1376) Tenured: 28425K(43712K)->35555K(43712K)
[2026-06-17T10:00:59.455+0800][58.318s][info][gc,metaspace   ] GC(1376) Metaspace: 119K(320K)->119K(320K) NonClass: 111K(192K)->111K(192K) Class: 7K(128K)->7K(128K)
[2026-06-17T10:00:59.458+0800][58.320s][info][gc             ] GC(1376) Pause Young (Allocation Failure) 46M->36M(61M) 9.534ms
[2026-06-17T10:00:59.458+0800][58.321s][info][gc,cpu         ] GC(1376) User=0.00s Sys=0.00s Real=0.01s
[2026-06-17T10:00:59.510+0800][58.373s][info][gc,start       ] GC(1377) Pause Young (Allocation Failure)
[2026-06-17T10:00:59.511+0800][58.374s][info][gc             ] GC(1377) Pause Young (Allocation Failure) 53M->53M(61M) 0.731ms
[2026-06-17T10:00:59.512+0800][58.374s][info][gc,cpu         ] GC(1377) User=0.00s Sys=0.00s Real=0.01s
[2026-06-17T10:00:59.514+0800][58.377s][info][gc,start       ] GC(1378) Pause Full (Allocation Failure)
[2026-06-17T10:00:59.515+0800][58.378s][info][gc,phases,start] GC(1378) Phase 1: Mark live objects
[2026-06-17T10:00:59.516+0800][58.379s][info][gc,phases      ] GC(1378) Phase 1: Mark live objects 1.208ms
[2026-06-17T10:00:59.518+0800][58.380s][info][gc,phases,start] GC(1378) Phase 2: Compute new object addresses
[2026-06-17T10:00:59.519+0800][58.382s][info][gc,phases      ] GC(1378) Phase 2: Compute new object addresses 1.658ms
[2026-06-17T10:00:59.521+0800][58.384s][info][gc,phases,start] GC(1378) Phase 3: Adjust pointers
[2026-06-17T10:00:59.523+0800][58.386s][info][gc,phases      ] GC(1378) Phase 3: Adjust pointers 1.936ms
[2026-06-17T10:00:59.525+0800][58.388s][info][gc,phases,start] GC(1378) Phase 4: Move objects
[2026-06-17T10:00:59.528+0800][58.391s][info][gc,phases      ] GC(1378) Phase 4: Move objects 3.356ms
[2026-06-17T10:00:59.531+0800][58.394s][info][gc,heap        ] GC(1378) DefNew: 19622K(19648K)->0K(19648K) Eden: 17449K(17472K)->0K(17472K) From: 2173K(2176K)->0K(2176K)
[2026-06-17T10:00:59.533+0800][58.396s][info][gc,heap        ] GC(1378) Tenured: 35555K(43712K)->24842K(43712K)
[2026-06-17T10:00:59.535+0800][58.397s][info][gc,metaspace   ] GC(1378) Metaspace: 119K(320K)->119K(320K) NonClass: 111K(192K)->111K(192K) Class: 7K(128K)->7K(128K)
[2026-06-17T10:00:59.535+0800][58.398s][info][gc             ] GC(1378) Pause Full (Allocation Failure) 53M->24M(61M) 21.107ms
[2026-06-17T10:00:59.535+0800][58.398s][info][gc,cpu         ] GC(1378) User=0.00s Sys=0.00s Real=0.02s
[2026-06-17T10:00:59.567+0800][58.430s][info][gc,start       ] GC(1379) Pause Young (Allocation Failure)
[2026-06-17T10:00:59.568+0800][58.431s][info][gc,heap        ] GC(1379) DefNew: 16671K(19648K)->2162K(19648K) Eden: 16671K(17472K)->0K(17472K) From: 0K(2176K)->2162K(2176K)
[2026-06-17T10:00:59.568+0800][58.431s][info][gc,heap        ] GC(1379) Tenured: 24842K(43712K)->28975K(43712K)
[2026-06-17T10:00:59.569+0800][58.431s][info][gc,metaspace   ] GC(1379) Metaspace: 119K(320K)->119K(320K) NonClass: 111K(192K)->111K(192K) Class: 7K(128K)->7K(128K)
[2026-06-17T10:00:59.569+0800][58.431s][info][gc             ] GC(1379) Pause Young (Allocation Failure) 40M->30M(61M) 1.666ms
[2026-06-17T10:00:59.569+0800][58.432s][info][gc,cpu         ] GC(1379) User=0.00s Sys=0.00s Real=0.00s
[2026-06-17T10:00:59.611+0800][58.474s][info][gc,start       ] GC(1380) Pause Young (Allocation Failure)
[2026-06-17T10:00:59.612+0800][58.475s][info][gc,heap        ] GC(1380) DefNew: 19634K(19648K)->2167K(19648K) Eden: 17472K(17472K)->0K(17472K) From: 2162K(2176K)->2167K(2176K)
[2026-06-17T10:00:59.612+0800][58.475s][info][gc,heap        ] GC(1380) Tenured: 28975K(43712K)->35486K(43712K)
[2026-06-17T10:00:59.613+0800][58.475s][info][gc,metaspace   ] GC(1380) Metaspace: 119K(320K)->119K(320K) NonClass: 111K(192K)->111K(192K) Class: 7K(128K)->7K(128K)
[2026-06-17T10:00:59.613+0800][58.475s][info][gc             ] GC(1380) Pause Young (Allocation Failure) 47M->36M(61M) 1.857ms
[2026-06-17T10:00:59.613+0800][58.476s][info][gc,cpu         ] GC(1380) User=0.00s Sys=0.00s Real=0.00s
[2026-06-17T10:00:59.665+0800][58.528s][info][gc,start       ] GC(1381) Pause Young (Allocation Failure)
[2026-06-17T10:00:59.666+0800][58.528s][info][gc             ] GC(1381) Pause Young (Allocation Failure) 53M->53M(61M) 0.502ms
[2026-06-17T10:00:59.666+0800][58.529s][info][gc,cpu         ] GC(1381) User=0.00s Sys=0.00s Real=0.00s
[2026-06-17T10:00:59.666+0800][58.529s][info][gc,start       ] GC(1382) Pause Full (Allocation Failure)
[2026-06-17T10:00:59.667+0800][58.529s][info][gc,phases,start] GC(1382) Phase 1: Mark live objects
[2026-06-17T10:00:59.668+0800][58.531s][info][gc,phases      ] GC(1382) Phase 1: Mark live objects 1.291ms
[2026-06-17T10:00:59.668+0800][58.531s][info][gc,phases,start] GC(1382) Phase 2: Compute new object addresses
[2026-06-17T10:00:59.669+0800][58.532s][info][gc,phases      ] GC(1382) Phase 2: Compute new object addresses 0.729ms
[2026-06-17T10:00:59.669+0800][58.532s][info][gc,phases,start] GC(1382) Phase 3: Adjust pointers
[2026-06-17T10:00:59.670+0800][58.533s][info][gc,phases      ] GC(1382) Phase 3: Adjust pointers 0.789ms
[2026-06-17T10:00:59.671+0800][58.533s][info][gc,phases,start] GC(1382) Phase 4: Move objects
[2026-06-17T10:00:59.673+0800][58.535s][info][gc,phases      ] GC(1382) Phase 4: Move objects 2.054ms
[2026-06-17T10:00:59.673+0800][58.536s][info][gc,heap        ] GC(1382) DefNew: 19639K(19648K)->0K(19648K) Eden: 17472K(17472K)->0K(17472K) From: 2167K(2176K)->0K(2176K)
[2026-06-17T10:00:59.673+0800][58.536s][info][gc,heap        ] GC(1382) Tenured: 35486K(43712K)->24185K(43712K)
[2026-06-17T10:00:59.674+0800][58.536s][info][gc,metaspace   ] GC(1382) Metaspace: 119K(320K)->119K(320K) NonClass: 111K(192K)->111K(192K) Class: 7K(128K)->7K(128K)
[2026-06-17T10:00:59.674+0800][58.537s][info][gc             ] GC(1382) Pause Full (Allocation Failure) 53M->23M(61M) 7.491ms
[2026-06-17T10:00:59.674+0800][58.537s][info][gc,cpu         ] GC(1382) User=0.00s Sys=0.00s Real=0.01s
[2026-06-17T10:00:59.717+0800][58.580s][info][gc,start       ] GC(1383) Pause Young (Allocation Failure)
[2026-06-17T10:00:59.720+0800][58.582s][info][gc,heap        ] GC(1383) DefNew: 17421K(19648K)->2171K(19648K) Eden: 17421K(17472K)->0K(17472K) From: 0K(2176K)->2171K(2176K)
[2026-06-17T10:00:59.720+0800][58.583s][info][gc,heap        ] GC(1383) Tenured: 24185K(43712K)->29081K(43712K)
[2026-06-17T10:00:59.721+0800][58.584s][info][gc,metaspace   ] GC(1383) Metaspace: 119K(320K)->119K(320K) NonClass: 111K(192K)->111K(192K) Class: 7K(128K)->7K(128K)
[2026-06-17T10:00:59.721+0800][58.584s][info][gc             ] GC(1383) Pause Young (Allocation Failure) 40M->30M(61M) 4.177ms
[2026-06-17T10:00:59.722+0800][58.585s][info][gc,cpu         ] GC(1383) User=0.00s Sys=0.00s Real=0.00s
[2026-06-17T10:00:59.766+0800][58.629s][info][gc,start       ] GC(1384) Pause Young (Allocation Failure)
[2026-06-17T10:00:59.769+0800][58.632s][info][gc,heap        ] GC(1384) DefNew: 19594K(19648K)->2172K(19648K) Eden: 17423K(17472K)->0K(17472K) From: 2171K(2176K)->2172K(2176K)
[2026-06-17T10:00:59.772+0800][58.635s][info][gc,heap        ] GC(1384) Tenured: 29081K(43712K)->33702K(43712K)
[2026-06-17T10:00:59.773+0800][58.636s][info][gc,metaspace   ] GC(1384) Metaspace: 119K(320K)->119K(320K) NonClass: 111K(192K)->111K(192K) Class: 7K(128K)->7K(128K)
[2026-06-17T10:00:59.775+0800][58.637s][info][gc             ] GC(1384) Pause Young (Allocation Failure) 47M->35M(61M) 8.346ms
[2026-06-17T10:00:59.776+0800][58.639s][info][gc,cpu         ] GC(1384) User=0.00s Sys=0.00s Real=0.01s
[2026-06-17T10:00:59.825+0800][58.687s][info][gc,start       ] GC(1385) Pause Young (Allocation Failure)
[2026-06-17T10:00:59.827+0800][58.690s][info][gc,heap        ] GC(1385) DefNew: 19596K(19648K)->2170K(19648K) Eden: 17424K(17472K)->0K(17472K) From: 2172K(2176K)->2170K(2176K)
[2026-06-17T10:00:59.828+0800][58.690s][info][gc,heap        ] GC(1385) Tenured: 33702K(43712K)->37373K(43712K)
[2026-06-17T10:00:59.828+0800][58.691s][info][gc,metaspace   ] GC(1385) Metaspace: 119K(320K)->119K(320K) NonClass: 111K(192K)->111K(192K) Class: 7K(128K)->7K(128K)
[2026-06-17T10:00:59.829+0800][58.692s][info][gc             ] GC(1385) Pause Young (Allocation Failure) 52M->38M(61M) 4.379ms
[2026-06-17T10:00:59.830+0800][58.692s][info][gc,cpu         ] GC(1385) User=0.00s Sys=0.00s Real=0.00s
[2026-06-17T10:00:59.875+0800][58.738s][info][gc,start       ] GC(1386) Pause Young (Allocation Failure)
[2026-06-17T10:00:59.876+0800][58.739s][info][gc             ] GC(1386) Pause Young (Allocation Failure) 55M->55M(61M) 0.786ms
[2026-06-17T10:00:59.877+0800][58.739s][info][gc,cpu         ] GC(1386) User=0.00s Sys=0.00s Real=0.00s
[2026-06-17T10:00:59.877+0800][58.740s][info][gc,start       ] GC(1387) Pause Full (Allocation Failure)
[2026-06-17T10:00:59.878+0800][58.741s][info][gc,phases,start] GC(1387) Phase 1: Mark live objects
[2026-06-17T10:00:59.881+0800][58.743s][info][gc,phases      ] GC(1387) Phase 1: Mark live objects 2.824ms
[2026-06-17T10:00:59.881+0800][58.744s][info][gc,phases,start] GC(1387) Phase 2: Compute new object addresses
[2026-06-17T10:00:59.882+0800][58.745s][info][gc,phases      ] GC(1387) Phase 2: Compute new object addresses 1.098ms
[2026-06-17T10:00:59.883+0800][58.746s][info][gc,phases,start] GC(1387) Phase 3: Adjust pointers
[2026-06-17T10:00:59.884+0800][58.747s][info][gc,phases      ] GC(1387) Phase 3: Adjust pointers 1.345ms
[2026-06-17T10:00:59.885+0800][58.747s][info][gc,phases,start] GC(1387) Phase 4: Move objects
[2026-06-17T10:00:59.887+0800][58.750s][info][gc,phases      ] GC(1387) Phase 4: Move objects 2.631ms
[2026-06-17T10:00:59.888+0800][58.751s][info][gc,heap        ] GC(1387) DefNew: 19642K(19648K)->0K(19648K) Eden: 17472K(17472K)->0K(17472K) From: 2170K(2176K)->0K(2176K)
[2026-06-17T10:00:59.888+0800][58.751s][info][gc,heap        ] GC(1387) Tenured: 37373K(43712K)->28020K(43712K)
[2026-06-17T10:00:59.888+0800][58.751s][info][gc,metaspace   ] GC(1387) Metaspace: 119K(320K)->119K(320K) NonClass: 111K(192K)->111K(192K) Class: 7K(128K)->7K(128K)
[2026-06-17T10:00:59.889+0800][58.752s][info][gc             ] GC(1387) Pause Full (Allocation Failure) 55M->27M(61M) 11.494ms
[2026-06-17T10:00:59.889+0800][58.752s][info][gc,cpu         ] GC(1387) User=0.01s Sys=0.00s Real=0.01s
[2026-06-17T10:00:59.931+0800][58.794s][info][gc,start       ] GC(1388) Pause Young (Allocation Failure)
[2026-06-17T10:00:59.933+0800][58.795s][info][gc,heap        ] GC(1388) DefNew: 17458K(19648K)->2175K(19648K) Eden: 17458K(17472K)->0K(17472K) From: 0K(2176K)->2175K(2176K)
[2026-06-17T10:00:59.933+0800][58.796s][info][gc,heap        ] GC(1388) Tenured: 28020K(43712K)->32792K(43712K)
[2026-06-17T10:00:59.933+0800][58.796s][info][gc,metaspace   ] GC(1388) Metaspace: 119K(320K)->119K(320K) NonClass: 111K(192K)->111K(192K) Class: 7K(128K)->7K(128K)
[2026-06-17T10:00:59.934+0800][58.796s][info][gc             ] GC(1388) Pause Young (Allocation Failure) 44M->34M(61M) 2.341ms
[2026-06-17T10:00:59.934+0800][58.797s][info][gc,cpu         ] GC(1388) User=0.00s Sys=0.00s Real=0.00s
[2026-06-17T10:00:59.987+0800][58.850s][info][gc,start       ] GC(1389) Pause Young (Allocation Failure)
[2026-06-17T10:00:59.988+0800][58.851s][info][gc,heap        ] GC(1389) DefNew: 19647K(19648K)->2095K(19648K) Eden: 17472K(17472K)->0K(17472K) From: 2175K(2176K)->2095K(2176K)
[2026-06-17T10:00:59.989+0800][58.852s][info][gc,heap        ] GC(1389) Tenured: 32792K(43712K)->36045K(43712K)
[2026-06-17T10:00:59.989+0800][58.852s][info][gc,metaspace   ] GC(1389) Metaspace: 119K(320K)->119K(320K) NonClass: 111K(192K)->111K(192K) Class: 7K(128K)->7K(128K)
[2026-06-17T10:00:59.990+0800][58.852s][info][gc             ] GC(1389) Pause Young (Allocation Failure) 51M->37M(61M) 2.633ms
[2026-06-17T10:00:59.990+0800][58.853s][info][gc,cpu         ] GC(1389) User=0.00s Sys=0.00s Real=0.00s
[2026-06-17T10:01:00.032+0800][58.895s][info][gc,start       ] GC(1390) Pause Young (Allocation Failure)
[2026-06-17T10:01:00.033+0800][58.896s][info][gc             ] GC(1390) Pause Young (Allocation Failure) 54M->54M(61M) 0.558ms
[2026-06-17T10:01:00.033+0800][58.896s][info][gc,cpu         ] GC(1390) User=0.00s Sys=0.00s Real=0.00s
[2026-06-17T10:01:00.034+0800][58.896s][info][gc,start       ] GC(1391) Pause Full (Allocation Failure)
[2026-06-17T10:01:00.034+0800][58.897s][info][gc,phases,start] GC(1391) Phase 1: Mark live objects
[2026-06-17T10:01:00.035+0800][58.898s][info][gc,phases      ] GC(1391) Phase 1: Mark live objects 1.068ms
[2026-06-17T10:01:00.035+0800][58.898s][info][gc,phases,start] GC(1391) Phase 2: Compute new object addresses
[2026-06-17T10:01:00.036+0800][58.899s][info][gc,phases      ] GC(1391) Phase 2: Compute new object addresses 0.626ms
[2026-06-17T10:01:00.036+0800][58.899s][info][gc,phases,start] GC(1391) Phase 3: Adjust pointers
[2026-06-17T10:01:00.037+0800][58.900s][info][gc,phases      ] GC(1391) Phase 3: Adjust pointers 0.594ms
[2026-06-17T10:01:00.037+0800][58.900s][info][gc,phases,start] GC(1391) Phase 4: Move objects
[2026-06-17T10:01:00.039+0800][58.901s][info][gc,phases      ] GC(1391) Phase 4: Move objects 1.560ms
[2026-06-17T10:01:00.039+0800][58.902s][info][gc,heap        ] GC(1391) DefNew: 19554K(19648K)->0K(19648K) Eden: 17458K(17472K)->0K(17472K) From: 2095K(2176K)->0K(2176K)
[2026-06-17T10:01:00.039+0800][58.902s][info][gc,heap        ] GC(1391) Tenured: 36045K(43712K)->25520K(43712K)
[2026-06-17T10:01:00.039+0800][58.902s][info][gc,metaspace   ] GC(1391) Metaspace: 119K(320K)->119K(320K) NonClass: 111K(192K)->111K(192K) Class: 7K(128K)->7K(128K)
[2026-06-17T10:01:00.040+0800][58.902s][info][gc             ] GC(1391) Pause Full (Allocation Failure) 54M->24M(61M) 5.992ms
[2026-06-17T10:01:00.040+0800][58.903s][info][gc,cpu         ] GC(1391) User=0.01s Sys=0.00s Real=0.00s
[2026-06-17T10:01:00.082+0800][58.945s][info][gc,start       ] GC(1392) Pause Young (Allocation Failure)
[2026-06-17T10:01:00.083+0800][58.946s][info][gc,heap        ] GC(1392) DefNew: 17470K(19648K)->2174K(19648K) Eden: 17470K(17472K)->0K(17472K) From: 0K(2176K)->2174K(2176K)
[2026-06-17T10:01:00.084+0800][58.947s][info][gc,heap        ] GC(1392) Tenured: 25520K(43712K)->30241K(43712K)
[2026-06-17T10:01:00.084+0800][58.947s][info][gc,metaspace   ] GC(1392) Metaspace: 119K(320K)->119K(320K) NonClass: 111K(192K)->111K(192K) Class: 7K(128K)->7K(128K)
[2026-06-17T10:01:00.085+0800][58.947s][info][gc             ] GC(1392) Pause Young (Allocation Failure) 41M->31M(61M) 2.646ms
[2026-06-17T10:01:00.085+0800][58.948s][info][gc,cpu         ] GC(1392) User=0.00s Sys=0.00s Real=0.01s
[2026-06-17T10:01:00.127+0800][58.990s][info][gc,start       ] GC(1393) Pause Young (Allocation Failure)
[2026-06-17T10:01:00.128+0800][58.991s][info][gc,heap        ] GC(1393) DefNew: 19646K(19648K)->2130K(19648K) Eden: 17472K(17472K)->0K(17472K) From: 2174K(2176K)->2130K(2176K)
[2026-06-17T10:01:00.129+0800][58.991s][info][gc,heap        ] GC(1393) Tenured: 30241K(43712K)->35918K(43712K)
[2026-06-17T10:01:00.129+0800][58.992s][info][gc,metaspace   ] GC(1393) Metaspace: 119K(320K)->119K(320K) NonClass: 111K(192K)->111K(192K) Class: 7K(128K)->7K(128K)
[2026-06-17T10:01:00.129+0800][58.992s][info][gc             ] GC(1393) Pause Young (Allocation Failure) 48M->37M(61M) 1.791ms
[2026-06-17T10:01:00.129+0800][58.992s][info][gc,cpu         ] GC(1393) User=0.00s Sys=0.00s Real=0.00s
[2026-06-17T10:01:00.172+0800][59.035s][info][gc,start       ] GC(1394) Pause Young (Allocation Failure)
[2026-06-17T10:01:00.172+0800][59.035s][info][gc             ] GC(1394) Pause Young (Allocation Failure) 54M->54M(61M) 0.560ms
[2026-06-17T10:01:00.173+0800][59.036s][info][gc,cpu         ] GC(1394) User=0.00s Sys=0.00s Real=0.00s
[2026-06-17T10:01:00.174+0800][59.037s][info][gc,start       ] GC(1395) Pause Full (Allocation Failure)
[2026-06-17T10:01:00.175+0800][59.038s][info][gc,phases,start] GC(1395) Phase 1: Mark live objects
[2026-06-17T10:01:00.176+0800][59.039s][info][gc,phases      ] GC(1395) Phase 1: Mark live objects 0.806ms
[2026-06-17T10:01:00.176+0800][59.039s][info][gc,phases,start] GC(1395) Phase 2: Compute new object addresses
[2026-06-17T10:01:00.177+0800][59.039s][info][gc,phases      ] GC(1395) Phase 2: Compute new object addresses 0.386ms
[2026-06-17T10:01:00.177+0800][59.040s][info][gc,phases,start] GC(1395) Phase 3: Adjust pointers
[2026-06-17T10:01:00.177+0800][59.040s][info][gc,phases      ] GC(1395) Phase 3: Adjust pointers 0.405ms
[2026-06-17T10:01:00.177+0800][59.040s][info][gc,phases,start] GC(1395) Phase 4: Move objects
[2026-06-17T10:01:00.178+0800][59.041s][info][gc,phases      ] GC(1395) Phase 4: Move objects 0.953ms
[2026-06-17T10:01:00.179+0800][59.041s][info][gc,heap        ] GC(1395) DefNew: 19582K(19648K)->0K(19648K) Eden: 17452K(17472K)->0K(17472K) From: 2130K(2176K)->0K(2176K)
[2026-06-17T10:01:00.179+0800][59.042s][info][gc,heap        ] GC(1395) Tenured: 35918K(43712K)->36488K(43712K)
[2026-06-17T10:01:00.179+0800][59.042s][info][gc,metaspace   ] GC(1395) Metaspace: 119K(320K)->119K(320K) NonClass: 111K(192K)->111K(192K) Class: 7K(128K)->7K(128K)
[2026-06-17T10:01:00.179+0800][59.042s][info][gc             ] GC(1395) Pause Full (Allocation Failure) 54M->35M(61M) 4.923ms
[2026-06-17T10:01:00.180+0800][59.042s][info][gc,cpu         ] GC(1395) User=0.01s Sys=0.00s Real=0.00s
[2026-06-17T10:01:00.222+0800][59.084s][info][gc,start       ] GC(1396) Pause Young (Allocation Failure)
[2026-06-17T10:01:00.222+0800][59.085s][info][gc             ] GC(1396) Pause Young (Allocation Failure) 52M->52M(61M) 0.617ms
[2026-06-17T10:01:00.223+0800][59.085s][info][gc,cpu         ] GC(1396) User=0.00s Sys=0.00s Real=0.01s
[2026-06-17T10:01:00.223+0800][59.086s][info][gc,start       ] GC(1397) Pause Full (Allocation Failure)
[2026-06-17T10:01:00.224+0800][59.087s][info][gc,phases,start] GC(1397) Phase 1: Mark live objects
[2026-06-17T10:01:00.225+0800][59.088s][info][gc,phases      ] GC(1397) Phase 1: Mark live objects 0.909ms
[2026-06-17T10:01:00.225+0800][59.088s][info][gc,phases,start] GC(1397) Phase 2: Compute new object addresses
[2026-06-17T10:01:00.226+0800][59.089s][info][gc,phases      ] GC(1397) Phase 2: Compute new object addresses 1.035ms
[2026-06-17T10:01:00.227+0800][59.090s][info][gc,phases,start] GC(1397) Phase 3: Adjust pointers
[2026-06-17T10:01:00.227+0800][59.090s][info][gc,phases      ] GC(1397) Phase 3: Adjust pointers 0.670ms
[2026-06-17T10:01:00.228+0800][59.091s][info][gc,phases,start] GC(1397) Phase 4: Move objects
[2026-06-17T10:01:00.230+0800][59.093s][info][gc,phases      ] GC(1397) Phase 4: Move objects 2.358ms
[2026-06-17T10:01:00.231+0800][59.093s][info][gc,heap        ] GC(1397) DefNew: 17466K(19648K)->0K(19648K) Eden: 17466K(17472K)->0K(17472K) From: 0K(2176K)->0K(2176K)
[2026-06-17T10:01:00.231+0800][59.094s][info][gc,heap        ] GC(1397) Tenured: 36488K(43712K)->23096K(43712K)
[2026-06-17T10:01:00.231+0800][59.094s][info][gc,metaspace   ] GC(1397) Metaspace: 119K(320K)->119K(320K) NonClass: 111K(192K)->111K(192K) Class: 7K(128K)->7K(128K)
[2026-06-17T10:01:00.232+0800][59.095s][info][gc             ] GC(1397) Pause Full (Allocation Failure) 52M->22M(61M) 8.716ms
[2026-06-17T10:01:00.232+0800][59.095s][info][gc,cpu         ] GC(1397) User=0.00s Sys=0.00s Real=0.01s
[2026-06-17T10:01:00.274+0800][59.137s][info][gc,start       ] GC(1398) Pause Young (Allocation Failure)
[2026-06-17T10:01:00.275+0800][59.138s][info][gc,heap        ] GC(1398) DefNew: 17457K(19648K)->2168K(19648K) Eden: 17457K(17472K)->0K(17472K) From: 0K(2176K)->2168K(2176K)
[2026-06-17T10:01:00.276+0800][59.138s][info][gc,heap        ] GC(1398) Tenured: 23096K(43712K)->28212K(43712K)
[2026-06-17T10:01:00.276+0800][59.139s][info][gc,metaspace   ] GC(1398) Metaspace: 119K(320K)->119K(320K) NonClass: 111K(192K)->111K(192K) Class: 7K(128K)->7K(128K)
[2026-06-17T10:01:00.276+0800][59.139s][info][gc             ] GC(1398) Pause Young (Allocation Failure) 39M->29M(61M) 1.783ms
[2026-06-17T10:01:00.276+0800][59.139s][info][gc,cpu         ] GC(1398) User=0.00s Sys=0.00s Real=0.00s
[2026-06-17T10:01:00.328+0800][59.191s][info][gc,start       ] GC(1399) Pause Young (Allocation Failure)
[2026-06-17T10:01:00.330+0800][59.193s][info][gc,heap        ] GC(1399) DefNew: 19612K(19648K)->2112K(19648K) Eden: 17443K(17472K)->0K(17472K) From: 2168K(2176K)->2112K(2176K)
[2026-06-17T10:01:00.331+0800][59.193s][info][gc,heap        ] GC(1399) Tenured: 28212K(43712K)->29742K(43712K)
[2026-06-17T10:01:00.331+0800][59.194s][info][gc,metaspace   ] GC(1399) Metaspace: 119K(320K)->119K(320K) NonClass: 111K(192K)->111K(192K) Class: 7K(128K)->7K(128K)
[2026-06-17T10:01:00.332+0800][59.195s][info][gc             ] GC(1399) Pause Young (Allocation Failure) 46M->31M(61M) 3.517ms
[2026-06-17T10:01:00.332+0800][59.195s][info][gc,cpu         ] GC(1399) User=0.00s Sys=0.00s Real=0.01s
[2026-06-17T10:01:00.375+0800][59.237s][info][gc,start       ] GC(1400) Pause Young (Allocation Failure)
[2026-06-17T10:01:00.376+0800][59.239s][info][gc,heap        ] GC(1400) DefNew: 19561K(19648K)->2159K(19648K) Eden: 17448K(17472K)->0K(17472K) From: 2112K(2176K)->2159K(2176K)
[2026-06-17T10:01:00.376+0800][59.239s][info][gc,heap        ] GC(1400) Tenured: 29742K(43712K)->33326K(43712K)
[2026-06-17T10:01:00.377+0800][59.240s][info][gc,metaspace   ] GC(1400) Metaspace: 119K(320K)->119K(320K) NonClass: 111K(192K)->111K(192K) Class: 7K(128K)->7K(128K)
[2026-06-17T10:01:00.377+0800][59.240s][info][gc             ] GC(1400) Pause Young (Allocation Failure) 48M->34M(61M) 2.340ms
[2026-06-17T10:01:00.377+0800][59.240s][info][gc,cpu         ] GC(1400) User=0.00s Sys=0.00s Real=0.00s
[2026-06-17T10:01:00.420+0800][59.283s][info][gc,start       ] GC(1401) Pause Young (Allocation Failure)
[2026-06-17T10:01:00.421+0800][59.284s][info][gc,heap        ] GC(1401) DefNew: 19626K(19648K)->2175K(19648K) Eden: 17467K(17472K)->0K(17472K) From: 2159K(2176K)->2175K(2176K)
[2026-06-17T10:01:00.422+0800][59.285s][info][gc,heap        ] GC(1401) Tenured: 33326K(43712K)->36676K(43712K)
[2026-06-17T10:01:00.422+0800][59.285s][info][gc,metaspace   ] GC(1401) Metaspace: 119K(320K)->119K(320K) NonClass: 111K(192K)->111K(192K) Class: 7K(128K)->7K(128K)
[2026-06-17T10:01:00.422+0800][59.285s][info][gc             ] GC(1401) Pause Young (Allocation Failure) 51M->37M(61M) 2.317ms
[2026-06-17T10:01:00.424+0800][59.286s][info][gc,cpu         ] GC(1401) User=0.00s Sys=0.00s Real=0.01s
[2026-06-17T10:01:00.467+0800][59.329s][info][gc,start       ] GC(1402) Pause Young (Allocation Failure)
[2026-06-17T10:01:00.468+0800][59.331s][info][gc             ] GC(1402) Pause Young (Allocation Failure) 55M->55M(61M) 1.533ms
[2026-06-17T10:01:00.470+0800][59.333s][info][gc,cpu         ] GC(1402) User=0.00s Sys=0.00s Real=0.00s
[2026-06-17T10:01:00.473+0800][59.336s][info][gc,start       ] GC(1403) Pause Full (Allocation Failure)
[2026-06-17T10:01:00.474+0800][59.337s][info][gc,phases,start] GC(1403) Phase 1: Mark live objects
[2026-06-17T10:01:00.477+0800][59.340s][info][gc,phases      ] GC(1403) Phase 1: Mark live objects 3.133ms
[2026-06-17T10:01:00.478+0800][59.340s][info][gc,phases,start] GC(1403) Phase 2: Compute new object addresses
[2026-06-17T10:01:00.479+0800][59.341s][info][gc,phases      ] GC(1403) Phase 2: Compute new object addresses 0.982ms
[2026-06-17T10:01:00.479+0800][59.342s][info][gc,phases,start] GC(1403) Phase 3: Adjust pointers
[2026-06-17T10:01:00.480+0800][59.343s][info][gc,phases      ] GC(1403) Phase 3: Adjust pointers 0.808ms
[2026-06-17T10:01:00.480+0800][59.343s][info][gc,phases,start] GC(1403) Phase 4: Move objects
[2026-06-17T10:01:00.483+0800][59.345s][info][gc,phases      ] GC(1403) Phase 4: Move objects 2.347ms
[2026-06-17T10:01:00.483+0800][59.346s][info][gc,heap        ] GC(1403) DefNew: 19647K(19648K)->0K(19648K) Eden: 17472K(17472K)->0K(17472K) From: 2175K(2176K)->0K(2176K)
[2026-06-17T10:01:00.483+0800][59.346s][info][gc,heap        ] GC(1403) Tenured: 36676K(43712K)->27186K(43712K)
[2026-06-17T10:01:00.484+0800][59.347s][info][gc,metaspace   ] GC(1403) Metaspace: 119K(320K)->119K(320K) NonClass: 111K(192K)->111K(192K) Class: 7K(128K)->7K(128K)
[2026-06-17T10:01:00.484+0800][59.347s][info][gc             ] GC(1403) Pause Full (Allocation Failure) 55M->26M(61M) 11.152ms
[2026-06-17T10:01:00.484+0800][59.347s][info][gc,cpu         ] GC(1403) User=0.01s Sys=0.00s Real=0.01s
[2026-06-17T10:01:00.527+0800][59.389s][info][gc,start       ] GC(1404) Pause Young (Allocation Failure)
[2026-06-17T10:01:00.528+0800][59.391s][info][gc,heap        ] GC(1404) DefNew: 17438K(19648K)->2175K(19648K) Eden: 17438K(17472K)->0K(17472K) From: 0K(2176K)->2175K(2176K)
[2026-06-17T10:01:00.529+0800][59.391s][info][gc,heap        ] GC(1404) Tenured: 27186K(43712K)->31772K(43712K)
[2026-06-17T10:01:00.529+0800][59.392s][info][gc,metaspace   ] GC(1404) Metaspace: 119K(320K)->119K(320K) NonClass: 111K(192K)->111K(192K) Class: 7K(128K)->7K(128K)
[2026-06-17T10:01:00.529+0800][59.392s][info][gc             ] GC(1404) Pause Young (Allocation Failure) 43M->33M(61M) 2.835ms
[2026-06-17T10:01:00.530+0800][59.393s][info][gc,cpu         ] GC(1404) User=0.00s Sys=0.00s Real=0.00s
[2026-06-17T10:01:00.573+0800][59.436s][info][gc,start       ] GC(1405) Pause Young (Allocation Failure)
[2026-06-17T10:01:00.575+0800][59.438s][info][gc,heap        ] GC(1405) DefNew: 19643K(19648K)->2173K(19648K) Eden: 17468K(17472K)->0K(17472K) From: 2175K(2176K)->2173K(2176K)
[2026-06-17T10:01:00.576+0800][59.438s][info][gc,heap        ] GC(1405) Tenured: 31772K(43712K)->36117K(43712K)
[2026-06-17T10:01:00.576+0800][59.439s][info][gc,metaspace   ] GC(1405) Metaspace: 119K(320K)->119K(320K) NonClass: 111K(192K)->111K(192K) Class: 7K(128K)->7K(128K)
[2026-06-17T10:01:00.577+0800][59.439s][info][gc             ] GC(1405) Pause Young (Allocation Failure) 50M->37M(61M) 3.474ms
[2026-06-17T10:01:00.577+0800][59.440s][info][gc,cpu         ] GC(1405) User=0.01s Sys=0.00s Real=0.00s
[2026-06-17T10:01:00.620+0800][59.483s][info][gc,start       ] GC(1406) Pause Young (Allocation Failure)
[2026-06-17T10:01:00.621+0800][59.484s][info][gc,heap        ] GC(1406) DefNew: 19363K(19648K)->2156K(19648K) Eden: 17190K(17472K)->0K(17472K) From: 2173K(2176K)->2156K(2176K)
[2026-06-17T10:01:00.622+0800][59.484s][info][gc,heap        ] GC(1406) Tenured: 36117K(43712K)->37036K(43712K)
[2026-06-17T10:01:00.622+0800][59.485s][info][gc,metaspace   ] GC(1406) Metaspace: 119K(320K)->119K(320K) NonClass: 111K(192K)->111K(192K) Class: 7K(128K)->7K(128K)
[2026-06-17T10:01:00.622+0800][59.485s][info][gc             ] GC(1406) Pause Young (Allocation Failure) 54M->38M(61M) 2.130ms
[2026-06-17T10:01:00.623+0800][59.485s][info][gc,cpu         ] GC(1406) User=0.00s Sys=0.00s Real=0.01s
[2026-06-17T10:01:00.666+0800][59.529s][info][gc,start       ] GC(1407) Pause Young (Allocation Failure)
[2026-06-17T10:01:00.666+0800][59.529s][info][gc             ] GC(1407) Pause Young (Allocation Failure) 55M->55M(61M) 0.650ms
[2026-06-17T10:01:00.667+0800][59.530s][info][gc,cpu         ] GC(1407) User=0.00s Sys=0.00s Real=0.00s
[2026-06-17T10:01:00.668+0800][59.530s][info][gc,start       ] GC(1408) Pause Full (Allocation Failure)
[2026-06-17T10:01:00.668+0800][59.531s][info][gc,phases,start] GC(1408) Phase 1: Mark live objects
[2026-06-17T10:01:00.670+0800][59.533s][info][gc,phases      ] GC(1408) Phase 1: Mark live objects 1.612ms
[2026-06-17T10:01:00.670+0800][59.533s][info][gc,phases,start] GC(1408) Phase 2: Compute new object addresses
[2026-06-17T10:01:00.671+0800][59.534s][info][gc,phases      ] GC(1408) Phase 2: Compute new object addresses 0.697ms
[2026-06-17T10:01:00.671+0800][59.534s][info][gc,phases,start] GC(1408) Phase 3: Adjust pointers
[2026-06-17T10:01:00.672+0800][59.535s][info][gc,phases      ] GC(1408) Phase 3: Adjust pointers 0.814ms
[2026-06-17T10:01:00.673+0800][59.535s][info][gc,phases,start] GC(1408) Phase 4: Move objects
[2026-06-17T10:01:00.675+0800][59.538s][info][gc,phases      ] GC(1408) Phase 4: Move objects 2.829ms
[2026-06-17T10:01:00.676+0800][59.539s][info][gc,heap        ] GC(1408) DefNew: 19599K(19648K)->0K(19648K) Eden: 17443K(17472K)->0K(17472K) From: 2156K(2176K)->0K(2176K)
[2026-06-17T10:01:00.676+0800][59.539s][info][gc,heap        ] GC(1408) Tenured: 37036K(43712K)->32021K(43712K)
[2026-06-17T10:01:00.676+0800][59.539s][info][gc,metaspace   ] GC(1408) Metaspace: 119K(320K)->119K(320K) NonClass: 111K(192K)->111K(192K) Class: 7K(128K)->7K(128K)
[2026-06-17T10:01:00.676+0800][59.539s][info][gc             ] GC(1408) Pause Full (Allocation Failure) 55M->31M(61M) 8.902ms
[2026-06-17T10:01:00.677+0800][59.539s][info][gc,cpu         ] GC(1408) User=0.01s Sys=0.00s Real=0.01s
[2026-06-17T10:01:00.730+0800][59.592s][info][gc,start       ] GC(1409) Pause Young (Allocation Failure)
[2026-06-17T10:01:00.731+0800][59.594s][info][gc,heap        ] GC(1409) DefNew: 17445K(19648K)->2114K(19648K) Eden: 17445K(17472K)->0K(17472K) From: 0K(2176K)->2114K(2176K)
[2026-06-17T10:01:00.731+0800][59.594s][info][gc,heap        ] GC(1409) Tenured: 32021K(43712K)->33445K(43712K)
[2026-06-17T10:01:00.732+0800][59.595s][info][gc,metaspace   ] GC(1409) Metaspace: 119K(320K)->119K(320K) NonClass: 111K(192K)->111K(192K) Class: 7K(128K)->7K(128K)
[2026-06-17T10:01:00.732+0800][59.595s][info][gc             ] GC(1409) Pause Young (Allocation Failure) 48M->34M(61M) 2.438ms
[2026-06-17T10:01:00.732+0800][59.595s][info][gc,cpu         ] GC(1409) User=0.00s Sys=0.00s Real=0.01s
[2026-06-17T10:01:00.776+0800][59.638s][info][gc,start       ] GC(1410) Pause Young (Allocation Failure)
[2026-06-17T10:01:00.802+0800][59.664s][info][gc,heap        ] GC(1410) DefNew: 19586K(19648K)->2089K(19648K) Eden: 17472K(17472K)->0K(17472K) From: 2114K(2176K)->2089K(2176K)
[2026-06-17T10:01:00.821+0800][59.684s][info][gc,heap        ] GC(1410) Tenured: 33445K(43712K)->37313K(43712K)
[2026-06-17T10:01:00.822+0800][59.685s][info][gc,metaspace   ] GC(1410) Metaspace: 119K(320K)->119K(320K) NonClass: 111K(192K)->111K(192K) Class: 7K(128K)->7K(128K)
[2026-06-17T10:01:00.823+0800][59.686s][info][gc             ] GC(1410) Pause Young (Allocation Failure) 51M->38M(61M) 47.546ms
[2026-06-17T10:01:00.824+0800][59.687s][info][gc,cpu         ] GC(1410) User=0.00s Sys=0.00s Real=0.05s
[2026-06-17T10:01:00.869+0800][59.732s][info][gc,start       ] GC(1411) Pause Young (Allocation Failure)
[2026-06-17T10:01:00.884+0800][59.747s][info][gc             ] GC(1411) Pause Young (Allocation Failure) 55M->55M(61M) 15.471ms
[2026-06-17T10:01:00.886+0800][59.749s][info][gc,cpu         ] GC(1411) User=0.00s Sys=0.00s Real=0.02s
[2026-06-17T10:01:00.886+0800][59.749s][info][gc,start       ] GC(1412) Pause Full (Allocation Failure)
[2026-06-17T10:01:00.887+0800][59.750s][info][gc,phases,start] GC(1412) Phase 1: Mark live objects
[2026-06-17T10:01:00.890+0800][59.753s][info][gc,phases      ] GC(1412) Phase 1: Mark live objects 2.691ms
[2026-06-17T10:01:00.891+0800][59.754s][info][gc,phases,start] GC(1412) Phase 2: Compute new object addresses
[2026-06-17T10:01:00.893+0800][59.755s][info][gc,phases      ] GC(1412) Phase 2: Compute new object addresses 1.285ms
[2026-06-17T10:01:00.893+0800][59.756s][info][gc,phases,start] GC(1412) Phase 3: Adjust pointers
[2026-06-17T10:01:00.894+0800][59.757s][info][gc,phases      ] GC(1412) Phase 3: Adjust pointers 0.834ms
[2026-06-17T10:01:00.895+0800][59.757s][info][gc,phases,start] GC(1412) Phase 4: Move objects
[2026-06-17T10:01:00.899+0800][59.762s][info][gc,phases      ] GC(1412) Phase 4: Move objects 4.141ms
[2026-06-17T10:01:00.901+0800][59.763s][info][gc,heap        ] GC(1412) DefNew: 19517K(19648K)->0K(19648K) Eden: 17427K(17472K)->0K(17472K) From: 2089K(2176K)->0K(2176K)
[2026-06-17T10:01:00.905+0800][59.767s][info][gc,heap        ] GC(1412) Tenured: 37313K(43712K)->29499K(43712K)
[2026-06-17T10:01:00.908+0800][59.771s][info][gc,metaspace   ] GC(1412) Metaspace: 119K(320K)->119K(320K) NonClass: 111K(192K)->111K(192K) Class: 7K(128K)->7K(128K)
[2026-06-17T10:01:00.908+0800][59.771s][info][gc             ] GC(1412) Pause Full (Allocation Failure) 55M->28M(61M) 21.967ms
[2026-06-17T10:01:00.909+0800][59.772s][info][gc,cpu         ] GC(1412) User=0.00s Sys=0.00s Real=0.02s
[2026-06-17T10:01:00.951+0800][59.814s][info][gc,start       ] GC(1413) Pause Young (Allocation Failure)
[2026-06-17T10:01:00.952+0800][59.815s][info][gc,heap        ] GC(1413) DefNew: 17425K(19648K)->2154K(19648K) Eden: 17425K(17472K)->0K(17472K) From: 0K(2176K)->2154K(2176K)
[2026-06-17T10:01:00.955+0800][59.818s][info][gc,heap        ] GC(1413) Tenured: 29499K(43712K)->30664K(43712K)
[2026-06-17T10:01:00.956+0800][59.818s][info][gc,metaspace   ] GC(1413) Metaspace: 119K(320K)->119K(320K) NonClass: 111K(192K)->111K(192K) Class: 7K(128K)->7K(128K)
[2026-06-17T10:01:00.956+0800][59.819s][info][gc             ] GC(1413) Pause Young (Allocation Failure) 45M->32M(61M) 4.888ms
[2026-06-17T10:01:00.956+0800][59.819s][info][gc,cpu         ] GC(1413) User=0.00s Sys=0.00s Real=0.00s
[2026-06-17T10:01:01.009+0800][59.872s][info][gc,start       ] GC(1414) Pause Young (Allocation Failure)
[2026-06-17T10:01:01.011+0800][59.874s][info][gc,heap        ] GC(1414) DefNew: 19626K(19648K)->2129K(19648K) Eden: 17472K(17472K)->0K(17472K) From: 2154K(2176K)->2129K(2176K)
[2026-06-17T10:01:01.012+0800][59.875s][info][gc,heap        ] GC(1414) Tenured: 30664K(43712K)->34589K(43712K)
[2026-06-17T10:01:01.013+0800][59.875s][info][gc,metaspace   ] GC(1414) Metaspace: 119K(320K)->119K(320K) NonClass: 111K(192K)->111K(192K) Class: 7K(128K)->7K(128K)
[2026-06-17T10:01:01.015+0800][59.878s][info][gc             ] GC(1414) Pause Young (Allocation Failure) 49M->35M(61M) 5.891ms
[2026-06-17T10:01:01.017+0800][59.879s][info][gc,cpu         ] GC(1414) User=0.00s Sys=0.00s Real=0.01s
[2026-06-17T10:01:01.061+0800][59.924s][info][gc,start       ] GC(1415) Pause Young (Allocation Failure)
[2026-06-17T10:01:01.063+0800][59.926s][info][gc,heap        ] GC(1415) DefNew: 19585K(19648K)->2140K(19648K) Eden: 17456K(17472K)->0K(17472K) From: 2129K(2176K)->2140K(2176K)
[2026-06-17T10:01:01.064+0800][59.927s][info][gc,heap        ] GC(1415) Tenured: 34589K(43712K)->37941K(43712K)
[2026-06-17T10:01:01.064+0800][59.927s][info][gc,metaspace   ] GC(1415) Metaspace: 119K(320K)->119K(320K) NonClass: 111K(192K)->111K(192K) Class: 7K(128K)->7K(128K)
[2026-06-17T10:01:01.065+0800][59.928s][info][gc             ] GC(1415) Pause Young (Allocation Failure) 52M->39M(61M) 3.509ms
[2026-06-17T10:01:01.066+0800][59.928s][info][gc,cpu         ] GC(1415) User=0.00s Sys=0.00s Real=0.01s
[2026-06-17T10:01:01.109+0800][59.972s][info][gc,start       ] GC(1416) Pause Young (Allocation Failure)
[2026-06-17T10:01:01.110+0800][59.973s][info][gc             ] GC(1416) Pause Young (Allocation Failure) 56M->56M(61M) 0.677ms
[2026-06-17T10:01:01.111+0800][59.973s][info][gc,cpu         ] GC(1416) User=0.00s Sys=0.00s Real=0.01s
[2026-06-17T10:01:01.111+0800][59.974s][info][gc,start       ] GC(1417) Pause Full (Allocation Failure)
[2026-06-17T10:01:01.111+0800][59.974s][info][gc,phases,start] GC(1417) Phase 1: Mark live objects
[2026-06-17T10:01:01.113+0800][59.976s][info][gc,phases      ] GC(1417) Phase 1: Mark live objects 1.437ms
[2026-06-17T10:01:01.113+0800][59.976s][info][gc,phases,start] GC(1417) Phase 2: Compute new object addresses
[2026-06-17T10:01:01.114+0800][59.977s][info][gc,phases      ] GC(1417) Phase 2: Compute new object addresses 0.929ms
[2026-06-17T10:01:01.115+0800][59.977s][info][gc,phases,start] GC(1417) Phase 3: Adjust pointers
[2026-06-17T10:01:01.115+0800][59.978s][info][gc,phases      ] GC(1417) Phase 3: Adjust pointers 0.817ms
[2026-06-17T10:01:01.116+0800][59.979s][info][gc,phases,start] GC(1417) Phase 4: Move objects
[2026-06-17T10:01:01.118+0800][59.981s][info][gc,phases      ] GC(1417) Phase 4: Move objects 2.218ms
[2026-06-17T10:01:01.118+0800][59.981s][info][gc,heap        ] GC(1417) DefNew: 19585K(19648K)->0K(19648K) Eden: 17445K(17472K)->0K(17472K) From: 2140K(2176K)->0K(2176K)
[2026-06-17T10:01:01.119+0800][59.981s][info][gc,heap        ] GC(1417) Tenured: 37941K(43712K)->30656K(43712K)
[2026-06-17T10:01:01.119+0800][59.982s][info][gc,metaspace   ] GC(1417) Metaspace: 119K(320K)->119K(320K) NonClass: 111K(192K)->111K(192K) Class: 7K(128K)->7K(128K)
[2026-06-17T10:01:01.119+0800][59.982s][info][gc             ] GC(1417) Pause Full (Allocation Failure) 56M->29M(61M) 8.151ms
[2026-06-17T10:01:01.119+0800][59.982s][info][gc,cpu         ] GC(1417) User=0.01s Sys=0.00s Real=0.00s
[2026-06-17T10:01:01.162+0800][60.025s][info][gc,start       ] GC(1418) Pause Young (Allocation Failure)
[2026-06-17T10:01:01.164+0800][60.027s][info][gc,heap        ] GC(1418) DefNew: 17452K(19648K)->2175K(19648K) Eden: 17452K(17472K)->0K(17472K) From: 0K(2176K)->2175K(2176K)
[2026-06-17T10:01:01.165+0800][60.028s][info][gc,heap        ] GC(1418) Tenured: 30656K(43712K)->35347K(43712K)
[2026-06-17T10:01:01.165+0800][60.028s][info][gc,metaspace   ] GC(1418) Metaspace: 119K(320K)->119K(320K) NonClass: 111K(192K)->111K(192K) Class: 7K(128K)->7K(128K)
[2026-06-17T10:01:01.166+0800][60.029s][info][gc             ] GC(1418) Pause Young (Allocation Failure) 46M->36M(61M) 3.604ms
[2026-06-17T10:01:01.167+0800][60.029s][info][gc,cpu         ] GC(1418) User=0.00s Sys=0.00s Real=0.01s
[2026-06-17T10:01:01.210+0800][60.073s][info][gc,start       ] GC(1419) Pause Young (Allocation Failure)
[2026-06-17T10:01:01.212+0800][60.075s][info][gc,heap        ] GC(1419) DefNew: 19647K(19648K)->2169K(19648K) Eden: 17472K(17472K)->0K(17472K) From: 2175K(2176K)->2169K(2176K)
[2026-06-17T10:01:01.213+0800][60.076s][info][gc,heap        ] GC(1419) Tenured: 35347K(43712K)->40463K(43712K)
[2026-06-17T10:01:01.214+0800][60.076s][info][gc,metaspace   ] GC(1419) Metaspace: 119K(320K)->119K(320K) NonClass: 111K(192K)->111K(192K) Class: 7K(128K)->7K(128K)
[2026-06-17T10:01:01.214+0800][60.077s][info][gc             ] GC(1419) Pause Young (Allocation Failure) 53M->41M(61M) 3.851ms
[2026-06-17T10:01:01.215+0800][60.077s][info][gc,cpu         ] GC(1419) User=0.00s Sys=0.00s Real=0.01s
[2026-06-17T10:01:01.259+0800][60.121s][info][gc,start       ] GC(1420) Pause Young (Allocation Failure)
[2026-06-17T10:01:01.260+0800][60.122s][info][gc             ] GC(1420) Pause Young (Allocation Failure) 58M->58M(61M) 0.926ms
[2026-06-17T10:01:01.260+0800][60.123s][info][gc,cpu         ] GC(1420) User=0.00s Sys=0.00s Real=0.00s
[2026-06-17T10:01:01.261+0800][60.124s][info][gc,start       ] GC(1421) Pause Full (Allocation Failure)
[2026-06-17T10:01:01.262+0800][60.124s][info][gc,phases,start] GC(1421) Phase 1: Mark live objects
[2026-06-17T10:01:01.264+0800][60.126s][info][gc,phases      ] GC(1421) Phase 1: Mark live objects 2.065ms
[2026-06-17T10:01:01.264+0800][60.127s][info][gc,phases,start] GC(1421) Phase 2: Compute new object addresses
[2026-06-17T10:01:01.265+0800][60.128s][info][gc,phases      ] GC(1421) Phase 2: Compute new object addresses 1.074ms
[2026-06-17T10:01:01.266+0800][60.128s][info][gc,phases,start] GC(1421) Phase 3: Adjust pointers
[2026-06-17T10:01:01.267+0800][60.129s][info][gc,phases      ] GC(1421) Phase 3: Adjust pointers 0.970ms
[2026-06-17T10:01:01.267+0800][60.130s][info][gc,phases,start] GC(1421) Phase 4: Move objects
[2026-06-17T10:01:01.270+0800][60.132s][info][gc,phases      ] GC(1421) Phase 4: Move objects 2.577ms
[2026-06-17T10:01:01.270+0800][60.133s][info][gc,heap        ] GC(1421) DefNew: 19637K(19648K)->0K(19648K) Eden: 17468K(17472K)->0K(17472K) From: 2169K(2176K)->0K(2176K)
[2026-06-17T10:01:01.271+0800][60.133s][info][gc,heap        ] GC(1421) Tenured: 40463K(43712K)->31305K(43712K)
[2026-06-17T10:01:01.271+0800][60.134s][info][gc,metaspace   ] GC(1421) Metaspace: 119K(320K)->119K(320K) NonClass: 111K(192K)->111K(192K) Class: 7K(128K)->7K(128K)
[2026-06-17T10:01:01.271+0800][60.134s][info][gc             ] GC(1421) Pause Full (Allocation Failure) 58M->30M(61M) 10.614ms
[2026-06-17T10:01:01.272+0800][60.135s][info][gc,cpu         ] GC(1421) User=0.00s Sys=0.00s Real=0.02s
[2026-06-17T10:01:02.306+0800][61.169s][info][gc,heap,exit   ] Heap
[2026-06-17T10:01:02.307+0800][61.169s][info][gc,heap,exit   ]  def new generation   total 19648K, used 10442K [0x00000000fc000000, 0x00000000fd550000, 0x00000000fd550000)
[2026-06-17T10:01:02.307+0800][61.170s][info][gc,heap,exit   ]   eden space 17472K,  59% used [0x00000000fc000000, 0x00000000fca328b8, 0x00000000fd110000)
[2026-06-17T10:01:02.308+0800][61.170s][info][gc,heap,exit   ]   from space 2176K,   0% used [0x00000000fd330000, 0x00000000fd330000, 0x00000000fd550000)
[2026-06-17T10:01:02.308+0800][61.171s][info][gc,heap,exit   ]   to   space 2176K,   0% used [0x00000000fd110000, 0x00000000fd110000, 0x00000000fd330000)
[2026-06-17T10:01:02.308+0800][61.171s][info][gc,heap,exit   ]  tenured generation   total 43712K, used 31305K [0x00000000fd550000, 0x0000000100000000, 0x0000000100000000)
[2026-06-17T10:01:02.309+0800][61.172s][info][gc,heap,exit   ]    the space 43712K,  71% used [0x00000000fd550000, 0x00000000ff3e2408, 0x00000000ff3e2600, 0x0000000100000000)
[2026-06-17T10:01:02.310+0800][61.173s][info][gc,heap,exit   ]  Metaspace       used 119K, committed 320K, reserved 1114112K
[2026-06-17T10:01:02.310+0800][61.173s][info][gc,heap,exit   ]   class space    used 7K, committed 128K, reserved 1048576K
