OpenJDK 64-Bit Server VM (25.492-b09) for linux-amd64 JRE (1.8.0_492-b09), built on Apr 26 2026 11:46:09 by "jenkins" with gcc 7.5.0
Memory: 4k page, physical 16236576k(13944364k free), swap 4194304k(4194304k free)
CommandLine flags: -XX:InitialHeapSize=67108864 -XX:MaxHeapSize=67108864 -XX:+PrintGC -XX:+PrintGCDateStamps -XX:+PrintGCDetails -XX:+PrintGCTimeStamps -XX:+UseCompressedClassPointers -XX:+UseCompressedOops -XX:+UseG1GC 
2026-06-17T09:48:37.904+0800: 0.105: [GC pause (G1 Evacuation Pause) (young), 0.0274956 secs]
   [Parallel Time: 17.9 ms, GC Workers: 18]
      [GC Worker Start (ms): Min: 105.1, Avg: 106.5, Max: 108.3, Diff: 3.3]
      [Ext Root Scanning (ms): Min: 0.0, Avg: 0.0, Max: 0.3, Diff: 0.3, Sum: 0.7]
      [Update RS (ms): Min: 0.0, Avg: 0.0, Max: 0.0, Diff: 0.0, Sum: 0.0]
         [Processed Buffers: Min: 0, Avg: 0.0, Max: 0, Diff: 0, Sum: 0]
      [Scan RS (ms): Min: 0.0, Avg: 0.0, Max: 0.0, Diff: 0.0, Sum: 0.0]
      [Code Root Scanning (ms): Min: 0.0, Avg: 0.0, Max: 0.0, Diff: 0.0, Sum: 0.0]
      [Object Copy (ms): Min: 0.0, Avg: 5.7, Max: 16.9, Diff: 16.9, Sum: 103.2]
      [Termination (ms): Min: 0.0, Avg: 10.0, Max: 15.7, Diff: 15.7, Sum: 180.6]
         [Termination Attempts: Min: 1, Avg: 1.8, Max: 7, Diff: 6, Sum: 32]
      [GC Worker Other (ms): Min: 0.0, Avg: 0.0, Max: 0.0, Diff: 0.0, Sum: 0.2]
      [GC Worker Total (ms): Min: 14.0, Avg: 15.8, Max: 17.4, Diff: 3.4, Sum: 284.7]
      [GC Worker End (ms): Min: 122.3, Avg: 122.3, Max: 122.4, Diff: 0.2]
   [Code Root Fixup: 0.0 ms]
   [Code Root Purge: 0.0 ms]
   [Clear CT: 0.6 ms]
   [Other: 9.0 ms]
      [Choose CSet: 0.0 ms]
      [Ref Proc: 8.3 ms]
      [Ref Enq: 0.0 ms]
      [Redirty Cards: 0.6 ms]
      [Humongous Register: 0.0 ms]
      [Humongous Reclaim: 0.0 ms]
      [Free CSet: 0.0 ms]
   [Eden: 24576.0K(24576.0K)->0.0B(33792.0K) Survivors: 0.0B->3072.0K Heap: 26014.0K(65536.0K)->8396.5K(65536.0K)]
 [Times: user=0.27 sys=0.08, real=0.03 secs] 

2026-06-17T09:48:38.322+0800: 0.523: [GC pause (G1 Humongous Allocation) (young) (initial-mark), 0.0443143 secs]
   [Parallel Time: 40.6 ms, GC Workers: 18]
      [GC Worker Start (ms): Min: 523.1, Avg: 523.5, Max: 523.9, Diff: 0.8]
      [Ext Root Scanning (ms): Min: 0.0, Avg: 23.0, Max: 38.5, Diff: 38.5, Sum: 414.7]
      [Update RS (ms): Min: 0.0, Avg: 0.0, Max: 0.0, Diff: 0.0, Sum: 0.0]
         [Processed Buffers: Min: 0, Avg: 0.3, Max: 5, Diff: 5, Sum: 5]
      [Scan RS (ms): Min: 0.0, Avg: 0.0, Max: 0.0, Diff: 0.0, Sum: 0.0]
      [Code Root Scanning (ms): Min: 0.0, Avg: 0.0, Max: 0.0, Diff: 0.0, Sum: 0.0]
      [Object Copy (ms): Min: 0.0, Avg: 0.0, Max: 0.3, Diff: 0.3, Sum: 0.6]
      [Termination (ms): Min: 0.0, Avg: 15.9, Max: 38.5, Diff: 38.5, Sum: 285.8]
         [Termination Attempts: Min: 1, Avg: 1.0, Max: 1, Diff: 0, Sum: 18]
      [GC Worker Other (ms): Min: 0.0, Avg: 0.0, Max: 0.0, Diff: 0.0, Sum: 0.1]
      [GC Worker Total (ms): Min: 38.5, Avg: 39.0, Max: 39.4, Diff: 0.9, Sum: 701.2]
      [GC Worker End (ms): Min: 562.3, Avg: 562.5, Max: 562.8, Diff: 0.5]
   [Code Root Fixup: 0.0 ms]
   [Code Root Purge: 0.0 ms]
   [Clear CT: 0.7 ms]
   [Other: 3.0 ms]
      [Choose CSet: 0.0 ms]
      [Ref Proc: 2.4 ms]
      [Ref Enq: 0.0 ms]
      [Redirty Cards: 0.6 ms]
      [Humongous Register: 0.0 ms]
      [Humongous Reclaim: 0.0 ms]
      [Free CSet: 0.0 ms]
   [Eden: 14336.0K(17408.0K)->0.0B(16384.0K) Survivors: 4096.0K->3072.0K Heap: 45002.6K(65536.0K)->32943.6K(65536.0K)]
 [Times: user=0.30 sys=0.00, real=0.05 secs] 

2026-06-17T09:48:38.367+0800: 0.568: [GC concurrent-root-region-scan-start]
2026-06-17T09:48:38.367+0800: 0.568: [GC concurrent-root-region-scan-end, 0.0002559 secs]
2026-06-17T09:48:38.367+0800: 0.568: [GC concurrent-mark-start]
2026-06-17T09:48:38.368+0800: 0.569: [GC concurrent-mark-end, 0.0006145 secs]
2026-06-17T09:48:38.368+0800: 0.569: [GC remark 2026-06-17T09:48:38.368+0800: 0.569: [Finalize Marking, 0.0131867 secs] 2026-06-17T09:48:38.382+0800: 0.583: [GC ref-proc, 0.0003681 secs] 2026-06-17T09:48:38.382+0800: 0.583: [Unloading, 0.0022147 secs], 0.0177109 secs]
 [Times: user=0.14 sys=0.01, real=0.02 secs] 
2026-06-17T09:48:38.387+0800: 0.588: [GC cleanup 35407K->26191K(65536K), 0.0030390 secs]
 [Times: user=0.00 sys=0.00, real=0.00 secs] 
2026-06-17T09:48:38.391+0800: 0.592: [GC concurrent-cleanup-start]
2026-06-17T09:48:38.391+0800: 0.592: [GC concurrent-cleanup-end, 0.0000117 secs]

2026-06-17T09:48:38.451+0800: 0.652: [GC pause (G1 Evacuation Pause) (mixed), 0.0114464 secs]
   [Parallel Time: 6.9 ms, GC Workers: 18]
      [GC Worker Start (ms): Min: 652.3, Avg: 653.7, Max: 658.6, Diff: 6.3]
      [Ext Root Scanning (ms): Min: 0.0, Avg: 0.0, Max: 0.2, Diff: 0.2, Sum: 0.4]
      [Update RS (ms): Min: 0.0, Avg: 0.0, Max: 0.0, Diff: 0.0, Sum: 0.0]
         [Processed Buffers: Min: 0, Avg: 0.2, Max: 3, Diff: 3, Sum: 4]
      [Scan RS (ms): Min: 0.0, Avg: 0.0, Max: 0.0, Diff: 0.0, Sum: 0.0]
      [Code Root Scanning (ms): Min: 0.0, Avg: 0.0, Max: 0.0, Diff: 0.0, Sum: 0.0]
      [Object Copy (ms): Min: 0.0, Avg: 0.1, Max: 0.2, Diff: 0.2, Sum: 1.1]
      [Termination (ms): Min: 0.0, Avg: 4.8, Max: 6.1, Diff: 6.1, Sum: 87.0]
         [Termination Attempts: Min: 1, Avg: 2.0, Max: 6, Diff: 5, Sum: 36]
      [GC Worker Other (ms): Min: 0.0, Avg: 0.0, Max: 0.0, Diff: 0.0, Sum: 0.1]
      [GC Worker Total (ms): Min: 0.0, Avg: 4.9, Max: 6.5, Diff: 6.5, Sum: 88.6]
      [GC Worker End (ms): Min: 658.6, Avg: 658.6, Max: 658.8, Diff: 0.2]
   [Code Root Fixup: 0.0 ms]
   [Code Root Purge: 0.0 ms]
   [Clear CT: 1.2 ms]
   [Other: 3.4 ms]
      [Choose CSet: 0.0 ms]
      [Ref Proc: 2.5 ms]
      [Ref Enq: 0.0 ms]
      [Redirty Cards: 0.8 ms]
      [Humongous Register: 0.0 ms]
      [Humongous Reclaim: 0.0 ms]
      [Free CSet: 0.0 ms]
   [Eden: 1024.0K(1024.0K)->0.0B(23552.0K) Survivors: 2048.0K->1024.0K Heap: 28510.6K(65536.0K)->25188.0K(65536.0K)]
 [Times: user=0.12 sys=0.00, real=0.01 secs] 